Using device: cpu
Solved-check: precomputed optimal returns for 25 fixed initial conditions (mean=1011.8, min=1007.0, max=1014.0); solved-tolerance=5.0
Goal box: +-1.800 m (1.5x segment-reachable; segment-reachable displacement = 1.200 m)
tube MPC: W disks of radii (p, v) [0. 0.], RPI s=0 alpha=0; Z radii (p, v) = [0. 0.]
  X0 (-) Z: p_x [-1.000, 11.000], p_y [-1.999, 1.999], ||v|| <= 1.200; V = U (-) KZ: ||u|| <= 2.500; K = [-7.613 -4.585] per axis
  4 obstacles, 132 binaries before fixing, max big-M 9.00; horizon N=10, stopping time 5 steps
num_envs=8 num_steps_per_env=256 batch_size=2048 num_updates=100 timesteps=204800
update=1 global_step=2048 SPS=77 m_ev=-0.000 m_v_bias=41.1 m_kl_max=0.0064 mpc_ms=12.6/141 cand=0.006 return=-192.5 length=200 success_rate=0.00 collisions/ep=0.00 (n=8)
update=2 global_step=4096 SPS=79 m_ev=-0.729 m_v_bias=23.4 m_kl_max=0.0164 mpc_ms=12.1/224 cand=0.019 return=-199.1 length=200 success_rate=0.00 collisions/ep=0.00 (n=8)
update=3 global_step=6144 SPS=71 m_ev=-0.328 m_v_bias=13.9 m_kl_max=0.0422 mpc_ms=16.6/287 cand=0.007 return=-187.4 length=200 success_rate=0.00 collisions/ep=0.00 (n=8)
update=4 global_step=8192 SPS=61 m_ev=-0.193 m_v_bias=5.2 m_kl_max=0.0479 mpc_ms=22.3/243 cand=0.005 return=-172.0 length=200 success_rate=0.00 collisions/ep=0.00 (n=16)
update=5 global_step=10240 SPS=53 m_ev=0.373 m_v_bias=3.3 m_kl_max=0.0485 mpc_ms=28.1/211 cand=0.001 return=-158.2 length=200 success_rate=0.00 collisions/ep=0.00 (n=8)
Evaluation at update 5: return=-145.50, length=200.00, success_rate=0.00, collisions/ep=0.00
Solved-check at update 5: solved=False worst_gap=1178.18 at p_x0=0.50 p_y0=1.00 (consecutive=0)
update=6 global_step=12288 SPS=26 m_ev=0.718 m_v_bias=1.1 m_kl_max=0.0355 mpc_ms=33.7/920 cand=0.000 return=-154.2 length=200 success_rate=0.00 collisions/ep=0.00 (n=8)
update=7 global_step=14336 SPS=26 m_ev=0.851 m_v_bias=0.4 m_kl_max=0.0368 mpc_ms=34.0/248 cand=0.004 w_ax@goal=-1.26 return=-146.8 length=200 success_rate=0.00 collisions/ep=0.00 (n=8)
update=8 global_step=16384 SPS=27 m_ev=0.950 m_v_bias=0.3 m_kl_max=0.0278 mpc_ms=31.2/1108 cand=0.005 w_ax@goal=-0.86 return=-143.8 length=200 success_rate=0.00 collisions/ep=0.00 (n=16)
update=9 global_step=18432 SPS=27 m_ev=0.935 m_v_bias=0.8 m_kl_max=0.0438 mpc_ms=26.5/806 cand=0.000 return=-141.9 length=200 success_rate=0.00 collisions/ep=0.00 (n=8)
update=10 global_step=20480 SPS=28 m_ev=0.962 m_v_bias=0.5 m_kl_max=0.0186 mpc_ms=27.1/299 cand=0.005 return=-144.2 length=200 success_rate=0.00 collisions/ep=0.00 (n=8)
Evaluation at update 10: return=-148.40, length=200.00, success_rate=0.00, collisions/ep=0.00
Solved-check at update 10: solved=False worst_gap=1186.09 at p_x0=1.50 p_y0=1.00 (consecutive=0)
update=11 global_step=22528 SPS=21 m_ev=-0.050 m_v_bias=-72.9 m_kl_max=0.0106 mpc_ms=29.2/864 cand=0.000 w_ax@goal=-0.05 return=-9.0 length=198 success_rate=0.12 collisions/ep=0.00 (n=16)
update=12 global_step=24576 SPS=22 m_ev=-1.642 m_v_bias=10.5 m_kl_max=0.0083 mpc_ms=25.4/255 cand=0.001 return=-143.5 length=200 success_rate=0.00 collisions/ep=0.00 (n=8)
update=13 global_step=26624 SPS=23 m_ev=-0.253 m_v_bias=12.4 m_kl_max=0.0277 mpc_ms=28.5/775 cand=0.000 w_ax@goal=-0.84 return=-136.9 length=200 success_rate=0.00 collisions/ep=0.00 (n=8)
update=14 global_step=28672 SPS=23 m_ev=0.023 m_v_bias=-22.5 m_kl_max=0.0233 mpc_ms=29.9/819 cand=0.001 w_ax@goal=-0.46 return=-31.0 length=196 success_rate=0.10 collisions/ep=0.00 (n=10)
update=15 global_step=30720 SPS=24 m_ev=0.100 m_v_bias=16.7 m_kl_max=0.0231 mpc_ms=28.8/326 cand=0.001 w_ax@goal=-0.56 return=-142.2 length=200 success_rate=0.00 collisions/ep=0.00 (n=14)
Evaluation at update 15: return=-155.64, length=200.00, success_rate=0.00, collisions/ep=0.00
Solved-check at update 15: solved=False worst_gap=1190.06 at p_x0=2.00 p_y0=-0.50 (consecutive=0)
update=16 global_step=32768 SPS=20 m_ev=0.009 m_v_bias=-86.8 m_kl_max=0.0084 mpc_ms=31.3/623 cand=0.000 w_ax@goal=-0.51 return=402.6 length=173 success_rate=0.50 collisions/ep=0.00 (n=8)
update=17 global_step=34816 SPS=21 m_ev=0.287 m_v_bias=-85.2 m_kl_max=0.0088 mpc_ms=26.5/211 cand=0.000 w_ax@goal=+0.31 return=166.7 length=182 success_rate=0.29 collisions/ep=0.00 (n=14)
update=18 global_step=36864 SPS=22 m_ev=0.431 m_v_bias=-75.1 m_kl_max=0.0075 mpc_ms=26.8/233 cand=0.001 w_ax@goal=-0.36 return=399.3 length=174 success_rate=0.50 collisions/ep=0.00 (n=10)
update=19 global_step=38912 SPS=22 m_ev=0.540 m_v_bias=-43.6 m_kl_max=0.0068 mpc_ms=29.6/820 cand=0.001 w_ax@goal=-0.26 return=276.3 length=179 success_rate=0.38 collisions/ep=0.00 (n=13)
update=20 global_step=40960 SPS=22 m_ev=0.603 m_v_bias=20.8 m_kl_max=0.0135 mpc_ms=28.7/214 cand=0.000 w_ax@goal=+0.03 return=246.3 length=174 success_rate=0.36 collisions/ep=0.00 (n=11)
Evaluation at update 20: return=355.71, length=149.35, success_rate=0.45, collisions/ep=0.00
Solved-check at update 20: solved=False worst_gap=1191.07 at p_x0=2.00 p_y0=0.00 (consecutive=0)
update=21 global_step=43008 SPS=21 m_ev=0.703 m_v_bias=-0.4 m_kl_max=0.0146 mpc_ms=27.6/811 cand=0.000 w_ax@goal=-0.17 return=325.3 length=168 success_rate=0.43 collisions/ep=0.00 (n=14)
update=22 global_step=45056 SPS=21 m_ev=0.726 m_v_bias=-73.5 m_kl_max=0.0059 mpc_ms=40.0/709 cand=0.000 w_ax@goal=+0.12 return=510.2 length=168 success_rate=0.60 collisions/ep=0.00 (n=10)
update=23 global_step=47104 SPS=21 m_ev=0.788 m_v_bias=-51.0 m_kl_max=0.0056 mpc_ms=32.6/392 cand=0.000 w_ax@goal=-0.17 return=663.2 length=148 success_rate=0.73 collisions/ep=0.00 (n=15)
update=24 global_step=49152 SPS=22 m_ev=0.674 m_v_bias=29.3 m_kl_max=0.0093 mpc_ms=30.2/217 cand=0.000 w_ax@goal=-0.10 return=283.1 length=173 success_rate=0.38 collisions/ep=0.00 (n=13)
update=25 global_step=51200 SPS=22 m_ev=0.813 m_v_bias=-55.9 m_kl_max=0.0158 mpc_ms=35.1/252 cand=0.001 w_ax@goal=-0.06 return=812.4 length=131 success_rate=0.86 collisions/ep=0.00 (n=14)
Evaluation at update 25: return=240.43, length=158.60, success_rate=0.35, collisions/ep=0.00
Solved-check at update 25: solved=False worst_gap=1191.05 at p_x0=2.00 p_y0=0.00 (consecutive=0)
update=26 global_step=53248 SPS=21 m_ev=0.823 m_v_bias=-40.1 m_kl_max=0.0135 mpc_ms=33.0/231 cand=0.000 w_ax@goal=+0.00 return=794.2 length=145 success_rate=0.86 collisions/ep=0.00 (n=14)
update=27 global_step=55296 SPS=21 m_ev=0.809 m_v_bias=-41.2 m_kl_max=0.0208 mpc_ms=31.9/322 cand=0.000 w_ax@goal=+0.03 return=805.4 length=137 success_rate=0.86 collisions/ep=0.00 (n=14)
update=28 global_step=57344 SPS=21 m_ev=0.856 m_v_bias=-2.9 m_kl_max=0.0187 mpc_ms=33.4/858 cand=0.000 w_ax@goal=-0.01 return=752.6 length=144 success_rate=0.81 collisions/ep=0.00 (n=16)
update=29 global_step=59392 SPS=22 m_ev=0.818 m_v_bias=12.7 m_kl_max=0.0111 mpc_ms=35.6/759 cand=0.000 w_ax@goal=-0.05 return=835.7 length=131 success_rate=0.88 collisions/ep=0.00 (n=17)
update=30 global_step=61440 SPS=22 m_ev=0.784 m_v_bias=-11.0 m_kl_max=0.0086 mpc_ms=35.7/285 cand=0.000 w_ax@goal=-0.12 return=980.9 length=110 success_rate=1.00 collisions/ep=0.00 (n=16)
Evaluation at update 30: return=1006.47, length=82.15, success_rate=1.00, collisions/ep=0.00
Solved-check at update 30: solved=False worst_gap=17.26 at p_x0=2.00 p_y0=-1.00 (consecutive=0)
update=31 global_step=63488 SPS=21 m_ev=0.866 m_v_bias=-4.8 m_kl_max=0.0084 mpc_ms=39.6/898 cand=0.000 w_ax@goal=-0.00 return=913.4 length=119 success_rate=0.94 collisions/ep=0.00 (n=18)
update=32 global_step=65536 SPS=21 m_ev=0.891 m_v_bias=-2.6 m_kl_max=0.0059 mpc_ms=36.6/292 cand=0.000 w_ax@goal=-0.06 return=974.3 length=116 success_rate=1.00 collisions/ep=0.00 (n=18)
update=33 global_step=67584 SPS=21 m_ev=0.913 m_v_bias=-16.2 m_kl_max=0.0068 mpc_ms=38.1/591 cand=0.001 w_ax@goal=+0.01 return=981.5 length=107 success_rate=1.00 collisions/ep=0.00 (n=20)
update=34 global_step=69632 SPS=21 m_ev=0.947 m_v_bias=-20.7 m_kl_max=0.0096 mpc_ms=38.0/205 cand=0.001 w_ax@goal=+0.03 return=990.1 length=101 success_rate=1.00 collisions/ep=0.00 (n=19)
update=35 global_step=71680 SPS=21 m_ev=0.954 m_v_bias=-6.0 m_kl_max=0.0236 mpc_ms=35.7/645 cand=0.000 w_ax@goal=+0.09 return=991.8 length=101 success_rate=1.00 collisions/ep=0.00 (n=22)
Evaluation at update 35: return=1009.07, length=79.60, success_rate=1.00, collisions/ep=0.00
Solved-check at update 35: solved=False worst_gap=6.19 at p_x0=2.00 p_y0=-1.00 (consecutive=0)
update=36 global_step=73728 SPS=21 m_ev=0.911 m_v_bias=4.0 m_kl_max=0.0035 mpc_ms=39.0/617 cand=0.000 w_ax@goal=-0.04 return=987.1 length=104 success_rate=1.00 collisions/ep=0.00 (n=19)
update=37 global_step=75776 SPS=21 m_ev=0.944 m_v_bias=2.3 m_kl_max=0.0089 mpc_ms=37.1/623 cand=0.000 w_ax@goal=+0.01 return=989.3 length=99 success_rate=1.00 collisions/ep=0.00 (n=21)
update=38 global_step=77824 SPS=21 m_ev=0.966 m_v_bias=-4.0 m_kl_max=0.0119 mpc_ms=34.8/499 cand=0.000 w_ax@goal=-0.03 return=995.3 length=97 success_rate=1.00 collisions/ep=0.00 (n=21)
update=39 global_step=79872 SPS=21 m_ev=0.968 m_v_bias=1.0 m_kl_max=0.0120 mpc_ms=37.4/240 cand=0.000 w_ax@goal=+0.06 return=989.8 length=100 success_rate=1.00 collisions/ep=0.00 (n=22)
update=40 global_step=81920 SPS=21 m_ev=0.953 m_v_bias=3.6 m_kl_max=0.0056 mpc_ms=36.3/786 cand=0.000 w_ax@goal=+0.01 return=995.5 length=93 success_rate=1.00 collisions/ep=0.00 (n=21)
Evaluation at update 40: return=1009.36, length=79.35, success_rate=1.00, collisions/ep=0.00
Solved-check at update 40: solved=False worst_gap=5.16 at p_x0=2.00 p_y0=-1.00 (consecutive=0)
update=41 global_step=83968 SPS=21 m_ev=0.967 m_v_bias=-11.2 m_kl_max=0.0029 mpc_ms=35.0/700 cand=0.000 w_ax@goal=-0.03 return=996.2 length=95 success_rate=1.00 collisions/ep=0.00 (n=21)
update=42 global_step=86016 SPS=21 m_ev=0.951 m_v_bias=3.0 m_kl_max=0.0032 mpc_ms=35.7/288 cand=0.000 w_ax@goal=+0.01 return=998.3 length=93 success_rate=1.00 collisions/ep=0.00 (n=22)
update=43 global_step=88064 SPS=21 m_ev=0.962 m_v_bias=-6.0 m_kl_max=0.0301 mpc_ms=37.7/902 cand=0.000 w_ax@goal=-0.06 return=994.9 length=95 success_rate=1.00 collisions/ep=0.00 (n=23)
update=44 global_step=90112 SPS=21 m_ev=0.971 m_v_bias=3.3 m_kl_max=0.0111 mpc_ms=37.3/537 cand=0.000 w_ax@goal=-0.01 return=994.3 length=96 success_rate=1.00 collisions/ep=0.00 (n=20)
update=45 global_step=92160 SPS=21 m_ev=0.978 m_v_bias=-4.3 m_kl_max=0.0041 mpc_ms=47.7/442 cand=0.000 w_ax@goal=-0.03 return=996.7 length=96 success_rate=1.00 collisions/ep=0.00 (n=22)
Evaluation at update 45: return=1008.77, length=79.95, success_rate=1.00, collisions/ep=0.00
Solved-check at update 45: solved=False worst_gap=5.05 at p_x0=0.00 p_y0=-0.50 (consecutive=0)
update=46 global_step=94208 SPS=21 m_ev=0.984 m_v_bias=-4.7 m_kl_max=0.0169 mpc_ms=35.3/227 cand=0.000 w_ax@goal=-0.05 return=1000.4 length=91 success_rate=1.00 collisions/ep=0.00 (n=23)
update=47 global_step=96256 SPS=21 m_ev=0.971 m_v_bias=4.0 m_kl_max=0.0118 mpc_ms=35.3/211 cand=0.000 w_ax@goal=+0.08 return=996.8 length=92 success_rate=1.00 collisions/ep=0.00 (n=23)
update=48 global_step=98304 SPS=21 m_ev=0.983 m_v_bias=0.6 m_kl_max=0.0166 mpc_ms=36.2/247 cand=0.000 w_ax@goal=-0.02 return=1000.3 length=90 success_rate=1.00 collisions/ep=0.00 (n=22)
update=49 global_step=100352 SPS=21 m_ev=0.962 m_v_bias=4.5 m_kl_max=0.0287 mpc_ms=37.9/262 cand=0.000 w_ax@goal=+0.05 return=996.9 length=94 success_rate=1.00 collisions/ep=0.00 (n=22)
update=50 global_step=102400 SPS=21 m_ev=0.982 m_v_bias=-12.3 m_kl_max=0.0077 mpc_ms=33.9/197 cand=0.000 w_ax@goal=-0.01 return=998.6 length=92 success_rate=1.00 collisions/ep=0.00 (n=22)
Evaluation at update 50: return=1008.93, length=79.80, success_rate=1.00, collisions/ep=0.00
Solved-check at update 50: solved=True worst_gap=4.05 at p_x0=0.00 p_y0=0.00 (consecutive=0)
update=51 global_step=104448 SPS=21 m_ev=0.981 m_v_bias=2.2 m_kl_max=0.0143 mpc_ms=35.4/745 cand=0.000 w_ax@goal=+0.01 return=1000.5 length=89 success_rate=1.00 collisions/ep=0.00 (n=23)
update=52 global_step=106496 SPS=21 m_ev=0.980 m_v_bias=-0.7 m_kl_max=0.0284 mpc_ms=36.0/308 cand=0.000 w_ax@goal=+0.04 return=1001.1 length=88 success_rate=1.00 collisions/ep=0.00 (n=23)
update=53 global_step=108544 SPS=21 m_ev=0.981 m_v_bias=-1.1 m_kl_max=0.0063 mpc_ms=36.3/703 cand=0.000 w_ax@goal=-0.01 return=998.9 length=91 success_rate=1.00 collisions/ep=0.00 (n=22)
update=54 global_step=110592 SPS=21 m_ev=0.983 m_v_bias=-3.3 m_kl_max=0.0110 mpc_ms=34.8/740 cand=0.000 w_ax@goal=-0.02 return=1001.2 length=91 success_rate=1.00 collisions/ep=0.00 (n=23)
update=55 global_step=112640 SPS=21 m_ev=0.986 m_v_bias=-6.5 m_kl_max=0.0032 mpc_ms=35.6/670 cand=0.000 w_ax@goal=-0.04 return=1003.6 length=87 success_rate=1.00 collisions/ep=0.00 (n=23)
Evaluation at update 55: return=1009.58, length=79.15, success_rate=1.00, collisions/ep=0.00
Solved-check at update 55: solved=True worst_gap=4.04 at p_x0=0.00 p_y0=-0.50 (consecutive=1)
Solved criterion held for 2 consecutive evals (tolerance=5.0) at global_step=112640.
update=56 global_step=114688 SPS=21 m_ev=0.987 m_v_bias=-2.8 m_kl_max=0.0058 mpc_ms=35.0/839 cand=0.000 w_ax@goal=-0.02 return=1002.8 length=92 success_rate=1.00 collisions/ep=0.00 (n=23)
update=57 global_step=116736 SPS=21 m_ev=0.983 m_v_bias=3.5 m_kl_max=0.0050 mpc_ms=33.8/275 cand=0.000 w_ax@goal=-0.00 return=1001.8 length=90 success_rate=1.00 collisions/ep=0.00 (n=22)
update=58 global_step=118784 SPS=21 m_ev=0.992 m_v_bias=-3.4 m_kl_max=0.0073 mpc_ms=34.5/300 cand=0.000 w_ax@goal=+0.00 return=1003.9 length=86 success_rate=1.00 collisions/ep=0.00 (n=25)
update=59 global_step=120832 SPS=21 m_ev=0.981 m_v_bias=7.7 m_kl_max=0.0144 mpc_ms=36.2/273 cand=0.000 w_ax@goal=-0.03 return=1001.3 length=89 success_rate=1.00 collisions/ep=0.00 (n=23)
update=60 global_step=122880 SPS=21 m_ev=0.967 m_v_bias=4.9 m_kl_max=0.0138 mpc_ms=35.5/235 cand=0.000 w_ax@goal=+0.05 return=999.8 length=90 success_rate=1.00 collisions/ep=0.00 (n=23)
Evaluation at update 60: return=1009.49, length=79.25, success_rate=1.00, collisions/ep=0.00
Solved-check at update 60: solved=False worst_gap=5.14 at p_x0=2.00 p_y0=-1.00 (consecutive=2)
update=61 global_step=124928 SPS=21 m_ev=0.987 m_v_bias=-7.5 m_kl_max=0.0316 mpc_ms=33.1/255 cand=0.000 w_ax@goal=+0.01 return=1004.1 length=87 success_rate=1.00 collisions/ep=0.00 (n=23)
update=62 global_step=126976 SPS=21 m_ev=0.988 m_v_bias=-2.8 m_kl_max=0.0070 mpc_ms=34.7/240 cand=0.000 w_ax@goal=-0.01 return=1004.4 length=86 success_rate=1.00 collisions/ep=0.00 (n=22)
update=63 global_step=129024 SPS=21 m_ev=0.987 m_v_bias=3.0 m_kl_max=0.0049 mpc_ms=36.6/832 cand=0.000 w_ax@goal=-0.01 return=1003.5 length=89 success_rate=1.00 collisions/ep=0.00 (n=24)
update=64 global_step=131072 SPS=21 m_ev=0.958 m_v_bias=6.6 m_kl_max=0.0065 mpc_ms=33.7/708 cand=0.000 w_ax@goal=-0.09 return=1000.9 length=91 success_rate=1.00 collisions/ep=0.00 (n=23)
update=65 global_step=133120 SPS=21 m_ev=0.981 m_v_bias=-0.2 m_kl_max=0.0157 mpc_ms=36.6/501 cand=0.000 w_ax@goal=-0.07 return=1000.4 length=89 success_rate=1.00 collisions/ep=0.00 (n=23)
Evaluation at update 65: return=1009.34, length=79.40, success_rate=1.00, collisions/ep=0.00
Solved-check at update 65: solved=True worst_gap=4.03 at p_x0=0.00 p_y0=-0.50 (consecutive=0)
update=66 global_step=135168 SPS=21 m_ev=0.989 m_v_bias=-3.9 m_kl_max=0.0085 mpc_ms=36.2/242 cand=0.000 w_ax@goal=-0.03 return=1003.2 length=87 success_rate=1.00 collisions/ep=0.00 (n=23)
update=67 global_step=137216 SPS=21 m_ev=0.989 m_v_bias=-5.4 m_kl_max=0.0121 mpc_ms=36.4/257 cand=0.000 w_ax@goal=-0.04 return=1004.3 length=87 success_rate=1.00 collisions/ep=0.00 (n=24)
update=68 global_step=139264 SPS=21 m_ev=0.991 m_v_bias=-1.6 m_kl_max=0.0222 mpc_ms=34.3/236 cand=0.000 w_ax@goal=+0.01 return=1003.5 length=87 success_rate=1.00 collisions/ep=0.00 (n=24)
update=69 global_step=141312 SPS=21 m_ev=0.966 m_v_bias=8.1 m_kl_max=0.0260 mpc_ms=37.1/258 cand=0.000 w_ax@goal=-0.01 return=1002.6 length=88 success_rate=1.00 collisions/ep=0.00 (n=23)
update=70 global_step=143360 SPS=21 m_ev=0.973 m_v_bias=1.1 m_kl_max=0.0068 mpc_ms=37.3/277 cand=0.000 w_ax@goal=-0.01 return=999.7 length=89 success_rate=1.00 collisions/ep=0.00 (n=22)
Evaluation at update 70: return=1009.74, length=79.00, success_rate=1.00, collisions/ep=0.00
Solved-check at update 70: solved=True worst_gap=3.05 at p_x0=0.00 p_y0=0.00 (consecutive=1)
update=71 global_step=145408 SPS=21 m_ev=0.987 m_v_bias=-0.2 m_kl_max=0.0083 mpc_ms=37.9/265 cand=0.000 w_ax@goal=+0.00 return=1002.7 length=85 success_rate=1.00 collisions/ep=0.00 (n=25)
update=72 global_step=147456 SPS=21 m_ev=0.989 m_v_bias=-4.7 m_kl_max=0.0112 mpc_ms=36.2/279 cand=0.000 w_ax@goal=-0.02 return=1003.6 length=87 success_rate=1.00 collisions/ep=0.00 (n=23)
update=73 global_step=149504 SPS=21 m_ev=0.993 m_v_bias=-0.6 m_kl_max=0.0119 mpc_ms=35.1/304 cand=0.000 w_ax@goal=-0.03 return=1004.7 length=86 success_rate=1.00 collisions/ep=0.00 (n=23)
update=74 global_step=151552 SPS=21 m_ev=0.976 m_v_bias=4.2 m_kl_max=0.0189 mpc_ms=35.6/281 cand=0.000 w_ax@goal=-0.02 return=1003.0 length=88 success_rate=1.00 collisions/ep=0.00 (n=23)
update=75 global_step=153600 SPS=21 m_ev=0.972 m_v_bias=-1.3 m_kl_max=0.0047 mpc_ms=34.6/244 cand=0.000 w_ax@goal=+0.01 return=1001.9 length=89 success_rate=1.00 collisions/ep=0.00 (n=25)
Evaluation at update 75: return=1009.44, length=79.30, success_rate=1.00, collisions/ep=0.00
Solved-check at update 75: solved=True worst_gap=4.04 at p_x0=0.00 p_y0=-0.50 (consecutive=2)
update=76 global_step=155648 SPS=21 m_ev=0.993 m_v_bias=-4.5 m_kl_max=0.0205 mpc_ms=34.0/202 cand=0.000 w_ax@goal=+0.04 return=1005.0 length=86 success_rate=1.00 collisions/ep=0.00 (n=24)
update=77 global_step=157696 SPS=21 m_ev=0.988 m_v_bias=1.4 m_kl_max=0.0149 mpc_ms=34.5/708 cand=0.000 w_ax@goal=-0.00 return=1004.2 length=88 success_rate=1.00 collisions/ep=0.00 (n=23)
update=78 global_step=159744 SPS=21 m_ev=0.984 m_v_bias=0.6 m_kl_max=0.0115 mpc_ms=36.6/331 cand=0.000 w_ax@goal=-0.02 return=1004.1 length=87 success_rate=1.00 collisions/ep=0.00 (n=24)
update=79 global_step=161792 SPS=21 m_ev=0.992 m_v_bias=-5.5 m_kl_max=0.0043 mpc_ms=34.2/189 cand=0.000 w_ax@goal=-0.06 return=1005.3 length=88 success_rate=1.00 collisions/ep=0.00 (n=23)
update=80 global_step=163840 SPS=21 m_ev=0.981 m_v_bias=6.3 m_kl_max=0.0116 mpc_ms=35.2/330 cand=0.000 w_ax@goal=-0.00 return=1005.0 length=87 success_rate=1.00 collisions/ep=0.00 (n=22)
Evaluation at update 80: return=1009.89, length=78.85, success_rate=1.00, collisions/ep=0.00
Solved-check at update 80: solved=True worst_gap=3.05 at p_x0=0.00 p_y0=0.00 (consecutive=3)
update=81 global_step=165888 SPS=21 m_ev=0.994 m_v_bias=-5.5 m_kl_max=0.0066 mpc_ms=35.7/239 cand=0.000 w_ax@goal=-0.02 return=1004.3 length=88 success_rate=1.00 collisions/ep=0.00 (n=24)
update=82 global_step=167936 SPS=21 m_ev=0.982 m_v_bias=0.1 m_kl_max=0.0091 mpc_ms=36.3/730 cand=0.000 w_ax@goal=+0.01 return=1004.7 length=85 success_rate=1.00 collisions/ep=0.00 (n=24)
update=83 global_step=169984 SPS=21 m_ev=0.978 m_v_bias=3.9 m_kl_max=0.0144 mpc_ms=36.1/826 cand=0.000 w_ax@goal=+0.00 return=1003.7 length=87 success_rate=1.00 collisions/ep=0.00 (n=22)
update=84 global_step=172032 SPS=21 m_ev=0.979 m_v_bias=1.2 m_kl_max=0.0115 mpc_ms=34.9/260 cand=0.000 w_ax@goal=-0.03 return=1003.5 length=88 success_rate=1.00 collisions/ep=0.00 (n=24)
update=85 global_step=174080 SPS=21 m_ev=0.989 m_v_bias=-6.6 m_kl_max=0.0041 mpc_ms=35.0/241 cand=0.000 w_ax@goal=-0.00 return=1004.3 length=88 success_rate=1.00 collisions/ep=0.00 (n=24)
Evaluation at update 85: return=1010.19, length=78.55, success_rate=1.00, collisions/ep=0.00
Solved-check at update 85: solved=True worst_gap=3.03 at p_x0=0.50 p_y0=-0.50 (consecutive=4)
update=86 global_step=176128 SPS=21 m_ev=0.987 m_v_bias=0.3 m_kl_max=0.0084 mpc_ms=35.9/272 cand=0.000 w_ax@goal=+0.01 return=1004.8 length=87 success_rate=1.00 collisions/ep=0.00 (n=23)
update=87 global_step=178176 SPS=21 m_ev=0.983 m_v_bias=1.2 m_kl_max=0.0055 mpc_ms=38.3/374 cand=0.000 w_ax@goal=-0.03 return=1003.6 length=86 success_rate=1.00 collisions/ep=0.00 (n=25)
update=88 global_step=180224 SPS=21 m_ev=0.992 m_v_bias=-3.4 m_kl_max=0.0090 mpc_ms=34.8/859 cand=0.000 w_ax@goal=+0.02 return=1004.7 length=87 success_rate=1.00 collisions/ep=0.00 (n=24)
update=89 global_step=182272 SPS=21 m_ev=0.992 m_v_bias=-5.2 m_kl_max=0.0056 mpc_ms=36.7/773 cand=0.000 w_ax@goal=-0.05 return=1005.8 length=85 success_rate=1.00 collisions/ep=0.00 (n=24)
update=90 global_step=184320 SPS=21 m_ev=0.996 m_v_bias=-1.8 m_kl_max=0.0131 mpc_ms=33.3/177 cand=0.000 w_ax@goal=-0.03 return=1006.9 length=84 success_rate=1.00 collisions/ep=0.00 (n=24)
Evaluation at update 90: return=1009.89, length=78.85, success_rate=1.00, collisions/ep=0.00
Solved-check at update 90: solved=True worst_gap=3.05 at p_x0=0.00 p_y0=0.00 (consecutive=5)
update=91 global_step=186368 SPS=21 m_ev=0.990 m_v_bias=-0.2 m_kl_max=0.0060 mpc_ms=46.9/475 cand=0.000 w_ax@goal=-0.03 return=1006.2 length=85 success_rate=1.00 collisions/ep=0.00 (n=24)
update=92 global_step=188416 SPS=21 m_ev=0.991 m_v_bias=1.4 m_kl_max=0.0039 mpc_ms=36.0/294 cand=0.000 w_ax@goal=-0.03 return=1005.9 length=82 success_rate=1.00 collisions/ep=0.00 (n=25)
update=93 global_step=190464 SPS=21 m_ev=0.989 m_v_bias=-1.4 m_kl_max=0.0038 mpc_ms=37.0/386 cand=0.000 w_ax@goal=-0.01 return=1006.3 length=85 success_rate=1.00 collisions/ep=0.00 (n=24)
update=94 global_step=192512 SPS=21 m_ev=0.991 m_v_bias=1.6 m_kl_max=0.0133 mpc_ms=39.3/335 cand=0.000 w_ax@goal=+0.00 return=1006.4 length=84 success_rate=1.00 collisions/ep=0.00 (n=24)
update=95 global_step=194560 SPS=21 m_ev=0.990 m_v_bias=2.2 m_kl_max=0.0060 mpc_ms=35.3/569 cand=0.000 w_ax@goal=+0.01 return=1007.1 length=85 success_rate=1.00 collisions/ep=0.00 (n=24)
Evaluation at update 95: return=1010.34, length=78.40, success_rate=1.00, collisions/ep=0.00
Solved-check at update 95: solved=True worst_gap=3.03 at p_x0=0.00 p_y0=-0.50 (consecutive=6)
update=96 global_step=196608 SPS=21 m_ev=0.990 m_v_bias=0.6 m_kl_max=0.0151 mpc_ms=37.3/251 cand=0.000 w_ax@goal=+0.00 return=1006.1 length=85 success_rate=1.00 collisions/ep=0.00 (n=24)
update=97 global_step=198656 SPS=21 m_ev=0.979 m_v_bias=6.8 m_kl_max=0.0082 mpc_ms=35.3/260 cand=0.000 w_ax@goal=-0.02 return=1005.2 length=86 success_rate=1.00 collisions/ep=0.00 (n=24)
update=98 global_step=200704 SPS=21 m_ev=0.995 m_v_bias=-6.7 m_kl_max=0.0040 mpc_ms=33.9/229 cand=0.000 w_ax@goal=-0.02 return=1006.2 length=86 success_rate=1.00 collisions/ep=0.00 (n=24)
update=99 global_step=202752 SPS=21 m_ev=0.985 m_v_bias=6.7 m_kl_max=0.0052 mpc_ms=37.3/856 cand=0.000 w_ax@goal=-0.03 return=1005.0 length=86 success_rate=1.00 collisions/ep=0.00 (n=24)
update=100 global_step=204800 SPS=21 m_ev=0.987 m_v_bias=-7.9 m_kl_max=0.0108 mpc_ms=34.6/192 cand=0.000 w_ax@goal=-0.01 return=1007.5 length=82 success_rate=1.00 collisions/ep=0.00 (n=24)
Evaluation at update 100: return=1010.44, length=78.30, success_rate=1.00, collisions/ep=0.00
Solved-check at update 100: solved=True worst_gap=2.05 at p_x0=0.00 p_y0=0.00 (consecutive=7)
Saved checkpoints to C:\Users\loren\Desktop\MASTER THESIS\5_CODE\scenarios\slalom\studies\init_sampler\ppo_mpc_uniform\runs\ppo_mpc_slalom_4_1791245833
