Using device: cpu
Solved-check: precomputed optimal returns for 25 fixed initial conditions (mean=1011.8, min=1007.0, max=1014.0); solved-tolerance=5.0
Goal box: +-1.800 m (1.5x segment-reachable; segment-reachable displacement = 1.200 m)
tube MPC: W disks of radii (p, v) [0. 0.], RPI s=0 alpha=0; Z radii (p, v) = [0. 0.]
  X0 (-) Z: p_x [-1.000, 11.000], p_y [-1.999, 1.999], ||v|| <= 1.200; V = U (-) KZ: ||u|| <= 2.500; K = [-7.613 -4.585] per axis
  4 obstacles, 132 binaries before fixing, max big-M 9.00; horizon N=10, stopping time 5 steps
num_envs=8 num_steps_per_env=256 batch_size=2048 num_updates=100 timesteps=204800
update=1 global_step=2048 SPS=77 m_ev=-0.002 m_v_bias=42.6 m_kl_max=0.0035 mpc_ms=12.6/305 cand=0.002 return=-196.1 length=200 success_rate=0.00 collisions/ep=0.00 (n=8)
update=2 global_step=4096 SPS=62 m_ev=-0.853 m_v_bias=22.6 m_kl_max=0.0110 mpc_ms=18.7/185 cand=0.007 return=-180.0 length=200 success_rate=0.00 collisions/ep=0.00 (n=8)
update=3 global_step=6144 SPS=62 m_ev=-0.058 m_v_bias=11.4 m_kl_max=0.0317 mpc_ms=15.9/263 cand=0.024 return=-190.4 length=200 success_rate=0.00 collisions/ep=0.00 (n=8)
update=4 global_step=8192 SPS=58 m_ev=0.045 m_v_bias=4.6 m_kl_max=0.0435 mpc_ms=19.8/718 cand=0.007 return=-169.0 length=200 success_rate=0.00 collisions/ep=0.00 (n=16)
update=5 global_step=10240 SPS=54 m_ev=0.203 m_v_bias=4.7 m_kl_max=0.0584 mpc_ms=23.7/368 cand=0.001 return=-167.7 length=200 success_rate=0.00 collisions/ep=0.00 (n=8)
Evaluation at update 5: return=-138.98, length=200.00, success_rate=0.00, collisions/ep=0.00
Solved-check at update 5: solved=False worst_gap=1174.20 at p_x0=0.00 p_y0=1.00 (consecutive=0)
update=6 global_step=12288 SPS=27 m_ev=0.528 m_v_bias=-1.4 m_kl_max=0.0485 mpc_ms=31.5/918 cand=0.000 return=-159.3 length=200 success_rate=0.00 collisions/ep=0.00 (n=8)
update=7 global_step=14336 SPS=28 m_ev=0.819 m_v_bias=0.2 m_kl_max=0.0348 mpc_ms=30.9/353 cand=0.000 return=-148.6 length=200 success_rate=0.00 collisions/ep=0.00 (n=8)
update=8 global_step=16384 SPS=29 m_ev=0.921 m_v_bias=1.2 m_kl_max=0.0280 mpc_ms=27.4/218 cand=0.001 return=-143.7 length=200 success_rate=0.00 collisions/ep=0.00 (n=16)
update=9 global_step=18432 SPS=29 m_ev=0.935 m_v_bias=-0.0 m_kl_max=0.0299 mpc_ms=32.3/722 cand=0.000 w_ax@goal=-1.32 return=-139.8 length=200 success_rate=0.00 collisions/ep=0.00 (n=8)
update=10 global_step=20480 SPS=30 m_ev=-0.029 m_v_bias=-25.2 m_kl_max=0.0207 mpc_ms=26.7/689 cand=0.000 w_ax@goal=-0.59 return=-11.3 length=197 success_rate=0.12 collisions/ep=0.00 (n=8)
Evaluation at update 10: return=-140.43, length=200.00, success_rate=0.00, collisions/ep=0.00
Solved-check at update 10: solved=False worst_gap=1182.10 at p_x0=1.00 p_y0=1.00 (consecutive=0)
update=11 global_step=22528 SPS=24 m_ev=0.036 m_v_bias=-31.1 m_kl_max=0.0121 mpc_ms=23.9/321 cand=0.005 w_ax@goal=-0.55 return=-77.1 length=199 success_rate=0.06 collisions/ep=0.00 (n=16)
update=12 global_step=24576 SPS=24 m_ev=0.124 m_v_bias=-87.6 m_kl_max=0.0069 mpc_ms=31.1/398 cand=0.000 w_ax@goal=-0.30 return=262.1 length=187 success_rate=0.38 collisions/ep=0.00 (n=8)
update=13 global_step=26624 SPS=25 m_ev=0.200 m_v_bias=-27.5 m_kl_max=0.0178 mpc_ms=31.2/792 cand=0.000 w_ax@goal=-0.42 return=103.4 length=186 success_rate=0.22 collisions/ep=0.00 (n=9)
update=14 global_step=28672 SPS=25 m_ev=0.313 m_v_bias=-97.8 m_kl_max=0.0193 mpc_ms=28.6/661 cand=0.000 w_ax@goal=-0.14 return=221.4 length=185 success_rate=0.33 collisions/ep=0.00 (n=15)
update=15 global_step=30720 SPS=26 m_ev=0.562 m_v_bias=-144.1 m_kl_max=0.0169 mpc_ms=31.2/339 cand=0.000 w_ax@goal=+0.01 return=866.4 length=141 success_rate=0.92 collisions/ep=0.00 (n=12)
Evaluation at update 15: return=-141.93, length=200.00, success_rate=0.00, collisions/ep=0.00
Solved-check at update 15: solved=False worst_gap=1187.07 at p_x0=2.00 p_y0=-1.00 (consecutive=0)
update=16 global_step=32768 SPS=21 m_ev=0.676 m_v_bias=-0.1 m_kl_max=0.0213 mpc_ms=28.1/668 cand=0.000 w_ax@goal=-0.20 return=470.3 length=186 success_rate=0.58 collisions/ep=0.00 (n=12)
update=17 global_step=34816 SPS=22 m_ev=0.748 m_v_bias=-5.0 m_kl_max=0.0041 mpc_ms=25.9/675 cand=0.000 w_ax@goal=-0.03 return=580.0 length=164 success_rate=0.67 collisions/ep=0.00 (n=12)
update=18 global_step=36864 SPS=22 m_ev=0.754 m_v_bias=0.4 m_kl_max=0.0066 mpc_ms=30.9/646 cand=0.000 w_ax@goal=-0.12 return=454.7 length=166 success_rate=0.55 collisions/ep=0.00 (n=11)
update=19 global_step=38912 SPS=23 m_ev=0.722 m_v_bias=-23.5 m_kl_max=0.0095 mpc_ms=29.8/225 cand=0.002 w_ax@goal=+0.06 return=438.2 length=170 success_rate=0.54 collisions/ep=0.00 (n=13)
update=20 global_step=40960 SPS=23 m_ev=0.787 m_v_bias=-18.6 m_kl_max=0.0086 mpc_ms=29.3/319 cand=0.003 w_ax@goal=+0.03 return=810.3 length=143 success_rate=0.87 collisions/ep=0.00 (n=15)
Evaluation at update 20: return=183.46, length=166.00, success_rate=0.30, collisions/ep=0.00
Solved-check at update 20: solved=False worst_gap=1191.05 at p_x0=2.00 p_y0=0.00 (consecutive=0)
update=21 global_step=43008 SPS=22 m_ev=0.854 m_v_bias=-42.5 m_kl_max=0.0202 mpc_ms=31.8/653 cand=0.001 w_ax@goal=+0.07 return=798.6 length=143 success_rate=0.86 collisions/ep=0.00 (n=14)
update=22 global_step=45056 SPS=22 m_ev=0.767 m_v_bias=-4.9 m_kl_max=0.0117 mpc_ms=31.2/801 cand=0.000 w_ax@goal=-0.03 return=826.5 length=132 success_rate=0.88 collisions/ep=0.00 (n=16)
update=23 global_step=47104 SPS=22 m_ev=0.831 m_v_bias=-1.2 m_kl_max=0.0185 mpc_ms=28.8/643 cand=0.000 w_ax@goal=-0.10 return=834.7 length=127 success_rate=0.88 collisions/ep=0.00 (n=16)
update=24 global_step=49152 SPS=22 m_ev=0.873 m_v_bias=-28.2 m_kl_max=0.0103 mpc_ms=31.6/612 cand=0.000 w_ax@goal=-0.12 return=810.2 length=138 success_rate=0.86 collisions/ep=0.00 (n=14)
update=25 global_step=51200 SPS=23 m_ev=0.880 m_v_bias=-20.0 m_kl_max=0.0123 mpc_ms=33.3/269 cand=0.000 w_ax@goal=+0.10 return=908.3 length=127 success_rate=0.94 collisions/ep=0.00 (n=18)
Evaluation at update 25: return=1006.53, length=85.60, success_rate=1.00, collisions/ep=0.00
Solved-check at update 25: solved=False worst_gap=18.27 at p_x0=2.00 p_y0=-1.00 (consecutive=0)
update=26 global_step=53248 SPS=22 m_ev=0.852 m_v_bias=3.5 m_kl_max=0.0077 mpc_ms=32.4/466 cand=0.000 w_ax@goal=-0.03 return=978.8 length=113 success_rate=1.00 collisions/ep=0.00 (n=17)
update=27 global_step=55296 SPS=22 m_ev=0.912 m_v_bias=-1.8 m_kl_max=0.0177 mpc_ms=32.5/695 cand=0.000 w_ax@goal=+0.11 return=981.6 length=110 success_rate=1.00 collisions/ep=0.00 (n=20)
update=28 global_step=57344 SPS=22 m_ev=0.935 m_v_bias=-13.7 m_kl_max=0.0143 mpc_ms=30.9/187 cand=0.000 w_ax@goal=+0.04 return=983.3 length=108 success_rate=1.00 collisions/ep=0.00 (n=19)
update=29 global_step=59392 SPS=22 m_ev=0.923 m_v_bias=6.3 m_kl_max=0.0205 mpc_ms=34.5/840 cand=0.000 w_ax@goal=+0.07 return=987.2 length=104 success_rate=1.00 collisions/ep=0.00 (n=17)
update=30 global_step=61440 SPS=23 m_ev=0.909 m_v_bias=-4.9 m_kl_max=0.0108 mpc_ms=30.9/868 cand=0.000 w_ax@goal=-0.00 return=982.5 length=109 success_rate=1.00 collisions/ep=0.00 (n=21)
Evaluation at update 30: return=1007.83, length=84.35, success_rate=1.00, collisions/ep=0.00
Solved-check at update 30: solved=False worst_gap=6.12 at p_x0=0.00 p_y0=-0.50 (consecutive=0)
update=31 global_step=63488 SPS=22 m_ev=0.950 m_v_bias=-12.6 m_kl_max=0.0070 mpc_ms=31.7/250 cand=0.000 w_ax@goal=-0.06 return=990.7 length=102 success_rate=1.00 collisions/ep=0.00 (n=21)
update=32 global_step=65536 SPS=22 m_ev=0.948 m_v_bias=2.3 m_kl_max=0.0096 mpc_ms=33.4/847 cand=0.000 w_ax@goal=+0.01 return=993.2 length=97 success_rate=1.00 collisions/ep=0.00 (n=20)
update=33 global_step=67584 SPS=22 m_ev=0.968 m_v_bias=-16.1 m_kl_max=0.0069 mpc_ms=31.9/214 cand=0.000 w_ax@goal=+0.02 return=994.6 length=96 success_rate=1.00 collisions/ep=0.00 (n=22)
update=34 global_step=69632 SPS=22 m_ev=0.973 m_v_bias=-1.4 m_kl_max=0.0031 mpc_ms=32.5/216 cand=0.000 w_ax@goal=-0.03 return=998.6 length=91 success_rate=1.00 collisions/ep=0.00 (n=24)
update=35 global_step=71680 SPS=23 m_ev=0.937 m_v_bias=15.0 m_kl_max=0.0057 mpc_ms=32.6/488 cand=0.000 w_ax@goal=+0.02 return=991.8 length=97 success_rate=1.00 collisions/ep=0.00 (n=20)
Evaluation at update 35: return=1008.87, length=83.35, success_rate=1.00, collisions/ep=0.00
Solved-check at update 35: solved=False worst_gap=5.08 at p_x0=0.00 p_y0=-0.50 (consecutive=0)
update=36 global_step=73728 SPS=22 m_ev=0.974 m_v_bias=-11.0 m_kl_max=0.0243 mpc_ms=33.5/203 cand=0.000 w_ax@goal=+0.01 return=996.9 length=94 success_rate=1.00 collisions/ep=0.00 (n=23)
update=37 global_step=75776 SPS=22 m_ev=0.950 m_v_bias=0.4 m_kl_max=0.0079 mpc_ms=34.2/274 cand=0.000 w_ax@goal=+0.06 return=996.1 length=93 success_rate=1.00 collisions/ep=0.00 (n=21)
update=38 global_step=77824 SPS=22 m_ev=0.975 m_v_bias=-10.5 m_kl_max=0.0047 mpc_ms=31.0/758 cand=0.000 w_ax@goal=-0.04 return=999.6 length=92 success_rate=1.00 collisions/ep=0.00 (n=23)
update=39 global_step=79872 SPS=23 m_ev=0.964 m_v_bias=10.7 m_kl_max=0.0043 mpc_ms=34.1/679 cand=0.000 w_ax@goal=-0.00 return=994.5 length=95 success_rate=1.00 collisions/ep=0.00 (n=21)
update=40 global_step=81920 SPS=23 m_ev=0.981 m_v_bias=-11.7 m_kl_max=0.0256 mpc_ms=30.3/205 cand=0.000 w_ax@goal=-0.00 return=999.1 length=89 success_rate=1.00 collisions/ep=0.00 (n=23)
Evaluation at update 40: return=1009.44, length=82.80, success_rate=1.00, collisions/ep=0.00
Solved-check at update 40: solved=True worst_gap=4.06 at p_x0=0.00 p_y0=-0.50 (consecutive=0)
update=41 global_step=83968 SPS=22 m_ev=0.975 m_v_bias=-1.2 m_kl_max=0.0089 mpc_ms=33.1/252 cand=0.000 w_ax@goal=+0.02 return=998.5 length=94 success_rate=1.00 collisions/ep=0.00 (n=22)
update=42 global_step=86016 SPS=22 m_ev=0.956 m_v_bias=7.7 m_kl_max=0.0031 mpc_ms=31.6/258 cand=0.000 w_ax@goal=-0.06 return=996.0 length=96 success_rate=1.00 collisions/ep=0.00 (n=22)
update=43 global_step=88064 SPS=22 m_ev=0.932 m_v_bias=-3.8 m_kl_max=0.0085 mpc_ms=33.6/250 cand=0.000 w_ax@goal=-0.09 return=996.1 length=93 success_rate=1.00 collisions/ep=0.00 (n=21)
update=44 global_step=90112 SPS=23 m_ev=0.984 m_v_bias=-13.6 m_kl_max=0.0102 mpc_ms=31.5/210 cand=0.000 w_ax@goal=+0.01 return=1001.1 length=90 success_rate=1.00 collisions/ep=0.00 (n=23)
update=45 global_step=92160 SPS=23 m_ev=0.977 m_v_bias=3.4 m_kl_max=0.0055 mpc_ms=30.1/191 cand=0.000 w_ax@goal=+0.01 return=999.2 length=92 success_rate=1.00 collisions/ep=0.00 (n=22)
Evaluation at update 45: return=1008.95, length=83.30, success_rate=1.00, collisions/ep=0.00
Solved-check at update 45: solved=True worst_gap=4.06 at p_x0=0.00 p_y0=0.00 (consecutive=1)
Solved criterion held for 2 consecutive evals (tolerance=5.0) at global_step=92160.
update=46 global_step=94208 SPS=22 m_ev=0.983 m_v_bias=-4.0 m_kl_max=0.0067 mpc_ms=31.1/237 cand=0.000 w_ax@goal=-0.01 return=1001.8 length=89 success_rate=1.00 collisions/ep=0.00 (n=24)
update=47 global_step=96256 SPS=22 m_ev=0.981 m_v_bias=1.8 m_kl_max=0.0069 mpc_ms=33.5/547 cand=0.000 w_ax@goal=-0.06 return=1000.1 length=92 success_rate=1.00 collisions/ep=0.00 (n=23)
update=48 global_step=98304 SPS=23 m_ev=0.985 m_v_bias=-3.7 m_kl_max=0.0089 mpc_ms=30.7/369 cand=0.000 w_ax@goal=+0.04 return=1001.0 length=90 success_rate=1.00 collisions/ep=0.00 (n=22)
update=49 global_step=100352 SPS=23 m_ev=0.971 m_v_bias=5.9 m_kl_max=0.0097 mpc_ms=31.3/216 cand=0.000 w_ax@goal=+0.00 return=999.8 length=92 success_rate=1.00 collisions/ep=0.00 (n=22)
update=50 global_step=102400 SPS=23 m_ev=0.983 m_v_bias=-8.5 m_kl_max=0.0087 mpc_ms=32.0/728 cand=0.000 w_ax@goal=+0.02 return=1001.6 length=89 success_rate=1.00 collisions/ep=0.00 (n=22)
Evaluation at update 50: return=1008.85, length=83.40, success_rate=1.00, collisions/ep=0.00
Solved-check at update 50: solved=False worst_gap=5.04 at p_x0=0.00 p_y0=-0.50 (consecutive=2)
update=51 global_step=104448 SPS=22 m_ev=0.984 m_v_bias=-3.3 m_kl_max=0.0044 mpc_ms=30.4/176 cand=0.000 w_ax@goal=-0.02 return=1003.5 length=89 success_rate=1.00 collisions/ep=0.00 (n=23)
update=52 global_step=106496 SPS=23 m_ev=0.990 m_v_bias=3.4 m_kl_max=0.0125 mpc_ms=31.8/239 cand=0.000 w_ax@goal=+0.03 return=1002.6 length=89 success_rate=1.00 collisions/ep=0.00 (n=23)
update=53 global_step=108544 SPS=23 m_ev=0.991 m_v_bias=0.5 m_kl_max=0.0316 mpc_ms=31.8/370 cand=0.000 w_ax@goal=-0.01 return=1002.1 length=91 success_rate=1.00 collisions/ep=0.00 (n=23)
update=54 global_step=110592 SPS=23 m_ev=0.988 m_v_bias=-3.2 m_kl_max=0.0051 mpc_ms=31.2/269 cand=0.000 w_ax@goal=-0.01 return=1004.0 length=85 success_rate=1.00 collisions/ep=0.00 (n=25)
update=55 global_step=112640 SPS=23 m_ev=0.979 m_v_bias=9.6 m_kl_max=0.0068 mpc_ms=32.5/246 cand=0.000 w_ax@goal=+0.03 return=999.1 length=91 success_rate=1.00 collisions/ep=0.00 (n=23)
Evaluation at update 55: return=1009.76, length=82.50, success_rate=1.00, collisions/ep=0.00
Solved-check at update 55: solved=True worst_gap=4.04 at p_x0=0.00 p_y0=-0.50 (consecutive=0)
update=56 global_step=114688 SPS=22 m_ev=0.979 m_v_bias=-5.7 m_kl_max=0.0151 mpc_ms=32.5/271 cand=0.000 w_ax@goal=+0.00 return=1001.2 length=89 success_rate=1.00 collisions/ep=0.00 (n=24)
update=57 global_step=116736 SPS=23 m_ev=0.976 m_v_bias=0.2 m_kl_max=0.0032 mpc_ms=33.4/744 cand=0.000 w_ax@goal=+0.00 return=1001.2 length=88 success_rate=1.00 collisions/ep=0.00 (n=20)
update=58 global_step=118784 SPS=23 m_ev=0.983 m_v_bias=3.5 m_kl_max=0.0143 mpc_ms=31.3/622 cand=0.000 w_ax@goal=-0.03 return=1001.1 length=88 success_rate=1.00 collisions/ep=0.00 (n=24)
update=59 global_step=120832 SPS=23 m_ev=0.990 m_v_bias=-7.7 m_kl_max=0.0218 mpc_ms=31.8/581 cand=0.000 w_ax@goal=-0.01 return=1002.3 length=88 success_rate=1.00 collisions/ep=0.00 (n=24)
update=60 global_step=122880 SPS=23 m_ev=0.988 m_v_bias=-0.4 m_kl_max=0.0171 mpc_ms=32.9/234 cand=0.000 w_ax@goal=+0.05 return=1003.4 length=88 success_rate=1.00 collisions/ep=0.00 (n=23)
Evaluation at update 60: return=1009.76, length=82.50, success_rate=1.00, collisions/ep=0.00
Solved-check at update 60: solved=True worst_gap=3.04 at p_x0=0.50 p_y0=0.00 (consecutive=1)
update=61 global_step=124928 SPS=23 m_ev=0.990 m_v_bias=-4.3 m_kl_max=0.0107 mpc_ms=31.1/285 cand=0.000 w_ax@goal=+0.02 return=1005.1 length=86 success_rate=1.00 collisions/ep=0.00 (n=24)
update=62 global_step=126976 SPS=23 m_ev=0.965 m_v_bias=4.5 m_kl_max=0.0130 mpc_ms=32.3/763 cand=0.000 w_ax@goal=+0.06 return=1003.6 length=87 success_rate=1.00 collisions/ep=0.00 (n=23)
update=63 global_step=129024 SPS=23 m_ev=0.975 m_v_bias=-1.6 m_kl_max=0.0123 mpc_ms=33.1/211 cand=0.000 w_ax@goal=+0.01 return=1001.3 length=88 success_rate=1.00 collisions/ep=0.00 (n=23)
update=64 global_step=131072 SPS=23 m_ev=0.966 m_v_bias=5.9 m_kl_max=0.0094 mpc_ms=31.0/219 cand=0.000 w_ax@goal=-0.01 return=1004.1 length=86 success_rate=1.00 collisions/ep=0.00 (n=24)
update=65 global_step=133120 SPS=23 m_ev=0.983 m_v_bias=-1.6 m_kl_max=0.0077 mpc_ms=32.3/235 cand=0.000 w_ax@goal=-0.01 return=1001.3 length=89 success_rate=1.00 collisions/ep=0.00 (n=23)
Evaluation at update 65: return=1009.86, length=82.40, success_rate=1.00, collisions/ep=0.00
Solved-check at update 65: solved=True worst_gap=4.03 at p_x0=0.00 p_y0=-0.50 (consecutive=2)
update=66 global_step=135168 SPS=23 m_ev=0.991 m_v_bias=-10.1 m_kl_max=0.0134 mpc_ms=32.9/261 cand=0.000 w_ax@goal=-0.03 return=1003.7 length=87 success_rate=1.00 collisions/ep=0.00 (n=23)
update=67 global_step=137216 SPS=23 m_ev=0.996 m_v_bias=-2.3 m_kl_max=0.0054 mpc_ms=30.1/225 cand=0.000 w_ax@goal=+0.02 return=1005.2 length=87 success_rate=1.00 collisions/ep=0.00 (n=24)
update=68 global_step=139264 SPS=23 m_ev=0.982 m_v_bias=8.6 m_kl_max=0.0077 mpc_ms=32.8/239 cand=0.000 w_ax@goal=-0.03 return=1003.3 length=88 success_rate=1.00 collisions/ep=0.00 (n=23)
update=69 global_step=141312 SPS=23 m_ev=0.992 m_v_bias=-2.6 m_kl_max=0.0034 mpc_ms=31.0/153 cand=0.000 w_ax@goal=+0.00 return=1005.5 length=85 success_rate=1.00 collisions/ep=0.00 (n=24)
update=70 global_step=143360 SPS=23 m_ev=0.989 m_v_bias=4.3 m_kl_max=0.0112 mpc_ms=30.3/338 cand=0.000 w_ax@goal=+0.04 return=1003.6 length=88 success_rate=1.00 collisions/ep=0.00 (n=24)
Evaluation at update 70: return=1010.21, length=82.05, success_rate=1.00, collisions/ep=0.00
Solved-check at update 70: solved=False worst_gap=5.14 at p_x0=2.00 p_y0=-1.00 (consecutive=3)
update=71 global_step=145408 SPS=23 m_ev=0.982 m_v_bias=0.6 m_kl_max=0.0045 mpc_ms=31.8/611 cand=0.000 w_ax@goal=-0.03 return=1004.2 length=89 success_rate=1.00 collisions/ep=0.00 (n=24)
update=72 global_step=147456 SPS=23 m_ev=0.984 m_v_bias=-1.8 m_kl_max=0.0047 mpc_ms=33.2/254 cand=0.000 w_ax@goal=-0.02 return=1004.1 length=88 success_rate=1.00 collisions/ep=0.00 (n=21)
update=73 global_step=149504 SPS=23 m_ev=0.989 m_v_bias=-5.0 m_kl_max=0.0217 mpc_ms=30.3/176 cand=0.000 w_ax@goal=-0.01 return=1004.9 length=85 success_rate=1.00 collisions/ep=0.00 (n=26)
update=74 global_step=151552 SPS=23 m_ev=0.995 m_v_bias=-1.5 m_kl_max=0.0145 mpc_ms=32.0/768 cand=0.000 w_ax@goal=+0.01 return=1007.1 length=85 success_rate=1.00 collisions/ep=0.00 (n=23)
update=75 global_step=153600 SPS=23 m_ev=0.977 m_v_bias=8.1 m_kl_max=0.0073 mpc_ms=33.0/213 cand=0.000 w_ax@goal=+0.01 return=1003.2 length=89 success_rate=1.00 collisions/ep=0.00 (n=24)
Evaluation at update 75: return=1010.17, length=82.10, success_rate=1.00, collisions/ep=0.00
Solved-check at update 75: solved=False worst_gap=5.14 at p_x0=2.00 p_y0=-1.00 (consecutive=0)
update=76 global_step=155648 SPS=23 m_ev=0.988 m_v_bias=-3.9 m_kl_max=0.0263 mpc_ms=32.7/288 cand=0.000 w_ax@goal=+0.01 return=1005.0 length=87 success_rate=1.00 collisions/ep=0.00 (n=22)
update=77 global_step=157696 SPS=23 m_ev=0.994 m_v_bias=-3.2 m_kl_max=0.0175 mpc_ms=30.7/774 cand=0.000 w_ax@goal=-0.04 return=1004.8 length=87 success_rate=1.00 collisions/ep=0.00 (n=25)
update=78 global_step=159744 SPS=23 m_ev=0.988 m_v_bias=-0.2 m_kl_max=0.0116 mpc_ms=32.3/240 cand=0.000 w_ax@goal=-0.01 return=1005.5 length=85 success_rate=1.00 collisions/ep=0.00 (n=24)
update=79 global_step=161792 SPS=23 m_ev=0.989 m_v_bias=0.4 m_kl_max=0.0092 mpc_ms=33.6/536 cand=0.000 w_ax@goal=-0.00 return=1005.5 length=85 success_rate=1.00 collisions/ep=0.00 (n=24)
update=80 global_step=163840 SPS=23 m_ev=0.995 m_v_bias=-4.2 m_kl_max=0.0149 mpc_ms=31.2/199 cand=0.000 w_ax@goal=+0.03 return=1006.5 length=86 success_rate=1.00 collisions/ep=0.00 (n=23)
Evaluation at update 80: return=1010.62, length=81.65, success_rate=1.00, collisions/ep=0.00
Solved-check at update 80: solved=False worst_gap=6.14 at p_x0=2.00 p_y0=-1.00 (consecutive=0)
update=81 global_step=165888 SPS=23 m_ev=0.976 m_v_bias=4.0 m_kl_max=0.0097 mpc_ms=32.0/227 cand=0.000 w_ax@goal=+0.00 return=1004.8 length=88 success_rate=1.00 collisions/ep=0.00 (n=24)
update=82 global_step=167936 SPS=23 m_ev=0.978 m_v_bias=-1.7 m_kl_max=0.0059 mpc_ms=33.6/277 cand=0.000 w_ax@goal=-0.01 return=1006.4 length=85 success_rate=1.00 collisions/ep=0.00 (n=23)
update=83 global_step=169984 SPS=23 m_ev=0.985 m_v_bias=-4.9 m_kl_max=0.0081 mpc_ms=32.9/221 cand=0.000 w_ax@goal=-0.01 return=1003.0 length=86 success_rate=1.00 collisions/ep=0.00 (n=25)
update=84 global_step=172032 SPS=23 m_ev=0.990 m_v_bias=-2.1 m_kl_max=0.0052 mpc_ms=31.6/211 cand=0.000 w_ax@goal=-0.02 return=1006.2 length=84 success_rate=1.00 collisions/ep=0.00 (n=25)
update=85 global_step=174080 SPS=23 m_ev=0.991 m_v_bias=-1.4 m_kl_max=0.0044 mpc_ms=32.5/285 cand=0.000 w_ax@goal=+0.00 return=1007.1 length=85 success_rate=1.00 collisions/ep=0.00 (n=24)
Evaluation at update 85: return=1010.67, length=81.60, success_rate=1.00, collisions/ep=0.00
Solved-check at update 85: solved=False worst_gap=5.15 at p_x0=2.00 p_y0=-1.00 (consecutive=0)
update=86 global_step=176128 SPS=23 m_ev=0.987 m_v_bias=1.1 m_kl_max=0.0108 mpc_ms=31.8/207 cand=0.000 w_ax@goal=+0.01 return=1005.6 length=86 success_rate=1.00 collisions/ep=0.00 (n=23)
update=87 global_step=178176 SPS=23 m_ev=0.995 m_v_bias=-3.9 m_kl_max=0.0099 mpc_ms=31.2/190 cand=0.000 w_ax@goal=-0.04 return=1006.3 length=85 success_rate=1.00 collisions/ep=0.00 (n=24)
update=88 global_step=180224 SPS=23 m_ev=0.980 m_v_bias=4.8 m_kl_max=0.0054 mpc_ms=30.0/247 cand=0.000 w_ax@goal=-0.00 return=1004.5 length=87 success_rate=1.00 collisions/ep=0.00 (n=24)
update=89 global_step=182272 SPS=23 m_ev=0.987 m_v_bias=-3.3 m_kl_max=0.0037 mpc_ms=31.0/578 cand=0.000 w_ax@goal=-0.00 return=1004.2 length=85 success_rate=1.00 collisions/ep=0.00 (n=25)
update=90 global_step=184320 SPS=23 m_ev=0.981 m_v_bias=0.1 m_kl_max=0.0093 mpc_ms=28.8/255 cand=0.000 w_ax@goal=+0.02 return=1004.7 length=84 success_rate=1.00 collisions/ep=0.00 (n=23)
Evaluation at update 90: return=1010.77, length=81.50, success_rate=1.00, collisions/ep=0.00
Solved-check at update 90: solved=True worst_gap=2.04 at p_x0=0.00 p_y0=0.50 (consecutive=0)
update=91 global_step=186368 SPS=23 m_ev=0.992 m_v_bias=-3.6 m_kl_max=0.0052 mpc_ms=34.3/311 cand=0.000 w_ax@goal=-0.01 return=1006.4 length=86 success_rate=1.00 collisions/ep=0.00 (n=24)
update=92 global_step=188416 SPS=23 m_ev=0.976 m_v_bias=4.0 m_kl_max=0.0084 mpc_ms=50.9/363 cand=0.000 w_ax@goal=+0.00 return=1004.4 length=86 success_rate=1.00 collisions/ep=0.00 (n=24)
update=93 global_step=190464 SPS=23 m_ev=0.996 m_v_bias=-6.6 m_kl_max=0.0112 mpc_ms=45.1/397 cand=0.000 w_ax@goal=+0.02 return=1006.5 length=86 success_rate=1.00 collisions/ep=0.00 (n=24)
update=94 global_step=192512 SPS=23 m_ev=0.993 m_v_bias=-0.4 m_kl_max=0.0111 mpc_ms=44.4/300 cand=0.000 w_ax@goal=-0.04 return=1007.1 length=81 success_rate=1.00 collisions/ep=0.00 (n=24)
update=95 global_step=194560 SPS=23 m_ev=0.994 m_v_bias=1.3 m_kl_max=0.0083 mpc_ms=44.1/820 cand=0.000 w_ax@goal=+0.00 return=1007.4 length=84 success_rate=1.00 collisions/ep=0.00 (n=26)
Evaluation at update 95: return=1010.87, length=81.40, success_rate=1.00, collisions/ep=0.00
Solved-check at update 95: solved=False worst_gap=5.14 at p_x0=2.00 p_y0=-1.00 (consecutive=1)
update=96 global_step=196608 SPS=22 m_ev=0.991 m_v_bias=1.8 m_kl_max=0.0017 mpc_ms=43.7/251 cand=0.000 w_ax@goal=-0.01 return=1007.3 length=82 success_rate=1.00 collisions/ep=0.00 (n=23)
update=97 global_step=198656 SPS=22 m_ev=0.991 m_v_bias=3.1 m_kl_max=0.0054 mpc_ms=42.9/298 cand=0.000 w_ax@goal=-0.03 return=1006.8 length=87 success_rate=1.00 collisions/ep=0.00 (n=24)
update=98 global_step=200704 SPS=22 m_ev=0.989 m_v_bias=-0.9 m_kl_max=0.0086 mpc_ms=43.3/246 cand=0.000 w_ax@goal=-0.01 return=1006.3 length=83 success_rate=1.00 collisions/ep=0.00 (n=25)
update=99 global_step=202752 SPS=22 m_ev=0.988 m_v_bias=3.4 m_kl_max=0.0129 mpc_ms=45.7/1196 cand=0.000 w_ax@goal=-0.05 return=1007.2 length=84 success_rate=1.00 collisions/ep=0.00 (n=24)
update=100 global_step=204800 SPS=22 m_ev=0.986 m_v_bias=-1.4 m_kl_max=0.0051 mpc_ms=40.8/226 cand=0.000 w_ax@goal=-0.01 return=1005.6 length=85 success_rate=1.00 collisions/ep=0.00 (n=25)
Evaluation at update 100: return=1010.82, length=81.45, success_rate=1.00, collisions/ep=0.00
Solved-check at update 100: solved=True worst_gap=2.04 at p_x0=0.00 p_y0=0.00 (consecutive=0)
Saved checkpoints to C:\Users\loren\Desktop\MASTER THESIS\5_CODE\scenarios\slalom\studies\init_sampler\ppo_mpc_uniform\runs\ppo_mpc_slalom_20_1791265608
