Using device: cpu
Solved-check: precomputed optimal returns for 25 fixed initial conditions (mean=1011.8, min=1007.0, max=1014.0); solved-tolerance=5.0
Goal box: +-1.800 m (1.5x segment-reachable; segment-reachable displacement = 1.200 m)
tube MPC: W disks of radii (p, v) [0. 0.], RPI s=0 alpha=0; Z radii (p, v) = [0. 0.]
  X0 (-) Z: p_x [-1.000, 11.000], p_y [-1.999, 1.999], ||v|| <= 1.200; V = U (-) KZ: ||u|| <= 2.500; K = [-7.613 -4.585] per axis
  4 obstacles, 132 binaries before fixing, max big-M 9.00; horizon N=10, stopping time 5 steps
num_envs=8 num_steps_per_env=256 batch_size=2048 num_updates=100 timesteps=204800
update=1 global_step=2048 SPS=89 m_ev=0.005 m_v_bias=41.5 m_kl_max=0.0053 mpc_ms=10.9/233 cand=0.024 return=-191.7 length=200 success_rate=0.00 collisions/ep=0.00 (n=8)
update=2 global_step=4096 SPS=78 m_ev=-0.692 m_v_bias=22.4 m_kl_max=0.0056 mpc_ms=13.9/199 cand=0.006 return=-196.5 length=200 success_rate=0.00 collisions/ep=0.00 (n=8)
update=3 global_step=6144 SPS=66 m_ev=-0.013 m_v_bias=14.1 m_kl_max=0.0350 mpc_ms=19.8/221 cand=0.009 return=-174.6 length=200 success_rate=0.00 collisions/ep=0.00 (n=8)
update=4 global_step=8192 SPS=60 m_ev=-0.194 m_v_bias=4.5 m_kl_max=0.0424 mpc_ms=20.3/317 cand=0.011 return=-179.0 length=200 success_rate=0.00 collisions/ep=0.00 (n=16)
update=5 global_step=10240 SPS=54 m_ev=0.072 m_v_bias=4.3 m_kl_max=0.0975 mpc_ms=24.8/442 cand=0.006 return=-163.4 length=200 success_rate=0.00 collisions/ep=0.00 (n=8)
Evaluation at update 5: return=-147.75, length=200.00, success_rate=0.00, collisions/ep=0.00
Solved-check at update 5: solved=False worst_gap=1187.08 at p_x0=2.00 p_y0=-1.00 (consecutive=0)
update=6 global_step=12288 SPS=27 m_ev=0.530 m_v_bias=-0.1 m_kl_max=0.0664 mpc_ms=29.6/831 cand=0.006 return=-156.3 length=200 success_rate=0.00 collisions/ep=0.00 (n=8)
update=7 global_step=14336 SPS=27 m_ev=0.695 m_v_bias=0.7 m_kl_max=0.0340 mpc_ms=32.4/257 cand=0.000 return=-152.8 length=200 success_rate=0.00 collisions/ep=0.00 (n=8)
update=8 global_step=16384 SPS=28 m_ev=0.912 m_v_bias=-0.8 m_kl_max=0.0306 mpc_ms=24.7/243 cand=0.000 return=-145.1 length=200 success_rate=0.00 collisions/ep=0.00 (n=16)
update=9 global_step=18432 SPS=28 m_ev=0.908 m_v_bias=-1.1 m_kl_max=0.0243 mpc_ms=34.4/837 cand=0.001 w_ax@goal=-0.81 return=-136.0 length=200 success_rate=0.00 collisions/ep=0.00 (n=8)
update=10 global_step=20480 SPS=29 m_ev=-0.025 m_v_bias=-85.1 m_kl_max=0.0168 mpc_ms=30.2/678 cand=0.000 w_ax@goal=-0.09 return=217.4 length=190 success_rate=0.33 collisions/ep=0.00 (n=9)
Evaluation at update 10: return=-141.86, length=200.00, success_rate=0.00, collisions/ep=0.00
Solved-check at update 10: solved=False worst_gap=1161.20 at p_x0=2.00 p_y0=0.00 (consecutive=0)
update=11 global_step=22528 SPS=23 m_ev=-1.571 m_v_bias=10.1 m_kl_max=0.0072 mpc_ms=27.6/1078 cand=0.002 w_ax@goal=-1.23 return=-138.6 length=200 success_rate=0.00 collisions/ep=0.00 (n=15)
update=12 global_step=24576 SPS=24 m_ev=0.063 m_v_bias=-99.0 m_kl_max=0.0201 mpc_ms=31.0/927 cand=0.000 w_ax@goal=-0.07 return=345.0 length=172 success_rate=0.44 collisions/ep=0.00 (n=9)
update=13 global_step=26624 SPS=24 m_ev=-0.056 m_v_bias=33.6 m_kl_max=0.0407 mpc_ms=29.5/669 cand=0.000 w_ax@goal=-0.68 return=-129.9 length=200 success_rate=0.00 collisions/ep=0.00 (n=8)
update=14 global_step=28672 SPS=25 m_ev=0.220 m_v_bias=-60.0 m_kl_max=0.0173 mpc_ms=25.2/224 cand=0.001 w_ax@goal=-0.43 return=163.3 length=184 success_rate=0.29 collisions/ep=0.00 (n=14)
update=15 global_step=30720 SPS=25 m_ev=0.465 m_v_bias=-102.3 m_kl_max=0.0101 mpc_ms=29.9/882 cand=0.000 w_ax@goal=-0.18 return=495.6 length=165 success_rate=0.58 collisions/ep=0.00 (n=12)
Evaluation at update 15: return=238.21, length=161.35, success_rate=0.35, collisions/ep=0.00
Solved-check at update 15: solved=False worst_gap=1191.07 at p_x0=2.00 p_y0=0.00 (consecutive=0)
update=16 global_step=32768 SPS=23 m_ev=0.565 m_v_bias=24.7 m_kl_max=0.0052 mpc_ms=25.7/345 cand=0.000 w_ax@goal=+0.01 return=162.2 length=179 success_rate=0.27 collisions/ep=0.00 (n=11)
update=17 global_step=34816 SPS=24 m_ev=0.659 m_v_bias=-36.7 m_kl_max=0.0180 mpc_ms=31.8/923 cand=0.000 w_ax@goal=-0.24 return=306.5 length=172 success_rate=0.42 collisions/ep=0.00 (n=12)
update=18 global_step=36864 SPS=24 m_ev=0.681 m_v_bias=-46.9 m_kl_max=0.0015 mpc_ms=31.2/800 cand=0.003 w_ax@goal=-0.11 return=477.4 length=166 success_rate=0.57 collisions/ep=0.00 (n=14)
update=19 global_step=38912 SPS=24 m_ev=0.686 m_v_bias=4.5 m_kl_max=0.0130 mpc_ms=30.1/549 cand=0.000 w_ax@goal=-0.08 return=661.4 length=148 success_rate=0.73 collisions/ep=0.00 (n=11)
update=20 global_step=40960 SPS=24 m_ev=0.812 m_v_bias=-73.0 m_kl_max=0.0072 mpc_ms=35.8/733 cand=0.000 w_ax@goal=+0.05 return=640.2 length=152 success_rate=0.71 collisions/ep=0.00 (n=17)
Evaluation at update 20: return=415.21, length=143.50, success_rate=0.50, collisions/ep=0.00
Solved-check at update 20: solved=False worst_gap=1191.05 at p_x0=2.00 p_y0=0.00 (consecutive=0)
update=21 global_step=43008 SPS=21 m_ev=0.829 m_v_bias=-24.5 m_kl_max=0.0078 mpc_ms=35.8/726 cand=0.000 w_ax@goal=+0.06 return=834.9 length=129 success_rate=0.88 collisions/ep=0.00 (n=16)
update=22 global_step=45056 SPS=21 m_ev=0.847 m_v_bias=-6.3 m_kl_max=0.0314 mpc_ms=35.9/544 cand=0.000 w_ax@goal=-0.08 return=956.9 length=132 success_rate=1.00 collisions/ep=0.00 (n=15)
update=23 global_step=47104 SPS=22 m_ev=0.877 m_v_bias=-20.0 m_kl_max=0.0075 mpc_ms=37.7/485 cand=0.000 w_ax@goal=-0.17 return=895.2 length=124 success_rate=0.93 collisions/ep=0.00 (n=15)
update=24 global_step=49152 SPS=22 m_ev=0.845 m_v_bias=-8.4 m_kl_max=0.0160 mpc_ms=37.7/661 cand=0.000 w_ax@goal=+0.06 return=911.8 length=123 success_rate=0.94 collisions/ep=0.00 (n=18)
update=25 global_step=51200 SPS=22 m_ev=0.826 m_v_bias=25.5 m_kl_max=0.0156 mpc_ms=32.7/244 cand=0.000 w_ax@goal=-0.18 return=903.7 length=123 success_rate=0.94 collisions/ep=0.00 (n=16)
Evaluation at update 25: return=1005.11, length=84.10, success_rate=1.00, collisions/ep=0.00
Solved-check at update 25: solved=False worst_gap=21.24 at p_x0=2.00 p_y0=-0.50 (consecutive=0)
update=26 global_step=53248 SPS=21 m_ev=0.911 m_v_bias=-27.6 m_kl_max=0.0211 mpc_ms=46.2/1028 cand=0.000 w_ax@goal=-0.00 return=980.9 length=110 success_rate=1.00 collisions/ep=0.00 (n=20)
update=27 global_step=55296 SPS=21 m_ev=0.906 m_v_bias=0.2 m_kl_max=0.0063 mpc_ms=37.0/224 cand=0.000 w_ax@goal=-0.05 return=977.2 length=116 success_rate=1.00 collisions/ep=0.00 (n=18)
update=28 global_step=57344 SPS=21 m_ev=0.895 m_v_bias=10.9 m_kl_max=0.0145 mpc_ms=40.4/780 cand=0.000 w_ax@goal=-0.16 return=984.2 length=106 success_rate=1.00 collisions/ep=0.00 (n=17)
update=29 global_step=59392 SPS=21 m_ev=0.913 m_v_bias=-16.5 m_kl_max=0.0077 mpc_ms=36.0/267 cand=0.000 w_ax@goal=+0.07 return=983.2 length=107 success_rate=1.00 collisions/ep=0.00 (n=21)
update=30 global_step=61440 SPS=21 m_ev=0.906 m_v_bias=17.0 m_kl_max=0.0227 mpc_ms=35.8/221 cand=0.000 w_ax@goal=+0.13 return=989.5 length=100 success_rate=1.00 collisions/ep=0.00 (n=19)
Evaluation at update 30: return=1007.63, length=81.65, success_rate=1.00, collisions/ep=0.00
Solved-check at update 30: solved=False worst_gap=6.11 at p_x0=0.00 p_y0=-0.50 (consecutive=0)
update=31 global_step=63488 SPS=21 m_ev=0.939 m_v_bias=-8.9 m_kl_max=0.0273 mpc_ms=37.8/821 cand=0.000 w_ax@goal=+0.01 return=980.6 length=109 success_rate=1.00 collisions/ep=0.00 (n=20)
update=32 global_step=65536 SPS=21 m_ev=0.956 m_v_bias=-4.9 m_kl_max=0.0078 mpc_ms=35.8/229 cand=0.000 w_ax@goal=-0.07 return=992.8 length=99 success_rate=1.00 collisions/ep=0.00 (n=22)
update=33 global_step=67584 SPS=21 m_ev=0.937 m_v_bias=-6.9 m_kl_max=0.0049 mpc_ms=37.6/270 cand=0.000 w_ax@goal=-0.09 return=993.4 length=97 success_rate=1.00 collisions/ep=0.00 (n=20)
update=34 global_step=69632 SPS=21 m_ev=0.976 m_v_bias=-5.4 m_kl_max=0.0063 mpc_ms=38.1/229 cand=0.000 w_ax@goal=+0.03 return=996.7 length=92 success_rate=1.00 collisions/ep=0.00 (n=23)
update=35 global_step=71680 SPS=21 m_ev=0.961 m_v_bias=8.8 m_kl_max=0.0065 mpc_ms=35.6/312 cand=0.000 w_ax@goal=+0.01 return=994.4 length=95 success_rate=1.00 collisions/ep=0.00 (n=22)
Evaluation at update 35: return=1008.72, length=80.60, success_rate=1.00, collisions/ep=0.00
Solved-check at update 35: solved=False worst_gap=5.15 at p_x0=2.00 p_y0=-1.00 (consecutive=0)
update=36 global_step=73728 SPS=21 m_ev=0.973 m_v_bias=2.2 m_kl_max=0.0085 mpc_ms=35.1/296 cand=0.000 w_ax@goal=+0.04 return=995.6 length=96 success_rate=1.00 collisions/ep=0.00 (n=19)
update=37 global_step=75776 SPS=21 m_ev=0.971 m_v_bias=-2.3 m_kl_max=0.0109 mpc_ms=37.6/743 cand=0.000 w_ax@goal=+0.02 return=997.7 length=93 success_rate=1.00 collisions/ep=0.00 (n=24)
update=38 global_step=77824 SPS=21 m_ev=0.940 m_v_bias=3.5 m_kl_max=0.0276 mpc_ms=35.9/247 cand=0.000 w_ax@goal=-0.01 return=994.7 length=93 success_rate=1.00 collisions/ep=0.00 (n=22)
update=39 global_step=79872 SPS=21 m_ev=0.933 m_v_bias=0.9 m_kl_max=0.0270 mpc_ms=36.6/654 cand=0.000 w_ax@goal=-0.08 return=997.5 length=92 success_rate=1.00 collisions/ep=0.00 (n=22)
update=40 global_step=81920 SPS=21 m_ev=0.964 m_v_bias=-3.9 m_kl_max=0.0193 mpc_ms=37.1/249 cand=0.000 w_ax@goal=-0.05 return=993.1 length=97 success_rate=1.00 collisions/ep=0.00 (n=21)
Evaluation at update 40: return=1009.03, length=80.30, success_rate=1.00, collisions/ep=0.00
Solved-check at update 40: solved=False worst_gap=5.15 at p_x0=2.00 p_y0=-1.00 (consecutive=0)
update=41 global_step=83968 SPS=21 m_ev=0.968 m_v_bias=-1.6 m_kl_max=0.0169 mpc_ms=36.0/302 cand=0.000 w_ax@goal=-0.00 return=999.4 length=90 success_rate=1.00 collisions/ep=0.00 (n=22)
update=42 global_step=86016 SPS=21 m_ev=0.985 m_v_bias=-7.4 m_kl_max=0.0056 mpc_ms=37.1/643 cand=0.000 w_ax@goal=+0.04 return=1000.1 length=91 success_rate=1.00 collisions/ep=0.00 (n=24)
update=43 global_step=88064 SPS=21 m_ev=0.987 m_v_bias=-1.9 m_kl_max=0.0054 mpc_ms=34.7/950 cand=0.000 w_ax@goal=-0.01 return=1000.7 length=87 success_rate=1.00 collisions/ep=0.00 (n=23)
update=44 global_step=90112 SPS=21 m_ev=0.974 m_v_bias=1.1 m_kl_max=0.0130 mpc_ms=34.5/296 cand=0.000 w_ax@goal=-0.01 return=1000.4 length=92 success_rate=1.00 collisions/ep=0.00 (n=23)
update=45 global_step=92160 SPS=21 m_ev=0.988 m_v_bias=-6.3 m_kl_max=0.0076 mpc_ms=35.3/618 cand=0.000 w_ax@goal=-0.02 return=1002.3 length=90 success_rate=1.00 collisions/ep=0.00 (n=20)
Evaluation at update 45: return=1009.29, length=80.05, success_rate=1.00, collisions/ep=0.00
Solved-check at update 45: solved=False worst_gap=6.15 at p_x0=2.00 p_y0=-1.00 (consecutive=0)
update=46 global_step=94208 SPS=21 m_ev=0.975 m_v_bias=4.7 m_kl_max=0.0220 mpc_ms=35.9/303 cand=0.000 w_ax@goal=+0.07 return=1001.0 length=89 success_rate=1.00 collisions/ep=0.00 (n=24)
update=47 global_step=96256 SPS=21 m_ev=0.968 m_v_bias=2.8 m_kl_max=0.0202 mpc_ms=35.1/274 cand=0.000 w_ax@goal=-0.00 return=1001.1 length=89 success_rate=1.00 collisions/ep=0.00 (n=23)
update=48 global_step=98304 SPS=21 m_ev=0.977 m_v_bias=2.1 m_kl_max=0.0144 mpc_ms=46.7/1131 cand=0.000 w_ax@goal=-0.01 return=998.0 length=94 success_rate=1.00 collisions/ep=0.00 (n=24)
update=49 global_step=100352 SPS=21 m_ev=0.985 m_v_bias=-7.5 m_kl_max=0.0181 mpc_ms=34.8/274 cand=0.000 w_ax@goal=+0.05 return=1002.6 length=88 success_rate=1.00 collisions/ep=0.00 (n=24)
update=50 global_step=102400 SPS=21 m_ev=0.960 m_v_bias=12.8 m_kl_max=0.0112 mpc_ms=35.8/251 cand=0.000 w_ax@goal=-0.01 return=998.2 length=96 success_rate=1.00 collisions/ep=0.00 (n=18)
Evaluation at update 50: return=1008.59, length=80.75, success_rate=1.00, collisions/ep=0.00
Solved-check at update 50: solved=False worst_gap=5.04 at p_x0=0.00 p_y0=-0.50 (consecutive=0)
update=51 global_step=104448 SPS=21 m_ev=0.986 m_v_bias=-8.5 m_kl_max=0.0078 mpc_ms=34.4/236 cand=0.000 w_ax@goal=-0.03 return=1000.9 length=92 success_rate=1.00 collisions/ep=0.00 (n=24)
update=52 global_step=106496 SPS=21 m_ev=0.972 m_v_bias=7.5 m_kl_max=0.0286 mpc_ms=38.0/233 cand=0.000 w_ax@goal=-0.02 return=998.2 length=92 success_rate=1.00 collisions/ep=0.00 (n=23)
update=53 global_step=108544 SPS=21 m_ev=0.974 m_v_bias=-0.2 m_kl_max=0.0201 mpc_ms=37.5/965 cand=0.000 w_ax@goal=+0.04 return=1001.4 length=88 success_rate=1.00 collisions/ep=0.00 (n=21)
update=54 global_step=110592 SPS=21 m_ev=0.978 m_v_bias=-0.3 m_kl_max=0.0077 mpc_ms=34.0/213 cand=0.000 w_ax@goal=+0.01 return=999.0 length=93 success_rate=1.00 collisions/ep=0.00 (n=21)
update=55 global_step=112640 SPS=21 m_ev=0.991 m_v_bias=-3.8 m_kl_max=0.0070 mpc_ms=35.8/851 cand=0.000 w_ax@goal=+0.02 return=1002.1 length=88 success_rate=1.00 collisions/ep=0.00 (n=24)
Evaluation at update 55: return=1009.54, length=79.80, success_rate=1.00, collisions/ep=0.00
Solved-check at update 55: solved=True worst_gap=4.04 at p_x0=0.00 p_y0=-0.50 (consecutive=0)
update=56 global_step=114688 SPS=21 m_ev=0.994 m_v_bias=-3.2 m_kl_max=0.0030 mpc_ms=34.7/220 cand=0.000 w_ax@goal=-0.03 return=1003.5 length=87 success_rate=1.00 collisions/ep=0.00 (n=23)
update=57 global_step=116736 SPS=21 m_ev=0.988 m_v_bias=2.9 m_kl_max=0.0217 mpc_ms=34.0/247 cand=0.000 w_ax@goal=+0.03 return=1003.4 length=88 success_rate=1.00 collisions/ep=0.00 (n=24)
update=58 global_step=118784 SPS=21 m_ev=0.976 m_v_bias=4.1 m_kl_max=0.0105 mpc_ms=37.3/221 cand=0.000 w_ax@goal=-0.02 return=1001.1 length=90 success_rate=1.00 collisions/ep=0.00 (n=23)
update=59 global_step=120832 SPS=21 m_ev=0.978 m_v_bias=4.9 m_kl_max=0.0179 mpc_ms=34.1/255 cand=0.000 w_ax@goal=+0.00 return=1000.5 length=91 success_rate=1.00 collisions/ep=0.00 (n=24)
update=60 global_step=122880 SPS=21 m_ev=0.981 m_v_bias=-1.6 m_kl_max=0.0058 mpc_ms=35.4/213 cand=0.000 w_ax@goal=+0.01 return=1003.2 length=90 success_rate=1.00 collisions/ep=0.00 (n=22)
Evaluation at update 60: return=1009.50, length=79.85, success_rate=1.00, collisions/ep=0.00
Solved-check at update 60: solved=False worst_gap=5.13 at p_x0=2.00 p_y0=-1.00 (consecutive=1)
update=61 global_step=124928 SPS=21 m_ev=0.989 m_v_bias=-2.8 m_kl_max=0.0057 mpc_ms=35.1/249 cand=0.000 w_ax@goal=-0.02 return=1002.8 length=88 success_rate=1.00 collisions/ep=0.00 (n=23)
update=62 global_step=126976 SPS=21 m_ev=0.983 m_v_bias=3.3 m_kl_max=0.0060 mpc_ms=38.4/246 cand=0.000 w_ax@goal=-0.01 return=1002.0 length=88 success_rate=1.00 collisions/ep=0.00 (n=22)
update=63 global_step=129024 SPS=21 m_ev=0.980 m_v_bias=3.0 m_kl_max=0.0094 mpc_ms=35.1/275 cand=0.000 w_ax@goal=+0.01 return=1003.2 length=88 success_rate=1.00 collisions/ep=0.00 (n=23)
update=64 global_step=131072 SPS=21 m_ev=0.972 m_v_bias=-0.5 m_kl_max=0.0140 mpc_ms=36.5/210 cand=0.000 w_ax@goal=-0.02 return=1000.0 length=91 success_rate=1.00 collisions/ep=0.00 (n=24)
update=65 global_step=133120 SPS=21 m_ev=0.968 m_v_bias=-0.5 m_kl_max=0.0043 mpc_ms=36.1/220 cand=0.000 w_ax@goal=+0.07 return=1002.7 length=88 success_rate=1.00 collisions/ep=0.00 (n=24)
Evaluation at update 65: return=1009.60, length=79.75, success_rate=1.00, collisions/ep=0.00
Solved-check at update 65: solved=False worst_gap=5.13 at p_x0=2.00 p_y0=-1.00 (consecutive=0)
update=66 global_step=135168 SPS=21 m_ev=0.994 m_v_bias=-9.8 m_kl_max=0.0070 mpc_ms=35.4/794 cand=0.000 w_ax@goal=-0.04 return=1004.6 length=87 success_rate=1.00 collisions/ep=0.00 (n=23)
update=67 global_step=137216 SPS=21 m_ev=0.989 m_v_bias=0.6 m_kl_max=0.0064 mpc_ms=36.4/314 cand=0.000 w_ax@goal=-0.05 return=1004.2 length=85 success_rate=1.00 collisions/ep=0.00 (n=24)
update=68 global_step=139264 SPS=21 m_ev=0.991 m_v_bias=-2.5 m_kl_max=0.0100 mpc_ms=35.3/275 cand=0.000 w_ax@goal=-0.00 return=1005.1 length=87 success_rate=1.00 collisions/ep=0.00 (n=24)
update=69 global_step=141312 SPS=21 m_ev=0.991 m_v_bias=-2.0 m_kl_max=0.0054 mpc_ms=36.4/757 cand=0.000 w_ax@goal=+0.02 return=1005.5 length=86 success_rate=1.00 collisions/ep=0.00 (n=22)
update=70 global_step=143360 SPS=21 m_ev=0.979 m_v_bias=6.2 m_kl_max=0.0076 mpc_ms=35.4/374 cand=0.000 w_ax@goal=-0.05 return=1003.2 length=86 success_rate=1.00 collisions/ep=0.00 (n=26)
Evaluation at update 70: return=1009.75, length=79.60, success_rate=1.00, collisions/ep=0.00
Solved-check at update 70: solved=True worst_gap=3.04 at p_x0=0.00 p_y0=0.50 (consecutive=0)
update=71 global_step=145408 SPS=21 m_ev=0.992 m_v_bias=-6.6 m_kl_max=0.0071 mpc_ms=37.2/235 cand=0.000 w_ax@goal=-0.01 return=1004.1 length=88 success_rate=1.00 collisions/ep=0.00 (n=23)
update=72 global_step=147456 SPS=21 m_ev=0.980 m_v_bias=6.0 m_kl_max=0.0184 mpc_ms=37.1/377 cand=0.000 w_ax@goal=+0.01 return=1003.5 length=89 success_rate=1.00 collisions/ep=0.00 (n=22)
update=73 global_step=149504 SPS=21 m_ev=0.983 m_v_bias=-1.7 m_kl_max=0.0036 mpc_ms=37.0/328 cand=0.000 w_ax@goal=+0.02 return=1003.3 length=87 success_rate=1.00 collisions/ep=0.00 (n=23)
update=74 global_step=151552 SPS=21 m_ev=0.993 m_v_bias=-10.0 m_kl_max=0.0060 mpc_ms=33.5/188 cand=0.000 w_ax@goal=-0.02 return=1005.1 length=89 success_rate=1.00 collisions/ep=0.00 (n=24)
update=75 global_step=153600 SPS=21 m_ev=0.994 m_v_bias=-0.7 m_kl_max=0.0098 mpc_ms=34.7/213 cand=0.000 w_ax@goal=+0.02 return=1005.3 length=87 success_rate=1.00 collisions/ep=0.00 (n=24)
Evaluation at update 75: return=1010.31, length=79.05, success_rate=1.00, collisions/ep=0.00
Solved-check at update 75: solved=False worst_gap=5.15 at p_x0=2.00 p_y0=-1.00 (consecutive=1)
update=76 global_step=155648 SPS=21 m_ev=0.981 m_v_bias=5.2 m_kl_max=0.0062 mpc_ms=34.2/857 cand=0.000 w_ax@goal=-0.02 return=1004.4 length=86 success_rate=1.00 collisions/ep=0.00 (n=23)
update=77 global_step=157696 SPS=21 m_ev=0.983 m_v_bias=4.2 m_kl_max=0.0102 mpc_ms=36.2/273 cand=0.000 w_ax@goal=+0.01 return=1003.8 length=87 success_rate=1.00 collisions/ep=0.00 (n=24)
update=78 global_step=159744 SPS=21 m_ev=0.983 m_v_bias=-1.0 m_kl_max=0.0019 mpc_ms=37.4/696 cand=0.000 w_ax@goal=-0.02 return=1002.9 length=87 success_rate=1.00 collisions/ep=0.00 (n=23)
update=79 global_step=161792 SPS=21 m_ev=0.990 m_v_bias=-2.8 m_kl_max=0.0053 mpc_ms=35.7/207 cand=0.000 w_ax@goal=+0.02 return=1005.5 length=84 success_rate=1.00 collisions/ep=0.00 (n=25)
update=80 global_step=163840 SPS=21 m_ev=0.993 m_v_bias=-1.7 m_kl_max=0.0046 mpc_ms=36.0/212 cand=0.000 w_ax@goal=+0.02 return=1006.1 length=83 success_rate=1.00 collisions/ep=0.00 (n=25)
Evaluation at update 80: return=1010.35, length=79.00, success_rate=1.00, collisions/ep=0.00
Solved-check at update 80: solved=False worst_gap=5.15 at p_x0=2.00 p_y0=-1.00 (consecutive=0)
update=81 global_step=165888 SPS=21 m_ev=0.993 m_v_bias=-1.1 m_kl_max=0.0068 mpc_ms=36.6/243 cand=0.000 w_ax@goal=+0.01 return=1006.3 length=86 success_rate=1.00 collisions/ep=0.00 (n=24)
update=82 global_step=167936 SPS=21 m_ev=0.990 m_v_bias=4.6 m_kl_max=0.0077 mpc_ms=36.3/228 cand=0.000 w_ax@goal=-0.01 return=1004.8 length=84 success_rate=1.00 collisions/ep=0.00 (n=23)
update=83 global_step=169984 SPS=21 m_ev=0.969 m_v_bias=3.9 m_kl_max=0.0064 mpc_ms=37.5/941 cand=0.000 w_ax@goal=-0.03 return=1002.9 length=89 success_rate=1.00 collisions/ep=0.00 (n=23)
update=84 global_step=172032 SPS=21 m_ev=0.974 m_v_bias=2.9 m_kl_max=0.0072 mpc_ms=36.3/559 cand=0.000 w_ax@goal=+0.00 return=1002.7 length=90 success_rate=1.00 collisions/ep=0.00 (n=23)
update=85 global_step=174080 SPS=21 m_ev=0.976 m_v_bias=3.7 m_kl_max=0.0124 mpc_ms=35.9/217 cand=0.000 w_ax@goal=+0.00 return=1003.0 length=89 success_rate=1.00 collisions/ep=0.00 (n=23)
Evaluation at update 85: return=1010.55, length=78.80, success_rate=1.00, collisions/ep=0.00
Solved-check at update 85: solved=True worst_gap=3.04 at p_x0=0.00 p_y0=-0.50 (consecutive=0)
update=86 global_step=176128 SPS=20 m_ev=0.980 m_v_bias=-7.6 m_kl_max=0.0210 mpc_ms=35.6/207 cand=0.000 w_ax@goal=-0.02 return=1003.4 length=87 success_rate=1.00 collisions/ep=0.00 (n=25)
update=87 global_step=178176 SPS=21 m_ev=0.991 m_v_bias=-4.2 m_kl_max=0.0199 mpc_ms=36.5/278 cand=0.000 w_ax@goal=+0.01 return=1006.0 length=85 success_rate=1.00 collisions/ep=0.00 (n=24)
update=88 global_step=180224 SPS=21 m_ev=0.991 m_v_bias=0.8 m_kl_max=0.0089 mpc_ms=34.4/235 cand=0.000 w_ax@goal=+0.01 return=1005.7 length=85 success_rate=1.00 collisions/ep=0.00 (n=23)
update=89 global_step=182272 SPS=21 m_ev=0.992 m_v_bias=-1.6 m_kl_max=0.0050 mpc_ms=36.6/204 cand=0.000 w_ax@goal=+0.04 return=1006.5 length=83 success_rate=1.00 collisions/ep=0.00 (n=26)
update=90 global_step=184320 SPS=21 m_ev=0.979 m_v_bias=3.3 m_kl_max=0.0145 mpc_ms=37.2/243 cand=0.000 w_ax@goal=+0.03 return=1004.3 length=86 success_rate=1.00 collisions/ep=0.00 (n=24)
Evaluation at update 90: return=1010.41, length=78.95, success_rate=1.00, collisions/ep=0.00
Solved-check at update 90: solved=False worst_gap=5.13 at p_x0=2.00 p_y0=-1.00 (consecutive=1)
update=91 global_step=186368 SPS=20 m_ev=0.972 m_v_bias=5.9 m_kl_max=0.0112 mpc_ms=36.9/365 cand=0.000 w_ax@goal=+0.04 return=1003.5 length=88 success_rate=1.00 collisions/ep=0.00 (n=21)
update=92 global_step=188416 SPS=21 m_ev=0.991 m_v_bias=-7.6 m_kl_max=0.0078 mpc_ms=34.7/242 cand=0.000 w_ax@goal=+0.03 return=1005.1 length=87 success_rate=1.00 collisions/ep=0.00 (n=26)
update=93 global_step=190464 SPS=21 m_ev=0.995 m_v_bias=-0.6 m_kl_max=0.0077 mpc_ms=36.8/382 cand=0.000 w_ax@goal=+0.06 return=1005.8 length=83 success_rate=1.00 collisions/ep=0.00 (n=23)
update=94 global_step=192512 SPS=21 m_ev=0.991 m_v_bias=0.1 m_kl_max=0.0046 mpc_ms=39.3/743 cand=0.000 w_ax@goal=-0.02 return=1004.8 length=84 success_rate=1.00 collisions/ep=0.00 (n=25)
update=95 global_step=194560 SPS=21 m_ev=0.985 m_v_bias=-0.3 m_kl_max=0.0167 mpc_ms=39.4/318 cand=0.000 w_ax@goal=-0.01 return=1006.4 length=84 success_rate=1.00 collisions/ep=0.00 (n=25)
Evaluation at update 95: return=1010.61, length=78.75, success_rate=1.00, collisions/ep=0.00
Solved-check at update 95: solved=False worst_gap=5.15 at p_x0=2.00 p_y0=-1.00 (consecutive=0)
update=96 global_step=196608 SPS=20 m_ev=0.978 m_v_bias=1.3 m_kl_max=0.0265 mpc_ms=42.4/250 cand=0.000 w_ax@goal=+0.01 return=1004.9 length=84 success_rate=1.00 collisions/ep=0.00 (n=24)
update=97 global_step=198656 SPS=20 m_ev=0.994 m_v_bias=-9.2 m_kl_max=0.0099 mpc_ms=38.5/316 cand=0.000 w_ax@goal=-0.01 return=1006.5 length=86 success_rate=1.00 collisions/ep=0.00 (n=24)
update=98 global_step=200704 SPS=20 m_ev=0.991 m_v_bias=1.2 m_kl_max=0.0051 mpc_ms=35.0/315 cand=0.000 w_ax@goal=-0.02 return=1006.0 length=83 success_rate=1.00 collisions/ep=0.00 (n=24)
update=99 global_step=202752 SPS=21 m_ev=0.993 m_v_bias=-1.6 m_kl_max=0.0054 mpc_ms=43.1/745 cand=0.000 w_ax@goal=-0.02 return=1007.5 length=84 success_rate=1.00 collisions/ep=0.00 (n=24)
update=100 global_step=204800 SPS=21 m_ev=0.994 m_v_bias=0.5 m_kl_max=0.0063 mpc_ms=35.5/242 cand=0.000 w_ax@goal=+0.04 return=1006.0 length=86 success_rate=1.00 collisions/ep=0.00 (n=24)
Evaluation at update 100: return=1010.36, length=79.00, success_rate=1.00, collisions/ep=0.00
Solved-check at update 100: solved=False worst_gap=5.15 at p_x0=2.00 p_y0=-1.00 (consecutive=0)
Saved checkpoints to C:\Users\loren\Desktop\MASTER THESIS\5_CODE\scenarios\slalom\studies\init_sampler\ppo_mpc_uniform\runs\ppo_mpc_slalom_3_1791245478
