Using device: cpu
Solved-check: precomputed optimal returns for 25 fixed initial conditions (mean=1011.8, min=1007.0, max=1014.0); solved-tolerance=5.0
Goal box: +-1.800 m (1.5x segment-reachable; segment-reachable displacement = 1.200 m)
tube MPC: W disks of radii (p, v) [0. 0.], RPI s=0 alpha=0; Z radii (p, v) = [0. 0.]
  X0 (-) Z: p_x [-1.000, 11.000], p_y [-1.999, 1.999], ||v|| <= 1.200; V = U (-) KZ: ||u|| <= 2.500; K = [-7.613 -4.585] per axis
  4 obstacles, 132 binaries before fixing, max big-M 9.00; horizon N=10, stopping time 5 steps
num_envs=8 num_steps_per_env=256 batch_size=2048 num_updates=100 timesteps=204800
update=1 global_step=2048 SPS=86 m_ev=-0.000 m_v_bias=43.0 m_kl_max=0.0027 mpc_ms=11.3/172 cand=0.019 return=-199.8 length=200 success_rate=0.00 collisions/ep=0.00 (n=8)
update=2 global_step=4096 SPS=81 m_ev=-0.609 m_v_bias=23.6 m_kl_max=0.0119 mpc_ms=12.7/233 cand=0.015 return=-194.3 length=200 success_rate=0.00 collisions/ep=0.00 (n=8)
update=3 global_step=6144 SPS=72 m_ev=-0.162 m_v_bias=12.7 m_kl_max=0.0345 mpc_ms=16.6/176 cand=0.007 return=-186.8 length=200 success_rate=0.00 collisions/ep=0.00 (n=8)
update=4 global_step=8192 SPS=63 m_ev=-0.131 m_v_bias=7.4 m_kl_max=0.0326 mpc_ms=21.4/222 cand=0.002 return=-178.9 length=200 success_rate=0.00 collisions/ep=0.00 (n=16)
update=5 global_step=10240 SPS=57 m_ev=0.200 m_v_bias=1.5 m_kl_max=0.0648 mpc_ms=22.7/221 cand=0.000 return=-164.7 length=200 success_rate=0.00 collisions/ep=0.00 (n=8)
Evaluation at update 5: return=-143.77, length=200.00, success_rate=0.00, collisions/ep=0.00
Solved-check at update 5: solved=False worst_gap=1187.09 at p_x0=2.00 p_y0=-1.00 (consecutive=0)
update=6 global_step=12288 SPS=28 m_ev=0.487 m_v_bias=1.9 m_kl_max=0.0367 mpc_ms=29.6/232 cand=0.000 return=-165.7 length=200 success_rate=0.00 collisions/ep=0.00 (n=8)
update=7 global_step=14336 SPS=29 m_ev=0.746 m_v_bias=-0.8 m_kl_max=0.0343 mpc_ms=30.3/231 cand=0.000 return=-155.8 length=200 success_rate=0.00 collisions/ep=0.00 (n=8)
update=8 global_step=16384 SPS=29 m_ev=0.906 m_v_bias=-0.6 m_kl_max=0.0388 mpc_ms=30.3/278 cand=0.000 w_ax@goal=-0.96 return=-143.5 length=200 success_rate=0.00 collisions/ep=0.00 (n=16)
update=9 global_step=18432 SPS=29 m_ev=0.944 m_v_bias=-1.2 m_kl_max=0.0248 mpc_ms=29.9/740 cand=0.001 w_ax@goal=-0.84 return=-141.2 length=200 success_rate=0.00 collisions/ep=0.00 (n=8)
update=10 global_step=20480 SPS=30 m_ev=0.950 m_v_bias=-0.2 m_kl_max=0.0186 mpc_ms=27.1/375 cand=0.002 w_ax@goal=-1.27 return=-141.2 length=200 success_rate=0.00 collisions/ep=0.00 (n=8)
Evaluation at update 10: return=-141.46, length=200.00, success_rate=0.00, collisions/ep=0.00
Solved-check at update 10: solved=False worst_gap=1161.19 at p_x0=2.00 p_y0=0.00 (consecutive=0)
update=11 global_step=22528 SPS=24 m_ev=-0.026 m_v_bias=-42.5 m_kl_max=0.0116 mpc_ms=29.0/696 cand=0.001 w_ax@goal=+0.09 return=-1.5 length=194 success_rate=0.12 collisions/ep=0.00 (n=16)
update=12 global_step=24576 SPS=25 m_ev=0.082 m_v_bias=-59.9 m_kl_max=0.0311 mpc_ms=31.3/953 cand=0.001 w_ax@goal=-0.34 return=139.0 length=186 success_rate=0.25 collisions/ep=0.00 (n=8)
update=13 global_step=26624 SPS=25 m_ev=0.268 m_v_bias=-23.0 m_kl_max=0.0221 mpc_ms=29.5/769 cand=0.000 w_ax@goal=-0.11 return=58.6 length=193 success_rate=0.18 collisions/ep=0.00 (n=11)
update=14 global_step=28672 SPS=26 m_ev=0.373 m_v_bias=-98.0 m_kl_max=0.0360 mpc_ms=29.8/699 cand=0.000 w_ax@goal=+0.03 return=323.7 length=167 success_rate=0.42 collisions/ep=0.00 (n=12)
update=15 global_step=30720 SPS=26 m_ev=0.518 m_v_bias=-72.9 m_kl_max=0.0303 mpc_ms=30.3/279 cand=0.000 w_ax@goal=+0.05 return=441.2 length=180 success_rate=0.55 collisions/ep=0.00 (n=11)
Evaluation at update 15: return=-112.48, length=194.15, success_rate=0.05, collisions/ep=0.00
Solved-check at update 15: solved=False worst_gap=1191.13 at p_x0=2.00 p_y0=0.50 (consecutive=0)
update=16 global_step=32768 SPS=24 m_ev=0.711 m_v_bias=16.2 m_kl_max=0.0161 mpc_ms=25.0/238 cand=0.000 w_ax@goal=+0.08 return=298.6 length=179 success_rate=0.42 collisions/ep=0.00 (n=12)
update=17 global_step=34816 SPS=24 m_ev=0.749 m_v_bias=2.3 m_kl_max=0.0631 mpc_ms=26.2/213 cand=0.000 w_ax@goal=+0.08 return=23.5 length=190 success_rate=0.17 collisions/ep=0.00 (n=12)
update=18 global_step=36864 SPS=25 m_ev=0.651 m_v_bias=50.0 m_kl_max=0.0131 mpc_ms=23.1/595 cand=0.002 w_ax@goal=-0.05 return=146.3 length=182 success_rate=0.27 collisions/ep=0.00 (n=11)
update=19 global_step=38912 SPS=25 m_ev=0.589 m_v_bias=13.1 m_kl_max=0.0069 mpc_ms=28.4/497 cand=0.000 w_ax@goal=-0.02 return=348.9 length=174 success_rate=0.45 collisions/ep=0.00 (n=11)
update=20 global_step=40960 SPS=26 m_ev=0.762 m_v_bias=12.5 m_kl_max=0.0129 mpc_ms=30.9/829 cand=0.000 w_ax@goal=+0.05 return=305.7 length=174 success_rate=0.42 collisions/ep=0.00 (n=12)
Evaluation at update 20: return=352.23, length=153.80, success_rate=0.45, collisions/ep=0.00
Solved-check at update 20: solved=False worst_gap=1191.06 at p_x0=2.00 p_y0=0.00 (consecutive=0)
update=21 global_step=43008 SPS=23 m_ev=0.824 m_v_bias=-60.2 m_kl_max=0.0091 mpc_ms=31.1/637 cand=0.000 w_ax@goal=-0.08 return=561.2 length=161 success_rate=0.64 collisions/ep=0.00 (n=14)
update=22 global_step=45056 SPS=24 m_ev=0.864 m_v_bias=-31.3 m_kl_max=0.0143 mpc_ms=35.1/766 cand=0.000 w_ax@goal=-0.02 return=761.9 length=151 success_rate=0.83 collisions/ep=0.00 (n=12)
update=23 global_step=47104 SPS=24 m_ev=0.733 m_v_bias=54.2 m_kl_max=0.0087 mpc_ms=30.3/640 cand=0.000 w_ax@goal=-0.07 return=445.5 length=167 success_rate=0.54 collisions/ep=0.00 (n=13)
update=24 global_step=49152 SPS=24 m_ev=0.737 m_v_bias=-46.3 m_kl_max=0.0207 mpc_ms=32.9/847 cand=0.003 w_ax@goal=+0.14 return=794.1 length=126 success_rate=0.83 collisions/ep=0.00 (n=18)
update=25 global_step=51200 SPS=24 m_ev=0.770 m_v_bias=-45.5 m_kl_max=0.0097 mpc_ms=34.1/437 cand=0.000 w_ax@goal=-0.02 return=887.9 length=122 success_rate=0.92 collisions/ep=0.00 (n=13)
Evaluation at update 25: return=358.49, length=147.60, success_rate=0.45, collisions/ep=0.00
Solved-check at update 25: solved=False worst_gap=1191.05 at p_x0=2.00 p_y0=0.00 (consecutive=0)
update=26 global_step=53248 SPS=23 m_ev=0.838 m_v_bias=33.2 m_kl_max=0.0290 mpc_ms=30.4/270 cand=0.000 w_ax@goal=-0.06 return=667.3 length=146 success_rate=0.73 collisions/ep=0.00 (n=15)
update=27 global_step=55296 SPS=23 m_ev=0.858 m_v_bias=-50.7 m_kl_max=0.0066 mpc_ms=36.6/228 cand=0.000 w_ax@goal=-0.00 return=671.8 length=142 success_rate=0.73 collisions/ep=0.00 (n=15)
update=28 global_step=57344 SPS=23 m_ev=0.886 m_v_bias=-15.5 m_kl_max=0.0138 mpc_ms=35.0/334 cand=0.000 w_ax@goal=-0.03 return=967.2 length=124 success_rate=1.00 collisions/ep=0.00 (n=18)
update=29 global_step=59392 SPS=23 m_ev=0.849 m_v_bias=-6.9 m_kl_max=0.0223 mpc_ms=37.9/873 cand=0.000 w_ax@goal=+0.03 return=918.1 length=114 success_rate=0.94 collisions/ep=0.00 (n=18)
update=30 global_step=61440 SPS=24 m_ev=0.920 m_v_bias=-10.6 m_kl_max=0.0188 mpc_ms=34.7/527 cand=0.000 w_ax@goal=-0.09 return=979.4 length=112 success_rate=1.00 collisions/ep=0.00 (n=18)
Evaluation at update 30: return=1007.52, length=82.10, success_rate=1.00, collisions/ep=0.00
Solved-check at update 30: solved=False worst_gap=8.23 at p_x0=2.00 p_y0=-1.00 (consecutive=0)
update=31 global_step=63488 SPS=23 m_ev=0.891 m_v_bias=9.0 m_kl_max=0.0084 mpc_ms=36.7/217 cand=0.000 w_ax@goal=-0.12 return=917.6 length=111 success_rate=0.94 collisions/ep=0.00 (n=17)
update=32 global_step=65536 SPS=23 m_ev=0.930 m_v_bias=-8.8 m_kl_max=0.0113 mpc_ms=36.0/1057 cand=0.000 w_ax@goal=+0.00 return=983.7 length=107 success_rate=1.00 collisions/ep=0.00 (n=21)
update=33 global_step=67584 SPS=23 m_ev=0.948 m_v_bias=-0.3 m_kl_max=0.0100 mpc_ms=35.7/256 cand=0.000 w_ax@goal=-0.06 return=986.8 length=104 success_rate=1.00 collisions/ep=0.00 (n=20)
update=34 global_step=69632 SPS=23 m_ev=0.923 m_v_bias=4.0 m_kl_max=0.0138 mpc_ms=37.6/791 cand=0.000 w_ax@goal=+0.02 return=979.1 length=113 success_rate=1.00 collisions/ep=0.00 (n=18)
update=35 global_step=71680 SPS=23 m_ev=0.950 m_v_bias=-14.6 m_kl_max=0.0117 mpc_ms=35.9/338 cand=0.000 w_ax@goal=-0.08 return=992.5 length=98 success_rate=1.00 collisions/ep=0.00 (n=21)
Evaluation at update 35: return=1008.07, length=81.60, success_rate=1.00, collisions/ep=0.00
Solved-check at update 35: solved=False worst_gap=5.10 at p_x0=0.00 p_y0=0.00 (consecutive=0)
update=36 global_step=73728 SPS=22 m_ev=0.951 m_v_bias=-3.3 m_kl_max=0.0067 mpc_ms=42.7/1349 cand=0.000 w_ax@goal=+0.04 return=992.0 length=96 success_rate=1.00 collisions/ep=0.00 (n=20)
update=37 global_step=75776 SPS=22 m_ev=0.964 m_v_bias=-3.6 m_kl_max=0.0071 mpc_ms=39.6/873 cand=0.000 w_ax@goal=+0.05 return=995.2 length=95 success_rate=1.00 collisions/ep=0.00 (n=22)
update=38 global_step=77824 SPS=22 m_ev=0.926 m_v_bias=11.0 m_kl_max=0.0029 mpc_ms=35.3/576 cand=0.000 w_ax@goal=-0.01 return=988.2 length=100 success_rate=1.00 collisions/ep=0.00 (n=23)
update=39 global_step=79872 SPS=22 m_ev=0.982 m_v_bias=-16.9 m_kl_max=0.0080 mpc_ms=36.8/231 cand=0.000 w_ax@goal=+0.02 return=998.3 length=93 success_rate=1.00 collisions/ep=0.00 (n=18)
update=40 global_step=81920 SPS=23 m_ev=0.982 m_v_bias=-1.4 m_kl_max=0.0027 mpc_ms=36.5/251 cand=0.000 w_ax@goal=-0.01 return=998.2 length=93 success_rate=1.00 collisions/ep=0.00 (n=23)
Evaluation at update 40: return=1008.49, length=81.20, success_rate=1.00, collisions/ep=0.00
Solved-check at update 40: solved=False worst_gap=5.07 at p_x0=0.00 p_y0=-0.50 (consecutive=0)
update=41 global_step=83968 SPS=22 m_ev=0.978 m_v_bias=-4.4 m_kl_max=0.0124 mpc_ms=32.4/224 cand=0.000 w_ax@goal=-0.00 return=997.8 length=92 success_rate=1.00 collisions/ep=0.00 (n=22)
update=42 global_step=86016 SPS=22 m_ev=0.962 m_v_bias=7.4 m_kl_max=0.0263 mpc_ms=34.5/298 cand=0.000 w_ax@goal=+0.02 return=997.9 length=94 success_rate=1.00 collisions/ep=0.00 (n=24)
update=43 global_step=88064 SPS=22 m_ev=0.959 m_v_bias=3.4 m_kl_max=0.0042 mpc_ms=35.6/209 cand=0.000 w_ax@goal=-0.01 return=994.4 length=95 success_rate=1.00 collisions/ep=0.00 (n=23)
update=44 global_step=90112 SPS=22 m_ev=0.969 m_v_bias=1.0 m_kl_max=0.0135 mpc_ms=35.2/670 cand=0.000 w_ax@goal=-0.01 return=998.6 length=91 success_rate=1.00 collisions/ep=0.00 (n=20)
update=45 global_step=92160 SPS=22 m_ev=0.972 m_v_bias=-1.4 m_kl_max=0.0063 mpc_ms=34.8/258 cand=0.000 w_ax@goal=+0.06 return=997.9 length=93 success_rate=1.00 collisions/ep=0.00 (n=21)
Evaluation at update 45: return=1008.70, length=81.00, success_rate=1.00, collisions/ep=0.00
Solved-check at update 45: solved=False worst_gap=5.06 at p_x0=0.00 p_y0=-0.50 (consecutive=0)
update=46 global_step=94208 SPS=22 m_ev=0.986 m_v_bias=-10.8 m_kl_max=0.0143 mpc_ms=34.1/481 cand=0.000 w_ax@goal=+0.04 return=999.2 length=93 success_rate=1.00 collisions/ep=0.00 (n=24)
update=47 global_step=96256 SPS=22 m_ev=0.972 m_v_bias=4.2 m_kl_max=0.0042 mpc_ms=36.3/227 cand=0.000 w_ax@goal=+0.04 return=997.5 length=93 success_rate=1.00 collisions/ep=0.00 (n=21)
update=48 global_step=98304 SPS=22 m_ev=0.977 m_v_bias=0.9 m_kl_max=0.0184 mpc_ms=35.5/803 cand=0.000 w_ax@goal=+0.02 return=1000.6 length=90 success_rate=1.00 collisions/ep=0.00 (n=24)
update=49 global_step=100352 SPS=22 m_ev=0.978 m_v_bias=-4.4 m_kl_max=0.0122 mpc_ms=35.4/606 cand=0.000 w_ax@goal=+0.01 return=1000.8 length=93 success_rate=1.00 collisions/ep=0.00 (n=20)
update=50 global_step=102400 SPS=22 m_ev=0.992 m_v_bias=-10.0 m_kl_max=0.0064 mpc_ms=36.4/298 cand=0.000 w_ax@goal=+0.04 return=1002.8 length=89 success_rate=1.00 collisions/ep=0.00 (n=23)
Evaluation at update 50: return=1009.96, length=79.75, success_rate=1.00, collisions/ep=0.00
Solved-check at update 50: solved=False worst_gap=5.14 at p_x0=2.00 p_y0=-1.00 (consecutive=0)
update=51 global_step=104448 SPS=22 m_ev=0.986 m_v_bias=2.4 m_kl_max=0.0088 mpc_ms=32.8/244 cand=0.000 w_ax@goal=+0.02 return=1002.1 length=90 success_rate=1.00 collisions/ep=0.00 (n=24)
update=52 global_step=106496 SPS=22 m_ev=0.974 m_v_bias=8.0 m_kl_max=0.0112 mpc_ms=36.6/431 cand=0.000 w_ax@goal=+0.07 return=1002.8 length=88 success_rate=1.00 collisions/ep=0.00 (n=23)
update=53 global_step=108544 SPS=22 m_ev=0.985 m_v_bias=-4.9 m_kl_max=0.0052 mpc_ms=35.9/254 cand=0.000 w_ax@goal=-0.02 return=999.9 length=92 success_rate=1.00 collisions/ep=0.00 (n=24)
update=54 global_step=110592 SPS=22 m_ev=0.969 m_v_bias=6.8 m_kl_max=0.0257 mpc_ms=35.8/207 cand=0.000 w_ax@goal=+0.00 return=1001.7 length=89 success_rate=1.00 collisions/ep=0.00 (n=20)
update=55 global_step=112640 SPS=22 m_ev=0.980 m_v_bias=-1.9 m_kl_max=0.0121 mpc_ms=35.9/212 cand=0.000 w_ax@goal=+0.04 return=1000.5 length=88 success_rate=1.00 collisions/ep=0.00 (n=24)
Evaluation at update 55: return=1009.67, length=80.05, success_rate=1.00, collisions/ep=0.00
Solved-check at update 55: solved=True worst_gap=4.04 at p_x0=0.00 p_y0=-0.50 (consecutive=0)
update=56 global_step=114688 SPS=22 m_ev=0.974 m_v_bias=-0.8 m_kl_max=0.0011 mpc_ms=35.0/753 cand=0.000 w_ax@goal=-0.01 return=1000.9 length=91 success_rate=1.00 collisions/ep=0.00 (n=22)
update=57 global_step=116736 SPS=22 m_ev=0.983 m_v_bias=-5.6 m_kl_max=0.0082 mpc_ms=34.1/260 cand=0.000 w_ax@goal=+0.02 return=1001.9 length=89 success_rate=1.00 collisions/ep=0.00 (n=23)
update=58 global_step=118784 SPS=22 m_ev=0.985 m_v_bias=-4.1 m_kl_max=0.0069 mpc_ms=36.1/239 cand=0.000 w_ax@goal=+0.04 return=1001.0 length=88 success_rate=1.00 collisions/ep=0.00 (n=23)
update=59 global_step=120832 SPS=22 m_ev=0.987 m_v_bias=1.3 m_kl_max=0.0105 mpc_ms=35.1/739 cand=0.000 w_ax@goal=+0.01 return=1001.8 length=88 success_rate=1.00 collisions/ep=0.00 (n=24)
update=60 global_step=122880 SPS=22 m_ev=0.986 m_v_bias=-4.3 m_kl_max=0.0088 mpc_ms=47.6/434 cand=0.000 w_ax@goal=-0.05 return=1003.3 length=87 success_rate=1.00 collisions/ep=0.00 (n=24)
Evaluation at update 60: return=1009.72, length=80.00, success_rate=1.00, collisions/ep=0.00
Solved-check at update 60: solved=True worst_gap=3.04 at p_x0=0.00 p_y0=0.00 (consecutive=1)
Solved criterion held for 2 consecutive evals (tolerance=5.0) at global_step=122880.
update=61 global_step=124928 SPS=22 m_ev=0.991 m_v_bias=-1.3 m_kl_max=0.0078 mpc_ms=34.9/747 cand=0.000 w_ax@goal=-0.01 return=1003.8 length=87 success_rate=1.00 collisions/ep=0.00 (n=25)
update=62 global_step=126976 SPS=22 m_ev=0.991 m_v_bias=2.1 m_kl_max=0.0133 mpc_ms=35.7/216 cand=0.000 w_ax@goal=+0.04 return=1003.5 length=88 success_rate=1.00 collisions/ep=0.00 (n=24)
update=63 global_step=129024 SPS=22 m_ev=0.988 m_v_bias=-0.2 m_kl_max=0.0091 mpc_ms=36.5/335 cand=0.000 w_ax@goal=+0.02 return=1003.9 length=89 success_rate=1.00 collisions/ep=0.00 (n=22)
update=64 global_step=131072 SPS=22 m_ev=0.983 m_v_bias=1.9 m_kl_max=0.0044 mpc_ms=34.5/839 cand=0.000 w_ax@goal=+0.03 return=1003.8 length=87 success_rate=1.00 collisions/ep=0.00 (n=23)
update=65 global_step=133120 SPS=22 m_ev=0.985 m_v_bias=-2.1 m_kl_max=0.0155 mpc_ms=37.9/720 cand=0.000 w_ax@goal=-0.04 return=1002.8 length=88 success_rate=1.00 collisions/ep=0.00 (n=23)
Evaluation at update 65: return=1010.37, length=79.35, success_rate=1.00, collisions/ep=0.00
Solved-check at update 65: solved=False worst_gap=6.15 at p_x0=2.00 p_y0=-1.00 (consecutive=2)
update=66 global_step=135168 SPS=21 m_ev=0.984 m_v_bias=-0.2 m_kl_max=0.0124 mpc_ms=37.3/425 cand=0.000 w_ax@goal=+0.01 return=1004.0 length=87 success_rate=1.00 collisions/ep=0.00 (n=25)
update=67 global_step=137216 SPS=21 m_ev=0.975 m_v_bias=3.7 m_kl_max=0.0087 mpc_ms=36.7/218 cand=0.000 w_ax@goal=-0.08 return=1003.0 length=87 success_rate=1.00 collisions/ep=0.00 (n=21)
update=68 global_step=139264 SPS=22 m_ev=0.951 m_v_bias=9.3 m_kl_max=0.0251 mpc_ms=37.6/294 cand=0.000 w_ax@goal=+0.03 return=998.7 length=92 success_rate=1.00 collisions/ep=0.00 (n=22)
update=69 global_step=141312 SPS=22 m_ev=0.979 m_v_bias=-9.2 m_kl_max=0.0154 mpc_ms=35.0/189 cand=0.000 w_ax@goal=-0.04 return=1000.9 length=89 success_rate=1.00 collisions/ep=0.00 (n=24)
update=70 global_step=143360 SPS=22 m_ev=0.986 m_v_bias=-2.0 m_kl_max=0.0040 mpc_ms=33.9/314 cand=0.000 w_ax@goal=-0.04 return=1004.5 length=87 success_rate=1.00 collisions/ep=0.00 (n=23)
Evaluation at update 70: return=1010.12, length=79.60, success_rate=1.00, collisions/ep=0.00
Solved-check at update 70: solved=False worst_gap=5.13 at p_x0=2.00 p_y0=-1.00 (consecutive=0)
update=71 global_step=145408 SPS=21 m_ev=0.991 m_v_bias=-2.4 m_kl_max=0.0082 mpc_ms=35.1/298 cand=0.000 w_ax@goal=+0.03 return=1004.6 length=88 success_rate=1.00 collisions/ep=0.00 (n=24)
update=72 global_step=147456 SPS=21 m_ev=0.986 m_v_bias=3.0 m_kl_max=0.0119 mpc_ms=36.9/205 cand=0.000 w_ax@goal=-0.02 return=1003.7 length=85 success_rate=1.00 collisions/ep=0.00 (n=25)
update=73 global_step=149504 SPS=21 m_ev=0.992 m_v_bias=-2.2 m_kl_max=0.0138 mpc_ms=33.7/191 cand=0.000 w_ax@goal=-0.02 return=1005.3 length=87 success_rate=1.00 collisions/ep=0.00 (n=24)
update=74 global_step=151552 SPS=22 m_ev=0.987 m_v_bias=6.0 m_kl_max=0.0065 mpc_ms=38.0/1013 cand=0.000 w_ax@goal=+0.00 return=1004.2 length=85 success_rate=1.00 collisions/ep=0.00 (n=23)
update=75 global_step=153600 SPS=22 m_ev=0.972 m_v_bias=4.6 m_kl_max=0.0212 mpc_ms=36.5/774 cand=0.000 w_ax@goal=+0.02 return=1001.0 length=91 success_rate=1.00 collisions/ep=0.00 (n=23)
Evaluation at update 75: return=1010.38, length=79.35, success_rate=1.00, collisions/ep=0.00
Solved-check at update 75: solved=False worst_gap=5.15 at p_x0=2.00 p_y0=-1.00 (consecutive=0)
update=76 global_step=155648 SPS=21 m_ev=0.981 m_v_bias=-6.8 m_kl_max=0.0074 mpc_ms=37.6/688 cand=0.000 w_ax@goal=+0.04 return=1002.4 length=88 success_rate=1.00 collisions/ep=0.00 (n=23)
update=77 global_step=157696 SPS=21 m_ev=0.972 m_v_bias=1.2 m_kl_max=0.0114 mpc_ms=35.2/296 cand=0.000 w_ax@goal=-0.02 return=1003.0 length=90 success_rate=1.00 collisions/ep=0.00 (n=23)
update=78 global_step=159744 SPS=21 m_ev=0.994 m_v_bias=-10.0 m_kl_max=0.0052 mpc_ms=32.1/202 cand=0.000 w_ax@goal=+0.05 return=1005.5 length=87 success_rate=1.00 collisions/ep=0.00 (n=24)
update=79 global_step=161792 SPS=21 m_ev=0.993 m_v_bias=0.7 m_kl_max=0.0063 mpc_ms=36.2/537 cand=0.000 w_ax@goal=-0.02 return=1005.9 length=85 success_rate=1.00 collisions/ep=0.00 (n=23)
update=80 global_step=163840 SPS=22 m_ev=0.987 m_v_bias=3.3 m_kl_max=0.0233 mpc_ms=34.7/241 cand=0.000 w_ax@goal=-0.01 return=1003.6 length=89 success_rate=1.00 collisions/ep=0.00 (n=24)
Evaluation at update 80: return=1010.02, length=79.70, success_rate=1.00, collisions/ep=0.00
Solved-check at update 80: solved=True worst_gap=3.04 at p_x0=0.00 p_y0=0.00 (consecutive=0)
update=81 global_step=165888 SPS=21 m_ev=0.990 m_v_bias=-1.5 m_kl_max=0.0063 mpc_ms=35.7/254 cand=0.000 w_ax@goal=+0.02 return=1003.8 length=85 success_rate=1.00 collisions/ep=0.00 (n=24)
update=82 global_step=167936 SPS=21 m_ev=0.988 m_v_bias=-0.3 m_kl_max=0.0039 mpc_ms=35.2/241 cand=0.000 w_ax@goal=+0.02 return=1005.0 length=83 success_rate=1.00 collisions/ep=0.00 (n=24)
update=83 global_step=169984 SPS=21 m_ev=0.988 m_v_bias=-2.4 m_kl_max=0.0187 mpc_ms=35.2/250 cand=0.000 w_ax@goal=-0.05 return=1004.1 length=87 success_rate=1.00 collisions/ep=0.00 (n=24)
update=84 global_step=172032 SPS=21 m_ev=0.992 m_v_bias=-5.1 m_kl_max=0.0044 mpc_ms=34.5/226 cand=0.000 w_ax@goal=+0.03 return=1005.8 length=87 success_rate=1.00 collisions/ep=0.00 (n=23)
update=85 global_step=174080 SPS=22 m_ev=0.990 m_v_bias=1.7 m_kl_max=0.0050 mpc_ms=34.9/323 cand=0.000 w_ax@goal=+0.03 return=1004.3 length=86 success_rate=1.00 collisions/ep=0.00 (n=23)
Evaluation at update 85: return=1009.87, length=79.85, success_rate=1.00, collisions/ep=0.00
Solved-check at update 85: solved=True worst_gap=3.04 at p_x0=0.00 p_y0=0.00 (consecutive=1)
update=86 global_step=176128 SPS=21 m_ev=0.976 m_v_bias=1.9 m_kl_max=0.0060 mpc_ms=35.0/212 cand=0.000 w_ax@goal=+0.00 return=1005.8 length=85 success_rate=1.00 collisions/ep=0.00 (n=24)
update=87 global_step=178176 SPS=21 m_ev=0.996 m_v_bias=-1.9 m_kl_max=0.0107 mpc_ms=34.4/291 cand=0.000 w_ax@goal=-0.04 return=1005.5 length=86 success_rate=1.00 collisions/ep=0.00 (n=25)
update=88 global_step=180224 SPS=21 m_ev=0.996 m_v_bias=-1.8 m_kl_max=0.0095 mpc_ms=33.7/562 cand=0.000 w_ax@goal=-0.02 return=1007.0 length=84 success_rate=1.00 collisions/ep=0.00 (n=25)
update=89 global_step=182272 SPS=21 m_ev=0.961 m_v_bias=12.8 m_kl_max=0.0102 mpc_ms=37.6/511 cand=0.000 w_ax@goal=+0.01 return=1002.6 length=87 success_rate=1.00 collisions/ep=0.00 (n=23)
update=90 global_step=184320 SPS=21 m_ev=0.991 m_v_bias=-8.2 m_kl_max=0.0131 mpc_ms=35.7/226 cand=0.000 w_ax@goal=-0.01 return=1006.0 length=85 success_rate=1.00 collisions/ep=0.00 (n=24)
Evaluation at update 90: return=1010.23, length=79.50, success_rate=1.00, collisions/ep=0.00
Solved-check at update 90: solved=True worst_gap=3.02 at p_x0=0.00 p_y0=-0.50 (consecutive=2)
update=91 global_step=186368 SPS=21 m_ev=0.991 m_v_bias=-1.4 m_kl_max=0.0019 mpc_ms=34.6/253 cand=0.000 w_ax@goal=+0.00 return=1005.7 length=83 success_rate=1.00 collisions/ep=0.00 (n=25)
update=92 global_step=188416 SPS=21 m_ev=0.983 m_v_bias=2.9 m_kl_max=0.0055 mpc_ms=34.3/212 cand=0.000 w_ax@goal=-0.00 return=1005.0 length=85 success_rate=1.00 collisions/ep=0.00 (n=23)
update=93 global_step=190464 SPS=21 m_ev=0.989 m_v_bias=-1.1 m_kl_max=0.0125 mpc_ms=35.1/212 cand=0.000 w_ax@goal=-0.02 return=1004.9 length=85 success_rate=1.00 collisions/ep=0.00 (n=25)
update=94 global_step=192512 SPS=21 m_ev=0.994 m_v_bias=-2.0 m_kl_max=0.0058 mpc_ms=34.3/200 cand=0.000 w_ax@goal=-0.03 return=1005.9 length=85 success_rate=1.00 collisions/ep=0.00 (n=24)
update=95 global_step=194560 SPS=21 m_ev=0.995 m_v_bias=-3.6 m_kl_max=0.0011 mpc_ms=34.1/229 cand=0.000 w_ax@goal=+0.00 return=1006.0 length=85 success_rate=1.00 collisions/ep=0.00 (n=24)
Evaluation at update 95: return=1010.18, length=79.55, success_rate=1.00, collisions/ep=0.00
Solved-check at update 95: solved=True worst_gap=3.04 at p_x0=0.00 p_y0=0.00 (consecutive=3)
update=96 global_step=196608 SPS=21 m_ev=0.996 m_v_bias=-1.6 m_kl_max=0.0109 mpc_ms=32.6/246 cand=0.000 w_ax@goal=-0.01 return=1007.2 length=83 success_rate=1.00 collisions/ep=0.00 (n=26)
update=97 global_step=198656 SPS=21 m_ev=0.992 m_v_bias=-0.6 m_kl_max=0.0086 mpc_ms=33.6/294 cand=0.000 w_ax@goal=+0.02 return=1006.3 length=86 success_rate=1.00 collisions/ep=0.00 (n=25)
update=98 global_step=200704 SPS=21 m_ev=0.992 m_v_bias=0.2 m_kl_max=0.0170 mpc_ms=36.3/779 cand=0.000 w_ax@goal=-0.00 return=1006.2 length=83 success_rate=1.00 collisions/ep=0.00 (n=23)
update=99 global_step=202752 SPS=21 m_ev=0.991 m_v_bias=0.3 m_kl_max=0.0049 mpc_ms=34.3/260 cand=0.000 w_ax@goal=-0.03 return=1007.0 length=83 success_rate=1.00 collisions/ep=0.00 (n=25)
update=100 global_step=204800 SPS=21 m_ev=0.994 m_v_bias=2.4 m_kl_max=0.0024 mpc_ms=35.8/201 cand=0.000 w_ax@goal=+0.02 return=1005.3 length=85 success_rate=1.00 collisions/ep=0.00 (n=24)
Evaluation at update 100: return=1010.53, length=79.20, success_rate=1.00, collisions/ep=0.00
Solved-check at update 100: solved=True worst_gap=3.03 at p_x0=0.00 p_y0=-0.50 (consecutive=4)
Saved checkpoints to C:\Users\loren\Desktop\MASTER THESIS\5_CODE\scenarios\slalom\studies\init_sampler\ppo_mpc_uniform\runs\ppo_mpc_slalom_1_1791244663
