Using device: cpu
Solved-check: precomputed optimal returns for 25 fixed initial conditions (mean=1011.8, min=1007.0, max=1014.0); solved-tolerance=5.0
Goal box: +-1.800 m (1.5x segment-reachable; segment-reachable displacement = 1.200 m)
tube MPC: W disks of radii (p, v) [0. 0.], RPI s=0 alpha=0; Z radii (p, v) = [0. 0.]
  X0 (-) Z: p_x [-1.000, 11.000], p_y [-1.999, 1.999], ||v|| <= 1.200; V = U (-) KZ: ||u|| <= 2.500; K = [-7.613 -4.585] per axis
  4 obstacles, 132 binaries before fixing, max big-M 9.00; horizon N=10, stopping time 5 steps
num_envs=8 num_steps_per_env=256 batch_size=2048 num_updates=100 timesteps=204800
update=1 global_step=2048 SPS=63 m_ev=0.001 m_v_bias=42.5 m_kl_max=0.0034 mpc_ms=15.5/237 cand=0.004 return=-193.7 length=200 success_rate=0.00 collisions/ep=0.00 (n=8)
update=2 global_step=4096 SPS=67 m_ev=-0.883 m_v_bias=21.4 m_kl_max=0.0151 mpc_ms=13.4/225 cand=0.022 return=-189.1 length=200 success_rate=0.00 collisions/ep=0.00 (n=8)
update=3 global_step=6144 SPS=65 m_ev=-0.253 m_v_bias=11.8 m_kl_max=0.0532 mpc_ms=16.1/262 cand=0.007 return=-183.2 length=200 success_rate=0.00 collisions/ep=0.00 (n=8)
update=4 global_step=8192 SPS=59 m_ev=-0.079 m_v_bias=9.1 m_kl_max=0.0441 mpc_ms=20.5/274 cand=0.002 return=-179.1 length=200 success_rate=0.00 collisions/ep=0.00 (n=16)
update=5 global_step=10240 SPS=52 m_ev=0.218 m_v_bias=1.3 m_kl_max=0.0371 mpc_ms=28.7/584 cand=0.007 return=-154.4 length=200 success_rate=0.00 collisions/ep=0.00 (n=8)
Evaluation at update 5: return=-143.30, length=200.00, success_rate=0.00, collisions/ep=0.00
Solved-check at update 5: solved=False worst_gap=1187.09 at p_x0=2.00 p_y0=-1.00 (consecutive=0)
update=6 global_step=12288 SPS=26 m_ev=0.500 m_v_bias=-1.5 m_kl_max=0.0443 mpc_ms=32.9/614 cand=0.000 return=-151.7 length=200 success_rate=0.00 collisions/ep=0.00 (n=8)
update=7 global_step=14336 SPS=26 m_ev=0.802 m_v_bias=2.0 m_kl_max=0.0286 mpc_ms=31.5/286 cand=0.004 return=-146.9 length=200 success_rate=0.00 collisions/ep=0.00 (n=8)
update=8 global_step=16384 SPS=27 m_ev=0.937 m_v_bias=0.5 m_kl_max=0.0237 mpc_ms=28.2/250 cand=0.000 return=-143.0 length=200 success_rate=0.00 collisions/ep=0.00 (n=16)
update=9 global_step=18432 SPS=27 m_ev=0.895 m_v_bias=0.8 m_kl_max=0.0337 mpc_ms=32.7/269 cand=0.000 return=-140.1 length=200 success_rate=0.00 collisions/ep=0.00 (n=8)
update=10 global_step=20480 SPS=28 m_ev=0.935 m_v_bias=-0.7 m_kl_max=0.0246 mpc_ms=31.6/795 cand=0.000 w_ax@goal=-1.29 return=-140.6 length=200 success_rate=0.00 collisions/ep=0.00 (n=8)
Evaluation at update 10: return=-142.36, length=200.00, success_rate=0.00, collisions/ep=0.00
Solved-check at update 10: solved=False worst_gap=1182.08 at p_x0=1.00 p_y0=1.00 (consecutive=0)
update=11 global_step=22528 SPS=22 m_ev=-0.028 m_v_bias=-36.1 m_kl_max=0.0117 mpc_ms=29.0/970 cand=0.001 w_ax@goal=-0.48 return=-75.1 length=199 success_rate=0.06 collisions/ep=0.00 (n=16)
update=12 global_step=24576 SPS=23 m_ev=0.056 m_v_bias=-60.7 m_kl_max=0.0207 mpc_ms=31.0/869 cand=0.000 w_ax@goal=-0.50 return=123.2 length=194 success_rate=0.25 collisions/ep=0.00 (n=8)
update=13 global_step=26624 SPS=23 m_ev=0.370 m_v_bias=-65.5 m_kl_max=0.0160 mpc_ms=29.6/717 cand=0.000 w_ax@goal=-0.04 return=217.5 length=186 success_rate=0.33 collisions/ep=0.00 (n=9)
update=14 global_step=28672 SPS=24 m_ev=0.274 m_v_bias=16.0 m_kl_max=0.0154 mpc_ms=30.3/973 cand=0.000 w_ax@goal=-0.45 return=72.0 length=194 success_rate=0.20 collisions/ep=0.00 (n=10)
update=15 global_step=30720 SPS=24 m_ev=0.365 m_v_bias=-65.3 m_kl_max=0.0101 mpc_ms=27.7/412 cand=0.000 w_ax@goal=+0.07 return=219.5 length=182 success_rate=0.33 collisions/ep=0.00 (n=15)
Evaluation at update 15: return=-144.77, length=200.00, success_rate=0.00, collisions/ep=0.00
Solved-check at update 15: solved=False worst_gap=1187.06 at p_x0=2.00 p_y0=-1.00 (consecutive=0)
update=16 global_step=32768 SPS=21 m_ev=0.378 m_v_bias=-34.1 m_kl_max=0.0184 mpc_ms=29.9/980 cand=0.000 w_ax@goal=-0.10 return=292.5 length=177 success_rate=0.40 collisions/ep=0.00 (n=10)
update=17 global_step=34816 SPS=22 m_ev=0.644 m_v_bias=-61.9 m_kl_max=0.0035 mpc_ms=28.7/706 cand=0.000 w_ax@goal=-0.15 return=621.3 length=153 success_rate=0.69 collisions/ep=0.00 (n=13)
update=18 global_step=36864 SPS=22 m_ev=0.784 m_v_bias=29.0 m_kl_max=0.0104 mpc_ms=28.0/602 cand=0.000 w_ax@goal=-0.10 return=231.7 length=189 success_rate=0.36 collisions/ep=0.00 (n=11)
update=19 global_step=38912 SPS=22 m_ev=0.832 m_v_bias=-34.2 m_kl_max=0.0298 mpc_ms=30.2/224 cand=0.000 w_ax@goal=-0.10 return=434.6 length=169 success_rate=0.54 collisions/ep=0.00 (n=13)
update=20 global_step=40960 SPS=23 m_ev=0.625 m_v_bias=42.6 m_kl_max=0.0104 mpc_ms=33.5/687 cand=0.000 w_ax@goal=-0.09 return=528.6 length=165 success_rate=0.62 collisions/ep=0.00 (n=13)
Evaluation at update 20: return=298.48, length=155.10, success_rate=0.40, collisions/ep=0.00
Solved-check at update 20: solved=False worst_gap=1191.05 at p_x0=2.00 p_y0=0.00 (consecutive=0)
update=21 global_step=43008 SPS=21 m_ev=0.755 m_v_bias=-25.7 m_kl_max=0.0158 mpc_ms=31.9/242 cand=0.000 w_ax@goal=-0.18 return=587.5 length=158 success_rate=0.67 collisions/ep=0.00 (n=12)
update=22 global_step=45056 SPS=21 m_ev=0.677 m_v_bias=-15.0 m_kl_max=0.0272 mpc_ms=34.3/772 cand=0.000 w_ax@goal=-0.13 return=504.4 length=158 success_rate=0.58 collisions/ep=0.00 (n=12)
update=23 global_step=47104 SPS=21 m_ev=0.835 m_v_bias=-43.9 m_kl_max=0.0043 mpc_ms=35.7/832 cand=0.000 w_ax@goal=+0.05 return=673.7 length=160 success_rate=0.75 collisions/ep=0.00 (n=16)
update=24 global_step=49152 SPS=22 m_ev=0.822 m_v_bias=-9.7 m_kl_max=0.0228 mpc_ms=35.5/1003 cand=0.001 w_ax@goal=+0.11 return=944.8 length=146 success_rate=1.00 collisions/ep=0.00 (n=11)
update=25 global_step=51200 SPS=22 m_ev=0.864 m_v_bias=-36.8 m_kl_max=0.0103 mpc_ms=34.7/325 cand=0.000 w_ax@goal=-0.03 return=838.7 length=129 success_rate=0.88 collisions/ep=0.00 (n=17)
Evaluation at update 25: return=1001.74, length=88.40, success_rate=1.00, collisions/ep=0.00
Solved-check at update 25: solved=False worst_gap=28.26 at p_x0=2.00 p_y0=-1.00 (consecutive=0)
update=26 global_step=53248 SPS=21 m_ev=0.853 m_v_bias=8.0 m_kl_max=0.0137 mpc_ms=34.5/888 cand=0.000 w_ax@goal=-0.08 return=962.1 length=129 success_rate=1.00 collisions/ep=0.00 (n=16)
update=27 global_step=55296 SPS=21 m_ev=0.880 m_v_bias=-33.1 m_kl_max=0.0170 mpc_ms=37.0/674 cand=0.000 w_ax@goal=+0.01 return=909.2 length=125 success_rate=0.94 collisions/ep=0.00 (n=18)
update=28 global_step=57344 SPS=21 m_ev=0.924 m_v_bias=-17.7 m_kl_max=0.0104 mpc_ms=35.9/325 cand=0.000 w_ax@goal=-0.01 return=980.5 length=109 success_rate=1.00 collisions/ep=0.00 (n=19)
update=29 global_step=59392 SPS=21 m_ev=0.939 m_v_bias=8.6 m_kl_max=0.0098 mpc_ms=34.6/226 cand=0.000 w_ax@goal=+0.12 return=984.2 length=106 success_rate=1.00 collisions/ep=0.00 (n=19)
update=30 global_step=61440 SPS=21 m_ev=0.946 m_v_bias=-13.4 m_kl_max=0.0091 mpc_ms=37.2/214 cand=0.000 w_ax@goal=-0.08 return=984.7 length=107 success_rate=1.00 collisions/ep=0.00 (n=19)
Evaluation at update 30: return=1007.77, length=82.45, success_rate=1.00, collisions/ep=0.00
Solved-check at update 30: solved=False worst_gap=5.14 at p_x0=0.00 p_y0=0.50 (consecutive=0)
update=31 global_step=63488 SPS=21 m_ev=0.911 m_v_bias=0.1 m_kl_max=0.0072 mpc_ms=36.8/245 cand=0.000 w_ax@goal=-0.05 return=986.0 length=103 success_rate=1.00 collisions/ep=0.00 (n=19)
update=32 global_step=65536 SPS=21 m_ev=0.952 m_v_bias=-8.5 m_kl_max=0.0198 mpc_ms=36.4/493 cand=0.000 w_ax@goal=-0.02 return=989.2 length=100 success_rate=1.00 collisions/ep=0.00 (n=22)
update=33 global_step=67584 SPS=21 m_ev=0.948 m_v_bias=-8.2 m_kl_max=0.0083 mpc_ms=39.1/264 cand=0.000 w_ax@goal=-0.03 return=994.2 length=97 success_rate=1.00 collisions/ep=0.00 (n=19)
update=34 global_step=69632 SPS=21 m_ev=0.968 m_v_bias=1.5 m_kl_max=0.0139 mpc_ms=34.8/287 cand=0.000 w_ax@goal=+0.00 return=992.3 length=99 success_rate=1.00 collisions/ep=0.00 (n=22)
update=35 global_step=71680 SPS=21 m_ev=0.980 m_v_bias=-3.5 m_kl_max=0.0090 mpc_ms=35.0/375 cand=0.000 w_ax@goal=-0.05 return=997.0 length=93 success_rate=1.00 collisions/ep=0.00 (n=23)
Evaluation at update 35: return=1008.27, length=82.00, success_rate=1.00, collisions/ep=0.00
Solved-check at update 35: solved=False worst_gap=5.08 at p_x0=0.00 p_y0=0.00 (consecutive=0)
update=36 global_step=73728 SPS=21 m_ev=0.971 m_v_bias=0.9 m_kl_max=0.0099 mpc_ms=38.1/317 cand=0.000 w_ax@goal=-0.04 return=993.6 length=96 success_rate=1.00 collisions/ep=0.00 (n=19)
update=37 global_step=75776 SPS=21 m_ev=0.984 m_v_bias=-9.9 m_kl_max=0.0128 mpc_ms=33.1/228 cand=0.000 w_ax@goal=+0.02 return=997.9 length=93 success_rate=1.00 collisions/ep=0.00 (n=24)
update=38 global_step=77824 SPS=21 m_ev=0.976 m_v_bias=4.0 m_kl_max=0.0074 mpc_ms=36.8/226 cand=0.000 w_ax@goal=+0.01 return=997.6 length=94 success_rate=1.00 collisions/ep=0.00 (n=22)
update=39 global_step=79872 SPS=21 m_ev=0.975 m_v_bias=-2.2 m_kl_max=0.0138 mpc_ms=35.9/810 cand=0.000 w_ax@goal=-0.07 return=998.3 length=90 success_rate=1.00 collisions/ep=0.00 (n=24)
update=40 global_step=81920 SPS=21 m_ev=0.946 m_v_bias=2.9 m_kl_max=0.0166 mpc_ms=38.6/277 cand=0.000 w_ax@goal=+0.02 return=994.4 length=95 success_rate=1.00 collisions/ep=0.00 (n=19)
Evaluation at update 40: return=1008.68, length=81.60, success_rate=1.00, collisions/ep=0.00
Solved-check at update 40: solved=False worst_gap=5.05 at p_x0=0.00 p_y0=-0.50 (consecutive=0)
update=41 global_step=83968 SPS=21 m_ev=0.980 m_v_bias=-5.8 m_kl_max=0.0098 mpc_ms=33.6/295 cand=0.000 w_ax@goal=+0.03 return=997.9 length=92 success_rate=1.00 collisions/ep=0.00 (n=22)
update=42 global_step=86016 SPS=21 m_ev=0.966 m_v_bias=-0.6 m_kl_max=0.0112 mpc_ms=35.1/251 cand=0.000 w_ax@goal=-0.02 return=997.7 length=94 success_rate=1.00 collisions/ep=0.00 (n=24)
update=43 global_step=88064 SPS=21 m_ev=0.971 m_v_bias=3.1 m_kl_max=0.0057 mpc_ms=38.5/797 cand=0.000 w_ax@goal=-0.01 return=998.1 length=96 success_rate=1.00 collisions/ep=0.00 (n=20)
update=44 global_step=90112 SPS=21 m_ev=0.959 m_v_bias=-6.3 m_kl_max=0.0308 mpc_ms=35.3/711 cand=0.000 w_ax@goal=+0.00 return=998.2 length=92 success_rate=1.00 collisions/ep=0.00 (n=22)
update=45 global_step=92160 SPS=21 m_ev=0.951 m_v_bias=5.8 m_kl_max=0.0150 mpc_ms=34.3/706 cand=0.000 w_ax@goal=-0.07 return=999.2 length=92 success_rate=1.00 collisions/ep=0.00 (n=24)
Evaluation at update 45: return=1009.59, length=80.70, success_rate=1.00, collisions/ep=0.00
Solved-check at update 45: solved=True worst_gap=3.07 at p_x0=0.00 p_y0=0.50 (consecutive=0)
update=46 global_step=94208 SPS=21 m_ev=0.977 m_v_bias=-1.6 m_kl_max=0.0088 mpc_ms=35.8/290 cand=0.000 w_ax@goal=+0.00 return=1000.3 length=89 success_rate=1.00 collisions/ep=0.00 (n=22)
update=47 global_step=96256 SPS=21 m_ev=0.992 m_v_bias=-11.6 m_kl_max=0.0081 mpc_ms=34.5/479 cand=0.000 w_ax@goal=+0.01 return=1002.7 length=88 success_rate=1.00 collisions/ep=0.00 (n=24)
update=48 global_step=98304 SPS=21 m_ev=0.989 m_v_bias=0.3 m_kl_max=0.0160 mpc_ms=37.5/279 cand=0.000 w_ax@goal=-0.04 return=1001.2 length=90 success_rate=1.00 collisions/ep=0.00 (n=23)
update=49 global_step=100352 SPS=21 m_ev=0.975 m_v_bias=3.7 m_kl_max=0.0178 mpc_ms=37.9/636 cand=0.000 w_ax@goal=-0.01 return=1000.2 length=90 success_rate=1.00 collisions/ep=0.00 (n=24)
update=50 global_step=102400 SPS=21 m_ev=0.976 m_v_bias=0.6 m_kl_max=0.0061 mpc_ms=37.0/798 cand=0.000 w_ax@goal=+0.10 return=1000.3 length=90 success_rate=1.00 collisions/ep=0.00 (n=19)
Evaluation at update 50: return=1009.09, length=81.20, success_rate=1.00, collisions/ep=0.00
Solved-check at update 50: solved=True worst_gap=4.04 at p_x0=0.00 p_y0=-0.50 (consecutive=1)
Solved criterion held for 2 consecutive evals (tolerance=5.0) at global_step=102400.
update=51 global_step=104448 SPS=21 m_ev=0.994 m_v_bias=-3.5 m_kl_max=0.0139 mpc_ms=35.9/295 cand=0.000 w_ax@goal=+0.01 return=1002.1 length=90 success_rate=1.00 collisions/ep=0.00 (n=23)
update=52 global_step=106496 SPS=21 m_ev=0.987 m_v_bias=3.7 m_kl_max=0.0251 mpc_ms=34.7/234 cand=0.000 w_ax@goal=+0.09 return=1001.9 length=89 success_rate=1.00 collisions/ep=0.00 (n=24)
update=53 global_step=108544 SPS=21 m_ev=0.981 m_v_bias=-2.2 m_kl_max=0.0044 mpc_ms=33.0/259 cand=0.000 w_ax@goal=+0.01 return=1002.3 length=89 success_rate=1.00 collisions/ep=0.00 (n=23)
update=54 global_step=110592 SPS=21 m_ev=0.994 m_v_bias=-5.5 m_kl_max=0.0144 mpc_ms=34.1/266 cand=0.000 w_ax@goal=-0.05 return=1004.5 length=85 success_rate=1.00 collisions/ep=0.00 (n=24)
update=55 global_step=112640 SPS=21 m_ev=0.970 m_v_bias=9.5 m_kl_max=0.0083 mpc_ms=34.6/780 cand=0.000 w_ax@goal=+0.01 return=1000.5 length=89 success_rate=1.00 collisions/ep=0.00 (n=24)
Evaluation at update 55: return=1009.29, length=81.00, success_rate=1.00, collisions/ep=0.00
Solved-check at update 55: solved=True worst_gap=4.04 at p_x0=0.50 p_y0=-0.50 (consecutive=2)
update=56 global_step=114688 SPS=21 m_ev=0.987 m_v_bias=-4.1 m_kl_max=0.0035 mpc_ms=35.8/267 cand=0.000 w_ax@goal=+0.01 return=1002.8 length=88 success_rate=1.00 collisions/ep=0.00 (n=24)
update=57 global_step=116736 SPS=21 m_ev=0.970 m_v_bias=6.5 m_kl_max=0.0090 mpc_ms=34.5/209 cand=0.000 w_ax@goal=-0.02 return=1001.3 length=89 success_rate=1.00 collisions/ep=0.00 (n=22)
update=58 global_step=118784 SPS=21 m_ev=0.992 m_v_bias=-5.4 m_kl_max=0.0082 mpc_ms=36.2/221 cand=0.000 w_ax@goal=+0.01 return=1004.2 length=86 success_rate=1.00 collisions/ep=0.00 (n=25)
update=59 global_step=120832 SPS=21 m_ev=0.979 m_v_bias=10.0 m_kl_max=0.0135 mpc_ms=35.4/249 cand=0.000 w_ax@goal=+0.03 return=1001.2 length=89 success_rate=1.00 collisions/ep=0.00 (n=22)
update=60 global_step=122880 SPS=21 m_ev=0.965 m_v_bias=-1.3 m_kl_max=0.0040 mpc_ms=37.7/217 cand=0.000 w_ax@goal=+0.02 return=1002.8 length=87 success_rate=1.00 collisions/ep=0.00 (n=23)
Evaluation at update 60: return=1010.20, length=80.10, success_rate=1.00, collisions/ep=0.00
Solved-check at update 60: solved=False worst_gap=5.14 at p_x0=2.00 p_y0=-1.00 (consecutive=3)
update=61 global_step=124928 SPS=21 m_ev=0.988 m_v_bias=-3.9 m_kl_max=0.0064 mpc_ms=39.0/387 cand=0.000 w_ax@goal=+0.05 return=1002.9 length=88 success_rate=1.00 collisions/ep=0.00 (n=23)
update=62 global_step=126976 SPS=21 m_ev=0.981 m_v_bias=1.8 m_kl_max=0.0045 mpc_ms=35.5/305 cand=0.000 w_ax@goal=-0.05 return=1003.0 length=90 success_rate=1.00 collisions/ep=0.00 (n=22)
update=63 global_step=129024 SPS=21 m_ev=0.986 m_v_bias=-5.0 m_kl_max=0.0085 mpc_ms=33.0/187 cand=0.000 w_ax@goal=-0.02 return=1003.5 length=87 success_rate=1.00 collisions/ep=0.00 (n=23)
update=64 global_step=131072 SPS=21 m_ev=0.986 m_v_bias=-0.1 m_kl_max=0.0056 mpc_ms=35.5/216 cand=0.000 w_ax@goal=+0.02 return=1003.9 length=86 success_rate=1.00 collisions/ep=0.00 (n=24)
update=65 global_step=133120 SPS=21 m_ev=0.992 m_v_bias=-3.9 m_kl_max=0.0088 mpc_ms=34.8/238 cand=0.000 w_ax@goal=-0.03 return=1004.4 length=87 success_rate=1.00 collisions/ep=0.00 (n=24)
Evaluation at update 65: return=1010.40, length=79.90, success_rate=1.00, collisions/ep=0.00
Solved-check at update 65: solved=True worst_gap=2.11 at p_x0=2.00 p_y0=-1.00 (consecutive=0)
update=66 global_step=135168 SPS=21 m_ev=0.986 m_v_bias=0.5 m_kl_max=0.0048 mpc_ms=35.4/235 cand=0.000 w_ax@goal=+0.01 return=1004.7 length=86 success_rate=1.00 collisions/ep=0.00 (n=26)
update=67 global_step=137216 SPS=21 m_ev=0.986 m_v_bias=-0.5 m_kl_max=0.0108 mpc_ms=34.0/279 cand=0.000 w_ax@goal=-0.02 return=1004.8 length=87 success_rate=1.00 collisions/ep=0.00 (n=22)
update=68 global_step=139264 SPS=21 m_ev=0.945 m_v_bias=11.3 m_kl_max=0.0147 mpc_ms=35.2/817 cand=0.000 w_ax@goal=-0.06 return=999.4 length=93 success_rate=1.00 collisions/ep=0.00 (n=21)
update=69 global_step=141312 SPS=21 m_ev=0.982 m_v_bias=-13.7 m_kl_max=0.0135 mpc_ms=34.8/768 cand=0.000 w_ax@goal=-0.01 return=1004.3 length=89 success_rate=1.00 collisions/ep=0.00 (n=23)
update=70 global_step=143360 SPS=21 m_ev=0.984 m_v_bias=1.6 m_kl_max=0.0184 mpc_ms=36.0/266 cand=0.000 w_ax@goal=-0.02 return=1003.9 length=87 success_rate=1.00 collisions/ep=0.00 (n=25)
Evaluation at update 70: return=1010.45, length=79.85, success_rate=1.00, collisions/ep=0.00
Solved-check at update 70: solved=True worst_gap=2.11 at p_x0=2.00 p_y0=-1.00 (consecutive=1)
update=71 global_step=145408 SPS=21 m_ev=0.983 m_v_bias=4.1 m_kl_max=0.0084 mpc_ms=34.5/481 cand=0.000 w_ax@goal=-0.01 return=1005.0 length=88 success_rate=1.00 collisions/ep=0.00 (n=23)
update=72 global_step=147456 SPS=21 m_ev=0.975 m_v_bias=1.4 m_kl_max=0.0039 mpc_ms=34.3/227 cand=0.000 w_ax@goal=+0.00 return=1005.0 length=87 success_rate=1.00 collisions/ep=0.00 (n=23)
update=73 global_step=149504 SPS=21 m_ev=0.995 m_v_bias=-9.2 m_kl_max=0.0096 mpc_ms=35.5/208 cand=0.000 w_ax@goal=-0.04 return=1004.6 length=86 success_rate=1.00 collisions/ep=0.00 (n=24)
update=74 global_step=151552 SPS=21 m_ev=0.978 m_v_bias=3.7 m_kl_max=0.0116 mpc_ms=36.0/408 cand=0.000 w_ax@goal=-0.01 return=1003.7 length=86 success_rate=1.00 collisions/ep=0.00 (n=24)
update=75 global_step=153600 SPS=21 m_ev=0.984 m_v_bias=4.1 m_kl_max=0.0035 mpc_ms=37.0/570 cand=0.000 w_ax@goal=-0.01 return=1003.0 length=87 success_rate=1.00 collisions/ep=0.00 (n=24)
Evaluation at update 75: return=1010.31, length=80.00, success_rate=1.00, collisions/ep=0.00
Solved-check at update 75: solved=False worst_gap=5.14 at p_x0=2.00 p_y0=-1.00 (consecutive=2)
update=76 global_step=155648 SPS=21 m_ev=0.982 m_v_bias=-3.9 m_kl_max=0.0137 mpc_ms=36.0/233 cand=0.000 w_ax@goal=-0.03 return=1005.4 length=83 success_rate=1.00 collisions/ep=0.00 (n=24)
update=77 global_step=157696 SPS=21 m_ev=0.983 m_v_bias=5.3 m_kl_max=0.0051 mpc_ms=36.2/773 cand=0.000 w_ax@goal=+0.02 return=1004.1 length=89 success_rate=1.00 collisions/ep=0.00 (n=24)
update=78 global_step=159744 SPS=21 m_ev=0.991 m_v_bias=-4.1 m_kl_max=0.0075 mpc_ms=37.9/697 cand=0.000 w_ax@goal=-0.01 return=1003.0 length=87 success_rate=1.00 collisions/ep=0.00 (n=23)
update=79 global_step=161792 SPS=21 m_ev=0.981 m_v_bias=-0.2 m_kl_max=0.0103 mpc_ms=35.0/270 cand=0.000 w_ax@goal=+0.02 return=1004.7 length=85 success_rate=1.00 collisions/ep=0.00 (n=24)
update=80 global_step=163840 SPS=21 m_ev=0.996 m_v_bias=-0.2 m_kl_max=0.0107 mpc_ms=35.1/242 cand=0.000 w_ax@goal=-0.06 return=1007.3 length=85 success_rate=1.00 collisions/ep=0.00 (n=25)
Evaluation at update 80: return=1010.40, length=79.90, success_rate=1.00, collisions/ep=0.00
Solved-check at update 80: solved=True worst_gap=2.11 at p_x0=2.00 p_y0=-1.00 (consecutive=0)
update=81 global_step=165888 SPS=21 m_ev=0.995 m_v_bias=-0.1 m_kl_max=0.0070 mpc_ms=36.3/203 cand=0.000 w_ax@goal=-0.02 return=1006.6 length=82 success_rate=1.00 collisions/ep=0.00 (n=24)
update=82 global_step=167936 SPS=21 m_ev=0.987 m_v_bias=5.3 m_kl_max=0.0013 mpc_ms=35.7/448 cand=0.000 w_ax@goal=-0.01 return=1006.7 length=84 success_rate=1.00 collisions/ep=0.00 (n=25)
update=83 global_step=169984 SPS=21 m_ev=0.991 m_v_bias=-3.1 m_kl_max=0.0094 mpc_ms=35.8/361 cand=0.000 w_ax@goal=+0.01 return=1005.5 length=86 success_rate=1.00 collisions/ep=0.00 (n=23)
update=84 global_step=172032 SPS=21 m_ev=0.977 m_v_bias=4.0 m_kl_max=0.0277 mpc_ms=35.7/318 cand=0.000 w_ax@goal=-0.01 return=1002.3 length=90 success_rate=1.00 collisions/ep=0.00 (n=24)
update=85 global_step=174080 SPS=21 m_ev=0.985 m_v_bias=-2.1 m_kl_max=0.0044 mpc_ms=36.9/264 cand=0.000 w_ax@goal=-0.02 return=1004.6 length=85 success_rate=1.00 collisions/ep=0.00 (n=24)
Evaluation at update 85: return=1010.45, length=79.85, success_rate=1.00, collisions/ep=0.00
Solved-check at update 85: solved=True worst_gap=2.05 at p_x0=0.00 p_y0=0.00 (consecutive=1)
update=86 global_step=176128 SPS=21 m_ev=0.988 m_v_bias=-5.0 m_kl_max=0.0035 mpc_ms=33.9/225 cand=0.000 w_ax@goal=-0.04 return=1006.0 length=84 success_rate=1.00 collisions/ep=0.00 (n=24)
update=87 global_step=178176 SPS=21 m_ev=0.973 m_v_bias=7.1 m_kl_max=0.0110 mpc_ms=36.2/635 cand=0.000 w_ax@goal=+0.01 return=1003.8 length=87 success_rate=1.00 collisions/ep=0.00 (n=24)
update=88 global_step=180224 SPS=21 m_ev=0.994 m_v_bias=-5.4 m_kl_max=0.0086 mpc_ms=34.1/202 cand=0.000 w_ax@goal=-0.02 return=1005.8 length=82 success_rate=1.00 collisions/ep=0.00 (n=24)
update=89 global_step=182272 SPS=21 m_ev=0.992 m_v_bias=-1.4 m_kl_max=0.0197 mpc_ms=36.8/284 cand=0.000 w_ax@goal=+0.03 return=1006.3 length=83 success_rate=1.00 collisions/ep=0.00 (n=24)
update=90 global_step=184320 SPS=21 m_ev=0.991 m_v_bias=7.5 m_kl_max=0.0094 mpc_ms=36.1/281 cand=0.000 w_ax@goal=+0.01 return=1005.7 length=84 success_rate=1.00 collisions/ep=0.00 (n=25)
Evaluation at update 90: return=1010.10, length=80.20, success_rate=1.00, collisions/ep=0.00
Solved-check at update 90: solved=True worst_gap=3.04 at p_x0=0.00 p_y0=-0.50 (consecutive=2)
update=91 global_step=186368 SPS=21 m_ev=0.991 m_v_bias=-4.8 m_kl_max=0.0183 mpc_ms=33.5/366 cand=0.000 w_ax@goal=-0.01 return=1005.6 length=84 success_rate=1.00 collisions/ep=0.00 (n=25)
update=92 global_step=188416 SPS=21 m_ev=0.992 m_v_bias=1.5 m_kl_max=0.0153 mpc_ms=34.2/745 cand=0.000 w_ax@goal=-0.02 return=1006.0 length=84 success_rate=1.00 collisions/ep=0.00 (n=24)
update=93 global_step=190464 SPS=21 m_ev=0.992 m_v_bias=2.3 m_kl_max=0.0025 mpc_ms=35.9/1047 cand=0.000 w_ax@goal=+0.01 return=1005.6 length=86 success_rate=1.00 collisions/ep=0.00 (n=25)
update=94 global_step=192512 SPS=21 m_ev=0.993 m_v_bias=-4.0 m_kl_max=0.0123 mpc_ms=35.3/300 cand=0.000 w_ax@goal=-0.00 return=1007.1 length=83 success_rate=1.00 collisions/ep=0.00 (n=24)
update=95 global_step=194560 SPS=21 m_ev=0.978 m_v_bias=6.5 m_kl_max=0.0163 mpc_ms=47.4/420 cand=0.000 w_ax@goal=+0.01 return=1004.1 length=87 success_rate=1.00 collisions/ep=0.00 (n=22)
Evaluation at update 95: return=1010.40, length=79.90, success_rate=1.00, collisions/ep=0.00
Solved-check at update 95: solved=True worst_gap=3.04 at p_x0=0.00 p_y0=-0.50 (consecutive=3)
update=96 global_step=196608 SPS=21 m_ev=0.996 m_v_bias=-2.3 m_kl_max=0.0262 mpc_ms=34.1/265 cand=0.000 w_ax@goal=-0.01 return=1007.2 length=84 success_rate=1.00 collisions/ep=0.00 (n=24)
update=97 global_step=198656 SPS=21 m_ev=0.986 m_v_bias=1.0 m_kl_max=0.0132 mpc_ms=34.9/554 cand=0.000 w_ax@goal=-0.03 return=1006.9 length=85 success_rate=1.00 collisions/ep=0.00 (n=24)
update=98 global_step=200704 SPS=21 m_ev=0.980 m_v_bias=3.5 m_kl_max=0.0288 mpc_ms=35.4/228 cand=0.000 w_ax@goal=-0.00 return=1005.9 length=86 success_rate=1.00 collisions/ep=0.00 (n=23)
update=99 global_step=202752 SPS=21 m_ev=0.981 m_v_bias=0.2 m_kl_max=0.0098 mpc_ms=34.5/242 cand=0.000 w_ax@goal=-0.02 return=1005.0 length=87 success_rate=1.00 collisions/ep=0.00 (n=26)
update=100 global_step=204800 SPS=21 m_ev=0.978 m_v_bias=-2.4 m_kl_max=0.0042 mpc_ms=35.7/212 cand=0.000 w_ax@goal=+0.01 return=1005.5 length=85 success_rate=1.00 collisions/ep=0.00 (n=24)
Evaluation at update 100: return=1010.56, length=79.75, success_rate=1.00, collisions/ep=0.00
Solved-check at update 100: solved=True worst_gap=2.04 at p_x0=0.00 p_y0=0.00 (consecutive=4)
Saved checkpoints to C:\Users\loren\Desktop\MASTER THESIS\5_CODE\scenarios\slalom\studies\init_sampler\ppo_mpc_uniform\runs\ppo_mpc_slalom_13_1791255844
