Using device: cpu
Solved-check: precomputed optimal returns for 25 fixed initial conditions (mean=1011.8, min=1007.0, max=1014.0); solved-tolerance=5.0
Goal box: +-1.800 m (1.5x segment-reachable; segment-reachable displacement = 1.200 m)
tube MPC: W disks of radii (p, v) [0. 0.], RPI s=0 alpha=0; Z radii (p, v) = [0. 0.]
  X0 (-) Z: p_x [-1.000, 11.000], p_y [-1.999, 1.999], ||v|| <= 1.200; V = U (-) KZ: ||u|| <= 2.500; K = [-7.613 -4.585] per axis
  4 obstacles, 132 binaries before fixing, max big-M 9.00; horizon N=10, stopping time 5 steps
num_envs=8 num_steps_per_env=256 batch_size=2048 num_updates=100 timesteps=204800
update=1 global_step=2048 SPS=90 m_ev=0.001 m_v_bias=43.0 m_kl_max=0.0052 mpc_ms=10.7/128 cand=0.022 return=-198.7 length=200 success_rate=0.00 collisions/ep=0.00 (n=8)
update=2 global_step=4096 SPS=93 m_ev=-0.667 m_v_bias=25.6 m_kl_max=0.0052 mpc_ms=10.1/67 cand=0.022 return=-194.5 length=200 success_rate=0.00 collisions/ep=0.00 (n=8)
update=3 global_step=6144 SPS=76 m_ev=-0.378 m_v_bias=10.5 m_kl_max=0.0306 mpc_ms=17.7/300 cand=0.005 return=-198.4 length=200 success_rate=0.00 collisions/ep=0.00 (n=8)
update=4 global_step=8192 SPS=62 m_ev=-0.049 m_v_bias=5.5 m_kl_max=0.0460 mpc_ms=24.6/307 cand=0.006 return=-171.1 length=200 success_rate=0.00 collisions/ep=0.00 (n=16)
update=5 global_step=10240 SPS=54 m_ev=0.306 m_v_bias=-0.6 m_kl_max=0.0420 mpc_ms=26.5/529 cand=0.005 return=-159.8 length=200 success_rate=0.00 collisions/ep=0.00 (n=8)
Evaluation at update 5: return=-141.25, length=200.00, success_rate=0.00, collisions/ep=0.00
Solved-check at update 5: solved=False worst_gap=1161.23 at p_x0=2.00 p_y0=0.50 (consecutive=0)
update=6 global_step=12288 SPS=28 m_ev=0.509 m_v_bias=3.4 m_kl_max=0.0389 mpc_ms=33.7/708 cand=0.000 return=-146.8 length=200 success_rate=0.00 collisions/ep=0.00 (n=8)
update=7 global_step=14336 SPS=28 m_ev=0.802 m_v_bias=3.1 m_kl_max=0.0651 mpc_ms=30.6/279 cand=0.002 return=-153.5 length=200 success_rate=0.00 collisions/ep=0.00 (n=8)
update=8 global_step=16384 SPS=29 m_ev=-0.040 m_v_bias=-37.1 m_kl_max=0.0200 mpc_ms=29.2/355 cand=0.001 w_ax@goal=-0.12 return=-84.3 length=200 success_rate=0.06 collisions/ep=0.00 (n=16)
update=9 global_step=18432 SPS=29 m_ev=-1.601 m_v_bias=2.6 m_kl_max=0.0133 mpc_ms=33.7/789 cand=0.000 return=-145.4 length=200 success_rate=0.00 collisions/ep=0.00 (n=8)
update=10 global_step=20480 SPS=29 m_ev=-0.010 m_v_bias=-13.3 m_kl_max=0.0285 mpc_ms=29.1/254 cand=0.001 w_ax@goal=-0.36 return=-21.3 length=195 success_rate=0.11 collisions/ep=0.00 (n=9)
Evaluation at update 10: return=-151.66, length=200.00, success_rate=0.00, collisions/ep=0.00
Solved-check at update 10: solved=False worst_gap=1190.07 at p_x0=2.00 p_y0=1.00 (consecutive=0)
update=11 global_step=22528 SPS=20 m_ev=-1.092 m_v_bias=7.6 m_kl_max=0.0098 mpc_ms=26.8/263 cand=0.000 w_ax@goal=-1.26 return=-140.9 length=200 success_rate=0.00 collisions/ep=0.00 (n=15)
update=12 global_step=24576 SPS=21 m_ev=0.418 m_v_bias=6.2 m_kl_max=0.0159 mpc_ms=28.2/265 cand=0.001 return=-142.5 length=200 success_rate=0.00 collisions/ep=0.00 (n=8)
update=13 global_step=26624 SPS=22 m_ev=0.798 m_v_bias=4.2 m_kl_max=0.0233 mpc_ms=26.4/350 cand=0.006 return=-143.3 length=200 success_rate=0.00 collisions/ep=0.00 (n=8)
update=14 global_step=28672 SPS=23 m_ev=0.868 m_v_bias=3.0 m_kl_max=0.0160 mpc_ms=26.9/296 cand=0.000 w_ax@goal=-0.59 return=-139.9 length=200 success_rate=0.00 collisions/ep=0.00 (n=9)
update=15 global_step=30720 SPS=23 m_ev=-0.009 m_v_bias=-7.8 m_kl_max=0.0070 mpc_ms=28.9/688 cand=0.000 w_ax@goal=-0.38 return=-67.5 length=200 success_rate=0.07 collisions/ep=0.00 (n=15)
Evaluation at update 15: return=-141.18, length=200.00, success_rate=0.00, collisions/ep=0.00
Solved-check at update 15: solved=False worst_gap=1161.17 at p_x0=2.00 p_y0=0.00 (consecutive=0)
update=16 global_step=32768 SPS=21 m_ev=0.000 m_v_bias=-87.3 m_kl_max=0.0188 mpc_ms=32.4/851 cand=0.000 w_ax@goal=-0.15 return=223.1 length=180 success_rate=0.33 collisions/ep=0.00 (n=9)
update=17 global_step=34816 SPS=21 m_ev=0.296 m_v_bias=-161.5 m_kl_max=0.0318 mpc_ms=31.7/443 cand=0.000 w_ax@goal=-0.27 return=539.2 length=177 success_rate=0.64 collisions/ep=0.00 (n=11)
update=18 global_step=36864 SPS=21 m_ev=0.428 m_v_bias=-87.1 m_kl_max=0.0164 mpc_ms=30.1/685 cand=0.001 w_ax@goal=-0.19 return=478.9 length=168 success_rate=0.57 collisions/ep=0.00 (n=14)
update=19 global_step=38912 SPS=22 m_ev=0.392 m_v_bias=8.3 m_kl_max=0.0132 mpc_ms=31.2/498 cand=0.000 w_ax@goal=-0.04 return=525.9 length=163 success_rate=0.62 collisions/ep=0.00 (n=13)
update=20 global_step=40960 SPS=22 m_ev=0.730 m_v_bias=26.2 m_kl_max=0.0207 mpc_ms=26.8/765 cand=0.003 w_ax@goal=+0.04 return=438.9 length=167 success_rate=0.55 collisions/ep=0.00 (n=11)
Evaluation at update 20: return=354.85, length=151.45, success_rate=0.45, collisions/ep=0.00
Solved-check at update 20: solved=False worst_gap=1191.06 at p_x0=2.00 p_y0=0.00 (consecutive=0)
update=21 global_step=43008 SPS=21 m_ev=0.812 m_v_bias=-38.0 m_kl_max=0.0338 mpc_ms=28.4/230 cand=0.000 w_ax@goal=-0.05 return=566.4 length=147 success_rate=0.64 collisions/ep=0.00 (n=14)
update=22 global_step=45056 SPS=21 m_ev=0.434 m_v_bias=42.5 m_kl_max=0.0090 mpc_ms=34.6/628 cand=0.001 w_ax@goal=-0.26 return=402.2 length=170 success_rate=0.50 collisions/ep=0.00 (n=12)
update=23 global_step=47104 SPS=21 m_ev=0.688 m_v_bias=14.6 m_kl_max=0.0249 mpc_ms=32.1/238 cand=0.000 w_ax@goal=+0.05 return=648.7 length=146 success_rate=0.71 collisions/ep=0.00 (n=14)
update=24 global_step=49152 SPS=22 m_ev=0.789 m_v_bias=-53.8 m_kl_max=0.0086 mpc_ms=34.4/301 cand=0.001 w_ax@goal=+0.01 return=689.4 length=149 success_rate=0.75 collisions/ep=0.00 (n=16)
update=25 global_step=51200 SPS=22 m_ev=0.698 m_v_bias=0.6 m_kl_max=0.0194 mpc_ms=33.8/706 cand=0.000 w_ax@goal=-0.01 return=836.0 length=127 success_rate=0.88 collisions/ep=0.00 (n=16)
Evaluation at update 25: return=182.03, length=165.20, success_rate=0.30, collisions/ep=0.00
Solved-check at update 25: solved=False worst_gap=1191.07 at p_x0=2.00 p_y0=0.50 (consecutive=0)
update=26 global_step=53248 SPS=21 m_ev=0.735 m_v_bias=33.8 m_kl_max=0.0152 mpc_ms=35.0/329 cand=0.000 w_ax@goal=-0.04 return=696.4 length=153 success_rate=0.77 collisions/ep=0.00 (n=13)
update=27 global_step=55296 SPS=21 m_ev=0.818 m_v_bias=18.0 m_kl_max=0.0300 mpc_ms=32.3/532 cand=0.000 w_ax@goal=-0.03 return=613.1 length=160 success_rate=0.69 collisions/ep=0.00 (n=13)
update=28 global_step=57344 SPS=21 m_ev=0.873 m_v_bias=-26.4 m_kl_max=0.0265 mpc_ms=33.3/189 cand=0.000 w_ax@goal=+0.01 return=867.7 length=141 success_rate=0.92 collisions/ep=0.00 (n=13)
update=29 global_step=59392 SPS=21 m_ev=0.864 m_v_bias=-25.9 m_kl_max=0.0195 mpc_ms=36.6/487 cand=0.000 w_ax@goal=-0.19 return=689.3 length=166 success_rate=0.77 collisions/ep=0.00 (n=13)
update=30 global_step=61440 SPS=21 m_ev=0.871 m_v_bias=-43.1 m_kl_max=0.0076 mpc_ms=37.2/261 cand=0.000 w_ax@goal=-0.07 return=966.3 length=125 success_rate=1.00 collisions/ep=0.00 (n=17)
Evaluation at update 30: return=1007.43, length=82.45, success_rate=1.00, collisions/ep=0.00
Solved-check at update 30: solved=False worst_gap=17.26 at p_x0=2.00 p_y0=-1.00 (consecutive=0)
update=31 global_step=63488 SPS=21 m_ev=0.870 m_v_bias=12.0 m_kl_max=0.0214 mpc_ms=37.0/374 cand=0.000 w_ax@goal=+0.03 return=972.0 length=120 success_rate=1.00 collisions/ep=0.00 (n=17)
update=32 global_step=65536 SPS=21 m_ev=0.875 m_v_bias=-10.5 m_kl_max=0.0106 mpc_ms=35.2/643 cand=0.000 w_ax@goal=-0.04 return=967.3 length=123 success_rate=1.00 collisions/ep=0.00 (n=17)
update=33 global_step=67584 SPS=21 m_ev=0.916 m_v_bias=-15.6 m_kl_max=0.0077 mpc_ms=34.5/551 cand=0.000 w_ax@goal=-0.00 return=987.9 length=105 success_rate=1.00 collisions/ep=0.00 (n=20)
update=34 global_step=69632 SPS=21 m_ev=0.935 m_v_bias=-17.3 m_kl_max=0.0129 mpc_ms=37.1/946 cand=0.000 w_ax@goal=-0.03 return=985.5 length=105 success_rate=1.00 collisions/ep=0.00 (n=19)
update=35 global_step=71680 SPS=21 m_ev=0.955 m_v_bias=-5.0 m_kl_max=0.0130 mpc_ms=39.6/870 cand=0.000 w_ax@goal=+0.07 return=987.1 length=103 success_rate=1.00 collisions/ep=0.00 (n=20)
Evaluation at update 35: return=1008.18, length=81.75, success_rate=1.00, collisions/ep=0.00
Solved-check at update 35: solved=False worst_gap=5.12 at p_x0=0.00 p_y0=0.00 (consecutive=0)
update=36 global_step=73728 SPS=21 m_ev=0.946 m_v_bias=-5.0 m_kl_max=0.0123 mpc_ms=37.1/332 cand=0.000 w_ax@goal=-0.02 return=989.9 length=98 success_rate=1.00 collisions/ep=0.00 (n=20)
update=37 global_step=75776 SPS=21 m_ev=0.934 m_v_bias=8.4 m_kl_max=0.0195 mpc_ms=33.9/276 cand=0.000 w_ax@goal=+0.09 return=992.3 length=98 success_rate=1.00 collisions/ep=0.00 (n=22)
update=38 global_step=77824 SPS=21 m_ev=0.949 m_v_bias=-17.0 m_kl_max=0.0048 mpc_ms=36.4/778 cand=0.000 w_ax@goal=-0.04 return=992.9 length=96 success_rate=1.00 collisions/ep=0.00 (n=22)
update=39 global_step=79872 SPS=21 m_ev=0.968 m_v_bias=-5.9 m_kl_max=0.0063 mpc_ms=37.4/719 cand=0.000 w_ax@goal=-0.05 return=995.9 length=94 success_rate=1.00 collisions/ep=0.00 (n=21)
update=40 global_step=81920 SPS=21 m_ev=0.950 m_v_bias=14.2 m_kl_max=0.0218 mpc_ms=35.4/705 cand=0.000 w_ax@goal=-0.00 return=995.5 length=96 success_rate=1.00 collisions/ep=0.00 (n=22)
Evaluation at update 40: return=1008.81, length=81.15, success_rate=1.00, collisions/ep=0.00
Solved-check at update 40: solved=False worst_gap=5.07 at p_x0=0.00 p_y0=-0.50 (consecutive=0)
update=41 global_step=83968 SPS=21 m_ev=0.981 m_v_bias=-5.1 m_kl_max=0.0088 mpc_ms=36.0/202 cand=0.000 w_ax@goal=+0.05 return=997.1 length=93 success_rate=1.00 collisions/ep=0.00 (n=22)
update=42 global_step=86016 SPS=21 m_ev=0.972 m_v_bias=0.7 m_kl_max=0.0193 mpc_ms=35.2/220 cand=0.000 w_ax@goal=+0.05 return=996.5 length=92 success_rate=1.00 collisions/ep=0.00 (n=23)
update=43 global_step=88064 SPS=21 m_ev=0.966 m_v_bias=-0.4 m_kl_max=0.0122 mpc_ms=46.5/366 cand=0.000 w_ax@goal=-0.05 return=1000.2 length=92 success_rate=1.00 collisions/ep=0.00 (n=21)
update=44 global_step=90112 SPS=21 m_ev=0.973 m_v_bias=1.2 m_kl_max=0.0045 mpc_ms=37.6/201 cand=0.000 w_ax@goal=-0.01 return=998.8 length=93 success_rate=1.00 collisions/ep=0.00 (n=22)
update=45 global_step=92160 SPS=21 m_ev=0.976 m_v_bias=-2.6 m_kl_max=0.0060 mpc_ms=34.9/244 cand=0.000 w_ax@goal=+0.04 return=998.3 length=92 success_rate=1.00 collisions/ep=0.00 (n=23)
Evaluation at update 45: return=1009.43, length=80.55, success_rate=1.00, collisions/ep=0.00
Solved-check at update 45: solved=True worst_gap=4.05 at p_x0=0.00 p_y0=-0.50 (consecutive=0)
update=46 global_step=94208 SPS=21 m_ev=0.960 m_v_bias=0.9 m_kl_max=0.0241 mpc_ms=37.3/302 cand=0.000 w_ax@goal=-0.01 return=999.6 length=90 success_rate=1.00 collisions/ep=0.00 (n=23)
update=47 global_step=96256 SPS=21 m_ev=0.986 m_v_bias=-6.4 m_kl_max=0.0040 mpc_ms=38.0/765 cand=0.000 w_ax@goal=+0.05 return=1000.0 length=90 success_rate=1.00 collisions/ep=0.00 (n=23)
update=48 global_step=98304 SPS=21 m_ev=0.985 m_v_bias=1.7 m_kl_max=0.0166 mpc_ms=35.7/208 cand=0.000 w_ax@goal=+0.04 return=1000.6 length=90 success_rate=1.00 collisions/ep=0.00 (n=23)
update=49 global_step=100352 SPS=21 m_ev=0.959 m_v_bias=8.6 m_kl_max=0.0124 mpc_ms=36.8/245 cand=0.000 w_ax@goal=-0.03 return=999.1 length=92 success_rate=1.00 collisions/ep=0.00 (n=21)
update=50 global_step=102400 SPS=21 m_ev=0.940 m_v_bias=1.8 m_kl_max=0.0073 mpc_ms=36.3/691 cand=0.000 w_ax@goal=+0.03 return=994.2 length=95 success_rate=1.00 collisions/ep=0.00 (n=22)
Evaluation at update 50: return=1009.69, length=80.30, success_rate=1.00, collisions/ep=0.00
Solved-check at update 50: solved=True worst_gap=3.05 at p_x0=0.00 p_y0=0.00 (consecutive=1)
Solved criterion held for 2 consecutive evals (tolerance=5.0) at global_step=102400.
update=51 global_step=104448 SPS=21 m_ev=0.976 m_v_bias=-10.0 m_kl_max=0.0172 mpc_ms=34.0/209 cand=0.000 w_ax@goal=-0.06 return=1002.5 length=86 success_rate=1.00 collisions/ep=0.00 (n=25)
update=52 global_step=106496 SPS=21 m_ev=0.982 m_v_bias=-1.9 m_kl_max=0.0079 mpc_ms=35.6/273 cand=0.000 w_ax@goal=+0.02 return=1001.0 length=91 success_rate=1.00 collisions/ep=0.00 (n=23)
update=53 global_step=108544 SPS=21 m_ev=0.977 m_v_bias=4.1 m_kl_max=0.0088 mpc_ms=36.3/184 cand=0.000 w_ax@goal=-0.00 return=1000.8 length=89 success_rate=1.00 collisions/ep=0.00 (n=21)
update=54 global_step=110592 SPS=21 m_ev=0.977 m_v_bias=-2.3 m_kl_max=0.0231 mpc_ms=35.1/231 cand=0.000 w_ax@goal=-0.03 return=999.2 length=90 success_rate=1.00 collisions/ep=0.00 (n=23)
update=55 global_step=112640 SPS=21 m_ev=0.980 m_v_bias=-4.1 m_kl_max=0.0113 mpc_ms=36.7/836 cand=0.000 w_ax@goal=+0.01 return=1002.4 length=86 success_rate=1.00 collisions/ep=0.00 (n=23)
Evaluation at update 55: return=1009.14, length=80.85, success_rate=1.00, collisions/ep=0.00
Solved-check at update 55: solved=True worst_gap=4.05 at p_x0=0.00 p_y0=0.00 (consecutive=2)
update=56 global_step=114688 SPS=21 m_ev=0.993 m_v_bias=-2.7 m_kl_max=0.0095 mpc_ms=34.4/307 cand=0.000 w_ax@goal=-0.02 return=1002.1 length=89 success_rate=1.00 collisions/ep=0.00 (n=24)
update=57 global_step=116736 SPS=21 m_ev=0.985 m_v_bias=0.9 m_kl_max=0.0058 mpc_ms=35.1/222 cand=0.000 w_ax@goal=-0.05 return=1002.9 length=90 success_rate=1.00 collisions/ep=0.00 (n=22)
update=58 global_step=118784 SPS=21 m_ev=0.981 m_v_bias=3.8 m_kl_max=0.0063 mpc_ms=35.7/212 cand=0.000 w_ax@goal=-0.02 return=1001.2 length=90 success_rate=1.00 collisions/ep=0.00 (n=23)
update=59 global_step=120832 SPS=21 m_ev=0.986 m_v_bias=1.9 m_kl_max=0.0102 mpc_ms=34.3/276 cand=0.000 w_ax@goal=+0.02 return=1000.5 length=92 success_rate=1.00 collisions/ep=0.00 (n=23)
update=60 global_step=122880 SPS=21 m_ev=0.984 m_v_bias=-2.8 m_kl_max=0.0057 mpc_ms=35.6/388 cand=0.000 w_ax@goal=-0.03 return=1005.2 length=86 success_rate=1.00 collisions/ep=0.00 (n=22)
Evaluation at update 60: return=1009.55, length=80.45, success_rate=1.00, collisions/ep=0.00
Solved-check at update 60: solved=True worst_gap=3.04 at p_x0=0.50 p_y0=0.00 (consecutive=3)
update=61 global_step=124928 SPS=21 m_ev=0.987 m_v_bias=-1.1 m_kl_max=0.0063 mpc_ms=36.7/212 cand=0.000 w_ax@goal=-0.00 return=1000.7 length=89 success_rate=1.00 collisions/ep=0.00 (n=25)
update=62 global_step=126976 SPS=21 m_ev=0.987 m_v_bias=2.0 m_kl_max=0.0063 mpc_ms=36.0/259 cand=0.000 w_ax@goal=+0.01 return=1003.5 length=86 success_rate=1.00 collisions/ep=0.00 (n=23)
update=63 global_step=129024 SPS=21 m_ev=0.987 m_v_bias=0.4 m_kl_max=0.0057 mpc_ms=33.2/205 cand=0.000 w_ax@goal=-0.01 return=1001.2 length=91 success_rate=1.00 collisions/ep=0.00 (n=24)
update=64 global_step=131072 SPS=21 m_ev=0.993 m_v_bias=-1.2 m_kl_max=0.0079 mpc_ms=35.7/225 cand=0.000 w_ax@goal=+0.03 return=1004.0 length=88 success_rate=1.00 collisions/ep=0.00 (n=23)
update=65 global_step=133120 SPS=21 m_ev=0.994 m_v_bias=-1.7 m_kl_max=0.0037 mpc_ms=35.2/1009 cand=0.000 w_ax@goal=-0.01 return=1004.1 length=89 success_rate=1.00 collisions/ep=0.00 (n=23)
Evaluation at update 65: return=1010.00, length=80.00, success_rate=1.00, collisions/ep=0.00
Solved-check at update 65: solved=False worst_gap=5.14 at p_x0=2.00 p_y0=-1.00 (consecutive=4)
update=66 global_step=135168 SPS=21 m_ev=0.988 m_v_bias=0.5 m_kl_max=0.0042 mpc_ms=35.5/995 cand=0.000 w_ax@goal=-0.01 return=1003.6 length=89 success_rate=1.00 collisions/ep=0.00 (n=23)
update=67 global_step=137216 SPS=21 m_ev=0.980 m_v_bias=2.2 m_kl_max=0.0220 mpc_ms=36.5/776 cand=0.000 w_ax@goal=-0.03 return=1002.3 length=87 success_rate=1.00 collisions/ep=0.00 (n=24)
update=68 global_step=139264 SPS=21 m_ev=0.978 m_v_bias=2.4 m_kl_max=0.0096 mpc_ms=35.4/254 cand=0.000 w_ax@goal=-0.04 return=1004.0 length=89 success_rate=1.00 collisions/ep=0.00 (n=21)
update=69 global_step=141312 SPS=21 m_ev=0.982 m_v_bias=3.4 m_kl_max=0.0070 mpc_ms=34.2/817 cand=0.000 w_ax@goal=-0.02 return=1002.7 length=88 success_rate=1.00 collisions/ep=0.00 (n=23)
update=70 global_step=143360 SPS=21 m_ev=0.988 m_v_bias=-4.1 m_kl_max=0.0118 mpc_ms=34.8/220 cand=0.000 w_ax@goal=-0.05 return=1003.3 length=87 success_rate=1.00 collisions/ep=0.00 (n=23)
Evaluation at update 70: return=1009.75, length=80.25, success_rate=1.00, collisions/ep=0.00
Solved-check at update 70: solved=True worst_gap=3.05 at p_x0=0.00 p_y0=0.00 (consecutive=0)
update=71 global_step=145408 SPS=21 m_ev=0.983 m_v_bias=1.8 m_kl_max=0.0067 mpc_ms=36.9/736 cand=0.000 w_ax@goal=+0.03 return=1003.0 length=89 success_rate=1.00 collisions/ep=0.00 (n=24)
update=72 global_step=147456 SPS=21 m_ev=0.994 m_v_bias=-4.8 m_kl_max=0.0051 mpc_ms=34.8/223 cand=0.000 w_ax@goal=-0.00 return=1004.5 length=86 success_rate=1.00 collisions/ep=0.00 (n=25)
update=73 global_step=149504 SPS=21 m_ev=0.995 m_v_bias=-5.2 m_kl_max=0.0055 mpc_ms=36.0/689 cand=0.000 w_ax@goal=-0.02 return=1005.8 length=85 success_rate=1.00 collisions/ep=0.00 (n=24)
update=74 global_step=151552 SPS=21 m_ev=0.987 m_v_bias=3.0 m_kl_max=0.0060 mpc_ms=34.8/622 cand=0.000 w_ax@goal=-0.03 return=1005.1 length=87 success_rate=1.00 collisions/ep=0.00 (n=23)
update=75 global_step=153600 SPS=21 m_ev=0.989 m_v_bias=2.4 m_kl_max=0.0148 mpc_ms=36.6/287 cand=0.000 w_ax@goal=+0.01 return=1004.9 length=85 success_rate=1.00 collisions/ep=0.00 (n=24)
Evaluation at update 75: return=1009.85, length=80.15, success_rate=1.00, collisions/ep=0.00
Solved-check at update 75: solved=True worst_gap=3.04 at p_x0=0.00 p_y0=0.00 (consecutive=1)
update=76 global_step=155648 SPS=21 m_ev=0.957 m_v_bias=9.8 m_kl_max=0.0058 mpc_ms=35.7/212 cand=0.000 w_ax@goal=-0.00 return=1000.3 length=92 success_rate=1.00 collisions/ep=0.00 (n=23)
update=77 global_step=157696 SPS=21 m_ev=0.990 m_v_bias=-5.5 m_kl_max=0.0059 mpc_ms=34.2/215 cand=0.000 w_ax@goal=-0.00 return=1004.8 length=87 success_rate=1.00 collisions/ep=0.00 (n=24)
update=78 global_step=159744 SPS=21 m_ev=0.984 m_v_bias=-0.5 m_kl_max=0.0036 mpc_ms=34.8/192 cand=0.000 w_ax@goal=+0.01 return=1004.7 length=88 success_rate=1.00 collisions/ep=0.00 (n=23)
update=79 global_step=161792 SPS=21 m_ev=0.989 m_v_bias=-5.7 m_kl_max=0.0118 mpc_ms=33.6/846 cand=0.000 w_ax@goal=+0.03 return=1004.5 length=86 success_rate=1.00 collisions/ep=0.00 (n=23)
update=80 global_step=163840 SPS=21 m_ev=0.992 m_v_bias=-0.2 m_kl_max=0.0026 mpc_ms=36.0/665 cand=0.000 w_ax@goal=+0.02 return=1005.1 length=86 success_rate=1.00 collisions/ep=0.00 (n=25)
Evaluation at update 80: return=1010.10, length=79.90, success_rate=1.00, collisions/ep=0.00
Solved-check at update 80: solved=True worst_gap=3.03 at p_x0=0.50 p_y0=-0.50 (consecutive=2)
update=81 global_step=165888 SPS=21 m_ev=0.993 m_v_bias=-1.8 m_kl_max=0.0073 mpc_ms=34.7/458 cand=0.000 w_ax@goal=-0.02 return=1004.8 length=85 success_rate=1.00 collisions/ep=0.00 (n=25)
update=82 global_step=167936 SPS=21 m_ev=0.996 m_v_bias=-4.1 m_kl_max=0.0074 mpc_ms=35.7/766 cand=0.000 w_ax@goal=-0.02 return=1007.6 length=84 success_rate=1.00 collisions/ep=0.00 (n=23)
update=83 global_step=169984 SPS=21 m_ev=0.989 m_v_bias=1.2 m_kl_max=0.0075 mpc_ms=36.1/218 cand=0.000 w_ax@goal=-0.00 return=1006.3 length=87 success_rate=1.00 collisions/ep=0.00 (n=25)
update=84 global_step=172032 SPS=21 m_ev=0.994 m_v_bias=-0.1 m_kl_max=0.0056 mpc_ms=34.4/243 cand=0.000 w_ax@goal=-0.01 return=1006.3 length=85 success_rate=1.00 collisions/ep=0.00 (n=23)
update=85 global_step=174080 SPS=21 m_ev=0.983 m_v_bias=3.6 m_kl_max=0.0043 mpc_ms=35.0/720 cand=0.000 w_ax@goal=-0.02 return=1005.6 length=85 success_rate=1.00 collisions/ep=0.00 (n=23)
Evaluation at update 85: return=1010.51, length=79.50, success_rate=1.00, collisions/ep=0.00
Solved-check at update 85: solved=False worst_gap=5.13 at p_x0=2.00 p_y0=-1.00 (consecutive=3)
update=86 global_step=176128 SPS=21 m_ev=0.983 m_v_bias=3.0 m_kl_max=0.0103 mpc_ms=35.1/529 cand=0.000 w_ax@goal=+0.00 return=1006.3 length=86 success_rate=1.00 collisions/ep=0.00 (n=24)
update=87 global_step=178176 SPS=21 m_ev=0.973 m_v_bias=4.6 m_kl_max=0.0103 mpc_ms=37.0/667 cand=0.000 w_ax@goal=-0.02 return=1003.6 length=89 success_rate=1.00 collisions/ep=0.00 (n=24)
update=88 global_step=180224 SPS=21 m_ev=0.988 m_v_bias=-5.0 m_kl_max=0.0015 mpc_ms=35.6/293 cand=0.000 w_ax@goal=-0.01 return=1003.4 length=87 success_rate=1.00 collisions/ep=0.00 (n=23)
update=89 global_step=182272 SPS=21 m_ev=0.992 m_v_bias=-3.3 m_kl_max=0.0089 mpc_ms=33.9/248 cand=0.000 w_ax@goal=-0.05 return=1006.6 length=85 success_rate=1.00 collisions/ep=0.00 (n=24)
update=90 global_step=184320 SPS=21 m_ev=0.988 m_v_bias=1.1 m_kl_max=0.0139 mpc_ms=44.7/402 cand=0.000 w_ax@goal=+0.00 return=1004.8 length=87 success_rate=1.00 collisions/ep=0.00 (n=23)
Evaluation at update 90: return=1010.51, length=79.50, success_rate=1.00, collisions/ep=0.00
Solved-check at update 90: solved=False worst_gap=5.15 at p_x0=2.00 p_y0=-1.00 (consecutive=0)
update=91 global_step=186368 SPS=21 m_ev=0.992 m_v_bias=-3.8 m_kl_max=0.0092 mpc_ms=40.9/326 cand=0.000 w_ax@goal=+0.01 return=1006.9 length=84 success_rate=1.00 collisions/ep=0.00 (n=25)
update=92 global_step=188416 SPS=21 m_ev=0.994 m_v_bias=1.0 m_kl_max=0.0028 mpc_ms=37.7/800 cand=0.000 w_ax@goal=-0.03 return=1005.4 length=86 success_rate=1.00 collisions/ep=0.00 (n=24)
update=93 global_step=190464 SPS=21 m_ev=0.989 m_v_bias=-2.2 m_kl_max=0.0116 mpc_ms=34.8/218 cand=0.000 w_ax@goal=+0.02 return=1005.9 length=85 success_rate=1.00 collisions/ep=0.00 (n=24)
update=94 global_step=192512 SPS=21 m_ev=0.982 m_v_bias=3.4 m_kl_max=0.0111 mpc_ms=42.3/378 cand=0.000 w_ax@goal=-0.02 return=1007.3 length=86 success_rate=1.00 collisions/ep=0.00 (n=23)
update=95 global_step=194560 SPS=21 m_ev=0.992 m_v_bias=-3.6 m_kl_max=0.0073 mpc_ms=36.0/224 cand=0.000 w_ax@goal=-0.03 return=1003.6 length=87 success_rate=1.00 collisions/ep=0.00 (n=23)
Evaluation at update 95: return=1010.56, length=79.45, success_rate=1.00, collisions/ep=0.00
Solved-check at update 95: solved=False worst_gap=5.14 at p_x0=2.00 p_y0=-1.00 (consecutive=0)
update=96 global_step=196608 SPS=20 m_ev=0.987 m_v_bias=0.2 m_kl_max=0.0083 mpc_ms=37.1/290 cand=0.000 w_ax@goal=-0.01 return=1005.1 length=84 success_rate=1.00 collisions/ep=0.00 (n=24)
update=97 global_step=198656 SPS=21 m_ev=0.991 m_v_bias=-4.6 m_kl_max=0.0037 mpc_ms=34.8/491 cand=0.000 w_ax@goal=-0.01 return=1005.7 length=83 success_rate=1.00 collisions/ep=0.00 (n=27)
update=98 global_step=200704 SPS=21 m_ev=0.996 m_v_bias=-2.9 m_kl_max=0.0062 mpc_ms=35.5/714 cand=0.000 w_ax@goal=+0.00 return=1006.6 length=84 success_rate=1.00 collisions/ep=0.00 (n=24)
update=99 global_step=202752 SPS=21 m_ev=0.992 m_v_bias=2.3 m_kl_max=0.0035 mpc_ms=37.8/293 cand=0.000 w_ax@goal=-0.00 return=1005.6 length=84 success_rate=1.00 collisions/ep=0.00 (n=25)
update=100 global_step=204800 SPS=21 m_ev=0.991 m_v_bias=-2.3 m_kl_max=0.0160 mpc_ms=36.0/310 cand=0.000 w_ax@goal=+0.00 return=1007.6 length=82 success_rate=1.00 collisions/ep=0.00 (n=24)
Evaluation at update 100: return=1010.75, length=79.25, success_rate=1.00, collisions/ep=0.00
Solved-check at update 100: solved=False worst_gap=5.14 at p_x0=2.00 p_y0=-1.00 (consecutive=0)
Saved checkpoints to C:\Users\loren\Desktop\MASTER THESIS\5_CODE\scenarios\slalom\studies\init_sampler\ppo_mpc_uniform\runs\ppo_mpc_slalom_6_1791246012
