Using device: cpu
Solved-check: precomputed optimal returns for 25 fixed initial conditions (mean=1011.8, min=1007.0, max=1014.0); solved-tolerance=5.0
Goal box: +-1.800 m (1.5x segment-reachable; segment-reachable displacement = 1.200 m)
tube MPC: W disks of radii (p, v) [0. 0.], RPI s=0 alpha=0; Z radii (p, v) = [0. 0.]
  X0 (-) Z: p_x [-1.000, 11.000], p_y [-1.999, 1.999], ||v|| <= 1.200; V = U (-) KZ: ||u|| <= 2.500; K = [-7.613 -4.585] per axis
  4 obstacles, 132 binaries before fixing, max big-M 9.00; horizon N=10, stopping time 5 steps
num_envs=8 num_steps_per_env=256 batch_size=2048 num_updates=100 timesteps=204800
update=1 global_step=2048 SPS=79 m_ev=0.005 m_v_bias=44.6 m_kl_max=0.0012 mpc_ms=12.2/173 cand=0.036 return=-198.5 length=200 success_rate=0.00 collisions/ep=0.00 (n=8)
update=2 global_step=4096 SPS=84 m_ev=-1.023 m_v_bias=23.2 m_kl_max=0.0181 mpc_ms=10.8/165 cand=0.002 return=-206.1 length=200 success_rate=0.00 collisions/ep=0.00 (n=8)
update=3 global_step=6144 SPS=73 m_ev=-0.223 m_v_bias=12.3 m_kl_max=0.0323 mpc_ms=17.0/299 cand=0.001 return=-179.8 length=200 success_rate=0.00 collisions/ep=0.00 (n=8)
update=4 global_step=8192 SPS=66 m_ev=0.108 m_v_bias=5.8 m_kl_max=0.0483 mpc_ms=18.9/242 cand=0.008 return=-179.4 length=200 success_rate=0.00 collisions/ep=0.00 (n=16)
update=5 global_step=10240 SPS=59 m_ev=0.143 m_v_bias=2.0 m_kl_max=0.0602 mpc_ms=23.7/253 cand=0.015 return=-169.1 length=200 success_rate=0.00 collisions/ep=0.00 (n=8)
Evaluation at update 5: return=-144.90, length=200.00, success_rate=0.00, collisions/ep=0.00
Solved-check at update 5: solved=False worst_gap=1187.08 at p_x0=2.00 p_y0=-1.00 (consecutive=0)
update=6 global_step=12288 SPS=27 m_ev=0.586 m_v_bias=-1.4 m_kl_max=0.0615 mpc_ms=32.3/531 cand=0.000 return=-154.7 length=200 success_rate=0.00 collisions/ep=0.00 (n=8)
update=7 global_step=14336 SPS=27 m_ev=0.850 m_v_bias=0.4 m_kl_max=0.0599 mpc_ms=35.9/689 cand=0.000 return=-145.0 length=200 success_rate=0.00 collisions/ep=0.00 (n=8)
update=8 global_step=16384 SPS=28 m_ev=0.928 m_v_bias=0.2 m_kl_max=0.0394 mpc_ms=28.2/794 cand=0.000 return=-144.0 length=200 success_rate=0.00 collisions/ep=0.00 (n=16)
update=9 global_step=18432 SPS=28 m_ev=-0.051 m_v_bias=-31.6 m_kl_max=0.0106 mpc_ms=31.6/601 cand=0.000 w_ax@goal=-0.08 return=-3.4 length=194 success_rate=0.12 collisions/ep=0.00 (n=8)
update=10 global_step=20480 SPS=29 m_ev=-2.101 m_v_bias=4.7 m_kl_max=0.0083 mpc_ms=27.8/878 cand=0.003 w_ax@goal=-0.93 return=-136.3 length=200 success_rate=0.00 collisions/ep=0.00 (n=9)
Evaluation at update 10: return=-143.98, length=200.00, success_rate=0.00, collisions/ep=0.00
Solved-check at update 10: solved=False worst_gap=1182.10 at p_x0=1.00 p_y0=1.00 (consecutive=0)
update=11 global_step=22528 SPS=23 m_ev=0.005 m_v_bias=-64.6 m_kl_max=0.0187 mpc_ms=27.1/224 cand=0.000 w_ax@goal=-0.77 return=-7.2 length=198 success_rate=0.13 collisions/ep=0.00 (n=15)
update=12 global_step=24576 SPS=23 m_ev=0.320 m_v_bias=-48.3 m_kl_max=0.0287 mpc_ms=32.7/881 cand=0.000 w_ax@goal=-0.67 return=110.1 length=181 success_rate=0.22 collisions/ep=0.00 (n=9)
update=13 global_step=26624 SPS=24 m_ev=0.303 m_v_bias=-22.3 m_kl_max=0.0314 mpc_ms=31.1/903 cand=0.000 w_ax@goal=-0.65 return=130.5 length=190 success_rate=0.25 collisions/ep=0.00 (n=8)
update=14 global_step=28672 SPS=24 m_ev=0.020 m_v_bias=-48.8 m_kl_max=0.0177 mpc_ms=32.5/455 cand=0.006 w_ax@goal=-0.35 return=191.3 length=188 success_rate=0.31 collisions/ep=0.00 (n=13)
update=15 global_step=30720 SPS=24 m_ev=0.402 m_v_bias=-21.3 m_kl_max=0.0119 mpc_ms=32.8/293 cand=0.001 w_ax@goal=-0.01 return=127.3 length=192 success_rate=0.25 collisions/ep=0.00 (n=12)
Evaluation at update 15: return=177.96, length=169.40, success_rate=0.30, collisions/ep=0.00
Solved-check at update 15: solved=False worst_gap=1191.07 at p_x0=2.00 p_y0=0.00 (consecutive=0)
update=16 global_step=32768 SPS=22 m_ev=0.517 m_v_bias=-64.1 m_kl_max=0.0215 mpc_ms=31.8/553 cand=0.000 w_ax@goal=-0.18 return=530.4 length=164 success_rate=0.62 collisions/ep=0.00 (n=13)
update=17 global_step=34816 SPS=22 m_ev=0.586 m_v_bias=-33.6 m_kl_max=0.0107 mpc_ms=29.7/723 cand=0.004 w_ax@goal=-0.02 return=448.2 length=164 success_rate=0.55 collisions/ep=0.00 (n=11)
update=18 global_step=36864 SPS=23 m_ev=0.627 m_v_bias=-22.6 m_kl_max=0.0106 mpc_ms=30.3/297 cand=0.001 w_ax@goal=+0.10 return=360.9 length=168 success_rate=0.46 collisions/ep=0.00 (n=13)
update=19 global_step=38912 SPS=23 m_ev=0.619 m_v_bias=-42.9 m_kl_max=0.0156 mpc_ms=33.0/587 cand=0.000 w_ax@goal=+0.03 return=684.9 length=149 success_rate=0.75 collisions/ep=0.00 (n=12)
update=20 global_step=40960 SPS=23 m_ev=0.612 m_v_bias=45.7 m_kl_max=0.0077 mpc_ms=27.8/578 cand=0.000 w_ax@goal=-0.26 return=308.5 length=175 success_rate=0.42 collisions/ep=0.00 (n=12)
Evaluation at update 20: return=-143.41, length=200.00, success_rate=0.00, collisions/ep=0.00
Solved-check at update 20: solved=False worst_gap=1210.96 at p_x0=1.50 p_y0=1.00 (consecutive=0)
update=21 global_step=43008 SPS=20 m_ev=0.745 m_v_bias=-29.4 m_kl_max=0.0147 mpc_ms=35.6/378 cand=0.000 w_ax@goal=+0.09 return=503.3 length=157 success_rate=0.58 collisions/ep=0.00 (n=12)
update=22 global_step=45056 SPS=21 m_ev=0.699 m_v_bias=63.3 m_kl_max=0.0349 mpc_ms=28.0/480 cand=0.003 w_ax@goal=-0.04 return=411.2 length=159 success_rate=0.50 collisions/ep=0.00 (n=14)
update=23 global_step=47104 SPS=21 m_ev=0.736 m_v_bias=-31.5 m_kl_max=0.0100 mpc_ms=29.4/827 cand=0.000 w_ax@goal=-0.06 return=535.3 length=156 success_rate=0.62 collisions/ep=0.00 (n=13)
update=24 global_step=49152 SPS=21 m_ev=0.763 m_v_bias=-24.1 m_kl_max=0.0139 mpc_ms=31.0/307 cand=0.000 w_ax@goal=-0.05 return=275.2 length=176 success_rate=0.38 collisions/ep=0.00 (n=13)
update=25 global_step=51200 SPS=21 m_ev=0.661 m_v_bias=15.4 m_kl_max=0.0244 mpc_ms=32.0/518 cand=0.000 w_ax@goal=-0.17 return=628.0 length=143 success_rate=0.69 collisions/ep=0.00 (n=13)
Evaluation at update 25: return=300.42, length=153.10, success_rate=0.40, collisions/ep=0.00
Solved-check at update 25: solved=False worst_gap=1191.05 at p_x0=2.00 p_y0=0.00 (consecutive=0)
update=26 global_step=53248 SPS=21 m_ev=0.823 m_v_bias=-46.9 m_kl_max=0.0093 mpc_ms=32.3/265 cand=0.001 w_ax@goal=-0.05 return=882.3 length=141 success_rate=0.93 collisions/ep=0.00 (n=15)
update=27 global_step=55296 SPS=21 m_ev=0.883 m_v_bias=-84.8 m_kl_max=0.0113 mpc_ms=36.2/307 cand=0.000 w_ax@goal=-0.03 return=847.6 length=127 success_rate=0.89 collisions/ep=0.00 (n=18)
update=28 global_step=57344 SPS=21 m_ev=0.842 m_v_bias=13.2 m_kl_max=0.0112 mpc_ms=37.6/1790 cand=0.000 w_ax@goal=-0.03 return=960.4 length=132 success_rate=1.00 collisions/ep=0.00 (n=15)
update=29 global_step=59392 SPS=21 m_ev=0.848 m_v_bias=-12.7 m_kl_max=0.0084 mpc_ms=34.7/446 cand=0.000 w_ax@goal=-0.07 return=919.0 length=113 success_rate=0.94 collisions/ep=0.00 (n=18)
update=30 global_step=61440 SPS=21 m_ev=0.897 m_v_bias=-21.2 m_kl_max=0.0128 mpc_ms=35.6/695 cand=0.000 w_ax@goal=-0.03 return=978.0 length=113 success_rate=1.00 collisions/ep=0.00 (n=19)
Evaluation at update 30: return=1006.04, length=84.05, success_rate=1.00, collisions/ep=0.00
Solved-check at update 30: solved=False worst_gap=17.24 at p_x0=2.00 p_y0=-1.00 (consecutive=0)
update=31 global_step=63488 SPS=20 m_ev=0.926 m_v_bias=-16.0 m_kl_max=0.0121 mpc_ms=36.1/245 cand=0.000 w_ax@goal=+0.13 return=974.8 length=117 success_rate=1.00 collisions/ep=0.00 (n=17)
update=32 global_step=65536 SPS=21 m_ev=0.923 m_v_bias=-1.9 m_kl_max=0.0112 mpc_ms=35.5/231 cand=0.000 w_ax@goal=-0.07 return=988.6 length=102 success_rate=1.00 collisions/ep=0.00 (n=19)
update=33 global_step=67584 SPS=21 m_ev=0.911 m_v_bias=-11.4 m_kl_max=0.0096 mpc_ms=37.7/585 cand=0.000 w_ax@goal=-0.07 return=984.8 length=103 success_rate=1.00 collisions/ep=0.00 (n=19)
update=34 global_step=69632 SPS=21 m_ev=0.960 m_v_bias=-0.1 m_kl_max=0.0071 mpc_ms=35.6/280 cand=0.000 w_ax@goal=+0.08 return=994.1 length=99 success_rate=1.00 collisions/ep=0.00 (n=24)
update=35 global_step=71680 SPS=21 m_ev=0.936 m_v_bias=8.9 m_kl_max=0.0197 mpc_ms=36.1/664 cand=0.000 w_ax@goal=-0.03 return=990.2 length=102 success_rate=1.00 collisions/ep=0.00 (n=19)
Evaluation at update 35: return=1008.37, length=81.80, success_rate=1.00, collisions/ep=0.00
Solved-check at update 35: solved=False worst_gap=5.08 at p_x0=0.00 p_y0=-0.50 (consecutive=0)
update=36 global_step=73728 SPS=20 m_ev=0.945 m_v_bias=-0.9 m_kl_max=0.0111 mpc_ms=36.9/298 cand=0.000 w_ax@goal=-0.08 return=994.1 length=97 success_rate=1.00 collisions/ep=0.00 (n=22)
update=37 global_step=75776 SPS=21 m_ev=0.953 m_v_bias=-0.1 m_kl_max=0.0036 mpc_ms=35.2/208 cand=0.000 w_ax@goal=-0.09 return=994.2 length=96 success_rate=1.00 collisions/ep=0.00 (n=21)
update=38 global_step=77824 SPS=21 m_ev=0.955 m_v_bias=-0.8 m_kl_max=0.0164 mpc_ms=37.6/286 cand=0.000 w_ax@goal=+0.02 return=993.9 length=97 success_rate=1.00 collisions/ep=0.00 (n=22)
update=39 global_step=79872 SPS=21 m_ev=0.962 m_v_bias=-2.7 m_kl_max=0.0125 mpc_ms=35.2/210 cand=0.000 w_ax@goal=+0.01 return=995.7 length=95 success_rate=1.00 collisions/ep=0.00 (n=21)
update=40 global_step=81920 SPS=21 m_ev=0.961 m_v_bias=5.0 m_kl_max=0.0226 mpc_ms=39.5/630 cand=0.000 w_ax@goal=+0.03 return=994.0 length=95 success_rate=1.00 collisions/ep=0.00 (n=19)
Evaluation at update 40: return=1008.08, length=82.10, success_rate=1.00, collisions/ep=0.00
Solved-check at update 40: solved=False worst_gap=5.07 at p_x0=0.00 p_y0=0.00 (consecutive=0)
update=41 global_step=83968 SPS=20 m_ev=0.965 m_v_bias=-4.4 m_kl_max=0.0225 mpc_ms=35.1/260 cand=0.000 w_ax@goal=+0.00 return=995.4 length=97 success_rate=1.00 collisions/ep=0.00 (n=24)
update=42 global_step=86016 SPS=21 m_ev=0.971 m_v_bias=2.1 m_kl_max=0.0149 mpc_ms=36.0/826 cand=0.000 w_ax@goal=+0.09 return=996.1 length=94 success_rate=1.00 collisions/ep=0.00 (n=20)
update=43 global_step=88064 SPS=21 m_ev=0.958 m_v_bias=1.2 m_kl_max=0.0331 mpc_ms=34.2/703 cand=0.000 w_ax@goal=-0.02 return=994.8 length=95 success_rate=1.00 collisions/ep=0.00 (n=23)
update=44 global_step=90112 SPS=21 m_ev=0.972 m_v_bias=-5.0 m_kl_max=0.0224 mpc_ms=35.5/217 cand=0.000 w_ax@goal=-0.02 return=999.0 length=91 success_rate=1.00 collisions/ep=0.00 (n=22)
update=45 global_step=92160 SPS=21 m_ev=0.970 m_v_bias=-0.0 m_kl_max=0.0140 mpc_ms=34.9/262 cand=0.000 w_ax@goal=-0.01 return=997.0 length=94 success_rate=1.00 collisions/ep=0.00 (n=21)
Evaluation at update 45: return=1008.09, length=82.10, success_rate=1.00, collisions/ep=0.00
Solved-check at update 45: solved=False worst_gap=5.06 at p_x0=0.00 p_y0=0.00 (consecutive=0)
update=46 global_step=94208 SPS=21 m_ev=0.973 m_v_bias=-2.6 m_kl_max=0.0132 mpc_ms=34.1/262 cand=0.000 w_ax@goal=-0.06 return=998.7 length=93 success_rate=1.00 collisions/ep=0.00 (n=23)
update=47 global_step=96256 SPS=21 m_ev=0.974 m_v_bias=4.6 m_kl_max=0.0091 mpc_ms=36.8/471 cand=0.000 w_ax@goal=-0.00 return=997.4 length=93 success_rate=1.00 collisions/ep=0.00 (n=21)
update=48 global_step=98304 SPS=21 m_ev=0.981 m_v_bias=-4.9 m_kl_max=0.0099 mpc_ms=34.3/348 cand=0.000 w_ax@goal=+0.05 return=999.9 length=92 success_rate=1.00 collisions/ep=0.00 (n=23)
update=49 global_step=100352 SPS=21 m_ev=0.981 m_v_bias=-0.6 m_kl_max=0.0120 mpc_ms=36.3/267 cand=0.000 w_ax@goal=-0.02 return=999.3 length=92 success_rate=1.00 collisions/ep=0.00 (n=22)
update=50 global_step=102400 SPS=21 m_ev=0.990 m_v_bias=-8.8 m_kl_max=0.0039 mpc_ms=35.1/236 cand=0.000 w_ax@goal=+0.01 return=1001.0 length=88 success_rate=1.00 collisions/ep=0.00 (n=24)
Evaluation at update 50: return=1008.25, length=81.95, success_rate=1.00, collisions/ep=0.00
Solved-check at update 50: solved=False worst_gap=5.05 at p_x0=0.00 p_y0=0.00 (consecutive=0)
update=51 global_step=104448 SPS=21 m_ev=0.982 m_v_bias=2.7 m_kl_max=0.0018 mpc_ms=36.4/272 cand=0.000 w_ax@goal=-0.00 return=1000.0 length=90 success_rate=1.00 collisions/ep=0.00 (n=22)
update=52 global_step=106496 SPS=21 m_ev=0.987 m_v_bias=-3.3 m_kl_max=0.0081 mpc_ms=33.8/323 cand=0.000 w_ax@goal=-0.04 return=1002.6 length=87 success_rate=1.00 collisions/ep=0.00 (n=23)
update=53 global_step=108544 SPS=21 m_ev=0.987 m_v_bias=-1.2 m_kl_max=0.0178 mpc_ms=34.9/298 cand=0.000 w_ax@goal=-0.00 return=1000.1 length=90 success_rate=1.00 collisions/ep=0.00 (n=24)
update=54 global_step=110592 SPS=21 m_ev=0.988 m_v_bias=-1.3 m_kl_max=0.0074 mpc_ms=33.6/317 cand=0.000 w_ax@goal=-0.04 return=1002.6 length=88 success_rate=1.00 collisions/ep=0.00 (n=24)
update=55 global_step=112640 SPS=21 m_ev=0.983 m_v_bias=-0.1 m_kl_max=0.0243 mpc_ms=35.2/283 cand=0.000 w_ax@goal=-0.03 return=1002.1 length=89 success_rate=1.00 collisions/ep=0.00 (n=23)
Evaluation at update 55: return=1008.81, length=81.40, success_rate=1.00, collisions/ep=0.00
Solved-check at update 55: solved=True worst_gap=4.05 at p_x0=0.00 p_y0=0.00 (consecutive=0)
update=56 global_step=114688 SPS=21 m_ev=0.982 m_v_bias=3.3 m_kl_max=0.0121 mpc_ms=36.6/539 cand=0.000 w_ax@goal=+0.04 return=1000.7 length=88 success_rate=1.00 collisions/ep=0.00 (n=24)
update=57 global_step=116736 SPS=21 m_ev=0.987 m_v_bias=-7.4 m_kl_max=0.0081 mpc_ms=33.7/279 cand=0.000 w_ax@goal=+0.04 return=1004.2 length=85 success_rate=1.00 collisions/ep=0.00 (n=24)
update=58 global_step=118784 SPS=21 m_ev=0.979 m_v_bias=3.6 m_kl_max=0.0262 mpc_ms=33.6/313 cand=0.000 w_ax@goal=+0.02 return=1001.9 length=90 success_rate=1.00 collisions/ep=0.00 (n=21)
update=59 global_step=120832 SPS=21 m_ev=0.961 m_v_bias=6.6 m_kl_max=0.0099 mpc_ms=34.5/199 cand=0.000 w_ax@goal=+0.00 return=998.9 length=92 success_rate=1.00 collisions/ep=0.00 (n=22)
update=60 global_step=122880 SPS=21 m_ev=0.988 m_v_bias=-7.9 m_kl_max=0.0030 mpc_ms=34.1/329 cand=0.000 w_ax@goal=-0.01 return=1002.0 length=90 success_rate=1.00 collisions/ep=0.00 (n=24)
Evaluation at update 60: return=1008.81, length=81.40, success_rate=1.00, collisions/ep=0.00
Solved-check at update 60: solved=False worst_gap=5.03 at p_x0=0.00 p_y0=-0.50 (consecutive=1)
update=61 global_step=124928 SPS=21 m_ev=0.988 m_v_bias=-4.6 m_kl_max=0.0049 mpc_ms=35.1/237 cand=0.000 w_ax@goal=-0.04 return=1003.4 length=88 success_rate=1.00 collisions/ep=0.00 (n=22)
update=62 global_step=126976 SPS=21 m_ev=0.994 m_v_bias=-1.3 m_kl_max=0.0064 mpc_ms=33.9/677 cand=0.000 w_ax@goal=-0.05 return=1004.7 length=88 success_rate=1.00 collisions/ep=0.00 (n=24)
update=63 global_step=129024 SPS=21 m_ev=0.988 m_v_bias=1.8 m_kl_max=0.0040 mpc_ms=37.6/246 cand=0.000 w_ax@goal=+0.00 return=1003.3 length=87 success_rate=1.00 collisions/ep=0.00 (n=24)
update=64 global_step=131072 SPS=21 m_ev=0.994 m_v_bias=1.0 m_kl_max=0.0130 mpc_ms=35.9/258 cand=0.000 w_ax@goal=+0.02 return=1004.2 length=87 success_rate=1.00 collisions/ep=0.00 (n=24)
update=65 global_step=133120 SPS=21 m_ev=0.992 m_v_bias=-2.5 m_kl_max=0.0067 mpc_ms=35.1/237 cand=0.000 w_ax@goal=+0.01 return=1004.5 length=85 success_rate=1.00 collisions/ep=0.00 (n=24)
Evaluation at update 65: return=1009.86, length=80.35, success_rate=1.00, collisions/ep=0.00
Solved-check at update 65: solved=True worst_gap=3.04 at p_x0=0.00 p_y0=0.00 (consecutive=0)
update=66 global_step=135168 SPS=21 m_ev=0.983 m_v_bias=5.3 m_kl_max=0.0130 mpc_ms=35.7/281 cand=0.000 w_ax@goal=-0.02 return=1004.4 length=87 success_rate=1.00 collisions/ep=0.00 (n=24)
update=67 global_step=137216 SPS=21 m_ev=0.969 m_v_bias=1.4 m_kl_max=0.0029 mpc_ms=37.5/997 cand=0.000 w_ax@goal=-0.03 return=1001.3 length=90 success_rate=1.00 collisions/ep=0.00 (n=22)
update=68 global_step=139264 SPS=21 m_ev=0.975 m_v_bias=3.0 m_kl_max=0.0152 mpc_ms=37.0/228 cand=0.000 w_ax@goal=-0.02 return=1001.5 length=90 success_rate=1.00 collisions/ep=0.00 (n=22)
update=69 global_step=141312 SPS=21 m_ev=0.982 m_v_bias=-3.0 m_kl_max=0.0152 mpc_ms=36.7/242 cand=0.000 w_ax@goal=+0.04 return=1002.9 length=90 success_rate=1.00 collisions/ep=0.00 (n=23)
update=70 global_step=143360 SPS=21 m_ev=0.981 m_v_bias=-1.6 m_kl_max=0.0072 mpc_ms=35.4/782 cand=0.000 w_ax@goal=+0.01 return=1003.4 length=88 success_rate=1.00 collisions/ep=0.00 (n=23)
Evaluation at update 70: return=1009.91, length=80.30, success_rate=1.00, collisions/ep=0.00
Solved-check at update 70: solved=False worst_gap=5.13 at p_x0=2.00 p_y0=-1.00 (consecutive=1)
update=71 global_step=145408 SPS=21 m_ev=0.992 m_v_bias=-7.1 m_kl_max=0.0068 mpc_ms=34.5/314 cand=0.000 w_ax@goal=-0.05 return=1004.8 length=87 success_rate=1.00 collisions/ep=0.00 (n=24)
update=72 global_step=147456 SPS=21 m_ev=0.993 m_v_bias=1.3 m_kl_max=0.0189 mpc_ms=35.0/713 cand=0.000 w_ax@goal=+0.00 return=1005.4 length=86 success_rate=1.00 collisions/ep=0.00 (n=24)
update=73 global_step=149504 SPS=21 m_ev=0.964 m_v_bias=11.7 m_kl_max=0.0155 mpc_ms=35.1/219 cand=0.000 w_ax@goal=+0.00 return=1000.4 length=92 success_rate=1.00 collisions/ep=0.00 (n=22)
update=74 global_step=151552 SPS=21 m_ev=0.986 m_v_bias=-6.4 m_kl_max=0.0129 mpc_ms=34.8/244 cand=0.000 w_ax@goal=+0.01 return=1004.0 length=86 success_rate=1.00 collisions/ep=0.00 (n=23)
update=75 global_step=153600 SPS=21 m_ev=0.989 m_v_bias=0.5 m_kl_max=0.0084 mpc_ms=36.0/193 cand=0.000 w_ax@goal=-0.01 return=1005.1 length=83 success_rate=1.00 collisions/ep=0.00 (n=26)
Evaluation at update 75: return=1010.21, length=80.00, success_rate=1.00, collisions/ep=0.00
Solved-check at update 75: solved=True worst_gap=3.03 at p_x0=0.00 p_y0=-0.50 (consecutive=0)
update=76 global_step=155648 SPS=21 m_ev=0.985 m_v_bias=3.2 m_kl_max=0.0042 mpc_ms=35.4/202 cand=0.000 w_ax@goal=-0.03 return=1004.0 length=88 success_rate=1.00 collisions/ep=0.00 (n=22)
update=77 global_step=157696 SPS=21 m_ev=0.985 m_v_bias=-1.8 m_kl_max=0.0035 mpc_ms=35.4/247 cand=0.000 w_ax@goal=-0.02 return=1005.5 length=85 success_rate=1.00 collisions/ep=0.00 (n=26)
update=78 global_step=159744 SPS=21 m_ev=0.983 m_v_bias=0.5 m_kl_max=0.0130 mpc_ms=34.4/220 cand=0.000 w_ax@goal=-0.01 return=1004.3 length=86 success_rate=1.00 collisions/ep=0.00 (n=23)
update=79 global_step=161792 SPS=21 m_ev=0.988 m_v_bias=1.7 m_kl_max=0.0253 mpc_ms=36.3/850 cand=0.000 w_ax@goal=-0.02 return=1005.6 length=86 success_rate=1.00 collisions/ep=0.00 (n=23)
update=80 global_step=163840 SPS=21 m_ev=0.992 m_v_bias=-0.6 m_kl_max=0.0018 mpc_ms=33.8/285 cand=0.000 w_ax@goal=-0.01 return=1006.0 length=85 success_rate=1.00 collisions/ep=0.00 (n=25)
Evaluation at update 80: return=1010.06, length=80.15, success_rate=1.00, collisions/ep=0.00
Solved-check at update 80: solved=True worst_gap=3.03 at p_x0=0.50 p_y0=-0.50 (consecutive=1)
Solved criterion held for 2 consecutive evals (tolerance=5.0) at global_step=163840.
update=81 global_step=165888 SPS=21 m_ev=0.988 m_v_bias=6.0 m_kl_max=0.0059 mpc_ms=41.9/1052 cand=0.000 w_ax@goal=-0.04 return=1005.2 length=86 success_rate=1.00 collisions/ep=0.00 (n=24)
update=82 global_step=167936 SPS=21 m_ev=0.977 m_v_bias=3.5 m_kl_max=0.0082 mpc_ms=35.8/291 cand=0.000 w_ax@goal=-0.03 return=1004.7 length=86 success_rate=1.00 collisions/ep=0.00 (n=24)
update=83 global_step=169984 SPS=21 m_ev=0.993 m_v_bias=-7.2 m_kl_max=0.0017 mpc_ms=34.6/712 cand=0.000 w_ax@goal=+0.01 return=1006.2 length=85 success_rate=1.00 collisions/ep=0.00 (n=25)
update=84 global_step=172032 SPS=21 m_ev=0.984 m_v_bias=1.7 m_kl_max=0.0010 mpc_ms=35.0/253 cand=0.000 w_ax@goal=-0.05 return=1004.4 length=87 success_rate=1.00 collisions/ep=0.00 (n=22)
update=85 global_step=174080 SPS=21 m_ev=0.985 m_v_bias=-0.7 m_kl_max=0.0118 mpc_ms=34.7/265 cand=0.000 w_ax@goal=+0.05 return=1005.5 length=86 success_rate=1.00 collisions/ep=0.00 (n=23)
Evaluation at update 85: return=1010.37, length=79.85, success_rate=1.00, collisions/ep=0.00
Solved-check at update 85: solved=False worst_gap=5.13 at p_x0=2.00 p_y0=-1.00 (consecutive=2)
update=86 global_step=176128 SPS=21 m_ev=0.989 m_v_bias=0.4 m_kl_max=0.0040 mpc_ms=36.1/257 cand=0.000 w_ax@goal=-0.01 return=1005.9 length=86 success_rate=1.00 collisions/ep=0.00 (n=23)
update=87 global_step=178176 SPS=21 m_ev=0.989 m_v_bias=2.7 m_kl_max=0.0027 mpc_ms=35.2/256 cand=0.000 w_ax@goal=-0.04 return=1004.7 length=86 success_rate=1.00 collisions/ep=0.00 (n=25)
update=88 global_step=180224 SPS=21 m_ev=0.978 m_v_bias=2.2 m_kl_max=0.0153 mpc_ms=34.7/251 cand=0.000 w_ax@goal=+0.02 return=1003.3 length=87 success_rate=1.00 collisions/ep=0.00 (n=25)
update=89 global_step=182272 SPS=21 m_ev=0.980 m_v_bias=1.6 m_kl_max=0.0124 mpc_ms=35.9/736 cand=0.000 w_ax@goal=-0.01 return=1003.9 length=87 success_rate=1.00 collisions/ep=0.00 (n=24)
update=90 global_step=184320 SPS=21 m_ev=0.989 m_v_bias=1.4 m_kl_max=0.0106 mpc_ms=34.1/205 cand=0.000 w_ax@goal=+0.02 return=1005.1 length=85 success_rate=1.00 collisions/ep=0.00 (n=24)
Evaluation at update 90: return=1010.22, length=80.00, success_rate=1.00, collisions/ep=0.00
Solved-check at update 90: solved=True worst_gap=3.02 at p_x0=0.00 p_y0=-0.50 (consecutive=0)
update=91 global_step=186368 SPS=21 m_ev=0.990 m_v_bias=-2.6 m_kl_max=0.0127 mpc_ms=35.9/205 cand=0.000 w_ax@goal=-0.00 return=1006.4 length=83 success_rate=1.00 collisions/ep=0.00 (n=23)
update=92 global_step=188416 SPS=21 m_ev=0.994 m_v_bias=-3.5 m_kl_max=0.0036 mpc_ms=35.4/216 cand=0.000 w_ax@goal=+0.03 return=1005.7 length=84 success_rate=1.00 collisions/ep=0.00 (n=25)
update=93 global_step=190464 SPS=21 m_ev=0.991 m_v_bias=1.6 m_kl_max=0.0180 mpc_ms=35.9/278 cand=0.000 w_ax@goal=+0.00 return=1005.0 length=87 success_rate=1.00 collisions/ep=0.00 (n=24)
update=94 global_step=192512 SPS=21 m_ev=0.974 m_v_bias=5.4 m_kl_max=0.0096 mpc_ms=35.7/595 cand=0.000 w_ax@goal=+0.01 return=1004.3 length=88 success_rate=1.00 collisions/ep=0.00 (n=24)
update=95 global_step=194560 SPS=21 m_ev=0.994 m_v_bias=-5.1 m_kl_max=0.0149 mpc_ms=35.2/246 cand=0.000 w_ax@goal=+0.04 return=1006.0 length=84 success_rate=1.00 collisions/ep=0.00 (n=24)
Evaluation at update 95: return=1010.52, length=79.70, success_rate=1.00, collisions/ep=0.00
Solved-check at update 95: solved=False worst_gap=5.13 at p_x0=2.00 p_y0=-1.00 (consecutive=1)
update=96 global_step=196608 SPS=21 m_ev=0.992 m_v_bias=0.7 m_kl_max=0.0158 mpc_ms=44.1/340 cand=0.000 w_ax@goal=-0.06 return=1005.6 length=84 success_rate=1.00 collisions/ep=0.00 (n=23)
update=97 global_step=198656 SPS=21 m_ev=0.984 m_v_bias=3.0 m_kl_max=0.0038 mpc_ms=37.6/270 cand=0.000 w_ax@goal=+0.02 return=1004.8 length=85 success_rate=1.00 collisions/ep=0.00 (n=24)
update=98 global_step=200704 SPS=21 m_ev=0.992 m_v_bias=-8.1 m_kl_max=0.0019 mpc_ms=35.2/311 cand=0.000 w_ax@goal=+0.00 return=1005.8 length=86 success_rate=1.00 collisions/ep=0.00 (n=25)
update=99 global_step=202752 SPS=21 m_ev=0.986 m_v_bias=1.3 m_kl_max=0.0093 mpc_ms=35.5/213 cand=0.000 w_ax@goal=-0.02 return=1005.0 length=85 success_rate=1.00 collisions/ep=0.00 (n=23)
update=100 global_step=204800 SPS=21 m_ev=0.992 m_v_bias=-2.1 m_kl_max=0.0156 mpc_ms=36.8/226 cand=0.000 w_ax@goal=+0.04 return=1006.3 length=85 success_rate=1.00 collisions/ep=0.00 (n=24)
Evaluation at update 100: return=1010.47, length=79.75, success_rate=1.00, collisions/ep=0.00
Solved-check at update 100: solved=False worst_gap=5.13 at p_x0=2.00 p_y0=-1.00 (consecutive=0)
Saved checkpoints to C:\Users\loren\Desktop\MASTER THESIS\5_CODE\scenarios\slalom\studies\init_sampler\ppo_mpc_uniform\runs\ppo_mpc_slalom_12_1791255683
