Using device: cpu
Solved-check: precomputed optimal returns for 25 fixed initial conditions (mean=1011.8, min=1007.0, max=1014.0); solved-tolerance=5.0
Goal box: +-1.800 m (1.5x segment-reachable; segment-reachable displacement = 1.200 m)
tube MPC: W disks of radii (p, v) [0.005 0.05 ], RPI s=17 alpha=0.0281; Z radii (p, v) = [0.0833 0.2107]
  X0 (-) Z: p_x [-0.917, 10.917], p_y [-1.916, 1.916], ||v|| <= 0.989; V = U (-) KZ: ||u|| <= 1.692; K = [-7.613 -4.585] per axis
  4 obstacles, 132 binaries before fixing, max big-M 9.00; horizon N=10, stopping time 6 steps
num_envs=8 num_steps_per_env=256 batch_size=2048 num_updates=244 timesteps=499712 (requested 500000)
update=1 global_step=2048 SPS=36 m_ev=-0.005 m_v_bias=40.9 m_kl_max=0.0045 mpc_ms=27.3/324 cand=0.000 return=-192.4 length=200 success_rate=0.00 collisions/ep=0.00 (n=8)
update=2 global_step=4096 SPS=37 m_ev=-0.737 m_v_bias=22.9 m_kl_max=0.0143 mpc_ms=24.8/321 cand=0.000 return=-192.9 length=200 success_rate=0.00 collisions/ep=0.00 (n=8)
update=3 global_step=6144 SPS=28 m_ev=-0.289 m_v_bias=13.6 m_kl_max=0.0397 mpc_ms=51.5/798 cand=0.000 return=-183.3 length=200 success_rate=0.00 collisions/ep=0.00 (n=8)
update=4 global_step=8192 SPS=23 m_ev=-0.290 m_v_bias=3.6 m_kl_max=0.0441 mpc_ms=62.7/791 cand=0.000 return=-163.2 length=200 success_rate=0.00 collisions/ep=0.00 (n=16)
update=5 global_step=10240 SPS=21 m_ev=-0.095 m_v_bias=3.9 m_kl_max=0.0411 mpc_ms=65.7/420 cand=0.000 return=-157.1 length=200 success_rate=0.00 collisions/ep=0.00 (n=8)
Evaluation at update 5: return=-141.81, length=200.00, success_rate=0.00, collisions/ep=0.00
Solved-check at update 5: solved=False worst_gap=1174.93 at p_x0=0.00 p_y0=1.00 (consecutive=0)
update=6 global_step=12288 SPS=10 m_ev=0.455 m_v_bias=1.0 m_kl_max=0.0329 mpc_ms=78.7/833 cand=0.000 return=-153.5 length=200 success_rate=0.00 collisions/ep=0.00 (n=8)
update=7 global_step=14336 SPS=11 m_ev=0.695 m_v_bias=2.7 m_kl_max=0.0228 mpc_ms=80.4/520 cand=0.000 return=-150.3 length=200 success_rate=0.00 collisions/ep=0.00 (n=8)
update=8 global_step=16384 SPS=11 m_ev=-0.046 m_v_bias=-34.1 m_kl_max=0.0075 mpc_ms=71.2/583 cand=0.000 w_ax@goal=-0.42 return=-73.6 length=199 success_rate=0.06 collisions/ep=0.00 (n=16)
update=9 global_step=18432 SPS=11 m_ev=-1.656 m_v_bias=6.9 m_kl_max=0.0065 mpc_ms=75.5/399 cand=0.000 return=-142.2 length=200 success_rate=0.00 collisions/ep=0.00 (n=8)
update=10 global_step=20480 SPS=11 m_ev=-0.006 m_v_bias=-12.6 m_kl_max=0.0097 mpc_ms=79.0/373 cand=0.000 w_ax@goal=-0.13 return=-21.6 length=195 success_rate=0.11 collisions/ep=0.00 (n=9)
Evaluation at update 10: return=-143.23, length=200.00, success_rate=0.00, collisions/ep=0.00
Solved-check at update 10: solved=False worst_gap=1161.96 at p_x0=2.00 p_y0=0.00 (consecutive=0)
update=11 global_step=22528 SPS=9 m_ev=0.092 m_v_bias=-28.3 m_kl_max=0.0228 mpc_ms=76.5/729 cand=0.000 w_ax@goal=-0.60 return=-67.6 length=196 success_rate=0.07 collisions/ep=0.00 (n=15)
update=12 global_step=24576 SPS=9 m_ev=0.163 m_v_bias=-6.3 m_kl_max=0.0305 mpc_ms=80.8/573 cand=0.000 w_ax@goal=-0.11 return=-9.0 length=200 success_rate=0.12 collisions/ep=0.00 (n=8)
update=13 global_step=26624 SPS=9 m_ev=0.145 m_v_bias=-15.6 m_kl_max=0.0220 mpc_ms=82.6/417 cand=0.000 w_ax@goal=-0.51 return=-20.3 length=198 success_rate=0.11 collisions/ep=0.00 (n=9)
update=14 global_step=28672 SPS=9 m_ev=0.237 m_v_bias=-93.1 m_kl_max=0.0168 mpc_ms=78.8/608 cand=0.000 w_ax@goal=-0.16 return=307.6 length=183 success_rate=0.42 collisions/ep=0.00 (n=12)
update=15 global_step=30720 SPS=9 m_ev=0.459 m_v_bias=-69.1 m_kl_max=0.0194 mpc_ms=75.4/496 cand=0.000 w_ax@goal=-0.08 return=153.0 length=191 success_rate=0.27 collisions/ep=0.00 (n=11)
Evaluation at update 15: return=119.23, length=174.55, success_rate=0.25, collisions/ep=0.00
Solved-check at update 15: solved=False worst_gap=1191.85 at p_x0=2.00 p_y0=0.00 (consecutive=0)
update=16 global_step=32768 SPS=9 m_ev=0.561 m_v_bias=-38.1 m_kl_max=0.0150 mpc_ms=77.4/560 cand=0.000 w_ax@goal=+0.10 return=454.6 length=160 success_rate=0.55 collisions/ep=0.00 (n=11)
update=17 global_step=34816 SPS=9 m_ev=0.574 m_v_bias=-30.4 m_kl_max=0.0243 mpc_ms=76.1/577 cand=0.000 w_ax@goal=-0.11 return=289.3 length=194 success_rate=0.42 collisions/ep=0.00 (n=12)
update=18 global_step=36864 SPS=9 m_ev=0.775 m_v_bias=-19.8 m_kl_max=0.0194 mpc_ms=63.4/429 cand=0.000 w_ax@goal=-0.28 return=347.1 length=178 success_rate=0.45 collisions/ep=0.00 (n=11)
update=19 global_step=38912 SPS=9 m_ev=0.829 m_v_bias=-15.1 m_kl_max=0.0303 mpc_ms=50.9/611 cand=0.000 w_ax@goal=+0.03 return=351.2 length=169 success_rate=0.46 collisions/ep=0.00 (n=13)
update=20 global_step=40960 SPS=9 m_ev=0.827 m_v_bias=-40.4 m_kl_max=0.0232 mpc_ms=58.0/370 cand=0.000 w_ax@goal=-0.14 return=536.4 length=158 success_rate=0.62 collisions/ep=0.00 (n=13)
Evaluation at update 20: return=291.17, length=161.90, success_rate=0.40, collisions/ep=0.00
Solved-check at update 20: solved=False worst_gap=1191.84 at p_x0=2.00 p_y0=0.00 (consecutive=0)
update=21 global_step=43008 SPS=9 m_ev=0.767 m_v_bias=55.1 m_kl_max=0.0195 mpc_ms=56.9/403 cand=0.000 w_ax@goal=-0.12 return=94.4 length=186 success_rate=0.22 collisions/ep=0.00 (n=9)
update=22 global_step=45056 SPS=9 m_ev=0.769 m_v_bias=-66.5 m_kl_max=0.0097 mpc_ms=62.4/376 cand=0.000 w_ax@goal=+0.16 return=432.2 length=178 success_rate=0.53 collisions/ep=0.00 (n=15)
update=23 global_step=47104 SPS=9 m_ev=0.782 m_v_bias=-37.0 m_kl_max=0.0100 mpc_ms=65.9/365 cand=0.000 w_ax@goal=+0.02 return=874.2 length=135 success_rate=0.92 collisions/ep=0.00 (n=13)
update=24 global_step=49152 SPS=9 m_ev=0.833 m_v_bias=-23.4 m_kl_max=0.0228 mpc_ms=64.3/642 cand=0.000 w_ax@goal=-0.03 return=738.5 length=147 success_rate=0.80 collisions/ep=0.00 (n=15)
update=25 global_step=51200 SPS=10 m_ev=0.842 m_v_bias=-34.1 m_kl_max=0.0084 mpc_ms=63.9/543 cand=0.000 w_ax@goal=-0.12 return=763.6 length=132 success_rate=0.81 collisions/ep=0.00 (n=16)
Evaluation at update 25: return=997.01, length=93.20, success_rate=1.00, collisions/ep=0.00
Solved-check at update 25: solved=False worst_gap=29.16 at p_x0=1.00 p_y0=-1.00 (consecutive=0)
update=26 global_step=53248 SPS=9 m_ev=0.902 m_v_bias=-19.3 m_kl_max=0.0126 mpc_ms=68.1/474 cand=0.000 w_ax@goal=-0.05 return=881.7 length=135 success_rate=0.93 collisions/ep=0.00 (n=14)
update=27 global_step=55296 SPS=9 m_ev=0.915 m_v_bias=-14.0 m_kl_max=0.0199 mpc_ms=62.4/407 cand=0.000 w_ax@goal=-0.11 return=969.4 length=119 success_rate=1.00 collisions/ep=0.00 (n=18)
update=28 global_step=57344 SPS=9 m_ev=0.902 m_v_bias=17.6 m_kl_max=0.0118 mpc_ms=66.5/371 cand=0.000 w_ax@goal=-0.11 return=963.9 length=127 success_rate=1.00 collisions/ep=0.00 (n=16)
update=29 global_step=59392 SPS=10 m_ev=0.939 m_v_bias=-21.0 m_kl_max=0.0060 mpc_ms=60.4/367 cand=0.000 w_ax@goal=+0.04 return=971.0 length=120 success_rate=1.00 collisions/ep=0.00 (n=18)
update=30 global_step=61440 SPS=10 m_ev=0.961 m_v_bias=-6.7 m_kl_max=0.0138 mpc_ms=60.6/384 cand=0.000 w_ax@goal=+0.04 return=978.3 length=112 success_rate=1.00 collisions/ep=0.00 (n=18)
Evaluation at update 30: return=999.51, length=90.75, success_rate=1.00, collisions/ep=0.00
Solved-check at update 30: solved=False worst_gap=15.04 at p_x0=0.00 p_y0=-0.50 (consecutive=0)
update=31 global_step=63488 SPS=9 m_ev=0.947 m_v_bias=-8.0 m_kl_max=0.0080 mpc_ms=61.3/648 cand=0.000 w_ax@goal=+0.01 return=981.4 length=108 success_rate=1.00 collisions/ep=0.00 (n=21)
update=32 global_step=65536 SPS=10 m_ev=0.954 m_v_bias=1.0 m_kl_max=0.0126 mpc_ms=63.4/357 cand=0.000 w_ax@goal=-0.04 return=979.1 length=110 success_rate=1.00 collisions/ep=0.00 (n=17)
update=33 global_step=67584 SPS=10 m_ev=0.967 m_v_bias=-8.9 m_kl_max=0.0199 mpc_ms=59.5/330 cand=0.000 w_ax@goal=-0.01 return=986.9 length=101 success_rate=1.00 collisions/ep=0.00 (n=21)
update=34 global_step=69632 SPS=10 m_ev=0.980 m_v_bias=2.2 m_kl_max=0.0135 mpc_ms=64.4/376 cand=0.000 w_ax@goal=-0.05 return=985.3 length=107 success_rate=1.00 collisions/ep=0.00 (n=19)
update=35 global_step=71680 SPS=10 m_ev=0.960 m_v_bias=4.5 m_kl_max=0.0135 mpc_ms=62.1/422 cand=0.000 w_ax@goal=-0.07 return=985.2 length=106 success_rate=1.00 collisions/ep=0.00 (n=19)
Evaluation at update 35: return=1000.17, length=90.10, success_rate=1.00, collisions/ep=0.00
Solved-check at update 35: solved=False worst_gap=14.03 at p_x0=0.00 p_y0=-0.50 (consecutive=0)
update=36 global_step=73728 SPS=10 m_ev=0.981 m_v_bias=-8.3 m_kl_max=0.0057 mpc_ms=62.8/819 cand=0.000 w_ax@goal=-0.06 return=990.2 length=101 success_rate=1.00 collisions/ep=0.00 (n=22)
update=37 global_step=75776 SPS=10 m_ev=0.949 m_v_bias=12.9 m_kl_max=0.0103 mpc_ms=61.0/288 cand=0.000 w_ax@goal=-0.06 return=986.0 length=106 success_rate=1.00 collisions/ep=0.00 (n=17)
update=38 global_step=77824 SPS=10 m_ev=0.979 m_v_bias=-2.8 m_kl_max=0.0061 mpc_ms=61.9/410 cand=0.000 w_ax@goal=-0.02 return=983.8 length=106 success_rate=1.00 collisions/ep=0.00 (n=21)
update=39 global_step=79872 SPS=10 m_ev=0.970 m_v_bias=-3.9 m_kl_max=0.0047 mpc_ms=61.2/412 cand=0.000 w_ax@goal=+0.06 return=988.1 length=104 success_rate=1.00 collisions/ep=0.00 (n=20)
update=40 global_step=81920 SPS=10 m_ev=0.943 m_v_bias=7.8 m_kl_max=0.0108 mpc_ms=60.9/443 cand=0.000 w_ax@goal=-0.02 return=986.2 length=106 success_rate=1.00 collisions/ep=0.00 (n=18)
Evaluation at update 40: return=999.42, length=90.85, success_rate=1.00, collisions/ep=0.00
Solved-check at update 40: solved=False worst_gap=14.04 at p_x0=0.50 p_y0=0.00 (consecutive=0)
update=41 global_step=83968 SPS=10 m_ev=0.975 m_v_bias=-6.0 m_kl_max=0.0045 mpc_ms=63.9/432 cand=0.000 w_ax@goal=-0.00 return=986.1 length=105 success_rate=1.00 collisions/ep=0.00 (n=19)
update=42 global_step=86016 SPS=10 m_ev=0.988 m_v_bias=-0.6 m_kl_max=0.0064 mpc_ms=62.7/289 cand=0.000 w_ax@goal=-0.03 return=989.5 length=101 success_rate=1.00 collisions/ep=0.00 (n=21)
update=43 global_step=88064 SPS=10 m_ev=0.985 m_v_bias=-2.2 m_kl_max=0.0118 mpc_ms=63.8/1412 cand=0.000 w_ax@goal=+0.00 return=990.0 length=101 success_rate=1.00 collisions/ep=0.00 (n=20)
update=44 global_step=90112 SPS=10 m_ev=0.989 m_v_bias=-6.8 m_kl_max=0.0134 mpc_ms=61.9/393 cand=0.000 w_ax@goal=-0.02 return=991.4 length=99 success_rate=1.00 collisions/ep=0.00 (n=22)
update=45 global_step=92160 SPS=10 m_ev=0.977 m_v_bias=4.2 m_kl_max=0.0083 mpc_ms=64.1/389 cand=0.000 w_ax@goal=-0.03 return=988.5 length=102 success_rate=1.00 collisions/ep=0.00 (n=19)
Evaluation at update 45: return=999.57, length=90.70, success_rate=1.00, collisions/ep=0.00
Solved-check at update 45: solved=False worst_gap=14.03 at p_x0=0.00 p_y0=0.50 (consecutive=0)
update=46 global_step=94208 SPS=10 m_ev=0.982 m_v_bias=2.1 m_kl_max=0.0082 mpc_ms=62.9/327 cand=0.000 w_ax@goal=+0.00 return=990.9 length=98 success_rate=1.00 collisions/ep=0.00 (n=21)
update=47 global_step=96256 SPS=10 m_ev=0.989 m_v_bias=-4.4 m_kl_max=0.0069 mpc_ms=63.5/337 cand=0.000 w_ax@goal=+0.03 return=989.0 length=100 success_rate=1.00 collisions/ep=0.00 (n=21)
update=48 global_step=98304 SPS=10 m_ev=0.986 m_v_bias=0.9 m_kl_max=0.0098 mpc_ms=62.4/438 cand=0.000 w_ax@goal=+0.02 return=990.3 length=100 success_rate=1.00 collisions/ep=0.00 (n=21)
update=49 global_step=100352 SPS=10 m_ev=0.983 m_v_bias=1.1 m_kl_max=0.0032 mpc_ms=64.0/377 cand=0.000 w_ax@goal=+0.00 return=992.0 length=101 success_rate=1.00 collisions/ep=0.00 (n=19)
update=50 global_step=102400 SPS=10 m_ev=0.987 m_v_bias=0.7 m_kl_max=0.0045 mpc_ms=61.6/340 cand=0.000 w_ax@goal=+0.05 return=991.8 length=100 success_rate=1.00 collisions/ep=0.00 (n=21)
Evaluation at update 50: return=999.77, length=90.50, success_rate=1.00, collisions/ep=0.00
Solved-check at update 50: solved=False worst_gap=14.04 at p_x0=0.00 p_y0=0.50 (consecutive=0)
update=51 global_step=104448 SPS=10 m_ev=0.984 m_v_bias=1.0 m_kl_max=0.0057 mpc_ms=65.1/476 cand=0.000 w_ax@goal=-0.04 return=990.6 length=100 success_rate=1.00 collisions/ep=0.00 (n=21)
update=52 global_step=106496 SPS=10 m_ev=0.987 m_v_bias=-5.6 m_kl_max=0.0109 mpc_ms=63.9/833 cand=0.000 w_ax@goal=+0.00 return=992.9 length=97 success_rate=1.00 collisions/ep=0.00 (n=21)
update=53 global_step=108544 SPS=10 m_ev=0.958 m_v_bias=8.9 m_kl_max=0.0117 mpc_ms=61.2/540 cand=0.000 w_ax@goal=-0.00 return=988.3 length=103 success_rate=1.00 collisions/ep=0.00 (n=20)
update=54 global_step=110592 SPS=10 m_ev=0.986 m_v_bias=-5.5 m_kl_max=0.0062 mpc_ms=63.3/461 cand=0.000 w_ax@goal=-0.01 return=991.0 length=102 success_rate=1.00 collisions/ep=0.00 (n=19)
update=55 global_step=112640 SPS=10 m_ev=0.992 m_v_bias=-2.6 m_kl_max=0.0173 mpc_ms=64.7/527 cand=0.000 w_ax@goal=-0.02 return=991.9 length=99 success_rate=1.00 collisions/ep=0.00 (n=21)
Evaluation at update 55: return=1000.32, length=89.95, success_rate=1.00, collisions/ep=0.00
Solved-check at update 55: solved=False worst_gap=14.03 at p_x0=0.00 p_y0=-0.50 (consecutive=0)
update=56 global_step=114688 SPS=10 m_ev=0.995 m_v_bias=-8.7 m_kl_max=0.0051 mpc_ms=63.3/779 cand=0.000 w_ax@goal=-0.04 return=995.1 length=95 success_rate=1.00 collisions/ep=0.00 (n=22)
