Using device: cpu
Solved-check: precomputed optimal returns for 25 fixed initial conditions (mean=1011.8, min=1007.0, max=1014.0); solved-tolerance=5.0
Goal box: +-1.800 m (1.5x segment-reachable; segment-reachable displacement = 1.200 m)
tube MPC: W disks of radii (p, v) [0.005 0.05 ], RPI s=17 alpha=0.0281; Z radii (p, v) = [0.0833 0.2107]
  X0 (-) Z: p_x [-0.917, 10.917], p_y [-1.916, 1.916], ||v|| <= 0.989; V = U (-) KZ: ||u|| <= 1.692; K = [-7.613 -4.585] per axis
  4 obstacles, 132 binaries before fixing, max big-M 9.00; horizon N=10, stopping time 6 steps
num_envs=8 num_steps_per_env=256 batch_size=2048 num_updates=244 timesteps=499712 (requested 500000)
update=1 global_step=2048 SPS=47 m_ev=0.003 m_v_bias=43.7 m_kl_max=0.0085 mpc_ms=20.9/246 cand=0.000 return=-204.0 length=200 success_rate=0.00 collisions/ep=0.00 (n=8)
update=2 global_step=4096 SPS=36 m_ev=-1.157 m_v_bias=23.4 m_kl_max=0.0271 mpc_ms=32.8/401 cand=0.000 return=-200.5 length=200 success_rate=0.00 collisions/ep=0.00 (n=8)
update=3 global_step=6144 SPS=34 m_ev=-0.111 m_v_bias=14.4 m_kl_max=0.0342 mpc_ms=32.7/401 cand=0.000 return=-173.9 length=200 success_rate=0.00 collisions/ep=0.00 (n=8)
update=4 global_step=8192 SPS=28 m_ev=-0.256 m_v_bias=4.4 m_kl_max=0.0536 mpc_ms=50.5/415 cand=0.000 return=-180.3 length=200 success_rate=0.00 collisions/ep=0.00 (n=16)
update=5 global_step=10240 SPS=25 m_ev=-0.015 m_v_bias=3.2 m_kl_max=0.0955 mpc_ms=57.9/789 cand=0.000 return=-168.5 length=200 success_rate=0.00 collisions/ep=0.00 (n=8)
Evaluation at update 5: return=-142.08, length=200.00, success_rate=0.00, collisions/ep=0.00
Solved-check at update 5: solved=False worst_gap=1162.00 at p_x0=2.00 p_y0=0.50 (consecutive=0)
update=6 global_step=12288 SPS=11 m_ev=0.469 m_v_bias=-0.9 m_kl_max=0.0337 mpc_ms=75.5/399 cand=0.000 return=-155.0 length=200 success_rate=0.00 collisions/ep=0.00 (n=8)
update=7 global_step=14336 SPS=11 m_ev=0.790 m_v_bias=0.8 m_kl_max=0.0460 mpc_ms=85.1/1015 cand=0.000 return=-144.8 length=200 success_rate=0.00 collisions/ep=0.00 (n=8)
update=8 global_step=16384 SPS=11 m_ev=-0.060 m_v_bias=-36.1 m_kl_max=0.0069 mpc_ms=70.8/438 cand=0.000 w_ax@goal=-0.68 return=-79.6 length=198 success_rate=0.06 collisions/ep=0.00 (n=16)
update=9 global_step=18432 SPS=11 m_ev=-1.516 m_v_bias=4.8 m_kl_max=0.0033 mpc_ms=83.4/821 cand=0.000 w_ax@goal=-0.07 return=-144.4 length=200 success_rate=0.00 collisions/ep=0.00 (n=8)
update=10 global_step=20480 SPS=11 m_ev=-0.002 m_v_bias=1.3 m_kl_max=0.0193 mpc_ms=85.0/879 cand=0.000 w_ax@goal=-0.71 return=-138.4 length=200 success_rate=0.00 collisions/ep=0.00 (n=8)
Evaluation at update 10: return=-142.04, length=200.00, success_rate=0.00, collisions/ep=0.00
Solved-check at update 10: solved=False worst_gap=1161.99 at p_x0=2.00 p_y0=0.50 (consecutive=0)
update=11 global_step=22528 SPS=9 m_ev=0.706 m_v_bias=4.9 m_kl_max=0.0086 mpc_ms=70.8/755 cand=0.000 w_ax@goal=-0.85 return=-139.2 length=200 success_rate=0.00 collisions/ep=0.00 (n=16)
update=12 global_step=24576 SPS=9 m_ev=-0.031 m_v_bias=-29.6 m_kl_max=0.0146 mpc_ms=73.4/654 cand=0.000 w_ax@goal=-0.48 return=-16.1 length=200 success_rate=0.12 collisions/ep=0.00 (n=8)
update=13 global_step=26624 SPS=9 m_ev=0.036 m_v_bias=-21.8 m_kl_max=0.0121 mpc_ms=80.5/391 cand=0.000 w_ax@goal=-0.42 return=-3.6 length=199 success_rate=0.12 collisions/ep=0.00 (n=8)
update=14 global_step=28672 SPS=10 m_ev=0.130 m_v_bias=-54.4 m_kl_max=0.0237 mpc_ms=77.9/759 cand=0.000 w_ax@goal=-0.38 return=52.7 length=195 success_rate=0.18 collisions/ep=0.00 (n=11)
update=15 global_step=30720 SPS=10 m_ev=0.334 m_v_bias=-101.6 m_kl_max=0.0115 mpc_ms=73.9/476 cand=0.000 w_ax@goal=-0.24 return=272.5 length=181 success_rate=0.38 collisions/ep=0.00 (n=13)
Evaluation at update 15: return=267.18, length=185.55, success_rate=0.40, collisions/ep=0.00
Solved-check at update 15: solved=False worst_gap=1191.78 at p_x0=2.00 p_y0=0.00 (consecutive=0)
update=16 global_step=32768 SPS=9 m_ev=0.513 m_v_bias=-57.5 m_kl_max=0.0156 mpc_ms=78.7/855 cand=0.000 w_ax@goal=-0.10 return=507.3 length=172 success_rate=0.60 collisions/ep=0.00 (n=10)
update=17 global_step=34816 SPS=9 m_ev=0.614 m_v_bias=-30.2 m_kl_max=0.0360 mpc_ms=69.8/312 cand=0.000 w_ax@goal=-0.10 return=339.2 length=185 success_rate=0.46 collisions/ep=0.00 (n=13)
update=18 global_step=36864 SPS=9 m_ev=0.756 m_v_bias=-46.5 m_kl_max=0.0139 mpc_ms=68.8/618 cand=0.000 w_ax@goal=-0.01 return=358.7 length=171 success_rate=0.45 collisions/ep=0.00 (n=11)
update=19 global_step=38912 SPS=9 m_ev=0.833 m_v_bias=-84.2 m_kl_max=0.0111 mpc_ms=66.0/578 cand=0.000 w_ax@goal=+0.02 return=658.6 length=155 success_rate=0.73 collisions/ep=0.00 (n=15)
update=20 global_step=40960 SPS=9 m_ev=0.863 m_v_bias=-29.9 m_kl_max=0.0162 mpc_ms=62.0/352 cand=0.000 w_ax@goal=-0.10 return=789.7 length=152 success_rate=0.86 collisions/ep=0.00 (n=14)
Evaluation at update 20: return=120.85, length=172.70, success_rate=0.25, collisions/ep=0.00
Solved-check at update 20: solved=False worst_gap=1191.78 at p_x0=2.00 p_y0=0.00 (consecutive=0)
update=21 global_step=43008 SPS=9 m_ev=0.808 m_v_bias=9.6 m_kl_max=0.0091 mpc_ms=62.0/326 cand=0.000 w_ax@goal=-0.09 return=680.9 length=153 success_rate=0.75 collisions/ep=0.00 (n=12)
update=22 global_step=45056 SPS=9 m_ev=0.829 m_v_bias=-29.6 m_kl_max=0.0152 mpc_ms=64.0/333 cand=0.000 w_ax@goal=-0.11 return=696.0 length=157 success_rate=0.77 collisions/ep=0.00 (n=13)
update=23 global_step=47104 SPS=9 m_ev=0.852 m_v_bias=3.2 m_kl_max=0.0135 mpc_ms=67.3/420 cand=0.000 w_ax@goal=+0.03 return=649.2 length=151 success_rate=0.71 collisions/ep=0.00 (n=14)
update=24 global_step=49152 SPS=9 m_ev=0.883 m_v_bias=-29.7 m_kl_max=0.0122 mpc_ms=66.3/344 cand=0.000 w_ax@goal=+0.05 return=974.0 length=115 success_rate=1.00 collisions/ep=0.00 (n=17)
update=25 global_step=51200 SPS=9 m_ev=0.874 m_v_bias=-1.0 m_kl_max=0.0125 mpc_ms=66.9/420 cand=0.000 w_ax@goal=-0.08 return=960.9 length=130 success_rate=1.00 collisions/ep=0.00 (n=16)
Evaluation at update 25: return=998.34, length=91.60, success_rate=1.00, collisions/ep=0.00
Solved-check at update 25: solved=False worst_gap=25.13 at p_x0=1.00 p_y0=-1.00 (consecutive=0)
update=26 global_step=53248 SPS=9 m_ev=0.939 m_v_bias=-9.5 m_kl_max=0.0113 mpc_ms=60.7/427 cand=0.000 w_ax@goal=+0.09 return=970.2 length=124 success_rate=1.00 collisions/ep=0.00 (n=19)
update=27 global_step=55296 SPS=9 m_ev=0.939 m_v_bias=-14.1 m_kl_max=0.0213 mpc_ms=64.1/582 cand=0.000 w_ax@goal=+0.05 return=975.6 length=113 success_rate=1.00 collisions/ep=0.00 (n=18)
update=28 global_step=57344 SPS=9 m_ev=0.898 m_v_bias=20.2 m_kl_max=0.0043 mpc_ms=69.4/1627 cand=0.000 w_ax@goal=-0.04 return=971.0 length=119 success_rate=1.00 collisions/ep=0.00 (n=16)
update=29 global_step=59392 SPS=9 m_ev=0.964 m_v_bias=-11.0 m_kl_max=0.0073 mpc_ms=60.9/449 cand=0.000 w_ax@goal=-0.06 return=981.7 length=109 success_rate=1.00 collisions/ep=0.00 (n=21)
update=30 global_step=61440 SPS=10 m_ev=0.963 m_v_bias=-14.4 m_kl_max=0.0154 mpc_ms=59.4/364 cand=0.000 w_ax@goal=+0.07 return=986.3 length=106 success_rate=1.00 collisions/ep=0.00 (n=19)
Evaluation at update 30: return=999.82, length=90.15, success_rate=1.00, collisions/ep=0.00
Solved-check at update 30: solved=False worst_gap=15.03 at p_x0=0.00 p_y0=-1.00 (consecutive=0)
update=31 global_step=63488 SPS=9 m_ev=0.972 m_v_bias=-1.6 m_kl_max=0.0138 mpc_ms=66.2/434 cand=0.000 w_ax@goal=+0.05 return=985.1 length=106 success_rate=1.00 collisions/ep=0.00 (n=17)
update=32 global_step=65536 SPS=9 m_ev=0.957 m_v_bias=7.5 m_kl_max=0.0093 mpc_ms=64.0/686 cand=0.000 w_ax@goal=-0.01 return=984.1 length=107 success_rate=1.00 collisions/ep=0.00 (n=21)
update=33 global_step=67584 SPS=9 m_ev=0.965 m_v_bias=-3.2 m_kl_max=0.0068 mpc_ms=65.3/364 cand=0.000 w_ax@goal=-0.02 return=980.9 length=110 success_rate=1.00 collisions/ep=0.00 (n=17)
update=34 global_step=69632 SPS=10 m_ev=0.980 m_v_bias=0.9 m_kl_max=0.0110 mpc_ms=63.4/356 cand=0.000 w_ax@goal=+0.03 return=988.2 length=103 success_rate=1.00 collisions/ep=0.00 (n=21)
update=35 global_step=71680 SPS=10 m_ev=0.972 m_v_bias=-3.5 m_kl_max=0.0199 mpc_ms=62.9/375 cand=0.000 w_ax@goal=+0.02 return=988.5 length=103 success_rate=1.00 collisions/ep=0.00 (n=20)
Evaluation at update 35: return=999.37, length=90.60, success_rate=1.00, collisions/ep=0.00
Solved-check at update 35: solved=False worst_gap=16.03 at p_x0=0.00 p_y0=-1.00 (consecutive=0)
update=36 global_step=73728 SPS=9 m_ev=0.969 m_v_bias=1.9 m_kl_max=0.0053 mpc_ms=62.4/396 cand=0.000 w_ax@goal=-0.05 return=985.9 length=104 success_rate=1.00 collisions/ep=0.00 (n=20)
update=37 global_step=75776 SPS=10 m_ev=0.951 m_v_bias=11.6 m_kl_max=0.0039 mpc_ms=62.8/417 cand=0.000 w_ax@goal=+0.02 return=986.0 length=106 success_rate=1.00 collisions/ep=0.00 (n=20)
update=38 global_step=77824 SPS=10 m_ev=0.976 m_v_bias=-4.9 m_kl_max=0.0213 mpc_ms=57.7/392 cand=0.000 w_ax@goal=-0.07 return=985.1 length=106 success_rate=1.00 collisions/ep=0.00 (n=19)
update=39 global_step=79872 SPS=10 m_ev=0.988 m_v_bias=-10.6 m_kl_max=0.0067 mpc_ms=61.4/382 cand=0.000 w_ax@goal=-0.03 return=991.7 length=97 success_rate=1.00 collisions/ep=0.00 (n=21)
update=40 global_step=81920 SPS=10 m_ev=0.972 m_v_bias=6.3 m_kl_max=0.0160 mpc_ms=64.6/335 cand=0.000 w_ax@goal=+0.02 return=986.7 length=104 success_rate=1.00 collisions/ep=0.00 (n=18)
Evaluation at update 40: return=1000.57, length=89.40, success_rate=1.00, collisions/ep=0.00
Solved-check at update 40: solved=False worst_gap=14.03 at p_x0=0.00 p_y0=-1.00 (consecutive=0)
update=41 global_step=83968 SPS=10 m_ev=0.975 m_v_bias=3.6 m_kl_max=0.0038 mpc_ms=62.3/390 cand=0.000 w_ax@goal=+0.00 return=988.0 length=102 success_rate=1.00 collisions/ep=0.00 (n=21)
update=42 global_step=86016 SPS=10 m_ev=0.987 m_v_bias=-9.9 m_kl_max=0.0114 mpc_ms=63.7/434 cand=0.000 w_ax@goal=-0.11 return=990.3 length=101 success_rate=1.00 collisions/ep=0.00 (n=20)
update=43 global_step=88064 SPS=10 m_ev=0.967 m_v_bias=5.5 m_kl_max=0.0268 mpc_ms=63.4/326 cand=0.000 w_ax@goal=+0.02 return=987.5 length=105 success_rate=1.00 collisions/ep=0.00 (n=20)
update=44 global_step=90112 SPS=10 m_ev=0.982 m_v_bias=-5.0 m_kl_max=0.0314 mpc_ms=61.5/381 cand=0.000 w_ax@goal=-0.02 return=991.0 length=99 success_rate=1.00 collisions/ep=0.00 (n=20)
update=45 global_step=92160 SPS=10 m_ev=0.990 m_v_bias=-2.9 m_kl_max=0.0061 mpc_ms=61.9/479 cand=0.000 w_ax@goal=-0.02 return=990.5 length=102 success_rate=1.00 collisions/ep=0.00 (n=20)
Evaluation at update 45: return=1000.07, length=89.90, success_rate=1.00, collisions/ep=0.00
Solved-check at update 45: solved=False worst_gap=15.03 at p_x0=0.00 p_y0=-1.00 (consecutive=0)
update=46 global_step=94208 SPS=10 m_ev=0.983 m_v_bias=-2.4 m_kl_max=0.0306 mpc_ms=63.2/401 cand=0.000 w_ax@goal=-0.03 return=991.1 length=100 success_rate=1.00 collisions/ep=0.00 (n=22)
update=47 global_step=96256 SPS=10 m_ev=0.985 m_v_bias=-1.6 m_kl_max=0.0091 mpc_ms=64.9/376 cand=0.000 w_ax@goal=-0.04 return=992.2 length=97 success_rate=1.00 collisions/ep=0.00 (n=19)
update=48 global_step=98304 SPS=10 m_ev=0.988 m_v_bias=2.4 m_kl_max=0.0032 mpc_ms=58.7/366 cand=0.000 w_ax@goal=+0.02 return=992.5 length=98 success_rate=1.00 collisions/ep=0.00 (n=23)
update=49 global_step=100352 SPS=10 m_ev=0.981 m_v_bias=2.4 m_kl_max=0.0124 mpc_ms=67.2/290 cand=0.000 w_ax@goal=-0.05 return=991.8 length=96 success_rate=1.00 collisions/ep=0.00 (n=21)
update=50 global_step=102400 SPS=10 m_ev=0.985 m_v_bias=-0.4 m_kl_max=0.0281 mpc_ms=65.4/399 cand=0.000 w_ax@goal=-0.01 return=989.4 length=103 success_rate=1.00 collisions/ep=0.00 (n=19)
Evaluation at update 50: return=999.42, length=90.55, success_rate=1.00, collisions/ep=0.00
Solved-check at update 50: solved=False worst_gap=16.03 at p_x0=0.00 p_y0=-1.00 (consecutive=0)
update=51 global_step=104448 SPS=10 m_ev=0.991 m_v_bias=-6.4 m_kl_max=0.0112 mpc_ms=59.0/386 cand=0.000 w_ax@goal=-0.02 return=993.1 length=98 success_rate=1.00 collisions/ep=0.00 (n=23)
update=52 global_step=106496 SPS=10 m_ev=0.982 m_v_bias=1.4 m_kl_max=0.0105 mpc_ms=64.4/384 cand=0.000 w_ax@goal=-0.00 return=992.5 length=97 success_rate=1.00 collisions/ep=0.00 (n=20)
update=53 global_step=108544 SPS=10 m_ev=0.981 m_v_bias=-3.0 m_kl_max=0.0059 mpc_ms=62.7/423 cand=0.000 w_ax@goal=-0.07 return=992.2 length=97 success_rate=1.00 collisions/ep=0.00 (n=22)
update=54 global_step=110592 SPS=10 m_ev=0.986 m_v_bias=-1.3 m_kl_max=0.0051 mpc_ms=63.5/372 cand=0.000 w_ax@goal=-0.06 return=993.8 length=98 success_rate=1.00 collisions/ep=0.00 (n=20)
update=55 global_step=112640 SPS=10 m_ev=0.962 m_v_bias=7.4 m_kl_max=0.0050 mpc_ms=64.0/401 cand=0.000 w_ax@goal=-0.01 return=988.5 length=102 success_rate=1.00 collisions/ep=0.00 (n=20)
Evaluation at update 55: return=1000.43, length=89.55, success_rate=1.00, collisions/ep=0.00
Solved-check at update 55: solved=False worst_gap=14.02 at p_x0=0.00 p_y0=-1.00 (consecutive=0)
