Using device: cpu
Solved-check: precomputed optimal returns for 25 fixed initial conditions (mean=1011.8, min=1007.0, max=1014.0); solved-tolerance=5.0
Goal box: +-1.800 m (1.5x segment-reachable; segment-reachable displacement = 1.200 m)
tube MPC: W disks of radii (p, v) [0.005 0.05 ], RPI s=17 alpha=0.0281; Z radii (p, v) = [0.0833 0.2107]
  X0 (-) Z: p_x [-0.917, 10.917], p_y [-1.916, 1.916], ||v|| <= 0.989; V = U (-) KZ: ||u|| <= 1.692; K = [-7.613 -4.585] per axis
  4 obstacles, 132 binaries before fixing, max big-M 9.00; horizon N=10, stopping time 6 steps
num_envs=8 num_steps_per_env=256 batch_size=2048 num_updates=244 timesteps=499712 (requested 500000)
update=1 global_step=2048 SPS=35 m_ev=-0.000 m_v_bias=41.1 m_kl_max=0.0066 mpc_ms=27.5/295 cand=0.000 return=-192.0 length=200 success_rate=0.00 collisions/ep=0.00 (n=8)
update=2 global_step=4096 SPS=38 m_ev=-0.808 m_v_bias=23.1 m_kl_max=0.0175 mpc_ms=23.5/275 cand=0.000 return=-197.8 length=200 success_rate=0.00 collisions/ep=0.00 (n=8)
update=3 global_step=6144 SPS=33 m_ev=-0.315 m_v_bias=13.8 m_kl_max=0.0548 mpc_ms=37.3/355 cand=0.000 return=-186.4 length=200 success_rate=0.00 collisions/ep=0.00 (n=8)
update=4 global_step=8192 SPS=29 m_ev=-0.376 m_v_bias=6.1 m_kl_max=0.0515 mpc_ms=47.8/408 cand=0.000 return=-174.7 length=200 success_rate=0.00 collisions/ep=0.00 (n=16)
update=5 global_step=10240 SPS=23 m_ev=0.160 m_v_bias=2.4 m_kl_max=0.0415 mpc_ms=71.6/1050 cand=0.000 return=-159.3 length=200 success_rate=0.00 collisions/ep=0.00 (n=8)
Evaluation at update 5: return=-147.80, length=200.00, success_rate=0.00, collisions/ep=0.00
Solved-check at update 5: solved=False worst_gap=1186.93 at p_x0=1.50 p_y0=1.00 (consecutive=0)
update=6 global_step=12288 SPS=10 m_ev=0.641 m_v_bias=2.1 m_kl_max=0.0272 mpc_ms=82.8/733 cand=0.000 return=-158.9 length=200 success_rate=0.00 collisions/ep=0.00 (n=8)
update=7 global_step=14336 SPS=10 m_ev=0.851 m_v_bias=1.1 m_kl_max=0.0317 mpc_ms=81.3/454 cand=0.000 return=-147.2 length=200 success_rate=0.00 collisions/ep=0.00 (n=8)
update=8 global_step=16384 SPS=11 m_ev=0.961 m_v_bias=1.0 m_kl_max=0.0370 mpc_ms=72.1/477 cand=0.000 return=-140.8 length=200 success_rate=0.00 collisions/ep=0.00 (n=16)
update=9 global_step=18432 SPS=11 m_ev=0.929 m_v_bias=0.3 m_kl_max=0.0335 mpc_ms=79.2/390 cand=0.000 return=-141.4 length=200 success_rate=0.00 collisions/ep=0.00 (n=8)
update=10 global_step=20480 SPS=11 m_ev=-0.031 m_v_bias=-32.3 m_kl_max=0.0105 mpc_ms=71.8/617 cand=0.000 w_ax@goal=+0.43 return=-21.9 length=194 success_rate=0.11 collisions/ep=0.00 (n=9)
Evaluation at update 10: return=-143.22, length=200.00, success_rate=0.00, collisions/ep=0.00
Solved-check at update 10: solved=False worst_gap=1162.06 at p_x0=2.00 p_y0=0.50 (consecutive=0)
update=11 global_step=22528 SPS=9 m_ev=0.065 m_v_bias=-30.6 m_kl_max=0.0112 mpc_ms=71.9/703 cand=0.000 w_ax@goal=-0.08 return=-72.1 length=200 success_rate=0.07 collisions/ep=0.00 (n=15)
update=12 global_step=24576 SPS=9 m_ev=-0.873 m_v_bias=9.6 m_kl_max=0.0197 mpc_ms=75.4/408 cand=0.000 w_ax@goal=-0.87 return=-136.4 length=200 success_rate=0.00 collisions/ep=0.00 (n=8)
update=13 global_step=26624 SPS=9 m_ev=0.059 m_v_bias=-41.2 m_kl_max=0.0088 mpc_ms=77.9/428 cand=0.000 w_ax@goal=-0.15 return=129.6 length=191 success_rate=0.25 collisions/ep=0.00 (n=8)
update=14 global_step=28672 SPS=9 m_ev=-4.570 m_v_bias=6.7 m_kl_max=0.0125 mpc_ms=67.4/596 cand=0.000 return=-153.0 length=200 success_rate=0.00 collisions/ep=0.00 (n=10)
update=15 global_step=30720 SPS=10 m_ev=0.074 m_v_bias=-21.6 m_kl_max=0.0042 mpc_ms=77.2/430 cand=0.000 w_ax@goal=-0.60 return=-64.6 length=197 success_rate=0.07 collisions/ep=0.00 (n=14)
Evaluation at update 15: return=-143.22, length=200.00, success_rate=0.00, collisions/ep=0.00
Solved-check at update 15: solved=False worst_gap=1162.04 at p_x0=2.00 p_y0=0.50 (consecutive=0)
update=16 global_step=32768 SPS=8 m_ev=0.162 m_v_bias=-67.7 m_kl_max=0.0172 mpc_ms=79.5/647 cand=0.000 w_ax@goal=-0.46 return=211.2 length=189 success_rate=0.33 collisions/ep=0.00 (n=9)
update=17 global_step=34816 SPS=9 m_ev=0.376 m_v_bias=-64.8 m_kl_max=0.0157 mpc_ms=74.6/439 cand=0.000 w_ax@goal=-0.27 return=156.4 length=191 success_rate=0.27 collisions/ep=0.00 (n=11)
update=18 global_step=36864 SPS=9 m_ev=0.487 m_v_bias=3.7 m_kl_max=0.0180 mpc_ms=62.2/954 cand=0.000 w_ax@goal=-0.53 return=29.0 length=197 success_rate=0.17 collisions/ep=0.00 (n=12)
update=19 global_step=38912 SPS=9 m_ev=0.547 m_v_bias=-55.5 m_kl_max=0.0072 mpc_ms=61.0/402 cand=0.000 w_ax@goal=-0.29 return=470.3 length=162 success_rate=0.56 collisions/ep=0.00 (n=9)
update=20 global_step=40960 SPS=9 m_ev=0.756 m_v_bias=-76.4 m_kl_max=0.0120 mpc_ms=58.6/396 cand=0.000 w_ax@goal=-0.11 return=269.1 length=189 success_rate=0.38 collisions/ep=0.00 (n=13)
Evaluation at update 20: return=-143.19, length=200.00, success_rate=0.00, collisions/ep=0.00
Solved-check at update 20: solved=False worst_gap=1162.02 at p_x0=2.00 p_y0=0.50 (consecutive=0)
update=21 global_step=43008 SPS=9 m_ev=0.803 m_v_bias=8.0 m_kl_max=0.0074 mpc_ms=64.3/397 cand=0.000 w_ax@goal=-0.06 return=282.8 length=180 success_rate=0.40 collisions/ep=0.00 (n=10)
update=22 global_step=45056 SPS=9 m_ev=0.713 m_v_bias=-25.2 m_kl_max=0.0198 mpc_ms=56.8/577 cand=0.000 w_ax@goal=-0.11 return=404.9 length=170 success_rate=0.50 collisions/ep=0.00 (n=16)
update=23 global_step=47104 SPS=9 m_ev=0.643 m_v_bias=14.8 m_kl_max=0.0215 mpc_ms=60.4/391 cand=0.000 w_ax@goal=+0.15 return=344.2 length=170 success_rate=0.44 collisions/ep=0.00 (n=9)
update=24 global_step=49152 SPS=9 m_ev=0.831 m_v_bias=1.6 m_kl_max=0.0069 mpc_ms=59.1/426 cand=0.000 w_ax@goal=-0.12 return=613.9 length=156 success_rate=0.69 collisions/ep=0.00 (n=13)
update=25 global_step=51200 SPS=9 m_ev=0.815 m_v_bias=-9.8 m_kl_max=0.0121 mpc_ms=58.2/426 cand=0.000 w_ax@goal=-0.15 return=439.2 length=167 success_rate=0.54 collisions/ep=0.00 (n=13)
Evaluation at update 25: return=406.55, length=151.20, success_rate=0.50, collisions/ep=0.00
Solved-check at update 25: solved=False worst_gap=1191.80 at p_x0=2.00 p_y0=0.00 (consecutive=0)
update=26 global_step=53248 SPS=9 m_ev=0.760 m_v_bias=-70.6 m_kl_max=0.0066 mpc_ms=64.9/320 cand=0.000 w_ax@goal=-0.07 return=737.4 length=149 success_rate=0.80 collisions/ep=0.00 (n=15)
update=27 global_step=55296 SPS=9 m_ev=0.843 m_v_bias=7.6 m_kl_max=0.0066 mpc_ms=60.0/529 cand=0.000 w_ax@goal=-0.03 return=617.3 length=162 success_rate=0.70 collisions/ep=0.00 (n=10)
update=28 global_step=57344 SPS=9 m_ev=0.794 m_v_bias=10.8 m_kl_max=0.0030 mpc_ms=60.9/382 cand=0.000 w_ax@goal=-0.17 return=493.7 length=156 success_rate=0.57 collisions/ep=0.00 (n=14)
update=29 global_step=59392 SPS=9 m_ev=0.758 m_v_bias=-1.2 m_kl_max=0.0215 mpc_ms=60.8/494 cand=0.000 w_ax@goal=-0.06 return=697.6 length=138 success_rate=0.75 collisions/ep=0.00 (n=16)
update=30 global_step=61440 SPS=10 m_ev=0.834 m_v_bias=-2.9 m_kl_max=0.0110 mpc_ms=59.2/391 cand=0.000 w_ax@goal=-0.07 return=801.1 length=144 success_rate=0.86 collisions/ep=0.00 (n=14)
Evaluation at update 30: return=996.47, length=92.20, success_rate=1.00, collisions/ep=0.00
Solved-check at update 30: solved=False worst_gap=38.18 at p_x0=1.50 p_y0=-1.00 (consecutive=0)
update=31 global_step=63488 SPS=9 m_ev=0.884 m_v_bias=-12.2 m_kl_max=0.0090 mpc_ms=61.9/344 cand=0.000 w_ax@goal=+0.04 return=952.3 length=137 success_rate=1.00 collisions/ep=0.00 (n=16)
update=32 global_step=65536 SPS=9 m_ev=0.888 m_v_bias=-7.4 m_kl_max=0.0087 mpc_ms=66.2/385 cand=0.000 w_ax@goal=+0.05 return=954.8 length=137 success_rate=1.00 collisions/ep=0.00 (n=15)
update=33 global_step=67584 SPS=9 m_ev=0.888 m_v_bias=-13.4 m_kl_max=0.0109 mpc_ms=65.3/383 cand=0.000 w_ax@goal=-0.03 return=894.6 length=129 success_rate=0.93 collisions/ep=0.00 (n=15)
update=34 global_step=69632 SPS=10 m_ev=0.941 m_v_bias=-19.3 m_kl_max=0.0077 mpc_ms=66.0/404 cand=0.000 w_ax@goal=+0.07 return=967.1 length=122 success_rate=1.00 collisions/ep=0.00 (n=18)
update=35 global_step=71680 SPS=10 m_ev=0.948 m_v_bias=-0.5 m_kl_max=0.0213 mpc_ms=64.4/335 cand=0.000 w_ax@goal=-0.10 return=976.6 length=114 success_rate=1.00 collisions/ep=0.00 (n=18)
Evaluation at update 35: return=1001.10, length=87.65, success_rate=1.00, collisions/ep=0.00
Solved-check at update 35: solved=False worst_gap=13.11 at p_x0=2.00 p_y0=-1.00 (consecutive=0)
update=36 global_step=73728 SPS=9 m_ev=0.916 m_v_bias=7.4 m_kl_max=0.0053 mpc_ms=67.1/406 cand=0.000 w_ax@goal=-0.10 return=961.2 length=127 success_rate=1.00 collisions/ep=0.00 (n=16)
update=37 global_step=75776 SPS=10 m_ev=0.932 m_v_bias=-0.4 m_kl_max=0.0115 mpc_ms=66.4/573 cand=0.000 w_ax@goal=-0.02 return=974.5 length=118 success_rate=1.00 collisions/ep=0.00 (n=17)
update=38 global_step=77824 SPS=10 m_ev=0.927 m_v_bias=-20.3 m_kl_max=0.0089 mpc_ms=66.9/378 cand=0.000 w_ax@goal=-0.04 return=982.4 length=107 success_rate=1.00 collisions/ep=0.00 (n=19)
update=39 global_step=79872 SPS=10 m_ev=0.961 m_v_bias=1.4 m_kl_max=0.0058 mpc_ms=64.5/332 cand=0.000 w_ax@goal=+0.01 return=981.2 length=108 success_rate=1.00 collisions/ep=0.00 (n=18)
update=40 global_step=81920 SPS=10 m_ev=0.964 m_v_bias=-3.3 m_kl_max=0.0188 mpc_ms=64.4/380 cand=0.000 w_ax@goal=-0.01 return=982.3 length=108 success_rate=1.00 collisions/ep=0.00 (n=19)
Evaluation at update 40: return=1000.04, length=88.70, success_rate=1.00, collisions/ep=0.00
Solved-check at update 40: solved=False worst_gap=14.04 at p_x0=0.00 p_y0=1.00 (consecutive=0)
update=41 global_step=83968 SPS=10 m_ev=0.968 m_v_bias=-0.5 m_kl_max=0.0109 mpc_ms=58.5/286 cand=0.000 w_ax@goal=-0.09 return=985.3 length=106 success_rate=1.00 collisions/ep=0.00 (n=21)
update=42 global_step=86016 SPS=10 m_ev=0.984 m_v_bias=-11.9 m_kl_max=0.0129 mpc_ms=62.5/841 cand=0.000 w_ax@goal=+0.01 return=989.4 length=102 success_rate=1.00 collisions/ep=0.00 (n=20)
update=43 global_step=88064 SPS=10 m_ev=0.979 m_v_bias=6.0 m_kl_max=0.0109 mpc_ms=65.0/535 cand=0.000 w_ax@goal=-0.03 return=988.2 length=102 success_rate=1.00 collisions/ep=0.00 (n=20)
update=44 global_step=90112 SPS=10 m_ev=0.974 m_v_bias=10.9 m_kl_max=0.0070 mpc_ms=63.2/619 cand=0.000 w_ax@goal=-0.02 return=985.4 length=106 success_rate=1.00 collisions/ep=0.00 (n=19)
update=45 global_step=92160 SPS=10 m_ev=0.971 m_v_bias=-3.4 m_kl_max=0.0042 mpc_ms=62.9/445 cand=0.000 w_ax@goal=+0.02 return=984.2 length=107 success_rate=1.00 collisions/ep=0.00 (n=20)
Evaluation at update 45: return=1000.90, length=87.85, success_rate=1.00, collisions/ep=0.00
Solved-check at update 45: solved=False worst_gap=13.03 at p_x0=0.00 p_y0=1.00 (consecutive=0)
update=46 global_step=94208 SPS=10 m_ev=0.972 m_v_bias=-0.4 m_kl_max=0.0108 mpc_ms=66.7/489 cand=0.000 w_ax@goal=-0.05 return=988.7 length=101 success_rate=1.00 collisions/ep=0.00 (n=19)
update=47 global_step=96256 SPS=10 m_ev=0.967 m_v_bias=-0.3 m_kl_max=0.0062 mpc_ms=62.1/481 cand=0.000 w_ax@goal=-0.02 return=987.1 length=105 success_rate=1.00 collisions/ep=0.00 (n=20)
update=48 global_step=98304 SPS=10 m_ev=0.964 m_v_bias=5.8 m_kl_max=0.0104 mpc_ms=63.4/355 cand=0.000 w_ax@goal=-0.01 return=988.1 length=102 success_rate=1.00 collisions/ep=0.00 (n=20)
update=49 global_step=100352 SPS=10 m_ev=0.973 m_v_bias=-5.5 m_kl_max=0.0085 mpc_ms=68.1/376 cand=0.000 w_ax@goal=-0.03 return=983.1 length=107 success_rate=1.00 collisions/ep=0.00 (n=19)
update=50 global_step=102400 SPS=10 m_ev=0.955 m_v_bias=-1.8 m_kl_max=0.0233 mpc_ms=61.6/299 cand=0.000 w_ax@goal=+0.05 return=990.9 length=101 success_rate=1.00 collisions/ep=0.00 (n=21)
Evaluation at update 50: return=999.80, length=88.95, success_rate=1.00, collisions/ep=0.00
Solved-check at update 50: solved=False worst_gap=14.04 at p_x0=0.00 p_y0=0.50 (consecutive=0)
update=51 global_step=104448 SPS=10 m_ev=0.970 m_v_bias=1.8 m_kl_max=0.0091 mpc_ms=65.9/442 cand=0.000 w_ax@goal=+0.02 return=986.4 length=105 success_rate=1.00 collisions/ep=0.00 (n=18)
update=52 global_step=106496 SPS=10 m_ev=0.979 m_v_bias=-4.6 m_kl_max=0.0142 mpc_ms=61.5/416 cand=0.000 w_ax@goal=-0.02 return=985.1 length=104 success_rate=1.00 collisions/ep=0.00 (n=22)
update=53 global_step=108544 SPS=10 m_ev=0.976 m_v_bias=-10.8 m_kl_max=0.0038 mpc_ms=62.9/528 cand=0.000 w_ax@goal=+0.02 return=991.6 length=102 success_rate=1.00 collisions/ep=0.00 (n=18)
update=54 global_step=110592 SPS=10 m_ev=0.993 m_v_bias=-2.8 m_kl_max=0.0167 mpc_ms=61.2/446 cand=0.000 w_ax@goal=+0.05 return=992.0 length=100 success_rate=1.00 collisions/ep=0.00 (n=21)
update=55 global_step=112640 SPS=10 m_ev=0.967 m_v_bias=12.3 m_kl_max=0.0128 mpc_ms=66.7/497 cand=0.000 w_ax@goal=+0.00 return=990.6 length=101 success_rate=1.00 collisions/ep=0.00 (n=20)
Evaluation at update 55: return=999.64, length=89.10, success_rate=1.00, collisions/ep=0.00
Solved-check at update 55: solved=False worst_gap=15.03 at p_x0=0.00 p_y0=-0.50 (consecutive=0)
