Using device: cpu
Solved-check: precomputed optimal returns for 25 fixed initial conditions (mean=1011.8, min=1007.0, max=1014.0); solved-tolerance=5.0
Goal box: +-1.800 m (1.5x segment-reachable; segment-reachable displacement = 1.200 m)
tube MPC: W disks of radii (p, v) [0.005 0.05 ], RPI s=17 alpha=0.0281; Z radii (p, v) = [0.0833 0.2107]
  X0 (-) Z: p_x [-0.917, 10.917], p_y [-1.916, 1.916], ||v|| <= 0.989; V = U (-) KZ: ||u|| <= 1.692; K = [-7.613 -4.585] per axis
  4 obstacles, 132 binaries before fixing, max big-M 9.00; horizon N=10, stopping time 6 steps
num_envs=8 num_steps_per_env=256 batch_size=2048 num_updates=244 timesteps=499712 (requested 500000)
update=1 global_step=2048 SPS=53 m_ev=-0.000 m_v_bias=42.4 m_kl_max=0.0036 mpc_ms=18.4/145 cand=0.000 return=-197.9 length=200 success_rate=0.00 collisions/ep=0.00 (n=8)
update=2 global_step=4096 SPS=42 m_ev=-0.732 m_v_bias=24.5 m_kl_max=0.0159 mpc_ms=27.6/332 cand=0.000 return=-199.7 length=200 success_rate=0.00 collisions/ep=0.00 (n=8)
update=3 global_step=6144 SPS=34 m_ev=-0.389 m_v_bias=10.1 m_kl_max=0.0242 mpc_ms=39.6/601 cand=0.000 return=-186.7 length=200 success_rate=0.00 collisions/ep=0.00 (n=8)
update=4 global_step=8192 SPS=29 m_ev=-0.182 m_v_bias=6.2 m_kl_max=0.0372 mpc_ms=48.9/395 cand=0.000 return=-179.0 length=200 success_rate=0.00 collisions/ep=0.00 (n=16)
update=5 global_step=10240 SPS=24 m_ev=0.054 m_v_bias=1.7 m_kl_max=0.0420 mpc_ms=66.9/411 cand=0.000 return=-157.7 length=200 success_rate=0.00 collisions/ep=0.00 (n=8)
Evaluation at update 5: return=-142.69, length=200.00, success_rate=0.00, collisions/ep=0.00
Solved-check at update 5: solved=False worst_gap=1172.09 at p_x0=2.00 p_y0=-1.00 (consecutive=0)
update=6 global_step=12288 SPS=10 m_ev=0.506 m_v_bias=0.0 m_kl_max=0.0480 mpc_ms=79.6/733 cand=0.000 w_ax@goal=-2.23 return=-151.7 length=200 success_rate=0.00 collisions/ep=0.00 (n=8)
update=7 global_step=14336 SPS=11 m_ev=-0.041 m_v_bias=-23.5 m_kl_max=0.0093 mpc_ms=88.1/541 cand=0.000 w_ax@goal=-0.42 return=-21.9 length=199 success_rate=0.12 collisions/ep=0.00 (n=8)
update=8 global_step=16384 SPS=11 m_ev=-2.771 m_v_bias=0.1 m_kl_max=0.0316 mpc_ms=71.8/469 cand=0.000 w_ax@goal=-2.03 return=-147.2 length=200 success_rate=0.00 collisions/ep=0.00 (n=16)
update=9 global_step=18432 SPS=11 m_ev=-0.744 m_v_bias=0.8 m_kl_max=0.0086 mpc_ms=80.3/402 cand=0.000 w_ax@goal=-1.86 return=-143.0 length=200 success_rate=0.00 collisions/ep=0.00 (n=8)
update=10 global_step=20480 SPS=11 m_ev=-0.008 m_v_bias=-27.6 m_kl_max=0.0190 mpc_ms=77.8/441 cand=0.000 w_ax@goal=-0.54 return=-15.8 length=191 success_rate=0.11 collisions/ep=0.00 (n=9)
Evaluation at update 10: return=-46.68, length=199.05, success_rate=0.10, collisions/ep=0.00
Solved-check at update 10: solved=False worst_gap=1192.01 at p_x0=2.00 p_y0=0.00 (consecutive=0)
update=11 global_step=22528 SPS=9 m_ev=0.072 m_v_bias=-76.3 m_kl_max=0.0235 mpc_ms=63.5/372 cand=0.000 w_ax@goal=-0.03 return=125.3 length=198 success_rate=0.27 collisions/ep=0.00 (n=15)
update=12 global_step=24576 SPS=9 m_ev=0.054 m_v_bias=5.7 m_kl_max=0.0208 mpc_ms=79.9/779 cand=0.000 w_ax@goal=+0.17 return=-13.3 length=197 success_rate=0.12 collisions/ep=0.00 (n=8)
update=13 global_step=26624 SPS=9 m_ev=0.331 m_v_bias=-45.3 m_kl_max=0.0327 mpc_ms=79.9/387 cand=0.000 w_ax@goal=-0.16 return=185.5 length=183 success_rate=0.30 collisions/ep=0.00 (n=10)
update=14 global_step=28672 SPS=9 m_ev=0.564 m_v_bias=-77.1 m_kl_max=0.0145 mpc_ms=72.7/505 cand=0.000 w_ax@goal=-0.01 return=343.7 length=186 success_rate=0.46 collisions/ep=0.00 (n=13)
update=15 global_step=30720 SPS=10 m_ev=0.507 m_v_bias=31.4 m_kl_max=0.0086 mpc_ms=67.0/346 cand=0.000 w_ax@goal=-0.21 return=81.3 length=189 success_rate=0.22 collisions/ep=0.00 (n=9)
Evaluation at update 15: return=-172.56, length=200.00, success_rate=0.00, collisions/ep=0.00
Solved-check at update 15: solved=False worst_gap=1192.02 at p_x0=2.00 p_y0=0.00 (consecutive=0)
update=16 global_step=32768 SPS=9 m_ev=0.731 m_v_bias=-62.2 m_kl_max=0.0212 mpc_ms=71.6/417 cand=0.000 w_ax@goal=+0.04 return=432.9 length=169 success_rate=0.53 collisions/ep=0.00 (n=15)
update=17 global_step=34816 SPS=9 m_ev=0.772 m_v_bias=16.7 m_kl_max=0.0108 mpc_ms=73.5/416 cand=0.000 w_ax@goal=+0.01 return=203.7 length=189 success_rate=0.33 collisions/ep=0.00 (n=9)
update=18 global_step=36864 SPS=9 m_ev=0.831 m_v_bias=-4.0 m_kl_max=0.0177 mpc_ms=67.3/509 cand=0.000 w_ax@goal=-0.03 return=435.5 length=176 success_rate=0.55 collisions/ep=0.00 (n=11)
update=19 global_step=38912 SPS=9 m_ev=0.748 m_v_bias=-22.9 m_kl_max=0.0161 mpc_ms=65.1/428 cand=0.000 w_ax@goal=+0.01 return=248.5 length=177 success_rate=0.36 collisions/ep=0.00 (n=11)
update=20 global_step=40960 SPS=10 m_ev=0.776 m_v_bias=-17.8 m_kl_max=0.0089 mpc_ms=64.2/365 cand=0.000 w_ax@goal=+0.07 return=441.9 length=169 success_rate=0.54 collisions/ep=0.00 (n=13)
Evaluation at update 20: return=965.09, length=124.05, success_rate=1.00, collisions/ep=0.00
Solved-check at update 20: solved=False worst_gap=106.31 at p_x0=2.00 p_y0=-1.00 (consecutive=0)
update=21 global_step=43008 SPS=9 m_ev=0.740 m_v_bias=10.0 m_kl_max=0.0131 mpc_ms=63.9/469 cand=0.000 w_ax@goal=+0.02 return=303.6 length=187 success_rate=0.42 collisions/ep=0.00 (n=12)
update=22 global_step=45056 SPS=9 m_ev=0.834 m_v_bias=-37.5 m_kl_max=0.0079 mpc_ms=64.9/386 cand=0.000 w_ax@goal=-0.04 return=691.5 length=159 success_rate=0.77 collisions/ep=0.00 (n=13)
update=23 global_step=47104 SPS=9 m_ev=0.849 m_v_bias=-13.3 m_kl_max=0.0441 mpc_ms=64.8/550 cand=0.000 w_ax@goal=-0.01 return=587.9 length=161 success_rate=0.67 collisions/ep=0.00 (n=12)
update=24 global_step=49152 SPS=9 m_ev=0.829 m_v_bias=12.7 m_kl_max=0.0175 mpc_ms=66.5/506 cand=0.000 w_ax@goal=-0.00 return=653.2 length=158 success_rate=0.73 collisions/ep=0.00 (n=15)
update=25 global_step=51200 SPS=9 m_ev=0.826 m_v_bias=-34.3 m_kl_max=0.0134 mpc_ms=65.7/536 cand=0.000 w_ax@goal=+0.08 return=951.5 length=137 success_rate=1.00 collisions/ep=0.00 (n=14)
Evaluation at update 25: return=991.23, length=98.05, success_rate=1.00, collisions/ep=0.00
Solved-check at update 25: solved=False worst_gap=38.17 at p_x0=0.00 p_y0=-1.00 (consecutive=0)
update=26 global_step=53248 SPS=9 m_ev=0.915 m_v_bias=-23.5 m_kl_max=0.0160 mpc_ms=64.9/604 cand=0.000 w_ax@goal=-0.05 return=822.2 length=136 success_rate=0.87 collisions/ep=0.00 (n=15)
update=27 global_step=55296 SPS=9 m_ev=0.927 m_v_bias=-16.3 m_kl_max=0.0089 mpc_ms=62.3/479 cand=0.000 w_ax@goal=-0.03 return=969.5 length=121 success_rate=1.00 collisions/ep=0.00 (n=18)
update=28 global_step=57344 SPS=9 m_ev=0.942 m_v_bias=-4.4 m_kl_max=0.0149 mpc_ms=66.9/421 cand=0.000 w_ax@goal=+0.04 return=967.7 length=123 success_rate=1.00 collisions/ep=0.00 (n=16)
update=29 global_step=59392 SPS=9 m_ev=0.927 m_v_bias=10.7 m_kl_max=0.0103 mpc_ms=64.8/461 cand=0.000 w_ax@goal=+0.08 return=893.4 length=130 success_rate=0.93 collisions/ep=0.00 (n=15)
update=30 global_step=61440 SPS=10 m_ev=0.934 m_v_bias=-19.3 m_kl_max=0.0120 mpc_ms=65.5/425 cand=0.000 w_ax@goal=-0.03 return=977.8 length=112 success_rate=1.00 collisions/ep=0.00 (n=18)
Evaluation at update 30: return=999.24, length=90.10, success_rate=1.00, collisions/ep=0.00
Solved-check at update 30: solved=False worst_gap=15.05 at p_x0=0.00 p_y0=0.50 (consecutive=0)
update=31 global_step=63488 SPS=9 m_ev=0.960 m_v_bias=-7.3 m_kl_max=0.0080 mpc_ms=65.0/343 cand=0.000 w_ax@goal=+0.03 return=976.2 length=114 success_rate=1.00 collisions/ep=0.00 (n=20)
update=32 global_step=65536 SPS=9 m_ev=0.945 m_v_bias=13.2 m_kl_max=0.0091 mpc_ms=65.4/402 cand=0.000 w_ax@goal=-0.05 return=973.2 length=115 success_rate=1.00 collisions/ep=0.00 (n=17)
update=33 global_step=67584 SPS=10 m_ev=0.978 m_v_bias=-9.9 m_kl_max=0.0243 mpc_ms=62.7/376 cand=0.000 w_ax@goal=-0.01 return=982.4 length=108 success_rate=1.00 collisions/ep=0.00 (n=21)
update=34 global_step=69632 SPS=10 m_ev=0.953 m_v_bias=1.8 m_kl_max=0.0068 mpc_ms=63.5/579 cand=0.000 w_ax@goal=+0.01 return=983.5 length=106 success_rate=1.00 collisions/ep=0.00 (n=17)
update=35 global_step=71680 SPS=10 m_ev=0.969 m_v_bias=-6.1 m_kl_max=0.0148 mpc_ms=64.6/388 cand=0.000 w_ax@goal=+0.06 return=982.7 length=106 success_rate=1.00 collisions/ep=0.00 (n=20)
Evaluation at update 35: return=999.50, length=89.85, success_rate=1.00, collisions/ep=0.00
Solved-check at update 35: solved=False worst_gap=15.04 at p_x0=0.00 p_y0=0.50 (consecutive=0)
update=36 global_step=73728 SPS=10 m_ev=0.983 m_v_bias=-2.4 m_kl_max=0.0168 mpc_ms=59.0/354 cand=0.000 w_ax@goal=+0.02 return=984.0 length=107 success_rate=1.00 collisions/ep=0.00 (n=20)
update=37 global_step=75776 SPS=10 m_ev=0.966 m_v_bias=0.5 m_kl_max=0.0092 mpc_ms=61.6/461 cand=0.000 w_ax@goal=-0.04 return=985.5 length=107 success_rate=1.00 collisions/ep=0.00 (n=18)
update=38 global_step=77824 SPS=10 m_ev=0.981 m_v_bias=-7.0 m_kl_max=0.0139 mpc_ms=63.9/434 cand=0.000 w_ax@goal=-0.00 return=988.1 length=106 success_rate=1.00 collisions/ep=0.00 (n=19)
update=39 global_step=79872 SPS=10 m_ev=0.988 m_v_bias=-3.0 m_kl_max=0.0148 mpc_ms=60.3/763 cand=0.000 w_ax@goal=+0.03 return=988.0 length=102 success_rate=1.00 collisions/ep=0.00 (n=21)
update=40 global_step=81920 SPS=10 m_ev=0.985 m_v_bias=0.9 m_kl_max=0.0090 mpc_ms=62.8/308 cand=0.000 w_ax@goal=-0.07 return=988.9 length=102 success_rate=1.00 collisions/ep=0.00 (n=20)
Evaluation at update 40: return=997.75, length=91.60, success_rate=1.00, collisions/ep=0.00
Solved-check at update 40: solved=False worst_gap=17.05 at p_x0=0.00 p_y0=0.50 (consecutive=0)
update=41 global_step=83968 SPS=10 m_ev=0.984 m_v_bias=1.4 m_kl_max=0.0083 mpc_ms=58.6/334 cand=0.000 w_ax@goal=+0.05 return=988.6 length=101 success_rate=1.00 collisions/ep=0.00 (n=20)
update=42 global_step=86016 SPS=10 m_ev=0.972 m_v_bias=5.1 m_kl_max=0.0128 mpc_ms=61.8/993 cand=0.000 w_ax@goal=+0.01 return=987.3 length=102 success_rate=1.00 collisions/ep=0.00 (n=20)
update=43 global_step=88064 SPS=10 m_ev=0.990 m_v_bias=-9.2 m_kl_max=0.0016 mpc_ms=59.4/351 cand=0.000 w_ax@goal=+0.07 return=988.6 length=103 success_rate=1.00 collisions/ep=0.00 (n=20)
update=44 global_step=90112 SPS=10 m_ev=0.991 m_v_bias=-1.1 m_kl_max=0.0131 mpc_ms=60.8/438 cand=0.000 w_ax@goal=+0.02 return=990.6 length=101 success_rate=1.00 collisions/ep=0.00 (n=20)
update=45 global_step=92160 SPS=10 m_ev=0.981 m_v_bias=1.6 m_kl_max=0.0029 mpc_ms=60.0/339 cand=0.000 w_ax@goal=-0.02 return=988.8 length=104 success_rate=1.00 collisions/ep=0.00 (n=20)
Evaluation at update 45: return=997.90, length=91.45, success_rate=1.00, collisions/ep=0.00
Solved-check at update 45: solved=False worst_gap=17.03 at p_x0=0.00 p_y0=-0.50 (consecutive=0)
update=46 global_step=94208 SPS=10 m_ev=0.989 m_v_bias=0.3 m_kl_max=0.0046 mpc_ms=63.7/429 cand=0.000 w_ax@goal=+0.03 return=988.3 length=102 success_rate=1.00 collisions/ep=0.00 (n=22)
update=47 global_step=96256 SPS=10 m_ev=0.977 m_v_bias=3.6 m_kl_max=0.0113 mpc_ms=63.8/363 cand=0.000 w_ax@goal=-0.02 return=989.6 length=98 success_rate=1.00 collisions/ep=0.00 (n=18)
update=48 global_step=98304 SPS=10 m_ev=0.990 m_v_bias=-7.2 m_kl_max=0.0074 mpc_ms=59.9/329 cand=0.000 w_ax@goal=+0.01 return=988.5 length=103 success_rate=1.00 collisions/ep=0.00 (n=23)
update=49 global_step=100352 SPS=10 m_ev=0.991 m_v_bias=-5.7 m_kl_max=0.0074 mpc_ms=61.0/360 cand=0.000 w_ax@goal=-0.02 return=992.5 length=100 success_rate=1.00 collisions/ep=0.00 (n=17)
update=50 global_step=102400 SPS=10 m_ev=0.991 m_v_bias=-2.4 m_kl_max=0.0108 mpc_ms=62.7/373 cand=0.000 w_ax@goal=-0.02 return=991.1 length=98 success_rate=1.00 collisions/ep=0.00 (n=23)
Evaluation at update 50: return=998.75, length=90.60, success_rate=1.00, collisions/ep=0.00
Solved-check at update 50: solved=False worst_gap=16.05 at p_x0=0.00 p_y0=0.50 (consecutive=0)
update=51 global_step=104448 SPS=10 m_ev=0.984 m_v_bias=2.8 m_kl_max=0.0304 mpc_ms=65.6/393 cand=0.000 w_ax@goal=-0.00 return=991.7 length=100 success_rate=1.00 collisions/ep=0.00 (n=19)
update=52 global_step=106496 SPS=10 m_ev=0.989 m_v_bias=-1.6 m_kl_max=0.0091 mpc_ms=61.7/363 cand=0.000 w_ax@goal=+0.03 return=992.1 length=99 success_rate=1.00 collisions/ep=0.00 (n=22)
update=53 global_step=108544 SPS=10 m_ev=0.993 m_v_bias=-1.6 m_kl_max=0.0047 mpc_ms=62.5/360 cand=0.000 w_ax@goal=+0.01 return=993.2 length=98 success_rate=1.00 collisions/ep=0.00 (n=21)
update=54 global_step=110592 SPS=10 m_ev=0.993 m_v_bias=-5.3 m_kl_max=0.0060 mpc_ms=63.8/756 cand=0.000 w_ax@goal=-0.01 return=993.6 length=97 success_rate=1.00 collisions/ep=0.00 (n=20)
update=55 global_step=112640 SPS=10 m_ev=0.990 m_v_bias=4.8 m_kl_max=0.0095 mpc_ms=58.2/468 cand=0.000 w_ax@goal=-0.05 return=992.6 length=98 success_rate=1.00 collisions/ep=0.00 (n=22)
Evaluation at update 55: return=1000.16, length=89.20, success_rate=1.00, collisions/ep=0.00
Solved-check at update 55: solved=False worst_gap=14.04 at p_x0=0.00 p_y0=0.50 (consecutive=0)
update=56 global_step=114688 SPS=10 m_ev=0.992 m_v_bias=-3.2 m_kl_max=0.0087 mpc_ms=72.4/448 cand=0.000 w_ax@goal=-0.02 return=992.6 length=100 success_rate=1.00 collisions/ep=0.00 (n=20)
