Using device: cpu
Solved-check: precomputed optimal returns for 25 fixed initial conditions (mean=1013.0, min=1011.0, max=1015.0); solved-tolerance=5.0
num_envs=8 num_steps_per_env=256 worker_batch_size=2048 worker_minibatch_size=256 num_updates=244 timesteps=499712 (requested 500000; 288 dropped by integer division)
update=1 global_step=2048 SPS=1230 w_ev=-0.052 m_ev=-0.000 m_v_bias=16.9 m_adv_std=237.1955 m_kl_max=0.0006 m_ratio_max=0.111 w_ax@goal=-0.13 w_v@goal=-0.07 return=-109.3 length=182 success_rate=0.38 collisions/ep=6.88 (n=8)
update=2 global_step=4096 SPS=1221 w_ev=0.257 m_ev=0.271 m_v_bias=86.2 m_adv_std=193.7337 m_kl_max=0.0021 m_ratio_max=0.216 w_ax@goal=+0.56 w_v@goal=1.47 return=-363.7 length=195 success_rate=0.25 collisions/ep=9.00 (n=8)
update=3 global_step=6144 SPS=1174 w_ev=0.602 m_ev=0.607 m_v_bias=-57.5 m_adv_std=181.3262 m_kl_max=0.0021 m_ratio_max=0.225 w_ax@goal=+0.02 w_v@goal=1.85 return=-235.0 length=192 success_rate=0.25 collisions/ep=6.25 (n=12)
update=4 global_step=8192 SPS=1129 w_ev=0.763 m_ev=0.665 m_v_bias=-13.8 m_adv_std=144.8930 m_kl_max=0.0027 m_ratio_max=0.244 w_ax@goal=+0.08 w_v@goal=3.73 return=-312.1 length=187 success_rate=0.15 collisions/ep=5.85 (n=13)
update=5 global_step=10240 SPS=1119 w_ev=0.876 m_ev=0.705 m_v_bias=-49.1 m_adv_std=185.7472 m_kl_max=0.0048 m_ratio_max=0.273 w_ax@goal=-0.16 w_v@goal=5.26 return=171.2 length=166 success_rate=0.60 collisions/ep=6.50 (n=10)
Evaluation at update 5: return=449.35, length=118.85, success_rate=1.00, collisions/ep=10.45
Solved-check at update 5: solved=False worst_gap=751.96 at p_x0=2.00 p_y0=-1.00 (consecutive=0)
update=6 global_step=12288 SPS=633 w_ev=0.912 m_ev=0.696 m_v_bias=-48.0 m_adv_std=151.8571 m_kl_max=0.0041 m_ratio_max=0.294 w_ax@goal=-0.06 w_v@goal=6.88 return=156.5 length=178 success_rate=0.50 collisions/ep=4.50 (n=12)
update=7 global_step=14336 SPS=671 w_ev=0.929 m_ev=0.769 m_v_bias=-81.8 m_adv_std=158.1001 m_kl_max=0.0016 m_ratio_max=0.243 w_ax@goal=+0.25 w_v@goal=8.81 return=498.0 length=139 success_rate=0.83 collisions/ep=5.56 (n=18)
update=8 global_step=16384 SPS=706 w_ev=0.891 m_ev=0.728 m_v_bias=-18.0 m_adv_std=145.8223 m_kl_max=0.0027 m_ratio_max=0.206 w_ax@goal=+0.18 w_v@goal=8.40 return=613.8 length=118 success_rate=0.94 collisions/ep=5.94 (n=16)
update=9 global_step=18432 SPS=734 w_ev=0.918 m_ev=0.893 m_v_bias=-51.7 m_adv_std=88.6213 m_kl_max=0.0043 m_ratio_max=0.297 w_ax@goal=+0.45 w_v@goal=9.18 return=720.8 length=96 success_rate=1.00 collisions/ep=5.45 (n=22)
update=10 global_step=20480 SPS=756 w_ev=0.925 m_ev=0.908 m_v_bias=-33.1 m_adv_std=78.9064 m_kl_max=0.0021 m_ratio_max=0.191 w_ax@goal=+0.63 w_v@goal=9.51 return=772.8 length=93 success_rate=1.00 collisions/ep=4.57 (n=23)
Evaluation at update 10: return=535.28, length=82.90, success_rate=1.00, collisions/ep=9.45
Solved-check at update 10: solved=False worst_gap=505.00 at p_x0=1.50 p_y0=0.50 (consecutive=0)
update=11 global_step=22528 SPS=644 w_ev=0.905 m_ev=0.875 m_v_bias=21.0 m_adv_std=90.2598 m_kl_max=0.0128 m_ratio_max=0.559 w_ax@goal=+0.67 w_v@goal=9.67 return=707.3 length=90 success_rate=1.00 collisions/ep=5.86 (n=22)
update=12 global_step=24576 SPS=664 w_ev=0.904 m_ev=0.892 m_v_bias=-10.6 m_adv_std=80.2915 m_kl_max=0.0023 m_ratio_max=0.228 w_ax@goal=+0.69 w_v@goal=9.56 return=779.0 length=87 success_rate=1.00 collisions/ep=4.52 (n=23)
update=13 global_step=26624 SPS=685 w_ev=0.883 m_ev=0.892 m_v_bias=5.8 m_adv_std=81.6811 m_kl_max=0.0011 m_ratio_max=0.189 w_ax@goal=+0.77 w_v@goal=9.82 return=788.4 length=84 success_rate=1.00 collisions/ep=4.38 (n=24)
update=14 global_step=28672 SPS=702 w_ev=0.908 m_ev=0.932 m_v_bias=-34.8 m_adv_std=58.9354 m_kl_max=0.0065 m_ratio_max=0.441 w_ax@goal=+0.70 w_v@goal=9.66 return=834.3 length=84 success_rate=1.00 collisions/ep=3.44 (n=25)
update=15 global_step=30720 SPS=719 w_ev=0.845 m_ev=0.882 m_v_bias=-10.8 m_adv_std=73.3193 m_kl_max=0.0094 m_ratio_max=0.554 w_ax@goal=+0.74 w_v@goal=9.65 return=853.4 length=85 success_rate=1.00 collisions/ep=3.08 (n=25)
Evaluation at update 15: return=897.55, length=80.60, success_rate=1.00, collisions/ep=2.25
Solved-check at update 15: solved=False worst_gap=502.83 at p_x0=1.50 p_y0=-1.00 (consecutive=0)
update=16 global_step=32768 SPS=649 w_ev=0.882 m_ev=0.910 m_v_bias=8.0 m_adv_std=63.4542 m_kl_max=0.0054 m_ratio_max=0.380 w_ax@goal=+0.47 w_v@goal=9.68 return=879.2 length=85 success_rate=1.00 collisions/ep=2.64 (n=25)
update=17 global_step=34816 SPS=666 w_ev=0.843 m_ev=0.933 m_v_bias=-9.0 m_adv_std=52.3545 m_kl_max=0.0115 m_ratio_max=0.393 w_ax@goal=+0.51 w_v@goal=9.51 return=876.0 length=84 success_rate=1.00 collisions/ep=2.61 (n=23)
update=18 global_step=36864 SPS=679 w_ev=0.829 m_ev=0.924 m_v_bias=-11.3 m_adv_std=55.6899 m_kl_max=0.0070 m_ratio_max=0.378 w_ax@goal=+0.70 w_v@goal=9.53 return=907.9 length=84 success_rate=1.00 collisions/ep=2.04 (n=24)
update=19 global_step=38912 SPS=692 w_ev=0.854 m_ev=0.884 m_v_bias=12.1 m_adv_std=70.6488 m_kl_max=0.0032 m_ratio_max=0.266 w_ax@goal=+0.80 w_v@goal=9.64 return=885.5 length=85 success_rate=1.00 collisions/ep=2.44 (n=25)
update=20 global_step=40960 SPS=703 w_ev=0.839 m_ev=0.917 m_v_bias=3.9 m_adv_std=60.7356 m_kl_max=0.0047 m_ratio_max=0.594 w_ax@goal=+0.64 w_v@goal=9.86 return=852.4 length=84 success_rate=1.00 collisions/ep=3.20 (n=25)
Evaluation at update 20: return=961.09, length=79.65, success_rate=1.00, collisions/ep=1.00
Solved-check at update 20: solved=False worst_gap=451.32 at p_x0=2.00 p_y0=-1.00 (consecutive=0)
update=21 global_step=43008 SPS=656 w_ev=0.843 m_ev=0.864 m_v_bias=4.0 m_adv_std=80.0590 m_kl_max=0.0108 m_ratio_max=0.471 w_ax@goal=+0.87 w_v@goal=9.86 return=834.9 length=81 success_rate=1.00 collisions/ep=3.54 (n=24)
update=22 global_step=45056 SPS=668 w_ev=0.863 m_ev=0.949 m_v_bias=-19.9 m_adv_std=46.0543 m_kl_max=0.0112 m_ratio_max=0.473 w_ax@goal=+0.90 w_v@goal=9.93 return=897.5 length=82 success_rate=1.00 collisions/ep=2.23 (n=26)
update=23 global_step=47104 SPS=677 w_ev=0.824 m_ev=0.870 m_v_bias=17.6 m_adv_std=77.0869 m_kl_max=0.0176 m_ratio_max=0.546 w_ax@goal=+0.75 w_v@goal=10.06 return=857.0 length=87 success_rate=1.00 collisions/ep=3.08 (n=24)
update=24 global_step=49152 SPS=689 w_ev=0.814 m_ev=0.959 m_v_bias=-20.0 m_adv_std=41.7352 m_kl_max=0.0237 m_ratio_max=0.757 w_ax@goal=+0.80 w_v@goal=9.86 return=919.2 length=85 success_rate=1.00 collisions/ep=1.74 (n=23)
update=25 global_step=51200 SPS=701 w_ev=0.832 m_ev=0.946 m_v_bias=0.4 m_adv_std=46.4100 m_kl_max=0.0068 m_ratio_max=0.412 w_ax@goal=+0.90 w_v@goal=10.10 return=906.2 length=88 success_rate=1.00 collisions/ep=2.04 (n=23)
Evaluation at update 25: return=1010.85, length=79.85, success_rate=1.00, collisions/ep=0.00
Solved-check at update 25: solved=False worst_gap=401.49 at p_x0=2.00 p_y0=-1.00 (consecutive=0)
update=26 global_step=53248 SPS=660 w_ev=0.840 m_ev=0.907 m_v_bias=9.0 m_adv_std=62.4421 m_kl_max=0.0164 m_ratio_max=0.663 w_ax@goal=+1.02 w_v@goal=9.96 return=867.6 length=85 success_rate=1.00 collisions/ep=2.84 (n=25)
update=27 global_step=55296 SPS=670 w_ev=0.836 m_ev=0.912 m_v_bias=-7.4 m_adv_std=58.6399 m_kl_max=0.0175 m_ratio_max=0.642 w_ax@goal=+0.97 w_v@goal=9.87 return=883.3 length=84 success_rate=1.00 collisions/ep=2.65 (n=23)
update=28 global_step=57344 SPS=678 w_ev=0.726 m_ev=0.937 m_v_bias=-16.6 m_adv_std=48.0220 m_kl_max=0.0148 m_ratio_max=0.651 w_ax@goal=+0.71 w_v@goal=9.88 return=952.2 length=84 success_rate=1.00 collisions/ep=1.08 (n=24)
update=29 global_step=59392 SPS=686 w_ev=0.677 m_ev=0.947 m_v_bias=-7.0 m_adv_std=43.3805 m_kl_max=0.0439 m_ratio_max=1.880 w_ax@goal=+0.81 w_v@goal=9.76 return=943.2 length=85 success_rate=1.00 collisions/ep=1.29 (n=24)
update=30 global_step=61440 SPS=693 w_ev=0.701 m_ev=0.919 m_v_bias=-1.1 m_adv_std=54.4158 m_kl_max=0.0101 m_ratio_max=0.423 w_ax@goal=+0.81 w_v@goal=9.83 return=954.2 length=85 success_rate=1.00 collisions/ep=1.08 (n=25)
Evaluation at update 30: return=1011.30, length=79.45, success_rate=1.00, collisions/ep=0.00
Solved-check at update 30: solved=True worst_gap=1.92 at p_x0=0.00 p_y0=1.00 (consecutive=0)
update=31 global_step=63488 SPS=659 w_ev=0.721 m_ev=0.976 m_v_bias=-8.6 m_adv_std=27.8823 m_kl_max=0.0115 m_ratio_max=0.540 w_ax@goal=+0.78 w_v@goal=9.72 return=966.4 length=82 success_rate=1.00 collisions/ep=0.84 (n=25)
update=32 global_step=65536 SPS=667 w_ev=0.647 m_ev=0.912 m_v_bias=9.6 m_adv_std=54.6709 m_kl_max=0.0078 m_ratio_max=0.635 w_ax@goal=+0.87 w_v@goal=9.61 return=939.1 length=84 success_rate=1.00 collisions/ep=1.57 (n=23)
update=33 global_step=67584 SPS=675 w_ev=0.627 m_ev=0.932 m_v_bias=-0.3 m_adv_std=49.2396 m_kl_max=0.0151 m_ratio_max=0.446 w_ax@goal=+0.92 w_v@goal=9.79 return=947.4 length=83 success_rate=1.00 collisions/ep=1.23 (n=26)
update=34 global_step=69632 SPS=682 w_ev=0.566 m_ev=0.973 m_v_bias=-11.7 m_adv_std=30.1403 m_kl_max=0.0216 m_ratio_max=0.706 w_ax@goal=+0.91 w_v@goal=9.82 return=963.2 length=81 success_rate=1.00 collisions/ep=1.00 (n=25)
update=35 global_step=71680 SPS=689 w_ev=0.513 m_ev=0.910 m_v_bias=14.9 m_adv_std=58.0561 m_kl_max=0.0248 m_ratio_max=0.631 w_ax@goal=+0.58 w_v@goal=9.69 return=932.7 length=84 success_rate=1.00 collisions/ep=1.60 (n=25)
Evaluation at update 35: return=1011.77, length=79.00, success_rate=1.00, collisions/ep=0.00
Solved-check at update 35: solved=True worst_gap=1.35 at p_x0=0.00 p_y0=1.00 (consecutive=1)
Solved criterion held for 2 consecutive evals (tolerance=5.0) at global_step=71680.
update=36 global_step=73728 SPS=664 w_ev=0.576 m_ev=0.979 m_v_bias=-21.6 m_adv_std=26.8662 m_kl_max=0.0120 m_ratio_max=0.558 w_ax@goal=+0.88 w_v@goal=9.71 return=968.2 length=82 success_rate=1.00 collisions/ep=0.84 (n=25)
update=37 global_step=75776 SPS=672 w_ev=0.438 m_ev=0.934 m_v_bias=5.1 m_adv_std=46.5703 m_kl_max=0.0061 m_ratio_max=0.503 w_ax@goal=+1.06 w_v@goal=9.86 return=952.2 length=81 success_rate=1.00 collisions/ep=1.31 (n=26)
update=38 global_step=77824 SPS=678 w_ev=0.445 m_ev=0.959 m_v_bias=-6.3 m_adv_std=34.9238 m_kl_max=0.0304 m_ratio_max=0.855 w_ax@goal=+0.96 w_v@goal=9.78 return=975.5 length=81 success_rate=1.00 collisions/ep=0.79 (n=24)
update=39 global_step=79872 SPS=685 w_ev=0.386 m_ev=0.982 m_v_bias=-6.4 m_adv_std=23.6395 m_kl_max=0.0351 m_ratio_max=1.981 w_ax@goal=+0.71 w_v@goal=9.86 return=975.7 length=82 success_rate=1.00 collisions/ep=0.73 (n=26)
update=40 global_step=81920 SPS=691 w_ev=0.374 m_ev=0.975 m_v_bias=-1.1 m_adv_std=28.7074 m_kl_max=0.0185 m_ratio_max=0.685 w_ax@goal=+0.95 w_v@goal=9.89 return=980.7 length=84 success_rate=1.00 collisions/ep=0.62 (n=24)
Evaluation at update 40: return=1011.63, length=79.10, success_rate=1.00, collisions/ep=0.00
Solved-check at update 40: solved=True worst_gap=1.53 at p_x0=0.00 p_y0=1.00 (consecutive=2)
update=41 global_step=83968 SPS=667 w_ev=0.429 m_ev=0.941 m_v_bias=15.9 m_adv_std=45.9498 m_kl_max=0.0267 m_ratio_max=0.575 w_ax@goal=+1.04 w_v@goal=9.89 return=941.1 length=82 success_rate=1.00 collisions/ep=1.38 (n=24)
update=42 global_step=86016 SPS=673 w_ev=0.398 m_ev=0.972 m_v_bias=-15.3 m_adv_std=29.1284 m_kl_max=0.0315 m_ratio_max=1.367 w_ax@goal=+1.15 w_v@goal=9.80 return=973.6 length=80 success_rate=1.00 collisions/ep=0.81 (n=26)
update=43 global_step=88064 SPS=678 w_ev=0.385 m_ev=0.937 m_v_bias=5.3 m_adv_std=44.0335 m_kl_max=0.0150 m_ratio_max=0.539 w_ax@goal=+1.01 w_v@goal=9.81 return=966.8 length=80 success_rate=1.00 collisions/ep=0.96 (n=25)
update=44 global_step=90112 SPS=683 w_ev=0.456 m_ev=0.950 m_v_bias=5.7 m_adv_std=40.0770 m_kl_max=0.0199 m_ratio_max=0.572 w_ax@goal=+1.21 w_v@goal=9.90 return=948.9 length=78 success_rate=1.00 collisions/ep=1.28 (n=29)
update=45 global_step=92160 SPS=688 w_ev=0.370 m_ev=0.947 m_v_bias=-4.2 m_adv_std=41.9399 m_kl_max=0.0078 m_ratio_max=0.541 w_ax@goal=+1.20 w_v@goal=9.95 return=959.1 length=80 success_rate=1.00 collisions/ep=1.04 (n=24)
Evaluation at update 45: return=1012.06, length=78.65, success_rate=1.00, collisions/ep=0.00
Solved-check at update 45: solved=True worst_gap=1.12 at p_x0=0.00 p_y0=-1.00 (consecutive=3)
update=46 global_step=94208 SPS=669 w_ev=0.341 m_ev=0.985 m_v_bias=-11.6 m_adv_std=22.0546 m_kl_max=0.0321 m_ratio_max=0.710 w_ax@goal=+1.16 w_v@goal=9.84 return=973.5 length=81 success_rate=1.00 collisions/ep=0.84 (n=25)
update=47 global_step=96256 SPS=674 w_ev=0.239 m_ev=0.958 m_v_bias=3.4 m_adv_std=36.3038 m_kl_max=0.0224 m_ratio_max=0.635 w_ax@goal=+1.08 w_v@goal=10.06 return=969.2 length=82 success_rate=1.00 collisions/ep=0.88 (n=25)
update=48 global_step=98304 SPS=679 w_ev=0.382 m_ev=0.960 m_v_bias=0.8 m_adv_std=36.0686 m_kl_max=0.0127 m_ratio_max=0.933 w_ax@goal=+0.98 w_v@goal=10.03 return=957.3 length=80 success_rate=1.00 collisions/ep=1.12 (n=25)
update=49 global_step=100352 SPS=685 w_ev=0.247 m_ev=0.921 m_v_bias=4.9 m_adv_std=50.0056 m_kl_max=0.0255 m_ratio_max=1.145 w_ax@goal=+1.29 w_v@goal=10.07 return=949.5 length=80 success_rate=1.00 collisions/ep=1.35 (n=26)
update=50 global_step=102400 SPS=690 w_ev=0.371 m_ev=0.928 m_v_bias=3.0 m_adv_std=47.3166 m_kl_max=0.0120 m_ratio_max=0.546 w_ax@goal=+1.18 w_v@goal=9.98 return=964.9 length=81 success_rate=1.00 collisions/ep=1.00 (n=26)
Evaluation at update 50: return=1011.80, length=78.90, success_rate=1.00, collisions/ep=0.00
Solved-check at update 50: solved=True worst_gap=1.53 at p_x0=0.00 p_y0=-1.00 (consecutive=4)
update=51 global_step=104448 SPS=670 w_ev=0.314 m_ev=0.982 m_v_bias=-13.3 m_adv_std=22.5027 m_kl_max=0.0181 m_ratio_max=0.587 w_ax@goal=+1.08 w_v@goal=9.95 return=991.6 length=80 success_rate=1.00 collisions/ep=0.50 (n=26)
update=52 global_step=106496 SPS=674 w_ev=0.279 m_ev=0.971 m_v_bias=1.5 m_adv_std=29.8382 m_kl_max=0.0131 m_ratio_max=0.458 w_ax@goal=+0.96 w_v@goal=9.99 return=984.1 length=80 success_rate=1.00 collisions/ep=0.54 (n=24)
update=53 global_step=108544 SPS=679 w_ev=0.257 m_ev=0.977 m_v_bias=-2.1 m_adv_std=26.3130 m_kl_max=0.0134 m_ratio_max=0.456 w_ax@goal=+0.75 w_v@goal=9.90 return=979.7 length=83 success_rate=1.00 collisions/ep=0.60 (n=25)
update=54 global_step=110592 SPS=684 w_ev=0.306 m_ev=0.962 m_v_bias=6.2 m_adv_std=33.7872 m_kl_max=0.0124 m_ratio_max=0.540 w_ax@goal=+1.04 w_v@goal=9.93 return=976.9 length=80 success_rate=1.00 collisions/ep=0.70 (n=27)
update=55 global_step=112640 SPS=689 w_ev=0.283 m_ev=0.984 m_v_bias=0.1 m_adv_std=21.9114 m_kl_max=0.0162 m_ratio_max=0.855 w_ax@goal=+1.06 w_v@goal=10.09 return=993.0 length=80 success_rate=1.00 collisions/ep=0.38 (n=26)
Evaluation at update 55: return=1011.59, length=79.20, success_rate=1.00, collisions/ep=0.00
Solved-check at update 55: solved=True worst_gap=1.66 at p_x0=0.00 p_y0=-1.00 (consecutive=5)
update=56 global_step=114688 SPS=671 w_ev=0.387 m_ev=0.980 m_v_bias=0.4 m_adv_std=23.1414 m_kl_max=0.0153 m_ratio_max=0.667 w_ax@goal=+1.07 w_v@goal=10.04 return=989.1 length=79 success_rate=1.00 collisions/ep=0.42 (n=24)
update=57 global_step=116736 SPS=676 w_ev=0.274 m_ev=0.988 m_v_bias=-3.8 m_adv_std=18.4802 m_kl_max=0.0497 m_ratio_max=1.719 w_ax@goal=+0.88 w_v@goal=10.12 return=994.2 length=80 success_rate=1.00 collisions/ep=0.36 (n=25)
update=58 global_step=118784 SPS=681 w_ev=0.326 m_ev=0.977 m_v_bias=-0.1 m_adv_std=26.8235 m_kl_max=0.0451 m_ratio_max=1.367 w_ax@goal=+1.11 w_v@goal=10.03 return=985.5 length=81 success_rate=1.00 collisions/ep=0.56 (n=25)
update=59 global_step=120832 SPS=684 w_ev=0.330 m_ev=0.980 m_v_bias=-0.2 m_adv_std=24.5724 m_kl_max=0.0131 m_ratio_max=0.641 w_ax@goal=+0.92 w_v@goal=10.02 return=996.9 length=82 success_rate=1.00 collisions/ep=0.38 (n=29)
update=60 global_step=122880 SPS=688 w_ev=0.359 m_ev=0.986 m_v_bias=1.0 m_adv_std=20.3018 m_kl_max=0.0087 m_ratio_max=0.458 w_ax@goal=+0.77 w_v@goal=9.96 return=980.7 length=80 success_rate=1.00 collisions/ep=0.60 (n=25)
Evaluation at update 60: return=1012.00, length=78.80, success_rate=1.00, collisions/ep=0.00
Solved-check at update 60: solved=True worst_gap=1.20 at p_x0=0.00 p_y0=1.00 (consecutive=6)
update=61 global_step=124928 SPS=673 w_ev=0.371 m_ev=0.986 m_v_bias=2.7 m_adv_std=20.3591 m_kl_max=0.0123 m_ratio_max=0.450 w_ax@goal=+1.04 w_v@goal=10.01 return=986.2 length=80 success_rate=1.00 collisions/ep=0.54 (n=24)
update=62 global_step=126976 SPS=677 w_ev=0.319 m_ev=0.973 m_v_bias=0.4 m_adv_std=28.5752 m_kl_max=0.0224 m_ratio_max=0.720 w_ax@goal=+0.97 w_v@goal=10.11 return=984.9 length=81 success_rate=1.00 collisions/ep=0.52 (n=25)
update=63 global_step=129024 SPS=681 w_ev=0.545 m_ev=0.993 m_v_bias=-7.1 m_adv_std=13.6868 m_kl_max=0.0387 m_ratio_max=0.926 w_ax@goal=+0.96 w_v@goal=10.03 return=1003.1 length=82 success_rate=1.00 collisions/ep=0.21 (n=24)
update=64 global_step=131072 SPS=685 w_ev=0.348 m_ev=0.986 m_v_bias=4.2 m_adv_std=20.0456 m_kl_max=0.0169 m_ratio_max=0.788 w_ax@goal=+0.98 w_v@goal=10.15 return=995.4 length=81 success_rate=1.00 collisions/ep=0.36 (n=25)
update=65 global_step=133120 SPS=688 w_ev=0.460 m_ev=0.989 m_v_bias=-1.5 m_adv_std=18.3125 m_kl_max=0.0069 m_ratio_max=0.499 w_ax@goal=+0.84 w_v@goal=10.02 return=987.9 length=81 success_rate=1.00 collisions/ep=0.50 (n=28)
Evaluation at update 65: return=1012.11, length=78.55, success_rate=1.00, collisions/ep=0.00
Solved-check at update 65: solved=True worst_gap=0.99 at p_x0=0.00 p_y0=1.00 (consecutive=7)
update=66 global_step=135168 SPS=674 w_ev=0.501 m_ev=0.994 m_v_bias=-6.5 m_adv_std=12.8752 m_kl_max=0.0243 m_ratio_max=0.963 w_ax@goal=+0.76 w_v@goal=10.12 return=1001.4 length=80 success_rate=1.00 collisions/ep=0.24 (n=25)
update=67 global_step=137216 SPS=678 w_ev=0.390 m_ev=0.982 m_v_bias=6.8 m_adv_std=23.4262 m_kl_max=0.0143 m_ratio_max=0.495 w_ax@goal=+1.03 w_v@goal=10.04 return=986.8 length=81 success_rate=1.00 collisions/ep=0.62 (n=24)
update=68 global_step=139264 SPS=681 w_ev=0.519 m_ev=0.988 m_v_bias=-1.1 m_adv_std=18.9448 m_kl_max=0.0136 m_ratio_max=0.465 w_ax@goal=+0.90 w_v@goal=10.08 return=982.2 length=81 success_rate=1.00 collisions/ep=0.58 (n=26)
update=69 global_step=141312 SPS=685 w_ev=0.521 m_ev=0.991 m_v_bias=-3.9 m_adv_std=15.9114 m_kl_max=0.0059 m_ratio_max=0.449 w_ax@goal=+0.99 w_v@goal=10.10 return=998.4 length=80 success_rate=1.00 collisions/ep=0.33 (n=24)
update=70 global_step=143360 SPS=689 w_ev=0.528 m_ev=0.990 m_v_bias=0.5 m_adv_std=16.4599 m_kl_max=0.0398 m_ratio_max=1.259 w_ax@goal=+1.20 w_v@goal=10.06 return=998.3 length=80 success_rate=1.00 collisions/ep=0.35 (n=26)
Evaluation at update 70: return=1012.24, length=78.45, success_rate=1.00, collisions/ep=0.00
Solved-check at update 70: solved=True worst_gap=1.01 at p_x0=0.00 p_y0=-0.50 (consecutive=8)
update=71 global_step=145408 SPS=675 w_ev=0.442 m_ev=0.967 m_v_bias=6.7 m_adv_std=31.4423 m_kl_max=0.0201 m_ratio_max=0.771 w_ax@goal=+1.12 w_v@goal=10.10 return=971.3 length=80 success_rate=1.00 collisions/ep=0.81 (n=26)
update=72 global_step=147456 SPS=679 w_ev=0.518 m_ev=0.991 m_v_bias=-10.5 m_adv_std=15.9620 m_kl_max=0.0035 m_ratio_max=0.402 w_ax@goal=+1.07 w_v@goal=10.11 return=1002.1 length=79 success_rate=1.00 collisions/ep=0.19 (n=27)
update=73 global_step=149504 SPS=683 w_ev=0.414 m_ev=0.986 m_v_bias=2.3 m_adv_std=20.3263 m_kl_max=0.0112 m_ratio_max=0.506 w_ax@goal=+1.20 w_v@goal=10.07 return=992.6 length=78 success_rate=1.00 collisions/ep=0.38 (n=26)
update=74 global_step=151552 SPS=686 w_ev=0.425 m_ev=0.967 m_v_bias=3.5 m_adv_std=31.9542 m_kl_max=0.0073 m_ratio_max=0.363 w_ax@goal=+1.31 w_v@goal=10.15 return=985.1 length=79 success_rate=1.00 collisions/ep=0.58 (n=26)
update=75 global_step=153600 SPS=689 w_ev=0.418 m_ev=0.984 m_v_bias=-0.5 m_adv_std=22.4457 m_kl_max=0.0210 m_ratio_max=0.649 w_ax@goal=+1.16 w_v@goal=10.16 return=991.6 length=78 success_rate=1.00 collisions/ep=0.40 (n=25)
Evaluation at update 75: return=1012.29, length=78.40, success_rate=1.00, collisions/ep=0.00
Solved-check at update 75: solved=True worst_gap=0.98 at p_x0=0.00 p_y0=-1.00 (consecutive=9)
update=76 global_step=155648 SPS=677 w_ev=0.442 m_ev=0.991 m_v_bias=-6.8 m_adv_std=16.0745 m_kl_max=0.0140 m_ratio_max=0.555 w_ax@goal=+1.14 w_v@goal=10.14 return=990.8 length=80 success_rate=1.00 collisions/ep=0.50 (n=26)
update=77 global_step=157696 SPS=680 w_ev=0.505 m_ev=0.974 m_v_bias=-0.5 m_adv_std=28.1575 m_kl_max=0.0214 m_ratio_max=0.772 w_ax@goal=+1.06 w_v@goal=10.00 return=1002.6 length=78 success_rate=1.00 collisions/ep=0.18 (n=28)
update=78 global_step=159744 SPS=683 w_ev=0.532 m_ev=0.973 m_v_bias=-0.7 m_adv_std=27.9251 m_kl_max=0.0182 m_ratio_max=0.769 w_ax@goal=+1.07 w_v@goal=10.08 return=978.2 length=80 success_rate=1.00 collisions/ep=0.71 (n=24)
update=79 global_step=161792 SPS=687 w_ev=0.615 m_ev=0.990 m_v_bias=-3.1 m_adv_std=16.6877 m_kl_max=0.0152 m_ratio_max=0.527 w_ax@goal=+1.13 w_v@goal=9.99 return=994.0 length=81 success_rate=1.00 collisions/ep=0.36 (n=25)
update=80 global_step=163840 SPS=690 w_ev=0.475 m_ev=0.989 m_v_bias=-1.4 m_adv_std=17.4210 m_kl_max=0.0092 m_ratio_max=0.717 w_ax@goal=+1.23 w_v@goal=10.13 return=995.2 length=80 success_rate=1.00 collisions/ep=0.33 (n=27)
Evaluation at update 80: return=1012.22, length=78.45, success_rate=1.00, collisions/ep=0.00
Solved-check at update 80: solved=False worst_gap=50.97 at p_x0=0.00 p_y0=0.50 (consecutive=10)
update=81 global_step=165888 SPS=678 w_ev=0.522 m_ev=0.996 m_v_bias=-3.2 m_adv_std=10.7703 m_kl_max=0.0105 m_ratio_max=0.596 w_ax@goal=+0.98 w_v@goal=10.18 return=1007.9 length=81 success_rate=1.00 collisions/ep=0.08 (n=24)
update=82 global_step=167936 SPS=681 w_ev=0.475 m_ev=0.989 m_v_bias=2.9 m_adv_std=18.0399 m_kl_max=0.0132 m_ratio_max=0.511 w_ax@goal=+1.11 w_v@goal=10.16 return=995.1 length=83 success_rate=1.00 collisions/ep=0.35 (n=26)
update=83 global_step=169984 SPS=684 w_ev=0.545 m_ev=0.989 m_v_bias=2.7 m_adv_std=17.3484 m_kl_max=0.0389 m_ratio_max=0.999 w_ax@goal=+1.21 w_v@goal=10.13 return=996.6 length=81 success_rate=1.00 collisions/ep=0.36 (n=25)
update=84 global_step=172032 SPS=687 w_ev=0.613 m_ev=0.991 m_v_bias=-0.5 m_adv_std=15.9208 m_kl_max=0.0206 m_ratio_max=0.620 w_ax@goal=+1.18 w_v@goal=10.12 return=995.8 length=79 success_rate=1.00 collisions/ep=0.36 (n=25)
update=85 global_step=174080 SPS=690 w_ev=0.655 m_ev=0.990 m_v_bias=-2.2 m_adv_std=17.0824 m_kl_max=0.0280 m_ratio_max=1.165 w_ax@goal=+1.27 w_v@goal=10.13 return=998.6 length=80 success_rate=1.00 collisions/ep=0.27 (n=26)
Evaluation at update 85: return=1012.52, length=78.25, success_rate=1.00, collisions/ep=0.00
Solved-check at update 85: solved=True worst_gap=0.76 at p_x0=0.00 p_y0=1.00 (consecutive=0)
update=86 global_step=176128 SPS=678 w_ev=0.621 m_ev=0.989 m_v_bias=-0.2 m_adv_std=17.9167 m_kl_max=0.0202 m_ratio_max=0.628 w_ax@goal=+1.29 w_v@goal=10.17 return=999.7 length=81 success_rate=1.00 collisions/ep=0.26 (n=27)
update=87 global_step=178176 SPS=681 w_ev=0.623 m_ev=0.977 m_v_bias=3.0 m_adv_std=25.7543 m_kl_max=0.0191 m_ratio_max=0.498 w_ax@goal=+1.21 w_v@goal=10.11 return=989.4 length=81 success_rate=1.00 collisions/ep=0.46 (n=24)
update=88 global_step=180224 SPS=684 w_ev=0.737 m_ev=0.994 m_v_bias=-6.6 m_adv_std=12.6090 m_kl_max=0.0157 m_ratio_max=0.690 w_ax@goal=+1.42 w_v@goal=10.15 return=1000.3 length=80 success_rate=1.00 collisions/ep=0.25 (n=24)
update=89 global_step=182272 SPS=687 w_ev=0.562 m_ev=0.972 m_v_bias=5.3 m_adv_std=29.0500 m_kl_max=0.0194 m_ratio_max=0.700 w_ax@goal=+1.30 w_v@goal=10.12 return=997.0 length=79 success_rate=1.00 collisions/ep=0.31 (n=26)
update=90 global_step=184320 SPS=690 w_ev=0.665 m_ev=0.986 m_v_bias=-2.8 m_adv_std=20.8952 m_kl_max=0.0076 m_ratio_max=0.466 w_ax@goal=+1.38 w_v@goal=10.11 return=988.2 length=79 success_rate=1.00 collisions/ep=0.55 (n=29)
Evaluation at update 90: return=1012.60, length=78.15, success_rate=1.00, collisions/ep=0.00
Solved-check at update 90: solved=True worst_gap=0.67 at p_x0=0.00 p_y0=1.00 (consecutive=1)
update=91 global_step=186368 SPS=679 w_ev=0.633 m_ev=0.992 m_v_bias=-2.9 m_adv_std=15.5471 m_kl_max=0.0126 m_ratio_max=0.592 w_ax@goal=+1.31 w_v@goal=10.10 return=996.4 length=78 success_rate=1.00 collisions/ep=0.32 (n=25)
update=92 global_step=188416 SPS=682 w_ev=0.560 m_ev=0.986 m_v_bias=3.0 m_adv_std=20.1066 m_kl_max=0.0114 m_ratio_max=0.540 w_ax@goal=+1.42 w_v@goal=10.04 return=989.3 length=80 success_rate=1.00 collisions/ep=0.46 (n=24)
update=93 global_step=190464 SPS=684 w_ev=0.406 m_ev=0.997 m_v_bias=-4.6 m_adv_std=9.5467 m_kl_max=0.0188 m_ratio_max=0.561 w_ax@goal=+1.30 w_v@goal=10.09 return=1007.1 length=80 success_rate=1.00 collisions/ep=0.12 (n=26)
update=94 global_step=192512 SPS=687 w_ev=0.617 m_ev=0.989 m_v_bias=2.3 m_adv_std=17.5837 m_kl_max=0.0248 m_ratio_max=0.784 w_ax@goal=+1.25 w_v@goal=10.11 return=1005.2 length=81 success_rate=1.00 collisions/ep=0.19 (n=27)
update=95 global_step=194560 SPS=690 w_ev=0.547 m_ev=0.991 m_v_bias=0.9 m_adv_std=15.8842 m_kl_max=0.0071 m_ratio_max=0.425 w_ax@goal=+1.26 w_v@goal=10.07 return=1004.3 length=79 success_rate=1.00 collisions/ep=0.20 (n=25)
Evaluation at update 95: return=1012.54, length=78.15, success_rate=1.00, collisions/ep=0.00
Solved-check at update 95: solved=True worst_gap=0.74 at p_x0=0.00 p_y0=1.00 (consecutive=2)
update=96 global_step=196608 SPS=680 w_ev=0.487 m_ev=0.993 m_v_bias=-1.4 m_adv_std=14.0900 m_kl_max=0.0131 m_ratio_max=0.518 w_ax@goal=+1.15 w_v@goal=10.11 return=1000.3 length=78 success_rate=1.00 collisions/ep=0.23 (n=26)
update=97 global_step=198656 SPS=683 w_ev=0.445 m_ev=0.982 m_v_bias=4.3 m_adv_std=22.2764 m_kl_max=0.0188 m_ratio_max=1.232 w_ax@goal=+1.12 w_v@goal=10.15 return=994.0 length=80 success_rate=1.00 collisions/ep=0.44 (n=25)
update=98 global_step=200704 SPS=685 w_ev=0.473 m_ev=0.995 m_v_bias=-5.7 m_adv_std=11.9589 m_kl_max=0.0299 m_ratio_max=0.738 w_ax@goal=+0.97 w_v@goal=10.10 return=1004.4 length=79 success_rate=1.00 collisions/ep=0.15 (n=26)
update=99 global_step=202752 SPS=687 w_ev=0.491 m_ev=0.995 m_v_bias=1.4 m_adv_std=12.2077 m_kl_max=0.0146 m_ratio_max=0.474 w_ax@goal=+1.10 w_v@goal=10.11 return=1002.6 length=80 success_rate=1.00 collisions/ep=0.23 (n=26)
update=100 global_step=204800 SPS=690 w_ev=0.578 m_ev=0.996 m_v_bias=-2.6 m_adv_std=9.8293 m_kl_max=0.0195 m_ratio_max=0.566 w_ax@goal=+0.93 w_v@goal=10.05 return=1006.2 length=78 success_rate=1.00 collisions/ep=0.15 (n=26)
Evaluation at update 100: return=1012.55, length=78.20, success_rate=1.00, collisions/ep=0.00
Solved-check at update 100: solved=False worst_gap=50.71 at p_x0=0.00 p_y0=1.00 (consecutive=3)
update=101 global_step=206848 SPS=680 w_ev=0.465 m_ev=0.987 m_v_bias=2.3 m_adv_std=19.6958 m_kl_max=0.0216 m_ratio_max=0.814 w_ax@goal=+0.88 w_v@goal=10.16 return=998.4 length=79 success_rate=1.00 collisions/ep=0.27 (n=26)
update=102 global_step=208896 SPS=683 w_ev=0.596 m_ev=0.994 m_v_bias=1.6 m_adv_std=12.5739 m_kl_max=0.0149 m_ratio_max=0.677 w_ax@goal=+0.80 w_v@goal=10.11 return=1008.1 length=81 success_rate=1.00 collisions/ep=0.08 (n=25)
update=103 global_step=210944 SPS=685 w_ev=0.536 m_ev=0.973 m_v_bias=6.5 m_adv_std=28.6392 m_kl_max=0.0089 m_ratio_max=0.394 w_ax@goal=+0.91 w_v@goal=10.03 return=994.4 length=79 success_rate=1.00 collisions/ep=0.38 (n=26)
update=104 global_step=212992 SPS=688 w_ev=0.491 m_ev=0.995 m_v_bias=-7.1 m_adv_std=11.4023 m_kl_max=0.0065 m_ratio_max=0.364 w_ax@goal=+0.89 w_v@goal=10.15 return=991.5 length=80 success_rate=1.00 collisions/ep=0.41 (n=27)
update=105 global_step=215040 SPS=690 w_ev=0.555 m_ev=0.993 m_v_bias=0.1 m_adv_std=13.5780 m_kl_max=0.0358 m_ratio_max=1.141 w_ax@goal=+0.98 w_v@goal=10.15 return=999.3 length=79 success_rate=1.00 collisions/ep=0.29 (n=24)
Evaluation at update 105: return=1012.46, length=78.30, success_rate=1.00, collisions/ep=0.00
Solved-check at update 105: solved=True worst_gap=0.89 at p_x0=0.00 p_y0=1.00 (consecutive=0)
update=106 global_step=217088 SPS=681 w_ev=0.511 m_ev=0.997 m_v_bias=-1.2 m_adv_std=9.5579 m_kl_max=0.0075 m_ratio_max=0.481 w_ax@goal=+0.82 w_v@goal=10.13 return=1004.1 length=80 success_rate=1.00 collisions/ep=0.15 (n=26)
update=107 global_step=219136 SPS=683 w_ev=0.633 m_ev=0.987 m_v_bias=7.7 m_adv_std=19.3946 m_kl_max=0.0146 m_ratio_max=0.579 w_ax@goal=+0.77 w_v@goal=10.14 return=997.2 length=82 success_rate=1.00 collisions/ep=0.28 (n=25)
update=108 global_step=221184 SPS=685 w_ev=0.632 m_ev=0.989 m_v_bias=-3.7 m_adv_std=17.4802 m_kl_max=0.0161 m_ratio_max=0.423 w_ax@goal=+0.78 w_v@goal=10.04 return=1000.4 length=80 success_rate=1.00 collisions/ep=0.27 (n=26)
update=109 global_step=223232 SPS=688 w_ev=0.602 m_ev=0.996 m_v_bias=-4.0 m_adv_std=10.5737 m_kl_max=0.0079 m_ratio_max=0.429 w_ax@goal=+0.80 w_v@goal=10.05 return=1007.9 length=79 success_rate=1.00 collisions/ep=0.07 (n=27)
update=110 global_step=225280 SPS=690 w_ev=0.609 m_ev=0.987 m_v_bias=2.0 m_adv_std=18.6975 m_kl_max=0.0210 m_ratio_max=0.728 w_ax@goal=+0.90 w_v@goal=10.05 return=1003.0 length=78 success_rate=1.00 collisions/ep=0.21 (n=24)
Evaluation at update 110: return=1012.50, length=78.25, success_rate=1.00, collisions/ep=0.00
Solved-check at update 110: solved=True worst_gap=0.82 at p_x0=0.00 p_y0=1.00 (consecutive=1)
update=111 global_step=227328 SPS=681 w_ev=0.706 m_ev=0.991 m_v_bias=0.9 m_adv_std=15.3820 m_kl_max=0.0092 m_ratio_max=0.568 w_ax@goal=+0.88 w_v@goal=10.02 return=996.0 length=79 success_rate=1.00 collisions/ep=0.35 (n=26)
update=112 global_step=229376 SPS=683 w_ev=0.538 m_ev=0.976 m_v_bias=3.3 m_adv_std=26.1878 m_kl_max=0.0169 m_ratio_max=0.669 w_ax@goal=+0.86 w_v@goal=10.10 return=998.3 length=82 success_rate=1.00 collisions/ep=0.27 (n=26)
update=113 global_step=231424 SPS=685 w_ev=0.586 m_ev=0.982 m_v_bias=-5.9 m_adv_std=22.8994 m_kl_max=0.0113 m_ratio_max=0.535 w_ax@goal=+0.76 w_v@goal=10.09 return=988.8 length=81 success_rate=1.00 collisions/ep=0.46 (n=26)
update=114 global_step=233472 SPS=687 w_ev=0.589 m_ev=0.992 m_v_bias=-1.4 m_adv_std=14.9093 m_kl_max=0.0162 m_ratio_max=0.594 w_ax@goal=+0.82 w_v@goal=10.12 return=1007.8 length=81 success_rate=1.00 collisions/ep=0.08 (n=25)
update=115 global_step=235520 SPS=689 w_ev=0.715 m_ev=0.996 m_v_bias=-2.9 m_adv_std=10.2450 m_kl_max=0.0168 m_ratio_max=0.661 w_ax@goal=+0.89 w_v@goal=10.05 return=1008.2 length=81 success_rate=1.00 collisions/ep=0.08 (n=25)
Evaluation at update 115: return=1012.43, length=78.30, success_rate=1.00, collisions/ep=0.00
Solved-check at update 115: solved=True worst_gap=0.92 at p_x0=0.00 p_y0=1.00 (consecutive=2)
update=116 global_step=237568 SPS=680 w_ev=0.570 m_ev=0.985 m_v_bias=1.3 m_adv_std=20.4999 m_kl_max=0.0162 m_ratio_max=0.543 w_ax@goal=+0.79 w_v@goal=10.09 return=1001.6 length=80 success_rate=1.00 collisions/ep=0.21 (n=24)
update=117 global_step=239616 SPS=682 w_ev=0.560 m_ev=0.994 m_v_bias=-2.8 m_adv_std=13.4634 m_kl_max=0.0193 m_ratio_max=0.689 w_ax@goal=+0.86 w_v@goal=10.13 return=995.1 length=80 success_rate=1.00 collisions/ep=0.33 (n=27)
update=118 global_step=241664 SPS=684 w_ev=0.494 m_ev=0.969 m_v_bias=1.7 m_adv_std=30.6404 m_kl_max=0.0399 m_ratio_max=1.063 w_ax@goal=+0.98 w_v@goal=10.18 return=992.8 length=78 success_rate=1.00 collisions/ep=0.37 (n=27)
update=119 global_step=243712 SPS=687 w_ev=0.660 m_ev=0.993 m_v_bias=-3.7 m_adv_std=14.2072 m_kl_max=0.0106 m_ratio_max=1.482 w_ax@goal=+1.04 w_v@goal=10.21 return=1001.8 length=80 success_rate=1.00 collisions/ep=0.20 (n=25)
update=120 global_step=245760 SPS=689 w_ev=0.723 m_ev=0.997 m_v_bias=-2.2 m_adv_std=8.8590 m_kl_max=0.0071 m_ratio_max=0.413 w_ax@goal=+0.99 w_v@goal=10.15 return=1009.4 length=80 success_rate=1.00 collisions/ep=0.04 (n=24)
Evaluation at update 120: return=1012.20, length=78.45, success_rate=1.00, collisions/ep=0.00
Solved-check at update 120: solved=True worst_gap=0.99 at p_x0=0.00 p_y0=0.50 (consecutive=3)
update=121 global_step=247808 SPS=680 w_ev=0.645 m_ev=0.996 m_v_bias=-0.8 m_adv_std=10.7525 m_kl_max=0.0137 m_ratio_max=1.322 w_ax@goal=+0.90 w_v@goal=10.14 return=1002.0 length=81 success_rate=1.00 collisions/ep=0.20 (n=25)
update=122 global_step=249856 SPS=682 w_ev=0.675 m_ev=0.988 m_v_bias=2.6 m_adv_std=18.7332 m_kl_max=0.0177 m_ratio_max=0.557 w_ax@goal=+0.99 w_v@goal=10.17 return=999.7 length=80 success_rate=1.00 collisions/ep=0.32 (n=28)
update=123 global_step=251904 SPS=684 w_ev=0.754 m_ev=0.997 m_v_bias=-4.7 m_adv_std=8.7424 m_kl_max=0.0139 m_ratio_max=0.587 w_ax@goal=+0.95 w_v@goal=10.16 return=1005.8 length=80 success_rate=1.00 collisions/ep=0.12 (n=26)
update=124 global_step=253952 SPS=686 w_ev=0.774 m_ev=0.994 m_v_bias=2.0 m_adv_std=12.2307 m_kl_max=0.0300 m_ratio_max=1.765 w_ax@goal=+0.94 w_v@goal=10.12 return=1005.2 length=78 success_rate=1.00 collisions/ep=0.12 (n=24)
update=125 global_step=256000 SPS=688 w_ev=0.763 m_ev=0.993 m_v_bias=-0.3 m_adv_std=13.5627 m_kl_max=0.0068 m_ratio_max=0.491 w_ax@goal=+0.91 w_v@goal=10.13 return=1002.6 length=78 success_rate=1.00 collisions/ep=0.22 (n=27)
Evaluation at update 125: return=1012.38, length=78.30, success_rate=1.00, collisions/ep=0.00
Solved-check at update 125: solved=True worst_gap=0.90 at p_x0=0.00 p_y0=1.00 (consecutive=4)
update=126 global_step=258048 SPS=679 w_ev=0.677 m_ev=0.978 m_v_bias=2.9 m_adv_std=25.5572 m_kl_max=0.0230 m_ratio_max=0.707 w_ax@goal=+0.94 w_v@goal=10.19 return=1010.1 length=79 success_rate=1.00 collisions/ep=0.04 (n=26)
update=127 global_step=260096 SPS=681 w_ev=0.651 m_ev=0.993 m_v_bias=-0.8 m_adv_std=13.7984 m_kl_max=0.0191 m_ratio_max=1.127 w_ax@goal=+0.91 w_v@goal=10.16 return=990.6 length=79 success_rate=1.00 collisions/ep=0.42 (n=26)
update=128 global_step=262144 SPS=683 w_ev=0.660 m_ev=0.974 m_v_bias=3.7 m_adv_std=26.6976 m_kl_max=0.0119 m_ratio_max=0.821 w_ax@goal=+0.86 w_v@goal=10.14 return=996.5 length=79 success_rate=1.00 collisions/ep=0.31 (n=26)
update=129 global_step=264192 SPS=685 w_ev=0.763 m_ev=0.997 m_v_bias=-0.2 m_adv_std=9.5917 m_kl_max=0.0065 m_ratio_max=0.514 w_ax@goal=+0.87 w_v@goal=10.18 return=1008.0 length=79 success_rate=1.00 collisions/ep=0.12 (n=25)
update=130 global_step=266240 SPS=687 w_ev=0.741 m_ev=0.993 m_v_bias=1.7 m_adv_std=14.2828 m_kl_max=0.0035 m_ratio_max=0.276 w_ax@goal=+0.82 w_v@goal=10.18 return=1006.5 length=80 success_rate=1.00 collisions/ep=0.15 (n=26)
Evaluation at update 130: return=1012.31, length=78.35, success_rate=1.00, collisions/ep=0.00
Solved-check at update 130: solved=True worst_gap=0.91 at p_x0=0.00 p_y0=-0.50 (consecutive=5)
update=131 global_step=268288 SPS=680 w_ev=0.611 m_ev=0.986 m_v_bias=-0.6 m_adv_std=20.5075 m_kl_max=0.0156 m_ratio_max=0.454 w_ax@goal=+0.81 w_v@goal=10.19 return=997.0 length=79 success_rate=1.00 collisions/ep=0.30 (n=27)
update=132 global_step=270336 SPS=681 w_ev=0.617 m_ev=0.986 m_v_bias=-0.9 m_adv_std=19.4604 m_kl_max=0.0106 m_ratio_max=0.420 w_ax@goal=+0.90 w_v@goal=10.14 return=1000.6 length=80 success_rate=1.00 collisions/ep=0.23 (n=26)
update=133 global_step=272384 SPS=683 w_ev=0.536 m_ev=0.995 m_v_bias=-0.8 m_adv_std=11.8232 m_kl_max=0.0116 m_ratio_max=0.396 w_ax@goal=+0.97 w_v@goal=10.11 return=1006.3 length=79 success_rate=1.00 collisions/ep=0.12 (n=26)
update=134 global_step=274432 SPS=685 w_ev=0.616 m_ev=0.995 m_v_bias=0.0 m_adv_std=11.4180 m_kl_max=0.0340 m_ratio_max=0.778 w_ax@goal=+0.76 w_v@goal=10.19 return=1000.0 length=78 success_rate=1.00 collisions/ep=0.24 (n=25)
update=135 global_step=276480 SPS=687 w_ev=0.639 m_ev=0.995 m_v_bias=-1.4 m_adv_std=11.5612 m_kl_max=0.0052 m_ratio_max=0.383 w_ax@goal=+0.81 w_v@goal=10.21 return=1006.2 length=80 success_rate=1.00 collisions/ep=0.12 (n=24)
Evaluation at update 135: return=1012.55, length=78.15, success_rate=1.00, collisions/ep=0.00
Solved-check at update 135: solved=True worst_gap=0.72 at p_x0=0.00 p_y0=1.00 (consecutive=6)
update=136 global_step=278528 SPS=680 w_ev=0.507 m_ev=0.998 m_v_bias=-1.2 m_adv_std=8.2841 m_kl_max=0.0044 m_ratio_max=0.371 w_ax@goal=+1.01 w_v@goal=10.16 return=1010.1 length=78 success_rate=1.00 collisions/ep=0.04 (n=28)
update=137 global_step=280576 SPS=682 w_ev=0.618 m_ev=0.997 m_v_bias=-0.9 m_adv_std=9.5571 m_kl_max=0.0120 m_ratio_max=0.782 w_ax@goal=+1.17 w_v@goal=10.18 return=1005.2 length=79 success_rate=1.00 collisions/ep=0.15 (n=27)
update=138 global_step=282624 SPS=684 w_ev=0.500 m_ev=0.997 m_v_bias=1.1 m_adv_std=9.0438 m_kl_max=0.0130 m_ratio_max=0.574 w_ax@goal=+1.13 w_v@goal=10.21 return=1008.4 length=79 success_rate=1.00 collisions/ep=0.08 (n=25)
update=139 global_step=284672 SPS=685 w_ev=0.584 m_ev=0.997 m_v_bias=0.7 m_adv_std=8.2587 m_kl_max=0.0135 m_ratio_max=0.489 w_ax@goal=+0.92 w_v@goal=10.19 return=1007.5 length=78 success_rate=1.00 collisions/ep=0.08 (n=26)
update=140 global_step=286720 SPS=687 w_ev=0.487 m_ev=0.995 m_v_bias=1.3 m_adv_std=11.3519 m_kl_max=0.0136 m_ratio_max=0.491 w_ax@goal=+0.88 w_v@goal=10.21 return=1012.0 length=80 success_rate=1.00 collisions/ep=0.00 (n=26)
Evaluation at update 140: return=1012.46, length=78.25, success_rate=1.00, collisions/ep=0.00
Solved-check at update 140: solved=True worst_gap=0.88 at p_x0=0.00 p_y0=1.00 (consecutive=7)
update=141 global_step=288768 SPS=680 w_ev=0.727 m_ev=0.995 m_v_bias=1.7 m_adv_std=11.6015 m_kl_max=0.0135 m_ratio_max=0.597 w_ax@goal=+0.91 w_v@goal=10.17 return=1007.0 length=81 success_rate=1.00 collisions/ep=0.11 (n=27)
update=142 global_step=290816 SPS=682 w_ev=0.797 m_ev=0.991 m_v_bias=2.1 m_adv_std=15.5494 m_kl_max=0.0195 m_ratio_max=1.088 w_ax@goal=+1.03 w_v@goal=10.21 return=995.2 length=77 success_rate=1.00 collisions/ep=0.33 (n=24)
update=143 global_step=292864 SPS=684 w_ev=0.790 m_ev=0.998 m_v_bias=-1.6 m_adv_std=7.3882 m_kl_max=0.0055 m_ratio_max=0.473 w_ax@goal=+0.98 w_v@goal=10.22 return=1010.3 length=80 success_rate=1.00 collisions/ep=0.04 (n=26)
update=144 global_step=294912 SPS=686 w_ev=0.719 m_ev=0.982 m_v_bias=6.5 m_adv_std=22.9740 m_kl_max=0.0128 m_ratio_max=0.893 w_ax@goal=+0.75 w_v@goal=10.21 return=997.0 length=80 success_rate=1.00 collisions/ep=0.30 (n=27)
update=145 global_step=296960 SPS=687 w_ev=0.706 m_ev=0.994 m_v_bias=-7.5 m_adv_std=12.6189 m_kl_max=0.0301 m_ratio_max=0.933 w_ax@goal=+1.02 w_v@goal=10.18 return=1003.2 length=79 success_rate=1.00 collisions/ep=0.19 (n=27)
Evaluation at update 145: return=1012.65, length=78.15, success_rate=1.00, collisions/ep=0.00
Solved-check at update 145: solved=True worst_gap=0.70 at p_x0=0.00 p_y0=1.00 (consecutive=8)
update=146 global_step=299008 SPS=680 w_ev=0.607 m_ev=0.994 m_v_bias=-0.2 m_adv_std=13.2817 m_kl_max=0.0165 m_ratio_max=0.762 w_ax@goal=+1.07 w_v@goal=10.23 return=1002.0 length=79 success_rate=1.00 collisions/ep=0.21 (n=24)
update=147 global_step=301056 SPS=682 w_ev=0.774 m_ev=0.993 m_v_bias=0.5 m_adv_std=14.2256 m_kl_max=0.0169 m_ratio_max=0.570 w_ax@goal=+0.88 w_v@goal=10.22 return=1004.1 length=79 success_rate=1.00 collisions/ep=0.16 (n=25)
update=148 global_step=303104 SPS=683 w_ev=0.763 m_ev=0.981 m_v_bias=5.5 m_adv_std=22.6816 m_kl_max=0.0112 m_ratio_max=0.719 w_ax@goal=+0.81 w_v@goal=10.18 return=1001.9 length=78 success_rate=1.00 collisions/ep=0.22 (n=27)
update=149 global_step=305152 SPS=685 w_ev=0.722 m_ev=0.988 m_v_bias=-2.9 m_adv_std=18.3020 m_kl_max=0.0044 m_ratio_max=0.337 w_ax@goal=+1.07 w_v@goal=10.15 return=1001.3 length=79 success_rate=1.00 collisions/ep=0.22 (n=27)
update=150 global_step=307200 SPS=687 w_ev=0.659 m_ev=0.994 m_v_bias=-3.2 m_adv_std=12.5749 m_kl_max=0.0112 m_ratio_max=0.403 w_ax@goal=+1.12 w_v@goal=10.22 return=1004.4 length=78 success_rate=1.00 collisions/ep=0.15 (n=26)
Evaluation at update 150: return=1012.72, length=78.00, success_rate=1.00, collisions/ep=0.00
Solved-check at update 150: solved=True worst_gap=0.56 at p_x0=0.00 p_y0=1.00 (consecutive=9)
update=151 global_step=309248 SPS=680 w_ev=0.658 m_ev=0.958 m_v_bias=4.1 m_adv_std=34.8249 m_kl_max=0.0132 m_ratio_max=0.540 w_ax@goal=+1.27 w_v@goal=10.21 return=986.6 length=80 success_rate=1.00 collisions/ep=0.56 (n=25)
update=152 global_step=311296 SPS=681 w_ev=0.862 m_ev=0.983 m_v_bias=2.6 m_adv_std=22.2706 m_kl_max=0.0166 m_ratio_max=0.477 w_ax@goal=+1.06 w_v@goal=10.19 return=987.4 length=78 success_rate=1.00 collisions/ep=0.50 (n=26)
update=153 global_step=313344 SPS=683 w_ev=0.685 m_ev=0.961 m_v_bias=1.4 m_adv_std=35.3023 m_kl_max=0.0149 m_ratio_max=0.759 w_ax@goal=+0.76 w_v@goal=10.17 return=990.6 length=80 success_rate=1.00 collisions/ep=0.42 (n=26)
update=154 global_step=315392 SPS=685 w_ev=0.859 m_ev=0.988 m_v_bias=-6.0 m_adv_std=18.0454 m_kl_max=0.0221 m_ratio_max=0.825 w_ax@goal=+0.95 w_v@goal=10.21 return=998.5 length=80 success_rate=1.00 collisions/ep=0.28 (n=25)
update=155 global_step=317440 SPS=686 w_ev=0.793 m_ev=0.995 m_v_bias=-4.6 m_adv_std=11.7348 m_kl_max=0.0205 m_ratio_max=0.925 w_ax@goal=+1.15 w_v@goal=10.23 return=1006.6 length=80 success_rate=1.00 collisions/ep=0.12 (n=26)
Evaluation at update 155: return=1012.52, length=78.25, success_rate=1.00, collisions/ep=0.00
Solved-check at update 155: solved=True worst_gap=0.79 at p_x0=0.00 p_y0=1.00 (consecutive=10)
update=156 global_step=319488 SPS=680 w_ev=0.642 m_ev=0.986 m_v_bias=4.3 m_adv_std=19.3853 m_kl_max=0.0147 m_ratio_max=0.600 w_ax@goal=+0.93 w_v@goal=10.24 return=996.7 length=78 success_rate=1.00 collisions/ep=0.31 (n=26)
update=157 global_step=321536 SPS=681 w_ev=0.634 m_ev=0.993 m_v_bias=-2.5 m_adv_std=13.5505 m_kl_max=0.0295 m_ratio_max=2.273 w_ax@goal=+0.86 w_v@goal=10.22 return=1002.1 length=80 success_rate=1.00 collisions/ep=0.20 (n=25)
update=158 global_step=323584 SPS=683 w_ev=0.679 m_ev=0.984 m_v_bias=4.3 m_adv_std=21.5131 m_kl_max=0.0040 m_ratio_max=0.390 w_ax@goal=+0.85 w_v@goal=10.14 return=1002.0 length=80 success_rate=1.00 collisions/ep=0.19 (n=26)
update=159 global_step=325632 SPS=684 w_ev=0.623 m_ev=0.993 m_v_bias=-1.9 m_adv_std=13.5993 m_kl_max=0.0065 m_ratio_max=0.422 w_ax@goal=+0.88 w_v@goal=10.20 return=998.8 length=80 success_rate=1.00 collisions/ep=0.27 (n=26)
update=160 global_step=327680 SPS=686 w_ev=0.698 m_ev=0.994 m_v_bias=-1.5 m_adv_std=12.9941 m_kl_max=0.0195 m_ratio_max=0.902 w_ax@goal=+0.88 w_v@goal=10.18 return=1010.2 length=78 success_rate=1.00 collisions/ep=0.04 (n=26)
Evaluation at update 160: return=1012.68, length=78.10, success_rate=1.00, collisions/ep=0.00
Solved-check at update 160: solved=True worst_gap=0.62 at p_x0=0.00 p_y0=1.00 (consecutive=11)
update=161 global_step=329728 SPS=680 w_ev=0.653 m_ev=0.997 m_v_bias=-0.9 m_adv_std=8.6093 m_kl_max=0.0263 m_ratio_max=0.843 w_ax@goal=+0.91 w_v@goal=10.11 return=1004.8 length=79 success_rate=1.00 collisions/ep=0.15 (n=26)
update=162 global_step=331776 SPS=681 w_ev=0.616 m_ev=0.992 m_v_bias=2.9 m_adv_std=15.0833 m_kl_max=0.0181 m_ratio_max=0.663 w_ax@goal=+1.14 w_v@goal=10.19 return=1000.8 length=79 success_rate=1.00 collisions/ep=0.23 (n=26)
update=163 global_step=333824 SPS=683 w_ev=0.492 m_ev=0.996 m_v_bias=-1.8 m_adv_std=10.5934 m_kl_max=0.0115 m_ratio_max=0.489 w_ax@goal=+1.02 w_v@goal=10.26 return=1006.7 length=81 success_rate=1.00 collisions/ep=0.12 (n=25)
update=164 global_step=335872 SPS=684 w_ev=0.462 m_ev=0.984 m_v_bias=2.8 m_adv_std=21.5527 m_kl_max=0.0126 m_ratio_max=0.643 w_ax@goal=+1.09 w_v@goal=10.25 return=1006.7 length=81 success_rate=1.00 collisions/ep=0.12 (n=25)
update=165 global_step=337920 SPS=686 w_ev=0.566 m_ev=0.995 m_v_bias=-2.4 m_adv_std=11.9329 m_kl_max=0.0268 m_ratio_max=1.454 w_ax@goal=+1.08 w_v@goal=10.24 return=999.2 length=79 success_rate=1.00 collisions/ep=0.26 (n=27)
Evaluation at update 165: return=1012.46, length=78.25, success_rate=1.00, collisions/ep=0.00
Solved-check at update 165: solved=True worst_gap=0.88 at p_x0=0.00 p_y0=1.00 (consecutive=12)
update=166 global_step=339968 SPS=680 w_ev=0.461 m_ev=0.991 m_v_bias=2.2 m_adv_std=15.9016 m_kl_max=0.0078 m_ratio_max=0.536 w_ax@goal=+1.08 w_v@goal=10.23 return=1000.0 length=79 success_rate=1.00 collisions/ep=0.24 (n=25)
update=167 global_step=342016 SPS=682 w_ev=0.419 m_ev=0.990 m_v_bias=4.0 m_adv_std=16.8041 m_kl_max=0.0088 m_ratio_max=0.952 w_ax@goal=+1.04 w_v@goal=10.19 return=996.3 length=78 success_rate=1.00 collisions/ep=0.31 (n=26)
update=168 global_step=344064 SPS=683 w_ev=0.479 m_ev=0.988 m_v_bias=0.2 m_adv_std=18.5455 m_kl_max=0.0183 m_ratio_max=0.832 w_ax@goal=+1.01 w_v@goal=10.18 return=1000.3 length=79 success_rate=1.00 collisions/ep=0.24 (n=25)
update=169 global_step=346112 SPS=685 w_ev=0.472 m_ev=0.995 m_v_bias=-2.5 m_adv_std=12.0368 m_kl_max=0.0078 m_ratio_max=0.441 w_ax@goal=+0.89 w_v@goal=10.25 return=1002.2 length=80 success_rate=1.00 collisions/ep=0.19 (n=26)
update=170 global_step=348160 SPS=686 w_ev=0.491 m_ev=0.997 m_v_bias=-4.7 m_adv_std=9.3634 m_kl_max=0.0180 m_ratio_max=0.606 w_ax@goal=+1.04 w_v@goal=10.21 return=1010.4 length=80 success_rate=1.00 collisions/ep=0.04 (n=26)
Evaluation at update 170: return=1012.58, length=78.15, success_rate=1.00, collisions/ep=0.00
Solved-check at update 170: solved=True worst_gap=0.73 at p_x0=0.00 p_y0=1.00 (consecutive=13)
update=171 global_step=350208 SPS=680 w_ev=0.510 m_ev=0.990 m_v_bias=4.0 m_adv_std=17.1651 m_kl_max=0.0105 m_ratio_max=0.552 w_ax@goal=+0.96 w_v@goal=10.22 return=996.8 length=79 success_rate=1.00 collisions/ep=0.31 (n=26)
update=172 global_step=352256 SPS=681 w_ev=0.341 m_ev=0.966 m_v_bias=6.4 m_adv_std=31.9237 m_kl_max=0.0118 m_ratio_max=0.617 w_ax@goal=+1.04 w_v@goal=10.22 return=970.4 length=80 success_rate=1.00 collisions/ep=0.84 (n=25)
update=173 global_step=354304 SPS=683 w_ev=0.369 m_ev=0.996 m_v_bias=-5.4 m_adv_std=11.1960 m_kl_max=0.0156 m_ratio_max=0.637 w_ax@goal=+1.13 w_v@goal=10.21 return=1006.6 length=79 success_rate=1.00 collisions/ep=0.11 (n=27)
update=174 global_step=356352 SPS=684 w_ev=0.363 m_ev=0.932 m_v_bias=11.0 m_adv_std=48.6114 m_kl_max=0.0281 m_ratio_max=0.764 w_ax@goal=+1.08 w_v@goal=10.22 return=974.2 length=81 success_rate=1.00 collisions/ep=0.77 (n=26)
update=175 global_step=358400 SPS=685 w_ev=0.426 m_ev=0.985 m_v_bias=-3.7 m_adv_std=20.6876 m_kl_max=0.0109 m_ratio_max=0.404 w_ax@goal=+1.05 w_v@goal=10.27 return=995.8 length=80 success_rate=1.00 collisions/ep=0.32 (n=25)
Evaluation at update 175: return=1012.42, length=78.25, success_rate=1.00, collisions/ep=0.00
Solved-check at update 175: solved=True worst_gap=0.94 at p_x0=0.50 p_y0=1.00 (consecutive=14)
update=176 global_step=360448 SPS=679 w_ev=0.390 m_ev=0.993 m_v_bias=-2.6 m_adv_std=14.4674 m_kl_max=0.0118 m_ratio_max=0.497 w_ax@goal=+0.89 w_v@goal=10.25 return=1000.1 length=80 success_rate=1.00 collisions/ep=0.24 (n=25)
update=177 global_step=362496 SPS=681 w_ev=0.433 m_ev=0.981 m_v_bias=6.5 m_adv_std=22.9506 m_kl_max=0.0084 m_ratio_max=0.487 w_ax@goal=+1.03 w_v@goal=10.28 return=990.3 length=79 success_rate=1.00 collisions/ep=0.48 (n=25)
update=178 global_step=364544 SPS=682 w_ev=0.680 m_ev=0.981 m_v_bias=-3.3 m_adv_std=23.6553 m_kl_max=0.0120 m_ratio_max=0.553 w_ax@goal=+0.99 w_v@goal=10.22 return=999.3 length=80 success_rate=1.00 collisions/ep=0.26 (n=27)
update=179 global_step=366592 SPS=683 w_ev=0.611 m_ev=0.976 m_v_bias=-1.1 m_adv_std=26.1495 m_kl_max=0.0277 m_ratio_max=1.950 w_ax@goal=+1.05 w_v@goal=10.20 return=987.3 length=79 success_rate=1.00 collisions/ep=0.50 (n=26)
update=180 global_step=368640 SPS=685 w_ev=0.434 m_ev=0.986 m_v_bias=-0.6 m_adv_std=20.7454 m_kl_max=0.0110 m_ratio_max=0.852 w_ax@goal=+0.98 w_v@goal=10.21 return=995.5 length=81 success_rate=1.00 collisions/ep=0.33 (n=24)
Evaluation at update 180: return=1012.52, length=78.15, success_rate=1.00, collisions/ep=0.00
Solved-check at update 180: solved=True worst_gap=0.84 at p_x0=0.00 p_y0=1.00 (consecutive=15)
update=181 global_step=370688 SPS=679 w_ev=0.647 m_ev=0.991 m_v_bias=-2.7 m_adv_std=16.1659 m_kl_max=0.0145 m_ratio_max=0.736 w_ax@goal=+0.98 w_v@goal=10.18 return=1000.9 length=79 success_rate=1.00 collisions/ep=0.23 (n=26)
update=182 global_step=372736 SPS=681 w_ev=0.454 m_ev=0.992 m_v_bias=-0.6 m_adv_std=14.6532 m_kl_max=0.0355 m_ratio_max=0.846 w_ax@goal=+0.90 w_v@goal=10.17 return=999.8 length=79 success_rate=1.00 collisions/ep=0.24 (n=25)
update=183 global_step=374784 SPS=682 w_ev=0.446 m_ev=0.980 m_v_bias=3.5 m_adv_std=24.7455 m_kl_max=0.0043 m_ratio_max=0.336 w_ax@goal=+0.84 w_v@goal=10.21 return=992.3 length=78 success_rate=1.00 collisions/ep=0.39 (n=28)
update=184 global_step=376832 SPS=684 w_ev=0.473 m_ev=0.992 m_v_bias=-0.9 m_adv_std=15.0837 m_kl_max=0.0164 m_ratio_max=0.867 w_ax@goal=+0.95 w_v@goal=10.24 return=1000.5 length=78 success_rate=1.00 collisions/ep=0.23 (n=26)
update=185 global_step=378880 SPS=685 w_ev=0.596 m_ev=0.992 m_v_bias=-4.7 m_adv_std=14.3605 m_kl_max=0.0287 m_ratio_max=0.655 w_ax@goal=+0.92 w_v@goal=10.24 return=1001.9 length=79 success_rate=1.00 collisions/ep=0.21 (n=24)
Evaluation at update 185: return=1012.59, length=78.20, success_rate=1.00, collisions/ep=0.00
Solved-check at update 185: solved=True worst_gap=0.66 at p_x0=0.00 p_y0=1.00 (consecutive=16)
update=186 global_step=380928 SPS=680 w_ev=0.531 m_ev=0.988 m_v_bias=1.2 m_adv_std=18.6450 m_kl_max=0.0112 m_ratio_max=0.524 w_ax@goal=+0.91 w_v@goal=10.22 return=994.3 length=79 success_rate=1.00 collisions/ep=0.36 (n=28)
update=187 global_step=382976 SPS=681 w_ev=0.610 m_ev=0.996 m_v_bias=-2.1 m_adv_std=10.9127 m_kl_max=0.0171 m_ratio_max=1.231 w_ax@goal=+0.93 w_v@goal=10.21 return=1006.4 length=79 success_rate=1.00 collisions/ep=0.12 (n=26)
update=188 global_step=385024 SPS=683 w_ev=0.632 m_ev=0.999 m_v_bias=-1.9 m_adv_std=5.7888 m_kl_max=0.0164 m_ratio_max=0.850 w_ax@goal=+0.81 w_v@goal=10.14 return=1012.1 length=78 success_rate=1.00 collisions/ep=0.00 (n=27)
update=189 global_step=387072 SPS=684 w_ev=0.605 m_ev=0.971 m_v_bias=3.9 m_adv_std=28.8672 m_kl_max=0.0117 m_ratio_max=0.529 w_ax@goal=+0.93 w_v@goal=10.19 return=995.6 length=79 success_rate=1.00 collisions/ep=0.33 (n=24)
update=190 global_step=389120 SPS=685 w_ev=0.420 m_ev=0.981 m_v_bias=2.6 m_adv_std=23.8292 m_kl_max=0.0183 m_ratio_max=1.239 w_ax@goal=+0.78 w_v@goal=10.23 return=994.6 length=81 success_rate=1.00 collisions/ep=0.36 (n=28)
Evaluation at update 190: return=1012.64, length=78.10, success_rate=1.00, collisions/ep=0.00
Solved-check at update 190: solved=True worst_gap=0.58 at p_x0=0.00 p_y0=1.00 (consecutive=17)
update=191 global_step=391168 SPS=680 w_ev=0.574 m_ev=0.999 m_v_bias=-6.9 m_adv_std=6.2898 m_kl_max=0.0123 m_ratio_max=0.677 w_ax@goal=+0.90 w_v@goal=10.24 return=1012.6 length=80 success_rate=1.00 collisions/ep=0.00 (n=24)
update=192 global_step=393216 SPS=681 w_ev=0.554 m_ev=0.994 m_v_bias=3.2 m_adv_std=12.5136 m_kl_max=0.0192 m_ratio_max=0.704 w_ax@goal=+0.97 w_v@goal=10.23 return=1002.8 length=80 success_rate=1.00 collisions/ep=0.20 (n=25)
update=193 global_step=395264 SPS=683 w_ev=0.696 m_ev=0.998 m_v_bias=-1.7 m_adv_std=7.4148 m_kl_max=0.0127 m_ratio_max=0.711 w_ax@goal=+0.83 w_v@goal=10.19 return=1010.2 length=78 success_rate=1.00 collisions/ep=0.04 (n=26)
update=194 global_step=397312 SPS=684 w_ev=0.640 m_ev=0.993 m_v_bias=0.3 m_adv_std=13.3680 m_kl_max=0.0169 m_ratio_max=1.100 w_ax@goal=+0.92 w_v@goal=10.27 return=1004.9 length=79 success_rate=1.00 collisions/ep=0.15 (n=26)
update=195 global_step=399360 SPS=685 w_ev=0.653 m_ev=0.995 m_v_bias=1.2 m_adv_std=12.5254 m_kl_max=0.0158 m_ratio_max=0.537 w_ax@goal=+1.03 w_v@goal=10.27 return=1008.9 length=80 success_rate=1.00 collisions/ep=0.08 (n=26)
Evaluation at update 195: return=1012.71, length=78.10, success_rate=1.00, collisions/ep=0.00
Solved-check at update 195: solved=True worst_gap=0.54 at p_x0=0.00 p_y0=1.00 (consecutive=18)
update=196 global_step=401408 SPS=680 w_ev=0.649 m_ev=0.984 m_v_bias=2.3 m_adv_std=21.4207 m_kl_max=0.0125 m_ratio_max=0.498 w_ax@goal=+0.97 w_v@goal=10.25 return=1001.8 length=80 success_rate=1.00 collisions/ep=0.22 (n=27)
update=197 global_step=403456 SPS=681 w_ev=0.682 m_ev=0.994 m_v_bias=-1.0 m_adv_std=13.5736 m_kl_max=0.0173 m_ratio_max=1.195 w_ax@goal=+1.06 w_v@goal=10.21 return=992.0 length=79 success_rate=1.00 collisions/ep=0.42 (n=24)
update=198 global_step=405504 SPS=683 w_ev=0.596 m_ev=0.970 m_v_bias=0.1 m_adv_std=29.6736 m_kl_max=0.0119 m_ratio_max=0.452 w_ax@goal=+1.08 w_v@goal=10.22 return=997.5 length=77 success_rate=1.00 collisions/ep=0.30 (n=27)
update=199 global_step=407552 SPS=684 w_ev=0.578 m_ev=0.996 m_v_bias=-1.2 m_adv_std=10.8592 m_kl_max=0.0188 m_ratio_max=0.664 w_ax@goal=+1.12 w_v@goal=10.24 return=1007.1 length=79 success_rate=1.00 collisions/ep=0.11 (n=27)
update=200 global_step=409600 SPS=685 w_ev=0.567 m_ev=0.993 m_v_bias=2.2 m_adv_std=14.0464 m_kl_max=0.0083 m_ratio_max=0.419 w_ax@goal=+1.01 w_v@goal=10.21 return=1002.6 length=79 success_rate=1.00 collisions/ep=0.20 (n=25)
Evaluation at update 200: return=1012.72, length=78.10, success_rate=1.00, collisions/ep=0.00
Solved-check at update 200: solved=True worst_gap=0.56 at p_x0=0.00 p_y0=1.00 (consecutive=19)
update=201 global_step=411648 SPS=680 w_ev=0.594 m_ev=0.991 m_v_bias=1.9 m_adv_std=15.4797 m_kl_max=0.0178 m_ratio_max=0.960 w_ax@goal=+1.07 w_v@goal=10.23 return=996.5 length=80 success_rate=1.00 collisions/ep=0.32 (n=25)
update=202 global_step=413696 SPS=681 w_ev=0.593 m_ev=0.990 m_v_bias=-0.0 m_adv_std=17.1344 m_kl_max=0.0167 m_ratio_max=0.815 w_ax@goal=+1.04 w_v@goal=10.24 return=998.6 length=79 success_rate=1.00 collisions/ep=0.27 (n=26)
update=203 global_step=415744 SPS=682 w_ev=0.612 m_ev=0.998 m_v_bias=-2.8 m_adv_std=7.3638 m_kl_max=0.0210 m_ratio_max=0.618 w_ax@goal=+0.98 w_v@goal=10.24 return=1008.8 length=79 success_rate=1.00 collisions/ep=0.07 (n=27)
update=204 global_step=417792 SPS=684 w_ev=0.658 m_ev=0.974 m_v_bias=4.1 m_adv_std=27.3131 m_kl_max=0.0047 m_ratio_max=0.267 w_ax@goal=+0.91 w_v@goal=10.24 return=996.5 length=80 success_rate=1.00 collisions/ep=0.32 (n=25)
update=205 global_step=419840 SPS=685 w_ev=0.756 m_ev=0.997 m_v_bias=-2.1 m_adv_std=9.6983 m_kl_max=0.0132 m_ratio_max=0.538 w_ax@goal=+0.99 w_v@goal=10.19 return=1010.7 length=80 success_rate=1.00 collisions/ep=0.04 (n=24)
Evaluation at update 205: return=1012.75, length=77.95, success_rate=1.00, collisions/ep=0.00
Solved-check at update 205: solved=True worst_gap=0.50 at p_x0=0.00 p_y0=1.00 (consecutive=20)
update=206 global_step=421888 SPS=680 w_ev=0.771 m_ev=0.998 m_v_bias=-0.8 m_adv_std=7.4463 m_kl_max=0.0097 m_ratio_max=0.606 w_ax@goal=+1.08 w_v@goal=10.19 return=1009.3 length=79 success_rate=1.00 collisions/ep=0.07 (n=29)
update=207 global_step=423936 SPS=681 w_ev=0.714 m_ev=0.979 m_v_bias=5.6 m_adv_std=24.7002 m_kl_max=0.0427 m_ratio_max=0.865 w_ax@goal=+0.92 w_v@goal=10.24 return=992.4 length=78 success_rate=1.00 collisions/ep=0.40 (n=25)
update=208 global_step=425984 SPS=682 w_ev=0.664 m_ev=0.992 m_v_bias=-3.3 m_adv_std=14.9701 m_kl_max=0.0142 m_ratio_max=0.787 w_ax@goal=+0.92 w_v@goal=10.19 return=999.2 length=80 success_rate=1.00 collisions/ep=0.27 (n=26)
update=209 global_step=428032 SPS=683 w_ev=0.798 m_ev=0.998 m_v_bias=-3.9 m_adv_std=8.1016 m_kl_max=0.0152 m_ratio_max=0.569 w_ax@goal=+1.03 w_v@goal=10.24 return=1010.4 length=78 success_rate=1.00 collisions/ep=0.04 (n=26)
update=210 global_step=430080 SPS=685 w_ev=0.770 m_ev=0.996 m_v_bias=-0.3 m_adv_std=10.4273 m_kl_max=0.0071 m_ratio_max=0.603 w_ax@goal=+1.05 w_v@goal=10.22 return=1008.8 length=80 success_rate=1.00 collisions/ep=0.08 (n=25)
Evaluation at update 210: return=1012.92, length=77.85, success_rate=1.00, collisions/ep=0.00
Solved-check at update 210: solved=True worst_gap=0.31 at p_x0=0.00 p_y0=1.00 (consecutive=21)
update=211 global_step=432128 SPS=679 w_ev=0.772 m_ev=0.992 m_v_bias=-1.6 m_adv_std=13.9487 m_kl_max=0.0134 m_ratio_max=0.492 w_ax@goal=+1.19 w_v@goal=10.23 return=1002.9 length=77 success_rate=1.00 collisions/ep=0.19 (n=26)
update=212 global_step=434176 SPS=681 w_ev=0.862 m_ev=0.998 m_v_bias=-0.4 m_adv_std=7.6351 m_kl_max=0.0077 m_ratio_max=0.589 w_ax@goal=+1.13 w_v@goal=10.20 return=1007.6 length=77 success_rate=1.00 collisions/ep=0.10 (n=30)
update=213 global_step=436224 SPS=682 w_ev=0.665 m_ev=0.993 m_v_bias=2.6 m_adv_std=13.8170 m_kl_max=0.0186 m_ratio_max=1.444 w_ax@goal=+0.99 w_v@goal=10.17 return=1004.3 length=79 success_rate=1.00 collisions/ep=0.17 (n=24)
update=214 global_step=438272 SPS=683 w_ev=0.694 m_ev=0.996 m_v_bias=-0.2 m_adv_std=11.1676 m_kl_max=0.0106 m_ratio_max=0.410 w_ax@goal=+0.95 w_v@goal=10.19 return=1004.5 length=79 success_rate=1.00 collisions/ep=0.17 (n=24)
update=215 global_step=440320 SPS=684 w_ev=0.679 m_ev=0.984 m_v_bias=2.3 m_adv_std=21.5226 m_kl_max=0.0103 m_ratio_max=0.465 w_ax@goal=+0.89 w_v@goal=10.20 return=999.9 length=78 success_rate=1.00 collisions/ep=0.25 (n=28)
Evaluation at update 215: return=1012.84, length=77.90, success_rate=1.00, collisions/ep=0.00
Solved-check at update 215: solved=True worst_gap=0.42 at p_x0=0.00 p_y0=1.00 (consecutive=22)
update=216 global_step=442368 SPS=679 w_ev=0.779 m_ev=0.998 m_v_bias=-4.1 m_adv_std=7.8869 m_kl_max=0.0189 m_ratio_max=0.576 w_ax@goal=+0.84 w_v@goal=10.24 return=1010.9 length=79 success_rate=1.00 collisions/ep=0.04 (n=26)
update=217 global_step=444416 SPS=680 w_ev=0.663 m_ev=0.981 m_v_bias=4.1 m_adv_std=22.6787 m_kl_max=0.0458 m_ratio_max=1.120 w_ax@goal=+0.98 w_v@goal=10.20 return=998.9 length=79 success_rate=1.00 collisions/ep=0.28 (n=25)
update=218 global_step=446464 SPS=682 w_ev=0.779 m_ev=0.992 m_v_bias=-1.8 m_adv_std=14.5774 m_kl_max=0.0155 m_ratio_max=0.714 w_ax@goal=+1.01 w_v@goal=10.25 return=1003.3 length=80 success_rate=1.00 collisions/ep=0.19 (n=26)
update=219 global_step=448512 SPS=683 w_ev=0.675 m_ev=0.991 m_v_bias=0.7 m_adv_std=15.6668 m_kl_max=0.0195 m_ratio_max=0.643 w_ax@goal=+0.87 w_v@goal=10.20 return=1005.0 length=79 success_rate=1.00 collisions/ep=0.15 (n=26)
update=220 global_step=450560 SPS=684 w_ev=0.772 m_ev=0.992 m_v_bias=-0.2 m_adv_std=14.6430 m_kl_max=0.0151 m_ratio_max=0.585 w_ax@goal=+1.04 w_v@goal=10.25 return=997.5 length=80 success_rate=1.00 collisions/ep=0.31 (n=26)
Evaluation at update 220: return=1012.83, length=77.90, success_rate=1.00, collisions/ep=0.00
Solved-check at update 220: solved=True worst_gap=0.48 at p_x0=0.00 p_y0=1.00 (consecutive=23)
update=221 global_step=452608 SPS=680 w_ev=0.611 m_ev=0.995 m_v_bias=-0.4 m_adv_std=11.4790 m_kl_max=0.0340 m_ratio_max=2.124 w_ax@goal=+0.80 w_v@goal=10.22 return=1006.8 length=80 success_rate=1.00 collisions/ep=0.12 (n=25)
update=222 global_step=454656 SPS=681 w_ev=0.654 m_ev=0.994 m_v_bias=0.1 m_adv_std=13.5457 m_kl_max=0.0087 m_ratio_max=0.399 w_ax@goal=+0.90 w_v@goal=10.22 return=1003.1 length=80 success_rate=1.00 collisions/ep=0.19 (n=26)
update=223 global_step=456704 SPS=682 w_ev=0.719 m_ev=0.986 m_v_bias=-0.1 m_adv_std=20.3936 m_kl_max=0.0092 m_ratio_max=0.425 w_ax@goal=+0.79 w_v@goal=10.23 return=1002.9 length=79 success_rate=1.00 collisions/ep=0.19 (n=26)
update=224 global_step=458752 SPS=683 w_ev=0.577 m_ev=0.987 m_v_bias=1.4 m_adv_std=19.1434 m_kl_max=0.0106 m_ratio_max=0.376 w_ax@goal=+0.90 w_v@goal=10.19 return=999.0 length=78 success_rate=1.00 collisions/ep=0.27 (n=26)
update=225 global_step=460800 SPS=684 w_ev=0.843 m_ev=0.994 m_v_bias=-5.1 m_adv_std=12.4825 m_kl_max=0.0130 m_ratio_max=0.499 w_ax@goal=+0.91 w_v@goal=10.24 return=1005.4 length=79 success_rate=1.00 collisions/ep=0.15 (n=27)
Evaluation at update 225: return=1012.85, length=77.85, success_rate=1.00, collisions/ep=0.00
Solved-check at update 225: solved=True worst_gap=0.41 at p_x0=0.00 p_y0=1.00 (consecutive=24)
update=226 global_step=462848 SPS=680 w_ev=0.869 m_ev=0.996 m_v_bias=-1.8 m_adv_std=11.0956 m_kl_max=0.0065 m_ratio_max=0.353 w_ax@goal=+0.91 w_v@goal=10.26 return=1006.6 length=78 success_rate=1.00 collisions/ep=0.12 (n=25)
update=227 global_step=464896 SPS=681 w_ev=0.754 m_ev=0.998 m_v_bias=-3.7 m_adv_std=7.1970 m_kl_max=0.0065 m_ratio_max=0.408 w_ax@goal=+0.87 w_v@goal=10.21 return=1011.1 length=80 success_rate=1.00 collisions/ep=0.04 (n=27)
update=228 global_step=466944 SPS=682 w_ev=0.841 m_ev=0.996 m_v_bias=1.4 m_adv_std=10.0046 m_kl_max=0.0145 m_ratio_max=0.867 w_ax@goal=+0.94 w_v@goal=10.24 return=1004.7 length=78 success_rate=1.00 collisions/ep=0.16 (n=25)
update=229 global_step=468992 SPS=683 w_ev=0.639 m_ev=0.992 m_v_bias=2.6 m_adv_std=14.5842 m_kl_max=0.0150 m_ratio_max=0.714 w_ax@goal=+0.80 w_v@goal=10.18 return=1004.9 length=80 success_rate=1.00 collisions/ep=0.16 (n=25)
update=230 global_step=471040 SPS=684 w_ev=0.750 m_ev=0.994 m_v_bias=-1.0 m_adv_std=12.4581 m_kl_max=0.0058 m_ratio_max=0.375 w_ax@goal=+0.94 w_v@goal=10.21 return=1002.6 length=79 success_rate=1.00 collisions/ep=0.20 (n=25)
Evaluation at update 230: return=1012.86, length=77.85, success_rate=1.00, collisions/ep=0.00
Solved-check at update 230: solved=True worst_gap=0.40 at p_x0=0.00 p_y0=1.00 (consecutive=25)
update=231 global_step=473088 SPS=680 w_ev=0.821 m_ev=0.997 m_v_bias=0.7 m_adv_std=8.6917 m_kl_max=0.0278 m_ratio_max=1.138 w_ax@goal=+0.92 w_v@goal=10.24 return=1011.1 length=80 success_rate=1.00 collisions/ep=0.04 (n=28)
update=232 global_step=475136 SPS=680 w_ev=0.784 m_ev=0.996 m_v_bias=0.5 m_adv_std=10.3878 m_kl_max=0.0224 m_ratio_max=0.712 w_ax@goal=+0.86 w_v@goal=10.24 return=1005.2 length=81 success_rate=1.00 collisions/ep=0.16 (n=25)
update=233 global_step=477184 SPS=682 w_ev=0.820 m_ev=0.981 m_v_bias=3.1 m_adv_std=23.2817 m_kl_max=0.0171 m_ratio_max=0.670 w_ax@goal=+0.80 w_v@goal=10.23 return=997.4 length=79 success_rate=1.00 collisions/ep=0.31 (n=26)
update=234 global_step=479232 SPS=682 w_ev=0.745 m_ev=0.998 m_v_bias=-5.0 m_adv_std=8.2224 m_kl_max=0.0198 m_ratio_max=0.926 w_ax@goal=+0.99 w_v@goal=10.20 return=1010.9 length=79 success_rate=1.00 collisions/ep=0.04 (n=26)
update=235 global_step=481280 SPS=683 w_ev=0.843 m_ev=0.992 m_v_bias=1.9 m_adv_std=14.7998 m_kl_max=0.0066 m_ratio_max=0.513 w_ax@goal=+1.00 w_v@goal=10.20 return=1004.7 length=77 success_rate=1.00 collisions/ep=0.15 (n=26)
Evaluation at update 235: return=1012.87, length=77.90, success_rate=1.00, collisions/ep=0.00
Solved-check at update 235: solved=True worst_gap=0.46 at p_x0=0.00 p_y0=1.00 (consecutive=26)
update=236 global_step=483328 SPS=679 w_ev=0.773 m_ev=0.985 m_v_bias=1.6 m_adv_std=20.2543 m_kl_max=0.0221 m_ratio_max=0.713 w_ax@goal=+0.92 w_v@goal=10.25 return=1006.9 length=79 success_rate=1.00 collisions/ep=0.12 (n=25)
update=237 global_step=485376 SPS=680 w_ev=0.628 m_ev=0.977 m_v_bias=-1.6 m_adv_std=25.6224 m_kl_max=0.0085 m_ratio_max=0.457 w_ax@goal=+0.97 w_v@goal=10.22 return=997.5 length=80 success_rate=1.00 collisions/ep=0.31 (n=26)
update=238 global_step=487424 SPS=682 w_ev=0.831 m_ev=0.997 m_v_bias=-1.2 m_adv_std=9.7186 m_kl_max=0.0159 m_ratio_max=0.629 w_ax@goal=+0.95 w_v@goal=10.20 return=1008.9 length=79 success_rate=1.00 collisions/ep=0.08 (n=26)
update=239 global_step=489472 SPS=683 w_ev=0.725 m_ev=0.987 m_v_bias=6.4 m_adv_std=18.9135 m_kl_max=0.0111 m_ratio_max=0.488 w_ax@goal=+0.99 w_v@goal=10.23 return=1001.4 length=79 success_rate=1.00 collisions/ep=0.23 (n=26)
update=240 global_step=491520 SPS=683 w_ev=0.720 m_ev=0.975 m_v_bias=1.8 m_adv_std=26.5495 m_kl_max=0.0044 m_ratio_max=0.339 w_ax@goal=+1.00 w_v@goal=10.21 return=989.7 length=78 success_rate=1.00 collisions/ep=0.50 (n=26)
Evaluation at update 240: return=1012.85, length=77.90, success_rate=1.00, collisions/ep=0.00
Solved-check at update 240: solved=True worst_gap=0.46 at p_x0=0.00 p_y0=1.00 (consecutive=27)
update=241 global_step=493568 SPS=680 w_ev=0.685 m_ev=0.994 m_v_bias=-3.2 m_adv_std=13.1332 m_kl_max=0.0138 m_ratio_max=0.676 w_ax@goal=+1.02 w_v@goal=10.23 return=1003.7 length=78 success_rate=1.00 collisions/ep=0.18 (n=28)
update=242 global_step=495616 SPS=681 w_ev=0.734 m_ev=0.998 m_v_bias=-3.2 m_adv_std=7.3517 m_kl_max=0.0058 m_ratio_max=0.363 w_ax@goal=+0.98 w_v@goal=10.24 return=1012.6 length=77 success_rate=1.00 collisions/ep=0.00 (n=25)
update=243 global_step=497664 SPS=682 w_ev=0.603 m_ev=0.975 m_v_bias=7.6 m_adv_std=27.0306 m_kl_max=0.0440 m_ratio_max=1.995 w_ax@goal=+0.96 w_v@goal=10.23 return=992.1 length=79 success_rate=1.00 collisions/ep=0.42 (n=24)
update=244 global_step=499712 SPS=682 w_ev=0.560 m_ev=0.996 m_v_bias=-3.9 m_adv_std=11.0734 m_kl_max=0.0155 m_ratio_max=0.512 w_ax@goal=+0.90 w_v@goal=10.17 return=1005.7 length=79 success_rate=1.00 collisions/ep=0.14 (n=28)
Saved checkpoints to C:\Users\loren\Desktop\MASTER THESIS\5_CODE\scenarios\slalom\studies\extrinsic_sweep\coef_0.01\runs\hppo_slalom_7_1790268013
