Using device: cpu
Solved-check: precomputed optimal returns for 25 fixed initial conditions (mean=1013.0, min=1011.0, max=1015.0); solved-tolerance=5.0
num_envs=8 num_steps_per_env=256 worker_batch_size=2048 worker_minibatch_size=256 num_updates=244 timesteps=499712 (requested 500000; 288 dropped by integer division)
update=1 global_step=2048 SPS=1094 w_ev=-0.181 m_ev=0.001 m_v_bias=10.9 m_adv_std=242.6512 m_kl_max=0.0003 m_ratio_max=0.107 w_ax@goal=-0.17 w_v@goal=-0.56 return=-50.6 length=178 success_rate=0.38 collisions/ep=5.62 (n=8)
update=2 global_step=4096 SPS=1129 w_ev=0.398 m_ev=0.670 m_v_bias=2.7 m_adv_std=184.8091 m_kl_max=0.0008 m_ratio_max=0.142 w_ax@goal=-0.05 w_v@goal=1.96 return=-7.1 length=168 success_rate=0.45 collisions/ep=6.73 (n=11)
update=3 global_step=6144 SPS=1128 w_ev=0.656 m_ev=0.785 m_v_bias=-46.4 m_adv_std=161.0268 m_kl_max=0.0060 m_ratio_max=0.543 w_ax@goal=+0.24 w_v@goal=3.62 return=-118.5 length=173 success_rate=0.42 collisions/ep=8.00 (n=12)
update=4 global_step=8192 SPS=1120 w_ev=0.847 m_ev=0.815 m_v_bias=18.3 m_adv_std=157.8581 m_kl_max=0.0012 m_ratio_max=0.186 w_ax@goal=+0.34 w_v@goal=5.11 return=146.7 length=174 success_rate=0.46 collisions/ep=3.62 (n=13)
update=5 global_step=10240 SPS=1102 w_ev=0.924 m_ev=0.893 m_v_bias=-78.4 m_adv_std=104.6765 m_kl_max=0.0042 m_ratio_max=0.324 w_ax@goal=-0.15 w_v@goal=6.78 return=77.7 length=179 success_rate=0.45 collisions/ep=4.82 (n=11)
Evaluation at update 5: return=-16.10, length=168.40, success_rate=0.80, collisions/ep=14.55
Solved-check at update 5: solved=False worst_gap=1647.86 at p_x0=0.50 p_y0=0.50 (consecutive=0)
update=6 global_step=12288 SPS=555 w_ev=0.918 m_ev=0.774 m_v_bias=-34.2 m_adv_std=168.4158 m_kl_max=0.0037 m_ratio_max=0.307 w_ax@goal=+0.28 w_v@goal=8.22 return=464.5 length=147 success_rate=0.79 collisions/ep=4.93 (n=14)
update=7 global_step=14336 SPS=599 w_ev=0.947 m_ev=0.853 m_v_bias=-71.7 m_adv_std=122.5655 m_kl_max=0.0189 m_ratio_max=0.682 w_ax@goal=+0.13 w_v@goal=8.80 return=442.8 length=142 success_rate=0.71 collisions/ep=3.86 (n=14)
update=8 global_step=16384 SPS=636 w_ev=0.897 m_ev=0.852 m_v_bias=-45.0 m_adv_std=105.3659 m_kl_max=0.0019 m_ratio_max=0.250 w_ax@goal=+0.45 w_v@goal=9.30 return=610.9 length=120 success_rate=0.90 collisions/ep=5.15 (n=20)
update=9 global_step=18432 SPS=666 w_ev=0.861 m_ev=0.852 m_v_bias=-21.2 m_adv_std=95.6455 m_kl_max=0.0042 m_ratio_max=0.320 w_ax@goal=+0.51 w_v@goal=9.47 return=724.7 length=104 success_rate=1.00 collisions/ep=5.26 (n=19)
update=10 global_step=20480 SPS=692 w_ev=0.864 m_ev=0.906 m_v_bias=-20.9 m_adv_std=76.0812 m_kl_max=0.0057 m_ratio_max=0.288 w_ax@goal=+0.40 w_v@goal=9.55 return=813.9 length=96 success_rate=1.00 collisions/ep=3.68 (n=22)
Evaluation at update 10: return=809.09, length=83.65, success_rate=1.00, collisions/ep=3.95
Solved-check at update 10: solved=False worst_gap=507.78 at p_x0=2.00 p_y0=1.00 (consecutive=0)
update=11 global_step=22528 SPS=604 w_ev=0.849 m_ev=0.859 m_v_bias=27.7 m_adv_std=92.8991 m_kl_max=0.0158 m_ratio_max=0.491 w_ax@goal=+0.41 w_v@goal=9.40 return=798.9 length=93 success_rate=1.00 collisions/ep=3.96 (n=23)
update=12 global_step=24576 SPS=625 w_ev=0.802 m_ev=0.848 m_v_bias=-14.0 m_adv_std=95.2556 m_kl_max=0.0059 m_ratio_max=0.354 w_ax@goal=+0.66 w_v@goal=9.44 return=783.0 length=91 success_rate=1.00 collisions/ep=4.35 (n=23)
update=13 global_step=26624 SPS=645 w_ev=0.847 m_ev=0.865 m_v_bias=-2.1 m_adv_std=93.1358 m_kl_max=0.0277 m_ratio_max=0.709 w_ax@goal=+0.65 w_v@goal=9.52 return=783.1 length=93 success_rate=0.95 collisions/ep=3.25 (n=20)
update=14 global_step=28672 SPS=663 w_ev=0.810 m_ev=0.898 m_v_bias=-24.6 m_adv_std=69.6958 m_kl_max=0.0104 m_ratio_max=0.532 w_ax@goal=+0.56 w_v@goal=9.48 return=848.7 length=93 success_rate=1.00 collisions/ep=3.09 (n=22)
update=15 global_step=30720 SPS=680 w_ev=0.778 m_ev=0.917 m_v_bias=1.8 m_adv_std=63.3348 m_kl_max=0.0094 m_ratio_max=0.402 w_ax@goal=+0.74 w_v@goal=9.57 return=846.9 length=85 success_rate=1.00 collisions/ep=3.19 (n=26)
Evaluation at update 15: return=981.51, length=81.20, success_rate=1.00, collisions/ep=0.55
Solved-check at update 15: solved=False worst_gap=54.86 at p_x0=2.00 p_y0=1.00 (consecutive=0)
update=16 global_step=32768 SPS=622 w_ev=0.754 m_ev=0.913 m_v_bias=-1.8 m_adv_std=62.4560 m_kl_max=0.0142 m_ratio_max=0.591 w_ax@goal=+0.61 w_v@goal=9.52 return=877.2 length=88 success_rate=1.00 collisions/ep=2.57 (n=21)
update=17 global_step=34816 SPS=639 w_ev=0.798 m_ev=0.912 m_v_bias=-11.5 m_adv_std=62.9799 m_kl_max=0.0154 m_ratio_max=0.716 w_ax@goal=+0.66 w_v@goal=9.89 return=886.2 length=85 success_rate=1.00 collisions/ep=2.44 (n=27)
update=18 global_step=36864 SPS=653 w_ev=0.710 m_ev=0.935 m_v_bias=-13.2 m_adv_std=50.7827 m_kl_max=0.0054 m_ratio_max=0.318 w_ax@goal=+0.59 w_v@goal=9.77 return=914.7 length=84 success_rate=1.00 collisions/ep=1.88 (n=25)
update=19 global_step=38912 SPS=667 w_ev=0.684 m_ev=0.942 m_v_bias=-1.6 m_adv_std=48.9429 m_kl_max=0.0074 m_ratio_max=0.370 w_ax@goal=+0.69 w_v@goal=9.62 return=912.2 length=87 success_rate=1.00 collisions/ep=1.88 (n=24)
update=20 global_step=40960 SPS=680 w_ev=0.603 m_ev=0.889 m_v_bias=7.1 m_adv_std=67.0707 m_kl_max=0.0135 m_ratio_max=0.540 w_ax@goal=+0.60 w_v@goal=9.63 return=889.7 length=84 success_rate=1.00 collisions/ep=2.42 (n=24)
Evaluation at update 20: return=988.12, length=79.55, success_rate=1.00, collisions/ep=0.45
Solved-check at update 20: solved=False worst_gap=52.37 at p_x0=2.00 p_y0=1.00 (consecutive=0)
update=21 global_step=43008 SPS=637 w_ev=0.662 m_ev=0.918 m_v_bias=-7.3 m_adv_std=55.4765 m_kl_max=0.0133 m_ratio_max=0.545 w_ax@goal=+0.52 w_v@goal=9.74 return=913.6 length=82 success_rate=1.00 collisions/ep=1.96 (n=24)
update=22 global_step=45056 SPS=648 w_ev=0.667 m_ev=0.934 m_v_bias=-11.0 m_adv_std=49.3548 m_kl_max=0.0315 m_ratio_max=0.982 w_ax@goal=+0.78 w_v@goal=9.81 return=930.2 length=83 success_rate=1.00 collisions/ep=1.54 (n=24)
update=23 global_step=47104 SPS=659 w_ev=0.617 m_ev=0.949 m_v_bias=-3.4 m_adv_std=42.6618 m_kl_max=0.0190 m_ratio_max=1.240 w_ax@goal=+0.69 w_v@goal=9.91 return=937.9 length=82 success_rate=1.00 collisions/ep=1.44 (n=25)
update=24 global_step=49152 SPS=670 w_ev=0.679 m_ev=0.910 m_v_bias=1.3 m_adv_std=58.9135 m_kl_max=0.0139 m_ratio_max=0.479 w_ax@goal=+0.76 w_v@goal=9.92 return=924.6 length=82 success_rate=1.00 collisions/ep=1.67 (n=24)
update=25 global_step=51200 SPS=680 w_ev=0.611 m_ev=0.895 m_v_bias=-2.4 m_adv_std=64.2889 m_kl_max=0.0108 m_ratio_max=0.555 w_ax@goal=+0.46 w_v@goal=9.84 return=919.2 length=84 success_rate=1.00 collisions/ep=1.79 (n=24)
Evaluation at update 25: return=1011.02, length=79.20, success_rate=1.00, collisions/ep=0.00
Solved-check at update 25: solved=True worst_gap=2.24 at p_x0=2.00 p_y0=1.00 (consecutive=0)
update=26 global_step=53248 SPS=644 w_ev=0.451 m_ev=0.957 m_v_bias=-4.5 m_adv_std=40.0478 m_kl_max=0.0183 m_ratio_max=0.574 w_ax@goal=+0.65 w_v@goal=9.88 return=964.0 length=80 success_rate=1.00 collisions/ep=0.88 (n=26)
update=27 global_step=55296 SPS=652 w_ev=0.456 m_ev=0.877 m_v_bias=14.7 m_adv_std=71.5054 m_kl_max=0.0073 m_ratio_max=0.434 w_ax@goal=+0.86 w_v@goal=9.84 return=897.7 length=85 success_rate=1.00 collisions/ep=2.39 (n=23)
update=28 global_step=57344 SPS=661 w_ev=0.591 m_ev=0.935 m_v_bias=-10.1 m_adv_std=49.3363 m_kl_max=0.0147 m_ratio_max=0.459 w_ax@goal=+0.66 w_v@goal=9.96 return=925.7 length=82 success_rate=1.00 collisions/ep=1.67 (n=27)
update=29 global_step=59392 SPS=670 w_ev=0.449 m_ev=0.958 m_v_bias=-20.6 m_adv_std=37.3968 m_kl_max=0.0069 m_ratio_max=0.399 w_ax@goal=+0.70 w_v@goal=9.87 return=959.3 length=81 success_rate=1.00 collisions/ep=1.00 (n=25)
update=30 global_step=61440 SPS=678 w_ev=0.340 m_ev=0.878 m_v_bias=16.0 m_adv_std=67.1023 m_kl_max=0.0118 m_ratio_max=0.631 w_ax@goal=+0.78 w_v@goal=9.84 return=922.4 length=82 success_rate=1.00 collisions/ep=1.88 (n=25)
Evaluation at update 30: return=1010.99, length=79.05, success_rate=1.00, collisions/ep=0.00
Solved-check at update 30: solved=True worst_gap=2.01 at p_x0=0.00 p_y0=-1.00 (consecutive=1)
Solved criterion held for 2 consecutive evals (tolerance=5.0) at global_step=61440.
update=31 global_step=63488 SPS=646 w_ev=0.439 m_ev=0.922 m_v_bias=-4.7 m_adv_std=52.4360 m_kl_max=0.0228 m_ratio_max=0.499 w_ax@goal=+0.81 w_v@goal=9.82 return=926.3 length=82 success_rate=1.00 collisions/ep=1.67 (n=24)
update=32 global_step=65536 SPS=654 w_ev=0.442 m_ev=0.935 m_v_bias=-8.1 m_adv_std=48.0792 m_kl_max=0.0218 m_ratio_max=0.543 w_ax@goal=+0.61 w_v@goal=9.76 return=953.6 length=82 success_rate=1.00 collisions/ep=1.24 (n=25)
update=33 global_step=67584 SPS=662 w_ev=0.426 m_ev=0.971 m_v_bias=-9.6 m_adv_std=29.2735 m_kl_max=0.0076 m_ratio_max=0.333 w_ax@goal=+0.77 w_v@goal=9.79 return=981.7 length=82 success_rate=1.00 collisions/ep=0.62 (n=24)
update=34 global_step=69632 SPS=670 w_ev=0.275 m_ev=0.884 m_v_bias=25.3 m_adv_std=65.7073 m_kl_max=0.0229 m_ratio_max=0.716 w_ax@goal=+0.77 w_v@goal=9.83 return=932.0 length=81 success_rate=1.00 collisions/ep=1.64 (n=25)
update=35 global_step=71680 SPS=676 w_ev=0.245 m_ev=0.933 m_v_bias=-7.0 m_adv_std=46.8073 m_kl_max=0.0252 m_ratio_max=0.842 w_ax@goal=+0.80 w_v@goal=9.73 return=940.2 length=81 success_rate=1.00 collisions/ep=1.48 (n=27)
Evaluation at update 35: return=1011.68, length=78.55, success_rate=1.00, collisions/ep=0.00
Solved-check at update 35: solved=True worst_gap=1.42 at p_x0=0.00 p_y0=1.00 (consecutive=2)
update=36 global_step=73728 SPS=650 w_ev=0.351 m_ev=0.959 m_v_bias=-3.6 m_adv_std=35.7264 m_kl_max=0.0230 m_ratio_max=1.497 w_ax@goal=+0.80 w_v@goal=9.70 return=966.1 length=83 success_rate=1.00 collisions/ep=1.04 (n=25)
update=37 global_step=75776 SPS=658 w_ev=0.420 m_ev=0.946 m_v_bias=7.2 m_adv_std=41.9733 m_kl_max=0.0137 m_ratio_max=0.539 w_ax@goal=+0.89 w_v@goal=9.92 return=954.4 length=82 success_rate=1.00 collisions/ep=1.12 (n=25)
update=38 global_step=77824 SPS=665 w_ev=0.401 m_ev=0.928 m_v_bias=-0.7 m_adv_std=51.7405 m_kl_max=0.0130 m_ratio_max=0.588 w_ax@goal=+1.00 w_v@goal=9.82 return=945.4 length=82 success_rate=1.00 collisions/ep=1.31 (n=26)
update=39 global_step=79872 SPS=672 w_ev=0.544 m_ev=0.968 m_v_bias=1.1 m_adv_std=31.4129 m_kl_max=0.0164 m_ratio_max=0.811 w_ax@goal=+1.01 w_v@goal=9.95 return=958.3 length=83 success_rate=1.00 collisions/ep=1.12 (n=24)
update=40 global_step=81920 SPS=675 w_ev=0.419 m_ev=0.983 m_v_bias=-5.6 m_adv_std=22.5813 m_kl_max=0.0131 m_ratio_max=0.548 w_ax@goal=+0.78 w_v@goal=9.86 return=982.7 length=82 success_rate=1.00 collisions/ep=0.58 (n=24)
Evaluation at update 40: return=1011.49, length=78.65, success_rate=1.00, collisions/ep=0.00
Solved-check at update 40: solved=False worst_gap=51.63 at p_x0=0.00 p_y0=1.00 (consecutive=3)
update=41 global_step=83968 SPS=651 w_ev=0.470 m_ev=0.953 m_v_bias=9.3 m_adv_std=39.1990 m_kl_max=0.0122 m_ratio_max=0.632 w_ax@goal=+0.93 w_v@goal=9.92 return=948.6 length=80 success_rate=1.00 collisions/ep=1.33 (n=27)
update=42 global_step=86016 SPS=657 w_ev=0.372 m_ev=0.987 m_v_bias=-14.3 m_adv_std=19.3577 m_kl_max=0.0174 m_ratio_max=0.549 w_ax@goal=+0.85 w_v@goal=10.04 return=993.5 length=81 success_rate=1.00 collisions/ep=0.32 (n=25)
update=43 global_step=88064 SPS=662 w_ev=0.341 m_ev=0.964 m_v_bias=14.6 m_adv_std=33.3789 m_kl_max=0.0094 m_ratio_max=0.421 w_ax@goal=+0.89 w_v@goal=10.02 return=968.1 length=84 success_rate=1.00 collisions/ep=0.88 (n=24)
update=44 global_step=90112 SPS=667 w_ev=0.394 m_ev=0.982 m_v_bias=-6.2 m_adv_std=23.5328 m_kl_max=0.0424 m_ratio_max=2.196 w_ax@goal=+0.81 w_v@goal=10.08 return=985.1 length=82 success_rate=1.00 collisions/ep=0.50 (n=26)
update=45 global_step=92160 SPS=673 w_ev=0.332 m_ev=0.974 m_v_bias=10.2 m_adv_std=28.0830 m_kl_max=0.0175 m_ratio_max=0.576 w_ax@goal=+0.74 w_v@goal=10.01 return=959.4 length=81 success_rate=1.00 collisions/ep=1.08 (n=26)
Evaluation at update 45: return=1011.70, length=78.50, success_rate=1.00, collisions/ep=0.00
Solved-check at update 45: solved=False worst_gap=51.42 at p_x0=0.00 p_y0=1.00 (consecutive=0)
update=46 global_step=94208 SPS=652 w_ev=0.325 m_ev=0.971 m_v_bias=-3.7 m_adv_std=29.2628 m_kl_max=0.0101 m_ratio_max=0.434 w_ax@goal=+0.75 w_v@goal=9.99 return=977.7 length=81 success_rate=1.00 collisions/ep=0.68 (n=25)
update=47 global_step=96256 SPS=657 w_ev=0.261 m_ev=0.983 m_v_bias=-3.6 m_adv_std=23.1233 m_kl_max=0.0340 m_ratio_max=1.048 w_ax@goal=+0.97 w_v@goal=9.99 return=980.9 length=83 success_rate=1.00 collisions/ep=0.67 (n=24)
update=48 global_step=98304 SPS=663 w_ev=0.207 m_ev=0.874 m_v_bias=15.9 m_adv_std=63.1798 m_kl_max=0.0186 m_ratio_max=0.687 w_ax@goal=+0.83 w_v@goal=10.06 return=939.6 length=82 success_rate=1.00 collisions/ep=1.54 (n=24)
update=49 global_step=100352 SPS=668 w_ev=0.288 m_ev=0.909 m_v_bias=7.4 m_adv_std=54.6750 m_kl_max=0.0261 m_ratio_max=0.761 w_ax@goal=+0.80 w_v@goal=9.79 return=966.6 length=83 success_rate=1.00 collisions/ep=1.08 (n=24)
update=50 global_step=102400 SPS=674 w_ev=0.351 m_ev=0.966 m_v_bias=-10.2 m_adv_std=32.5191 m_kl_max=0.0275 m_ratio_max=0.640 w_ax@goal=+0.93 w_v@goal=9.99 return=937.7 length=82 success_rate=1.00 collisions/ep=1.56 (n=25)
Evaluation at update 50: return=1011.62, length=78.60, success_rate=1.00, collisions/ep=0.00
Solved-check at update 50: solved=False worst_gap=51.51 at p_x0=0.00 p_y0=1.00 (consecutive=0)
update=51 global_step=104448 SPS=655 w_ev=0.388 m_ev=0.971 m_v_bias=2.0 m_adv_std=30.8102 m_kl_max=0.0142 m_ratio_max=0.562 w_ax@goal=+0.89 w_v@goal=10.03 return=966.0 length=80 success_rate=1.00 collisions/ep=0.96 (n=26)
update=52 global_step=106496 SPS=660 w_ev=0.351 m_ev=0.970 m_v_bias=0.8 m_adv_std=32.7904 m_kl_max=0.0124 m_ratio_max=0.534 w_ax@goal=+1.11 w_v@goal=10.13 return=955.0 length=82 success_rate=1.00 collisions/ep=1.15 (n=27)
update=53 global_step=108544 SPS=665 w_ev=0.385 m_ev=0.973 m_v_bias=-8.6 m_adv_std=29.4362 m_kl_max=0.0057 m_ratio_max=0.359 w_ax@goal=+1.07 w_v@goal=10.05 return=962.2 length=79 success_rate=1.00 collisions/ep=1.00 (n=25)
update=54 global_step=110592 SPS=669 w_ev=0.393 m_ev=0.962 m_v_bias=-0.1 m_adv_std=33.2808 m_kl_max=0.0088 m_ratio_max=0.503 w_ax@goal=+1.07 w_v@goal=10.11 return=965.5 length=79 success_rate=1.00 collisions/ep=1.00 (n=24)
update=55 global_step=112640 SPS=674 w_ev=0.350 m_ev=0.965 m_v_bias=-1.9 m_adv_std=31.8072 m_kl_max=0.0145 m_ratio_max=0.459 w_ax@goal=+1.20 w_v@goal=10.13 return=986.1 length=78 success_rate=1.00 collisions/ep=0.54 (n=26)
Evaluation at update 55: return=1012.07, length=78.00, success_rate=1.00, collisions/ep=0.00
Solved-check at update 55: solved=False worst_gap=50.96 at p_x0=0.00 p_y0=1.00 (consecutive=0)
update=56 global_step=114688 SPS=659 w_ev=0.447 m_ev=0.979 m_v_bias=-0.5 m_adv_std=25.4639 m_kl_max=0.0163 m_ratio_max=0.583 w_ax@goal=+1.12 w_v@goal=10.12 return=959.4 length=80 success_rate=1.00 collisions/ep=1.15 (n=27)
update=57 global_step=116736 SPS=663 w_ev=0.438 m_ev=0.957 m_v_bias=4.1 m_adv_std=37.0493 m_kl_max=0.0172 m_ratio_max=0.643 w_ax@goal=+1.04 w_v@goal=10.11 return=968.9 length=80 success_rate=1.00 collisions/ep=0.89 (n=27)
update=58 global_step=118784 SPS=667 w_ev=0.392 m_ev=0.944 m_v_bias=4.2 m_adv_std=42.0032 m_kl_max=0.0091 m_ratio_max=0.635 w_ax@goal=+1.05 w_v@goal=9.99 return=962.8 length=79 success_rate=1.00 collisions/ep=1.00 (n=25)
update=59 global_step=120832 SPS=671 w_ev=0.522 m_ev=0.969 m_v_bias=-5.3 m_adv_std=30.9506 m_kl_max=0.0221 m_ratio_max=0.938 w_ax@goal=+1.21 w_v@goal=10.00 return=971.7 length=81 success_rate=1.00 collisions/ep=0.88 (n=25)
update=60 global_step=122880 SPS=675 w_ev=0.345 m_ev=0.957 m_v_bias=-3.2 m_adv_std=37.6023 m_kl_max=0.0356 m_ratio_max=0.667 w_ax@goal=+1.21 w_v@goal=10.11 return=961.3 length=77 success_rate=1.00 collisions/ep=1.12 (n=26)
Evaluation at update 60: return=1012.19, length=77.90, success_rate=1.00, collisions/ep=0.00
Solved-check at update 60: solved=True worst_gap=1.00 at p_x0=0.00 p_y0=1.00 (consecutive=0)
update=61 global_step=124928 SPS=661 w_ev=0.475 m_ev=0.983 m_v_bias=-8.2 m_adv_std=22.4694 m_kl_max=0.0103 m_ratio_max=0.427 w_ax@goal=+1.17 w_v@goal=10.19 return=995.0 length=79 success_rate=1.00 collisions/ep=0.33 (n=27)
update=62 global_step=126976 SPS=664 w_ev=0.330 m_ev=0.954 m_v_bias=5.8 m_adv_std=38.5692 m_kl_max=0.0189 m_ratio_max=0.606 w_ax@goal=+1.20 w_v@goal=10.16 return=959.9 length=79 success_rate=1.00 collisions/ep=1.08 (n=24)
update=63 global_step=129024 SPS=669 w_ev=0.506 m_ev=0.964 m_v_bias=-4.8 m_adv_std=33.1747 m_kl_max=0.0217 m_ratio_max=0.768 w_ax@goal=+1.14 w_v@goal=10.16 return=987.0 length=80 success_rate=1.00 collisions/ep=0.65 (n=26)
update=64 global_step=131072 SPS=673 w_ev=0.604 m_ev=0.977 m_v_bias=-3.1 m_adv_std=25.0222 m_kl_max=0.0114 m_ratio_max=1.025 w_ax@goal=+1.19 w_v@goal=10.17 return=984.0 length=80 success_rate=1.00 collisions/ep=0.68 (n=25)
update=65 global_step=133120 SPS=676 w_ev=0.533 m_ev=0.983 m_v_bias=3.0 m_adv_std=22.9515 m_kl_max=0.0101 m_ratio_max=0.461 w_ax@goal=+1.17 w_v@goal=10.13 return=981.5 length=79 success_rate=1.00 collisions/ep=0.71 (n=28)
Evaluation at update 65: return=1012.31, length=77.80, success_rate=1.00, collisions/ep=0.00
Solved-check at update 65: solved=True worst_gap=0.86 at p_x0=0.00 p_y0=1.00 (consecutive=1)
update=66 global_step=135168 SPS=661 w_ev=0.556 m_ev=0.990 m_v_bias=-4.1 m_adv_std=17.2522 m_kl_max=0.0159 m_ratio_max=0.779 w_ax@goal=+1.22 w_v@goal=10.19 return=999.9 length=80 success_rate=1.00 collisions/ep=0.27 (n=26)
update=67 global_step=137216 SPS=665 w_ev=0.464 m_ev=0.982 m_v_bias=-0.2 m_adv_std=22.3223 m_kl_max=0.0130 m_ratio_max=0.484 w_ax@goal=+0.89 w_v@goal=10.21 return=989.0 length=81 success_rate=1.00 collisions/ep=0.50 (n=24)
update=68 global_step=139264 SPS=669 w_ev=0.563 m_ev=0.984 m_v_bias=-0.7 m_adv_std=21.5978 m_kl_max=0.0172 m_ratio_max=0.494 w_ax@goal=+1.22 w_v@goal=10.16 return=989.3 length=78 success_rate=1.00 collisions/ep=0.44 (n=27)
update=69 global_step=141312 SPS=672 w_ev=0.702 m_ev=0.990 m_v_bias=-4.1 m_adv_std=17.1551 m_kl_max=0.0126 m_ratio_max=0.535 w_ax@goal=+1.07 w_v@goal=10.19 return=1000.7 length=80 success_rate=1.00 collisions/ep=0.27 (n=26)
update=70 global_step=143360 SPS=675 w_ev=0.817 m_ev=0.989 m_v_bias=2.8 m_adv_std=17.3406 m_kl_max=0.0108 m_ratio_max=0.512 w_ax@goal=+1.21 w_v@goal=10.17 return=989.6 length=81 success_rate=1.00 collisions/ep=0.50 (n=24)
Evaluation at update 70: return=1012.48, length=77.70, success_rate=1.00, collisions/ep=0.00
Solved-check at update 70: solved=True worst_gap=0.68 at p_x0=0.00 p_y0=-1.00 (consecutive=2)
update=71 global_step=145408 SPS=660 w_ev=0.743 m_ev=0.976 m_v_bias=6.0 m_adv_std=27.0196 m_kl_max=0.0059 m_ratio_max=0.455 w_ax@goal=+1.13 w_v@goal=10.16 return=980.5 length=78 success_rate=1.00 collisions/ep=0.70 (n=27)
update=72 global_step=147456 SPS=663 w_ev=0.742 m_ev=0.977 m_v_bias=-2.1 m_adv_std=25.5153 m_kl_max=0.0192 m_ratio_max=0.482 w_ax@goal=+1.12 w_v@goal=10.16 return=978.6 length=80 success_rate=1.00 collisions/ep=0.68 (n=25)
update=73 global_step=149504 SPS=667 w_ev=0.781 m_ev=0.987 m_v_bias=-6.3 m_adv_std=19.8290 m_kl_max=0.0145 m_ratio_max=0.519 w_ax@goal=+1.02 w_v@goal=10.15 return=993.2 length=79 success_rate=1.00 collisions/ep=0.37 (n=27)
update=74 global_step=151552 SPS=670 w_ev=0.748 m_ev=0.990 m_v_bias=-4.1 m_adv_std=16.9597 m_kl_max=0.0148 m_ratio_max=0.774 w_ax@goal=+1.24 w_v@goal=10.20 return=996.4 length=80 success_rate=1.00 collisions/ep=0.32 (n=25)
update=75 global_step=153600 SPS=674 w_ev=0.689 m_ev=0.990 m_v_bias=-1.6 m_adv_std=16.9226 m_kl_max=0.0138 m_ratio_max=0.435 w_ax@goal=+1.10 w_v@goal=10.16 return=1002.0 length=81 success_rate=1.00 collisions/ep=0.25 (n=24)
Evaluation at update 75: return=1012.46, length=77.75, success_rate=1.00, collisions/ep=0.00
Solved-check at update 75: solved=True worst_gap=0.72 at p_x0=0.00 p_y0=-1.00 (consecutive=3)
update=76 global_step=155648 SPS=662 w_ev=0.673 m_ev=0.995 m_v_bias=-2.6 m_adv_std=11.1692 m_kl_max=0.0068 m_ratio_max=0.432 w_ax@goal=+1.14 w_v@goal=10.19 return=1002.9 length=80 success_rate=1.00 collisions/ep=0.27 (n=26)
update=77 global_step=157696 SPS=666 w_ev=0.755 m_ev=0.992 m_v_bias=2.8 m_adv_std=14.7851 m_kl_max=0.0168 m_ratio_max=0.778 w_ax@goal=+1.19 w_v@goal=10.20 return=1001.3 length=79 success_rate=1.00 collisions/ep=0.26 (n=27)
update=78 global_step=159744 SPS=669 w_ev=0.690 m_ev=0.987 m_v_bias=7.4 m_adv_std=19.4223 m_kl_max=0.0097 m_ratio_max=0.457 w_ax@goal=+1.09 w_v@goal=10.13 return=995.6 length=79 success_rate=1.00 collisions/ep=0.32 (n=25)
update=79 global_step=161792 SPS=672 w_ev=0.738 m_ev=0.976 m_v_bias=-3.0 m_adv_std=25.4130 m_kl_max=0.0301 m_ratio_max=0.706 w_ax@goal=+0.99 w_v@goal=10.12 return=987.1 length=79 success_rate=1.00 collisions/ep=0.58 (n=26)
update=80 global_step=163840 SPS=675 w_ev=0.641 m_ev=0.986 m_v_bias=-2.4 m_adv_std=20.0358 m_kl_max=0.0079 m_ratio_max=0.452 w_ax@goal=+0.98 w_v@goal=10.12 return=994.5 length=80 success_rate=1.00 collisions/ep=0.36 (n=25)
Evaluation at update 80: return=1012.60, length=77.60, success_rate=1.00, collisions/ep=0.00
Solved-check at update 80: solved=True worst_gap=0.55 at p_x0=0.00 p_y0=-1.00 (consecutive=4)
update=81 global_step=165888 SPS=664 w_ev=0.774 m_ev=0.992 m_v_bias=-2.7 m_adv_std=15.1356 m_kl_max=0.0096 m_ratio_max=0.691 w_ax@goal=+1.11 w_v@goal=10.19 return=996.4 length=81 success_rate=1.00 collisions/ep=0.31 (n=26)
update=82 global_step=167936 SPS=666 w_ev=0.786 m_ev=0.976 m_v_bias=4.1 m_adv_std=25.6810 m_kl_max=0.0120 m_ratio_max=0.423 w_ax@goal=+0.92 w_v@goal=10.14 return=1001.7 length=79 success_rate=1.00 collisions/ep=0.20 (n=25)
update=83 global_step=169984 SPS=670 w_ev=0.815 m_ev=0.994 m_v_bias=-6.1 m_adv_std=12.4965 m_kl_max=0.0212 m_ratio_max=1.161 w_ax@goal=+0.96 w_v@goal=10.16 return=993.5 length=78 success_rate=1.00 collisions/ep=0.37 (n=27)
update=84 global_step=172032 SPS=673 w_ev=0.813 m_ev=0.995 m_v_bias=-3.8 m_adv_std=12.3407 m_kl_max=0.0468 m_ratio_max=1.257 w_ax@goal=+1.04 w_v@goal=10.20 return=1005.1 length=79 success_rate=1.00 collisions/ep=0.14 (n=28)
update=85 global_step=174080 SPS=675 w_ev=0.787 m_ev=0.986 m_v_bias=3.9 m_adv_std=20.2985 m_kl_max=0.0142 m_ratio_max=0.669 w_ax@goal=+1.19 w_v@goal=10.23 return=986.4 length=79 success_rate=1.00 collisions/ep=0.56 (n=25)
Evaluation at update 85: return=1012.59, length=77.60, success_rate=1.00, collisions/ep=0.00
Solved-check at update 85: solved=True worst_gap=0.55 at p_x0=0.00 p_y0=-1.00 (consecutive=5)
update=86 global_step=176128 SPS=665 w_ev=0.766 m_ev=0.958 m_v_bias=2.5 m_adv_std=34.9830 m_kl_max=0.0250 m_ratio_max=0.664 w_ax@goal=+1.12 w_v@goal=10.22 return=985.4 length=79 success_rate=1.00 collisions/ep=0.54 (n=24)
update=87 global_step=178176 SPS=668 w_ev=0.835 m_ev=0.975 m_v_bias=0.0 m_adv_std=26.4774 m_kl_max=0.0360 m_ratio_max=1.711 w_ax@goal=+1.35 w_v@goal=10.25 return=987.9 length=80 success_rate=1.00 collisions/ep=0.50 (n=24)
update=88 global_step=180224 SPS=670 w_ev=0.888 m_ev=0.983 m_v_bias=0.8 m_adv_std=22.9989 m_kl_max=0.0327 m_ratio_max=1.054 w_ax@goal=+1.20 w_v@goal=10.23 return=992.4 length=78 success_rate=1.00 collisions/ep=0.43 (n=30)
update=89 global_step=182272 SPS=673 w_ev=0.696 m_ev=0.958 m_v_bias=-1.1 m_adv_std=36.0045 m_kl_max=0.0088 m_ratio_max=0.599 w_ax@goal=+1.18 w_v@goal=10.22 return=1004.6 length=80 success_rate=1.00 collisions/ep=0.19 (n=26)
update=90 global_step=184320 SPS=676 w_ev=0.906 m_ev=0.995 m_v_bias=-3.5 m_adv_std=11.7902 m_kl_max=0.0205 m_ratio_max=0.780 w_ax@goal=+1.15 w_v@goal=10.23 return=985.8 length=80 success_rate=1.00 collisions/ep=0.58 (n=24)
Evaluation at update 90: return=1012.63, length=77.60, success_rate=1.00, collisions/ep=0.00
Solved-check at update 90: solved=False worst_gap=50.47 at p_x0=0.00 p_y0=1.00 (consecutive=6)
update=91 global_step=186368 SPS=665 w_ev=0.837 m_ev=0.987 m_v_bias=7.2 m_adv_std=18.4065 m_kl_max=0.0146 m_ratio_max=0.500 w_ax@goal=+1.32 w_v@goal=10.21 return=994.8 length=79 success_rate=1.00 collisions/ep=0.46 (n=26)
update=92 global_step=188416 SPS=668 w_ev=0.886 m_ev=0.993 m_v_bias=-6.1 m_adv_std=13.8608 m_kl_max=0.0118 m_ratio_max=0.469 w_ax@goal=+1.35 w_v@goal=10.21 return=1004.1 length=77 success_rate=1.00 collisions/ep=0.24 (n=25)
update=93 global_step=190464 SPS=671 w_ev=0.836 m_ev=0.981 m_v_bias=4.5 m_adv_std=23.3935 m_kl_max=0.0164 m_ratio_max=1.122 w_ax@goal=+1.41 w_v@goal=10.20 return=991.0 length=79 success_rate=1.00 collisions/ep=0.50 (n=28)
update=94 global_step=192512 SPS=673 w_ev=0.824 m_ev=0.972 m_v_bias=0.5 m_adv_std=28.9453 m_kl_max=0.0047 m_ratio_max=0.467 w_ax@goal=+1.41 w_v@goal=10.21 return=986.3 length=78 success_rate=1.00 collisions/ep=0.56 (n=25)
update=95 global_step=194560 SPS=676 w_ev=0.840 m_ev=0.696 m_v_bias=23.0 m_adv_std=100.3846 m_kl_max=0.0089 m_ratio_max=0.638 w_ax@goal=+1.25 w_v@goal=10.19 return=986.8 length=82 success_rate=1.00 collisions/ep=0.56 (n=25)
Evaluation at update 95: return=1012.76, length=77.40, success_rate=1.00, collisions/ep=0.00
Solved-check at update 95: solved=False worst_gap=50.32 at p_x0=0.00 p_y0=1.00 (consecutive=0)
update=96 global_step=196608 SPS=667 w_ev=0.888 m_ev=0.977 m_v_bias=-13.4 m_adv_std=24.6456 m_kl_max=0.0074 m_ratio_max=0.431 w_ax@goal=+1.54 w_v@goal=10.15 return=1002.7 length=80 success_rate=1.00 collisions/ep=0.20 (n=25)
update=97 global_step=198656 SPS=669 w_ev=0.883 m_ev=0.984 m_v_bias=-0.3 m_adv_std=21.7536 m_kl_max=0.0136 m_ratio_max=0.599 w_ax@goal=+1.45 w_v@goal=10.20 return=991.4 length=79 success_rate=1.00 collisions/ep=0.57 (n=28)
update=98 global_step=200704 SPS=672 w_ev=0.911 m_ev=0.988 m_v_bias=-3.4 m_adv_std=18.7212 m_kl_max=0.0072 m_ratio_max=0.475 w_ax@goal=+1.40 w_v@goal=10.22 return=997.1 length=78 success_rate=1.00 collisions/ep=0.31 (n=26)
update=99 global_step=202752 SPS=675 w_ev=0.885 m_ev=0.975 m_v_bias=5.9 m_adv_std=26.8962 m_kl_max=0.0069 m_ratio_max=0.471 w_ax@goal=+1.43 w_v@goal=10.16 return=992.5 length=78 success_rate=1.00 collisions/ep=0.40 (n=25)
update=100 global_step=204800 SPS=677 w_ev=0.952 m_ev=0.989 m_v_bias=-2.7 m_adv_std=17.7391 m_kl_max=0.0325 m_ratio_max=1.180 w_ax@goal=+1.35 w_v@goal=10.21 return=995.5 length=80 success_rate=1.00 collisions/ep=0.42 (n=26)
Evaluation at update 100: return=1012.76, length=77.35, success_rate=1.00, collisions/ep=0.00
Solved-check at update 100: solved=True worst_gap=0.32 at p_x0=0.00 p_y0=-1.00 (consecutive=0)
update=101 global_step=206848 SPS=668 w_ev=0.907 m_ev=0.990 m_v_bias=-1.9 m_adv_std=16.4187 m_kl_max=0.0274 m_ratio_max=0.857 w_ax@goal=+1.37 w_v@goal=10.18 return=1001.4 length=78 success_rate=1.00 collisions/ep=0.22 (n=27)
update=102 global_step=208896 SPS=670 w_ev=0.801 m_ev=0.983 m_v_bias=-0.5 m_adv_std=22.5742 m_kl_max=0.0196 m_ratio_max=0.525 w_ax@goal=+1.37 w_v@goal=10.20 return=995.6 length=78 success_rate=1.00 collisions/ep=0.35 (n=26)
update=103 global_step=210944 SPS=673 w_ev=0.843 m_ev=0.991 m_v_bias=-0.7 m_adv_std=15.9105 m_kl_max=0.0065 m_ratio_max=0.362 w_ax@goal=+1.36 w_v@goal=10.18 return=999.4 length=79 success_rate=1.00 collisions/ep=0.27 (n=26)
update=104 global_step=212992 SPS=675 w_ev=0.846 m_ev=0.988 m_v_bias=3.9 m_adv_std=18.4082 m_kl_max=0.0153 m_ratio_max=0.478 w_ax@goal=+1.39 w_v@goal=10.19 return=995.4 length=79 success_rate=1.00 collisions/ep=0.38 (n=26)
update=105 global_step=215040 SPS=678 w_ev=0.897 m_ev=0.989 m_v_bias=-3.2 m_adv_std=17.5970 m_kl_max=0.0036 m_ratio_max=0.315 w_ax@goal=+1.50 w_v@goal=10.18 return=1002.6 length=78 success_rate=1.00 collisions/ep=0.20 (n=25)
Evaluation at update 105: return=1012.77, length=77.25, success_rate=1.00, collisions/ep=0.00
Solved-check at update 105: solved=True worst_gap=0.31 at p_x0=0.00 p_y0=-1.00 (consecutive=1)
update=106 global_step=217088 SPS=669 w_ev=0.867 m_ev=0.976 m_v_bias=5.4 m_adv_std=26.5958 m_kl_max=0.0207 m_ratio_max=0.850 w_ax@goal=+1.33 w_v@goal=10.17 return=990.9 length=80 success_rate=1.00 collisions/ep=0.44 (n=25)
update=107 global_step=219136 SPS=671 w_ev=0.921 m_ev=0.992 m_v_bias=-5.8 m_adv_std=14.6608 m_kl_max=0.0208 m_ratio_max=0.527 w_ax@goal=+1.41 w_v@goal=10.18 return=1005.8 length=78 success_rate=1.00 collisions/ep=0.14 (n=29)
update=108 global_step=221184 SPS=673 w_ev=0.873 m_ev=0.978 m_v_bias=7.9 m_adv_std=25.2888 m_kl_max=0.0151 m_ratio_max=0.552 w_ax@goal=+1.47 w_v@goal=10.19 return=982.8 length=79 success_rate=1.00 collisions/ep=0.64 (n=25)
update=109 global_step=223232 SPS=676 w_ev=0.936 m_ev=0.999 m_v_bias=-8.3 m_adv_std=6.2149 m_kl_max=0.0072 m_ratio_max=0.346 w_ax@goal=+1.53 w_v@goal=10.19 return=1012.7 length=77 success_rate=1.00 collisions/ep=0.04 (n=25)
update=110 global_step=225280 SPS=678 w_ev=0.931 m_ev=0.988 m_v_bias=3.3 m_adv_std=17.7072 m_kl_max=0.0290 m_ratio_max=0.744 w_ax@goal=+1.39 w_v@goal=10.20 return=1003.6 length=78 success_rate=1.00 collisions/ep=0.25 (n=28)
Evaluation at update 110: return=1012.76, length=77.40, success_rate=1.00, collisions/ep=0.00
Solved-check at update 110: solved=False worst_gap=50.32 at p_x0=0.00 p_y0=1.00 (consecutive=2)
update=111 global_step=227328 SPS=669 w_ev=0.959 m_ev=0.996 m_v_bias=-2.3 m_adv_std=10.0920 m_kl_max=0.0094 m_ratio_max=0.517 w_ax@goal=+1.52 w_v@goal=10.20 return=1009.1 length=79 success_rate=1.00 collisions/ep=0.12 (n=26)
update=112 global_step=229376 SPS=671 w_ev=0.952 m_ev=0.996 m_v_bias=-0.5 m_adv_std=10.7001 m_kl_max=0.0148 m_ratio_max=0.791 w_ax@goal=+1.19 w_v@goal=10.18 return=1004.8 length=80 success_rate=1.00 collisions/ep=0.21 (n=24)
update=113 global_step=231424 SPS=674 w_ev=0.924 m_ev=0.985 m_v_bias=3.3 m_adv_std=20.7204 m_kl_max=0.0187 m_ratio_max=0.496 w_ax@goal=+1.41 w_v@goal=10.18 return=1000.6 length=79 success_rate=1.00 collisions/ep=0.25 (n=28)
update=114 global_step=233472 SPS=676 w_ev=0.947 m_ev=0.996 m_v_bias=-3.4 m_adv_std=11.1435 m_kl_max=0.0166 m_ratio_max=0.565 w_ax@goal=+1.21 w_v@goal=10.18 return=1005.0 length=81 success_rate=1.00 collisions/ep=0.17 (n=24)
update=115 global_step=235520 SPS=678 w_ev=0.966 m_ev=0.999 m_v_bias=-3.3 m_adv_std=5.9490 m_kl_max=0.0075 m_ratio_max=0.470 w_ax@goal=+1.30 w_v@goal=10.20 return=1011.0 length=79 success_rate=1.00 collisions/ep=0.04 (n=26)
Evaluation at update 115: return=1012.85, length=77.15, success_rate=1.00, collisions/ep=0.00
Solved-check at update 115: solved=True worst_gap=0.18 at p_x0=0.00 p_y0=-1.00 (consecutive=0)
update=116 global_step=237568 SPS=670 w_ev=0.925 m_ev=0.978 m_v_bias=7.3 m_adv_std=24.8080 m_kl_max=0.0115 m_ratio_max=0.629 w_ax@goal=+1.28 w_v@goal=10.16 return=995.4 length=78 success_rate=1.00 collisions/ep=0.46 (n=26)
update=117 global_step=239616 SPS=672 w_ev=0.931 m_ev=0.998 m_v_bias=-4.4 m_adv_std=7.9860 m_kl_max=0.0048 m_ratio_max=0.487 w_ax@goal=+1.06 w_v@goal=10.20 return=1007.5 length=80 success_rate=1.00 collisions/ep=0.12 (n=26)
update=118 global_step=241664 SPS=674 w_ev=0.832 m_ev=0.977 m_v_bias=1.2 m_adv_std=25.6469 m_kl_max=0.0201 m_ratio_max=1.228 w_ax@goal=+0.96 w_v@goal=10.15 return=1012.3 length=78 success_rate=1.00 collisions/ep=0.00 (n=27)
update=119 global_step=243712 SPS=677 w_ev=0.937 m_ev=0.993 m_v_bias=1.0 m_adv_std=13.7411 m_kl_max=0.0162 m_ratio_max=0.753 w_ax@goal=+1.05 w_v@goal=10.15 return=991.5 length=78 success_rate=1.00 collisions/ep=0.42 (n=26)
update=120 global_step=245760 SPS=679 w_ev=0.954 m_ev=0.997 m_v_bias=-5.1 m_adv_std=8.6407 m_kl_max=0.0145 m_ratio_max=0.481 w_ax@goal=+1.16 w_v@goal=10.24 return=1007.2 length=78 success_rate=1.00 collisions/ep=0.11 (n=27)
Evaluation at update 120: return=1012.83, length=77.15, success_rate=1.00, collisions/ep=0.00
Solved-check at update 120: solved=True worst_gap=0.20 at p_x0=0.00 p_y0=1.00 (consecutive=1)
update=121 global_step=247808 SPS=671 w_ev=0.958 m_ev=0.996 m_v_bias=0.4 m_adv_std=10.6223 m_kl_max=0.0094 m_ratio_max=0.656 w_ax@goal=+1.11 w_v@goal=10.19 return=1005.4 length=80 success_rate=1.00 collisions/ep=0.19 (n=26)
update=122 global_step=249856 SPS=673 w_ev=0.883 m_ev=0.992 m_v_bias=0.5 m_adv_std=14.6234 m_kl_max=0.0062 m_ratio_max=0.435 w_ax@goal=+1.14 w_v@goal=10.17 return=1003.2 length=80 success_rate=1.00 collisions/ep=0.24 (n=25)
update=123 global_step=251904 SPS=675 w_ev=0.927 m_ev=0.989 m_v_bias=2.6 m_adv_std=17.2814 m_kl_max=0.0212 m_ratio_max=0.673 w_ax@goal=+1.26 w_v@goal=10.15 return=997.8 length=80 success_rate=1.00 collisions/ep=0.31 (n=26)
update=124 global_step=253952 SPS=677 w_ev=0.948 m_ev=0.998 m_v_bias=-5.9 m_adv_std=6.9650 m_kl_max=0.0099 m_ratio_max=0.486 w_ax@goal=+1.15 w_v@goal=10.18 return=1011.1 length=80 success_rate=1.00 collisions/ep=0.04 (n=24)
update=125 global_step=256000 SPS=680 w_ev=0.903 m_ev=0.967 m_v_bias=5.5 m_adv_std=29.8621 m_kl_max=0.0280 m_ratio_max=1.580 w_ax@goal=+1.42 w_v@goal=10.20 return=1001.3 length=77 success_rate=1.00 collisions/ep=0.27 (n=26)
Evaluation at update 125: return=1012.83, length=77.15, success_rate=1.00, collisions/ep=0.00
Solved-check at update 125: solved=True worst_gap=0.21 at p_x0=0.00 p_y0=1.00 (consecutive=2)
update=126 global_step=258048 SPS=672 w_ev=0.920 m_ev=0.999 m_v_bias=-6.0 m_adv_std=6.5285 m_kl_max=0.0203 m_ratio_max=0.740 w_ax@goal=+1.32 w_v@goal=10.17 return=1006.1 length=80 success_rate=1.00 collisions/ep=0.14 (n=28)
update=127 global_step=260096 SPS=674 w_ev=0.937 m_ev=0.996 m_v_bias=-0.9 m_adv_std=11.0703 m_kl_max=0.0255 m_ratio_max=0.993 w_ax@goal=+1.24 w_v@goal=10.18 return=1003.7 length=80 success_rate=1.00 collisions/ep=0.19 (n=26)
update=128 global_step=262144 SPS=676 w_ev=0.967 m_ev=1.000 m_v_bias=-2.4 m_adv_std=3.1065 m_kl_max=0.0050 m_ratio_max=0.368 w_ax@goal=+1.25 w_v@goal=10.23 return=1012.8 length=78 success_rate=1.00 collisions/ep=0.00 (n=25)
update=129 global_step=264192 SPS=678 w_ev=0.875 m_ev=0.992 m_v_bias=2.2 m_adv_std=14.8055 m_kl_max=0.0150 m_ratio_max=0.763 w_ax@goal=+1.23 w_v@goal=10.21 return=1013.3 length=80 success_rate=1.00 collisions/ep=0.00 (n=25)
update=130 global_step=266240 SPS=680 w_ev=0.862 m_ev=0.980 m_v_bias=2.1 m_adv_std=24.3012 m_kl_max=0.0301 m_ratio_max=1.336 w_ax@goal=+1.30 w_v@goal=10.24 return=1001.4 length=78 success_rate=1.00 collisions/ep=0.23 (n=26)
Evaluation at update 130: return=1012.88, length=77.15, success_rate=1.00, collisions/ep=0.00
Solved-check at update 130: solved=True worst_gap=0.17 at p_x0=0.00 p_y0=-1.00 (consecutive=3)
update=131 global_step=268288 SPS=672 w_ev=0.962 m_ev=0.997 m_v_bias=-6.7 m_adv_std=9.2690 m_kl_max=0.0063 m_ratio_max=0.535 w_ax@goal=+1.30 w_v@goal=10.24 return=998.0 length=77 success_rate=1.00 collisions/ep=0.30 (n=27)
update=132 global_step=270336 SPS=674 w_ev=0.943 m_ev=0.992 m_v_bias=3.3 m_adv_std=14.2345 m_kl_max=0.0114 m_ratio_max=0.427 w_ax@goal=+1.35 w_v@goal=10.23 return=1005.2 length=80 success_rate=1.00 collisions/ep=0.16 (n=25)
update=133 global_step=272384 SPS=676 w_ev=0.948 m_ev=0.994 m_v_bias=-0.8 m_adv_std=13.0176 m_kl_max=0.0119 m_ratio_max=0.537 w_ax@goal=+1.52 w_v@goal=10.20 return=1005.8 length=79 success_rate=1.00 collisions/ep=0.22 (n=27)
update=134 global_step=274432 SPS=678 w_ev=0.952 m_ev=0.993 m_v_bias=-1.8 m_adv_std=13.2188 m_kl_max=0.0059 m_ratio_max=0.375 w_ax@goal=+1.46 w_v@goal=10.23 return=1007.8 length=80 success_rate=1.00 collisions/ep=0.15 (n=27)
update=135 global_step=276480 SPS=679 w_ev=0.943 m_ev=0.991 m_v_bias=0.6 m_adv_std=15.1887 m_kl_max=0.0145 m_ratio_max=0.779 w_ax@goal=+1.33 w_v@goal=10.18 return=1002.9 length=78 success_rate=1.00 collisions/ep=0.20 (n=25)
Evaluation at update 135: return=1012.95, length=77.15, success_rate=1.00, collisions/ep=0.00
Solved-check at update 135: solved=True worst_gap=0.10 at p_x0=0.00 p_y0=-1.00 (consecutive=4)
update=136 global_step=278528 SPS=672 w_ev=0.970 m_ev=0.998 m_v_bias=-2.3 m_adv_std=7.3994 m_kl_max=0.0197 m_ratio_max=1.365 w_ax@goal=+1.34 w_v@goal=10.22 return=1011.2 length=78 success_rate=1.00 collisions/ep=0.07 (n=27)
update=137 global_step=280576 SPS=674 w_ev=0.951 m_ev=1.000 m_v_bias=0.2 m_adv_std=2.9882 m_kl_max=0.0158 m_ratio_max=0.772 w_ax@goal=+1.28 w_v@goal=10.22 return=1012.7 length=77 success_rate=1.00 collisions/ep=0.00 (n=26)
update=138 global_step=282624 SPS=676 w_ev=0.947 m_ev=0.992 m_v_bias=4.2 m_adv_std=15.0630 m_kl_max=0.0069 m_ratio_max=0.377 w_ax@goal=+1.17 w_v@goal=10.16 return=1003.6 length=77 success_rate=1.00 collisions/ep=0.21 (n=28)
update=139 global_step=284672 SPS=678 w_ev=0.928 m_ev=0.988 m_v_bias=-1.6 m_adv_std=18.1140 m_kl_max=0.0073 m_ratio_max=0.466 w_ax@goal=+1.33 w_v@goal=10.22 return=1003.0 length=79 success_rate=1.00 collisions/ep=0.20 (n=25)
update=140 global_step=286720 SPS=679 w_ev=0.900 m_ev=0.986 m_v_bias=2.3 m_adv_std=20.0622 m_kl_max=0.0229 m_ratio_max=0.963 w_ax@goal=+1.31 w_v@goal=10.22 return=1003.2 length=79 success_rate=1.00 collisions/ep=0.20 (n=25)
Evaluation at update 140: return=1012.93, length=77.15, success_rate=1.00, collisions/ep=0.00
Solved-check at update 140: solved=True worst_gap=0.12 at p_x0=0.00 p_y0=-1.00 (consecutive=5)
update=141 global_step=288768 SPS=673 w_ev=0.920 m_ev=0.991 m_v_bias=0.1 m_adv_std=15.5614 m_kl_max=0.0190 m_ratio_max=0.640 w_ax@goal=+1.08 w_v@goal=10.25 return=1001.2 length=79 success_rate=1.00 collisions/ep=0.24 (n=25)
update=142 global_step=290816 SPS=674 w_ev=0.952 m_ev=0.998 m_v_bias=-3.9 m_adv_std=7.5145 m_kl_max=0.0112 m_ratio_max=0.654 w_ax@goal=+1.34 w_v@goal=10.22 return=1007.7 length=77 success_rate=1.00 collisions/ep=0.10 (n=29)
update=143 global_step=292864 SPS=676 w_ev=0.936 m_ev=0.990 m_v_bias=-1.5 m_adv_std=17.0536 m_kl_max=0.0161 m_ratio_max=0.749 w_ax@goal=+1.21 w_v@goal=10.22 return=1011.3 length=80 success_rate=1.00 collisions/ep=0.04 (n=25)
update=144 global_step=294912 SPS=678 w_ev=0.968 m_ev=0.996 m_v_bias=0.5 m_adv_std=9.6537 m_kl_max=0.0063 m_ratio_max=0.449 w_ax@goal=+1.39 w_v@goal=10.21 return=1000.7 length=79 success_rate=1.00 collisions/ep=0.29 (n=24)
update=145 global_step=296960 SPS=679 w_ev=0.936 m_ev=0.992 m_v_bias=1.1 m_adv_std=15.3883 m_kl_max=0.0202 m_ratio_max=1.026 w_ax@goal=+1.34 w_v@goal=10.22 return=1005.8 length=79 success_rate=1.00 collisions/ep=0.15 (n=27)
Evaluation at update 145: return=1012.94, length=77.15, success_rate=1.00, collisions/ep=0.00
Solved-check at update 145: solved=True worst_gap=0.09 at p_x0=0.00 p_y0=1.00 (consecutive=6)
update=146 global_step=299008 SPS=673 w_ev=0.980 m_ev=0.999 m_v_bias=-3.6 m_adv_std=4.1588 m_kl_max=0.0120 m_ratio_max=0.616 w_ax@goal=+1.29 w_v@goal=10.21 return=1011.0 length=78 success_rate=1.00 collisions/ep=0.04 (n=27)
update=147 global_step=301056 SPS=675 w_ev=0.938 m_ev=0.988 m_v_bias=4.0 m_adv_std=17.7004 m_kl_max=0.0200 m_ratio_max=0.600 w_ax@goal=+1.41 w_v@goal=10.19 return=1003.6 length=78 success_rate=1.00 collisions/ep=0.19 (n=26)
update=148 global_step=303104 SPS=676 w_ev=0.950 m_ev=0.996 m_v_bias=-0.5 m_adv_std=11.0516 m_kl_max=0.0209 m_ratio_max=0.470 w_ax@goal=+1.46 w_v@goal=10.21 return=1003.5 length=78 success_rate=1.00 collisions/ep=0.19 (n=26)
update=149 global_step=305152 SPS=678 w_ev=0.966 m_ev=0.998 m_v_bias=-1.0 m_adv_std=7.3261 m_kl_max=0.0056 m_ratio_max=0.508 w_ax@goal=+1.45 w_v@goal=10.24 return=1005.9 length=82 success_rate=1.00 collisions/ep=0.16 (n=25)
update=150 global_step=307200 SPS=680 w_ev=0.903 m_ev=0.980 m_v_bias=5.1 m_adv_std=24.4426 m_kl_max=0.0122 m_ratio_max=0.519 w_ax@goal=+1.39 w_v@goal=10.23 return=999.6 length=79 success_rate=1.00 collisions/ep=0.27 (n=26)
Evaluation at update 150: return=1012.91, length=77.15, success_rate=1.00, collisions/ep=0.00
Solved-check at update 150: solved=True worst_gap=0.15 at p_x0=0.00 p_y0=1.00 (consecutive=7)
update=151 global_step=309248 SPS=673 w_ev=0.903 m_ev=0.973 m_v_bias=2.1 m_adv_std=26.7839 m_kl_max=0.0109 m_ratio_max=0.652 w_ax@goal=+1.36 w_v@goal=10.23 return=993.0 length=78 success_rate=1.00 collisions/ep=0.44 (n=25)
update=152 global_step=311296 SPS=675 w_ev=0.916 m_ev=0.989 m_v_bias=-4.6 m_adv_std=17.4555 m_kl_max=0.0368 m_ratio_max=0.633 w_ax@goal=+1.28 w_v@goal=10.15 return=1007.1 length=77 success_rate=1.00 collisions/ep=0.11 (n=27)
update=153 global_step=313344 SPS=676 w_ev=0.900 m_ev=0.984 m_v_bias=3.6 m_adv_std=21.7677 m_kl_max=0.0169 m_ratio_max=0.508 w_ax@goal=+1.34 w_v@goal=10.19 return=994.7 length=79 success_rate=1.00 collisions/ep=0.37 (n=27)
update=154 global_step=315392 SPS=678 w_ev=0.970 m_ev=0.997 m_v_bias=-5.8 m_adv_std=9.6020 m_kl_max=0.0062 m_ratio_max=0.425 w_ax@goal=+1.18 w_v@goal=10.19 return=1005.5 length=78 success_rate=1.00 collisions/ep=0.15 (n=27)
update=155 global_step=317440 SPS=680 w_ev=0.904 m_ev=0.984 m_v_bias=4.4 m_adv_std=21.1958 m_kl_max=0.0105 m_ratio_max=0.603 w_ax@goal=+1.40 w_v@goal=10.18 return=998.8 length=80 success_rate=1.00 collisions/ep=0.33 (n=24)
Evaluation at update 155: return=1012.94, length=77.15, success_rate=1.00, collisions/ep=0.00
Solved-check at update 155: solved=True worst_gap=0.11 at p_x0=0.00 p_y0=1.00 (consecutive=8)
update=156 global_step=319488 SPS=674 w_ev=0.941 m_ev=0.997 m_v_bias=-3.3 m_adv_std=8.0464 m_kl_max=0.0197 m_ratio_max=0.934 w_ax@goal=+1.32 w_v@goal=10.20 return=1008.9 length=77 success_rate=1.00 collisions/ep=0.07 (n=27)
update=157 global_step=321536 SPS=675 w_ev=0.885 m_ev=0.977 m_v_bias=4.1 m_adv_std=25.2589 m_kl_max=0.0104 m_ratio_max=0.543 w_ax@goal=+1.35 w_v@goal=10.21 return=994.9 length=78 success_rate=1.00 collisions/ep=0.36 (n=25)
update=158 global_step=323584 SPS=677 w_ev=0.916 m_ev=0.986 m_v_bias=-2.0 m_adv_std=19.4380 m_kl_max=0.0134 m_ratio_max=0.636 w_ax@goal=+1.32 w_v@goal=10.23 return=1005.9 length=78 success_rate=1.00 collisions/ep=0.14 (n=28)
update=159 global_step=325632 SPS=678 w_ev=0.952 m_ev=0.995 m_v_bias=0.3 m_adv_std=11.4545 m_kl_max=0.0335 m_ratio_max=0.939 w_ax@goal=+1.36 w_v@goal=10.24 return=1005.3 length=79 success_rate=1.00 collisions/ep=0.15 (n=26)
update=160 global_step=327680 SPS=680 w_ev=0.943 m_ev=0.995 m_v_bias=0.5 m_adv_std=11.3602 m_kl_max=0.0153 m_ratio_max=0.660 w_ax@goal=+1.30 w_v@goal=10.22 return=1007.0 length=78 success_rate=1.00 collisions/ep=0.12 (n=25)
Evaluation at update 160: return=1012.96, length=77.15, success_rate=1.00, collisions/ep=0.00
Solved-check at update 160: solved=True worst_gap=0.10 at p_x0=0.00 p_y0=1.00 (consecutive=9)
update=161 global_step=329728 SPS=674 w_ev=0.951 m_ev=0.992 m_v_bias=2.4 m_adv_std=14.6875 m_kl_max=0.0307 m_ratio_max=1.340 w_ax@goal=+1.25 w_v@goal=10.20 return=1001.6 length=79 success_rate=1.00 collisions/ep=0.23 (n=26)
update=162 global_step=331776 SPS=675 w_ev=0.947 m_ev=0.991 m_v_bias=-1.1 m_adv_std=16.2673 m_kl_max=0.0222 m_ratio_max=0.625 w_ax@goal=+1.10 w_v@goal=10.22 return=998.2 length=78 success_rate=1.00 collisions/ep=0.33 (n=27)
update=163 global_step=333824 SPS=676 w_ev=0.922 m_ev=0.990 m_v_bias=-0.2 m_adv_std=16.6964 m_kl_max=0.0134 m_ratio_max=0.425 w_ax@goal=+1.15 w_v@goal=10.19 return=1000.2 length=78 success_rate=1.00 collisions/ep=0.30 (n=27)
update=164 global_step=335872 SPS=678 w_ev=0.961 m_ev=0.999 m_v_bias=-3.0 m_adv_std=6.3078 m_kl_max=0.0191 m_ratio_max=0.631 w_ax@goal=+1.23 w_v@goal=10.21 return=1011.1 length=79 success_rate=1.00 collisions/ep=0.04 (n=25)
update=165 global_step=337920 SPS=680 w_ev=0.960 m_ev=0.996 m_v_bias=-0.0 m_adv_std=10.9792 m_kl_max=0.0244 m_ratio_max=0.752 w_ax@goal=+1.26 w_v@goal=10.22 return=1009.2 length=78 success_rate=1.00 collisions/ep=0.08 (n=26)
Evaluation at update 165: return=1012.95, length=77.15, success_rate=1.00, collisions/ep=0.00
Solved-check at update 165: solved=True worst_gap=0.10 at p_x0=0.00 p_y0=1.00 (consecutive=10)
update=166 global_step=339968 SPS=674 w_ev=0.967 m_ev=0.997 m_v_bias=-0.4 m_adv_std=8.7694 m_kl_max=0.0079 m_ratio_max=0.408 w_ax@goal=+1.27 w_v@goal=10.20 return=1005.4 length=79 success_rate=1.00 collisions/ep=0.15 (n=26)
update=167 global_step=342016 SPS=676 w_ev=0.967 m_ev=0.992 m_v_bias=2.0 m_adv_std=14.0642 m_kl_max=0.0126 m_ratio_max=0.901 w_ax@goal=+1.22 w_v@goal=10.26 return=1003.1 length=78 success_rate=1.00 collisions/ep=0.28 (n=25)
update=168 global_step=344064 SPS=677 w_ev=0.969 m_ev=0.999 m_v_bias=-2.7 m_adv_std=5.8326 m_kl_max=0.0195 m_ratio_max=0.787 w_ax@goal=+1.05 w_v@goal=10.23 return=1011.3 length=78 success_rate=1.00 collisions/ep=0.07 (n=28)
update=169 global_step=346112 SPS=679 w_ev=0.980 m_ev=0.998 m_v_bias=-0.3 m_adv_std=7.2075 m_kl_max=0.0254 m_ratio_max=1.227 w_ax@goal=+1.06 w_v@goal=10.20 return=1009.3 length=79 success_rate=1.00 collisions/ep=0.08 (n=26)
update=170 global_step=348160 SPS=680 w_ev=0.958 m_ev=0.994 m_v_bias=4.2 m_adv_std=13.0035 m_kl_max=0.0076 m_ratio_max=0.885 w_ax@goal=+1.12 w_v@goal=10.19 return=1005.1 length=79 success_rate=1.00 collisions/ep=0.16 (n=25)
Evaluation at update 170: return=1012.90, length=77.20, success_rate=1.00, collisions/ep=0.00
Solved-check at update 170: solved=True worst_gap=0.22 at p_x0=0.00 p_y0=1.00 (consecutive=11)
update=171 global_step=350208 SPS=674 w_ev=0.972 m_ev=0.996 m_v_bias=-3.3 m_adv_std=10.7286 m_kl_max=0.0178 m_ratio_max=0.656 w_ax@goal=+1.25 w_v@goal=10.19 return=1003.4 length=77 success_rate=1.00 collisions/ep=0.19 (n=27)
update=172 global_step=352256 SPS=676 w_ev=0.959 m_ev=1.000 m_v_bias=-1.7 m_adv_std=2.9009 m_kl_max=0.0090 m_ratio_max=0.553 w_ax@goal=+1.22 w_v@goal=10.20 return=1013.3 length=80 success_rate=1.00 collisions/ep=0.00 (n=26)
update=173 global_step=354304 SPS=677 w_ev=0.915 m_ev=0.983 m_v_bias=3.7 m_adv_std=21.8278 m_kl_max=0.0120 m_ratio_max=0.572 w_ax@goal=+1.26 w_v@goal=10.21 return=1001.9 length=80 success_rate=1.00 collisions/ep=0.23 (n=26)
update=174 global_step=356352 SPS=679 w_ev=0.951 m_ev=0.993 m_v_bias=-0.8 m_adv_std=13.6825 m_kl_max=0.0130 m_ratio_max=0.575 w_ax@goal=+1.27 w_v@goal=10.21 return=1009.4 length=79 success_rate=1.00 collisions/ep=0.12 (n=25)
update=175 global_step=358400 SPS=680 w_ev=0.920 m_ev=0.998 m_v_bias=-2.5 m_adv_std=7.8115 m_kl_max=0.0109 m_ratio_max=0.476 w_ax@goal=+1.35 w_v@goal=10.21 return=1007.0 length=78 success_rate=1.00 collisions/ep=0.12 (n=25)
Evaluation at update 175: return=1012.95, length=77.15, success_rate=1.00, collisions/ep=0.00
Solved-check at update 175: solved=True worst_gap=0.16 at p_x0=0.00 p_y0=1.00 (consecutive=12)
update=176 global_step=360448 SPS=674 w_ev=0.959 m_ev=0.974 m_v_bias=1.1 m_adv_std=26.7030 m_kl_max=0.0016 m_ratio_max=0.293 w_ax@goal=+1.24 w_v@goal=10.22 return=996.4 length=79 success_rate=1.00 collisions/ep=0.33 (n=27)
update=177 global_step=362496 SPS=676 w_ev=0.937 m_ev=0.986 m_v_bias=1.5 m_adv_std=20.4964 m_kl_max=0.0143 m_ratio_max=0.713 w_ax@goal=+1.22 w_v@goal=10.22 return=997.8 length=80 success_rate=1.00 collisions/ep=0.31 (n=26)
update=178 global_step=364544 SPS=677 w_ev=0.956 m_ev=0.996 m_v_bias=-1.1 m_adv_std=10.2341 m_kl_max=0.0132 m_ratio_max=0.545 w_ax@goal=+1.08 w_v@goal=10.23 return=1009.0 length=78 success_rate=1.00 collisions/ep=0.08 (n=26)
update=179 global_step=366592 SPS=678 w_ev=0.966 m_ev=0.999 m_v_bias=-2.8 m_adv_std=4.2865 m_kl_max=0.0180 m_ratio_max=0.798 w_ax@goal=+1.19 w_v@goal=10.23 return=1010.8 length=78 success_rate=1.00 collisions/ep=0.04 (n=26)
update=180 global_step=368640 SPS=680 w_ev=0.912 m_ev=0.985 m_v_bias=2.8 m_adv_std=21.1964 m_kl_max=0.0785 m_ratio_max=3.913 w_ax@goal=+1.09 w_v@goal=10.20 return=1002.0 length=78 success_rate=1.00 collisions/ep=0.21 (n=28)
Evaluation at update 180: return=1012.92, length=77.30, success_rate=1.00, collisions/ep=0.00
Solved-check at update 180: solved=True worst_gap=0.27 at p_x0=0.00 p_y0=1.00 (consecutive=13)
update=181 global_step=370688 SPS=674 w_ev=0.887 m_ev=0.985 m_v_bias=0.8 m_adv_std=20.5206 m_kl_max=0.0129 m_ratio_max=0.700 w_ax@goal=+0.96 w_v@goal=10.20 return=1010.7 length=79 success_rate=1.00 collisions/ep=0.04 (n=25)
update=182 global_step=372736 SPS=676 w_ev=0.918 m_ev=0.986 m_v_bias=1.2 m_adv_std=20.0254 m_kl_max=0.0081 m_ratio_max=0.461 w_ax@goal=+0.83 w_v@goal=10.15 return=994.9 length=80 success_rate=1.00 collisions/ep=0.36 (n=25)
update=183 global_step=374784 SPS=677 w_ev=0.949 m_ev=0.998 m_v_bias=-7.1 m_adv_std=7.8326 m_kl_max=0.0187 m_ratio_max=0.626 w_ax@goal=+0.99 w_v@goal=10.18 return=1005.2 length=78 success_rate=1.00 collisions/ep=0.15 (n=27)
update=184 global_step=376832 SPS=678 w_ev=0.970 m_ev=0.996 m_v_bias=-1.6 m_adv_std=11.1074 m_kl_max=0.0163 m_ratio_max=0.547 w_ax@goal=+1.03 w_v@goal=10.21 return=1004.9 length=81 success_rate=1.00 collisions/ep=0.17 (n=24)
update=185 global_step=378880 SPS=680 w_ev=0.884 m_ev=0.980 m_v_bias=2.7 m_adv_std=24.3479 m_kl_max=0.0160 m_ratio_max=0.850 w_ax@goal=+1.01 w_v@goal=10.22 return=996.1 length=79 success_rate=1.00 collisions/ep=0.37 (n=27)
Evaluation at update 185: return=1012.89, length=77.35, success_rate=1.00, collisions/ep=0.00
Solved-check at update 185: solved=True worst_gap=0.33 at p_x0=0.00 p_y0=1.00 (consecutive=14)
update=186 global_step=380928 SPS=675 w_ev=0.956 m_ev=0.998 m_v_bias=-2.7 m_adv_std=6.9131 m_kl_max=0.0120 m_ratio_max=0.479 w_ax@goal=+0.96 w_v@goal=10.26 return=1012.7 length=78 success_rate=1.00 collisions/ep=0.00 (n=26)
update=187 global_step=382976 SPS=676 w_ev=0.955 m_ev=0.998 m_v_bias=-0.9 m_adv_std=6.7986 m_kl_max=0.0099 m_ratio_max=0.599 w_ax@goal=+0.76 w_v@goal=10.22 return=1010.9 length=79 success_rate=1.00 collisions/ep=0.04 (n=26)
update=188 global_step=385024 SPS=677 w_ev=0.948 m_ev=0.989 m_v_bias=2.8 m_adv_std=17.2091 m_kl_max=0.0239 m_ratio_max=1.268 w_ax@goal=+0.84 w_v@goal=10.21 return=1003.1 length=78 success_rate=1.00 collisions/ep=0.19 (n=26)
update=189 global_step=387072 SPS=678 w_ev=0.974 m_ev=0.998 m_v_bias=0.3 m_adv_std=6.5885 m_kl_max=0.0275 m_ratio_max=0.695 w_ax@goal=+0.63 w_v@goal=10.19 return=1012.6 length=78 success_rate=1.00 collisions/ep=0.00 (n=27)
update=190 global_step=389120 SPS=680 w_ev=0.948 m_ev=0.995 m_v_bias=2.8 m_adv_std=11.4848 m_kl_max=0.0159 m_ratio_max=0.514 w_ax@goal=+0.58 w_v@goal=10.20 return=1004.7 length=80 success_rate=1.00 collisions/ep=0.16 (n=25)
Evaluation at update 190: return=1012.93, length=77.30, success_rate=1.00, collisions/ep=0.00
Solved-check at update 190: solved=True worst_gap=0.22 at p_x0=0.00 p_y0=1.00 (consecutive=15)
update=191 global_step=391168 SPS=675 w_ev=0.964 m_ev=0.998 m_v_bias=1.0 m_adv_std=7.8754 m_kl_max=0.0468 m_ratio_max=0.751 w_ax@goal=+0.59 w_v@goal=10.20 return=1009.1 length=80 success_rate=1.00 collisions/ep=0.08 (n=26)
update=192 global_step=393216 SPS=676 w_ev=0.937 m_ev=0.987 m_v_bias=2.0 m_adv_std=18.2632 m_kl_max=0.0085 m_ratio_max=0.494 w_ax@goal=+0.84 w_v@goal=10.23 return=1003.1 length=78 success_rate=1.00 collisions/ep=0.19 (n=26)
update=193 global_step=395264 SPS=677 w_ev=0.910 m_ev=0.988 m_v_bias=1.7 m_adv_std=18.1585 m_kl_max=0.0374 m_ratio_max=0.901 w_ax@goal=+0.98 w_v@goal=10.21 return=997.5 length=79 success_rate=1.00 collisions/ep=0.31 (n=26)
update=194 global_step=397312 SPS=679 w_ev=0.935 m_ev=0.992 m_v_bias=-1.9 m_adv_std=15.1711 m_kl_max=0.0423 m_ratio_max=1.468 w_ax@goal=+1.03 w_v@goal=10.24 return=1004.9 length=77 success_rate=1.00 collisions/ep=0.15 (n=26)
update=195 global_step=399360 SPS=680 w_ev=0.933 m_ev=0.991 m_v_bias=-0.3 m_adv_std=16.0696 m_kl_max=0.0339 m_ratio_max=0.750 w_ax@goal=+1.08 w_v@goal=10.22 return=1007.4 length=79 success_rate=1.00 collisions/ep=0.11 (n=27)
Evaluation at update 195: return=1012.96, length=77.10, success_rate=1.00, collisions/ep=0.00
Solved-check at update 195: solved=True worst_gap=0.13 at p_x0=0.00 p_y0=1.00 (consecutive=16)
update=196 global_step=401408 SPS=675 w_ev=0.848 m_ev=0.961 m_v_bias=7.8 m_adv_std=34.8498 m_kl_max=0.0226 m_ratio_max=0.687 w_ax@goal=+0.97 w_v@goal=10.22 return=986.3 length=79 success_rate=1.00 collisions/ep=0.58 (n=26)
update=197 global_step=403456 SPS=676 w_ev=0.966 m_ev=0.994 m_v_bias=-6.6 m_adv_std=12.6188 m_kl_max=0.0051 m_ratio_max=0.369 w_ax@goal=+1.08 w_v@goal=10.22 return=1009.3 length=79 success_rate=1.00 collisions/ep=0.08 (n=26)
update=198 global_step=405504 SPS=678 w_ev=0.971 m_ev=0.999 m_v_bias=-3.3 m_adv_std=6.1142 m_kl_max=0.0146 m_ratio_max=0.807 w_ax@goal=+0.92 w_v@goal=10.22 return=1012.8 length=78 success_rate=1.00 collisions/ep=0.00 (n=27)
update=199 global_step=407552 SPS=679 w_ev=0.665 m_ev=0.897 m_v_bias=7.2 m_adv_std=58.2248 m_kl_max=0.0161 m_ratio_max=0.990 w_ax@goal=+0.92 w_v@goal=10.23 return=975.6 length=80 success_rate=1.00 collisions/ep=0.75 (n=24)
update=200 global_step=409600 SPS=680 w_ev=0.724 m_ev=0.938 m_v_bias=0.4 m_adv_std=43.9459 m_kl_max=0.0395 m_ratio_max=0.941 w_ax@goal=+1.15 w_v@goal=10.25 return=991.8 length=78 success_rate=1.00 collisions/ep=0.46 (n=26)
Evaluation at update 200: return=1012.94, length=77.15, success_rate=1.00, collisions/ep=0.00
Solved-check at update 200: solved=True worst_gap=0.19 at p_x0=0.00 p_y0=1.00 (consecutive=17)
update=201 global_step=411648 SPS=675 w_ev=0.931 m_ev=0.989 m_v_bias=-0.5 m_adv_std=17.2604 m_kl_max=0.0246 m_ratio_max=0.916 w_ax@goal=+1.06 w_v@goal=10.18 return=992.2 length=80 success_rate=1.00 collisions/ep=0.42 (n=26)
update=202 global_step=413696 SPS=676 w_ev=0.939 m_ev=0.988 m_v_bias=0.7 m_adv_std=18.0404 m_kl_max=0.0112 m_ratio_max=0.371 w_ax@goal=+1.10 w_v@goal=10.17 return=1005.7 length=80 success_rate=1.00 collisions/ep=0.15 (n=27)
update=203 global_step=415744 SPS=678 w_ev=0.951 m_ev=0.996 m_v_bias=-1.9 m_adv_std=10.1953 m_kl_max=0.0106 m_ratio_max=0.696 w_ax@goal=+1.16 w_v@goal=10.17 return=1006.9 length=78 success_rate=1.00 collisions/ep=0.12 (n=25)
update=204 global_step=417792 SPS=679 w_ev=0.892 m_ev=0.980 m_v_bias=0.2 m_adv_std=24.1073 m_kl_max=0.0396 m_ratio_max=1.277 w_ax@goal=+1.33 w_v@goal=10.21 return=1007.5 length=79 success_rate=1.00 collisions/ep=0.12 (n=26)
update=205 global_step=419840 SPS=680 w_ev=0.957 m_ev=0.996 m_v_bias=-1.5 m_adv_std=10.3246 m_kl_max=0.0121 m_ratio_max=0.761 w_ax@goal=+1.18 w_v@goal=10.21 return=998.3 length=79 success_rate=1.00 collisions/ep=0.30 (n=27)
Evaluation at update 205: return=1012.97, length=77.10, success_rate=1.00, collisions/ep=0.00
Solved-check at update 205: solved=True worst_gap=0.14 at p_x0=0.00 p_y0=1.00 (consecutive=18)
update=206 global_step=421888 SPS=675 w_ev=0.917 m_ev=0.986 m_v_bias=4.9 m_adv_std=20.4643 m_kl_max=0.0061 m_ratio_max=0.348 w_ax@goal=+1.31 w_v@goal=10.20 return=993.9 length=78 success_rate=1.00 collisions/ep=0.38 (n=26)
update=207 global_step=423936 SPS=677 w_ev=0.939 m_ev=0.993 m_v_bias=-3.4 m_adv_std=13.5900 m_kl_max=0.0222 m_ratio_max=0.974 w_ax@goal=+1.06 w_v@goal=10.22 return=1003.0 length=79 success_rate=1.00 collisions/ep=0.20 (n=25)
update=208 global_step=425984 SPS=678 w_ev=0.847 m_ev=0.961 m_v_bias=4.6 m_adv_std=33.7394 m_kl_max=0.0127 m_ratio_max=0.503 w_ax@goal=+1.27 w_v@goal=10.23 return=987.3 length=80 success_rate=1.00 collisions/ep=0.52 (n=25)
update=209 global_step=428032 SPS=679 w_ev=0.940 m_ev=0.992 m_v_bias=-1.7 m_adv_std=15.6058 m_kl_max=0.0137 m_ratio_max=0.565 w_ax@goal=+1.03 w_v@goal=10.19 return=1003.4 length=81 success_rate=1.00 collisions/ep=0.24 (n=25)
update=210 global_step=430080 SPS=680 w_ev=0.934 m_ev=0.998 m_v_bias=-4.9 m_adv_std=7.4414 m_kl_max=0.0066 m_ratio_max=0.370 w_ax@goal=+1.11 w_v@goal=10.20 return=1011.4 length=79 success_rate=1.00 collisions/ep=0.04 (n=28)
Evaluation at update 210: return=1012.96, length=77.15, success_rate=1.00, collisions/ep=0.00
Solved-check at update 210: solved=True worst_gap=0.18 at p_x0=0.00 p_y0=1.00 (consecutive=19)
update=211 global_step=432128 SPS=676 w_ev=0.931 m_ev=0.995 m_v_bias=0.6 m_adv_std=11.6743 m_kl_max=0.0113 m_ratio_max=0.794 w_ax@goal=+1.26 w_v@goal=10.21 return=1005.3 length=78 success_rate=1.00 collisions/ep=0.15 (n=26)
update=212 global_step=434176 SPS=677 w_ev=0.960 m_ev=0.996 m_v_bias=0.4 m_adv_std=9.7771 m_kl_max=0.0028 m_ratio_max=0.394 w_ax@goal=+1.15 w_v@goal=10.23 return=1003.6 length=79 success_rate=1.00 collisions/ep=0.19 (n=26)
update=213 global_step=436224 SPS=678 w_ev=0.841 m_ev=0.967 m_v_bias=4.0 m_adv_std=30.5287 m_kl_max=0.0235 m_ratio_max=1.511 w_ax@goal=+1.10 w_v@goal=10.22 return=1007.1 length=79 success_rate=1.00 collisions/ep=0.12 (n=24)
update=214 global_step=438272 SPS=679 w_ev=0.932 m_ev=0.993 m_v_bias=-1.8 m_adv_std=14.2300 m_kl_max=0.0076 m_ratio_max=0.689 w_ax@goal=+1.13 w_v@goal=10.20 return=994.4 length=78 success_rate=1.00 collisions/ep=0.37 (n=27)
update=215 global_step=440320 SPS=680 w_ev=0.963 m_ev=0.997 m_v_bias=-3.3 m_adv_std=9.3805 m_kl_max=0.0083 m_ratio_max=0.371 w_ax@goal=+1.30 w_v@goal=10.20 return=1007.9 length=80 success_rate=1.00 collisions/ep=0.19 (n=27)
Evaluation at update 215: return=1013.01, length=77.10, success_rate=1.00, collisions/ep=0.00
Solved-check at update 215: solved=True worst_gap=0.07 at p_x0=0.00 p_y0=1.00 (consecutive=20)
update=216 global_step=442368 SPS=676 w_ev=0.941 m_ev=0.991 m_v_bias=2.4 m_adv_std=15.7547 m_kl_max=0.0031 m_ratio_max=0.422 w_ax@goal=+1.13 w_v@goal=10.24 return=1003.0 length=77 success_rate=1.00 collisions/ep=0.19 (n=26)
update=217 global_step=444416 SPS=677 w_ev=0.929 m_ev=0.990 m_v_bias=-0.6 m_adv_std=16.8109 m_kl_max=0.0098 m_ratio_max=0.574 w_ax@goal=+1.18 w_v@goal=10.25 return=1009.1 length=77 success_rate=1.00 collisions/ep=0.07 (n=27)
update=218 global_step=446464 SPS=678 w_ev=0.961 m_ev=0.996 m_v_bias=-1.0 m_adv_std=9.9944 m_kl_max=0.0128 m_ratio_max=0.807 w_ax@goal=+0.97 w_v@goal=10.26 return=1001.2 length=80 success_rate=1.00 collisions/ep=0.24 (n=25)
update=219 global_step=448512 SPS=679 w_ev=0.961 m_ev=0.995 m_v_bias=1.2 m_adv_std=11.6501 m_kl_max=0.0092 m_ratio_max=0.451 w_ax@goal=+1.10 w_v@goal=10.21 return=1003.4 length=78 success_rate=1.00 collisions/ep=0.19 (n=26)
update=220 global_step=450560 SPS=680 w_ev=0.969 m_ev=0.998 m_v_bias=-2.2 m_adv_std=7.8091 m_kl_max=0.0200 m_ratio_max=0.660 w_ax@goal=+1.22 w_v@goal=10.22 return=1009.4 length=78 success_rate=1.00 collisions/ep=0.07 (n=28)
Evaluation at update 220: return=1013.02, length=77.10, success_rate=1.00, collisions/ep=0.00
Solved-check at update 220: solved=True worst_gap=0.04 at p_x0=0.00 p_y0=1.00 (consecutive=21)
update=221 global_step=452608 SPS=675 w_ev=0.918 m_ev=0.979 m_v_bias=3.3 m_adv_std=24.3136 m_kl_max=0.0210 m_ratio_max=1.311 w_ax@goal=+1.08 w_v@goal=10.23 return=999.3 length=80 success_rate=1.00 collisions/ep=0.28 (n=25)
update=222 global_step=454656 SPS=676 w_ev=0.964 m_ev=0.996 m_v_bias=-2.1 m_adv_std=10.6296 m_kl_max=0.0124 m_ratio_max=0.623 w_ax@goal=+0.96 w_v@goal=10.23 return=1009.0 length=78 success_rate=1.00 collisions/ep=0.08 (n=25)
update=223 global_step=456704 SPS=677 w_ev=0.977 m_ev=0.999 m_v_bias=-1.3 m_adv_std=6.3221 m_kl_max=0.0075 m_ratio_max=0.451 w_ax@goal=+1.01 w_v@goal=10.23 return=1009.8 length=80 success_rate=1.00 collisions/ep=0.07 (n=27)
update=224 global_step=458752 SPS=678 w_ev=0.902 m_ev=0.983 m_v_bias=3.5 m_adv_std=22.0570 m_kl_max=0.0173 m_ratio_max=0.569 w_ax@goal=+1.11 w_v@goal=10.23 return=1001.8 length=79 success_rate=1.00 collisions/ep=0.23 (n=26)
update=225 global_step=460800 SPS=679 w_ev=0.956 m_ev=0.995 m_v_bias=-1.3 m_adv_std=11.3863 m_kl_max=0.0160 m_ratio_max=1.318 w_ax@goal=+0.98 w_v@goal=10.23 return=1005.4 length=79 success_rate=1.00 collisions/ep=0.16 (n=25)
Evaluation at update 225: return=1013.02, length=77.10, success_rate=1.00, collisions/ep=0.00
Solved-check at update 225: solved=True worst_gap=0.01 at p_x0=0.00 p_y0=1.00 (consecutive=22)
update=226 global_step=462848 SPS=675 w_ev=0.967 m_ev=0.998 m_v_bias=-2.2 m_adv_std=7.3376 m_kl_max=0.0084 m_ratio_max=0.853 w_ax@goal=+1.00 w_v@goal=10.21 return=1009.2 length=78 success_rate=1.00 collisions/ep=0.07 (n=27)
update=227 global_step=464896 SPS=676 w_ev=0.947 m_ev=0.995 m_v_bias=0.9 m_adv_std=11.8572 m_kl_max=0.0061 m_ratio_max=0.462 w_ax@goal=+0.95 w_v@goal=10.19 return=1005.5 length=79 success_rate=1.00 collisions/ep=0.15 (n=26)
update=228 global_step=466944 SPS=677 w_ev=0.979 m_ev=0.999 m_v_bias=-1.8 m_adv_std=5.7489 m_kl_max=0.0061 m_ratio_max=0.343 w_ax@goal=+1.03 w_v@goal=10.21 return=1011.2 length=79 success_rate=1.00 collisions/ep=0.12 (n=26)
update=229 global_step=468992 SPS=678 w_ev=0.981 m_ev=1.000 m_v_bias=-1.6 m_adv_std=2.8827 m_kl_max=0.0173 m_ratio_max=0.669 w_ax@goal=+1.06 w_v@goal=10.24 return=1012.9 length=77 success_rate=1.00 collisions/ep=0.00 (n=26)
update=230 global_step=471040 SPS=679 w_ev=0.977 m_ev=0.998 m_v_bias=1.9 m_adv_std=7.6390 m_kl_max=0.0157 m_ratio_max=0.657 w_ax@goal=+1.14 w_v@goal=10.24 return=1011.1 length=78 success_rate=1.00 collisions/ep=0.04 (n=25)
Evaluation at update 230: return=1013.04, length=77.05, success_rate=1.00, collisions/ep=0.00
Solved-check at update 230: solved=True worst_gap=-0.01 at p_x0=0.00 p_y0=1.00 (consecutive=23)
update=231 global_step=473088 SPS=675 w_ev=0.976 m_ev=0.998 m_v_bias=-0.5 m_adv_std=7.2200 m_kl_max=0.0362 m_ratio_max=2.467 w_ax@goal=+1.08 w_v@goal=10.21 return=1007.8 length=79 success_rate=1.00 collisions/ep=0.11 (n=27)
update=232 global_step=475136 SPS=676 w_ev=0.982 m_ev=1.000 m_v_bias=-1.0 m_adv_std=2.5951 m_kl_max=0.0152 m_ratio_max=0.932 w_ax@goal=+1.16 w_v@goal=10.23 return=1013.5 length=80 success_rate=1.00 collisions/ep=0.00 (n=26)
update=233 global_step=477184 SPS=677 w_ev=0.973 m_ev=0.994 m_v_bias=4.2 m_adv_std=12.7836 m_kl_max=0.0339 m_ratio_max=0.970 w_ax@goal=+1.15 w_v@goal=10.25 return=1003.6 length=80 success_rate=1.00 collisions/ep=0.20 (n=25)
update=234 global_step=479232 SPS=678 w_ev=0.978 m_ev=0.995 m_v_bias=-0.2 m_adv_std=11.4485 m_kl_max=0.0202 m_ratio_max=1.086 w_ax@goal=+1.21 w_v@goal=10.19 return=1007.5 length=78 success_rate=1.00 collisions/ep=0.11 (n=27)
update=235 global_step=481280 SPS=679 w_ev=0.981 m_ev=0.999 m_v_bias=-3.2 m_adv_std=6.1397 m_kl_max=0.0212 m_ratio_max=0.863 w_ax@goal=+1.23 w_v@goal=10.21 return=1011.0 length=77 success_rate=1.00 collisions/ep=0.04 (n=25)
Evaluation at update 235: return=1013.04, length=77.05, success_rate=1.00, collisions/ep=0.00
Solved-check at update 235: solved=True worst_gap=0.01 at p_x0=0.50 p_y0=1.00 (consecutive=24)
update=236 global_step=483328 SPS=675 w_ev=0.911 m_ev=0.977 m_v_bias=5.5 m_adv_std=25.3780 m_kl_max=0.0131 m_ratio_max=0.515 w_ax@goal=+1.12 w_v@goal=10.21 return=992.6 length=78 success_rate=1.00 collisions/ep=0.41 (n=27)
update=237 global_step=485376 SPS=676 w_ev=0.947 m_ev=0.995 m_v_bias=-0.9 m_adv_std=11.7155 m_kl_max=0.0230 m_ratio_max=1.226 w_ax@goal=+1.17 w_v@goal=10.20 return=1005.6 length=80 success_rate=1.00 collisions/ep=0.16 (n=25)
update=238 global_step=487424 SPS=677 w_ev=0.954 m_ev=0.999 m_v_bias=-3.9 m_adv_std=4.2075 m_kl_max=0.0096 m_ratio_max=0.446 w_ax@goal=+1.14 w_v@goal=10.19 return=1011.3 length=78 success_rate=1.00 collisions/ep=0.04 (n=27)
update=239 global_step=489472 SPS=678 w_ev=0.941 m_ev=0.991 m_v_bias=1.1 m_adv_std=15.6216 m_kl_max=0.0173 m_ratio_max=0.602 w_ax@goal=+1.21 w_v@goal=10.22 return=1007.5 length=76 success_rate=1.00 collisions/ep=0.11 (n=28)
update=240 global_step=491520 SPS=679 w_ev=0.961 m_ev=0.998 m_v_bias=-2.6 m_adv_std=6.6040 m_kl_max=0.0088 m_ratio_max=0.508 w_ax@goal=+1.24 w_v@goal=10.21 return=1011.0 length=77 success_rate=1.00 collisions/ep=0.04 (n=25)
Evaluation at update 240: return=1013.06, length=77.05, success_rate=1.00, collisions/ep=0.00
Solved-check at update 240: solved=True worst_gap=-0.01 at p_x0=0.50 p_y0=1.00 (consecutive=25)
update=241 global_step=493568 SPS=676 w_ev=0.946 m_ev=0.999 m_v_bias=-0.3 m_adv_std=4.5932 m_kl_max=0.0115 m_ratio_max=0.526 w_ax@goal=+1.20 w_v@goal=10.23 return=1011.6 length=79 success_rate=1.00 collisions/ep=0.04 (n=26)
update=242 global_step=495616 SPS=677 w_ev=0.945 m_ev=0.995 m_v_bias=1.5 m_adv_std=11.7030 m_kl_max=0.0098 m_ratio_max=0.735 w_ax@goal=+1.26 w_v@goal=10.23 return=1005.5 length=78 success_rate=1.00 collisions/ep=0.15 (n=26)
update=243 global_step=497664 SPS=678 w_ev=0.840 m_ev=0.967 m_v_bias=5.3 m_adv_std=31.7707 m_kl_max=0.0180 m_ratio_max=1.216 w_ax@goal=+1.28 w_v@goal=10.24 return=996.7 length=79 success_rate=1.00 collisions/ep=0.33 (n=27)
update=244 global_step=499712 SPS=678 w_ev=0.917 m_ev=0.987 m_v_bias=-4.8 m_adv_std=18.6913 m_kl_max=0.0140 m_ratio_max=0.721 w_ax@goal=+1.29 w_v@goal=10.22 return=1003.3 length=79 success_rate=1.00 collisions/ep=0.20 (n=25)
Saved checkpoints to C:\Users\loren\Desktop\MASTER THESIS\5_CODE\scenarios\slalom\studies\extrinsic_sweep\coef_0.01\runs\hppo_slalom_2_1790266510
