Using device: cpu
Solved-check: precomputed optimal returns for 25 fixed initial conditions (mean=1013.0, min=1011.0, max=1015.0); solved-tolerance=5.0
num_envs=8 num_steps_per_env=256 worker_batch_size=2048 worker_minibatch_size=256 num_updates=244 timesteps=499712 (requested 500000; 288 dropped by integer division)
update=1 global_step=2048 SPS=1054 w_ev=-0.088 m_ev=-0.000 m_v_bias=57.9 m_adv_std=254.3682 m_kl_max=0.0013 m_ratio_max=0.205 w_ax@goal=-0.09 w_v@goal=-0.07 return=-203.1 length=176 success_rate=0.38 collisions/ep=8.88 (n=8)
update=2 global_step=4096 SPS=1106 w_ev=0.201 m_ev=0.086 m_v_bias=67.5 m_adv_std=120.5649 m_kl_max=0.0009 m_ratio_max=0.154 w_ax@goal=+0.40 w_v@goal=0.97 return=-471.4 length=194 success_rate=0.11 collisions/ep=8.00 (n=9)
update=3 global_step=6144 SPS=1097 w_ev=0.311 m_ev=0.351 m_v_bias=-99.2 m_adv_std=245.8126 m_kl_max=0.0039 m_ratio_max=0.377 w_ax@goal=+0.13 w_v@goal=0.71 return=-47.9 length=178 success_rate=0.45 collisions/ep=7.27 (n=11)
update=4 global_step=8192 SPS=1093 w_ev=0.607 m_ev=0.725 m_v_bias=-91.3 m_adv_std=162.1460 m_kl_max=0.0017 m_ratio_max=0.220 w_ax@goal=-0.14 w_v@goal=2.31 return=102.0 length=179 success_rate=0.43 collisions/ep=4.00 (n=14)
update=5 global_step=10240 SPS=1074 w_ev=0.815 m_ev=0.771 m_v_bias=-18.9 m_adv_std=146.6194 m_kl_max=0.0016 m_ratio_max=0.240 w_ax@goal=-0.01 w_v@goal=5.24 return=26.5 length=180 success_rate=0.45 collisions/ep=5.91 (n=11)
Evaluation at update 5: return=152.34, length=107.75, success_rate=1.00, collisions/ep=16.60
Solved-check at update 5: solved=False worst_gap=1032.75 at p_x0=2.00 p_y0=1.00 (consecutive=0)
update=6 global_step=12288 SPS=637 w_ev=0.890 m_ev=0.752 m_v_bias=-74.9 m_adv_std=150.2203 m_kl_max=0.0014 m_ratio_max=0.254 w_ax@goal=+0.21 w_v@goal=6.50 return=232.1 length=166 success_rate=0.64 collisions/ep=6.36 (n=11)
update=7 global_step=14336 SPS=677 w_ev=0.920 m_ev=0.772 m_v_bias=-74.0 m_adv_std=143.9598 m_kl_max=0.0102 m_ratio_max=0.425 w_ax@goal=+0.14 w_v@goal=8.21 return=509.9 length=134 success_rate=0.80 collisions/ep=4.90 (n=20)
update=8 global_step=16384 SPS=707 w_ev=0.906 m_ev=0.874 m_v_bias=-63.9 m_adv_std=87.3105 m_kl_max=0.0113 m_ratio_max=0.422 w_ax@goal=+0.32 w_v@goal=9.06 return=747.0 length=108 success_rate=1.00 collisions/ep=4.81 (n=16)
update=9 global_step=18432 SPS=734 w_ev=0.895 m_ev=0.879 m_v_bias=-9.1 m_adv_std=89.4252 m_kl_max=0.0140 m_ratio_max=0.548 w_ax@goal=+0.69 w_v@goal=10.02 return=750.4 length=96 success_rate=1.00 collisions/ep=4.88 (n=24)
update=10 global_step=20480 SPS=757 w_ev=0.885 m_ev=0.885 m_v_bias=2.4 m_adv_std=82.1626 m_kl_max=0.0097 m_ratio_max=0.562 w_ax@goal=+0.40 w_v@goal=10.01 return=734.2 length=95 success_rate=1.00 collisions/ep=5.25 (n=20)
Evaluation at update 10: return=590.13, length=82.45, success_rate=1.00, collisions/ep=8.35
Solved-check at update 10: solved=False worst_gap=504.92 at p_x0=2.00 p_y0=-1.00 (consecutive=0)
update=11 global_step=22528 SPS=648 w_ev=0.887 m_ev=0.936 m_v_bias=-33.3 m_adv_std=58.9714 m_kl_max=0.0015 m_ratio_max=0.175 w_ax@goal=+0.57 w_v@goal=10.11 return=805.5 length=90 success_rate=1.00 collisions/ep=3.92 (n=24)
update=12 global_step=24576 SPS=670 w_ev=0.888 m_ev=0.909 m_v_bias=-9.9 m_adv_std=67.8816 m_kl_max=0.0094 m_ratio_max=0.520 w_ax@goal=+0.51 w_v@goal=10.12 return=818.1 length=88 success_rate=1.00 collisions/ep=3.73 (n=22)
update=13 global_step=26624 SPS=690 w_ev=0.832 m_ev=0.888 m_v_bias=-1.6 m_adv_std=81.5441 m_kl_max=0.0030 m_ratio_max=0.448 w_ax@goal=+0.50 w_v@goal=9.86 return=779.5 length=88 success_rate=1.00 collisions/ep=4.52 (n=25)
update=14 global_step=28672 SPS=707 w_ev=0.826 m_ev=0.907 m_v_bias=-13.2 m_adv_std=68.1272 m_kl_max=0.0065 m_ratio_max=0.494 w_ax@goal=+0.52 w_v@goal=9.72 return=832.8 length=86 success_rate=1.00 collisions/ep=3.45 (n=22)
update=15 global_step=30720 SPS=725 w_ev=0.862 m_ev=0.928 m_v_bias=-7.3 m_adv_std=58.4488 m_kl_max=0.0100 m_ratio_max=0.415 w_ax@goal=+0.67 w_v@goal=9.78 return=832.9 length=85 success_rate=1.00 collisions/ep=3.48 (n=25)
Evaluation at update 15: return=919.78, length=80.25, success_rate=1.00, collisions/ep=1.80
Solved-check at update 15: solved=False worst_gap=452.60 at p_x0=2.00 p_y0=-0.50 (consecutive=0)
update=16 global_step=32768 SPS=659 w_ev=0.848 m_ev=0.906 m_v_bias=-4.6 m_adv_std=67.3327 m_kl_max=0.0112 m_ratio_max=0.492 w_ax@goal=+0.79 w_v@goal=9.75 return=832.3 length=86 success_rate=1.00 collisions/ep=3.48 (n=23)
update=17 global_step=34816 SPS=671 w_ev=0.843 m_ev=0.910 m_v_bias=-12.2 m_adv_std=64.8893 m_kl_max=0.0126 m_ratio_max=0.412 w_ax@goal=+0.77 w_v@goal=9.60 return=838.3 length=83 success_rate=1.00 collisions/ep=3.40 (n=25)
update=18 global_step=36864 SPS=686 w_ev=0.841 m_ev=0.860 m_v_bias=15.2 m_adv_std=88.5222 m_kl_max=0.0163 m_ratio_max=0.563 w_ax@goal=+0.79 w_v@goal=9.55 return=841.7 length=88 success_rate=1.00 collisions/ep=3.29 (n=24)
update=19 global_step=38912 SPS=697 w_ev=0.838 m_ev=0.913 m_v_bias=-30.3 m_adv_std=61.0745 m_kl_max=0.0153 m_ratio_max=0.448 w_ax@goal=+0.66 w_v@goal=9.56 return=902.2 length=87 success_rate=1.00 collisions/ep=2.04 (n=24)
update=20 global_step=40960 SPS=709 w_ev=0.838 m_ev=0.833 m_v_bias=1.5 m_adv_std=86.9478 m_kl_max=0.0089 m_ratio_max=0.401 w_ax@goal=+1.00 w_v@goal=9.55 return=891.3 length=87 success_rate=1.00 collisions/ep=2.30 (n=23)
Evaluation at update 20: return=1008.15, length=79.50, success_rate=1.00, collisions/ep=0.05
Solved-check at update 20: solved=False worst_gap=103.04 at p_x0=0.00 p_y0=1.00 (consecutive=0)
update=21 global_step=43008 SPS=653 w_ev=0.802 m_ev=0.900 m_v_bias=1.7 m_adv_std=69.0650 m_kl_max=0.0182 m_ratio_max=0.675 w_ax@goal=+0.62 w_v@goal=9.53 return=884.9 length=86 success_rate=1.00 collisions/ep=2.42 (n=24)
update=22 global_step=45056 SPS=662 w_ev=0.821 m_ev=0.896 m_v_bias=-16.6 m_adv_std=66.8051 m_kl_max=0.0096 m_ratio_max=0.740 w_ax@goal=+0.71 w_v@goal=9.58 return=888.9 length=85 success_rate=1.00 collisions/ep=2.33 (n=24)
update=23 global_step=47104 SPS=673 w_ev=0.849 m_ev=0.953 m_v_bias=-16.8 m_adv_std=41.3277 m_kl_max=0.0101 m_ratio_max=0.448 w_ax@goal=+0.73 w_v@goal=9.56 return=946.4 length=85 success_rate=1.00 collisions/ep=1.26 (n=23)
update=24 global_step=49152 SPS=684 w_ev=0.852 m_ev=0.939 m_v_bias=4.3 m_adv_std=49.1427 m_kl_max=0.0369 m_ratio_max=1.298 w_ax@goal=+0.94 w_v@goal=9.55 return=925.9 length=87 success_rate=1.00 collisions/ep=1.76 (n=25)
update=25 global_step=51200 SPS=694 w_ev=0.831 m_ev=0.923 m_v_bias=-5.2 m_adv_std=54.2599 m_kl_max=0.0132 m_ratio_max=0.756 w_ax@goal=+0.91 w_v@goal=9.71 return=915.0 length=84 success_rate=1.00 collisions/ep=1.83 (n=24)
Evaluation at update 25: return=1010.67, length=79.40, success_rate=1.00, collisions/ep=0.00
Solved-check at update 25: solved=True worst_gap=2.80 at p_x0=0.00 p_y0=1.00 (consecutive=0)
update=26 global_step=53248 SPS=654 w_ev=0.846 m_ev=0.886 m_v_bias=11.4 m_adv_std=69.7097 m_kl_max=0.0244 m_ratio_max=0.722 w_ax@goal=+0.76 w_v@goal=9.83 return=909.7 length=83 success_rate=1.00 collisions/ep=1.96 (n=25)
update=27 global_step=55296 SPS=664 w_ev=0.841 m_ev=0.970 m_v_bias=-10.5 m_adv_std=31.5639 m_kl_max=0.0117 m_ratio_max=0.795 w_ax@goal=+0.89 w_v@goal=9.74 return=949.2 length=85 success_rate=1.00 collisions/ep=1.26 (n=23)
update=28 global_step=57344 SPS=674 w_ev=0.787 m_ev=0.942 m_v_bias=2.8 m_adv_std=46.1279 m_kl_max=0.0353 m_ratio_max=0.909 w_ax@goal=+0.87 w_v@goal=9.56 return=956.0 length=87 success_rate=1.00 collisions/ep=1.00 (n=24)
update=29 global_step=59392 SPS=683 w_ev=0.741 m_ev=0.732 m_v_bias=29.6 m_adv_std=134.3570 m_kl_max=0.0239 m_ratio_max=0.719 w_ax@goal=+0.95 w_v@goal=9.55 return=867.9 length=88 success_rate=1.00 collisions/ep=2.83 (n=24)
update=30 global_step=61440 SPS=691 w_ev=0.728 m_ev=0.875 m_v_bias=-23.0 m_adv_std=70.5351 m_kl_max=0.0179 m_ratio_max=0.616 w_ax@goal=+0.85 w_v@goal=9.50 return=917.6 length=86 success_rate=1.00 collisions/ep=1.78 (n=23)
Evaluation at update 30: return=1011.42, length=78.70, success_rate=1.00, collisions/ep=0.00
Solved-check at update 30: solved=True worst_gap=1.99 at p_x0=0.00 p_y0=1.00 (consecutive=1)
Solved criterion held for 2 consecutive evals (tolerance=5.0) at global_step=61440.
update=31 global_step=63488 SPS=656 w_ev=0.734 m_ev=0.951 m_v_bias=-6.4 m_adv_std=41.4396 m_kl_max=0.0088 m_ratio_max=0.508 w_ax@goal=+0.90 w_v@goal=9.60 return=945.3 length=86 success_rate=1.00 collisions/ep=1.35 (n=26)
update=32 global_step=65536 SPS=664 w_ev=0.676 m_ev=0.941 m_v_bias=-6.5 m_adv_std=45.1740 m_kl_max=0.0083 m_ratio_max=0.474 w_ax@goal=+1.08 w_v@goal=9.69 return=962.6 length=82 success_rate=1.00 collisions/ep=0.96 (n=25)
update=33 global_step=67584 SPS=671 w_ev=0.659 m_ev=0.933 m_v_bias=1.0 m_adv_std=48.3251 m_kl_max=0.0175 m_ratio_max=0.556 w_ax@goal=+1.00 w_v@goal=9.84 return=931.5 length=83 success_rate=1.00 collisions/ep=1.54 (n=24)
update=34 global_step=69632 SPS=680 w_ev=0.666 m_ev=0.959 m_v_bias=-2.7 m_adv_std=38.2901 m_kl_max=0.0257 m_ratio_max=0.535 w_ax@goal=+0.78 w_v@goal=9.68 return=960.8 length=84 success_rate=1.00 collisions/ep=1.00 (n=24)
update=35 global_step=71680 SPS=687 w_ev=0.625 m_ev=0.958 m_v_bias=-1.6 m_adv_std=36.8367 m_kl_max=0.0231 m_ratio_max=1.118 w_ax@goal=+0.96 w_v@goal=9.71 return=940.8 length=82 success_rate=1.00 collisions/ep=1.38 (n=24)
Evaluation at update 35: return=1011.90, length=78.25, success_rate=1.00, collisions/ep=0.00
Solved-check at update 35: solved=True worst_gap=1.24 at p_x0=0.00 p_y0=1.00 (consecutive=2)
update=36 global_step=73728 SPS=660 w_ev=0.578 m_ev=0.919 m_v_bias=2.5 m_adv_std=52.6719 m_kl_max=0.0249 m_ratio_max=0.642 w_ax@goal=+1.20 w_v@goal=9.94 return=952.1 length=81 success_rate=1.00 collisions/ep=1.24 (n=25)
update=37 global_step=75776 SPS=667 w_ev=0.621 m_ev=0.949 m_v_bias=-9.4 m_adv_std=41.1279 m_kl_max=0.0149 m_ratio_max=0.755 w_ax@goal=+1.18 w_v@goal=9.99 return=974.3 length=82 success_rate=1.00 collisions/ep=0.71 (n=28)
update=38 global_step=77824 SPS=674 w_ev=0.352 m_ev=0.954 m_v_bias=-0.8 m_adv_std=37.7828 m_kl_max=0.0075 m_ratio_max=0.392 w_ax@goal=+1.11 w_v@goal=9.98 return=954.4 length=79 success_rate=1.00 collisions/ep=1.28 (n=25)
update=39 global_step=79872 SPS=681 w_ev=0.411 m_ev=0.964 m_v_bias=-5.9 m_adv_std=33.3217 m_kl_max=0.0148 m_ratio_max=0.608 w_ax@goal=+1.43 w_v@goal=9.88 return=970.5 length=81 success_rate=1.00 collisions/ep=0.92 (n=26)
update=40 global_step=81920 SPS=686 w_ev=0.375 m_ev=0.955 m_v_bias=5.7 m_adv_std=36.4391 m_kl_max=0.0181 m_ratio_max=0.610 w_ax@goal=+1.53 w_v@goal=10.04 return=955.1 length=82 success_rate=1.00 collisions/ep=1.25 (n=24)
Evaluation at update 40: return=1011.96, length=78.25, success_rate=1.00, collisions/ep=0.00
Solved-check at update 40: solved=True worst_gap=1.17 at p_x0=0.00 p_y0=1.00 (consecutive=3)
update=41 global_step=83968 SPS=662 w_ev=0.373 m_ev=0.962 m_v_bias=-0.0 m_adv_std=32.8187 m_kl_max=0.0117 m_ratio_max=0.690 w_ax@goal=+1.27 w_v@goal=9.90 return=959.3 length=80 success_rate=1.00 collisions/ep=1.08 (n=24)
update=42 global_step=86016 SPS=667 w_ev=0.386 m_ev=0.973 m_v_bias=-5.0 m_adv_std=28.3959 m_kl_max=0.0302 m_ratio_max=0.670 w_ax@goal=+1.41 w_v@goal=10.03 return=965.1 length=80 success_rate=1.00 collisions/ep=1.08 (n=25)
update=43 global_step=88064 SPS=672 w_ev=0.361 m_ev=0.976 m_v_bias=-3.2 m_adv_std=28.1001 m_kl_max=0.0171 m_ratio_max=0.779 w_ax@goal=+1.33 w_v@goal=9.99 return=981.3 length=82 success_rate=1.00 collisions/ep=0.64 (n=25)
update=44 global_step=90112 SPS=678 w_ev=0.468 m_ev=0.973 m_v_bias=-5.3 m_adv_std=29.7531 m_kl_max=0.0178 m_ratio_max=0.626 w_ax@goal=+1.27 w_v@goal=9.97 return=979.9 length=81 success_rate=1.00 collisions/ep=0.64 (n=28)
update=45 global_step=92160 SPS=684 w_ev=0.289 m_ev=0.944 m_v_bias=6.6 m_adv_std=41.6352 m_kl_max=0.0292 m_ratio_max=1.441 w_ax@goal=+1.36 w_v@goal=10.06 return=961.8 length=80 success_rate=1.00 collisions/ep=1.08 (n=26)
Evaluation at update 45: return=1012.14, length=77.95, success_rate=1.00, collisions/ep=0.00
Solved-check at update 45: solved=True worst_gap=0.92 at p_x0=0.50 p_y0=1.00 (consecutive=4)
update=46 global_step=94208 SPS=664 w_ev=0.255 m_ev=0.982 m_v_bias=-7.9 m_adv_std=23.1263 m_kl_max=0.0048 m_ratio_max=0.351 w_ax@goal=+1.45 w_v@goal=9.96 return=988.4 length=79 success_rate=1.00 collisions/ep=0.54 (n=24)
update=47 global_step=96256 SPS=669 w_ev=0.337 m_ev=0.954 m_v_bias=-2.0 m_adv_std=38.3552 m_kl_max=0.0253 m_ratio_max=0.631 w_ax@goal=+1.48 w_v@goal=10.02 return=996.6 length=79 success_rate=1.00 collisions/ep=0.35 (n=26)
update=48 global_step=98304 SPS=674 w_ev=0.222 m_ev=0.934 m_v_bias=14.3 m_adv_std=42.5359 m_kl_max=0.0141 m_ratio_max=0.597 w_ax@goal=+1.39 w_v@goal=10.10 return=950.4 length=80 success_rate=1.00 collisions/ep=1.38 (n=26)
update=49 global_step=100352 SPS=679 w_ev=0.211 m_ev=0.976 m_v_bias=-8.4 m_adv_std=26.0657 m_kl_max=0.0206 m_ratio_max=0.702 w_ax@goal=+1.31 w_v@goal=10.20 return=981.7 length=78 success_rate=1.00 collisions/ep=0.64 (n=25)
update=50 global_step=102400 SPS=684 w_ev=0.209 m_ev=0.984 m_v_bias=-4.3 m_adv_std=21.2433 m_kl_max=0.0120 m_ratio_max=0.495 w_ax@goal=+1.29 w_v@goal=10.06 return=993.7 length=79 success_rate=1.00 collisions/ep=0.40 (n=25)
Evaluation at update 50: return=1012.13, length=77.95, success_rate=1.00, collisions/ep=0.00
Solved-check at update 50: solved=True worst_gap=0.99 at p_x0=0.00 p_y0=-1.00 (consecutive=5)
update=51 global_step=104448 SPS=665 w_ev=0.295 m_ev=0.988 m_v_bias=-3.4 m_adv_std=19.1264 m_kl_max=0.0110 m_ratio_max=0.505 w_ax@goal=+1.35 w_v@goal=10.05 return=988.7 length=80 success_rate=1.00 collisions/ep=0.50 (n=28)
update=52 global_step=106496 SPS=670 w_ev=0.192 m_ev=0.969 m_v_bias=5.8 m_adv_std=31.0526 m_kl_max=0.0251 m_ratio_max=0.550 w_ax@goal=+1.38 w_v@goal=10.08 return=969.9 length=80 success_rate=1.00 collisions/ep=0.96 (n=26)
update=53 global_step=108544 SPS=675 w_ev=0.251 m_ev=0.988 m_v_bias=-4.7 m_adv_std=17.9308 m_kl_max=0.0242 m_ratio_max=0.708 w_ax@goal=+1.40 w_v@goal=10.09 return=1001.4 length=80 success_rate=1.00 collisions/ep=0.21 (n=24)
update=54 global_step=110592 SPS=680 w_ev=0.228 m_ev=0.990 m_v_bias=-0.9 m_adv_std=16.6170 m_kl_max=0.0180 m_ratio_max=0.610 w_ax@goal=+1.30 w_v@goal=10.12 return=998.1 length=81 success_rate=1.00 collisions/ep=0.32 (n=25)
update=55 global_step=112640 SPS=680 w_ev=0.313 m_ev=0.993 m_v_bias=-4.6 m_adv_std=13.7092 m_kl_max=0.0342 m_ratio_max=1.801 w_ax@goal=+1.48 w_v@goal=10.17 return=994.0 length=81 success_rate=1.00 collisions/ep=0.36 (n=25)
Evaluation at update 55: return=1011.95, length=78.25, success_rate=1.00, collisions/ep=0.00
Solved-check at update 55: solved=True worst_gap=1.21 at p_x0=0.00 p_y0=-1.00 (consecutive=6)
update=56 global_step=114688 SPS=659 w_ev=0.330 m_ev=0.981 m_v_bias=8.2 m_adv_std=23.9188 m_kl_max=0.0156 m_ratio_max=0.562 w_ax@goal=+1.31 w_v@goal=10.19 return=988.2 length=81 success_rate=1.00 collisions/ep=0.54 (n=28)
update=57 global_step=116736 SPS=664 w_ev=0.336 m_ev=0.939 m_v_bias=9.7 m_adv_std=41.4083 m_kl_max=0.0113 m_ratio_max=0.529 w_ax@goal=+1.35 w_v@goal=10.06 return=965.7 length=79 success_rate=1.00 collisions/ep=1.12 (n=25)
update=58 global_step=118784 SPS=669 w_ev=0.354 m_ev=0.991 m_v_bias=-9.6 m_adv_std=15.9131 m_kl_max=0.0060 m_ratio_max=0.486 w_ax@goal=+1.30 w_v@goal=10.02 return=999.6 length=79 success_rate=1.00 collisions/ep=0.32 (n=25)
update=59 global_step=120832 SPS=673 w_ev=0.418 m_ev=0.988 m_v_bias=1.6 m_adv_std=18.6654 m_kl_max=0.0100 m_ratio_max=0.654 w_ax@goal=+1.29 w_v@goal=10.15 return=997.5 length=79 success_rate=1.00 collisions/ep=0.32 (n=25)
update=60 global_step=122880 SPS=677 w_ev=0.459 m_ev=0.979 m_v_bias=3.4 m_adv_std=24.7185 m_kl_max=0.0241 m_ratio_max=1.266 w_ax@goal=+1.33 w_v@goal=10.04 return=980.5 length=79 success_rate=1.00 collisions/ep=0.81 (n=27)
Evaluation at update 60: return=1011.94, length=78.25, success_rate=1.00, collisions/ep=0.00
Solved-check at update 60: solved=False worst_gap=51.09 at p_x0=0.00 p_y0=1.00 (consecutive=7)
update=61 global_step=124928 SPS=660 w_ev=0.312 m_ev=0.971 m_v_bias=-1.1 m_adv_std=29.5353 m_kl_max=0.0237 m_ratio_max=1.632 w_ax@goal=+1.45 w_v@goal=10.10 return=979.8 length=80 success_rate=1.00 collisions/ep=0.72 (n=25)
update=62 global_step=126976 SPS=665 w_ev=0.373 m_ev=0.969 m_v_bias=5.4 m_adv_std=30.5750 m_kl_max=0.0082 m_ratio_max=0.613 w_ax@goal=+1.46 w_v@goal=10.13 return=975.4 length=79 success_rate=1.00 collisions/ep=0.77 (n=26)
update=63 global_step=129024 SPS=668 w_ev=0.289 m_ev=0.987 m_v_bias=-2.0 m_adv_std=19.5004 m_kl_max=0.0099 m_ratio_max=0.651 w_ax@goal=+1.56 w_v@goal=10.07 return=994.9 length=80 success_rate=1.00 collisions/ep=0.35 (n=26)
update=64 global_step=131072 SPS=672 w_ev=0.354 m_ev=0.986 m_v_bias=-3.4 m_adv_std=20.0204 m_kl_max=0.0241 m_ratio_max=0.642 w_ax@goal=+1.54 w_v@goal=10.04 return=997.9 length=80 success_rate=1.00 collisions/ep=0.32 (n=25)
update=65 global_step=133120 SPS=676 w_ev=0.413 m_ev=0.991 m_v_bias=0.1 m_adv_std=15.9554 m_kl_max=0.0211 m_ratio_max=1.506 w_ax@goal=+1.36 w_v@goal=10.00 return=995.1 length=79 success_rate=1.00 collisions/ep=0.37 (n=27)
Evaluation at update 65: return=1012.14, length=77.90, success_rate=1.00, collisions/ep=0.00
Solved-check at update 65: solved=True worst_gap=0.93 at p_x0=0.00 p_y0=-1.00 (consecutive=0)
update=66 global_step=135168 SPS=663 w_ev=0.461 m_ev=0.976 m_v_bias=7.2 m_adv_std=26.5455 m_kl_max=0.0094 m_ratio_max=0.492 w_ax@goal=+1.37 w_v@goal=10.01 return=987.4 length=81 success_rate=1.00 collisions/ep=0.50 (n=26)
update=67 global_step=137216 SPS=667 w_ev=0.390 m_ev=0.988 m_v_bias=-1.8 m_adv_std=18.8822 m_kl_max=0.0191 m_ratio_max=0.766 w_ax@goal=+1.48 w_v@goal=9.95 return=996.5 length=81 success_rate=1.00 collisions/ep=0.32 (n=25)
update=68 global_step=139264 SPS=670 w_ev=0.231 m_ev=0.976 m_v_bias=0.8 m_adv_std=26.0189 m_kl_max=0.0273 m_ratio_max=0.854 w_ax@goal=+1.47 w_v@goal=10.04 return=997.5 length=80 success_rate=1.00 collisions/ep=0.33 (n=24)
update=69 global_step=141312 SPS=674 w_ev=0.310 m_ev=0.983 m_v_bias=-0.6 m_adv_std=22.0792 m_kl_max=0.0131 m_ratio_max=0.534 w_ax@goal=+1.40 w_v@goal=9.97 return=989.0 length=79 success_rate=1.00 collisions/ep=0.50 (n=26)
update=70 global_step=143360 SPS=677 w_ev=0.209 m_ev=0.997 m_v_bias=-4.7 m_adv_std=10.0104 m_kl_max=0.0038 m_ratio_max=0.361 w_ax@goal=+1.43 w_v@goal=10.04 return=1008.7 length=79 success_rate=1.00 collisions/ep=0.10 (n=30)
Evaluation at update 70: return=1012.25, length=77.85, success_rate=1.00, collisions/ep=0.00
Solved-check at update 70: solved=False worst_gap=50.90 at p_x0=0.00 p_y0=1.00 (consecutive=1)
update=71 global_step=145408 SPS=665 w_ev=0.270 m_ev=0.964 m_v_bias=8.7 m_adv_std=32.2461 m_kl_max=0.0284 m_ratio_max=1.251 w_ax@goal=+1.38 w_v@goal=10.08 return=983.0 length=79 success_rate=1.00 collisions/ep=0.62 (n=24)
update=72 global_step=147456 SPS=668 w_ev=0.292 m_ev=0.994 m_v_bias=-7.4 m_adv_std=12.3571 m_kl_max=0.0056 m_ratio_max=0.508 w_ax@goal=+1.24 w_v@goal=10.01 return=1006.0 length=79 success_rate=1.00 collisions/ep=0.12 (n=24)
update=73 global_step=149504 SPS=672 w_ev=0.277 m_ev=0.987 m_v_bias=2.2 m_adv_std=18.3213 m_kl_max=0.0296 m_ratio_max=0.833 w_ax@goal=+1.26 w_v@goal=10.06 return=995.4 length=80 success_rate=1.00 collisions/ep=0.33 (n=24)
update=74 global_step=151552 SPS=675 w_ev=0.081 m_ev=0.974 m_v_bias=3.3 m_adv_std=27.4047 m_kl_max=0.0168 m_ratio_max=0.506 w_ax@goal=+1.25 w_v@goal=10.03 return=995.0 length=79 success_rate=1.00 collisions/ep=0.33 (n=30)
update=75 global_step=153600 SPS=678 w_ev=0.333 m_ev=0.994 m_v_bias=-3.7 m_adv_std=12.3698 m_kl_max=0.0069 m_ratio_max=0.433 w_ax@goal=+1.42 w_v@goal=10.07 return=997.9 length=79 success_rate=1.00 collisions/ep=0.36 (n=25)
Evaluation at update 75: return=1012.41, length=77.75, success_rate=1.00, collisions/ep=0.00
Solved-check at update 75: solved=False worst_gap=50.73 at p_x0=0.00 p_y0=1.00 (consecutive=0)
update=76 global_step=155648 SPS=666 w_ev=0.283 m_ev=0.962 m_v_bias=6.8 m_adv_std=32.3710 m_kl_max=0.0157 m_ratio_max=0.563 w_ax@goal=+1.33 w_v@goal=10.05 return=990.1 length=79 success_rate=1.00 collisions/ep=0.56 (n=25)
update=77 global_step=157696 SPS=670 w_ev=0.372 m_ev=0.984 m_v_bias=-4.2 m_adv_std=21.3053 m_kl_max=0.0166 m_ratio_max=0.603 w_ax@goal=+1.27 w_v@goal=9.95 return=990.3 length=78 success_rate=1.00 collisions/ep=0.48 (n=25)
update=78 global_step=159744 SPS=673 w_ev=0.324 m_ev=0.984 m_v_bias=-0.9 m_adv_std=21.3190 m_kl_max=0.0169 m_ratio_max=0.763 w_ax@goal=+1.28 w_v@goal=10.02 return=1001.5 length=79 success_rate=1.00 collisions/ep=0.21 (n=29)
update=79 global_step=161792 SPS=676 w_ev=0.306 m_ev=0.997 m_v_bias=-5.7 m_adv_std=8.7247 m_kl_max=0.0130 m_ratio_max=0.425 w_ax@goal=+1.35 w_v@goal=10.06 return=1008.2 length=81 success_rate=1.00 collisions/ep=0.08 (n=24)
update=80 global_step=163840 SPS=679 w_ev=0.265 m_ev=0.985 m_v_bias=3.4 m_adv_std=21.2664 m_kl_max=0.0188 m_ratio_max=0.851 w_ax@goal=+1.38 w_v@goal=10.14 return=992.7 length=80 success_rate=1.00 collisions/ep=0.38 (n=26)
Evaluation at update 80: return=1012.52, length=77.65, success_rate=1.00, collisions/ep=0.00
Solved-check at update 80: solved=False worst_gap=50.58 at p_x0=0.00 p_y0=1.00 (consecutive=0)
update=81 global_step=165888 SPS=667 w_ev=0.342 m_ev=0.957 m_v_bias=9.9 m_adv_std=36.7057 m_kl_max=0.0321 m_ratio_max=1.155 w_ax@goal=+1.11 w_v@goal=10.25 return=976.4 length=79 success_rate=1.00 collisions/ep=0.79 (n=24)
update=82 global_step=167936 SPS=671 w_ev=0.284 m_ev=0.986 m_v_bias=-10.6 m_adv_std=20.2628 m_kl_max=0.0152 m_ratio_max=0.561 w_ax@goal=+1.31 w_v@goal=10.20 return=1007.0 length=80 success_rate=1.00 collisions/ep=0.15 (n=27)
update=83 global_step=169984 SPS=674 w_ev=0.366 m_ev=0.990 m_v_bias=0.1 m_adv_std=16.5568 m_kl_max=0.0129 m_ratio_max=0.535 w_ax@goal=+1.17 w_v@goal=10.19 return=999.0 length=79 success_rate=1.00 collisions/ep=0.31 (n=26)
update=84 global_step=172032 SPS=677 w_ev=0.234 m_ev=0.996 m_v_bias=-3.8 m_adv_std=10.4833 m_kl_max=0.0094 m_ratio_max=0.452 w_ax@goal=+1.34 w_v@goal=10.20 return=998.9 length=79 success_rate=1.00 collisions/ep=0.31 (n=26)
update=85 global_step=174080 SPS=680 w_ev=0.359 m_ev=0.988 m_v_bias=2.1 m_adv_std=18.8982 m_kl_max=0.0257 m_ratio_max=1.540 w_ax@goal=+1.10 w_v@goal=10.18 return=997.3 length=81 success_rate=1.00 collisions/ep=0.38 (n=26)
Evaluation at update 85: return=1012.49, length=77.75, success_rate=1.00, collisions/ep=0.00
Solved-check at update 85: solved=True worst_gap=0.73 at p_x0=0.00 p_y0=-1.00 (consecutive=0)
update=86 global_step=176128 SPS=668 w_ev=0.447 m_ev=0.994 m_v_bias=1.4 m_adv_std=12.7686 m_kl_max=0.0140 m_ratio_max=0.454 w_ax@goal=+1.20 w_v@goal=10.13 return=1000.7 length=79 success_rate=1.00 collisions/ep=0.23 (n=26)
update=87 global_step=178176 SPS=671 w_ev=0.352 m_ev=0.984 m_v_bias=2.3 m_adv_std=22.1733 m_kl_max=0.0068 m_ratio_max=0.342 w_ax@goal=+1.18 w_v@goal=10.10 return=987.2 length=81 success_rate=1.00 collisions/ep=0.54 (n=24)
update=88 global_step=180224 SPS=674 w_ev=0.509 m_ev=0.995 m_v_bias=-3.2 m_adv_std=11.2137 m_kl_max=0.0112 m_ratio_max=0.466 w_ax@goal=+1.11 w_v@goal=10.08 return=1006.2 length=79 success_rate=1.00 collisions/ep=0.23 (n=26)
update=89 global_step=182272 SPS=677 w_ev=0.404 m_ev=0.981 m_v_bias=6.9 m_adv_std=23.1739 m_kl_max=0.0129 m_ratio_max=0.709 w_ax@goal=+1.28 w_v@goal=10.06 return=983.5 length=80 success_rate=1.00 collisions/ep=0.62 (n=26)
update=90 global_step=184320 SPS=680 w_ev=0.274 m_ev=0.993 m_v_bias=-5.7 m_adv_std=14.1468 m_kl_max=0.0187 m_ratio_max=0.650 w_ax@goal=+1.22 w_v@goal=10.10 return=1000.4 length=81 success_rate=1.00 collisions/ep=0.24 (n=25)
Evaluation at update 90: return=1012.53, length=77.75, success_rate=1.00, collisions/ep=0.00
Solved-check at update 90: solved=False worst_gap=50.58 at p_x0=0.00 p_y0=1.00 (consecutive=1)
update=91 global_step=186368 SPS=670 w_ev=0.493 m_ev=0.991 m_v_bias=0.8 m_adv_std=15.2765 m_kl_max=0.0113 m_ratio_max=0.684 w_ax@goal=+1.30 w_v@goal=10.11 return=998.2 length=80 success_rate=1.00 collisions/ep=0.28 (n=25)
update=92 global_step=188416 SPS=673 w_ev=0.514 m_ev=0.995 m_v_bias=-1.2 m_adv_std=12.5897 m_kl_max=0.0074 m_ratio_max=0.391 w_ax@goal=+1.26 w_v@goal=10.09 return=1003.6 length=79 success_rate=1.00 collisions/ep=0.18 (n=28)
update=93 global_step=190464 SPS=675 w_ev=0.422 m_ev=0.988 m_v_bias=3.9 m_adv_std=18.5086 m_kl_max=0.0124 m_ratio_max=0.425 w_ax@goal=+1.17 w_v@goal=10.08 return=994.4 length=80 success_rate=1.00 collisions/ep=0.40 (n=25)
update=94 global_step=192512 SPS=678 w_ev=0.451 m_ev=0.989 m_v_bias=-1.5 m_adv_std=16.9969 m_kl_max=0.0228 m_ratio_max=0.889 w_ax@goal=+1.07 w_v@goal=10.13 return=1001.4 length=81 success_rate=1.00 collisions/ep=0.21 (n=24)
update=95 global_step=194560 SPS=681 w_ev=0.390 m_ev=0.955 m_v_bias=1.5 m_adv_std=37.0288 m_kl_max=0.0301 m_ratio_max=0.920 w_ax@goal=+1.14 w_v@goal=10.11 return=993.3 length=80 success_rate=1.00 collisions/ep=0.38 (n=26)
Evaluation at update 95: return=1012.52, length=77.65, success_rate=1.00, collisions/ep=0.00
Solved-check at update 95: solved=False worst_gap=50.57 at p_x0=0.00 p_y0=1.00 (consecutive=0)
update=96 global_step=196608 SPS=671 w_ev=0.506 m_ev=0.992 m_v_bias=-5.5 m_adv_std=14.3124 m_kl_max=0.0164 m_ratio_max=0.691 w_ax@goal=+1.14 w_v@goal=10.14 return=995.3 length=79 success_rate=1.00 collisions/ep=0.41 (n=27)
update=97 global_step=198656 SPS=673 w_ev=0.422 m_ev=0.992 m_v_bias=1.7 m_adv_std=15.2266 m_kl_max=0.0213 m_ratio_max=1.611 w_ax@goal=+1.16 w_v@goal=10.08 return=998.7 length=78 success_rate=1.00 collisions/ep=0.31 (n=26)
update=98 global_step=200704 SPS=676 w_ev=0.509 m_ev=0.997 m_v_bias=-2.3 m_adv_std=8.6135 m_kl_max=0.0152 m_ratio_max=0.571 w_ax@goal=+1.10 w_v@goal=10.13 return=1008.4 length=79 success_rate=1.00 collisions/ep=0.15 (n=26)
update=99 global_step=202752 SPS=678 w_ev=0.583 m_ev=0.992 m_v_bias=4.3 m_adv_std=14.7112 m_kl_max=0.0159 m_ratio_max=0.829 w_ax@goal=+1.00 w_v@goal=10.11 return=1004.5 length=78 success_rate=1.00 collisions/ep=0.15 (n=26)
update=100 global_step=204800 SPS=681 w_ev=0.516 m_ev=0.988 m_v_bias=-0.6 m_adv_std=18.9654 m_kl_max=0.0124 m_ratio_max=0.636 w_ax@goal=+1.25 w_v@goal=10.02 return=992.1 length=80 success_rate=1.00 collisions/ep=0.44 (n=27)
Evaluation at update 100: return=1012.56, length=77.65, success_rate=1.00, collisions/ep=0.00
Solved-check at update 100: solved=False worst_gap=50.54 at p_x0=0.00 p_y0=1.00 (consecutive=0)
update=101 global_step=206848 SPS=673 w_ev=0.558 m_ev=0.985 m_v_bias=-0.8 m_adv_std=20.1686 m_kl_max=0.0216 m_ratio_max=0.936 w_ax@goal=+1.34 w_v@goal=10.03 return=1006.4 length=79 success_rate=1.00 collisions/ep=0.20 (n=25)
update=102 global_step=208896 SPS=675 w_ev=0.544 m_ev=0.996 m_v_bias=-1.9 m_adv_std=9.9644 m_kl_max=0.0130 m_ratio_max=0.486 w_ax@goal=+1.26 w_v@goal=10.05 return=1000.4 length=79 success_rate=1.00 collisions/ep=0.24 (n=25)
update=103 global_step=210944 SPS=678 w_ev=0.416 m_ev=0.968 m_v_bias=4.7 m_adv_std=31.5609 m_kl_max=0.0318 m_ratio_max=0.726 w_ax@goal=+1.07 w_v@goal=10.04 return=995.3 length=79 success_rate=1.00 collisions/ep=0.33 (n=27)
update=104 global_step=212992 SPS=680 w_ev=0.420 m_ev=0.993 m_v_bias=-5.3 m_adv_std=14.2002 m_kl_max=0.0283 m_ratio_max=1.619 w_ax@goal=+1.21 w_v@goal=10.12 return=996.9 length=79 success_rate=1.00 collisions/ep=0.31 (n=26)
update=105 global_step=215040 SPS=683 w_ev=0.533 m_ev=0.977 m_v_bias=3.8 m_adv_std=26.4118 m_kl_max=0.0097 m_ratio_max=0.402 w_ax@goal=+1.32 w_v@goal=10.07 return=1002.3 length=79 success_rate=1.00 collisions/ep=0.20 (n=25)
Evaluation at update 105: return=1012.49, length=77.75, success_rate=1.00, collisions/ep=0.00
Solved-check at update 105: solved=True worst_gap=0.69 at p_x0=0.00 p_y0=-1.00 (consecutive=0)
update=106 global_step=217088 SPS=674 w_ev=0.549 m_ev=0.983 m_v_bias=2.8 m_adv_std=22.7252 m_kl_max=0.0091 m_ratio_max=0.520 w_ax@goal=+1.16 w_v@goal=10.13 return=979.3 length=81 success_rate=1.00 collisions/ep=0.67 (n=27)
update=107 global_step=219136 SPS=677 w_ev=0.459 m_ev=0.969 m_v_bias=1.3 m_adv_std=31.4201 m_kl_max=0.0307 m_ratio_max=0.597 w_ax@goal=+1.13 w_v@goal=10.09 return=985.2 length=78 success_rate=1.00 collisions/ep=0.54 (n=24)
update=108 global_step=221184 SPS=679 w_ev=0.513 m_ev=0.994 m_v_bias=-9.5 m_adv_std=13.0169 m_kl_max=0.0281 m_ratio_max=1.338 w_ax@goal=+1.03 w_v@goal=10.09 return=1012.2 length=80 success_rate=1.00 collisions/ep=0.00 (n=26)
update=109 global_step=223232 SPS=682 w_ev=0.473 m_ev=0.997 m_v_bias=-0.8 m_adv_std=8.8988 m_kl_max=0.0216 m_ratio_max=0.522 w_ax@goal=+0.95 w_v@goal=9.98 return=1009.9 length=79 success_rate=1.00 collisions/ep=0.04 (n=27)
update=110 global_step=225280 SPS=685 w_ev=0.498 m_ev=0.996 m_v_bias=-0.4 m_adv_std=10.6081 m_kl_max=0.0063 m_ratio_max=0.385 w_ax@goal=+1.17 w_v@goal=10.00 return=1002.1 length=81 success_rate=1.00 collisions/ep=0.21 (n=24)
Evaluation at update 110: return=1012.50, length=77.75, success_rate=1.00, collisions/ep=0.00
Solved-check at update 110: solved=True worst_gap=0.72 at p_x0=0.00 p_y0=-1.00 (consecutive=1)
update=111 global_step=227328 SPS=677 w_ev=0.461 m_ev=0.988 m_v_bias=4.1 m_adv_std=18.9329 m_kl_max=0.0080 m_ratio_max=0.748 w_ax@goal=+1.02 w_v@goal=10.05 return=1000.8 length=79 success_rate=1.00 collisions/ep=0.30 (n=27)
update=112 global_step=229376 SPS=679 w_ev=0.360 m_ev=0.994 m_v_bias=-4.2 m_adv_std=13.4330 m_kl_max=0.0112 m_ratio_max=0.440 w_ax@goal=+1.03 w_v@goal=10.11 return=1004.7 length=81 success_rate=1.00 collisions/ep=0.15 (n=26)
update=113 global_step=231424 SPS=682 w_ev=0.392 m_ev=0.988 m_v_bias=5.1 m_adv_std=18.5504 m_kl_max=0.0056 m_ratio_max=0.391 w_ax@goal=+0.88 w_v@goal=10.00 return=996.5 length=80 success_rate=1.00 collisions/ep=0.31 (n=26)
update=114 global_step=233472 SPS=684 w_ev=0.324 m_ev=0.995 m_v_bias=-3.4 m_adv_std=11.9382 m_kl_max=0.0130 m_ratio_max=0.599 w_ax@goal=+0.98 w_v@goal=10.03 return=1005.5 length=79 success_rate=1.00 collisions/ep=0.12 (n=25)
update=115 global_step=235520 SPS=686 w_ev=0.290 m_ev=0.995 m_v_bias=-2.3 m_adv_std=11.3475 m_kl_max=0.0185 m_ratio_max=0.495 w_ax@goal=+1.07 w_v@goal=10.06 return=1008.1 length=79 success_rate=1.00 collisions/ep=0.08 (n=25)
Evaluation at update 115: return=1012.29, length=77.85, success_rate=1.00, collisions/ep=0.00
Solved-check at update 115: solved=True worst_gap=0.94 at p_x0=0.00 p_y0=-0.50 (consecutive=2)
update=116 global_step=237568 SPS=679 w_ev=0.376 m_ev=0.995 m_v_bias=1.6 m_adv_std=11.3767 m_kl_max=0.0236 m_ratio_max=0.913 w_ax@goal=+0.98 w_v@goal=10.06 return=1006.6 length=81 success_rate=1.00 collisions/ep=0.12 (n=26)
update=117 global_step=239616 SPS=681 w_ev=0.256 m_ev=0.988 m_v_bias=1.4 m_adv_std=18.7764 m_kl_max=0.0147 m_ratio_max=0.702 w_ax@goal=+1.08 w_v@goal=10.05 return=998.3 length=80 success_rate=1.00 collisions/ep=0.27 (n=26)
update=118 global_step=241664 SPS=683 w_ev=0.476 m_ev=0.990 m_v_bias=2.0 m_adv_std=16.7358 m_kl_max=0.0170 m_ratio_max=1.784 w_ax@goal=+0.87 w_v@goal=10.07 return=1002.1 length=78 success_rate=1.00 collisions/ep=0.19 (n=27)
update=119 global_step=243712 SPS=686 w_ev=0.395 m_ev=0.992 m_v_bias=1.6 m_adv_std=14.5481 m_kl_max=0.0268 m_ratio_max=1.101 w_ax@goal=+0.89 w_v@goal=10.03 return=1001.2 length=81 success_rate=1.00 collisions/ep=0.21 (n=24)
update=120 global_step=245760 SPS=688 w_ev=0.483 m_ev=0.989 m_v_bias=1.5 m_adv_std=17.4214 m_kl_max=0.0115 m_ratio_max=0.691 w_ax@goal=+0.93 w_v@goal=10.01 return=999.3 length=80 success_rate=1.00 collisions/ep=0.25 (n=24)
Evaluation at update 120: return=1012.09, length=78.00, success_rate=1.00, collisions/ep=0.00
Solved-check at update 120: solved=True worst_gap=1.10 at p_x0=0.00 p_y0=-1.00 (consecutive=3)
update=121 global_step=247808 SPS=680 w_ev=0.408 m_ev=0.995 m_v_bias=-0.5 m_adv_std=11.8302 m_kl_max=0.0076 m_ratio_max=0.323 w_ax@goal=+0.88 w_v@goal=10.05 return=1007.1 length=80 success_rate=1.00 collisions/ep=0.08 (n=25)
update=122 global_step=249856 SPS=683 w_ev=0.486 m_ev=0.996 m_v_bias=-2.1 m_adv_std=11.1302 m_kl_max=0.0103 m_ratio_max=0.891 w_ax@goal=+0.85 w_v@goal=10.10 return=1003.9 length=81 success_rate=1.00 collisions/ep=0.14 (n=28)
update=123 global_step=251904 SPS=685 w_ev=0.446 m_ev=0.994 m_v_bias=-0.8 m_adv_std=12.8320 m_kl_max=0.0244 m_ratio_max=1.311 w_ax@goal=+1.00 w_v@goal=10.11 return=1009.8 length=81 success_rate=1.00 collisions/ep=0.04 (n=26)
update=124 global_step=253952 SPS=687 w_ev=0.420 m_ev=0.988 m_v_bias=2.4 m_adv_std=18.6820 m_kl_max=0.0254 m_ratio_max=0.638 w_ax@goal=+0.96 w_v@goal=9.99 return=1002.9 length=81 success_rate=1.00 collisions/ep=0.17 (n=24)
update=125 global_step=256000 SPS=690 w_ev=0.429 m_ev=0.993 m_v_bias=-0.6 m_adv_std=13.7834 m_kl_max=0.0299 m_ratio_max=0.794 w_ax@goal=+1.02 w_v@goal=10.01 return=997.4 length=79 success_rate=1.00 collisions/ep=0.28 (n=25)
Evaluation at update 125: return=1011.90, length=78.20, success_rate=1.00, collisions/ep=0.00
Solved-check at update 125: solved=True worst_gap=1.38 at p_x0=0.00 p_y0=-1.00 (consecutive=4)
update=126 global_step=258048 SPS=685 w_ev=0.415 m_ev=0.975 m_v_bias=1.2 m_adv_std=27.0405 m_kl_max=0.0150 m_ratio_max=0.883 w_ax@goal=+1.01 w_v@goal=10.07 return=1001.7 length=80 success_rate=1.00 collisions/ep=0.20 (n=25)
update=127 global_step=260096 SPS=687 w_ev=0.386 m_ev=0.992 m_v_bias=-1.3 m_adv_std=14.4640 m_kl_max=0.0093 m_ratio_max=1.014 w_ax@goal=+1.07 w_v@goal=10.03 return=997.9 length=81 success_rate=1.00 collisions/ep=0.28 (n=25)
update=128 global_step=262144 SPS=690 w_ev=0.348 m_ev=0.999 m_v_bias=-2.5 m_adv_std=4.8418 m_kl_max=0.0158 m_ratio_max=0.519 w_ax@goal=+0.98 w_v@goal=10.00 return=1011.4 length=79 success_rate=1.00 collisions/ep=0.00 (n=29)
update=129 global_step=264192 SPS=692 w_ev=0.460 m_ev=0.994 m_v_bias=2.1 m_adv_std=13.3358 m_kl_max=0.0223 m_ratio_max=0.630 w_ax@goal=+1.07 w_v@goal=10.13 return=1005.8 length=81 success_rate=1.00 collisions/ep=0.12 (n=25)
update=130 global_step=266240 SPS=695 w_ev=0.467 m_ev=0.985 m_v_bias=3.8 m_adv_std=20.1428 m_kl_max=0.0211 m_ratio_max=0.706 w_ax@goal=+0.94 w_v@goal=10.08 return=1003.3 length=81 success_rate=1.00 collisions/ep=0.17 (n=24)
Evaluation at update 130: return=1012.15, length=77.85, success_rate=1.00, collisions/ep=0.00
Solved-check at update 130: solved=True worst_gap=1.00 at p_x0=0.00 p_y0=0.00 (consecutive=5)
update=131 global_step=268288 SPS=691 w_ev=0.544 m_ev=0.993 m_v_bias=0.7 m_adv_std=13.8497 m_kl_max=0.0344 m_ratio_max=1.674 w_ax@goal=+0.87 w_v@goal=9.99 return=1002.0 length=80 success_rate=1.00 collisions/ep=0.19 (n=26)
update=132 global_step=270336 SPS=694 w_ev=0.605 m_ev=0.998 m_v_bias=-4.1 m_adv_std=6.5858 m_kl_max=0.0145 m_ratio_max=0.438 w_ax@goal=+1.14 w_v@goal=10.00 return=1005.9 length=80 success_rate=1.00 collisions/ep=0.12 (n=26)
update=133 global_step=272384 SPS=697 w_ev=0.511 m_ev=0.990 m_v_bias=2.7 m_adv_std=16.8747 m_kl_max=0.0090 m_ratio_max=0.428 w_ax@goal=+0.92 w_v@goal=10.03 return=1004.1 length=80 success_rate=1.00 collisions/ep=0.15 (n=26)
update=134 global_step=274432 SPS=700 w_ev=0.534 m_ev=0.993 m_v_bias=1.4 m_adv_std=13.7825 m_kl_max=0.0101 m_ratio_max=0.448 w_ax@goal=+0.92 w_v@goal=10.03 return=997.4 length=80 success_rate=1.00 collisions/ep=0.32 (n=25)
update=135 global_step=276480 SPS=702 w_ev=0.584 m_ev=0.997 m_v_bias=-3.3 m_adv_std=9.0889 m_kl_max=0.0086 m_ratio_max=0.566 w_ax@goal=+1.04 w_v@goal=10.02 return=1007.7 length=80 success_rate=1.00 collisions/ep=0.08 (n=26)
Evaluation at update 135: return=1012.26, length=77.80, success_rate=1.00, collisions/ep=0.00
Solved-check at update 135: solved=True worst_gap=0.93 at p_x0=0.00 p_y0=1.00 (consecutive=6)
update=136 global_step=278528 SPS=698 w_ev=0.482 m_ev=0.979 m_v_bias=2.9 m_adv_std=24.7110 m_kl_max=0.0207 m_ratio_max=0.741 w_ax@goal=+0.98 w_v@goal=10.09 return=995.4 length=82 success_rate=1.00 collisions/ep=0.33 (n=24)
update=137 global_step=280576 SPS=701 w_ev=0.552 m_ev=0.991 m_v_bias=-0.9 m_adv_std=16.1275 m_kl_max=0.0124 m_ratio_max=0.478 w_ax@goal=+1.12 w_v@goal=10.13 return=1000.0 length=81 success_rate=1.00 collisions/ep=0.24 (n=25)
update=138 global_step=282624 SPS=703 w_ev=0.698 m_ev=0.992 m_v_bias=-2.2 m_adv_std=14.5718 m_kl_max=0.0047 m_ratio_max=0.457 w_ax@goal=+1.06 w_v@goal=10.16 return=1004.3 length=79 success_rate=1.00 collisions/ep=0.15 (n=26)
update=139 global_step=284672 SPS=706 w_ev=0.799 m_ev=0.999 m_v_bias=-3.6 m_adv_std=5.6329 m_kl_max=0.0126 m_ratio_max=0.457 w_ax@goal=+0.85 w_v@goal=10.11 return=1009.9 length=79 success_rate=1.00 collisions/ep=0.04 (n=27)
update=140 global_step=286720 SPS=708 w_ev=0.724 m_ev=0.996 m_v_bias=0.1 m_adv_std=11.3724 m_kl_max=0.0099 m_ratio_max=0.417 w_ax@goal=+1.17 w_v@goal=10.12 return=1004.9 length=81 success_rate=1.00 collisions/ep=0.15 (n=26)
Evaluation at update 140: return=1012.48, length=77.75, success_rate=1.00, collisions/ep=0.00
Solved-check at update 140: solved=True worst_gap=0.69 at p_x0=0.00 p_y0=1.00 (consecutive=7)
update=141 global_step=288768 SPS=704 w_ev=0.740 m_ev=0.999 m_v_bias=-2.4 m_adv_std=3.9394 m_kl_max=0.0208 m_ratio_max=0.830 w_ax@goal=+1.11 w_v@goal=10.12 return=1012.4 length=80 success_rate=1.00 collisions/ep=0.00 (n=24)
update=142 global_step=290816 SPS=707 w_ev=0.735 m_ev=0.996 m_v_bias=1.9 m_adv_std=10.0643 m_kl_max=0.0287 m_ratio_max=1.310 w_ax@goal=+1.24 w_v@goal=10.14 return=1006.8 length=80 success_rate=1.00 collisions/ep=0.12 (n=26)
update=143 global_step=292864 SPS=710 w_ev=0.813 m_ev=0.998 m_v_bias=-1.5 m_adv_std=7.1838 m_kl_max=0.0117 m_ratio_max=0.548 w_ax@goal=+1.17 w_v@goal=10.11 return=1010.1 length=79 success_rate=1.00 collisions/ep=0.04 (n=25)
update=144 global_step=294912 SPS=712 w_ev=0.837 m_ev=0.996 m_v_bias=1.7 m_adv_std=10.5238 m_kl_max=0.0153 m_ratio_max=0.583 w_ax@goal=+1.19 w_v@goal=10.13 return=1003.4 length=79 success_rate=1.00 collisions/ep=0.18 (n=28)
update=145 global_step=296960 SPS=715 w_ev=0.744 m_ev=0.986 m_v_bias=1.5 m_adv_std=20.0039 m_kl_max=0.0107 m_ratio_max=0.588 w_ax@goal=+1.16 w_v@goal=10.13 return=1004.3 length=80 success_rate=1.00 collisions/ep=0.24 (n=25)
Evaluation at update 145: return=1012.52, length=77.70, success_rate=1.00, collisions/ep=0.00
Solved-check at update 145: solved=True worst_gap=0.64 at p_x0=0.00 p_y0=1.00 (consecutive=8)
update=146 global_step=299008 SPS=711 w_ev=0.870 m_ev=0.998 m_v_bias=-1.9 m_adv_std=7.6012 m_kl_max=0.0207 m_ratio_max=0.928 w_ax@goal=+1.08 w_v@goal=10.21 return=1004.6 length=81 success_rate=1.00 collisions/ep=0.16 (n=25)
update=147 global_step=301056 SPS=713 w_ev=0.636 m_ev=0.996 m_v_bias=1.6 m_adv_std=10.5986 m_kl_max=0.0263 m_ratio_max=1.079 w_ax@goal=+1.24 w_v@goal=10.19 return=1005.0 length=81 success_rate=1.00 collisions/ep=0.15 (n=26)
update=148 global_step=303104 SPS=716 w_ev=0.649 m_ev=0.997 m_v_bias=-1.9 m_adv_std=9.4116 m_kl_max=0.0223 m_ratio_max=1.553 w_ax@goal=+1.21 w_v@goal=10.08 return=1008.4 length=79 success_rate=1.00 collisions/ep=0.08 (n=24)
update=149 global_step=305152 SPS=718 w_ev=0.643 m_ev=0.998 m_v_bias=-0.4 m_adv_std=7.5803 m_kl_max=0.0204 m_ratio_max=0.594 w_ax@goal=+1.38 w_v@goal=10.12 return=1010.9 length=80 success_rate=1.00 collisions/ep=0.04 (n=26)
update=150 global_step=307200 SPS=721 w_ev=0.651 m_ev=0.991 m_v_bias=1.6 m_adv_std=15.4511 m_kl_max=0.0238 m_ratio_max=1.562 w_ax@goal=+1.27 w_v@goal=10.17 return=1005.2 length=79 success_rate=1.00 collisions/ep=0.14 (n=28)
Evaluation at update 150: return=1012.62, length=77.55, success_rate=1.00, collisions/ep=0.00
Solved-check at update 150: solved=True worst_gap=0.51 at p_x0=0.00 p_y0=1.00 (consecutive=9)
update=151 global_step=309248 SPS=717 w_ev=0.700 m_ev=0.999 m_v_bias=0.7 m_adv_std=4.3007 m_kl_max=0.0050 m_ratio_max=0.460 w_ax@goal=+1.23 w_v@goal=10.19 return=1012.6 length=80 success_rate=1.00 collisions/ep=0.00 (n=25)
update=152 global_step=311296 SPS=719 w_ev=0.731 m_ev=0.990 m_v_bias=4.9 m_adv_std=16.4638 m_kl_max=0.0063 m_ratio_max=0.295 w_ax@goal=+1.50 w_v@goal=10.20 return=997.3 length=79 success_rate=1.00 collisions/ep=0.31 (n=26)
update=153 global_step=313344 SPS=722 w_ev=0.739 m_ev=0.997 m_v_bias=-2.0 m_adv_std=8.7276 m_kl_max=0.0156 m_ratio_max=0.618 w_ax@goal=+1.31 w_v@goal=10.19 return=1006.2 length=79 success_rate=1.00 collisions/ep=0.12 (n=24)
update=154 global_step=315392 SPS=724 w_ev=0.858 m_ev=0.994 m_v_bias=1.4 m_adv_std=12.6328 m_kl_max=0.0146 m_ratio_max=1.005 w_ax@goal=+1.24 w_v@goal=10.14 return=1003.3 length=80 success_rate=1.00 collisions/ep=0.19 (n=27)
update=155 global_step=317440 SPS=726 w_ev=0.829 m_ev=0.993 m_v_bias=-1.9 m_adv_std=14.1178 m_kl_max=0.0095 m_ratio_max=0.734 w_ax@goal=+1.43 w_v@goal=10.20 return=1003.4 length=79 success_rate=1.00 collisions/ep=0.19 (n=27)
Evaluation at update 155: return=1012.53, length=77.65, success_rate=1.00, collisions/ep=0.00
Solved-check at update 155: solved=True worst_gap=0.65 at p_x0=0.00 p_y0=-1.00 (consecutive=10)
update=156 global_step=319488 SPS=723 w_ev=0.851 m_ev=0.997 m_v_bias=1.6 m_adv_std=9.6971 m_kl_max=0.0159 m_ratio_max=0.839 w_ax@goal=+1.17 w_v@goal=10.21 return=1006.6 length=81 success_rate=1.00 collisions/ep=0.12 (n=25)
update=157 global_step=321536 SPS=725 w_ev=0.568 m_ev=0.963 m_v_bias=5.9 m_adv_std=32.8428 m_kl_max=0.0199 m_ratio_max=0.550 w_ax@goal=+1.14 w_v@goal=10.13 return=994.0 length=79 success_rate=1.00 collisions/ep=0.37 (n=27)
update=158 global_step=323584 SPS=727 w_ev=0.719 m_ev=0.995 m_v_bias=-0.9 m_adv_std=12.4122 m_kl_max=0.0373 m_ratio_max=1.192 w_ax@goal=+1.13 w_v@goal=10.15 return=1010.2 length=78 success_rate=1.00 collisions/ep=0.04 (n=24)
update=159 global_step=325632 SPS=729 w_ev=0.723 m_ev=0.997 m_v_bias=1.3 m_adv_std=9.3677 m_kl_max=0.0217 m_ratio_max=0.676 w_ax@goal=+1.27 w_v@goal=10.16 return=1001.0 length=79 success_rate=1.00 collisions/ep=0.23 (n=26)
update=160 global_step=327680 SPS=732 w_ev=0.566 m_ev=0.998 m_v_bias=-1.7 m_adv_std=6.4868 m_kl_max=0.0103 m_ratio_max=0.509 w_ax@goal=+1.30 w_v@goal=10.14 return=1012.5 length=80 success_rate=1.00 collisions/ep=0.00 (n=25)
Evaluation at update 160: return=1012.46, length=77.75, success_rate=1.00, collisions/ep=0.00
Solved-check at update 160: solved=True worst_gap=0.74 at p_x0=0.00 p_y0=-1.00 (consecutive=11)
update=161 global_step=329728 SPS=728 w_ev=0.487 m_ev=0.975 m_v_bias=5.9 m_adv_std=26.8970 m_kl_max=0.0330 m_ratio_max=2.224 w_ax@goal=+1.30 w_v@goal=10.11 return=992.5 length=78 success_rate=1.00 collisions/ep=0.43 (n=28)
update=162 global_step=331776 SPS=731 w_ev=0.666 m_ev=0.997 m_v_bias=-6.5 m_adv_std=8.2943 m_kl_max=0.0320 m_ratio_max=0.789 w_ax@goal=+1.40 w_v@goal=10.09 return=1010.6 length=80 success_rate=1.00 collisions/ep=0.04 (n=26)
update=163 global_step=333824 SPS=733 w_ev=0.559 m_ev=0.968 m_v_bias=3.6 m_adv_std=30.5807 m_kl_max=0.0150 m_ratio_max=0.702 w_ax@goal=+1.39 w_v@goal=10.13 return=998.6 length=79 success_rate=1.00 collisions/ep=0.28 (n=25)
update=164 global_step=335872 SPS=735 w_ev=0.533 m_ev=0.995 m_v_bias=-0.0 m_adv_std=11.5392 m_kl_max=0.0313 m_ratio_max=1.150 w_ax@goal=+1.28 w_v@goal=10.11 return=1006.7 length=79 success_rate=1.00 collisions/ep=0.12 (n=25)
update=165 global_step=337920 SPS=737 w_ev=0.508 m_ev=0.987 m_v_bias=1.4 m_adv_std=18.6798 m_kl_max=0.0212 m_ratio_max=0.759 w_ax@goal=+1.31 w_v@goal=10.11 return=1008.7 length=79 success_rate=1.00 collisions/ep=0.08 (n=26)
Evaluation at update 165: return=1012.56, length=77.55, success_rate=1.00, collisions/ep=0.00
Solved-check at update 165: solved=True worst_gap=0.57 at p_x0=0.00 p_y0=-1.00 (consecutive=12)
update=166 global_step=339968 SPS=733 w_ev=0.419 m_ev=0.997 m_v_bias=-1.8 m_adv_std=9.0641 m_kl_max=0.0494 m_ratio_max=2.189 w_ax@goal=+1.06 w_v@goal=10.10 return=1001.4 length=79 success_rate=1.00 collisions/ep=0.22 (n=27)
update=167 global_step=342016 SPS=735 w_ev=0.395 m_ev=0.986 m_v_bias=3.7 m_adv_std=19.6699 m_kl_max=0.0225 m_ratio_max=0.625 w_ax@goal=+1.04 w_v@goal=10.03 return=997.5 length=79 success_rate=1.00 collisions/ep=0.29 (n=24)
update=168 global_step=344064 SPS=737 w_ev=0.442 m_ev=0.997 m_v_bias=-5.1 m_adv_std=8.9906 m_kl_max=0.0163 m_ratio_max=0.844 w_ax@goal=+1.35 w_v@goal=10.05 return=1005.2 length=78 success_rate=1.00 collisions/ep=0.14 (n=29)
update=169 global_step=346112 SPS=740 w_ev=0.428 m_ev=0.992 m_v_bias=-0.2 m_adv_std=15.3283 m_kl_max=0.0085 m_ratio_max=0.448 w_ax@goal=+1.15 w_v@goal=10.10 return=1004.6 length=79 success_rate=1.00 collisions/ep=0.16 (n=25)
update=170 global_step=348160 SPS=742 w_ev=0.551 m_ev=0.998 m_v_bias=0.2 m_adv_std=7.3993 m_kl_max=0.0179 m_ratio_max=0.571 w_ax@goal=+1.14 w_v@goal=10.07 return=1008.0 length=79 success_rate=1.00 collisions/ep=0.08 (n=24)
Evaluation at update 170: return=1012.57, length=77.55, success_rate=1.00, collisions/ep=0.00
Solved-check at update 170: solved=True worst_gap=0.55 at p_x0=0.00 p_y0=1.00 (consecutive=13)
update=171 global_step=350208 SPS=738 w_ev=0.145 m_ev=0.832 m_v_bias=14.7 m_adv_std=78.3970 m_kl_max=0.0250 m_ratio_max=0.714 w_ax@goal=+0.94 w_v@goal=10.09 return=969.9 length=80 success_rate=1.00 collisions/ep=0.85 (n=26)
update=172 global_step=352256 SPS=740 w_ev=0.385 m_ev=0.972 m_v_bias=-17.0 m_adv_std=28.3934 m_kl_max=0.0197 m_ratio_max=1.148 w_ax@goal=+1.03 w_v@goal=10.06 return=1004.9 length=79 success_rate=1.00 collisions/ep=0.14 (n=28)
update=173 global_step=354304 SPS=742 w_ev=0.377 m_ev=0.993 m_v_bias=-0.4 m_adv_std=13.5145 m_kl_max=0.0148 m_ratio_max=0.553 w_ax@goal=+1.00 w_v@goal=10.01 return=1007.9 length=78 success_rate=1.00 collisions/ep=0.08 (n=26)
update=174 global_step=356352 SPS=744 w_ev=0.428 m_ev=0.998 m_v_bias=-1.2 m_adv_std=6.4527 m_kl_max=0.0114 m_ratio_max=0.569 w_ax@goal=+0.96 w_v@goal=10.06 return=1009.8 length=78 success_rate=1.00 collisions/ep=0.04 (n=26)
update=175 global_step=358400 SPS=746 w_ev=0.379 m_ev=0.998 m_v_bias=-0.7 m_adv_std=7.6121 m_kl_max=0.0109 m_ratio_max=0.634 w_ax@goal=+1.15 w_v@goal=10.06 return=1010.2 length=79 success_rate=1.00 collisions/ep=0.04 (n=24)
Evaluation at update 175: return=1012.51, length=77.70, success_rate=1.00, collisions/ep=0.00
Solved-check at update 175: solved=True worst_gap=0.66 at p_x0=0.00 p_y0=1.00 (consecutive=14)
update=176 global_step=360448 SPS=742 w_ev=0.386 m_ev=0.993 m_v_bias=1.6 m_adv_std=13.2706 m_kl_max=0.0764 m_ratio_max=4.981 w_ax@goal=+1.14 w_v@goal=10.14 return=1008.8 length=79 success_rate=1.00 collisions/ep=0.07 (n=28)
update=177 global_step=362496 SPS=744 w_ev=0.419 m_ev=0.992 m_v_bias=2.6 m_adv_std=14.7532 m_kl_max=0.0077 m_ratio_max=0.435 w_ax@goal=+1.14 w_v@goal=10.15 return=998.7 length=79 success_rate=1.00 collisions/ep=0.27 (n=26)
update=178 global_step=364544 SPS=746 w_ev=0.370 m_ev=0.982 m_v_bias=0.6 m_adv_std=22.9098 m_kl_max=0.0225 m_ratio_max=0.647 w_ax@goal=+1.02 w_v@goal=10.14 return=998.0 length=79 success_rate=1.00 collisions/ep=0.28 (n=25)
update=179 global_step=366592 SPS=749 w_ev=0.372 m_ev=0.992 m_v_bias=-0.3 m_adv_std=14.5763 m_kl_max=0.0115 m_ratio_max=0.656 w_ax@goal=+1.22 w_v@goal=10.14 return=1004.8 length=80 success_rate=1.00 collisions/ep=0.15 (n=26)
update=180 global_step=368640 SPS=751 w_ev=0.359 m_ev=0.996 m_v_bias=-1.9 m_adv_std=9.9507 m_kl_max=0.0279 m_ratio_max=0.816 w_ax@goal=+1.30 w_v@goal=10.13 return=1012.2 length=77 success_rate=1.00 collisions/ep=0.00 (n=27)
Evaluation at update 180: return=1012.52, length=77.65, success_rate=1.00, collisions/ep=0.00
Solved-check at update 180: solved=True worst_gap=0.66 at p_x0=0.00 p_y0=-1.00 (consecutive=15)
update=181 global_step=370688 SPS=747 w_ev=0.357 m_ev=0.997 m_v_bias=1.1 m_adv_std=9.4520 m_kl_max=0.0131 m_ratio_max=0.536 w_ax@goal=+1.22 w_v@goal=10.13 return=1004.4 length=79 success_rate=1.00 collisions/ep=0.15 (n=26)
update=182 global_step=372736 SPS=749 w_ev=0.491 m_ev=0.996 m_v_bias=0.9 m_adv_std=10.7122 m_kl_max=0.0215 m_ratio_max=0.772 w_ax@goal=+1.21 w_v@goal=10.15 return=1002.7 length=80 success_rate=1.00 collisions/ep=0.19 (n=26)
update=183 global_step=374784 SPS=751 w_ev=0.517 m_ev=0.996 m_v_bias=-0.3 m_adv_std=10.2820 m_kl_max=0.0339 m_ratio_max=1.606 w_ax@goal=+1.10 w_v@goal=10.09 return=1004.1 length=79 success_rate=1.00 collisions/ep=0.16 (n=25)
update=184 global_step=376832 SPS=753 w_ev=0.439 m_ev=0.998 m_v_bias=-4.4 m_adv_std=6.7462 m_kl_max=0.0142 m_ratio_max=0.910 w_ax@goal=+1.26 w_v@goal=10.07 return=1010.2 length=80 success_rate=1.00 collisions/ep=0.04 (n=25)
update=185 global_step=378880 SPS=755 w_ev=0.339 m_ev=0.990 m_v_bias=4.5 m_adv_std=16.3910 m_kl_max=0.0288 m_ratio_max=0.790 w_ax@goal=+1.18 w_v@goal=10.13 return=1000.3 length=80 success_rate=1.00 collisions/ep=0.24 (n=25)
Evaluation at update 185: return=1012.52, length=77.65, success_rate=1.00, collisions/ep=0.00
Solved-check at update 185: solved=True worst_gap=0.64 at p_x0=0.00 p_y0=1.00 (consecutive=16)
update=186 global_step=380928 SPS=751 w_ev=0.550 m_ev=0.998 m_v_bias=-3.6 m_adv_std=6.6667 m_kl_max=0.0152 m_ratio_max=0.585 w_ax@goal=+1.14 w_v@goal=10.12 return=1008.4 length=79 success_rate=1.00 collisions/ep=0.07 (n=27)
update=187 global_step=382976 SPS=753 w_ev=0.494 m_ev=0.997 m_v_bias=-0.4 m_adv_std=8.3391 m_kl_max=0.0256 m_ratio_max=0.899 w_ax@goal=+1.16 w_v@goal=10.12 return=1008.5 length=79 success_rate=1.00 collisions/ep=0.07 (n=27)
update=188 global_step=385024 SPS=755 w_ev=0.445 m_ev=0.999 m_v_bias=-0.2 m_adv_std=4.9345 m_kl_max=0.0131 m_ratio_max=0.497 w_ax@goal=+1.19 w_v@goal=10.14 return=1008.4 length=78 success_rate=1.00 collisions/ep=0.08 (n=25)
update=189 global_step=387072 SPS=757 w_ev=0.371 m_ev=0.976 m_v_bias=9.2 m_adv_std=26.2004 m_kl_max=0.0125 m_ratio_max=0.464 w_ax@goal=+1.18 w_v@goal=10.12 return=991.5 length=80 success_rate=1.00 collisions/ep=0.46 (n=26)
update=190 global_step=389120 SPS=759 w_ev=0.323 m_ev=0.952 m_v_bias=4.8 m_adv_std=39.6456 m_kl_max=0.0105 m_ratio_max=0.499 w_ax@goal=+1.29 w_v@goal=10.14 return=997.7 length=80 success_rate=1.00 collisions/ep=0.30 (n=27)
Evaluation at update 190: return=1012.63, length=77.55, success_rate=1.00, collisions/ep=0.00
Solved-check at update 190: solved=True worst_gap=0.50 at p_x0=0.00 p_y0=1.00 (consecutive=17)
update=191 global_step=391168 SPS=756 w_ev=0.368 m_ev=0.988 m_v_bias=-8.9 m_adv_std=18.8144 m_kl_max=0.0092 m_ratio_max=0.627 w_ax@goal=+1.25 w_v@goal=10.07 return=983.8 length=80 success_rate=1.00 collisions/ep=0.58 (n=24)
update=192 global_step=393216 SPS=758 w_ev=0.350 m_ev=0.996 m_v_bias=-1.0 m_adv_std=10.2552 m_kl_max=0.0249 m_ratio_max=0.785 w_ax@goal=+1.34 w_v@goal=10.14 return=1008.9 length=80 success_rate=1.00 collisions/ep=0.08 (n=25)
update=193 global_step=395264 SPS=760 w_ev=0.289 m_ev=0.998 m_v_bias=0.2 m_adv_std=7.4810 m_kl_max=0.0172 m_ratio_max=0.960 w_ax@goal=+1.42 w_v@goal=10.13 return=1008.9 length=80 success_rate=1.00 collisions/ep=0.08 (n=26)
update=194 global_step=397312 SPS=762 w_ev=0.451 m_ev=0.995 m_v_bias=0.7 m_adv_std=12.3252 m_kl_max=0.0101 m_ratio_max=0.449 w_ax@goal=+1.18 w_v@goal=10.08 return=1008.8 length=80 success_rate=1.00 collisions/ep=0.08 (n=26)
update=195 global_step=399360 SPS=764 w_ev=0.372 m_ev=0.992 m_v_bias=0.8 m_adv_std=14.5373 m_kl_max=0.0238 m_ratio_max=0.447 w_ax@goal=+1.26 w_v@goal=10.04 return=1001.1 length=80 success_rate=1.00 collisions/ep=0.23 (n=26)
Evaluation at update 195: return=1012.67, length=77.35, success_rate=1.00, collisions/ep=0.00
Solved-check at update 195: solved=True worst_gap=0.43 at p_x0=0.00 p_y0=-1.00 (consecutive=18)
update=196 global_step=401408 SPS=760 w_ev=0.263 m_ev=0.998 m_v_bias=-1.8 m_adv_std=7.8250 m_kl_max=0.0200 m_ratio_max=0.647 w_ax@goal=+1.59 w_v@goal=10.12 return=1010.6 length=77 success_rate=1.00 collisions/ep=0.04 (n=26)
update=197 global_step=403456 SPS=762 w_ev=0.328 m_ev=1.000 m_v_bias=-1.9 m_adv_std=2.9392 m_kl_max=0.0172 m_ratio_max=0.596 w_ax@goal=+1.40 w_v@goal=10.16 return=1010.7 length=77 success_rate=1.00 collisions/ep=0.04 (n=27)
update=198 global_step=405504 SPS=764 w_ev=0.264 m_ev=0.997 m_v_bias=1.8 m_adv_std=8.7303 m_kl_max=0.0235 m_ratio_max=0.859 w_ax@goal=+1.17 w_v@goal=10.15 return=1008.9 length=79 success_rate=1.00 collisions/ep=0.08 (n=25)
update=199 global_step=407552 SPS=766 w_ev=0.404 m_ev=0.998 m_v_bias=0.8 m_adv_std=6.9158 m_kl_max=0.0135 m_ratio_max=0.641 w_ax@goal=+1.20 w_v@goal=10.14 return=1010.5 length=79 success_rate=1.00 collisions/ep=0.04 (n=25)
update=200 global_step=409600 SPS=768 w_ev=0.462 m_ev=0.990 m_v_bias=0.5 m_adv_std=16.4706 m_kl_max=0.0180 m_ratio_max=1.125 w_ax@goal=+1.41 w_v@goal=10.09 return=1007.6 length=79 success_rate=1.00 collisions/ep=0.10 (n=29)
Evaluation at update 200: return=1012.72, length=77.30, success_rate=1.00, collisions/ep=0.00
Solved-check at update 200: solved=True worst_gap=0.36 at p_x0=0.00 p_y0=1.00 (consecutive=19)
update=201 global_step=411648 SPS=764 w_ev=0.450 m_ev=1.000 m_v_bias=-1.2 m_adv_std=3.4648 m_kl_max=0.0106 m_ratio_max=0.451 w_ax@goal=+1.32 w_v@goal=10.15 return=1012.7 length=80 success_rate=1.00 collisions/ep=0.00 (n=25)
update=202 global_step=413696 SPS=766 w_ev=0.356 m_ev=0.999 m_v_bias=0.4 m_adv_std=5.5583 m_kl_max=0.0236 m_ratio_max=0.760 w_ax@goal=+1.30 w_v@goal=10.15 return=1010.5 length=78 success_rate=1.00 collisions/ep=0.04 (n=25)
update=203 global_step=415744 SPS=768 w_ev=0.291 m_ev=1.000 m_v_bias=-0.8 m_adv_std=2.8606 m_kl_max=0.0065 m_ratio_max=0.348 w_ax@goal=+1.18 w_v@goal=10.14 return=1012.3 length=77 success_rate=1.00 collisions/ep=0.00 (n=27)
update=204 global_step=417792 SPS=770 w_ev=0.355 m_ev=0.999 m_v_bias=-0.3 m_adv_std=3.8682 m_kl_max=0.0097 m_ratio_max=0.467 w_ax@goal=+1.35 w_v@goal=10.14 return=1012.8 length=80 success_rate=1.00 collisions/ep=0.00 (n=27)
update=205 global_step=419840 SPS=772 w_ev=0.404 m_ev=0.993 m_v_bias=3.6 m_adv_std=13.7349 m_kl_max=0.0159 m_ratio_max=0.530 w_ax@goal=+1.39 w_v@goal=10.17 return=1000.9 length=80 success_rate=1.00 collisions/ep=0.24 (n=25)
Evaluation at update 205: return=1012.81, length=77.30, success_rate=1.00, collisions/ep=0.00
Solved-check at update 205: solved=True worst_gap=0.29 at p_x0=0.00 p_y0=1.00 (consecutive=20)
update=206 global_step=421888 SPS=768 w_ev=0.513 m_ev=0.998 m_v_bias=-0.8 m_adv_std=8.0619 m_kl_max=0.0107 m_ratio_max=0.614 w_ax@goal=+1.12 w_v@goal=10.17 return=1008.9 length=80 success_rate=1.00 collisions/ep=0.08 (n=25)
update=207 global_step=423936 SPS=770 w_ev=0.532 m_ev=0.994 m_v_bias=1.6 m_adv_std=12.8764 m_kl_max=0.0175 m_ratio_max=0.631 w_ax@goal=+1.18 w_v@goal=10.15 return=1006.7 length=79 success_rate=1.00 collisions/ep=0.12 (n=26)
update=208 global_step=425984 SPS=772 w_ev=0.457 m_ev=0.994 m_v_bias=-0.7 m_adv_std=12.8249 m_kl_max=0.0199 m_ratio_max=1.137 w_ax@goal=+1.02 w_v@goal=10.14 return=1003.3 length=80 success_rate=1.00 collisions/ep=0.19 (n=26)
update=209 global_step=428032 SPS=774 w_ev=0.460 m_ev=0.996 m_v_bias=0.8 m_adv_std=10.6535 m_kl_max=0.0094 m_ratio_max=0.457 w_ax@goal=+1.19 w_v@goal=10.12 return=1005.4 length=80 success_rate=1.00 collisions/ep=0.15 (n=27)
update=210 global_step=430080 SPS=775 w_ev=0.709 m_ev=0.999 m_v_bias=-1.7 m_adv_std=4.4245 m_kl_max=0.0186 m_ratio_max=0.687 w_ax@goal=+1.17 w_v@goal=10.16 return=1011.0 length=81 success_rate=1.00 collisions/ep=0.04 (n=25)
Evaluation at update 210: return=1012.73, length=77.30, success_rate=1.00, collisions/ep=0.00
Solved-check at update 210: solved=True worst_gap=0.38 at p_x0=0.00 p_y0=1.00 (consecutive=21)
update=211 global_step=432128 SPS=771 w_ev=0.754 m_ev=0.998 m_v_bias=-0.1 m_adv_std=7.5480 m_kl_max=0.0117 m_ratio_max=0.498 w_ax@goal=+1.27 w_v@goal=10.14 return=1008.9 length=80 success_rate=1.00 collisions/ep=0.08 (n=25)
update=212 global_step=434176 SPS=773 w_ev=0.557 m_ev=0.986 m_v_bias=2.6 m_adv_std=19.9226 m_kl_max=0.0215 m_ratio_max=0.741 w_ax@goal=+1.15 w_v@goal=10.10 return=998.2 length=79 success_rate=1.00 collisions/ep=0.29 (n=24)
update=213 global_step=436224 SPS=775 w_ev=0.533 m_ev=0.991 m_v_bias=-0.1 m_adv_std=16.2568 m_kl_max=0.0093 m_ratio_max=0.444 w_ax@goal=+1.23 w_v@goal=10.17 return=1003.7 length=80 success_rate=1.00 collisions/ep=0.18 (n=28)
update=214 global_step=438272 SPS=777 w_ev=0.591 m_ev=0.996 m_v_bias=-1.4 m_adv_std=10.5775 m_kl_max=0.0256 m_ratio_max=0.892 w_ax@goal=+1.25 w_v@goal=10.13 return=998.5 length=80 success_rate=1.00 collisions/ep=0.28 (n=25)
update=215 global_step=440320 SPS=779 w_ev=0.451 m_ev=0.996 m_v_bias=0.1 m_adv_std=9.9542 m_kl_max=0.0115 m_ratio_max=0.639 w_ax@goal=+1.47 w_v@goal=10.11 return=1003.0 length=80 success_rate=1.00 collisions/ep=0.20 (n=25)
Evaluation at update 215: return=1012.70, length=77.30, success_rate=1.00, collisions/ep=0.00
Solved-check at update 215: solved=True worst_gap=0.42 at p_x0=0.00 p_y0=1.00 (consecutive=22)
update=216 global_step=442368 SPS=775 w_ev=0.528 m_ev=0.996 m_v_bias=-1.2 m_adv_std=10.8212 m_kl_max=0.0113 m_ratio_max=0.487 w_ax@goal=+1.34 w_v@goal=10.15 return=1012.7 length=79 success_rate=1.00 collisions/ep=0.00 (n=26)
update=217 global_step=444416 SPS=777 w_ev=0.561 m_ev=0.996 m_v_bias=1.3 m_adv_std=11.1218 m_kl_max=0.0163 m_ratio_max=0.636 w_ax@goal=+1.44 w_v@goal=10.18 return=1000.3 length=79 success_rate=1.00 collisions/ep=0.25 (n=28)
update=218 global_step=446464 SPS=779 w_ev=0.531 m_ev=0.986 m_v_bias=1.5 m_adv_std=20.3811 m_kl_max=0.0111 m_ratio_max=0.461 w_ax@goal=+1.35 w_v@goal=10.19 return=1000.1 length=80 success_rate=1.00 collisions/ep=0.25 (n=24)
update=219 global_step=448512 SPS=780 w_ev=0.655 m_ev=0.992 m_v_bias=-5.3 m_adv_std=13.9382 m_kl_max=0.0157 m_ratio_max=0.689 w_ax@goal=+1.34 w_v@goal=10.14 return=999.2 length=78 success_rate=1.00 collisions/ep=0.27 (n=26)
update=220 global_step=450560 SPS=782 w_ev=0.699 m_ev=0.994 m_v_bias=0.6 m_adv_std=12.6801 m_kl_max=0.0047 m_ratio_max=0.352 w_ax@goal=+1.07 w_v@goal=10.15 return=1005.2 length=79 success_rate=1.00 collisions/ep=0.15 (n=27)
Evaluation at update 220: return=1012.65, length=77.40, success_rate=1.00, collisions/ep=0.00
Solved-check at update 220: solved=True worst_gap=0.48 at p_x0=0.00 p_y0=1.00 (consecutive=23)
update=221 global_step=452608 SPS=779 w_ev=0.715 m_ev=0.996 m_v_bias=0.5 m_adv_std=11.3010 m_kl_max=0.0259 m_ratio_max=1.163 w_ax@goal=+1.06 w_v@goal=10.17 return=1005.1 length=78 success_rate=1.00 collisions/ep=0.15 (n=27)
update=222 global_step=454656 SPS=780 w_ev=0.759 m_ev=0.993 m_v_bias=2.0 m_adv_std=14.2628 m_kl_max=0.0102 m_ratio_max=0.721 w_ax@goal=+1.19 w_v@goal=10.19 return=1006.1 length=79 success_rate=1.00 collisions/ep=0.12 (n=24)
update=223 global_step=456704 SPS=782 w_ev=0.717 m_ev=0.989 m_v_bias=0.6 m_adv_std=17.0949 m_kl_max=0.0102 m_ratio_max=0.536 w_ax@goal=+0.88 w_v@goal=10.13 return=1006.0 length=78 success_rate=1.00 collisions/ep=0.12 (n=25)
update=224 global_step=458752 SPS=784 w_ev=0.824 m_ev=0.994 m_v_bias=1.8 m_adv_std=13.2984 m_kl_max=0.0175 m_ratio_max=0.914 w_ax@goal=+1.06 w_v@goal=10.15 return=1001.6 length=79 success_rate=1.00 collisions/ep=0.22 (n=27)
update=225 global_step=460800 SPS=785 w_ev=0.807 m_ev=0.996 m_v_bias=-0.5 m_adv_std=10.3909 m_kl_max=0.0182 m_ratio_max=1.074 w_ax@goal=+1.10 w_v@goal=10.14 return=1003.0 length=79 success_rate=1.00 collisions/ep=0.19 (n=26)
Evaluation at update 225: return=1012.73, length=77.35, success_rate=1.00, collisions/ep=0.00
Solved-check at update 225: solved=True worst_gap=0.46 at p_x0=0.00 p_y0=1.00 (consecutive=24)
update=226 global_step=462848 SPS=782 w_ev=0.683 m_ev=0.997 m_v_bias=-0.8 m_adv_std=8.8789 m_kl_max=0.0105 m_ratio_max=0.776 w_ax@goal=+0.98 w_v@goal=10.19 return=1006.6 length=80 success_rate=1.00 collisions/ep=0.12 (n=25)
update=227 global_step=464896 SPS=784 w_ev=0.754 m_ev=0.996 m_v_bias=1.0 m_adv_std=10.2775 m_kl_max=0.0076 m_ratio_max=0.682 w_ax@goal=+0.89 w_v@goal=10.15 return=1007.2 length=81 success_rate=1.00 collisions/ep=0.12 (n=26)
update=228 global_step=466944 SPS=785 w_ev=0.558 m_ev=0.950 m_v_bias=6.5 m_adv_std=38.4586 m_kl_max=0.0216 m_ratio_max=0.568 w_ax@goal=+0.97 w_v@goal=10.15 return=992.0 length=78 success_rate=1.00 collisions/ep=0.41 (n=27)
update=229 global_step=468992 SPS=787 w_ev=0.551 m_ev=0.986 m_v_bias=2.6 m_adv_std=19.6856 m_kl_max=0.0059 m_ratio_max=0.395 w_ax@goal=+0.87 w_v@goal=10.12 return=1002.7 length=79 success_rate=1.00 collisions/ep=0.19 (n=27)
update=230 global_step=471040 SPS=788 w_ev=0.832 m_ev=0.994 m_v_bias=-0.3 m_adv_std=12.3808 m_kl_max=0.0132 m_ratio_max=0.457 w_ax@goal=+0.83 w_v@goal=10.15 return=1006.1 length=80 success_rate=1.00 collisions/ep=0.12 (n=24)
Evaluation at update 230: return=1012.76, length=77.35, success_rate=1.00, collisions/ep=0.00
Solved-check at update 230: solved=True worst_gap=0.46 at p_x0=0.00 p_y0=1.00 (consecutive=25)
update=231 global_step=473088 SPS=785 w_ev=0.848 m_ev=0.994 m_v_bias=-1.3 m_adv_std=13.1324 m_kl_max=0.0055 m_ratio_max=0.540 w_ax@goal=+1.13 w_v@goal=10.18 return=1004.9 length=78 success_rate=1.00 collisions/ep=0.15 (n=27)
update=232 global_step=475136 SPS=786 w_ev=0.856 m_ev=0.999 m_v_bias=-2.9 m_adv_std=4.9300 m_kl_max=0.0088 m_ratio_max=0.444 w_ax@goal=+0.89 w_v@goal=10.15 return=1012.2 length=80 success_rate=1.00 collisions/ep=0.00 (n=25)
update=233 global_step=477184 SPS=788 w_ev=0.752 m_ev=0.995 m_v_bias=0.8 m_adv_std=11.7348 m_kl_max=0.0199 m_ratio_max=1.168 w_ax@goal=+0.94 w_v@goal=10.16 return=1004.4 length=79 success_rate=1.00 collisions/ep=0.16 (n=25)
update=234 global_step=479232 SPS=789 w_ev=0.817 m_ev=0.994 m_v_bias=-1.1 m_adv_std=12.6583 m_kl_max=0.0098 m_ratio_max=0.412 w_ax@goal=+1.20 w_v@goal=10.16 return=1009.2 length=80 success_rate=1.00 collisions/ep=0.08 (n=26)
update=235 global_step=481280 SPS=791 w_ev=0.496 m_ev=0.967 m_v_bias=8.4 m_adv_std=30.8364 m_kl_max=0.0077 m_ratio_max=0.334 w_ax@goal=+1.08 w_v@goal=10.16 return=983.8 length=79 success_rate=1.00 collisions/ep=0.58 (n=26)
Evaluation at update 235: return=1012.68, length=77.35, success_rate=1.00, collisions/ep=0.00
Solved-check at update 235: solved=True worst_gap=0.49 at p_x0=0.00 p_y0=1.00 (consecutive=26)
update=236 global_step=483328 SPS=787 w_ev=0.820 m_ev=0.992 m_v_bias=-5.0 m_adv_std=14.7796 m_kl_max=0.0174 m_ratio_max=0.978 w_ax@goal=+1.17 w_v@goal=10.23 return=1007.2 length=78 success_rate=1.00 collisions/ep=0.11 (n=27)
update=237 global_step=485376 SPS=789 w_ev=0.846 m_ev=0.998 m_v_bias=-3.0 m_adv_std=6.9805 m_kl_max=0.0061 m_ratio_max=0.361 w_ax@goal=+0.92 w_v@goal=10.21 return=1010.3 length=78 success_rate=1.00 collisions/ep=0.04 (n=25)
update=238 global_step=487424 SPS=790 w_ev=0.731 m_ev=0.988 m_v_bias=3.9 m_adv_std=18.5582 m_kl_max=0.0131 m_ratio_max=0.477 w_ax@goal=+0.91 w_v@goal=10.17 return=998.6 length=80 success_rate=1.00 collisions/ep=0.28 (n=25)
update=239 global_step=489472 SPS=792 w_ev=0.873 m_ev=0.994 m_v_bias=-3.6 m_adv_std=12.2287 m_kl_max=0.0124 m_ratio_max=0.659 w_ax@goal=+1.15 w_v@goal=10.19 return=1005.1 length=78 success_rate=1.00 collisions/ep=0.14 (n=28)
update=240 global_step=491520 SPS=793 w_ev=0.688 m_ev=0.937 m_v_bias=5.4 m_adv_std=44.1301 m_kl_max=0.0216 m_ratio_max=1.085 w_ax@goal=+1.13 w_v@goal=10.20 return=994.0 length=79 success_rate=1.00 collisions/ep=0.37 (n=27)
Evaluation at update 240: return=1012.72, length=77.35, success_rate=1.00, collisions/ep=0.00
Solved-check at update 240: solved=True worst_gap=0.49 at p_x0=0.00 p_y0=1.00 (consecutive=27)
update=241 global_step=493568 SPS=790 w_ev=0.808 m_ev=0.988 m_v_bias=-1.8 m_adv_std=18.6618 m_kl_max=0.0153 m_ratio_max=0.553 w_ax@goal=+1.17 w_v@goal=10.17 return=992.2 length=81 success_rate=1.00 collisions/ep=0.42 (n=24)
update=242 global_step=495616 SPS=791 w_ev=0.817 m_ev=0.982 m_v_bias=-3.0 m_adv_std=21.8864 m_kl_max=0.0068 m_ratio_max=0.383 w_ax@goal=+1.16 w_v@goal=10.21 return=996.6 length=78 success_rate=1.00 collisions/ep=0.32 (n=25)
update=243 global_step=497664 SPS=793 w_ev=0.732 m_ev=0.967 m_v_bias=2.0 m_adv_std=30.4453 m_kl_max=0.0287 m_ratio_max=1.557 w_ax@goal=+1.21 w_v@goal=10.22 return=1008.7 length=78 success_rate=1.00 collisions/ep=0.08 (n=26)
update=244 global_step=499712 SPS=795 w_ev=0.806 m_ev=0.992 m_v_bias=-4.7 m_adv_std=15.2721 m_kl_max=0.0190 m_ratio_max=0.767 w_ax@goal=+1.28 w_v@goal=10.27 return=996.7 length=79 success_rate=1.00 collisions/ep=0.32 (n=28)
Saved checkpoints to C:\Users\loren\Desktop\MASTER THESIS\5_CODE\scenarios\slalom\studies\extrinsic_sweep\coef_0.01\runs\hppo_slalom_9_1790268757
