Using device: cpu
Solved-check: precomputed optimal returns for 25 fixed initial conditions (mean=1013.0, min=1011.0, max=1015.0); solved-tolerance=5.0
batch_size=1024 minibatch_size=256 num_updates=488 timesteps=499712 (requested 500000; 288 dropped by integer division)
update=1 global_step=1024 SPS=1252 ev=0.000 v_bias=6.7 return=761.4 length=108 success_rate=1.00 collisions/ep=4.33 (n=3)
update=2 global_step=2048 SPS=1381 ev=0.665 v_bias=46.5 return=-925.8 length=200 success_rate=0.00 collisions/ep=14.80 (n=5)
update=3 global_step=3072 SPS=1423 ev=0.413 v_bias=21.4 return=-429.4 length=179 success_rate=0.25 collisions/ep=11.00 (n=4)
update=4 global_step=4096 SPS=1407 ev=0.315 v_bias=15.8 return=-596.5 length=200 success_rate=0.00 collisions/ep=8.29 (n=7)
update=5 global_step=5120 SPS=1433 ev=0.258 v_bias=-12.1 return=-61.8 length=166 success_rate=0.57 collisions/ep=10.71 (n=7)
update=6 global_step=6144 SPS=1471 ev=0.552 v_bias=-22.0 return=572.3 length=118 success_rate=1.00 collisions/ep=8.20 (n=5)
update=7 global_step=7168 SPS=1465 ev=0.597 v_bias=-47.5 return=339.8 length=147 success_rate=0.80 collisions/ep=8.00 (n=10)
update=8 global_step=8192 SPS=1481 ev=0.808 v_bias=-70.2 return=221.6 length=143 success_rate=0.62 collisions/ep=6.75 (n=8)
update=9 global_step=9216 SPS=1470 ev=0.835 v_bias=-69.1 return=686.9 length=95 success_rate=1.00 collisions/ep=6.18 (n=11)
update=10 global_step=10240 SPS=1482 ev=0.937 v_bias=-58.7 return=643.0 length=86 success_rate=1.00 collisions/ep=7.17 (n=12)
Evaluation at update 10: return=643.96, length=84.30, success_rate=1.00, collisions/ep=7.25
Solved-check at update 10: solved=False worst_gap=557.00 at p_x0=1.00 p_y0=-0.50 (consecutive=0)
update=11 global_step=11264 SPS=825 ev=0.965 v_bias=-49.7 return=740.4 length=92 success_rate=1.00 collisions/ep=5.17 (n=12)
update=12 global_step=12288 SPS=859 ev=0.964 v_bias=-38.4 return=766.0 length=91 success_rate=1.00 collisions/ep=4.70 (n=10)
update=13 global_step=13312 SPS=892 ev=0.967 v_bias=-22.1 return=739.4 length=87 success_rate=1.00 collisions/ep=5.29 (n=14)
update=14 global_step=14336 SPS=916 ev=0.931 v_bias=-9.8 return=800.8 length=87 success_rate=1.00 collisions/ep=4.11 (n=9)
update=15 global_step=15360 SPS=943 ev=0.965 v_bias=-25.3 return=787.6 length=91 success_rate=1.00 collisions/ep=4.25 (n=12)
update=16 global_step=16384 SPS=966 ev=0.949 v_bias=3.7 return=774.0 length=85 success_rate=1.00 collisions/ep=4.67 (n=12)
update=17 global_step=17408 SPS=985 ev=0.973 v_bias=-3.7 return=773.5 length=81 success_rate=1.00 collisions/ep=4.67 (n=12)
update=18 global_step=18432 SPS=1003 ev=0.971 v_bias=-9.6 return=832.9 length=84 success_rate=1.00 collisions/ep=3.54 (n=13)
update=19 global_step=19456 SPS=1024 ev=0.973 v_bias=-9.2 return=816.0 length=85 success_rate=1.00 collisions/ep=3.92 (n=13)
update=20 global_step=20480 SPS=1043 ev=0.964 v_bias=-3.3 return=879.4 length=83 success_rate=1.00 collisions/ep=2.60 (n=10)
Evaluation at update 20: return=822.48, length=80.80, success_rate=1.00, collisions/ep=3.75
Solved-check at update 20: solved=False worst_gap=554.87 at p_x0=2.00 p_y0=-1.00 (consecutive=0)
update=21 global_step=21504 SPS=823 ev=0.955 v_bias=-4.0 return=797.0 length=84 success_rate=1.00 collisions/ep=4.21 (n=14)
update=22 global_step=22528 SPS=840 ev=0.971 v_bias=-9.0 return=895.1 length=84 success_rate=1.00 collisions/ep=2.27 (n=11)
update=23 global_step=23552 SPS=856 ev=0.972 v_bias=1.9 return=862.3 length=82 success_rate=1.00 collisions/ep=2.93 (n=15)
update=24 global_step=24576 SPS=871 ev=0.956 v_bias=5.9 return=898.8 length=80 success_rate=1.00 collisions/ep=2.20 (n=10)
update=25 global_step=25600 SPS=887 ev=0.970 v_bias=3.6 return=792.3 length=86 success_rate=1.00 collisions/ep=4.40 (n=15)
update=26 global_step=26624 SPS=903 ev=0.942 v_bias=1.1 return=895.5 length=81 success_rate=1.00 collisions/ep=2.27 (n=11)
update=27 global_step=27648 SPS=917 ev=0.968 v_bias=-15.0 return=889.5 length=83 success_rate=1.00 collisions/ep=2.46 (n=13)
update=28 global_step=28672 SPS=928 ev=0.956 v_bias=3.1 return=903.9 length=80 success_rate=1.00 collisions/ep=2.08 (n=12)
update=29 global_step=29696 SPS=940 ev=0.981 v_bias=-10.0 return=922.0 length=83 success_rate=1.00 collisions/ep=1.75 (n=12)
update=30 global_step=30720 SPS=951 ev=0.988 v_bias=-12.9 return=953.8 length=81 success_rate=1.00 collisions/ep=1.09 (n=11)
Evaluation at update 30: return=1005.49, length=80.05, success_rate=1.00, collisions/ep=0.10
Solved-check at update 30: solved=False worst_gap=53.59 at p_x0=2.00 p_y0=-1.00 (consecutive=0)
update=31 global_step=31744 SPS=817 ev=0.989 v_bias=-8.0 return=989.3 length=80 success_rate=1.00 collisions/ep=0.47 (n=15)
update=32 global_step=32768 SPS=828 ev=0.972 v_bias=5.7 return=955.2 length=83 success_rate=1.00 collisions/ep=1.08 (n=12)
update=33 global_step=33792 SPS=837 ev=0.987 v_bias=-2.9 return=956.2 length=82 success_rate=1.00 collisions/ep=1.08 (n=13)
update=34 global_step=34816 SPS=848 ev=0.987 v_bias=-4.7 return=972.6 length=82 success_rate=1.00 collisions/ep=0.83 (n=12)
update=35 global_step=35840 SPS=857 ev=0.989 v_bias=-2.3 return=987.4 length=82 success_rate=1.00 collisions/ep=0.54 (n=13)
update=36 global_step=36864 SPS=864 ev=0.986 v_bias=-2.7 return=969.4 length=82 success_rate=1.00 collisions/ep=1.00 (n=12)
update=37 global_step=37888 SPS=875 ev=0.996 v_bias=-4.2 return=1006.1 length=82 success_rate=1.00 collisions/ep=0.08 (n=12)
update=38 global_step=38912 SPS=884 ev=0.984 v_bias=2.9 return=981.7 length=81 success_rate=1.00 collisions/ep=0.58 (n=12)
update=39 global_step=39936 SPS=894 ev=0.997 v_bias=-3.1 return=989.3 length=79 success_rate=1.00 collisions/ep=0.43 (n=14)
update=40 global_step=40960 SPS=903 ev=0.992 v_bias=3.9 return=976.4 length=82 success_rate=1.00 collisions/ep=0.69 (n=13)
Evaluation at update 40: return=1006.21, length=79.60, success_rate=1.00, collisions/ep=0.10
Solved-check at update 40: solved=False worst_gap=51.94 at p_x0=2.00 p_y0=-1.00 (consecutive=0)
update=41 global_step=41984 SPS=812 ev=0.998 v_bias=-3.0 return=1001.8 length=80 success_rate=1.00 collisions/ep=0.17 (n=12)
update=42 global_step=43008 SPS=821 ev=0.996 v_bias=-1.3 return=1000.8 length=83 success_rate=1.00 collisions/ep=0.21 (n=14)
update=43 global_step=44032 SPS=829 ev=0.997 v_bias=-0.6 return=997.1 length=79 success_rate=1.00 collisions/ep=0.27 (n=11)
update=44 global_step=45056 SPS=838 ev=0.998 v_bias=-1.1 return=1000.5 length=84 success_rate=1.00 collisions/ep=0.21 (n=14)
update=45 global_step=46080 SPS=847 ev=0.981 v_bias=7.3 return=986.3 length=78 success_rate=1.00 collisions/ep=0.50 (n=10)
update=46 global_step=47104 SPS=855 ev=0.998 v_bias=-3.8 return=975.3 length=80 success_rate=1.00 collisions/ep=0.79 (n=14)
update=47 global_step=48128 SPS=862 ev=0.999 v_bias=-4.0 return=1006.9 length=78 success_rate=1.00 collisions/ep=0.07 (n=14)
update=48 global_step=49152 SPS=868 ev=0.995 v_bias=-0.9 return=998.5 length=79 success_rate=1.00 collisions/ep=0.25 (n=12)
update=49 global_step=50176 SPS=877 ev=0.998 v_bias=-0.5 return=1004.1 length=82 success_rate=1.00 collisions/ep=0.21 (n=14)
update=50 global_step=51200 SPS=884 ev=0.998 v_bias=-1.8 return=1007.0 length=81 success_rate=1.00 collisions/ep=0.08 (n=12)
Evaluation at update 50: return=1011.61, length=79.15, success_rate=1.00, collisions/ep=0.00
Solved-check at update 50: solved=True worst_gap=2.65 at p_x0=0.00 p_y0=1.00 (consecutive=0)
update=51 global_step=52224 SPS=814 ev=0.996 v_bias=0.7 return=998.7 length=80 success_rate=1.00 collisions/ep=0.25 (n=12)
update=52 global_step=53248 SPS=821 ev=0.999 v_bias=0.2 return=1007.8 length=80 success_rate=1.00 collisions/ep=0.07 (n=14)
update=53 global_step=54272 SPS=827 ev=0.995 v_bias=0.9 return=1003.0 length=82 success_rate=1.00 collisions/ep=0.18 (n=11)
update=54 global_step=55296 SPS=834 ev=0.996 v_bias=1.0 return=989.9 length=79 success_rate=1.00 collisions/ep=0.43 (n=14)
update=55 global_step=56320 SPS=840 ev=0.999 v_bias=-2.0 return=1011.9 length=79 success_rate=1.00 collisions/ep=0.00 (n=12)
update=56 global_step=57344 SPS=847 ev=0.992 v_bias=1.1 return=1012.2 length=82 success_rate=1.00 collisions/ep=0.00 (n=13)
update=57 global_step=58368 SPS=854 ev=0.998 v_bias=-0.1 return=988.1 length=79 success_rate=1.00 collisions/ep=0.47 (n=15)
update=58 global_step=59392 SPS=859 ev=0.996 v_bias=-1.0 return=1001.9 length=79 success_rate=1.00 collisions/ep=0.18 (n=11)
update=59 global_step=60416 SPS=866 ev=1.000 v_bias=-1.1 return=1011.4 length=79 success_rate=1.00 collisions/ep=0.00 (n=13)
update=60 global_step=61440 SPS=872 ev=0.999 v_bias=-0.1 return=1007.8 length=80 success_rate=1.00 collisions/ep=0.08 (n=13)
Evaluation at update 60: return=1011.80, length=79.05, success_rate=1.00, collisions/ep=0.00
Solved-check at update 60: solved=True worst_gap=2.41 at p_x0=0.00 p_y0=1.00 (consecutive=1)
Solved criterion held for 2 consecutive evals (tolerance=5.0) at global_step=61440.
update=61 global_step=62464 SPS=812 ev=1.000 v_bias=-1.1 return=1010.9 length=79 success_rate=1.00 collisions/ep=0.00 (n=12)
update=62 global_step=63488 SPS=818 ev=1.000 v_bias=-0.4 return=1011.5 length=81 success_rate=1.00 collisions/ep=0.00 (n=15)
update=63 global_step=64512 SPS=824 ev=1.000 v_bias=-1.1 return=1012.0 length=82 success_rate=1.00 collisions/ep=0.00 (n=10)
update=64 global_step=65536 SPS=830 ev=1.000 v_bias=-0.7 return=1011.9 length=79 success_rate=1.00 collisions/ep=0.00 (n=14)
update=65 global_step=66560 SPS=835 ev=0.993 v_bias=4.9 return=991.0 length=81 success_rate=1.00 collisions/ep=0.86 (n=14)
update=66 global_step=67584 SPS=840 ev=0.999 v_bias=-0.5 return=1002.3 length=81 success_rate=1.00 collisions/ep=0.30 (n=10)
update=67 global_step=68608 SPS=845 ev=1.000 v_bias=-1.4 return=1012.4 length=81 success_rate=1.00 collisions/ep=0.00 (n=15)
update=68 global_step=69632 SPS=849 ev=1.000 v_bias=-1.5 return=1011.8 length=78 success_rate=1.00 collisions/ep=0.00 (n=11)
update=69 global_step=70656 SPS=855 ev=0.997 v_bias=0.7 return=1005.1 length=80 success_rate=1.00 collisions/ep=0.14 (n=14)
update=70 global_step=71680 SPS=858 ev=1.000 v_bias=-1.2 return=1012.4 length=79 success_rate=1.00 collisions/ep=0.00 (n=13)
Evaluation at update 70: return=1012.01, length=78.70, success_rate=1.00, collisions/ep=0.00
Solved-check at update 70: solved=True worst_gap=2.11 at p_x0=0.00 p_y0=1.00 (consecutive=2)
update=71 global_step=72704 SPS=806 ev=1.000 v_bias=-0.5 return=1012.2 length=79 success_rate=1.00 collisions/ep=0.00 (n=12)
update=72 global_step=73728 SPS=811 ev=1.000 v_bias=-0.9 return=1011.8 length=78 success_rate=1.00 collisions/ep=0.00 (n=15)
update=73 global_step=74752 SPS=817 ev=1.000 v_bias=-0.1 return=1012.2 length=81 success_rate=1.00 collisions/ep=0.00 (n=12)
update=74 global_step=75776 SPS=822 ev=1.000 v_bias=-0.0 return=1011.8 length=77 success_rate=1.00 collisions/ep=0.00 (n=13)
update=75 global_step=76800 SPS=827 ev=1.000 v_bias=0.0 return=1011.8 length=80 success_rate=1.00 collisions/ep=0.09 (n=11)
update=76 global_step=77824 SPS=832 ev=1.000 v_bias=-0.4 return=1012.2 length=80 success_rate=1.00 collisions/ep=0.00 (n=15)
update=77 global_step=78848 SPS=837 ev=0.998 v_bias=1.3 return=1004.3 length=78 success_rate=1.00 collisions/ep=0.15 (n=13)
update=78 global_step=79872 SPS=842 ev=1.000 v_bias=0.0 return=1012.3 length=79 success_rate=1.00 collisions/ep=0.00 (n=12)
update=79 global_step=80896 SPS=847 ev=1.000 v_bias=-0.8 return=1012.7 length=81 success_rate=1.00 collisions/ep=0.00 (n=13)
update=80 global_step=81920 SPS=852 ev=0.999 v_bias=-0.4 return=1008.2 length=78 success_rate=1.00 collisions/ep=0.08 (n=13)
Evaluation at update 80: return=1012.15, length=78.55, success_rate=1.00, collisions/ep=0.00
Solved-check at update 80: solved=True worst_gap=1.92 at p_x0=0.00 p_y0=1.00 (consecutive=3)
update=81 global_step=82944 SPS=807 ev=1.000 v_bias=-0.7 return=1012.5 length=79 success_rate=1.00 collisions/ep=0.00 (n=13)
update=82 global_step=83968 SPS=812 ev=1.000 v_bias=-0.1 return=1012.0 length=78 success_rate=1.00 collisions/ep=0.00 (n=14)
update=83 global_step=84992 SPS=817 ev=1.000 v_bias=-0.1 return=1012.4 length=79 success_rate=1.00 collisions/ep=0.00 (n=12)
update=84 global_step=86016 SPS=821 ev=0.999 v_bias=0.8 return=1008.4 length=78 success_rate=1.00 collisions/ep=0.07 (n=14)
update=85 global_step=87040 SPS=826 ev=1.000 v_bias=-0.3 return=1012.3 length=79 success_rate=1.00 collisions/ep=0.00 (n=12)
update=86 global_step=88064 SPS=831 ev=1.000 v_bias=-0.8 return=1011.9 length=79 success_rate=1.00 collisions/ep=0.00 (n=13)
update=87 global_step=89088 SPS=835 ev=1.000 v_bias=-0.6 return=1012.6 length=81 success_rate=1.00 collisions/ep=0.00 (n=13)
update=88 global_step=90112 SPS=839 ev=0.998 v_bias=0.9 return=1004.2 length=81 success_rate=1.00 collisions/ep=0.17 (n=12)
update=89 global_step=91136 SPS=844 ev=1.000 v_bias=-0.6 return=1012.0 length=78 success_rate=1.00 collisions/ep=0.00 (n=15)
update=90 global_step=92160 SPS=848 ev=1.000 v_bias=-0.3 return=1011.5 length=76 success_rate=1.00 collisions/ep=0.00 (n=12)
Evaluation at update 90: return=1012.17, length=78.40, success_rate=1.00, collisions/ep=0.00
Solved-check at update 90: solved=True worst_gap=1.85 at p_x0=0.00 p_y0=1.00 (consecutive=4)
update=91 global_step=93184 SPS=809 ev=1.000 v_bias=-0.7 return=1012.6 length=81 success_rate=1.00 collisions/ep=0.00 (n=12)
update=92 global_step=94208 SPS=814 ev=1.000 v_bias=0.0 return=1012.0 length=79 success_rate=1.00 collisions/ep=0.00 (n=14)
update=93 global_step=95232 SPS=818 ev=1.000 v_bias=-0.2 return=1012.5 length=80 success_rate=1.00 collisions/ep=0.00 (n=12)
update=94 global_step=96256 SPS=822 ev=1.000 v_bias=-0.6 return=1012.8 length=80 success_rate=1.00 collisions/ep=0.00 (n=14)
update=95 global_step=97280 SPS=826 ev=0.998 v_bias=1.5 return=1007.8 length=78 success_rate=1.00 collisions/ep=0.08 (n=12)
update=96 global_step=98304 SPS=829 ev=0.999 v_bias=-0.1 return=1008.7 length=82 success_rate=1.00 collisions/ep=0.08 (n=12)
update=97 global_step=99328 SPS=833 ev=1.000 v_bias=-0.4 return=1008.9 length=81 success_rate=1.00 collisions/ep=0.08 (n=13)
update=98 global_step=100352 SPS=836 ev=1.000 v_bias=-0.8 return=1012.5 length=80 success_rate=1.00 collisions/ep=0.00 (n=14)
update=99 global_step=101376 SPS=840 ev=0.999 v_bias=0.2 return=1012.9 length=80 success_rate=1.00 collisions/ep=0.00 (n=12)
update=100 global_step=102400 SPS=845 ev=0.999 v_bias=-0.1 return=1008.9 length=79 success_rate=1.00 collisions/ep=0.07 (n=14)
Evaluation at update 100: return=1012.23, length=78.40, success_rate=1.00, collisions/ep=0.00
Solved-check at update 100: solved=True worst_gap=1.97 at p_x0=0.00 p_y0=1.00 (consecutive=5)
update=101 global_step=103424 SPS=812 ev=1.000 v_bias=-0.5 return=1009.1 length=80 success_rate=1.00 collisions/ep=0.08 (n=13)
update=102 global_step=104448 SPS=816 ev=1.000 v_bias=-0.6 return=1012.4 length=80 success_rate=1.00 collisions/ep=0.00 (n=12)
update=103 global_step=105472 SPS=820 ev=1.000 v_bias=0.0 return=1012.9 length=82 success_rate=1.00 collisions/ep=0.00 (n=12)
update=104 global_step=106496 SPS=824 ev=1.000 v_bias=-0.2 return=1012.9 length=81 success_rate=1.00 collisions/ep=0.00 (n=13)
update=105 global_step=107520 SPS=828 ev=1.000 v_bias=-0.6 return=1012.1 length=76 success_rate=1.00 collisions/ep=0.00 (n=13)
update=106 global_step=108544 SPS=831 ev=1.000 v_bias=0.5 return=1013.0 length=82 success_rate=1.00 collisions/ep=0.00 (n=13)
update=107 global_step=109568 SPS=834 ev=1.000 v_bias=-0.4 return=1012.3 length=80 success_rate=1.00 collisions/ep=0.00 (n=13)
update=108 global_step=110592 SPS=837 ev=1.000 v_bias=0.2 return=1012.8 length=80 success_rate=1.00 collisions/ep=0.00 (n=13)
update=109 global_step=111616 SPS=841 ev=1.000 v_bias=0.3 return=1012.0 length=79 success_rate=1.00 collisions/ep=0.00 (n=13)
update=110 global_step=112640 SPS=845 ev=1.000 v_bias=0.1 return=1012.7 length=79 success_rate=1.00 collisions/ep=0.00 (n=11)
Evaluation at update 110: return=1012.25, length=78.30, success_rate=1.00, collisions/ep=0.00
Solved-check at update 110: solved=True worst_gap=1.91 at p_x0=0.00 p_y0=1.00 (consecutive=6)
update=111 global_step=113664 SPS=814 ev=1.000 v_bias=0.8 return=1012.1 length=79 success_rate=1.00 collisions/ep=0.00 (n=16)
update=112 global_step=114688 SPS=818 ev=1.000 v_bias=0.1 return=1012.0 length=77 success_rate=1.00 collisions/ep=0.00 (n=10)
update=113 global_step=115712 SPS=821 ev=1.000 v_bias=-0.0 return=1012.9 length=81 success_rate=1.00 collisions/ep=0.00 (n=14)
update=114 global_step=116736 SPS=824 ev=1.000 v_bias=-0.3 return=1012.2 length=79 success_rate=1.00 collisions/ep=0.00 (n=13)
update=115 global_step=117760 SPS=827 ev=1.000 v_bias=-0.2 return=1012.3 length=77 success_rate=1.00 collisions/ep=0.00 (n=13)
update=116 global_step=118784 SPS=831 ev=1.000 v_bias=0.1 return=1012.5 length=80 success_rate=1.00 collisions/ep=0.00 (n=13)
update=117 global_step=119808 SPS=834 ev=0.999 v_bias=1.1 return=1012.5 length=80 success_rate=1.00 collisions/ep=0.00 (n=12)
update=118 global_step=120832 SPS=837 ev=1.000 v_bias=-1.2 return=1008.7 length=80 success_rate=1.00 collisions/ep=0.08 (n=12)
update=119 global_step=121856 SPS=840 ev=1.000 v_bias=-0.3 return=1009.7 length=80 success_rate=1.00 collisions/ep=0.06 (n=16)
update=120 global_step=122880 SPS=844 ev=1.000 v_bias=0.1 return=1012.7 length=80 success_rate=1.00 collisions/ep=0.00 (n=11)
Evaluation at update 120: return=1012.31, length=78.30, success_rate=1.00, collisions/ep=0.00
Solved-check at update 120: solved=True worst_gap=1.84 at p_x0=0.00 p_y0=1.00 (consecutive=7)
update=121 global_step=123904 SPS=816 ev=0.999 v_bias=0.7 return=1008.6 length=79 success_rate=1.00 collisions/ep=0.08 (n=13)
update=122 global_step=124928 SPS=819 ev=0.999 v_bias=-1.6 return=1008.7 length=79 success_rate=1.00 collisions/ep=0.08 (n=13)
update=123 global_step=125952 SPS=822 ev=1.000 v_bias=-0.5 return=1012.9 length=81 success_rate=1.00 collisions/ep=0.00 (n=12)
update=124 global_step=126976 SPS=825 ev=0.999 v_bias=0.5 return=1009.1 length=80 success_rate=1.00 collisions/ep=0.07 (n=14)
update=125 global_step=128000 SPS=828 ev=1.000 v_bias=-0.4 return=1012.2 length=78 success_rate=1.00 collisions/ep=0.00 (n=13)
update=126 global_step=129024 SPS=831 ev=1.000 v_bias=-0.4 return=1012.2 length=79 success_rate=1.00 collisions/ep=0.00 (n=11)
update=127 global_step=130048 SPS=834 ev=1.000 v_bias=-0.6 return=1012.3 length=79 success_rate=1.00 collisions/ep=0.00 (n=16)
update=128 global_step=131072 SPS=837 ev=1.000 v_bias=-0.1 return=1012.9 length=80 success_rate=1.00 collisions/ep=0.00 (n=11)
update=129 global_step=132096 SPS=839 ev=1.000 v_bias=0.2 return=1012.8 length=79 success_rate=1.00 collisions/ep=0.08 (n=13)
update=130 global_step=133120 SPS=842 ev=1.000 v_bias=0.4 return=1012.5 length=79 success_rate=1.00 collisions/ep=0.00 (n=14)
Evaluation at update 130: return=1012.31, length=78.30, success_rate=1.00, collisions/ep=0.00
Solved-check at update 130: solved=True worst_gap=1.84 at p_x0=0.00 p_y0=1.00 (consecutive=8)
update=131 global_step=134144 SPS=815 ev=1.000 v_bias=0.2 return=1012.5 length=80 success_rate=1.00 collisions/ep=0.00 (n=12)
update=132 global_step=135168 SPS=818 ev=1.000 v_bias=0.4 return=1012.6 length=81 success_rate=1.00 collisions/ep=0.00 (n=12)
update=133 global_step=136192 SPS=821 ev=1.000 v_bias=-0.3 return=1012.6 length=80 success_rate=1.00 collisions/ep=0.07 (n=14)
update=134 global_step=137216 SPS=824 ev=1.000 v_bias=-0.8 return=1012.4 length=78 success_rate=1.00 collisions/ep=0.00 (n=12)
update=135 global_step=138240 SPS=826 ev=0.999 v_bias=1.1 return=1008.8 length=78 success_rate=1.00 collisions/ep=0.21 (n=14)
update=136 global_step=139264 SPS=829 ev=1.000 v_bias=-0.0 return=1012.7 length=81 success_rate=1.00 collisions/ep=0.00 (n=13)
update=137 global_step=140288 SPS=832 ev=1.000 v_bias=0.4 return=1011.9 length=78 success_rate=1.00 collisions/ep=0.15 (n=13)
update=138 global_step=141312 SPS=834 ev=0.997 v_bias=1.5 return=1004.5 length=78 success_rate=1.00 collisions/ep=0.23 (n=13)
update=139 global_step=142336 SPS=838 ev=1.000 v_bias=-0.4 return=1012.7 length=80 success_rate=1.00 collisions/ep=0.00 (n=11)
update=140 global_step=143360 SPS=840 ev=0.999 v_bias=0.4 return=1009.5 length=79 success_rate=1.00 collisions/ep=0.07 (n=15)
Evaluation at update 140: return=1012.34, length=78.30, success_rate=1.00, collisions/ep=0.00
Solved-check at update 140: solved=True worst_gap=1.81 at p_x0=0.00 p_y0=1.00 (consecutive=9)
update=141 global_step=144384 SPS=817 ev=1.000 v_bias=0.3 return=1012.4 length=80 success_rate=1.00 collisions/ep=0.00 (n=14)
update=142 global_step=145408 SPS=820 ev=1.000 v_bias=-0.3 return=1012.0 length=77 success_rate=1.00 collisions/ep=0.00 (n=12)
update=143 global_step=146432 SPS=822 ev=1.000 v_bias=-0.3 return=1012.4 length=78 success_rate=1.00 collisions/ep=0.00 (n=13)
update=144 global_step=147456 SPS=824 ev=1.000 v_bias=-0.3 return=1012.7 length=78 success_rate=1.00 collisions/ep=0.00 (n=14)
update=145 global_step=148480 SPS=826 ev=1.000 v_bias=-0.4 return=1012.8 length=80 success_rate=1.00 collisions/ep=0.00 (n=12)
update=146 global_step=149504 SPS=829 ev=1.000 v_bias=0.3 return=1012.5 length=79 success_rate=1.00 collisions/ep=0.00 (n=12)
update=147 global_step=150528 SPS=832 ev=1.000 v_bias=0.3 return=1012.1 length=77 success_rate=1.00 collisions/ep=0.00 (n=14)
update=148 global_step=151552 SPS=834 ev=1.000 v_bias=0.0 return=1012.2 length=78 success_rate=1.00 collisions/ep=0.00 (n=14)
update=149 global_step=152576 SPS=837 ev=1.000 v_bias=0.3 return=1012.4 length=79 success_rate=1.00 collisions/ep=0.00 (n=13)
update=150 global_step=153600 SPS=839 ev=1.000 v_bias=-0.0 return=1012.5 length=79 success_rate=1.00 collisions/ep=0.00 (n=12)
Evaluation at update 150: return=1012.35, length=78.30, success_rate=1.00, collisions/ep=0.00
Solved-check at update 150: solved=True worst_gap=1.80 at p_x0=0.00 p_y0=1.00 (consecutive=10)
update=151 global_step=154624 SPS=815 ev=1.000 v_bias=0.3 return=1012.8 length=80 success_rate=1.00 collisions/ep=0.00 (n=13)
update=152 global_step=155648 SPS=817 ev=1.000 v_bias=0.2 return=1012.7 length=80 success_rate=1.00 collisions/ep=0.00 (n=14)
update=153 global_step=156672 SPS=819 ev=1.000 v_bias=-0.5 return=1012.9 length=80 success_rate=1.00 collisions/ep=0.00 (n=11)
update=154 global_step=157696 SPS=822 ev=1.000 v_bias=0.2 return=1012.2 length=77 success_rate=1.00 collisions/ep=0.00 (n=13)
update=155 global_step=158720 SPS=824 ev=1.000 v_bias=-0.2 return=1013.1 length=81 success_rate=1.00 collisions/ep=0.00 (n=13)
update=156 global_step=159744 SPS=827 ev=1.000 v_bias=0.5 return=1012.5 length=80 success_rate=1.00 collisions/ep=0.00 (n=14)
update=157 global_step=160768 SPS=829 ev=1.000 v_bias=0.2 return=1012.1 length=77 success_rate=1.00 collisions/ep=0.00 (n=13)
update=158 global_step=161792 SPS=831 ev=1.000 v_bias=0.1 return=1012.9 length=82 success_rate=1.00 collisions/ep=0.00 (n=12)
update=159 global_step=162816 SPS=833 ev=1.000 v_bias=0.6 return=1012.3 length=77 success_rate=1.00 collisions/ep=0.00 (n=14)
update=160 global_step=163840 SPS=836 ev=1.000 v_bias=-0.4 return=1012.6 length=79 success_rate=1.00 collisions/ep=0.00 (n=12)
Evaluation at update 160: return=1012.36, length=78.30, success_rate=1.00, collisions/ep=0.00
Solved-check at update 160: solved=True worst_gap=1.79 at p_x0=0.00 p_y0=1.00 (consecutive=11)
update=161 global_step=164864 SPS=815 ev=1.000 v_bias=-0.9 return=1012.5 length=80 success_rate=1.00 collisions/ep=0.00 (n=13)
update=162 global_step=165888 SPS=817 ev=1.000 v_bias=-0.5 return=1012.3 length=77 success_rate=1.00 collisions/ep=0.00 (n=14)
update=163 global_step=166912 SPS=820 ev=1.000 v_bias=-0.2 return=1012.4 length=78 success_rate=1.00 collisions/ep=0.00 (n=14)
update=164 global_step=167936 SPS=822 ev=1.000 v_bias=0.2 return=1012.5 length=79 success_rate=1.00 collisions/ep=0.00 (n=10)
update=165 global_step=168960 SPS=824 ev=0.999 v_bias=0.6 return=1009.5 length=80 success_rate=1.00 collisions/ep=0.06 (n=16)
update=166 global_step=169984 SPS=826 ev=1.000 v_bias=-0.9 return=1012.6 length=77 success_rate=1.00 collisions/ep=0.00 (n=11)
update=167 global_step=171008 SPS=828 ev=1.000 v_bias=0.1 return=1012.3 length=78 success_rate=1.00 collisions/ep=0.00 (n=13)
update=168 global_step=172032 SPS=830 ev=1.000 v_bias=-0.1 return=1012.7 length=79 success_rate=1.00 collisions/ep=0.00 (n=16)
update=169 global_step=173056 SPS=832 ev=1.000 v_bias=0.2 return=1012.1 length=76 success_rate=1.00 collisions/ep=0.00 (n=11)
update=170 global_step=174080 SPS=835 ev=1.000 v_bias=0.1 return=1012.6 length=80 success_rate=1.00 collisions/ep=0.00 (n=13)
Evaluation at update 170: return=1012.36, length=78.30, success_rate=1.00, collisions/ep=0.00
Solved-check at update 170: solved=True worst_gap=1.79 at p_x0=0.00 p_y0=1.00 (consecutive=12)
update=171 global_step=175104 SPS=815 ev=1.000 v_bias=0.2 return=1012.2 length=77 success_rate=1.00 collisions/ep=0.00 (n=13)
update=172 global_step=176128 SPS=817 ev=1.000 v_bias=-0.2 return=1012.5 length=78 success_rate=1.00 collisions/ep=0.00 (n=13)
update=173 global_step=177152 SPS=819 ev=1.000 v_bias=0.2 return=1012.6 length=79 success_rate=1.00 collisions/ep=0.00 (n=13)
update=174 global_step=178176 SPS=822 ev=1.000 v_bias=-0.1 return=1012.2 length=77 success_rate=1.00 collisions/ep=0.00 (n=13)
update=175 global_step=179200 SPS=824 ev=1.000 v_bias=-0.3 return=1012.3 length=78 success_rate=1.00 collisions/ep=0.00 (n=13)
update=176 global_step=180224 SPS=826 ev=0.999 v_bias=0.5 return=1009.5 length=80 success_rate=1.00 collisions/ep=0.07 (n=15)
update=177 global_step=181248 SPS=828 ev=1.000 v_bias=-0.3 return=1012.1 length=78 success_rate=1.00 collisions/ep=0.00 (n=11)
update=178 global_step=182272 SPS=830 ev=1.000 v_bias=-0.3 return=1012.0 length=77 success_rate=1.00 collisions/ep=0.00 (n=14)
update=179 global_step=183296 SPS=832 ev=1.000 v_bias=0.5 return=1012.5 length=80 success_rate=1.00 collisions/ep=0.00 (n=15)
update=180 global_step=184320 SPS=834 ev=1.000 v_bias=0.2 return=1012.8 length=81 success_rate=1.00 collisions/ep=0.00 (n=9)
Evaluation at update 180: return=1012.34, length=78.30, success_rate=1.00, collisions/ep=0.00
Solved-check at update 180: solved=True worst_gap=1.80 at p_x0=0.00 p_y0=1.00 (consecutive=13)
update=181 global_step=185344 SPS=814 ev=1.000 v_bias=0.0 return=1011.9 length=77 success_rate=1.00 collisions/ep=0.00 (n=16)
update=182 global_step=186368 SPS=816 ev=1.000 v_bias=0.0 return=1012.1 length=79 success_rate=1.00 collisions/ep=0.00 (n=12)
update=183 global_step=187392 SPS=818 ev=1.000 v_bias=-0.1 return=1012.3 length=77 success_rate=1.00 collisions/ep=0.00 (n=12)
update=184 global_step=188416 SPS=820 ev=1.000 v_bias=0.2 return=1012.2 length=79 success_rate=1.00 collisions/ep=0.00 (n=15)
update=185 global_step=189440 SPS=822 ev=1.000 v_bias=-0.5 return=1012.1 length=77 success_rate=1.00 collisions/ep=0.00 (n=12)
update=186 global_step=190464 SPS=824 ev=1.000 v_bias=-0.4 return=1012.8 length=81 success_rate=1.00 collisions/ep=0.00 (n=13)
update=187 global_step=191488 SPS=826 ev=1.000 v_bias=-0.8 return=1012.5 length=78 success_rate=1.00 collisions/ep=0.00 (n=14)
update=188 global_step=192512 SPS=828 ev=1.000 v_bias=-0.2 return=1012.1 length=76 success_rate=1.00 collisions/ep=0.00 (n=12)
update=189 global_step=193536 SPS=830 ev=1.000 v_bias=-0.1 return=1012.5 length=79 success_rate=1.00 collisions/ep=0.00 (n=14)
update=190 global_step=194560 SPS=832 ev=1.000 v_bias=0.0 return=1012.1 length=77 success_rate=1.00 collisions/ep=0.00 (n=12)
Evaluation at update 190: return=1012.37, length=78.30, success_rate=1.00, collisions/ep=0.00
Solved-check at update 190: solved=True worst_gap=1.78 at p_x0=0.00 p_y0=1.00 (consecutive=14)
update=191 global_step=195584 SPS=815 ev=1.000 v_bias=0.2 return=1012.5 length=78 success_rate=1.00 collisions/ep=0.00 (n=14)
update=192 global_step=196608 SPS=817 ev=1.000 v_bias=-0.4 return=1012.9 length=80 success_rate=1.00 collisions/ep=0.00 (n=14)
update=193 global_step=197632 SPS=819 ev=0.999 v_bias=0.4 return=1012.8 length=78 success_rate=1.00 collisions/ep=0.00 (n=10)
update=194 global_step=198656 SPS=821 ev=1.000 v_bias=-0.2 return=1009.1 length=77 success_rate=1.00 collisions/ep=0.06 (n=16)
update=195 global_step=199680 SPS=822 ev=1.000 v_bias=0.3 return=1012.5 length=79 success_rate=1.00 collisions/ep=0.00 (n=14)
update=196 global_step=200704 SPS=824 ev=1.000 v_bias=0.3 return=1012.7 length=80 success_rate=1.00 collisions/ep=0.00 (n=11)
update=197 global_step=201728 SPS=827 ev=1.000 v_bias=0.1 return=1012.6 length=79 success_rate=1.00 collisions/ep=0.00 (n=13)
update=198 global_step=202752 SPS=829 ev=1.000 v_bias=0.3 return=1012.3 length=78 success_rate=1.00 collisions/ep=0.00 (n=14)
update=199 global_step=203776 SPS=831 ev=1.000 v_bias=0.0 return=1012.7 length=80 success_rate=1.00 collisions/ep=0.00 (n=12)
update=200 global_step=204800 SPS=833 ev=1.000 v_bias=-0.2 return=1012.5 length=78 success_rate=1.00 collisions/ep=0.00 (n=14)
Evaluation at update 200: return=1012.38, length=78.30, success_rate=1.00, collisions/ep=0.00
Solved-check at update 200: solved=True worst_gap=1.77 at p_x0=0.00 p_y0=1.00 (consecutive=15)
update=201 global_step=205824 SPS=816 ev=1.000 v_bias=-0.3 return=1012.8 length=79 success_rate=1.00 collisions/ep=0.00 (n=12)
update=202 global_step=206848 SPS=818 ev=1.000 v_bias=-0.2 return=1012.6 length=78 success_rate=1.00 collisions/ep=0.00 (n=13)
update=203 global_step=207872 SPS=820 ev=1.000 v_bias=-0.0 return=1013.1 length=80 success_rate=1.00 collisions/ep=0.00 (n=14)
update=204 global_step=208896 SPS=822 ev=1.000 v_bias=0.2 return=1012.7 length=79 success_rate=1.00 collisions/ep=0.00 (n=12)
update=205 global_step=209920 SPS=824 ev=1.000 v_bias=-0.2 return=1012.5 length=79 success_rate=1.00 collisions/ep=0.00 (n=13)
update=206 global_step=210944 SPS=826 ev=1.000 v_bias=-0.3 return=1013.0 length=81 success_rate=1.00 collisions/ep=0.00 (n=11)
update=207 global_step=211968 SPS=827 ev=1.000 v_bias=-0.1 return=1012.3 length=78 success_rate=1.00 collisions/ep=0.00 (n=16)
update=208 global_step=212992 SPS=829 ev=1.000 v_bias=-0.0 return=1012.4 length=78 success_rate=1.00 collisions/ep=0.00 (n=12)
update=209 global_step=214016 SPS=831 ev=1.000 v_bias=0.6 return=1012.1 length=77 success_rate=1.00 collisions/ep=0.00 (n=12)
update=210 global_step=215040 SPS=832 ev=1.000 v_bias=0.2 return=1012.2 length=78 success_rate=1.00 collisions/ep=0.00 (n=16)
Evaluation at update 210: return=1012.39, length=78.30, success_rate=1.00, collisions/ep=0.00
Solved-check at update 210: solved=True worst_gap=1.75 at p_x0=0.00 p_y0=1.00 (consecutive=16)
update=211 global_step=216064 SPS=816 ev=1.000 v_bias=-0.1 return=1012.6 length=78 success_rate=1.00 collisions/ep=0.00 (n=11)
update=212 global_step=217088 SPS=818 ev=1.000 v_bias=0.6 return=1013.0 length=82 success_rate=1.00 collisions/ep=0.00 (n=13)
update=213 global_step=218112 SPS=820 ev=1.000 v_bias=0.1 return=1012.3 length=78 success_rate=1.00 collisions/ep=0.00 (n=13)
update=214 global_step=219136 SPS=822 ev=1.000 v_bias=-0.1 return=1012.3 length=78 success_rate=1.00 collisions/ep=0.00 (n=14)
update=215 global_step=220160 SPS=824 ev=1.000 v_bias=0.4 return=1012.7 length=80 success_rate=1.00 collisions/ep=0.00 (n=12)
update=216 global_step=221184 SPS=825 ev=1.000 v_bias=-0.4 return=1012.9 length=80 success_rate=1.00 collisions/ep=0.00 (n=13)
update=217 global_step=222208 SPS=827 ev=1.000 v_bias=-0.1 return=1012.8 length=81 success_rate=1.00 collisions/ep=0.00 (n=13)
update=218 global_step=223232 SPS=829 ev=1.000 v_bias=-0.4 return=1012.5 length=78 success_rate=1.00 collisions/ep=0.00 (n=12)
update=219 global_step=224256 SPS=831 ev=1.000 v_bias=0.2 return=1013.2 length=81 success_rate=1.00 collisions/ep=0.00 (n=12)
update=220 global_step=225280 SPS=833 ev=1.000 v_bias=0.2 return=1012.8 length=80 success_rate=1.00 collisions/ep=0.00 (n=13)
Evaluation at update 220: return=1012.41, length=78.30, success_rate=1.00, collisions/ep=0.00
Solved-check at update 220: solved=True worst_gap=1.73 at p_x0=0.00 p_y0=1.00 (consecutive=17)
update=221 global_step=226304 SPS=817 ev=1.000 v_bias=0.0 return=1012.7 length=79 success_rate=1.00 collisions/ep=0.00 (n=14)
update=222 global_step=227328 SPS=819 ev=1.000 v_bias=-0.1 return=1012.5 length=79 success_rate=1.00 collisions/ep=0.00 (n=14)
update=223 global_step=228352 SPS=820 ev=1.000 v_bias=0.5 return=1012.2 length=77 success_rate=1.00 collisions/ep=0.00 (n=12)
update=224 global_step=229376 SPS=822 ev=1.000 v_bias=0.1 return=1012.5 length=80 success_rate=1.00 collisions/ep=0.00 (n=13)
update=225 global_step=230400 SPS=824 ev=1.000 v_bias=-0.1 return=1012.3 length=78 success_rate=1.00 collisions/ep=0.00 (n=15)
update=226 global_step=231424 SPS=825 ev=1.000 v_bias=0.2 return=1012.5 length=79 success_rate=1.00 collisions/ep=0.00 (n=11)
update=227 global_step=232448 SPS=827 ev=1.000 v_bias=-0.4 return=1012.8 length=79 success_rate=1.00 collisions/ep=0.00 (n=14)
update=228 global_step=233472 SPS=829 ev=1.000 v_bias=-0.2 return=1012.7 length=80 success_rate=1.00 collisions/ep=0.00 (n=12)
update=229 global_step=234496 SPS=830 ev=1.000 v_bias=0.2 return=1012.4 length=78 success_rate=1.00 collisions/ep=0.00 (n=12)
update=230 global_step=235520 SPS=832 ev=1.000 v_bias=-0.3 return=1012.8 length=80 success_rate=1.00 collisions/ep=0.00 (n=15)
Evaluation at update 230: return=1012.42, length=78.30, success_rate=1.00, collisions/ep=0.00
Solved-check at update 230: solved=True worst_gap=1.72 at p_x0=0.00 p_y0=1.00 (consecutive=18)
update=231 global_step=236544 SPS=818 ev=1.000 v_bias=-0.2 return=1012.1 length=76 success_rate=1.00 collisions/ep=0.00 (n=12)
update=232 global_step=237568 SPS=819 ev=1.000 v_bias=0.1 return=1012.8 length=80 success_rate=1.00 collisions/ep=0.00 (n=12)
update=233 global_step=238592 SPS=821 ev=1.000 v_bias=-0.5 return=1012.5 length=79 success_rate=1.00 collisions/ep=0.00 (n=14)
update=234 global_step=239616 SPS=822 ev=1.000 v_bias=0.2 return=1012.4 length=77 success_rate=1.00 collisions/ep=0.00 (n=12)
update=235 global_step=240640 SPS=824 ev=1.000 v_bias=0.0 return=1012.7 length=80 success_rate=1.00 collisions/ep=0.00 (n=14)
update=236 global_step=241664 SPS=826 ev=1.000 v_bias=-0.5 return=1013.0 length=81 success_rate=1.00 collisions/ep=0.00 (n=13)
update=237 global_step=242688 SPS=827 ev=1.000 v_bias=-0.4 return=1012.4 length=78 success_rate=1.00 collisions/ep=0.00 (n=12)
update=238 global_step=243712 SPS=829 ev=1.000 v_bias=-0.1 return=1012.8 length=79 success_rate=1.00 collisions/ep=0.00 (n=15)
update=239 global_step=244736 SPS=830 ev=1.000 v_bias=0.5 return=1012.9 length=81 success_rate=1.00 collisions/ep=0.00 (n=11)
update=240 global_step=245760 SPS=832 ev=1.000 v_bias=-0.1 return=1012.7 length=80 success_rate=1.00 collisions/ep=0.00 (n=13)
Evaluation at update 240: return=1012.43, length=78.25, success_rate=1.00, collisions/ep=0.00
Solved-check at update 240: solved=True worst_gap=1.72 at p_x0=0.00 p_y0=1.00 (consecutive=19)
update=241 global_step=246784 SPS=818 ev=1.000 v_bias=-0.3 return=1012.5 length=78 success_rate=1.00 collisions/ep=0.00 (n=14)
update=242 global_step=247808 SPS=819 ev=0.998 v_bias=1.5 return=1008.1 length=78 success_rate=1.00 collisions/ep=0.08 (n=12)
update=243 global_step=248832 SPS=821 ev=0.999 v_bias=1.1 return=1008.7 length=78 success_rate=1.00 collisions/ep=0.07 (n=14)
update=244 global_step=249856 SPS=823 ev=1.000 v_bias=0.1 return=1009.2 length=78 success_rate=1.00 collisions/ep=0.07 (n=15)
update=245 global_step=250880 SPS=824 ev=0.999 v_bias=0.5 return=1012.4 length=80 success_rate=1.00 collisions/ep=0.00 (n=10)
update=246 global_step=251904 SPS=826 ev=1.000 v_bias=0.0 return=1009.7 length=81 success_rate=1.00 collisions/ep=0.07 (n=15)
update=247 global_step=252928 SPS=827 ev=1.000 v_bias=-0.0 return=1012.3 length=77 success_rate=1.00 collisions/ep=0.00 (n=11)
update=248 global_step=253952 SPS=829 ev=1.000 v_bias=0.2 return=1012.6 length=79 success_rate=1.00 collisions/ep=0.00 (n=14)
update=249 global_step=254976 SPS=830 ev=1.000 v_bias=-0.2 return=1012.4 length=77 success_rate=1.00 collisions/ep=0.00 (n=14)
update=250 global_step=256000 SPS=832 ev=1.000 v_bias=-0.2 return=1012.9 length=80 success_rate=1.00 collisions/ep=0.00 (n=10)
Evaluation at update 250: return=1012.44, length=78.25, success_rate=1.00, collisions/ep=0.00
Solved-check at update 250: solved=True worst_gap=1.70 at p_x0=0.00 p_y0=1.00 (consecutive=20)
update=251 global_step=257024 SPS=818 ev=1.000 v_bias=-0.1 return=1012.6 length=79 success_rate=1.00 collisions/ep=0.00 (n=15)
update=252 global_step=258048 SPS=819 ev=1.000 v_bias=0.1 return=1012.7 length=80 success_rate=1.00 collisions/ep=0.00 (n=10)
update=253 global_step=259072 SPS=820 ev=1.000 v_bias=-0.3 return=1013.1 length=80 success_rate=1.00 collisions/ep=0.00 (n=15)
update=254 global_step=260096 SPS=822 ev=1.000 v_bias=-0.2 return=1012.3 length=77 success_rate=1.00 collisions/ep=0.00 (n=14)
update=255 global_step=261120 SPS=823 ev=1.000 v_bias=-0.0 return=1013.3 length=82 success_rate=1.00 collisions/ep=0.00 (n=11)
update=256 global_step=262144 SPS=825 ev=1.000 v_bias=-0.1 return=1012.6 length=79 success_rate=1.00 collisions/ep=0.00 (n=14)
update=257 global_step=263168 SPS=826 ev=1.000 v_bias=-0.3 return=1012.6 length=78 success_rate=1.00 collisions/ep=0.00 (n=13)
update=258 global_step=264192 SPS=828 ev=1.000 v_bias=0.1 return=1012.3 length=78 success_rate=1.00 collisions/ep=0.00 (n=13)
update=259 global_step=265216 SPS=829 ev=1.000 v_bias=0.4 return=1012.5 length=79 success_rate=1.00 collisions/ep=0.00 (n=14)
update=260 global_step=266240 SPS=830 ev=1.000 v_bias=-0.1 return=1012.7 length=78 success_rate=1.00 collisions/ep=0.00 (n=12)
Evaluation at update 260: return=1012.44, length=78.25, success_rate=1.00, collisions/ep=0.00
Solved-check at update 260: solved=True worst_gap=1.70 at p_x0=0.00 p_y0=1.00 (consecutive=21)
update=261 global_step=267264 SPS=817 ev=1.000 v_bias=-0.2 return=1012.9 length=79 success_rate=1.00 collisions/ep=0.00 (n=13)
update=262 global_step=268288 SPS=819 ev=1.000 v_bias=0.1 return=1012.8 length=80 success_rate=1.00 collisions/ep=0.00 (n=13)
update=263 global_step=269312 SPS=820 ev=1.000 v_bias=-0.4 return=1012.6 length=77 success_rate=1.00 collisions/ep=0.00 (n=13)
update=264 global_step=270336 SPS=822 ev=1.000 v_bias=0.4 return=1012.4 length=78 success_rate=1.00 collisions/ep=0.00 (n=13)
update=265 global_step=271360 SPS=823 ev=1.000 v_bias=0.0 return=1012.4 length=80 success_rate=1.00 collisions/ep=0.00 (n=14)
update=266 global_step=272384 SPS=825 ev=1.000 v_bias=0.1 return=1012.7 length=81 success_rate=1.00 collisions/ep=0.00 (n=12)
update=267 global_step=273408 SPS=826 ev=1.000 v_bias=0.2 return=1012.1 length=77 success_rate=1.00 collisions/ep=0.00 (n=14)
update=268 global_step=274432 SPS=828 ev=1.000 v_bias=0.1 return=1012.7 length=79 success_rate=1.00 collisions/ep=0.00 (n=13)
update=269 global_step=275456 SPS=829 ev=1.000 v_bias=0.4 return=1012.3 length=78 success_rate=1.00 collisions/ep=0.00 (n=12)
update=270 global_step=276480 SPS=830 ev=1.000 v_bias=-0.0 return=1012.8 length=78 success_rate=1.00 collisions/ep=0.00 (n=14)
Evaluation at update 270: return=1012.45, length=78.25, success_rate=1.00, collisions/ep=0.00
Solved-check at update 270: solved=True worst_gap=1.69 at p_x0=0.00 p_y0=1.00 (consecutive=22)
update=271 global_step=277504 SPS=818 ev=1.000 v_bias=0.1 return=1013.3 length=82 success_rate=1.00 collisions/ep=0.00 (n=11)
update=272 global_step=278528 SPS=820 ev=1.000 v_bias=-0.1 return=1012.8 length=79 success_rate=1.00 collisions/ep=0.00 (n=15)
update=273 global_step=279552 SPS=821 ev=1.000 v_bias=0.3 return=1012.8 length=80 success_rate=1.00 collisions/ep=0.00 (n=12)
update=274 global_step=280576 SPS=822 ev=0.999 v_bias=1.0 return=1012.8 length=80 success_rate=1.00 collisions/ep=0.00 (n=12)
update=275 global_step=281600 SPS=824 ev=1.000 v_bias=-0.2 return=1009.1 length=79 success_rate=1.00 collisions/ep=0.07 (n=14)
update=276 global_step=282624 SPS=825 ev=1.000 v_bias=0.3 return=1013.0 length=80 success_rate=1.00 collisions/ep=0.08 (n=12)
update=277 global_step=283648 SPS=827 ev=1.000 v_bias=-0.1 return=1013.3 length=82 success_rate=1.00 collisions/ep=0.00 (n=13)
update=278 global_step=284672 SPS=828 ev=1.000 v_bias=-0.1 return=1013.3 length=83 success_rate=1.00 collisions/ep=0.00 (n=13)
update=279 global_step=285696 SPS=829 ev=1.000 v_bias=0.4 return=1013.6 length=82 success_rate=1.00 collisions/ep=0.00 (n=12)
update=280 global_step=286720 SPS=831 ev=1.000 v_bias=0.1 return=1012.4 length=78 success_rate=1.00 collisions/ep=0.17 (n=12)
Evaluation at update 280: return=1012.45, length=78.25, success_rate=1.00, collisions/ep=0.00
Solved-check at update 280: solved=True worst_gap=1.69 at p_x0=0.00 p_y0=1.00 (consecutive=23)
update=281 global_step=287744 SPS=819 ev=1.000 v_bias=0.1 return=1012.2 length=78 success_rate=1.00 collisions/ep=0.07 (n=15)
update=282 global_step=288768 SPS=820 ev=1.000 v_bias=-0.1 return=1013.0 length=81 success_rate=1.00 collisions/ep=0.10 (n=10)
update=283 global_step=289792 SPS=821 ev=0.999 v_bias=0.6 return=1008.9 length=80 success_rate=1.00 collisions/ep=0.57 (n=14)
update=284 global_step=290816 SPS=823 ev=0.999 v_bias=0.7 return=1009.0 length=79 success_rate=1.00 collisions/ep=0.43 (n=14)
update=285 global_step=291840 SPS=824 ev=1.000 v_bias=-0.4 return=1012.6 length=79 success_rate=1.00 collisions/ep=0.08 (n=13)
update=286 global_step=292864 SPS=825 ev=1.000 v_bias=-0.6 return=1012.7 length=79 success_rate=1.00 collisions/ep=0.09 (n=11)
update=287 global_step=293888 SPS=827 ev=0.999 v_bias=0.1 return=1009.5 length=80 success_rate=1.00 collisions/ep=0.14 (n=14)
update=288 global_step=294912 SPS=828 ev=1.000 v_bias=-0.0 return=1008.2 length=78 success_rate=1.00 collisions/ep=0.25 (n=12)
update=289 global_step=295936 SPS=829 ev=1.000 v_bias=-0.3 return=1012.3 length=78 success_rate=1.00 collisions/ep=0.29 (n=14)
update=290 global_step=296960 SPS=830 ev=0.999 v_bias=0.5 return=1008.6 length=78 success_rate=1.00 collisions/ep=0.38 (n=13)
Evaluation at update 290: return=1012.45, length=78.25, success_rate=1.00, collisions/ep=0.00
Solved-check at update 290: solved=True worst_gap=1.69 at p_x0=0.00 p_y0=1.00 (consecutive=24)
update=291 global_step=297984 SPS=819 ev=1.000 v_bias=-0.0 return=1012.4 length=77 success_rate=1.00 collisions/ep=0.08 (n=13)
update=292 global_step=299008 SPS=820 ev=1.000 v_bias=-0.2 return=1012.5 length=80 success_rate=1.00 collisions/ep=0.07 (n=15)
update=293 global_step=300032 SPS=821 ev=0.999 v_bias=0.9 return=1007.9 length=79 success_rate=1.00 collisions/ep=0.36 (n=11)
update=294 global_step=301056 SPS=822 ev=1.000 v_bias=0.2 return=1012.8 length=80 success_rate=1.00 collisions/ep=0.00 (n=13)
update=295 global_step=302080 SPS=824 ev=1.000 v_bias=-0.6 return=1012.6 length=77 success_rate=1.00 collisions/ep=0.21 (n=14)
update=296 global_step=303104 SPS=825 ev=0.999 v_bias=0.7 return=1008.4 length=78 success_rate=1.00 collisions/ep=0.25 (n=12)
update=297 global_step=304128 SPS=826 ev=1.000 v_bias=0.1 return=1012.4 length=78 success_rate=1.00 collisions/ep=0.00 (n=14)
update=298 global_step=305152 SPS=828 ev=1.000 v_bias=-0.2 return=1012.3 length=79 success_rate=1.00 collisions/ep=0.00 (n=13)
update=299 global_step=306176 SPS=829 ev=1.000 v_bias=-0.4 return=1012.6 length=77 success_rate=1.00 collisions/ep=0.00 (n=13)
update=300 global_step=307200 SPS=830 ev=0.999 v_bias=0.8 return=1008.8 length=81 success_rate=1.00 collisions/ep=0.31 (n=13)
Evaluation at update 300: return=1012.45, length=78.25, success_rate=1.00, collisions/ep=0.00
Solved-check at update 300: solved=True worst_gap=1.69 at p_x0=0.00 p_y0=1.00 (consecutive=25)
update=301 global_step=308224 SPS=819 ev=1.000 v_bias=-0.6 return=1012.1 length=77 success_rate=1.00 collisions/ep=0.00 (n=14)
update=302 global_step=309248 SPS=821 ev=1.000 v_bias=0.1 return=1013.1 length=80 success_rate=1.00 collisions/ep=0.00 (n=11)
update=303 global_step=310272 SPS=822 ev=0.999 v_bias=0.4 return=1009.3 length=79 success_rate=1.00 collisions/ep=0.13 (n=15)
update=304 global_step=311296 SPS=823 ev=1.000 v_bias=-0.3 return=1013.3 length=83 success_rate=1.00 collisions/ep=0.00 (n=10)
update=305 global_step=312320 SPS=824 ev=1.000 v_bias=-0.1 return=1012.2 length=79 success_rate=1.00 collisions/ep=0.33 (n=15)
update=306 global_step=313344 SPS=826 ev=1.000 v_bias=-0.4 return=1012.1 length=76 success_rate=1.00 collisions/ep=0.00 (n=14)
update=307 global_step=314368 SPS=827 ev=1.000 v_bias=-0.3 return=1012.5 length=78 success_rate=1.00 collisions/ep=0.30 (n=10)
update=308 global_step=315392 SPS=828 ev=1.000 v_bias=0.0 return=1012.9 length=80 success_rate=1.00 collisions/ep=0.27 (n=15)
update=309 global_step=316416 SPS=829 ev=1.000 v_bias=0.3 return=1012.4 length=78 success_rate=1.00 collisions/ep=0.36 (n=14)
update=310 global_step=317440 SPS=830 ev=0.999 v_bias=0.2 return=1008.5 length=80 success_rate=1.00 collisions/ep=0.18 (n=11)
Evaluation at update 310: return=1012.46, length=78.25, success_rate=1.00, collisions/ep=0.20
Solved-check at update 310: solved=True worst_gap=1.68 at p_x0=0.00 p_y0=1.00 (consecutive=26)
update=311 global_step=318464 SPS=819 ev=0.999 v_bias=0.1 return=1009.3 length=78 success_rate=1.00 collisions/ep=0.21 (n=14)
update=312 global_step=319488 SPS=821 ev=1.000 v_bias=-0.1 return=1012.5 length=78 success_rate=1.00 collisions/ep=0.15 (n=13)
update=313 global_step=320512 SPS=822 ev=1.000 v_bias=-0.8 return=1012.6 length=80 success_rate=1.00 collisions/ep=0.00 (n=12)
update=314 global_step=321536 SPS=823 ev=1.000 v_bias=-0.2 return=1012.8 length=78 success_rate=1.00 collisions/ep=0.00 (n=14)
update=315 global_step=322560 SPS=824 ev=0.999 v_bias=0.4 return=1008.8 length=78 success_rate=1.00 collisions/ep=0.31 (n=13)
update=316 global_step=323584 SPS=826 ev=0.999 v_bias=0.7 return=1008.7 length=79 success_rate=1.00 collisions/ep=0.15 (n=13)
update=317 global_step=324608 SPS=827 ev=1.000 v_bias=-0.8 return=1013.1 length=80 success_rate=1.00 collisions/ep=0.00 (n=12)
update=318 global_step=325632 SPS=828 ev=1.000 v_bias=-0.4 return=1012.2 length=77 success_rate=1.00 collisions/ep=0.08 (n=13)
update=319 global_step=326656 SPS=829 ev=0.999 v_bias=-0.3 return=1008.8 length=79 success_rate=1.00 collisions/ep=0.23 (n=13)
update=320 global_step=327680 SPS=830 ev=1.000 v_bias=-0.8 return=1012.8 length=80 success_rate=1.00 collisions/ep=0.00 (n=14)
Evaluation at update 320: return=1012.44, length=78.25, success_rate=1.00, collisions/ep=0.00
Solved-check at update 320: solved=True worst_gap=1.69 at p_x0=0.00 p_y0=1.00 (consecutive=27)
update=321 global_step=328704 SPS=820 ev=1.000 v_bias=-0.0 return=1012.7 length=79 success_rate=1.00 collisions/ep=0.00 (n=11)
update=322 global_step=329728 SPS=821 ev=1.000 v_bias=0.1 return=1012.8 length=80 success_rate=1.00 collisions/ep=0.00 (n=15)
update=323 global_step=330752 SPS=822 ev=1.000 v_bias=0.3 return=1012.6 length=78 success_rate=1.00 collisions/ep=0.08 (n=12)
update=324 global_step=331776 SPS=823 ev=1.000 v_bias=0.3 return=1013.5 length=82 success_rate=1.00 collisions/ep=0.00 (n=13)
update=325 global_step=332800 SPS=824 ev=1.000 v_bias=0.1 return=1012.8 length=80 success_rate=1.00 collisions/ep=0.00 (n=13)
update=326 global_step=333824 SPS=825 ev=1.000 v_bias=0.0 return=1012.8 length=80 success_rate=1.00 collisions/ep=0.00 (n=12)
update=327 global_step=334848 SPS=826 ev=1.000 v_bias=0.2 return=1012.8 length=80 success_rate=1.00 collisions/ep=0.08 (n=13)
update=328 global_step=335872 SPS=828 ev=0.996 v_bias=1.5 return=999.8 length=79 success_rate=1.00 collisions/ep=0.27 (n=15)
update=329 global_step=336896 SPS=829 ev=1.000 v_bias=-0.9 return=1012.5 length=78 success_rate=1.00 collisions/ep=0.00 (n=10)
update=330 global_step=337920 SPS=830 ev=1.000 v_bias=-0.3 return=1013.1 length=82 success_rate=1.00 collisions/ep=0.00 (n=13)
Evaluation at update 330: return=1012.44, length=78.25, success_rate=1.00, collisions/ep=0.00
Solved-check at update 330: solved=True worst_gap=1.69 at p_x0=0.00 p_y0=1.00 (consecutive=28)
update=331 global_step=338944 SPS=820 ev=1.000 v_bias=-0.3 return=1012.8 length=80 success_rate=1.00 collisions/ep=0.00 (n=14)
update=332 global_step=339968 SPS=821 ev=1.000 v_bias=-0.7 return=1013.0 length=80 success_rate=1.00 collisions/ep=0.00 (n=12)
update=333 global_step=340992 SPS=822 ev=1.000 v_bias=0.1 return=1012.3 length=78 success_rate=1.00 collisions/ep=0.00 (n=14)
update=334 global_step=342016 SPS=824 ev=1.000 v_bias=-0.0 return=1013.1 length=81 success_rate=1.00 collisions/ep=0.08 (n=13)
update=335 global_step=343040 SPS=825 ev=1.000 v_bias=0.2 return=1012.1 length=77 success_rate=1.00 collisions/ep=0.09 (n=11)
update=336 global_step=344064 SPS=826 ev=1.000 v_bias=-0.4 return=1012.7 length=78 success_rate=1.00 collisions/ep=0.00 (n=15)
update=337 global_step=345088 SPS=827 ev=1.000 v_bias=0.2 return=1012.7 length=78 success_rate=1.00 collisions/ep=0.00 (n=14)
update=338 global_step=346112 SPS=828 ev=1.000 v_bias=0.4 return=1012.7 length=82 success_rate=1.00 collisions/ep=0.00 (n=10)
update=339 global_step=347136 SPS=829 ev=1.000 v_bias=0.1 return=1012.6 length=80 success_rate=1.00 collisions/ep=0.00 (n=15)
update=340 global_step=348160 SPS=830 ev=1.000 v_bias=-0.3 return=1012.9 length=79 success_rate=1.00 collisions/ep=0.00 (n=11)
Evaluation at update 340: return=1012.45, length=78.25, success_rate=1.00, collisions/ep=0.00
Solved-check at update 340: solved=True worst_gap=1.68 at p_x0=0.00 p_y0=1.00 (consecutive=29)
update=341 global_step=349184 SPS=821 ev=1.000 v_bias=0.2 return=1013.2 length=82 success_rate=1.00 collisions/ep=0.00 (n=14)
update=342 global_step=350208 SPS=822 ev=1.000 v_bias=0.2 return=1012.5 length=77 success_rate=1.00 collisions/ep=0.00 (n=11)
update=343 global_step=351232 SPS=823 ev=1.000 v_bias=0.1 return=1012.2 length=79 success_rate=1.00 collisions/ep=0.00 (n=13)
update=344 global_step=352256 SPS=824 ev=1.000 v_bias=-0.2 return=1012.6 length=78 success_rate=1.00 collisions/ep=0.00 (n=16)
update=345 global_step=353280 SPS=825 ev=1.000 v_bias=-0.1 return=1012.4 length=79 success_rate=1.00 collisions/ep=0.10 (n=10)
update=346 global_step=354304 SPS=826 ev=1.000 v_bias=-0.0 return=1012.6 length=79 success_rate=1.00 collisions/ep=0.00 (n=15)
update=347 global_step=355328 SPS=827 ev=1.000 v_bias=0.0 return=1012.4 length=78 success_rate=1.00 collisions/ep=0.00 (n=14)
update=348 global_step=356352 SPS=828 ev=1.000 v_bias=-0.1 return=1012.0 length=77 success_rate=1.00 collisions/ep=0.00 (n=11)
update=349 global_step=357376 SPS=829 ev=1.000 v_bias=-0.1 return=1012.2 length=76 success_rate=1.00 collisions/ep=0.00 (n=14)
update=350 global_step=358400 SPS=831 ev=1.000 v_bias=0.0 return=1012.5 length=79 success_rate=1.00 collisions/ep=0.00 (n=14)
Evaluation at update 350: return=1012.45, length=78.25, success_rate=1.00, collisions/ep=0.00
Solved-check at update 350: solved=True worst_gap=1.68 at p_x0=0.00 p_y0=1.00 (consecutive=30)
update=351 global_step=359424 SPS=821 ev=1.000 v_bias=0.2 return=1012.6 length=80 success_rate=1.00 collisions/ep=0.00 (n=11)
update=352 global_step=360448 SPS=822 ev=1.000 v_bias=0.1 return=1012.8 length=81 success_rate=1.00 collisions/ep=0.07 (n=14)
update=353 global_step=361472 SPS=823 ev=1.000 v_bias=-0.2 return=1013.2 length=80 success_rate=1.00 collisions/ep=0.08 (n=13)
update=354 global_step=362496 SPS=824 ev=1.000 v_bias=0.2 return=1012.3 length=78 success_rate=1.00 collisions/ep=0.00 (n=13)
update=355 global_step=363520 SPS=825 ev=1.000 v_bias=0.5 return=1012.2 length=77 success_rate=1.00 collisions/ep=0.00 (n=13)
update=356 global_step=364544 SPS=826 ev=1.000 v_bias=0.1 return=1012.3 length=78 success_rate=1.00 collisions/ep=0.00 (n=13)
update=357 global_step=365568 SPS=827 ev=1.000 v_bias=0.2 return=1012.5 length=78 success_rate=1.00 collisions/ep=0.00 (n=13)
update=358 global_step=366592 SPS=828 ev=1.000 v_bias=0.1 return=1013.0 length=80 success_rate=1.00 collisions/ep=0.17 (n=12)
update=359 global_step=367616 SPS=829 ev=1.000 v_bias=-0.2 return=1013.1 length=80 success_rate=1.00 collisions/ep=0.00 (n=13)
update=360 global_step=368640 SPS=830 ev=1.000 v_bias=-0.1 return=1012.5 length=78 success_rate=1.00 collisions/ep=0.07 (n=15)
Evaluation at update 360: return=1012.46, length=78.25, success_rate=1.00, collisions/ep=0.00
Solved-check at update 360: solved=True worst_gap=1.67 at p_x0=0.00 p_y0=1.00 (consecutive=31)
update=361 global_step=369664 SPS=821 ev=1.000 v_bias=-0.2 return=1012.8 length=80 success_rate=1.00 collisions/ep=0.00 (n=11)
update=362 global_step=370688 SPS=822 ev=0.999 v_bias=0.6 return=1009.4 length=79 success_rate=1.00 collisions/ep=0.14 (n=14)
update=363 global_step=371712 SPS=823 ev=1.000 v_bias=-0.2 return=1011.8 length=76 success_rate=1.00 collisions/ep=0.09 (n=11)
update=364 global_step=372736 SPS=824 ev=1.000 v_bias=-0.2 return=1012.7 length=80 success_rate=1.00 collisions/ep=0.00 (n=15)
update=365 global_step=373760 SPS=825 ev=1.000 v_bias=-0.2 return=1012.8 length=81 success_rate=1.00 collisions/ep=0.00 (n=13)
update=366 global_step=374784 SPS=826 ev=1.000 v_bias=0.1 return=1012.6 length=80 success_rate=1.00 collisions/ep=0.00 (n=11)
update=367 global_step=375808 SPS=827 ev=1.000 v_bias=0.1 return=1012.5 length=80 success_rate=1.00 collisions/ep=0.06 (n=16)
update=368 global_step=376832 SPS=828 ev=1.000 v_bias=-0.4 return=1012.0 length=75 success_rate=1.00 collisions/ep=0.00 (n=10)
update=369 global_step=377856 SPS=829 ev=1.000 v_bias=-0.4 return=1012.9 length=79 success_rate=1.00 collisions/ep=0.00 (n=14)
update=370 global_step=378880 SPS=830 ev=1.000 v_bias=0.0 return=1012.4 length=78 success_rate=1.00 collisions/ep=0.00 (n=14)
Evaluation at update 370: return=1012.47, length=78.25, success_rate=1.00, collisions/ep=0.00
Solved-check at update 370: solved=True worst_gap=1.67 at p_x0=0.00 p_y0=1.00 (consecutive=32)
update=371 global_step=379904 SPS=821 ev=1.000 v_bias=0.3 return=1012.8 length=79 success_rate=1.00 collisions/ep=0.00 (n=11)
update=372 global_step=380928 SPS=822 ev=0.999 v_bias=0.7 return=1009.1 length=80 success_rate=1.00 collisions/ep=0.14 (n=14)
update=373 global_step=381952 SPS=823 ev=1.000 v_bias=-0.0 return=1012.5 length=78 success_rate=1.00 collisions/ep=0.07 (n=14)
update=374 global_step=382976 SPS=824 ev=1.000 v_bias=-0.7 return=1012.6 length=78 success_rate=1.00 collisions/ep=0.00 (n=12)
update=375 global_step=384000 SPS=825 ev=1.000 v_bias=-0.7 return=1013.0 length=80 success_rate=1.00 collisions/ep=0.08 (n=13)
update=376 global_step=385024 SPS=826 ev=1.000 v_bias=-0.5 return=1012.5 length=76 success_rate=1.00 collisions/ep=0.00 (n=14)
update=377 global_step=386048 SPS=827 ev=1.000 v_bias=-0.3 return=1012.5 length=78 success_rate=1.00 collisions/ep=0.08 (n=13)
update=378 global_step=387072 SPS=828 ev=1.000 v_bias=0.4 return=1012.8 length=80 success_rate=1.00 collisions/ep=0.08 (n=13)
update=379 global_step=388096 SPS=829 ev=1.000 v_bias=0.2 return=1012.1 length=77 success_rate=1.00 collisions/ep=0.00 (n=14)
update=380 global_step=389120 SPS=830 ev=0.999 v_bias=0.7 return=1008.3 length=79 success_rate=1.00 collisions/ep=0.17 (n=12)
Evaluation at update 380: return=1012.47, length=78.25, success_rate=1.00, collisions/ep=0.00
Solved-check at update 380: solved=True worst_gap=1.66 at p_x0=0.00 p_y0=1.00 (consecutive=33)
update=381 global_step=390144 SPS=821 ev=1.000 v_bias=-0.6 return=1012.7 length=78 success_rate=1.00 collisions/ep=0.00 (n=14)
update=382 global_step=391168 SPS=822 ev=1.000 v_bias=-0.5 return=1013.4 length=81 success_rate=1.00 collisions/ep=0.00 (n=11)
update=383 global_step=392192 SPS=823 ev=1.000 v_bias=0.3 return=1012.6 length=79 success_rate=1.00 collisions/ep=0.00 (n=15)
update=384 global_step=393216 SPS=824 ev=1.000 v_bias=-0.2 return=1013.1 length=79 success_rate=1.00 collisions/ep=0.00 (n=12)
update=385 global_step=394240 SPS=825 ev=1.000 v_bias=0.2 return=1012.9 length=80 success_rate=1.00 collisions/ep=0.00 (n=12)
update=386 global_step=395264 SPS=826 ev=1.000 v_bias=-0.4 return=1012.7 length=79 success_rate=1.00 collisions/ep=0.00 (n=15)
update=387 global_step=396288 SPS=827 ev=1.000 v_bias=-0.2 return=1012.7 length=79 success_rate=1.00 collisions/ep=0.00 (n=10)
update=388 global_step=397312 SPS=828 ev=1.000 v_bias=-0.1 return=1012.9 length=80 success_rate=1.00 collisions/ep=0.00 (n=15)
update=389 global_step=398336 SPS=829 ev=1.000 v_bias=0.3 return=1012.5 length=79 success_rate=1.00 collisions/ep=0.00 (n=14)
update=390 global_step=399360 SPS=830 ev=1.000 v_bias=0.3 return=1012.5 length=79 success_rate=1.00 collisions/ep=0.00 (n=10)
Evaluation at update 390: return=1012.47, length=78.25, success_rate=1.00, collisions/ep=0.00
Solved-check at update 390: solved=True worst_gap=1.66 at p_x0=0.00 p_y0=1.00 (consecutive=34)
update=391 global_step=400384 SPS=821 ev=1.000 v_bias=-0.1 return=1012.1 length=77 success_rate=1.00 collisions/ep=0.00 (n=15)
update=392 global_step=401408 SPS=822 ev=1.000 v_bias=0.2 return=1012.9 length=79 success_rate=1.00 collisions/ep=0.00 (n=13)
update=393 global_step=402432 SPS=823 ev=1.000 v_bias=0.0 return=1012.4 length=78 success_rate=1.00 collisions/ep=0.08 (n=12)
update=394 global_step=403456 SPS=824 ev=1.000 v_bias=0.1 return=1012.9 length=81 success_rate=1.00 collisions/ep=0.00 (n=15)
update=395 global_step=404480 SPS=825 ev=1.000 v_bias=0.0 return=1012.2 length=78 success_rate=1.00 collisions/ep=0.09 (n=11)
update=396 global_step=405504 SPS=826 ev=0.999 v_bias=0.7 return=1009.1 length=78 success_rate=1.00 collisions/ep=0.23 (n=13)
update=397 global_step=406528 SPS=826 ev=1.000 v_bias=-0.0 return=1012.4 length=78 success_rate=1.00 collisions/ep=0.00 (n=13)
update=398 global_step=407552 SPS=827 ev=1.000 v_bias=0.1 return=1012.7 length=81 success_rate=1.00 collisions/ep=0.08 (n=13)
update=399 global_step=408576 SPS=828 ev=1.000 v_bias=-0.0 return=1012.5 length=79 success_rate=1.00 collisions/ep=0.14 (n=14)
update=400 global_step=409600 SPS=829 ev=1.000 v_bias=-0.2 return=1012.6 length=80 success_rate=1.00 collisions/ep=0.00 (n=11)
Evaluation at update 400: return=1012.47, length=78.25, success_rate=1.00, collisions/ep=0.00
Solved-check at update 400: solved=True worst_gap=1.67 at p_x0=0.00 p_y0=1.00 (consecutive=35)
update=401 global_step=410624 SPS=821 ev=1.000 v_bias=-0.5 return=1012.9 length=79 success_rate=1.00 collisions/ep=0.00 (n=14)
update=402 global_step=411648 SPS=822 ev=1.000 v_bias=-0.1 return=1012.6 length=79 success_rate=1.00 collisions/ep=0.00 (n=13)
update=403 global_step=412672 SPS=823 ev=1.000 v_bias=0.3 return=1013.1 length=80 success_rate=1.00 collisions/ep=0.00 (n=12)
update=404 global_step=413696 SPS=824 ev=1.000 v_bias=0.0 return=1012.8 length=78 success_rate=1.00 collisions/ep=0.07 (n=15)
update=405 global_step=414720 SPS=825 ev=1.000 v_bias=0.2 return=1012.7 length=79 success_rate=1.00 collisions/ep=0.00 (n=11)
update=406 global_step=415744 SPS=826 ev=1.000 v_bias=0.3 return=1013.2 length=81 success_rate=1.00 collisions/ep=0.00 (n=14)
update=407 global_step=416768 SPS=827 ev=1.000 v_bias=-0.4 return=1012.7 length=79 success_rate=1.00 collisions/ep=0.00 (n=12)
update=408 global_step=417792 SPS=828 ev=1.000 v_bias=0.0 return=1012.7 length=80 success_rate=1.00 collisions/ep=0.00 (n=12)
update=409 global_step=418816 SPS=829 ev=1.000 v_bias=0.1 return=1012.7 length=79 success_rate=1.00 collisions/ep=0.00 (n=16)
update=410 global_step=419840 SPS=830 ev=1.000 v_bias=0.3 return=1012.2 length=78 success_rate=1.00 collisions/ep=0.00 (n=9)
Evaluation at update 410: return=1012.47, length=78.25, success_rate=1.00, collisions/ep=0.00
Solved-check at update 410: solved=True worst_gap=1.66 at p_x0=0.00 p_y0=1.00 (consecutive=36)
update=411 global_step=420864 SPS=822 ev=1.000 v_bias=0.0 return=1012.6 length=79 success_rate=1.00 collisions/ep=0.00 (n=15)
update=412 global_step=421888 SPS=823 ev=1.000 v_bias=-0.2 return=1013.0 length=79 success_rate=1.00 collisions/ep=0.00 (n=12)
update=413 global_step=422912 SPS=823 ev=1.000 v_bias=0.4 return=1013.1 length=82 success_rate=1.00 collisions/ep=0.00 (n=13)
update=414 global_step=423936 SPS=824 ev=1.000 v_bias=-0.1 return=1012.6 length=79 success_rate=1.00 collisions/ep=0.00 (n=14)
update=415 global_step=424960 SPS=825 ev=1.000 v_bias=-0.4 return=1012.7 length=79 success_rate=1.00 collisions/ep=0.00 (n=11)
update=416 global_step=425984 SPS=826 ev=1.000 v_bias=-0.2 return=1012.5 length=79 success_rate=1.00 collisions/ep=0.00 (n=14)
update=417 global_step=427008 SPS=827 ev=1.000 v_bias=0.2 return=1012.8 length=80 success_rate=1.00 collisions/ep=0.00 (n=13)
update=418 global_step=428032 SPS=828 ev=1.000 v_bias=0.2 return=1012.6 length=78 success_rate=1.00 collisions/ep=0.00 (n=13)
update=419 global_step=429056 SPS=829 ev=1.000 v_bias=-0.1 return=1012.4 length=79 success_rate=1.00 collisions/ep=0.00 (n=14)
update=420 global_step=430080 SPS=830 ev=1.000 v_bias=-0.3 return=1012.1 length=77 success_rate=1.00 collisions/ep=0.00 (n=13)
Evaluation at update 420: return=1012.47, length=78.25, success_rate=1.00, collisions/ep=0.00
Solved-check at update 420: solved=True worst_gap=1.66 at p_x0=0.00 p_y0=1.00 (consecutive=37)
update=421 global_step=431104 SPS=822 ev=1.000 v_bias=-0.0 return=1012.4 length=78 success_rate=1.00 collisions/ep=0.00 (n=12)
update=422 global_step=432128 SPS=823 ev=1.000 v_bias=-0.0 return=1012.6 length=78 success_rate=1.00 collisions/ep=0.00 (n=12)
update=423 global_step=433152 SPS=824 ev=1.000 v_bias=0.1 return=1013.0 length=80 success_rate=1.00 collisions/ep=0.00 (n=15)
update=424 global_step=434176 SPS=825 ev=1.000 v_bias=-0.1 return=1012.3 length=78 success_rate=1.00 collisions/ep=0.00 (n=12)
update=425 global_step=435200 SPS=826 ev=1.000 v_bias=-0.1 return=1012.9 length=80 success_rate=1.00 collisions/ep=0.00 (n=13)
update=426 global_step=436224 SPS=827 ev=1.000 v_bias=-0.1 return=1013.2 length=81 success_rate=1.00 collisions/ep=0.00 (n=15)
update=427 global_step=437248 SPS=827 ev=1.000 v_bias=-0.3 return=1012.7 length=78 success_rate=1.00 collisions/ep=0.00 (n=10)
update=428 global_step=438272 SPS=828 ev=1.000 v_bias=0.2 return=1012.7 length=79 success_rate=1.00 collisions/ep=0.00 (n=14)
update=429 global_step=439296 SPS=829 ev=1.000 v_bias=0.6 return=1012.6 length=79 success_rate=1.00 collisions/ep=0.00 (n=14)
update=430 global_step=440320 SPS=830 ev=1.000 v_bias=-0.1 return=1012.5 length=78 success_rate=1.00 collisions/ep=0.00 (n=12)
Evaluation at update 430: return=1012.47, length=78.25, success_rate=1.00, collisions/ep=0.00
Solved-check at update 430: solved=True worst_gap=1.66 at p_x0=0.00 p_y0=1.00 (consecutive=38)
update=431 global_step=441344 SPS=822 ev=1.000 v_bias=0.1 return=1012.9 length=80 success_rate=1.00 collisions/ep=0.00 (n=14)
update=432 global_step=442368 SPS=823 ev=1.000 v_bias=-0.0 return=1012.6 length=78 success_rate=1.00 collisions/ep=0.00 (n=12)
update=433 global_step=443392 SPS=824 ev=1.000 v_bias=-0.1 return=1012.5 length=79 success_rate=1.00 collisions/ep=0.00 (n=13)
update=434 global_step=444416 SPS=825 ev=1.000 v_bias=-0.0 return=1012.2 length=76 success_rate=1.00 collisions/ep=0.00 (n=13)
update=435 global_step=445440 SPS=826 ev=1.000 v_bias=0.1 return=1012.6 length=80 success_rate=1.00 collisions/ep=0.00 (n=13)
update=436 global_step=446464 SPS=827 ev=1.000 v_bias=-0.2 return=1012.8 length=80 success_rate=1.00 collisions/ep=0.00 (n=13)
update=437 global_step=447488 SPS=827 ev=1.000 v_bias=-0.2 return=1012.6 length=79 success_rate=1.00 collisions/ep=0.00 (n=14)
update=438 global_step=448512 SPS=828 ev=1.000 v_bias=-0.4 return=1012.7 length=79 success_rate=1.00 collisions/ep=0.00 (n=11)
update=439 global_step=449536 SPS=829 ev=1.000 v_bias=0.4 return=1012.6 length=79 success_rate=1.00 collisions/ep=0.00 (n=15)
update=440 global_step=450560 SPS=830 ev=1.000 v_bias=-0.0 return=1013.0 length=79 success_rate=1.00 collisions/ep=0.00 (n=13)
Evaluation at update 440: return=1012.47, length=78.25, success_rate=1.00, collisions/ep=0.00
Solved-check at update 440: solved=True worst_gap=1.67 at p_x0=0.00 p_y0=1.00 (consecutive=39)
update=441 global_step=451584 SPS=822 ev=1.000 v_bias=-0.5 return=1012.7 length=79 success_rate=1.00 collisions/ep=0.00 (n=12)
update=442 global_step=452608 SPS=823 ev=1.000 v_bias=0.1 return=1012.8 length=79 success_rate=1.00 collisions/ep=0.00 (n=13)
update=443 global_step=453632 SPS=824 ev=1.000 v_bias=0.1 return=1012.4 length=78 success_rate=1.00 collisions/ep=0.00 (n=12)
update=444 global_step=454656 SPS=825 ev=1.000 v_bias=-0.2 return=1013.4 length=81 success_rate=1.00 collisions/ep=0.00 (n=13)
update=445 global_step=455680 SPS=826 ev=0.999 v_bias=0.8 return=1009.0 length=78 success_rate=1.00 collisions/ep=0.07 (n=14)
update=446 global_step=456704 SPS=827 ev=1.000 v_bias=-0.0 return=1012.6 length=78 success_rate=1.00 collisions/ep=0.00 (n=13)
update=447 global_step=457728 SPS=828 ev=1.000 v_bias=-0.4 return=1013.3 length=81 success_rate=1.00 collisions/ep=0.00 (n=13)
update=448 global_step=458752 SPS=829 ev=1.000 v_bias=-0.1 return=1012.3 length=77 success_rate=1.00 collisions/ep=0.00 (n=13)
update=449 global_step=459776 SPS=829 ev=0.999 v_bias=0.4 return=1008.7 length=77 success_rate=1.00 collisions/ep=0.07 (n=14)
update=450 global_step=460800 SPS=830 ev=1.000 v_bias=-0.5 return=1013.5 length=83 success_rate=1.00 collisions/ep=0.00 (n=13)
Evaluation at update 450: return=1012.47, length=78.25, success_rate=1.00, collisions/ep=0.00
Solved-check at update 450: solved=True worst_gap=1.66 at p_x0=0.00 p_y0=1.00 (consecutive=40)
update=451 global_step=461824 SPS=823 ev=1.000 v_bias=0.2 return=1012.7 length=79 success_rate=1.00 collisions/ep=0.00 (n=11)
update=452 global_step=462848 SPS=824 ev=1.000 v_bias=-0.1 return=1012.6 length=77 success_rate=1.00 collisions/ep=0.00 (n=13)
update=453 global_step=463872 SPS=824 ev=1.000 v_bias=-0.3 return=1012.6 length=79 success_rate=1.00 collisions/ep=0.07 (n=14)
update=454 global_step=464896 SPS=825 ev=1.000 v_bias=-0.0 return=1012.9 length=79 success_rate=1.00 collisions/ep=0.00 (n=12)
update=455 global_step=465920 SPS=826 ev=1.000 v_bias=0.3 return=1012.0 length=76 success_rate=1.00 collisions/ep=0.07 (n=14)
update=456 global_step=466944 SPS=827 ev=0.997 v_bias=2.0 return=1004.7 length=77 success_rate=1.00 collisions/ep=0.31 (n=13)
update=457 global_step=467968 SPS=828 ev=1.000 v_bias=0.4 return=1009.0 length=81 success_rate=1.00 collisions/ep=0.07 (n=14)
update=458 global_step=468992 SPS=829 ev=0.999 v_bias=0.5 return=1007.8 length=76 success_rate=1.00 collisions/ep=0.17 (n=12)
update=459 global_step=470016 SPS=829 ev=1.000 v_bias=-0.9 return=1012.4 length=78 success_rate=1.00 collisions/ep=0.14 (n=14)
update=460 global_step=471040 SPS=830 ev=0.999 v_bias=-0.3 return=1009.0 length=81 success_rate=1.00 collisions/ep=0.25 (n=12)
Evaluation at update 460: return=1012.47, length=78.25, success_rate=1.00, collisions/ep=0.00
Solved-check at update 460: solved=True worst_gap=1.66 at p_x0=0.00 p_y0=1.00 (consecutive=41)
update=461 global_step=472064 SPS=823 ev=1.000 v_bias=-0.8 return=1013.2 length=80 success_rate=1.00 collisions/ep=0.08 (n=12)
update=462 global_step=473088 SPS=824 ev=1.000 v_bias=-0.2 return=1012.9 length=80 success_rate=1.00 collisions/ep=0.00 (n=14)
update=463 global_step=474112 SPS=825 ev=0.998 v_bias=1.2 return=1004.6 length=78 success_rate=1.00 collisions/ep=0.31 (n=13)
update=464 global_step=475136 SPS=825 ev=1.000 v_bias=-0.6 return=1012.5 length=77 success_rate=1.00 collisions/ep=0.00 (n=14)
update=465 global_step=476160 SPS=826 ev=0.999 v_bias=-0.0 return=1012.2 length=76 success_rate=1.00 collisions/ep=0.00 (n=12)
update=466 global_step=477184 SPS=827 ev=1.000 v_bias=-0.5 return=1009.2 length=80 success_rate=1.00 collisions/ep=0.07 (n=14)
update=467 global_step=478208 SPS=828 ev=0.999 v_bias=0.4 return=1009.2 length=79 success_rate=1.00 collisions/ep=0.14 (n=14)
update=468 global_step=479232 SPS=829 ev=1.000 v_bias=-0.5 return=1012.4 length=78 success_rate=1.00 collisions/ep=0.00 (n=10)
update=469 global_step=480256 SPS=829 ev=1.000 v_bias=-0.7 return=1013.1 length=80 success_rate=1.00 collisions/ep=0.00 (n=15)
update=470 global_step=481280 SPS=830 ev=1.000 v_bias=-0.3 return=1013.0 length=81 success_rate=1.00 collisions/ep=0.00 (n=12)
Evaluation at update 470: return=1012.48, length=78.25, success_rate=1.00, collisions/ep=0.00
Solved-check at update 470: solved=True worst_gap=1.66 at p_x0=0.00 p_y0=1.00 (consecutive=42)
update=471 global_step=482304 SPS=823 ev=1.000 v_bias=0.2 return=1012.4 length=78 success_rate=1.00 collisions/ep=0.00 (n=13)
update=472 global_step=483328 SPS=823 ev=1.000 v_bias=-0.3 return=1012.8 length=80 success_rate=1.00 collisions/ep=0.14 (n=14)
update=473 global_step=484352 SPS=824 ev=0.999 v_bias=1.0 return=1008.5 length=80 success_rate=1.00 collisions/ep=0.36 (n=11)
update=474 global_step=485376 SPS=825 ev=1.000 v_bias=-0.1 return=1012.5 length=79 success_rate=1.00 collisions/ep=0.00 (n=14)
update=475 global_step=486400 SPS=826 ev=1.000 v_bias=-0.2 return=1012.6 length=80 success_rate=1.00 collisions/ep=0.07 (n=14)
update=476 global_step=487424 SPS=827 ev=1.000 v_bias=-0.2 return=1013.2 length=81 success_rate=1.00 collisions/ep=0.20 (n=10)
update=477 global_step=488448 SPS=827 ev=1.000 v_bias=0.2 return=1012.7 length=80 success_rate=1.00 collisions/ep=0.00 (n=15)
update=478 global_step=489472 SPS=828 ev=1.000 v_bias=0.2 return=1012.8 length=81 success_rate=1.00 collisions/ep=0.08 (n=12)
update=479 global_step=490496 SPS=829 ev=1.000 v_bias=-0.2 return=1012.4 length=79 success_rate=1.00 collisions/ep=0.15 (n=13)
update=480 global_step=491520 SPS=830 ev=1.000 v_bias=0.2 return=1012.6 length=80 success_rate=1.00 collisions/ep=0.09 (n=11)
Evaluation at update 480: return=1012.48, length=78.25, success_rate=1.00, collisions/ep=0.00
Solved-check at update 480: solved=True worst_gap=1.66 at p_x0=0.00 p_y0=1.00 (consecutive=43)
update=481 global_step=492544 SPS=823 ev=1.000 v_bias=-0.3 return=1013.0 length=82 success_rate=1.00 collisions/ep=0.07 (n=15)
update=482 global_step=493568 SPS=823 ev=1.000 v_bias=-0.3 return=1012.7 length=79 success_rate=1.00 collisions/ep=0.08 (n=12)
update=483 global_step=494592 SPS=824 ev=1.000 v_bias=0.1 return=1013.1 length=81 success_rate=1.00 collisions/ep=0.08 (n=13)
update=484 global_step=495616 SPS=825 ev=1.000 v_bias=-0.2 return=1012.6 length=78 success_rate=1.00 collisions/ep=0.00 (n=14)
update=485 global_step=496640 SPS=826 ev=1.000 v_bias=0.2 return=1012.5 length=79 success_rate=1.00 collisions/ep=0.00 (n=11)
update=486 global_step=497664 SPS=827 ev=1.000 v_bias=-0.0 return=1013.1 length=81 success_rate=1.00 collisions/ep=0.00 (n=14)
update=487 global_step=498688 SPS=827 ev=1.000 v_bias=0.3 return=1013.3 length=82 success_rate=1.00 collisions/ep=0.00 (n=11)
update=488 global_step=499712 SPS=828 ev=1.000 v_bias=0.1 return=1012.6 length=79 success_rate=1.00 collisions/ep=0.07 (n=14)
Saved checkpoints to C:\Users\loren\Desktop\MASTER THESIS\5_CODE\scenarios\slalom\studies\disturbed_0.01_0.1\ppo\runs\ppo_slalom_7_1790638791
