Using device: cpu
Solved-check: precomputed optimal returns for 25 fixed initial conditions (mean=1013.0, min=1011.0, max=1015.0); solved-tolerance=5.0
batch_size=1024 minibatch_size=256 num_updates=488 timesteps=499712 (requested 500000; 288 dropped by integer division)
update=1 global_step=1024 SPS=1359 ev=-0.002 v_bias=53.5 return=810.5 length=122 success_rate=1.00 collisions/ep=4.00 (n=1)
update=2 global_step=2048 SPS=1434 ev=-0.093 v_bias=40.6 return=-721.0 length=190 success_rate=0.14 collisions/ep=13.57 (n=7)
update=3 global_step=3072 SPS=1454 ev=0.168 v_bias=10.4 return=-240.7 length=180 success_rate=0.33 collisions/ep=9.00 (n=3)
update=4 global_step=4096 SPS=1508 ev=0.166 v_bias=9.7 return=-386.1 length=196 success_rate=0.17 collisions/ep=8.50 (n=6)
update=5 global_step=5120 SPS=1504 ev=0.330 v_bias=-13.0 return=-248.5 length=186 success_rate=0.29 collisions/ep=8.00 (n=7)
update=6 global_step=6144 SPS=1490 ev=0.525 v_bias=6.9 return=-43.7 length=181 success_rate=0.40 collisions/ep=6.60 (n=5)
update=7 global_step=7168 SPS=1466 ev=0.634 v_bias=-6.7 return=-454.7 length=179 success_rate=0.20 collisions/ep=10.00 (n=5)
update=8 global_step=8192 SPS=1476 ev=0.504 v_bias=-22.4 return=110.2 length=178 success_rate=0.57 collisions/ep=7.29 (n=7)
update=9 global_step=9216 SPS=1462 ev=0.652 v_bias=-54.5 return=311.2 length=147 success_rate=0.78 collisions/ep=8.00 (n=9)
update=10 global_step=10240 SPS=1468 ev=0.898 v_bias=-97.4 return=730.9 length=109 success_rate=1.00 collisions/ep=5.00 (n=8)
Evaluation at update 10: return=690.14, length=88.10, success_rate=1.00, collisions/ep=6.25
Solved-check at update 10: solved=False worst_gap=757.92 at p_x0=0.50 p_y0=-0.50 (consecutive=0)
update=11 global_step=11264 SPS=815 ev=0.977 v_bias=-93.1 return=698.0 length=111 success_rate=1.00 collisions/ep=5.67 (n=12)
update=12 global_step=12288 SPS=849 ev=0.936 v_bias=-44.9 return=694.8 length=93 success_rate=1.00 collisions/ep=6.11 (n=9)
update=13 global_step=13312 SPS=880 ev=0.959 v_bias=-57.2 return=699.9 length=99 success_rate=1.00 collisions/ep=5.82 (n=11)
update=14 global_step=14336 SPS=909 ev=0.971 v_bias=-41.6 return=730.3 length=90 success_rate=1.00 collisions/ep=5.42 (n=12)
update=15 global_step=15360 SPS=936 ev=0.962 v_bias=-19.8 return=746.9 length=85 success_rate=1.00 collisions/ep=5.18 (n=11)
update=16 global_step=16384 SPS=963 ev=0.960 v_bias=-24.7 return=740.6 length=85 success_rate=1.00 collisions/ep=5.33 (n=12)
update=17 global_step=17408 SPS=985 ev=0.962 v_bias=-8.0 return=768.0 length=82 success_rate=1.00 collisions/ep=4.77 (n=13)
update=18 global_step=18432 SPS=1004 ev=0.946 v_bias=2.0 return=738.6 length=85 success_rate=1.00 collisions/ep=5.36 (n=11)
update=19 global_step=19456 SPS=1022 ev=0.970 v_bias=5.6 return=717.4 length=88 success_rate=1.00 collisions/ep=5.77 (n=13)
update=20 global_step=20480 SPS=1036 ev=0.971 v_bias=-10.3 return=751.0 length=85 success_rate=1.00 collisions/ep=5.09 (n=11)
Evaluation at update 20: return=683.56, length=82.45, success_rate=1.00, collisions/ep=6.50
Solved-check at update 20: solved=False worst_gap=553.92 at p_x0=0.50 p_y0=0.50 (consecutive=0)
update=21 global_step=21504 SPS=819 ev=0.977 v_bias=-11.6 return=783.8 length=88 success_rate=1.00 collisions/ep=4.46 (n=13)
update=22 global_step=22528 SPS=836 ev=0.955 v_bias=-7.4 return=823.6 length=86 success_rate=1.00 collisions/ep=3.64 (n=11)
update=23 global_step=23552 SPS=851 ev=0.968 v_bias=10.7 return=711.1 length=84 success_rate=1.00 collisions/ep=5.93 (n=14)
update=24 global_step=24576 SPS=868 ev=0.964 v_bias=-15.0 return=853.4 length=81 success_rate=1.00 collisions/ep=3.09 (n=11)
update=25 global_step=25600 SPS=883 ev=0.969 v_bias=-1.2 return=800.1 length=84 success_rate=1.00 collisions/ep=4.15 (n=13)
update=26 global_step=26624 SPS=897 ev=0.950 v_bias=3.3 return=772.8 length=88 success_rate=1.00 collisions/ep=4.70 (n=10)
update=27 global_step=27648 SPS=912 ev=0.954 v_bias=5.3 return=802.7 length=87 success_rate=1.00 collisions/ep=4.07 (n=14)
update=28 global_step=28672 SPS=926 ev=0.965 v_bias=-6.9 return=849.4 length=82 success_rate=1.00 collisions/ep=3.18 (n=11)
update=29 global_step=29696 SPS=938 ev=0.969 v_bias=-5.7 return=838.3 length=83 success_rate=1.00 collisions/ep=3.54 (n=13)
update=30 global_step=30720 SPS=949 ev=0.973 v_bias=-6.6 return=846.1 length=82 success_rate=1.00 collisions/ep=3.25 (n=12)
Evaluation at update 30: return=975.33, length=80.60, success_rate=1.00, collisions/ep=0.70
Solved-check at update 30: solved=False worst_gap=351.97 at p_x0=0.50 p_y0=1.00 (consecutive=0)
update=31 global_step=31744 SPS=811 ev=0.979 v_bias=-11.0 return=886.1 length=84 success_rate=1.00 collisions/ep=2.46 (n=13)
update=32 global_step=32768 SPS=825 ev=0.953 v_bias=-3.7 return=899.7 length=82 success_rate=1.00 collisions/ep=2.18 (n=11)
update=33 global_step=33792 SPS=836 ev=0.976 v_bias=-9.9 return=896.6 length=82 success_rate=1.00 collisions/ep=2.25 (n=12)
update=34 global_step=34816 SPS=849 ev=0.971 v_bias=0.2 return=923.1 length=84 success_rate=1.00 collisions/ep=1.71 (n=14)
update=35 global_step=35840 SPS=860 ev=0.979 v_bias=-4.9 return=922.6 length=84 success_rate=1.00 collisions/ep=1.73 (n=11)
update=36 global_step=36864 SPS=872 ev=0.972 v_bias=0.8 return=902.2 length=83 success_rate=1.00 collisions/ep=2.14 (n=14)
update=37 global_step=37888 SPS=883 ev=0.977 v_bias=-2.3 return=882.3 length=84 success_rate=1.00 collisions/ep=2.55 (n=11)
update=38 global_step=38912 SPS=892 ev=0.962 v_bias=-0.9 return=936.6 length=81 success_rate=1.00 collisions/ep=1.54 (n=13)
update=39 global_step=39936 SPS=902 ev=0.970 v_bias=6.8 return=905.7 length=81 success_rate=1.00 collisions/ep=2.07 (n=15)
update=40 global_step=40960 SPS=913 ev=0.983 v_bias=-6.4 return=949.5 length=84 success_rate=1.00 collisions/ep=1.22 (n=9)
Evaluation at update 40: return=1001.02, length=79.95, success_rate=1.00, collisions/ep=0.20
Solved-check at update 40: solved=False worst_gap=251.05 at p_x0=2.00 p_y0=-0.50 (consecutive=0)
update=41 global_step=41984 SPS=819 ev=0.977 v_bias=-3.7 return=943.1 length=82 success_rate=1.00 collisions/ep=1.33 (n=15)
update=42 global_step=43008 SPS=828 ev=0.983 v_bias=-4.4 return=960.9 length=82 success_rate=1.00 collisions/ep=1.00 (n=10)
update=43 global_step=44032 SPS=837 ev=0.989 v_bias=-3.7 return=959.4 length=81 success_rate=1.00 collisions/ep=1.07 (n=15)
update=44 global_step=45056 SPS=846 ev=0.975 v_bias=1.0 return=989.5 length=79 success_rate=1.00 collisions/ep=0.42 (n=12)
update=45 global_step=46080 SPS=853 ev=0.982 v_bias=-3.2 return=931.1 length=83 success_rate=1.00 collisions/ep=1.58 (n=12)
update=46 global_step=47104 SPS=861 ev=0.996 v_bias=-9.7 return=998.5 length=84 success_rate=1.00 collisions/ep=0.23 (n=13)
update=47 global_step=48128 SPS=870 ev=0.996 v_bias=-6.3 return=1006.6 length=81 success_rate=1.00 collisions/ep=0.25 (n=12)
update=48 global_step=49152 SPS=878 ev=0.995 v_bias=-0.8 return=985.8 length=82 success_rate=1.00 collisions/ep=0.50 (n=14)
update=49 global_step=50176 SPS=885 ev=0.985 v_bias=2.6 return=961.6 length=82 success_rate=1.00 collisions/ep=1.20 (n=10)
update=50 global_step=51200 SPS=893 ev=0.993 v_bias=-0.6 return=990.2 length=80 success_rate=1.00 collisions/ep=0.50 (n=14)
Evaluation at update 50: return=1011.53, length=79.35, success_rate=1.00, collisions/ep=0.00
Solved-check at update 50: solved=False worst_gap=51.05 at p_x0=0.50 p_y0=1.00 (consecutive=0)
update=51 global_step=52224 SPS=822 ev=0.998 v_bias=-3.6 return=998.6 length=81 success_rate=1.00 collisions/ep=0.33 (n=12)
update=52 global_step=53248 SPS=828 ev=0.979 v_bias=1.9 return=980.0 length=80 success_rate=1.00 collisions/ep=0.62 (n=13)
update=53 global_step=54272 SPS=835 ev=0.996 v_bias=-1.1 return=997.1 length=81 success_rate=1.00 collisions/ep=0.29 (n=14)
update=54 global_step=55296 SPS=841 ev=0.995 v_bias=-1.0 return=1011.0 length=79 success_rate=1.00 collisions/ep=0.00 (n=11)
update=55 global_step=56320 SPS=848 ev=0.989 v_bias=3.2 return=979.5 length=82 success_rate=1.00 collisions/ep=0.71 (n=14)
update=56 global_step=57344 SPS=855 ev=0.996 v_bias=-3.4 return=998.5 length=81 success_rate=1.00 collisions/ep=0.33 (n=12)
update=57 global_step=58368 SPS=861 ev=0.996 v_bias=-3.2 return=993.7 length=78 success_rate=1.00 collisions/ep=0.43 (n=14)
update=58 global_step=59392 SPS=868 ev=0.998 v_bias=-2.0 return=1006.4 length=79 success_rate=1.00 collisions/ep=0.25 (n=12)
update=59 global_step=60416 SPS=875 ev=0.998 v_bias=-0.7 return=1003.4 length=80 success_rate=1.00 collisions/ep=0.15 (n=13)
update=60 global_step=61440 SPS=882 ev=1.000 v_bias=-1.7 return=1012.3 length=84 success_rate=1.00 collisions/ep=0.00 (n=12)
Evaluation at update 60: return=1011.83, length=79.20, success_rate=1.00, collisions/ep=0.00
Solved-check at update 60: solved=False worst_gap=50.82 at p_x0=0.50 p_y0=1.00 (consecutive=0)
update=61 global_step=62464 SPS=822 ev=0.993 v_bias=1.2 return=998.7 length=79 success_rate=1.00 collisions/ep=0.25 (n=12)
update=62 global_step=63488 SPS=829 ev=1.000 v_bias=-2.1 return=1008.0 length=79 success_rate=1.00 collisions/ep=0.07 (n=15)
update=63 global_step=64512 SPS=835 ev=0.998 v_bias=-0.7 return=1003.4 length=80 success_rate=1.00 collisions/ep=0.17 (n=12)
update=64 global_step=65536 SPS=840 ev=0.999 v_bias=-0.6 return=1011.8 length=79 success_rate=1.00 collisions/ep=0.00 (n=12)
update=65 global_step=66560 SPS=845 ev=0.998 v_bias=0.1 return=1002.2 length=78 success_rate=1.00 collisions/ep=0.27 (n=15)
update=66 global_step=67584 SPS=851 ev=0.999 v_bias=-0.3 return=1011.4 length=79 success_rate=1.00 collisions/ep=0.00 (n=12)
update=67 global_step=68608 SPS=856 ev=0.999 v_bias=-0.0 return=1004.5 length=80 success_rate=1.00 collisions/ep=0.15 (n=13)
update=68 global_step=69632 SPS=861 ev=0.998 v_bias=0.4 return=1003.4 length=79 success_rate=1.00 collisions/ep=0.17 (n=12)
update=69 global_step=70656 SPS=866 ev=0.999 v_bias=-0.7 return=1007.9 length=79 success_rate=1.00 collisions/ep=0.15 (n=13)
update=70 global_step=71680 SPS=871 ev=0.998 v_bias=0.6 return=1008.6 length=82 success_rate=1.00 collisions/ep=0.08 (n=12)
Evaluation at update 70: return=1012.07, length=78.85, success_rate=1.00, collisions/ep=0.00
Solved-check at update 70: solved=True worst_gap=2.11 at p_x0=0.00 p_y0=-0.50 (consecutive=0)
update=71 global_step=72704 SPS=821 ev=1.000 v_bias=-0.7 return=1008.2 length=80 success_rate=1.00 collisions/ep=0.08 (n=13)
update=72 global_step=73728 SPS=826 ev=0.999 v_bias=-0.4 return=1008.7 length=81 success_rate=1.00 collisions/ep=0.14 (n=14)
update=73 global_step=74752 SPS=831 ev=0.999 v_bias=-0.5 return=1008.1 length=81 success_rate=1.00 collisions/ep=0.08 (n=12)
update=74 global_step=75776 SPS=836 ev=0.999 v_bias=0.1 return=1008.5 length=81 success_rate=1.00 collisions/ep=0.08 (n=13)
update=75 global_step=76800 SPS=840 ev=0.999 v_bias=-0.6 return=1008.4 length=82 success_rate=1.00 collisions/ep=0.17 (n=12)
update=76 global_step=77824 SPS=844 ev=1.000 v_bias=-1.0 return=1011.9 length=79 success_rate=1.00 collisions/ep=0.07 (n=14)
update=77 global_step=78848 SPS=850 ev=0.998 v_bias=0.8 return=1008.4 length=79 success_rate=1.00 collisions/ep=0.15 (n=13)
update=78 global_step=79872 SPS=855 ev=1.000 v_bias=-0.6 return=1007.5 length=79 success_rate=1.00 collisions/ep=0.08 (n=12)
update=79 global_step=80896 SPS=860 ev=1.000 v_bias=-0.3 return=1012.1 length=81 success_rate=1.00 collisions/ep=0.00 (n=13)
update=80 global_step=81920 SPS=865 ev=1.000 v_bias=-0.2 return=1012.1 length=78 success_rate=1.00 collisions/ep=0.00 (n=11)
Evaluation at update 80: return=1012.17, length=78.80, success_rate=1.00, collisions/ep=0.00
Solved-check at update 80: solved=True worst_gap=1.98 at p_x0=0.00 p_y0=-0.50 (consecutive=1)
Solved criterion held for 2 consecutive evals (tolerance=5.0) at global_step=81920.
update=81 global_step=82944 SPS=821 ev=0.998 v_bias=0.9 return=1008.7 length=79 success_rate=1.00 collisions/ep=0.12 (n=16)
update=82 global_step=83968 SPS=826 ev=1.000 v_bias=-0.4 return=1008.3 length=79 success_rate=1.00 collisions/ep=0.23 (n=13)
update=83 global_step=84992 SPS=830 ev=0.999 v_bias=0.6 return=1007.1 length=79 success_rate=1.00 collisions/ep=0.09 (n=11)
update=84 global_step=86016 SPS=834 ev=1.000 v_bias=-0.7 return=1011.9 length=77 success_rate=1.00 collisions/ep=0.00 (n=15)
update=85 global_step=87040 SPS=838 ev=0.999 v_bias=0.7 return=1007.4 length=79 success_rate=1.00 collisions/ep=0.17 (n=12)
update=86 global_step=88064 SPS=842 ev=1.000 v_bias=-0.9 return=1011.9 length=78 success_rate=1.00 collisions/ep=0.15 (n=13)
update=87 global_step=89088 SPS=846 ev=1.000 v_bias=-0.8 return=1012.7 length=80 success_rate=1.00 collisions/ep=0.00 (n=14)
update=88 global_step=90112 SPS=850 ev=1.000 v_bias=-0.0 return=1012.0 length=79 success_rate=1.00 collisions/ep=0.00 (n=12)
update=89 global_step=91136 SPS=854 ev=0.999 v_bias=1.4 return=1008.3 length=79 success_rate=1.00 collisions/ep=0.08 (n=13)
update=90 global_step=92160 SPS=857 ev=1.000 v_bias=-0.4 return=1012.5 length=79 success_rate=1.00 collisions/ep=0.00 (n=13)
Evaluation at update 90: return=1012.26, length=78.65, success_rate=1.00, collisions/ep=0.00
Solved-check at update 90: solved=True worst_gap=1.87 at p_x0=0.00 p_y0=0.00 (consecutive=2)
update=91 global_step=93184 SPS=821 ev=1.000 v_bias=-0.3 return=1011.8 length=77 success_rate=1.00 collisions/ep=0.00 (n=13)
update=92 global_step=94208 SPS=825 ev=0.998 v_bias=1.1 return=1005.0 length=81 success_rate=1.00 collisions/ep=0.15 (n=13)
update=93 global_step=95232 SPS=829 ev=1.000 v_bias=-0.9 return=1012.7 length=81 success_rate=1.00 collisions/ep=0.00 (n=14)
update=94 global_step=96256 SPS=833 ev=0.991 v_bias=1.1 return=995.3 length=78 success_rate=1.00 collisions/ep=0.42 (n=12)
update=95 global_step=97280 SPS=837 ev=1.000 v_bias=-1.5 return=1012.7 length=81 success_rate=1.00 collisions/ep=0.00 (n=14)
update=96 global_step=98304 SPS=841 ev=1.000 v_bias=-0.7 return=1012.3 length=80 success_rate=1.00 collisions/ep=0.00 (n=11)
update=97 global_step=99328 SPS=845 ev=1.000 v_bias=-0.6 return=1012.4 length=80 success_rate=1.00 collisions/ep=0.00 (n=13)
update=98 global_step=100352 SPS=848 ev=1.000 v_bias=-1.0 return=1012.4 length=79 success_rate=1.00 collisions/ep=0.00 (n=13)
update=99 global_step=101376 SPS=852 ev=1.000 v_bias=-1.1 return=1012.3 length=78 success_rate=1.00 collisions/ep=0.00 (n=13)
update=100 global_step=102400 SPS=856 ev=1.000 v_bias=-0.1 return=1012.3 length=78 success_rate=1.00 collisions/ep=0.00 (n=15)
Evaluation at update 100: return=1012.28, length=78.60, success_rate=1.00, collisions/ep=0.00
Solved-check at update 100: solved=True worst_gap=1.97 at p_x0=0.00 p_y0=-0.50 (consecutive=3)
update=101 global_step=103424 SPS=822 ev=1.000 v_bias=-0.2 return=1011.7 length=78 success_rate=1.00 collisions/ep=0.00 (n=10)
update=102 global_step=104448 SPS=826 ev=1.000 v_bias=-0.2 return=1012.2 length=81 success_rate=1.00 collisions/ep=0.00 (n=15)
update=103 global_step=105472 SPS=829 ev=1.000 v_bias=0.1 return=1012.3 length=78 success_rate=1.00 collisions/ep=0.00 (n=11)
update=104 global_step=106496 SPS=833 ev=1.000 v_bias=0.1 return=1013.0 length=83 success_rate=1.00 collisions/ep=0.00 (n=14)
update=105 global_step=107520 SPS=836 ev=1.000 v_bias=0.2 return=1012.3 length=78 success_rate=1.00 collisions/ep=0.00 (n=12)
update=106 global_step=108544 SPS=839 ev=0.996 v_bias=2.6 return=1002.2 length=79 success_rate=1.00 collisions/ep=0.20 (n=15)
update=107 global_step=109568 SPS=842 ev=1.000 v_bias=-0.8 return=1013.1 length=82 success_rate=1.00 collisions/ep=0.00 (n=11)
update=108 global_step=110592 SPS=846 ev=1.000 v_bias=-1.1 return=1012.5 length=80 success_rate=1.00 collisions/ep=0.00 (n=14)
update=109 global_step=111616 SPS=849 ev=1.000 v_bias=-1.1 return=1013.1 length=80 success_rate=1.00 collisions/ep=0.00 (n=11)
update=110 global_step=112640 SPS=853 ev=1.000 v_bias=-0.3 return=1012.7 length=81 success_rate=1.00 collisions/ep=0.00 (n=14)
Evaluation at update 110: return=1012.33, length=78.60, success_rate=1.00, collisions/ep=0.00
Solved-check at update 110: solved=True worst_gap=1.91 at p_x0=0.00 p_y0=-0.50 (consecutive=4)
update=111 global_step=113664 SPS=821 ev=0.999 v_bias=0.4 return=1012.2 length=77 success_rate=1.00 collisions/ep=0.00 (n=13)
update=112 global_step=114688 SPS=825 ev=1.000 v_bias=0.2 return=1007.9 length=79 success_rate=1.00 collisions/ep=0.08 (n=12)
update=113 global_step=115712 SPS=828 ev=1.000 v_bias=0.0 return=1012.4 length=79 success_rate=1.00 collisions/ep=0.00 (n=14)
update=114 global_step=116736 SPS=831 ev=1.000 v_bias=0.1 return=1012.2 length=78 success_rate=1.00 collisions/ep=0.00 (n=13)
update=115 global_step=117760 SPS=834 ev=1.000 v_bias=-0.1 return=1012.9 length=81 success_rate=1.00 collisions/ep=0.00 (n=13)
update=116 global_step=118784 SPS=837 ev=0.999 v_bias=0.9 return=1008.2 length=77 success_rate=1.00 collisions/ep=0.08 (n=13)
update=117 global_step=119808 SPS=840 ev=1.000 v_bias=-0.6 return=1012.5 length=80 success_rate=1.00 collisions/ep=0.00 (n=12)
update=118 global_step=120832 SPS=844 ev=0.993 v_bias=2.1 return=1012.6 length=81 success_rate=1.00 collisions/ep=0.00 (n=13)
update=119 global_step=121856 SPS=847 ev=1.000 v_bias=0.2 return=999.9 length=80 success_rate=1.00 collisions/ep=0.25 (n=12)
update=120 global_step=122880 SPS=850 ev=0.999 v_bias=1.1 return=1008.7 length=78 success_rate=1.00 collisions/ep=0.21 (n=14)
Evaluation at update 120: return=1012.34, length=78.50, success_rate=1.00, collisions/ep=0.00
Solved-check at update 120: solved=True worst_gap=1.87 at p_x0=0.00 p_y0=-0.50 (consecutive=5)
update=121 global_step=123904 SPS=820 ev=1.000 v_bias=-0.1 return=1012.7 length=79 success_rate=1.00 collisions/ep=0.00 (n=13)
update=122 global_step=124928 SPS=823 ev=1.000 v_bias=-0.4 return=1012.1 length=78 success_rate=1.00 collisions/ep=0.00 (n=13)
update=123 global_step=125952 SPS=826 ev=1.000 v_bias=-0.4 return=1013.2 length=83 success_rate=1.00 collisions/ep=0.00 (n=12)
update=124 global_step=126976 SPS=829 ev=0.996 v_bias=1.6 return=1001.0 length=79 success_rate=1.00 collisions/ep=0.46 (n=13)
update=125 global_step=128000 SPS=832 ev=0.999 v_bias=-0.4 return=1012.4 length=78 success_rate=1.00 collisions/ep=0.07 (n=14)
update=126 global_step=129024 SPS=835 ev=1.000 v_bias=-0.1 return=1012.9 length=81 success_rate=1.00 collisions/ep=0.00 (n=13)
update=127 global_step=130048 SPS=838 ev=1.000 v_bias=-0.3 return=1012.4 length=78 success_rate=1.00 collisions/ep=0.08 (n=12)
update=128 global_step=131072 SPS=841 ev=1.000 v_bias=0.2 return=1012.8 length=79 success_rate=1.00 collisions/ep=0.00 (n=13)
update=129 global_step=132096 SPS=844 ev=1.000 v_bias=0.0 return=1012.7 length=82 success_rate=1.00 collisions/ep=0.17 (n=12)
update=130 global_step=133120 SPS=847 ev=1.000 v_bias=-0.6 return=1012.3 length=77 success_rate=1.00 collisions/ep=0.07 (n=14)
Evaluation at update 130: return=1012.40, length=78.50, success_rate=1.00, collisions/ep=0.00
Solved-check at update 130: solved=True worst_gap=1.82 at p_x0=0.00 p_y0=-0.50 (consecutive=6)
update=131 global_step=134144 SPS=821 ev=1.000 v_bias=-0.0 return=1012.5 length=79 success_rate=1.00 collisions/ep=0.00 (n=13)
update=132 global_step=135168 SPS=824 ev=1.000 v_bias=0.5 return=1013.1 length=82 success_rate=1.00 collisions/ep=0.09 (n=11)
update=133 global_step=136192 SPS=827 ev=0.999 v_bias=0.5 return=1012.7 length=80 success_rate=1.00 collisions/ep=0.00 (n=15)
update=134 global_step=137216 SPS=830 ev=1.000 v_bias=-0.2 return=1008.8 length=81 success_rate=1.00 collisions/ep=0.08 (n=12)
update=135 global_step=138240 SPS=833 ev=0.997 v_bias=0.8 return=1004.6 length=78 success_rate=1.00 collisions/ep=0.23 (n=13)
update=136 global_step=139264 SPS=835 ev=1.000 v_bias=-0.8 return=1012.0 length=76 success_rate=1.00 collisions/ep=0.00 (n=15)
update=137 global_step=140288 SPS=838 ev=1.000 v_bias=0.3 return=1012.5 length=78 success_rate=1.00 collisions/ep=0.00 (n=12)
update=138 global_step=141312 SPS=841 ev=1.000 v_bias=-0.3 return=1012.7 length=80 success_rate=1.00 collisions/ep=0.00 (n=12)
update=139 global_step=142336 SPS=843 ev=1.000 v_bias=-0.2 return=1012.4 length=78 success_rate=1.00 collisions/ep=0.07 (n=14)
update=140 global_step=143360 SPS=846 ev=1.000 v_bias=-0.1 return=1012.6 length=79 success_rate=1.00 collisions/ep=0.00 (n=11)
Evaluation at update 140: return=1012.41, length=78.50, success_rate=1.00, collisions/ep=0.00
Solved-check at update 140: solved=True worst_gap=1.80 at p_x0=0.00 p_y0=-0.50 (consecutive=7)
update=141 global_step=144384 SPS=814 ev=0.999 v_bias=0.9 return=1009.7 length=81 success_rate=1.00 collisions/ep=0.06 (n=16)
update=142 global_step=145408 SPS=817 ev=1.000 v_bias=-0.4 return=1012.3 length=79 success_rate=1.00 collisions/ep=0.00 (n=11)
update=143 global_step=146432 SPS=820 ev=1.000 v_bias=0.0 return=1012.2 length=79 success_rate=1.00 collisions/ep=0.00 (n=13)
update=144 global_step=147456 SPS=822 ev=1.000 v_bias=0.2 return=1012.1 length=78 success_rate=1.00 collisions/ep=0.00 (n=15)
update=145 global_step=148480 SPS=825 ev=1.000 v_bias=-0.0 return=1012.1 length=77 success_rate=1.00 collisions/ep=0.00 (n=11)
update=146 global_step=149504 SPS=828 ev=0.999 v_bias=0.7 return=1009.2 length=81 success_rate=1.00 collisions/ep=0.07 (n=14)
update=147 global_step=150528 SPS=830 ev=0.999 v_bias=1.0 return=1008.4 length=79 success_rate=1.00 collisions/ep=0.08 (n=13)
update=148 global_step=151552 SPS=832 ev=1.000 v_bias=-0.6 return=1012.2 length=78 success_rate=1.00 collisions/ep=0.00 (n=12)
update=149 global_step=152576 SPS=834 ev=1.000 v_bias=0.1 return=1012.6 length=81 success_rate=1.00 collisions/ep=0.00 (n=14)
update=150 global_step=153600 SPS=836 ev=0.999 v_bias=0.2 return=1012.7 length=79 success_rate=1.00 collisions/ep=0.00 (n=11)
Evaluation at update 150: return=1012.43, length=78.45, success_rate=1.00, collisions/ep=0.00
Solved-check at update 150: solved=True worst_gap=1.78 at p_x0=0.00 p_y0=-0.50 (consecutive=8)
update=151 global_step=154624 SPS=813 ev=0.997 v_bias=1.1 return=1002.3 length=81 success_rate=1.00 collisions/ep=0.21 (n=14)
update=152 global_step=155648 SPS=816 ev=1.000 v_bias=-0.2 return=1012.6 length=78 success_rate=1.00 collisions/ep=0.00 (n=13)
update=153 global_step=156672 SPS=819 ev=1.000 v_bias=-0.3 return=1012.1 length=78 success_rate=1.00 collisions/ep=0.00 (n=12)
update=154 global_step=157696 SPS=822 ev=0.999 v_bias=0.7 return=1009.5 length=81 success_rate=1.00 collisions/ep=0.07 (n=15)
update=155 global_step=158720 SPS=824 ev=1.000 v_bias=-0.6 return=1012.5 length=78 success_rate=1.00 collisions/ep=0.00 (n=12)
update=156 global_step=159744 SPS=827 ev=1.000 v_bias=-0.2 return=1012.5 length=78 success_rate=1.00 collisions/ep=0.00 (n=12)
update=157 global_step=160768 SPS=829 ev=1.000 v_bias=-0.5 return=1012.8 length=81 success_rate=1.00 collisions/ep=0.00 (n=14)
update=158 global_step=161792 SPS=831 ev=0.999 v_bias=0.6 return=1008.6 length=79 success_rate=1.00 collisions/ep=0.15 (n=13)
update=159 global_step=162816 SPS=834 ev=1.000 v_bias=-0.4 return=1012.3 length=79 success_rate=1.00 collisions/ep=0.00 (n=11)
update=160 global_step=163840 SPS=836 ev=1.000 v_bias=-0.1 return=1012.8 length=79 success_rate=1.00 collisions/ep=0.00 (n=15)
Evaluation at update 160: return=1012.45, length=78.45, success_rate=1.00, collisions/ep=0.00
Solved-check at update 160: solved=True worst_gap=1.76 at p_x0=0.00 p_y0=-0.50 (consecutive=9)
update=161 global_step=164864 SPS=816 ev=1.000 v_bias=0.3 return=1012.5 length=78 success_rate=1.00 collisions/ep=0.00 (n=13)
update=162 global_step=165888 SPS=818 ev=1.000 v_bias=-0.4 return=1012.7 length=80 success_rate=1.00 collisions/ep=0.00 (n=12)
update=163 global_step=166912 SPS=820 ev=1.000 v_bias=-0.3 return=1013.2 length=81 success_rate=1.00 collisions/ep=0.00 (n=14)
update=164 global_step=167936 SPS=822 ev=1.000 v_bias=0.2 return=1012.3 length=79 success_rate=1.00 collisions/ep=0.00 (n=10)
update=165 global_step=168960 SPS=824 ev=0.999 v_bias=0.9 return=1009.4 length=80 success_rate=1.00 collisions/ep=0.07 (n=15)
update=166 global_step=169984 SPS=826 ev=1.000 v_bias=-0.5 return=1012.4 length=79 success_rate=1.00 collisions/ep=0.00 (n=12)
update=167 global_step=171008 SPS=828 ev=1.000 v_bias=0.0 return=1013.2 length=80 success_rate=1.00 collisions/ep=0.00 (n=12)
update=168 global_step=172032 SPS=830 ev=0.999 v_bias=0.6 return=1009.5 length=82 success_rate=1.00 collisions/ep=0.29 (n=14)
update=169 global_step=173056 SPS=833 ev=0.999 v_bias=0.3 return=1008.8 length=80 success_rate=1.00 collisions/ep=0.08 (n=13)
update=170 global_step=174080 SPS=834 ev=1.000 v_bias=-0.7 return=1012.5 length=79 success_rate=1.00 collisions/ep=0.00 (n=12)
Evaluation at update 170: return=1012.46, length=78.45, success_rate=1.00, collisions/ep=0.00
Solved-check at update 170: solved=True worst_gap=1.75 at p_x0=0.00 p_y0=-0.50 (consecutive=10)
update=171 global_step=175104 SPS=814 ev=1.000 v_bias=-0.3 return=1012.5 length=80 success_rate=1.00 collisions/ep=0.15 (n=13)
update=172 global_step=176128 SPS=816 ev=1.000 v_bias=-0.2 return=1012.4 length=78 success_rate=1.00 collisions/ep=0.08 (n=12)
update=173 global_step=177152 SPS=818 ev=0.996 v_bias=2.3 return=1002.3 length=79 success_rate=1.00 collisions/ep=0.33 (n=15)
update=174 global_step=178176 SPS=820 ev=0.999 v_bias=0.3 return=1012.1 length=78 success_rate=1.00 collisions/ep=0.00 (n=13)
update=175 global_step=179200 SPS=822 ev=1.000 v_bias=-1.2 return=1008.0 length=78 success_rate=1.00 collisions/ep=0.08 (n=12)
update=176 global_step=180224 SPS=824 ev=1.000 v_bias=-1.1 return=1012.9 length=80 success_rate=1.00 collisions/ep=0.00 (n=13)
update=177 global_step=181248 SPS=826 ev=1.000 v_bias=-0.4 return=1012.6 length=79 success_rate=1.00 collisions/ep=0.00 (n=12)
update=178 global_step=182272 SPS=828 ev=0.999 v_bias=-0.1 return=1008.8 length=78 success_rate=1.00 collisions/ep=0.07 (n=15)
update=179 global_step=183296 SPS=830 ev=1.000 v_bias=-0.4 return=1012.7 length=80 success_rate=1.00 collisions/ep=0.08 (n=13)
update=180 global_step=184320 SPS=832 ev=1.000 v_bias=-0.5 return=1012.2 length=78 success_rate=1.00 collisions/ep=0.00 (n=12)
Evaluation at update 180: return=1012.46, length=78.45, success_rate=1.00, collisions/ep=0.00
Solved-check at update 180: solved=True worst_gap=1.74 at p_x0=0.00 p_y0=-0.50 (consecutive=11)
update=181 global_step=185344 SPS=814 ev=1.000 v_bias=-0.3 return=1013.0 length=80 success_rate=1.00 collisions/ep=0.08 (n=13)
update=182 global_step=186368 SPS=816 ev=1.000 v_bias=-0.2 return=1012.6 length=80 success_rate=1.00 collisions/ep=0.00 (n=13)
update=183 global_step=187392 SPS=818 ev=1.000 v_bias=-0.2 return=1012.3 length=77 success_rate=1.00 collisions/ep=0.00 (n=14)
update=184 global_step=188416 SPS=820 ev=1.000 v_bias=-0.4 return=1013.2 length=81 success_rate=1.00 collisions/ep=0.08 (n=13)
update=185 global_step=189440 SPS=822 ev=1.000 v_bias=-0.1 return=1012.0 length=77 success_rate=1.00 collisions/ep=0.00 (n=11)
update=186 global_step=190464 SPS=824 ev=1.000 v_bias=0.1 return=1012.4 length=77 success_rate=1.00 collisions/ep=0.00 (n=13)
update=187 global_step=191488 SPS=826 ev=1.000 v_bias=-0.4 return=1012.9 length=80 success_rate=1.00 collisions/ep=0.00 (n=15)
update=188 global_step=192512 SPS=828 ev=1.000 v_bias=-0.4 return=1012.6 length=79 success_rate=1.00 collisions/ep=0.00 (n=13)
update=189 global_step=193536 SPS=830 ev=1.000 v_bias=0.0 return=1013.0 length=80 success_rate=1.00 collisions/ep=0.00 (n=12)
update=190 global_step=194560 SPS=832 ev=1.000 v_bias=-0.2 return=1012.8 length=80 success_rate=1.00 collisions/ep=0.00 (n=13)
Evaluation at update 190: return=1012.48, length=78.40, success_rate=1.00, collisions/ep=0.00
Solved-check at update 190: solved=True worst_gap=1.72 at p_x0=0.00 p_y0=-0.50 (consecutive=12)
update=191 global_step=195584 SPS=815 ev=1.000 v_bias=0.4 return=1012.6 length=80 success_rate=1.00 collisions/ep=0.00 (n=12)
update=192 global_step=196608 SPS=817 ev=1.000 v_bias=-0.0 return=1012.6 length=79 success_rate=1.00 collisions/ep=0.00 (n=14)
update=193 global_step=197632 SPS=819 ev=1.000 v_bias=0.4 return=1012.5 length=79 success_rate=1.00 collisions/ep=0.00 (n=13)
update=194 global_step=198656 SPS=821 ev=0.999 v_bias=0.8 return=1008.8 length=79 success_rate=1.00 collisions/ep=0.08 (n=13)
update=195 global_step=199680 SPS=823 ev=1.000 v_bias=-0.0 return=1011.9 length=77 success_rate=1.00 collisions/ep=0.00 (n=12)
update=196 global_step=200704 SPS=824 ev=0.993 v_bias=2.5 return=1001.7 length=79 success_rate=1.00 collisions/ep=0.21 (n=14)
update=197 global_step=201728 SPS=826 ev=1.000 v_bias=-1.6 return=1013.0 length=80 success_rate=1.00 collisions/ep=0.00 (n=13)
update=198 global_step=202752 SPS=828 ev=1.000 v_bias=-1.2 return=1012.5 length=78 success_rate=1.00 collisions/ep=0.00 (n=13)
update=199 global_step=203776 SPS=830 ev=1.000 v_bias=-0.7 return=1012.6 length=78 success_rate=1.00 collisions/ep=0.00 (n=12)
update=200 global_step=204800 SPS=832 ev=1.000 v_bias=-0.4 return=1012.3 length=78 success_rate=1.00 collisions/ep=0.00 (n=14)
Evaluation at update 200: return=1012.47, length=78.40, success_rate=1.00, collisions/ep=0.00
Solved-check at update 200: solved=True worst_gap=1.72 at p_x0=0.00 p_y0=-0.50 (consecutive=13)
update=201 global_step=205824 SPS=815 ev=1.000 v_bias=-0.3 return=1012.7 length=80 success_rate=1.00 collisions/ep=0.00 (n=13)
update=202 global_step=206848 SPS=817 ev=1.000 v_bias=0.4 return=1012.0 length=77 success_rate=1.00 collisions/ep=0.00 (n=13)
update=203 global_step=207872 SPS=819 ev=0.999 v_bias=1.0 return=1008.7 length=79 success_rate=1.00 collisions/ep=0.08 (n=13)
update=204 global_step=208896 SPS=821 ev=0.992 v_bias=2.9 return=1008.4 length=79 success_rate=1.00 collisions/ep=0.08 (n=13)
update=205 global_step=209920 SPS=823 ev=1.000 v_bias=-1.1 return=1000.7 length=82 success_rate=1.00 collisions/ep=0.25 (n=12)
update=206 global_step=210944 SPS=825 ev=1.000 v_bias=-1.0 return=1013.0 length=80 success_rate=1.00 collisions/ep=0.00 (n=13)
update=207 global_step=211968 SPS=826 ev=1.000 v_bias=-0.5 return=1012.9 length=80 success_rate=1.00 collisions/ep=0.00 (n=13)
update=208 global_step=212992 SPS=828 ev=1.000 v_bias=0.1 return=1012.8 length=81 success_rate=1.00 collisions/ep=0.00 (n=13)
update=209 global_step=214016 SPS=830 ev=1.000 v_bias=-0.2 return=1012.7 length=78 success_rate=1.00 collisions/ep=0.00 (n=13)
update=210 global_step=215040 SPS=832 ev=0.999 v_bias=0.8 return=1008.5 length=79 success_rate=1.00 collisions/ep=0.08 (n=13)
Evaluation at update 210: return=1012.48, length=78.40, success_rate=1.00, collisions/ep=0.00
Solved-check at update 210: solved=True worst_gap=1.72 at p_x0=0.00 p_y0=-0.50 (consecutive=14)
update=211 global_step=216064 SPS=815 ev=1.000 v_bias=-0.1 return=1012.7 length=79 success_rate=1.00 collisions/ep=0.00 (n=12)
update=212 global_step=217088 SPS=817 ev=1.000 v_bias=-0.1 return=1012.6 length=80 success_rate=1.00 collisions/ep=0.08 (n=12)
update=213 global_step=218112 SPS=819 ev=1.000 v_bias=0.1 return=1012.4 length=79 success_rate=1.00 collisions/ep=0.00 (n=16)
update=214 global_step=219136 SPS=821 ev=1.000 v_bias=-0.3 return=1012.1 length=77 success_rate=1.00 collisions/ep=0.00 (n=11)
update=215 global_step=220160 SPS=822 ev=1.000 v_bias=0.1 return=1012.7 length=80 success_rate=1.00 collisions/ep=0.00 (n=13)
update=216 global_step=221184 SPS=824 ev=1.000 v_bias=-0.0 return=1012.6 length=79 success_rate=1.00 collisions/ep=0.00 (n=14)
update=217 global_step=222208 SPS=826 ev=0.999 v_bias=0.5 return=1012.2 length=78 success_rate=1.00 collisions/ep=0.00 (n=12)
update=218 global_step=223232 SPS=828 ev=1.000 v_bias=0.2 return=1008.9 length=78 success_rate=1.00 collisions/ep=0.07 (n=14)
update=219 global_step=224256 SPS=830 ev=1.000 v_bias=-0.0 return=1012.1 length=77 success_rate=1.00 collisions/ep=0.00 (n=13)
update=220 global_step=225280 SPS=831 ev=1.000 v_bias=-0.2 return=1012.8 length=79 success_rate=1.00 collisions/ep=0.00 (n=12)
Evaluation at update 220: return=1012.49, length=78.40, success_rate=1.00, collisions/ep=0.00
Solved-check at update 220: solved=True worst_gap=1.71 at p_x0=0.00 p_y0=-0.50 (consecutive=15)
update=221 global_step=226304 SPS=817 ev=1.000 v_bias=0.4 return=1012.6 length=79 success_rate=1.00 collisions/ep=0.00 (n=14)
update=222 global_step=227328 SPS=819 ev=1.000 v_bias=0.1 return=1012.0 length=76 success_rate=1.00 collisions/ep=0.00 (n=13)
update=223 global_step=228352 SPS=820 ev=1.000 v_bias=0.2 return=1012.3 length=79 success_rate=1.00 collisions/ep=0.00 (n=14)
update=224 global_step=229376 SPS=822 ev=1.000 v_bias=-0.4 return=1012.0 length=76 success_rate=1.00 collisions/ep=0.00 (n=13)
update=225 global_step=230400 SPS=823 ev=1.000 v_bias=0.2 return=1013.0 length=81 success_rate=1.00 collisions/ep=0.00 (n=12)
update=226 global_step=231424 SPS=825 ev=1.000 v_bias=0.2 return=1012.1 length=78 success_rate=1.00 collisions/ep=0.00 (n=13)
update=227 global_step=232448 SPS=827 ev=1.000 v_bias=-0.2 return=1012.4 length=80 success_rate=1.00 collisions/ep=0.00 (n=13)
update=228 global_step=233472 SPS=828 ev=0.999 v_bias=0.9 return=1008.7 length=80 success_rate=1.00 collisions/ep=0.08 (n=12)
update=229 global_step=234496 SPS=830 ev=1.000 v_bias=-1.0 return=1013.1 length=82 success_rate=1.00 collisions/ep=0.00 (n=14)
update=230 global_step=235520 SPS=831 ev=1.000 v_bias=-0.6 return=1012.4 length=78 success_rate=1.00 collisions/ep=0.00 (n=11)
Evaluation at update 230: return=1012.49, length=78.40, success_rate=1.00, collisions/ep=0.00
Solved-check at update 230: solved=True worst_gap=1.71 at p_x0=0.00 p_y0=-0.50 (consecutive=16)
update=231 global_step=236544 SPS=817 ev=1.000 v_bias=0.1 return=1012.3 length=78 success_rate=1.00 collisions/ep=0.07 (n=15)
update=232 global_step=237568 SPS=818 ev=0.999 v_bias=0.2 return=1008.6 length=78 success_rate=1.00 collisions/ep=0.14 (n=14)
update=233 global_step=238592 SPS=820 ev=1.000 v_bias=-0.4 return=1012.3 length=78 success_rate=1.00 collisions/ep=0.00 (n=11)
update=234 global_step=239616 SPS=822 ev=1.000 v_bias=0.1 return=1012.8 length=80 success_rate=1.00 collisions/ep=0.00 (n=15)
update=235 global_step=240640 SPS=823 ev=0.999 v_bias=0.9 return=1008.0 length=81 success_rate=1.00 collisions/ep=0.20 (n=10)
update=236 global_step=241664 SPS=825 ev=1.000 v_bias=-0.6 return=1013.1 length=81 success_rate=1.00 collisions/ep=0.00 (n=14)
update=237 global_step=242688 SPS=826 ev=1.000 v_bias=-0.6 return=1012.4 length=79 success_rate=1.00 collisions/ep=0.00 (n=14)
update=238 global_step=243712 SPS=828 ev=1.000 v_bias=-0.4 return=1013.0 length=82 success_rate=1.00 collisions/ep=0.00 (n=10)
update=239 global_step=244736 SPS=830 ev=1.000 v_bias=-0.2 return=1012.3 length=77 success_rate=1.00 collisions/ep=0.00 (n=15)
update=240 global_step=245760 SPS=831 ev=1.000 v_bias=0.0 return=1013.6 length=82 success_rate=1.00 collisions/ep=0.09 (n=11)
Evaluation at update 240: return=1012.50, length=78.40, success_rate=1.00, collisions/ep=0.00
Solved-check at update 240: solved=True worst_gap=1.70 at p_x0=0.00 p_y0=-0.50 (consecutive=17)
update=241 global_step=246784 SPS=817 ev=1.000 v_bias=-0.2 return=1012.5 length=79 success_rate=1.00 collisions/ep=0.00 (n=15)
update=242 global_step=247808 SPS=819 ev=0.999 v_bias=0.5 return=1012.3 length=77 success_rate=1.00 collisions/ep=0.00 (n=14)
update=243 global_step=248832 SPS=820 ev=1.000 v_bias=-0.1 return=1008.0 length=78 success_rate=1.00 collisions/ep=0.09 (n=11)
update=244 global_step=249856 SPS=822 ev=1.000 v_bias=0.1 return=1012.5 length=79 success_rate=1.00 collisions/ep=0.00 (n=15)
update=245 global_step=250880 SPS=823 ev=1.000 v_bias=0.0 return=1012.7 length=79 success_rate=1.00 collisions/ep=0.00 (n=11)
update=246 global_step=251904 SPS=825 ev=1.000 v_bias=-0.2 return=1012.7 length=80 success_rate=1.00 collisions/ep=0.00 (n=14)
update=247 global_step=252928 SPS=826 ev=1.000 v_bias=0.5 return=1012.1 length=77 success_rate=1.00 collisions/ep=0.00 (n=12)
update=248 global_step=253952 SPS=828 ev=1.000 v_bias=0.0 return=1013.1 length=81 success_rate=1.00 collisions/ep=0.00 (n=12)
update=249 global_step=254976 SPS=829 ev=1.000 v_bias=-0.2 return=1012.8 length=80 success_rate=1.00 collisions/ep=0.00 (n=14)
update=250 global_step=256000 SPS=831 ev=1.000 v_bias=0.1 return=1012.8 length=79 success_rate=1.00 collisions/ep=0.00 (n=13)
Evaluation at update 250: return=1012.50, length=78.40, success_rate=1.00, collisions/ep=0.00
Solved-check at update 250: solved=True worst_gap=1.69 at p_x0=0.00 p_y0=-0.50 (consecutive=18)
update=251 global_step=257024 SPS=817 ev=1.000 v_bias=0.3 return=1013.2 length=82 success_rate=1.00 collisions/ep=0.00 (n=12)
update=252 global_step=258048 SPS=819 ev=1.000 v_bias=0.1 return=1012.4 length=79 success_rate=1.00 collisions/ep=0.00 (n=13)
update=253 global_step=259072 SPS=820 ev=1.000 v_bias=-0.0 return=1012.8 length=78 success_rate=1.00 collisions/ep=0.00 (n=13)
update=254 global_step=260096 SPS=822 ev=1.000 v_bias=0.4 return=1012.9 length=81 success_rate=1.00 collisions/ep=0.00 (n=13)
update=255 global_step=261120 SPS=823 ev=1.000 v_bias=0.2 return=1012.4 length=79 success_rate=1.00 collisions/ep=0.00 (n=14)
update=256 global_step=262144 SPS=825 ev=1.000 v_bias=-0.5 return=1012.6 length=77 success_rate=1.00 collisions/ep=0.00 (n=13)
update=257 global_step=263168 SPS=826 ev=1.000 v_bias=-0.4 return=1012.4 length=78 success_rate=1.00 collisions/ep=0.09 (n=11)
update=258 global_step=264192 SPS=828 ev=1.000 v_bias=-0.1 return=1013.0 length=80 success_rate=1.00 collisions/ep=0.06 (n=16)
update=259 global_step=265216 SPS=829 ev=1.000 v_bias=0.2 return=1012.9 length=80 success_rate=1.00 collisions/ep=0.00 (n=9)
update=260 global_step=266240 SPS=830 ev=1.000 v_bias=0.3 return=1013.0 length=81 success_rate=1.00 collisions/ep=0.00 (n=15)
Evaluation at update 260: return=1012.50, length=78.35, success_rate=1.00, collisions/ep=0.00
Solved-check at update 260: solved=True worst_gap=1.69 at p_x0=0.00 p_y0=-0.50 (consecutive=19)
update=261 global_step=267264 SPS=817 ev=1.000 v_bias=0.3 return=1012.7 length=78 success_rate=1.00 collisions/ep=0.08 (n=12)
update=262 global_step=268288 SPS=819 ev=0.999 v_bias=1.1 return=1009.3 length=82 success_rate=1.00 collisions/ep=0.15 (n=13)
update=263 global_step=269312 SPS=820 ev=1.000 v_bias=-0.0 return=1013.0 length=80 success_rate=1.00 collisions/ep=0.00 (n=13)
update=264 global_step=270336 SPS=822 ev=1.000 v_bias=-0.2 return=1012.4 length=79 success_rate=1.00 collisions/ep=0.00 (n=12)
update=265 global_step=271360 SPS=823 ev=1.000 v_bias=-0.3 return=1013.0 length=81 success_rate=1.00 collisions/ep=0.00 (n=14)
update=266 global_step=272384 SPS=824 ev=0.996 v_bias=2.0 return=1004.5 length=78 success_rate=1.00 collisions/ep=0.15 (n=13)
update=267 global_step=273408 SPS=826 ev=0.999 v_bias=-1.0 return=1008.5 length=80 success_rate=1.00 collisions/ep=0.08 (n=12)
update=268 global_step=274432 SPS=827 ev=1.000 v_bias=-0.4 return=1012.4 length=80 success_rate=1.00 collisions/ep=0.07 (n=14)
update=269 global_step=275456 SPS=829 ev=1.000 v_bias=-0.5 return=1012.3 length=77 success_rate=1.00 collisions/ep=0.00 (n=12)
update=270 global_step=276480 SPS=830 ev=1.000 v_bias=-0.6 return=1012.5 length=76 success_rate=1.00 collisions/ep=0.00 (n=14)
Evaluation at update 270: return=1012.50, length=78.35, success_rate=1.00, collisions/ep=0.00
Solved-check at update 270: solved=True worst_gap=1.69 at p_x0=0.00 p_y0=-0.50 (consecutive=20)
update=271 global_step=277504 SPS=818 ev=1.000 v_bias=0.1 return=1012.5 length=78 success_rate=1.00 collisions/ep=0.00 (n=14)
update=272 global_step=278528 SPS=819 ev=1.000 v_bias=0.4 return=1012.1 length=78 success_rate=1.00 collisions/ep=0.00 (n=11)
update=273 global_step=279552 SPS=820 ev=1.000 v_bias=-0.2 return=1012.1 length=78 success_rate=1.00 collisions/ep=0.00 (n=15)
update=274 global_step=280576 SPS=821 ev=1.000 v_bias=-0.3 return=1012.8 length=81 success_rate=1.00 collisions/ep=0.00 (n=12)
update=275 global_step=281600 SPS=823 ev=1.000 v_bias=0.0 return=1012.4 length=80 success_rate=1.00 collisions/ep=0.00 (n=12)
update=276 global_step=282624 SPS=824 ev=0.999 v_bias=0.3 return=1012.3 length=79 success_rate=1.00 collisions/ep=0.00 (n=15)
update=277 global_step=283648 SPS=825 ev=1.000 v_bias=-0.7 return=1009.0 length=78 success_rate=1.00 collisions/ep=0.08 (n=13)
update=278 global_step=284672 SPS=827 ev=1.000 v_bias=0.1 return=1012.2 length=77 success_rate=1.00 collisions/ep=0.00 (n=12)
update=279 global_step=285696 SPS=828 ev=1.000 v_bias=-0.1 return=1012.8 length=79 success_rate=1.00 collisions/ep=0.00 (n=14)
update=280 global_step=286720 SPS=829 ev=1.000 v_bias=0.0 return=1012.6 length=79 success_rate=1.00 collisions/ep=0.00 (n=12)
Evaluation at update 280: return=1012.51, length=78.35, success_rate=1.00, collisions/ep=0.00
Solved-check at update 280: solved=True worst_gap=1.68 at p_x0=0.00 p_y0=-0.50 (consecutive=21)
update=281 global_step=287744 SPS=817 ev=1.000 v_bias=-0.3 return=1012.7 length=79 success_rate=1.00 collisions/ep=0.00 (n=13)
update=282 global_step=288768 SPS=818 ev=1.000 v_bias=0.3 return=1012.9 length=81 success_rate=1.00 collisions/ep=0.00 (n=15)
update=283 global_step=289792 SPS=820 ev=1.000 v_bias=0.2 return=1012.1 length=77 success_rate=1.00 collisions/ep=0.00 (n=11)
update=284 global_step=290816 SPS=821 ev=1.000 v_bias=-0.3 return=1012.9 length=80 success_rate=1.00 collisions/ep=0.00 (n=14)
update=285 global_step=291840 SPS=822 ev=1.000 v_bias=0.1 return=1012.7 length=78 success_rate=1.00 collisions/ep=0.00 (n=12)
update=286 global_step=292864 SPS=824 ev=1.000 v_bias=-0.4 return=1013.0 length=80 success_rate=1.00 collisions/ep=0.00 (n=13)
update=287 global_step=293888 SPS=825 ev=1.000 v_bias=-0.1 return=1012.4 length=78 success_rate=1.00 collisions/ep=0.00 (n=13)
update=288 global_step=294912 SPS=826 ev=1.000 v_bias=-0.0 return=1012.6 length=78 success_rate=1.00 collisions/ep=0.00 (n=13)
update=289 global_step=295936 SPS=827 ev=1.000 v_bias=-0.0 return=1012.6 length=79 success_rate=1.00 collisions/ep=0.00 (n=14)
update=290 global_step=296960 SPS=829 ev=1.000 v_bias=-0.2 return=1012.4 length=78 success_rate=1.00 collisions/ep=0.08 (n=12)
Evaluation at update 290: return=1012.51, length=78.35, success_rate=1.00, collisions/ep=0.00
Solved-check at update 290: solved=True worst_gap=1.67 at p_x0=0.00 p_y0=-0.50 (consecutive=22)
update=291 global_step=297984 SPS=817 ev=1.000 v_bias=0.2 return=1012.5 length=77 success_rate=1.00 collisions/ep=0.00 (n=13)
update=292 global_step=299008 SPS=819 ev=1.000 v_bias=-0.1 return=1013.1 length=82 success_rate=1.00 collisions/ep=0.00 (n=14)
update=293 global_step=300032 SPS=820 ev=1.000 v_bias=0.0 return=1012.5 length=79 success_rate=1.00 collisions/ep=0.00 (n=12)
update=294 global_step=301056 SPS=821 ev=1.000 v_bias=0.4 return=1012.8 length=79 success_rate=1.00 collisions/ep=0.00 (n=13)
update=295 global_step=302080 SPS=823 ev=1.000 v_bias=0.5 return=1012.6 length=79 success_rate=1.00 collisions/ep=0.00 (n=14)
update=296 global_step=303104 SPS=824 ev=1.000 v_bias=0.0 return=1012.8 length=80 success_rate=1.00 collisions/ep=0.00 (n=11)
update=297 global_step=304128 SPS=825 ev=1.000 v_bias=0.0 return=1013.4 length=83 success_rate=1.00 collisions/ep=0.00 (n=13)
update=298 global_step=305152 SPS=826 ev=1.000 v_bias=0.5 return=1012.5 length=78 success_rate=1.00 collisions/ep=0.00 (n=12)
update=299 global_step=306176 SPS=828 ev=1.000 v_bias=0.1 return=1013.1 length=81 success_rate=1.00 collisions/ep=0.00 (n=14)
update=300 global_step=307200 SPS=829 ev=1.000 v_bias=0.5 return=1013.0 length=81 success_rate=1.00 collisions/ep=0.00 (n=14)
Evaluation at update 300: return=1012.52, length=78.35, success_rate=1.00, collisions/ep=0.00
Solved-check at update 300: solved=True worst_gap=1.66 at p_x0=0.00 p_y0=-0.50 (consecutive=23)
update=301 global_step=308224 SPS=818 ev=1.000 v_bias=0.0 return=1012.6 length=78 success_rate=1.00 collisions/ep=0.00 (n=11)
update=302 global_step=309248 SPS=819 ev=1.000 v_bias=0.2 return=1012.5 length=79 success_rate=1.00 collisions/ep=0.00 (n=14)
update=303 global_step=310272 SPS=820 ev=0.997 v_bias=1.2 return=1004.4 length=80 success_rate=1.00 collisions/ep=0.17 (n=12)
update=304 global_step=311296 SPS=822 ev=0.996 v_bias=2.7 return=1005.1 length=79 success_rate=1.00 collisions/ep=0.14 (n=14)
update=305 global_step=312320 SPS=823 ev=1.000 v_bias=-1.1 return=1009.1 length=80 success_rate=1.00 collisions/ep=0.08 (n=13)
update=306 global_step=313344 SPS=824 ev=1.000 v_bias=-0.7 return=1008.5 length=78 success_rate=1.00 collisions/ep=0.08 (n=13)
update=307 global_step=314368 SPS=825 ev=1.000 v_bias=-0.4 return=1012.7 length=81 success_rate=1.00 collisions/ep=0.00 (n=12)
update=308 global_step=315392 SPS=827 ev=1.000 v_bias=0.2 return=1012.3 length=78 success_rate=1.00 collisions/ep=0.00 (n=13)
update=309 global_step=316416 SPS=828 ev=0.999 v_bias=1.1 return=1008.7 length=78 success_rate=1.00 collisions/ep=0.07 (n=14)
update=310 global_step=317440 SPS=829 ev=1.000 v_bias=0.5 return=1012.0 length=77 success_rate=1.00 collisions/ep=0.00 (n=13)
Evaluation at update 310: return=1012.52, length=78.35, success_rate=1.00, collisions/ep=0.00
Solved-check at update 310: solved=True worst_gap=1.66 at p_x0=0.00 p_y0=-0.50 (consecutive=24)
update=311 global_step=318464 SPS=818 ev=1.000 v_bias=-0.1 return=1012.6 length=79 success_rate=1.00 collisions/ep=0.00 (n=13)
update=312 global_step=319488 SPS=819 ev=1.000 v_bias=-0.4 return=1012.3 length=78 success_rate=1.00 collisions/ep=0.00 (n=12)
update=313 global_step=320512 SPS=820 ev=1.000 v_bias=0.3 return=1012.5 length=78 success_rate=1.00 collisions/ep=0.00 (n=14)
update=314 global_step=321536 SPS=821 ev=1.000 v_bias=0.1 return=1012.5 length=78 success_rate=1.00 collisions/ep=0.00 (n=13)
update=315 global_step=322560 SPS=823 ev=1.000 v_bias=-0.3 return=1012.6 length=79 success_rate=1.00 collisions/ep=0.00 (n=13)
update=316 global_step=323584 SPS=824 ev=1.000 v_bias=-0.0 return=1012.5 length=78 success_rate=1.00 collisions/ep=0.00 (n=13)
update=317 global_step=324608 SPS=825 ev=1.000 v_bias=-0.0 return=1012.7 length=79 success_rate=1.00 collisions/ep=0.00 (n=12)
update=318 global_step=325632 SPS=826 ev=1.000 v_bias=0.2 return=1012.9 length=80 success_rate=1.00 collisions/ep=0.00 (n=13)
update=319 global_step=326656 SPS=827 ev=1.000 v_bias=-0.0 return=1012.6 length=80 success_rate=1.00 collisions/ep=0.00 (n=13)
update=320 global_step=327680 SPS=828 ev=1.000 v_bias=0.2 return=1012.4 length=78 success_rate=1.00 collisions/ep=0.00 (n=13)
Evaluation at update 320: return=1012.52, length=78.35, success_rate=1.00, collisions/ep=0.00
Solved-check at update 320: solved=True worst_gap=1.67 at p_x0=0.00 p_y0=-0.50 (consecutive=25)
update=321 global_step=328704 SPS=818 ev=1.000 v_bias=-0.2 return=1012.0 length=76 success_rate=1.00 collisions/ep=0.00 (n=15)
update=322 global_step=329728 SPS=819 ev=1.000 v_bias=0.1 return=1012.3 length=79 success_rate=1.00 collisions/ep=0.00 (n=11)
update=323 global_step=330752 SPS=820 ev=0.999 v_bias=0.5 return=1009.1 length=80 success_rate=1.00 collisions/ep=0.08 (n=13)
update=324 global_step=331776 SPS=822 ev=1.000 v_bias=-0.5 return=1012.3 length=77 success_rate=1.00 collisions/ep=0.00 (n=15)
update=325 global_step=332800 SPS=823 ev=1.000 v_bias=-0.4 return=1011.9 length=77 success_rate=1.00 collisions/ep=0.00 (n=12)
update=326 global_step=333824 SPS=824 ev=1.000 v_bias=0.1 return=1012.2 length=78 success_rate=1.00 collisions/ep=0.00 (n=13)
update=327 global_step=334848 SPS=825 ev=1.000 v_bias=-0.1 return=1012.0 length=77 success_rate=1.00 collisions/ep=0.00 (n=15)
update=328 global_step=335872 SPS=826 ev=1.000 v_bias=0.3 return=1012.4 length=79 success_rate=1.00 collisions/ep=0.00 (n=11)
update=329 global_step=336896 SPS=827 ev=1.000 v_bias=0.6 return=1012.2 length=79 success_rate=1.00 collisions/ep=0.00 (n=14)
update=330 global_step=337920 SPS=828 ev=1.000 v_bias=-0.3 return=1012.9 length=81 success_rate=1.00 collisions/ep=0.00 (n=13)
Evaluation at update 330: return=1012.52, length=78.35, success_rate=1.00, collisions/ep=0.00
Solved-check at update 330: solved=True worst_gap=1.66 at p_x0=0.00 p_y0=-0.50 (consecutive=26)
update=331 global_step=338944 SPS=819 ev=1.000 v_bias=0.2 return=1012.8 length=79 success_rate=1.00 collisions/ep=0.00 (n=12)
update=332 global_step=339968 SPS=820 ev=1.000 v_bias=0.2 return=1012.4 length=78 success_rate=1.00 collisions/ep=0.00 (n=15)
update=333 global_step=340992 SPS=821 ev=1.000 v_bias=0.2 return=1012.5 length=81 success_rate=1.00 collisions/ep=0.00 (n=11)
update=334 global_step=342016 SPS=822 ev=1.000 v_bias=-0.2 return=1012.3 length=78 success_rate=1.00 collisions/ep=0.00 (n=14)
update=335 global_step=343040 SPS=823 ev=1.000 v_bias=-0.3 return=1012.8 length=80 success_rate=1.00 collisions/ep=0.00 (n=12)
update=336 global_step=344064 SPS=825 ev=1.000 v_bias=-0.1 return=1012.9 length=80 success_rate=1.00 collisions/ep=0.00 (n=12)
update=337 global_step=345088 SPS=826 ev=1.000 v_bias=-0.0 return=1012.3 length=77 success_rate=1.00 collisions/ep=0.00 (n=13)
update=338 global_step=346112 SPS=827 ev=1.000 v_bias=-0.1 return=1012.6 length=80 success_rate=1.00 collisions/ep=0.00 (n=15)
update=339 global_step=347136 SPS=828 ev=1.000 v_bias=-0.0 return=1012.4 length=77 success_rate=1.00 collisions/ep=0.00 (n=13)
update=340 global_step=348160 SPS=829 ev=1.000 v_bias=-0.3 return=1012.5 length=78 success_rate=1.00 collisions/ep=0.00 (n=12)
Evaluation at update 340: return=1012.53, length=78.35, success_rate=1.00, collisions/ep=0.00
Solved-check at update 340: solved=True worst_gap=1.66 at p_x0=0.00 p_y0=-0.50 (consecutive=27)
update=341 global_step=349184 SPS=821 ev=1.000 v_bias=-0.3 return=1012.7 length=80 success_rate=1.00 collisions/ep=0.00 (n=14)
update=342 global_step=350208 SPS=822 ev=1.000 v_bias=0.6 return=1012.8 length=80 success_rate=1.00 collisions/ep=0.00 (n=13)
update=343 global_step=351232 SPS=823 ev=1.000 v_bias=0.7 return=1011.9 length=78 success_rate=1.00 collisions/ep=0.00 (n=12)
update=344 global_step=352256 SPS=824 ev=0.997 v_bias=1.4 return=1012.6 length=80 success_rate=1.00 collisions/ep=0.00 (n=13)
update=345 global_step=353280 SPS=825 ev=1.000 v_bias=-0.3 return=1005.0 length=81 success_rate=1.00 collisions/ep=0.15 (n=13)
update=346 global_step=354304 SPS=826 ev=1.000 v_bias=-0.6 return=1013.1 length=80 success_rate=1.00 collisions/ep=0.00 (n=12)
update=347 global_step=355328 SPS=828 ev=1.000 v_bias=0.0 return=1012.4 length=80 success_rate=1.00 collisions/ep=0.00 (n=14)
update=348 global_step=356352 SPS=829 ev=1.000 v_bias=-0.1 return=1012.7 length=79 success_rate=1.00 collisions/ep=0.00 (n=12)
update=349 global_step=357376 SPS=830 ev=1.000 v_bias=-0.4 return=1012.8 length=79 success_rate=1.00 collisions/ep=0.00 (n=13)
update=350 global_step=358400 SPS=831 ev=1.000 v_bias=0.1 return=1012.3 length=79 success_rate=1.00 collisions/ep=0.00 (n=14)
Evaluation at update 350: return=1012.52, length=78.35, success_rate=1.00, collisions/ep=0.00
Solved-check at update 350: solved=True worst_gap=1.66 at p_x0=0.00 p_y0=-0.50 (consecutive=28)
update=351 global_step=359424 SPS=823 ev=1.000 v_bias=-0.5 return=1012.3 length=76 success_rate=1.00 collisions/ep=0.00 (n=14)
update=352 global_step=360448 SPS=824 ev=1.000 v_bias=0.0 return=1012.6 length=78 success_rate=1.00 collisions/ep=0.00 (n=10)
update=353 global_step=361472 SPS=825 ev=1.000 v_bias=0.3 return=1012.3 length=78 success_rate=1.00 collisions/ep=0.00 (n=16)
update=354 global_step=362496 SPS=826 ev=1.000 v_bias=0.2 return=1012.9 length=81 success_rate=1.00 collisions/ep=0.00 (n=11)
update=355 global_step=363520 SPS=827 ev=1.000 v_bias=-0.0 return=1012.6 length=78 success_rate=1.00 collisions/ep=0.00 (n=13)
update=356 global_step=364544 SPS=829 ev=1.000 v_bias=0.0 return=1012.2 length=77 success_rate=1.00 collisions/ep=0.00 (n=16)
update=357 global_step=365568 SPS=830 ev=1.000 v_bias=0.1 return=1012.4 length=76 success_rate=1.00 collisions/ep=0.00 (n=10)
update=358 global_step=366592 SPS=831 ev=1.000 v_bias=0.3 return=1012.5 length=80 success_rate=1.00 collisions/ep=0.00 (n=14)
update=359 global_step=367616 SPS=832 ev=1.000 v_bias=-0.5 return=1012.1 length=77 success_rate=1.00 collisions/ep=0.00 (n=13)
update=360 global_step=368640 SPS=833 ev=1.000 v_bias=-0.1 return=1012.4 length=79 success_rate=1.00 collisions/ep=0.00 (n=13)
Evaluation at update 360: return=1012.53, length=78.35, success_rate=1.00, collisions/ep=0.00
Solved-check at update 360: solved=True worst_gap=1.66 at p_x0=0.00 p_y0=-0.50 (consecutive=29)
update=361 global_step=369664 SPS=824 ev=1.000 v_bias=-0.2 return=1012.5 length=78 success_rate=1.00 collisions/ep=0.00 (n=14)
update=362 global_step=370688 SPS=825 ev=1.000 v_bias=-0.0 return=1012.7 length=80 success_rate=1.00 collisions/ep=0.00 (n=11)
update=363 global_step=371712 SPS=826 ev=1.000 v_bias=-0.5 return=1012.6 length=78 success_rate=1.00 collisions/ep=0.00 (n=15)
update=364 global_step=372736 SPS=827 ev=1.000 v_bias=0.1 return=1012.6 length=79 success_rate=1.00 collisions/ep=0.00 (n=14)
update=365 global_step=373760 SPS=829 ev=1.000 v_bias=-0.0 return=1012.7 length=80 success_rate=1.00 collisions/ep=0.00 (n=11)
update=366 global_step=374784 SPS=830 ev=1.000 v_bias=0.3 return=1012.5 length=79 success_rate=1.00 collisions/ep=0.00 (n=14)
update=367 global_step=375808 SPS=831 ev=1.000 v_bias=0.2 return=1012.8 length=79 success_rate=1.00 collisions/ep=0.00 (n=11)
update=368 global_step=376832 SPS=832 ev=1.000 v_bias=-0.0 return=1012.5 length=79 success_rate=1.00 collisions/ep=0.00 (n=14)
update=369 global_step=377856 SPS=833 ev=1.000 v_bias=0.3 return=1012.2 length=78 success_rate=1.00 collisions/ep=0.00 (n=13)
update=370 global_step=378880 SPS=834 ev=1.000 v_bias=0.2 return=1012.3 length=79 success_rate=1.00 collisions/ep=0.00 (n=13)
Evaluation at update 370: return=1012.53, length=78.35, success_rate=1.00, collisions/ep=0.00
Solved-check at update 370: solved=True worst_gap=1.65 at p_x0=0.00 p_y0=-0.50 (consecutive=30)
update=371 global_step=379904 SPS=827 ev=1.000 v_bias=-0.2 return=1012.9 length=80 success_rate=1.00 collisions/ep=0.00 (n=14)
update=372 global_step=380928 SPS=828 ev=1.000 v_bias=-0.4 return=1012.9 length=80 success_rate=1.00 collisions/ep=0.00 (n=11)
update=373 global_step=381952 SPS=829 ev=1.000 v_bias=0.1 return=1012.9 length=81 success_rate=1.00 collisions/ep=0.00 (n=15)
update=374 global_step=382976 SPS=830 ev=1.000 v_bias=0.0 return=1012.1 length=77 success_rate=1.00 collisions/ep=0.00 (n=12)
update=375 global_step=384000 SPS=831 ev=1.000 v_bias=0.2 return=1013.0 length=81 success_rate=1.00 collisions/ep=0.00 (n=13)
update=376 global_step=385024 SPS=832 ev=0.999 v_bias=0.8 return=1008.8 length=79 success_rate=1.00 collisions/ep=0.17 (n=12)
update=377 global_step=386048 SPS=833 ev=1.000 v_bias=0.4 return=1012.7 length=80 success_rate=1.00 collisions/ep=0.00 (n=13)
update=378 global_step=387072 SPS=835 ev=1.000 v_bias=-0.2 return=1012.4 length=81 success_rate=1.00 collisions/ep=0.00 (n=11)
update=379 global_step=388096 SPS=836 ev=1.000 v_bias=-0.1 return=1012.3 length=78 success_rate=1.00 collisions/ep=0.00 (n=16)
update=380 global_step=389120 SPS=836 ev=1.000 v_bias=-0.3 return=1013.2 length=82 success_rate=1.00 collisions/ep=0.00 (n=12)
Evaluation at update 380: return=1012.53, length=78.35, success_rate=1.00, collisions/ep=0.00
Solved-check at update 380: solved=True worst_gap=1.65 at p_x0=0.00 p_y0=-0.50 (consecutive=31)
update=381 global_step=390144 SPS=829 ev=1.000 v_bias=-0.2 return=1012.6 length=79 success_rate=1.00 collisions/ep=0.00 (n=12)
update=382 global_step=391168 SPS=830 ev=1.000 v_bias=-0.1 return=1012.4 length=79 success_rate=1.00 collisions/ep=0.00 (n=14)
update=383 global_step=392192 SPS=831 ev=1.000 v_bias=0.2 return=1012.5 length=78 success_rate=1.00 collisions/ep=0.08 (n=13)
update=384 global_step=393216 SPS=833 ev=1.000 v_bias=-0.3 return=1012.4 length=78 success_rate=1.00 collisions/ep=0.00 (n=12)
update=385 global_step=394240 SPS=834 ev=1.000 v_bias=-0.1 return=1012.3 length=77 success_rate=1.00 collisions/ep=0.00 (n=14)
update=386 global_step=395264 SPS=835 ev=1.000 v_bias=-0.0 return=1012.3 length=79 success_rate=1.00 collisions/ep=0.00 (n=12)
update=387 global_step=396288 SPS=836 ev=1.000 v_bias=-0.0 return=1012.5 length=79 success_rate=1.00 collisions/ep=0.00 (n=13)
update=388 global_step=397312 SPS=837 ev=1.000 v_bias=-0.1 return=1012.3 length=79 success_rate=1.00 collisions/ep=0.00 (n=14)
update=389 global_step=398336 SPS=838 ev=0.999 v_bias=0.8 return=1008.8 length=77 success_rate=1.00 collisions/ep=0.07 (n=14)
update=390 global_step=399360 SPS=839 ev=1.000 v_bias=-0.0 return=1012.5 length=78 success_rate=1.00 collisions/ep=0.00 (n=12)
Evaluation at update 390: return=1012.53, length=78.35, success_rate=1.00, collisions/ep=0.00
Solved-check at update 390: solved=True worst_gap=1.65 at p_x0=0.00 p_y0=-0.50 (consecutive=32)
update=391 global_step=400384 SPS=832 ev=1.000 v_bias=0.1 return=1012.1 length=78 success_rate=1.00 collisions/ep=0.00 (n=13)
update=392 global_step=401408 SPS=833 ev=1.000 v_bias=-0.2 return=1012.7 length=81 success_rate=1.00 collisions/ep=0.08 (n=13)
update=393 global_step=402432 SPS=834 ev=1.000 v_bias=0.0 return=1013.0 length=81 success_rate=1.00 collisions/ep=0.08 (n=13)
update=394 global_step=403456 SPS=835 ev=1.000 v_bias=0.5 return=1012.7 length=80 success_rate=1.00 collisions/ep=0.08 (n=13)
update=395 global_step=404480 SPS=836 ev=1.000 v_bias=-0.1 return=1012.2 length=78 success_rate=1.00 collisions/ep=0.00 (n=12)
update=396 global_step=405504 SPS=837 ev=1.000 v_bias=0.0 return=1012.6 length=79 success_rate=1.00 collisions/ep=0.07 (n=14)
update=397 global_step=406528 SPS=838 ev=1.000 v_bias=0.1 return=1012.4 length=78 success_rate=1.00 collisions/ep=0.08 (n=13)
update=398 global_step=407552 SPS=839 ev=1.000 v_bias=-0.5 return=1012.7 length=81 success_rate=1.00 collisions/ep=0.00 (n=12)
update=399 global_step=408576 SPS=840 ev=1.000 v_bias=0.2 return=1012.6 length=77 success_rate=1.00 collisions/ep=0.00 (n=13)
update=400 global_step=409600 SPS=841 ev=1.000 v_bias=0.7 return=1012.2 length=78 success_rate=1.00 collisions/ep=0.07 (n=14)
Evaluation at update 400: return=1012.53, length=78.35, success_rate=1.00, collisions/ep=0.00
Solved-check at update 400: solved=True worst_gap=1.65 at p_x0=0.00 p_y0=-0.50 (consecutive=33)
update=401 global_step=410624 SPS=834 ev=1.000 v_bias=0.1 return=1012.7 length=79 success_rate=1.00 collisions/ep=0.00 (n=13)
update=402 global_step=411648 SPS=835 ev=1.000 v_bias=-0.2 return=1012.4 length=79 success_rate=1.00 collisions/ep=0.08 (n=13)
update=403 global_step=412672 SPS=836 ev=1.000 v_bias=-0.2 return=1012.8 length=79 success_rate=1.00 collisions/ep=0.08 (n=12)
update=404 global_step=413696 SPS=837 ev=1.000 v_bias=-0.5 return=1012.8 length=79 success_rate=1.00 collisions/ep=0.00 (n=13)
update=405 global_step=414720 SPS=838 ev=1.000 v_bias=0.4 return=1013.0 length=81 success_rate=1.00 collisions/ep=0.00 (n=12)
update=406 global_step=415744 SPS=839 ev=1.000 v_bias=0.3 return=1012.6 length=80 success_rate=1.00 collisions/ep=0.00 (n=14)
update=407 global_step=416768 SPS=840 ev=1.000 v_bias=-0.6 return=1012.6 length=77 success_rate=1.00 collisions/ep=0.00 (n=14)
update=408 global_step=417792 SPS=841 ev=1.000 v_bias=-0.0 return=1013.0 length=80 success_rate=1.00 collisions/ep=0.00 (n=12)
update=409 global_step=418816 SPS=842 ev=0.997 v_bias=1.4 return=1013.2 length=79 success_rate=1.00 collisions/ep=0.00 (n=12)
update=410 global_step=419840 SPS=843 ev=1.000 v_bias=-0.3 return=1005.3 length=79 success_rate=1.00 collisions/ep=0.14 (n=14)
Evaluation at update 410: return=1012.54, length=78.35, success_rate=1.00, collisions/ep=0.00
Solved-check at update 410: solved=True worst_gap=1.65 at p_x0=0.00 p_y0=-0.50 (consecutive=34)
update=411 global_step=420864 SPS=835 ev=1.000 v_bias=-0.1 return=1012.6 length=79 success_rate=1.00 collisions/ep=0.00 (n=14)
update=412 global_step=421888 SPS=836 ev=1.000 v_bias=-0.5 return=1013.2 length=82 success_rate=1.00 collisions/ep=0.00 (n=11)
update=413 global_step=422912 SPS=837 ev=1.000 v_bias=-0.1 return=1012.7 length=80 success_rate=1.00 collisions/ep=0.00 (n=14)
update=414 global_step=423936 SPS=838 ev=1.000 v_bias=0.1 return=1012.6 length=79 success_rate=1.00 collisions/ep=0.00 (n=10)
update=415 global_step=424960 SPS=839 ev=1.000 v_bias=0.1 return=1012.5 length=79 success_rate=1.00 collisions/ep=0.00 (n=16)
update=416 global_step=425984 SPS=840 ev=1.000 v_bias=0.4 return=1012.6 length=80 success_rate=1.00 collisions/ep=0.09 (n=11)
update=417 global_step=427008 SPS=841 ev=1.000 v_bias=-0.3 return=1013.0 length=81 success_rate=1.00 collisions/ep=0.00 (n=13)
update=418 global_step=428032 SPS=842 ev=1.000 v_bias=-0.0 return=1012.5 length=78 success_rate=1.00 collisions/ep=0.07 (n=15)
update=419 global_step=429056 SPS=843 ev=1.000 v_bias=-0.0 return=1012.5 length=80 success_rate=1.00 collisions/ep=0.00 (n=10)
update=420 global_step=430080 SPS=845 ev=1.000 v_bias=-0.3 return=1012.8 length=80 success_rate=1.00 collisions/ep=0.00 (n=15)
Evaluation at update 420: return=1012.53, length=78.35, success_rate=1.00, collisions/ep=0.00
Solved-check at update 420: solved=True worst_gap=1.64 at p_x0=0.00 p_y0=-0.50 (consecutive=35)
update=421 global_step=431104 SPS=837 ev=1.000 v_bias=-0.2 return=1012.5 length=79 success_rate=1.00 collisions/ep=0.00 (n=13)
update=422 global_step=432128 SPS=838 ev=1.000 v_bias=-0.1 return=1012.7 length=80 success_rate=1.00 collisions/ep=0.00 (n=11)
update=423 global_step=433152 SPS=839 ev=0.999 v_bias=0.9 return=1009.1 length=78 success_rate=1.00 collisions/ep=0.07 (n=15)
update=424 global_step=434176 SPS=840 ev=1.000 v_bias=-0.2 return=1012.1 length=78 success_rate=1.00 collisions/ep=0.00 (n=11)
update=425 global_step=435200 SPS=841 ev=1.000 v_bias=-0.2 return=1012.4 length=79 success_rate=1.00 collisions/ep=0.00 (n=14)
update=426 global_step=436224 SPS=842 ev=1.000 v_bias=0.1 return=1012.3 length=78 success_rate=1.00 collisions/ep=0.00 (n=16)
update=427 global_step=437248 SPS=843 ev=1.000 v_bias=0.2 return=1012.2 length=76 success_rate=1.00 collisions/ep=0.00 (n=10)
update=428 global_step=438272 SPS=844 ev=1.000 v_bias=-0.2 return=1012.8 length=80 success_rate=1.00 collisions/ep=0.00 (n=14)
update=429 global_step=439296 SPS=845 ev=1.000 v_bias=-0.0 return=1012.3 length=79 success_rate=1.00 collisions/ep=0.00 (n=11)
update=430 global_step=440320 SPS=846 ev=1.000 v_bias=-0.4 return=1012.5 length=78 success_rate=1.00 collisions/ep=0.00 (n=14)
Evaluation at update 430: return=1012.53, length=78.35, success_rate=1.00, collisions/ep=0.00
Solved-check at update 430: solved=True worst_gap=1.64 at p_x0=0.00 p_y0=-0.50 (consecutive=36)
update=431 global_step=441344 SPS=840 ev=1.000 v_bias=-0.1 return=1013.2 length=81 success_rate=1.00 collisions/ep=0.00 (n=14)
update=432 global_step=442368 SPS=841 ev=1.000 v_bias=-0.1 return=1012.4 length=79 success_rate=1.00 collisions/ep=0.00 (n=12)
update=433 global_step=443392 SPS=841 ev=1.000 v_bias=0.1 return=1012.6 length=80 success_rate=1.00 collisions/ep=0.00 (n=13)
update=434 global_step=444416 SPS=842 ev=1.000 v_bias=0.1 return=1012.7 length=79 success_rate=1.00 collisions/ep=0.00 (n=13)
update=435 global_step=445440 SPS=844 ev=1.000 v_bias=-0.3 return=1012.9 length=80 success_rate=1.00 collisions/ep=0.00 (n=12)
update=436 global_step=446464 SPS=845 ev=1.000 v_bias=-0.2 return=1012.4 length=79 success_rate=1.00 collisions/ep=0.00 (n=15)
update=437 global_step=447488 SPS=846 ev=1.000 v_bias=0.3 return=1012.1 length=78 success_rate=1.00 collisions/ep=0.00 (n=12)
update=438 global_step=448512 SPS=847 ev=1.000 v_bias=0.2 return=1012.4 length=78 success_rate=1.00 collisions/ep=0.00 (n=12)
update=439 global_step=449536 SPS=848 ev=1.000 v_bias=-0.1 return=1012.3 length=79 success_rate=1.00 collisions/ep=0.00 (n=15)
update=440 global_step=450560 SPS=848 ev=1.000 v_bias=0.2 return=1013.0 length=80 success_rate=1.00 collisions/ep=0.00 (n=11)
Evaluation at update 440: return=1012.54, length=78.35, success_rate=1.00, collisions/ep=0.00
Solved-check at update 440: solved=True worst_gap=1.64 at p_x0=0.00 p_y0=-0.50 (consecutive=37)
update=441 global_step=451584 SPS=841 ev=1.000 v_bias=0.1 return=1012.6 length=81 success_rate=1.00 collisions/ep=0.00 (n=13)
update=442 global_step=452608 SPS=842 ev=1.000 v_bias=-0.4 return=1012.6 length=79 success_rate=1.00 collisions/ep=0.00 (n=15)
update=443 global_step=453632 SPS=843 ev=1.000 v_bias=-0.1 return=1012.8 length=81 success_rate=1.00 collisions/ep=0.00 (n=11)
update=444 global_step=454656 SPS=844 ev=1.000 v_bias=-0.2 return=1013.0 length=79 success_rate=1.00 collisions/ep=0.00 (n=13)
update=445 global_step=455680 SPS=845 ev=1.000 v_bias=-0.2 return=1012.4 length=78 success_rate=1.00 collisions/ep=0.00 (n=13)
update=446 global_step=456704 SPS=846 ev=1.000 v_bias=-0.1 return=1012.9 length=79 success_rate=1.00 collisions/ep=0.00 (n=14)
update=447 global_step=457728 SPS=847 ev=1.000 v_bias=0.1 return=1012.2 length=77 success_rate=1.00 collisions/ep=0.00 (n=14)
update=448 global_step=458752 SPS=848 ev=1.000 v_bias=0.3 return=1012.4 length=79 success_rate=1.00 collisions/ep=0.00 (n=10)
update=449 global_step=459776 SPS=849 ev=1.000 v_bias=-0.3 return=1013.3 length=82 success_rate=1.00 collisions/ep=0.00 (n=14)
update=450 global_step=460800 SPS=850 ev=1.000 v_bias=0.3 return=1012.2 length=78 success_rate=1.00 collisions/ep=0.00 (n=13)
Evaluation at update 450: return=1012.54, length=78.35, success_rate=1.00, collisions/ep=0.00
Solved-check at update 450: solved=True worst_gap=1.64 at p_x0=0.00 p_y0=-0.50 (consecutive=38)
update=451 global_step=461824 SPS=844 ev=1.000 v_bias=0.3 return=1012.8 length=81 success_rate=1.00 collisions/ep=0.00 (n=13)
update=452 global_step=462848 SPS=845 ev=1.000 v_bias=0.2 return=1012.6 length=78 success_rate=1.00 collisions/ep=0.00 (n=12)
update=453 global_step=463872 SPS=845 ev=1.000 v_bias=-0.2 return=1012.0 length=77 success_rate=1.00 collisions/ep=0.00 (n=15)
update=454 global_step=464896 SPS=846 ev=1.000 v_bias=0.0 return=1012.7 length=78 success_rate=1.00 collisions/ep=0.00 (n=12)
update=455 global_step=465920 SPS=847 ev=1.000 v_bias=0.3 return=1012.3 length=78 success_rate=1.00 collisions/ep=0.00 (n=14)
update=456 global_step=466944 SPS=848 ev=1.000 v_bias=0.0 return=1012.2 length=77 success_rate=1.00 collisions/ep=0.00 (n=12)
update=457 global_step=467968 SPS=849 ev=1.000 v_bias=0.1 return=1012.3 length=77 success_rate=1.00 collisions/ep=0.00 (n=14)
update=458 global_step=468992 SPS=850 ev=1.000 v_bias=0.2 return=1012.2 length=78 success_rate=1.00 collisions/ep=0.00 (n=12)
update=459 global_step=470016 SPS=851 ev=1.000 v_bias=0.0 return=1011.9 length=76 success_rate=1.00 collisions/ep=0.00 (n=15)
update=460 global_step=471040 SPS=852 ev=1.000 v_bias=-0.1 return=1013.2 length=81 success_rate=1.00 collisions/ep=0.00 (n=12)
Evaluation at update 460: return=1012.54, length=78.35, success_rate=1.00, collisions/ep=0.00
Solved-check at update 460: solved=True worst_gap=1.64 at p_x0=0.00 p_y0=-0.50 (consecutive=39)
update=461 global_step=472064 SPS=845 ev=1.000 v_bias=-0.2 return=1012.4 length=79 success_rate=1.00 collisions/ep=0.00 (n=13)
update=462 global_step=473088 SPS=846 ev=1.000 v_bias=-0.4 return=1012.5 length=79 success_rate=1.00 collisions/ep=0.00 (n=13)
update=463 global_step=474112 SPS=847 ev=1.000 v_bias=-0.4 return=1012.5 length=78 success_rate=1.00 collisions/ep=0.00 (n=14)
update=464 global_step=475136 SPS=848 ev=1.000 v_bias=-0.1 return=1012.9 length=79 success_rate=1.00 collisions/ep=0.00 (n=13)
update=465 global_step=476160 SPS=849 ev=1.000 v_bias=0.2 return=1012.8 length=80 success_rate=1.00 collisions/ep=0.00 (n=11)
update=466 global_step=477184 SPS=849 ev=1.000 v_bias=0.3 return=1012.2 length=77 success_rate=1.00 collisions/ep=0.00 (n=14)
update=467 global_step=478208 SPS=850 ev=1.000 v_bias=0.3 return=1012.0 length=78 success_rate=1.00 collisions/ep=0.00 (n=14)
update=468 global_step=479232 SPS=851 ev=1.000 v_bias=-0.4 return=1013.2 length=80 success_rate=1.00 collisions/ep=0.00 (n=12)
update=469 global_step=480256 SPS=852 ev=1.000 v_bias=-0.1 return=1013.2 length=80 success_rate=1.00 collisions/ep=0.00 (n=13)
update=470 global_step=481280 SPS=853 ev=1.000 v_bias=-0.1 return=1013.0 length=81 success_rate=1.00 collisions/ep=0.00 (n=13)
Evaluation at update 470: return=1012.54, length=78.35, success_rate=1.00, collisions/ep=0.00
Solved-check at update 470: solved=True worst_gap=1.64 at p_x0=0.00 p_y0=-0.50 (consecutive=40)
update=471 global_step=482304 SPS=846 ev=1.000 v_bias=0.1 return=1012.5 length=78 success_rate=1.00 collisions/ep=0.00 (n=12)
update=472 global_step=483328 SPS=847 ev=1.000 v_bias=-0.2 return=1012.6 length=79 success_rate=1.00 collisions/ep=0.00 (n=14)
update=473 global_step=484352 SPS=848 ev=1.000 v_bias=0.0 return=1012.7 length=79 success_rate=1.00 collisions/ep=0.00 (n=13)
update=474 global_step=485376 SPS=849 ev=1.000 v_bias=0.4 return=1012.6 length=80 success_rate=1.00 collisions/ep=0.00 (n=12)
update=475 global_step=486400 SPS=850 ev=1.000 v_bias=0.4 return=1012.2 length=77 success_rate=1.00 collisions/ep=0.00 (n=15)
update=476 global_step=487424 SPS=851 ev=1.000 v_bias=0.0 return=1012.3 length=78 success_rate=1.00 collisions/ep=0.00 (n=12)
update=477 global_step=488448 SPS=852 ev=1.000 v_bias=0.0 return=1012.4 length=78 success_rate=1.00 collisions/ep=0.00 (n=13)
update=478 global_step=489472 SPS=853 ev=1.000 v_bias=0.1 return=1012.5 length=78 success_rate=1.00 collisions/ep=0.00 (n=13)
update=479 global_step=490496 SPS=854 ev=1.000 v_bias=-0.1 return=1012.3 length=80 success_rate=1.00 collisions/ep=0.00 (n=13)
update=480 global_step=491520 SPS=854 ev=1.000 v_bias=0.0 return=1013.2 length=80 success_rate=1.00 collisions/ep=0.00 (n=12)
Evaluation at update 480: return=1012.55, length=78.35, success_rate=1.00, collisions/ep=0.00
Solved-check at update 480: solved=True worst_gap=1.64 at p_x0=0.00 p_y0=-0.50 (consecutive=41)
update=481 global_step=492544 SPS=848 ev=1.000 v_bias=0.6 return=1012.5 length=80 success_rate=1.00 collisions/ep=0.00 (n=14)
update=482 global_step=493568 SPS=849 ev=1.000 v_bias=-0.6 return=1012.3 length=77 success_rate=1.00 collisions/ep=0.00 (n=12)
update=483 global_step=494592 SPS=850 ev=1.000 v_bias=0.1 return=1012.8 length=80 success_rate=1.00 collisions/ep=0.00 (n=13)
update=484 global_step=495616 SPS=851 ev=1.000 v_bias=-0.1 return=1012.8 length=80 success_rate=1.00 collisions/ep=0.00 (n=12)
update=485 global_step=496640 SPS=852 ev=1.000 v_bias=-0.2 return=1013.0 length=81 success_rate=1.00 collisions/ep=0.00 (n=14)
update=486 global_step=497664 SPS=853 ev=1.000 v_bias=-0.4 return=1013.0 length=81 success_rate=1.00 collisions/ep=0.00 (n=14)
update=487 global_step=498688 SPS=854 ev=1.000 v_bias=0.1 return=1012.9 length=80 success_rate=1.00 collisions/ep=0.00 (n=11)
update=488 global_step=499712 SPS=855 ev=1.000 v_bias=0.3 return=1011.9 length=77 success_rate=1.00 collisions/ep=0.00 (n=14)
Saved checkpoints to C:\Users\loren\Desktop\MASTER THESIS\5_CODE\scenarios\slalom\studies\disturbed_0.01_0.1\ppo\runs\ppo_slalom_10_1790638989
