Using device: cpu
Solved-check: precomputed optimal returns for 25 fixed initial conditions (mean=1013.0, min=1011.0, max=1015.0); solved-tolerance=5.0
num_envs=8 num_steps_per_env=256 worker_batch_size=2048 worker_minibatch_size=256 num_updates=100 timesteps=204800
update=1 global_step=2048 SPS=1042 w_ev=0.002 m_ev=-0.001 m_v_bias=91.1 m_adv_std=163.6074 m_kl_max=0.0009 m_ratio_max=0.150 w_ax@goal=+0.17 w_v@goal=0.12 return=-411.1 length=195 success_rate=0.12 collisions/ep=7.25 (n=8)
update=2 global_step=4096 SPS=1125 w_ev=0.298 m_ev=0.226 m_v_bias=59.9 m_adv_std=76.8995 m_kl_max=0.0005 m_ratio_max=0.150 return=-495.2 length=200 success_rate=0.00 collisions/ep=6.12 (n=8)
update=3 global_step=6144 SPS=1113 w_ev=0.155 m_ev=0.170 m_v_bias=-33.8 m_adv_std=189.1076 m_kl_max=0.0006 m_ratio_max=0.121 w_ax@goal=-0.12 w_v@goal=0.05 return=-96.1 length=187 success_rate=0.27 collisions/ep=4.73 (n=11)
update=4 global_step=8192 SPS=1115 w_ev=0.546 m_ev=0.482 m_v_bias=-132.7 m_adv_std=200.9734 m_kl_max=0.0009 m_ratio_max=0.246 w_ax@goal=+0.15 w_v@goal=2.54 return=111.0 length=179 success_rate=0.31 collisions/ep=1.00 (n=13)
update=5 global_step=10240 SPS=1100 w_ev=0.770 m_ev=0.673 m_v_bias=-97.2 m_adv_std=194.3291 m_kl_max=0.0016 m_ratio_max=0.195 w_ax@goal=-0.06 w_v@goal=7.26 return=510.5 length=155 success_rate=0.64 collisions/ep=0.55 (n=11)
Evaluation at update 5: return=986.46, length=105.95, success_rate=1.00, collisions/ep=0.00
Solved-check at update 5: solved=False worst_gap=32.97 at p_x0=2.00 p_y0=1.00 (consecutive=0)
update=6 global_step=12288 SPS=673 w_ev=0.933 m_ev=0.870 m_v_bias=-129.9 m_adv_std=126.2036 m_kl_max=0.0006 m_ratio_max=0.107 w_ax@goal=+0.33 w_v@goal=13.68 return=502.2 length=150 success_rate=0.65 collisions/ep=1.29 (n=17)
update=7 global_step=14336 SPS=713 w_ev=0.965 m_ev=0.850 m_v_bias=-89.9 m_adv_std=90.9219 m_kl_max=0.0048 m_ratio_max=0.246 w_ax@goal=+0.24 w_v@goal=17.64 return=765.3 length=126 success_rate=0.81 collisions/ep=0.06 (n=16)
update=8 global_step=16384 SPS=746 w_ev=0.957 m_ev=0.921 m_v_bias=-33.0 m_adv_std=57.5084 m_kl_max=0.0152 m_ratio_max=0.530 w_ax@goal=+0.49 w_v@goal=19.38 return=981.2 length=104 success_rate=1.00 collisions/ep=0.09 (n=22)
update=9 global_step=18432 SPS=774 w_ev=0.942 m_ev=0.958 m_v_bias=-11.3 m_adv_std=35.4364 m_kl_max=0.0080 m_ratio_max=0.434 w_ax@goal=+0.55 w_v@goal=19.62 return=997.4 length=93 success_rate=1.00 collisions/ep=0.00 (n=22)
update=10 global_step=20480 SPS=795 w_ev=0.932 m_ev=0.983 m_v_bias=-4.4 m_adv_std=22.8909 m_kl_max=0.0072 m_ratio_max=0.372 w_ax@goal=+0.69 w_v@goal=19.78 return=1001.8 length=89 success_rate=1.00 collisions/ep=0.00 (n=22)
Evaluation at update 10: return=1009.10, length=83.30, success_rate=1.00, collisions/ep=0.00
Solved-check at update 10: solved=False worst_gap=5.99 at p_x0=2.00 p_y0=1.00 (consecutive=0)
update=11 global_step=22528 SPS=674 w_ev=0.938 m_ev=0.986 m_v_bias=2.1 m_adv_std=20.0709 m_kl_max=0.0041 m_ratio_max=0.409 w_ax@goal=+0.86 w_v@goal=19.20 return=1004.5 length=87 success_rate=1.00 collisions/ep=0.00 (n=24)
update=12 global_step=24576 SPS=696 w_ev=0.949 m_ev=0.986 m_v_bias=4.6 m_adv_std=20.4314 m_kl_max=0.0110 m_ratio_max=0.705 w_ax@goal=+0.60 w_v@goal=19.08 return=1004.8 length=87 success_rate=1.00 collisions/ep=0.00 (n=23)
update=13 global_step=26624 SPS=715 w_ev=0.950 m_ev=0.988 m_v_bias=7.4 m_adv_std=17.7700 m_kl_max=0.0073 m_ratio_max=0.443 w_ax@goal=+0.49 w_v@goal=19.08 return=1005.1 length=83 success_rate=1.00 collisions/ep=0.00 (n=25)
update=14 global_step=28672 SPS=734 w_ev=0.950 m_ev=0.986 m_v_bias=1.1 m_adv_std=20.1825 m_kl_max=0.0109 m_ratio_max=0.474 w_ax@goal=+0.66 w_v@goal=19.04 return=1005.0 length=85 success_rate=1.00 collisions/ep=0.00 (n=25)
update=15 global_step=30720 SPS=754 w_ev=0.942 m_ev=0.968 m_v_bias=5.1 m_adv_std=30.1560 m_kl_max=0.0199 m_ratio_max=0.590 w_ax@goal=+0.65 w_v@goal=19.06 return=1004.8 length=87 success_rate=1.00 collisions/ep=0.00 (n=23)
Evaluation at update 15: return=1009.70, length=82.70, success_rate=1.00, collisions/ep=0.00
Solved-check at update 15: solved=True worst_gap=4.99 at p_x0=2.00 p_y0=1.00 (consecutive=0)
update=16 global_step=32768 SPS=675 w_ev=0.937 m_ev=0.991 m_v_bias=1.3 m_adv_std=16.3170 m_kl_max=0.0268 m_ratio_max=0.934 w_ax@goal=+0.72 w_v@goal=19.19 return=1004.7 length=85 success_rate=1.00 collisions/ep=0.00 (n=23)
update=17 global_step=34816 SPS=690 w_ev=0.947 m_ev=0.992 m_v_bias=1.6 m_adv_std=14.6384 m_kl_max=0.0097 m_ratio_max=0.707 w_ax@goal=+0.72 w_v@goal=19.15 return=1005.6 length=85 success_rate=1.00 collisions/ep=0.00 (n=24)
update=18 global_step=36864 SPS=703 w_ev=0.964 m_ev=0.995 m_v_bias=-2.5 m_adv_std=12.6279 m_kl_max=0.0084 m_ratio_max=0.386 w_ax@goal=+0.80 w_v@goal=19.48 return=1006.9 length=85 success_rate=1.00 collisions/ep=0.00 (n=25)
update=19 global_step=38912 SPS=716 w_ev=0.957 m_ev=0.994 m_v_bias=-1.2 m_adv_std=13.5646 m_kl_max=0.0061 m_ratio_max=0.381 w_ax@goal=+0.83 w_v@goal=19.49 return=1007.1 length=84 success_rate=1.00 collisions/ep=0.00 (n=25)
update=20 global_step=40960 SPS=730 w_ev=0.944 m_ev=0.996 m_v_bias=-0.5 m_adv_std=11.0209 m_kl_max=0.0152 m_ratio_max=0.675 w_ax@goal=+0.77 w_v@goal=19.38 return=1007.4 length=84 success_rate=1.00 collisions/ep=0.00 (n=24)
Evaluation at update 20: return=1010.84, length=81.55, success_rate=1.00, collisions/ep=0.00
Solved-check at update 20: solved=True worst_gap=4.00 at p_x0=2.00 p_y0=1.00 (consecutive=1)
Solved criterion held for 2 consecutive evals (tolerance=5.0) at global_step=40960.
update=21 global_step=43008 SPS=676 w_ev=0.952 m_ev=0.996 m_v_bias=-1.2 m_adv_std=10.6511 m_kl_max=0.0148 m_ratio_max=0.940 w_ax@goal=+1.06 w_v@goal=19.42 return=1008.5 length=82 success_rate=1.00 collisions/ep=0.00 (n=25)
update=22 global_step=45056 SPS=687 w_ev=0.958 m_ev=0.996 m_v_bias=-0.0 m_adv_std=10.4414 m_kl_max=0.0167 m_ratio_max=0.383 w_ax@goal=+1.11 w_v@goal=19.57 return=1007.7 length=82 success_rate=1.00 collisions/ep=0.00 (n=25)
update=23 global_step=47104 SPS=697 w_ev=0.947 m_ev=0.997 m_v_bias=-2.1 m_adv_std=9.1413 m_kl_max=0.0200 m_ratio_max=0.591 w_ax@goal=+1.33 w_v@goal=19.76 return=1008.2 length=80 success_rate=1.00 collisions/ep=0.00 (n=25)
update=24 global_step=49152 SPS=707 w_ev=0.949 m_ev=0.997 m_v_bias=0.7 m_adv_std=8.9918 m_kl_max=0.0087 m_ratio_max=0.361 w_ax@goal=+1.11 w_v@goal=19.70 return=1008.3 length=81 success_rate=1.00 collisions/ep=0.00 (n=25)
update=25 global_step=51200 SPS=717 w_ev=0.946 m_ev=0.997 m_v_bias=-1.6 m_adv_std=9.0817 m_kl_max=0.0127 m_ratio_max=0.718 w_ax@goal=+1.15 w_v@goal=19.48 return=1008.8 length=81 success_rate=1.00 collisions/ep=0.00 (n=26)
Evaluation at update 25: return=1011.29, length=81.10, success_rate=1.00, collisions/ep=0.00
Solved-check at update 25: solved=True worst_gap=3.00 at p_x0=2.00 p_y0=1.00 (consecutive=2)
update=26 global_step=53248 SPS=675 w_ev=0.934 m_ev=0.998 m_v_bias=-0.5 m_adv_std=7.6933 m_kl_max=0.0162 m_ratio_max=0.456 w_ax@goal=+1.34 w_v@goal=19.53 return=1009.1 length=82 success_rate=1.00 collisions/ep=0.00 (n=23)
update=27 global_step=55296 SPS=686 w_ev=0.939 m_ev=0.998 m_v_bias=-1.7 m_adv_std=7.1181 m_kl_max=0.0226 m_ratio_max=0.787 w_ax@goal=+1.13 w_v@goal=19.51 return=1009.3 length=82 success_rate=1.00 collisions/ep=0.00 (n=26)
update=28 global_step=57344 SPS=695 w_ev=0.953 m_ev=0.999 m_v_bias=-1.1 m_adv_std=6.1409 m_kl_max=0.0111 m_ratio_max=0.428 w_ax@goal=+1.29 w_v@goal=19.47 return=1009.3 length=82 success_rate=1.00 collisions/ep=0.00 (n=25)
update=29 global_step=59392 SPS=704 w_ev=0.957 m_ev=0.999 m_v_bias=-1.1 m_adv_std=6.2077 m_kl_max=0.0150 m_ratio_max=0.405 w_ax@goal=+1.37 w_v@goal=19.50 return=1009.7 length=81 success_rate=1.00 collisions/ep=0.00 (n=27)
update=30 global_step=61440 SPS=712 w_ev=0.953 m_ev=0.999 m_v_bias=0.2 m_adv_std=6.1286 m_kl_max=0.0159 m_ratio_max=0.474 w_ax@goal=+1.38 w_v@goal=19.53 return=1009.2 length=83 success_rate=1.00 collisions/ep=0.00 (n=25)
Evaluation at update 30: return=1011.39, length=81.00, success_rate=1.00, collisions/ep=0.00
Solved-check at update 30: solved=True worst_gap=3.00 at p_x0=2.00 p_y0=1.00 (consecutive=3)
update=31 global_step=63488 SPS=681 w_ev=0.947 m_ev=0.999 m_v_bias=1.2 m_adv_std=6.0938 m_kl_max=0.0113 m_ratio_max=0.404 w_ax@goal=+1.19 w_v@goal=19.53 return=1009.4 length=80 success_rate=1.00 collisions/ep=0.00 (n=25)
update=32 global_step=65536 SPS=689 w_ev=0.949 m_ev=0.999 m_v_bias=-0.7 m_adv_std=5.4338 m_kl_max=0.0030 m_ratio_max=0.371 w_ax@goal=+1.12 w_v@goal=19.58 return=1009.7 length=83 success_rate=1.00 collisions/ep=0.00 (n=25)
update=33 global_step=67584 SPS=699 w_ev=0.960 m_ev=0.999 m_v_bias=1.0 m_adv_std=5.6333 m_kl_max=0.0117 m_ratio_max=0.387 w_ax@goal=+1.06 w_v@goal=19.63 return=1009.0 length=82 success_rate=1.00 collisions/ep=0.00 (n=24)
update=34 global_step=69632 SPS=707 w_ev=0.949 m_ev=0.999 m_v_bias=-0.7 m_adv_std=5.1209 m_kl_max=0.0109 m_ratio_max=0.318 w_ax@goal=+1.21 w_v@goal=19.52 return=1009.3 length=82 success_rate=1.00 collisions/ep=0.00 (n=24)
update=35 global_step=71680 SPS=714 w_ev=0.960 m_ev=0.999 m_v_bias=0.6 m_adv_std=5.1416 m_kl_max=0.0134 m_ratio_max=0.544 w_ax@goal=+1.36 w_v@goal=19.57 return=1008.8 length=82 success_rate=1.00 collisions/ep=0.00 (n=25)
Evaluation at update 35: return=1011.64, length=80.75, success_rate=1.00, collisions/ep=0.00
Solved-check at update 35: solved=True worst_gap=2.99 at p_x0=0.00 p_y0=1.00 (consecutive=4)
update=36 global_step=73728 SPS=688 w_ev=0.950 m_ev=0.999 m_v_bias=-1.7 m_adv_std=4.7936 m_kl_max=0.0073 m_ratio_max=0.451 w_ax@goal=+1.28 w_v@goal=19.60 return=1009.5 length=80 success_rate=1.00 collisions/ep=0.00 (n=26)
update=37 global_step=75776 SPS=695 w_ev=0.961 m_ev=0.999 m_v_bias=0.0 m_adv_std=4.9465 m_kl_max=0.0193 m_ratio_max=0.594 w_ax@goal=+1.44 w_v@goal=19.57 return=1010.0 length=81 success_rate=1.00 collisions/ep=0.00 (n=25)
update=38 global_step=77824 SPS=703 w_ev=0.962 m_ev=0.999 m_v_bias=-0.7 m_adv_std=4.6966 m_kl_max=0.0057 m_ratio_max=0.480 w_ax@goal=+1.32 w_v@goal=19.52 return=1010.1 length=80 success_rate=1.00 collisions/ep=0.00 (n=29)
update=39 global_step=79872 SPS=710 w_ev=0.967 m_ev=0.999 m_v_bias=-1.2 m_adv_std=4.3234 m_kl_max=0.0073 m_ratio_max=0.329 w_ax@goal=+1.42 w_v@goal=19.56 return=1010.5 length=81 success_rate=1.00 collisions/ep=0.00 (n=24)
update=40 global_step=81920 SPS=717 w_ev=0.967 m_ev=0.999 m_v_bias=0.0 m_adv_std=4.6451 m_kl_max=0.0167 m_ratio_max=0.632 w_ax@goal=+1.26 w_v@goal=19.75 return=1010.6 length=80 success_rate=1.00 collisions/ep=0.00 (n=24)
Evaluation at update 40: return=1011.84, length=80.55, success_rate=1.00, collisions/ep=0.00
Solved-check at update 40: solved=True worst_gap=2.00 at p_x0=2.00 p_y0=1.00 (consecutive=5)
update=41 global_step=83968 SPS=692 w_ev=0.972 m_ev=0.999 m_v_bias=0.4 m_adv_std=4.3831 m_kl_max=0.0145 m_ratio_max=0.463 w_ax@goal=+1.31 w_v@goal=19.76 return=1010.1 length=80 success_rate=1.00 collisions/ep=0.00 (n=25)
update=42 global_step=86016 SPS=699 w_ev=0.970 m_ev=0.999 m_v_bias=-0.8 m_adv_std=4.5966 m_kl_max=0.0092 m_ratio_max=0.332 w_ax@goal=+1.18 w_v@goal=19.82 return=1010.4 length=80 success_rate=1.00 collisions/ep=0.00 (n=26)
update=43 global_step=88064 SPS=706 w_ev=0.979 m_ev=0.999 m_v_bias=0.1 m_adv_std=4.5496 m_kl_max=0.0087 m_ratio_max=0.395 w_ax@goal=+1.32 w_v@goal=19.68 return=1010.6 length=80 success_rate=1.00 collisions/ep=0.00 (n=27)
update=44 global_step=90112 SPS=713 w_ev=0.978 m_ev=0.999 m_v_bias=-0.3 m_adv_std=4.2959 m_kl_max=0.0034 m_ratio_max=0.388 w_ax@goal=+1.42 w_v@goal=19.61 return=1010.6 length=81 success_rate=1.00 collisions/ep=0.00 (n=25)
update=45 global_step=92160 SPS=720 w_ev=0.964 m_ev=0.999 m_v_bias=-0.5 m_adv_std=4.1909 m_kl_max=0.0048 m_ratio_max=0.263 w_ax@goal=+1.42 w_v@goal=19.61 return=1010.6 length=80 success_rate=1.00 collisions/ep=0.00 (n=25)
Evaluation at update 45: return=1012.09, length=80.30, success_rate=1.00, collisions/ep=0.00
Solved-check at update 45: solved=True worst_gap=2.00 at p_x0=1.00 p_y0=1.00 (consecutive=6)
update=46 global_step=94208 SPS=699 w_ev=0.978 m_ev=0.999 m_v_bias=-0.6 m_adv_std=4.5900 m_kl_max=0.0109 m_ratio_max=0.430 w_ax@goal=+1.49 w_v@goal=19.65 return=1010.7 length=79 success_rate=1.00 collisions/ep=0.00 (n=26)
update=47 global_step=96256 SPS=707 w_ev=0.978 m_ev=0.999 m_v_bias=-0.0 m_adv_std=3.6301 m_kl_max=0.0111 m_ratio_max=0.449 w_ax@goal=+1.58 w_v@goal=19.60 return=1011.1 length=81 success_rate=1.00 collisions/ep=0.00 (n=25)
update=48 global_step=98304 SPS=712 w_ev=0.975 m_ev=0.999 m_v_bias=-0.4 m_adv_std=4.1659 m_kl_max=0.0056 m_ratio_max=0.317 w_ax@goal=+1.44 w_v@goal=19.62 return=1011.0 length=80 success_rate=1.00 collisions/ep=0.00 (n=27)
update=49 global_step=100352 SPS=718 w_ev=0.965 m_ev=0.999 m_v_bias=0.0 m_adv_std=3.8794 m_kl_max=0.0069 m_ratio_max=0.314 w_ax@goal=+1.51 w_v@goal=19.69 return=1011.0 length=79 success_rate=1.00 collisions/ep=0.00 (n=25)
update=50 global_step=102400 SPS=724 w_ev=0.970 m_ev=0.999 m_v_bias=-0.3 m_adv_std=3.9116 m_kl_max=0.0056 m_ratio_max=0.309 w_ax@goal=+1.41 w_v@goal=19.56 return=1011.2 length=80 success_rate=1.00 collisions/ep=0.00 (n=24)
Evaluation at update 50: return=1012.24, length=80.15, success_rate=1.00, collisions/ep=0.00
Solved-check at update 50: solved=True worst_gap=2.00 at p_x0=0.50 p_y0=1.00 (consecutive=7)
update=51 global_step=104448 SPS=704 w_ev=0.973 m_ev=0.999 m_v_bias=0.7 m_adv_std=3.9256 m_kl_max=0.0134 m_ratio_max=0.571 w_ax@goal=+1.51 w_v@goal=19.66 return=1010.8 length=79 success_rate=1.00 collisions/ep=0.00 (n=28)
update=52 global_step=106496 SPS=710 w_ev=0.975 m_ev=0.999 m_v_bias=-0.0 m_adv_std=4.0246 m_kl_max=0.0073 m_ratio_max=0.539 w_ax@goal=+1.38 w_v@goal=19.58 return=1010.8 length=78 success_rate=1.00 collisions/ep=0.00 (n=26)
update=53 global_step=108544 SPS=716 w_ev=0.972 m_ev=0.999 m_v_bias=0.7 m_adv_std=4.0407 m_kl_max=0.0076 m_ratio_max=0.310 w_ax@goal=+1.45 w_v@goal=19.72 return=1010.7 length=79 success_rate=1.00 collisions/ep=0.00 (n=25)
update=54 global_step=110592 SPS=721 w_ev=0.975 m_ev=0.999 m_v_bias=-0.5 m_adv_std=4.1513 m_kl_max=0.0116 m_ratio_max=0.393 w_ax@goal=+1.39 w_v@goal=19.64 return=1011.1 length=80 success_rate=1.00 collisions/ep=0.00 (n=24)
update=55 global_step=112640 SPS=726 w_ev=0.974 m_ev=0.999 m_v_bias=-0.0 m_adv_std=4.0559 m_kl_max=0.0077 m_ratio_max=0.391 w_ax@goal=+1.45 w_v@goal=19.70 return=1011.1 length=78 success_rate=1.00 collisions/ep=0.00 (n=29)
Evaluation at update 55: return=1012.19, length=80.20, success_rate=1.00, collisions/ep=0.00
Solved-check at update 55: solved=True worst_gap=2.00 at p_x0=0.50 p_y0=1.00 (consecutive=8)
update=56 global_step=114688 SPS=709 w_ev=0.979 m_ev=0.999 m_v_bias=1.3 m_adv_std=3.7823 m_kl_max=0.0204 m_ratio_max=0.693 w_ax@goal=+1.43 w_v@goal=19.60 return=1011.1 length=81 success_rate=1.00 collisions/ep=0.00 (n=25)
update=57 global_step=116736 SPS=714 w_ev=0.956 m_ev=0.999 m_v_bias=0.3 m_adv_std=4.1873 m_kl_max=0.0183 m_ratio_max=0.561 w_ax@goal=+1.27 w_v@goal=19.55 return=1010.9 length=80 success_rate=1.00 collisions/ep=0.00 (n=25)
update=58 global_step=118784 SPS=719 w_ev=0.966 m_ev=0.999 m_v_bias=-1.5 m_adv_std=3.8373 m_kl_max=0.0111 m_ratio_max=0.640 w_ax@goal=+1.52 w_v@goal=19.71 return=1011.1 length=81 success_rate=1.00 collisions/ep=0.00 (n=24)
update=59 global_step=120832 SPS=724 w_ev=0.977 m_ev=1.000 m_v_bias=1.2 m_adv_std=3.5510 m_kl_max=0.0023 m_ratio_max=0.317 w_ax@goal=+1.44 w_v@goal=19.71 return=1010.9 length=79 success_rate=1.00 collisions/ep=0.00 (n=30)
update=60 global_step=122880 SPS=730 w_ev=0.979 m_ev=1.000 m_v_bias=0.2 m_adv_std=3.3245 m_kl_max=0.0061 m_ratio_max=0.317 w_ax@goal=+1.40 w_v@goal=19.71 return=1011.1 length=81 success_rate=1.00 collisions/ep=0.00 (n=24)
Evaluation at update 60: return=1012.24, length=80.15, success_rate=1.00, collisions/ep=0.00
Solved-check at update 60: solved=True worst_gap=2.00 at p_x0=0.50 p_y0=1.00 (consecutive=9)
update=61 global_step=124928 SPS=713 w_ev=0.968 m_ev=1.000 m_v_bias=-0.4 m_adv_std=3.5536 m_kl_max=0.0062 m_ratio_max=0.310 w_ax@goal=+1.39 w_v@goal=19.65 return=1011.2 length=81 success_rate=1.00 collisions/ep=0.00 (n=25)
update=62 global_step=126976 SPS=718 w_ev=0.961 m_ev=0.999 m_v_bias=-0.1 m_adv_std=3.6784 m_kl_max=0.0070 m_ratio_max=0.270 w_ax@goal=+1.49 w_v@goal=19.72 return=1011.1 length=78 success_rate=1.00 collisions/ep=0.00 (n=24)
update=63 global_step=129024 SPS=723 w_ev=0.971 m_ev=1.000 m_v_bias=0.3 m_adv_std=3.2898 m_kl_max=0.0152 m_ratio_max=0.523 w_ax@goal=+1.46 w_v@goal=19.67 return=1011.1 length=79 success_rate=1.00 collisions/ep=0.00 (n=27)
update=64 global_step=131072 SPS=727 w_ev=0.971 m_ev=1.000 m_v_bias=0.2 m_adv_std=3.1909 m_kl_max=0.0037 m_ratio_max=0.448 w_ax@goal=+1.43 w_v@goal=19.68 return=1011.2 length=80 success_rate=1.00 collisions/ep=0.00 (n=27)
update=65 global_step=133120 SPS=732 w_ev=0.956 m_ev=1.000 m_v_bias=0.4 m_adv_std=3.3632 m_kl_max=0.0061 m_ratio_max=0.361 w_ax@goal=+1.46 w_v@goal=19.71 return=1011.1 length=79 success_rate=1.00 collisions/ep=0.00 (n=26)
Evaluation at update 65: return=1012.44, length=79.95, success_rate=1.00, collisions/ep=0.00
Solved-check at update 65: solved=True worst_gap=2.00 at p_x0=0.00 p_y0=1.00 (consecutive=10)
update=66 global_step=135168 SPS=717 w_ev=0.963 m_ev=0.999 m_v_bias=0.3 m_adv_std=3.7245 m_kl_max=0.0090 m_ratio_max=0.494 w_ax@goal=+1.37 w_v@goal=19.68 return=1010.8 length=77 success_rate=1.00 collisions/ep=0.00 (n=24)
update=67 global_step=137216 SPS=722 w_ev=0.966 m_ev=0.999 m_v_bias=1.1 m_adv_std=4.3506 m_kl_max=0.0142 m_ratio_max=0.517 w_ax@goal=+1.18 w_v@goal=19.69 return=1010.8 length=78 success_rate=1.00 collisions/ep=0.00 (n=26)
update=68 global_step=139264 SPS=726 w_ev=0.973 m_ev=1.000 m_v_bias=-0.3 m_adv_std=3.3775 m_kl_max=0.0148 m_ratio_max=0.516 w_ax@goal=+1.44 w_v@goal=19.66 return=1010.9 length=79 success_rate=1.00 collisions/ep=0.00 (n=27)
update=69 global_step=141312 SPS=731 w_ev=0.980 m_ev=0.999 m_v_bias=0.9 m_adv_std=3.6558 m_kl_max=0.0106 m_ratio_max=0.320 w_ax@goal=+1.24 w_v@goal=19.76 return=1010.8 length=80 success_rate=1.00 collisions/ep=0.00 (n=26)
update=70 global_step=143360 SPS=735 w_ev=0.981 m_ev=0.999 m_v_bias=-0.0 m_adv_std=4.3058 m_kl_max=0.0203 m_ratio_max=0.754 w_ax@goal=+1.10 w_v@goal=19.72 return=1011.2 length=79 success_rate=1.00 collisions/ep=0.00 (n=26)
Evaluation at update 70: return=1012.53, length=79.85, success_rate=1.00, collisions/ep=0.00
Solved-check at update 70: solved=True worst_gap=1.00 at p_x0=2.00 p_y0=-1.00 (consecutive=11)
update=71 global_step=145408 SPS=721 w_ev=0.980 m_ev=1.000 m_v_bias=-0.0 m_adv_std=3.6516 m_kl_max=0.0103 m_ratio_max=0.544 w_ax@goal=+1.23 w_v@goal=19.69 return=1011.4 length=80 success_rate=1.00 collisions/ep=0.00 (n=25)
update=72 global_step=147456 SPS=726 w_ev=0.990 m_ev=1.000 m_v_bias=-1.0 m_adv_std=3.5035 m_kl_max=0.0163 m_ratio_max=0.511 w_ax@goal=+1.30 w_v@goal=19.82 return=1011.5 length=80 success_rate=1.00 collisions/ep=0.00 (n=26)
update=73 global_step=149504 SPS=731 w_ev=0.988 m_ev=1.000 m_v_bias=0.5 m_adv_std=3.3118 m_kl_max=0.0105 m_ratio_max=0.453 w_ax@goal=+1.12 w_v@goal=19.75 return=1011.0 length=80 success_rate=1.00 collisions/ep=0.00 (n=25)
update=74 global_step=151552 SPS=735 w_ev=0.982 m_ev=1.000 m_v_bias=0.2 m_adv_std=3.4569 m_kl_max=0.0033 m_ratio_max=0.458 w_ax@goal=+1.20 w_v@goal=19.67 return=1011.1 length=79 success_rate=1.00 collisions/ep=0.00 (n=26)
update=75 global_step=153600 SPS=738 w_ev=0.982 m_ev=1.000 m_v_bias=0.5 m_adv_std=2.8301 m_kl_max=0.0069 m_ratio_max=0.326 w_ax@goal=+1.34 w_v@goal=19.69 return=1011.8 length=82 success_rate=1.00 collisions/ep=0.00 (n=24)
Evaluation at update 75: return=1012.63, length=79.75, success_rate=1.00, collisions/ep=0.00
Solved-check at update 75: solved=True worst_gap=1.00 at p_x0=1.50 p_y0=-1.00 (consecutive=12)
update=76 global_step=155648 SPS=725 w_ev=0.986 m_ev=1.000 m_v_bias=1.5 m_adv_std=3.4620 m_kl_max=0.0103 m_ratio_max=0.798 w_ax@goal=+1.44 w_v@goal=19.75 return=1011.6 length=82 success_rate=1.00 collisions/ep=0.00 (n=25)
update=77 global_step=157696 SPS=729 w_ev=0.981 m_ev=1.000 m_v_bias=-1.0 m_adv_std=3.2800 m_kl_max=0.0095 m_ratio_max=0.508 w_ax@goal=+1.23 w_v@goal=19.74 return=1011.2 length=79 success_rate=1.00 collisions/ep=0.00 (n=28)
update=78 global_step=159744 SPS=733 w_ev=0.979 m_ev=0.999 m_v_bias=0.2 m_adv_std=4.6471 m_kl_max=0.0071 m_ratio_max=0.320 w_ax@goal=+1.33 w_v@goal=19.63 return=1011.1 length=78 success_rate=1.00 collisions/ep=0.00 (n=24)
update=79 global_step=161792 SPS=737 w_ev=0.976 m_ev=1.000 m_v_bias=-1.3 m_adv_std=3.5428 m_kl_max=0.0096 m_ratio_max=0.571 w_ax@goal=+1.26 w_v@goal=19.64 return=1011.1 length=79 success_rate=1.00 collisions/ep=0.00 (n=27)
update=80 global_step=163840 SPS=741 w_ev=0.986 m_ev=1.000 m_v_bias=-0.1 m_adv_std=3.3177 m_kl_max=0.0086 m_ratio_max=0.693 w_ax@goal=+1.34 w_v@goal=19.69 return=1011.2 length=80 success_rate=1.00 collisions/ep=0.00 (n=26)
Evaluation at update 80: return=1012.63, length=79.75, success_rate=1.00, collisions/ep=0.00
Solved-check at update 80: solved=True worst_gap=1.00 at p_x0=1.00 p_y0=-0.50 (consecutive=13)
update=81 global_step=165888 SPS=729 w_ev=0.982 m_ev=1.000 m_v_bias=0.0 m_adv_std=3.1249 m_kl_max=0.0078 m_ratio_max=0.521 w_ax@goal=+1.37 w_v@goal=19.69 return=1011.0 length=78 success_rate=1.00 collisions/ep=0.00 (n=26)
update=82 global_step=167936 SPS=733 w_ev=0.974 m_ev=0.999 m_v_bias=0.2 m_adv_std=4.1742 m_kl_max=0.0128 m_ratio_max=0.523 w_ax@goal=+1.35 w_v@goal=19.62 return=1011.5 length=81 success_rate=1.00 collisions/ep=0.00 (n=25)
update=83 global_step=169984 SPS=736 w_ev=0.985 m_ev=0.999 m_v_bias=1.0 m_adv_std=3.8306 m_kl_max=0.0117 m_ratio_max=0.533 w_ax@goal=+1.35 w_v@goal=19.71 return=1011.7 length=81 success_rate=1.00 collisions/ep=0.00 (n=26)
update=84 global_step=172032 SPS=740 w_ev=0.988 m_ev=1.000 m_v_bias=0.0 m_adv_std=2.9101 m_kl_max=0.0044 m_ratio_max=0.305 w_ax@goal=+1.45 w_v@goal=19.78 return=1011.2 length=80 success_rate=1.00 collisions/ep=0.00 (n=26)
update=85 global_step=174080 SPS=743 w_ev=0.979 m_ev=1.000 m_v_bias=0.2 m_adv_std=3.4770 m_kl_max=0.0056 m_ratio_max=0.404 w_ax@goal=+1.44 w_v@goal=19.76 return=1011.5 length=80 success_rate=1.00 collisions/ep=0.00 (n=24)
Evaluation at update 85: return=1012.63, length=79.75, success_rate=1.00, collisions/ep=0.00
Solved-check at update 85: solved=True worst_gap=1.00 at p_x0=1.00 p_y0=0.00 (consecutive=14)
update=86 global_step=176128 SPS=732 w_ev=0.985 m_ev=1.000 m_v_bias=-0.1 m_adv_std=3.2785 m_kl_max=0.0038 m_ratio_max=0.327 w_ax@goal=+1.42 w_v@goal=19.79 return=1011.6 length=80 success_rate=1.00 collisions/ep=0.00 (n=26)
update=87 global_step=178176 SPS=736 w_ev=0.981 m_ev=1.000 m_v_bias=0.8 m_adv_std=3.5110 m_kl_max=0.0084 m_ratio_max=0.654 w_ax@goal=+1.45 w_v@goal=19.77 return=1011.5 length=80 success_rate=1.00 collisions/ep=0.00 (n=25)
update=88 global_step=180224 SPS=740 w_ev=0.991 m_ev=1.000 m_v_bias=0.4 m_adv_std=3.2747 m_kl_max=0.0050 m_ratio_max=0.262 w_ax@goal=+1.45 w_v@goal=19.74 return=1011.4 length=80 success_rate=1.00 collisions/ep=0.00 (n=27)
update=89 global_step=182272 SPS=743 w_ev=0.987 m_ev=1.000 m_v_bias=-0.7 m_adv_std=3.2011 m_kl_max=0.0105 m_ratio_max=0.393 w_ax@goal=+1.50 w_v@goal=19.76 return=1011.5 length=78 success_rate=1.00 collisions/ep=0.00 (n=27)
update=90 global_step=184320 SPS=747 w_ev=0.991 m_ev=0.999 m_v_bias=0.4 m_adv_std=3.8385 m_kl_max=0.0119 m_ratio_max=0.455 w_ax@goal=+1.49 w_v@goal=19.73 return=1011.6 length=79 success_rate=1.00 collisions/ep=0.00 (n=24)
Evaluation at update 90: return=1012.63, length=79.75, success_rate=1.00, collisions/ep=0.00
Solved-check at update 90: solved=True worst_gap=1.00 at p_x0=1.00 p_y0=0.00 (consecutive=15)
update=91 global_step=186368 SPS=738 w_ev=0.989 m_ev=1.000 m_v_bias=0.0 m_adv_std=3.0781 m_kl_max=0.0094 m_ratio_max=0.383 w_ax@goal=+1.48 w_v@goal=19.79 return=1011.4 length=79 success_rate=1.00 collisions/ep=0.00 (n=27)
update=92 global_step=188416 SPS=742 w_ev=0.977 m_ev=1.000 m_v_bias=1.0 m_adv_std=2.6355 m_kl_max=0.0058 m_ratio_max=0.392 w_ax@goal=+1.47 w_v@goal=19.76 return=1011.4 length=80 success_rate=1.00 collisions/ep=0.00 (n=24)
update=93 global_step=190464 SPS=746 w_ev=0.978 m_ev=1.000 m_v_bias=0.3 m_adv_std=3.0373 m_kl_max=0.0088 m_ratio_max=0.327 w_ax@goal=+1.39 w_v@goal=19.74 return=1011.3 length=79 success_rate=1.00 collisions/ep=0.00 (n=26)
update=94 global_step=192512 SPS=750 w_ev=0.985 m_ev=1.000 m_v_bias=-0.5 m_adv_std=2.5885 m_kl_max=0.0084 m_ratio_max=0.327 w_ax@goal=+1.26 w_v@goal=19.70 return=1011.3 length=79 success_rate=1.00 collisions/ep=0.00 (n=28)
update=95 global_step=194560 SPS=754 w_ev=0.977 m_ev=1.000 m_v_bias=-0.2 m_adv_std=3.6637 m_kl_max=0.0132 m_ratio_max=0.526 w_ax@goal=+1.13 w_v@goal=19.75 return=1011.7 length=82 success_rate=1.00 collisions/ep=0.00 (n=24)
Evaluation at update 95: return=1012.63, length=79.75, success_rate=1.00, collisions/ep=0.00
Solved-check at update 95: solved=True worst_gap=1.01 at p_x0=1.50 p_y0=0.50 (consecutive=16)
update=96 global_step=196608 SPS=746 w_ev=0.984 m_ev=0.999 m_v_bias=-0.5 m_adv_std=4.2413 m_kl_max=0.0085 m_ratio_max=0.452 w_ax@goal=+1.35 w_v@goal=19.73 return=1011.3 length=80 success_rate=1.00 collisions/ep=0.00 (n=26)
update=97 global_step=198656 SPS=749 w_ev=0.989 m_ev=1.000 m_v_bias=-0.5 m_adv_std=2.6690 m_kl_max=0.0090 m_ratio_max=0.489 w_ax@goal=+1.42 w_v@goal=19.72 return=1011.8 length=81 success_rate=1.00 collisions/ep=0.00 (n=24)
update=98 global_step=200704 SPS=754 w_ev=0.995 m_ev=1.000 m_v_bias=-1.2 m_adv_std=2.7355 m_kl_max=0.0053 m_ratio_max=0.389 w_ax@goal=+1.44 w_v@goal=19.80 return=1011.4 length=79 success_rate=1.00 collisions/ep=0.00 (n=26)
update=99 global_step=202752 SPS=758 w_ev=0.991 m_ev=1.000 m_v_bias=0.1 m_adv_std=3.2932 m_kl_max=0.0018 m_ratio_max=0.217 w_ax@goal=+1.36 w_v@goal=19.78 return=1011.3 length=78 success_rate=1.00 collisions/ep=0.00 (n=26)
update=100 global_step=204800 SPS=763 w_ev=0.993 m_ev=1.000 m_v_bias=-0.3 m_adv_std=3.4268 m_kl_max=0.0115 m_ratio_max=0.547 w_ax@goal=+1.35 w_v@goal=19.78 return=1011.2 length=78 success_rate=1.00 collisions/ep=0.04 (n=28)
Evaluation at update 100: return=1012.63, length=79.75, success_rate=1.00, collisions/ep=0.00
Solved-check at update 100: solved=True worst_gap=1.00 at p_x0=1.50 p_y0=0.50 (consecutive=17)
Saved checkpoints to C:\Users\loren\Desktop\MASTER THESIS\5_CODE\scenarios\tunnel\studies\hppo\runs\hppo_tunnel_19_1791080351
