Using device: cpu
Solved-check: precomputed optimal returns for 25 fixed initial conditions (mean=1013.0, min=1011.0, max=1015.0); solved-tolerance=5.0
num_envs=8 num_steps_per_env=256 worker_batch_size=2048 worker_minibatch_size=256 num_updates=100 timesteps=204800
update=1 global_step=2048 SPS=1534 w_ev=-0.009 m_ev=-0.000 m_v_bias=129.3 m_adv_std=110.3450 m_kl_max=0.0032 m_ratio_max=0.279 w_ax@goal=-0.30 w_v@goal=0.25 return=-539.8 length=200 success_rate=0.00 collisions/ep=6.88 (n=8)
update=2 global_step=4096 SPS=1488 w_ev=-0.066 m_ev=-0.204 m_v_bias=-72.3 m_adv_std=267.7094 m_kl_max=0.0006 m_ratio_max=0.130 w_ax@goal=+0.55 w_v@goal=-1.24 return=-53.0 length=196 success_rate=0.38 collisions/ep=5.38 (n=8)
update=3 global_step=6144 SPS=1527 w_ev=0.516 m_ev=0.507 m_v_bias=-93.7 m_adv_std=207.1320 m_kl_max=0.0016 m_ratio_max=0.227 w_ax@goal=+0.44 w_v@goal=3.10 return=141.6 length=178 success_rate=0.36 collisions/ep=1.64 (n=11)
update=4 global_step=8192 SPS=1545 w_ev=0.859 m_ev=0.836 m_v_bias=-101.8 m_adv_std=142.4196 m_kl_max=0.0036 m_ratio_max=0.246 w_ax@goal=+0.31 w_v@goal=8.82 return=177.6 length=167 success_rate=0.40 collisions/ep=1.87 (n=15)
update=5 global_step=10240 SPS=1578 w_ev=0.940 m_ev=0.846 m_v_bias=-100.8 m_adv_std=134.3058 m_kl_max=0.0077 m_ratio_max=0.481 w_ax@goal=+0.71 w_v@goal=13.57 return=374.7 length=166 success_rate=0.50 collisions/ep=0.33 (n=12)
Evaluation at update 5: return=999.44, length=90.35, success_rate=1.00, collisions/ep=0.00
Solved-check at update 5: solved=False worst_gap=20.98 at p_x0=2.00 p_y0=-1.00 (consecutive=0)
update=6 global_step=12288 SPS=1010 w_ev=0.971 m_ev=0.855 m_v_bias=-91.2 m_adv_std=100.3782 m_kl_max=0.0005 m_ratio_max=0.181 w_ax@goal=+0.67 w_v@goal=17.04 return=689.2 length=136 success_rate=0.75 collisions/ep=0.00 (n=16)
update=7 global_step=14336 SPS=1051 w_ev=0.966 m_ev=0.900 m_v_bias=-40.7 m_adv_std=60.8058 m_kl_max=0.0028 m_ratio_max=0.300 w_ax@goal=+0.53 w_v@goal=18.61 return=993.8 length=99 success_rate=1.00 collisions/ep=0.00 (n=21)
update=8 global_step=16384 SPS=1104 w_ev=0.910 m_ev=0.520 m_v_bias=15.2 m_adv_std=143.7767 m_kl_max=0.0018 m_ratio_max=0.231 w_ax@goal=+0.54 w_v@goal=19.18 return=945.2 length=97 success_rate=0.95 collisions/ep=0.00 (n=22)
update=9 global_step=18432 SPS=1146 w_ev=0.961 m_ev=0.868 m_v_bias=-22.7 m_adv_std=63.6249 m_kl_max=0.0010 m_ratio_max=0.135 w_ax@goal=+0.71 w_v@goal=19.02 return=1004.3 length=88 success_rate=1.00 collisions/ep=0.00 (n=22)
update=10 global_step=20480 SPS=1181 w_ev=0.960 m_ev=0.958 m_v_bias=-19.6 m_adv_std=35.6109 m_kl_max=0.0036 m_ratio_max=0.284 w_ax@goal=+0.73 w_v@goal=19.18 return=1004.6 length=87 success_rate=1.00 collisions/ep=0.00 (n=24)
Evaluation at update 10: return=1008.68, length=81.10, success_rate=1.00, collisions/ep=0.00
Solved-check at update 10: solved=True worst_gap=4.99 at p_x0=2.00 p_y0=-1.00 (consecutive=0)
update=11 global_step=22528 SPS=990 w_ev=0.960 m_ev=0.986 m_v_bias=-6.1 m_adv_std=20.4122 m_kl_max=0.0057 m_ratio_max=0.418 w_ax@goal=+0.79 w_v@goal=19.42 return=1005.5 length=87 success_rate=1.00 collisions/ep=0.00 (n=24)
update=12 global_step=24576 SPS=1013 w_ev=0.954 m_ev=0.987 m_v_bias=1.1 m_adv_std=18.3521 m_kl_max=0.0036 m_ratio_max=0.378 w_ax@goal=+0.74 w_v@goal=19.23 return=1006.4 length=85 success_rate=1.00 collisions/ep=0.00 (n=24)
update=13 global_step=26624 SPS=1014 w_ev=0.960 m_ev=0.988 m_v_bias=4.5 m_adv_std=18.5485 m_kl_max=0.0018 m_ratio_max=0.210 w_ax@goal=+0.80 w_v@goal=19.25 return=1006.2 length=86 success_rate=1.00 collisions/ep=0.00 (n=24)
update=14 global_step=28672 SPS=1000 w_ev=0.954 m_ev=0.991 m_v_bias=1.5 m_adv_std=16.6304 m_kl_max=0.0017 m_ratio_max=0.178 w_ax@goal=+0.80 w_v@goal=19.28 return=1006.7 length=84 success_rate=1.00 collisions/ep=0.00 (n=25)
update=15 global_step=30720 SPS=1002 w_ev=0.959 m_ev=0.990 m_v_bias=3.1 m_adv_std=16.2718 m_kl_max=0.0012 m_ratio_max=0.179 w_ax@goal=+0.63 w_v@goal=18.91 return=1006.6 length=84 success_rate=1.00 collisions/ep=0.00 (n=24)
Evaluation at update 15: return=1010.47, length=79.30, success_rate=1.00, collisions/ep=0.00
Solved-check at update 15: solved=True worst_gap=2.99 at p_x0=2.00 p_y0=-1.00 (consecutive=1)
Solved criterion held for 2 consecutive evals (tolerance=5.0) at global_step=30720.
update=16 global_step=32768 SPS=821 w_ev=0.960 m_ev=0.989 m_v_bias=2.2 m_adv_std=17.1809 m_kl_max=0.0118 m_ratio_max=0.318 w_ax@goal=+0.74 w_v@goal=18.94 return=1006.9 length=83 success_rate=1.00 collisions/ep=0.00 (n=26)
update=17 global_step=34816 SPS=842 w_ev=0.953 m_ev=0.991 m_v_bias=1.7 m_adv_std=15.5513 m_kl_max=0.0051 m_ratio_max=0.428 w_ax@goal=+0.63 w_v@goal=19.10 return=1008.3 length=83 success_rate=1.00 collisions/ep=0.00 (n=24)
update=18 global_step=36864 SPS=859 w_ev=0.963 m_ev=0.992 m_v_bias=1.0 m_adv_std=15.6344 m_kl_max=0.0042 m_ratio_max=0.325 w_ax@goal=+0.73 w_v@goal=19.01 return=1007.7 length=83 success_rate=1.00 collisions/ep=0.00 (n=26)
update=19 global_step=38912 SPS=880 w_ev=0.951 m_ev=0.993 m_v_bias=1.5 m_adv_std=13.8485 m_kl_max=0.0016 m_ratio_max=0.244 w_ax@goal=+0.78 w_v@goal=18.93 return=1007.7 length=82 success_rate=1.00 collisions/ep=0.00 (n=24)
update=20 global_step=40960 SPS=900 w_ev=0.958 m_ev=0.994 m_v_bias=-1.8 m_adv_std=13.3575 m_kl_max=0.0025 m_ratio_max=0.341 w_ax@goal=+0.91 w_v@goal=19.30 return=1007.7 length=82 success_rate=1.00 collisions/ep=0.00 (n=26)
Evaluation at update 20: return=1010.57, length=79.20, success_rate=1.00, collisions/ep=0.00
Solved-check at update 20: solved=True worst_gap=3.00 at p_x0=2.00 p_y0=-1.00 (consecutive=2)
update=21 global_step=43008 SPS=819 w_ev=0.963 m_ev=0.994 m_v_bias=-0.5 m_adv_std=12.8232 m_kl_max=0.0026 m_ratio_max=0.210 w_ax@goal=+0.95 w_v@goal=19.17 return=1008.9 length=83 success_rate=1.00 collisions/ep=0.00 (n=24)
update=22 global_step=45056 SPS=839 w_ev=0.964 m_ev=0.995 m_v_bias=-0.6 m_adv_std=11.1299 m_kl_max=0.0003 m_ratio_max=0.134 w_ax@goal=+0.96 w_v@goal=19.14 return=1009.6 length=82 success_rate=1.00 collisions/ep=0.00 (n=25)
update=23 global_step=47104 SPS=855 w_ev=0.963 m_ev=0.996 m_v_bias=1.6 m_adv_std=10.7531 m_kl_max=0.0001 m_ratio_max=0.072 w_ax@goal=+0.92 w_v@goal=19.10 return=1008.9 length=81 success_rate=1.00 collisions/ep=0.00 (n=24)
update=24 global_step=49152 SPS=874 w_ev=0.960 m_ev=0.995 m_v_bias=-1.0 m_adv_std=11.6043 m_kl_max=0.0011 m_ratio_max=0.148 w_ax@goal=+0.97 w_v@goal=19.07 return=1008.6 length=81 success_rate=1.00 collisions/ep=0.00 (n=25)
update=25 global_step=51200 SPS=893 w_ev=0.959 m_ev=0.995 m_v_bias=0.1 m_adv_std=11.1425 m_kl_max=0.0045 m_ratio_max=0.425 w_ax@goal=+0.89 w_v@goal=19.11 return=1008.1 length=81 success_rate=1.00 collisions/ep=0.00 (n=27)
Evaluation at update 25: return=1010.47, length=79.30, success_rate=1.00, collisions/ep=0.00
Solved-check at update 25: solved=True worst_gap=2.99 at p_x0=1.50 p_y0=1.00 (consecutive=3)
update=26 global_step=53248 SPS=787 w_ev=0.965 m_ev=0.996 m_v_bias=0.9 m_adv_std=10.0545 m_kl_max=0.0038 m_ratio_max=0.326 w_ax@goal=+0.82 w_v@goal=19.27 return=1008.1 length=82 success_rate=1.00 collisions/ep=0.00 (n=26)
update=27 global_step=55296 SPS=780 w_ev=0.963 m_ev=0.997 m_v_bias=-1.6 m_adv_std=9.0173 m_kl_max=0.0036 m_ratio_max=0.260 w_ax@goal=+0.91 w_v@goal=19.26 return=1008.0 length=83 success_rate=1.00 collisions/ep=0.00 (n=25)
update=28 global_step=57344 SPS=774 w_ev=0.959 m_ev=0.996 m_v_bias=0.3 m_adv_std=10.4376 m_kl_max=0.0114 m_ratio_max=0.390 w_ax@goal=+0.85 w_v@goal=19.17 return=1007.6 length=83 success_rate=1.00 collisions/ep=0.00 (n=24)
update=29 global_step=59392 SPS=767 w_ev=0.955 m_ev=0.998 m_v_bias=-2.4 m_adv_std=8.1207 m_kl_max=0.0036 m_ratio_max=0.223 w_ax@goal=+0.86 w_v@goal=19.24 return=1008.2 length=82 success_rate=1.00 collisions/ep=0.00 (n=25)
update=30 global_step=61440 SPS=761 w_ev=0.951 m_ev=0.998 m_v_bias=-0.9 m_adv_std=6.9830 m_kl_max=0.0109 m_ratio_max=0.545 w_ax@goal=+0.90 w_v@goal=19.25 return=1008.1 length=83 success_rate=1.00 collisions/ep=0.00 (n=24)
Evaluation at update 30: return=1010.47, length=79.30, success_rate=1.00, collisions/ep=0.00
Solved-check at update 30: solved=True worst_gap=2.99 at p_x0=2.00 p_y0=1.00 (consecutive=4)
update=31 global_step=63488 SPS=675 w_ev=0.958 m_ev=0.997 m_v_bias=4.2 m_adv_std=9.3349 m_kl_max=0.0104 m_ratio_max=0.370 w_ax@goal=+0.71 w_v@goal=19.21 return=1007.3 length=84 success_rate=1.00 collisions/ep=0.00 (n=24)
update=32 global_step=65536 SPS=674 w_ev=0.958 m_ev=0.996 m_v_bias=0.8 m_adv_std=10.3712 m_kl_max=0.0057 m_ratio_max=0.300 w_ax@goal=+0.60 w_v@goal=19.42 return=1008.0 length=84 success_rate=1.00 collisions/ep=0.00 (n=24)
update=33 global_step=67584 SPS=672 w_ev=0.951 m_ev=0.998 m_v_bias=-0.8 m_adv_std=7.6552 m_kl_max=0.0150 m_ratio_max=0.470 w_ax@goal=+0.64 w_v@goal=19.53 return=1007.7 length=83 success_rate=1.00 collisions/ep=0.00 (n=25)
update=34 global_step=69632 SPS=671 w_ev=0.954 m_ev=0.998 m_v_bias=-1.7 m_adv_std=8.2176 m_kl_max=0.0103 m_ratio_max=0.439 w_ax@goal=+0.83 w_v@goal=19.36 return=1007.9 length=82 success_rate=1.00 collisions/ep=0.00 (n=25)
update=35 global_step=71680 SPS=670 w_ev=0.949 m_ev=0.998 m_v_bias=-1.6 m_adv_std=6.5055 m_kl_max=0.0126 m_ratio_max=0.413 w_ax@goal=+0.75 w_v@goal=19.32 return=1008.9 length=85 success_rate=1.00 collisions/ep=0.00 (n=23)
Evaluation at update 35: return=1010.22, length=79.55, success_rate=1.00, collisions/ep=0.00
Solved-check at update 35: solved=True worst_gap=3.00 at p_x0=2.00 p_y0=1.00 (consecutive=5)
update=36 global_step=73728 SPS=614 w_ev=0.950 m_ev=0.998 m_v_bias=1.3 m_adv_std=6.7564 m_kl_max=0.0104 m_ratio_max=0.365 w_ax@goal=+0.71 w_v@goal=19.23 return=1008.3 length=83 success_rate=1.00 collisions/ep=0.00 (n=24)
update=37 global_step=75776 SPS=621 w_ev=0.946 m_ev=0.997 m_v_bias=2.8 m_adv_std=8.5174 m_kl_max=0.0018 m_ratio_max=0.281 w_ax@goal=+0.88 w_v@goal=19.24 return=1007.0 length=84 success_rate=1.00 collisions/ep=0.00 (n=25)
update=38 global_step=77824 SPS=632 w_ev=0.957 m_ev=0.998 m_v_bias=-1.5 m_adv_std=7.2500 m_kl_max=0.0079 m_ratio_max=0.387 w_ax@goal=+0.79 w_v@goal=19.20 return=1008.2 length=84 success_rate=1.00 collisions/ep=0.00 (n=24)
update=39 global_step=79872 SPS=643 w_ev=0.953 m_ev=0.998 m_v_bias=0.8 m_adv_std=8.1430 m_kl_max=0.0211 m_ratio_max=0.556 w_ax@goal=+0.77 w_v@goal=19.22 return=1008.1 length=83 success_rate=1.00 collisions/ep=0.00 (n=24)
update=40 global_step=81920 SPS=652 w_ev=0.944 m_ev=0.998 m_v_bias=1.9 m_adv_std=7.5351 m_kl_max=0.0228 m_ratio_max=0.601 w_ax@goal=+0.72 w_v@goal=19.43 return=1007.7 length=83 success_rate=1.00 collisions/ep=0.00 (n=26)
Evaluation at update 40: return=1010.47, length=79.30, success_rate=1.00, collisions/ep=0.00
Solved-check at update 40: solved=True worst_gap=2.99 at p_x0=0.50 p_y0=1.00 (consecutive=6)
update=41 global_step=83968 SPS=619 w_ev=0.942 m_ev=0.998 m_v_bias=-3.2 m_adv_std=6.8161 m_kl_max=0.0216 m_ratio_max=0.700 w_ax@goal=+0.77 w_v@goal=19.38 return=1008.3 length=82 success_rate=1.00 collisions/ep=0.00 (n=26)
update=42 global_step=86016 SPS=627 w_ev=0.944 m_ev=0.998 m_v_bias=-0.1 m_adv_std=7.0624 m_kl_max=0.0065 m_ratio_max=0.303 w_ax@goal=+0.66 w_v@goal=19.36 return=1008.0 length=84 success_rate=1.00 collisions/ep=0.00 (n=25)
update=43 global_step=88064 SPS=637 w_ev=0.935 m_ev=0.998 m_v_bias=-0.8 m_adv_std=7.7681 m_kl_max=0.0234 m_ratio_max=0.857 w_ax@goal=+0.65 w_v@goal=19.25 return=1008.2 length=81 success_rate=1.00 collisions/ep=0.00 (n=25)
update=44 global_step=90112 SPS=646 w_ev=0.934 m_ev=0.999 m_v_bias=-3.8 m_adv_std=5.7066 m_kl_max=0.0138 m_ratio_max=0.807 w_ax@goal=+0.86 w_v@goal=19.25 return=1009.3 length=81 success_rate=1.00 collisions/ep=0.00 (n=25)
update=45 global_step=92160 SPS=656 w_ev=0.927 m_ev=0.999 m_v_bias=0.9 m_adv_std=5.8390 m_kl_max=0.0145 m_ratio_max=0.505 w_ax@goal=+0.74 w_v@goal=19.42 return=1009.2 length=82 success_rate=1.00 collisions/ep=0.00 (n=25)
Evaluation at update 45: return=1011.12, length=78.65, success_rate=1.00, collisions/ep=0.00
Solved-check at update 45: solved=True worst_gap=2.00 at p_x0=2.00 p_y0=-1.00 (consecutive=7)
update=46 global_step=94208 SPS=625 w_ev=0.937 m_ev=0.999 m_v_bias=-1.2 m_adv_std=5.5501 m_kl_max=0.0195 m_ratio_max=0.772 w_ax@goal=+0.91 w_v@goal=19.49 return=1009.1 length=82 success_rate=1.00 collisions/ep=0.00 (n=24)
update=47 global_step=96256 SPS=625 w_ev=0.926 m_ev=0.999 m_v_bias=0.1 m_adv_std=6.1047 m_kl_max=0.0017 m_ratio_max=0.267 w_ax@goal=+0.90 w_v@goal=19.44 return=1009.3 length=82 success_rate=1.00 collisions/ep=0.00 (n=25)
update=48 global_step=98304 SPS=625 w_ev=0.940 m_ev=0.999 m_v_bias=-0.7 m_adv_std=5.3294 m_kl_max=0.0294 m_ratio_max=1.590 w_ax@goal=+0.99 w_v@goal=19.38 return=1010.3 length=82 success_rate=1.00 collisions/ep=0.00 (n=25)
update=49 global_step=100352 SPS=625 w_ev=0.938 m_ev=0.999 m_v_bias=-0.3 m_adv_std=4.8879 m_kl_max=0.0146 m_ratio_max=0.564 w_ax@goal=+0.98 w_v@goal=19.44 return=1010.1 length=82 success_rate=1.00 collisions/ep=0.00 (n=27)
update=50 global_step=102400 SPS=625 w_ev=0.942 m_ev=0.999 m_v_bias=0.7 m_adv_std=4.9042 m_kl_max=0.0286 m_ratio_max=0.553 w_ax@goal=+1.17 w_v@goal=19.43 return=1009.6 length=80 success_rate=1.00 collisions/ep=0.00 (n=25)
Evaluation at update 50: return=1011.56, length=78.20, success_rate=1.00, collisions/ep=0.00
Solved-check at update 50: solved=True worst_gap=2.00 at p_x0=2.00 p_y0=-1.00 (consecutive=8)
update=51 global_step=104448 SPS=586 w_ev=0.938 m_ev=0.999 m_v_bias=-0.4 m_adv_std=5.4336 m_kl_max=0.0063 m_ratio_max=0.414 w_ax@goal=+1.14 w_v@goal=19.46 return=1009.6 length=80 success_rate=1.00 collisions/ep=0.00 (n=26)
update=52 global_step=106496 SPS=586 w_ev=0.925 m_ev=0.999 m_v_bias=-0.2 m_adv_std=5.2954 m_kl_max=0.0061 m_ratio_max=0.421 w_ax@goal=+1.17 w_v@goal=19.47 return=1010.2 length=81 success_rate=1.00 collisions/ep=0.00 (n=24)
update=53 global_step=108544 SPS=585 w_ev=0.938 m_ev=0.999 m_v_bias=0.7 m_adv_std=4.5978 m_kl_max=0.0086 m_ratio_max=0.382 w_ax@goal=+1.12 w_v@goal=19.60 return=1009.8 length=81 success_rate=1.00 collisions/ep=0.00 (n=25)
update=54 global_step=110592 SPS=588 w_ev=0.948 m_ev=0.999 m_v_bias=-0.5 m_adv_std=5.3036 m_kl_max=0.0101 m_ratio_max=0.427 w_ax@goal=+1.16 w_v@goal=19.51 return=1010.1 length=82 success_rate=1.00 collisions/ep=0.00 (n=24)
update=55 global_step=112640 SPS=595 w_ev=0.938 m_ev=0.999 m_v_bias=-0.4 m_adv_std=4.6223 m_kl_max=0.0087 m_ratio_max=0.483 w_ax@goal=+1.11 w_v@goal=19.64 return=1010.2 length=81 success_rate=1.00 collisions/ep=0.00 (n=27)
Evaluation at update 55: return=1011.52, length=78.25, success_rate=1.00, collisions/ep=0.00
Solved-check at update 55: solved=True worst_gap=2.00 at p_x0=2.00 p_y0=-1.00 (consecutive=9)
update=56 global_step=114688 SPS=593 w_ev=0.948 m_ev=0.999 m_v_bias=0.6 m_adv_std=4.6060 m_kl_max=0.0087 m_ratio_max=0.378 w_ax@goal=+0.95 w_v@goal=19.67 return=1009.8 length=80 success_rate=1.00 collisions/ep=0.00 (n=26)
update=57 global_step=116736 SPS=600 w_ev=0.944 m_ev=0.999 m_v_bias=-0.0 m_adv_std=4.8452 m_kl_max=0.0069 m_ratio_max=0.412 w_ax@goal=+1.10 w_v@goal=19.59 return=1010.3 length=82 success_rate=1.00 collisions/ep=0.00 (n=24)
update=58 global_step=118784 SPS=607 w_ev=0.950 m_ev=0.999 m_v_bias=0.1 m_adv_std=4.8773 m_kl_max=0.0177 m_ratio_max=0.503 w_ax@goal=+1.22 w_v@goal=19.64 return=1010.0 length=79 success_rate=1.00 collisions/ep=0.00 (n=26)
update=59 global_step=120832 SPS=614 w_ev=0.924 m_ev=0.999 m_v_bias=0.9 m_adv_std=4.4651 m_kl_max=0.0133 m_ratio_max=0.465 w_ax@goal=+0.98 w_v@goal=19.58 return=1010.2 length=82 success_rate=1.00 collisions/ep=0.00 (n=24)
update=60 global_step=122880 SPS=620 w_ev=0.926 m_ev=0.999 m_v_bias=0.0 m_adv_std=4.8873 m_kl_max=0.0079 m_ratio_max=0.295 w_ax@goal=+1.09 w_v@goal=19.46 return=1010.0 length=81 success_rate=1.00 collisions/ep=0.00 (n=25)
Evaluation at update 60: return=1011.51, length=78.25, success_rate=1.00, collisions/ep=0.00
Solved-check at update 60: solved=True worst_gap=2.00 at p_x0=2.00 p_y0=-1.00 (consecutive=10)
update=61 global_step=124928 SPS=598 w_ev=0.925 m_ev=0.999 m_v_bias=-1.3 m_adv_std=4.6217 m_kl_max=0.0101 m_ratio_max=0.361 w_ax@goal=+1.01 w_v@goal=19.57 return=1010.7 length=81 success_rate=1.00 collisions/ep=0.00 (n=27)
update=62 global_step=126976 SPS=597 w_ev=0.938 m_ev=0.999 m_v_bias=1.3 m_adv_std=4.2426 m_kl_max=0.0171 m_ratio_max=0.562 w_ax@goal=+1.08 w_v@goal=19.55 return=1010.3 length=81 success_rate=1.00 collisions/ep=0.00 (n=26)
update=63 global_step=129024 SPS=597 w_ev=0.945 m_ev=0.999 m_v_bias=0.6 m_adv_std=4.3752 m_kl_max=0.0182 m_ratio_max=0.675 w_ax@goal=+1.07 w_v@goal=19.56 return=1010.2 length=81 success_rate=1.00 collisions/ep=0.00 (n=24)
update=64 global_step=131072 SPS=597 w_ev=0.949 m_ev=0.999 m_v_bias=0.7 m_adv_std=5.0869 m_kl_max=0.0093 m_ratio_max=0.806 w_ax@goal=+0.97 w_v@goal=19.64 return=1010.0 length=81 success_rate=1.00 collisions/ep=0.00 (n=26)
update=65 global_step=133120 SPS=596 w_ev=0.930 m_ev=0.999 m_v_bias=0.6 m_adv_std=4.8135 m_kl_max=0.0059 m_ratio_max=0.507 w_ax@goal=+1.05 w_v@goal=19.61 return=1009.4 length=80 success_rate=1.00 collisions/ep=0.00 (n=25)
Evaluation at update 65: return=1011.31, length=78.45, success_rate=1.00, collisions/ep=0.00
Solved-check at update 65: solved=True worst_gap=3.00 at p_x0=0.00 p_y0=-1.00 (consecutive=11)
update=66 global_step=135168 SPS=569 w_ev=0.946 m_ev=0.999 m_v_bias=-0.8 m_adv_std=4.7727 m_kl_max=0.0173 m_ratio_max=1.041 w_ax@goal=+1.10 w_v@goal=19.44 return=1010.0 length=81 success_rate=1.00 collisions/ep=0.00 (n=26)
update=67 global_step=137216 SPS=569 w_ev=0.940 m_ev=0.999 m_v_bias=0.2 m_adv_std=4.8333 m_kl_max=0.0046 m_ratio_max=0.309 w_ax@goal=+0.97 w_v@goal=19.50 return=1009.8 length=81 success_rate=1.00 collisions/ep=0.00 (n=25)
update=68 global_step=139264 SPS=569 w_ev=0.934 m_ev=0.999 m_v_bias=2.1 m_adv_std=6.0348 m_kl_max=0.0167 m_ratio_max=0.595 w_ax@goal=+0.92 w_v@goal=19.53 return=1009.3 length=82 success_rate=1.00 collisions/ep=0.00 (n=26)
update=69 global_step=141312 SPS=572 w_ev=0.945 m_ev=0.999 m_v_bias=-1.1 m_adv_std=4.5307 m_kl_max=0.0108 m_ratio_max=0.522 w_ax@goal=+0.95 w_v@goal=19.53 return=1009.4 length=83 success_rate=1.00 collisions/ep=0.00 (n=23)
update=70 global_step=143360 SPS=577 w_ev=0.967 m_ev=1.000 m_v_bias=-1.9 m_adv_std=3.5994 m_kl_max=0.0041 m_ratio_max=0.286 w_ax@goal=+1.06 w_v@goal=19.77 return=1010.2 length=82 success_rate=1.00 collisions/ep=0.00 (n=25)
Evaluation at update 70: return=1011.26, length=78.50, success_rate=1.00, collisions/ep=0.00
Solved-check at update 70: solved=True worst_gap=3.01 at p_x0=1.50 p_y0=-1.00 (consecutive=12)
update=71 global_step=145408 SPS=561 w_ev=0.948 m_ev=1.000 m_v_bias=-0.5 m_adv_std=3.5200 m_kl_max=0.0179 m_ratio_max=0.485 w_ax@goal=+1.14 w_v@goal=19.71 return=1010.1 length=81 success_rate=1.00 collisions/ep=0.00 (n=27)
update=72 global_step=147456 SPS=561 w_ev=0.942 m_ev=0.999 m_v_bias=0.1 m_adv_std=4.0790 m_kl_max=0.0027 m_ratio_max=0.308 w_ax@goal=+1.15 w_v@goal=19.60 return=1009.3 length=80 success_rate=1.00 collisions/ep=0.00 (n=24)
update=73 global_step=149504 SPS=561 w_ev=0.941 m_ev=0.999 m_v_bias=-0.5 m_adv_std=3.9345 m_kl_max=0.0042 m_ratio_max=0.248 w_ax@goal=+0.99 w_v@goal=19.60 return=1009.8 length=82 success_rate=1.00 collisions/ep=0.00 (n=25)
update=74 global_step=151552 SPS=562 w_ev=0.945 m_ev=0.999 m_v_bias=0.7 m_adv_std=3.9980 m_kl_max=0.0194 m_ratio_max=0.840 w_ax@goal=+0.96 w_v@goal=19.63 return=1010.0 length=79 success_rate=1.00 collisions/ep=0.00 (n=25)
update=75 global_step=153600 SPS=562 w_ev=0.952 m_ev=1.000 m_v_bias=-0.6 m_adv_std=3.3043 m_kl_max=0.0166 m_ratio_max=0.642 w_ax@goal=+0.99 w_v@goal=19.66 return=1010.2 length=80 success_rate=1.00 collisions/ep=0.00 (n=27)
Evaluation at update 75: return=1011.56, length=78.20, success_rate=1.00, collisions/ep=0.00
Solved-check at update 75: solved=True worst_gap=2.01 at p_x0=2.00 p_y0=-1.00 (consecutive=13)
update=76 global_step=155648 SPS=546 w_ev=0.958 m_ev=1.000 m_v_bias=-0.4 m_adv_std=3.2744 m_kl_max=0.0075 m_ratio_max=0.345 w_ax@goal=+1.04 w_v@goal=19.64 return=1010.7 length=80 success_rate=1.00 collisions/ep=0.00 (n=27)
update=77 global_step=157696 SPS=551 w_ev=0.943 m_ev=0.999 m_v_bias=0.6 m_adv_std=3.5894 m_kl_max=0.0145 m_ratio_max=0.579 w_ax@goal=+1.21 w_v@goal=19.69 return=1010.4 length=80 success_rate=1.00 collisions/ep=0.00 (n=24)
update=78 global_step=159744 SPS=556 w_ev=0.931 m_ev=1.000 m_v_bias=-1.0 m_adv_std=3.3357 m_kl_max=0.0075 m_ratio_max=0.634 w_ax@goal=+1.09 w_v@goal=19.59 return=1010.6 length=80 success_rate=1.00 collisions/ep=0.00 (n=26)
update=79 global_step=161792 SPS=561 w_ev=0.934 m_ev=0.999 m_v_bias=1.0 m_adv_std=4.4418 m_kl_max=0.0036 m_ratio_max=0.375 w_ax@goal=+0.90 w_v@goal=19.49 return=1010.2 length=81 success_rate=1.00 collisions/ep=0.00 (n=25)
update=80 global_step=163840 SPS=566 w_ev=0.939 m_ev=1.000 m_v_bias=0.6 m_adv_std=3.2533 m_kl_max=0.0078 m_ratio_max=0.388 w_ax@goal=+1.09 w_v@goal=19.56 return=1010.2 length=80 success_rate=1.00 collisions/ep=0.00 (n=26)
Evaluation at update 80: return=1011.41, length=78.35, success_rate=1.00, collisions/ep=0.00
Solved-check at update 80: solved=True worst_gap=3.01 at p_x0=0.50 p_y0=-1.00 (consecutive=14)
update=81 global_step=165888 SPS=553 w_ev=0.943 m_ev=0.999 m_v_bias=0.2 m_adv_std=4.5939 m_kl_max=0.0083 m_ratio_max=0.468 w_ax@goal=+0.95 w_v@goal=19.59 return=1010.3 length=80 success_rate=1.00 collisions/ep=0.00 (n=26)
update=82 global_step=167936 SPS=558 w_ev=0.943 m_ev=0.999 m_v_bias=0.6 m_adv_std=4.0796 m_kl_max=0.0118 m_ratio_max=0.370 w_ax@goal=+0.89 w_v@goal=19.63 return=1010.0 length=79 success_rate=1.00 collisions/ep=0.00 (n=25)
update=83 global_step=169984 SPS=562 w_ev=0.955 m_ev=0.999 m_v_bias=0.1 m_adv_std=3.7951 m_kl_max=0.0042 m_ratio_max=0.302 w_ax@goal=+1.07 w_v@goal=19.72 return=1010.3 length=80 success_rate=1.00 collisions/ep=0.00 (n=26)
update=84 global_step=172032 SPS=567 w_ev=0.951 m_ev=1.000 m_v_bias=0.6 m_adv_std=3.3697 m_kl_max=0.0158 m_ratio_max=0.768 w_ax@goal=+0.95 w_v@goal=19.68 return=1010.1 length=81 success_rate=1.00 collisions/ep=0.00 (n=25)
update=85 global_step=174080 SPS=572 w_ev=0.931 m_ev=1.000 m_v_bias=-2.0 m_adv_std=3.2488 m_kl_max=0.0219 m_ratio_max=0.646 w_ax@goal=+1.02 w_v@goal=19.63 return=1010.3 length=79 success_rate=1.00 collisions/ep=0.00 (n=27)
Evaluation at update 85: return=1011.41, length=78.35, success_rate=1.00, collisions/ep=0.00
Solved-check at update 85: solved=True worst_gap=3.00 at p_x0=0.00 p_y0=-1.00 (consecutive=15)
update=86 global_step=176128 SPS=558 w_ev=0.914 m_ev=1.000 m_v_bias=1.0 m_adv_std=3.5954 m_kl_max=0.0089 m_ratio_max=0.377 w_ax@goal=+0.91 w_v@goal=19.59 return=1010.0 length=79 success_rate=1.00 collisions/ep=0.00 (n=24)
update=87 global_step=178176 SPS=560 w_ev=0.921 m_ev=0.999 m_v_bias=0.6 m_adv_std=3.8546 m_kl_max=0.0125 m_ratio_max=0.475 w_ax@goal=+1.05 w_v@goal=19.43 return=1010.1 length=80 success_rate=1.00 collisions/ep=0.00 (n=26)
update=88 global_step=180224 SPS=564 w_ev=0.931 m_ev=0.999 m_v_bias=-0.2 m_adv_std=4.1730 m_kl_max=0.0216 m_ratio_max=0.560 w_ax@goal=+0.89 w_v@goal=19.59 return=1009.8 length=81 success_rate=1.00 collisions/ep=0.00 (n=24)
update=89 global_step=182272 SPS=569 w_ev=0.927 m_ev=1.000 m_v_bias=-0.6 m_adv_std=2.9062 m_kl_max=0.0157 m_ratio_max=0.626 w_ax@goal=+0.98 w_v@goal=19.61 return=1010.0 length=81 success_rate=1.00 collisions/ep=0.00 (n=28)
update=90 global_step=184320 SPS=573 w_ev=0.928 m_ev=0.999 m_v_bias=-0.9 m_adv_std=3.7436 m_kl_max=0.0206 m_ratio_max=0.610 w_ax@goal=+0.97 w_v@goal=19.69 return=1010.4 length=82 success_rate=1.00 collisions/ep=0.00 (n=24)
Evaluation at update 90: return=1011.46, length=78.30, success_rate=1.00, collisions/ep=0.00
Solved-check at update 90: solved=True worst_gap=2.01 at p_x0=2.00 p_y0=-1.00 (consecutive=16)
update=91 global_step=186368 SPS=562 w_ev=0.945 m_ev=1.000 m_v_bias=-0.5 m_adv_std=3.4983 m_kl_max=0.0071 m_ratio_max=0.399 w_ax@goal=+0.97 w_v@goal=19.65 return=1010.1 length=80 success_rate=1.00 collisions/ep=0.00 (n=25)
update=92 global_step=188416 SPS=563 w_ev=0.946 m_ev=1.000 m_v_bias=0.6 m_adv_std=3.6297 m_kl_max=0.0122 m_ratio_max=0.524 w_ax@goal=+0.89 w_v@goal=19.71 return=1010.4 length=81 success_rate=1.00 collisions/ep=0.00 (n=25)
update=93 global_step=190464 SPS=564 w_ev=0.952 m_ev=0.999 m_v_bias=0.1 m_adv_std=3.6772 m_kl_max=0.0092 m_ratio_max=0.394 w_ax@goal=+0.94 w_v@goal=19.72 return=1010.1 length=80 success_rate=1.00 collisions/ep=0.00 (n=26)
update=94 global_step=192512 SPS=565 w_ev=0.976 m_ev=1.000 m_v_bias=-1.5 m_adv_std=2.9970 m_kl_max=0.0065 m_ratio_max=0.322 w_ax@goal=+1.06 w_v@goal=19.61 return=1010.6 length=79 success_rate=1.00 collisions/ep=0.00 (n=26)
update=95 global_step=194560 SPS=566 w_ev=0.962 m_ev=1.000 m_v_bias=-1.4 m_adv_std=3.0609 m_kl_max=0.0060 m_ratio_max=0.414 w_ax@goal=+1.11 w_v@goal=19.75 return=1010.8 length=81 success_rate=1.00 collisions/ep=0.00 (n=26)
Evaluation at update 95: return=1011.56, length=78.20, success_rate=1.00, collisions/ep=0.00
Solved-check at update 95: solved=True worst_gap=2.01 at p_x0=1.50 p_y0=-1.00 (consecutive=17)
update=96 global_step=196608 SPS=560 w_ev=0.959 m_ev=1.000 m_v_bias=0.5 m_adv_std=2.8865 m_kl_max=0.0101 m_ratio_max=0.350 w_ax@goal=+1.17 w_v@goal=19.83 return=1010.7 length=80 success_rate=1.00 collisions/ep=0.00 (n=26)
update=97 global_step=198656 SPS=564 w_ev=0.955 m_ev=1.000 m_v_bias=-0.3 m_adv_std=2.9931 m_kl_max=0.0041 m_ratio_max=0.358 w_ax@goal=+1.27 w_v@goal=19.76 return=1010.7 length=80 success_rate=1.00 collisions/ep=0.00 (n=25)
update=98 global_step=200704 SPS=567 w_ev=0.954 m_ev=1.000 m_v_bias=0.9 m_adv_std=3.1124 m_kl_max=0.0059 m_ratio_max=0.318 w_ax@goal=+0.99 w_v@goal=19.70 return=1010.8 length=80 success_rate=1.00 collisions/ep=0.00 (n=24)
update=99 global_step=202752 SPS=571 w_ev=0.964 m_ev=1.000 m_v_bias=2.6 m_adv_std=3.4855 m_kl_max=0.0053 m_ratio_max=0.366 w_ax@goal=+1.00 w_v@goal=19.75 return=1011.2 length=82 success_rate=1.00 collisions/ep=0.00 (n=27)
update=100 global_step=204800 SPS=574 w_ev=0.946 m_ev=1.000 m_v_bias=1.4 m_adv_std=3.2311 m_kl_max=0.0061 m_ratio_max=0.312 w_ax@goal=+1.00 w_v@goal=19.65 return=1010.6 length=80 success_rate=1.00 collisions/ep=0.00 (n=26)
Evaluation at update 100: return=1011.66, length=78.10, success_rate=1.00, collisions/ep=0.00
Solved-check at update 100: solved=True worst_gap=2.00 at p_x0=1.00 p_y0=-1.00 (consecutive=18)
Saved checkpoints to C:\Users\loren\Desktop\MASTER THESIS\5_CODE\scenarios\tunnel\studies\hppo\runs\hppo_tunnel_1_1791079620
