Using device: cpu
Solved-check: precomputed optimal returns for 25 fixed initial conditions (mean=1013.0, min=1011.0, max=1015.0); solved-tolerance=5.0
num_envs=8 num_steps_per_env=256 worker_batch_size=2048 worker_minibatch_size=256 num_updates=100 timesteps=204800
update=1 global_step=2048 SPS=1702 w_ev=0.022 m_ev=0.000 m_v_bias=81.8 m_adv_std=186.0902 m_kl_max=0.0010 m_ratio_max=0.180 w_ax@goal=-0.06 w_v@goal=0.08 return=-369.4 length=193 success_rate=0.12 collisions/ep=6.25 (n=8)
update=2 global_step=4096 SPS=1616 w_ev=0.322 m_ev=0.276 m_v_bias=-16.7 m_adv_std=174.5090 m_kl_max=0.0033 m_ratio_max=0.342 w_ax@goal=-0.25 w_v@goal=1.74 return=-92.7 length=187 success_rate=0.22 collisions/ep=3.33 (n=9)
update=3 global_step=6144 SPS=1654 w_ev=0.851 m_ev=0.361 m_v_bias=-0.5 m_adv_std=99.0586 m_kl_max=0.0020 m_ratio_max=0.296 return=-340.9 length=200 success_rate=0.00 collisions/ep=3.00 (n=9)
update=4 global_step=8192 SPS=1634 w_ev=0.611 m_ev=0.433 m_v_bias=-189.7 m_adv_std=245.2205 m_kl_max=0.0034 m_ratio_max=0.318 w_ax@goal=+0.08 w_v@goal=5.03 return=524.2 length=169 success_rate=0.67 collisions/ep=0.93 (n=15)
update=5 global_step=10240 SPS=1609 w_ev=0.830 m_ev=0.627 m_v_bias=-117.8 m_adv_std=153.2128 m_kl_max=0.0033 m_ratio_max=0.239 w_ax@goal=+0.04 w_v@goal=8.94 return=642.8 length=161 success_rate=0.77 collisions/ep=1.00 (n=13)
Evaluation at update 5: return=997.46, length=92.60, success_rate=1.00, collisions/ep=0.00
Solved-check at update 5: solved=False worst_gap=18.98 at p_x0=2.00 p_y0=-1.00 (consecutive=0)
update=6 global_step=12288 SPS=1012 w_ev=0.885 m_ev=0.657 m_v_bias=-62.3 m_adv_std=141.3079 m_kl_max=0.0028 m_ratio_max=0.338 w_ax@goal=+0.17 w_v@goal=12.25 return=901.2 length=126 success_rate=0.94 collisions/ep=0.00 (n=16)
update=7 global_step=14336 SPS=1061 w_ev=0.964 m_ev=0.929 m_v_bias=-92.3 m_adv_std=53.1456 m_kl_max=0.0051 m_ratio_max=0.331 w_ax@goal=+0.29 w_v@goal=16.13 return=984.4 length=106 success_rate=1.00 collisions/ep=0.00 (n=22)
update=8 global_step=16384 SPS=1104 w_ev=0.969 m_ev=0.953 m_v_bias=-28.8 m_adv_std=39.5764 m_kl_max=0.0024 m_ratio_max=0.342 w_ax@goal=+0.54 w_v@goal=19.02 return=997.4 length=93 success_rate=1.00 collisions/ep=0.00 (n=23)
update=9 global_step=18432 SPS=1128 w_ev=0.959 m_ev=0.973 m_v_bias=-7.1 m_adv_std=27.9711 m_kl_max=0.0086 m_ratio_max=0.589 w_ax@goal=+0.51 w_v@goal=19.39 return=1000.7 length=89 success_rate=1.00 collisions/ep=0.00 (n=20)
update=10 global_step=20480 SPS=1150 w_ev=0.963 m_ev=0.990 m_v_bias=-3.4 m_adv_std=18.0585 m_kl_max=0.0030 m_ratio_max=0.409 w_ax@goal=+0.82 w_v@goal=19.48 return=1003.6 length=88 success_rate=1.00 collisions/ep=0.00 (n=25)
Evaluation at update 10: return=1009.30, length=80.75, success_rate=1.00, collisions/ep=0.00
Solved-check at update 10: solved=True worst_gap=3.99 at p_x0=2.00 p_y0=-1.00 (consecutive=0)
update=11 global_step=22528 SPS=984 w_ev=0.939 m_ev=0.986 m_v_bias=5.2 m_adv_std=20.3057 m_kl_max=0.0073 m_ratio_max=0.348 w_ax@goal=+0.47 w_v@goal=19.14 return=1003.6 length=87 success_rate=1.00 collisions/ep=0.00 (n=23)
update=12 global_step=24576 SPS=1012 w_ev=0.962 m_ev=0.992 m_v_bias=-2.7 m_adv_std=14.5541 m_kl_max=0.0038 m_ratio_max=0.306 w_ax@goal=+0.84 w_v@goal=19.11 return=1007.0 length=84 success_rate=1.00 collisions/ep=0.00 (n=24)
update=13 global_step=26624 SPS=1019 w_ev=0.960 m_ev=0.994 m_v_bias=0.9 m_adv_std=12.6240 m_kl_max=0.0101 m_ratio_max=0.610 w_ax@goal=+0.84 w_v@goal=19.03 return=1007.4 length=82 success_rate=1.00 collisions/ep=0.00 (n=26)
update=14 global_step=28672 SPS=1007 w_ev=0.956 m_ev=0.993 m_v_bias=3.2 m_adv_std=14.0508 m_kl_max=0.0189 m_ratio_max=0.576 w_ax@goal=+0.56 w_v@goal=19.14 return=1007.2 length=83 success_rate=1.00 collisions/ep=0.00 (n=25)
update=15 global_step=30720 SPS=1010 w_ev=0.957 m_ev=0.996 m_v_bias=-4.3 m_adv_std=11.4012 m_kl_max=0.0189 m_ratio_max=0.711 w_ax@goal=+0.71 w_v@goal=19.09 return=1007.8 length=84 success_rate=1.00 collisions/ep=0.00 (n=26)
Evaluation at update 15: return=1010.79, length=79.25, success_rate=1.00, collisions/ep=0.00
Solved-check at update 15: solved=True worst_gap=3.00 at p_x0=2.00 p_y0=-1.00 (consecutive=1)
Solved criterion held for 2 consecutive evals (tolerance=5.0) at global_step=30720.
update=16 global_step=32768 SPS=817 w_ev=0.954 m_ev=0.996 m_v_bias=-2.3 m_adv_std=10.4191 m_kl_max=0.0223 m_ratio_max=0.729 w_ax@goal=+0.79 w_v@goal=19.15 return=1009.0 length=84 success_rate=1.00 collisions/ep=0.00 (n=25)
update=17 global_step=34816 SPS=825 w_ev=0.962 m_ev=0.997 m_v_bias=-2.4 m_adv_std=9.7605 m_kl_max=0.0289 m_ratio_max=0.750 w_ax@goal=+0.67 w_v@goal=19.15 return=1007.9 length=82 success_rate=1.00 collisions/ep=0.00 (n=24)
update=18 global_step=36864 SPS=815 w_ev=0.952 m_ev=0.997 m_v_bias=-3.8 m_adv_std=9.3322 m_kl_max=0.0188 m_ratio_max=0.600 w_ax@goal=+1.02 w_v@goal=19.32 return=1008.7 length=83 success_rate=1.00 collisions/ep=0.00 (n=25)
update=19 global_step=38912 SPS=829 w_ev=0.960 m_ev=0.998 m_v_bias=-1.3 m_adv_std=7.8340 m_kl_max=0.0160 m_ratio_max=0.488 w_ax@goal=+0.82 w_v@goal=19.60 return=1009.4 length=83 success_rate=1.00 collisions/ep=0.00 (n=24)
update=20 global_step=40960 SPS=852 w_ev=0.956 m_ev=0.998 m_v_bias=-1.4 m_adv_std=6.8229 m_kl_max=0.0036 m_ratio_max=0.317 w_ax@goal=+1.13 w_v@goal=19.69 return=1009.5 length=82 success_rate=1.00 collisions/ep=0.00 (n=24)
Evaluation at update 20: return=1010.84, length=79.20, success_rate=1.00, collisions/ep=0.00
Solved-check at update 20: solved=True worst_gap=3.99 at p_x0=0.00 p_y0=-1.00 (consecutive=2)
update=21 global_step=43008 SPS=729 w_ev=0.946 m_ev=0.999 m_v_bias=-0.3 m_adv_std=6.2032 m_kl_max=0.0058 m_ratio_max=0.316 w_ax@goal=+1.04 w_v@goal=19.64 return=1009.2 length=82 success_rate=1.00 collisions/ep=0.00 (n=24)
update=22 global_step=45056 SPS=724 w_ev=0.955 m_ev=0.998 m_v_bias=2.0 m_adv_std=8.2604 m_kl_max=0.0010 m_ratio_max=0.229 w_ax@goal=+0.89 w_v@goal=19.40 return=1008.8 length=81 success_rate=1.00 collisions/ep=0.00 (n=25)
update=23 global_step=47104 SPS=720 w_ev=0.957 m_ev=0.999 m_v_bias=-0.8 m_adv_std=6.0822 m_kl_max=0.0100 m_ratio_max=0.452 w_ax@goal=+1.04 w_v@goal=19.47 return=1009.2 length=81 success_rate=1.00 collisions/ep=0.00 (n=27)
update=24 global_step=49152 SPS=730 w_ev=0.951 m_ev=0.999 m_v_bias=-1.3 m_adv_std=6.1244 m_kl_max=0.0066 m_ratio_max=0.294 w_ax@goal=+1.11 w_v@goal=19.45 return=1009.7 length=81 success_rate=1.00 collisions/ep=0.00 (n=28)
update=25 global_step=51200 SPS=748 w_ev=0.959 m_ev=0.999 m_v_bias=0.7 m_adv_std=5.9304 m_kl_max=0.0162 m_ratio_max=0.452 w_ax@goal=+1.29 w_v@goal=19.64 return=1009.7 length=81 success_rate=1.00 collisions/ep=0.00 (n=24)
Evaluation at update 25: return=1011.04, length=79.00, success_rate=1.00, collisions/ep=0.00
Solved-check at update 25: solved=True worst_gap=3.00 at p_x0=2.00 p_y0=-1.00 (consecutive=3)
update=26 global_step=53248 SPS=724 w_ev=0.962 m_ev=0.999 m_v_bias=-0.4 m_adv_std=4.8056 m_kl_max=0.0087 m_ratio_max=0.478 w_ax@goal=+1.19 w_v@goal=19.54 return=1009.8 length=80 success_rate=1.00 collisions/ep=0.00 (n=24)
update=27 global_step=55296 SPS=740 w_ev=0.963 m_ev=0.999 m_v_bias=0.3 m_adv_std=4.7584 m_kl_max=0.0168 m_ratio_max=0.662 w_ax@goal=+1.19 w_v@goal=19.60 return=1010.0 length=80 success_rate=1.00 collisions/ep=0.00 (n=24)
update=28 global_step=57344 SPS=735 w_ev=0.955 m_ev=0.999 m_v_bias=-0.1 m_adv_std=4.9889 m_kl_max=0.0141 m_ratio_max=0.357 w_ax@goal=+1.22 w_v@goal=19.57 return=1010.1 length=80 success_rate=1.00 collisions/ep=0.00 (n=27)
update=29 global_step=59392 SPS=731 w_ev=0.963 m_ev=0.999 m_v_bias=1.8 m_adv_std=5.2034 m_kl_max=0.0229 m_ratio_max=0.646 w_ax@goal=+1.13 w_v@goal=19.59 return=1010.4 length=82 success_rate=1.00 collisions/ep=0.00 (n=26)
update=30 global_step=61440 SPS=725 w_ev=0.956 m_ev=0.999 m_v_bias=-0.3 m_adv_std=4.5132 m_kl_max=0.0026 m_ratio_max=0.358 w_ax@goal=+1.23 w_v@goal=19.59 return=1010.1 length=80 success_rate=1.00 collisions/ep=0.00 (n=26)
Evaluation at update 30: return=1011.34, length=78.70, success_rate=1.00, collisions/ep=0.00
Solved-check at update 30: solved=True worst_gap=3.00 at p_x0=1.50 p_y0=-1.00 (consecutive=4)
update=31 global_step=63488 SPS=649 w_ev=0.967 m_ev=0.999 m_v_bias=-0.8 m_adv_std=4.8359 m_kl_max=0.0078 m_ratio_max=0.320 w_ax@goal=+1.32 w_v@goal=19.72 return=1009.7 length=81 success_rate=1.00 collisions/ep=0.00 (n=25)
update=32 global_step=65536 SPS=647 w_ev=0.962 m_ev=0.999 m_v_bias=-0.6 m_adv_std=4.4343 m_kl_max=0.0051 m_ratio_max=0.316 w_ax@goal=+1.43 w_v@goal=19.83 return=1010.2 length=79 success_rate=1.00 collisions/ep=0.00 (n=24)
update=33 global_step=67584 SPS=647 w_ev=0.963 m_ev=0.999 m_v_bias=-1.7 m_adv_std=4.2855 m_kl_max=0.0103 m_ratio_max=0.609 w_ax@goal=+1.28 w_v@goal=19.59 return=1010.5 length=80 success_rate=1.00 collisions/ep=0.00 (n=27)
update=34 global_step=69632 SPS=649 w_ev=0.937 m_ev=0.996 m_v_bias=3.6 m_adv_std=10.8162 m_kl_max=0.0226 m_ratio_max=0.850 w_ax@goal=+1.08 w_v@goal=19.57 return=1009.8 length=80 success_rate=1.00 collisions/ep=0.00 (n=26)
update=35 global_step=71680 SPS=660 w_ev=0.950 m_ev=0.999 m_v_bias=-2.3 m_adv_std=5.5319 m_kl_max=0.0072 m_ratio_max=0.536 w_ax@goal=+1.38 w_v@goal=19.55 return=1010.0 length=79 success_rate=1.00 collisions/ep=0.00 (n=26)
Evaluation at update 35: return=1011.54, length=78.50, success_rate=1.00, collisions/ep=0.00
Solved-check at update 35: solved=True worst_gap=3.00 at p_x0=0.00 p_y0=-1.00 (consecutive=5)
update=36 global_step=73728 SPS=644 w_ev=0.959 m_ev=0.999 m_v_bias=-1.1 m_adv_std=4.4949 m_kl_max=0.0177 m_ratio_max=0.513 w_ax@goal=+1.32 w_v@goal=19.56 return=1010.2 length=79 success_rate=1.00 collisions/ep=0.00 (n=25)
update=37 global_step=75776 SPS=655 w_ev=0.935 m_ev=0.998 m_v_bias=2.5 m_adv_std=8.1263 m_kl_max=0.0134 m_ratio_max=0.504 w_ax@goal=+1.18 w_v@goal=19.62 return=1009.9 length=82 success_rate=1.00 collisions/ep=0.00 (n=26)
update=38 global_step=77824 SPS=666 w_ev=0.950 m_ev=0.999 m_v_bias=-2.1 m_adv_std=4.2483 m_kl_max=0.0128 m_ratio_max=0.412 w_ax@goal=+1.36 w_v@goal=19.62 return=1009.7 length=79 success_rate=1.00 collisions/ep=0.00 (n=25)
update=39 global_step=79872 SPS=678 w_ev=0.963 m_ev=0.999 m_v_bias=-1.0 m_adv_std=4.6024 m_kl_max=0.0100 m_ratio_max=0.340 w_ax@goal=+1.21 w_v@goal=19.67 return=1010.0 length=79 success_rate=1.00 collisions/ep=0.00 (n=25)
update=40 global_step=81920 SPS=688 w_ev=0.960 m_ev=0.999 m_v_bias=-0.8 m_adv_std=4.2678 m_kl_max=0.0191 m_ratio_max=0.571 w_ax@goal=+1.37 w_v@goal=19.67 return=1010.4 length=80 success_rate=1.00 collisions/ep=0.00 (n=27)
Evaluation at update 40: return=1011.44, length=78.60, success_rate=1.00, collisions/ep=0.00
Solved-check at update 40: solved=True worst_gap=3.00 at p_x0=0.00 p_y0=-1.00 (consecutive=6)
update=41 global_step=83968 SPS=650 w_ev=0.960 m_ev=0.999 m_v_bias=0.4 m_adv_std=4.6643 m_kl_max=0.0116 m_ratio_max=0.480 w_ax@goal=+1.21 w_v@goal=19.80 return=1010.7 length=82 success_rate=1.00 collisions/ep=0.00 (n=25)
update=42 global_step=86016 SPS=650 w_ev=0.943 m_ev=0.998 m_v_bias=1.7 m_adv_std=7.4940 m_kl_max=0.0130 m_ratio_max=0.487 w_ax@goal=+1.06 w_v@goal=19.68 return=1010.1 length=82 success_rate=1.00 collisions/ep=0.00 (n=25)
update=43 global_step=88064 SPS=650 w_ev=0.956 m_ev=0.999 m_v_bias=-2.1 m_adv_std=5.4822 m_kl_max=0.0184 m_ratio_max=0.492 w_ax@goal=+1.18 w_v@goal=19.63 return=1010.6 length=81 success_rate=1.00 collisions/ep=0.00 (n=25)
update=44 global_step=90112 SPS=652 w_ev=0.981 m_ev=0.999 m_v_bias=0.1 m_adv_std=3.9556 m_kl_max=0.0043 m_ratio_max=0.371 w_ax@goal=+1.25 w_v@goal=19.71 return=1010.5 length=81 success_rate=1.00 collisions/ep=0.00 (n=25)
update=45 global_step=92160 SPS=662 w_ev=0.954 m_ev=0.999 m_v_bias=0.5 m_adv_std=4.1740 m_kl_max=0.0143 m_ratio_max=0.434 w_ax@goal=+1.17 w_v@goal=19.68 return=1010.3 length=80 success_rate=1.00 collisions/ep=0.00 (n=26)
Evaluation at update 45: return=1011.54, length=78.50, success_rate=1.00, collisions/ep=0.00
Solved-check at update 45: solved=True worst_gap=2.01 at p_x0=2.00 p_y0=-1.00 (consecutive=7)
update=46 global_step=94208 SPS=631 w_ev=0.970 m_ev=0.998 m_v_bias=1.0 m_adv_std=7.3718 m_kl_max=0.0107 m_ratio_max=0.584 w_ax@goal=+1.09 w_v@goal=19.73 return=1010.1 length=80 success_rate=1.00 collisions/ep=0.00 (n=24)
update=47 global_step=96256 SPS=630 w_ev=0.963 m_ev=0.998 m_v_bias=0.7 m_adv_std=6.8635 m_kl_max=0.0195 m_ratio_max=0.564 w_ax@goal=+1.28 w_v@goal=19.77 return=1010.4 length=82 success_rate=1.00 collisions/ep=0.00 (n=27)
update=48 global_step=98304 SPS=631 w_ev=0.992 m_ev=0.999 m_v_bias=-1.2 m_adv_std=3.7768 m_kl_max=0.0104 m_ratio_max=0.393 w_ax@goal=+1.25 w_v@goal=19.73 return=1010.6 length=82 success_rate=1.00 collisions/ep=0.00 (n=24)
update=49 global_step=100352 SPS=631 w_ev=0.989 m_ev=1.000 m_v_bias=-2.2 m_adv_std=3.4246 m_kl_max=0.0020 m_ratio_max=0.267 w_ax@goal=+1.27 w_v@goal=19.75 return=1011.3 length=81 success_rate=1.00 collisions/ep=0.00 (n=24)
update=50 global_step=102400 SPS=631 w_ev=0.986 m_ev=0.999 m_v_bias=-0.4 m_adv_std=3.9823 m_kl_max=0.0074 m_ratio_max=0.303 w_ax@goal=+1.19 w_v@goal=19.75 return=1010.7 length=79 success_rate=1.00 collisions/ep=0.00 (n=28)
Evaluation at update 50: return=1011.58, length=78.45, success_rate=1.00, collisions/ep=0.00
Solved-check at update 50: solved=True worst_gap=2.01 at p_x0=1.00 p_y0=-1.00 (consecutive=8)
update=51 global_step=104448 SPS=591 w_ev=0.979 m_ev=1.000 m_v_bias=0.9 m_adv_std=3.4379 m_kl_max=0.0176 m_ratio_max=0.697 w_ax@goal=+1.49 w_v@goal=19.76 return=1011.0 length=82 success_rate=1.00 collisions/ep=0.00 (n=24)
update=52 global_step=106496 SPS=595 w_ev=0.988 m_ev=1.000 m_v_bias=0.7 m_adv_std=3.1631 m_kl_max=0.0010 m_ratio_max=0.229 w_ax@goal=+1.44 w_v@goal=19.78 return=1010.4 length=79 success_rate=1.00 collisions/ep=0.00 (n=27)
update=53 global_step=108544 SPS=603 w_ev=0.978 m_ev=0.999 m_v_bias=0.7 m_adv_std=3.8436 m_kl_max=0.0096 m_ratio_max=0.373 w_ax@goal=+1.37 w_v@goal=19.75 return=1010.7 length=80 success_rate=1.00 collisions/ep=0.00 (n=25)
update=54 global_step=110592 SPS=611 w_ev=0.975 m_ev=1.000 m_v_bias=-0.7 m_adv_std=3.6743 m_kl_max=0.0111 m_ratio_max=0.533 w_ax@goal=+1.44 w_v@goal=19.78 return=1011.0 length=80 success_rate=1.00 collisions/ep=0.00 (n=26)
update=55 global_step=112640 SPS=618 w_ev=0.972 m_ev=0.999 m_v_bias=0.8 m_adv_std=3.8539 m_kl_max=0.0146 m_ratio_max=0.559 w_ax@goal=+1.29 w_v@goal=19.76 return=1010.7 length=81 success_rate=1.00 collisions/ep=0.00 (n=25)
Evaluation at update 55: return=1011.73, length=78.30, success_rate=1.00, collisions/ep=0.00
Solved-check at update 55: solved=True worst_gap=2.01 at p_x0=0.50 p_y0=-1.00 (consecutive=9)
update=56 global_step=114688 SPS=606 w_ev=0.969 m_ev=0.999 m_v_bias=0.3 m_adv_std=3.9563 m_kl_max=0.0115 m_ratio_max=0.422 w_ax@goal=+1.37 w_v@goal=19.74 return=1010.7 length=80 success_rate=1.00 collisions/ep=0.00 (n=24)
update=57 global_step=116736 SPS=614 w_ev=0.985 m_ev=1.000 m_v_bias=0.2 m_adv_std=3.3255 m_kl_max=0.0078 m_ratio_max=0.468 w_ax@goal=+1.36 w_v@goal=19.83 return=1010.8 length=81 success_rate=1.00 collisions/ep=0.00 (n=27)
update=58 global_step=118784 SPS=621 w_ev=0.988 m_ev=1.000 m_v_bias=-0.2 m_adv_std=3.6017 m_kl_max=0.0061 m_ratio_max=0.535 w_ax@goal=+1.43 w_v@goal=19.75 return=1010.6 length=80 success_rate=1.00 collisions/ep=0.00 (n=26)
update=59 global_step=120832 SPS=628 w_ev=0.994 m_ev=1.000 m_v_bias=-0.3 m_adv_std=3.5294 m_kl_max=0.0064 m_ratio_max=0.354 w_ax@goal=+1.43 w_v@goal=19.80 return=1011.1 length=82 success_rate=1.00 collisions/ep=0.00 (n=24)
update=60 global_step=122880 SPS=635 w_ev=0.993 m_ev=1.000 m_v_bias=-0.6 m_adv_std=3.3814 m_kl_max=0.0040 m_ratio_max=0.331 w_ax@goal=+1.28 w_v@goal=19.80 return=1011.2 length=81 success_rate=1.00 collisions/ep=0.00 (n=25)
Evaluation at update 60: return=1011.88, length=78.15, success_rate=1.00, collisions/ep=0.00
Solved-check at update 60: solved=True worst_gap=2.00 at p_x0=0.00 p_y0=-1.00 (consecutive=10)
update=61 global_step=124928 SPS=628 w_ev=0.990 m_ev=1.000 m_v_bias=0.0 m_adv_std=3.2001 m_kl_max=0.0048 m_ratio_max=0.374 w_ax@goal=+1.44 w_v@goal=19.80 return=1011.0 length=81 success_rate=1.00 collisions/ep=0.00 (n=27)
update=62 global_step=126976 SPS=635 w_ev=0.987 m_ev=0.999 m_v_bias=0.3 m_adv_std=3.5604 m_kl_max=0.0045 m_ratio_max=0.284 w_ax@goal=+1.44 w_v@goal=19.80 return=1011.0 length=79 success_rate=1.00 collisions/ep=0.00 (n=24)
update=63 global_step=129024 SPS=642 w_ev=0.983 m_ev=1.000 m_v_bias=-0.0 m_adv_std=3.4500 m_kl_max=0.0032 m_ratio_max=0.322 w_ax@goal=+1.40 w_v@goal=19.78 return=1010.9 length=80 success_rate=1.00 collisions/ep=0.00 (n=27)
update=64 global_step=131072 SPS=648 w_ev=0.980 m_ev=1.000 m_v_bias=0.5 m_adv_std=3.4670 m_kl_max=0.0066 m_ratio_max=0.449 w_ax@goal=+1.24 w_v@goal=19.71 return=1011.2 length=81 success_rate=1.00 collisions/ep=0.00 (n=25)
update=65 global_step=133120 SPS=654 w_ev=0.989 m_ev=1.000 m_v_bias=-0.1 m_adv_std=3.6300 m_kl_max=0.0048 m_ratio_max=0.374 w_ax@goal=+1.39 w_v@goal=19.80 return=1011.3 length=80 success_rate=1.00 collisions/ep=0.00 (n=25)
Evaluation at update 65: return=1012.13, length=77.90, success_rate=1.00, collisions/ep=0.00
Solved-check at update 65: solved=True worst_gap=1.00 at p_x0=1.50 p_y0=-1.00 (consecutive=11)
update=66 global_step=135168 SPS=631 w_ev=0.992 m_ev=1.000 m_v_bias=-2.0 m_adv_std=3.5003 m_kl_max=0.0132 m_ratio_max=0.429 w_ax@goal=+1.47 w_v@goal=19.85 return=1011.4 length=80 success_rate=1.00 collisions/ep=0.00 (n=27)
update=67 global_step=137216 SPS=630 w_ev=0.995 m_ev=1.000 m_v_bias=-0.3 m_adv_std=3.4408 m_kl_max=0.0060 m_ratio_max=0.310 w_ax@goal=+1.38 w_v@goal=19.84 return=1011.3 length=79 success_rate=1.00 collisions/ep=0.00 (n=24)
update=68 global_step=139264 SPS=629 w_ev=0.988 m_ev=0.999 m_v_bias=0.4 m_adv_std=3.9596 m_kl_max=0.0032 m_ratio_max=0.272 w_ax@goal=+1.44 w_v@goal=19.78 return=1011.9 length=81 success_rate=1.00 collisions/ep=0.00 (n=27)
update=69 global_step=141312 SPS=628 w_ev=0.987 m_ev=1.000 m_v_bias=-0.7 m_adv_std=2.9363 m_kl_max=0.0038 m_ratio_max=0.308 w_ax@goal=+1.35 w_v@goal=19.80 return=1011.7 length=79 success_rate=1.00 collisions/ep=0.00 (n=24)
update=70 global_step=143360 SPS=627 w_ev=0.990 m_ev=1.000 m_v_bias=0.9 m_adv_std=3.4284 m_kl_max=0.0172 m_ratio_max=0.461 w_ax@goal=+1.35 w_v@goal=19.78 return=1011.4 length=80 success_rate=1.00 collisions/ep=0.00 (n=27)
Evaluation at update 70: return=1012.38, length=77.65, success_rate=1.00, collisions/ep=0.00
Solved-check at update 70: solved=True worst_gap=1.00 at p_x0=1.00 p_y0=0.00 (consecutive=12)
update=71 global_step=145408 SPS=609 w_ev=0.993 m_ev=1.000 m_v_bias=-1.4 m_adv_std=3.5424 m_kl_max=0.0183 m_ratio_max=0.545 w_ax@goal=+1.51 w_v@goal=19.80 return=1011.7 length=80 success_rate=1.00 collisions/ep=0.00 (n=26)
update=72 global_step=147456 SPS=608 w_ev=0.988 m_ev=1.000 m_v_bias=-1.1 m_adv_std=3.2542 m_kl_max=0.0035 m_ratio_max=0.451 w_ax@goal=+1.47 w_v@goal=19.80 return=1011.8 length=81 success_rate=1.00 collisions/ep=0.00 (n=25)
update=73 global_step=149504 SPS=607 w_ev=0.993 m_ev=1.000 m_v_bias=0.8 m_adv_std=3.3695 m_kl_max=0.0079 m_ratio_max=0.368 w_ax@goal=+1.41 w_v@goal=19.78 return=1011.3 length=79 success_rate=1.00 collisions/ep=0.00 (n=26)
update=74 global_step=151552 SPS=607 w_ev=0.995 m_ev=1.000 m_v_bias=-1.2 m_adv_std=3.2435 m_kl_max=0.0204 m_ratio_max=0.789 w_ax@goal=+1.57 w_v@goal=19.77 return=1011.5 length=79 success_rate=1.00 collisions/ep=0.00 (n=24)
update=75 global_step=153600 SPS=606 w_ev=0.996 m_ev=1.000 m_v_bias=-1.1 m_adv_std=3.0884 m_kl_max=0.0104 m_ratio_max=0.662 w_ax@goal=+1.56 w_v@goal=19.80 return=1012.1 length=81 success_rate=1.00 collisions/ep=0.00 (n=27)
Evaluation at update 75: return=1012.38, length=77.65, success_rate=1.00, collisions/ep=0.00
Solved-check at update 75: solved=True worst_gap=1.00 at p_x0=1.00 p_y0=0.50 (consecutive=13)
update=76 global_step=155648 SPS=590 w_ev=0.997 m_ev=1.000 m_v_bias=0.9 m_adv_std=3.2546 m_kl_max=0.0201 m_ratio_max=0.438 w_ax@goal=+1.52 w_v@goal=19.84 return=1011.3 length=78 success_rate=1.00 collisions/ep=0.00 (n=27)
update=77 global_step=157696 SPS=596 w_ev=0.989 m_ev=1.000 m_v_bias=-0.7 m_adv_std=2.9934 m_kl_max=0.0075 m_ratio_max=0.475 w_ax@goal=+1.63 w_v@goal=19.76 return=1011.5 length=79 success_rate=1.00 collisions/ep=0.00 (n=25)
update=78 global_step=159744 SPS=601 w_ev=0.997 m_ev=1.000 m_v_bias=1.1 m_adv_std=3.1957 m_kl_max=0.0112 m_ratio_max=0.651 w_ax@goal=+1.65 w_v@goal=19.80 return=1011.4 length=79 success_rate=1.00 collisions/ep=0.00 (n=26)
update=79 global_step=161792 SPS=606 w_ev=0.998 m_ev=1.000 m_v_bias=0.1 m_adv_std=2.8996 m_kl_max=0.0168 m_ratio_max=0.571 w_ax@goal=+1.63 w_v@goal=19.80 return=1011.1 length=78 success_rate=1.00 collisions/ep=0.00 (n=26)
update=80 global_step=163840 SPS=611 w_ev=0.998 m_ev=1.000 m_v_bias=-1.7 m_adv_std=2.7765 m_kl_max=0.0072 m_ratio_max=0.327 w_ax@goal=+1.64 w_v@goal=19.84 return=1011.6 length=78 success_rate=1.00 collisions/ep=0.00 (n=26)
Evaluation at update 80: return=1012.38, length=77.65, success_rate=1.00, collisions/ep=0.00
Solved-check at update 80: solved=True worst_gap=1.00 at p_x0=0.50 p_y0=0.00 (consecutive=14)
update=81 global_step=165888 SPS=593 w_ev=0.997 m_ev=1.000 m_v_bias=-0.0 m_adv_std=2.6809 m_kl_max=0.0048 m_ratio_max=0.353 w_ax@goal=+1.64 w_v@goal=19.79 return=1011.7 length=80 success_rate=1.00 collisions/ep=0.00 (n=26)
update=82 global_step=167936 SPS=592 w_ev=0.997 m_ev=1.000 m_v_bias=0.1 m_adv_std=2.6013 m_kl_max=0.0042 m_ratio_max=0.332 w_ax@goal=+1.64 w_v@goal=19.78 return=1012.2 length=82 success_rate=1.00 collisions/ep=0.00 (n=24)
update=83 global_step=169984 SPS=592 w_ev=0.992 m_ev=1.000 m_v_bias=-0.1 m_adv_std=2.9297 m_kl_max=0.0056 m_ratio_max=0.282 w_ax@goal=+1.65 w_v@goal=19.81 return=1011.5 length=78 success_rate=1.00 collisions/ep=0.00 (n=27)
update=84 global_step=172032 SPS=592 w_ev=0.992 m_ev=1.000 m_v_bias=-0.4 m_adv_std=2.6391 m_kl_max=0.0030 m_ratio_max=0.383 w_ax@goal=+1.77 w_v@goal=19.76 return=1011.7 length=78 success_rate=1.00 collisions/ep=0.00 (n=26)
update=85 global_step=174080 SPS=591 w_ev=0.996 m_ev=1.000 m_v_bias=-0.6 m_adv_std=2.3481 m_kl_max=0.0102 m_ratio_max=0.356 w_ax@goal=+1.74 w_v@goal=19.81 return=1011.9 length=80 success_rate=1.00 collisions/ep=0.00 (n=25)
Evaluation at update 85: return=1012.38, length=77.65, success_rate=1.00, collisions/ep=0.00
Solved-check at update 85: solved=True worst_gap=1.00 at p_x0=0.50 p_y0=1.00 (consecutive=15)
update=86 global_step=176128 SPS=582 w_ev=0.989 m_ev=0.999 m_v_bias=0.0 m_adv_std=3.9153 m_kl_max=0.0087 m_ratio_max=0.355 w_ax@goal=+1.65 w_v@goal=19.83 return=1011.4 length=78 success_rate=1.00 collisions/ep=0.00 (n=28)
update=87 global_step=178176 SPS=585 w_ev=0.998 m_ev=1.000 m_v_bias=0.2 m_adv_std=2.8228 m_kl_max=0.0057 m_ratio_max=0.416 w_ax@goal=+1.63 w_v@goal=19.84 return=1011.7 length=79 success_rate=1.00 collisions/ep=0.00 (n=26)
update=88 global_step=180224 SPS=590 w_ev=0.998 m_ev=1.000 m_v_bias=0.0 m_adv_std=2.8485 m_kl_max=0.0036 m_ratio_max=0.355 w_ax@goal=+1.72 w_v@goal=19.83 return=1011.5 length=79 success_rate=1.00 collisions/ep=0.00 (n=24)
update=89 global_step=182272 SPS=594 w_ev=0.999 m_ev=1.000 m_v_bias=-1.3 m_adv_std=2.4508 m_kl_max=0.0028 m_ratio_max=0.378 w_ax@goal=+1.78 w_v@goal=19.83 return=1011.8 length=79 success_rate=1.00 collisions/ep=0.00 (n=28)
update=90 global_step=184320 SPS=599 w_ev=0.998 m_ev=1.000 m_v_bias=-0.4 m_adv_std=2.9644 m_kl_max=0.0034 m_ratio_max=0.437 w_ax@goal=+1.75 w_v@goal=19.82 return=1011.5 length=78 success_rate=1.00 collisions/ep=0.00 (n=26)
Evaluation at update 90: return=1012.38, length=77.65, success_rate=1.00, collisions/ep=0.00
Solved-check at update 90: solved=True worst_gap=1.00 at p_x0=0.50 p_y0=-1.00 (consecutive=16)
update=91 global_step=186368 SPS=584 w_ev=0.999 m_ev=1.000 m_v_bias=-0.4 m_adv_std=2.4863 m_kl_max=0.0089 m_ratio_max=0.334 w_ax@goal=+1.73 w_v@goal=19.81 return=1011.4 length=77 success_rate=1.00 collisions/ep=0.00 (n=25)
update=92 global_step=188416 SPS=584 w_ev=0.999 m_ev=1.000 m_v_bias=-0.4 m_adv_std=2.9137 m_kl_max=0.0047 m_ratio_max=0.248 w_ax@goal=+1.82 w_v@goal=19.83 return=1011.9 length=81 success_rate=1.00 collisions/ep=0.00 (n=27)
update=93 global_step=190464 SPS=584 w_ev=0.999 m_ev=1.000 m_v_bias=-1.6 m_adv_std=2.8252 m_kl_max=0.0023 m_ratio_max=0.265 w_ax@goal=+1.64 w_v@goal=19.83 return=1011.8 length=79 success_rate=1.00 collisions/ep=0.00 (n=26)
update=94 global_step=192512 SPS=585 w_ev=0.999 m_ev=1.000 m_v_bias=-0.7 m_adv_std=2.9650 m_kl_max=0.0109 m_ratio_max=0.397 w_ax@goal=+1.72 w_v@goal=19.84 return=1012.1 length=80 success_rate=1.00 collisions/ep=0.00 (n=25)
update=95 global_step=194560 SPS=588 w_ev=0.998 m_ev=1.000 m_v_bias=0.4 m_adv_std=2.8291 m_kl_max=0.0013 m_ratio_max=0.189 w_ax@goal=+1.74 w_v@goal=19.83 return=1011.6 length=78 success_rate=1.00 collisions/ep=0.00 (n=27)
Evaluation at update 95: return=1012.38, length=77.65, success_rate=1.00, collisions/ep=0.00
Solved-check at update 95: solved=True worst_gap=1.00 at p_x0=0.50 p_y0=-1.00 (consecutive=17)
update=96 global_step=196608 SPS=584 w_ev=0.999 m_ev=1.000 m_v_bias=0.6 m_adv_std=2.4617 m_kl_max=0.0170 m_ratio_max=0.523 w_ax@goal=+1.84 w_v@goal=19.86 return=1012.1 length=80 success_rate=1.00 collisions/ep=0.00 (n=24)
update=97 global_step=198656 SPS=588 w_ev=0.998 m_ev=1.000 m_v_bias=1.5 m_adv_std=2.8982 m_kl_max=0.0188 m_ratio_max=0.592 w_ax@goal=+1.81 w_v@goal=19.84 return=1011.4 length=78 success_rate=1.00 collisions/ep=0.00 (n=27)
update=98 global_step=200704 SPS=592 w_ev=0.999 m_ev=1.000 m_v_bias=-1.3 m_adv_std=2.6271 m_kl_max=0.0045 m_ratio_max=0.289 w_ax@goal=+1.67 w_v@goal=19.84 return=1012.0 length=79 success_rate=1.00 collisions/ep=0.00 (n=27)
update=99 global_step=202752 SPS=596 w_ev=0.999 m_ev=1.000 m_v_bias=0.2 m_adv_std=2.4630 m_kl_max=0.0012 m_ratio_max=0.250 w_ax@goal=+1.67 w_v@goal=19.83 return=1011.5 length=78 success_rate=1.00 collisions/ep=0.00 (n=25)
update=100 global_step=204800 SPS=600 w_ev=0.758 m_ev=0.845 m_v_bias=10.9 m_adv_std=69.3948 m_kl_max=0.0177 m_ratio_max=0.563 w_ax@goal=+1.65 w_v@goal=19.80 return=987.9 length=79 success_rate=1.00 collisions/ep=0.52 (n=25)
Evaluation at update 100: return=1012.48, length=77.55, success_rate=1.00, collisions/ep=0.00
Solved-check at update 100: solved=True worst_gap=1.00 at p_x0=0.00 p_y0=-1.00 (consecutive=18)
Saved checkpoints to C:\Users\loren\Desktop\MASTER THESIS\5_CODE\scenarios\tunnel\studies\hppo\runs\hppo_tunnel_6_1791079620
