Using device: cpu
Solved-check: precomputed optimal returns for 25 fixed initial conditions (mean=1013.0, min=1011.0, max=1015.0); solved-tolerance=5.0
num_envs=8 num_steps_per_env=256 worker_batch_size=2048 worker_minibatch_size=256 num_updates=100 timesteps=204800
update=1 global_step=2048 SPS=1544 w_ev=0.040 m_ev=0.000 m_v_bias=128.1 m_adv_std=196.0993 m_kl_max=0.0021 m_ratio_max=0.282 w_ax@goal=-0.05 w_v@goal=0.25 return=-582.8 length=199 success_rate=0.12 collisions/ep=10.75 (n=8)
update=2 global_step=4096 SPS=1519 w_ev=0.289 m_ev=0.300 m_v_bias=-0.6 m_adv_std=200.8274 m_kl_max=0.0056 m_ratio_max=0.387 w_ax@goal=+0.00 w_v@goal=0.76 return=-302.6 length=189 success_rate=0.22 collisions/ep=7.11 (n=9)
update=3 global_step=6144 SPS=1557 w_ev=0.711 m_ev=0.721 m_v_bias=-67.9 m_adv_std=154.3852 m_kl_max=0.0044 m_ratio_max=0.304 w_ax@goal=+0.08 w_v@goal=4.08 return=-107.3 length=187 success_rate=0.20 collisions/ep=3.00 (n=10)
update=4 global_step=8192 SPS=1561 w_ev=0.788 m_ev=0.747 m_v_bias=-47.3 m_adv_std=161.8719 m_kl_max=0.0004 m_ratio_max=0.092 w_ax@goal=+0.14 w_v@goal=6.62 return=32.5 length=183 success_rate=0.29 collisions/ep=1.64 (n=14)
update=5 global_step=10240 SPS=1573 w_ev=0.925 m_ev=0.877 m_v_bias=-148.8 m_adv_std=123.4954 m_kl_max=0.0026 m_ratio_max=0.373 w_ax@goal=+0.33 w_v@goal=11.86 return=583.7 length=151 success_rate=0.71 collisions/ep=0.79 (n=14)
Evaluation at update 5: return=1000.22, length=89.20, success_rate=1.00, collisions/ep=0.00
Solved-check at update 5: solved=False worst_gap=14.98 at p_x0=2.00 p_y0=1.00 (consecutive=0)
update=6 global_step=12288 SPS=962 w_ev=0.968 m_ev=0.777 m_v_bias=-89.1 m_adv_std=105.1171 m_kl_max=0.0012 m_ratio_max=0.170 w_ax@goal=+0.25 w_v@goal=16.15 return=900.8 length=122 success_rate=0.94 collisions/ep=0.18 (n=17)
update=7 global_step=14336 SPS=1020 w_ev=0.967 m_ev=0.925 m_v_bias=-47.5 m_adv_std=50.2899 m_kl_max=0.0013 m_ratio_max=0.198 w_ax@goal=+0.59 w_v@goal=18.49 return=991.2 length=98 success_rate=1.00 collisions/ep=0.05 (n=21)
update=8 global_step=16384 SPS=1059 w_ev=0.959 m_ev=0.971 m_v_bias=-22.6 m_adv_std=30.2043 m_kl_max=0.0007 m_ratio_max=0.104 w_ax@goal=+0.57 w_v@goal=19.76 return=1002.3 length=89 success_rate=1.00 collisions/ep=0.00 (n=22)
update=9 global_step=18432 SPS=1093 w_ev=0.963 m_ev=0.976 m_v_bias=3.8 m_adv_std=26.6285 m_kl_max=0.0066 m_ratio_max=0.318 w_ax@goal=+0.40 w_v@goal=19.70 return=1002.7 length=89 success_rate=1.00 collisions/ep=0.00 (n=24)
update=10 global_step=20480 SPS=1122 w_ev=0.958 m_ev=0.983 m_v_bias=3.0 m_adv_std=22.4704 m_kl_max=0.0028 m_ratio_max=0.243 w_ax@goal=+0.38 w_v@goal=19.35 return=1004.3 length=86 success_rate=1.00 collisions/ep=0.00 (n=24)
Evaluation at update 10: return=1008.46, length=80.95, success_rate=1.00, collisions/ep=0.00
Solved-check at update 10: solved=True worst_gap=4.99 at p_x0=2.00 p_y0=1.00 (consecutive=0)
update=11 global_step=22528 SPS=952 w_ev=0.962 m_ev=0.982 m_v_bias=7.6 m_adv_std=23.0214 m_kl_max=0.0024 m_ratio_max=0.295 w_ax@goal=+0.53 w_v@goal=19.55 return=1004.0 length=87 success_rate=1.00 collisions/ep=0.00 (n=23)
update=12 global_step=24576 SPS=978 w_ev=0.957 m_ev=0.987 m_v_bias=0.7 m_adv_std=19.6904 m_kl_max=0.0050 m_ratio_max=0.298 w_ax@goal=+0.61 w_v@goal=19.49 return=1004.3 length=86 success_rate=1.00 collisions/ep=0.00 (n=26)
update=13 global_step=26624 SPS=957 w_ev=0.954 m_ev=0.988 m_v_bias=-1.5 m_adv_std=18.4621 m_kl_max=0.0010 m_ratio_max=0.181 w_ax@goal=+0.79 w_v@goal=19.33 return=1006.6 length=85 success_rate=1.00 collisions/ep=0.00 (n=23)
update=14 global_step=28672 SPS=957 w_ev=0.956 m_ev=0.989 m_v_bias=2.0 m_adv_std=17.3900 m_kl_max=0.0025 m_ratio_max=0.207 w_ax@goal=+0.85 w_v@goal=19.27 return=1007.6 length=83 success_rate=1.00 collisions/ep=0.00 (n=25)
update=15 global_step=30720 SPS=959 w_ev=0.958 m_ev=0.989 m_v_bias=1.7 m_adv_std=17.7423 m_kl_max=0.0060 m_ratio_max=0.435 w_ax@goal=+0.79 w_v@goal=19.41 return=1007.0 length=84 success_rate=1.00 collisions/ep=0.00 (n=23)
Evaluation at update 15: return=1009.90, length=79.50, success_rate=1.00, collisions/ep=0.00
Solved-check at update 15: solved=True worst_gap=3.98 at p_x0=0.00 p_y0=1.00 (consecutive=1)
Solved criterion held for 2 consecutive evals (tolerance=5.0) at global_step=30720.
update=16 global_step=32768 SPS=784 w_ev=0.954 m_ev=0.988 m_v_bias=4.0 m_adv_std=18.7175 m_kl_max=0.0090 m_ratio_max=0.291 w_ax@goal=+0.49 w_v@goal=19.46 return=1006.6 length=84 success_rate=1.00 collisions/ep=0.00 (n=24)
update=17 global_step=34816 SPS=804 w_ev=0.946 m_ev=0.990 m_v_bias=-1.3 m_adv_std=16.7039 m_kl_max=0.0080 m_ratio_max=0.410 w_ax@goal=+0.79 w_v@goal=19.17 return=1007.9 length=85 success_rate=1.00 collisions/ep=0.00 (n=24)
update=18 global_step=36864 SPS=829 w_ev=0.950 m_ev=0.991 m_v_bias=0.0 m_adv_std=15.9793 m_kl_max=0.0043 m_ratio_max=0.255 w_ax@goal=+0.81 w_v@goal=19.16 return=1007.7 length=84 success_rate=1.00 collisions/ep=0.00 (n=24)
update=19 global_step=38912 SPS=850 w_ev=0.937 m_ev=0.993 m_v_bias=-2.4 m_adv_std=14.5394 m_kl_max=0.0142 m_ratio_max=0.866 w_ax@goal=+0.95 w_v@goal=19.22 return=1008.5 length=84 success_rate=1.00 collisions/ep=0.00 (n=26)
update=20 global_step=40960 SPS=871 w_ev=0.959 m_ev=0.993 m_v_bias=0.3 m_adv_std=14.1253 m_kl_max=0.0111 m_ratio_max=0.822 w_ax@goal=+0.72 w_v@goal=19.40 return=1008.3 length=80 success_rate=1.00 collisions/ep=0.00 (n=27)
Evaluation at update 20: return=1010.50, length=78.90, success_rate=1.00, collisions/ep=0.00
Solved-check at update 20: solved=True worst_gap=3.00 at p_x0=2.00 p_y0=1.00 (consecutive=2)
update=21 global_step=43008 SPS=744 w_ev=0.953 m_ev=0.994 m_v_bias=-1.7 m_adv_std=13.0195 m_kl_max=0.0045 m_ratio_max=0.427 w_ax@goal=+0.86 w_v@goal=19.59 return=1009.3 length=83 success_rate=1.00 collisions/ep=0.00 (n=25)
update=22 global_step=45056 SPS=737 w_ev=0.955 m_ev=0.994 m_v_bias=-0.2 m_adv_std=13.0708 m_kl_max=0.0180 m_ratio_max=0.466 w_ax@goal=+0.86 w_v@goal=19.62 return=1008.1 length=81 success_rate=1.00 collisions/ep=0.00 (n=24)
update=23 global_step=47104 SPS=731 w_ev=0.942 m_ev=0.994 m_v_bias=-1.0 m_adv_std=12.6312 m_kl_max=0.0053 m_ratio_max=0.603 w_ax@goal=+0.84 w_v@goal=19.72 return=1007.2 length=83 success_rate=1.00 collisions/ep=0.00 (n=25)
update=24 global_step=49152 SPS=724 w_ev=0.944 m_ev=0.993 m_v_bias=2.0 m_adv_std=13.6305 m_kl_max=0.0155 m_ratio_max=0.506 w_ax@goal=+0.64 w_v@goal=19.44 return=1008.0 length=84 success_rate=1.00 collisions/ep=0.00 (n=24)
update=25 global_step=51200 SPS=737 w_ev=0.950 m_ev=0.996 m_v_bias=-1.8 m_adv_std=10.4124 m_kl_max=0.0051 m_ratio_max=0.463 w_ax@goal=+0.87 w_v@goal=19.64 return=1008.2 length=81 success_rate=1.00 collisions/ep=0.00 (n=25)
Evaluation at update 25: return=1010.65, length=78.75, success_rate=1.00, collisions/ep=0.00
Solved-check at update 25: solved=True worst_gap=3.00 at p_x0=2.00 p_y0=1.00 (consecutive=3)
update=26 global_step=53248 SPS=701 w_ev=0.941 m_ev=0.996 m_v_bias=-0.3 m_adv_std=10.2877 m_kl_max=0.0052 m_ratio_max=0.307 w_ax@goal=+0.78 w_v@goal=19.66 return=1008.4 length=83 success_rate=1.00 collisions/ep=0.00 (n=24)
update=27 global_step=55296 SPS=716 w_ev=0.948 m_ev=0.996 m_v_bias=-0.8 m_adv_std=9.9083 m_kl_max=0.0015 m_ratio_max=0.213 w_ax@goal=+0.66 w_v@goal=19.57 return=1008.9 length=82 success_rate=1.00 collisions/ep=0.00 (n=25)
update=28 global_step=57344 SPS=731 w_ev=0.948 m_ev=0.997 m_v_bias=2.5 m_adv_std=8.6566 m_kl_max=0.0090 m_ratio_max=0.420 w_ax@goal=+0.74 w_v@goal=19.51 return=1008.5 length=81 success_rate=1.00 collisions/ep=0.00 (n=26)
update=29 global_step=59392 SPS=746 w_ev=0.948 m_ev=0.997 m_v_bias=0.9 m_adv_std=9.7592 m_kl_max=0.0108 m_ratio_max=0.482 w_ax@goal=+0.77 w_v@goal=19.47 return=1008.0 length=82 success_rate=1.00 collisions/ep=0.00 (n=26)
update=30 global_step=61440 SPS=761 w_ev=0.941 m_ev=0.998 m_v_bias=-1.2 m_adv_std=7.7254 m_kl_max=0.0056 m_ratio_max=0.420 w_ax@goal=+0.88 w_v@goal=19.55 return=1008.2 length=82 success_rate=1.00 collisions/ep=0.00 (n=25)
Evaluation at update 30: return=1010.30, length=79.10, success_rate=1.00, collisions/ep=0.00
Solved-check at update 30: solved=True worst_gap=3.00 at p_x0=2.00 p_y0=1.00 (consecutive=4)
update=31 global_step=63488 SPS=744 w_ev=0.930 m_ev=0.997 m_v_bias=0.1 m_adv_std=9.5638 m_kl_max=0.0178 m_ratio_max=0.379 w_ax@goal=+0.87 w_v@goal=19.57 return=1008.0 length=84 success_rate=1.00 collisions/ep=0.00 (n=24)
update=32 global_step=65536 SPS=758 w_ev=0.935 m_ev=0.998 m_v_bias=1.7 m_adv_std=7.3831 m_kl_max=0.0262 m_ratio_max=0.534 w_ax@goal=+0.78 w_v@goal=19.61 return=1007.6 length=82 success_rate=1.00 collisions/ep=0.00 (n=24)
update=33 global_step=67584 SPS=772 w_ev=0.950 m_ev=0.998 m_v_bias=0.2 m_adv_std=7.1673 m_kl_max=0.0092 m_ratio_max=0.447 w_ax@goal=+0.84 w_v@goal=19.64 return=1007.2 length=82 success_rate=1.00 collisions/ep=0.00 (n=26)
update=34 global_step=69632 SPS=785 w_ev=0.952 m_ev=0.997 m_v_bias=2.0 m_adv_std=8.8396 m_kl_max=0.0120 m_ratio_max=0.444 w_ax@goal=+0.79 w_v@goal=19.67 return=1007.5 length=82 success_rate=1.00 collisions/ep=0.00 (n=24)
update=35 global_step=71680 SPS=797 w_ev=0.956 m_ev=0.998 m_v_bias=-2.6 m_adv_std=7.0506 m_kl_max=0.0070 m_ratio_max=0.510 w_ax@goal=+0.99 w_v@goal=19.70 return=1008.7 length=84 success_rate=1.00 collisions/ep=0.00 (n=25)
Evaluation at update 35: return=1011.00, length=78.40, success_rate=1.00, collisions/ep=0.00
Solved-check at update 35: solved=True worst_gap=2.00 at p_x0=2.00 p_y0=-1.00 (consecutive=5)
update=36 global_step=73728 SPS=734 w_ev=0.949 m_ev=0.999 m_v_bias=-0.4 m_adv_std=6.1952 m_kl_max=0.0103 m_ratio_max=0.498 w_ax@goal=+1.00 w_v@goal=19.74 return=1009.3 length=82 success_rate=1.00 collisions/ep=0.00 (n=25)
update=37 global_step=75776 SPS=731 w_ev=0.957 m_ev=0.998 m_v_bias=-0.4 m_adv_std=6.4965 m_kl_max=0.0082 m_ratio_max=0.435 w_ax@goal=+0.99 w_v@goal=19.67 return=1008.7 length=82 success_rate=1.00 collisions/ep=0.00 (n=24)
update=38 global_step=77824 SPS=728 w_ev=0.958 m_ev=0.998 m_v_bias=0.4 m_adv_std=7.1288 m_kl_max=0.0098 m_ratio_max=0.388 w_ax@goal=+0.89 w_v@goal=19.70 return=1009.3 length=83 success_rate=1.00 collisions/ep=0.00 (n=25)
update=39 global_step=79872 SPS=727 w_ev=0.974 m_ev=0.999 m_v_bias=-1.2 m_adv_std=5.2410 m_kl_max=0.0154 m_ratio_max=0.411 w_ax@goal=+1.00 w_v@goal=19.70 return=1009.5 length=82 success_rate=1.00 collisions/ep=0.00 (n=25)
update=40 global_step=81920 SPS=738 w_ev=0.970 m_ev=0.999 m_v_bias=-0.5 m_adv_std=5.2669 m_kl_max=0.0032 m_ratio_max=0.317 w_ax@goal=+1.23 w_v@goal=19.71 return=1010.0 length=83 success_rate=1.00 collisions/ep=0.00 (n=25)
Evaluation at update 40: return=1011.15, length=78.25, success_rate=1.00, collisions/ep=0.00
Solved-check at update 40: solved=True worst_gap=2.00 at p_x0=1.00 p_y0=-1.00 (consecutive=6)
update=41 global_step=83968 SPS=719 w_ev=0.950 m_ev=0.999 m_v_bias=-1.9 m_adv_std=5.1476 m_kl_max=0.0034 m_ratio_max=0.281 w_ax@goal=+1.27 w_v@goal=19.62 return=1009.7 length=80 success_rate=1.00 collisions/ep=0.00 (n=26)
update=42 global_step=86016 SPS=730 w_ev=0.975 m_ev=0.999 m_v_bias=-0.7 m_adv_std=4.1854 m_kl_max=0.0197 m_ratio_max=0.698 w_ax@goal=+1.18 w_v@goal=19.74 return=1010.1 length=80 success_rate=1.00 collisions/ep=0.00 (n=26)
update=43 global_step=88064 SPS=740 w_ev=0.972 m_ev=0.999 m_v_bias=0.1 m_adv_std=4.3894 m_kl_max=0.0034 m_ratio_max=0.295 w_ax@goal=+1.21 w_v@goal=19.71 return=1010.0 length=81 success_rate=1.00 collisions/ep=0.00 (n=24)
update=44 global_step=90112 SPS=750 w_ev=0.971 m_ev=0.999 m_v_bias=-0.8 m_adv_std=4.7714 m_kl_max=0.0130 m_ratio_max=0.562 w_ax@goal=+1.14 w_v@goal=19.83 return=1009.9 length=80 success_rate=1.00 collisions/ep=0.00 (n=25)
update=45 global_step=92160 SPS=760 w_ev=0.974 m_ev=0.999 m_v_bias=2.2 m_adv_std=4.6888 m_kl_max=0.0152 m_ratio_max=1.467 w_ax@goal=+1.00 w_v@goal=19.85 return=1009.6 length=81 success_rate=1.00 collisions/ep=0.00 (n=26)
Evaluation at update 45: return=1011.30, length=78.10, success_rate=1.00, collisions/ep=0.00
Solved-check at update 45: solved=True worst_gap=2.00 at p_x0=0.50 p_y0=-1.00 (consecutive=7)
update=46 global_step=94208 SPS=739 w_ev=0.974 m_ev=0.999 m_v_bias=0.0 m_adv_std=4.8229 m_kl_max=0.0096 m_ratio_max=0.339 w_ax@goal=+1.16 w_v@goal=19.81 return=1009.7 length=80 success_rate=1.00 collisions/ep=0.00 (n=24)
update=47 global_step=96256 SPS=748 w_ev=0.979 m_ev=0.999 m_v_bias=0.1 m_adv_std=4.6278 m_kl_max=0.0118 m_ratio_max=0.444 w_ax@goal=+1.02 w_v@goal=19.70 return=1009.7 length=80 success_rate=1.00 collisions/ep=0.00 (n=27)
update=48 global_step=98304 SPS=758 w_ev=0.980 m_ev=0.999 m_v_bias=-1.0 m_adv_std=5.1153 m_kl_max=0.0048 m_ratio_max=0.363 w_ax@goal=+1.23 w_v@goal=19.78 return=1010.3 length=81 success_rate=1.00 collisions/ep=0.00 (n=25)
update=49 global_step=100352 SPS=767 w_ev=0.985 m_ev=0.999 m_v_bias=-0.1 m_adv_std=4.3005 m_kl_max=0.0082 m_ratio_max=0.398 w_ax@goal=+1.26 w_v@goal=19.78 return=1010.7 length=81 success_rate=1.00 collisions/ep=0.00 (n=26)
update=50 global_step=102400 SPS=776 w_ev=0.970 m_ev=0.999 m_v_bias=0.9 m_adv_std=5.6671 m_kl_max=0.0138 m_ratio_max=0.386 w_ax@goal=+1.33 w_v@goal=19.69 return=1010.0 length=80 success_rate=1.00 collisions/ep=0.00 (n=25)
Evaluation at update 50: return=1011.64, length=77.75, success_rate=1.00, collisions/ep=0.00
Solved-check at update 50: solved=True worst_gap=2.00 at p_x0=0.50 p_y0=1.00 (consecutive=8)
update=51 global_step=104448 SPS=737 w_ev=0.990 m_ev=0.999 m_v_bias=-0.8 m_adv_std=4.3322 m_kl_max=0.0220 m_ratio_max=0.653 w_ax@goal=+1.38 w_v@goal=19.83 return=1010.7 length=81 success_rate=1.00 collisions/ep=0.00 (n=26)
update=52 global_step=106496 SPS=745 w_ev=0.989 m_ev=0.999 m_v_bias=0.6 m_adv_std=4.7172 m_kl_max=0.0028 m_ratio_max=0.295 w_ax@goal=+1.40 w_v@goal=19.78 return=1010.1 length=78 success_rate=1.00 collisions/ep=0.00 (n=25)
update=53 global_step=108544 SPS=754 w_ev=0.993 m_ev=0.999 m_v_bias=-0.6 m_adv_std=4.2210 m_kl_max=0.0020 m_ratio_max=0.356 w_ax@goal=+1.51 w_v@goal=19.77 return=1011.0 length=82 success_rate=1.00 collisions/ep=0.00 (n=26)
update=54 global_step=110592 SPS=761 w_ev=0.982 m_ev=0.999 m_v_bias=-0.9 m_adv_std=4.1122 m_kl_max=0.0114 m_ratio_max=1.094 w_ax@goal=+1.43 w_v@goal=19.78 return=1011.6 length=84 success_rate=1.00 collisions/ep=0.00 (n=24)
update=55 global_step=112640 SPS=770 w_ev=0.982 m_ev=0.999 m_v_bias=0.1 m_adv_std=4.1598 m_kl_max=0.0028 m_ratio_max=0.280 w_ax@goal=+1.61 w_v@goal=19.81 return=1010.8 length=79 success_rate=1.00 collisions/ep=0.00 (n=26)
Evaluation at update 55: return=1011.84, length=77.55, success_rate=1.00, collisions/ep=0.00
Solved-check at update 55: solved=True worst_gap=1.00 at p_x0=1.50 p_y0=-1.00 (consecutive=9)
update=56 global_step=114688 SPS=732 w_ev=0.969 m_ev=0.999 m_v_bias=-0.7 m_adv_std=4.1142 m_kl_max=0.0073 m_ratio_max=0.311 w_ax@goal=+1.56 w_v@goal=19.75 return=1011.4 length=81 success_rate=1.00 collisions/ep=0.00 (n=25)
update=57 global_step=116736 SPS=733 w_ev=0.966 m_ev=0.999 m_v_bias=0.3 m_adv_std=3.8133 m_kl_max=0.0117 m_ratio_max=0.338 w_ax@goal=+1.47 w_v@goal=19.82 return=1010.9 length=78 success_rate=1.00 collisions/ep=0.00 (n=27)
update=58 global_step=118784 SPS=739 w_ev=0.978 m_ev=1.000 m_v_bias=0.1 m_adv_std=3.5455 m_kl_max=0.0136 m_ratio_max=1.025 w_ax@goal=+1.51 w_v@goal=19.78 return=1011.0 length=79 success_rate=1.00 collisions/ep=0.00 (n=27)
update=59 global_step=120832 SPS=745 w_ev=0.981 m_ev=0.999 m_v_bias=-0.9 m_adv_std=3.5827 m_kl_max=0.0313 m_ratio_max=1.050 w_ax@goal=+1.53 w_v@goal=19.79 return=1011.2 length=80 success_rate=1.00 collisions/ep=0.00 (n=25)
update=60 global_step=122880 SPS=753 w_ev=0.983 m_ev=1.000 m_v_bias=0.6 m_adv_std=3.4454 m_kl_max=0.0221 m_ratio_max=0.933 w_ax@goal=+1.58 w_v@goal=19.77 return=1011.1 length=78 success_rate=1.00 collisions/ep=0.00 (n=26)
Evaluation at update 60: return=1011.94, length=77.45, success_rate=1.00, collisions/ep=0.00
Solved-check at update 60: solved=True worst_gap=1.01 at p_x0=1.50 p_y0=-1.00 (consecutive=10)
update=61 global_step=124928 SPS=705 w_ev=0.967 m_ev=1.000 m_v_bias=1.1 m_adv_std=3.5924 m_kl_max=0.0052 m_ratio_max=0.497 w_ax@goal=+1.63 w_v@goal=19.84 return=1011.1 length=80 success_rate=1.00 collisions/ep=0.00 (n=25)
update=62 global_step=126976 SPS=702 w_ev=0.967 m_ev=1.000 m_v_bias=-0.3 m_adv_std=3.5890 m_kl_max=0.0066 m_ratio_max=0.479 w_ax@goal=+1.66 w_v@goal=19.83 return=1011.1 length=79 success_rate=1.00 collisions/ep=0.00 (n=25)
update=63 global_step=129024 SPS=699 w_ev=0.910 m_ev=0.999 m_v_bias=1.3 m_adv_std=4.0684 m_kl_max=0.0078 m_ratio_max=0.510 w_ax@goal=+1.53 w_v@goal=19.61 return=1011.0 length=78 success_rate=1.00 collisions/ep=0.00 (n=28)
update=64 global_step=131072 SPS=697 w_ev=0.947 m_ev=1.000 m_v_bias=0.3 m_adv_std=3.5255 m_kl_max=0.0145 m_ratio_max=0.584 w_ax@goal=+1.47 w_v@goal=19.75 return=1011.5 length=81 success_rate=1.00 collisions/ep=0.00 (n=26)
update=65 global_step=133120 SPS=695 w_ev=0.927 m_ev=1.000 m_v_bias=0.4 m_adv_std=3.3714 m_kl_max=0.0101 m_ratio_max=0.484 w_ax@goal=+1.52 w_v@goal=19.60 return=1010.9 length=80 success_rate=1.00 collisions/ep=0.00 (n=25)
Evaluation at update 65: return=1011.89, length=77.50, success_rate=1.00, collisions/ep=0.00
Solved-check at update 65: solved=True worst_gap=1.01 at p_x0=2.00 p_y0=-1.00 (consecutive=11)
update=66 global_step=135168 SPS=674 w_ev=0.938 m_ev=0.999 m_v_bias=-1.1 m_adv_std=3.7243 m_kl_max=0.0056 m_ratio_max=0.408 w_ax@goal=+1.58 w_v@goal=19.61 return=1011.4 length=81 success_rate=1.00 collisions/ep=0.00 (n=25)
update=67 global_step=137216 SPS=680 w_ev=0.956 m_ev=1.000 m_v_bias=-0.1 m_adv_std=3.3918 m_kl_max=0.0083 m_ratio_max=0.316 w_ax@goal=+1.54 w_v@goal=19.78 return=1011.3 length=81 success_rate=1.00 collisions/ep=0.00 (n=25)
update=68 global_step=139264 SPS=686 w_ev=0.949 m_ev=1.000 m_v_bias=-0.9 m_adv_std=3.4863 m_kl_max=0.0097 m_ratio_max=0.557 w_ax@goal=+1.51 w_v@goal=19.77 return=1010.8 length=79 success_rate=1.00 collisions/ep=0.00 (n=25)
update=69 global_step=141312 SPS=693 w_ev=0.943 m_ev=0.999 m_v_bias=0.4 m_adv_std=3.7866 m_kl_max=0.0108 m_ratio_max=0.476 w_ax@goal=+1.43 w_v@goal=19.69 return=1011.1 length=81 success_rate=1.00 collisions/ep=0.00 (n=27)
update=70 global_step=143360 SPS=696 w_ev=0.930 m_ev=0.999 m_v_bias=-1.8 m_adv_std=3.8813 m_kl_max=0.0110 m_ratio_max=0.442 w_ax@goal=+1.44 w_v@goal=19.67 return=1011.3 length=80 success_rate=1.00 collisions/ep=0.00 (n=25)
Evaluation at update 70: return=1011.84, length=77.55, success_rate=1.00, collisions/ep=0.00
Solved-check at update 70: solved=True worst_gap=1.00 at p_x0=2.00 p_y0=-1.00 (consecutive=12)
update=71 global_step=145408 SPS=674 w_ev=0.950 m_ev=1.000 m_v_bias=0.5 m_adv_std=3.2940 m_kl_max=0.0097 m_ratio_max=0.394 w_ax@goal=+1.36 w_v@goal=19.72 return=1011.0 length=79 success_rate=1.00 collisions/ep=0.00 (n=25)
update=72 global_step=147456 SPS=680 w_ev=0.943 m_ev=1.000 m_v_bias=1.0 m_adv_std=3.4087 m_kl_max=0.0131 m_ratio_max=0.504 w_ax@goal=+1.50 w_v@goal=19.70 return=1011.0 length=79 success_rate=1.00 collisions/ep=0.00 (n=25)
update=73 global_step=149504 SPS=686 w_ev=0.954 m_ev=1.000 m_v_bias=0.2 m_adv_std=3.2502 m_kl_max=0.0083 m_ratio_max=0.321 w_ax@goal=+1.53 w_v@goal=19.66 return=1011.0 length=80 success_rate=1.00 collisions/ep=0.00 (n=29)
update=74 global_step=151552 SPS=692 w_ev=0.962 m_ev=1.000 m_v_bias=-1.5 m_adv_std=3.2911 m_kl_max=0.0087 m_ratio_max=0.342 w_ax@goal=+1.48 w_v@goal=19.74 return=1011.5 length=81 success_rate=1.00 collisions/ep=0.00 (n=25)
update=75 global_step=153600 SPS=698 w_ev=0.965 m_ev=0.999 m_v_bias=0.0 m_adv_std=3.7264 m_kl_max=0.0059 m_ratio_max=0.303 w_ax@goal=+1.55 w_v@goal=19.80 return=1011.0 length=81 success_rate=1.00 collisions/ep=0.00 (n=25)
Evaluation at update 75: return=1011.84, length=77.55, success_rate=1.00, collisions/ep=0.00
Solved-check at update 75: solved=True worst_gap=1.00 at p_x0=2.00 p_y0=-1.00 (consecutive=13)
update=76 global_step=155648 SPS=673 w_ev=0.971 m_ev=0.999 m_v_bias=-0.3 m_adv_std=3.6419 m_kl_max=0.0017 m_ratio_max=0.215 w_ax@goal=+1.49 w_v@goal=19.79 return=1010.9 length=80 success_rate=1.00 collisions/ep=0.00 (n=24)
update=77 global_step=157696 SPS=672 w_ev=0.960 m_ev=1.000 m_v_bias=0.2 m_adv_std=3.1940 m_kl_max=0.0119 m_ratio_max=0.663 w_ax@goal=+1.46 w_v@goal=19.64 return=1010.9 length=79 success_rate=1.00 collisions/ep=0.00 (n=25)
update=78 global_step=159744 SPS=670 w_ev=0.953 m_ev=1.000 m_v_bias=0.0 m_adv_std=3.3329 m_kl_max=0.0051 m_ratio_max=0.281 w_ax@goal=+1.54 w_v@goal=19.72 return=1011.2 length=80 success_rate=1.00 collisions/ep=0.00 (n=28)
update=79 global_step=161792 SPS=669 w_ev=0.928 m_ev=1.000 m_v_bias=0.1 m_adv_std=2.9287 m_kl_max=0.0161 m_ratio_max=0.450 w_ax@goal=+1.46 w_v@goal=19.64 return=1011.4 length=81 success_rate=1.00 collisions/ep=0.00 (n=26)
update=80 global_step=163840 SPS=667 w_ev=0.973 m_ev=1.000 m_v_bias=1.0 m_adv_std=3.0855 m_kl_max=0.0186 m_ratio_max=0.810 w_ax@goal=+1.57 w_v@goal=19.67 return=1010.8 length=79 success_rate=1.00 collisions/ep=0.00 (n=25)
Evaluation at update 80: return=1011.89, length=77.50, success_rate=1.00, collisions/ep=0.00
Solved-check at update 80: solved=True worst_gap=1.01 at p_x0=2.00 p_y0=-1.00 (consecutive=14)
update=81 global_step=165888 SPS=649 w_ev=0.978 m_ev=1.000 m_v_bias=-0.4 m_adv_std=2.7792 m_kl_max=0.0186 m_ratio_max=0.589 w_ax@goal=+1.46 w_v@goal=19.73 return=1011.0 length=79 success_rate=1.00 collisions/ep=0.00 (n=25)
update=82 global_step=167936 SPS=654 w_ev=0.951 m_ev=1.000 m_v_bias=0.5 m_adv_std=3.2746 m_kl_max=0.0050 m_ratio_max=0.448 w_ax@goal=+1.42 w_v@goal=19.77 return=1011.3 length=80 success_rate=1.00 collisions/ep=0.00 (n=26)
update=83 global_step=169984 SPS=659 w_ev=0.973 m_ev=1.000 m_v_bias=0.6 m_adv_std=2.9325 m_kl_max=0.0100 m_ratio_max=0.409 w_ax@goal=+1.32 w_v@goal=19.71 return=1011.0 length=80 success_rate=1.00 collisions/ep=0.00 (n=26)
update=84 global_step=172032 SPS=664 w_ev=0.966 m_ev=1.000 m_v_bias=0.4 m_adv_std=3.0733 m_kl_max=0.0027 m_ratio_max=0.308 w_ax@goal=+1.26 w_v@goal=19.78 return=1011.1 length=80 success_rate=1.00 collisions/ep=0.00 (n=26)
update=85 global_step=174080 SPS=669 w_ev=0.962 m_ev=1.000 m_v_bias=0.3 m_adv_std=3.2483 m_kl_max=0.0020 m_ratio_max=0.218 w_ax@goal=+1.32 w_v@goal=19.82 return=1011.1 length=80 success_rate=1.00 collisions/ep=0.00 (n=25)
Evaluation at update 85: return=1011.84, length=77.55, success_rate=1.00, collisions/ep=0.00
Solved-check at update 85: solved=True worst_gap=1.01 at p_x0=2.00 p_y0=-1.00 (consecutive=15)
update=86 global_step=176128 SPS=650 w_ev=0.985 m_ev=1.000 m_v_bias=0.0 m_adv_std=3.3132 m_kl_max=0.0102 m_ratio_max=0.451 w_ax@goal=+1.40 w_v@goal=19.78 return=1011.4 length=80 success_rate=1.00 collisions/ep=0.00 (n=27)
update=87 global_step=178176 SPS=649 w_ev=0.976 m_ev=1.000 m_v_bias=0.3 m_adv_std=3.1933 m_kl_max=0.0115 m_ratio_max=0.413 w_ax@goal=+1.36 w_v@goal=19.73 return=1011.2 length=80 success_rate=1.00 collisions/ep=0.00 (n=24)
update=88 global_step=180224 SPS=648 w_ev=0.984 m_ev=1.000 m_v_bias=0.6 m_adv_std=2.9440 m_kl_max=0.0050 m_ratio_max=0.301 w_ax@goal=+1.50 w_v@goal=19.73 return=1011.2 length=80 success_rate=1.00 collisions/ep=0.00 (n=25)
update=89 global_step=182272 SPS=647 w_ev=0.994 m_ev=1.000 m_v_bias=0.6 m_adv_std=2.7711 m_kl_max=0.0155 m_ratio_max=0.399 w_ax@goal=+1.55 w_v@goal=19.77 return=1011.1 length=79 success_rate=1.00 collisions/ep=0.00 (n=26)
update=90 global_step=184320 SPS=650 w_ev=0.988 m_ev=1.000 m_v_bias=-0.5 m_adv_std=3.1368 m_kl_max=0.0060 m_ratio_max=0.318 w_ax@goal=+1.48 w_v@goal=19.79 return=1011.1 length=80 success_rate=1.00 collisions/ep=0.00 (n=25)
Evaluation at update 90: return=1011.84, length=77.55, success_rate=1.00, collisions/ep=0.00
Solved-check at update 90: solved=True worst_gap=1.00 at p_x0=2.00 p_y0=-1.00 (consecutive=16)
update=91 global_step=186368 SPS=638 w_ev=0.996 m_ev=1.000 m_v_bias=-0.1 m_adv_std=2.9049 m_kl_max=0.0032 m_ratio_max=0.268 w_ax@goal=+1.44 w_v@goal=19.76 return=1011.1 length=80 success_rate=1.00 collisions/ep=0.00 (n=27)
update=92 global_step=188416 SPS=643 w_ev=0.978 m_ev=1.000 m_v_bias=-0.3 m_adv_std=2.7893 m_kl_max=0.0015 m_ratio_max=0.196 w_ax@goal=+1.56 w_v@goal=19.79 return=1011.6 length=83 success_rate=1.00 collisions/ep=0.00 (n=24)
update=93 global_step=190464 SPS=647 w_ev=0.989 m_ev=1.000 m_v_bias=0.5 m_adv_std=3.1539 m_kl_max=0.0154 m_ratio_max=0.553 w_ax@goal=+1.43 w_v@goal=19.75 return=1011.1 length=80 success_rate=1.00 collisions/ep=0.00 (n=27)
update=94 global_step=192512 SPS=652 w_ev=0.993 m_ev=1.000 m_v_bias=-0.4 m_adv_std=2.7345 m_kl_max=0.0028 m_ratio_max=0.202 w_ax@goal=+1.41 w_v@goal=19.78 return=1011.1 length=81 success_rate=1.00 collisions/ep=0.00 (n=25)
update=95 global_step=194560 SPS=656 w_ev=0.990 m_ev=1.000 m_v_bias=0.6 m_adv_std=3.1721 m_kl_max=0.0024 m_ratio_max=0.242 w_ax@goal=+1.40 w_v@goal=19.78 return=1011.0 length=80 success_rate=1.00 collisions/ep=0.00 (n=25)
Evaluation at update 95: return=1011.99, length=77.40, success_rate=1.00, collisions/ep=0.00
Solved-check at update 95: solved=True worst_gap=1.00 at p_x0=1.50 p_y0=-1.00 (consecutive=17)
update=96 global_step=196608 SPS=638 w_ev=0.978 m_ev=1.000 m_v_bias=0.4 m_adv_std=2.5946 m_kl_max=0.0083 m_ratio_max=0.500 w_ax@goal=+1.50 w_v@goal=19.84 return=1011.1 length=80 success_rate=1.00 collisions/ep=0.00 (n=25)
update=97 global_step=198656 SPS=639 w_ev=0.985 m_ev=1.000 m_v_bias=1.0 m_adv_std=2.5399 m_kl_max=0.0129 m_ratio_max=0.434 w_ax@goal=+1.37 w_v@goal=19.80 return=1011.3 length=81 success_rate=1.00 collisions/ep=0.00 (n=25)
update=98 global_step=200704 SPS=643 w_ev=0.989 m_ev=1.000 m_v_bias=-1.1 m_adv_std=2.6551 m_kl_max=0.0168 m_ratio_max=0.496 w_ax@goal=+1.47 w_v@goal=19.80 return=1011.1 length=79 success_rate=1.00 collisions/ep=0.00 (n=27)
update=99 global_step=202752 SPS=648 w_ev=0.990 m_ev=1.000 m_v_bias=0.8 m_adv_std=3.2987 m_kl_max=0.0015 m_ratio_max=0.230 w_ax@goal=+1.38 w_v@goal=19.78 return=1011.4 length=81 success_rate=1.00 collisions/ep=0.00 (n=26)
update=100 global_step=204800 SPS=652 w_ev=0.984 m_ev=1.000 m_v_bias=1.8 m_adv_std=3.1091 m_kl_max=0.0010 m_ratio_max=0.137 w_ax@goal=+1.14 w_v@goal=19.75 return=1010.8 length=79 success_rate=1.00 collisions/ep=0.00 (n=25)
Evaluation at update 100: return=1011.94, length=77.45, success_rate=1.00, collisions/ep=0.00
Solved-check at update 100: solved=True worst_gap=1.00 at p_x0=1.50 p_y0=-1.00 (consecutive=18)
Saved checkpoints to C:\Users\loren\Desktop\MASTER THESIS\5_CODE\scenarios\tunnel\studies\hppo\runs\hppo_tunnel_5_1791079620
