Using device: cpu
Solved-check: precomputed optimal returns for 25 fixed initial conditions (mean=1013.0, min=1011.0, max=1015.0); solved-tolerance=5.0
num_envs=8 num_steps_per_env=256 worker_batch_size=2048 worker_minibatch_size=256 num_updates=100 timesteps=204800
update=1 global_step=2048 SPS=1234 w_ev=0.018 m_ev=-0.000 m_v_bias=34.9 m_adv_std=218.2586 m_kl_max=0.0014 m_ratio_max=0.292 w_ax@goal=+0.09 w_v@goal=0.05 return=-152.1 length=187 success_rate=0.25 collisions/ep=5.25 (n=8)
update=2 global_step=4096 SPS=1203 w_ev=0.421 m_ev=0.569 m_v_bias=-107.8 m_adv_std=222.6147 m_kl_max=0.0014 m_ratio_max=0.258 w_ax@goal=+0.19 w_v@goal=2.15 return=229.1 length=164 success_rate=0.55 collisions/ep=3.91 (n=11)
update=3 global_step=6144 SPS=1124 w_ev=0.786 m_ev=0.757 m_v_bias=-33.1 m_adv_std=166.3307 m_kl_max=0.0014 m_ratio_max=0.216 w_ax@goal=-0.08 w_v@goal=7.32 return=162.4 length=168 success_rate=0.42 collisions/ep=2.33 (n=12)
update=4 global_step=8192 SPS=1101 w_ev=0.905 m_ev=0.772 m_v_bias=-53.5 m_adv_std=153.2847 m_kl_max=0.0045 m_ratio_max=0.503 w_ax@goal=+0.10 w_v@goal=11.15 return=167.8 length=172 success_rate=0.42 collisions/ep=2.58 (n=12)
update=5 global_step=10240 SPS=1092 w_ev=0.941 m_ev=0.843 m_v_bias=-51.2 m_adv_std=122.0528 m_kl_max=0.0078 m_ratio_max=0.701 w_ax@goal=+0.13 w_v@goal=13.18 return=304.9 length=171 success_rate=0.50 collisions/ep=1.42 (n=12)
Evaluation at update 5: return=1000.61, length=91.00, success_rate=1.00, collisions/ep=0.00
Solved-check at update 5: solved=False worst_gap=16.98 at p_x0=2.00 p_y0=1.00 (consecutive=0)
update=6 global_step=12288 SPS=678 w_ev=0.963 m_ev=0.865 m_v_bias=-108.4 m_adv_std=86.3522 m_kl_max=0.0011 m_ratio_max=0.232 w_ax@goal=+0.45 w_v@goal=16.75 return=779.3 length=131 success_rate=0.89 collisions/ep=1.22 (n=18)
update=7 global_step=14336 SPS=714 w_ev=0.963 m_ev=0.894 m_v_bias=-42.2 m_adv_std=64.3375 m_kl_max=0.0017 m_ratio_max=0.296 w_ax@goal=+0.37 w_v@goal=18.74 return=963.2 length=100 success_rate=1.00 collisions/ep=0.55 (n=22)
update=8 global_step=16384 SPS=743 w_ev=0.953 m_ev=0.962 m_v_bias=-25.3 m_adv_std=34.2038 m_kl_max=0.0055 m_ratio_max=0.346 w_ax@goal=+0.51 w_v@goal=19.40 return=998.9 length=88 success_rate=1.00 collisions/ep=0.04 (n=23)
update=9 global_step=18432 SPS=763 w_ev=0.962 m_ev=0.981 m_v_bias=-8.1 m_adv_std=24.0220 m_kl_max=0.0080 m_ratio_max=0.573 w_ax@goal=+0.44 w_v@goal=19.72 return=1002.5 length=88 success_rate=1.00 collisions/ep=0.00 (n=24)
update=10 global_step=20480 SPS=776 w_ev=0.968 m_ev=0.987 m_v_bias=-4.8 m_adv_std=19.7916 m_kl_max=0.0127 m_ratio_max=1.174 w_ax@goal=+0.69 w_v@goal=19.63 return=1005.0 length=85 success_rate=1.00 collisions/ep=0.00 (n=24)
Evaluation at update 10: return=1009.30, length=82.30, success_rate=1.00, collisions/ep=0.00
Solved-check at update 10: solved=False worst_gap=5.99 at p_x0=2.00 p_y0=1.00 (consecutive=0)
update=11 global_step=22528 SPS=650 w_ev=0.963 m_ev=0.986 m_v_bias=-1.2 m_adv_std=20.2749 m_kl_max=0.0208 m_ratio_max=0.728 w_ax@goal=+0.70 w_v@goal=19.28 return=1005.7 length=85 success_rate=1.00 collisions/ep=0.00 (n=25)
update=12 global_step=24576 SPS=667 w_ev=0.961 m_ev=0.989 m_v_bias=-1.3 m_adv_std=17.6810 m_kl_max=0.0187 m_ratio_max=0.694 w_ax@goal=+0.77 w_v@goal=19.16 return=1006.9 length=83 success_rate=1.00 collisions/ep=0.00 (n=24)
update=13 global_step=26624 SPS=686 w_ev=0.964 m_ev=0.988 m_v_bias=-0.7 m_adv_std=18.5359 m_kl_max=0.0041 m_ratio_max=0.336 w_ax@goal=+0.48 w_v@goal=19.04 return=1005.0 length=85 success_rate=1.00 collisions/ep=0.00 (n=24)
update=14 global_step=28672 SPS=702 w_ev=0.972 m_ev=0.990 m_v_bias=-1.5 m_adv_std=17.0688 m_kl_max=0.0124 m_ratio_max=0.474 w_ax@goal=+0.57 w_v@goal=19.03 return=1006.3 length=85 success_rate=1.00 collisions/ep=0.00 (n=23)
update=15 global_step=30720 SPS=721 w_ev=0.970 m_ev=0.991 m_v_bias=-2.7 m_adv_std=15.9157 m_kl_max=0.0093 m_ratio_max=0.412 w_ax@goal=+0.72 w_v@goal=18.89 return=1006.6 length=87 success_rate=1.00 collisions/ep=0.00 (n=24)
Evaluation at update 15: return=1009.70, length=81.90, success_rate=1.00, collisions/ep=0.00
Solved-check at update 15: solved=True worst_gap=3.99 at p_x0=2.00 p_y0=1.00 (consecutive=0)
update=16 global_step=32768 SPS=654 w_ev=0.976 m_ev=0.993 m_v_bias=-1.2 m_adv_std=14.0999 m_kl_max=0.0041 m_ratio_max=0.274 w_ax@goal=+0.70 w_v@goal=18.95 return=1006.0 length=85 success_rate=1.00 collisions/ep=0.00 (n=24)
update=17 global_step=34816 SPS=671 w_ev=0.980 m_ev=0.994 m_v_bias=-3.2 m_adv_std=13.0542 m_kl_max=0.0064 m_ratio_max=0.392 w_ax@goal=+0.85 w_v@goal=19.05 return=1006.9 length=84 success_rate=1.00 collisions/ep=0.00 (n=25)
update=18 global_step=36864 SPS=685 w_ev=0.978 m_ev=0.995 m_v_bias=-1.2 m_adv_std=11.9373 m_kl_max=0.0070 m_ratio_max=0.372 w_ax@goal=+0.83 w_v@goal=19.22 return=1007.6 length=83 success_rate=1.00 collisions/ep=0.00 (n=25)
update=19 global_step=38912 SPS=699 w_ev=0.978 m_ev=0.994 m_v_bias=-0.9 m_adv_std=13.4261 m_kl_max=0.0078 m_ratio_max=0.381 w_ax@goal=+0.89 w_v@goal=19.13 return=1007.7 length=84 success_rate=1.00 collisions/ep=0.00 (n=25)
update=20 global_step=40960 SPS=713 w_ev=0.974 m_ev=0.996 m_v_bias=-3.6 m_adv_std=9.7967 m_kl_max=0.0166 m_ratio_max=0.671 w_ax@goal=+0.75 w_v@goal=18.95 return=1008.3 length=82 success_rate=1.00 collisions/ep=0.00 (n=23)
Evaluation at update 20: return=1010.90, length=80.70, success_rate=1.00, collisions/ep=0.00
Solved-check at update 20: solved=True worst_gap=3.00 at p_x0=2.00 p_y0=1.00 (consecutive=1)
Solved criterion held for 2 consecutive evals (tolerance=5.0) at global_step=40960.
update=21 global_step=43008 SPS=662 w_ev=0.973 m_ev=0.997 m_v_bias=0.3 m_adv_std=9.1556 m_kl_max=0.0037 m_ratio_max=0.246 w_ax@goal=+0.69 w_v@goal=19.10 return=1008.8 length=84 success_rate=1.00 collisions/ep=0.00 (n=25)
update=22 global_step=45056 SPS=675 w_ev=0.970 m_ev=0.997 m_v_bias=0.1 m_adv_std=9.0032 m_kl_max=0.0111 m_ratio_max=0.522 w_ax@goal=+0.91 w_v@goal=19.17 return=1008.8 length=83 success_rate=1.00 collisions/ep=0.00 (n=26)
update=23 global_step=47104 SPS=686 w_ev=0.970 m_ev=0.997 m_v_bias=2.8 m_adv_std=8.5126 m_kl_max=0.0038 m_ratio_max=0.388 w_ax@goal=+0.77 w_v@goal=19.36 return=1008.6 length=81 success_rate=1.00 collisions/ep=0.00 (n=26)
update=24 global_step=49152 SPS=697 w_ev=0.970 m_ev=0.998 m_v_bias=-1.6 m_adv_std=7.1840 m_kl_max=0.0017 m_ratio_max=0.298 w_ax@goal=+0.70 w_v@goal=19.23 return=1008.5 length=81 success_rate=1.00 collisions/ep=0.00 (n=24)
update=25 global_step=51200 SPS=707 w_ev=0.966 m_ev=0.998 m_v_bias=0.8 m_adv_std=7.1506 m_kl_max=0.0008 m_ratio_max=0.117 w_ax@goal=+0.73 w_v@goal=19.21 return=1008.7 length=82 success_rate=1.00 collisions/ep=0.00 (n=26)
Evaluation at update 25: return=1010.90, length=80.70, success_rate=1.00, collisions/ep=0.00
Solved-check at update 25: solved=True worst_gap=3.00 at p_x0=2.00 p_y0=1.00 (consecutive=2)
update=26 global_step=53248 SPS=668 w_ev=0.963 m_ev=0.998 m_v_bias=-0.4 m_adv_std=7.0352 m_kl_max=0.0057 m_ratio_max=0.335 w_ax@goal=+0.88 w_v@goal=19.29 return=1008.3 length=82 success_rate=1.00 collisions/ep=0.00 (n=24)
update=27 global_step=55296 SPS=678 w_ev=0.970 m_ev=0.998 m_v_bias=0.4 m_adv_std=6.4873 m_kl_max=0.0061 m_ratio_max=0.758 w_ax@goal=+0.64 w_v@goal=19.30 return=1008.5 length=81 success_rate=1.00 collisions/ep=0.00 (n=24)
update=28 global_step=57344 SPS=687 w_ev=0.964 m_ev=0.994 m_v_bias=3.9 m_adv_std=12.5265 m_kl_max=0.0077 m_ratio_max=0.465 w_ax@goal=+0.55 w_v@goal=19.33 return=1007.5 length=82 success_rate=1.00 collisions/ep=0.00 (n=25)
update=29 global_step=59392 SPS=694 w_ev=0.968 m_ev=0.998 m_v_bias=-2.9 m_adv_std=7.9454 m_kl_max=0.0058 m_ratio_max=0.387 w_ax@goal=+0.91 w_v@goal=19.11 return=1008.8 length=83 success_rate=1.00 collisions/ep=0.00 (n=24)
update=30 global_step=61440 SPS=703 w_ev=0.968 m_ev=0.999 m_v_bias=-0.5 m_adv_std=6.0408 m_kl_max=0.0082 m_ratio_max=0.362 w_ax@goal=+0.76 w_v@goal=19.16 return=1009.2 length=81 success_rate=1.00 collisions/ep=0.00 (n=25)
Evaluation at update 30: return=1010.95, length=80.65, success_rate=1.00, collisions/ep=0.00
Solved-check at update 30: solved=True worst_gap=3.00 at p_x0=0.50 p_y0=-1.00 (consecutive=3)
update=31 global_step=63488 SPS=667 w_ev=0.965 m_ev=0.999 m_v_bias=-2.8 m_adv_std=6.0087 m_kl_max=0.0088 m_ratio_max=0.364 w_ax@goal=+0.87 w_v@goal=19.38 return=1008.6 length=81 success_rate=1.00 collisions/ep=0.00 (n=28)
update=32 global_step=65536 SPS=674 w_ev=0.959 m_ev=0.999 m_v_bias=-0.7 m_adv_std=5.3961 m_kl_max=0.0049 m_ratio_max=0.402 w_ax@goal=+1.00 w_v@goal=19.30 return=1009.2 length=81 success_rate=1.00 collisions/ep=0.00 (n=26)
update=33 global_step=67584 SPS=682 w_ev=0.953 m_ev=0.999 m_v_bias=0.5 m_adv_std=5.0819 m_kl_max=0.0078 m_ratio_max=0.455 w_ax@goal=+1.05 w_v@goal=19.35 return=1008.9 length=80 success_rate=1.00 collisions/ep=0.00 (n=25)
update=34 global_step=69632 SPS=690 w_ev=0.957 m_ev=0.999 m_v_bias=-1.3 m_adv_std=4.5409 m_kl_max=0.0068 m_ratio_max=0.494 w_ax@goal=+0.85 w_v@goal=19.31 return=1009.1 length=81 success_rate=1.00 collisions/ep=0.00 (n=24)
update=35 global_step=71680 SPS=697 w_ev=0.960 m_ev=0.999 m_v_bias=-0.2 m_adv_std=4.7881 m_kl_max=0.0046 m_ratio_max=0.336 w_ax@goal=+0.97 w_v@goal=19.60 return=1009.5 length=81 success_rate=1.00 collisions/ep=0.00 (n=24)
Evaluation at update 35: return=1011.10, length=80.50, success_rate=1.00, collisions/ep=0.00
Solved-check at update 35: solved=True worst_gap=3.00 at p_x0=1.00 p_y0=1.00 (consecutive=4)
update=36 global_step=73728 SPS=667 w_ev=0.963 m_ev=0.999 m_v_bias=-0.0 m_adv_std=5.1894 m_kl_max=0.0011 m_ratio_max=0.217 w_ax@goal=+1.01 w_v@goal=19.44 return=1009.2 length=80 success_rate=1.00 collisions/ep=0.00 (n=26)
update=37 global_step=75776 SPS=675 w_ev=0.962 m_ev=0.999 m_v_bias=0.5 m_adv_std=5.3048 m_kl_max=0.0022 m_ratio_max=0.226 w_ax@goal=+0.94 w_v@goal=19.33 return=1009.4 length=83 success_rate=1.00 collisions/ep=0.00 (n=26)
update=38 global_step=77824 SPS=681 w_ev=0.968 m_ev=0.999 m_v_bias=-0.5 m_adv_std=5.5729 m_kl_max=0.0061 m_ratio_max=0.303 w_ax@goal=+0.79 w_v@goal=19.32 return=1009.4 length=84 success_rate=1.00 collisions/ep=0.00 (n=24)
update=39 global_step=79872 SPS=688 w_ev=0.957 m_ev=0.999 m_v_bias=-0.4 m_adv_std=5.2558 m_kl_max=0.0111 m_ratio_max=0.390 w_ax@goal=+1.07 w_v@goal=19.32 return=1009.5 length=82 success_rate=1.00 collisions/ep=0.00 (n=25)
update=40 global_step=81920 SPS=694 w_ev=0.970 m_ev=0.999 m_v_bias=1.0 m_adv_std=5.0571 m_kl_max=0.0108 m_ratio_max=0.403 w_ax@goal=+0.85 w_v@goal=19.47 return=1009.5 length=83 success_rate=1.00 collisions/ep=0.00 (n=25)
Evaluation at update 40: return=1011.25, length=80.35, success_rate=1.00, collisions/ep=0.00
Solved-check at update 40: solved=True worst_gap=3.00 at p_x0=0.50 p_y0=1.00 (consecutive=5)
update=41 global_step=83968 SPS=669 w_ev=0.964 m_ev=0.999 m_v_bias=-0.8 m_adv_std=4.9199 m_kl_max=0.0127 m_ratio_max=0.674 w_ax@goal=+1.09 w_v@goal=19.34 return=1009.5 length=81 success_rate=1.00 collisions/ep=0.00 (n=25)
update=42 global_step=86016 SPS=675 w_ev=0.959 m_ev=0.999 m_v_bias=-0.7 m_adv_std=3.9468 m_kl_max=0.0226 m_ratio_max=0.828 w_ax@goal=+1.05 w_v@goal=19.22 return=1009.7 length=79 success_rate=1.00 collisions/ep=0.00 (n=25)
update=43 global_step=88064 SPS=682 w_ev=0.955 m_ev=0.999 m_v_bias=-0.7 m_adv_std=4.5490 m_kl_max=0.0128 m_ratio_max=0.517 w_ax@goal=+1.10 w_v@goal=19.41 return=1010.0 length=81 success_rate=1.00 collisions/ep=0.00 (n=26)
update=44 global_step=90112 SPS=688 w_ev=0.957 m_ev=0.999 m_v_bias=1.9 m_adv_std=5.3972 m_kl_max=0.0038 m_ratio_max=0.308 w_ax@goal=+1.10 w_v@goal=19.34 return=1009.4 length=81 success_rate=1.00 collisions/ep=0.00 (n=26)
update=45 global_step=92160 SPS=694 w_ev=0.956 m_ev=0.999 m_v_bias=-1.4 m_adv_std=4.7495 m_kl_max=0.0080 m_ratio_max=0.442 w_ax@goal=+1.20 w_v@goal=19.47 return=1010.0 length=81 success_rate=1.00 collisions/ep=0.00 (n=24)
Evaluation at update 45: return=1011.54, length=80.05, success_rate=1.00, collisions/ep=0.00
Solved-check at update 45: solved=True worst_gap=2.00 at p_x0=2.00 p_y0=1.00 (consecutive=6)
update=46 global_step=94208 SPS=675 w_ev=0.956 m_ev=0.999 m_v_bias=1.2 m_adv_std=4.1357 m_kl_max=0.0115 m_ratio_max=0.444 w_ax@goal=+1.17 w_v@goal=19.44 return=1009.5 length=81 success_rate=1.00 collisions/ep=0.00 (n=26)
update=47 global_step=96256 SPS=680 w_ev=0.956 m_ev=0.999 m_v_bias=-0.5 m_adv_std=4.8646 m_kl_max=0.0189 m_ratio_max=0.502 w_ax@goal=+1.32 w_v@goal=19.22 return=1009.6 length=79 success_rate=1.00 collisions/ep=0.00 (n=26)
update=48 global_step=98304 SPS=687 w_ev=0.958 m_ev=0.999 m_v_bias=-1.6 m_adv_std=4.0619 m_kl_max=0.0060 m_ratio_max=0.426 w_ax@goal=+1.33 w_v@goal=19.27 return=1009.9 length=81 success_rate=1.00 collisions/ep=0.00 (n=26)
update=49 global_step=100352 SPS=692 w_ev=0.962 m_ev=0.999 m_v_bias=-0.2 m_adv_std=4.2679 m_kl_max=0.0163 m_ratio_max=0.463 w_ax@goal=+1.15 w_v@goal=19.27 return=1010.2 length=80 success_rate=1.00 collisions/ep=0.00 (n=25)
update=50 global_step=102400 SPS=698 w_ev=0.954 m_ev=0.999 m_v_bias=-0.1 m_adv_std=4.3680 m_kl_max=0.0033 m_ratio_max=0.380 w_ax@goal=+1.17 w_v@goal=19.17 return=1010.1 length=82 success_rate=1.00 collisions/ep=0.00 (n=25)
Evaluation at update 50: return=1011.49, length=80.10, success_rate=1.00, collisions/ep=0.00
Solved-check at update 50: solved=True worst_gap=2.00 at p_x0=2.00 p_y0=1.00 (consecutive=7)
update=51 global_step=104448 SPS=680 w_ev=0.953 m_ev=1.000 m_v_bias=-1.6 m_adv_std=3.6182 m_kl_max=0.0149 m_ratio_max=0.603 w_ax@goal=+1.28 w_v@goal=19.18 return=1010.2 length=81 success_rate=1.00 collisions/ep=0.00 (n=24)
update=52 global_step=106496 SPS=685 w_ev=0.961 m_ev=0.999 m_v_bias=-0.0 m_adv_std=4.2385 m_kl_max=0.0067 m_ratio_max=0.512 w_ax@goal=+1.24 w_v@goal=19.17 return=1009.9 length=80 success_rate=1.00 collisions/ep=0.00 (n=26)
update=53 global_step=108544 SPS=691 w_ev=0.964 m_ev=0.999 m_v_bias=0.9 m_adv_std=4.1434 m_kl_max=0.0163 m_ratio_max=0.463 w_ax@goal=+1.25 w_v@goal=19.22 return=1010.1 length=81 success_rate=1.00 collisions/ep=0.00 (n=26)
update=54 global_step=110592 SPS=698 w_ev=0.961 m_ev=1.000 m_v_bias=-0.6 m_adv_std=3.6002 m_kl_max=0.0125 m_ratio_max=0.398 w_ax@goal=+1.16 w_v@goal=19.32 return=1010.0 length=81 success_rate=1.00 collisions/ep=0.00 (n=25)
update=55 global_step=112640 SPS=704 w_ev=0.951 m_ev=0.999 m_v_bias=0.7 m_adv_std=3.8653 m_kl_max=0.0161 m_ratio_max=0.482 w_ax@goal=+1.32 w_v@goal=19.26 return=1010.3 length=80 success_rate=1.00 collisions/ep=0.00 (n=27)
Evaluation at update 55: return=1011.59, length=80.00, success_rate=1.00, collisions/ep=0.00
Solved-check at update 55: solved=True worst_gap=2.00 at p_x0=2.00 p_y0=-1.00 (consecutive=8)
update=56 global_step=114688 SPS=689 w_ev=0.950 m_ev=0.999 m_v_bias=-0.1 m_adv_std=4.4017 m_kl_max=0.0056 m_ratio_max=0.458 w_ax@goal=+1.13 w_v@goal=19.36 return=1010.1 length=80 success_rate=1.00 collisions/ep=0.00 (n=24)
update=57 global_step=116736 SPS=694 w_ev=0.960 m_ev=0.999 m_v_bias=0.2 m_adv_std=4.0654 m_kl_max=0.0108 m_ratio_max=0.499 w_ax@goal=+1.22 w_v@goal=19.35 return=1010.5 length=81 success_rate=1.00 collisions/ep=0.00 (n=26)
update=58 global_step=118784 SPS=699 w_ev=0.961 m_ev=0.999 m_v_bias=0.3 m_adv_std=3.7006 m_kl_max=0.0178 m_ratio_max=0.493 w_ax@goal=+1.24 w_v@goal=19.33 return=1009.9 length=80 success_rate=1.00 collisions/ep=0.00 (n=24)
update=59 global_step=120832 SPS=705 w_ev=0.955 m_ev=0.999 m_v_bias=-1.2 m_adv_std=3.8070 m_kl_max=0.0064 m_ratio_max=0.509 w_ax@goal=+1.11 w_v@goal=19.37 return=1010.2 length=82 success_rate=1.00 collisions/ep=0.00 (n=26)
update=60 global_step=122880 SPS=711 w_ev=0.956 m_ev=1.000 m_v_bias=0.3 m_adv_std=3.5416 m_kl_max=0.0127 m_ratio_max=0.472 w_ax@goal=+1.06 w_v@goal=19.41 return=1009.8 length=81 success_rate=1.00 collisions/ep=0.00 (n=28)
Evaluation at update 60: return=1011.59, length=80.00, success_rate=1.00, collisions/ep=0.00
Solved-check at update 60: solved=True worst_gap=2.00 at p_x0=2.00 p_y0=-1.00 (consecutive=9)
update=61 global_step=124928 SPS=697 w_ev=0.951 m_ev=0.999 m_v_bias=0.9 m_adv_std=4.6779 m_kl_max=0.0109 m_ratio_max=0.717 w_ax@goal=+1.12 w_v@goal=19.23 return=1009.5 length=80 success_rate=1.00 collisions/ep=0.00 (n=24)
update=62 global_step=126976 SPS=702 w_ev=0.950 m_ev=1.000 m_v_bias=-1.6 m_adv_std=2.9704 m_kl_max=0.0070 m_ratio_max=0.402 w_ax@goal=+1.22 w_v@goal=19.28 return=1010.5 length=81 success_rate=1.00 collisions/ep=0.00 (n=25)
update=63 global_step=129024 SPS=707 w_ev=0.948 m_ev=1.000 m_v_bias=0.7 m_adv_std=3.5081 m_kl_max=0.0096 m_ratio_max=0.567 w_ax@goal=+1.29 w_v@goal=19.29 return=1009.7 length=80 success_rate=1.00 collisions/ep=0.00 (n=24)
update=64 global_step=131072 SPS=712 w_ev=0.952 m_ev=0.999 m_v_bias=-0.2 m_adv_std=3.7833 m_kl_max=0.0131 m_ratio_max=0.984 w_ax@goal=+1.40 w_v@goal=19.22 return=1010.3 length=81 success_rate=1.00 collisions/ep=0.00 (n=27)
update=65 global_step=133120 SPS=717 w_ev=0.949 m_ev=1.000 m_v_bias=-0.2 m_adv_std=3.2408 m_kl_max=0.0242 m_ratio_max=0.614 w_ax@goal=+1.33 w_v@goal=19.23 return=1010.4 length=81 success_rate=1.00 collisions/ep=0.00 (n=24)
Evaluation at update 65: return=1011.59, length=80.00, success_rate=1.00, collisions/ep=0.00
Solved-check at update 65: solved=True worst_gap=2.00 at p_x0=2.00 p_y0=-1.00 (consecutive=10)
update=66 global_step=135168 SPS=705 w_ev=0.949 m_ev=1.000 m_v_bias=-0.6 m_adv_std=3.5158 m_kl_max=0.0120 m_ratio_max=0.983 w_ax@goal=+1.31 w_v@goal=19.46 return=1010.2 length=80 success_rate=1.00 collisions/ep=0.00 (n=28)
update=67 global_step=137216 SPS=710 w_ev=0.944 m_ev=1.000 m_v_bias=0.0 m_adv_std=3.4372 m_kl_max=0.0258 m_ratio_max=1.288 w_ax@goal=+1.38 w_v@goal=19.23 return=1010.3 length=80 success_rate=1.00 collisions/ep=0.00 (n=25)
update=68 global_step=139264 SPS=714 w_ev=0.945 m_ev=1.000 m_v_bias=0.6 m_adv_std=2.8994 m_kl_max=0.0046 m_ratio_max=0.292 w_ax@goal=+1.33 w_v@goal=19.20 return=1010.4 length=80 success_rate=1.00 collisions/ep=0.00 (n=24)
update=69 global_step=141312 SPS=719 w_ev=0.952 m_ev=1.000 m_v_bias=-0.2 m_adv_std=3.3574 m_kl_max=0.0268 m_ratio_max=1.632 w_ax@goal=+1.42 w_v@goal=19.33 return=1010.5 length=79 success_rate=1.00 collisions/ep=0.00 (n=25)
update=70 global_step=143360 SPS=723 w_ev=0.957 m_ev=1.000 m_v_bias=-0.4 m_adv_std=2.7527 m_kl_max=0.0059 m_ratio_max=0.437 w_ax@goal=+1.26 w_v@goal=19.34 return=1010.8 length=80 success_rate=1.00 collisions/ep=0.00 (n=27)
Evaluation at update 70: return=1011.74, length=79.85, success_rate=1.00, collisions/ep=0.00
Solved-check at update 70: solved=True worst_gap=2.00 at p_x0=0.50 p_y0=-1.00 (consecutive=11)
update=71 global_step=145408 SPS=710 w_ev=0.954 m_ev=1.000 m_v_bias=0.8 m_adv_std=3.2185 m_kl_max=0.0117 m_ratio_max=0.388 w_ax@goal=+1.31 w_v@goal=19.42 return=1010.4 length=80 success_rate=1.00 collisions/ep=0.00 (n=28)
update=72 global_step=147456 SPS=714 w_ev=0.959 m_ev=1.000 m_v_bias=0.2 m_adv_std=2.8333 m_kl_max=0.0050 m_ratio_max=0.327 w_ax@goal=+1.17 w_v@goal=19.38 return=1010.6 length=80 success_rate=1.00 collisions/ep=0.00 (n=25)
update=73 global_step=149504 SPS=719 w_ev=0.944 m_ev=1.000 m_v_bias=-0.7 m_adv_std=3.3162 m_kl_max=0.0154 m_ratio_max=0.596 w_ax@goal=+1.28 w_v@goal=19.20 return=1010.7 length=81 success_rate=1.00 collisions/ep=0.00 (n=24)
update=74 global_step=151552 SPS=723 w_ev=0.954 m_ev=1.000 m_v_bias=-0.0 m_adv_std=2.8126 m_kl_max=0.0136 m_ratio_max=0.485 w_ax@goal=+1.29 w_v@goal=19.32 return=1010.7 length=82 success_rate=1.00 collisions/ep=0.00 (n=24)
update=75 global_step=153600 SPS=727 w_ev=0.940 m_ev=1.000 m_v_bias=-0.7 m_adv_std=3.2244 m_kl_max=0.0155 m_ratio_max=0.616 w_ax@goal=+1.22 w_v@goal=19.49 return=1010.4 length=79 success_rate=1.00 collisions/ep=0.00 (n=27)
Evaluation at update 75: return=1011.64, length=79.95, success_rate=1.00, collisions/ep=0.00
Solved-check at update 75: solved=True worst_gap=2.00 at p_x0=0.50 p_y0=1.00 (consecutive=12)
update=76 global_step=155648 SPS=715 w_ev=0.947 m_ev=1.000 m_v_bias=0.0 m_adv_std=2.9560 m_kl_max=0.0134 m_ratio_max=0.777 w_ax@goal=+1.19 w_v@goal=19.28 return=1010.6 length=81 success_rate=1.00 collisions/ep=0.00 (n=25)
update=77 global_step=157696 SPS=719 w_ev=0.934 m_ev=1.000 m_v_bias=-0.5 m_adv_std=2.8417 m_kl_max=0.0109 m_ratio_max=0.453 w_ax@goal=+1.18 w_v@goal=19.34 return=1010.6 length=79 success_rate=1.00 collisions/ep=0.00 (n=27)
update=78 global_step=159744 SPS=722 w_ev=0.945 m_ev=1.000 m_v_bias=0.1 m_adv_std=3.2038 m_kl_max=0.0084 m_ratio_max=0.381 w_ax@goal=+1.17 w_v@goal=19.25 return=1010.2 length=78 success_rate=1.00 collisions/ep=0.00 (n=25)
update=79 global_step=161792 SPS=726 w_ev=0.947 m_ev=1.000 m_v_bias=-0.4 m_adv_std=3.0111 m_kl_max=0.0124 m_ratio_max=0.473 w_ax@goal=+1.26 w_v@goal=19.19 return=1010.6 length=80 success_rate=1.00 collisions/ep=0.00 (n=25)
update=80 global_step=163840 SPS=730 w_ev=0.946 m_ev=1.000 m_v_bias=0.2 m_adv_std=2.7377 m_kl_max=0.0057 m_ratio_max=0.310 w_ax@goal=+1.15 w_v@goal=19.37 return=1011.0 length=81 success_rate=1.00 collisions/ep=0.00 (n=26)
Evaluation at update 80: return=1011.79, length=79.80, success_rate=1.00, collisions/ep=0.00
Solved-check at update 80: solved=True worst_gap=2.00 at p_x0=0.00 p_y0=1.00 (consecutive=13)
update=81 global_step=165888 SPS=718 w_ev=0.943 m_ev=1.000 m_v_bias=-0.4 m_adv_std=2.8094 m_kl_max=0.0097 m_ratio_max=0.351 w_ax@goal=+1.13 w_v@goal=19.27 return=1010.5 length=79 success_rate=1.00 collisions/ep=0.00 (n=26)
update=82 global_step=167936 SPS=722 w_ev=0.951 m_ev=1.000 m_v_bias=-0.6 m_adv_std=3.6558 m_kl_max=0.0111 m_ratio_max=0.397 w_ax@goal=+1.22 w_v@goal=19.25 return=1010.4 length=80 success_rate=1.00 collisions/ep=0.00 (n=27)
update=83 global_step=169984 SPS=726 w_ev=0.945 m_ev=1.000 m_v_bias=-0.5 m_adv_std=2.9610 m_kl_max=0.0067 m_ratio_max=0.432 w_ax@goal=+1.22 w_v@goal=19.28 return=1010.4 length=81 success_rate=1.00 collisions/ep=0.00 (n=24)
update=84 global_step=172032 SPS=730 w_ev=0.953 m_ev=1.000 m_v_bias=-0.3 m_adv_std=3.0606 m_kl_max=0.0259 m_ratio_max=0.756 w_ax@goal=+1.07 w_v@goal=19.43 return=1010.6 length=81 success_rate=1.00 collisions/ep=0.00 (n=25)
update=85 global_step=174080 SPS=733 w_ev=0.946 m_ev=1.000 m_v_bias=1.2 m_adv_std=3.0650 m_kl_max=0.0233 m_ratio_max=0.560 w_ax@goal=+1.13 w_v@goal=19.46 return=1010.7 length=82 success_rate=1.00 collisions/ep=0.00 (n=25)
Evaluation at update 85: return=1011.59, length=80.00, success_rate=1.00, collisions/ep=0.00
Solved-check at update 85: solved=True worst_gap=2.00 at p_x0=0.50 p_y0=1.00 (consecutive=14)
update=86 global_step=176128 SPS=722 w_ev=0.950 m_ev=1.000 m_v_bias=0.3 m_adv_std=3.0471 m_kl_max=0.0070 m_ratio_max=0.393 w_ax@goal=+1.10 w_v@goal=19.36 return=1009.9 length=79 success_rate=1.00 collisions/ep=0.00 (n=25)
update=87 global_step=178176 SPS=726 w_ev=0.961 m_ev=1.000 m_v_bias=0.1 m_adv_std=2.9647 m_kl_max=0.0117 m_ratio_max=0.470 w_ax@goal=+1.01 w_v@goal=19.29 return=1010.3 length=79 success_rate=1.00 collisions/ep=0.00 (n=28)
update=88 global_step=180224 SPS=729 w_ev=0.940 m_ev=1.000 m_v_bias=-0.8 m_adv_std=3.2722 m_kl_max=0.0068 m_ratio_max=0.382 w_ax@goal=+1.03 w_v@goal=19.40 return=1010.6 length=79 success_rate=1.00 collisions/ep=0.00 (n=26)
update=89 global_step=182272 SPS=733 w_ev=0.949 m_ev=1.000 m_v_bias=-1.1 m_adv_std=2.5033 m_kl_max=0.0142 m_ratio_max=0.776 w_ax@goal=+1.02 w_v@goal=19.36 return=1010.8 length=81 success_rate=1.00 collisions/ep=0.00 (n=25)
update=90 global_step=184320 SPS=736 w_ev=0.941 m_ev=1.000 m_v_bias=0.4 m_adv_std=2.6069 m_kl_max=0.0040 m_ratio_max=0.351 w_ax@goal=+1.17 w_v@goal=19.39 return=1010.5 length=79 success_rate=1.00 collisions/ep=0.00 (n=25)
Evaluation at update 90: return=1011.79, length=79.80, success_rate=1.00, collisions/ep=0.00
Solved-check at update 90: solved=True worst_gap=2.00 at p_x0=0.00 p_y0=1.00 (consecutive=15)
update=91 global_step=186368 SPS=725 w_ev=0.948 m_ev=1.000 m_v_bias=0.6 m_adv_std=3.1315 m_kl_max=0.0131 m_ratio_max=0.437 w_ax@goal=+1.24 w_v@goal=19.36 return=1010.7 length=79 success_rate=1.00 collisions/ep=0.00 (n=26)
update=92 global_step=188416 SPS=729 w_ev=0.951 m_ev=1.000 m_v_bias=-0.6 m_adv_std=3.2493 m_kl_max=0.0085 m_ratio_max=0.502 w_ax@goal=+1.22 w_v@goal=19.39 return=1010.6 length=79 success_rate=1.00 collisions/ep=0.00 (n=26)
update=93 global_step=190464 SPS=732 w_ev=0.950 m_ev=1.000 m_v_bias=-1.4 m_adv_std=2.8066 m_kl_max=0.0162 m_ratio_max=0.572 w_ax@goal=+1.19 w_v@goal=19.41 return=1011.4 length=82 success_rate=1.00 collisions/ep=0.00 (n=26)
update=94 global_step=192512 SPS=735 w_ev=0.942 m_ev=1.000 m_v_bias=-0.2 m_adv_std=2.9762 m_kl_max=0.0095 m_ratio_max=0.378 w_ax@goal=+1.04 w_v@goal=19.39 return=1010.8 length=81 success_rate=1.00 collisions/ep=0.00 (n=24)
update=95 global_step=194560 SPS=739 w_ev=0.940 m_ev=1.000 m_v_bias=-0.1 m_adv_std=2.6042 m_kl_max=0.0106 m_ratio_max=0.489 w_ax@goal=+1.17 w_v@goal=19.35 return=1010.9 length=81 success_rate=1.00 collisions/ep=0.00 (n=25)
Evaluation at update 95: return=1011.60, length=80.00, success_rate=1.00, collisions/ep=0.00
Solved-check at update 95: solved=True worst_gap=2.00 at p_x0=1.50 p_y0=-1.00 (consecutive=16)
update=96 global_step=196608 SPS=728 w_ev=0.944 m_ev=1.000 m_v_bias=0.5 m_adv_std=3.0756 m_kl_max=0.0084 m_ratio_max=0.434 w_ax@goal=+1.12 w_v@goal=19.23 return=1010.0 length=80 success_rate=1.00 collisions/ep=0.00 (n=25)
update=97 global_step=198656 SPS=731 w_ev=0.941 m_ev=1.000 m_v_bias=0.3 m_adv_std=3.1032 m_kl_max=0.0114 m_ratio_max=0.402 w_ax@goal=+1.15 w_v@goal=19.26 return=1010.7 length=81 success_rate=1.00 collisions/ep=0.00 (n=27)
update=98 global_step=200704 SPS=735 w_ev=0.940 m_ev=1.000 m_v_bias=0.7 m_adv_std=3.5822 m_kl_max=0.0240 m_ratio_max=0.674 w_ax@goal=+1.11 w_v@goal=19.32 return=1010.7 length=81 success_rate=1.00 collisions/ep=0.00 (n=25)
update=99 global_step=202752 SPS=737 w_ev=0.941 m_ev=1.000 m_v_bias=0.4 m_adv_std=3.4808 m_kl_max=0.0239 m_ratio_max=1.010 w_ax@goal=+1.09 w_v@goal=19.28 return=1010.1 length=81 success_rate=1.00 collisions/ep=0.00 (n=26)
update=100 global_step=204800 SPS=740 w_ev=0.948 m_ev=1.000 m_v_bias=-0.6 m_adv_std=2.9571 m_kl_max=0.0111 m_ratio_max=0.952 w_ax@goal=+1.02 w_v@goal=19.44 return=1010.6 length=81 success_rate=1.00 collisions/ep=0.00 (n=24)
Evaluation at update 100: return=1011.60, length=80.00, success_rate=1.00, collisions/ep=0.00
Solved-check at update 100: solved=True worst_gap=2.00 at p_x0=1.00 p_y0=1.00 (consecutive=17)
Saved checkpoints to C:\Users\loren\Desktop\MASTER THESIS\5_CODE\scenarios\tunnel\studies\hppo\runs\hppo_tunnel_15_1791080313
