Using device: cpu
Solved-check: precomputed optimal returns for 25 fixed initial conditions (mean=1013.0, min=1011.0, max=1015.0); solved-tolerance=5.0
num_envs=8 num_steps_per_env=256 worker_batch_size=2048 worker_minibatch_size=256 num_updates=100 timesteps=204800
update=1 global_step=2048 SPS=1121 w_ev=0.032 m_ev=-0.000 m_v_bias=116.8 m_adv_std=165.7707 m_kl_max=0.0013 m_ratio_max=0.223 w_ax@goal=+0.18 w_v@goal=0.20 return=-512.5 length=196 success_rate=0.12 collisions/ep=9.62 (n=8)
update=2 global_step=4096 SPS=1360 w_ev=0.124 m_ev=0.201 m_v_bias=3.7 m_adv_std=219.6620 m_kl_max=0.0030 m_ratio_max=0.266 w_ax@goal=+0.13 w_v@goal=0.02 return=-238.2 length=184 success_rate=0.25 collisions/ep=6.50 (n=8)
update=3 global_step=6144 SPS=1446 w_ev=0.719 m_ev=0.591 m_v_bias=-39.1 m_adv_std=166.2445 m_kl_max=0.0047 m_ratio_max=0.496 w_ax@goal=-0.12 w_v@goal=5.58 return=-152.9 length=184 success_rate=0.17 collisions/ep=3.00 (n=12)
update=4 global_step=8192 SPS=1206 w_ev=0.880 m_ev=0.838 m_v_bias=-97.4 m_adv_std=124.9087 m_kl_max=0.0037 m_ratio_max=0.304 w_ax@goal=+0.31 w_v@goal=8.94 return=44.2 length=183 success_rate=0.31 collisions/ep=2.00 (n=13)
update=5 global_step=10240 SPS=1066 w_ev=0.939 m_ev=0.891 m_v_bias=-109.0 m_adv_std=108.0315 m_kl_max=0.0015 m_ratio_max=0.184 w_ax@goal=+0.48 w_v@goal=12.74 return=594.0 length=151 success_rate=0.69 collisions/ep=0.46 (n=13)
Evaluation at update 5: return=996.53, length=93.75, success_rate=1.00, collisions/ep=0.00
Solved-check at update 5: solved=False worst_gap=19.98 at p_x0=2.00 p_y0=1.00 (consecutive=0)
update=6 global_step=12288 SPS=802 w_ev=0.970 m_ev=0.836 m_v_bias=-105.4 m_adv_std=84.5163 m_kl_max=0.0026 m_ratio_max=0.352 w_ax@goal=+0.37 w_v@goal=16.40 return=919.1 length=122 success_rate=0.95 collisions/ep=0.00 (n=20)
update=7 global_step=14336 SPS=853 w_ev=0.965 m_ev=0.926 m_v_bias=-22.3 m_adv_std=62.9057 m_kl_max=0.0021 m_ratio_max=0.217 w_ax@goal=+0.46 w_v@goal=18.95 return=985.5 length=107 success_rate=1.00 collisions/ep=0.00 (n=17)
update=8 global_step=16384 SPS=902 w_ev=0.946 m_ev=0.881 m_v_bias=5.5 m_adv_std=60.5673 m_kl_max=0.0005 m_ratio_max=0.101 w_ax@goal=+0.40 w_v@goal=18.90 return=985.1 length=104 success_rate=1.00 collisions/ep=0.00 (n=20)
update=9 global_step=18432 SPS=943 w_ev=0.966 m_ev=0.956 m_v_bias=-5.0 m_adv_std=39.6653 m_kl_max=0.0051 m_ratio_max=0.335 w_ax@goal=+0.49 w_v@goal=19.05 return=997.1 length=93 success_rate=1.00 collisions/ep=0.00 (n=24)
update=10 global_step=20480 SPS=977 w_ev=0.957 m_ev=0.971 m_v_bias=0.8 m_adv_std=29.3388 m_kl_max=0.0029 m_ratio_max=0.260 w_ax@goal=+0.50 w_v@goal=18.94 return=1001.7 length=87 success_rate=1.00 collisions/ep=0.00 (n=22)
Evaluation at update 10: return=1009.12, length=81.15, success_rate=1.00, collisions/ep=0.00
Solved-check at update 10: solved=True worst_gap=3.99 at p_x0=2.00 p_y0=-1.00 (consecutive=0)
update=11 global_step=22528 SPS=749 w_ev=0.961 m_ev=0.981 m_v_bias=3.0 m_adv_std=23.6160 m_kl_max=0.0082 m_ratio_max=0.665 w_ax@goal=+0.57 w_v@goal=19.09 return=1004.7 length=86 success_rate=1.00 collisions/ep=0.00 (n=24)
update=12 global_step=24576 SPS=788 w_ev=0.971 m_ev=0.982 m_v_bias=-1.4 m_adv_std=23.1054 m_kl_max=0.0028 m_ratio_max=0.342 w_ax@goal=+0.66 w_v@goal=19.28 return=1006.8 length=84 success_rate=1.00 collisions/ep=0.00 (n=27)
update=13 global_step=26624 SPS=823 w_ev=0.966 m_ev=0.985 m_v_bias=1.3 m_adv_std=20.9876 m_kl_max=0.0142 m_ratio_max=0.575 w_ax@goal=+0.69 w_v@goal=19.23 return=1006.1 length=85 success_rate=1.00 collisions/ep=0.00 (n=24)
update=14 global_step=28672 SPS=855 w_ev=0.964 m_ev=0.979 m_v_bias=6.9 m_adv_std=23.8226 m_kl_max=0.0262 m_ratio_max=0.545 w_ax@goal=+0.38 w_v@goal=19.37 return=1005.3 length=86 success_rate=1.00 collisions/ep=0.00 (n=22)
update=15 global_step=30720 SPS=882 w_ev=0.963 m_ev=0.987 m_v_bias=-3.4 m_adv_std=19.1861 m_kl_max=0.0064 m_ratio_max=0.581 w_ax@goal=+0.78 w_v@goal=19.24 return=1007.7 length=82 success_rate=1.00 collisions/ep=0.00 (n=25)
Evaluation at update 15: return=1010.61, length=79.65, success_rate=1.00, collisions/ep=0.00
Solved-check at update 15: solved=True worst_gap=2.99 at p_x0=1.50 p_y0=1.00 (consecutive=1)
Solved criterion held for 2 consecutive evals (tolerance=5.0) at global_step=30720.
update=16 global_step=32768 SPS=754 w_ev=0.949 m_ev=0.990 m_v_bias=-2.8 m_adv_std=16.2071 m_kl_max=0.0129 m_ratio_max=0.515 w_ax@goal=+0.85 w_v@goal=19.28 return=1008.4 length=84 success_rate=1.00 collisions/ep=0.00 (n=24)
update=17 global_step=34816 SPS=754 w_ev=0.947 m_ev=0.990 m_v_bias=0.5 m_adv_std=17.0658 m_kl_max=0.0074 m_ratio_max=0.641 w_ax@goal=+0.82 w_v@goal=19.12 return=1007.7 length=82 success_rate=1.00 collisions/ep=0.00 (n=25)
update=18 global_step=36864 SPS=758 w_ev=0.944 m_ev=0.987 m_v_bias=1.3 m_adv_std=19.7316 m_kl_max=0.0109 m_ratio_max=0.390 w_ax@goal=+0.71 w_v@goal=19.04 return=1007.2 length=83 success_rate=1.00 collisions/ep=0.00 (n=25)
update=19 global_step=38912 SPS=779 w_ev=0.947 m_ev=0.992 m_v_bias=-3.2 m_adv_std=15.1765 m_kl_max=0.0061 m_ratio_max=0.469 w_ax@goal=+0.85 w_v@goal=19.13 return=1007.6 length=85 success_rate=1.00 collisions/ep=0.00 (n=24)
update=20 global_step=40960 SPS=800 w_ev=0.953 m_ev=0.993 m_v_bias=-2.6 m_adv_std=13.8911 m_kl_max=0.0014 m_ratio_max=0.183 w_ax@goal=+0.58 w_v@goal=19.27 return=1008.7 length=82 success_rate=1.00 collisions/ep=0.00 (n=24)
Evaluation at update 20: return=1010.61, length=79.65, success_rate=1.00, collisions/ep=0.00
Solved-check at update 20: solved=True worst_gap=2.99 at p_x0=1.00 p_y0=1.00 (consecutive=2)
update=21 global_step=43008 SPS=706 w_ev=0.947 m_ev=0.995 m_v_bias=-0.8 m_adv_std=12.1034 m_kl_max=0.0091 m_ratio_max=0.405 w_ax@goal=+0.72 w_v@goal=19.33 return=1008.7 length=83 success_rate=1.00 collisions/ep=0.00 (n=24)
update=22 global_step=45056 SPS=711 w_ev=0.940 m_ev=0.995 m_v_bias=-1.6 m_adv_std=12.2003 m_kl_max=0.0128 m_ratio_max=0.560 w_ax@goal=+0.87 w_v@goal=19.29 return=1009.1 length=82 success_rate=1.00 collisions/ep=0.00 (n=26)
update=23 global_step=47104 SPS=731 w_ev=0.943 m_ev=0.994 m_v_bias=0.3 m_adv_std=12.3478 m_kl_max=0.0232 m_ratio_max=0.683 w_ax@goal=+0.75 w_v@goal=19.28 return=1008.8 length=82 success_rate=1.00 collisions/ep=0.00 (n=26)
update=24 global_step=49152 SPS=751 w_ev=0.942 m_ev=0.996 m_v_bias=-2.5 m_adv_std=10.7764 m_kl_max=0.0192 m_ratio_max=0.553 w_ax@goal=+0.97 w_v@goal=19.20 return=1009.0 length=82 success_rate=1.00 collisions/ep=0.00 (n=25)
update=25 global_step=51200 SPS=770 w_ev=0.953 m_ev=0.997 m_v_bias=-2.8 m_adv_std=9.2916 m_kl_max=0.0133 m_ratio_max=0.398 w_ax@goal=+1.04 w_v@goal=19.32 return=1009.6 length=82 success_rate=1.00 collisions/ep=0.00 (n=25)
Evaluation at update 25: return=1011.16, length=79.10, success_rate=1.00, collisions/ep=0.00
Solved-check at update 25: solved=True worst_gap=2.99 at p_x0=0.50 p_y0=1.00 (consecutive=3)
update=26 global_step=53248 SPS=701 w_ev=0.949 m_ev=0.997 m_v_bias=0.3 m_adv_std=8.1723 m_kl_max=0.0098 m_ratio_max=0.591 w_ax@goal=+0.97 w_v@goal=19.44 return=1009.6 length=82 success_rate=1.00 collisions/ep=0.00 (n=25)
update=27 global_step=55296 SPS=702 w_ev=0.947 m_ev=0.998 m_v_bias=0.9 m_adv_std=7.9201 m_kl_max=0.0238 m_ratio_max=0.713 w_ax@goal=+0.99 w_v@goal=19.66 return=1009.7 length=80 success_rate=1.00 collisions/ep=0.00 (n=26)
update=28 global_step=57344 SPS=704 w_ev=0.950 m_ev=0.998 m_v_bias=0.7 m_adv_std=7.0624 m_kl_max=0.0134 m_ratio_max=0.854 w_ax@goal=+1.03 w_v@goal=19.54 return=1009.4 length=82 success_rate=1.00 collisions/ep=0.00 (n=24)
update=29 global_step=59392 SPS=703 w_ev=0.938 m_ev=0.998 m_v_bias=1.9 m_adv_std=6.7633 m_kl_max=0.0119 m_ratio_max=0.546 w_ax@goal=+0.97 w_v@goal=19.47 return=1009.4 length=80 success_rate=1.00 collisions/ep=0.00 (n=25)
update=30 global_step=61440 SPS=702 w_ev=0.935 m_ev=0.997 m_v_bias=2.0 m_adv_std=9.0028 m_kl_max=0.0139 m_ratio_max=0.550 w_ax@goal=+0.74 w_v@goal=19.42 return=1009.3 length=82 success_rate=1.00 collisions/ep=0.00 (n=26)
Evaluation at update 30: return=1011.26, length=79.00, success_rate=1.00, collisions/ep=0.00
Solved-check at update 30: solved=True worst_gap=2.99 at p_x0=0.00 p_y0=1.00 (consecutive=4)
update=31 global_step=63488 SPS=672 w_ev=0.932 m_ev=0.998 m_v_bias=-0.3 m_adv_std=6.4364 m_kl_max=0.0167 m_ratio_max=0.512 w_ax@goal=+0.88 w_v@goal=19.24 return=1010.0 length=82 success_rate=1.00 collisions/ep=0.00 (n=24)
update=32 global_step=65536 SPS=686 w_ev=0.949 m_ev=0.999 m_v_bias=-0.3 m_adv_std=6.1590 m_kl_max=0.0135 m_ratio_max=0.547 w_ax@goal=+0.87 w_v@goal=19.40 return=1009.9 length=81 success_rate=1.00 collisions/ep=0.00 (n=24)
update=33 global_step=67584 SPS=699 w_ev=0.941 m_ev=0.999 m_v_bias=0.7 m_adv_std=6.3496 m_kl_max=0.0166 m_ratio_max=0.484 w_ax@goal=+1.00 w_v@goal=19.56 return=1009.7 length=81 success_rate=1.00 collisions/ep=0.00 (n=25)
update=34 global_step=69632 SPS=712 w_ev=0.958 m_ev=0.999 m_v_bias=-1.2 m_adv_std=5.7138 m_kl_max=0.0368 m_ratio_max=0.627 w_ax@goal=+1.04 w_v@goal=19.52 return=1009.9 length=82 success_rate=1.00 collisions/ep=0.00 (n=27)
update=35 global_step=71680 SPS=725 w_ev=0.973 m_ev=0.999 m_v_bias=0.7 m_adv_std=6.1689 m_kl_max=0.0077 m_ratio_max=0.324 w_ax@goal=+1.09 w_v@goal=19.61 return=1009.4 length=79 success_rate=1.00 collisions/ep=0.00 (n=27)
Evaluation at update 35: return=1011.45, length=78.80, success_rate=1.00, collisions/ep=0.00
Solved-check at update 35: solved=True worst_gap=2.00 at p_x0=2.00 p_y0=1.00 (consecutive=5)
update=36 global_step=73728 SPS=680 w_ev=0.964 m_ev=0.999 m_v_bias=0.0 m_adv_std=6.2212 m_kl_max=0.0203 m_ratio_max=0.672 w_ax@goal=+1.10 w_v@goal=19.70 return=1009.8 length=81 success_rate=1.00 collisions/ep=0.00 (n=25)
update=37 global_step=75776 SPS=680 w_ev=0.959 m_ev=0.999 m_v_bias=-1.2 m_adv_std=5.5573 m_kl_max=0.0118 m_ratio_max=0.594 w_ax@goal=+1.16 w_v@goal=19.73 return=1009.8 length=81 success_rate=1.00 collisions/ep=0.00 (n=24)
update=38 global_step=77824 SPS=680 w_ev=0.973 m_ev=0.999 m_v_bias=-1.8 m_adv_std=5.1792 m_kl_max=0.0301 m_ratio_max=0.761 w_ax@goal=+1.31 w_v@goal=19.71 return=1010.0 length=80 success_rate=1.00 collisions/ep=0.00 (n=25)
update=39 global_step=79872 SPS=685 w_ev=0.958 m_ev=0.999 m_v_bias=0.0 m_adv_std=4.9790 m_kl_max=0.0037 m_ratio_max=0.356 w_ax@goal=+1.10 w_v@goal=19.62 return=1009.7 length=80 success_rate=1.00 collisions/ep=0.00 (n=28)
update=40 global_step=81920 SPS=697 w_ev=0.894 m_ev=0.912 m_v_bias=10.1 m_adv_std=49.2755 m_kl_max=0.0170 m_ratio_max=0.684 w_ax@goal=+0.85 w_v@goal=19.64 return=1009.9 length=81 success_rate=1.00 collisions/ep=0.00 (n=24)
Evaluation at update 40: return=1011.40, length=78.85, success_rate=1.00, collisions/ep=0.00
Solved-check at update 40: solved=True worst_gap=2.00 at p_x0=2.00 p_y0=1.00 (consecutive=6)
update=41 global_step=83968 SPS=690 w_ev=0.961 m_ev=0.948 m_v_bias=-4.1 m_adv_std=37.4868 m_kl_max=0.0040 m_ratio_max=0.389 w_ax@goal=+1.14 w_v@goal=19.61 return=1005.3 length=83 success_rate=1.00 collisions/ep=0.00 (n=25)
update=42 global_step=86016 SPS=701 w_ev=0.970 m_ev=0.990 m_v_bias=-3.9 m_adv_std=16.2658 m_kl_max=0.0100 m_ratio_max=0.479 w_ax@goal=+1.09 w_v@goal=19.67 return=1009.5 length=79 success_rate=1.00 collisions/ep=0.00 (n=24)
update=43 global_step=88064 SPS=712 w_ev=0.970 m_ev=0.998 m_v_bias=-1.5 m_adv_std=7.7178 m_kl_max=0.0126 m_ratio_max=0.659 w_ax@goal=+1.17 w_v@goal=19.66 return=1010.2 length=82 success_rate=1.00 collisions/ep=0.00 (n=25)
update=44 global_step=90112 SPS=722 w_ev=0.986 m_ev=0.999 m_v_bias=-0.3 m_adv_std=6.3647 m_kl_max=0.0105 m_ratio_max=0.470 w_ax@goal=+1.29 w_v@goal=19.83 return=1010.0 length=82 success_rate=1.00 collisions/ep=0.00 (n=26)
update=45 global_step=92160 SPS=732 w_ev=0.987 m_ev=0.999 m_v_bias=1.3 m_adv_std=5.8500 m_kl_max=0.0061 m_ratio_max=0.367 w_ax@goal=+1.21 w_v@goal=19.74 return=1009.8 length=83 success_rate=1.00 collisions/ep=0.00 (n=24)
Evaluation at update 45: return=1011.45, length=78.80, success_rate=1.00, collisions/ep=0.00
Solved-check at update 45: solved=True worst_gap=2.00 at p_x0=2.00 p_y0=1.00 (consecutive=7)
update=46 global_step=94208 SPS=697 w_ev=0.979 m_ev=0.999 m_v_bias=-3.0 m_adv_std=6.2047 m_kl_max=0.0053 m_ratio_max=0.357 w_ax@goal=+1.22 w_v@goal=19.70 return=1010.5 length=82 success_rate=1.00 collisions/ep=0.00 (n=26)
update=47 global_step=96256 SPS=698 w_ev=0.972 m_ev=0.998 m_v_bias=0.1 m_adv_std=6.9203 m_kl_max=0.0147 m_ratio_max=0.419 w_ax@goal=+1.34 w_v@goal=19.70 return=1009.9 length=81 success_rate=1.00 collisions/ep=0.00 (n=25)
update=48 global_step=98304 SPS=701 w_ev=0.985 m_ev=0.999 m_v_bias=-0.6 m_adv_std=5.7782 m_kl_max=0.0094 m_ratio_max=0.486 w_ax@goal=+1.23 w_v@goal=19.69 return=1009.8 length=79 success_rate=1.00 collisions/ep=0.00 (n=27)
update=49 global_step=100352 SPS=705 w_ev=0.980 m_ev=0.999 m_v_bias=-0.2 m_adv_std=5.4884 m_kl_max=0.0279 m_ratio_max=0.638 w_ax@goal=+1.38 w_v@goal=19.74 return=1010.2 length=81 success_rate=1.00 collisions/ep=0.00 (n=25)
update=50 global_step=102400 SPS=710 w_ev=0.993 m_ev=0.999 m_v_bias=-1.0 m_adv_std=5.3318 m_kl_max=0.0056 m_ratio_max=0.299 w_ax@goal=+1.54 w_v@goal=19.73 return=1010.4 length=81 success_rate=1.00 collisions/ep=0.00 (n=24)
Evaluation at update 50: return=1011.55, length=78.70, success_rate=1.00, collisions/ep=0.00
Solved-check at update 50: solved=True worst_gap=2.00 at p_x0=2.00 p_y0=1.00 (consecutive=8)
update=51 global_step=104448 SPS=686 w_ev=0.987 m_ev=0.999 m_v_bias=-0.0 m_adv_std=4.9346 m_kl_max=0.0134 m_ratio_max=0.513 w_ax@goal=+1.32 w_v@goal=19.77 return=1010.4 length=80 success_rate=1.00 collisions/ep=0.00 (n=26)
update=52 global_step=106496 SPS=691 w_ev=0.992 m_ev=0.999 m_v_bias=1.1 m_adv_std=5.1507 m_kl_max=0.0189 m_ratio_max=0.472 w_ax@goal=+1.26 w_v@goal=19.74 return=1010.4 length=81 success_rate=1.00 collisions/ep=0.00 (n=25)
update=53 global_step=108544 SPS=695 w_ev=0.987 m_ev=0.999 m_v_bias=-0.0 m_adv_std=4.6852 m_kl_max=0.0062 m_ratio_max=0.312 w_ax@goal=+1.44 w_v@goal=19.81 return=1010.7 length=82 success_rate=1.00 collisions/ep=0.00 (n=26)
update=54 global_step=110592 SPS=700 w_ev=0.985 m_ev=0.999 m_v_bias=0.3 m_adv_std=4.6858 m_kl_max=0.0107 m_ratio_max=0.445 w_ax@goal=+1.23 w_v@goal=19.78 return=1010.7 length=82 success_rate=1.00 collisions/ep=0.00 (n=24)
update=55 global_step=112640 SPS=702 w_ev=0.990 m_ev=0.999 m_v_bias=-0.0 m_adv_std=5.1855 m_kl_max=0.0171 m_ratio_max=0.514 w_ax@goal=+1.45 w_v@goal=19.77 return=1010.5 length=81 success_rate=1.00 collisions/ep=0.00 (n=27)
Evaluation at update 55: return=1012.00, length=78.25, success_rate=1.00, collisions/ep=0.00
Solved-check at update 55: solved=True worst_gap=1.00 at p_x0=2.00 p_y0=1.00 (consecutive=9)
update=56 global_step=114688 SPS=680 w_ev=0.993 m_ev=0.999 m_v_bias=-0.6 m_adv_std=4.1533 m_kl_max=0.0014 m_ratio_max=0.176 w_ax@goal=+1.44 w_v@goal=19.78 return=1011.1 length=81 success_rate=1.00 collisions/ep=0.00 (n=24)
update=57 global_step=116736 SPS=684 w_ev=0.992 m_ev=0.999 m_v_bias=0.3 m_adv_std=4.5116 m_kl_max=0.0055 m_ratio_max=0.269 w_ax@goal=+1.44 w_v@goal=19.78 return=1010.7 length=80 success_rate=1.00 collisions/ep=0.00 (n=26)
update=58 global_step=118784 SPS=688 w_ev=0.990 m_ev=0.999 m_v_bias=-1.1 m_adv_std=4.6433 m_kl_max=0.0097 m_ratio_max=0.352 w_ax@goal=+1.41 w_v@goal=19.72 return=1010.5 length=79 success_rate=1.00 collisions/ep=0.00 (n=26)
update=59 global_step=120832 SPS=692 w_ev=0.983 m_ev=0.999 m_v_bias=-0.0 m_adv_std=4.0494 m_kl_max=0.0196 m_ratio_max=0.626 w_ax@goal=+1.48 w_v@goal=19.71 return=1010.5 length=79 success_rate=1.00 collisions/ep=0.00 (n=25)
update=60 global_step=122880 SPS=696 w_ev=0.971 m_ev=0.999 m_v_bias=-1.6 m_adv_std=4.3592 m_kl_max=0.0035 m_ratio_max=0.281 w_ax@goal=+1.42 w_v@goal=19.75 return=1011.2 length=80 success_rate=1.00 collisions/ep=0.00 (n=26)
Evaluation at update 60: return=1012.15, length=78.10, success_rate=1.00, collisions/ep=0.00
Solved-check at update 60: solved=True worst_gap=1.00 at p_x0=2.00 p_y0=1.00 (consecutive=10)
update=61 global_step=124928 SPS=678 w_ev=0.993 m_ev=0.999 m_v_bias=0.2 m_adv_std=4.1497 m_kl_max=0.0119 m_ratio_max=0.423 w_ax@goal=+1.63 w_v@goal=19.84 return=1010.9 length=78 success_rate=1.00 collisions/ep=0.00 (n=26)
update=62 global_step=126976 SPS=682 w_ev=0.978 m_ev=0.999 m_v_bias=-0.6 m_adv_std=4.2386 m_kl_max=0.0059 m_ratio_max=0.381 w_ax@goal=+1.67 w_v@goal=19.77 return=1011.4 length=81 success_rate=1.00 collisions/ep=0.00 (n=26)
update=63 global_step=129024 SPS=685 w_ev=0.971 m_ev=0.999 m_v_bias=0.5 m_adv_std=3.9101 m_kl_max=0.0069 m_ratio_max=0.294 w_ax@goal=+1.68 w_v@goal=19.81 return=1010.9 length=80 success_rate=1.00 collisions/ep=0.00 (n=25)
update=64 global_step=131072 SPS=689 w_ev=0.988 m_ev=1.000 m_v_bias=-0.1 m_adv_std=3.5664 m_kl_max=0.0166 m_ratio_max=0.541 w_ax@goal=+1.48 w_v@goal=19.83 return=1011.2 length=80 success_rate=1.00 collisions/ep=0.00 (n=26)
update=65 global_step=133120 SPS=692 w_ev=0.970 m_ev=0.999 m_v_bias=0.2 m_adv_std=4.9168 m_kl_max=0.0054 m_ratio_max=0.312 w_ax@goal=+1.53 w_v@goal=19.77 return=1010.8 length=79 success_rate=1.00 collisions/ep=0.00 (n=26)
Evaluation at update 65: return=1012.20, length=78.05, success_rate=1.00, collisions/ep=0.00
Solved-check at update 65: solved=True worst_gap=1.00 at p_x0=1.50 p_y0=-1.00 (consecutive=11)
update=66 global_step=135168 SPS=674 w_ev=0.992 m_ev=0.999 m_v_bias=-0.6 m_adv_std=3.7634 m_kl_max=0.0047 m_ratio_max=0.248 w_ax@goal=+1.52 w_v@goal=19.74 return=1011.3 length=80 success_rate=1.00 collisions/ep=0.00 (n=24)
update=67 global_step=137216 SPS=678 w_ev=0.974 m_ev=0.999 m_v_bias=-0.3 m_adv_std=3.6831 m_kl_max=0.0069 m_ratio_max=0.389 w_ax@goal=+1.40 w_v@goal=19.79 return=1011.3 length=81 success_rate=1.00 collisions/ep=0.00 (n=25)
update=68 global_step=139264 SPS=682 w_ev=0.968 m_ev=1.000 m_v_bias=-0.7 m_adv_std=3.4336 m_kl_max=0.0045 m_ratio_max=0.428 w_ax@goal=+1.65 w_v@goal=19.76 return=1011.6 length=81 success_rate=1.00 collisions/ep=0.00 (n=26)
update=69 global_step=141312 SPS=685 w_ev=0.976 m_ev=1.000 m_v_bias=-0.7 m_adv_std=3.3340 m_kl_max=0.0096 m_ratio_max=0.371 w_ax@goal=+1.62 w_v@goal=19.80 return=1011.4 length=80 success_rate=1.00 collisions/ep=0.00 (n=25)
update=70 global_step=143360 SPS=688 w_ev=0.981 m_ev=0.999 m_v_bias=0.5 m_adv_std=3.8128 m_kl_max=0.0084 m_ratio_max=0.429 w_ax@goal=+1.62 w_v@goal=19.84 return=1011.2 length=79 success_rate=1.00 collisions/ep=0.00 (n=27)
Evaluation at update 70: return=1012.20, length=78.05, success_rate=1.00, collisions/ep=0.00
Solved-check at update 70: solved=True worst_gap=1.00 at p_x0=1.50 p_y0=-1.00 (consecutive=12)
update=71 global_step=145408 SPS=672 w_ev=0.994 m_ev=1.000 m_v_bias=0.7 m_adv_std=3.3705 m_kl_max=0.0106 m_ratio_max=0.453 w_ax@goal=+1.53 w_v@goal=19.83 return=1011.0 length=79 success_rate=1.00 collisions/ep=0.00 (n=26)
update=72 global_step=147456 SPS=676 w_ev=0.981 m_ev=1.000 m_v_bias=-0.6 m_adv_std=3.2891 m_kl_max=0.0099 m_ratio_max=0.340 w_ax@goal=+1.63 w_v@goal=19.85 return=1011.3 length=80 success_rate=1.00 collisions/ep=0.00 (n=25)
update=73 global_step=149504 SPS=679 w_ev=0.981 m_ev=1.000 m_v_bias=-0.3 m_adv_std=3.3065 m_kl_max=0.0175 m_ratio_max=0.556 w_ax@goal=+1.60 w_v@goal=19.80 return=1011.2 length=79 success_rate=1.00 collisions/ep=0.00 (n=26)
update=74 global_step=151552 SPS=682 w_ev=0.989 m_ev=1.000 m_v_bias=-0.3 m_adv_std=3.0665 m_kl_max=0.0011 m_ratio_max=0.211 w_ax@goal=+1.62 w_v@goal=19.79 return=1011.1 length=78 success_rate=1.00 collisions/ep=0.00 (n=27)
update=75 global_step=153600 SPS=686 w_ev=0.987 m_ev=1.000 m_v_bias=1.6 m_adv_std=3.5557 m_kl_max=0.0058 m_ratio_max=0.306 w_ax@goal=+1.59 w_v@goal=19.80 return=1011.1 length=79 success_rate=1.00 collisions/ep=0.00 (n=25)
Evaluation at update 75: return=1012.25, length=78.00, success_rate=1.00, collisions/ep=0.00
Solved-check at update 75: solved=True worst_gap=1.00 at p_x0=1.50 p_y0=1.00 (consecutive=13)
update=76 global_step=155648 SPS=671 w_ev=0.984 m_ev=1.000 m_v_bias=-0.4 m_adv_std=3.2511 m_kl_max=0.0173 m_ratio_max=0.478 w_ax@goal=+1.61 w_v@goal=19.84 return=1011.6 length=81 success_rate=1.00 collisions/ep=0.00 (n=26)
update=77 global_step=157696 SPS=674 w_ev=0.998 m_ev=1.000 m_v_bias=-0.9 m_adv_std=2.9421 m_kl_max=0.0171 m_ratio_max=0.737 w_ax@goal=+1.72 w_v@goal=19.76 return=1011.6 length=80 success_rate=1.00 collisions/ep=0.00 (n=25)
update=78 global_step=159744 SPS=677 w_ev=0.994 m_ev=1.000 m_v_bias=1.3 m_adv_std=3.2699 m_kl_max=0.0099 m_ratio_max=0.318 w_ax@goal=+1.76 w_v@goal=19.82 return=1010.9 length=78 success_rate=1.00 collisions/ep=0.00 (n=28)
update=79 global_step=161792 SPS=680 w_ev=0.996 m_ev=1.000 m_v_bias=-0.8 m_adv_std=3.1393 m_kl_max=0.0027 m_ratio_max=0.173 w_ax@goal=+1.72 w_v@goal=19.83 return=1011.6 length=80 success_rate=1.00 collisions/ep=0.00 (n=24)
update=80 global_step=163840 SPS=683 w_ev=0.997 m_ev=1.000 m_v_bias=-0.2 m_adv_std=3.3139 m_kl_max=0.0121 m_ratio_max=0.465 w_ax@goal=+1.57 w_v@goal=19.82 return=1011.2 length=79 success_rate=1.00 collisions/ep=0.00 (n=25)
Evaluation at update 80: return=1012.30, length=77.95, success_rate=1.00, collisions/ep=0.00
Solved-check at update 80: solved=True worst_gap=1.00 at p_x0=1.00 p_y0=0.50 (consecutive=14)
update=81 global_step=165888 SPS=670 w_ev=0.995 m_ev=0.999 m_v_bias=-0.7 m_adv_std=3.7558 m_kl_max=0.0089 m_ratio_max=0.406 w_ax@goal=+1.60 w_v@goal=19.79 return=1011.4 length=79 success_rate=1.00 collisions/ep=0.00 (n=26)
update=82 global_step=167936 SPS=672 w_ev=0.989 m_ev=0.995 m_v_bias=3.3 m_adv_std=11.2240 m_kl_max=0.0094 m_ratio_max=0.492 w_ax@goal=+1.59 w_v@goal=19.82 return=1007.3 length=79 success_rate=1.00 collisions/ep=0.07 (n=27)
update=83 global_step=169984 SPS=674 w_ev=0.998 m_ev=0.999 m_v_bias=-1.0 m_adv_std=4.2849 m_kl_max=0.0056 m_ratio_max=0.299 w_ax@goal=+1.54 w_v@goal=19.84 return=1010.7 length=76 success_rate=1.00 collisions/ep=0.00 (n=27)
update=84 global_step=172032 SPS=677 w_ev=0.696 m_ev=0.770 m_v_bias=15.1 m_adv_std=90.3207 m_kl_max=0.0230 m_ratio_max=0.574 w_ax@goal=+1.57 w_v@goal=19.83 return=977.6 length=78 success_rate=1.00 collisions/ep=0.67 (n=24)
update=85 global_step=174080 SPS=680 w_ev=0.961 m_ev=0.966 m_v_bias=-10.6 m_adv_std=31.1203 m_kl_max=0.0097 m_ratio_max=0.384 w_ax@goal=+1.62 w_v@goal=19.78 return=1011.4 length=80 success_rate=1.00 collisions/ep=0.00 (n=27)
Evaluation at update 85: return=1012.25, length=78.00, success_rate=1.00, collisions/ep=0.00
Solved-check at update 85: solved=True worst_gap=1.00 at p_x0=1.50 p_y0=-0.50 (consecutive=15)
update=86 global_step=176128 SPS=668 w_ev=0.991 m_ev=0.998 m_v_bias=0.2 m_adv_std=7.4140 m_kl_max=0.0167 m_ratio_max=0.648 w_ax@goal=+1.61 w_v@goal=19.89 return=1011.4 length=80 success_rate=1.00 collisions/ep=0.00 (n=26)
update=87 global_step=178176 SPS=671 w_ev=0.997 m_ev=0.999 m_v_bias=0.0 m_adv_std=5.2289 m_kl_max=0.0065 m_ratio_max=0.354 w_ax@goal=+1.56 w_v@goal=19.83 return=1011.4 length=80 success_rate=1.00 collisions/ep=0.00 (n=26)
update=88 global_step=180224 SPS=673 w_ev=0.989 m_ev=0.999 m_v_bias=1.1 m_adv_std=4.2171 m_kl_max=0.0109 m_ratio_max=0.345 w_ax@goal=+1.47 w_v@goal=19.82 return=1010.8 length=78 success_rate=1.00 collisions/ep=0.00 (n=25)
update=89 global_step=182272 SPS=676 w_ev=0.998 m_ev=1.000 m_v_bias=-1.1 m_adv_std=3.3712 m_kl_max=0.0053 m_ratio_max=0.282 w_ax@goal=+1.57 w_v@goal=19.82 return=1011.7 length=79 success_rate=1.00 collisions/ep=0.00 (n=26)
update=90 global_step=184320 SPS=679 w_ev=0.996 m_ev=1.000 m_v_bias=0.0 m_adv_std=3.4374 m_kl_max=0.0014 m_ratio_max=0.217 w_ax@goal=+1.53 w_v@goal=19.83 return=1011.6 length=79 success_rate=1.00 collisions/ep=0.00 (n=25)
Evaluation at update 90: return=1012.25, length=78.00, success_rate=1.00, collisions/ep=0.00
Solved-check at update 90: solved=True worst_gap=1.00 at p_x0=1.50 p_y0=0.00 (consecutive=16)
update=91 global_step=186368 SPS=668 w_ev=0.998 m_ev=1.000 m_v_bias=-1.1 m_adv_std=3.2035 m_kl_max=0.0015 m_ratio_max=0.189 w_ax@goal=+1.58 w_v@goal=19.81 return=1011.5 length=80 success_rate=1.00 collisions/ep=0.00 (n=28)
update=92 global_step=188416 SPS=670 w_ev=0.998 m_ev=1.000 m_v_bias=0.2 m_adv_std=3.3549 m_kl_max=0.0058 m_ratio_max=0.310 w_ax@goal=+1.55 w_v@goal=19.81 return=1011.5 length=79 success_rate=1.00 collisions/ep=0.00 (n=26)
update=93 global_step=190464 SPS=673 w_ev=0.998 m_ev=1.000 m_v_bias=0.0 m_adv_std=2.8591 m_kl_max=0.0169 m_ratio_max=0.425 w_ax@goal=+1.61 w_v@goal=19.82 return=1011.9 length=80 success_rate=1.00 collisions/ep=0.00 (n=24)
update=94 global_step=192512 SPS=675 w_ev=0.994 m_ev=1.000 m_v_bias=-0.9 m_adv_std=3.2132 m_kl_max=0.0043 m_ratio_max=0.469 w_ax@goal=+1.43 w_v@goal=19.82 return=1011.9 length=80 success_rate=1.00 collisions/ep=0.00 (n=26)
update=95 global_step=194560 SPS=678 w_ev=0.993 m_ev=1.000 m_v_bias=-0.3 m_adv_std=2.8298 m_kl_max=0.0053 m_ratio_max=0.268 w_ax@goal=+1.42 w_v@goal=19.82 return=1011.7 length=78 success_rate=1.00 collisions/ep=0.00 (n=28)
Evaluation at update 95: return=1012.35, length=77.90, success_rate=1.00, collisions/ep=0.00
Solved-check at update 95: solved=True worst_gap=1.00 at p_x0=1.00 p_y0=-0.50 (consecutive=17)
update=96 global_step=196608 SPS=666 w_ev=0.999 m_ev=1.000 m_v_bias=1.4 m_adv_std=3.1693 m_kl_max=0.0127 m_ratio_max=0.486 w_ax@goal=+1.38 w_v@goal=19.83 return=1011.1 length=77 success_rate=1.00 collisions/ep=0.00 (n=24)
update=97 global_step=198656 SPS=669 w_ev=0.998 m_ev=1.000 m_v_bias=1.0 m_adv_std=3.3370 m_kl_max=0.0043 m_ratio_max=0.285 w_ax@goal=+1.42 w_v@goal=19.84 return=1011.5 length=79 success_rate=1.00 collisions/ep=0.00 (n=26)
update=98 global_step=200704 SPS=671 w_ev=0.998 m_ev=1.000 m_v_bias=-0.8 m_adv_std=2.7855 m_kl_max=0.0102 m_ratio_max=0.471 w_ax@goal=+1.53 w_v@goal=19.82 return=1011.8 length=80 success_rate=1.00 collisions/ep=0.00 (n=26)
update=99 global_step=202752 SPS=673 w_ev=0.991 m_ev=0.999 m_v_bias=1.6 m_adv_std=3.7294 m_kl_max=0.0106 m_ratio_max=0.321 w_ax@goal=+1.31 w_v@goal=19.79 return=1011.7 length=80 success_rate=1.00 collisions/ep=0.00 (n=27)
update=100 global_step=204800 SPS=675 w_ev=0.973 m_ev=1.000 m_v_bias=-0.6 m_adv_std=3.4927 m_kl_max=0.0015 m_ratio_max=0.142 w_ax@goal=+1.35 w_v@goal=19.75 return=1011.2 length=78 success_rate=1.00 collisions/ep=0.00 (n=25)
Evaluation at update 100: return=1012.35, length=77.90, success_rate=1.00, collisions/ep=0.00
Solved-check at update 100: solved=True worst_gap=1.00 at p_x0=1.00 p_y0=-1.00 (consecutive=18)
Saved checkpoints to C:\Users\loren\Desktop\MASTER THESIS\5_CODE\scenarios\tunnel\studies\hppo\runs\hppo_tunnel_12_1791080008
