Using device: cpu
Solved-check: precomputed optimal returns for 25 fixed initial conditions (mean=1013.0, min=1011.0, max=1015.0); solved-tolerance=5.0
num_envs=8 num_steps_per_env=256 worker_batch_size=2048 worker_minibatch_size=256 num_updates=100 timesteps=204800
update=1 global_step=2048 SPS=1119 w_ev=0.018 m_ev=-0.001 m_v_bias=112.8 m_adv_std=86.9618 m_kl_max=0.0012 m_ratio_max=0.220 w_ax@goal=-0.20 w_v@goal=-0.23 return=-507.1 length=200 success_rate=0.00 collisions/ep=6.38 (n=8)
update=2 global_step=4096 SPS=1138 w_ev=-0.053 m_ev=0.048 m_v_bias=-4.4 m_adv_std=154.3018 m_kl_max=0.0038 m_ratio_max=0.319 w_ax@goal=-0.03 w_v@goal=-0.56 return=-229.9 length=194 success_rate=0.12 collisions/ep=3.50 (n=8)
update=3 global_step=6144 SPS=1110 w_ev=0.154 m_ev=0.318 m_v_bias=-65.0 m_adv_std=206.4742 m_kl_max=0.0027 m_ratio_max=0.353 w_ax@goal=+0.14 w_v@goal=0.06 return=-14.5 length=180 success_rate=0.30 collisions/ep=3.20 (n=10)
update=4 global_step=8192 SPS=1089 w_ev=0.740 m_ev=0.754 m_v_bias=-78.2 m_adv_std=140.6319 m_kl_max=0.0030 m_ratio_max=0.241 w_ax@goal=-0.05 w_v@goal=5.57 return=22.0 length=182 success_rate=0.21 collisions/ep=0.71 (n=14)
update=5 global_step=10240 SPS=1068 w_ev=0.866 m_ev=0.860 m_v_bias=-110.9 m_adv_std=132.1577 m_kl_max=0.0029 m_ratio_max=0.334 w_ax@goal=+0.08 w_v@goal=9.77 return=694.4 length=145 success_rate=0.80 collisions/ep=0.60 (n=15)
Evaluation at update 5: return=984.25, length=108.25, success_rate=1.00, collisions/ep=0.00
Solved-check at update 5: solved=False worst_gap=31.98 at p_x0=2.00 p_y0=1.00 (consecutive=0)
update=6 global_step=12288 SPS=638 w_ev=0.954 m_ev=0.877 m_v_bias=-132.8 m_adv_std=105.9265 m_kl_max=0.0030 m_ratio_max=0.272 w_ax@goal=+0.19 w_v@goal=15.60 return=726.1 length=146 success_rate=0.80 collisions/ep=0.07 (n=15)
update=7 global_step=14336 SPS=679 w_ev=0.952 m_ev=0.712 m_v_bias=-27.9 m_adv_std=131.9960 m_kl_max=0.0036 m_ratio_max=0.268 w_ax@goal=+0.37 w_v@goal=19.15 return=961.8 length=128 success_rate=1.00 collisions/ep=0.00 (n=15)
update=8 global_step=16384 SPS=716 w_ev=0.966 m_ev=0.926 m_v_bias=-36.1 m_adv_std=60.9552 m_kl_max=0.0008 m_ratio_max=0.185 w_ax@goal=+0.54 w_v@goal=19.68 return=925.8 length=106 success_rate=0.95 collisions/ep=0.05 (n=20)
update=9 global_step=18432 SPS=745 w_ev=0.950 m_ev=0.949 m_v_bias=-26.2 m_adv_std=41.7175 m_kl_max=0.0103 m_ratio_max=0.434 w_ax@goal=+0.63 w_v@goal=20.20 return=992.5 length=97 success_rate=1.00 collisions/ep=0.00 (n=22)
update=10 global_step=20480 SPS=770 w_ev=0.947 m_ev=0.957 m_v_bias=5.3 m_adv_std=37.7245 m_kl_max=0.0044 m_ratio_max=0.337 w_ax@goal=+0.24 w_v@goal=19.73 return=999.4 length=92 success_rate=1.00 collisions/ep=0.00 (n=23)
Evaluation at update 10: return=1008.64, length=83.85, success_rate=1.00, collisions/ep=0.00
Solved-check at update 10: solved=False worst_gap=6.99 at p_x0=2.00 p_y0=1.00 (consecutive=0)
update=11 global_step=22528 SPS=661 w_ev=0.953 m_ev=0.983 m_v_bias=0.4 m_adv_std=22.4073 m_kl_max=0.0214 m_ratio_max=0.868 w_ax@goal=+0.33 w_v@goal=19.50 return=999.9 length=88 success_rate=1.00 collisions/ep=0.05 (n=22)
update=12 global_step=24576 SPS=684 w_ev=0.968 m_ev=0.991 m_v_bias=-3.7 m_adv_std=16.2076 m_kl_max=0.0106 m_ratio_max=0.464 w_ax@goal=+0.68 w_v@goal=19.68 return=1005.1 length=87 success_rate=1.00 collisions/ep=0.00 (n=25)
update=13 global_step=26624 SPS=706 w_ev=0.965 m_ev=0.992 m_v_bias=0.6 m_adv_std=14.8809 m_kl_max=0.0110 m_ratio_max=0.450 w_ax@goal=+0.84 w_v@goal=19.61 return=1006.0 length=86 success_rate=1.00 collisions/ep=0.00 (n=23)
update=14 global_step=28672 SPS=725 w_ev=0.945 m_ev=0.991 m_v_bias=4.9 m_adv_std=15.2792 m_kl_max=0.0106 m_ratio_max=0.587 w_ax@goal=+0.67 w_v@goal=19.50 return=1007.0 length=84 success_rate=1.00 collisions/ep=0.00 (n=24)
update=15 global_step=30720 SPS=741 w_ev=0.949 m_ev=0.992 m_v_bias=-0.5 m_adv_std=14.9079 m_kl_max=0.0158 m_ratio_max=0.639 w_ax@goal=+0.51 w_v@goal=19.41 return=1006.5 length=84 success_rate=1.00 collisions/ep=0.00 (n=26)
Evaluation at update 15: return=1010.43, length=82.05, success_rate=1.00, collisions/ep=0.00
Solved-check at update 15: solved=True worst_gap=3.99 at p_x0=2.00 p_y0=1.00 (consecutive=0)
update=16 global_step=32768 SPS=670 w_ev=0.956 m_ev=0.996 m_v_bias=-2.6 m_adv_std=10.1954 m_kl_max=0.0075 m_ratio_max=0.375 w_ax@goal=+0.50 w_v@goal=19.41 return=1007.0 length=82 success_rate=1.00 collisions/ep=0.00 (n=24)
update=17 global_step=34816 SPS=685 w_ev=0.939 m_ev=0.995 m_v_bias=1.2 m_adv_std=11.7961 m_kl_max=0.0080 m_ratio_max=0.359 w_ax@goal=+0.74 w_v@goal=19.63 return=1006.9 length=83 success_rate=1.00 collisions/ep=0.00 (n=24)
update=18 global_step=36864 SPS=699 w_ev=0.958 m_ev=0.996 m_v_bias=-1.6 m_adv_std=10.7010 m_kl_max=0.0097 m_ratio_max=0.449 w_ax@goal=+0.75 w_v@goal=19.32 return=1007.0 length=82 success_rate=1.00 collisions/ep=0.00 (n=24)
update=19 global_step=38912 SPS=711 w_ev=0.965 m_ev=0.997 m_v_bias=-4.4 m_adv_std=8.5727 m_kl_max=0.0177 m_ratio_max=0.566 w_ax@goal=+0.76 w_v@goal=19.43 return=1008.0 length=82 success_rate=1.00 collisions/ep=0.00 (n=27)
update=20 global_step=40960 SPS=723 w_ev=0.952 m_ev=0.998 m_v_bias=-1.2 m_adv_std=7.4089 m_kl_max=0.0258 m_ratio_max=0.576 w_ax@goal=+0.75 w_v@goal=19.56 return=1009.1 length=84 success_rate=1.00 collisions/ep=0.00 (n=24)
Evaluation at update 20: return=1010.93, length=81.55, success_rate=1.00, collisions/ep=0.00
Solved-check at update 20: solved=True worst_gap=3.00 at p_x0=2.00 p_y0=1.00 (consecutive=1)
Solved criterion held for 2 consecutive evals (tolerance=5.0) at global_step=40960.
update=21 global_step=43008 SPS=668 w_ev=0.956 m_ev=0.998 m_v_bias=-1.3 m_adv_std=7.7619 m_kl_max=0.0140 m_ratio_max=0.521 w_ax@goal=+0.89 w_v@goal=19.66 return=1008.7 length=83 success_rate=1.00 collisions/ep=0.00 (n=24)
update=22 global_step=45056 SPS=680 w_ev=0.951 m_ev=0.998 m_v_bias=-1.5 m_adv_std=7.5674 m_kl_max=0.0078 m_ratio_max=0.469 w_ax@goal=+1.11 w_v@goal=19.66 return=1008.8 length=84 success_rate=1.00 collisions/ep=0.00 (n=25)
update=23 global_step=47104 SPS=692 w_ev=0.949 m_ev=0.998 m_v_bias=-1.1 m_adv_std=6.6422 m_kl_max=0.0145 m_ratio_max=0.391 w_ax@goal=+1.08 w_v@goal=19.61 return=1008.9 length=81 success_rate=1.00 collisions/ep=0.00 (n=25)
update=24 global_step=49152 SPS=703 w_ev=0.956 m_ev=0.998 m_v_bias=-0.1 m_adv_std=6.8384 m_kl_max=0.0126 m_ratio_max=0.421 w_ax@goal=+1.04 w_v@goal=19.68 return=1008.9 length=82 success_rate=1.00 collisions/ep=0.00 (n=27)
update=25 global_step=51200 SPS=711 w_ev=0.949 m_ev=0.999 m_v_bias=-0.9 m_adv_std=5.8781 m_kl_max=0.0268 m_ratio_max=0.674 w_ax@goal=+1.06 w_v@goal=19.57 return=1008.8 length=82 success_rate=1.00 collisions/ep=0.00 (n=24)
Evaluation at update 25: return=1011.13, length=81.35, success_rate=1.00, collisions/ep=0.00
Solved-check at update 25: solved=True worst_gap=2.99 at p_x0=1.00 p_y0=1.00 (consecutive=2)
update=26 global_step=53248 SPS=672 w_ev=0.949 m_ev=0.999 m_v_bias=0.8 m_adv_std=5.7682 m_kl_max=0.0046 m_ratio_max=0.356 w_ax@goal=+0.99 w_v@goal=19.50 return=1008.0 length=80 success_rate=1.00 collisions/ep=0.00 (n=25)
update=27 global_step=55296 SPS=681 w_ev=0.953 m_ev=0.999 m_v_bias=0.2 m_adv_std=5.9849 m_kl_max=0.0031 m_ratio_max=0.308 w_ax@goal=+0.93 w_v@goal=19.67 return=1009.1 length=81 success_rate=1.00 collisions/ep=0.00 (n=25)
update=28 global_step=57344 SPS=690 w_ev=0.961 m_ev=0.999 m_v_bias=1.2 m_adv_std=5.7606 m_kl_max=0.0109 m_ratio_max=0.822 w_ax@goal=+0.88 w_v@goal=19.53 return=1008.9 length=81 success_rate=1.00 collisions/ep=0.00 (n=26)
update=29 global_step=59392 SPS=698 w_ev=0.963 m_ev=0.999 m_v_bias=-0.4 m_adv_std=6.3691 m_kl_max=0.0111 m_ratio_max=0.467 w_ax@goal=+0.93 w_v@goal=19.61 return=1009.5 length=81 success_rate=1.00 collisions/ep=0.00 (n=25)
update=30 global_step=61440 SPS=707 w_ev=0.949 m_ev=0.999 m_v_bias=0.6 m_adv_std=4.8991 m_kl_max=0.0038 m_ratio_max=0.427 w_ax@goal=+1.05 w_v@goal=19.58 return=1009.3 length=79 success_rate=1.00 collisions/ep=0.00 (n=26)
Evaluation at update 30: return=1011.73, length=80.75, success_rate=1.00, collisions/ep=0.00
Solved-check at update 30: solved=True worst_gap=2.00 at p_x0=2.00 p_y0=-1.00 (consecutive=3)
update=31 global_step=63488 SPS=672 w_ev=0.953 m_ev=0.999 m_v_bias=0.9 m_adv_std=5.7985 m_kl_max=0.0095 m_ratio_max=0.394 w_ax@goal=+1.06 w_v@goal=19.47 return=1009.3 length=80 success_rate=1.00 collisions/ep=0.00 (n=26)
update=32 global_step=65536 SPS=681 w_ev=0.950 m_ev=0.999 m_v_bias=0.9 m_adv_std=5.8681 m_kl_max=0.0018 m_ratio_max=0.183 w_ax@goal=+1.00 w_v@goal=19.70 return=1008.7 length=80 success_rate=1.00 collisions/ep=0.00 (n=24)
update=33 global_step=67584 SPS=690 w_ev=0.943 m_ev=0.999 m_v_bias=-1.8 m_adv_std=4.3613 m_kl_max=0.0063 m_ratio_max=0.413 w_ax@goal=+1.18 w_v@goal=19.46 return=1010.0 length=81 success_rate=1.00 collisions/ep=0.00 (n=25)
update=34 global_step=69632 SPS=699 w_ev=0.969 m_ev=0.999 m_v_bias=-0.9 m_adv_std=4.4557 m_kl_max=0.0125 m_ratio_max=0.430 w_ax@goal=+1.21 w_v@goal=19.52 return=1010.1 length=82 success_rate=1.00 collisions/ep=0.00 (n=25)
update=35 global_step=71680 SPS=708 w_ev=0.959 m_ev=0.999 m_v_bias=-1.7 m_adv_std=4.5974 m_kl_max=0.0140 m_ratio_max=0.459 w_ax@goal=+1.29 w_v@goal=19.72 return=1010.2 length=81 success_rate=1.00 collisions/ep=0.00 (n=26)
Evaluation at update 35: return=1011.78, length=80.70, success_rate=1.00, collisions/ep=0.00
Solved-check at update 35: solved=True worst_gap=2.00 at p_x0=1.50 p_y0=1.00 (consecutive=4)
update=36 global_step=73728 SPS=680 w_ev=0.950 m_ev=0.999 m_v_bias=1.0 m_adv_std=4.4463 m_kl_max=0.0101 m_ratio_max=0.371 w_ax@goal=+1.14 w_v@goal=19.69 return=1010.3 length=82 success_rate=1.00 collisions/ep=0.00 (n=25)
update=37 global_step=75776 SPS=688 w_ev=0.967 m_ev=0.999 m_v_bias=-0.1 m_adv_std=4.4384 m_kl_max=0.0073 m_ratio_max=0.340 w_ax@goal=+0.96 w_v@goal=19.72 return=1010.1 length=81 success_rate=1.00 collisions/ep=0.00 (n=26)
update=38 global_step=77824 SPS=695 w_ev=0.961 m_ev=0.999 m_v_bias=-1.9 m_adv_std=4.0196 m_kl_max=0.0088 m_ratio_max=0.415 w_ax@goal=+1.10 w_v@goal=19.64 return=1010.5 length=81 success_rate=1.00 collisions/ep=0.00 (n=24)
update=39 global_step=79872 SPS=703 w_ev=0.969 m_ev=0.999 m_v_bias=1.2 m_adv_std=4.8279 m_kl_max=0.0109 m_ratio_max=0.471 w_ax@goal=+1.17 w_v@goal=19.78 return=1009.8 length=81 success_rate=1.00 collisions/ep=0.00 (n=26)
update=40 global_step=81920 SPS=712 w_ev=0.968 m_ev=0.999 m_v_bias=-0.2 m_adv_std=4.5774 m_kl_max=0.0038 m_ratio_max=0.254 w_ax@goal=+1.22 w_v@goal=19.77 return=1010.0 length=79 success_rate=1.00 collisions/ep=0.00 (n=25)
Evaluation at update 40: return=1011.87, length=80.60, success_rate=1.00, collisions/ep=0.00
Solved-check at update 40: solved=True worst_gap=2.00 at p_x0=2.00 p_y0=-1.00 (consecutive=5)
update=41 global_step=83968 SPS=690 w_ev=0.980 m_ev=0.999 m_v_bias=-0.3 m_adv_std=4.1105 m_kl_max=0.0037 m_ratio_max=0.292 w_ax@goal=+1.14 w_v@goal=19.76 return=1010.5 length=80 success_rate=1.00 collisions/ep=0.00 (n=26)
update=42 global_step=86016 SPS=697 w_ev=0.971 m_ev=0.999 m_v_bias=1.9 m_adv_std=5.5788 m_kl_max=0.0127 m_ratio_max=0.375 w_ax@goal=+1.16 w_v@goal=19.72 return=1010.1 length=81 success_rate=1.00 collisions/ep=0.00 (n=24)
update=43 global_step=88064 SPS=704 w_ev=0.971 m_ev=0.999 m_v_bias=-0.7 m_adv_std=5.0098 m_kl_max=0.0036 m_ratio_max=0.321 w_ax@goal=+1.09 w_v@goal=19.76 return=1010.4 length=80 success_rate=1.00 collisions/ep=0.00 (n=28)
update=44 global_step=90112 SPS=712 w_ev=0.980 m_ev=0.999 m_v_bias=0.2 m_adv_std=3.7320 m_kl_max=0.0019 m_ratio_max=0.218 w_ax@goal=+1.14 w_v@goal=19.68 return=1010.6 length=80 success_rate=1.00 collisions/ep=0.00 (n=26)
update=45 global_step=92160 SPS=719 w_ev=0.982 m_ev=0.999 m_v_bias=-0.2 m_adv_std=4.7002 m_kl_max=0.0170 m_ratio_max=0.445 w_ax@goal=+1.09 w_v@goal=19.73 return=1010.6 length=81 success_rate=1.00 collisions/ep=0.00 (n=24)
Evaluation at update 45: return=1011.92, length=80.55, success_rate=1.00, collisions/ep=0.00
Solved-check at update 45: solved=True worst_gap=2.00 at p_x0=1.50 p_y0=-1.00 (consecutive=6)
update=46 global_step=94208 SPS=700 w_ev=0.979 m_ev=0.999 m_v_bias=-0.7 m_adv_std=4.1688 m_kl_max=0.0028 m_ratio_max=0.303 w_ax@goal=+1.12 w_v@goal=19.70 return=1010.4 length=79 success_rate=1.00 collisions/ep=0.00 (n=25)
update=47 global_step=96256 SPS=707 w_ev=0.981 m_ev=0.999 m_v_bias=-0.3 m_adv_std=4.8660 m_kl_max=0.0146 m_ratio_max=0.499 w_ax@goal=+1.14 w_v@goal=19.78 return=1010.5 length=80 success_rate=1.00 collisions/ep=0.00 (n=26)
update=48 global_step=98304 SPS=713 w_ev=0.978 m_ev=0.999 m_v_bias=0.8 m_adv_std=4.2505 m_kl_max=0.0016 m_ratio_max=0.205 w_ax@goal=+1.25 w_v@goal=19.85 return=1010.6 length=80 success_rate=1.00 collisions/ep=0.00 (n=26)
update=49 global_step=100352 SPS=720 w_ev=0.977 m_ev=0.999 m_v_bias=1.5 m_adv_std=4.1760 m_kl_max=0.0151 m_ratio_max=0.457 w_ax@goal=+1.09 w_v@goal=19.78 return=1010.7 length=81 success_rate=1.00 collisions/ep=0.00 (n=26)
update=50 global_step=102400 SPS=726 w_ev=0.981 m_ev=0.999 m_v_bias=-1.2 m_adv_std=4.7765 m_kl_max=0.0112 m_ratio_max=0.458 w_ax@goal=+1.25 w_v@goal=19.73 return=1010.5 length=80 success_rate=1.00 collisions/ep=0.00 (n=25)
Evaluation at update 50: return=1012.02, length=80.45, success_rate=1.00, collisions/ep=0.00
Solved-check at update 50: solved=True worst_gap=2.00 at p_x0=1.50 p_y0=-1.00 (consecutive=7)
update=51 global_step=104448 SPS=708 w_ev=0.980 m_ev=0.999 m_v_bias=-1.0 m_adv_std=4.0075 m_kl_max=0.0051 m_ratio_max=0.374 w_ax@goal=+1.27 w_v@goal=19.71 return=1010.6 length=79 success_rate=1.00 collisions/ep=0.00 (n=25)
update=52 global_step=106496 SPS=714 w_ev=0.993 m_ev=0.999 m_v_bias=0.9 m_adv_std=4.7749 m_kl_max=0.0161 m_ratio_max=0.520 w_ax@goal=+1.31 w_v@goal=19.73 return=1010.3 length=78 success_rate=1.00 collisions/ep=0.00 (n=26)
update=53 global_step=108544 SPS=720 w_ev=0.966 m_ev=0.999 m_v_bias=-0.2 m_adv_std=3.9223 m_kl_max=0.0085 m_ratio_max=0.447 w_ax@goal=+1.30 w_v@goal=19.75 return=1011.0 length=82 success_rate=1.00 collisions/ep=0.00 (n=26)
update=54 global_step=110592 SPS=725 w_ev=0.988 m_ev=1.000 m_v_bias=-0.4 m_adv_std=3.4112 m_kl_max=0.0051 m_ratio_max=0.268 w_ax@goal=+1.43 w_v@goal=19.77 return=1011.0 length=81 success_rate=1.00 collisions/ep=0.00 (n=25)
update=55 global_step=112640 SPS=731 w_ev=0.967 m_ev=0.999 m_v_bias=0.1 m_adv_std=3.7454 m_kl_max=0.0182 m_ratio_max=0.500 w_ax@goal=+1.45 w_v@goal=19.70 return=1010.8 length=79 success_rate=1.00 collisions/ep=0.00 (n=27)
Evaluation at update 55: return=1012.27, length=80.20, success_rate=1.00, collisions/ep=0.00
Solved-check at update 55: solved=True worst_gap=2.00 at p_x0=0.50 p_y0=-1.00 (consecutive=8)
update=56 global_step=114688 SPS=714 w_ev=0.959 m_ev=0.999 m_v_bias=-1.4 m_adv_std=3.9615 m_kl_max=0.0301 m_ratio_max=0.757 w_ax@goal=+1.51 w_v@goal=19.67 return=1011.0 length=78 success_rate=1.00 collisions/ep=0.00 (n=25)
update=57 global_step=116736 SPS=720 w_ev=0.960 m_ev=1.000 m_v_bias=1.0 m_adv_std=3.2675 m_kl_max=0.0119 m_ratio_max=0.529 w_ax@goal=+1.45 w_v@goal=19.68 return=1011.2 length=81 success_rate=1.00 collisions/ep=0.00 (n=24)
update=58 global_step=118784 SPS=725 w_ev=0.957 m_ev=1.000 m_v_bias=-0.5 m_adv_std=3.4294 m_kl_max=0.0192 m_ratio_max=0.706 w_ax@goal=+1.29 w_v@goal=19.68 return=1011.3 length=81 success_rate=1.00 collisions/ep=0.00 (n=26)
update=59 global_step=120832 SPS=730 w_ev=0.978 m_ev=0.999 m_v_bias=-0.1 m_adv_std=3.7704 m_kl_max=0.0047 m_ratio_max=0.265 w_ax@goal=+1.40 w_v@goal=19.79 return=1011.2 length=81 success_rate=1.00 collisions/ep=0.00 (n=25)
update=60 global_step=122880 SPS=734 w_ev=0.951 m_ev=1.000 m_v_bias=0.3 m_adv_std=3.5068 m_kl_max=0.0059 m_ratio_max=0.315 w_ax@goal=+1.36 w_v@goal=19.75 return=1011.0 length=80 success_rate=1.00 collisions/ep=0.00 (n=28)
Evaluation at update 60: return=1012.52, length=79.95, success_rate=1.00, collisions/ep=0.00
Solved-check at update 60: solved=True worst_gap=1.00 at p_x0=2.00 p_y0=-1.00 (consecutive=9)
update=61 global_step=124928 SPS=719 w_ev=0.976 m_ev=0.999 m_v_bias=0.8 m_adv_std=3.6869 m_kl_max=0.0109 m_ratio_max=0.390 w_ax@goal=+1.16 w_v@goal=19.78 return=1010.7 length=80 success_rate=1.00 collisions/ep=0.00 (n=24)
update=62 global_step=126976 SPS=724 w_ev=0.968 m_ev=1.000 m_v_bias=-0.8 m_adv_std=3.5828 m_kl_max=0.0024 m_ratio_max=0.228 w_ax@goal=+1.29 w_v@goal=19.74 return=1011.3 length=81 success_rate=1.00 collisions/ep=0.00 (n=25)
update=63 global_step=129024 SPS=729 w_ev=0.964 m_ev=1.000 m_v_bias=0.8 m_adv_std=3.2900 m_kl_max=0.0012 m_ratio_max=0.158 w_ax@goal=+1.25 w_v@goal=19.78 return=1011.3 length=81 success_rate=1.00 collisions/ep=0.00 (n=25)
update=64 global_step=131072 SPS=734 w_ev=0.941 m_ev=0.999 m_v_bias=-0.8 m_adv_std=3.7140 m_kl_max=0.0185 m_ratio_max=0.523 w_ax@goal=+1.05 w_v@goal=19.75 return=1010.9 length=79 success_rate=1.00 collisions/ep=0.00 (n=27)
update=65 global_step=133120 SPS=738 w_ev=0.985 m_ev=1.000 m_v_bias=-0.8 m_adv_std=3.6329 m_kl_max=0.0115 m_ratio_max=0.377 w_ax@goal=+1.11 w_v@goal=19.82 return=1011.1 length=81 success_rate=1.00 collisions/ep=0.00 (n=25)
Evaluation at update 65: return=1012.52, length=79.95, success_rate=1.00, collisions/ep=0.00
Solved-check at update 65: solved=True worst_gap=1.01 at p_x0=2.00 p_y0=-1.00 (consecutive=10)
update=66 global_step=135168 SPS=724 w_ev=0.970 m_ev=1.000 m_v_bias=0.1 m_adv_std=3.4321 m_kl_max=0.0064 m_ratio_max=0.269 w_ax@goal=+1.31 w_v@goal=19.87 return=1011.1 length=80 success_rate=1.00 collisions/ep=0.00 (n=27)
update=67 global_step=137216 SPS=728 w_ev=0.988 m_ev=1.000 m_v_bias=0.2 m_adv_std=3.3491 m_kl_max=0.0065 m_ratio_max=0.392 w_ax@goal=+1.20 w_v@goal=19.83 return=1011.0 length=80 success_rate=1.00 collisions/ep=0.00 (n=25)
update=68 global_step=139264 SPS=732 w_ev=0.978 m_ev=1.000 m_v_bias=0.9 m_adv_std=3.4486 m_kl_max=0.0145 m_ratio_max=0.618 w_ax@goal=+1.02 w_v@goal=19.75 return=1011.0 length=80 success_rate=1.00 collisions/ep=0.00 (n=25)
update=69 global_step=141312 SPS=737 w_ev=0.991 m_ev=0.999 m_v_bias=0.4 m_adv_std=3.7610 m_kl_max=0.0145 m_ratio_max=0.554 w_ax@goal=+1.23 w_v@goal=19.77 return=1010.9 length=81 success_rate=1.00 collisions/ep=0.00 (n=26)
update=70 global_step=143360 SPS=741 w_ev=0.988 m_ev=1.000 m_v_bias=-0.2 m_adv_std=3.3961 m_kl_max=0.0024 m_ratio_max=0.297 w_ax@goal=+1.16 w_v@goal=19.79 return=1010.9 length=80 success_rate=1.00 collisions/ep=0.00 (n=26)
Evaluation at update 70: return=1012.57, length=79.90, success_rate=1.00, collisions/ep=0.00
Solved-check at update 70: solved=True worst_gap=1.00 at p_x0=2.00 p_y0=1.00 (consecutive=11)
update=71 global_step=145408 SPS=726 w_ev=0.981 m_ev=1.000 m_v_bias=0.6 m_adv_std=3.1803 m_kl_max=0.0050 m_ratio_max=0.272 w_ax@goal=+1.12 w_v@goal=19.80 return=1010.7 length=79 success_rate=1.00 collisions/ep=0.00 (n=24)
update=72 global_step=147456 SPS=731 w_ev=0.977 m_ev=1.000 m_v_bias=-0.1 m_adv_std=3.4414 m_kl_max=0.0024 m_ratio_max=0.257 w_ax@goal=+1.06 w_v@goal=19.78 return=1010.9 length=80 success_rate=1.00 collisions/ep=0.00 (n=26)
update=73 global_step=149504 SPS=735 w_ev=0.967 m_ev=1.000 m_v_bias=-1.4 m_adv_std=3.2727 m_kl_max=0.0165 m_ratio_max=0.591 w_ax@goal=+1.15 w_v@goal=19.78 return=1011.4 length=80 success_rate=1.00 collisions/ep=0.00 (n=26)
update=74 global_step=151552 SPS=739 w_ev=0.980 m_ev=1.000 m_v_bias=-0.2 m_adv_std=2.9329 m_kl_max=0.0148 m_ratio_max=0.805 w_ax@goal=+1.19 w_v@goal=19.76 return=1011.3 length=79 success_rate=1.00 collisions/ep=0.00 (n=27)
update=75 global_step=153600 SPS=744 w_ev=0.990 m_ev=1.000 m_v_bias=0.4 m_adv_std=2.9965 m_kl_max=0.0047 m_ratio_max=0.372 w_ax@goal=+1.21 w_v@goal=19.74 return=1011.3 length=80 success_rate=1.00 collisions/ep=0.00 (n=25)
Evaluation at update 75: return=1012.67, length=79.80, success_rate=1.00, collisions/ep=0.00
Solved-check at update 75: solved=True worst_gap=1.01 at p_x0=1.50 p_y0=-1.00 (consecutive=12)
update=76 global_step=155648 SPS=729 w_ev=0.989 m_ev=1.000 m_v_bias=0.2 m_adv_std=2.9170 m_kl_max=0.0099 m_ratio_max=0.498 w_ax@goal=+1.45 w_v@goal=19.75 return=1011.1 length=79 success_rate=1.00 collisions/ep=0.00 (n=25)
update=77 global_step=157696 SPS=733 w_ev=0.985 m_ev=1.000 m_v_bias=0.1 m_adv_std=2.6802 m_kl_max=0.0017 m_ratio_max=0.172 w_ax@goal=+1.33 w_v@goal=19.80 return=1011.1 length=79 success_rate=1.00 collisions/ep=0.00 (n=26)
update=78 global_step=159744 SPS=736 w_ev=0.983 m_ev=1.000 m_v_bias=-0.2 m_adv_std=2.7521 m_kl_max=0.0055 m_ratio_max=0.338 w_ax@goal=+1.42 w_v@goal=19.76 return=1011.5 length=80 success_rate=1.00 collisions/ep=0.00 (n=27)
update=79 global_step=161792 SPS=741 w_ev=0.989 m_ev=1.000 m_v_bias=-0.6 m_adv_std=2.9594 m_kl_max=0.0091 m_ratio_max=0.464 w_ax@goal=+1.37 w_v@goal=19.78 return=1011.2 length=79 success_rate=1.00 collisions/ep=0.00 (n=27)
update=80 global_step=163840 SPS=744 w_ev=0.988 m_ev=1.000 m_v_bias=-1.7 m_adv_std=3.0930 m_kl_max=0.0035 m_ratio_max=0.465 w_ax@goal=+1.32 w_v@goal=19.80 return=1011.5 length=79 success_rate=1.00 collisions/ep=0.00 (n=25)
Evaluation at update 80: return=1012.67, length=79.80, success_rate=1.00, collisions/ep=0.00
Solved-check at update 80: solved=True worst_gap=1.01 at p_x0=1.50 p_y0=-1.00 (consecutive=13)
update=81 global_step=165888 SPS=732 w_ev=0.989 m_ev=1.000 m_v_bias=1.4 m_adv_std=3.0664 m_kl_max=0.0010 m_ratio_max=0.193 w_ax@goal=+1.20 w_v@goal=19.80 return=1011.3 length=80 success_rate=1.00 collisions/ep=0.00 (n=24)
update=82 global_step=167936 SPS=736 w_ev=0.990 m_ev=1.000 m_v_bias=-0.2 m_adv_std=2.9294 m_kl_max=0.0099 m_ratio_max=0.602 w_ax@goal=+1.23 w_v@goal=19.81 return=1011.5 length=81 success_rate=1.00 collisions/ep=0.00 (n=25)
update=83 global_step=169984 SPS=740 w_ev=0.995 m_ev=1.000 m_v_bias=-0.1 m_adv_std=3.1225 m_kl_max=0.0025 m_ratio_max=0.299 w_ax@goal=+1.20 w_v@goal=19.80 return=1011.8 length=82 success_rate=1.00 collisions/ep=0.00 (n=25)
update=84 global_step=172032 SPS=743 w_ev=0.991 m_ev=1.000 m_v_bias=0.2 m_adv_std=3.1924 m_kl_max=0.0008 m_ratio_max=0.190 w_ax@goal=+1.32 w_v@goal=19.80 return=1011.4 length=80 success_rate=1.00 collisions/ep=0.00 (n=27)
update=85 global_step=174080 SPS=747 w_ev=0.988 m_ev=1.000 m_v_bias=1.1 m_adv_std=3.7058 m_kl_max=0.0063 m_ratio_max=0.305 w_ax@goal=+1.31 w_v@goal=19.85 return=1011.4 length=79 success_rate=1.00 collisions/ep=0.00 (n=27)
Evaluation at update 85: return=1012.72, length=79.75, success_rate=1.00, collisions/ep=0.00
Solved-check at update 85: solved=True worst_gap=1.00 at p_x0=1.00 p_y0=-1.00 (consecutive=14)
update=86 global_step=176128 SPS=735 w_ev=0.970 m_ev=1.000 m_v_bias=0.4 m_adv_std=2.9889 m_kl_max=0.0046 m_ratio_max=0.272 w_ax@goal=+1.31 w_v@goal=19.82 return=1011.5 length=79 success_rate=1.00 collisions/ep=0.00 (n=24)
update=87 global_step=178176 SPS=739 w_ev=0.989 m_ev=1.000 m_v_bias=1.1 m_adv_std=3.1078 m_kl_max=0.0086 m_ratio_max=0.393 w_ax@goal=+1.34 w_v@goal=19.81 return=1011.4 length=79 success_rate=1.00 collisions/ep=0.00 (n=27)
update=88 global_step=180224 SPS=742 w_ev=0.988 m_ev=1.000 m_v_bias=-0.7 m_adv_std=2.9607 m_kl_max=0.0102 m_ratio_max=0.317 w_ax@goal=+1.40 w_v@goal=19.77 return=1011.4 length=78 success_rate=1.00 collisions/ep=0.00 (n=25)
update=89 global_step=182272 SPS=746 w_ev=0.993 m_ev=1.000 m_v_bias=1.0 m_adv_std=2.8458 m_kl_max=0.0105 m_ratio_max=0.350 w_ax@goal=+1.45 w_v@goal=19.81 return=1011.5 length=78 success_rate=1.00 collisions/ep=0.00 (n=26)
update=90 global_step=184320 SPS=750 w_ev=0.991 m_ev=1.000 m_v_bias=0.5 m_adv_std=3.2014 m_kl_max=0.0025 m_ratio_max=0.259 w_ax@goal=+1.45 w_v@goal=19.78 return=1011.4 length=78 success_rate=1.00 collisions/ep=0.00 (n=27)
Evaluation at update 90: return=1012.72, length=79.75, success_rate=1.00, collisions/ep=0.00
Solved-check at update 90: solved=True worst_gap=1.00 at p_x0=1.00 p_y0=0.00 (consecutive=15)
update=91 global_step=186368 SPS=738 w_ev=0.988 m_ev=1.000 m_v_bias=1.8 m_adv_std=3.2377 m_kl_max=0.0044 m_ratio_max=0.261 w_ax@goal=+1.34 w_v@goal=19.82 return=1011.2 length=78 success_rate=1.00 collisions/ep=0.00 (n=27)
update=92 global_step=188416 SPS=742 w_ev=0.993 m_ev=1.000 m_v_bias=-0.5 m_adv_std=3.0370 m_kl_max=0.0062 m_ratio_max=0.440 w_ax@goal=+1.41 w_v@goal=19.87 return=1011.7 length=80 success_rate=1.00 collisions/ep=0.00 (n=25)
update=93 global_step=190464 SPS=746 w_ev=0.997 m_ev=1.000 m_v_bias=1.1 m_adv_std=2.7647 m_kl_max=0.0045 m_ratio_max=0.490 w_ax@goal=+1.43 w_v@goal=19.85 return=1011.8 length=80 success_rate=1.00 collisions/ep=0.00 (n=25)
update=94 global_step=192512 SPS=749 w_ev=0.989 m_ev=1.000 m_v_bias=1.1 m_adv_std=2.8582 m_kl_max=0.0018 m_ratio_max=0.218 w_ax@goal=+1.35 w_v@goal=19.81 return=1010.8 length=78 success_rate=1.00 collisions/ep=0.00 (n=26)
update=95 global_step=194560 SPS=753 w_ev=0.991 m_ev=1.000 m_v_bias=-0.5 m_adv_std=3.5504 m_kl_max=0.0014 m_ratio_max=0.237 w_ax@goal=+1.22 w_v@goal=19.78 return=1011.4 length=79 success_rate=1.00 collisions/ep=0.00 (n=28)
Evaluation at update 95: return=1012.72, length=79.75, success_rate=1.00, collisions/ep=0.00
Solved-check at update 95: solved=True worst_gap=1.00 at p_x0=0.50 p_y0=0.00 (consecutive=16)
update=96 global_step=196608 SPS=744 w_ev=0.994 m_ev=1.000 m_v_bias=0.5 m_adv_std=2.4914 m_kl_max=0.0044 m_ratio_max=0.253 w_ax@goal=+1.31 w_v@goal=19.82 return=1011.8 length=81 success_rate=1.00 collisions/ep=0.00 (n=24)
update=97 global_step=198656 SPS=748 w_ev=0.990 m_ev=1.000 m_v_bias=1.4 m_adv_std=2.9283 m_kl_max=0.0082 m_ratio_max=0.378 w_ax@goal=+1.31 w_v@goal=19.83 return=1011.6 length=80 success_rate=1.00 collisions/ep=0.00 (n=26)
update=98 global_step=200704 SPS=752 w_ev=0.977 m_ev=1.000 m_v_bias=0.6 m_adv_std=2.6358 m_kl_max=0.0096 m_ratio_max=0.428 w_ax@goal=+1.48 w_v@goal=19.82 return=1011.8 length=81 success_rate=1.00 collisions/ep=0.00 (n=25)
update=99 global_step=202752 SPS=755 w_ev=0.984 m_ev=1.000 m_v_bias=-0.4 m_adv_std=2.5100 m_kl_max=0.0079 m_ratio_max=0.349 w_ax@goal=+1.36 w_v@goal=19.73 return=1011.8 length=79 success_rate=1.00 collisions/ep=0.00 (n=25)
update=100 global_step=204800 SPS=759 w_ev=0.993 m_ev=1.000 m_v_bias=0.6 m_adv_std=3.2281 m_kl_max=0.0054 m_ratio_max=0.380 w_ax@goal=+1.39 w_v@goal=19.79 return=1011.1 length=77 success_rate=1.00 collisions/ep=0.00 (n=28)
Evaluation at update 100: return=1012.77, length=79.70, success_rate=1.00, collisions/ep=0.00
Solved-check at update 100: solved=True worst_gap=1.00 at p_x0=0.50 p_y0=0.50 (consecutive=17)
Saved checkpoints to C:\Users\loren\Desktop\MASTER THESIS\5_CODE\scenarios\tunnel\studies\hppo\runs\hppo_tunnel_18_1791080343
