Using device: cpu
Solved-check: precomputed optimal returns for 25 fixed initial conditions (mean=1013.0, min=1011.0, max=1015.0); solved-tolerance=5.0
num_envs=8 num_steps_per_env=256 worker_batch_size=2048 worker_minibatch_size=256 num_updates=100 timesteps=204800
update=1 global_step=2048 SPS=1357 w_ev=0.014 m_ev=-0.000 m_v_bias=25.5 m_adv_std=249.8615 m_kl_max=0.0020 m_ratio_max=0.316 w_ax@goal=-0.07 w_v@goal=0.22 return=-49.3 length=185 success_rate=0.38 collisions/ep=5.75 (n=8)
update=2 global_step=4096 SPS=1576 w_ev=0.535 m_ev=0.684 m_v_bias=-62.2 m_adv_std=191.6873 m_kl_max=0.0016 m_ratio_max=0.208 w_ax@goal=+0.21 w_v@goal=3.46 return=82.0 length=173 success_rate=0.45 collisions/ep=4.73 (n=11)
update=3 global_step=6144 SPS=1588 w_ev=0.833 m_ev=0.591 m_v_bias=0.8 m_adv_std=139.5434 m_kl_max=0.0021 m_ratio_max=0.269 w_ax@goal=+0.07 w_v@goal=8.62 return=-453.4 length=200 success_rate=0.00 collisions/ep=4.75 (n=8)
update=4 global_step=8192 SPS=1638 w_ev=0.801 m_ev=0.632 m_v_bias=-10.4 m_adv_std=153.3454 m_kl_max=0.0054 m_ratio_max=0.380 w_ax@goal=+0.10 w_v@goal=7.27 return=-150.4 length=187 success_rate=0.14 collisions/ep=2.29 (n=14)
update=5 global_step=10240 SPS=1684 w_ev=0.894 m_ev=0.844 m_v_bias=-169.9 m_adv_std=148.2865 m_kl_max=0.0010 m_ratio_max=0.119 w_ax@goal=+0.27 w_v@goal=9.50 return=548.9 length=157 success_rate=0.75 collisions/ep=2.33 (n=12)
Evaluation at update 5: return=990.84, length=99.95, success_rate=1.00, collisions/ep=0.00
Solved-check at update 5: solved=False worst_gap=22.98 at p_x0=1.50 p_y0=-1.00 (consecutive=0)
update=6 global_step=12288 SPS=726 w_ev=0.966 m_ev=0.855 m_v_bias=-129.6 m_adv_std=105.6932 m_kl_max=0.0018 m_ratio_max=0.192 w_ax@goal=+0.58 w_v@goal=14.80 return=714.0 length=140 success_rate=0.80 collisions/ep=0.47 (n=15)
update=7 global_step=14336 SPS=784 w_ev=0.972 m_ev=0.922 m_v_bias=-22.4 m_adv_std=82.2602 m_kl_max=0.0021 m_ratio_max=0.230 w_ax@goal=+0.58 w_v@goal=17.71 return=922.4 length=109 success_rate=0.95 collisions/ep=0.19 (n=21)
update=8 global_step=16384 SPS=843 w_ev=0.966 m_ev=0.842 m_v_bias=-23.0 m_adv_std=76.3232 m_kl_max=0.0024 m_ratio_max=0.257 w_ax@goal=+0.65 w_v@goal=19.33 return=887.3 length=107 success_rate=0.91 collisions/ep=0.00 (n=22)
update=9 global_step=18432 SPS=892 w_ev=0.960 m_ev=0.940 m_v_bias=2.2 m_adv_std=41.2770 m_kl_max=0.0053 m_ratio_max=0.290 w_ax@goal=+0.62 w_v@goal=19.73 return=1001.8 length=89 success_rate=1.00 collisions/ep=0.00 (n=20)
update=10 global_step=20480 SPS=939 w_ev=0.945 m_ev=0.981 m_v_bias=3.1 m_adv_std=24.3126 m_kl_max=0.0087 m_ratio_max=0.478 w_ax@goal=+0.69 w_v@goal=19.62 return=1003.2 length=87 success_rate=1.00 collisions/ep=0.00 (n=25)
Evaluation at update 10: return=1009.33, length=81.45, success_rate=1.00, collisions/ep=0.00
Solved-check at update 10: solved=True worst_gap=3.99 at p_x0=2.00 p_y0=1.00 (consecutive=0)
update=11 global_step=22528 SPS=810 w_ev=0.954 m_ev=0.986 m_v_bias=2.2 m_adv_std=20.4305 m_kl_max=0.0040 m_ratio_max=0.253 w_ax@goal=+0.72 w_v@goal=19.59 return=1005.9 length=86 success_rate=1.00 collisions/ep=0.00 (n=25)
update=12 global_step=24576 SPS=848 w_ev=0.958 m_ev=0.987 m_v_bias=5.1 m_adv_std=18.9873 m_kl_max=0.0057 m_ratio_max=0.550 w_ax@goal=+0.80 w_v@goal=19.23 return=1005.6 length=85 success_rate=1.00 collisions/ep=0.00 (n=22)
update=13 global_step=26624 SPS=883 w_ev=0.960 m_ev=0.989 m_v_bias=1.8 m_adv_std=18.1108 m_kl_max=0.0099 m_ratio_max=0.563 w_ax@goal=+0.85 w_v@goal=19.06 return=1006.3 length=84 success_rate=1.00 collisions/ep=0.00 (n=25)
update=14 global_step=28672 SPS=915 w_ev=0.962 m_ev=0.987 m_v_bias=0.8 m_adv_std=19.7717 m_kl_max=0.0031 m_ratio_max=0.219 w_ax@goal=+0.91 w_v@goal=19.22 return=1006.0 length=86 success_rate=1.00 collisions/ep=0.00 (n=24)
update=15 global_step=30720 SPS=944 w_ev=0.960 m_ev=0.991 m_v_bias=-0.7 m_adv_std=16.1354 m_kl_max=0.0224 m_ratio_max=0.589 w_ax@goal=+0.83 w_v@goal=19.53 return=1006.3 length=83 success_rate=1.00 collisions/ep=0.00 (n=25)
Evaluation at update 15: return=1010.22, length=80.55, success_rate=1.00, collisions/ep=0.00
Solved-check at update 15: solved=True worst_gap=3.99 at p_x0=0.50 p_y0=1.00 (consecutive=1)
Solved criterion held for 2 consecutive evals (tolerance=5.0) at global_step=30720.
update=16 global_step=32768 SPS=780 w_ev=0.967 m_ev=0.993 m_v_bias=-1.2 m_adv_std=13.8714 m_kl_max=0.0102 m_ratio_max=0.431 w_ax@goal=+0.65 w_v@goal=19.48 return=1007.6 length=85 success_rate=1.00 collisions/ep=0.00 (n=25)
update=17 global_step=34816 SPS=775 w_ev=0.952 m_ev=0.992 m_v_bias=-1.2 m_adv_std=14.8929 m_kl_max=0.0039 m_ratio_max=0.443 w_ax@goal=+0.92 w_v@goal=19.37 return=1007.8 length=83 success_rate=1.00 collisions/ep=0.00 (n=25)
update=18 global_step=36864 SPS=791 w_ev=0.951 m_ev=0.994 m_v_bias=0.8 m_adv_std=13.0369 m_kl_max=0.0110 m_ratio_max=0.374 w_ax@goal=+0.94 w_v@goal=19.35 return=1007.0 length=81 success_rate=1.00 collisions/ep=0.00 (n=25)
update=19 global_step=38912 SPS=815 w_ev=0.951 m_ev=0.992 m_v_bias=2.9 m_adv_std=14.5893 m_kl_max=0.0121 m_ratio_max=0.425 w_ax@goal=+0.74 w_v@goal=19.52 return=1007.5 length=83 success_rate=1.00 collisions/ep=0.00 (n=24)
update=20 global_step=40960 SPS=838 w_ev=0.950 m_ev=0.994 m_v_bias=-5.2 m_adv_std=12.1157 m_kl_max=0.0131 m_ratio_max=0.571 w_ax@goal=+0.73 w_v@goal=19.24 return=1007.9 length=83 success_rate=1.00 collisions/ep=0.00 (n=24)
Evaluation at update 20: return=1010.22, length=80.55, success_rate=1.00, collisions/ep=0.00
Solved-check at update 20: solved=True worst_gap=3.99 at p_x0=0.50 p_y0=1.00 (consecutive=2)
update=21 global_step=43008 SPS=762 w_ev=0.948 m_ev=0.996 m_v_bias=-2.6 m_adv_std=10.3353 m_kl_max=0.0012 m_ratio_max=0.140 w_ax@goal=+0.84 w_v@goal=19.38 return=1008.1 length=82 success_rate=1.00 collisions/ep=0.00 (n=25)
update=22 global_step=45056 SPS=784 w_ev=0.949 m_ev=0.995 m_v_bias=0.2 m_adv_std=11.3905 m_kl_max=0.0096 m_ratio_max=0.436 w_ax@goal=+0.68 w_v@goal=19.22 return=1008.0 length=84 success_rate=1.00 collisions/ep=0.00 (n=25)
update=23 global_step=47104 SPS=804 w_ev=0.945 m_ev=0.995 m_v_bias=-0.3 m_adv_std=11.0541 m_kl_max=0.0110 m_ratio_max=0.610 w_ax@goal=+0.75 w_v@goal=19.19 return=1008.0 length=82 success_rate=1.00 collisions/ep=0.00 (n=24)
update=24 global_step=49152 SPS=824 w_ev=0.961 m_ev=0.996 m_v_bias=-1.2 m_adv_std=9.9496 m_kl_max=0.0084 m_ratio_max=0.330 w_ax@goal=+0.80 w_v@goal=19.29 return=1008.2 length=85 success_rate=1.00 collisions/ep=0.00 (n=24)
update=25 global_step=51200 SPS=840 w_ev=0.955 m_ev=0.996 m_v_bias=0.9 m_adv_std=10.2668 m_kl_max=0.0111 m_ratio_max=0.400 w_ax@goal=+0.79 w_v@goal=19.35 return=1008.3 length=82 success_rate=1.00 collisions/ep=0.00 (n=26)
Evaluation at update 25: return=1010.72, length=80.05, success_rate=1.00, collisions/ep=0.00
Solved-check at update 25: solved=True worst_gap=3.99 at p_x0=0.00 p_y0=1.00 (consecutive=3)
update=26 global_step=53248 SPS=760 w_ev=0.948 m_ev=0.998 m_v_bias=-2.1 m_adv_std=7.1296 m_kl_max=0.0041 m_ratio_max=0.432 w_ax@goal=+0.89 w_v@goal=19.46 return=1008.6 length=81 success_rate=1.00 collisions/ep=0.00 (n=26)
update=27 global_step=55296 SPS=757 w_ev=0.937 m_ev=0.998 m_v_bias=-1.8 m_adv_std=7.4530 m_kl_max=0.0096 m_ratio_max=0.450 w_ax@goal=+0.96 w_v@goal=19.48 return=1009.1 length=83 success_rate=1.00 collisions/ep=0.00 (n=24)
update=28 global_step=57344 SPS=754 w_ev=0.961 m_ev=0.997 m_v_bias=-0.1 m_adv_std=8.5018 m_kl_max=0.0239 m_ratio_max=0.484 w_ax@goal=+0.80 w_v@goal=19.43 return=1008.3 length=83 success_rate=1.00 collisions/ep=0.00 (n=24)
update=29 global_step=59392 SPS=751 w_ev=0.966 m_ev=0.998 m_v_bias=1.0 m_adv_std=7.0249 m_kl_max=0.0082 m_ratio_max=0.317 w_ax@goal=+0.84 w_v@goal=19.62 return=1008.6 length=83 success_rate=1.00 collisions/ep=0.00 (n=26)
update=30 global_step=61440 SPS=749 w_ev=0.948 m_ev=0.998 m_v_bias=1.5 m_adv_std=7.1096 m_kl_max=0.0126 m_ratio_max=0.451 w_ax@goal=+0.81 w_v@goal=19.58 return=1008.9 length=84 success_rate=1.00 collisions/ep=0.00 (n=23)
Evaluation at update 30: return=1010.72, length=80.05, success_rate=1.00, collisions/ep=0.00
Solved-check at update 30: solved=True worst_gap=3.00 at p_x0=2.00 p_y0=1.00 (consecutive=4)
update=31 global_step=63488 SPS=675 w_ev=0.936 m_ev=0.998 m_v_bias=-0.5 m_adv_std=6.6547 m_kl_max=0.0111 m_ratio_max=0.544 w_ax@goal=+0.95 w_v@goal=19.38 return=1008.9 length=82 success_rate=1.00 collisions/ep=0.00 (n=26)
update=32 global_step=65536 SPS=688 w_ev=0.957 m_ev=0.999 m_v_bias=0.3 m_adv_std=5.2611 m_kl_max=0.0207 m_ratio_max=0.554 w_ax@goal=+1.00 w_v@goal=19.62 return=1009.3 length=82 success_rate=1.00 collisions/ep=0.00 (n=25)
update=33 global_step=67584 SPS=702 w_ev=0.940 m_ev=0.999 m_v_bias=-0.9 m_adv_std=6.0712 m_kl_max=0.0241 m_ratio_max=0.598 w_ax@goal=+0.98 w_v@goal=19.57 return=1009.1 length=82 success_rate=1.00 collisions/ep=0.00 (n=25)
update=34 global_step=69632 SPS=715 w_ev=0.926 m_ev=0.999 m_v_bias=0.5 m_adv_std=4.8428 m_kl_max=0.0080 m_ratio_max=0.578 w_ax@goal=+1.03 w_v@goal=19.54 return=1009.3 length=81 success_rate=1.00 collisions/ep=0.00 (n=25)
update=35 global_step=71680 SPS=728 w_ev=0.935 m_ev=0.999 m_v_bias=-0.7 m_adv_std=5.0636 m_kl_max=0.0112 m_ratio_max=0.489 w_ax@goal=+0.95 w_v@goal=19.36 return=1009.2 length=81 success_rate=1.00 collisions/ep=0.00 (n=25)
Evaluation at update 35: return=1010.92, length=79.85, success_rate=1.00, collisions/ep=0.00
Solved-check at update 35: solved=True worst_gap=3.00 at p_x0=2.00 p_y0=1.00 (consecutive=5)
update=36 global_step=73728 SPS=713 w_ev=0.947 m_ev=0.999 m_v_bias=-0.6 m_adv_std=5.8584 m_kl_max=0.0124 m_ratio_max=0.548 w_ax@goal=+0.97 w_v@goal=19.68 return=1008.9 length=82 success_rate=1.00 collisions/ep=0.00 (n=24)
update=37 global_step=75776 SPS=725 w_ev=0.964 m_ev=0.998 m_v_bias=-0.0 m_adv_std=6.7720 m_kl_max=0.0125 m_ratio_max=0.354 w_ax@goal=+0.95 w_v@goal=19.77 return=1008.8 length=81 success_rate=1.00 collisions/ep=0.00 (n=26)
update=38 global_step=77824 SPS=737 w_ev=0.954 m_ev=0.999 m_v_bias=-1.9 m_adv_std=4.7798 m_kl_max=0.0095 m_ratio_max=0.313 w_ax@goal=+1.12 w_v@goal=19.73 return=1009.4 length=79 success_rate=1.00 collisions/ep=0.00 (n=27)
update=39 global_step=79872 SPS=741 w_ev=0.951 m_ev=0.999 m_v_bias=-0.3 m_adv_std=5.3669 m_kl_max=0.0189 m_ratio_max=0.493 w_ax@goal=+1.26 w_v@goal=19.79 return=1009.8 length=81 success_rate=1.00 collisions/ep=0.00 (n=25)
update=40 global_step=81920 SPS=746 w_ev=0.967 m_ev=0.999 m_v_bias=1.4 m_adv_std=4.7504 m_kl_max=0.0090 m_ratio_max=0.454 w_ax@goal=+1.11 w_v@goal=19.65 return=1009.5 length=81 success_rate=1.00 collisions/ep=0.00 (n=24)
Evaluation at update 40: return=1011.37, length=79.40, success_rate=1.00, collisions/ep=0.00
Solved-check at update 40: solved=True worst_gap=2.99 at p_x0=0.00 p_y0=1.00 (consecutive=6)
update=41 global_step=83968 SPS=713 w_ev=0.954 m_ev=0.999 m_v_bias=0.1 m_adv_std=5.2814 m_kl_max=0.0069 m_ratio_max=0.396 w_ax@goal=+1.17 w_v@goal=19.78 return=1009.7 length=82 success_rate=1.00 collisions/ep=0.00 (n=26)
update=42 global_step=86016 SPS=718 w_ev=0.962 m_ev=0.999 m_v_bias=-1.3 m_adv_std=4.4307 m_kl_max=0.0126 m_ratio_max=0.482 w_ax@goal=+1.23 w_v@goal=19.84 return=1009.9 length=81 success_rate=1.00 collisions/ep=0.00 (n=25)
update=43 global_step=88064 SPS=723 w_ev=0.970 m_ev=0.999 m_v_bias=0.9 m_adv_std=5.7178 m_kl_max=0.0216 m_ratio_max=0.745 w_ax@goal=+1.12 w_v@goal=19.78 return=1009.5 length=81 success_rate=1.00 collisions/ep=0.00 (n=25)
update=44 global_step=90112 SPS=728 w_ev=0.959 m_ev=0.999 m_v_bias=-0.7 m_adv_std=4.6348 m_kl_max=0.0173 m_ratio_max=0.456 w_ax@goal=+1.14 w_v@goal=19.74 return=1010.4 length=82 success_rate=1.00 collisions/ep=0.00 (n=24)
update=45 global_step=92160 SPS=732 w_ev=0.966 m_ev=0.999 m_v_bias=0.6 m_adv_std=4.6982 m_kl_max=0.0116 m_ratio_max=0.446 w_ax@goal=+1.13 w_v@goal=19.59 return=1010.5 length=81 success_rate=1.00 collisions/ep=0.00 (n=26)
Evaluation at update 45: return=1011.72, length=79.05, success_rate=1.00, collisions/ep=0.00
Solved-check at update 45: solved=True worst_gap=2.00 at p_x0=1.00 p_y0=1.00 (consecutive=7)
update=46 global_step=94208 SPS=703 w_ev=0.977 m_ev=0.999 m_v_bias=0.4 m_adv_std=4.8311 m_kl_max=0.0146 m_ratio_max=0.447 w_ax@goal=+1.22 w_v@goal=19.71 return=1010.4 length=80 success_rate=1.00 collisions/ep=0.00 (n=25)
update=47 global_step=96256 SPS=707 w_ev=0.984 m_ev=0.999 m_v_bias=-0.4 m_adv_std=4.4222 m_kl_max=0.0021 m_ratio_max=0.335 w_ax@goal=+1.29 w_v@goal=19.80 return=1010.6 length=80 success_rate=1.00 collisions/ep=0.00 (n=28)
update=48 global_step=98304 SPS=713 w_ev=0.978 m_ev=0.999 m_v_bias=0.6 m_adv_std=4.2371 m_kl_max=0.0068 m_ratio_max=0.407 w_ax@goal=+1.07 w_v@goal=19.79 return=1010.6 length=79 success_rate=1.00 collisions/ep=0.00 (n=26)
update=49 global_step=100352 SPS=717 w_ev=0.989 m_ev=0.999 m_v_bias=-0.7 m_adv_std=4.3591 m_kl_max=0.0123 m_ratio_max=0.404 w_ax@goal=+1.26 w_v@goal=19.79 return=1010.8 length=79 success_rate=1.00 collisions/ep=0.00 (n=24)
update=50 global_step=102400 SPS=722 w_ev=0.981 m_ev=0.999 m_v_bias=0.8 m_adv_std=4.3093 m_kl_max=0.0025 m_ratio_max=0.344 w_ax@goal=+1.13 w_v@goal=19.76 return=1010.6 length=80 success_rate=1.00 collisions/ep=0.00 (n=25)
Evaluation at update 50: return=1011.86, length=78.90, success_rate=1.00, collisions/ep=0.00
Solved-check at update 50: solved=True worst_gap=1.99 at p_x0=0.00 p_y0=-1.00 (consecutive=8)
update=51 global_step=104448 SPS=697 w_ev=0.992 m_ev=0.999 m_v_bias=-0.6 m_adv_std=4.5743 m_kl_max=0.0049 m_ratio_max=0.298 w_ax@goal=+1.15 w_v@goal=19.76 return=1010.4 length=79 success_rate=1.00 collisions/ep=0.00 (n=26)
update=52 global_step=106496 SPS=701 w_ev=0.987 m_ev=0.999 m_v_bias=-0.2 m_adv_std=3.9841 m_kl_max=0.0199 m_ratio_max=0.462 w_ax@goal=+1.16 w_v@goal=19.71 return=1011.0 length=81 success_rate=1.00 collisions/ep=0.00 (n=25)
update=53 global_step=108544 SPS=705 w_ev=0.972 m_ev=0.999 m_v_bias=1.1 m_adv_std=4.6487 m_kl_max=0.0159 m_ratio_max=0.389 w_ax@goal=+1.16 w_v@goal=19.77 return=1011.0 length=82 success_rate=1.00 collisions/ep=0.00 (n=27)
update=54 global_step=110592 SPS=710 w_ev=0.988 m_ev=0.999 m_v_bias=-0.5 m_adv_std=3.8429 m_kl_max=0.0168 m_ratio_max=0.754 w_ax@goal=+1.22 w_v@goal=19.68 return=1011.0 length=81 success_rate=1.00 collisions/ep=0.00 (n=26)
update=55 global_step=112640 SPS=714 w_ev=0.981 m_ev=0.999 m_v_bias=-0.0 m_adv_std=4.5050 m_kl_max=0.0075 m_ratio_max=0.355 w_ax@goal=+1.28 w_v@goal=19.73 return=1010.9 length=80 success_rate=1.00 collisions/ep=0.00 (n=25)
Evaluation at update 55: return=1012.16, length=78.60, success_rate=1.00, collisions/ep=0.00
Solved-check at update 55: solved=True worst_gap=1.00 at p_x0=2.00 p_y0=1.00 (consecutive=9)
update=56 global_step=114688 SPS=693 w_ev=0.978 m_ev=0.999 m_v_bias=-1.5 m_adv_std=4.3090 m_kl_max=0.0102 m_ratio_max=0.408 w_ax@goal=+1.28 w_v@goal=19.76 return=1010.9 length=80 success_rate=1.00 collisions/ep=0.00 (n=24)
update=57 global_step=116736 SPS=696 w_ev=0.978 m_ev=0.999 m_v_bias=0.2 m_adv_std=3.6424 m_kl_max=0.0114 m_ratio_max=0.383 w_ax@goal=+1.23 w_v@goal=19.76 return=1011.1 length=80 success_rate=1.00 collisions/ep=0.00 (n=24)
update=58 global_step=118784 SPS=700 w_ev=0.984 m_ev=0.999 m_v_bias=-0.3 m_adv_std=4.2801 m_kl_max=0.0018 m_ratio_max=0.223 w_ax@goal=+1.10 w_v@goal=19.78 return=1010.8 length=79 success_rate=1.00 collisions/ep=0.00 (n=29)
update=59 global_step=120832 SPS=704 w_ev=0.983 m_ev=0.999 m_v_bias=0.1 m_adv_std=3.9977 m_kl_max=0.0016 m_ratio_max=0.215 w_ax@goal=+1.05 w_v@goal=19.79 return=1010.9 length=80 success_rate=1.00 collisions/ep=0.00 (n=25)
update=60 global_step=122880 SPS=707 w_ev=0.994 m_ev=0.999 m_v_bias=0.4 m_adv_std=3.6709 m_kl_max=0.0100 m_ratio_max=0.366 w_ax@goal=+1.24 w_v@goal=19.77 return=1011.0 length=79 success_rate=1.00 collisions/ep=0.00 (n=26)
Evaluation at update 60: return=1012.21, length=78.55, success_rate=1.00, collisions/ep=0.00
Solved-check at update 60: solved=True worst_gap=1.00 at p_x0=2.00 p_y0=1.00 (consecutive=10)
update=61 global_step=124928 SPS=689 w_ev=0.991 m_ev=1.000 m_v_bias=1.1 m_adv_std=3.4363 m_kl_max=0.0076 m_ratio_max=0.319 w_ax@goal=+1.05 w_v@goal=19.82 return=1011.0 length=81 success_rate=1.00 collisions/ep=0.00 (n=25)
update=62 global_step=126976 SPS=693 w_ev=0.987 m_ev=0.999 m_v_bias=-0.3 m_adv_std=3.6992 m_kl_max=0.0234 m_ratio_max=0.592 w_ax@goal=+1.30 w_v@goal=19.76 return=1011.2 length=80 success_rate=1.00 collisions/ep=0.00 (n=25)
update=63 global_step=129024 SPS=696 w_ev=0.993 m_ev=1.000 m_v_bias=-0.8 m_adv_std=3.6367 m_kl_max=0.0079 m_ratio_max=0.349 w_ax@goal=+1.14 w_v@goal=19.79 return=1011.0 length=80 success_rate=1.00 collisions/ep=0.00 (n=26)
update=64 global_step=131072 SPS=700 w_ev=0.977 m_ev=0.999 m_v_bias=-0.9 m_adv_std=4.2169 m_kl_max=0.0106 m_ratio_max=0.551 w_ax@goal=+1.21 w_v@goal=19.76 return=1010.8 length=78 success_rate=1.00 collisions/ep=0.00 (n=27)
update=65 global_step=133120 SPS=703 w_ev=0.976 m_ev=0.999 m_v_bias=-0.7 m_adv_std=4.0517 m_kl_max=0.0084 m_ratio_max=0.407 w_ax@goal=+1.22 w_v@goal=19.84 return=1011.4 length=81 success_rate=1.00 collisions/ep=0.00 (n=25)
Evaluation at update 65: return=1012.11, length=78.65, success_rate=1.00, collisions/ep=0.00
Solved-check at update 65: solved=True worst_gap=1.00 at p_x0=2.00 p_y0=0.00 (consecutive=11)
update=66 global_step=135168 SPS=686 w_ev=0.965 m_ev=0.999 m_v_bias=0.4 m_adv_std=3.6863 m_kl_max=0.0146 m_ratio_max=0.521 w_ax@goal=+1.35 w_v@goal=19.75 return=1011.2 length=80 success_rate=1.00 collisions/ep=0.00 (n=24)
update=67 global_step=137216 SPS=689 w_ev=0.985 m_ev=0.999 m_v_bias=0.8 m_adv_std=3.8483 m_kl_max=0.0042 m_ratio_max=0.321 w_ax@goal=+1.19 w_v@goal=19.83 return=1010.8 length=79 success_rate=1.00 collisions/ep=0.00 (n=27)
update=68 global_step=139264 SPS=693 w_ev=0.988 m_ev=1.000 m_v_bias=-0.9 m_adv_std=3.3947 m_kl_max=0.0171 m_ratio_max=0.569 w_ax@goal=+1.27 w_v@goal=19.83 return=1011.4 length=80 success_rate=1.00 collisions/ep=0.00 (n=26)
update=69 global_step=141312 SPS=696 w_ev=0.984 m_ev=0.999 m_v_bias=-0.1 m_adv_std=3.6397 m_kl_max=0.0128 m_ratio_max=0.416 w_ax@goal=+1.27 w_v@goal=19.81 return=1011.3 length=80 success_rate=1.00 collisions/ep=0.00 (n=26)
update=70 global_step=143360 SPS=700 w_ev=0.990 m_ev=1.000 m_v_bias=-0.2 m_adv_std=3.3433 m_kl_max=0.0084 m_ratio_max=0.303 w_ax@goal=+1.26 w_v@goal=19.83 return=1011.4 length=80 success_rate=1.00 collisions/ep=0.00 (n=24)
Evaluation at update 70: return=1012.36, length=78.40, success_rate=1.00, collisions/ep=0.00
Solved-check at update 70: solved=True worst_gap=1.00 at p_x0=1.00 p_y0=1.00 (consecutive=12)
update=71 global_step=145408 SPS=683 w_ev=0.991 m_ev=1.000 m_v_bias=0.1 m_adv_std=3.5075 m_kl_max=0.0033 m_ratio_max=0.248 w_ax@goal=+1.27 w_v@goal=19.80 return=1011.0 length=78 success_rate=1.00 collisions/ep=0.00 (n=28)
update=72 global_step=147456 SPS=687 w_ev=0.988 m_ev=0.998 m_v_bias=-0.3 m_adv_std=7.1311 m_kl_max=0.0054 m_ratio_max=0.387 w_ax@goal=+1.24 w_v@goal=19.77 return=1009.6 length=81 success_rate=1.00 collisions/ep=0.04 (n=24)
update=73 global_step=149504 SPS=690 w_ev=0.756 m_ev=0.817 m_v_bias=13.2 m_adv_std=78.0118 m_kl_max=0.0217 m_ratio_max=0.420 w_ax@goal=+1.25 w_v@goal=19.80 return=985.9 length=77 success_rate=1.00 collisions/ep=0.50 (n=28)
update=74 global_step=151552 SPS=693 w_ev=0.973 m_ev=0.963 m_v_bias=-14.8 m_adv_std=32.0123 m_kl_max=0.0085 m_ratio_max=0.450 w_ax@goal=+1.18 w_v@goal=19.74 return=1011.7 length=80 success_rate=1.00 collisions/ep=0.00 (n=24)
update=75 global_step=153600 SPS=697 w_ev=0.984 m_ev=0.995 m_v_bias=-4.8 m_adv_std=11.0531 m_kl_max=0.0048 m_ratio_max=0.539 w_ax@goal=+1.30 w_v@goal=19.83 return=1011.5 length=79 success_rate=1.00 collisions/ep=0.00 (n=26)
Evaluation at update 75: return=1012.46, length=78.30, success_rate=1.00, collisions/ep=0.00
Solved-check at update 75: solved=True worst_gap=1.00 at p_x0=1.00 p_y0=-0.50 (consecutive=13)
update=76 global_step=155648 SPS=682 w_ev=0.988 m_ev=0.999 m_v_bias=-1.1 m_adv_std=4.3287 m_kl_max=0.0054 m_ratio_max=0.270 w_ax@goal=+1.28 w_v@goal=19.78 return=1011.3 length=78 success_rate=1.00 collisions/ep=0.00 (n=27)
update=77 global_step=157696 SPS=686 w_ev=0.990 m_ev=1.000 m_v_bias=-0.7 m_adv_std=3.6547 m_kl_max=0.0172 m_ratio_max=0.515 w_ax@goal=+1.17 w_v@goal=19.85 return=1011.6 length=79 success_rate=1.00 collisions/ep=0.00 (n=26)
update=78 global_step=159744 SPS=689 w_ev=0.987 m_ev=1.000 m_v_bias=0.1 m_adv_std=3.1444 m_kl_max=0.0054 m_ratio_max=0.409 w_ax@goal=+1.19 w_v@goal=19.79 return=1011.8 length=79 success_rate=1.00 collisions/ep=0.00 (n=25)
update=79 global_step=161792 SPS=692 w_ev=0.996 m_ev=1.000 m_v_bias=-0.2 m_adv_std=3.1308 m_kl_max=0.0028 m_ratio_max=0.335 w_ax@goal=+1.22 w_v@goal=19.82 return=1011.5 length=78 success_rate=1.00 collisions/ep=0.00 (n=28)
update=80 global_step=163840 SPS=695 w_ev=0.995 m_ev=1.000 m_v_bias=-0.3 m_adv_std=2.5926 m_kl_max=0.0031 m_ratio_max=0.310 w_ax@goal=+1.38 w_v@goal=19.81 return=1012.1 length=80 success_rate=1.00 collisions/ep=0.00 (n=26)
Evaluation at update 80: return=1012.46, length=78.30, success_rate=1.00, collisions/ep=0.00
Solved-check at update 80: solved=True worst_gap=1.00 at p_x0=1.00 p_y0=1.00 (consecutive=14)
update=81 global_step=165888 SPS=681 w_ev=0.995 m_ev=1.000 m_v_bias=-0.3 m_adv_std=2.6240 m_kl_max=0.0138 m_ratio_max=0.424 w_ax@goal=+1.28 w_v@goal=19.80 return=1012.0 length=79 success_rate=1.00 collisions/ep=0.00 (n=24)
update=82 global_step=167936 SPS=684 w_ev=0.996 m_ev=1.000 m_v_bias=0.2 m_adv_std=2.6682 m_kl_max=0.0062 m_ratio_max=0.465 w_ax@goal=+1.24 w_v@goal=19.79 return=1012.0 length=80 success_rate=1.00 collisions/ep=0.00 (n=26)
update=83 global_step=169984 SPS=687 w_ev=0.982 m_ev=1.000 m_v_bias=0.9 m_adv_std=3.0673 m_kl_max=0.0095 m_ratio_max=0.412 w_ax@goal=+1.16 w_v@goal=19.80 return=1011.9 length=80 success_rate=1.00 collisions/ep=0.00 (n=27)
update=84 global_step=172032 SPS=690 w_ev=0.982 m_ev=1.000 m_v_bias=-0.1 m_adv_std=3.0328 m_kl_max=0.0022 m_ratio_max=0.282 w_ax@goal=+1.23 w_v@goal=19.78 return=1012.1 length=81 success_rate=1.00 collisions/ep=0.00 (n=24)
update=85 global_step=174080 SPS=693 w_ev=0.994 m_ev=1.000 m_v_bias=-0.2 m_adv_std=2.9233 m_kl_max=0.0070 m_ratio_max=0.447 w_ax@goal=+1.22 w_v@goal=19.79 return=1011.7 length=78 success_rate=1.00 collisions/ep=0.00 (n=26)
Evaluation at update 85: return=1012.46, length=78.30, success_rate=1.00, collisions/ep=0.00
Solved-check at update 85: solved=True worst_gap=1.00 at p_x0=0.50 p_y0=-1.00 (consecutive=15)
update=86 global_step=176128 SPS=680 w_ev=0.994 m_ev=1.000 m_v_bias=0.7 m_adv_std=3.0304 m_kl_max=0.0021 m_ratio_max=0.260 w_ax@goal=+1.23 w_v@goal=19.81 return=1011.4 length=78 success_rate=1.00 collisions/ep=0.00 (n=27)
update=87 global_step=178176 SPS=682 w_ev=0.979 m_ev=1.000 m_v_bias=-0.6 m_adv_std=2.9752 m_kl_max=0.0156 m_ratio_max=0.469 w_ax@goal=+1.23 w_v@goal=19.81 return=1011.8 length=79 success_rate=1.00 collisions/ep=0.00 (n=25)
update=88 global_step=180224 SPS=685 w_ev=0.995 m_ev=1.000 m_v_bias=0.4 m_adv_std=3.0203 m_kl_max=0.0161 m_ratio_max=0.462 w_ax@goal=+1.25 w_v@goal=19.83 return=1012.0 length=80 success_rate=1.00 collisions/ep=0.00 (n=25)
update=89 global_step=182272 SPS=687 w_ev=0.990 m_ev=1.000 m_v_bias=0.4 m_adv_std=3.4414 m_kl_max=0.0053 m_ratio_max=0.341 w_ax@goal=+1.21 w_v@goal=19.78 return=1011.6 length=79 success_rate=1.00 collisions/ep=0.00 (n=25)
update=90 global_step=184320 SPS=690 w_ev=0.992 m_ev=1.000 m_v_bias=0.4 m_adv_std=3.0826 m_kl_max=0.0008 m_ratio_max=0.137 w_ax@goal=+1.18 w_v@goal=19.80 return=1011.8 length=79 success_rate=1.00 collisions/ep=0.00 (n=29)
Evaluation at update 90: return=1012.46, length=78.30, success_rate=1.00, collisions/ep=0.00
Solved-check at update 90: solved=True worst_gap=1.00 at p_x0=0.50 p_y0=-1.00 (consecutive=16)
update=91 global_step=186368 SPS=677 w_ev=0.986 m_ev=1.000 m_v_bias=-0.2 m_adv_std=3.1968 m_kl_max=0.0156 m_ratio_max=0.425 w_ax@goal=+1.14 w_v@goal=19.81 return=1011.7 length=79 success_rate=1.00 collisions/ep=0.00 (n=25)
update=92 global_step=188416 SPS=679 w_ev=0.991 m_ev=1.000 m_v_bias=-0.3 m_adv_std=2.3566 m_kl_max=0.0068 m_ratio_max=0.345 w_ax@goal=+1.25 w_v@goal=19.79 return=1011.6 length=78 success_rate=1.00 collisions/ep=0.00 (n=25)
update=93 global_step=190464 SPS=682 w_ev=0.990 m_ev=1.000 m_v_bias=-0.2 m_adv_std=3.0654 m_kl_max=0.0089 m_ratio_max=0.369 w_ax@goal=+1.22 w_v@goal=19.89 return=1011.8 length=79 success_rate=1.00 collisions/ep=0.00 (n=27)
update=94 global_step=192512 SPS=684 w_ev=0.984 m_ev=1.000 m_v_bias=-0.1 m_adv_std=3.4714 m_kl_max=0.0052 m_ratio_max=0.294 w_ax@goal=+1.18 w_v@goal=19.81 return=1012.0 length=80 success_rate=1.00 collisions/ep=0.00 (n=25)
update=95 global_step=194560 SPS=687 w_ev=0.995 m_ev=1.000 m_v_bias=-0.0 m_adv_std=3.0633 m_kl_max=0.0033 m_ratio_max=0.265 w_ax@goal=+1.22 w_v@goal=19.82 return=1011.9 length=79 success_rate=1.00 collisions/ep=0.00 (n=27)
Evaluation at update 95: return=1012.46, length=78.30, success_rate=1.00, collisions/ep=0.00
Solved-check at update 95: solved=True worst_gap=1.00 at p_x0=0.50 p_y0=-1.00 (consecutive=17)
update=96 global_step=196608 SPS=675 w_ev=0.977 m_ev=1.000 m_v_bias=0.6 m_adv_std=2.6369 m_kl_max=0.0043 m_ratio_max=0.284 w_ax@goal=+1.15 w_v@goal=19.78 return=1011.8 length=79 success_rate=1.00 collisions/ep=0.00 (n=25)
update=97 global_step=198656 SPS=678 w_ev=0.997 m_ev=1.000 m_v_bias=0.2 m_adv_std=2.9214 m_kl_max=0.0036 m_ratio_max=0.241 w_ax@goal=+1.25 w_v@goal=19.85 return=1011.8 length=80 success_rate=1.00 collisions/ep=0.00 (n=25)
update=98 global_step=200704 SPS=680 w_ev=0.995 m_ev=1.000 m_v_bias=-0.1 m_adv_std=2.8484 m_kl_max=0.0127 m_ratio_max=0.367 w_ax@goal=+1.20 w_v@goal=19.87 return=1011.2 length=78 success_rate=1.00 collisions/ep=0.00 (n=27)
update=99 global_step=202752 SPS=682 w_ev=0.996 m_ev=1.000 m_v_bias=-0.2 m_adv_std=3.1343 m_kl_max=0.0052 m_ratio_max=0.256 w_ax@goal=+1.18 w_v@goal=19.84 return=1011.6 length=78 success_rate=1.00 collisions/ep=0.00 (n=27)
update=100 global_step=204800 SPS=685 w_ev=0.998 m_ev=1.000 m_v_bias=0.3 m_adv_std=3.0761 m_kl_max=0.0035 m_ratio_max=0.289 w_ax@goal=+1.23 w_v@goal=19.82 return=1011.6 length=78 success_rate=1.00 collisions/ep=0.00 (n=25)
Evaluation at update 100: return=1012.56, length=78.20, success_rate=1.00, collisions/ep=0.00
Solved-check at update 100: solved=True worst_gap=1.00 at p_x0=0.50 p_y0=-1.00 (consecutive=18)
Saved checkpoints to C:\Users\loren\Desktop\MASTER THESIS\5_CODE\scenarios\tunnel\studies\hppo\runs\hppo_tunnel_14_1791080039
