Using device: cpu
Solved-check: precomputed optimal returns for 25 fixed initial conditions (mean=1013.0, min=1011.0, max=1015.0); solved-tolerance=5.0
num_envs=8 num_steps_per_env=256 worker_batch_size=2048 worker_minibatch_size=256 num_updates=244 timesteps=499712 (requested 500000; 288 dropped by integer division)
update=1 global_step=2048 SPS=1254 w_ev=-0.070 m_ev=-0.000 m_v_bias=16.9 m_adv_std=237.1955 m_kl_max=0.0006 m_ratio_max=0.111 w_ax@goal=-0.13 w_v@goal=-0.07 return=-109.3 length=182 success_rate=0.38 collisions/ep=6.88 (n=8)
update=2 global_step=4096 SPS=1133 w_ev=0.262 m_ev=0.406 m_v_bias=54.6 m_adv_std=203.5973 m_kl_max=0.0009 m_ratio_max=0.191 w_ax@goal=+0.47 w_v@goal=0.79 return=-208.5 length=188 success_rate=0.33 collisions/ep=7.78 (n=9)
update=3 global_step=6144 SPS=1105 w_ev=0.388 m_ev=0.585 m_v_bias=-12.1 m_adv_std=98.6648 m_kl_max=0.0021 m_ratio_max=0.174 w_ax@goal=+0.21 w_v@goal=1.09 return=-293.2 length=193 success_rate=0.09 collisions/ep=4.00 (n=11)
update=4 global_step=8192 SPS=1094 w_ev=0.507 m_ev=0.363 m_v_bias=16.1 m_adv_std=176.0903 m_kl_max=0.0030 m_ratio_max=0.311 w_ax@goal=+0.37 w_v@goal=1.57 return=-365.5 length=191 success_rate=0.17 collisions/ep=6.92 (n=12)
update=5 global_step=10240 SPS=1079 w_ev=0.698 m_ev=0.614 m_v_bias=-110.9 m_adv_std=185.9214 m_kl_max=0.0012 m_ratio_max=0.172 w_ax@goal=+0.47 w_v@goal=2.01 return=-30.4 length=177 success_rate=0.36 collisions/ep=4.91 (n=11)
Evaluation at update 5: return=-220.88, length=200.00, success_rate=0.00, collisions/ep=0.00
Solved-check at update 5: solved=False worst_gap=2840.50 at p_x0=2.00 p_y0=-1.00 (consecutive=0)
update=6 global_step=12288 SPS=493 w_ev=0.779 m_ev=0.598 m_v_bias=8.9 m_adv_std=129.2194 m_kl_max=0.0033 m_ratio_max=0.271 w_ax@goal=-0.30 w_v@goal=3.49 return=-178.1 length=194 success_rate=0.22 collisions/ep=4.22 (n=9)
update=7 global_step=14336 SPS=531 w_ev=0.734 m_ev=0.597 m_v_bias=-24.9 m_adv_std=186.0134 m_kl_max=0.0195 m_ratio_max=0.627 w_ax@goal=+0.19 w_v@goal=4.02 return=-129.5 length=184 success_rate=0.21 collisions/ep=3.43 (n=14)
update=8 global_step=16384 SPS=566 w_ev=0.855 m_ev=0.849 m_v_bias=-67.3 m_adv_std=96.8230 m_kl_max=0.0064 m_ratio_max=0.398 w_ax@goal=+0.60 w_v@goal=4.66 return=-54.9 length=184 success_rate=0.22 collisions/ep=2.22 (n=9)
update=9 global_step=18432 SPS=596 w_ev=0.890 m_ev=0.860 m_v_bias=-55.6 m_adv_std=121.6332 m_kl_max=0.0055 m_ratio_max=0.411 w_ax@goal=+0.29 w_v@goal=4.54 return=289.2 length=162 success_rate=0.60 collisions/ep=3.93 (n=15)
update=10 global_step=20480 SPS=624 w_ev=0.877 m_ev=0.817 m_v_bias=-50.7 m_adv_std=150.7908 m_kl_max=0.0100 m_ratio_max=0.478 w_ax@goal=+0.49 w_v@goal=4.92 return=473.7 length=146 success_rate=0.69 collisions/ep=2.77 (n=13)
Evaluation at update 10: return=528.06, length=95.15, success_rate=1.00, collisions/ep=9.35
Solved-check at update 10: solved=False worst_gap=527.61 at p_x0=0.50 p_y0=1.00 (consecutive=0)
update=11 global_step=22528 SPS=544 w_ev=0.810 m_ev=0.825 m_v_bias=-52.5 m_adv_std=130.2395 m_kl_max=0.0198 m_ratio_max=0.648 w_ax@goal=+0.68 w_v@goal=4.90 return=533.6 length=137 success_rate=0.81 collisions/ep=4.44 (n=16)
update=12 global_step=24576 SPS=567 w_ev=0.706 m_ev=0.792 m_v_bias=-16.9 m_adv_std=135.9509 m_kl_max=0.0139 m_ratio_max=0.587 w_ax@goal=+0.53 w_v@goal=5.00 return=609.8 length=112 success_rate=0.95 collisions/ep=6.32 (n=19)
update=13 global_step=26624 SPS=589 w_ev=0.583 m_ev=0.929 m_v_bias=-11.3 m_adv_std=76.5068 m_kl_max=0.0143 m_ratio_max=0.434 w_ax@goal=+0.45 w_v@goal=4.93 return=693.9 length=98 success_rate=1.00 collisions/ep=5.96 (n=23)
update=14 global_step=28672 SPS=609 w_ev=0.467 m_ev=0.839 m_v_bias=-7.4 m_adv_std=105.3902 m_kl_max=0.0053 m_ratio_max=0.477 w_ax@goal=+0.53 w_v@goal=4.97 return=713.1 length=92 success_rate=1.00 collisions/ep=5.76 (n=21)
update=15 global_step=30720 SPS=628 w_ev=0.540 m_ev=0.870 m_v_bias=13.6 m_adv_std=100.0134 m_kl_max=0.0149 m_ratio_max=0.472 w_ax@goal=+0.52 w_v@goal=5.05 return=714.4 length=89 success_rate=1.00 collisions/ep=5.75 (n=24)
Evaluation at update 15: return=536.15, length=82.00, success_rate=1.00, collisions/ep=9.45
Solved-check at update 15: solved=False worst_gap=504.79 at p_x0=2.00 p_y0=0.50 (consecutive=0)
update=16 global_step=32768 SPS=580 w_ev=0.362 m_ev=0.884 m_v_bias=17.8 m_adv_std=89.4815 m_kl_max=0.0157 m_ratio_max=0.484 w_ax@goal=+0.52 w_v@goal=5.01 return=679.4 length=87 success_rate=1.00 collisions/ep=6.48 (n=21)
update=17 global_step=34816 SPS=596 w_ev=0.234 m_ev=0.858 m_v_bias=-44.4 m_adv_std=92.9596 m_kl_max=0.0076 m_ratio_max=0.405 w_ax@goal=+0.61 w_v@goal=4.97 return=775.2 length=90 success_rate=1.00 collisions/ep=4.52 (n=23)
update=18 global_step=36864 SPS=612 w_ev=0.266 m_ev=0.876 m_v_bias=3.1 m_adv_std=82.8827 m_kl_max=0.0114 m_ratio_max=0.672 w_ax@goal=+0.73 w_v@goal=4.94 return=781.3 length=88 success_rate=1.00 collisions/ep=4.50 (n=24)
update=19 global_step=38912 SPS=626 w_ev=0.241 m_ev=0.895 m_v_bias=-1.5 m_adv_std=80.9175 m_kl_max=0.0055 m_ratio_max=0.493 w_ax@goal=+0.76 w_v@goal=5.08 return=818.0 length=84 success_rate=1.00 collisions/ep=3.76 (n=25)
update=20 global_step=40960 SPS=639 w_ev=0.147 m_ev=0.880 m_v_bias=0.4 m_adv_std=82.1293 m_kl_max=0.0112 m_ratio_max=0.556 w_ax@goal=+1.01 w_v@goal=5.27 return=769.4 length=86 success_rate=1.00 collisions/ep=4.80 (n=25)
Evaluation at update 20: return=897.94, length=80.20, success_rate=1.00, collisions/ep=2.25
Solved-check at update 20: solved=False worst_gap=502.00 at p_x0=1.50 p_y0=-1.00 (consecutive=0)
update=21 global_step=43008 SPS=602 w_ev=0.271 m_ev=0.893 m_v_bias=-5.3 m_adv_std=75.7111 m_kl_max=0.0109 m_ratio_max=0.429 w_ax@goal=+0.91 w_v@goal=5.28 return=813.2 length=86 success_rate=1.00 collisions/ep=3.91 (n=23)
update=22 global_step=45056 SPS=613 w_ev=0.449 m_ev=0.890 m_v_bias=-6.9 m_adv_std=70.9779 m_kl_max=0.0085 m_ratio_max=0.362 w_ax@goal=+0.85 w_v@goal=5.19 return=828.1 length=83 success_rate=1.00 collisions/ep=3.65 (n=23)
update=23 global_step=47104 SPS=624 w_ev=0.495 m_ev=0.855 m_v_bias=-3.2 m_adv_std=85.5914 m_kl_max=0.0076 m_ratio_max=0.487 w_ax@goal=+0.88 w_v@goal=5.19 return=842.5 length=84 success_rate=1.00 collisions/ep=3.35 (n=26)
update=24 global_step=49152 SPS=635 w_ev=0.518 m_ev=0.812 m_v_bias=28.3 m_adv_std=96.2572 m_kl_max=0.0101 m_ratio_max=0.410 w_ax@goal=+0.62 w_v@goal=5.25 return=821.0 length=82 success_rate=1.00 collisions/ep=3.83 (n=24)
update=25 global_step=51200 SPS=646 w_ev=0.606 m_ev=0.872 m_v_bias=0.1 m_adv_std=78.9885 m_kl_max=0.0196 m_ratio_max=0.851 w_ax@goal=+0.52 w_v@goal=5.17 return=813.1 length=85 success_rate=1.00 collisions/ep=4.04 (n=23)
Evaluation at update 25: return=961.15, length=79.50, success_rate=1.00, collisions/ep=1.00
Solved-check at update 25: solved=False worst_gap=52.00 at p_x0=0.00 p_y0=-1.00 (consecutive=0)
update=26 global_step=53248 SPS=615 w_ev=0.622 m_ev=0.905 m_v_bias=-28.0 m_adv_std=62.4497 m_kl_max=0.0194 m_ratio_max=0.841 w_ax@goal=+0.68 w_v@goal=5.23 return=893.9 length=83 success_rate=1.00 collisions/ep=2.33 (n=27)
update=27 global_step=55296 SPS=625 w_ev=0.726 m_ev=0.890 m_v_bias=-8.6 m_adv_std=66.4923 m_kl_max=0.0252 m_ratio_max=0.550 w_ax@goal=+0.67 w_v@goal=5.39 return=908.4 length=83 success_rate=1.00 collisions/ep=2.04 (n=24)
update=28 global_step=57344 SPS=633 w_ev=0.718 m_ev=0.895 m_v_bias=15.4 m_adv_std=65.5111 m_kl_max=0.0101 m_ratio_max=0.470 w_ax@goal=+0.83 w_v@goal=5.18 return=873.2 length=82 success_rate=1.00 collisions/ep=2.81 (n=26)
update=29 global_step=59392 SPS=642 w_ev=0.745 m_ev=0.915 m_v_bias=-0.0 m_adv_std=61.0124 m_kl_max=0.0060 m_ratio_max=0.429 w_ax@goal=+0.73 w_v@goal=5.21 return=902.4 length=82 success_rate=1.00 collisions/ep=2.12 (n=24)
update=30 global_step=61440 SPS=650 w_ev=0.700 m_ev=0.883 m_v_bias=8.9 m_adv_std=71.1609 m_kl_max=0.0210 m_ratio_max=0.545 w_ax@goal=+0.78 w_v@goal=5.31 return=889.6 length=82 success_rate=1.00 collisions/ep=2.40 (n=25)
Evaluation at update 30: return=1001.33, length=79.40, success_rate=1.00, collisions/ep=0.20
Solved-check at update 30: solved=False worst_gap=51.54 at p_x0=1.00 p_y0=-1.00 (consecutive=0)
update=31 global_step=63488 SPS=622 w_ev=0.763 m_ev=0.901 m_v_bias=-17.5 m_adv_std=65.1626 m_kl_max=0.0059 m_ratio_max=0.372 w_ax@goal=+0.90 w_v@goal=5.38 return=918.5 length=81 success_rate=1.00 collisions/ep=1.85 (n=26)
update=32 global_step=65536 SPS=630 w_ev=0.792 m_ev=0.968 m_v_bias=-25.8 m_adv_std=32.0770 m_kl_max=0.0154 m_ratio_max=0.407 w_ax@goal=+1.05 w_v@goal=5.36 return=955.4 length=81 success_rate=1.00 collisions/ep=1.12 (n=25)
update=33 global_step=67584 SPS=638 w_ev=0.860 m_ev=0.946 m_v_bias=9.6 m_adv_std=42.3555 m_kl_max=0.0115 m_ratio_max=0.469 w_ax@goal=+0.99 w_v@goal=5.27 return=948.1 length=81 success_rate=1.00 collisions/ep=1.23 (n=26)
update=34 global_step=69632 SPS=647 w_ev=0.922 m_ev=0.977 m_v_bias=-3.8 m_adv_std=26.7519 m_kl_max=0.0171 m_ratio_max=0.917 w_ax@goal=+0.84 w_v@goal=5.26 return=958.2 length=82 success_rate=1.00 collisions/ep=1.04 (n=24)
update=35 global_step=71680 SPS=654 w_ev=0.887 m_ev=0.961 m_v_bias=4.7 m_adv_std=33.5756 m_kl_max=0.0106 m_ratio_max=0.429 w_ax@goal=+0.46 w_v@goal=5.22 return=960.8 length=82 success_rate=1.00 collisions/ep=1.00 (n=24)
Evaluation at update 35: return=1012.02, length=78.75, success_rate=1.00, collisions/ep=0.00
Solved-check at update 35: solved=True worst_gap=1.14 at p_x0=0.00 p_y0=1.00 (consecutive=0)
update=36 global_step=73728 SPS=629 w_ev=0.909 m_ev=0.943 m_v_bias=5.4 m_adv_std=44.9020 m_kl_max=0.0183 m_ratio_max=0.677 w_ax@goal=+0.85 w_v@goal=5.32 return=941.1 length=80 success_rate=1.00 collisions/ep=1.42 (n=26)
update=37 global_step=75776 SPS=637 w_ev=0.908 m_ev=0.890 m_v_bias=1.2 m_adv_std=65.7270 m_kl_max=0.0135 m_ratio_max=0.623 w_ax@goal=+1.00 w_v@goal=5.39 return=928.1 length=82 success_rate=1.00 collisions/ep=1.69 (n=26)
update=38 global_step=77824 SPS=644 w_ev=0.896 m_ev=0.963 m_v_bias=-6.2 m_adv_std=35.7542 m_kl_max=0.0130 m_ratio_max=0.537 w_ax@goal=+0.87 w_v@goal=5.36 return=957.0 length=81 success_rate=1.00 collisions/ep=1.12 (n=25)
update=39 global_step=79872 SPS=651 w_ev=0.902 m_ev=0.920 m_v_bias=-2.8 m_adv_std=50.1527 m_kl_max=0.0150 m_ratio_max=0.455 w_ax@goal=+0.83 w_v@goal=5.34 return=946.3 length=81 success_rate=1.00 collisions/ep=1.33 (n=24)
update=40 global_step=81920 SPS=657 w_ev=0.972 m_ev=0.985 m_v_bias=-17.1 m_adv_std=21.6726 m_kl_max=0.0131 m_ratio_max=0.938 w_ax@goal=+0.90 w_v@goal=5.28 return=987.3 length=81 success_rate=1.00 collisions/ep=0.48 (n=27)
Evaluation at update 40: return=1012.26, length=78.45, success_rate=1.00, collisions/ep=0.00
Solved-check at update 40: solved=True worst_gap=1.00 at p_x0=0.00 p_y0=1.00 (consecutive=1)
Solved criterion held for 2 consecutive evals (tolerance=5.0) at global_step=81920.
update=41 global_step=83968 SPS=637 w_ev=0.944 m_ev=0.952 m_v_bias=7.7 m_adv_std=40.9522 m_kl_max=0.0084 m_ratio_max=0.493 w_ax@goal=+0.97 w_v@goal=5.34 return=953.6 length=81 success_rate=1.00 collisions/ep=1.17 (n=24)
update=42 global_step=86016 SPS=644 w_ev=0.947 m_ev=0.915 m_v_bias=10.0 m_adv_std=57.1247 m_kl_max=0.0176 m_ratio_max=0.786 w_ax@goal=+0.99 w_v@goal=5.38 return=934.9 length=81 success_rate=1.00 collisions/ep=1.54 (n=26)
update=43 global_step=88064 SPS=650 w_ev=0.939 m_ev=0.944 m_v_bias=-9.6 m_adv_std=44.0652 m_kl_max=0.0128 m_ratio_max=0.576 w_ax@goal=+0.94 w_v@goal=5.35 return=951.8 length=80 success_rate=1.00 collisions/ep=1.20 (n=25)
update=44 global_step=90112 SPS=655 w_ev=0.923 m_ev=0.977 m_v_bias=-5.3 m_adv_std=26.8588 m_kl_max=0.0248 m_ratio_max=0.748 w_ax@goal=+0.79 w_v@goal=5.40 return=968.8 length=79 success_rate=1.00 collisions/ep=0.96 (n=26)
update=45 global_step=92160 SPS=661 w_ev=0.961 m_ev=0.934 m_v_bias=4.0 m_adv_std=45.2990 m_kl_max=0.0223 m_ratio_max=0.672 w_ax@goal=+0.93 w_v@goal=5.40 return=966.4 length=79 success_rate=1.00 collisions/ep=0.93 (n=27)
Evaluation at update 45: return=1012.22, length=78.50, success_rate=1.00, collisions/ep=0.00
Solved-check at update 45: solved=True worst_gap=1.00 at p_x0=0.00 p_y0=1.00 (consecutive=2)
update=46 global_step=94208 SPS=642 w_ev=0.959 m_ev=0.922 m_v_bias=1.5 m_adv_std=50.3331 m_kl_max=0.0267 m_ratio_max=1.212 w_ax@goal=+0.94 w_v@goal=5.34 return=953.2 length=80 success_rate=1.00 collisions/ep=1.32 (n=25)
update=47 global_step=96256 SPS=647 w_ev=0.969 m_ev=0.962 m_v_bias=6.5 m_adv_std=34.4725 m_kl_max=0.0085 m_ratio_max=0.381 w_ax@goal=+1.11 w_v@goal=5.33 return=961.7 length=80 success_rate=1.00 collisions/ep=1.04 (n=26)
update=48 global_step=98304 SPS=653 w_ev=0.981 m_ev=0.978 m_v_bias=-5.7 m_adv_std=26.3556 m_kl_max=0.0081 m_ratio_max=0.384 w_ax@goal=+0.89 w_v@goal=5.39 return=965.9 length=81 success_rate=1.00 collisions/ep=0.96 (n=25)
update=49 global_step=100352 SPS=658 w_ev=0.960 m_ev=0.965 m_v_bias=2.6 m_adv_std=33.1854 m_kl_max=0.0120 m_ratio_max=0.582 w_ax@goal=+1.16 w_v@goal=5.38 return=959.6 length=80 success_rate=1.00 collisions/ep=1.12 (n=25)
update=50 global_step=102400 SPS=663 w_ev=0.969 m_ev=0.957 m_v_bias=-1.0 m_adv_std=37.4098 m_kl_max=0.0056 m_ratio_max=0.390 w_ax@goal=+1.10 w_v@goal=5.41 return=979.8 length=79 success_rate=1.00 collisions/ep=0.68 (n=25)
Evaluation at update 50: return=1012.41, length=78.30, success_rate=1.00, collisions/ep=0.00
Solved-check at update 50: solved=False worst_gap=50.80 at p_x0=0.00 p_y0=1.00 (consecutive=3)
update=51 global_step=104448 SPS=646 w_ev=0.979 m_ev=0.960 m_v_bias=6.3 m_adv_std=37.2343 m_kl_max=0.0084 m_ratio_max=0.621 w_ax@goal=+1.09 w_v@goal=5.40 return=939.8 length=80 success_rate=1.00 collisions/ep=1.52 (n=27)
update=52 global_step=106496 SPS=651 w_ev=0.983 m_ev=0.986 m_v_bias=-14.6 m_adv_std=20.6234 m_kl_max=0.0173 m_ratio_max=0.604 w_ax@goal=+1.17 w_v@goal=5.40 return=988.7 length=79 success_rate=1.00 collisions/ep=0.46 (n=26)
update=53 global_step=108544 SPS=655 w_ev=0.972 m_ev=0.939 m_v_bias=8.8 m_adv_std=44.1687 m_kl_max=0.0136 m_ratio_max=0.482 w_ax@goal=+1.12 w_v@goal=5.38 return=980.9 length=79 success_rate=1.00 collisions/ep=0.62 (n=26)
update=54 global_step=110592 SPS=660 w_ev=0.982 m_ev=0.968 m_v_bias=-5.3 m_adv_std=31.2121 m_kl_max=0.0128 m_ratio_max=0.422 w_ax@goal=+1.01 w_v@goal=5.33 return=955.8 length=80 success_rate=1.00 collisions/ep=1.12 (n=25)
update=55 global_step=112640 SPS=665 w_ev=0.986 m_ev=0.971 m_v_bias=-1.1 m_adv_std=30.9300 m_kl_max=0.0083 m_ratio_max=0.491 w_ax@goal=+1.26 w_v@goal=5.41 return=975.2 length=79 success_rate=1.00 collisions/ep=0.78 (n=27)
Evaluation at update 55: return=1012.60, length=78.25, success_rate=1.00, collisions/ep=0.00
Solved-check at update 55: solved=True worst_gap=0.72 at p_x0=0.00 p_y0=-1.00 (consecutive=0)
update=56 global_step=114688 SPS=650 w_ev=0.973 m_ev=0.950 m_v_bias=2.1 m_adv_std=37.8605 m_kl_max=0.0039 m_ratio_max=0.427 w_ax@goal=+1.15 w_v@goal=5.44 return=960.2 length=78 success_rate=1.00 collisions/ep=1.04 (n=25)
update=57 global_step=116736 SPS=654 w_ev=0.975 m_ev=0.975 m_v_bias=-2.4 m_adv_std=27.0233 m_kl_max=0.0159 m_ratio_max=0.591 w_ax@goal=+1.07 w_v@goal=5.33 return=977.8 length=78 success_rate=1.00 collisions/ep=0.68 (n=25)
update=58 global_step=118784 SPS=658 w_ev=0.978 m_ev=0.971 m_v_bias=-5.8 m_adv_std=31.6910 m_kl_max=0.0134 m_ratio_max=0.552 w_ax@goal=+1.22 w_v@goal=5.42 return=970.2 length=78 success_rate=1.00 collisions/ep=0.87 (n=30)
update=59 global_step=120832 SPS=663 w_ev=0.972 m_ev=0.956 m_v_bias=4.5 m_adv_std=38.6115 m_kl_max=0.0249 m_ratio_max=0.778 w_ax@goal=+1.13 w_v@goal=5.41 return=966.2 length=80 success_rate=1.00 collisions/ep=1.00 (n=25)
update=60 global_step=122880 SPS=667 w_ev=0.981 m_ev=0.981 m_v_bias=-7.1 m_adv_std=24.1581 m_kl_max=0.0131 m_ratio_max=0.550 w_ax@goal=+1.31 w_v@goal=5.45 return=975.1 length=81 success_rate=1.00 collisions/ep=0.75 (n=24)
Evaluation at update 60: return=1012.54, length=78.25, success_rate=1.00, collisions/ep=0.00
Solved-check at update 60: solved=False worst_gap=50.66 at p_x0=0.00 p_y0=1.00 (consecutive=1)
update=61 global_step=124928 SPS=653 w_ev=0.976 m_ev=0.972 m_v_bias=-4.1 m_adv_std=28.2725 m_kl_max=0.0301 m_ratio_max=0.785 w_ax@goal=+1.22 w_v@goal=5.43 return=983.1 length=80 success_rate=1.00 collisions/ep=0.62 (n=24)
update=62 global_step=126976 SPS=657 w_ev=0.983 m_ev=0.967 m_v_bias=4.6 m_adv_std=31.1922 m_kl_max=0.0182 m_ratio_max=0.795 w_ax@goal=+1.08 w_v@goal=5.42 return=973.2 length=79 success_rate=1.00 collisions/ep=0.78 (n=27)
update=63 global_step=129024 SPS=662 w_ev=0.980 m_ev=0.981 m_v_bias=6.2 m_adv_std=24.9997 m_kl_max=0.0122 m_ratio_max=0.474 w_ax@goal=+1.16 w_v@goal=5.44 return=969.3 length=80 success_rate=1.00 collisions/ep=0.85 (n=27)
update=64 global_step=131072 SPS=666 w_ev=0.961 m_ev=0.924 m_v_bias=10.0 m_adv_std=51.6050 m_kl_max=0.0079 m_ratio_max=0.537 w_ax@goal=+1.07 w_v@goal=5.33 return=941.4 length=80 success_rate=1.00 collisions/ep=1.42 (n=24)
update=65 global_step=133120 SPS=669 w_ev=0.970 m_ev=0.973 m_v_bias=-7.4 m_adv_std=30.0932 m_kl_max=0.0155 m_ratio_max=0.640 w_ax@goal=+1.05 w_v@goal=5.37 return=962.4 length=81 success_rate=1.00 collisions/ep=1.04 (n=27)
Evaluation at update 65: return=1012.54, length=78.25, success_rate=1.00, collisions/ep=0.00
Solved-check at update 65: solved=True worst_gap=0.80 at p_x0=0.00 p_y0=-1.00 (consecutive=0)
update=66 global_step=135168 SPS=656 w_ev=0.963 m_ev=0.934 m_v_bias=-2.9 m_adv_std=46.0499 m_kl_max=0.0093 m_ratio_max=0.775 w_ax@goal=+1.24 w_v@goal=5.34 return=960.5 length=80 success_rate=1.00 collisions/ep=1.12 (n=24)
update=67 global_step=137216 SPS=660 w_ev=0.977 m_ev=0.979 m_v_bias=-4.2 m_adv_std=24.9766 m_kl_max=0.0126 m_ratio_max=0.556 w_ax@goal=+1.21 w_v@goal=5.33 return=971.0 length=78 success_rate=1.00 collisions/ep=1.00 (n=27)
update=68 global_step=139264 SPS=664 w_ev=0.969 m_ev=0.975 m_v_bias=0.6 m_adv_std=28.2421 m_kl_max=0.0065 m_ratio_max=0.465 w_ax@goal=+1.15 w_v@goal=5.40 return=971.7 length=80 success_rate=1.00 collisions/ep=0.85 (n=26)
update=69 global_step=141312 SPS=668 w_ev=0.969 m_ev=0.988 m_v_bias=-6.4 m_adv_std=18.5002 m_kl_max=0.0137 m_ratio_max=0.675 w_ax@goal=+1.05 w_v@goal=5.39 return=990.2 length=81 success_rate=1.00 collisions/ep=0.56 (n=25)
update=70 global_step=143360 SPS=672 w_ev=0.961 m_ev=0.980 m_v_bias=1.2 m_adv_std=24.2544 m_kl_max=0.0127 m_ratio_max=0.606 w_ax@goal=+1.11 w_v@goal=5.41 return=983.0 length=80 success_rate=1.00 collisions/ep=0.58 (n=26)
Evaluation at update 70: return=1012.62, length=78.25, success_rate=1.00, collisions/ep=0.00
Solved-check at update 70: solved=False worst_gap=50.60 at p_x0=0.00 p_y0=1.00 (consecutive=1)
update=71 global_step=145408 SPS=658 w_ev=0.970 m_ev=0.967 m_v_bias=1.6 m_adv_std=31.9015 m_kl_max=0.0110 m_ratio_max=0.400 w_ax@goal=+1.17 w_v@goal=5.41 return=977.3 length=78 success_rate=1.00 collisions/ep=0.77 (n=26)
update=72 global_step=147456 SPS=662 w_ev=0.969 m_ev=0.968 m_v_bias=10.1 m_adv_std=30.8336 m_kl_max=0.0201 m_ratio_max=0.521 w_ax@goal=+1.27 w_v@goal=5.32 return=954.9 length=80 success_rate=1.00 collisions/ep=1.27 (n=26)
update=73 global_step=149504 SPS=666 w_ev=0.967 m_ev=0.959 m_v_bias=0.8 m_adv_std=36.1425 m_kl_max=0.0315 m_ratio_max=0.694 w_ax@goal=+1.16 w_v@goal=5.35 return=964.2 length=79 success_rate=1.00 collisions/ep=1.04 (n=24)
update=74 global_step=151552 SPS=669 w_ev=0.980 m_ev=0.992 m_v_bias=-20.0 m_adv_std=14.9758 m_kl_max=0.0064 m_ratio_max=0.381 w_ax@goal=+1.19 w_v@goal=5.44 return=999.9 length=78 success_rate=1.00 collisions/ep=0.24 (n=29)
update=75 global_step=153600 SPS=673 w_ev=0.975 m_ev=0.975 m_v_bias=5.4 m_adv_std=26.6656 m_kl_max=0.0138 m_ratio_max=0.455 w_ax@goal=+1.27 w_v@goal=5.45 return=985.8 length=78 success_rate=1.00 collisions/ep=0.56 (n=25)
Evaluation at update 75: return=1012.62, length=78.15, success_rate=1.00, collisions/ep=0.00
Solved-check at update 75: solved=True worst_gap=0.67 at p_x0=0.00 p_y0=-1.00 (consecutive=0)
update=76 global_step=155648 SPS=661 w_ev=0.981 m_ev=0.980 m_v_bias=-0.6 m_adv_std=23.6633 m_kl_max=0.0049 m_ratio_max=0.445 w_ax@goal=+1.20 w_v@goal=5.44 return=989.3 length=79 success_rate=1.00 collisions/ep=0.50 (n=26)
update=77 global_step=157696 SPS=664 w_ev=0.978 m_ev=0.967 m_v_bias=11.0 m_adv_std=32.7143 m_kl_max=0.0153 m_ratio_max=0.486 w_ax@goal=+1.27 w_v@goal=5.35 return=970.2 length=79 success_rate=1.00 collisions/ep=0.92 (n=25)
update=78 global_step=159744 SPS=668 w_ev=0.983 m_ev=0.991 m_v_bias=-3.4 m_adv_std=16.3706 m_kl_max=0.0245 m_ratio_max=0.651 w_ax@goal=+1.12 w_v@goal=5.38 return=986.0 length=78 success_rate=1.00 collisions/ep=0.52 (n=29)
update=79 global_step=161792 SPS=671 w_ev=0.980 m_ev=0.975 m_v_bias=0.6 m_adv_std=25.9595 m_kl_max=0.0058 m_ratio_max=0.319 w_ax@goal=+1.37 w_v@goal=5.42 return=982.9 length=78 success_rate=1.00 collisions/ep=0.58 (n=24)
update=80 global_step=163840 SPS=674 w_ev=0.973 m_ev=0.963 m_v_bias=0.5 m_adv_std=34.5720 m_kl_max=0.0154 m_ratio_max=0.683 w_ax@goal=+1.37 w_v@goal=5.41 return=991.0 length=79 success_rate=1.00 collisions/ep=0.50 (n=26)
Evaluation at update 80: return=1012.55, length=78.25, success_rate=1.00, collisions/ep=0.00
Solved-check at update 80: solved=False worst_gap=50.66 at p_x0=0.00 p_y0=1.00 (consecutive=1)
update=81 global_step=165888 SPS=663 w_ev=0.978 m_ev=0.929 m_v_bias=8.5 m_adv_std=44.9130 m_kl_max=0.0315 m_ratio_max=0.796 w_ax@goal=+1.22 w_v@goal=5.43 return=943.2 length=81 success_rate=1.00 collisions/ep=1.54 (n=26)
update=82 global_step=167936 SPS=665 w_ev=0.982 m_ev=0.985 m_v_bias=-3.0 m_adv_std=20.7538 m_kl_max=0.0094 m_ratio_max=0.715 w_ax@goal=+1.29 w_v@goal=5.39 return=989.5 length=80 success_rate=1.00 collisions/ep=0.46 (n=24)
update=83 global_step=169984 SPS=668 w_ev=0.987 m_ev=0.983 m_v_bias=-5.3 m_adv_std=22.8445 m_kl_max=0.0346 m_ratio_max=0.599 w_ax@goal=+1.22 w_v@goal=5.40 return=990.3 length=81 success_rate=1.00 collisions/ep=0.56 (n=27)
update=84 global_step=172032 SPS=671 w_ev=0.977 m_ev=0.973 m_v_bias=-4.0 m_adv_std=28.8769 m_kl_max=0.0100 m_ratio_max=0.697 w_ax@goal=+1.27 w_v@goal=5.42 return=984.4 length=82 success_rate=1.00 collisions/ep=0.56 (n=25)
update=85 global_step=174080 SPS=674 w_ev=0.990 m_ev=0.991 m_v_bias=-1.9 m_adv_std=16.4289 m_kl_max=0.0060 m_ratio_max=0.299 w_ax@goal=+1.33 w_v@goal=5.39 return=989.4 length=81 success_rate=1.00 collisions/ep=0.54 (n=24)
Evaluation at update 85: return=1012.70, length=78.10, success_rate=1.00, collisions/ep=0.00
Solved-check at update 85: solved=True worst_gap=0.56 at p_x0=0.00 p_y0=-1.00 (consecutive=0)
update=86 global_step=176128 SPS=664 w_ev=0.976 m_ev=0.968 m_v_bias=1.5 m_adv_std=29.7805 m_kl_max=0.0253 m_ratio_max=0.829 w_ax@goal=+1.44 w_v@goal=5.40 return=993.7 length=79 success_rate=1.00 collisions/ep=0.44 (n=27)
update=87 global_step=178176 SPS=667 w_ev=0.989 m_ev=0.990 m_v_bias=0.4 m_adv_std=17.4712 m_kl_max=0.0095 m_ratio_max=0.428 w_ax@goal=+1.32 w_v@goal=5.41 return=988.1 length=80 success_rate=1.00 collisions/ep=0.56 (n=27)
update=88 global_step=180224 SPS=670 w_ev=0.992 m_ev=0.995 m_v_bias=-7.1 m_adv_std=11.2547 m_kl_max=0.0145 m_ratio_max=0.624 w_ax@goal=+1.31 w_v@goal=5.41 return=1004.4 length=81 success_rate=1.00 collisions/ep=0.25 (n=24)
update=89 global_step=182272 SPS=672 w_ev=0.987 m_ev=0.974 m_v_bias=6.8 m_adv_std=26.8790 m_kl_max=0.0062 m_ratio_max=0.333 w_ax@goal=+1.30 w_v@goal=5.38 return=985.6 length=81 success_rate=1.00 collisions/ep=0.58 (n=24)
update=90 global_step=184320 SPS=675 w_ev=0.978 m_ev=0.966 m_v_bias=7.2 m_adv_std=32.4962 m_kl_max=0.0198 m_ratio_max=0.564 w_ax@goal=+1.27 w_v@goal=5.39 return=976.9 length=79 success_rate=1.00 collisions/ep=0.85 (n=27)
Evaluation at update 90: return=1012.72, length=78.05, success_rate=1.00, collisions/ep=0.00
Solved-check at update 90: solved=False worst_gap=50.49 at p_x0=0.00 p_y0=1.00 (consecutive=1)
update=91 global_step=186368 SPS=665 w_ev=0.991 m_ev=0.991 m_v_bias=-12.9 m_adv_std=16.0250 m_kl_max=0.0097 m_ratio_max=0.699 w_ax@goal=+1.30 w_v@goal=5.36 return=994.1 length=80 success_rate=1.00 collisions/ep=0.41 (n=27)
update=92 global_step=188416 SPS=668 w_ev=0.994 m_ev=0.986 m_v_bias=-2.1 m_adv_std=19.6345 m_kl_max=0.0058 m_ratio_max=0.396 w_ax@goal=+1.31 w_v@goal=5.39 return=996.5 length=78 success_rate=1.00 collisions/ep=0.32 (n=25)
update=93 global_step=190464 SPS=670 w_ev=0.986 m_ev=0.977 m_v_bias=3.2 m_adv_std=25.6312 m_kl_max=0.0108 m_ratio_max=0.471 w_ax@goal=+1.31 w_v@goal=5.41 return=992.2 length=79 success_rate=1.00 collisions/ep=0.48 (n=25)
update=94 global_step=192512 SPS=673 w_ev=0.987 m_ev=0.982 m_v_bias=0.1 m_adv_std=23.5381 m_kl_max=0.0099 m_ratio_max=0.403 w_ax@goal=+1.35 w_v@goal=5.42 return=974.3 length=81 success_rate=1.00 collisions/ep=0.77 (n=26)
update=95 global_step=194560 SPS=676 w_ev=0.988 m_ev=0.984 m_v_bias=-3.8 m_adv_std=22.0496 m_kl_max=0.0089 m_ratio_max=0.453 w_ax@goal=+1.32 w_v@goal=5.38 return=990.5 length=80 success_rate=1.00 collisions/ep=0.52 (n=27)
Evaluation at update 95: return=1012.80, length=77.85, success_rate=1.00, collisions/ep=0.00
Solved-check at update 95: solved=True worst_gap=0.39 at p_x0=0.00 p_y0=1.00 (consecutive=0)
update=96 global_step=196608 SPS=667 w_ev=0.988 m_ev=0.984 m_v_bias=0.3 m_adv_std=21.7476 m_kl_max=0.0059 m_ratio_max=0.534 w_ax@goal=+1.33 w_v@goal=5.33 return=992.7 length=80 success_rate=1.00 collisions/ep=0.48 (n=25)
update=97 global_step=198656 SPS=669 w_ev=0.982 m_ev=0.956 m_v_bias=2.8 m_adv_std=36.1989 m_kl_max=0.0076 m_ratio_max=0.358 w_ax@goal=+1.55 w_v@goal=5.38 return=973.9 length=78 success_rate=1.00 collisions/ep=0.81 (n=26)
update=98 global_step=200704 SPS=672 w_ev=0.989 m_ev=0.969 m_v_bias=-5.8 m_adv_std=30.8049 m_kl_max=0.0338 m_ratio_max=0.811 w_ax@goal=+1.39 w_v@goal=5.42 return=988.4 length=78 success_rate=1.00 collisions/ep=0.48 (n=25)
update=99 global_step=202752 SPS=675 w_ev=0.989 m_ev=0.979 m_v_bias=-5.3 m_adv_std=23.9644 m_kl_max=0.0167 m_ratio_max=1.438 w_ax@goal=+1.03 w_v@goal=5.40 return=1001.9 length=80 success_rate=1.00 collisions/ep=0.21 (n=28)
update=100 global_step=204800 SPS=678 w_ev=0.992 m_ev=0.983 m_v_bias=2.7 m_adv_std=22.0052 m_kl_max=0.0155 m_ratio_max=1.031 w_ax@goal=+1.30 w_v@goal=5.39 return=994.9 length=80 success_rate=1.00 collisions/ep=0.44 (n=25)
Evaluation at update 100: return=1012.81, length=77.90, success_rate=1.00, collisions/ep=0.00
Solved-check at update 100: solved=True worst_gap=0.42 at p_x0=0.00 p_y0=1.00 (consecutive=1)
update=101 global_step=206848 SPS=669 w_ev=0.981 m_ev=0.962 m_v_bias=5.8 m_adv_std=34.2802 m_kl_max=0.0357 m_ratio_max=1.013 w_ax@goal=+1.44 w_v@goal=5.42 return=983.8 length=78 success_rate=1.00 collisions/ep=0.62 (n=26)
update=102 global_step=208896 SPS=672 w_ev=0.970 m_ev=0.951 m_v_bias=5.9 m_adv_std=39.4972 m_kl_max=0.0128 m_ratio_max=0.543 w_ax@goal=+1.17 w_v@goal=5.38 return=972.1 length=79 success_rate=1.00 collisions/ep=0.85 (n=26)
update=103 global_step=210944 SPS=674 w_ev=0.987 m_ev=0.987 m_v_bias=-13.4 m_adv_std=19.7709 m_kl_max=0.0055 m_ratio_max=0.522 w_ax@goal=+1.40 w_v@goal=5.36 return=986.8 length=79 success_rate=1.00 collisions/ep=0.52 (n=25)
update=104 global_step=212992 SPS=676 w_ev=0.987 m_ev=0.986 m_v_bias=-1.2 m_adv_std=20.2777 m_kl_max=0.0090 m_ratio_max=0.645 w_ax@goal=+1.20 w_v@goal=5.35 return=999.3 length=78 success_rate=1.00 collisions/ep=0.30 (n=27)
update=105 global_step=215040 SPS=678 w_ev=0.991 m_ev=0.988 m_v_bias=1.4 m_adv_std=18.4535 m_kl_max=0.0060 m_ratio_max=0.328 w_ax@goal=+1.28 w_v@goal=5.39 return=992.0 length=80 success_rate=1.00 collisions/ep=0.42 (n=24)
Evaluation at update 105: return=1012.79, length=77.85, success_rate=1.00, collisions/ep=0.00
Solved-check at update 105: solved=False worst_gap=50.42 at p_x0=0.00 p_y0=1.00 (consecutive=2)
update=106 global_step=217088 SPS=670 w_ev=0.990 m_ev=0.983 m_v_bias=-1.3 m_adv_std=22.4692 m_kl_max=0.0170 m_ratio_max=0.618 w_ax@goal=+1.27 w_v@goal=5.39 return=987.7 length=78 success_rate=1.00 collisions/ep=0.61 (n=28)
update=107 global_step=219136 SPS=672 w_ev=0.987 m_ev=0.983 m_v_bias=0.8 m_adv_std=22.9147 m_kl_max=0.0053 m_ratio_max=0.302 w_ax@goal=+1.46 w_v@goal=5.40 return=988.6 length=78 success_rate=1.00 collisions/ep=0.48 (n=27)
update=108 global_step=221184 SPS=674 w_ev=0.991 m_ev=0.984 m_v_bias=-2.2 m_adv_std=21.6998 m_kl_max=0.0133 m_ratio_max=0.427 w_ax@goal=+1.30 w_v@goal=5.41 return=989.2 length=81 success_rate=1.00 collisions/ep=0.56 (n=25)
update=109 global_step=223232 SPS=676 w_ev=0.984 m_ev=0.957 m_v_bias=4.5 m_adv_std=37.4825 m_kl_max=0.0149 m_ratio_max=0.548 w_ax@goal=+1.36 w_v@goal=5.40 return=977.2 length=78 success_rate=1.00 collisions/ep=0.75 (n=24)
update=110 global_step=225280 SPS=678 w_ev=0.988 m_ev=0.973 m_v_bias=2.1 m_adv_std=28.0864 m_kl_max=0.0073 m_ratio_max=0.651 w_ax@goal=+1.48 w_v@goal=5.37 return=977.0 length=78 success_rate=1.00 collisions/ep=0.82 (n=28)
Evaluation at update 110: return=1012.83, length=77.90, success_rate=1.00, collisions/ep=0.00
Solved-check at update 110: solved=True worst_gap=0.44 at p_x0=0.00 p_y0=1.00 (consecutive=0)
update=111 global_step=227328 SPS=670 w_ev=0.987 m_ev=0.972 m_v_bias=-6.1 m_adv_std=29.5966 m_kl_max=0.0052 m_ratio_max=0.385 w_ax@goal=+1.42 w_v@goal=5.43 return=978.9 length=78 success_rate=1.00 collisions/ep=0.67 (n=27)
update=112 global_step=229376 SPS=672 w_ev=0.987 m_ev=0.974 m_v_bias=1.2 m_adv_std=26.7589 m_kl_max=0.0182 m_ratio_max=0.875 w_ax@goal=+1.21 w_v@goal=5.42 return=992.3 length=78 success_rate=1.00 collisions/ep=0.44 (n=25)
update=113 global_step=231424 SPS=674 w_ev=0.989 m_ev=0.976 m_v_bias=-4.1 m_adv_std=25.9521 m_kl_max=0.0197 m_ratio_max=1.559 w_ax@goal=+1.44 w_v@goal=5.40 return=988.1 length=81 success_rate=1.00 collisions/ep=0.54 (n=24)
update=114 global_step=233472 SPS=676 w_ev=0.990 m_ev=0.991 m_v_bias=-5.7 m_adv_std=16.0282 m_kl_max=0.0209 m_ratio_max=0.728 w_ax@goal=+1.38 w_v@goal=5.42 return=1007.3 length=80 success_rate=1.00 collisions/ep=0.11 (n=27)
update=115 global_step=235520 SPS=679 w_ev=0.994 m_ev=0.993 m_v_bias=0.1 m_adv_std=14.1128 m_kl_max=0.0272 m_ratio_max=0.830 w_ax@goal=+1.47 w_v@goal=5.39 return=998.3 length=80 success_rate=1.00 collisions/ep=0.30 (n=27)
Evaluation at update 115: return=1012.78, length=77.90, success_rate=1.00, collisions/ep=0.00
Solved-check at update 115: solved=True worst_gap=0.49 at p_x0=0.00 p_y0=1.00 (consecutive=1)
update=116 global_step=237568 SPS=671 w_ev=0.993 m_ev=0.984 m_v_bias=3.5 m_adv_std=21.9484 m_kl_max=0.0165 m_ratio_max=0.476 w_ax@goal=+1.52 w_v@goal=5.41 return=992.8 length=80 success_rate=1.00 collisions/ep=0.40 (n=25)
update=117 global_step=239616 SPS=673 w_ev=0.979 m_ev=0.947 m_v_bias=12.6 m_adv_std=40.6406 m_kl_max=0.0144 m_ratio_max=0.542 w_ax@goal=+1.50 w_v@goal=5.41 return=973.2 length=79 success_rate=1.00 collisions/ep=0.79 (n=24)
update=118 global_step=241664 SPS=675 w_ev=0.991 m_ev=0.990 m_v_bias=-13.6 m_adv_std=16.6439 m_kl_max=0.0070 m_ratio_max=0.580 w_ax@goal=+1.38 w_v@goal=5.39 return=994.8 length=78 success_rate=1.00 collisions/ep=0.43 (n=28)
update=119 global_step=243712 SPS=677 w_ev=0.993 m_ev=0.992 m_v_bias=-2.1 m_adv_std=14.6588 m_kl_max=0.0059 m_ratio_max=0.367 w_ax@goal=+1.38 w_v@goal=5.41 return=1001.5 length=77 success_rate=1.00 collisions/ep=0.22 (n=27)
update=120 global_step=245760 SPS=679 w_ev=0.995 m_ev=0.991 m_v_bias=3.4 m_adv_std=16.2337 m_kl_max=0.0058 m_ratio_max=0.572 w_ax@goal=+1.40 w_v@goal=5.39 return=995.0 length=79 success_rate=1.00 collisions/ep=0.40 (n=25)
Evaluation at update 120: return=1012.85, length=77.85, success_rate=1.00, collisions/ep=0.00
Solved-check at update 120: solved=True worst_gap=0.41 at p_x0=0.00 p_y0=1.00 (consecutive=2)
update=121 global_step=247808 SPS=671 w_ev=0.980 m_ev=0.957 m_v_bias=3.3 m_adv_std=35.6217 m_kl_max=0.0144 m_ratio_max=0.740 w_ax@goal=+1.40 w_v@goal=5.39 return=991.6 length=79 success_rate=1.00 collisions/ep=0.42 (n=26)
update=122 global_step=249856 SPS=673 w_ev=0.989 m_ev=0.980 m_v_bias=0.2 m_adv_std=24.4239 m_kl_max=0.0286 m_ratio_max=1.217 w_ax@goal=+1.24 w_v@goal=5.41 return=991.6 length=79 success_rate=1.00 collisions/ep=0.42 (n=26)
update=123 global_step=251904 SPS=675 w_ev=0.992 m_ev=0.987 m_v_bias=-0.5 m_adv_std=20.1817 m_kl_max=0.0146 m_ratio_max=0.596 w_ax@goal=+1.34 w_v@goal=5.36 return=1001.9 length=79 success_rate=1.00 collisions/ep=0.22 (n=27)
update=124 global_step=253952 SPS=677 w_ev=0.991 m_ev=0.969 m_v_bias=1.4 m_adv_std=28.2720 m_kl_max=0.0183 m_ratio_max=0.482 w_ax@goal=+1.55 w_v@goal=5.35 return=977.6 length=79 success_rate=1.00 collisions/ep=0.83 (n=24)
update=125 global_step=256000 SPS=679 w_ev=0.992 m_ev=0.980 m_v_bias=2.4 m_adv_std=22.9798 m_kl_max=0.0078 m_ratio_max=0.334 w_ax@goal=+1.47 w_v@goal=5.40 return=994.1 length=77 success_rate=1.00 collisions/ep=0.41 (n=27)
Evaluation at update 125: return=1012.87, length=77.85, success_rate=1.00, collisions/ep=0.00
Solved-check at update 125: solved=False worst_gap=50.37 at p_x0=0.00 p_y0=1.00 (consecutive=3)
update=126 global_step=258048 SPS=671 w_ev=0.993 m_ev=0.983 m_v_bias=1.2 m_adv_std=22.6611 m_kl_max=0.0174 m_ratio_max=0.559 w_ax@goal=+1.33 w_v@goal=5.41 return=988.7 length=78 success_rate=1.00 collisions/ep=0.48 (n=25)
update=127 global_step=260096 SPS=673 w_ev=0.995 m_ev=0.992 m_v_bias=-2.9 m_adv_std=15.5417 m_kl_max=0.0382 m_ratio_max=0.769 w_ax@goal=+1.30 w_v@goal=5.41 return=997.9 length=79 success_rate=1.00 collisions/ep=0.30 (n=27)
update=128 global_step=262144 SPS=675 w_ev=0.993 m_ev=0.966 m_v_bias=12.8 m_adv_std=30.0859 m_kl_max=0.0133 m_ratio_max=0.656 w_ax@goal=+1.33 w_v@goal=5.40 return=970.3 length=78 success_rate=1.00 collisions/ep=0.96 (n=26)
update=129 global_step=264192 SPS=676 w_ev=0.993 m_ev=0.976 m_v_bias=-2.5 m_adv_std=26.8133 m_kl_max=0.0275 m_ratio_max=0.785 w_ax@goal=+1.26 w_v@goal=5.35 return=982.7 length=79 success_rate=1.00 collisions/ep=0.64 (n=25)
update=130 global_step=266240 SPS=678 w_ev=0.984 m_ev=0.941 m_v_bias=-2.0 m_adv_std=44.6490 m_kl_max=0.0150 m_ratio_max=0.632 w_ax@goal=+1.29 w_v@goal=5.36 return=1001.1 length=78 success_rate=1.00 collisions/ep=0.23 (n=26)
Evaluation at update 130: return=1012.94, length=77.85, success_rate=1.00, collisions/ep=0.00
Solved-check at update 130: solved=True worst_gap=0.32 at p_x0=0.00 p_y0=1.00 (consecutive=0)
update=131 global_step=268288 SPS=670 w_ev=0.987 m_ev=0.937 m_v_bias=2.5 m_adv_std=44.7050 m_kl_max=0.0266 m_ratio_max=0.665 w_ax@goal=+1.36 w_v@goal=5.42 return=963.0 length=80 success_rate=1.00 collisions/ep=1.00 (n=27)
update=132 global_step=270336 SPS=672 w_ev=0.991 m_ev=0.970 m_v_bias=-5.5 m_adv_std=29.7203 m_kl_max=0.0114 m_ratio_max=0.552 w_ax@goal=+1.23 w_v@goal=5.38 return=986.6 length=79 success_rate=1.00 collisions/ep=0.52 (n=25)
update=133 global_step=272384 SPS=674 w_ev=0.990 m_ev=0.971 m_v_bias=3.7 m_adv_std=29.0087 m_kl_max=0.0092 m_ratio_max=0.426 w_ax@goal=+1.17 w_v@goal=5.41 return=990.9 length=79 success_rate=1.00 collisions/ep=0.43 (n=28)
update=134 global_step=274432 SPS=676 w_ev=0.990 m_ev=0.983 m_v_bias=-2.6 m_adv_std=21.8237 m_kl_max=0.0155 m_ratio_max=0.827 w_ax@goal=+1.24 w_v@goal=5.39 return=994.0 length=79 success_rate=1.00 collisions/ep=0.42 (n=24)
update=135 global_step=276480 SPS=678 w_ev=0.987 m_ev=0.948 m_v_bias=12.2 m_adv_std=40.3289 m_kl_max=0.0128 m_ratio_max=0.709 w_ax@goal=+1.26 w_v@goal=5.38 return=979.7 length=78 success_rate=1.00 collisions/ep=0.69 (n=26)
Evaluation at update 135: return=1012.99, length=77.70, success_rate=1.00, collisions/ep=0.00
Solved-check at update 135: solved=False worst_gap=150.18 at p_x0=0.00 p_y0=1.00 (consecutive=1)
update=136 global_step=278528 SPS=672 w_ev=0.990 m_ev=0.954 m_v_bias=-4.0 m_adv_std=37.3359 m_kl_max=0.0087 m_ratio_max=0.420 w_ax@goal=+1.26 w_v@goal=5.40 return=962.7 length=78 success_rate=1.00 collisions/ep=1.00 (n=28)
update=137 global_step=280576 SPS=674 w_ev=0.994 m_ev=0.991 m_v_bias=-8.7 m_adv_std=15.9334 m_kl_max=0.0082 m_ratio_max=0.481 w_ax@goal=+1.35 w_v@goal=5.39 return=1003.0 length=77 success_rate=1.00 collisions/ep=0.27 (n=26)
update=138 global_step=282624 SPS=675 w_ev=0.992 m_ev=0.985 m_v_bias=-0.6 m_adv_std=19.7886 m_kl_max=0.0188 m_ratio_max=0.642 w_ax@goal=+1.38 w_v@goal=5.38 return=1004.7 length=79 success_rate=1.00 collisions/ep=0.20 (n=25)
update=139 global_step=284672 SPS=677 w_ev=0.992 m_ev=0.975 m_v_bias=5.4 m_adv_std=26.3519 m_kl_max=0.0110 m_ratio_max=0.728 w_ax@goal=+1.50 w_v@goal=5.39 return=979.6 length=78 success_rate=1.00 collisions/ep=0.70 (n=27)
update=140 global_step=286720 SPS=679 w_ev=0.989 m_ev=0.981 m_v_bias=-4.0 m_adv_std=23.6980 m_kl_max=0.0176 m_ratio_max=0.687 w_ax@goal=+1.51 w_v@goal=5.43 return=1001.4 length=77 success_rate=1.00 collisions/ep=0.26 (n=27)
Evaluation at update 140: return=1013.02, length=77.70, success_rate=1.00, collisions/ep=0.00
Solved-check at update 140: solved=True worst_gap=0.15 at p_x0=0.00 p_y0=1.00 (consecutive=0)
update=141 global_step=288768 SPS=672 w_ev=0.988 m_ev=0.962 m_v_bias=9.2 m_adv_std=33.0453 m_kl_max=0.0203 m_ratio_max=0.676 w_ax@goal=+1.49 w_v@goal=5.39 return=977.6 length=80 success_rate=1.00 collisions/ep=0.83 (n=24)
update=142 global_step=290816 SPS=674 w_ev=0.993 m_ev=0.991 m_v_bias=-7.1 m_adv_std=16.1679 m_kl_max=0.0102 m_ratio_max=0.696 w_ax@goal=+1.54 w_v@goal=5.38 return=1000.3 length=80 success_rate=1.00 collisions/ep=0.26 (n=27)
update=143 global_step=292864 SPS=675 w_ev=0.996 m_ev=0.996 m_v_bias=-3.5 m_adv_std=10.7683 m_kl_max=0.0120 m_ratio_max=0.667 w_ax@goal=+1.56 w_v@goal=5.39 return=1006.9 length=77 success_rate=1.00 collisions/ep=0.15 (n=26)
update=144 global_step=294912 SPS=677 w_ev=0.993 m_ev=0.995 m_v_bias=-0.9 m_adv_std=11.3027 m_kl_max=0.0139 m_ratio_max=0.550 w_ax@goal=+1.55 w_v@goal=5.42 return=1007.3 length=78 success_rate=1.00 collisions/ep=0.11 (n=27)
update=145 global_step=296960 SPS=679 w_ev=0.995 m_ev=0.991 m_v_bias=2.8 m_adv_std=15.6783 m_kl_max=0.0142 m_ratio_max=0.824 w_ax@goal=+1.43 w_v@goal=5.39 return=1005.0 length=80 success_rate=1.00 collisions/ep=0.20 (n=25)
Evaluation at update 145: return=1013.03, length=77.70, success_rate=1.00, collisions/ep=0.00
Solved-check at update 145: solved=False worst_gap=50.13 at p_x0=0.00 p_y0=1.00 (consecutive=1)
update=146 global_step=299008 SPS=672 w_ev=0.993 m_ev=0.975 m_v_bias=4.1 m_adv_std=25.7557 m_kl_max=0.0234 m_ratio_max=1.175 w_ax@goal=+1.55 w_v@goal=5.38 return=993.9 length=79 success_rate=1.00 collisions/ep=0.42 (n=26)
update=147 global_step=301056 SPS=674 w_ev=0.997 m_ev=0.997 m_v_bias=-3.2 m_adv_std=8.4057 m_kl_max=0.0143 m_ratio_max=0.532 w_ax@goal=+1.33 w_v@goal=5.41 return=1011.0 length=79 success_rate=1.00 collisions/ep=0.04 (n=25)
update=148 global_step=303104 SPS=676 w_ev=0.991 m_ev=0.972 m_v_bias=4.8 m_adv_std=29.2435 m_kl_max=0.0222 m_ratio_max=0.590 w_ax@goal=+1.40 w_v@goal=5.38 return=987.8 length=78 success_rate=1.00 collisions/ep=0.50 (n=28)
update=149 global_step=305152 SPS=677 w_ev=0.992 m_ev=0.982 m_v_bias=-1.4 m_adv_std=23.0569 m_kl_max=0.0253 m_ratio_max=0.942 w_ax@goal=+1.26 w_v@goal=5.35 return=994.2 length=78 success_rate=1.00 collisions/ep=0.41 (n=27)
update=150 global_step=307200 SPS=679 w_ev=0.988 m_ev=0.953 m_v_bias=-1.4 m_adv_std=38.0058 m_kl_max=0.0055 m_ratio_max=0.337 w_ax@goal=+1.29 w_v@goal=5.40 return=990.7 length=77 success_rate=1.00 collisions/ep=0.44 (n=25)
Evaluation at update 150: return=1012.94, length=77.85, success_rate=1.00, collisions/ep=0.00
Solved-check at update 150: solved=False worst_gap=50.30 at p_x0=0.00 p_y0=1.00 (consecutive=0)
update=151 global_step=309248 SPS=673 w_ev=0.996 m_ev=0.993 m_v_bias=-4.5 m_adv_std=13.7593 m_kl_max=0.0048 m_ratio_max=0.428 w_ax@goal=+1.23 w_v@goal=5.42 return=999.9 length=79 success_rate=1.00 collisions/ep=0.26 (n=27)
update=152 global_step=311296 SPS=675 w_ev=0.991 m_ev=0.966 m_v_bias=2.2 m_adv_std=31.6826 m_kl_max=0.0086 m_ratio_max=0.368 w_ax@goal=+1.14 w_v@goal=5.41 return=983.2 length=80 success_rate=1.00 collisions/ep=0.64 (n=25)
update=153 global_step=313344 SPS=676 w_ev=0.992 m_ev=0.990 m_v_bias=-1.8 m_adv_std=16.4617 m_kl_max=0.0213 m_ratio_max=0.736 w_ax@goal=+1.31 w_v@goal=5.35 return=1001.0 length=78 success_rate=1.00 collisions/ep=0.23 (n=26)
update=154 global_step=315392 SPS=678 w_ev=0.988 m_ev=0.977 m_v_bias=1.9 m_adv_std=26.1293 m_kl_max=0.0354 m_ratio_max=0.860 w_ax@goal=+1.32 w_v@goal=5.42 return=987.0 length=80 success_rate=1.00 collisions/ep=0.56 (n=25)
update=155 global_step=317440 SPS=680 w_ev=0.992 m_ev=0.975 m_v_bias=-2.5 m_adv_std=26.3295 m_kl_max=0.0080 m_ratio_max=0.576 w_ax@goal=+1.22 w_v@goal=5.45 return=980.4 length=80 success_rate=1.00 collisions/ep=0.65 (n=26)
Evaluation at update 155: return=1012.93, length=77.85, success_rate=1.00, collisions/ep=0.00
Solved-check at update 155: solved=True worst_gap=0.35 at p_x0=0.00 p_y0=1.00 (consecutive=0)
update=156 global_step=319488 SPS=674 w_ev=0.995 m_ev=0.995 m_v_bias=-5.8 m_adv_std=12.1845 m_kl_max=0.0160 m_ratio_max=0.713 w_ax@goal=+1.16 w_v@goal=5.43 return=1005.4 length=78 success_rate=1.00 collisions/ep=0.14 (n=28)
update=157 global_step=321536 SPS=675 w_ev=0.994 m_ev=0.995 m_v_bias=-0.8 m_adv_std=12.1181 m_kl_max=0.0166 m_ratio_max=1.067 w_ax@goal=+1.16 w_v@goal=5.39 return=1006.4 length=79 success_rate=1.00 collisions/ep=0.12 (n=25)
update=158 global_step=323584 SPS=677 w_ev=0.994 m_ev=0.980 m_v_bias=4.4 m_adv_std=23.7724 m_kl_max=0.0051 m_ratio_max=0.385 w_ax@goal=+1.37 w_v@goal=5.36 return=995.1 length=80 success_rate=1.00 collisions/ep=0.36 (n=25)
update=159 global_step=325632 SPS=678 w_ev=0.994 m_ev=0.986 m_v_bias=-3.2 m_adv_std=19.5846 m_kl_max=0.0098 m_ratio_max=0.424 w_ax@goal=+1.36 w_v@goal=5.41 return=993.6 length=79 success_rate=1.00 collisions/ep=0.38 (n=26)
update=160 global_step=327680 SPS=680 w_ev=0.994 m_ev=0.992 m_v_bias=-4.8 m_adv_std=15.2307 m_kl_max=0.0036 m_ratio_max=0.272 w_ax@goal=+1.19 w_v@goal=5.44 return=1003.3 length=78 success_rate=1.00 collisions/ep=0.22 (n=27)
Evaluation at update 160: return=1012.89, length=77.85, success_rate=1.00, collisions/ep=0.00
Solved-check at update 160: solved=True worst_gap=0.42 at p_x0=0.00 p_y0=1.00 (consecutive=1)
update=161 global_step=329728 SPS=674 w_ev=0.994 m_ev=0.994 m_v_bias=-2.6 m_adv_std=13.3703 m_kl_max=0.0160 m_ratio_max=0.557 w_ax@goal=+1.29 w_v@goal=5.42 return=1001.0 length=79 success_rate=1.00 collisions/ep=0.23 (n=26)
update=162 global_step=331776 SPS=676 w_ev=0.996 m_ev=0.996 m_v_bias=-0.9 m_adv_std=9.9531 m_kl_max=0.0130 m_ratio_max=0.565 w_ax@goal=+1.29 w_v@goal=5.40 return=1008.9 length=79 success_rate=1.00 collisions/ep=0.08 (n=25)
update=163 global_step=333824 SPS=678 w_ev=0.990 m_ev=0.963 m_v_bias=8.6 m_adv_std=33.7788 m_kl_max=0.0052 m_ratio_max=0.286 w_ax@goal=+1.27 w_v@goal=5.42 return=989.6 length=79 success_rate=1.00 collisions/ep=0.46 (n=26)
update=164 global_step=335872 SPS=679 w_ev=0.996 m_ev=0.995 m_v_bias=-6.2 m_adv_std=11.8166 m_kl_max=0.0102 m_ratio_max=0.533 w_ax@goal=+1.26 w_v@goal=5.36 return=1007.2 length=80 success_rate=1.00 collisions/ep=0.15 (n=26)
update=165 global_step=337920 SPS=681 w_ev=0.994 m_ev=0.986 m_v_bias=2.9 m_adv_std=20.0167 m_kl_max=0.0094 m_ratio_max=0.626 w_ax@goal=+1.28 w_v@goal=5.42 return=993.7 length=79 success_rate=1.00 collisions/ep=0.38 (n=26)
Evaluation at update 165: return=1012.94, length=77.85, success_rate=1.00, collisions/ep=0.00
Solved-check at update 165: solved=True worst_gap=0.36 at p_x0=0.00 p_y0=1.00 (consecutive=2)
update=166 global_step=339968 SPS=675 w_ev=0.992 m_ev=0.983 m_v_bias=-3.9 m_adv_std=22.6321 m_kl_max=0.0125 m_ratio_max=0.541 w_ax@goal=+1.32 w_v@goal=5.40 return=1011.2 length=80 success_rate=1.00 collisions/ep=0.04 (n=26)
update=167 global_step=342016 SPS=676 w_ev=0.996 m_ev=0.997 m_v_bias=-3.2 m_adv_std=8.9666 m_kl_max=0.0132 m_ratio_max=0.487 w_ax@goal=+1.41 w_v@goal=5.41 return=996.4 length=77 success_rate=1.00 collisions/ep=0.32 (n=25)
update=168 global_step=344064 SPS=678 w_ev=0.995 m_ev=0.995 m_v_bias=-0.1 m_adv_std=11.0272 m_kl_max=0.0060 m_ratio_max=0.411 w_ax@goal=+1.33 w_v@goal=5.42 return=1006.8 length=76 success_rate=1.00 collisions/ep=0.12 (n=26)
update=169 global_step=346112 SPS=679 w_ev=0.995 m_ev=0.993 m_v_bias=2.0 m_adv_std=14.3415 m_kl_max=0.0059 m_ratio_max=0.297 w_ax@goal=+1.29 w_v@goal=5.40 return=1000.5 length=77 success_rate=1.00 collisions/ep=0.24 (n=29)
update=170 global_step=348160 SPS=681 w_ev=0.991 m_ev=0.972 m_v_bias=6.4 m_adv_std=29.1280 m_kl_max=0.0060 m_ratio_max=0.454 w_ax@goal=+1.17 w_v@goal=5.40 return=995.2 length=80 success_rate=1.00 collisions/ep=0.36 (n=25)
Evaluation at update 170: return=1013.04, length=77.65, success_rate=1.00, collisions/ep=0.00
Solved-check at update 170: solved=True worst_gap=0.17 at p_x0=0.00 p_y0=1.00 (consecutive=3)
update=171 global_step=350208 SPS=675 w_ev=0.996 m_ev=0.997 m_v_bias=-10.2 m_adv_std=8.2822 m_kl_max=0.0088 m_ratio_max=0.664 w_ax@goal=+1.43 w_v@goal=5.45 return=1003.2 length=77 success_rate=1.00 collisions/ep=0.19 (n=26)
update=172 global_step=352256 SPS=676 w_ev=0.996 m_ev=0.997 m_v_bias=-1.6 m_adv_std=8.8882 m_kl_max=0.0197 m_ratio_max=0.818 w_ax@goal=+1.15 w_v@goal=5.42 return=1007.7 length=81 success_rate=1.00 collisions/ep=0.12 (n=26)
update=173 global_step=354304 SPS=678 w_ev=0.987 m_ev=0.962 m_v_bias=9.3 m_adv_std=32.4271 m_kl_max=0.0207 m_ratio_max=0.538 w_ax@goal=+1.31 w_v@goal=5.38 return=990.3 length=78 success_rate=1.00 collisions/ep=0.48 (n=25)
update=174 global_step=356352 SPS=679 w_ev=0.993 m_ev=0.982 m_v_bias=3.8 m_adv_std=23.4480 m_kl_max=0.0248 m_ratio_max=0.978 w_ax@goal=+1.54 w_v@goal=5.36 return=977.9 length=79 success_rate=1.00 collisions/ep=0.70 (n=27)
update=175 global_step=358400 SPS=681 w_ev=0.989 m_ev=0.978 m_v_bias=-0.1 m_adv_std=26.2092 m_kl_max=0.0110 m_ratio_max=0.471 w_ax@goal=+1.32 w_v@goal=5.38 return=988.2 length=80 success_rate=1.00 collisions/ep=0.50 (n=26)
Evaluation at update 175: return=1013.04, length=77.70, success_rate=1.00, collisions/ep=0.00
Solved-check at update 175: solved=True worst_gap=0.16 at p_x0=0.00 p_y0=1.00 (consecutive=4)
update=176 global_step=360448 SPS=675 w_ev=0.992 m_ev=0.990 m_v_bias=-3.1 m_adv_std=16.5184 m_kl_max=0.0179 m_ratio_max=0.593 w_ax@goal=+1.47 w_v@goal=5.36 return=1002.7 length=79 success_rate=1.00 collisions/ep=0.21 (n=24)
update=177 global_step=362496 SPS=676 w_ev=0.996 m_ev=0.998 m_v_bias=-3.1 m_adv_std=6.5313 m_kl_max=0.0077 m_ratio_max=0.475 w_ax@goal=+1.46 w_v@goal=5.43 return=1005.9 length=80 success_rate=1.00 collisions/ep=0.15 (n=27)
update=178 global_step=364544 SPS=677 w_ev=0.994 m_ev=0.997 m_v_bias=-0.4 m_adv_std=9.0417 m_kl_max=0.0100 m_ratio_max=0.415 w_ax@goal=+1.28 w_v@goal=5.44 return=1007.1 length=78 success_rate=1.00 collisions/ep=0.12 (n=26)
update=179 global_step=366592 SPS=679 w_ev=0.995 m_ev=0.989 m_v_bias=3.7 m_adv_std=17.5008 m_kl_max=0.0037 m_ratio_max=0.295 w_ax@goal=+1.43 w_v@goal=5.40 return=996.3 length=77 success_rate=1.00 collisions/ep=0.33 (n=27)
update=180 global_step=368640 SPS=680 w_ev=0.993 m_ev=0.995 m_v_bias=-3.9 m_adv_std=11.2352 m_kl_max=0.0135 m_ratio_max=0.523 w_ax@goal=+1.36 w_v@goal=5.41 return=1009.4 length=79 success_rate=1.00 collisions/ep=0.08 (n=26)
Evaluation at update 180: return=1013.05, length=77.65, success_rate=1.00, collisions/ep=0.00
Solved-check at update 180: solved=True worst_gap=0.15 at p_x0=0.00 p_y0=1.00 (consecutive=5)
update=181 global_step=370688 SPS=675 w_ev=0.995 m_ev=0.998 m_v_bias=-0.3 m_adv_std=7.1084 m_kl_max=0.0064 m_ratio_max=0.484 w_ax@goal=+1.55 w_v@goal=5.39 return=1011.6 length=80 success_rate=1.00 collisions/ep=0.08 (n=26)
update=182 global_step=372736 SPS=676 w_ev=0.992 m_ev=0.982 m_v_bias=3.9 m_adv_std=21.8304 m_kl_max=0.0210 m_ratio_max=0.775 w_ax@goal=+1.28 w_v@goal=5.44 return=1001.4 length=78 success_rate=1.00 collisions/ep=0.27 (n=26)
update=183 global_step=374784 SPS=678 w_ev=0.988 m_ev=0.963 m_v_bias=9.4 m_adv_std=33.8159 m_kl_max=0.0187 m_ratio_max=0.619 w_ax@goal=+1.42 w_v@goal=5.40 return=980.2 length=78 success_rate=1.00 collisions/ep=0.65 (n=26)
update=184 global_step=376832 SPS=679 w_ev=0.994 m_ev=0.991 m_v_bias=-10.2 m_adv_std=16.0683 m_kl_max=0.0053 m_ratio_max=0.346 w_ax@goal=+1.50 w_v@goal=5.45 return=998.4 length=77 success_rate=1.00 collisions/ep=0.29 (n=28)
update=185 global_step=378880 SPS=680 w_ev=0.993 m_ev=0.995 m_v_bias=-3.4 m_adv_std=12.1617 m_kl_max=0.0120 m_ratio_max=0.489 w_ax@goal=+1.38 w_v@goal=5.43 return=1006.7 length=78 success_rate=1.00 collisions/ep=0.17 (n=24)
Evaluation at update 185: return=1013.03, length=77.75, success_rate=1.00, collisions/ep=0.00
Solved-check at update 185: solved=True worst_gap=0.24 at p_x0=0.00 p_y0=1.00 (consecutive=6)
update=186 global_step=380928 SPS=675 w_ev=0.992 m_ev=0.996 m_v_bias=-0.9 m_adv_std=10.1635 m_kl_max=0.0074 m_ratio_max=0.333 w_ax@goal=+1.21 w_v@goal=5.44 return=1009.1 length=79 success_rate=1.00 collisions/ep=0.15 (n=27)
update=187 global_step=382976 SPS=676 w_ev=0.993 m_ev=0.980 m_v_bias=6.2 m_adv_std=23.7972 m_kl_max=0.0134 m_ratio_max=0.565 w_ax@goal=+1.15 w_v@goal=5.43 return=997.5 length=78 success_rate=1.00 collisions/ep=0.31 (n=26)
update=188 global_step=385024 SPS=677 w_ev=0.995 m_ev=0.996 m_v_bias=-7.1 m_adv_std=10.1640 m_kl_max=0.0181 m_ratio_max=0.622 w_ax@goal=+1.11 w_v@goal=5.38 return=1006.6 length=78 success_rate=1.00 collisions/ep=0.11 (n=27)
update=189 global_step=387072 SPS=679 w_ev=0.994 m_ev=0.964 m_v_bias=4.6 m_adv_std=33.2370 m_kl_max=0.0166 m_ratio_max=0.613 w_ax@goal=+1.34 w_v@goal=5.41 return=992.6 length=77 success_rate=1.00 collisions/ep=0.41 (n=27)
update=190 global_step=389120 SPS=680 w_ev=0.992 m_ev=0.968 m_v_bias=0.1 m_adv_std=30.0007 m_kl_max=0.0157 m_ratio_max=0.510 w_ax@goal=+1.51 w_v@goal=5.39 return=981.9 length=79 success_rate=1.00 collisions/ep=0.62 (n=24)
Evaluation at update 190: return=1013.01, length=77.80, success_rate=1.00, collisions/ep=0.00
Solved-check at update 190: solved=True worst_gap=0.33 at p_x0=0.00 p_y0=1.00 (consecutive=7)
update=191 global_step=391168 SPS=675 w_ev=0.993 m_ev=0.992 m_v_bias=-2.2 m_adv_std=15.3561 m_kl_max=0.0122 m_ratio_max=0.548 w_ax@goal=+1.35 w_v@goal=5.45 return=1001.7 length=80 success_rate=1.00 collisions/ep=0.23 (n=26)
update=192 global_step=393216 SPS=676 w_ev=0.993 m_ev=0.991 m_v_bias=-0.6 m_adv_std=15.5869 m_kl_max=0.0184 m_ratio_max=0.625 w_ax@goal=+1.56 w_v@goal=5.45 return=999.7 length=79 success_rate=1.00 collisions/ep=0.27 (n=26)
update=193 global_step=395264 SPS=678 w_ev=0.994 m_ev=0.994 m_v_bias=-1.7 m_adv_std=12.5982 m_kl_max=0.0087 m_ratio_max=0.457 w_ax@goal=+1.42 w_v@goal=5.44 return=1005.7 length=79 success_rate=1.00 collisions/ep=0.15 (n=27)
update=194 global_step=397312 SPS=679 w_ev=0.991 m_ev=0.984 m_v_bias=5.1 m_adv_std=21.7125 m_kl_max=0.0166 m_ratio_max=0.567 w_ax@goal=+1.38 w_v@goal=5.39 return=994.8 length=78 success_rate=1.00 collisions/ep=0.40 (n=25)
update=195 global_step=399360 SPS=680 w_ev=0.995 m_ev=0.994 m_v_bias=-0.3 m_adv_std=13.1907 m_kl_max=0.0099 m_ratio_max=0.961 w_ax@goal=+1.31 w_v@goal=5.39 return=997.4 length=80 success_rate=1.00 collisions/ep=0.32 (n=25)
Evaluation at update 195: return=1012.97, length=77.85, success_rate=1.00, collisions/ep=0.00
Solved-check at update 195: solved=True worst_gap=0.42 at p_x0=0.00 p_y0=1.00 (consecutive=8)
update=196 global_step=401408 SPS=675 w_ev=0.996 m_ev=0.995 m_v_bias=-3.6 m_adv_std=12.1328 m_kl_max=0.0110 m_ratio_max=0.451 w_ax@goal=+1.27 w_v@goal=5.41 return=1003.7 length=81 success_rate=1.00 collisions/ep=0.19 (n=26)
update=197 global_step=403456 SPS=676 w_ev=0.990 m_ev=0.975 m_v_bias=3.7 m_adv_std=27.0258 m_kl_max=0.0067 m_ratio_max=0.548 w_ax@goal=+1.28 w_v@goal=5.39 return=992.3 length=77 success_rate=1.00 collisions/ep=0.41 (n=27)
update=198 global_step=405504 SPS=678 w_ev=0.986 m_ev=0.993 m_v_bias=-2.1 m_adv_std=13.1812 m_kl_max=0.0114 m_ratio_max=0.626 w_ax@goal=+1.34 w_v@goal=5.43 return=1002.7 length=79 success_rate=1.00 collisions/ep=0.21 (n=24)
update=199 global_step=407552 SPS=679 w_ev=0.994 m_ev=0.998 m_v_bias=-1.6 m_adv_std=8.4007 m_kl_max=0.0099 m_ratio_max=0.660 w_ax@goal=+1.16 w_v@goal=5.45 return=1009.2 length=77 success_rate=1.00 collisions/ep=0.07 (n=30)
update=200 global_step=409600 SPS=680 w_ev=0.995 m_ev=0.999 m_v_bias=-2.2 m_adv_std=5.6896 m_kl_max=0.0159 m_ratio_max=0.794 w_ax@goal=+1.33 w_v@goal=5.45 return=1010.9 length=78 success_rate=1.00 collisions/ep=0.04 (n=24)
Evaluation at update 200: return=1013.00, length=77.80, success_rate=1.00, collisions/ep=0.00
Solved-check at update 200: solved=True worst_gap=0.38 at p_x0=0.00 p_y0=1.00 (consecutive=9)
update=201 global_step=411648 SPS=675 w_ev=0.994 m_ev=0.983 m_v_bias=2.9 m_adv_std=21.9112 m_kl_max=0.0049 m_ratio_max=0.347 w_ax@goal=+1.34 w_v@goal=5.41 return=999.7 length=79 success_rate=1.00 collisions/ep=0.27 (n=26)
update=202 global_step=413696 SPS=677 w_ev=0.992 m_ev=0.994 m_v_bias=0.3 m_adv_std=13.1735 m_kl_max=0.0063 m_ratio_max=0.382 w_ax@goal=+1.45 w_v@goal=5.42 return=1007.4 length=78 success_rate=1.00 collisions/ep=0.11 (n=28)
update=203 global_step=415744 SPS=678 w_ev=0.995 m_ev=0.996 m_v_bias=-0.9 m_adv_std=10.3787 m_kl_max=0.0025 m_ratio_max=0.252 w_ax@goal=+1.33 w_v@goal=5.44 return=1007.1 length=79 success_rate=1.00 collisions/ep=0.12 (n=25)
update=204 global_step=417792 SPS=679 w_ev=0.991 m_ev=0.970 m_v_bias=5.6 m_adv_std=28.9762 m_kl_max=0.0267 m_ratio_max=0.563 w_ax@goal=+1.27 w_v@goal=5.45 return=991.0 length=79 success_rate=1.00 collisions/ep=0.44 (n=25)
update=205 global_step=419840 SPS=680 w_ev=0.996 m_ev=0.996 m_v_bias=-8.6 m_adv_std=10.0014 m_kl_max=0.0071 m_ratio_max=0.398 w_ax@goal=+1.43 w_v@goal=5.39 return=1007.9 length=80 success_rate=1.00 collisions/ep=0.11 (n=28)
Evaluation at update 205: return=1013.04, length=77.80, success_rate=1.00, collisions/ep=0.00
Solved-check at update 205: solved=True worst_gap=0.30 at p_x0=0.00 p_y0=1.00 (consecutive=10)
update=206 global_step=421888 SPS=676 w_ev=0.993 m_ev=0.989 m_v_bias=5.5 m_adv_std=18.1428 m_kl_max=0.0102 m_ratio_max=0.647 w_ax@goal=+1.32 w_v@goal=5.41 return=1003.0 length=78 success_rate=1.00 collisions/ep=0.20 (n=25)
update=207 global_step=423936 SPS=677 w_ev=0.995 m_ev=0.998 m_v_bias=-5.7 m_adv_std=7.9054 m_kl_max=0.0079 m_ratio_max=0.522 w_ax@goal=+1.40 w_v@goal=5.40 return=1001.4 length=78 success_rate=1.00 collisions/ep=0.27 (n=26)
update=208 global_step=425984 SPS=678 w_ev=0.994 m_ev=0.985 m_v_bias=3.5 m_adv_std=21.1076 m_kl_max=0.0118 m_ratio_max=0.436 w_ax@goal=+1.42 w_v@goal=5.39 return=999.5 length=78 success_rate=1.00 collisions/ep=0.27 (n=26)
update=209 global_step=428032 SPS=679 w_ev=0.990 m_ev=0.971 m_v_bias=1.1 m_adv_std=28.3660 m_kl_max=0.0151 m_ratio_max=0.904 w_ax@goal=+1.35 w_v@goal=5.39 return=1000.1 length=79 success_rate=1.00 collisions/ep=0.26 (n=27)
update=210 global_step=430080 SPS=680 w_ev=0.992 m_ev=0.980 m_v_bias=1.0 m_adv_std=23.6279 m_kl_max=0.0091 m_ratio_max=0.351 w_ax@goal=+1.34 w_v@goal=5.39 return=996.2 length=77 success_rate=1.00 collisions/ep=0.33 (n=24)
Evaluation at update 210: return=1013.05, length=77.65, success_rate=1.00, collisions/ep=0.00
Solved-check at update 210: solved=True worst_gap=0.21 at p_x0=0.00 p_y0=1.00 (consecutive=11)
update=211 global_step=432128 SPS=676 w_ev=0.995 m_ev=0.994 m_v_bias=-1.8 m_adv_std=12.4471 m_kl_max=0.0092 m_ratio_max=0.489 w_ax@goal=+1.28 w_v@goal=5.41 return=1007.8 length=78 success_rate=1.00 collisions/ep=0.11 (n=28)
update=212 global_step=434176 SPS=677 w_ev=0.995 m_ev=0.996 m_v_bias=-1.1 m_adv_std=10.3998 m_kl_max=0.0061 m_ratio_max=0.375 w_ax@goal=+1.36 w_v@goal=5.38 return=1005.2 length=76 success_rate=1.00 collisions/ep=0.15 (n=27)
update=213 global_step=436224 SPS=678 w_ev=0.994 m_ev=0.997 m_v_bias=-0.1 m_adv_std=9.0108 m_kl_max=0.0076 m_ratio_max=0.487 w_ax@goal=+0.95 w_v@goal=5.39 return=1007.0 length=79 success_rate=1.00 collisions/ep=0.12 (n=25)
update=214 global_step=438272 SPS=679 w_ev=0.994 m_ev=0.997 m_v_bias=-1.1 m_adv_std=9.7474 m_kl_max=0.0142 m_ratio_max=0.503 w_ax@goal=+1.32 w_v@goal=5.40 return=1005.5 length=79 success_rate=1.00 collisions/ep=0.15 (n=26)
update=215 global_step=440320 SPS=680 w_ev=0.989 m_ev=0.969 m_v_bias=3.4 m_adv_std=29.7237 m_kl_max=0.0130 m_ratio_max=0.546 w_ax@goal=+1.18 w_v@goal=5.41 return=991.6 length=78 success_rate=1.00 collisions/ep=0.46 (n=28)
Evaluation at update 215: return=1013.06, length=77.65, success_rate=1.00, collisions/ep=0.00
Solved-check at update 215: solved=True worst_gap=0.21 at p_x0=0.00 p_y0=1.00 (consecutive=12)
update=216 global_step=442368 SPS=676 w_ev=0.994 m_ev=0.994 m_v_bias=-4.5 m_adv_std=12.4071 m_kl_max=0.0140 m_ratio_max=0.482 w_ax@goal=+1.31 w_v@goal=5.41 return=1009.2 length=79 success_rate=1.00 collisions/ep=0.08 (n=25)
update=217 global_step=444416 SPS=677 w_ev=0.993 m_ev=0.986 m_v_bias=4.6 m_adv_std=19.8764 m_kl_max=0.0122 m_ratio_max=0.489 w_ax@goal=+1.09 w_v@goal=5.42 return=999.4 length=79 success_rate=1.00 collisions/ep=0.27 (n=26)
update=218 global_step=446464 SPS=678 w_ev=0.995 m_ev=0.999 m_v_bias=-5.0 m_adv_std=4.5544 m_kl_max=0.0362 m_ratio_max=0.894 w_ax@goal=+1.07 w_v@goal=5.49 return=1011.1 length=79 success_rate=1.00 collisions/ep=0.04 (n=25)
update=219 global_step=448512 SPS=680 w_ev=0.995 m_ev=0.996 m_v_bias=0.8 m_adv_std=9.6956 m_kl_max=0.0130 m_ratio_max=0.549 w_ax@goal=+1.17 w_v@goal=5.44 return=1009.6 length=79 success_rate=1.00 collisions/ep=0.07 (n=27)
update=220 global_step=450560 SPS=681 w_ev=0.993 m_ev=0.969 m_v_bias=3.9 m_adv_std=30.0196 m_kl_max=0.0132 m_ratio_max=0.441 w_ax@goal=+1.41 w_v@goal=5.40 return=991.9 length=79 success_rate=1.00 collisions/ep=0.46 (n=26)
Evaluation at update 220: return=1013.05, length=77.80, success_rate=1.00, collisions/ep=0.00
Solved-check at update 220: solved=True worst_gap=0.31 at p_x0=0.00 p_y0=1.00 (consecutive=13)
update=221 global_step=452608 SPS=676 w_ev=0.997 m_ev=0.996 m_v_bias=-3.1 m_adv_std=10.0133 m_kl_max=0.0078 m_ratio_max=0.355 w_ax@goal=+1.21 w_v@goal=5.44 return=1009.4 length=80 success_rate=1.00 collisions/ep=0.12 (n=26)
update=222 global_step=454656 SPS=678 w_ev=0.992 m_ev=0.959 m_v_bias=10.5 m_adv_std=34.2039 m_kl_max=0.0139 m_ratio_max=0.475 w_ax@goal=+1.23 w_v@goal=5.45 return=987.3 length=79 success_rate=1.00 collisions/ep=0.52 (n=25)
update=223 global_step=456704 SPS=679 w_ev=0.994 m_ev=0.989 m_v_bias=-5.5 m_adv_std=17.8800 m_kl_max=0.0113 m_ratio_max=0.428 w_ax@goal=+1.21 w_v@goal=5.37 return=1003.5 length=79 success_rate=1.00 collisions/ep=0.19 (n=26)
update=224 global_step=458752 SPS=680 w_ev=0.994 m_ev=0.996 m_v_bias=-2.1 m_adv_std=10.1852 m_kl_max=0.0058 m_ratio_max=0.454 w_ax@goal=+1.27 w_v@goal=5.37 return=1007.1 length=78 success_rate=1.00 collisions/ep=0.12 (n=26)
update=225 global_step=460800 SPS=681 w_ev=0.994 m_ev=0.984 m_v_bias=3.1 m_adv_std=20.9905 m_kl_max=0.0049 m_ratio_max=0.255 w_ax@goal=+1.05 w_v@goal=5.43 return=990.0 length=79 success_rate=1.00 collisions/ep=0.46 (n=26)
Evaluation at update 225: return=1013.07, length=77.65, success_rate=1.00, collisions/ep=0.00
Solved-check at update 225: solved=True worst_gap=0.17 at p_x0=0.00 p_y0=1.00 (consecutive=14)
update=226 global_step=462848 SPS=677 w_ev=0.988 m_ev=0.977 m_v_bias=-0.0 m_adv_std=25.5252 m_kl_max=0.0240 m_ratio_max=0.673 w_ax@goal=+1.16 w_v@goal=5.35 return=1005.3 length=79 success_rate=1.00 collisions/ep=0.18 (n=28)
update=227 global_step=464896 SPS=678 w_ev=0.990 m_ev=0.995 m_v_bias=-1.7 m_adv_std=12.1428 m_kl_max=0.0158 m_ratio_max=1.229 w_ax@goal=+1.23 w_v@goal=5.40 return=1002.8 length=80 success_rate=1.00 collisions/ep=0.21 (n=24)
update=228 global_step=466944 SPS=679 w_ev=0.993 m_ev=0.994 m_v_bias=-0.2 m_adv_std=12.5404 m_kl_max=0.0066 m_ratio_max=0.702 w_ax@goal=+1.25 w_v@goal=5.40 return=999.1 length=79 success_rate=1.00 collisions/ep=0.28 (n=25)
update=229 global_step=468992 SPS=680 w_ev=0.996 m_ev=0.994 m_v_bias=-1.1 m_adv_std=13.1923 m_kl_max=0.0224 m_ratio_max=0.611 w_ax@goal=+1.08 w_v@goal=5.38 return=1006.0 length=79 success_rate=1.00 collisions/ep=0.14 (n=28)
update=230 global_step=471040 SPS=681 w_ev=0.992 m_ev=0.975 m_v_bias=2.3 m_adv_std=27.1593 m_kl_max=0.0065 m_ratio_max=0.446 w_ax@goal=+1.19 w_v@goal=5.41 return=995.7 length=79 success_rate=1.00 collisions/ep=0.35 (n=26)
Evaluation at update 230: return=1013.08, length=77.65, success_rate=1.00, collisions/ep=0.00
Solved-check at update 230: solved=True worst_gap=0.15 at p_x0=0.00 p_y0=1.00 (consecutive=15)
update=231 global_step=473088 SPS=677 w_ev=0.995 m_ev=0.998 m_v_bias=-4.2 m_adv_std=8.1311 m_kl_max=0.0150 m_ratio_max=0.721 w_ax@goal=+1.13 w_v@goal=5.45 return=1009.3 length=79 success_rate=1.00 collisions/ep=0.08 (n=26)
update=232 global_step=475136 SPS=678 w_ev=0.993 m_ev=0.992 m_v_bias=2.4 m_adv_std=15.0245 m_kl_max=0.0164 m_ratio_max=0.743 w_ax@goal=+1.30 w_v@goal=5.43 return=1005.1 length=81 success_rate=1.00 collisions/ep=0.17 (n=24)
update=233 global_step=477184 SPS=679 w_ev=0.995 m_ev=0.988 m_v_bias=1.8 m_adv_std=18.5971 m_kl_max=0.0070 m_ratio_max=0.480 w_ax@goal=+1.37 w_v@goal=5.41 return=997.8 length=78 success_rate=1.00 collisions/ep=0.31 (n=26)
update=234 global_step=479232 SPS=680 w_ev=0.996 m_ev=0.996 m_v_bias=-3.6 m_adv_std=9.8427 m_kl_max=0.0105 m_ratio_max=0.413 w_ax@goal=+1.28 w_v@goal=5.41 return=1005.7 length=79 success_rate=1.00 collisions/ep=0.15 (n=27)
update=235 global_step=481280 SPS=681 w_ev=0.995 m_ev=0.996 m_v_bias=2.2 m_adv_std=10.9429 m_kl_max=0.0098 m_ratio_max=0.407 w_ax@goal=+1.30 w_v@goal=5.40 return=1003.5 length=77 success_rate=1.00 collisions/ep=0.19 (n=27)
Evaluation at update 235: return=1013.07, length=77.65, success_rate=1.00, collisions/ep=0.00
Solved-check at update 235: solved=True worst_gap=0.13 at p_x0=0.00 p_y0=1.00 (consecutive=16)
update=236 global_step=483328 SPS=677 w_ev=0.995 m_ev=0.994 m_v_bias=-1.4 m_adv_std=13.3063 m_kl_max=0.0231 m_ratio_max=1.176 w_ax@goal=+1.17 w_v@goal=5.43 return=1005.1 length=78 success_rate=1.00 collisions/ep=0.16 (n=25)
update=237 global_step=485376 SPS=678 w_ev=0.993 m_ev=0.985 m_v_bias=1.3 m_adv_std=19.7771 m_kl_max=0.0060 m_ratio_max=0.382 w_ax@goal=+1.33 w_v@goal=5.42 return=1001.3 length=79 success_rate=1.00 collisions/ep=0.24 (n=25)
update=238 global_step=487424 SPS=679 w_ev=0.992 m_ev=0.983 m_v_bias=0.9 m_adv_std=22.3050 m_kl_max=0.0199 m_ratio_max=0.924 w_ax@goal=+1.30 w_v@goal=5.44 return=998.2 length=78 success_rate=1.00 collisions/ep=0.30 (n=27)
update=239 global_step=489472 SPS=680 w_ev=0.995 m_ev=0.996 m_v_bias=-2.5 m_adv_std=10.0855 m_kl_max=0.0074 m_ratio_max=0.351 w_ax@goal=+1.24 w_v@goal=5.41 return=1009.7 length=80 success_rate=1.00 collisions/ep=0.07 (n=27)
update=240 global_step=491520 SPS=681 w_ev=0.994 m_ev=0.991 m_v_bias=0.5 m_adv_std=15.6962 m_kl_max=0.0342 m_ratio_max=1.187 w_ax@goal=+1.39 w_v@goal=5.40 return=1000.9 length=78 success_rate=1.00 collisions/ep=0.24 (n=25)
Evaluation at update 240: return=1013.07, length=77.65, success_rate=1.00, collisions/ep=0.00
Solved-check at update 240: solved=True worst_gap=0.14 at p_x0=0.00 p_y0=1.00 (consecutive=17)
update=241 global_step=493568 SPS=677 w_ev=0.995 m_ev=0.994 m_v_bias=-1.4 m_adv_std=12.7501 m_kl_max=0.0119 m_ratio_max=0.520 w_ax@goal=+1.33 w_v@goal=5.41 return=1001.9 length=77 success_rate=1.00 collisions/ep=0.26 (n=27)
update=242 global_step=495616 SPS=678 w_ev=0.992 m_ev=0.975 m_v_bias=3.5 m_adv_std=27.1884 m_kl_max=0.0163 m_ratio_max=0.523 w_ax@goal=+1.29 w_v@goal=5.43 return=1001.8 length=77 success_rate=1.00 collisions/ep=0.22 (n=27)
update=243 global_step=497664 SPS=679 w_ev=0.993 m_ev=0.982 m_v_bias=-3.0 m_adv_std=23.0968 m_kl_max=0.0117 m_ratio_max=0.714 w_ax@goal=+1.10 w_v@goal=5.41 return=989.9 length=78 success_rate=1.00 collisions/ep=0.46 (n=26)
update=244 global_step=499712 SPS=680 w_ev=0.994 m_ev=0.996 m_v_bias=-1.1 m_adv_std=10.8896 m_kl_max=0.0219 m_ratio_max=0.709 w_ax@goal=+1.14 w_v@goal=5.36 return=1007.2 length=79 success_rate=1.00 collisions/ep=0.16 (n=25)
Saved checkpoints to C:\Users\loren\Desktop\MASTER THESIS\5_CODE\scenarios\slalom\studies\extrinsic_sweep\coef_0.005\runs\hppo_slalom_7_1790268014
