Using device: cpu
Solved-check: precomputed optimal returns for 25 fixed initial conditions (mean=1013.0, min=1011.0, max=1015.0); solved-tolerance=5.0
num_envs=8 num_steps_per_env=256 worker_batch_size=2048 worker_minibatch_size=256 num_updates=244 timesteps=499712 (requested 500000; 288 dropped by integer division)
update=1 global_step=2048 SPS=1164 w_ev=0.195 m_ev=0.000 m_v_bias=72.0 m_adv_std=210.0789 m_kl_max=0.0013 m_ratio_max=0.155 w_ax@goal=-0.12 w_v@goal=0.33 return=-362.4 length=194 success_rate=0.25 collisions/ep=9.12 (n=8)
update=2 global_step=4096 SPS=1131 w_ev=0.203 m_ev=0.212 m_v_bias=76.7 m_adv_std=162.5834 m_kl_max=0.0028 m_ratio_max=0.276 w_ax@goal=-0.22 w_v@goal=0.49 return=-470.0 length=189 success_rate=0.11 collisions/ep=8.00 (n=9)
update=3 global_step=6144 SPS=1137 w_ev=0.475 m_ev=0.659 m_v_bias=-63.2 m_adv_std=146.9864 m_kl_max=0.0024 m_ratio_max=0.252 w_ax@goal=+0.15 w_v@goal=0.72 return=-163.5 length=187 success_rate=0.27 collisions/ep=5.45 (n=11)
update=4 global_step=8192 SPS=1136 w_ev=0.682 m_ev=0.838 m_v_bias=-11.5 m_adv_std=94.6024 m_kl_max=0.0013 m_ratio_max=0.230 w_ax@goal=+0.16 w_v@goal=1.75 return=-202.0 length=190 success_rate=0.15 collisions/ep=3.23 (n=13)
update=5 global_step=10240 SPS=1117 w_ev=0.042 m_ev=-0.866 m_v_bias=-21.5 m_adv_std=60.9545 m_kl_max=0.0112 m_ratio_max=0.427 return=-313.2 length=200 success_rate=0.00 collisions/ep=1.88 (n=8)
Evaluation at update 5: return=-221.57, length=200.00, success_rate=0.00, collisions/ep=0.00
Solved-check at update 5: solved=False worst_gap=1241.01 at p_x0=2.00 p_y0=-0.50 (consecutive=0)
update=6 global_step=12288 SPS=499 w_ev=0.257 m_ev=-1.056 m_v_bias=-29.3 m_adv_std=43.4890 m_kl_max=0.0026 m_ratio_max=0.345 return=-279.3 length=200 success_rate=0.00 collisions/ep=1.22 (n=9)
update=7 global_step=14336 SPS=541 w_ev=0.192 m_ev=-0.995 m_v_bias=-28.1 m_adv_std=33.1585 m_kl_max=0.0112 m_ratio_max=0.575 return=-224.6 length=200 success_rate=0.00 collisions/ep=0.08 (n=12)
update=8 global_step=16384 SPS=576 w_ev=0.200 m_ev=-0.271 m_v_bias=-2.5 m_adv_std=46.9797 m_kl_max=0.0102 m_ratio_max=0.496 return=-267.6 length=200 success_rate=0.00 collisions/ep=1.00 (n=11)
update=9 global_step=18432 SPS=606 w_ev=0.151 m_ev=-3.856 m_v_bias=-18.4 m_adv_std=23.0914 m_kl_max=0.0036 m_ratio_max=0.262 return=-233.6 length=200 success_rate=0.00 collisions/ep=0.25 (n=8)
update=10 global_step=20480 SPS=633 w_ev=0.217 m_ev=0.140 m_v_bias=-7.3 m_adv_std=23.8297 m_kl_max=0.0171 m_ratio_max=1.092 return=-223.0 length=200 success_rate=0.00 collisions/ep=0.08 (n=12)
Evaluation at update 10: return=-221.57, length=200.00, success_rate=0.00, collisions/ep=0.00
Solved-check at update 10: solved=False worst_gap=1241.01 at p_x0=2.00 p_y0=1.00 (consecutive=0)
update=11 global_step=22528 SPS=467 w_ev=0.379 m_ev=0.278 m_v_bias=-62.7 m_adv_std=187.6175 m_kl_max=0.0035 m_ratio_max=0.435 w_ax@goal=+0.00 w_v@goal=1.08 return=17.2 length=183 success_rate=0.25 collisions/ep=1.17 (n=12)
update=12 global_step=24576 SPS=491 w_ev=0.562 m_ev=0.709 m_v_bias=-17.4 m_adv_std=125.2840 m_kl_max=0.0054 m_ratio_max=0.314 w_ax@goal=+0.22 w_v@goal=2.73 return=47.4 length=182 success_rate=0.30 collisions/ep=1.70 (n=10)
update=13 global_step=26624 SPS=512 w_ev=0.742 m_ev=0.924 m_v_bias=-11.1 m_adv_std=63.8951 m_kl_max=0.0082 m_ratio_max=0.397 w_ax@goal=+0.08 w_v@goal=3.47 return=-42.2 length=185 success_rate=0.25 collisions/ep=2.33 (n=12)
update=14 global_step=28672 SPS=531 w_ev=0.830 m_ev=0.892 m_v_bias=-12.1 m_adv_std=85.5037 m_kl_max=0.0048 m_ratio_max=0.296 w_ax@goal=+0.53 w_v@goal=4.55 return=39.5 length=183 success_rate=0.30 collisions/ep=1.80 (n=10)
update=15 global_step=30720 SPS=549 w_ev=0.165 m_ev=-0.772 m_v_bias=36.0 m_adv_std=124.1446 m_kl_max=0.0059 m_ratio_max=0.438 w_ax@goal=+1.64 w_v@goal=5.43 return=-199.8 length=191 success_rate=0.09 collisions/ep=1.82 (n=11)
Evaluation at update 15: return=515.92, length=109.05, success_rate=1.00, collisions/ep=9.30
Solved-check at update 15: solved=False worst_gap=1233.01 at p_x0=1.00 p_y0=-1.00 (consecutive=0)
update=16 global_step=32768 SPS=497 w_ev=0.718 m_ev=0.672 m_v_bias=-109.6 m_adv_std=175.9944 m_kl_max=0.0077 m_ratio_max=0.439 w_ax@goal=+0.33 w_v@goal=3.72 return=140.1 length=158 success_rate=0.43 collisions/ep=3.21 (n=14)
update=17 global_step=34816 SPS=513 w_ev=0.806 m_ev=0.905 m_v_bias=-54.6 m_adv_std=109.4261 m_kl_max=0.0172 m_ratio_max=0.559 w_ax@goal=+0.48 w_v@goal=4.68 return=309.8 length=132 success_rate=0.67 collisions/ep=5.60 (n=15)
update=18 global_step=36864 SPS=528 w_ev=0.733 m_ev=0.890 m_v_bias=-72.6 m_adv_std=112.5774 m_kl_max=0.0188 m_ratio_max=0.721 w_ax@goal=+0.48 w_v@goal=4.99 return=359.0 length=133 success_rate=0.71 collisions/ep=5.76 (n=17)
update=19 global_step=38912 SPS=544 w_ev=0.654 m_ev=0.892 m_v_bias=-54.1 m_adv_std=100.4318 m_kl_max=0.0059 m_ratio_max=0.444 w_ax@goal=+0.47 w_v@goal=4.96 return=551.2 length=117 success_rate=0.83 collisions/ep=4.89 (n=18)
update=20 global_step=40960 SPS=557 w_ev=0.522 m_ev=0.851 m_v_bias=-15.1 m_adv_std=109.6526 m_kl_max=0.0087 m_ratio_max=0.376 w_ax@goal=+0.72 w_v@goal=5.34 return=682.7 length=91 success_rate=1.00 collisions/ep=6.35 (n=23)
Evaluation at update 20: return=539.15, length=83.40, success_rate=1.00, collisions/ep=9.35
Solved-check at update 20: solved=False worst_gap=508.85 at p_x0=0.50 p_y0=-1.00 (consecutive=0)
update=21 global_step=43008 SPS=530 w_ev=0.524 m_ev=0.807 m_v_bias=24.7 m_adv_std=126.0221 m_kl_max=0.0147 m_ratio_max=0.479 w_ax@goal=+0.45 w_v@goal=5.02 return=593.6 length=106 success_rate=0.94 collisions/ep=6.65 (n=17)
update=22 global_step=45056 SPS=542 w_ev=0.399 m_ev=0.864 m_v_bias=-11.6 m_adv_std=98.4823 m_kl_max=0.0184 m_ratio_max=0.674 w_ax@goal=+0.49 w_v@goal=4.90 return=788.4 length=99 success_rate=1.00 collisions/ep=4.09 (n=23)
update=23 global_step=47104 SPS=555 w_ev=0.229 m_ev=0.894 m_v_bias=17.1 m_adv_std=92.5312 m_kl_max=0.0084 m_ratio_max=0.428 w_ax@goal=+0.45 w_v@goal=5.14 return=677.2 length=93 success_rate=1.00 collisions/ep=6.43 (n=23)
update=24 global_step=49152 SPS=565 w_ev=0.291 m_ev=0.884 m_v_bias=-12.6 m_adv_std=91.2870 m_kl_max=0.0202 m_ratio_max=0.611 w_ax@goal=+0.51 w_v@goal=4.93 return=751.7 length=95 success_rate=1.00 collisions/ep=4.95 (n=22)
update=25 global_step=51200 SPS=576 w_ev=0.158 m_ev=0.869 m_v_bias=4.1 m_adv_std=90.6094 m_kl_max=0.0157 m_ratio_max=0.760 w_ax@goal=+0.44 w_v@goal=5.06 return=766.6 length=91 success_rate=1.00 collisions/ep=4.70 (n=20)
Evaluation at update 25: return=594.71, length=80.35, success_rate=1.00, collisions/ep=8.30
Solved-check at update 25: solved=False worst_gap=452.95 at p_x0=2.00 p_y0=-0.50 (consecutive=0)
update=26 global_step=53248 SPS=554 w_ev=0.132 m_ev=0.870 m_v_bias=14.1 m_adv_std=93.1788 m_kl_max=0.0230 m_ratio_max=0.484 w_ax@goal=+0.70 w_v@goal=5.10 return=727.5 length=88 success_rate=1.00 collisions/ep=5.52 (n=23)
update=27 global_step=55296 SPS=564 w_ev=0.330 m_ev=0.846 m_v_bias=-30.8 m_adv_std=101.3712 m_kl_max=0.0260 m_ratio_max=0.529 w_ax@goal=+0.63 w_v@goal=5.06 return=763.6 length=86 success_rate=1.00 collisions/ep=4.84 (n=25)
update=28 global_step=57344 SPS=573 w_ev=0.446 m_ev=0.841 m_v_bias=-10.5 m_adv_std=97.0674 m_kl_max=0.0202 m_ratio_max=0.650 w_ax@goal=+0.63 w_v@goal=5.08 return=857.4 length=85 success_rate=1.00 collisions/ep=2.96 (n=23)
update=29 global_step=59392 SPS=582 w_ev=0.413 m_ev=0.877 m_v_bias=-18.4 m_adv_std=80.9520 m_kl_max=0.0365 m_ratio_max=0.837 w_ax@goal=+0.81 w_v@goal=5.07 return=832.5 length=88 success_rate=1.00 collisions/ep=3.42 (n=24)
update=30 global_step=61440 SPS=591 w_ev=0.476 m_ev=0.849 m_v_bias=-5.8 m_adv_std=83.9670 m_kl_max=0.0178 m_ratio_max=0.554 w_ax@goal=+0.68 w_v@goal=5.24 return=848.4 length=82 success_rate=1.00 collisions/ep=3.19 (n=27)
Evaluation at update 30: return=871.13, length=78.90, success_rate=1.00, collisions/ep=2.80
Solved-check at update 30: solved=False worst_gap=401.69 at p_x0=0.00 p_y0=0.00 (consecutive=0)
update=31 global_step=63488 SPS=572 w_ev=0.617 m_ev=0.869 m_v_bias=1.4 m_adv_std=78.6811 m_kl_max=0.0134 m_ratio_max=0.874 w_ax@goal=+1.04 w_v@goal=5.19 return=881.9 length=85 success_rate=1.00 collisions/ep=2.50 (n=24)
update=32 global_step=65536 SPS=580 w_ev=0.633 m_ev=0.824 m_v_bias=21.7 m_adv_std=101.8670 m_kl_max=0.0136 m_ratio_max=0.922 w_ax@goal=+0.86 w_v@goal=5.16 return=831.0 length=85 success_rate=1.00 collisions/ep=3.50 (n=24)
update=33 global_step=67584 SPS=588 w_ev=0.574 m_ev=0.818 m_v_bias=29.8 m_adv_std=111.0704 m_kl_max=0.0212 m_ratio_max=0.550 w_ax@goal=+1.03 w_v@goal=5.10 return=800.1 length=88 success_rate=1.00 collisions/ep=4.13 (n=23)
update=34 global_step=69632 SPS=595 w_ev=0.675 m_ev=0.858 m_v_bias=-30.4 m_adv_std=88.1626 m_kl_max=0.0155 m_ratio_max=0.605 w_ax@goal=+0.82 w_v@goal=5.37 return=846.9 length=83 success_rate=1.00 collisions/ep=3.24 (n=25)
update=35 global_step=71680 SPS=604 w_ev=0.775 m_ev=0.857 m_v_bias=-25.1 m_adv_std=80.8587 m_kl_max=0.0099 m_ratio_max=0.449 w_ax@goal=+0.98 w_v@goal=5.35 return=900.1 length=80 success_rate=1.00 collisions/ep=2.20 (n=25)
Evaluation at update 35: return=1006.49, length=78.50, success_rate=1.00, collisions/ep=0.10
Solved-check at update 35: solved=False worst_gap=251.43 at p_x0=0.00 p_y0=0.50 (consecutive=0)
update=36 global_step=73728 SPS=584 w_ev=0.841 m_ev=0.911 m_v_bias=-8.4 m_adv_std=60.6313 m_kl_max=0.0401 m_ratio_max=1.599 w_ax@goal=+0.95 w_v@goal=5.21 return=907.6 length=82 success_rate=1.00 collisions/ep=2.04 (n=26)
update=37 global_step=75776 SPS=591 w_ev=0.887 m_ev=0.941 m_v_bias=2.0 m_adv_std=48.5530 m_kl_max=0.0068 m_ratio_max=0.525 w_ax@goal=+1.00 w_v@goal=5.13 return=907.8 length=81 success_rate=1.00 collisions/ep=2.04 (n=25)
update=38 global_step=77824 SPS=599 w_ev=0.870 m_ev=0.935 m_v_bias=1.8 m_adv_std=51.5621 m_kl_max=0.0130 m_ratio_max=0.454 w_ax@goal=+1.02 w_v@goal=5.24 return=900.2 length=81 success_rate=1.00 collisions/ep=2.24 (n=25)
update=39 global_step=79872 SPS=606 w_ev=0.892 m_ev=0.866 m_v_bias=18.6 m_adv_std=75.7054 m_kl_max=0.0174 m_ratio_max=0.603 w_ax@goal=+0.82 w_v@goal=5.19 return=871.2 length=84 success_rate=1.00 collisions/ep=2.74 (n=23)
update=40 global_step=81920 SPS=613 w_ev=0.836 m_ev=0.831 m_v_bias=-2.2 m_adv_std=92.2341 m_kl_max=0.0158 m_ratio_max=0.529 w_ax@goal=+0.78 w_v@goal=5.13 return=919.3 length=81 success_rate=1.00 collisions/ep=1.85 (n=26)
Evaluation at update 40: return=991.49, length=78.55, success_rate=1.00, collisions/ep=0.40
Solved-check at update 40: solved=False worst_gap=251.67 at p_x0=0.00 p_y0=0.00 (consecutive=0)
update=41 global_step=83968 SPS=596 w_ev=0.911 m_ev=0.936 m_v_bias=-27.8 m_adv_std=49.6867 m_kl_max=0.0126 m_ratio_max=0.947 w_ax@goal=+1.07 w_v@goal=5.21 return=911.5 length=80 success_rate=1.00 collisions/ep=1.96 (n=25)
update=42 global_step=86016 SPS=603 w_ev=0.926 m_ev=0.818 m_v_bias=10.1 m_adv_std=84.4507 m_kl_max=0.0221 m_ratio_max=0.671 w_ax@goal=+1.13 w_v@goal=5.24 return=943.1 length=82 success_rate=1.00 collisions/ep=1.33 (n=24)
update=43 global_step=88064 SPS=609 w_ev=0.883 m_ev=0.802 m_v_bias=5.1 m_adv_std=94.9714 m_kl_max=0.0284 m_ratio_max=1.282 w_ax@goal=+1.11 w_v@goal=5.20 return=889.7 length=87 success_rate=1.00 collisions/ep=2.36 (n=25)
update=44 global_step=90112 SPS=616 w_ev=0.925 m_ev=0.892 m_v_bias=10.7 m_adv_std=68.4433 m_kl_max=0.0148 m_ratio_max=0.913 w_ax@goal=+1.23 w_v@goal=5.15 return=870.3 length=82 success_rate=1.00 collisions/ep=2.81 (n=26)
update=45 global_step=92160 SPS=621 w_ev=0.928 m_ev=0.899 m_v_bias=-11.0 m_adv_std=64.2881 m_kl_max=0.0181 m_ratio_max=0.671 w_ax@goal=+1.18 w_v@goal=5.25 return=915.1 length=81 success_rate=1.00 collisions/ep=1.96 (n=25)
Evaluation at update 45: return=951.81, length=78.10, success_rate=1.00, collisions/ep=1.20
Solved-check at update 45: solved=False worst_gap=351.12 at p_x0=0.00 p_y0=0.50 (consecutive=0)
update=46 global_step=94208 SPS=606 w_ev=0.932 m_ev=0.914 m_v_bias=-4.2 m_adv_std=59.6464 m_kl_max=0.0237 m_ratio_max=0.855 w_ax@goal=+1.13 w_v@goal=5.26 return=898.5 length=81 success_rate=1.00 collisions/ep=2.25 (n=24)
update=47 global_step=96256 SPS=612 w_ev=0.927 m_ev=0.839 m_v_bias=9.0 m_adv_std=87.8898 m_kl_max=0.0145 m_ratio_max=1.085 w_ax@goal=+1.25 w_v@goal=5.31 return=880.3 length=82 success_rate=1.00 collisions/ep=2.62 (n=26)
update=48 global_step=98304 SPS=617 w_ev=0.946 m_ev=0.922 m_v_bias=-15.3 m_adv_std=55.6346 m_kl_max=0.0063 m_ratio_max=0.593 w_ax@goal=+1.28 w_v@goal=5.30 return=919.2 length=81 success_rate=1.00 collisions/ep=1.84 (n=25)
update=49 global_step=100352 SPS=622 w_ev=0.949 m_ev=0.901 m_v_bias=-1.3 m_adv_std=59.7853 m_kl_max=0.0067 m_ratio_max=0.589 w_ax@goal=+1.37 w_v@goal=5.30 return=923.1 length=80 success_rate=1.00 collisions/ep=1.85 (n=26)
update=50 global_step=102400 SPS=627 w_ev=0.963 m_ev=0.967 m_v_bias=-16.8 m_adv_std=32.8780 m_kl_max=0.0151 m_ratio_max=0.536 w_ax@goal=+1.43 w_v@goal=5.29 return=942.6 length=79 success_rate=1.00 collisions/ep=1.42 (n=26)
Evaluation at update 50: return=1012.10, length=77.95, success_rate=1.00, collisions/ep=0.00
Solved-check at update 50: solved=False worst_gap=51.03 at p_x0=0.00 p_y0=-0.50 (consecutive=0)
update=51 global_step=104448 SPS=613 w_ev=0.941 m_ev=0.913 m_v_bias=9.8 m_adv_std=58.9488 m_kl_max=0.0092 m_ratio_max=0.731 w_ax@goal=+1.39 w_v@goal=5.24 return=926.9 length=80 success_rate=1.00 collisions/ep=1.69 (n=26)
update=52 global_step=106496 SPS=618 w_ev=0.926 m_ev=0.915 m_v_bias=-1.0 m_adv_std=56.4611 m_kl_max=0.0069 m_ratio_max=0.334 w_ax@goal=+1.18 w_v@goal=5.23 return=926.5 length=80 success_rate=1.00 collisions/ep=1.69 (n=26)
update=53 global_step=108544 SPS=623 w_ev=0.940 m_ev=0.946 m_v_bias=-4.1 m_adv_std=42.1834 m_kl_max=0.0145 m_ratio_max=0.450 w_ax@goal=+1.12 w_v@goal=5.33 return=947.0 length=79 success_rate=1.00 collisions/ep=1.44 (n=25)
update=54 global_step=110592 SPS=628 w_ev=0.945 m_ev=0.906 m_v_bias=1.8 m_adv_std=57.7234 m_kl_max=0.0127 m_ratio_max=0.898 w_ax@goal=+1.19 w_v@goal=5.29 return=923.8 length=80 success_rate=1.00 collisions/ep=1.73 (n=26)
update=55 global_step=112640 SPS=633 w_ev=0.948 m_ev=0.941 m_v_bias=-7.6 m_adv_std=45.0073 m_kl_max=0.0033 m_ratio_max=0.288 w_ax@goal=+1.18 w_v@goal=5.43 return=942.9 length=80 success_rate=1.00 collisions/ep=1.36 (n=25)
Evaluation at update 55: return=1011.78, length=78.10, success_rate=1.00, collisions/ep=0.00
Solved-check at update 55: solved=True worst_gap=1.56 at p_x0=0.00 p_y0=-1.00 (consecutive=0)
update=56 global_step=114688 SPS=619 w_ev=0.958 m_ev=0.927 m_v_bias=6.1 m_adv_std=51.5536 m_kl_max=0.0130 m_ratio_max=0.550 w_ax@goal=+1.15 w_v@goal=5.29 return=944.3 length=81 success_rate=1.00 collisions/ep=1.54 (n=26)
update=57 global_step=116736 SPS=624 w_ev=0.960 m_ev=0.970 m_v_bias=-11.5 m_adv_std=30.9354 m_kl_max=0.0134 m_ratio_max=0.637 w_ax@goal=+1.23 w_v@goal=5.38 return=955.0 length=78 success_rate=1.00 collisions/ep=1.24 (n=25)
update=58 global_step=118784 SPS=628 w_ev=0.944 m_ev=0.890 m_v_bias=20.2 m_adv_std=63.5094 m_kl_max=0.0138 m_ratio_max=0.639 w_ax@goal=+1.06 w_v@goal=5.31 return=908.6 length=83 success_rate=1.00 collisions/ep=2.08 (n=25)
update=59 global_step=120832 SPS=633 w_ev=0.966 m_ev=0.955 m_v_bias=-11.3 m_adv_std=38.5780 m_kl_max=0.0057 m_ratio_max=0.300 w_ax@goal=+0.87 w_v@goal=5.26 return=938.9 length=79 success_rate=1.00 collisions/ep=1.48 (n=25)
update=60 global_step=122880 SPS=637 w_ev=0.974 m_ev=0.968 m_v_bias=-5.0 m_adv_std=32.8014 m_kl_max=0.0262 m_ratio_max=0.719 w_ax@goal=+1.22 w_v@goal=5.32 return=965.2 length=81 success_rate=1.00 collisions/ep=0.92 (n=26)
Evaluation at update 60: return=1012.02, length=78.00, success_rate=1.00, collisions/ep=0.00
Solved-check at update 60: solved=True worst_gap=1.12 at p_x0=0.00 p_y0=-1.00 (consecutive=1)
Solved criterion held for 2 consecutive evals (tolerance=5.0) at global_step=122880.
update=61 global_step=124928 SPS=624 w_ev=0.949 m_ev=0.869 m_v_bias=12.1 m_adv_std=75.9492 m_kl_max=0.0214 m_ratio_max=1.071 w_ax@goal=+1.06 w_v@goal=5.42 return=892.1 length=83 success_rate=1.00 collisions/ep=2.52 (n=23)
update=62 global_step=126976 SPS=628 w_ev=0.963 m_ev=0.932 m_v_bias=1.7 m_adv_std=48.2950 m_kl_max=0.0060 m_ratio_max=0.603 w_ax@goal=+1.00 w_v@goal=5.34 return=921.9 length=82 success_rate=1.00 collisions/ep=1.78 (n=27)
update=63 global_step=129024 SPS=632 w_ev=0.953 m_ev=0.907 m_v_bias=-4.3 m_adv_std=57.2881 m_kl_max=0.0154 m_ratio_max=0.425 w_ax@goal=+0.83 w_v@goal=5.27 return=949.3 length=81 success_rate=1.00 collisions/ep=1.32 (n=25)
update=64 global_step=131072 SPS=636 w_ev=0.963 m_ev=0.951 m_v_bias=-7.6 m_adv_std=41.8261 m_kl_max=0.0169 m_ratio_max=0.666 w_ax@goal=+1.04 w_v@goal=5.24 return=946.7 length=80 success_rate=1.00 collisions/ep=1.37 (n=27)
update=65 global_step=133120 SPS=640 w_ev=0.962 m_ev=0.925 m_v_bias=7.6 m_adv_std=51.6466 m_kl_max=0.0284 m_ratio_max=1.269 w_ax@goal=+1.09 w_v@goal=5.31 return=931.9 length=79 success_rate=1.00 collisions/ep=1.62 (n=24)
Evaluation at update 65: return=1012.33, length=77.65, success_rate=1.00, collisions/ep=0.00
Solved-check at update 65: solved=True worst_gap=0.83 at p_x0=0.00 p_y0=-1.00 (consecutive=2)
update=66 global_step=135168 SPS=628 w_ev=0.964 m_ev=0.947 m_v_bias=-6.3 m_adv_std=43.4679 m_kl_max=0.0145 m_ratio_max=0.704 w_ax@goal=+1.10 w_v@goal=5.33 return=946.2 length=80 success_rate=1.00 collisions/ep=1.31 (n=26)
update=67 global_step=137216 SPS=632 w_ev=0.968 m_ev=0.914 m_v_bias=-4.4 m_adv_std=55.1080 m_kl_max=0.0258 m_ratio_max=0.861 w_ax@goal=+1.12 w_v@goal=5.32 return=944.6 length=79 success_rate=1.00 collisions/ep=1.35 (n=26)
update=68 global_step=139264 SPS=635 w_ev=0.971 m_ev=0.945 m_v_bias=-1.6 m_adv_std=41.1135 m_kl_max=0.0163 m_ratio_max=0.577 w_ax@goal=+1.07 w_v@goal=5.35 return=948.2 length=80 success_rate=1.00 collisions/ep=1.31 (n=26)
update=69 global_step=141312 SPS=639 w_ev=0.981 m_ev=0.968 m_v_bias=-3.9 m_adv_std=32.0022 m_kl_max=0.0270 m_ratio_max=0.985 w_ax@goal=+0.98 w_v@goal=5.28 return=967.1 length=78 success_rate=1.00 collisions/ep=0.93 (n=28)
update=70 global_step=143360 SPS=643 w_ev=0.971 m_ev=0.966 m_v_bias=-0.6 m_adv_std=32.7403 m_kl_max=0.0205 m_ratio_max=0.841 w_ax@goal=+1.19 w_v@goal=5.31 return=965.8 length=81 success_rate=1.00 collisions/ep=0.92 (n=25)
Evaluation at update 70: return=1012.35, length=77.65, success_rate=1.00, collisions/ep=0.00
Solved-check at update 70: solved=True worst_gap=0.86 at p_x0=0.00 p_y0=-1.00 (consecutive=3)
update=71 global_step=145408 SPS=631 w_ev=0.985 m_ev=0.973 m_v_bias=1.7 m_adv_std=29.3983 m_kl_max=0.0123 m_ratio_max=0.475 w_ax@goal=+1.21 w_v@goal=5.36 return=961.5 length=79 success_rate=1.00 collisions/ep=1.00 (n=24)
update=72 global_step=147456 SPS=635 w_ev=0.987 m_ev=0.979 m_v_bias=-3.4 m_adv_std=24.7654 m_kl_max=0.0204 m_ratio_max=0.743 w_ax@goal=+1.14 w_v@goal=5.41 return=970.1 length=81 success_rate=1.00 collisions/ep=0.88 (n=25)
update=73 global_step=149504 SPS=639 w_ev=0.981 m_ev=0.949 m_v_bias=5.9 m_adv_std=40.2011 m_kl_max=0.0103 m_ratio_max=0.563 w_ax@goal=+1.09 w_v@goal=5.32 return=954.3 length=80 success_rate=1.00 collisions/ep=1.15 (n=26)
update=74 global_step=151552 SPS=643 w_ev=0.938 m_ev=0.369 m_v_bias=46.4 m_adv_std=194.1864 m_kl_max=0.0065 m_ratio_max=0.466 w_ax@goal=+0.80 w_v@goal=5.26 return=921.1 length=85 success_rate=1.00 collisions/ep=1.75 (n=24)
update=75 global_step=153600 SPS=646 w_ev=0.977 m_ev=0.899 m_v_bias=-15.4 m_adv_std=59.5066 m_kl_max=0.0133 m_ratio_max=0.592 w_ax@goal=+1.35 w_v@goal=5.28 return=954.3 length=81 success_rate=1.00 collisions/ep=1.24 (n=25)
Evaluation at update 75: return=1012.49, length=77.65, success_rate=1.00, collisions/ep=0.00
Solved-check at update 75: solved=True worst_gap=0.71 at p_x0=0.00 p_y0=-1.00 (consecutive=4)
update=76 global_step=155648 SPS=634 w_ev=0.978 m_ev=0.949 m_v_bias=-17.4 m_adv_std=42.1099 m_kl_max=0.0128 m_ratio_max=0.584 w_ax@goal=+1.27 w_v@goal=5.36 return=948.1 length=79 success_rate=1.00 collisions/ep=1.32 (n=28)
update=77 global_step=157696 SPS=638 w_ev=0.948 m_ev=0.874 m_v_bias=15.5 m_adv_std=68.9513 m_kl_max=0.0071 m_ratio_max=0.417 w_ax@goal=+1.28 w_v@goal=5.37 return=920.4 length=79 success_rate=1.00 collisions/ep=1.83 (n=24)
update=78 global_step=159744 SPS=641 w_ev=0.985 m_ev=0.969 m_v_bias=-22.9 m_adv_std=29.8432 m_kl_max=0.0154 m_ratio_max=0.616 w_ax@goal=+1.23 w_v@goal=5.43 return=974.8 length=81 success_rate=1.00 collisions/ep=0.79 (n=24)
update=79 global_step=161792 SPS=645 w_ev=0.981 m_ev=0.962 m_v_bias=4.1 m_adv_std=34.6857 m_kl_max=0.0193 m_ratio_max=1.763 w_ax@goal=+1.15 w_v@goal=5.34 return=967.0 length=79 success_rate=1.00 collisions/ep=0.93 (n=29)
update=80 global_step=163840 SPS=648 w_ev=0.974 m_ev=0.909 m_v_bias=9.1 m_adv_std=56.4415 m_kl_max=0.0152 m_ratio_max=0.961 w_ax@goal=+1.29 w_v@goal=5.38 return=950.8 length=78 success_rate=1.00 collisions/ep=1.35 (n=26)
Evaluation at update 80: return=1012.57, length=77.55, success_rate=1.00, collisions/ep=0.00
Solved-check at update 80: solved=True worst_gap=0.58 at p_x0=0.00 p_y0=-1.00 (consecutive=5)
update=81 global_step=165888 SPS=639 w_ev=0.986 m_ev=0.977 m_v_bias=-17.1 m_adv_std=26.9614 m_kl_max=0.0115 m_ratio_max=0.506 w_ax@goal=+1.24 w_v@goal=5.38 return=970.3 length=80 success_rate=1.00 collisions/ep=0.88 (n=25)
update=82 global_step=167936 SPS=642 w_ev=0.953 m_ev=0.472 m_v_bias=38.6 m_adv_std=163.0212 m_kl_max=0.0366 m_ratio_max=0.668 w_ax@goal=+0.96 w_v@goal=5.26 return=923.0 length=83 success_rate=1.00 collisions/ep=1.79 (n=24)
update=83 global_step=169984 SPS=645 w_ev=0.970 m_ev=0.958 m_v_bias=-24.1 m_adv_std=35.6067 m_kl_max=0.0134 m_ratio_max=0.771 w_ax@goal=+1.22 w_v@goal=5.20 return=983.5 length=79 success_rate=1.00 collisions/ep=0.62 (n=26)
update=84 global_step=172032 SPS=648 w_ev=0.978 m_ev=0.966 m_v_bias=-4.4 m_adv_std=33.2239 m_kl_max=0.0136 m_ratio_max=0.626 w_ax@goal=+1.10 w_v@goal=5.32 return=976.2 length=79 success_rate=1.00 collisions/ep=0.75 (n=28)
update=85 global_step=174080 SPS=651 w_ev=0.983 m_ev=0.967 m_v_bias=-1.5 m_adv_std=33.0033 m_kl_max=0.0189 m_ratio_max=0.751 w_ax@goal=+1.39 w_v@goal=5.34 return=970.3 length=80 success_rate=1.00 collisions/ep=0.84 (n=25)
Evaluation at update 85: return=1012.54, length=77.55, success_rate=1.00, collisions/ep=0.00
Solved-check at update 85: solved=True worst_gap=0.64 at p_x0=0.00 p_y0=-1.00 (consecutive=6)
update=86 global_step=176128 SPS=641 w_ev=0.984 m_ev=0.982 m_v_bias=-8.4 m_adv_std=22.0900 m_kl_max=0.0169 m_ratio_max=0.661 w_ax@goal=+1.36 w_v@goal=5.43 return=989.5 length=80 success_rate=1.00 collisions/ep=0.46 (n=24)
update=87 global_step=178176 SPS=644 w_ev=0.986 m_ev=0.967 m_v_bias=4.6 m_adv_std=31.1708 m_kl_max=0.0232 m_ratio_max=0.619 w_ax@goal=+1.25 w_v@goal=5.42 return=968.2 length=79 success_rate=1.00 collisions/ep=0.92 (n=26)
update=88 global_step=180224 SPS=647 w_ev=0.990 m_ev=0.981 m_v_bias=-1.3 m_adv_std=24.8354 m_kl_max=0.0212 m_ratio_max=0.713 w_ax@goal=+1.38 w_v@goal=5.41 return=986.3 length=78 success_rate=1.00 collisions/ep=0.56 (n=27)
update=89 global_step=182272 SPS=650 w_ev=0.992 m_ev=0.982 m_v_bias=-2.0 m_adv_std=23.9331 m_kl_max=0.0128 m_ratio_max=0.549 w_ax@goal=+1.22 w_v@goal=5.37 return=972.0 length=79 success_rate=1.00 collisions/ep=0.81 (n=27)
update=90 global_step=184320 SPS=653 w_ev=0.962 m_ev=0.893 m_v_bias=11.4 m_adv_std=61.8819 m_kl_max=0.0243 m_ratio_max=0.558 w_ax@goal=+1.26 w_v@goal=5.36 return=945.8 length=80 success_rate=1.00 collisions/ep=1.50 (n=24)
Evaluation at update 90: return=1012.61, length=77.50, success_rate=1.00, collisions/ep=0.00
Solved-check at update 90: solved=True worst_gap=0.62 at p_x0=0.00 p_y0=-1.00 (consecutive=7)
update=91 global_step=186368 SPS=643 w_ev=0.984 m_ev=0.972 m_v_bias=-11.6 m_adv_std=28.4404 m_kl_max=0.0057 m_ratio_max=0.473 w_ax@goal=+1.25 w_v@goal=5.38 return=989.4 length=79 success_rate=1.00 collisions/ep=0.50 (n=26)
update=92 global_step=188416 SPS=646 w_ev=0.989 m_ev=0.981 m_v_bias=-5.2 m_adv_std=23.9392 m_kl_max=0.0266 m_ratio_max=0.908 w_ax@goal=+1.41 w_v@goal=5.38 return=982.9 length=78 success_rate=1.00 collisions/ep=0.63 (n=27)
update=93 global_step=190464 SPS=649 w_ev=0.986 m_ev=0.966 m_v_bias=4.6 m_adv_std=31.2373 m_kl_max=0.0221 m_ratio_max=1.065 w_ax@goal=+1.40 w_v@goal=5.34 return=983.1 length=79 success_rate=1.00 collisions/ep=0.63 (n=27)
update=94 global_step=192512 SPS=651 w_ev=0.989 m_ev=0.976 m_v_bias=0.5 m_adv_std=26.8770 m_kl_max=0.0086 m_ratio_max=0.849 w_ax@goal=+1.38 w_v@goal=5.37 return=981.8 length=80 success_rate=1.00 collisions/ep=0.67 (n=24)
update=95 global_step=194560 SPS=654 w_ev=0.991 m_ev=0.951 m_v_bias=7.8 m_adv_std=37.8717 m_kl_max=0.0281 m_ratio_max=0.658 w_ax@goal=+1.32 w_v@goal=5.34 return=960.9 length=79 success_rate=1.00 collisions/ep=1.16 (n=25)
Evaluation at update 95: return=1012.72, length=77.25, success_rate=1.00, collisions/ep=0.00
Solved-check at update 95: solved=True worst_gap=0.41 at p_x0=0.00 p_y0=-1.00 (consecutive=8)
update=96 global_step=196608 SPS=646 w_ev=0.990 m_ev=0.970 m_v_bias=-7.9 m_adv_std=28.9321 m_kl_max=0.0160 m_ratio_max=0.571 w_ax@goal=+1.26 w_v@goal=5.41 return=981.3 length=78 success_rate=1.00 collisions/ep=0.74 (n=27)
update=97 global_step=198656 SPS=649 w_ev=0.983 m_ev=0.934 m_v_bias=2.5 m_adv_std=46.9090 m_kl_max=0.0115 m_ratio_max=0.527 w_ax@goal=+1.44 w_v@goal=5.43 return=973.8 length=79 success_rate=1.00 collisions/ep=0.81 (n=27)
update=98 global_step=200704 SPS=651 w_ev=0.992 m_ev=0.975 m_v_bias=-3.9 m_adv_std=28.1412 m_kl_max=0.0186 m_ratio_max=1.388 w_ax@goal=+1.53 w_v@goal=5.33 return=974.7 length=79 success_rate=1.00 collisions/ep=0.76 (n=25)
update=99 global_step=202752 SPS=653 w_ev=0.991 m_ev=0.991 m_v_bias=-6.7 m_adv_std=16.5201 m_kl_max=0.0101 m_ratio_max=0.615 w_ax@goal=+1.46 w_v@goal=5.41 return=995.1 length=81 success_rate=1.00 collisions/ep=0.36 (n=25)
update=100 global_step=204800 SPS=656 w_ev=0.990 m_ev=0.986 m_v_bias=3.0 m_adv_std=20.5791 m_kl_max=0.0182 m_ratio_max=0.727 w_ax@goal=+1.49 w_v@goal=5.42 return=977.9 length=81 success_rate=1.00 collisions/ep=0.71 (n=24)
Evaluation at update 100: return=1012.75, length=77.15, success_rate=1.00, collisions/ep=0.00
Solved-check at update 100: solved=True worst_gap=0.37 at p_x0=0.00 p_y0=-1.00 (consecutive=9)
update=101 global_step=206848 SPS=647 w_ev=0.983 m_ev=0.943 m_v_bias=2.9 m_adv_std=42.0297 m_kl_max=0.0142 m_ratio_max=0.574 w_ax@goal=+1.45 w_v@goal=5.40 return=979.3 length=78 success_rate=1.00 collisions/ep=0.70 (n=27)
update=102 global_step=208896 SPS=650 w_ev=0.983 m_ev=0.947 m_v_bias=2.6 m_adv_std=42.4630 m_kl_max=0.0134 m_ratio_max=0.484 w_ax@goal=+1.34 w_v@goal=5.34 return=959.4 length=79 success_rate=1.00 collisions/ep=1.10 (n=29)
update=103 global_step=210944 SPS=652 w_ev=0.980 m_ev=0.943 m_v_bias=0.6 m_adv_std=42.7567 m_kl_max=0.0071 m_ratio_max=0.389 w_ax@goal=+1.36 w_v@goal=5.33 return=985.7 length=79 success_rate=1.00 collisions/ep=0.54 (n=24)
update=104 global_step=212992 SPS=655 w_ev=0.981 m_ev=0.949 m_v_bias=-4.8 m_adv_std=39.0417 m_kl_max=0.0121 m_ratio_max=0.546 w_ax@goal=+1.25 w_v@goal=5.33 return=971.3 length=80 success_rate=1.00 collisions/ep=0.92 (n=24)
update=105 global_step=215040 SPS=657 w_ev=0.985 m_ev=0.958 m_v_bias=-1.2 m_adv_std=35.1495 m_kl_max=0.0081 m_ratio_max=0.625 w_ax@goal=+1.39 w_v@goal=5.38 return=968.0 length=78 success_rate=1.00 collisions/ep=0.89 (n=28)
Evaluation at update 105: return=1012.79, length=77.10, success_rate=1.00, collisions/ep=0.00
Solved-check at update 105: solved=True worst_gap=0.28 at p_x0=0.00 p_y0=-1.00 (consecutive=10)
update=106 global_step=217088 SPS=649 w_ev=0.988 m_ev=0.987 m_v_bias=-2.2 m_adv_std=19.3300 m_kl_max=0.0194 m_ratio_max=0.996 w_ax@goal=+1.55 w_v@goal=5.41 return=997.8 length=79 success_rate=1.00 collisions/ep=0.31 (n=26)
update=107 global_step=219136 SPS=652 w_ev=0.987 m_ev=0.942 m_v_bias=7.5 m_adv_std=41.9992 m_kl_max=0.0220 m_ratio_max=0.571 w_ax@goal=+1.46 w_v@goal=5.40 return=968.5 length=78 success_rate=1.00 collisions/ep=0.88 (n=26)
update=108 global_step=221184 SPS=654 w_ev=0.984 m_ev=0.972 m_v_bias=-4.5 m_adv_std=28.1962 m_kl_max=0.0127 m_ratio_max=0.885 w_ax@goal=+1.73 w_v@goal=5.36 return=976.8 length=79 success_rate=1.00 collisions/ep=0.72 (n=25)
update=109 global_step=223232 SPS=656 w_ev=0.984 m_ev=0.977 m_v_bias=-2.9 m_adv_std=26.6180 m_kl_max=0.0035 m_ratio_max=0.430 w_ax@goal=+1.49 w_v@goal=5.37 return=990.3 length=78 success_rate=1.00 collisions/ep=0.45 (n=29)
update=110 global_step=225280 SPS=659 w_ev=0.992 m_ev=0.986 m_v_bias=-5.5 m_adv_std=20.0030 m_kl_max=0.0076 m_ratio_max=0.428 w_ax@goal=+1.44 w_v@goal=5.37 return=998.8 length=78 success_rate=1.00 collisions/ep=0.28 (n=25)
Evaluation at update 110: return=1012.86, length=77.10, success_rate=1.00, collisions/ep=0.00
Solved-check at update 110: solved=True worst_gap=0.19 at p_x0=0.00 p_y0=-1.00 (consecutive=11)
update=111 global_step=227328 SPS=650 w_ev=0.988 m_ev=0.959 m_v_bias=3.3 m_adv_std=35.3589 m_kl_max=0.0212 m_ratio_max=0.636 w_ax@goal=+1.47 w_v@goal=5.41 return=985.8 length=78 success_rate=1.00 collisions/ep=0.54 (n=26)
update=112 global_step=229376 SPS=653 w_ev=0.986 m_ev=0.975 m_v_bias=-2.8 m_adv_std=27.5635 m_kl_max=0.0230 m_ratio_max=0.730 w_ax@goal=+1.45 w_v@goal=5.34 return=990.8 length=79 success_rate=1.00 collisions/ep=0.44 (n=25)
update=113 global_step=231424 SPS=655 w_ev=0.968 m_ev=0.969 m_v_bias=0.7 m_adv_std=30.9359 m_kl_max=0.0061 m_ratio_max=0.445 w_ax@goal=+1.40 w_v@goal=5.42 return=985.1 length=79 success_rate=1.00 collisions/ep=0.59 (n=27)
update=114 global_step=233472 SPS=657 w_ev=0.988 m_ev=0.974 m_v_bias=-2.0 m_adv_std=27.3730 m_kl_max=0.0115 m_ratio_max=0.487 w_ax@goal=+1.48 w_v@goal=5.33 return=995.7 length=79 success_rate=1.00 collisions/ep=0.35 (n=26)
update=115 global_step=235520 SPS=659 w_ev=0.995 m_ev=0.994 m_v_bias=-5.7 m_adv_std=13.2183 m_kl_max=0.0147 m_ratio_max=0.833 w_ax@goal=+1.67 w_v@goal=5.37 return=990.3 length=80 success_rate=1.00 collisions/ep=0.46 (n=26)
Evaluation at update 115: return=1012.90, length=77.10, success_rate=1.00, collisions/ep=0.00
Solved-check at update 115: solved=True worst_gap=0.17 at p_x0=0.00 p_y0=-1.00 (consecutive=12)
update=116 global_step=237568 SPS=651 w_ev=0.992 m_ev=0.987 m_v_bias=3.9 m_adv_std=18.7483 m_kl_max=0.0198 m_ratio_max=1.163 w_ax@goal=+1.66 w_v@goal=5.41 return=990.0 length=79 success_rate=1.00 collisions/ep=0.54 (n=24)
update=117 global_step=239616 SPS=653 w_ev=0.993 m_ev=0.987 m_v_bias=-3.6 m_adv_std=19.2092 m_kl_max=0.0122 m_ratio_max=0.564 w_ax@goal=+1.68 w_v@goal=5.44 return=1000.6 length=79 success_rate=1.00 collisions/ep=0.25 (n=28)
update=118 global_step=241664 SPS=655 w_ev=0.992 m_ev=0.967 m_v_bias=7.6 m_adv_std=31.7978 m_kl_max=0.0166 m_ratio_max=0.665 w_ax@goal=+1.68 w_v@goal=5.45 return=988.2 length=78 success_rate=1.00 collisions/ep=0.50 (n=26)
update=119 global_step=243712 SPS=658 w_ev=0.993 m_ev=0.987 m_v_bias=-2.1 m_adv_std=18.4646 m_kl_max=0.0129 m_ratio_max=0.773 w_ax@goal=+1.62 w_v@goal=5.40 return=991.1 length=78 success_rate=1.00 collisions/ep=0.44 (n=25)
update=120 global_step=245760 SPS=660 w_ev=0.989 m_ev=0.964 m_v_bias=5.6 m_adv_std=33.7251 m_kl_max=0.0142 m_ratio_max=0.595 w_ax@goal=+1.66 w_v@goal=5.39 return=979.6 length=81 success_rate=1.00 collisions/ep=0.68 (n=25)
Evaluation at update 120: return=1012.90, length=77.10, success_rate=1.00, collisions/ep=0.00
Solved-check at update 120: solved=True worst_gap=0.14 at p_x0=0.00 p_y0=-1.00 (consecutive=13)
update=121 global_step=247808 SPS=652 w_ev=0.992 m_ev=0.991 m_v_bias=-0.7 m_adv_std=16.1297 m_kl_max=0.0161 m_ratio_max=1.021 w_ax@goal=+1.71 w_v@goal=5.37 return=995.8 length=80 success_rate=1.00 collisions/ep=0.38 (n=26)
update=122 global_step=249856 SPS=654 w_ev=0.994 m_ev=0.993 m_v_bias=-0.8 m_adv_std=14.1272 m_kl_max=0.0080 m_ratio_max=0.518 w_ax@goal=+1.62 w_v@goal=5.40 return=999.8 length=77 success_rate=1.00 collisions/ep=0.26 (n=27)
update=123 global_step=251904 SPS=655 w_ev=0.984 m_ev=0.970 m_v_bias=3.4 m_adv_std=29.3296 m_kl_max=0.0215 m_ratio_max=0.618 w_ax@goal=+1.46 w_v@goal=5.43 return=990.1 length=79 success_rate=1.00 collisions/ep=0.50 (n=26)
update=124 global_step=253952 SPS=657 w_ev=0.988 m_ev=0.979 m_v_bias=1.4 m_adv_std=24.8961 m_kl_max=0.0338 m_ratio_max=0.702 w_ax@goal=+1.48 w_v@goal=5.40 return=990.8 length=78 success_rate=1.00 collisions/ep=0.44 (n=27)
update=125 global_step=256000 SPS=659 w_ev=0.993 m_ev=0.978 m_v_bias=1.8 m_adv_std=25.6677 m_kl_max=0.0091 m_ratio_max=0.576 w_ax@goal=+1.29 w_v@goal=5.36 return=991.4 length=78 success_rate=1.00 collisions/ep=0.46 (n=26)
Evaluation at update 125: return=1012.91, length=77.10, success_rate=1.00, collisions/ep=0.00
Solved-check at update 125: solved=True worst_gap=0.12 at p_x0=0.00 p_y0=1.00 (consecutive=14)
update=126 global_step=258048 SPS=653 w_ev=0.995 m_ev=0.993 m_v_bias=-3.7 m_adv_std=13.8865 m_kl_max=0.0165 m_ratio_max=0.500 w_ax@goal=+1.42 w_v@goal=5.38 return=1004.8 length=77 success_rate=1.00 collisions/ep=0.20 (n=25)
update=127 global_step=260096 SPS=655 w_ev=0.986 m_ev=0.995 m_v_bias=-3.9 m_adv_std=11.1043 m_kl_max=0.0141 m_ratio_max=0.606 w_ax@goal=+1.43 w_v@goal=5.37 return=1003.2 length=79 success_rate=1.00 collisions/ep=0.20 (n=25)
update=128 global_step=262144 SPS=657 w_ev=0.990 m_ev=0.959 m_v_bias=12.2 m_adv_std=36.2011 m_kl_max=0.0101 m_ratio_max=0.863 w_ax@goal=+1.39 w_v@goal=5.34 return=981.0 length=79 success_rate=1.00 collisions/ep=0.71 (n=28)
update=129 global_step=264192 SPS=659 w_ev=0.992 m_ev=0.991 m_v_bias=-6.9 m_adv_std=15.6685 m_kl_max=0.0144 m_ratio_max=0.595 w_ax@goal=+1.53 w_v@goal=5.45 return=987.0 length=78 success_rate=1.00 collisions/ep=0.56 (n=25)
update=130 global_step=266240 SPS=661 w_ev=0.991 m_ev=0.983 m_v_bias=0.8 m_adv_std=21.4722 m_kl_max=0.0115 m_ratio_max=0.515 w_ax@goal=+1.44 w_v@goal=5.40 return=994.6 length=79 success_rate=1.00 collisions/ep=0.44 (n=27)
Evaluation at update 130: return=1012.93, length=77.10, success_rate=1.00, collisions/ep=0.00
Solved-check at update 130: solved=True worst_gap=0.10 at p_x0=0.00 p_y0=-1.00 (consecutive=15)
update=131 global_step=268288 SPS=654 w_ev=0.996 m_ev=0.992 m_v_bias=-2.1 m_adv_std=15.1641 m_kl_max=0.0132 m_ratio_max=0.557 w_ax@goal=+1.42 w_v@goal=5.34 return=995.1 length=79 success_rate=1.00 collisions/ep=0.40 (n=25)
update=132 global_step=270336 SPS=656 w_ev=0.991 m_ev=0.979 m_v_bias=2.7 m_adv_std=24.7754 m_kl_max=0.0127 m_ratio_max=0.584 w_ax@goal=+1.15 w_v@goal=5.40 return=990.0 length=80 success_rate=1.00 collisions/ep=0.50 (n=26)
update=133 global_step=272384 SPS=658 w_ev=0.991 m_ev=0.981 m_v_bias=-0.8 m_adv_std=23.0919 m_kl_max=0.0107 m_ratio_max=0.744 w_ax@goal=+1.33 w_v@goal=5.39 return=992.3 length=78 success_rate=1.00 collisions/ep=0.41 (n=27)
update=134 global_step=274432 SPS=660 w_ev=0.995 m_ev=0.989 m_v_bias=-2.7 m_adv_std=17.4115 m_kl_max=0.0189 m_ratio_max=0.491 w_ax@goal=+1.51 w_v@goal=5.38 return=1007.2 length=78 success_rate=1.00 collisions/ep=0.12 (n=26)
update=135 global_step=276480 SPS=662 w_ev=0.992 m_ev=0.953 m_v_bias=4.8 m_adv_std=35.5936 m_kl_max=0.0346 m_ratio_max=1.107 w_ax@goal=+1.29 w_v@goal=5.34 return=985.5 length=77 success_rate=1.00 collisions/ep=0.58 (n=26)
Evaluation at update 135: return=1012.95, length=77.10, success_rate=1.00, collisions/ep=0.00
Solved-check at update 135: solved=True worst_gap=0.08 at p_x0=0.00 p_y0=1.00 (consecutive=16)
update=136 global_step=278528 SPS=655 w_ev=0.979 m_ev=0.974 m_v_bias=3.1 m_adv_std=27.5259 m_kl_max=0.0241 m_ratio_max=0.727 w_ax@goal=+1.32 w_v@goal=5.38 return=1001.3 length=78 success_rate=1.00 collisions/ep=0.27 (n=26)
update=137 global_step=280576 SPS=657 w_ev=0.993 m_ev=0.988 m_v_bias=0.4 m_adv_std=18.8325 m_kl_max=0.0120 m_ratio_max=0.881 w_ax@goal=+1.41 w_v@goal=5.37 return=991.4 length=78 success_rate=1.00 collisions/ep=0.43 (n=28)
update=138 global_step=282624 SPS=659 w_ev=0.986 m_ev=0.964 m_v_bias=3.1 m_adv_std=32.1480 m_kl_max=0.0337 m_ratio_max=1.628 w_ax@goal=+1.37 w_v@goal=5.36 return=987.9 length=78 success_rate=1.00 collisions/ep=0.50 (n=24)
update=139 global_step=284672 SPS=660 w_ev=0.992 m_ev=0.986 m_v_bias=-2.9 m_adv_std=19.6882 m_kl_max=0.0164 m_ratio_max=0.564 w_ax@goal=+1.31 w_v@goal=5.43 return=999.8 length=77 success_rate=1.00 collisions/ep=0.26 (n=27)
update=140 global_step=286720 SPS=662 w_ev=0.994 m_ev=0.982 m_v_bias=-1.7 m_adv_std=23.7251 m_kl_max=0.0063 m_ratio_max=0.517 w_ax@goal=+1.52 w_v@goal=5.41 return=991.4 length=77 success_rate=1.00 collisions/ep=0.43 (n=28)
Evaluation at update 140: return=1012.95, length=77.10, success_rate=1.00, collisions/ep=0.00
Solved-check at update 140: solved=True worst_gap=0.09 at p_x0=0.00 p_y0=-1.00 (consecutive=17)
update=141 global_step=288768 SPS=656 w_ev=0.993 m_ev=0.983 m_v_bias=3.5 m_adv_std=21.2547 m_kl_max=0.0117 m_ratio_max=0.463 w_ax@goal=+1.63 w_v@goal=5.37 return=992.9 length=78 success_rate=1.00 collisions/ep=0.40 (n=25)
update=142 global_step=290816 SPS=658 w_ev=0.993 m_ev=0.980 m_v_bias=1.1 m_adv_std=23.2499 m_kl_max=0.0131 m_ratio_max=0.541 w_ax@goal=+1.47 w_v@goal=5.34 return=1003.2 length=78 success_rate=1.00 collisions/ep=0.23 (n=26)
update=143 global_step=292864 SPS=660 w_ev=0.993 m_ev=0.991 m_v_bias=3.1 m_adv_std=16.2218 m_kl_max=0.0178 m_ratio_max=0.640 w_ax@goal=+1.39 w_v@goal=5.34 return=998.3 length=79 success_rate=1.00 collisions/ep=0.30 (n=27)
update=144 global_step=294912 SPS=662 w_ev=0.991 m_ev=0.956 m_v_bias=3.5 m_adv_std=36.2933 m_kl_max=0.0184 m_ratio_max=0.745 w_ax@goal=+1.36 w_v@goal=5.35 return=987.0 length=79 success_rate=1.00 collisions/ep=0.52 (n=25)
update=145 global_step=296960 SPS=663 w_ev=0.991 m_ev=0.956 m_v_bias=9.7 m_adv_std=36.0797 m_kl_max=0.0279 m_ratio_max=1.385 w_ax@goal=+1.53 w_v@goal=5.39 return=975.3 length=80 success_rate=1.00 collisions/ep=0.80 (n=25)
Evaluation at update 145: return=1012.96, length=77.10, success_rate=1.00, collisions/ep=0.00
Solved-check at update 145: solved=True worst_gap=0.09 at p_x0=0.00 p_y0=-1.00 (consecutive=18)
update=146 global_step=299008 SPS=655 w_ev=0.980 m_ev=0.977 m_v_bias=-3.3 m_adv_std=27.1213 m_kl_max=0.0097 m_ratio_max=0.621 w_ax@goal=+1.56 w_v@goal=5.39 return=996.4 length=78 success_rate=1.00 collisions/ep=0.33 (n=27)
update=147 global_step=301056 SPS=656 w_ev=0.989 m_ev=0.988 m_v_bias=-6.1 m_adv_std=18.1652 m_kl_max=0.0223 m_ratio_max=1.624 w_ax@goal=+1.56 w_v@goal=5.39 return=993.6 length=78 success_rate=1.00 collisions/ep=0.38 (n=26)
update=148 global_step=303104 SPS=658 w_ev=0.985 m_ev=0.992 m_v_bias=-0.6 m_adv_std=14.9478 m_kl_max=0.0073 m_ratio_max=0.350 w_ax@goal=+1.24 w_v@goal=5.37 return=996.3 length=78 success_rate=1.00 collisions/ep=0.37 (n=27)
update=149 global_step=305152 SPS=660 w_ev=0.923 m_ev=0.249 m_v_bias=65.6 m_adv_std=252.2417 m_kl_max=0.0213 m_ratio_max=1.447 w_ax@goal=+0.83 w_v@goal=5.34 return=911.7 length=84 success_rate=1.00 collisions/ep=2.00 (n=25)
update=150 global_step=307200 SPS=661 w_ev=0.958 m_ev=0.742 m_v_bias=-13.1 m_adv_std=98.7887 m_kl_max=0.0263 m_ratio_max=0.669 w_ax@goal=+1.17 w_v@goal=5.16 return=964.2 length=80 success_rate=1.00 collisions/ep=1.00 (n=24)
Evaluation at update 150: return=1012.92, length=77.10, success_rate=1.00, collisions/ep=0.00
Solved-check at update 150: solved=True worst_gap=0.12 at p_x0=0.00 p_y0=-1.00 (consecutive=19)
update=151 global_step=309248 SPS=655 w_ev=0.972 m_ev=0.904 m_v_bias=-10.4 m_adv_std=58.6224 m_kl_max=0.0397 m_ratio_max=0.937 w_ax@goal=+1.25 w_v@goal=5.33 return=975.4 length=78 success_rate=1.00 collisions/ep=0.74 (n=27)
update=152 global_step=311296 SPS=657 w_ev=0.988 m_ev=0.950 m_v_bias=-9.1 m_adv_std=41.4356 m_kl_max=0.0165 m_ratio_max=0.928 w_ax@goal=+1.27 w_v@goal=5.38 return=961.1 length=79 success_rate=1.00 collisions/ep=1.04 (n=27)
update=153 global_step=313344 SPS=659 w_ev=0.987 m_ev=0.973 m_v_bias=-9.4 m_adv_std=28.4414 m_kl_max=0.0227 m_ratio_max=0.878 w_ax@goal=+1.14 w_v@goal=5.32 return=992.7 length=78 success_rate=1.00 collisions/ep=0.40 (n=25)
update=154 global_step=315392 SPS=660 w_ev=0.982 m_ev=0.958 m_v_bias=4.1 m_adv_std=34.8244 m_kl_max=0.0193 m_ratio_max=0.525 w_ax@goal=+1.20 w_v@goal=5.32 return=990.9 length=79 success_rate=1.00 collisions/ep=0.52 (n=25)
update=155 global_step=317440 SPS=662 w_ev=0.973 m_ev=0.978 m_v_bias=-6.8 m_adv_std=25.3253 m_kl_max=0.0144 m_ratio_max=0.676 w_ax@goal=+1.29 w_v@goal=5.30 return=995.3 length=80 success_rate=1.00 collisions/ep=0.38 (n=26)
Evaluation at update 155: return=1012.92, length=77.10, success_rate=1.00, collisions/ep=0.00
Solved-check at update 155: solved=True worst_gap=0.11 at p_x0=0.00 p_y0=1.00 (consecutive=20)
update=156 global_step=319488 SPS=656 w_ev=0.977 m_ev=0.984 m_v_bias=5.3 m_adv_std=22.0909 m_kl_max=0.0163 m_ratio_max=0.752 w_ax@goal=+1.21 w_v@goal=5.37 return=995.9 length=79 success_rate=1.00 collisions/ep=0.37 (n=27)
update=157 global_step=321536 SPS=658 w_ev=0.991 m_ev=0.982 m_v_bias=1.9 m_adv_std=22.8088 m_kl_max=0.0117 m_ratio_max=0.715 w_ax@goal=+1.27 w_v@goal=5.45 return=980.7 length=79 success_rate=1.00 collisions/ep=0.68 (n=25)
update=158 global_step=323584 SPS=660 w_ev=0.989 m_ev=0.958 m_v_bias=1.7 m_adv_std=35.1309 m_kl_max=0.0185 m_ratio_max=0.564 w_ax@goal=+1.22 w_v@goal=5.48 return=986.0 length=80 success_rate=1.00 collisions/ep=0.54 (n=26)
update=159 global_step=325632 SPS=661 w_ev=0.982 m_ev=0.941 m_v_bias=5.1 m_adv_std=43.3109 m_kl_max=0.0228 m_ratio_max=0.770 w_ax@goal=+0.98 w_v@goal=5.44 return=975.7 length=80 success_rate=1.00 collisions/ep=0.85 (n=27)
update=160 global_step=327680 SPS=663 w_ev=0.987 m_ev=0.956 m_v_bias=-1.3 m_adv_std=37.0945 m_kl_max=0.0172 m_ratio_max=1.331 w_ax@goal=+1.27 w_v@goal=5.45 return=980.7 length=79 success_rate=1.00 collisions/ep=0.72 (n=25)
Evaluation at update 160: return=1012.94, length=77.10, success_rate=1.00, collisions/ep=0.00
Solved-check at update 160: solved=True worst_gap=0.09 at p_x0=0.00 p_y0=1.00 (consecutive=21)
update=161 global_step=329728 SPS=658 w_ev=0.987 m_ev=0.951 m_v_bias=-4.2 m_adv_std=38.5893 m_kl_max=0.0191 m_ratio_max=0.667 w_ax@goal=+1.13 w_v@goal=5.43 return=976.1 length=78 success_rate=1.00 collisions/ep=0.81 (n=26)
update=162 global_step=331776 SPS=659 w_ev=0.984 m_ev=0.989 m_v_bias=-6.8 m_adv_std=17.6497 m_kl_max=0.0110 m_ratio_max=0.470 w_ax@goal=+1.03 w_v@goal=5.43 return=995.8 length=79 success_rate=1.00 collisions/ep=0.42 (n=24)
update=163 global_step=333824 SPS=661 w_ev=0.993 m_ev=0.993 m_v_bias=-5.0 m_adv_std=14.2398 m_kl_max=0.0101 m_ratio_max=0.557 w_ax@goal=+1.44 w_v@goal=5.45 return=1001.8 length=78 success_rate=1.00 collisions/ep=0.22 (n=27)
update=164 global_step=335872 SPS=662 w_ev=0.992 m_ev=0.972 m_v_bias=2.7 m_adv_std=28.8052 m_kl_max=0.0118 m_ratio_max=0.411 w_ax@goal=+1.23 w_v@goal=5.37 return=997.9 length=79 success_rate=1.00 collisions/ep=0.30 (n=27)
update=165 global_step=337920 SPS=663 w_ev=0.986 m_ev=0.955 m_v_bias=3.6 m_adv_std=37.2018 m_kl_max=0.0209 m_ratio_max=0.693 w_ax@goal=+1.28 w_v@goal=5.42 return=979.9 length=78 success_rate=1.00 collisions/ep=0.69 (n=26)
Evaluation at update 165: return=1012.90, length=77.10, success_rate=1.00, collisions/ep=0.00
Solved-check at update 165: solved=True worst_gap=0.13 at p_x0=0.00 p_y0=1.00 (consecutive=22)
update=166 global_step=339968 SPS=659 w_ev=0.985 m_ev=0.974 m_v_bias=2.9 m_adv_std=28.4744 m_kl_max=0.0180 m_ratio_max=0.622 w_ax@goal=+1.11 w_v@goal=5.40 return=993.1 length=78 success_rate=1.00 collisions/ep=0.42 (n=26)
update=167 global_step=342016 SPS=660 w_ev=0.994 m_ev=0.981 m_v_bias=-5.5 m_adv_std=22.9388 m_kl_max=0.0246 m_ratio_max=0.695 w_ax@goal=+1.37 w_v@goal=5.36 return=993.8 length=79 success_rate=1.00 collisions/ep=0.46 (n=26)
update=168 global_step=344064 SPS=661 w_ev=0.994 m_ev=0.992 m_v_bias=-1.4 m_adv_std=15.5516 m_kl_max=0.0088 m_ratio_max=0.437 w_ax@goal=+1.51 w_v@goal=5.35 return=993.2 length=77 success_rate=1.00 collisions/ep=0.39 (n=28)
update=169 global_step=346112 SPS=663 w_ev=0.995 m_ev=0.995 m_v_bias=-2.2 m_adv_std=11.2521 m_kl_max=0.0104 m_ratio_max=0.553 w_ax@goal=+1.24 w_v@goal=5.38 return=1007.0 length=79 success_rate=1.00 collisions/ep=0.20 (n=25)
update=170 global_step=348160 SPS=665 w_ev=0.994 m_ev=0.987 m_v_bias=1.6 m_adv_std=19.0645 m_kl_max=0.0057 m_ratio_max=0.309 w_ax@goal=+1.32 w_v@goal=5.45 return=995.2 length=79 success_rate=1.00 collisions/ep=0.36 (n=25)
Evaluation at update 170: return=1012.93, length=77.10, success_rate=1.00, collisions/ep=0.00
Solved-check at update 170: solved=True worst_gap=0.10 at p_x0=0.00 p_y0=1.00 (consecutive=23)
update=171 global_step=350208 SPS=659 w_ev=0.993 m_ev=0.990 m_v_bias=-2.2 m_adv_std=16.8745 m_kl_max=0.0078 m_ratio_max=0.527 w_ax@goal=+1.21 w_v@goal=5.40 return=999.2 length=80 success_rate=1.00 collisions/ep=0.32 (n=25)
update=172 global_step=352256 SPS=661 w_ev=0.978 m_ev=0.495 m_v_bias=36.4 m_adv_std=165.2243 m_kl_max=0.0127 m_ratio_max=0.589 w_ax@goal=+0.76 w_v@goal=5.37 return=996.6 length=79 success_rate=1.00 collisions/ep=0.36 (n=28)
update=173 global_step=354304 SPS=662 w_ev=0.987 m_ev=0.906 m_v_bias=-25.7 m_adv_std=52.3903 m_kl_max=0.0129 m_ratio_max=0.566 w_ax@goal=+1.11 w_v@goal=5.31 return=945.0 length=82 success_rate=1.00 collisions/ep=1.33 (n=24)
update=174 global_step=356352 SPS=664 w_ev=0.984 m_ev=0.959 m_v_bias=4.0 m_adv_std=35.5889 m_kl_max=0.0189 m_ratio_max=0.855 w_ax@goal=+1.35 w_v@goal=5.40 return=978.3 length=79 success_rate=1.00 collisions/ep=0.69 (n=26)
update=175 global_step=358400 SPS=665 w_ev=0.992 m_ev=0.983 m_v_bias=-8.0 m_adv_std=22.0238 m_kl_max=0.0089 m_ratio_max=0.617 w_ax@goal=+1.08 w_v@goal=5.41 return=988.8 length=79 success_rate=1.00 collisions/ep=0.48 (n=25)
Evaluation at update 175: return=1012.93, length=77.10, success_rate=1.00, collisions/ep=0.00
Solved-check at update 175: solved=True worst_gap=0.15 at p_x0=0.00 p_y0=-1.00 (consecutive=24)
update=176 global_step=360448 SPS=660 w_ev=0.993 m_ev=0.983 m_v_bias=-0.2 m_adv_std=22.4957 m_kl_max=0.0138 m_ratio_max=0.599 w_ax@goal=+1.32 w_v@goal=5.42 return=993.4 length=79 success_rate=1.00 collisions/ep=0.43 (n=28)
update=177 global_step=362496 SPS=661 w_ev=0.978 m_ev=0.976 m_v_bias=0.4 m_adv_std=26.4757 m_kl_max=0.0122 m_ratio_max=0.412 w_ax@goal=+1.21 w_v@goal=5.39 return=986.7 length=78 success_rate=1.00 collisions/ep=0.56 (n=25)
update=178 global_step=364544 SPS=663 w_ev=0.990 m_ev=0.961 m_v_bias=-0.5 m_adv_std=33.2207 m_kl_max=0.0156 m_ratio_max=0.718 w_ax@goal=+1.39 w_v@goal=5.42 return=994.1 length=80 success_rate=1.00 collisions/ep=0.42 (n=26)
update=179 global_step=366592 SPS=664 w_ev=0.995 m_ev=0.998 m_v_bias=-7.4 m_adv_std=7.2679 m_kl_max=0.0048 m_ratio_max=0.328 w_ax@goal=+1.48 w_v@goal=5.44 return=1007.2 length=78 success_rate=1.00 collisions/ep=0.12 (n=26)
update=180 global_step=368640 SPS=665 w_ev=0.985 m_ev=0.932 m_v_bias=12.3 m_adv_std=47.1931 m_kl_max=0.0122 m_ratio_max=0.643 w_ax@goal=+1.41 w_v@goal=5.36 return=976.5 length=78 success_rate=1.00 collisions/ep=0.73 (n=26)
Evaluation at update 180: return=1012.92, length=77.10, success_rate=1.00, collisions/ep=0.00
Solved-check at update 180: solved=True worst_gap=0.17 at p_x0=0.00 p_y0=-1.00 (consecutive=25)
update=181 global_step=370688 SPS=660 w_ev=0.990 m_ev=0.977 m_v_bias=-6.3 m_adv_std=26.3211 m_kl_max=0.0145 m_ratio_max=0.594 w_ax@goal=+1.36 w_v@goal=5.37 return=990.2 length=80 success_rate=1.00 collisions/ep=0.62 (n=26)
update=182 global_step=372736 SPS=662 w_ev=0.993 m_ev=0.993 m_v_bias=-5.8 m_adv_std=13.2576 m_kl_max=0.0162 m_ratio_max=0.693 w_ax@goal=+1.43 w_v@goal=5.35 return=1005.3 length=79 success_rate=1.00 collisions/ep=0.15 (n=26)
update=183 global_step=374784 SPS=663 w_ev=0.994 m_ev=0.991 m_v_bias=2.3 m_adv_std=15.7109 m_kl_max=0.0302 m_ratio_max=2.283 w_ax@goal=+1.31 w_v@goal=5.40 return=996.5 length=79 success_rate=1.00 collisions/ep=0.33 (n=24)
update=184 global_step=376832 SPS=665 w_ev=0.987 m_ev=0.955 m_v_bias=3.3 m_adv_std=37.2573 m_kl_max=0.0199 m_ratio_max=0.502 w_ax@goal=+1.36 w_v@goal=5.42 return=986.0 length=78 success_rate=1.00 collisions/ep=0.54 (n=28)
update=185 global_step=378880 SPS=666 w_ev=0.990 m_ev=0.982 m_v_bias=-2.9 m_adv_std=22.6708 m_kl_max=0.0182 m_ratio_max=0.705 w_ax@goal=+1.30 w_v@goal=5.42 return=1003.4 length=79 success_rate=1.00 collisions/ep=0.19 (n=26)
Evaluation at update 185: return=1012.95, length=77.10, success_rate=1.00, collisions/ep=0.00
Solved-check at update 185: solved=True worst_gap=0.14 at p_x0=0.00 p_y0=-1.00 (consecutive=26)
update=186 global_step=380928 SPS=661 w_ev=0.985 m_ev=0.981 m_v_bias=1.1 m_adv_std=22.8992 m_kl_max=0.0170 m_ratio_max=0.816 w_ax@goal=+1.22 w_v@goal=5.42 return=992.5 length=78 success_rate=1.00 collisions/ep=0.41 (n=27)
update=187 global_step=382976 SPS=663 w_ev=0.991 m_ev=0.983 m_v_bias=3.2 m_adv_std=23.0257 m_kl_max=0.0144 m_ratio_max=0.695 w_ax@goal=+1.28 w_v@goal=5.43 return=997.5 length=80 success_rate=1.00 collisions/ep=0.35 (n=26)
update=188 global_step=385024 SPS=664 w_ev=0.990 m_ev=0.960 m_v_bias=2.3 m_adv_std=34.9145 m_kl_max=0.0236 m_ratio_max=0.719 w_ax@goal=+1.35 w_v@goal=5.38 return=980.3 length=81 success_rate=1.00 collisions/ep=0.67 (n=24)
update=189 global_step=387072 SPS=665 w_ev=0.989 m_ev=0.995 m_v_bias=-9.7 m_adv_std=11.5173 m_kl_max=0.0164 m_ratio_max=1.591 w_ax@goal=+1.17 w_v@goal=5.40 return=1009.0 length=78 success_rate=1.00 collisions/ep=0.12 (n=26)
update=190 global_step=389120 SPS=667 w_ev=0.993 m_ev=0.978 m_v_bias=2.9 m_adv_std=25.4323 m_kl_max=0.0102 m_ratio_max=0.787 w_ax@goal=+1.20 w_v@goal=5.38 return=994.3 length=77 success_rate=1.00 collisions/ep=0.41 (n=27)
Evaluation at update 190: return=1012.99, length=77.05, success_rate=1.00, collisions/ep=0.00
Solved-check at update 190: solved=True worst_gap=0.12 at p_x0=0.00 p_y0=-1.00 (consecutive=27)
update=191 global_step=391168 SPS=662 w_ev=0.994 m_ev=0.989 m_v_bias=-1.2 m_adv_std=17.5997 m_kl_max=0.0233 m_ratio_max=1.134 w_ax@goal=+1.24 w_v@goal=5.38 return=996.2 length=78 success_rate=1.00 collisions/ep=0.33 (n=27)
update=192 global_step=393216 SPS=663 w_ev=0.992 m_ev=0.985 m_v_bias=2.1 m_adv_std=20.4811 m_kl_max=0.0153 m_ratio_max=0.700 w_ax@goal=+1.21 w_v@goal=5.44 return=996.9 length=78 success_rate=1.00 collisions/ep=0.32 (n=25)
update=193 global_step=395264 SPS=665 w_ev=0.993 m_ev=0.994 m_v_bias=0.3 m_adv_std=13.7815 m_kl_max=0.0062 m_ratio_max=0.340 w_ax@goal=+1.41 w_v@goal=5.40 return=996.9 length=77 success_rate=1.00 collisions/ep=0.32 (n=28)
update=194 global_step=397312 SPS=666 w_ev=0.983 m_ev=0.939 m_v_bias=6.9 m_adv_std=43.8385 m_kl_max=0.0071 m_ratio_max=0.414 w_ax@goal=+1.35 w_v@goal=5.42 return=973.3 length=79 success_rate=1.00 collisions/ep=0.80 (n=25)
update=195 global_step=399360 SPS=668 w_ev=0.987 m_ev=0.976 m_v_bias=-4.5 m_adv_std=27.2184 m_kl_max=0.0134 m_ratio_max=0.467 w_ax@goal=+1.47 w_v@goal=5.44 return=990.0 length=79 success_rate=1.00 collisions/ep=0.50 (n=26)
Evaluation at update 195: return=1012.99, length=77.05, success_rate=1.00, collisions/ep=0.00
Solved-check at update 195: solved=True worst_gap=0.13 at p_x0=0.00 p_y0=-1.00 (consecutive=28)
update=196 global_step=401408 SPS=663 w_ev=0.995 m_ev=0.987 m_v_bias=-6.2 m_adv_std=19.3182 m_kl_max=0.0090 m_ratio_max=0.375 w_ax@goal=+1.21 w_v@goal=5.41 return=999.6 length=78 success_rate=1.00 collisions/ep=0.27 (n=26)
update=197 global_step=403456 SPS=664 w_ev=0.994 m_ev=0.986 m_v_bias=-2.3 m_adv_std=19.6710 m_kl_max=0.0208 m_ratio_max=0.949 w_ax@goal=+1.09 w_v@goal=5.37 return=1003.6 length=79 success_rate=1.00 collisions/ep=0.19 (n=26)
update=198 global_step=405504 SPS=665 w_ev=0.995 m_ev=0.988 m_v_bias=2.7 m_adv_std=18.5820 m_kl_max=0.0142 m_ratio_max=1.284 w_ax@goal=+1.05 w_v@goal=5.37 return=997.5 length=79 success_rate=1.00 collisions/ep=0.31 (n=26)
update=199 global_step=407552 SPS=667 w_ev=0.991 m_ev=0.963 m_v_bias=3.0 m_adv_std=32.4276 m_kl_max=0.0135 m_ratio_max=0.820 w_ax@goal=+0.93 w_v@goal=5.36 return=988.7 length=79 success_rate=1.00 collisions/ep=0.48 (n=25)
update=200 global_step=409600 SPS=668 w_ev=0.992 m_ev=0.968 m_v_bias=1.7 m_adv_std=29.8016 m_kl_max=0.0215 m_ratio_max=1.280 w_ax@goal=+0.92 w_v@goal=5.34 return=989.7 length=79 success_rate=1.00 collisions/ep=0.50 (n=26)
Evaluation at update 200: return=1012.96, length=77.10, success_rate=1.00, collisions/ep=0.00
Solved-check at update 200: solved=True worst_gap=0.22 at p_x0=0.00 p_y0=-1.00 (consecutive=29)
update=201 global_step=411648 SPS=663 w_ev=0.995 m_ev=0.989 m_v_bias=-0.7 m_adv_std=18.0010 m_kl_max=0.0183 m_ratio_max=0.516 w_ax@goal=+0.94 w_v@goal=5.33 return=994.8 length=78 success_rate=1.00 collisions/ep=0.36 (n=28)
update=202 global_step=413696 SPS=665 w_ev=0.992 m_ev=0.987 m_v_bias=-4.5 m_adv_std=19.2890 m_kl_max=0.0167 m_ratio_max=0.564 w_ax@goal=+1.19 w_v@goal=5.40 return=997.3 length=79 success_rate=1.00 collisions/ep=0.32 (n=25)
update=203 global_step=415744 SPS=666 w_ev=0.992 m_ev=0.981 m_v_bias=2.2 m_adv_std=23.7943 m_kl_max=0.0077 m_ratio_max=0.588 w_ax@goal=+1.15 w_v@goal=5.40 return=993.2 length=80 success_rate=1.00 collisions/ep=0.40 (n=25)
update=204 global_step=417792 SPS=667 w_ev=0.996 m_ev=0.994 m_v_bias=-2.2 m_adv_std=12.6588 m_kl_max=0.0241 m_ratio_max=0.655 w_ax@goal=+1.06 w_v@goal=5.39 return=1006.9 length=78 success_rate=1.00 collisions/ep=0.15 (n=26)
update=205 global_step=419840 SPS=668 w_ev=0.994 m_ev=0.992 m_v_bias=-1.8 m_adv_std=14.3324 m_kl_max=0.0072 m_ratio_max=0.441 w_ax@goal=+0.96 w_v@goal=5.40 return=1003.8 length=78 success_rate=1.00 collisions/ep=0.18 (n=28)
Evaluation at update 205: return=1012.94, length=77.10, success_rate=1.00, collisions/ep=0.00
Solved-check at update 205: solved=True worst_gap=0.16 at p_x0=0.00 p_y0=-1.00 (consecutive=30)
update=206 global_step=421888 SPS=664 w_ev=0.989 m_ev=0.932 m_v_bias=8.4 m_adv_std=44.8516 m_kl_max=0.0113 m_ratio_max=0.548 w_ax@goal=+1.16 w_v@goal=5.38 return=981.7 length=78 success_rate=1.00 collisions/ep=0.62 (n=24)
update=207 global_step=423936 SPS=665 w_ev=0.992 m_ev=0.971 m_v_bias=-0.1 m_adv_std=29.1097 m_kl_max=0.0220 m_ratio_max=0.941 w_ax@goal=+1.21 w_v@goal=5.40 return=994.0 length=80 success_rate=1.00 collisions/ep=0.42 (n=26)
update=208 global_step=425984 SPS=667 w_ev=0.995 m_ev=0.992 m_v_bias=-4.1 m_adv_std=15.1308 m_kl_max=0.0164 m_ratio_max=0.678 w_ax@goal=+1.13 w_v@goal=5.33 return=1001.9 length=79 success_rate=1.00 collisions/ep=0.22 (n=27)
update=209 global_step=428032 SPS=668 w_ev=0.994 m_ev=0.983 m_v_bias=2.7 m_adv_std=22.5119 m_kl_max=0.0400 m_ratio_max=0.827 w_ax@goal=+0.91 w_v@goal=5.38 return=1001.7 length=79 success_rate=1.00 collisions/ep=0.22 (n=27)
update=210 global_step=430080 SPS=669 w_ev=0.996 m_ev=0.996 m_v_bias=-5.0 m_adv_std=11.0086 m_kl_max=0.0251 m_ratio_max=0.520 w_ax@goal=+1.05 w_v@goal=5.38 return=998.2 length=79 success_rate=1.00 collisions/ep=0.29 (n=24)
Evaluation at update 210: return=1012.96, length=77.10, success_rate=1.00, collisions/ep=0.00
Solved-check at update 210: solved=True worst_gap=0.13 at p_x0=0.00 p_y0=-1.00 (consecutive=31)
update=211 global_step=432128 SPS=665 w_ev=0.995 m_ev=0.986 m_v_bias=-0.6 m_adv_std=19.5442 m_kl_max=0.0187 m_ratio_max=0.706 w_ax@goal=+1.17 w_v@goal=5.37 return=996.1 length=79 success_rate=1.00 collisions/ep=0.33 (n=27)
update=212 global_step=434176 SPS=666 w_ev=0.992 m_ev=0.982 m_v_bias=2.9 m_adv_std=23.0723 m_kl_max=0.0339 m_ratio_max=0.902 w_ax@goal=+1.24 w_v@goal=5.37 return=991.6 length=78 success_rate=1.00 collisions/ep=0.42 (n=26)
update=213 global_step=436224 SPS=667 w_ev=0.993 m_ev=0.991 m_v_bias=-1.4 m_adv_std=16.0126 m_kl_max=0.0064 m_ratio_max=0.546 w_ax@goal=+0.95 w_v@goal=5.37 return=996.1 length=79 success_rate=1.00 collisions/ep=0.33 (n=24)
update=214 global_step=438272 SPS=669 w_ev=0.995 m_ev=0.993 m_v_bias=0.2 m_adv_std=14.6160 m_kl_max=0.0092 m_ratio_max=0.525 w_ax@goal=+1.03 w_v@goal=5.40 return=998.1 length=80 success_rate=1.00 collisions/ep=0.30 (n=27)
update=215 global_step=440320 SPS=670 w_ev=0.994 m_ev=0.997 m_v_bias=-2.5 m_adv_std=8.6336 m_kl_max=0.0188 m_ratio_max=0.701 w_ax@goal=+1.05 w_v@goal=5.37 return=1010.8 length=80 success_rate=1.00 collisions/ep=0.04 (n=26)
Evaluation at update 215: return=1012.99, length=77.10, success_rate=1.00, collisions/ep=0.00
Solved-check at update 215: solved=True worst_gap=0.05 at p_x0=0.00 p_y0=-1.00 (consecutive=32)
update=216 global_step=442368 SPS=665 w_ev=0.991 m_ev=0.966 m_v_bias=4.8 m_adv_std=32.2971 m_kl_max=0.0164 m_ratio_max=0.763 w_ax@goal=+1.06 w_v@goal=5.38 return=991.0 length=80 success_rate=1.00 collisions/ep=0.44 (n=25)
update=217 global_step=444416 SPS=667 w_ev=0.994 m_ev=0.995 m_v_bias=-4.9 m_adv_std=11.3753 m_kl_max=0.0104 m_ratio_max=0.540 w_ax@goal=+1.19 w_v@goal=5.40 return=1007.3 length=79 success_rate=1.00 collisions/ep=0.11 (n=27)
update=218 global_step=446464 SPS=668 w_ev=0.995 m_ev=0.988 m_v_bias=2.5 m_adv_std=18.6881 m_kl_max=0.0149 m_ratio_max=1.154 w_ax@goal=+1.16 w_v@goal=5.39 return=997.9 length=78 success_rate=1.00 collisions/ep=0.30 (n=27)
update=219 global_step=448512 SPS=669 w_ev=0.992 m_ev=0.995 m_v_bias=-0.2 m_adv_std=11.7322 m_kl_max=0.0091 m_ratio_max=0.455 w_ax@goal=+1.08 w_v@goal=5.37 return=1002.6 length=79 success_rate=1.00 collisions/ep=0.20 (n=25)
update=220 global_step=450560 SPS=670 w_ev=0.993 m_ev=0.991 m_v_bias=0.8 m_adv_std=16.5648 m_kl_max=0.0150 m_ratio_max=0.482 w_ax@goal=+0.97 w_v@goal=5.34 return=1001.6 length=79 success_rate=1.00 collisions/ep=0.22 (n=27)
Evaluation at update 220: return=1013.01, length=77.05, success_rate=1.00, collisions/ep=0.00
Solved-check at update 220: solved=True worst_gap=0.02 at p_x0=0.00 p_y0=-1.00 (consecutive=33)
update=221 global_step=452608 SPS=665 w_ev=0.995 m_ev=0.989 m_v_bias=2.2 m_adv_std=17.3453 m_kl_max=0.0133 m_ratio_max=0.746 w_ax@goal=+1.25 w_v@goal=5.40 return=998.7 length=79 success_rate=1.00 collisions/ep=0.28 (n=25)
update=222 global_step=454656 SPS=667 w_ev=0.984 m_ev=0.994 m_v_bias=-0.4 m_adv_std=13.1402 m_kl_max=0.0136 m_ratio_max=0.719 w_ax@goal=+1.23 w_v@goal=5.38 return=1003.0 length=77 success_rate=1.00 collisions/ep=0.19 (n=27)
update=223 global_step=456704 SPS=668 w_ev=0.996 m_ev=0.996 m_v_bias=-3.8 m_adv_std=10.2375 m_kl_max=0.0072 m_ratio_max=0.409 w_ax@goal=+1.11 w_v@goal=5.42 return=1004.8 length=78 success_rate=1.00 collisions/ep=0.16 (n=25)
update=224 global_step=458752 SPS=669 w_ev=0.995 m_ev=0.998 m_v_bias=-1.3 m_adv_std=8.1365 m_kl_max=0.0238 m_ratio_max=0.771 w_ax@goal=+1.14 w_v@goal=5.39 return=1009.0 length=77 success_rate=1.00 collisions/ep=0.07 (n=28)
update=225 global_step=460800 SPS=670 w_ev=0.994 m_ev=0.985 m_v_bias=5.6 m_adv_std=21.1828 m_kl_max=0.0117 m_ratio_max=0.399 w_ax@goal=+1.15 w_v@goal=5.37 return=995.2 length=80 success_rate=1.00 collisions/ep=0.36 (n=25)
Evaluation at update 225: return=1013.01, length=77.05, success_rate=1.00, collisions/ep=0.00
Solved-check at update 225: solved=True worst_gap=0.02 at p_x0=0.00 p_y0=-1.00 (consecutive=34)
update=226 global_step=462848 SPS=666 w_ev=0.996 m_ev=0.979 m_v_bias=-2.1 m_adv_std=23.9085 m_kl_max=0.0156 m_ratio_max=0.900 w_ax@goal=+1.34 w_v@goal=5.38 return=1003.1 length=78 success_rate=1.00 collisions/ep=0.19 (n=26)
update=227 global_step=464896 SPS=667 w_ev=0.995 m_ev=0.995 m_v_bias=1.1 m_adv_std=11.6810 m_kl_max=0.0095 m_ratio_max=0.507 w_ax@goal=+0.96 w_v@goal=5.37 return=1005.0 length=78 success_rate=1.00 collisions/ep=0.15 (n=26)
update=228 global_step=466944 SPS=668 w_ev=0.992 m_ev=0.985 m_v_bias=1.6 m_adv_std=20.3631 m_kl_max=0.0490 m_ratio_max=3.494 w_ax@goal=+1.18 w_v@goal=5.39 return=1003.2 length=78 success_rate=1.00 collisions/ep=0.19 (n=26)
update=229 global_step=468992 SPS=669 w_ev=0.992 m_ev=0.986 m_v_bias=-0.8 m_adv_std=19.5011 m_kl_max=0.0080 m_ratio_max=0.476 w_ax@goal=+1.26 w_v@goal=5.43 return=1001.7 length=78 success_rate=1.00 collisions/ep=0.22 (n=27)
update=230 global_step=471040 SPS=670 w_ev=0.992 m_ev=0.986 m_v_bias=3.1 m_adv_std=20.4839 m_kl_max=0.0159 m_ratio_max=0.601 w_ax@goal=+1.23 w_v@goal=5.39 return=999.4 length=79 success_rate=1.00 collisions/ep=0.27 (n=26)
Evaluation at update 230: return=1013.00, length=77.10, success_rate=1.00, collisions/ep=0.00
Solved-check at update 230: solved=True worst_gap=0.04 at p_x0=0.00 p_y0=-1.00 (consecutive=35)
update=231 global_step=473088 SPS=666 w_ev=0.990 m_ev=0.989 m_v_bias=-3.8 m_adv_std=17.6868 m_kl_max=0.0143 m_ratio_max=0.605 w_ax@goal=+1.23 w_v@goal=5.37 return=992.4 length=78 success_rate=1.00 collisions/ep=0.41 (n=27)
update=232 global_step=475136 SPS=667 w_ev=0.994 m_ev=0.997 m_v_bias=-3.6 m_adv_std=8.3437 m_kl_max=0.0071 m_ratio_max=0.373 w_ax@goal=+1.09 w_v@goal=5.38 return=1008.9 length=78 success_rate=1.00 collisions/ep=0.08 (n=26)
update=233 global_step=477184 SPS=668 w_ev=0.989 m_ev=0.956 m_v_bias=10.6 m_adv_std=36.1581 m_kl_max=0.0181 m_ratio_max=0.567 w_ax@goal=+1.16 w_v@goal=5.40 return=984.8 length=78 success_rate=1.00 collisions/ep=0.56 (n=25)
update=234 global_step=479232 SPS=669 w_ev=0.993 m_ev=0.995 m_v_bias=-8.1 m_adv_std=11.7930 m_kl_max=0.0169 m_ratio_max=0.673 w_ax@goal=+1.15 w_v@goal=5.34 return=1010.8 length=77 success_rate=1.00 collisions/ep=0.04 (n=26)
update=235 global_step=481280 SPS=670 w_ev=0.996 m_ev=0.979 m_v_bias=1.2 m_adv_std=23.7383 m_kl_max=0.0162 m_ratio_max=0.527 w_ax@goal=+1.30 w_v@goal=5.37 return=999.1 length=78 success_rate=1.00 collisions/ep=0.27 (n=26)
Evaluation at update 235: return=1013.01, length=77.10, success_rate=1.00, collisions/ep=0.00
Solved-check at update 235: solved=True worst_gap=0.02 at p_x0=0.00 p_y0=1.00 (consecutive=36)
update=236 global_step=483328 SPS=667 w_ev=0.991 m_ev=0.975 m_v_bias=6.2 m_adv_std=27.2005 m_kl_max=0.0155 m_ratio_max=0.590 w_ax@goal=+1.32 w_v@goal=5.36 return=992.8 length=80 success_rate=1.00 collisions/ep=0.41 (n=27)
update=237 global_step=485376 SPS=668 w_ev=0.993 m_ev=0.990 m_v_bias=-3.4 m_adv_std=17.0572 m_kl_max=0.0134 m_ratio_max=1.013 w_ax@goal=+1.28 w_v@goal=5.39 return=1001.3 length=80 success_rate=1.00 collisions/ep=0.23 (n=26)
update=238 global_step=487424 SPS=668 w_ev=0.990 m_ev=0.992 m_v_bias=0.5 m_adv_std=15.3162 m_kl_max=0.0123 m_ratio_max=0.555 w_ax@goal=+1.08 w_v@goal=5.39 return=998.6 length=79 success_rate=1.00 collisions/ep=0.28 (n=25)
update=239 global_step=489472 SPS=670 w_ev=0.993 m_ev=0.989 m_v_bias=0.6 m_adv_std=18.1560 m_kl_max=0.0306 m_ratio_max=0.788 w_ax@goal=+1.12 w_v@goal=5.43 return=999.6 length=80 success_rate=1.00 collisions/ep=0.27 (n=26)
update=240 global_step=491520 SPS=671 w_ev=0.991 m_ev=0.986 m_v_bias=0.7 m_adv_std=19.7713 m_kl_max=0.0174 m_ratio_max=0.801 w_ax@goal=+1.20 w_v@goal=5.42 return=1000.7 length=80 success_rate=1.00 collisions/ep=0.23 (n=26)
Evaluation at update 240: return=1013.01, length=77.10, success_rate=1.00, collisions/ep=0.00
Solved-check at update 240: solved=True worst_gap=0.03 at p_x0=0.00 p_y0=1.00 (consecutive=37)
update=241 global_step=493568 SPS=667 w_ev=0.993 m_ev=0.988 m_v_bias=-2.9 m_adv_std=18.2730 m_kl_max=0.0114 m_ratio_max=0.568 w_ax@goal=+1.13 w_v@goal=5.40 return=1010.9 length=78 success_rate=1.00 collisions/ep=0.04 (n=26)
update=242 global_step=495616 SPS=668 w_ev=0.990 m_ev=0.993 m_v_bias=1.6 m_adv_std=14.0775 m_kl_max=0.0382 m_ratio_max=0.672 w_ax@goal=+1.01 w_v@goal=5.39 return=998.6 length=78 success_rate=1.00 collisions/ep=0.28 (n=25)
update=243 global_step=497664 SPS=669 w_ev=0.987 m_ev=0.995 m_v_bias=0.8 m_adv_std=11.4956 m_kl_max=0.0157 m_ratio_max=1.099 w_ax@goal=+1.09 w_v@goal=5.34 return=1004.9 length=77 success_rate=1.00 collisions/ep=0.15 (n=27)
update=244 global_step=499712 SPS=670 w_ev=0.990 m_ev=0.992 m_v_bias=-0.3 m_adv_std=15.7486 m_kl_max=0.0366 m_ratio_max=1.111 w_ax@goal=+1.17 w_v@goal=5.41 return=999.9 length=79 success_rate=1.00 collisions/ep=0.26 (n=27)
Saved checkpoints to C:\Users\loren\Desktop\MASTER THESIS\5_CODE\scenarios\slalom\studies\extrinsic_sweep\coef_0.005\runs\hppo_slalom_5_1790267266
