Using device: cpu
Solved-check: precomputed optimal returns for 25 fixed initial conditions (mean=1013.0, min=1011.0, max=1015.0); solved-tolerance=5.0
Goal box: +-1.800 m (1.5x segment-reachable; segment-reachable displacement = 1.200 m)
tube MPC: W half-widths [0. 0. 0. 0.], RPI s=0 alpha=0; Z half-widths (p_x, p_y, v_x, v_y) = [0. 0. 0. 0.]
  X0 (-) Z: p_x [-1.000, 11.000], p_y [-1.999, 1.999], |v| <= 1.200; V = U (-) KZ: |u| <= 2.500; K = [-7.613 -4.585] per axis
  4 obstacles, 132 binaries before fixing, max big-M 9.00; horizon N=10, stopping time 5 steps
num_envs=8 num_steps_per_env=256 batch_size=2048 num_updates=100 timesteps=204800
update=1 global_step=2048 SPS=141 m_ev=0.001 m_v_bias=42.7 m_kl_max=0.0046 mpc_ms=6.7/35 cand=0.000 return=-197.3 length=200 success_rate=0.00 collisions/ep=0.00 (n=8)
update=2 global_step=4096 SPS=140 m_ev=-0.644 m_v_bias=25.8 m_kl_max=0.0057 mpc_ms=6.8/41 cand=0.000 return=-195.7 length=200 success_rate=0.00 collisions/ep=0.00 (n=8)
update=3 global_step=6144 SPS=140 m_ev=-0.262 m_v_bias=14.6 m_kl_max=0.0265 mpc_ms=6.8/42 cand=0.000 return=-195.1 length=200 success_rate=0.00 collisions/ep=0.00 (n=8)
update=4 global_step=8192 SPS=134 m_ev=-0.113 m_v_bias=4.0 m_kl_max=0.0436 mpc_ms=7.9/37 cand=0.000 return=-179.6 length=200 success_rate=0.00 collisions/ep=0.00 (n=16)
update=5 global_step=10240 SPS=132 m_ev=0.382 m_v_bias=-1.3 m_kl_max=0.0345 mpc_ms=7.9/71 cand=0.000 return=-150.5 length=200 success_rate=0.00 collisions/ep=0.00 (n=8)
Evaluation at update 5: return=-141.10, length=200.00, success_rate=0.00, collisions/ep=0.00
Solved-check at update 5: solved=False worst_gap=1166.83 at p_x0=2.00 p_y0=-1.00 (consecutive=0)
update=6 global_step=12288 SPS=67 m_ev=0.568 m_v_bias=0.2 m_kl_max=0.0305 mpc_ms=7.1/42 cand=0.000 return=-151.0 length=200 success_rate=0.00 collisions/ep=0.00 (n=8)
update=7 global_step=14336 SPS=72 m_ev=0.702 m_v_bias=-1.1 m_kl_max=0.0518 mpc_ms=7.5/44 cand=0.000 w_ax@goal=-1.11 return=-149.6 length=200 success_rate=0.00 collisions/ep=0.00 (n=8)
update=8 global_step=16384 SPS=77 m_ev=0.891 m_v_bias=-0.7 m_kl_max=0.0756 mpc_ms=7.3/58 cand=0.000 w_ax@goal=-0.58 return=-140.9 length=200 success_rate=0.00 collisions/ep=0.00 (n=16)
update=9 global_step=18432 SPS=82 m_ev=0.896 m_v_bias=-1.3 m_kl_max=0.0289 mpc_ms=4.7/54 cand=0.000 return=-139.3 length=200 success_rate=0.00 collisions/ep=0.00 (n=8)
update=10 global_step=20480 SPS=84 m_ev=-0.044 m_v_bias=-50.4 m_kl_max=0.0316 mpc_ms=8.6/69 cand=0.000 w_ax@goal=-0.35 return=120.1 length=196 success_rate=0.25 collisions/ep=0.00 (n=8)
Evaluation at update 10: return=-140.94, length=200.00, success_rate=0.00, collisions/ep=0.00
Solved-check at update 10: solved=False worst_gap=1161.02 at p_x0=2.00 p_y0=-1.00 (consecutive=0)
update=11 global_step=22528 SPS=66 m_ev=0.085 m_v_bias=-31.8 m_kl_max=0.0303 mpc_ms=8.6/56 cand=0.000 w_ax@goal=-0.39 return=-67.9 length=197 success_rate=0.06 collisions/ep=0.00 (n=16)
update=12 global_step=24576 SPS=69 m_ev=-2.485 m_v_bias=11.0 m_kl_max=0.0228 mpc_ms=7.2/55 cand=0.000 w_ax@goal=-1.00 return=-141.5 length=200 success_rate=0.00 collisions/ep=0.00 (n=8)
update=13 global_step=26624 SPS=71 m_ev=0.065 m_v_bias=-105.9 m_kl_max=0.0237 mpc_ms=8.0/53 cand=0.000 w_ax@goal=-0.12 return=261.1 length=175 success_rate=0.36 collisions/ep=0.00 (n=11)
update=14 global_step=28672 SPS=74 m_ev=0.364 m_v_bias=-37.8 m_kl_max=0.0137 mpc_ms=7.6/56 cand=0.000 w_ax@goal=-0.30 return=215.3 length=185 success_rate=0.33 collisions/ep=0.00 (n=12)
update=15 global_step=30720 SPS=76 m_ev=0.326 m_v_bias=-35.5 m_kl_max=0.0196 mpc_ms=7.1/44 cand=0.000 w_ax@goal=-0.09 return=289.1 length=186 success_rate=0.40 collisions/ep=0.00 (n=10)
Evaluation at update 15: return=356.24, length=150.55, success_rate=0.45, collisions/ep=0.00
Solved-check at update 15: solved=False worst_gap=1191.02 at p_x0=2.00 p_y0=-0.50 (consecutive=0)
update=16 global_step=32768 SPS=69 m_ev=0.472 m_v_bias=-104.7 m_kl_max=0.0051 mpc_ms=8.3/58 cand=0.000 w_ax@goal=-0.21 return=617.9 length=145 success_rate=0.69 collisions/ep=0.00 (n=16)
update=17 global_step=34816 SPS=71 m_ev=0.643 m_v_bias=-25.1 m_kl_max=0.0102 mpc_ms=7.3/53 cand=0.000 w_ax@goal=-0.05 return=589.4 length=156 success_rate=0.67 collisions/ep=0.00 (n=12)
update=18 global_step=36864 SPS=72 m_ev=0.738 m_v_bias=-44.4 m_kl_max=0.0041 mpc_ms=8.7/46 cand=0.000 w_ax@goal=+0.07 return=675.8 length=139 success_rate=0.73 collisions/ep=0.00 (n=15)
update=19 global_step=38912 SPS=73 m_ev=0.822 m_v_bias=-21.9 m_kl_max=0.0015 mpc_ms=8.9/67 cand=0.000 w_ax@goal=-0.04 return=705.7 length=138 success_rate=0.76 collisions/ep=0.00 (n=17)
update=20 global_step=40960 SPS=75 m_ev=0.777 m_v_bias=12.8 m_kl_max=0.0037 mpc_ms=7.2/45 cand=0.000 w_ax@goal=-0.16 return=494.0 length=163 success_rate=0.58 collisions/ep=0.00 (n=12)
Evaluation at update 20: return=355.43, length=151.45, success_rate=0.45, collisions/ep=0.00
Solved-check at update 20: solved=False worst_gap=1191.02 at p_x0=2.00 p_y0=-1.00 (consecutive=0)
update=21 global_step=43008 SPS=68 m_ev=0.723 m_v_bias=-19.0 m_kl_max=0.0165 mpc_ms=11.2/63 cand=0.000 w_ax@goal=+0.03 return=686.8 length=147 success_rate=0.75 collisions/ep=0.00 (n=12)
update=22 global_step=45056 SPS=69 m_ev=0.807 m_v_bias=12.5 m_kl_max=0.0112 mpc_ms=7.5/40 cand=0.000 w_ax@goal=-0.05 return=762.2 length=135 success_rate=0.81 collisions/ep=0.00 (n=16)
update=23 global_step=47104 SPS=70 m_ev=0.711 m_v_bias=-12.2 m_kl_max=0.0117 mpc_ms=9.1/74 cand=0.000 w_ax@goal=-0.26 return=578.0 length=164 success_rate=0.67 collisions/ep=0.00 (n=12)
update=24 global_step=49152 SPS=71 m_ev=0.808 m_v_bias=-3.5 m_kl_max=0.0202 mpc_ms=10.4/69 cand=0.000 w_ax@goal=-0.01 return=689.4 length=143 success_rate=0.75 collisions/ep=0.00 (n=16)
update=25 global_step=51200 SPS=71 m_ev=0.808 m_v_bias=-56.9 m_kl_max=0.0146 mpc_ms=11.8/86 cand=0.000 w_ax@goal=-0.02 return=895.0 length=125 success_rate=0.93 collisions/ep=0.00 (n=15)
Evaluation at update 25: return=1002.49, length=88.00, success_rate=1.00, collisions/ep=0.00
Solved-check at update 25: solved=False worst_gap=30.90 at p_x0=2.00 p_y0=-1.00 (consecutive=0)
update=26 global_step=53248 SPS=68 m_ev=0.789 m_v_bias=-22.3 m_kl_max=0.0158 mpc_ms=12.9/82 cand=0.000 w_ax@goal=-0.04 return=972.6 length=119 success_rate=1.00 collisions/ep=0.00 (n=18)
update=27 global_step=55296 SPS=68 m_ev=0.848 m_v_bias=12.4 m_kl_max=0.0138 mpc_ms=9.4/54 cand=0.000 w_ax@goal=+0.07 return=925.2 length=115 success_rate=0.95 collisions/ep=0.00 (n=20)
update=28 global_step=57344 SPS=69 m_ev=0.870 m_v_bias=8.5 m_kl_max=0.0210 mpc_ms=9.6/66 cand=0.000 w_ax@goal=+0.06 return=962.2 length=130 success_rate=1.00 collisions/ep=0.00 (n=15)
update=29 global_step=59392 SPS=70 m_ev=0.902 m_v_bias=-46.4 m_kl_max=0.0163 mpc_ms=9.9/67 cand=0.000 w_ax@goal=+0.00 return=992.2 length=99 success_rate=1.00 collisions/ep=0.00 (n=20)
update=30 global_step=61440 SPS=70 m_ev=0.873 m_v_bias=7.3 m_kl_max=0.0117 mpc_ms=10.1/77 cand=0.000 w_ax@goal=-0.05 return=990.3 length=102 success_rate=1.00 collisions/ep=0.00 (n=19)
Evaluation at update 30: return=1010.74, length=79.90, success_rate=1.00, collisions/ep=0.00
Solved-check at update 30: solved=True worst_gap=2.96 at p_x0=0.00 p_y0=-1.00 (consecutive=0)
update=31 global_step=63488 SPS=69 m_ev=0.938 m_v_bias=-23.9 m_kl_max=0.0162 mpc_ms=4.6/31 cand=0.000 w_ax@goal=+0.04 return=995.8 length=95 success_rate=1.00 collisions/ep=0.00 (n=25)
update=32 global_step=65536 SPS=70 m_ev=0.936 m_v_bias=-1.9 m_kl_max=0.0106 mpc_ms=11.0/70 cand=0.000 w_ax@goal=-0.04 return=997.8 length=94 success_rate=1.00 collisions/ep=0.00 (n=21)
update=33 global_step=67584 SPS=70 m_ev=0.932 m_v_bias=3.1 m_kl_max=0.0149 mpc_ms=8.4/55 cand=0.000 w_ax@goal=+0.05 return=998.7 length=93 success_rate=1.00 collisions/ep=0.00 (n=21)
update=34 global_step=69632 SPS=71 m_ev=0.932 m_v_bias=-4.7 m_kl_max=0.0198 mpc_ms=9.2/58 cand=0.000 w_ax@goal=+0.04 return=1000.6 length=91 success_rate=1.00 collisions/ep=0.00 (n=22)
update=35 global_step=71680 SPS=72 m_ev=0.962 m_v_bias=-6.4 m_kl_max=0.0067 mpc_ms=9.4/60 cand=0.000 w_ax@goal=-0.04 return=1001.6 length=90 success_rate=1.00 collisions/ep=0.00 (n=24)
Evaluation at update 35: return=1011.67, length=79.05, success_rate=1.00, collisions/ep=0.00
Solved-check at update 35: solved=True worst_gap=1.82 at p_x0=0.00 p_y0=-1.00 (consecutive=1)
Solved criterion held for 2 consecutive evals (tolerance=5.0) at global_step=71680.
update=36 global_step=73728 SPS=70 m_ev=0.924 m_v_bias=8.8 m_kl_max=0.0145 mpc_ms=7.6/42 cand=0.000 w_ax@goal=-0.04 return=1002.7 length=89 success_rate=1.00 collisions/ep=0.00 (n=23)
update=37 global_step=75776 SPS=71 m_ev=0.963 m_v_bias=-7.4 m_kl_max=0.0062 mpc_ms=8.6/58 cand=0.000 w_ax@goal=-0.00 return=1004.9 length=87 success_rate=1.00 collisions/ep=0.00 (n=24)
update=38 global_step=77824 SPS=72 m_ev=0.968 m_v_bias=-1.8 m_kl_max=0.0111 mpc_ms=8.6/57 cand=0.000 w_ax@goal=+0.02 return=1005.8 length=86 success_rate=1.00 collisions/ep=0.00 (n=24)
update=39 global_step=79872 SPS=72 m_ev=0.982 m_v_bias=-3.4 m_kl_max=0.0029 mpc_ms=8.3/48 cand=0.000 w_ax@goal=-0.01 return=1007.0 length=84 success_rate=1.00 collisions/ep=0.00 (n=25)
update=40 global_step=81920 SPS=73 m_ev=0.983 m_v_bias=-2.7 m_kl_max=0.0229 mpc_ms=7.4/42 cand=0.000 w_ax@goal=-0.00 return=1007.9 length=84 success_rate=1.00 collisions/ep=0.00 (n=24)
Evaluation at update 40: return=1012.18, length=78.60, success_rate=1.00, collisions/ep=0.00
Solved-check at update 40: solved=True worst_gap=1.13 at p_x0=0.00 p_y0=-1.00 (consecutive=2)
update=41 global_step=83968 SPS=72 m_ev=0.974 m_v_bias=3.9 m_kl_max=0.0061 mpc_ms=11.4/71 cand=0.000 w_ax@goal=+0.01 return=1007.1 length=85 success_rate=1.00 collisions/ep=0.00 (n=24)
update=42 global_step=86016 SPS=72 m_ev=0.960 m_v_bias=2.6 m_kl_max=0.0134 mpc_ms=9.6/50 cand=0.000 w_ax@goal=-0.01 return=1006.4 length=85 success_rate=1.00 collisions/ep=0.00 (n=23)
update=43 global_step=88064 SPS=73 m_ev=0.969 m_v_bias=-4.0 m_kl_max=0.0287 mpc_ms=7.9/45 cand=0.000 w_ax@goal=-0.01 return=1006.0 length=86 success_rate=1.00 collisions/ep=0.00 (n=25)
update=44 global_step=90112 SPS=73 m_ev=0.983 m_v_bias=-9.0 m_kl_max=0.0117 mpc_ms=7.6/51 cand=0.000 w_ax@goal=-0.00 return=1010.6 length=81 success_rate=1.00 collisions/ep=0.00 (n=24)
update=45 global_step=92160 SPS=74 m_ev=0.992 m_v_bias=-1.2 m_kl_max=0.0070 mpc_ms=8.2/53 cand=0.000 w_ax@goal=-0.00 return=1010.0 length=82 success_rate=1.00 collisions/ep=0.00 (n=24)
Evaluation at update 45: return=1012.37, length=78.20, success_rate=1.00, collisions/ep=0.00
Solved-check at update 45: solved=True worst_gap=1.01 at p_x0=0.00 p_y0=0.50 (consecutive=3)
update=46 global_step=94208 SPS=73 m_ev=0.995 m_v_bias=-2.2 m_kl_max=0.0145 mpc_ms=7.6/45 cand=0.000 w_ax@goal=+0.06 return=1010.3 length=81 success_rate=1.00 collisions/ep=0.00 (n=25)
update=47 global_step=96256 SPS=74 m_ev=0.989 m_v_bias=0.5 m_kl_max=0.0181 mpc_ms=7.4/36 cand=0.000 w_ax@goal=-0.02 return=1010.2 length=81 success_rate=1.00 collisions/ep=0.00 (n=28)
update=48 global_step=98304 SPS=74 m_ev=0.983 m_v_bias=1.2 m_kl_max=0.0123 mpc_ms=7.5/44 cand=0.000 w_ax@goal=-0.02 return=1009.3 length=83 success_rate=1.00 collisions/ep=0.00 (n=27)
update=49 global_step=100352 SPS=75 m_ev=0.988 m_v_bias=-1.9 m_kl_max=0.0068 mpc_ms=6.7/43 cand=0.000 w_ax@goal=+0.01 return=1010.1 length=81 success_rate=1.00 collisions/ep=0.00 (n=24)
update=50 global_step=102400 SPS=76 m_ev=0.988 m_v_bias=-0.3 m_kl_max=0.0064 mpc_ms=6.7/41 cand=0.000 w_ax@goal=+0.02 return=1009.8 length=82 success_rate=1.00 collisions/ep=0.00 (n=24)
Evaluation at update 50: return=1012.67, length=78.20, success_rate=1.00, collisions/ep=0.00
Solved-check at update 50: solved=True worst_gap=0.72 at p_x0=0.00 p_y0=-1.00 (consecutive=4)
update=51 global_step=104448 SPS=75 m_ev=0.993 m_v_bias=-1.5 m_kl_max=0.0122 mpc_ms=7.0/42 cand=0.000 w_ax@goal=-0.03 return=1010.2 length=81 success_rate=1.00 collisions/ep=0.00 (n=24)
update=52 global_step=106496 SPS=75 m_ev=0.991 m_v_bias=-2.9 m_kl_max=0.0082 mpc_ms=7.6/38 cand=0.000 w_ax@goal=+0.00 return=1011.5 length=80 success_rate=1.00 collisions/ep=0.00 (n=24)
update=53 global_step=108544 SPS=76 m_ev=0.993 m_v_bias=1.0 m_kl_max=0.0080 mpc_ms=6.7/42 cand=0.000 w_ax@goal=+0.00 return=1010.3 length=81 success_rate=1.00 collisions/ep=0.00 (n=24)
update=54 global_step=110592 SPS=76 m_ev=0.995 m_v_bias=0.7 m_kl_max=0.0123 mpc_ms=7.4/40 cand=0.000 w_ax@goal=+0.01 return=1010.4 length=81 success_rate=1.00 collisions/ep=0.00 (n=31)
update=55 global_step=112640 SPS=77 m_ev=0.998 m_v_bias=-1.7 m_kl_max=0.0120 mpc_ms=6.5/43 cand=0.000 w_ax@goal=+0.01 return=1012.1 length=80 success_rate=1.00 collisions/ep=0.00 (n=25)
Evaluation at update 55: return=1012.86, length=77.70, success_rate=1.00, collisions/ep=0.00
Solved-check at update 55: solved=True worst_gap=0.39 at p_x0=0.00 p_y0=-1.00 (consecutive=5)
update=56 global_step=114688 SPS=76 m_ev=0.994 m_v_bias=0.3 m_kl_max=0.0087 mpc_ms=7.6/41 cand=0.000 w_ax@goal=-0.00 return=1011.4 length=80 success_rate=1.00 collisions/ep=0.00 (n=24)
update=57 global_step=116736 SPS=76 m_ev=0.994 m_v_bias=-0.5 m_kl_max=0.0077 mpc_ms=7.6/67 cand=0.000 w_ax@goal=-0.00 return=1010.8 length=81 success_rate=1.00 collisions/ep=0.00 (n=24)
update=58 global_step=118784 SPS=77 m_ev=0.990 m_v_bias=4.1 m_kl_max=0.0087 mpc_ms=6.7/42 cand=0.000 w_ax@goal=+0.01 return=1010.7 length=81 success_rate=1.00 collisions/ep=0.00 (n=24)
update=59 global_step=120832 SPS=78 m_ev=0.993 m_v_bias=-0.3 m_kl_max=0.0108 mpc_ms=6.6/43 cand=0.000 w_ax@goal=-0.02 return=1010.9 length=81 success_rate=1.00 collisions/ep=0.00 (n=28)
update=60 global_step=122880 SPS=78 m_ev=0.996 m_v_bias=1.1 m_kl_max=0.0098 mpc_ms=7.6/64 cand=0.000 w_ax@goal=+0.00 return=1011.5 length=80 success_rate=1.00 collisions/ep=0.00 (n=27)
Evaluation at update 60: return=1012.95, length=77.65, success_rate=1.00, collisions/ep=0.00
Solved-check at update 60: solved=True worst_gap=0.28 at p_x0=0.00 p_y0=-1.00 (consecutive=6)
update=61 global_step=124928 SPS=77 m_ev=0.995 m_v_bias=0.9 m_kl_max=0.0043 mpc_ms=7.0/42 cand=0.000 w_ax@goal=-0.01 return=1011.3 length=80 success_rate=1.00 collisions/ep=0.00 (n=25)
update=62 global_step=126976 SPS=78 m_ev=0.997 m_v_bias=-1.7 m_kl_max=0.0122 mpc_ms=6.9/38 cand=0.000 w_ax@goal=-0.02 return=1012.2 length=80 success_rate=1.00 collisions/ep=0.00 (n=24)
update=63 global_step=129024 SPS=78 m_ev=0.999 m_v_bias=-1.7 m_kl_max=0.0086 mpc_ms=8.3/47 cand=0.000 w_ax@goal=-0.00 return=1012.4 length=79 success_rate=1.00 collisions/ep=0.00 (n=24)
update=64 global_step=131072 SPS=78 m_ev=0.997 m_v_bias=1.1 m_kl_max=0.0194 mpc_ms=10.8/58 cand=0.000 w_ax@goal=-0.01 return=1012.1 length=79 success_rate=1.00 collisions/ep=0.00 (n=30)
update=65 global_step=133120 SPS=79 m_ev=0.999 m_v_bias=-3.3 m_kl_max=0.0087 mpc_ms=8.2/61 cand=0.000 w_ax@goal=-0.01 return=1012.7 length=79 success_rate=1.00 collisions/ep=0.00 (n=26)
Evaluation at update 65: return=1013.04, length=77.65, success_rate=1.00, collisions/ep=0.00
Solved-check at update 65: solved=True worst_gap=0.18 at p_x0=0.00 p_y0=-1.00 (consecutive=7)
update=66 global_step=135168 SPS=77 m_ev=0.984 m_v_bias=5.8 m_kl_max=0.0074 mpc_ms=9.4/58 cand=0.000 w_ax@goal=-0.02 return=1010.3 length=81 success_rate=1.00 collisions/ep=0.00 (n=24)
update=67 global_step=137216 SPS=78 m_ev=0.997 m_v_bias=-8.1 m_kl_max=0.0094 mpc_ms=6.6/30 cand=0.000 w_ax@goal=+0.00 return=1012.6 length=79 success_rate=1.00 collisions/ep=0.00 (n=24)
update=68 global_step=139264 SPS=78 m_ev=0.998 m_v_bias=0.4 m_kl_max=0.0208 mpc_ms=8.0/47 cand=0.000 w_ax@goal=+0.00 return=1012.2 length=79 success_rate=1.00 collisions/ep=0.00 (n=24)
update=69 global_step=141312 SPS=79 m_ev=0.998 m_v_bias=2.2 m_kl_max=0.0069 mpc_ms=9.8/50 cand=0.000 w_ax@goal=+0.03 return=1011.9 length=80 success_rate=1.00 collisions/ep=0.00 (n=32)
update=70 global_step=143360 SPS=79 m_ev=0.996 m_v_bias=-0.5 m_kl_max=0.0024 mpc_ms=9.6/48 cand=0.000 w_ax@goal=-0.01 return=1012.2 length=80 success_rate=1.00 collisions/ep=0.00 (n=24)
Evaluation at update 70: return=1013.10, length=77.65, success_rate=1.00, collisions/ep=0.00
Solved-check at update 70: solved=True worst_gap=0.11 at p_x0=0.00 p_y0=-1.00 (consecutive=8)
update=71 global_step=145408 SPS=77 m_ev=0.997 m_v_bias=0.8 m_kl_max=0.0086 mpc_ms=10.8/58 cand=0.000 w_ax@goal=-0.02 return=1012.4 length=79 success_rate=1.00 collisions/ep=0.00 (n=24)
update=72 global_step=147456 SPS=78 m_ev=0.998 m_v_bias=-0.5 m_kl_max=0.0153 mpc_ms=10.1/56 cand=0.000 w_ax@goal=+0.00 return=1012.4 length=79 success_rate=1.00 collisions/ep=0.00 (n=24)
update=73 global_step=149504 SPS=78 m_ev=0.994 m_v_bias=1.3 m_kl_max=0.0171 mpc_ms=8.4/80 cand=0.000 w_ax@goal=-0.01 return=1011.9 length=80 success_rate=1.00 collisions/ep=0.00 (n=29)
update=74 global_step=151552 SPS=78 m_ev=0.997 m_v_bias=0.4 m_kl_max=0.0050 mpc_ms=9.4/51 cand=0.000 w_ax@goal=+0.01 return=1012.1 length=80 success_rate=1.00 collisions/ep=0.00 (n=27)
update=75 global_step=153600 SPS=79 m_ev=0.998 m_v_bias=-0.9 m_kl_max=0.0036 mpc_ms=7.1/47 cand=0.000 w_ax@goal=+0.02 return=1012.4 length=79 success_rate=1.00 collisions/ep=0.00 (n=24)
Evaluation at update 75: return=1013.12, length=77.65, success_rate=1.00, collisions/ep=0.00
Solved-check at update 75: solved=True worst_gap=0.08 at p_x0=0.00 p_y0=-1.00 (consecutive=9)
update=76 global_step=155648 SPS=78 m_ev=0.999 m_v_bias=-2.3 m_kl_max=0.0118 mpc_ms=10.5/51 cand=0.000 w_ax@goal=-0.00 return=1012.7 length=79 success_rate=1.00 collisions/ep=0.00 (n=24)
update=77 global_step=157696 SPS=78 m_ev=0.997 m_v_bias=0.0 m_kl_max=0.0120 mpc_ms=7.1/66 cand=0.000 w_ax@goal=+0.01 return=1012.4 length=79 success_rate=1.00 collisions/ep=0.00 (n=27)
update=78 global_step=159744 SPS=78 m_ev=0.999 m_v_bias=0.6 m_kl_max=0.0155 mpc_ms=7.8/89 cand=0.000 w_ax@goal=-0.01 return=1012.6 length=79 success_rate=1.00 collisions/ep=0.00 (n=29)
update=79 global_step=161792 SPS=79 m_ev=0.995 m_v_bias=2.3 m_kl_max=0.0098 mpc_ms=8.1/46 cand=0.000 w_ax@goal=-0.01 return=1011.7 length=80 success_rate=1.00 collisions/ep=0.00 (n=24)
update=80 global_step=163840 SPS=79 m_ev=0.999 m_v_bias=-1.4 m_kl_max=0.0118 mpc_ms=6.5/40 cand=0.000 w_ax@goal=-0.00 return=1012.8 length=79 success_rate=1.00 collisions/ep=0.00 (n=24)
Evaluation at update 80: return=1013.16, length=77.60, success_rate=1.00, collisions/ep=0.00
Solved-check at update 80: solved=True worst_gap=0.03 at p_x0=0.00 p_y0=-1.00 (consecutive=10)
update=81 global_step=165888 SPS=78 m_ev=0.998 m_v_bias=0.1 m_kl_max=0.0089 mpc_ms=9.5/87 cand=0.000 w_ax@goal=-0.00 return=1012.6 length=79 success_rate=1.00 collisions/ep=0.00 (n=24)
update=82 global_step=167936 SPS=78 m_ev=0.996 m_v_bias=1.1 m_kl_max=0.0082 mpc_ms=6.0/35 cand=0.000 w_ax@goal=+0.01 return=1012.2 length=79 success_rate=1.00 collisions/ep=0.00 (n=32)
update=83 global_step=169984 SPS=78 m_ev=0.999 m_v_bias=-0.0 m_kl_max=0.0133 mpc_ms=11.3/88 cand=0.000 w_ax@goal=+0.02 return=1012.9 length=79 success_rate=1.00 collisions/ep=0.00 (n=24)
update=84 global_step=172032 SPS=78 m_ev=0.991 m_v_bias=1.5 m_kl_max=0.0098 mpc_ms=12.3/83 cand=0.000 w_ax@goal=+0.01 return=1012.3 length=79 success_rate=1.00 collisions/ep=0.00 (n=24)
update=85 global_step=174080 SPS=79 m_ev=0.992 m_v_bias=-1.6 m_kl_max=0.0279 mpc_ms=10.3/87 cand=0.000 w_ax@goal=-0.00 return=1011.3 length=80 success_rate=1.00 collisions/ep=0.00 (n=24)
Evaluation at update 85: return=1013.17, length=77.60, success_rate=1.00, collisions/ep=0.00
Solved-check at update 85: solved=True worst_gap=0.01 at p_x0=0.00 p_y0=-1.00 (consecutive=11)
update=86 global_step=176128 SPS=78 m_ev=0.999 m_v_bias=-2.9 m_kl_max=0.0066 mpc_ms=6.2/36 cand=0.000 w_ax@goal=-0.00 return=1012.9 length=78 success_rate=1.00 collisions/ep=0.00 (n=30)
update=87 global_step=178176 SPS=79 m_ev=0.999 m_v_bias=0.4 m_kl_max=0.0093 mpc_ms=6.2/49 cand=0.000 w_ax@goal=+0.00 return=1012.8 length=79 success_rate=1.00 collisions/ep=0.00 (n=26)
update=88 global_step=180224 SPS=79 m_ev=0.999 m_v_bias=0.3 m_kl_max=0.0107 mpc_ms=10.7/58 cand=0.000 w_ax@goal=+0.01 return=1012.8 length=79 success_rate=1.00 collisions/ep=0.00 (n=24)
update=89 global_step=182272 SPS=79 m_ev=1.000 m_v_bias=-1.8 m_kl_max=0.0042 mpc_ms=7.9/59 cand=0.000 w_ax@goal=-0.00 return=1013.2 length=78 success_rate=1.00 collisions/ep=0.00 (n=24)
update=90 global_step=184320 SPS=79 m_ev=0.996 m_v_bias=2.4 m_kl_max=0.0070 mpc_ms=11.3/86 cand=0.000 w_ax@goal=-0.00 return=1012.3 length=79 success_rate=1.00 collisions/ep=0.00 (n=29)
Evaluation at update 90: return=1013.18, length=77.45, success_rate=1.00, collisions/ep=0.00
Solved-check at update 90: solved=True worst_gap=-0.03 at p_x0=0.00 p_y0=-1.00 (consecutive=12)
update=91 global_step=186368 SPS=79 m_ev=1.000 m_v_bias=-1.9 m_kl_max=0.0044 mpc_ms=7.2/46 cand=0.000 w_ax@goal=-0.01 return=1013.2 length=79 success_rate=1.00 collisions/ep=0.00 (n=27)
update=92 global_step=188416 SPS=79 m_ev=0.978 m_v_bias=4.3 m_kl_max=0.0088 mpc_ms=7.1/42 cand=0.000 w_ax@goal=-0.01 return=1011.4 length=80 success_rate=1.00 collisions/ep=0.00 (n=24)
update=93 global_step=190464 SPS=79 m_ev=0.997 m_v_bias=0.0 m_kl_max=0.0045 mpc_ms=8.0/45 cand=0.000 w_ax@goal=-0.03 return=1012.7 length=79 success_rate=1.00 collisions/ep=0.00 (n=24)
update=94 global_step=192512 SPS=80 m_ev=0.999 m_v_bias=0.6 m_kl_max=0.0026 mpc_ms=7.3/77 cand=0.000 w_ax@goal=-0.02 return=1013.0 length=78 success_rate=1.00 collisions/ep=0.00 (n=27)
update=95 global_step=194560 SPS=80 m_ev=0.999 m_v_bias=0.3 m_kl_max=0.0080 mpc_ms=9.0/40 cand=0.000 w_ax@goal=-0.02 return=1013.1 length=79 success_rate=1.00 collisions/ep=0.00 (n=29)
Evaluation at update 95: return=1013.19, length=77.45, success_rate=1.00, collisions/ep=0.00
Solved-check at update 95: solved=True worst_gap=-0.04 at p_x0=0.00 p_y0=-1.00 (consecutive=13)
update=96 global_step=196608 SPS=79 m_ev=1.000 m_v_bias=-0.3 m_kl_max=0.0074 mpc_ms=7.0/34 cand=0.000 w_ax@goal=+0.00 return=1013.2 length=79 success_rate=1.00 collisions/ep=0.00 (n=24)
update=97 global_step=198656 SPS=79 m_ev=0.999 m_v_bias=0.2 m_kl_max=0.0072 mpc_ms=7.9/33 cand=0.000 w_ax@goal=+0.00 return=1013.0 length=78 success_rate=1.00 collisions/ep=0.00 (n=24)
update=98 global_step=200704 SPS=80 m_ev=0.999 m_v_bias=0.8 m_kl_max=0.0117 mpc_ms=6.8/39 cand=0.000 w_ax@goal=+0.00 return=1013.1 length=78 success_rate=1.00 collisions/ep=0.00 (n=28)
update=99 global_step=202752 SPS=80 m_ev=0.991 m_v_bias=2.9 m_kl_max=0.0172 mpc_ms=8.4/54 cand=0.000 w_ax@goal=+0.00 return=1012.0 length=80 success_rate=1.00 collisions/ep=0.00 (n=28)
update=100 global_step=204800 SPS=80 m_ev=0.996 m_v_bias=-1.9 m_kl_max=0.0055 mpc_ms=7.5/50 cand=0.000 w_ax@goal=+0.02 return=1012.2 length=79 success_rate=1.00 collisions/ep=0.00 (n=24)
Evaluation at update 100: return=1013.21, length=77.45, success_rate=1.00, collisions/ep=0.00
Solved-check at update 100: solved=True worst_gap=-0.06 at p_x0=0.50 p_y0=-1.00 (consecutive=14)
Saved checkpoints to C:\Users\loren\Desktop\MASTER THESIS\5_CODE\scenarios\slalom\studies\init_sampler\ppo_mpc_sobol\runs\ppo_mpc_slalom_6_1791036919
