Using device: cpu
Solved-check: precomputed optimal returns for 25 fixed initial conditions (mean=1013.0, min=1011.0, max=1015.0); solved-tolerance=5.0
Goal box: +-1.800 m (1.5x segment-reachable; segment-reachable displacement = 1.200 m)
tube MPC: W half-widths [0. 0. 0. 0.], RPI s=0 alpha=0; Z half-widths (p_x, p_y, v_x, v_y) = [0. 0. 0. 0.]
  X0 (-) Z: p_x [-1.000, 11.000], p_y [-1.999, 1.999], |v| <= 1.200; V = U (-) KZ: |u| <= 2.500; K = [-7.613 -4.585] per axis
  4 obstacles, 132 binaries before fixing, max big-M 9.00; horizon N=10, stopping time 5 steps
num_envs=8 num_steps_per_env=256 batch_size=2048 num_updates=100 timesteps=204800
update=1 global_step=2048 SPS=122 m_ev=0.001 m_v_bias=42.3 m_kl_max=0.0021 mpc_ms=7.7/38 cand=0.000 return=-193.2 length=200 success_rate=0.00 collisions/ep=0.00 (n=8)
update=2 global_step=4096 SPS=130 m_ev=-0.805 m_v_bias=24.1 m_kl_max=0.0059 mpc_ms=6.9/28 cand=0.000 return=-190.3 length=200 success_rate=0.00 collisions/ep=0.00 (n=8)
update=3 global_step=6144 SPS=133 m_ev=-0.218 m_v_bias=11.0 m_kl_max=0.0285 mpc_ms=6.8/44 cand=0.000 return=-182.5 length=200 success_rate=0.00 collisions/ep=0.00 (n=8)
update=4 global_step=8192 SPS=130 m_ev=-0.049 m_v_bias=6.9 m_kl_max=0.0694 mpc_ms=7.7/40 cand=0.000 return=-181.5 length=200 success_rate=0.00 collisions/ep=0.00 (n=16)
update=5 global_step=10240 SPS=127 m_ev=0.259 m_v_bias=-0.2 m_kl_max=0.0439 mpc_ms=8.3/54 cand=0.000 return=-156.4 length=200 success_rate=0.00 collisions/ep=0.00 (n=8)
Evaluation at update 5: return=-138.64, length=200.00, success_rate=0.00, collisions/ep=0.00
Solved-check at update 5: solved=False worst_gap=1162.96 at p_x0=2.00 p_y0=-1.00 (consecutive=0)
update=6 global_step=12288 SPS=68 m_ev=0.686 m_v_bias=-0.4 m_kl_max=0.0317 mpc_ms=8.5/48 cand=0.000 return=-147.5 length=200 success_rate=0.00 collisions/ep=0.00 (n=8)
update=7 global_step=14336 SPS=73 m_ev=0.822 m_v_bias=0.9 m_kl_max=0.0592 mpc_ms=7.9/47 cand=0.000 return=-149.4 length=200 success_rate=0.00 collisions/ep=0.00 (n=8)
update=8 global_step=16384 SPS=77 m_ev=0.909 m_v_bias=-1.4 m_kl_max=0.0528 mpc_ms=7.8/61 cand=0.000 return=-140.4 length=200 success_rate=0.00 collisions/ep=0.00 (n=16)
update=9 global_step=18432 SPS=80 m_ev=0.942 m_v_bias=-0.3 m_kl_max=0.0314 mpc_ms=7.6/46 cand=0.000 w_ax@goal=-1.55 return=-137.2 length=200 success_rate=0.00 collisions/ep=0.00 (n=8)
update=10 global_step=20480 SPS=83 m_ev=0.945 m_v_bias=0.2 m_kl_max=0.0294 mpc_ms=7.7/44 cand=0.000 w_ax@goal=-1.23 return=-138.1 length=200 success_rate=0.00 collisions/ep=0.00 (n=8)
Evaluation at update 10: return=-146.14, length=200.00, success_rate=0.00, collisions/ep=0.00
Solved-check at update 10: solved=False worst_gap=1191.02 at p_x0=2.00 p_y0=1.00 (consecutive=0)
update=11 global_step=22528 SPS=54 m_ev=0.977 m_v_bias=0.1 m_kl_max=0.0458 mpc_ms=7.1/63 cand=0.000 return=-140.5 length=200 success_rate=0.00 collisions/ep=0.00 (n=16)
update=12 global_step=24576 SPS=56 m_ev=0.958 m_v_bias=-1.0 m_kl_max=0.0217 mpc_ms=8.1/44 cand=0.000 w_ax@goal=-1.39 return=-135.0 length=200 success_rate=0.00 collisions/ep=0.00 (n=8)
update=13 global_step=26624 SPS=59 m_ev=-0.024 m_v_bias=-18.4 m_kl_max=0.0042 mpc_ms=7.2/64 cand=0.000 w_ax@goal=-0.19 return=-10.9 length=189 success_rate=0.11 collisions/ep=0.00 (n=9)
update=14 global_step=28672 SPS=61 m_ev=0.096 m_v_bias=-30.2 m_kl_max=0.0166 mpc_ms=7.6/51 cand=0.000 w_ax@goal=-0.15 return=-16.9 length=192 success_rate=0.11 collisions/ep=0.00 (n=9)
update=15 global_step=30720 SPS=63 m_ev=0.186 m_v_bias=-173.3 m_kl_max=0.0175 mpc_ms=7.8/67 cand=0.000 w_ax@goal=-0.32 return=368.3 length=173 success_rate=0.47 collisions/ep=0.00 (n=15)
Evaluation at update 15: return=-138.64, length=200.00, success_rate=0.00, collisions/ep=0.00
Solved-check at update 15: solved=False worst_gap=1161.02 at p_x0=2.00 p_y0=-0.50 (consecutive=0)
update=16 global_step=32768 SPS=58 m_ev=0.443 m_v_bias=-31.6 m_kl_max=0.0079 mpc_ms=7.5/48 cand=0.000 w_ax@goal=+0.09 return=250.8 length=188 success_rate=0.36 collisions/ep=0.00 (n=11)
update=17 global_step=34816 SPS=59 m_ev=0.516 m_v_bias=-91.8 m_kl_max=0.0388 mpc_ms=8.4/51 cand=0.000 w_ax@goal=-0.28 return=581.9 length=166 success_rate=0.67 collisions/ep=0.00 (n=12)
update=18 global_step=36864 SPS=61 m_ev=0.632 m_v_bias=-89.4 m_kl_max=0.0345 mpc_ms=7.7/41 cand=0.000 w_ax@goal=-0.14 return=523.5 length=157 success_rate=0.60 collisions/ep=0.00 (n=15)
update=19 global_step=38912 SPS=63 m_ev=0.539 m_v_bias=-17.9 m_kl_max=0.0197 mpc_ms=8.0/48 cand=0.000 w_ax@goal=-0.06 return=766.0 length=140 success_rate=0.82 collisions/ep=0.00 (n=11)
update=20 global_step=40960 SPS=64 m_ev=0.649 m_v_bias=54.7 m_kl_max=0.0089 mpc_ms=7.5/54 cand=0.000 w_ax@goal=-0.12 return=453.8 length=160 success_rate=0.54 collisions/ep=0.00 (n=13)
Evaluation at update 20: return=-109.39, length=193.85, success_rate=0.05, collisions/ep=0.00
Solved-check at update 20: solved=False worst_gap=1191.02 at p_x0=2.00 p_y0=-1.00 (consecutive=0)
update=21 global_step=43008 SPS=61 m_ev=0.706 m_v_bias=34.2 m_kl_max=0.0322 mpc_ms=7.2/50 cand=0.000 w_ax@goal=-0.12 return=277.6 length=168 success_rate=0.38 collisions/ep=0.00 (n=13)
update=22 global_step=45056 SPS=62 m_ev=0.800 m_v_bias=16.4 m_kl_max=0.0416 mpc_ms=7.4/50 cand=0.000 w_ax@goal=-0.09 return=277.9 length=169 success_rate=0.38 collisions/ep=0.00 (n=13)
update=23 global_step=47104 SPS=64 m_ev=0.852 m_v_bias=-40.5 m_kl_max=0.0144 mpc_ms=7.7/47 cand=0.000 w_ax@goal=-0.10 return=818.1 length=130 success_rate=0.87 collisions/ep=0.00 (n=15)
update=24 global_step=49152 SPS=65 m_ev=0.704 m_v_bias=27.0 m_kl_max=0.0071 mpc_ms=7.9/54 cand=0.000 w_ax@goal=+0.03 return=757.8 length=141 success_rate=0.81 collisions/ep=0.00 (n=16)
update=25 global_step=51200 SPS=66 m_ev=0.813 m_v_bias=-15.4 m_kl_max=0.0107 mpc_ms=7.9/51 cand=0.000 w_ax@goal=-0.02 return=873.3 length=142 success_rate=0.93 collisions/ep=0.00 (n=14)
Evaluation at update 25: return=768.54, length=119.45, success_rate=0.80, collisions/ep=0.00
Solved-check at update 25: solved=False worst_gap=1175.76 at p_x0=2.00 p_y0=-1.00 (consecutive=0)
update=26 global_step=53248 SPS=60 m_ev=0.803 m_v_bias=-19.8 m_kl_max=0.0100 mpc_ms=8.3/49 cand=0.000 w_ax@goal=+0.07 return=832.8 length=129 success_rate=0.88 collisions/ep=0.00 (n=16)
update=27 global_step=55296 SPS=62 m_ev=0.726 m_v_bias=-29.8 m_kl_max=0.0089 mpc_ms=7.7/47 cand=0.000 w_ax@goal=-0.09 return=920.1 length=114 success_rate=0.94 collisions/ep=0.00 (n=18)
update=28 global_step=57344 SPS=63 m_ev=0.800 m_v_bias=1.4 m_kl_max=0.0123 mpc_ms=8.6/63 cand=0.000 w_ax@goal=+0.08 return=916.8 length=122 success_rate=0.95 collisions/ep=0.00 (n=19)
update=29 global_step=59392 SPS=64 m_ev=0.862 m_v_bias=-15.5 m_kl_max=0.0036 mpc_ms=8.0/48 cand=0.000 w_ax@goal=+0.10 return=992.2 length=99 success_rate=1.00 collisions/ep=0.00 (n=18)
update=30 global_step=61440 SPS=65 m_ev=0.847 m_v_bias=-3.1 m_kl_max=0.0109 mpc_ms=8.4/50 cand=0.000 w_ax@goal=-0.07 return=985.9 length=106 success_rate=1.00 collisions/ep=0.00 (n=21)
Evaluation at update 30: return=1010.62, length=82.30, success_rate=1.00, collisions/ep=0.00
Solved-check at update 30: solved=False worst_gap=8.21 at p_x0=2.00 p_y0=-1.00 (consecutive=0)
update=31 global_step=63488 SPS=64 m_ev=0.906 m_v_bias=-12.5 m_kl_max=0.0090 mpc_ms=7.9/42 cand=0.000 w_ax@goal=-0.05 return=990.0 length=101 success_rate=1.00 collisions/ep=0.00 (n=20)
update=32 global_step=65536 SPS=64 m_ev=0.934 m_v_bias=-3.9 m_kl_max=0.0138 mpc_ms=8.0/55 cand=0.000 w_ax@goal=-0.04 return=999.4 length=91 success_rate=1.00 collisions/ep=0.00 (n=22)
update=33 global_step=67584 SPS=65 m_ev=0.899 m_v_bias=11.5 m_kl_max=0.0099 mpc_ms=8.2/61 cand=0.000 w_ax@goal=-0.08 return=988.0 length=105 success_rate=1.00 collisions/ep=0.00 (n=21)
update=34 global_step=69632 SPS=66 m_ev=0.945 m_v_bias=-17.8 m_kl_max=0.0216 mpc_ms=8.1/49 cand=0.000 w_ax@goal=+0.09 return=998.2 length=93 success_rate=1.00 collisions/ep=0.00 (n=22)
update=35 global_step=71680 SPS=67 m_ev=0.953 m_v_bias=4.5 m_kl_max=0.0248 mpc_ms=8.7/52 cand=0.000 w_ax@goal=-0.02 return=1001.0 length=91 success_rate=1.00 collisions/ep=0.00 (n=21)
Evaluation at update 35: return=1012.03, length=80.85, success_rate=1.00, collisions/ep=0.00
Solved-check at update 35: solved=True worst_gap=1.68 at p_x0=0.00 p_y0=1.00 (consecutive=0)
update=36 global_step=73728 SPS=66 m_ev=0.968 m_v_bias=-10.1 m_kl_max=0.0072 mpc_ms=7.7/65 cand=0.000 w_ax@goal=-0.02 return=1002.1 length=90 success_rate=1.00 collisions/ep=0.00 (n=24)
update=37 global_step=75776 SPS=67 m_ev=0.937 m_v_bias=5.6 m_kl_max=0.0133 mpc_ms=7.7/50 cand=0.000 w_ax@goal=-0.03 return=1000.3 length=91 success_rate=1.00 collisions/ep=0.00 (n=22)
update=38 global_step=77824 SPS=68 m_ev=0.961 m_v_bias=-10.2 m_kl_max=0.0115 mpc_ms=7.9/67 cand=0.000 w_ax@goal=-0.03 return=1006.2 length=86 success_rate=1.00 collisions/ep=0.00 (n=23)
update=39 global_step=79872 SPS=68 m_ev=0.968 m_v_bias=0.3 m_kl_max=0.0132 mpc_ms=7.7/51 cand=0.000 w_ax@goal=-0.04 return=1001.2 length=90 success_rate=1.00 collisions/ep=0.00 (n=22)
update=40 global_step=81920 SPS=69 m_ev=0.958 m_v_bias=10.6 m_kl_max=0.0157 mpc_ms=8.0/45 cand=0.000 w_ax@goal=+0.02 return=1002.9 length=89 success_rate=1.00 collisions/ep=0.00 (n=24)
Evaluation at update 40: return=1012.35, length=80.55, success_rate=1.00, collisions/ep=0.00
Solved-check at update 40: solved=True worst_gap=1.27 at p_x0=0.00 p_y0=1.00 (consecutive=1)
Solved criterion held for 2 consecutive evals (tolerance=5.0) at global_step=81920.
update=41 global_step=83968 SPS=68 m_ev=0.972 m_v_bias=-15.3 m_kl_max=0.0052 mpc_ms=7.5/41 cand=0.000 w_ax@goal=+0.03 return=1005.8 length=86 success_rate=1.00 collisions/ep=0.00 (n=24)
update=42 global_step=86016 SPS=69 m_ev=0.969 m_v_bias=1.3 m_kl_max=0.0164 mpc_ms=8.0/40 cand=0.000 w_ax@goal=-0.02 return=1004.5 length=87 success_rate=1.00 collisions/ep=0.00 (n=24)
update=43 global_step=88064 SPS=70 m_ev=0.980 m_v_bias=-4.1 m_kl_max=0.0131 mpc_ms=7.6/45 cand=0.000 w_ax@goal=+0.02 return=1006.0 length=86 success_rate=1.00 collisions/ep=0.00 (n=24)
update=44 global_step=90112 SPS=70 m_ev=0.982 m_v_bias=-3.9 m_kl_max=0.0173 mpc_ms=7.3/61 cand=0.000 w_ax@goal=-0.03 return=1007.8 length=84 success_rate=1.00 collisions/ep=0.00 (n=24)
update=45 global_step=92160 SPS=71 m_ev=0.959 m_v_bias=9.5 m_kl_max=0.0256 mpc_ms=7.5/46 cand=0.000 w_ax@goal=+0.04 return=1004.1 length=87 success_rate=1.00 collisions/ep=0.00 (n=24)
Evaluation at update 45: return=1012.66, length=80.25, success_rate=1.00, collisions/ep=0.00
Solved-check at update 45: solved=True worst_gap=0.89 at p_x0=0.50 p_y0=1.00 (consecutive=2)
update=46 global_step=94208 SPS=70 m_ev=0.966 m_v_bias=-5.5 m_kl_max=0.0104 mpc_ms=7.5/50 cand=0.000 w_ax@goal=+0.01 return=1005.0 length=87 success_rate=1.00 collisions/ep=0.00 (n=24)
update=47 global_step=96256 SPS=71 m_ev=0.978 m_v_bias=-6.5 m_kl_max=0.0137 mpc_ms=7.5/43 cand=0.000 w_ax@goal=+0.04 return=1007.4 length=84 success_rate=1.00 collisions/ep=0.00 (n=24)
update=48 global_step=98304 SPS=72 m_ev=0.984 m_v_bias=-4.6 m_kl_max=0.0061 mpc_ms=7.5/46 cand=0.000 w_ax@goal=-0.02 return=1008.1 length=84 success_rate=1.00 collisions/ep=0.00 (n=24)
update=49 global_step=100352 SPS=72 m_ev=0.990 m_v_bias=-2.2 m_kl_max=0.0134 mpc_ms=7.1/37 cand=0.000 w_ax@goal=+0.01 return=1009.0 length=82 success_rate=1.00 collisions/ep=0.00 (n=24)
update=50 global_step=102400 SPS=73 m_ev=0.970 m_v_bias=2.7 m_kl_max=0.0207 mpc_ms=7.4/37 cand=0.000 w_ax@goal=+0.03 return=1008.0 length=84 success_rate=1.00 collisions/ep=0.00 (n=24)
Evaluation at update 50: return=1012.86, length=80.15, success_rate=1.00, collisions/ep=0.00
Solved-check at update 50: solved=True worst_gap=0.86 at p_x0=0.00 p_y0=-1.00 (consecutive=3)
update=51 global_step=104448 SPS=72 m_ev=0.991 m_v_bias=-4.2 m_kl_max=0.0181 mpc_ms=7.4/48 cand=0.000 w_ax@goal=+0.03 return=1009.8 length=81 success_rate=1.00 collisions/ep=0.00 (n=26)
update=52 global_step=106496 SPS=73 m_ev=0.991 m_v_bias=0.5 m_kl_max=0.0144 mpc_ms=7.3/50 cand=0.000 w_ax@goal=-0.00 return=1010.0 length=82 success_rate=1.00 collisions/ep=0.00 (n=26)
update=53 global_step=108544 SPS=73 m_ev=0.985 m_v_bias=1.7 m_kl_max=0.0065 mpc_ms=7.1/41 cand=0.000 w_ax@goal=-0.04 return=1008.7 length=83 success_rate=1.00 collisions/ep=0.00 (n=25)
update=54 global_step=110592 SPS=74 m_ev=0.982 m_v_bias=-1.0 m_kl_max=0.0177 mpc_ms=7.2/47 cand=0.000 w_ax@goal=-0.01 return=1009.5 length=82 success_rate=1.00 collisions/ep=0.00 (n=27)
update=55 global_step=112640 SPS=75 m_ev=0.991 m_v_bias=-3.7 m_kl_max=0.0228 mpc_ms=7.1/41 cand=0.000 w_ax@goal=-0.03 return=1010.6 length=81 success_rate=1.00 collisions/ep=0.00 (n=24)
Evaluation at update 55: return=1013.04, length=79.85, success_rate=1.00, collisions/ep=0.00
Solved-check at update 55: solved=True worst_gap=0.62 at p_x0=0.00 p_y0=-1.00 (consecutive=4)
update=56 global_step=114688 SPS=74 m_ev=0.988 m_v_bias=-2.8 m_kl_max=0.0148 mpc_ms=7.5/57 cand=0.000 w_ax@goal=-0.03 return=1010.4 length=81 success_rate=1.00 collisions/ep=0.00 (n=24)
update=57 global_step=116736 SPS=74 m_ev=0.988 m_v_bias=1.1 m_kl_max=0.0088 mpc_ms=7.6/50 cand=0.000 w_ax@goal=+0.06 return=1010.0 length=82 success_rate=1.00 collisions/ep=0.00 (n=24)
update=58 global_step=118784 SPS=75 m_ev=0.992 m_v_bias=0.2 m_kl_max=0.0143 mpc_ms=7.3/44 cand=0.000 w_ax@goal=-0.01 return=1010.8 length=81 success_rate=1.00 collisions/ep=0.00 (n=24)
update=59 global_step=120832 SPS=75 m_ev=0.993 m_v_bias=-1.0 m_kl_max=0.0088 mpc_ms=7.6/42 cand=0.000 w_ax@goal=+0.01 return=1010.2 length=82 success_rate=1.00 collisions/ep=0.00 (n=28)
update=60 global_step=122880 SPS=76 m_ev=0.989 m_v_bias=1.2 m_kl_max=0.0058 mpc_ms=7.4/47 cand=0.000 w_ax@goal=+0.05 return=1010.3 length=81 success_rate=1.00 collisions/ep=0.00 (n=28)
Evaluation at update 60: return=1013.17, length=79.75, success_rate=1.00, collisions/ep=0.00
Solved-check at update 60: solved=True worst_gap=0.46 at p_x0=0.00 p_y0=-1.00 (consecutive=5)
update=61 global_step=124928 SPS=75 m_ev=0.995 m_v_bias=-2.8 m_kl_max=0.0105 mpc_ms=7.4/42 cand=0.000 w_ax@goal=-0.02 return=1011.2 length=80 success_rate=1.00 collisions/ep=0.00 (n=24)
update=62 global_step=126976 SPS=76 m_ev=0.994 m_v_bias=0.9 m_kl_max=0.0069 mpc_ms=7.6/51 cand=0.000 w_ax@goal=-0.00 return=1010.6 length=81 success_rate=1.00 collisions/ep=0.00 (n=24)
update=63 global_step=129024 SPS=76 m_ev=0.990 m_v_bias=-1.1 m_kl_max=0.0184 mpc_ms=7.2/56 cand=0.000 w_ax@goal=+0.01 return=1011.6 length=80 success_rate=1.00 collisions/ep=0.00 (n=24)
update=64 global_step=131072 SPS=77 m_ev=0.991 m_v_bias=1.6 m_kl_max=0.0142 mpc_ms=7.2/77 cand=0.000 w_ax@goal=-0.02 return=1010.1 length=82 success_rate=1.00 collisions/ep=0.00 (n=24)
update=65 global_step=133120 SPS=77 m_ev=0.995 m_v_bias=0.1 m_kl_max=0.0068 mpc_ms=7.0/39 cand=0.000 w_ax@goal=+0.01 return=1011.7 length=80 success_rate=1.00 collisions/ep=0.00 (n=29)
Evaluation at update 65: return=1013.33, length=79.65, success_rate=1.00, collisions/ep=0.00
Solved-check at update 65: solved=True worst_gap=0.28 at p_x0=0.00 p_y0=-1.00 (consecutive=6)
update=66 global_step=135168 SPS=76 m_ev=0.991 m_v_bias=1.3 m_kl_max=0.0057 mpc_ms=7.3/43 cand=0.000 w_ax@goal=-0.04 return=1012.2 length=79 success_rate=1.00 collisions/ep=0.00 (n=26)
update=67 global_step=137216 SPS=77 m_ev=0.988 m_v_bias=1.6 m_kl_max=0.0143 mpc_ms=7.2/42 cand=0.000 w_ax@goal=+0.00 return=1010.2 length=82 success_rate=1.00 collisions/ep=0.00 (n=25)
update=68 global_step=139264 SPS=77 m_ev=0.996 m_v_bias=-3.6 m_kl_max=0.0098 mpc_ms=7.1/43 cand=0.000 w_ax@goal=+0.01 return=1011.8 length=80 success_rate=1.00 collisions/ep=0.00 (n=24)
update=69 global_step=141312 SPS=78 m_ev=0.986 m_v_bias=1.3 m_kl_max=0.0184 mpc_ms=6.9/46 cand=0.000 w_ax@goal=+0.01 return=1010.9 length=81 success_rate=1.00 collisions/ep=0.00 (n=24)
update=70 global_step=143360 SPS=78 m_ev=0.992 m_v_bias=1.1 m_kl_max=0.0083 mpc_ms=6.9/36 cand=0.000 w_ax@goal=-0.05 return=1011.3 length=80 success_rate=1.00 collisions/ep=0.00 (n=26)
Evaluation at update 70: return=1013.40, length=79.60, success_rate=1.00, collisions/ep=0.00
Solved-check at update 70: solved=True worst_gap=0.18 at p_x0=0.00 p_y0=-1.00 (consecutive=7)
update=71 global_step=145408 SPS=78 m_ev=0.997 m_v_bias=-3.1 m_kl_max=0.0080 mpc_ms=7.1/33 cand=0.000 w_ax@goal=-0.00 return=1012.1 length=80 success_rate=1.00 collisions/ep=0.00 (n=30)
update=72 global_step=147456 SPS=78 m_ev=0.996 m_v_bias=0.5 m_kl_max=0.0254 mpc_ms=7.1/37 cand=0.000 w_ax@goal=+0.00 return=1011.9 length=80 success_rate=1.00 collisions/ep=0.00 (n=24)
update=73 global_step=149504 SPS=79 m_ev=0.998 m_v_bias=-2.5 m_kl_max=0.0257 mpc_ms=7.1/45 cand=0.000 w_ax@goal=+0.00 return=1012.1 length=79 success_rate=1.00 collisions/ep=0.00 (n=24)
update=74 global_step=151552 SPS=79 m_ev=0.998 m_v_bias=-1.0 m_kl_max=0.0146 mpc_ms=7.0/37 cand=0.000 w_ax@goal=-0.01 return=1012.2 length=79 success_rate=1.00 collisions/ep=0.00 (n=24)
update=75 global_step=153600 SPS=79 m_ev=0.995 m_v_bias=3.0 m_kl_max=0.0091 mpc_ms=7.2/34 cand=0.000 w_ax@goal=-0.01 return=1012.2 length=79 success_rate=1.00 collisions/ep=0.00 (n=29)
Evaluation at update 75: return=1013.47, length=79.55, success_rate=1.00, collisions/ep=0.00
Solved-check at update 75: solved=True worst_gap=0.11 at p_x0=0.00 p_y0=-1.00 (consecutive=8)
update=76 global_step=155648 SPS=79 m_ev=0.998 m_v_bias=-1.5 m_kl_max=0.0218 mpc_ms=7.3/33 cand=0.000 w_ax@goal=-0.03 return=1012.1 length=80 success_rate=1.00 collisions/ep=0.00 (n=27)
update=77 global_step=157696 SPS=79 m_ev=0.998 m_v_bias=-1.8 m_kl_max=0.0169 mpc_ms=6.9/47 cand=0.000 w_ax@goal=+0.02 return=1012.5 length=79 success_rate=1.00 collisions/ep=0.00 (n=24)
update=78 global_step=159744 SPS=80 m_ev=0.988 m_v_bias=4.4 m_kl_max=0.0104 mpc_ms=7.3/47 cand=0.000 w_ax@goal=+0.04 return=1011.3 length=80 success_rate=1.00 collisions/ep=0.00 (n=24)
update=79 global_step=161792 SPS=80 m_ev=0.996 m_v_bias=-3.2 m_kl_max=0.0079 mpc_ms=7.1/50 cand=0.000 w_ax@goal=-0.01 return=1012.5 length=79 success_rate=1.00 collisions/ep=0.00 (n=26)
update=80 global_step=163840 SPS=80 m_ev=0.998 m_v_bias=-1.2 m_kl_max=0.0046 mpc_ms=7.0/41 cand=0.000 w_ax@goal=+0.00 return=1012.8 length=79 success_rate=1.00 collisions/ep=0.00 (n=30)
Evaluation at update 80: return=1013.51, length=79.55, success_rate=1.00, collisions/ep=0.00
Solved-check at update 80: solved=True worst_gap=0.07 at p_x0=0.00 p_y0=-1.00 (consecutive=9)
update=81 global_step=165888 SPS=80 m_ev=0.993 m_v_bias=2.7 m_kl_max=0.0153 mpc_ms=7.4/47 cand=0.000 w_ax@goal=-0.03 return=1011.4 length=80 success_rate=1.00 collisions/ep=0.00 (n=24)
update=82 global_step=167936 SPS=80 m_ev=0.998 m_v_bias=-3.4 m_kl_max=0.0113 mpc_ms=7.5/43 cand=0.000 w_ax@goal=+0.01 return=1012.7 length=79 success_rate=1.00 collisions/ep=0.00 (n=24)
update=83 global_step=169984 SPS=80 m_ev=0.999 m_v_bias=-2.5 m_kl_max=0.0066 mpc_ms=7.2/40 cand=0.000 w_ax@goal=-0.00 return=1012.9 length=78 success_rate=1.00 collisions/ep=0.00 (n=24)
update=84 global_step=172032 SPS=81 m_ev=0.999 m_v_bias=0.5 m_kl_max=0.0084 mpc_ms=7.2/39 cand=0.000 w_ax@goal=-0.00 return=1013.0 length=79 success_rate=1.00 collisions/ep=0.00 (n=32)
update=85 global_step=174080 SPS=81 m_ev=0.992 m_v_bias=3.1 m_kl_max=0.0116 mpc_ms=7.1/41 cand=0.000 w_ax@goal=-0.01 return=1011.8 length=80 success_rate=1.00 collisions/ep=0.00 (n=24)
Evaluation at update 85: return=1013.54, length=79.55, success_rate=1.00, collisions/ep=0.00
Solved-check at update 85: solved=True worst_gap=0.03 at p_x0=0.00 p_y0=-1.00 (consecutive=10)
update=86 global_step=176128 SPS=81 m_ev=0.996 m_v_bias=-2.6 m_kl_max=0.0153 mpc_ms=6.6/26 cand=0.000 w_ax@goal=-0.00 return=1012.1 length=80 success_rate=1.00 collisions/ep=0.00 (n=24)
update=87 global_step=178176 SPS=81 m_ev=0.999 m_v_bias=-1.6 m_kl_max=0.0084 mpc_ms=6.3/44 cand=0.000 w_ax@goal=-0.02 return=1012.7 length=79 success_rate=1.00 collisions/ep=0.00 (n=24)
update=88 global_step=180224 SPS=81 m_ev=0.996 m_v_bias=1.5 m_kl_max=0.0079 mpc_ms=6.3/43 cand=0.000 w_ax@goal=+0.00 return=1012.1 length=79 success_rate=1.00 collisions/ep=0.00 (n=29)
update=89 global_step=182272 SPS=82 m_ev=0.981 m_v_bias=2.8 m_kl_max=0.0301 mpc_ms=6.1/34 cand=0.000 w_ax@goal=-0.01 return=1010.8 length=81 success_rate=1.00 collisions/ep=0.00 (n=26)
update=90 global_step=184320 SPS=82 m_ev=0.996 m_v_bias=-0.8 m_kl_max=0.0175 mpc_ms=6.0/26 cand=0.000 w_ax@goal=+0.00 return=1012.6 length=79 success_rate=1.00 collisions/ep=0.00 (n=25)
Evaluation at update 90: return=1013.55, length=79.55, success_rate=1.00, collisions/ep=0.00
Solved-check at update 90: solved=True worst_gap=0.01 at p_x0=0.00 p_y0=-1.00 (consecutive=11)
update=91 global_step=186368 SPS=82 m_ev=0.997 m_v_bias=2.2 m_kl_max=0.0094 mpc_ms=5.6/37 cand=0.000 w_ax@goal=+0.02 return=1012.6 length=79 success_rate=1.00 collisions/ep=0.00 (n=24)
update=92 global_step=188416 SPS=82 m_ev=0.999 m_v_bias=-0.2 m_kl_max=0.0152 mpc_ms=5.7/36 cand=0.000 w_ax@goal=-0.00 return=1013.2 length=78 success_rate=1.00 collisions/ep=0.00 (n=26)
update=93 global_step=190464 SPS=83 m_ev=0.998 m_v_bias=-0.4 m_kl_max=0.0192 mpc_ms=5.5/32 cand=0.000 w_ax@goal=-0.01 return=1012.7 length=79 success_rate=1.00 collisions/ep=0.00 (n=30)
update=94 global_step=192512 SPS=83 m_ev=0.996 m_v_bias=1.9 m_kl_max=0.0284 mpc_ms=5.4/33 cand=0.000 w_ax@goal=+0.01 return=1012.0 length=79 success_rate=1.00 collisions/ep=0.00 (n=24)
update=95 global_step=194560 SPS=84 m_ev=0.997 m_v_bias=-1.2 m_kl_max=0.0153 mpc_ms=5.2/37 cand=0.000 w_ax@goal=-0.01 return=1013.1 length=79 success_rate=1.00 collisions/ep=0.00 (n=24)
Evaluation at update 95: return=1013.58, length=79.50, success_rate=1.00, collisions/ep=0.00
Solved-check at update 95: solved=True worst_gap=-0.02 at p_x0=0.00 p_y0=-1.00 (consecutive=12)
update=96 global_step=196608 SPS=83 m_ev=0.993 m_v_bias=1.5 m_kl_max=0.0051 mpc_ms=4.9/39 cand=0.000 w_ax@goal=+0.01 return=1011.9 length=80 success_rate=1.00 collisions/ep=0.00 (n=24)
update=97 global_step=198656 SPS=84 m_ev=0.999 m_v_bias=-4.0 m_kl_max=0.0069 mpc_ms=4.7/31 cand=0.000 w_ax@goal=+0.00 return=1012.5 length=79 success_rate=1.00 collisions/ep=0.00 (n=32)
update=98 global_step=200704 SPS=84 m_ev=0.998 m_v_bias=0.0 m_kl_max=0.0262 mpc_ms=4.6/24 cand=0.000 w_ax@goal=+0.00 return=1012.8 length=79 success_rate=1.00 collisions/ep=0.00 (n=24)
update=99 global_step=202752 SPS=85 m_ev=0.995 m_v_bias=0.7 m_kl_max=0.0243 mpc_ms=4.4/20 cand=0.000 w_ax@goal=+0.03 return=1012.5 length=79 success_rate=1.00 collisions/ep=0.00 (n=24)
update=100 global_step=204800 SPS=86 m_ev=0.996 m_v_bias=-1.1 m_kl_max=0.0111 mpc_ms=4.4/25 cand=0.000 w_ax@goal=+0.01 return=1011.9 length=80 success_rate=1.00 collisions/ep=0.00 (n=24)
Evaluation at update 100: return=1013.59, length=79.45, success_rate=1.00, collisions/ep=0.00
Solved-check at update 100: solved=True worst_gap=-0.04 at p_x0=0.00 p_y0=-1.00 (consecutive=13)
Saved checkpoints to C:\Users\loren\Desktop\MASTER THESIS\5_CODE\scenarios\slalom\studies\init_sampler\ppo_mpc_sobol\runs\ppo_mpc_slalom_17_1791041894
