Using device: cpu
Solved-check: precomputed optimal returns for 25 fixed initial conditions (mean=1013.0, min=1011.0, max=1015.0); solved-tolerance=5.0
Goal box: +-1.800 m (1.5x segment-reachable; segment-reachable displacement = 1.200 m)
tube MPC: W half-widths [0. 0. 0. 0.], RPI s=0 alpha=0; Z half-widths (p_x, p_y, v_x, v_y) = [0. 0. 0. 0.]
  X0 (-) Z: p_x [-1.000, 11.000], p_y [-1.999, 1.999], |v| <= 1.200; V = U (-) KZ: |u| <= 2.500; K = [-7.613 -4.585] per axis
  4 obstacles, 132 binaries before fixing, max big-M 9.00; horizon N=10, stopping time 5 steps
num_envs=8 num_steps_per_env=256 batch_size=2048 num_updates=100 timesteps=204800
update=1 global_step=2048 SPS=152 m_ev=-0.000 m_v_bias=42.7 m_kl_max=0.0054 mpc_ms=6.2/37 cand=0.000 return=-197.1 length=200 success_rate=0.00 collisions/ep=0.00 (n=8)
update=2 global_step=4096 SPS=153 m_ev=-0.742 m_v_bias=24.3 m_kl_max=0.0107 mpc_ms=6.2/38 cand=0.000 return=-203.2 length=200 success_rate=0.00 collisions/ep=0.00 (n=8)
update=3 global_step=6144 SPS=151 m_ev=-0.407 m_v_bias=11.3 m_kl_max=0.0366 mpc_ms=6.5/43 cand=0.000 return=-189.7 length=200 success_rate=0.00 collisions/ep=0.00 (n=8)
update=4 global_step=8192 SPS=149 m_ev=-0.056 m_v_bias=6.2 m_kl_max=0.0419 mpc_ms=6.6/42 cand=0.000 return=-169.9 length=200 success_rate=0.00 collisions/ep=0.00 (n=16)
update=5 global_step=10240 SPS=147 m_ev=0.147 m_v_bias=2.1 m_kl_max=0.0474 mpc_ms=6.9/44 cand=0.000 return=-159.1 length=200 success_rate=0.00 collisions/ep=0.00 (n=8)
Evaluation at update 5: return=-141.48, length=200.00, success_rate=0.00, collisions/ep=0.00
Solved-check at update 5: solved=False worst_gap=1175.02 at p_x0=0.00 p_y0=1.00 (consecutive=0)
update=6 global_step=12288 SPS=82 m_ev=0.464 m_v_bias=-1.6 m_kl_max=0.0417 mpc_ms=6.7/36 cand=0.000 return=-147.0 length=200 success_rate=0.00 collisions/ep=0.00 (n=8)
update=7 global_step=14336 SPS=87 m_ev=0.858 m_v_bias=1.4 m_kl_max=0.0286 mpc_ms=7.3/48 cand=0.000 w_ax@goal=-1.32 return=-142.6 length=200 success_rate=0.00 collisions/ep=0.00 (n=8)
update=8 global_step=16384 SPS=91 m_ev=0.903 m_v_bias=2.4 m_kl_max=0.0289 mpc_ms=7.0/49 cand=0.000 return=-143.1 length=200 success_rate=0.00 collisions/ep=0.00 (n=16)
update=9 global_step=18432 SPS=94 m_ev=0.881 m_v_bias=0.4 m_kl_max=0.0406 mpc_ms=7.5/45 cand=0.000 w_ax@goal=-0.83 return=-142.9 length=200 success_rate=0.00 collisions/ep=0.00 (n=8)
update=10 global_step=20480 SPS=97 m_ev=-0.025 m_v_bias=-36.0 m_kl_max=0.0063 mpc_ms=7.2/41 cand=0.000 w_ax@goal=-0.61 return=-11.1 length=195 success_rate=0.11 collisions/ep=0.00 (n=9)
Evaluation at update 10: return=-141.48, length=200.00, success_rate=0.00, collisions/ep=0.00
Solved-check at update 10: solved=False worst_gap=1161.02 at p_x0=2.00 p_y0=0.00 (consecutive=0)
update=11 global_step=22528 SPS=78 m_ev=-0.315 m_v_bias=-0.4 m_kl_max=0.0222 mpc_ms=7.4/42 cand=0.000 w_ax@goal=-0.88 return=-135.3 length=200 success_rate=0.00 collisions/ep=0.00 (n=15)
update=12 global_step=24576 SPS=80 m_ev=-0.888 m_v_bias=4.3 m_kl_max=0.0208 mpc_ms=8.1/50 cand=0.000 w_ax@goal=-0.68 return=-128.4 length=200 success_rate=0.00 collisions/ep=0.00 (n=8)
update=13 global_step=26624 SPS=82 m_ev=0.333 m_v_bias=2.8 m_kl_max=0.0210 mpc_ms=8.5/58 cand=0.000 w_ax@goal=-0.67 return=-129.3 length=200 success_rate=0.00 collisions/ep=0.00 (n=8)
update=14 global_step=28672 SPS=84 m_ev=-0.016 m_v_bias=-63.7 m_kl_max=0.0216 mpc_ms=7.8/52 cand=0.000 w_ax@goal=-0.62 return=133.7 length=184 success_rate=0.25 collisions/ep=0.00 (n=12)
update=15 global_step=30720 SPS=86 m_ev=0.051 m_v_bias=-157.9 m_kl_max=0.0228 mpc_ms=8.0/46 cand=0.000 w_ax@goal=-0.34 return=409.3 length=172 success_rate=0.50 collisions/ep=0.00 (n=14)
Evaluation at update 15: return=668.02, length=167.70, success_rate=0.75, collisions/ep=0.00
Solved-check at update 15: solved=False worst_gap=1178.08 at p_x0=2.00 p_y0=-1.00 (consecutive=0)
update=16 global_step=32768 SPS=65 m_ev=0.392 m_v_bias=-54.2 m_kl_max=0.0141 mpc_ms=9.9/70 cand=0.000 w_ax@goal=-0.46 return=462.9 length=159 success_rate=0.55 collisions/ep=0.00 (n=11)
update=17 global_step=34816 SPS=66 m_ev=0.622 m_v_bias=-62.5 m_kl_max=0.0192 mpc_ms=8.1/64 cand=0.000 w_ax@goal=-0.32 return=403.0 length=177 success_rate=0.50 collisions/ep=0.00 (n=12)
update=18 global_step=36864 SPS=68 m_ev=0.638 m_v_bias=6.8 m_kl_max=0.0149 mpc_ms=7.9/50 cand=0.000 w_ax@goal=+0.24 return=388.0 length=176 success_rate=0.50 collisions/ep=0.00 (n=12)
update=19 global_step=38912 SPS=70 m_ev=0.772 m_v_bias=-7.5 m_kl_max=0.0239 mpc_ms=8.0/49 cand=0.000 w_ax@goal=+0.02 return=485.3 length=171 success_rate=0.58 collisions/ep=0.00 (n=12)
update=20 global_step=40960 SPS=71 m_ev=0.749 m_v_bias=-63.7 m_kl_max=0.0177 mpc_ms=8.2/62 cand=0.000 w_ax@goal=-0.18 return=656.7 length=156 success_rate=0.73 collisions/ep=0.00 (n=15)
Evaluation at update 20: return=993.32, length=96.75, success_rate=1.00, collisions/ep=0.00
Solved-check at update 20: solved=False worst_gap=124.85 at p_x0=2.00 p_y0=-1.00 (consecutive=0)
update=21 global_step=43008 SPS=65 m_ev=0.793 m_v_bias=-11.8 m_kl_max=0.0226 mpc_ms=7.6/46 cand=0.000 w_ax@goal=-0.02 return=622.5 length=152 success_rate=0.69 collisions/ep=0.00 (n=13)
update=22 global_step=45056 SPS=66 m_ev=0.838 m_v_bias=-39.5 m_kl_max=0.0282 mpc_ms=9.7/70 cand=0.000 w_ax@goal=-0.05 return=897.6 length=133 success_rate=0.94 collisions/ep=0.00 (n=17)
update=23 global_step=47104 SPS=67 m_ev=0.808 m_v_bias=-17.3 m_kl_max=0.0206 mpc_ms=8.3/48 cand=0.000 w_ax@goal=-0.03 return=978.0 length=114 success_rate=1.00 collisions/ep=0.00 (n=18)
update=24 global_step=49152 SPS=69 m_ev=0.837 m_v_bias=-29.4 m_kl_max=0.0266 mpc_ms=7.2/48 cand=0.000 w_ax@goal=-0.06 return=988.4 length=102 success_rate=1.00 collisions/ep=0.00 (n=17)
update=25 global_step=51200 SPS=70 m_ev=0.913 m_v_bias=-16.2 m_kl_max=0.0089 mpc_ms=9.3/55 cand=0.000 w_ax@goal=-0.06 return=989.5 length=103 success_rate=1.00 collisions/ep=0.00 (n=20)
Evaluation at update 25: return=1009.34, length=80.75, success_rate=1.00, collisions/ep=0.00
Solved-check at update 25: solved=True worst_gap=4.81 at p_x0=0.00 p_y0=-1.00 (consecutive=0)
update=26 global_step=53248 SPS=67 m_ev=0.899 m_v_bias=4.1 m_kl_max=0.0202 mpc_ms=9.1/62 cand=0.000 w_ax@goal=+0.04 return=983.3 length=109 success_rate=1.00 collisions/ep=0.00 (n=20)
update=27 global_step=55296 SPS=68 m_ev=0.881 m_v_bias=1.0 m_kl_max=0.0100 mpc_ms=8.8/47 cand=0.000 w_ax@goal=+0.03 return=940.5 length=103 success_rate=0.95 collisions/ep=0.00 (n=21)
update=28 global_step=57344 SPS=69 m_ev=0.891 m_v_bias=2.2 m_kl_max=0.0105 mpc_ms=9.8/70 cand=0.000 w_ax@goal=-0.02 return=989.9 length=102 success_rate=1.00 collisions/ep=0.00 (n=20)
update=29 global_step=59392 SPS=70 m_ev=0.941 m_v_bias=-30.7 m_kl_max=0.0184 mpc_ms=9.1/71 cand=0.000 w_ax@goal=-0.07 return=1002.8 length=88 success_rate=1.00 collisions/ep=0.00 (n=23)
update=30 global_step=61440 SPS=71 m_ev=0.917 m_v_bias=12.1 m_kl_max=0.0071 mpc_ms=7.2/43 cand=0.000 w_ax@goal=+0.03 return=1002.1 length=89 success_rate=1.00 collisions/ep=0.00 (n=23)
Evaluation at update 30: return=1010.65, length=79.40, success_rate=1.00, collisions/ep=0.00
Solved-check at update 30: solved=True worst_gap=2.94 at p_x0=0.00 p_y0=-1.00 (consecutive=1)
Solved criterion held for 2 consecutive evals (tolerance=5.0) at global_step=61440.
update=31 global_step=63488 SPS=70 m_ev=0.954 m_v_bias=-11.9 m_kl_max=0.0070 mpc_ms=6.7/41 cand=0.000 w_ax@goal=+0.03 return=1000.0 length=92 success_rate=1.00 collisions/ep=0.00 (n=22)
update=32 global_step=65536 SPS=71 m_ev=0.960 m_v_bias=-2.8 m_kl_max=0.0117 mpc_ms=6.9/48 cand=0.000 w_ax@goal=-0.00 return=1006.4 length=86 success_rate=1.00 collisions/ep=0.00 (n=25)
update=33 global_step=67584 SPS=72 m_ev=0.971 m_v_bias=0.1 m_kl_max=0.0120 mpc_ms=7.2/46 cand=0.000 w_ax@goal=+0.08 return=1004.0 length=88 success_rate=1.00 collisions/ep=0.00 (n=23)
update=34 global_step=69632 SPS=72 m_ev=0.958 m_v_bias=3.4 m_kl_max=0.0122 mpc_ms=9.4/55 cand=0.000 w_ax@goal=-0.02 return=1004.3 length=87 success_rate=1.00 collisions/ep=0.00 (n=25)
update=35 global_step=71680 SPS=73 m_ev=0.938 m_v_bias=7.7 m_kl_max=0.0258 mpc_ms=7.3/46 cand=0.000 w_ax@goal=+0.07 return=1004.2 length=87 success_rate=1.00 collisions/ep=0.00 (n=23)
Evaluation at update 35: return=1011.80, length=78.30, success_rate=1.00, collisions/ep=0.00
Solved-check at update 35: solved=True worst_gap=1.59 at p_x0=0.00 p_y0=-1.00 (consecutive=2)
update=36 global_step=73728 SPS=71 m_ev=0.948 m_v_bias=7.9 m_kl_max=0.0081 mpc_ms=12.0/87 cand=0.000 w_ax@goal=+0.03 return=1004.1 length=88 success_rate=1.00 collisions/ep=0.00 (n=22)
update=37 global_step=75776 SPS=72 m_ev=0.961 m_v_bias=2.1 m_kl_max=0.0084 mpc_ms=10.0/78 cand=0.000 w_ax@goal=+0.00 return=1004.8 length=87 success_rate=1.00 collisions/ep=0.00 (n=24)
update=38 global_step=77824 SPS=73 m_ev=0.977 m_v_bias=-11.1 m_kl_max=0.0062 mpc_ms=8.1/78 cand=0.000 w_ax@goal=+0.04 return=1006.9 length=84 success_rate=1.00 collisions/ep=0.00 (n=24)
update=39 global_step=79872 SPS=73 m_ev=0.971 m_v_bias=2.8 m_kl_max=0.0289 mpc_ms=8.8/54 cand=0.000 w_ax@goal=-0.02 return=1007.0 length=85 success_rate=1.00 collisions/ep=0.00 (n=24)
update=40 global_step=81920 SPS=74 m_ev=0.958 m_v_bias=4.9 m_kl_max=0.0101 mpc_ms=6.6/47 cand=0.000 w_ax@goal=-0.00 return=1008.1 length=83 success_rate=1.00 collisions/ep=0.00 (n=24)
Evaluation at update 40: return=1012.10, length=78.10, success_rate=1.00, collisions/ep=0.00
Solved-check at update 40: solved=True worst_gap=1.15 at p_x0=0.00 p_y0=-1.00 (consecutive=3)
update=41 global_step=83968 SPS=72 m_ev=0.967 m_v_bias=-3.3 m_kl_max=0.0102 mpc_ms=10.2/84 cand=0.000 w_ax@goal=+0.04 return=1005.2 length=87 success_rate=1.00 collisions/ep=0.00 (n=25)
update=42 global_step=86016 SPS=72 m_ev=0.980 m_v_bias=-1.6 m_kl_max=0.0121 mpc_ms=8.4/53 cand=0.000 w_ax@goal=-0.01 return=1008.6 length=83 success_rate=1.00 collisions/ep=0.00 (n=26)
update=43 global_step=88064 SPS=73 m_ev=0.973 m_v_bias=3.8 m_kl_max=0.0162 mpc_ms=8.1/47 cand=0.000 w_ax@goal=+0.00 return=1008.4 length=83 success_rate=1.00 collisions/ep=0.00 (n=24)
update=44 global_step=90112 SPS=74 m_ev=0.986 m_v_bias=-6.5 m_kl_max=0.0122 mpc_ms=7.6/39 cand=0.000 w_ax@goal=-0.03 return=1009.4 length=82 success_rate=1.00 collisions/ep=0.00 (n=26)
update=45 global_step=92160 SPS=74 m_ev=0.980 m_v_bias=4.2 m_kl_max=0.0151 mpc_ms=8.8/68 cand=0.000 w_ax@goal=+0.00 return=1007.4 length=84 success_rate=1.00 collisions/ep=0.00 (n=24)
Evaluation at update 45: return=1012.24, length=77.80, success_rate=1.00, collisions/ep=0.00
Solved-check at update 45: solved=True worst_gap=0.93 at p_x0=0.00 p_y0=-1.00 (consecutive=4)
update=46 global_step=94208 SPS=73 m_ev=0.990 m_v_bias=-4.9 m_kl_max=0.0315 mpc_ms=7.1/70 cand=0.000 w_ax@goal=+0.01 return=1008.8 length=83 success_rate=1.00 collisions/ep=0.00 (n=24)
update=47 global_step=96256 SPS=74 m_ev=0.987 m_v_bias=-0.6 m_kl_max=0.0158 mpc_ms=6.9/50 cand=0.000 w_ax@goal=+0.08 return=1009.3 length=82 success_rate=1.00 collisions/ep=0.00 (n=24)
update=48 global_step=98304 SPS=75 m_ev=0.975 m_v_bias=1.3 m_kl_max=0.0079 mpc_ms=6.8/46 cand=0.000 w_ax@goal=+0.00 return=1008.8 length=83 success_rate=1.00 collisions/ep=0.00 (n=24)
update=49 global_step=100352 SPS=75 m_ev=0.975 m_v_bias=-2.7 m_kl_max=0.0138 mpc_ms=7.0/39 cand=0.000 w_ax@goal=+0.00 return=1008.5 length=83 success_rate=1.00 collisions/ep=0.00 (n=24)
update=50 global_step=102400 SPS=76 m_ev=0.974 m_v_bias=0.2 m_kl_max=0.0117 mpc_ms=8.7/49 cand=0.000 w_ax@goal=+0.02 return=1008.5 length=83 success_rate=1.00 collisions/ep=0.00 (n=24)
Evaluation at update 50: return=1012.46, length=77.70, success_rate=1.00, collisions/ep=0.00
Solved-check at update 50: solved=True worst_gap=0.88 at p_x0=0.00 p_y0=-1.00 (consecutive=5)
update=51 global_step=104448 SPS=75 m_ev=0.973 m_v_bias=-3.7 m_kl_max=0.0072 mpc_ms=7.7/54 cand=0.000 w_ax@goal=+0.01 return=1009.0 length=82 success_rate=1.00 collisions/ep=0.00 (n=25)
update=52 global_step=106496 SPS=75 m_ev=0.942 m_v_bias=5.6 m_kl_max=0.0250 mpc_ms=11.6/58 cand=0.000 w_ax@goal=+0.01 return=1008.1 length=84 success_rate=1.00 collisions/ep=0.00 (n=27)
update=53 global_step=108544 SPS=75 m_ev=0.989 m_v_bias=-10.3 m_kl_max=0.0217 mpc_ms=8.7/42 cand=0.000 w_ax@goal=-0.01 return=1010.7 length=81 success_rate=1.00 collisions/ep=0.00 (n=26)
update=54 global_step=110592 SPS=76 m_ev=0.994 m_v_bias=-2.2 m_kl_max=0.0114 mpc_ms=7.3/40 cand=0.000 w_ax@goal=-0.03 return=1010.4 length=80 success_rate=1.00 collisions/ep=0.00 (n=26)
update=55 global_step=112640 SPS=76 m_ev=0.997 m_v_bias=-2.7 m_kl_max=0.0043 mpc_ms=6.6/41 cand=0.000 w_ax@goal=+0.04 return=1010.9 length=80 success_rate=1.00 collisions/ep=0.00 (n=24)
Evaluation at update 55: return=1012.67, length=77.50, success_rate=1.00, collisions/ep=0.00
Solved-check at update 55: solved=True worst_gap=0.58 at p_x0=0.00 p_y0=-1.00 (consecutive=6)
update=56 global_step=114688 SPS=76 m_ev=0.995 m_v_bias=1.8 m_kl_max=0.0060 mpc_ms=6.8/46 cand=0.000 w_ax@goal=+0.02 return=1011.0 length=81 success_rate=1.00 collisions/ep=0.00 (n=24)
update=57 global_step=116736 SPS=76 m_ev=0.992 m_v_bias=-0.7 m_kl_max=0.0091 mpc_ms=6.9/53 cand=0.000 w_ax@goal=-0.02 return=1010.7 length=81 success_rate=1.00 collisions/ep=0.00 (n=24)
update=58 global_step=118784 SPS=77 m_ev=0.995 m_v_bias=0.2 m_kl_max=0.0094 mpc_ms=6.9/35 cand=0.000 w_ax@goal=+0.03 return=1011.7 length=80 success_rate=1.00 collisions/ep=0.00 (n=27)
update=59 global_step=120832 SPS=77 m_ev=0.988 m_v_bias=2.1 m_kl_max=0.0090 mpc_ms=6.9/37 cand=0.000 w_ax@goal=+0.01 return=1010.8 length=80 success_rate=1.00 collisions/ep=0.00 (n=28)
update=60 global_step=122880 SPS=78 m_ev=0.995 m_v_bias=-2.3 m_kl_max=0.0091 mpc_ms=8.1/70 cand=0.000 w_ax@goal=-0.01 return=1010.9 length=81 success_rate=1.00 collisions/ep=0.00 (n=25)
Evaluation at update 60: return=1012.78, length=77.20, success_rate=1.00, collisions/ep=0.00
Solved-check at update 60: solved=True worst_gap=0.40 at p_x0=0.00 p_y0=-1.00 (consecutive=7)
update=61 global_step=124928 SPS=77 m_ev=0.996 m_v_bias=-0.8 m_kl_max=0.0190 mpc_ms=9.0/54 cand=0.000 w_ax@goal=+0.03 return=1011.4 length=80 success_rate=1.00 collisions/ep=0.00 (n=24)
update=62 global_step=126976 SPS=77 m_ev=0.997 m_v_bias=0.2 m_kl_max=0.0118 mpc_ms=7.7/48 cand=0.000 w_ax@goal=+0.04 return=1011.6 length=80 success_rate=1.00 collisions/ep=0.00 (n=24)
update=63 global_step=129024 SPS=78 m_ev=0.997 m_v_bias=-1.5 m_kl_max=0.0134 mpc_ms=7.9/50 cand=0.000 w_ax@goal=-0.03 return=1012.3 length=79 success_rate=1.00 collisions/ep=0.00 (n=24)
update=64 global_step=131072 SPS=78 m_ev=0.996 m_v_bias=1.4 m_kl_max=0.0070 mpc_ms=8.6/48 cand=0.000 w_ax@goal=+0.01 return=1011.1 length=81 success_rate=1.00 collisions/ep=0.00 (n=32)
update=65 global_step=133120 SPS=78 m_ev=0.993 m_v_bias=0.1 m_kl_max=0.0153 mpc_ms=8.6/44 cand=0.000 w_ax@goal=+0.01 return=1011.8 length=80 success_rate=1.00 collisions/ep=0.00 (n=24)
Evaluation at update 65: return=1012.91, length=77.15, success_rate=1.00, collisions/ep=0.00
Solved-check at update 65: solved=True worst_gap=0.24 at p_x0=0.00 p_y0=-1.00 (consecutive=8)
update=66 global_step=135168 SPS=77 m_ev=0.993 m_v_bias=0.7 m_kl_max=0.0165 mpc_ms=6.8/40 cand=0.000 w_ax@goal=+0.02 return=1011.1 length=81 success_rate=1.00 collisions/ep=0.00 (n=24)
update=67 global_step=137216 SPS=78 m_ev=0.988 m_v_bias=0.6 m_kl_max=0.0116 mpc_ms=6.6/88 cand=0.000 w_ax@goal=+0.02 return=1011.6 length=80 success_rate=1.00 collisions/ep=0.00 (n=24)
update=68 global_step=139264 SPS=78 m_ev=0.998 m_v_bias=-2.1 m_kl_max=0.0125 mpc_ms=7.0/40 cand=0.000 w_ax@goal=-0.02 return=1012.4 length=79 success_rate=1.00 collisions/ep=0.00 (n=25)
update=69 global_step=141312 SPS=79 m_ev=0.998 m_v_bias=2.0 m_kl_max=0.0152 mpc_ms=8.7/47 cand=0.000 w_ax@goal=+0.00 return=1012.1 length=80 success_rate=1.00 collisions/ep=0.00 (n=31)
update=70 global_step=143360 SPS=79 m_ev=0.999 m_v_bias=-1.5 m_kl_max=0.0201 mpc_ms=7.7/51 cand=0.000 w_ax@goal=+0.04 return=1012.2 length=79 success_rate=1.00 collisions/ep=0.00 (n=24)
Evaluation at update 70: return=1012.97, length=77.15, success_rate=1.00, collisions/ep=0.00
Solved-check at update 70: solved=True worst_gap=0.16 at p_x0=0.00 p_y0=-1.00 (consecutive=9)
update=71 global_step=145408 SPS=78 m_ev=0.992 m_v_bias=1.0 m_kl_max=0.0176 mpc_ms=8.1/48 cand=0.000 w_ax@goal=+0.01 return=1011.0 length=81 success_rate=1.00 collisions/ep=0.00 (n=24)
update=72 global_step=147456 SPS=78 m_ev=0.997 m_v_bias=-2.0 m_kl_max=0.0218 mpc_ms=7.0/37 cand=0.000 w_ax@goal=+0.00 return=1012.1 length=80 success_rate=1.00 collisions/ep=0.00 (n=24)
update=73 global_step=149504 SPS=79 m_ev=0.996 m_v_bias=1.0 m_kl_max=0.0061 mpc_ms=7.5/41 cand=0.000 w_ax@goal=-0.01 return=1012.2 length=79 success_rate=1.00 collisions/ep=0.00 (n=29)
update=74 global_step=151552 SPS=79 m_ev=0.993 m_v_bias=-0.6 m_kl_max=0.0075 mpc_ms=7.7/55 cand=0.000 w_ax@goal=+0.01 return=1012.4 length=79 success_rate=1.00 collisions/ep=0.00 (n=26)
update=75 global_step=153600 SPS=79 m_ev=0.998 m_v_bias=-2.2 m_kl_max=0.0144 mpc_ms=10.5/48 cand=0.000 w_ax@goal=+0.04 return=1011.7 length=80 success_rate=1.00 collisions/ep=0.00 (n=25)
Evaluation at update 75: return=1013.01, length=77.15, success_rate=1.00, collisions/ep=0.00
Solved-check at update 75: solved=True worst_gap=0.11 at p_x0=0.00 p_y0=-1.00 (consecutive=10)
update=76 global_step=155648 SPS=79 m_ev=0.997 m_v_bias=-0.5 m_kl_max=0.0041 mpc_ms=6.7/55 cand=0.000 w_ax@goal=+0.01 return=1012.1 length=80 success_rate=1.00 collisions/ep=0.00 (n=24)
update=77 global_step=157696 SPS=79 m_ev=0.994 m_v_bias=1.7 m_kl_max=0.0057 mpc_ms=5.6/41 cand=0.000 w_ax@goal=-0.05 return=1012.0 length=80 success_rate=1.00 collisions/ep=0.00 (n=24)
update=78 global_step=159744 SPS=80 m_ev=0.985 m_v_bias=2.3 m_kl_max=0.0070 mpc_ms=7.8/38 cand=0.000 w_ax@goal=+0.00 return=1011.2 length=80 success_rate=1.00 collisions/ep=0.00 (n=30)
update=79 global_step=161792 SPS=80 m_ev=0.998 m_v_bias=-1.3 m_kl_max=0.0195 mpc_ms=7.3/35 cand=0.000 w_ax@goal=+0.00 return=1012.3 length=79 success_rate=1.00 collisions/ep=0.00 (n=26)
update=80 global_step=163840 SPS=80 m_ev=0.995 m_v_bias=2.0 m_kl_max=0.0102 mpc_ms=6.5/40 cand=0.000 w_ax@goal=-0.01 return=1011.7 length=80 success_rate=1.00 collisions/ep=0.00 (n=24)
Evaluation at update 80: return=1013.04, length=77.15, success_rate=1.00, collisions/ep=0.00
Solved-check at update 80: solved=True worst_gap=0.07 at p_x0=0.00 p_y0=-1.00 (consecutive=11)
update=81 global_step=165888 SPS=79 m_ev=0.998 m_v_bias=-1.4 m_kl_max=0.0103 mpc_ms=6.8/34 cand=0.000 w_ax@goal=+0.00 return=1012.4 length=79 success_rate=1.00 collisions/ep=0.00 (n=24)
update=82 global_step=167936 SPS=80 m_ev=0.999 m_v_bias=-1.3 m_kl_max=0.0125 mpc_ms=8.0/39 cand=0.000 w_ax@goal=-0.02 return=1012.8 length=78 success_rate=1.00 collisions/ep=0.00 (n=29)
update=83 global_step=169984 SPS=80 m_ev=0.999 m_v_bias=1.4 m_kl_max=0.0173 mpc_ms=7.8/40 cand=0.000 w_ax@goal=+0.02 return=1012.7 length=80 success_rate=1.00 collisions/ep=0.00 (n=27)
update=84 global_step=172032 SPS=80 m_ev=0.999 m_v_bias=-0.2 m_kl_max=0.0101 mpc_ms=6.6/33 cand=0.000 w_ax@goal=+0.00 return=1012.7 length=79 success_rate=1.00 collisions/ep=0.00 (n=24)
update=85 global_step=174080 SPS=81 m_ev=0.993 m_v_bias=0.6 m_kl_max=0.0048 mpc_ms=8.4/54 cand=0.000 w_ax@goal=+0.00 return=1012.0 length=79 success_rate=1.00 collisions/ep=0.00 (n=24)
Evaluation at update 85: return=1013.07, length=77.10, success_rate=1.00, collisions/ep=0.00
Solved-check at update 85: solved=True worst_gap=0.03 at p_x0=0.00 p_y0=-1.00 (consecutive=12)
update=86 global_step=176128 SPS=80 m_ev=0.998 m_v_bias=0.1 m_kl_max=0.0343 mpc_ms=6.5/48 cand=0.000 w_ax@goal=+0.01 return=1012.3 length=79 success_rate=1.00 collisions/ep=0.00 (n=25)
update=87 global_step=178176 SPS=80 m_ev=0.999 m_v_bias=-0.1 m_kl_max=0.0141 mpc_ms=6.9/44 cand=0.000 w_ax@goal=-0.01 return=1012.7 length=79 success_rate=1.00 collisions/ep=0.00 (n=31)
update=88 global_step=180224 SPS=81 m_ev=0.999 m_v_bias=-0.7 m_kl_max=0.0093 mpc_ms=10.8/53 cand=0.000 w_ax@goal=+0.01 return=1012.7 length=79 success_rate=1.00 collisions/ep=0.00 (n=24)
update=89 global_step=182272 SPS=81 m_ev=0.997 m_v_bias=0.6 m_kl_max=0.0187 mpc_ms=10.4/65 cand=0.000 w_ax@goal=-0.01 return=1012.5 length=79 success_rate=1.00 collisions/ep=0.00 (n=24)
update=90 global_step=184320 SPS=81 m_ev=0.999 m_v_bias=-0.6 m_kl_max=0.0116 mpc_ms=8.5/72 cand=0.000 w_ax@goal=+0.04 return=1012.7 length=79 success_rate=1.00 collisions/ep=0.00 (n=24)
Evaluation at update 90: return=1013.10, length=77.10, success_rate=1.00, collisions/ep=0.00
Solved-check at update 90: solved=True worst_gap=-0.01 at p_x0=0.00 p_y0=-1.00 (consecutive=13)
update=91 global_step=186368 SPS=80 m_ev=0.999 m_v_bias=-1.7 m_kl_max=0.0115 mpc_ms=10.9/65 cand=0.000 w_ax@goal=-0.02 return=1012.7 length=79 success_rate=1.00 collisions/ep=0.00 (n=32)
update=92 global_step=188416 SPS=80 m_ev=0.999 m_v_bias=-0.5 m_kl_max=0.0107 mpc_ms=7.8/61 cand=0.000 w_ax@goal=-0.01 return=1012.9 length=79 success_rate=1.00 collisions/ep=0.00 (n=24)
update=93 global_step=190464 SPS=80 m_ev=0.999 m_v_bias=-1.9 m_kl_max=0.0078 mpc_ms=7.0/47 cand=0.000 w_ax@goal=-0.00 return=1013.0 length=79 success_rate=1.00 collisions/ep=0.00 (n=24)
update=94 global_step=192512 SPS=80 m_ev=0.998 m_v_bias=-0.2 m_kl_max=0.0108 mpc_ms=12.5/80 cand=0.000 w_ax@goal=-0.03 return=1013.2 length=78 success_rate=1.00 collisions/ep=0.00 (n=24)
update=95 global_step=194560 SPS=81 m_ev=0.981 m_v_bias=5.8 m_kl_max=0.0057 mpc_ms=6.9/40 cand=0.000 w_ax@goal=+0.02 return=1011.3 length=80 success_rate=1.00 collisions/ep=0.00 (n=29)
Evaluation at update 95: return=1013.12, length=77.00, success_rate=1.00, collisions/ep=0.00
Solved-check at update 95: solved=True worst_gap=-0.05 at p_x0=0.00 p_y0=-1.00 (consecutive=14)
update=96 global_step=196608 SPS=80 m_ev=0.999 m_v_bias=-4.5 m_kl_max=0.0169 mpc_ms=7.6/39 cand=0.000 w_ax@goal=-0.00 return=1013.0 length=79 success_rate=1.00 collisions/ep=0.00 (n=27)
update=97 global_step=198656 SPS=80 m_ev=0.991 m_v_bias=0.0 m_kl_max=0.0176 mpc_ms=8.1/101 cand=0.000 w_ax@goal=+0.00 return=1012.3 length=79 success_rate=1.00 collisions/ep=0.00 (n=24)
update=98 global_step=200704 SPS=81 m_ev=0.995 m_v_bias=1.1 m_kl_max=0.0234 mpc_ms=8.0/49 cand=0.000 w_ax@goal=-0.00 return=1013.2 length=79 success_rate=1.00 collisions/ep=0.00 (n=24)
update=99 global_step=202752 SPS=81 m_ev=0.982 m_v_bias=3.1 m_kl_max=0.0114 mpc_ms=11.2/110 cand=0.000 w_ax@goal=-0.00 return=1011.4 length=80 success_rate=1.00 collisions/ep=0.00 (n=29)
update=100 global_step=204800 SPS=81 m_ev=0.999 m_v_bias=-5.9 m_kl_max=0.0055 mpc_ms=12.3/78 cand=0.000 w_ax@goal=+0.00 return=1013.1 length=78 success_rate=1.00 collisions/ep=0.00 (n=27)
Evaluation at update 100: return=1013.13, length=77.00, success_rate=1.00, collisions/ep=0.00
Solved-check at update 100: solved=True worst_gap=-0.06 at p_x0=0.00 p_y0=-1.00 (consecutive=15)
Saved checkpoints to C:\Users\loren\Desktop\MASTER THESIS\5_CODE\scenarios\slalom\studies\init_sampler\ppo_mpc_sobol\runs\ppo_mpc_slalom_2_1791036668
