Using device: cpu
Solved-check: precomputed optimal returns for 25 fixed initial conditions (mean=1013.0, min=1011.0, max=1015.0); solved-tolerance=5.0
Goal box: +-1.800 m (1.5x segment-reachable; segment-reachable displacement = 1.200 m)
tube MPC: W half-widths [0. 0. 0. 0.], RPI s=0 alpha=0; Z half-widths (p_x, p_y, v_x, v_y) = [0. 0. 0. 0.]
  X0 (-) Z: p_x [-1.000, 11.000], p_y [-1.999, 1.999], |v| <= 1.200; V = U (-) KZ: |u| <= 2.500; K = [-7.613 -4.585] per axis
  4 obstacles, 132 binaries before fixing, max big-M 9.00; horizon N=10, stopping time 5 steps
num_envs=8 num_steps_per_env=256 batch_size=2048 num_updates=100 timesteps=204800
update=1 global_step=2048 SPS=117 m_ev=0.001 m_v_bias=44.4 m_kl_max=0.0029 mpc_ms=8.2/29 cand=0.000 return=-202.5 length=200 success_rate=0.00 collisions/ep=0.00 (n=8)
update=2 global_step=4096 SPS=114 m_ev=-0.827 m_v_bias=22.9 m_kl_max=0.0131 mpc_ms=8.5/51 cand=0.000 return=-193.3 length=200 success_rate=0.00 collisions/ep=0.00 (n=8)
update=3 global_step=6144 SPS=120 m_ev=-0.265 m_v_bias=10.9 m_kl_max=0.0381 mpc_ms=7.0/41 cand=0.000 return=-195.1 length=200 success_rate=0.00 collisions/ep=0.00 (n=8)
update=4 global_step=8192 SPS=123 m_ev=-0.081 m_v_bias=3.0 m_kl_max=0.0356 mpc_ms=7.1/34 cand=0.000 return=-167.0 length=200 success_rate=0.00 collisions/ep=0.00 (n=16)
update=5 global_step=10240 SPS=125 m_ev=0.350 m_v_bias=1.0 m_kl_max=0.0482 mpc_ms=7.1/40 cand=0.000 return=-152.5 length=200 success_rate=0.00 collisions/ep=0.00 (n=8)
Evaluation at update 5: return=-139.39, length=200.00, success_rate=0.00, collisions/ep=0.00
Solved-check at update 5: solved=False worst_gap=1161.91 at p_x0=2.00 p_y0=-1.00 (consecutive=0)
update=6 global_step=12288 SPS=71 m_ev=0.488 m_v_bias=2.0 m_kl_max=0.0293 mpc_ms=7.1/43 cand=0.000 return=-152.2 length=200 success_rate=0.00 collisions/ep=0.00 (n=8)
update=7 global_step=14336 SPS=76 m_ev=0.791 m_v_bias=1.1 m_kl_max=0.0463 mpc_ms=7.2/41 cand=0.000 return=-145.8 length=200 success_rate=0.00 collisions/ep=0.00 (n=8)
update=8 global_step=16384 SPS=80 m_ev=-0.046 m_v_bias=-36.7 m_kl_max=0.0172 mpc_ms=7.4/44 cand=0.000 w_ax@goal=-1.22 return=-80.6 length=200 success_rate=0.06 collisions/ep=0.00 (n=16)
update=9 global_step=18432 SPS=84 m_ev=0.021 m_v_bias=-28.3 m_kl_max=0.0099 mpc_ms=6.8/45 cand=0.000 w_ax@goal=+0.00 return=-10.0 length=199 success_rate=0.12 collisions/ep=0.00 (n=8)
update=10 global_step=20480 SPS=87 m_ev=0.042 m_v_bias=-6.5 m_kl_max=0.0147 mpc_ms=7.4/48 cand=0.000 w_ax@goal=-0.78 return=-14.6 length=193 success_rate=0.11 collisions/ep=0.00 (n=9)
Evaluation at update 10: return=-139.38, length=200.00, success_rate=0.00, collisions/ep=0.00
Solved-check at update 10: solved=False worst_gap=1161.02 at p_x0=2.00 p_y0=1.00 (consecutive=0)
update=11 global_step=22528 SPS=71 m_ev=0.107 m_v_bias=-42.4 m_kl_max=0.0250 mpc_ms=8.4/54 cand=0.000 w_ax@goal=-0.89 return=6.0 length=197 success_rate=0.13 collisions/ep=0.00 (n=15)
update=12 global_step=24576 SPS=73 m_ev=0.130 m_v_bias=-23.7 m_kl_max=0.0080 mpc_ms=9.1/50 cand=0.000 w_ax@goal=-0.10 return=126.1 length=188 success_rate=0.25 collisions/ep=0.00 (n=8)
update=13 global_step=26624 SPS=75 m_ev=0.247 m_v_bias=-39.6 m_kl_max=0.0284 mpc_ms=7.7/45 cand=0.000 w_ax@goal=-0.80 return=182.4 length=190 success_rate=0.30 collisions/ep=0.00 (n=10)
update=14 global_step=28672 SPS=77 m_ev=0.416 m_v_bias=-56.4 m_kl_max=0.0190 mpc_ms=8.0/48 cand=0.000 w_ax@goal=-0.55 return=276.0 length=181 success_rate=0.38 collisions/ep=0.00 (n=13)
update=15 global_step=30720 SPS=79 m_ev=0.508 m_v_bias=-89.0 m_kl_max=0.0106 mpc_ms=7.9/49 cand=0.000 w_ax@goal=-0.11 return=346.6 length=180 success_rate=0.45 collisions/ep=0.00 (n=11)
Evaluation at update 15: return=967.18, length=124.65, success_rate=1.00, collisions/ep=0.00
Solved-check at update 15: solved=False worst_gap=112.84 at p_x0=1.00 p_y0=-1.00 (consecutive=0)
update=16 global_step=32768 SPS=67 m_ev=0.539 m_v_bias=-122.4 m_kl_max=0.0117 mpc_ms=7.8/45 cand=0.000 w_ax@goal=-0.19 return=831.6 length=132 success_rate=0.88 collisions/ep=0.00 (n=16)
update=17 global_step=34816 SPS=69 m_ev=0.577 m_v_bias=80.3 m_kl_max=0.0057 mpc_ms=7.5/43 cand=0.000 w_ax@goal=+0.11 return=409.6 length=162 success_rate=0.50 collisions/ep=0.00 (n=12)
update=18 global_step=36864 SPS=71 m_ev=0.740 m_v_bias=-22.7 m_kl_max=0.0153 mpc_ms=7.7/48 cand=0.000 w_ax@goal=+0.21 return=534.2 length=153 success_rate=0.62 collisions/ep=0.00 (n=13)
update=19 global_step=38912 SPS=72 m_ev=0.770 m_v_bias=-71.4 m_kl_max=0.0126 mpc_ms=8.3/47 cand=0.000 w_ax@goal=-0.05 return=825.8 length=137 success_rate=0.88 collisions/ep=0.00 (n=16)
update=20 global_step=40960 SPS=74 m_ev=0.804 m_v_bias=-7.2 m_kl_max=0.0180 mpc_ms=7.7/63 cand=0.000 w_ax@goal=+0.03 return=823.8 length=128 success_rate=0.87 collisions/ep=0.00 (n=15)
Evaluation at update 20: return=1006.61, length=85.65, success_rate=1.00, collisions/ep=0.00
Solved-check at update 20: solved=False worst_gap=21.07 at p_x0=2.00 p_y0=-1.00 (consecutive=0)
update=21 global_step=43008 SPS=71 m_ev=0.855 m_v_bias=-40.7 m_kl_max=0.0214 mpc_ms=8.3/53 cand=0.000 w_ax@goal=-0.08 return=906.3 length=130 success_rate=0.94 collisions/ep=0.00 (n=18)
update=22 global_step=45056 SPS=72 m_ev=0.872 m_v_bias=5.3 m_kl_max=0.0197 mpc_ms=7.8/47 cand=0.000 w_ax@goal=+0.02 return=968.5 length=123 success_rate=1.00 collisions/ep=0.00 (n=16)
update=23 global_step=47104 SPS=73 m_ev=0.899 m_v_bias=-21.5 m_kl_max=0.0100 mpc_ms=7.9/40 cand=0.000 w_ax@goal=-0.08 return=980.8 length=111 success_rate=1.00 collisions/ep=0.00 (n=19)
update=24 global_step=49152 SPS=75 m_ev=0.921 m_v_bias=-25.9 m_kl_max=0.0078 mpc_ms=7.8/47 cand=0.000 w_ax@goal=-0.00 return=987.6 length=103 success_rate=1.00 collisions/ep=0.00 (n=20)
update=25 global_step=51200 SPS=76 m_ev=0.946 m_v_bias=-3.1 m_kl_max=0.0091 mpc_ms=7.8/45 cand=0.000 w_ax@goal=+0.03 return=993.9 length=98 success_rate=1.00 collisions/ep=0.00 (n=24)
Evaluation at update 25: return=1010.67, length=81.60, success_rate=1.00, collisions/ep=0.00
Solved-check at update 25: solved=True worst_gap=3.21 at p_x0=0.00 p_y0=-1.00 (consecutive=0)
update=26 global_step=53248 SPS=74 m_ev=0.903 m_v_bias=-7.5 m_kl_max=0.0117 mpc_ms=7.6/51 cand=0.000 w_ax@goal=-0.01 return=995.6 length=96 success_rate=1.00 collisions/ep=0.00 (n=19)
update=27 global_step=55296 SPS=75 m_ev=0.943 m_v_bias=-9.2 m_kl_max=0.0120 mpc_ms=7.7/57 cand=0.000 w_ax@goal=+0.02 return=999.7 length=92 success_rate=1.00 collisions/ep=0.00 (n=23)
update=28 global_step=57344 SPS=76 m_ev=0.935 m_v_bias=-0.1 m_kl_max=0.0148 mpc_ms=7.5/45 cand=0.000 w_ax@goal=-0.02 return=999.2 length=93 success_rate=1.00 collisions/ep=0.00 (n=23)
update=29 global_step=59392 SPS=77 m_ev=0.921 m_v_bias=12.1 m_kl_max=0.0214 mpc_ms=7.8/46 cand=0.000 w_ax@goal=-0.06 return=999.5 length=92 success_rate=1.00 collisions/ep=0.00 (n=22)
update=30 global_step=61440 SPS=78 m_ev=0.947 m_v_bias=-9.4 m_kl_max=0.0063 mpc_ms=7.4/44 cand=0.000 w_ax@goal=-0.04 return=999.8 length=92 success_rate=1.00 collisions/ep=0.00 (n=22)
Evaluation at update 30: return=1011.78, length=80.50, success_rate=1.00, collisions/ep=0.00
Solved-check at update 30: solved=True worst_gap=1.94 at p_x0=0.00 p_y0=-1.00 (consecutive=1)
Solved criterion held for 2 consecutive evals (tolerance=5.0) at global_step=61440.
update=31 global_step=63488 SPS=76 m_ev=0.950 m_v_bias=-5.8 m_kl_max=0.0081 mpc_ms=7.5/41 cand=0.000 w_ax@goal=-0.13 return=1003.9 length=87 success_rate=1.00 collisions/ep=0.00 (n=21)
update=32 global_step=65536 SPS=77 m_ev=0.942 m_v_bias=8.0 m_kl_max=0.0065 mpc_ms=7.5/39 cand=0.000 w_ax@goal=+0.07 return=1000.4 length=91 success_rate=1.00 collisions/ep=0.00 (n=23)
update=33 global_step=67584 SPS=78 m_ev=0.969 m_v_bias=-2.3 m_kl_max=0.0090 mpc_ms=7.5/53 cand=0.000 w_ax@goal=-0.00 return=1004.2 length=88 success_rate=1.00 collisions/ep=0.00 (n=24)
update=34 global_step=69632 SPS=79 m_ev=0.981 m_v_bias=-6.5 m_kl_max=0.0094 mpc_ms=7.4/52 cand=0.000 w_ax@goal=-0.00 return=1005.3 length=86 success_rate=1.00 collisions/ep=0.00 (n=23)
update=35 global_step=71680 SPS=80 m_ev=0.967 m_v_bias=3.8 m_kl_max=0.0124 mpc_ms=7.7/46 cand=0.000 w_ax@goal=+0.03 return=1006.1 length=86 success_rate=1.00 collisions/ep=0.00 (n=24)
Evaluation at update 35: return=1012.21, length=79.95, success_rate=1.00, collisions/ep=0.00
Solved-check at update 35: solved=True worst_gap=1.34 at p_x0=0.00 p_y0=-1.00 (consecutive=2)
update=36 global_step=73728 SPS=79 m_ev=0.978 m_v_bias=-3.7 m_kl_max=0.0095 mpc_ms=7.5/44 cand=0.000 w_ax@goal=+0.03 return=1006.8 length=84 success_rate=1.00 collisions/ep=0.00 (n=25)
update=37 global_step=75776 SPS=79 m_ev=0.968 m_v_bias=4.5 m_kl_max=0.0091 mpc_ms=7.3/40 cand=0.000 w_ax@goal=-0.02 return=1004.8 length=87 success_rate=1.00 collisions/ep=0.00 (n=23)
update=38 global_step=77824 SPS=80 m_ev=0.987 m_v_bias=-6.9 m_kl_max=0.0081 mpc_ms=7.4/39 cand=0.000 w_ax@goal=-0.01 return=1006.4 length=85 success_rate=1.00 collisions/ep=0.00 (n=24)
update=39 global_step=79872 SPS=81 m_ev=0.988 m_v_bias=-3.8 m_kl_max=0.0066 mpc_ms=7.3/47 cand=0.000 w_ax@goal=+0.01 return=1009.3 length=83 success_rate=1.00 collisions/ep=0.00 (n=25)
update=40 global_step=81920 SPS=82 m_ev=0.985 m_v_bias=4.6 m_kl_max=0.0069 mpc_ms=7.4/46 cand=0.000 w_ax@goal=-0.04 return=1007.8 length=83 success_rate=1.00 collisions/ep=0.00 (n=25)
Evaluation at update 40: return=1012.55, length=79.60, success_rate=1.00, collisions/ep=0.00
Solved-check at update 40: solved=True worst_gap=0.90 at p_x0=0.00 p_y0=-1.00 (consecutive=3)
update=41 global_step=83968 SPS=80 m_ev=0.986 m_v_bias=-1.3 m_kl_max=0.0175 mpc_ms=7.5/42 cand=0.000 w_ax@goal=+0.06 return=1008.9 length=82 success_rate=1.00 collisions/ep=0.00 (n=24)
update=42 global_step=86016 SPS=81 m_ev=0.970 m_v_bias=6.5 m_kl_max=0.0075 mpc_ms=7.3/45 cand=0.000 w_ax@goal=+0.01 return=1007.8 length=84 success_rate=1.00 collisions/ep=0.00 (n=25)
update=43 global_step=88064 SPS=82 m_ev=0.989 m_v_bias=-12.2 m_kl_max=0.0185 mpc_ms=7.5/48 cand=0.000 w_ax@goal=-0.01 return=1008.0 length=84 success_rate=1.00 collisions/ep=0.00 (n=27)
update=44 global_step=90112 SPS=82 m_ev=0.982 m_v_bias=0.9 m_kl_max=0.0112 mpc_ms=7.1/48 cand=0.000 w_ax@goal=-0.02 return=1009.0 length=82 success_rate=1.00 collisions/ep=0.00 (n=25)
update=45 global_step=92160 SPS=83 m_ev=0.987 m_v_bias=2.9 m_kl_max=0.0137 mpc_ms=7.4/52 cand=0.000 w_ax@goal=-0.01 return=1007.8 length=84 success_rate=1.00 collisions/ep=0.00 (n=25)
Evaluation at update 45: return=1012.82, length=79.50, success_rate=1.00, collisions/ep=0.00
Solved-check at update 45: solved=True worst_gap=0.81 at p_x0=0.00 p_y0=-1.00 (consecutive=4)
update=46 global_step=94208 SPS=82 m_ev=0.989 m_v_bias=-6.9 m_kl_max=0.0132 mpc_ms=7.3/39 cand=0.000 w_ax@goal=-0.00 return=1010.3 length=82 success_rate=1.00 collisions/ep=0.00 (n=24)
update=47 global_step=96256 SPS=82 m_ev=0.994 m_v_bias=-2.6 m_kl_max=0.0100 mpc_ms=7.2/39 cand=0.000 w_ax@goal=-0.07 return=1010.1 length=81 success_rate=1.00 collisions/ep=0.00 (n=24)
update=48 global_step=98304 SPS=83 m_ev=0.994 m_v_bias=-1.1 m_kl_max=0.0120 mpc_ms=7.5/43 cand=0.000 w_ax@goal=+0.01 return=1011.1 length=81 success_rate=1.00 collisions/ep=0.00 (n=24)
update=49 global_step=100352 SPS=84 m_ev=0.988 m_v_bias=0.2 m_kl_max=0.0064 mpc_ms=7.2/36 cand=0.000 w_ax@goal=-0.03 return=1010.5 length=81 success_rate=1.00 collisions/ep=0.00 (n=24)
update=50 global_step=102400 SPS=84 m_ev=0.991 m_v_bias=-2.4 m_kl_max=0.0045 mpc_ms=7.3/56 cand=0.000 w_ax@goal=+0.02 return=1011.7 length=80 success_rate=1.00 collisions/ep=0.00 (n=29)
Evaluation at update 50: return=1012.98, length=79.15, success_rate=1.00, collisions/ep=0.00
Solved-check at update 50: solved=True worst_gap=0.59 at p_x0=0.00 p_y0=-1.00 (consecutive=5)
update=51 global_step=104448 SPS=83 m_ev=0.996 m_v_bias=-0.5 m_kl_max=0.0123 mpc_ms=7.1/46 cand=0.000 w_ax@goal=+0.08 return=1010.3 length=82 success_rate=1.00 collisions/ep=0.00 (n=27)
update=52 global_step=106496 SPS=84 m_ev=0.996 m_v_bias=-0.1 m_kl_max=0.0139 mpc_ms=7.3/46 cand=0.000 w_ax@goal=-0.01 return=1010.6 length=81 success_rate=1.00 collisions/ep=0.00 (n=24)
update=53 global_step=108544 SPS=84 m_ev=0.993 m_v_bias=-0.3 m_kl_max=0.0089 mpc_ms=7.0/34 cand=0.000 w_ax@goal=-0.01 return=1011.0 length=81 success_rate=1.00 collisions/ep=0.00 (n=24)
update=54 global_step=110592 SPS=85 m_ev=0.988 m_v_bias=-1.5 m_kl_max=0.0221 mpc_ms=7.3/55 cand=0.000 w_ax@goal=-0.00 return=1010.6 length=81 success_rate=1.00 collisions/ep=0.00 (n=24)
update=55 global_step=112640 SPS=85 m_ev=0.998 m_v_bias=-3.1 m_kl_max=0.0166 mpc_ms=7.3/40 cand=0.000 w_ax@goal=-0.01 return=1011.8 length=80 success_rate=1.00 collisions/ep=0.00 (n=25)
Evaluation at update 55: return=1013.13, length=79.00, success_rate=1.00, collisions/ep=0.00
Solved-check at update 55: solved=True worst_gap=0.39 at p_x0=0.00 p_y0=-1.00 (consecutive=6)
update=56 global_step=114688 SPS=84 m_ev=0.997 m_v_bias=0.6 m_kl_max=0.0069 mpc_ms=6.9/31 cand=0.000 w_ax@goal=+0.00 return=1011.4 length=80 success_rate=1.00 collisions/ep=0.00 (n=31)
update=57 global_step=116736 SPS=85 m_ev=0.974 m_v_bias=7.6 m_kl_max=0.0213 mpc_ms=7.3/43 cand=0.000 w_ax@goal=-0.00 return=1009.0 length=82 success_rate=1.00 collisions/ep=0.00 (n=24)
update=58 global_step=118784 SPS=85 m_ev=0.986 m_v_bias=-2.3 m_kl_max=0.0192 mpc_ms=7.1/48 cand=0.000 w_ax@goal=+0.03 return=1011.3 length=81 success_rate=1.00 collisions/ep=0.00 (n=24)
update=59 global_step=120832 SPS=86 m_ev=0.988 m_v_bias=1.0 m_kl_max=0.0160 mpc_ms=7.4/52 cand=0.000 w_ax@goal=-0.02 return=1011.5 length=80 success_rate=1.00 collisions/ep=0.00 (n=24)
update=60 global_step=122880 SPS=86 m_ev=0.994 m_v_bias=-3.5 m_kl_max=0.0086 mpc_ms=7.0/35 cand=0.000 w_ax@goal=+0.03 return=1010.2 length=82 success_rate=1.00 collisions/ep=0.00 (n=24)
Evaluation at update 60: return=1013.26, length=79.00, success_rate=1.00, collisions/ep=0.00
Solved-check at update 60: solved=True worst_gap=0.25 at p_x0=0.00 p_y0=-1.00 (consecutive=7)
update=61 global_step=124928 SPS=85 m_ev=0.992 m_v_bias=-0.1 m_kl_max=0.0221 mpc_ms=7.1/45 cand=0.000 w_ax@goal=+0.02 return=1012.3 length=79 success_rate=1.00 collisions/ep=0.00 (n=27)
update=62 global_step=126976 SPS=85 m_ev=0.998 m_v_bias=-1.4 m_kl_max=0.0082 mpc_ms=7.1/44 cand=0.000 w_ax@goal=+0.05 return=1011.6 length=80 success_rate=1.00 collisions/ep=0.00 (n=29)
update=63 global_step=129024 SPS=86 m_ev=0.995 m_v_bias=2.5 m_kl_max=0.0116 mpc_ms=7.1/44 cand=0.000 w_ax@goal=-0.01 return=1011.5 length=80 success_rate=1.00 collisions/ep=0.00 (n=24)
update=64 global_step=131072 SPS=86 m_ev=0.998 m_v_bias=-2.2 m_kl_max=0.0268 mpc_ms=7.0/42 cand=0.000 w_ax@goal=+0.01 return=1012.1 length=79 success_rate=1.00 collisions/ep=0.00 (n=24)
update=65 global_step=133120 SPS=87 m_ev=0.983 m_v_bias=4.2 m_kl_max=0.0148 mpc_ms=7.0/52 cand=0.000 w_ax@goal=+0.04 return=1010.4 length=81 success_rate=1.00 collisions/ep=0.00 (n=24)
Evaluation at update 65: return=1013.29, length=78.95, success_rate=1.00, collisions/ep=0.00
Solved-check at update 65: solved=True worst_gap=0.19 at p_x0=0.00 p_y0=-1.00 (consecutive=8)
update=66 global_step=135168 SPS=86 m_ev=0.991 m_v_bias=-0.5 m_kl_max=0.0146 mpc_ms=7.0/46 cand=0.000 w_ax@goal=-0.01 return=1011.8 length=80 success_rate=1.00 collisions/ep=0.00 (n=26)
update=67 global_step=137216 SPS=86 m_ev=0.993 m_v_bias=0.4 m_kl_max=0.0181 mpc_ms=7.1/41 cand=0.000 w_ax@goal=-0.00 return=1010.8 length=80 success_rate=1.00 collisions/ep=0.00 (n=29)
update=68 global_step=139264 SPS=87 m_ev=0.996 m_v_bias=-4.4 m_kl_max=0.0050 mpc_ms=6.8/31 cand=0.000 w_ax@goal=+0.01 return=1011.3 length=81 success_rate=1.00 collisions/ep=0.00 (n=25)
update=69 global_step=141312 SPS=87 m_ev=0.995 m_v_bias=-1.0 m_kl_max=0.0221 mpc_ms=7.2/42 cand=0.000 w_ax@goal=-0.03 return=1011.9 length=79 success_rate=1.00 collisions/ep=0.00 (n=24)
update=70 global_step=143360 SPS=88 m_ev=0.994 m_v_bias=-0.0 m_kl_max=0.0183 mpc_ms=7.0/39 cand=0.000 w_ax@goal=+0.00 return=1012.1 length=80 success_rate=1.00 collisions/ep=0.00 (n=24)
Evaluation at update 70: return=1013.32, length=78.95, success_rate=1.00, collisions/ep=0.00
Solved-check at update 70: solved=True worst_gap=0.16 at p_x0=0.00 p_y0=-1.00 (consecutive=9)
update=71 global_step=145408 SPS=87 m_ev=0.998 m_v_bias=-1.9 m_kl_max=0.0085 mpc_ms=6.6/31 cand=0.000 w_ax@goal=+0.02 return=1012.2 length=79 success_rate=1.00 collisions/ep=0.00 (n=26)
update=72 global_step=147456 SPS=87 m_ev=0.998 m_v_bias=1.8 m_kl_max=0.0084 mpc_ms=7.2/52 cand=0.000 w_ax@goal=-0.01 return=1012.2 length=80 success_rate=1.00 collisions/ep=0.00 (n=30)
update=73 global_step=149504 SPS=88 m_ev=0.986 m_v_bias=2.4 m_kl_max=0.0128 mpc_ms=6.8/40 cand=0.000 w_ax@goal=+0.00 return=1011.7 length=80 success_rate=1.00 collisions/ep=0.00 (n=24)
update=74 global_step=151552 SPS=88 m_ev=0.995 m_v_bias=-1.5 m_kl_max=0.0145 mpc_ms=7.3/51 cand=0.000 w_ax@goal=+0.01 return=1011.8 length=80 success_rate=1.00 collisions/ep=0.00 (n=24)
update=75 global_step=153600 SPS=88 m_ev=0.999 m_v_bias=-4.5 m_kl_max=0.0059 mpc_ms=6.8/39 cand=0.000 w_ax@goal=+0.01 return=1013.0 length=79 success_rate=1.00 collisions/ep=0.00 (n=24)
Evaluation at update 75: return=1013.35, length=78.90, success_rate=1.00, collisions/ep=0.00
Solved-check at update 75: solved=True worst_gap=0.11 at p_x0=0.00 p_y0=-1.00 (consecutive=10)
update=76 global_step=155648 SPS=87 m_ev=0.999 m_v_bias=1.7 m_kl_max=0.0042 mpc_ms=6.8/37 cand=0.000 w_ax@goal=+0.01 return=1012.6 length=79 success_rate=1.00 collisions/ep=0.00 (n=32)
update=77 global_step=157696 SPS=88 m_ev=0.995 m_v_bias=3.1 m_kl_max=0.0077 mpc_ms=7.2/40 cand=0.000 w_ax@goal=-0.00 return=1011.5 length=80 success_rate=1.00 collisions/ep=0.00 (n=24)
update=78 global_step=159744 SPS=88 m_ev=0.998 m_v_bias=-2.8 m_kl_max=0.0063 mpc_ms=7.0/31 cand=0.000 w_ax@goal=+0.03 return=1012.5 length=79 success_rate=1.00 collisions/ep=0.00 (n=24)
update=79 global_step=161792 SPS=89 m_ev=0.995 m_v_bias=0.3 m_kl_max=0.0117 mpc_ms=7.0/56 cand=0.000 w_ax@goal=-0.02 return=1012.2 length=79 success_rate=1.00 collisions/ep=0.00 (n=24)
update=80 global_step=163840 SPS=89 m_ev=0.994 m_v_bias=2.2 m_kl_max=0.0051 mpc_ms=6.8/42 cand=0.000 w_ax@goal=-0.00 return=1012.1 length=80 success_rate=1.00 collisions/ep=0.00 (n=27)
Evaluation at update 80: return=1013.38, length=78.90, success_rate=1.00, collisions/ep=0.00
Solved-check at update 80: solved=True worst_gap=0.07 at p_x0=0.00 p_y0=-1.00 (consecutive=11)
update=81 global_step=165888 SPS=88 m_ev=0.999 m_v_bias=-0.9 m_kl_max=0.0092 mpc_ms=7.2/36 cand=0.000 w_ax@goal=+0.01 return=1012.5 length=79 success_rate=1.00 collisions/ep=0.00 (n=29)
update=82 global_step=167936 SPS=89 m_ev=0.999 m_v_bias=-0.3 m_kl_max=0.0021 mpc_ms=6.8/27 cand=0.000 w_ax@goal=+0.00 return=1012.5 length=79 success_rate=1.00 collisions/ep=0.00 (n=24)
update=83 global_step=169984 SPS=89 m_ev=0.990 m_v_bias=2.0 m_kl_max=0.0083 mpc_ms=7.3/45 cand=0.000 w_ax@goal=+0.01 return=1011.7 length=80 success_rate=1.00 collisions/ep=0.00 (n=24)
update=84 global_step=172032 SPS=89 m_ev=0.999 m_v_bias=-2.4 m_kl_max=0.0104 mpc_ms=6.9/45 cand=0.000 w_ax@goal=-0.01 return=1012.9 length=79 success_rate=1.00 collisions/ep=0.00 (n=26)
update=85 global_step=174080 SPS=90 m_ev=0.993 m_v_bias=4.2 m_kl_max=0.0526 mpc_ms=7.2/49 cand=0.000 w_ax@goal=+0.01 return=1012.2 length=80 success_rate=1.00 collisions/ep=0.00 (n=30)
Evaluation at update 85: return=1013.41, length=78.90, success_rate=1.00, collisions/ep=0.00
Solved-check at update 85: solved=True worst_gap=0.04 at p_x0=0.00 p_y0=-1.00 (consecutive=12)
update=86 global_step=176128 SPS=89 m_ev=0.997 m_v_bias=-2.3 m_kl_max=0.0060 mpc_ms=7.0/40 cand=0.000 w_ax@goal=+0.01 return=1012.9 length=79 success_rate=1.00 collisions/ep=0.00 (n=24)
update=87 global_step=178176 SPS=89 m_ev=0.999 m_v_bias=0.1 m_kl_max=0.0145 mpc_ms=6.9/40 cand=0.000 w_ax@goal=-0.01 return=1011.7 length=80 success_rate=1.00 collisions/ep=0.00 (n=24)
update=88 global_step=180224 SPS=89 m_ev=0.997 m_v_bias=-1.1 m_kl_max=0.0092 mpc_ms=7.1/48 cand=0.000 w_ax@goal=+0.04 return=1012.6 length=79 success_rate=1.00 collisions/ep=0.00 (n=24)
update=89 global_step=182272 SPS=90 m_ev=0.992 m_v_bias=2.3 m_kl_max=0.0270 mpc_ms=7.1/43 cand=0.000 w_ax@goal=+0.00 return=1012.5 length=79 success_rate=1.00 collisions/ep=0.00 (n=31)
update=90 global_step=184320 SPS=90 m_ev=0.997 m_v_bias=-1.6 m_kl_max=0.0069 mpc_ms=7.0/33 cand=0.000 w_ax@goal=+0.01 return=1011.5 length=80 success_rate=1.00 collisions/ep=0.00 (n=25)
Evaluation at update 90: return=1013.42, length=78.90, success_rate=1.00, collisions/ep=0.00
Solved-check at update 90: solved=True worst_gap=0.02 at p_x0=0.00 p_y0=-1.00 (consecutive=13)
update=91 global_step=186368 SPS=89 m_ev=0.999 m_v_bias=-1.8 m_kl_max=0.0135 mpc_ms=6.9/41 cand=0.000 w_ax@goal=+0.02 return=1012.9 length=79 success_rate=1.00 collisions/ep=0.00 (n=24)
update=92 global_step=188416 SPS=90 m_ev=0.997 m_v_bias=-0.2 m_kl_max=0.0144 mpc_ms=7.0/43 cand=0.000 w_ax@goal=-0.01 return=1012.5 length=79 success_rate=1.00 collisions/ep=0.00 (n=24)
update=93 global_step=190464 SPS=90 m_ev=0.999 m_v_bias=-2.1 m_kl_max=0.0051 mpc_ms=6.9/44 cand=0.000 w_ax@goal=-0.01 return=1012.8 length=79 success_rate=1.00 collisions/ep=0.00 (n=30)
update=94 global_step=192512 SPS=90 m_ev=0.999 m_v_bias=0.9 m_kl_max=0.0186 mpc_ms=6.9/37 cand=0.000 w_ax@goal=-0.01 return=1012.7 length=79 success_rate=1.00 collisions/ep=0.00 (n=26)
update=95 global_step=194560 SPS=90 m_ev=0.998 m_v_bias=-0.0 m_kl_max=0.0084 mpc_ms=7.1/33 cand=0.000 w_ax@goal=-0.01 return=1012.5 length=79 success_rate=1.00 collisions/ep=0.00 (n=24)
Evaluation at update 95: return=1013.45, length=78.85, success_rate=1.00, collisions/ep=0.00
Solved-check at update 95: solved=True worst_gap=-0.02 at p_x0=0.00 p_y0=-1.00 (consecutive=14)
update=96 global_step=196608 SPS=90 m_ev=0.997 m_v_bias=0.4 m_kl_max=0.0142 mpc_ms=7.4/43 cand=0.000 w_ax@goal=-0.01 return=1012.4 length=80 success_rate=1.00 collisions/ep=0.00 (n=24)
update=97 global_step=198656 SPS=90 m_ev=0.999 m_v_bias=-2.6 m_kl_max=0.0042 mpc_ms=7.1/41 cand=0.000 w_ax@goal=-0.01 return=1012.7 length=78 success_rate=1.00 collisions/ep=0.00 (n=27)
update=98 global_step=200704 SPS=90 m_ev=1.000 m_v_bias=0.0 m_kl_max=0.0035 mpc_ms=7.0/30 cand=0.000 w_ax@goal=-0.00 return=1013.2 length=79 success_rate=1.00 collisions/ep=0.00 (n=29)
update=99 global_step=202752 SPS=90 m_ev=0.999 m_v_bias=-0.4 m_kl_max=0.0088 mpc_ms=7.2/44 cand=0.000 w_ax@goal=+0.01 return=1012.6 length=79 success_rate=1.00 collisions/ep=0.00 (n=24)
update=100 global_step=204800 SPS=91 m_ev=0.981 m_v_bias=4.7 m_kl_max=0.0045 mpc_ms=6.8/44 cand=0.000 w_ax@goal=+0.02 return=1011.7 length=80 success_rate=1.00 collisions/ep=0.00 (n=24)
Evaluation at update 100: return=1013.47, length=78.80, success_rate=1.00, collisions/ep=0.00
Solved-check at update 100: solved=True worst_gap=-0.04 at p_x0=0.00 p_y0=-1.00 (consecutive=15)
Saved checkpoints to C:\Users\loren\Desktop\MASTER THESIS\5_CODE\scenarios\slalom\studies\init_sampler\ppo_mpc_sobol\runs\ppo_mpc_slalom_15_1791041800
