Using device: cpu
Solved-check: precomputed optimal returns for 25 fixed initial conditions (mean=1013.0, min=1011.0, max=1015.0); solved-tolerance=5.0
Goal box: +-1.800 m (1.5x segment-reachable; segment-reachable displacement = 1.200 m)
tube MPC: W half-widths [0. 0. 0. 0.], RPI s=0 alpha=0; Z half-widths (p_x, p_y, v_x, v_y) = [0. 0. 0. 0.]
  X0 (-) Z: p_x [-1.000, 11.000], p_y [-1.999, 1.999], |v| <= 1.200; V = U (-) KZ: |u| <= 2.500; K = [-7.613 -4.585] per axis
  4 obstacles, 132 binaries before fixing, max big-M 9.00; horizon N=10, stopping time 5 steps
num_envs=8 num_steps_per_env=256 batch_size=2048 num_updates=100 timesteps=204800
update=1 global_step=2048 SPS=153 m_ev=-0.000 m_v_bias=42.6 m_kl_max=0.0028 mpc_ms=6.2/14 cand=0.000 return=-199.8 length=200 success_rate=0.00 collisions/ep=0.00 (n=8)
update=2 global_step=4096 SPS=147 m_ev=-0.777 m_v_bias=22.6 m_kl_max=0.0101 mpc_ms=6.7/48 cand=0.000 return=-191.7 length=200 success_rate=0.00 collisions/ep=0.00 (n=8)
update=3 global_step=6144 SPS=148 m_ev=-0.164 m_v_bias=12.6 m_kl_max=0.0519 mpc_ms=6.4/32 cand=0.000 return=-178.1 length=200 success_rate=0.00 collisions/ep=0.00 (n=8)
update=4 global_step=8192 SPS=144 m_ev=-0.139 m_v_bias=5.6 m_kl_max=0.0308 mpc_ms=7.1/76 cand=0.000 return=-171.3 length=200 success_rate=0.00 collisions/ep=0.00 (n=16)
update=5 global_step=10240 SPS=143 m_ev=0.153 m_v_bias=1.3 m_kl_max=0.0553 mpc_ms=7.0/44 cand=0.000 return=-159.6 length=200 success_rate=0.00 collisions/ep=0.00 (n=8)
Evaluation at update 5: return=-141.46, length=200.00, success_rate=0.00, collisions/ep=0.00
Solved-check at update 5: solved=False worst_gap=1187.36 at p_x0=2.00 p_y0=-1.00 (consecutive=0)
update=6 global_step=12288 SPS=73 m_ev=0.727 m_v_bias=-0.4 m_kl_max=0.0307 mpc_ms=6.9/42 cand=0.000 return=-152.1 length=200 success_rate=0.00 collisions/ep=0.00 (n=8)
update=7 global_step=14336 SPS=79 m_ev=-0.023 m_v_bias=-17.4 m_kl_max=0.0291 mpc_ms=6.8/45 cand=0.000 w_ax@goal=-0.39 return=-23.4 length=198 success_rate=0.11 collisions/ep=0.00 (n=9)
update=8 global_step=16384 SPS=83 m_ev=-0.297 m_v_bias=2.5 m_kl_max=0.0277 mpc_ms=7.0/50 cand=0.000 w_ax@goal=-0.54 return=-141.8 length=200 success_rate=0.00 collisions/ep=0.00 (n=15)
update=9 global_step=18432 SPS=87 m_ev=-0.016 m_v_bias=-22.0 m_kl_max=0.0123 mpc_ms=6.9/42 cand=0.000 w_ax@goal=+0.28 return=-1.4 length=190 success_rate=0.12 collisions/ep=0.00 (n=8)
update=10 global_step=20480 SPS=90 m_ev=-0.869 m_v_bias=5.1 m_kl_max=0.0185 mpc_ms=7.3/41 cand=0.000 w_ax@goal=-0.62 return=-135.8 length=200 success_rate=0.00 collisions/ep=0.00 (n=9)
Evaluation at update 10: return=7.54, length=197.35, success_rate=0.15, collisions/ep=0.00
Solved-check at update 10: solved=False worst_gap=1191.02 at p_x0=2.00 p_y0=-1.00 (consecutive=0)
update=11 global_step=22528 SPS=70 m_ev=-0.008 m_v_bias=-65.3 m_kl_max=0.0208 mpc_ms=7.1/47 cand=0.000 w_ax@goal=-0.21 return=74.7 length=192 success_rate=0.20 collisions/ep=0.00 (n=15)
update=12 global_step=24576 SPS=72 m_ev=0.151 m_v_bias=-77.8 m_kl_max=0.0142 mpc_ms=8.0/45 cand=0.000 w_ax@goal=-0.51 return=348.2 length=179 success_rate=0.44 collisions/ep=0.00 (n=9)
update=13 global_step=26624 SPS=75 m_ev=0.371 m_v_bias=-75.1 m_kl_max=0.0126 mpc_ms=7.5/59 cand=0.000 w_ax@goal=-0.41 return=348.7 length=176 success_rate=0.45 collisions/ep=0.00 (n=11)
update=14 global_step=28672 SPS=77 m_ev=0.441 m_v_bias=-42.4 m_kl_max=0.0246 mpc_ms=8.0/47 cand=0.000 w_ax@goal=-0.04 return=300.4 length=185 success_rate=0.42 collisions/ep=0.00 (n=12)
update=15 global_step=30720 SPS=79 m_ev=0.664 m_v_bias=-3.6 m_kl_max=0.0081 mpc_ms=7.6/53 cand=0.000 w_ax@goal=-0.39 return=191.5 length=180 success_rate=0.31 collisions/ep=0.00 (n=13)
Evaluation at update 15: return=297.24, length=156.20, success_rate=0.40, collisions/ep=0.00
Solved-check at update 15: solved=False worst_gap=1191.02 at p_x0=2.00 p_y0=-1.00 (consecutive=0)
update=16 global_step=32768 SPS=69 m_ev=0.765 m_v_bias=-78.6 m_kl_max=0.0173 mpc_ms=10.8/93 cand=0.000 w_ax@goal=+0.04 return=662.5 length=144 success_rate=0.73 collisions/ep=0.00 (n=11)
update=17 global_step=34816 SPS=70 m_ev=0.590 m_v_bias=-36.1 m_kl_max=0.0101 mpc_ms=9.4/77 cand=0.000 w_ax@goal=+0.10 return=414.2 length=160 success_rate=0.50 collisions/ep=0.00 (n=14)
update=18 global_step=36864 SPS=72 m_ev=0.753 m_v_bias=-15.6 m_kl_max=0.0105 mpc_ms=7.9/46 cand=0.000 w_ax@goal=-0.15 return=666.5 length=149 success_rate=0.73 collisions/ep=0.00 (n=15)
update=19 global_step=38912 SPS=74 m_ev=0.611 m_v_bias=65.6 m_kl_max=0.0156 mpc_ms=7.8/46 cand=0.000 w_ax@goal=-0.13 return=459.1 length=166 success_rate=0.55 collisions/ep=0.00 (n=11)
update=20 global_step=40960 SPS=74 m_ev=0.822 m_v_bias=-75.6 m_kl_max=0.0220 mpc_ms=9.7/80 cand=0.000 w_ax@goal=-0.01 return=826.8 length=135 success_rate=0.88 collisions/ep=0.00 (n=16)
Evaluation at update 20: return=1002.88, length=87.70, success_rate=1.00, collisions/ep=0.00
Solved-check at update 20: solved=False worst_gap=22.37 at p_x0=2.00 p_y0=-1.00 (consecutive=0)
update=21 global_step=43008 SPS=70 m_ev=0.860 m_v_bias=-85.3 m_kl_max=0.0120 mpc_ms=10.8/68 cand=0.000 w_ax@goal=-0.02 return=980.7 length=111 success_rate=1.00 collisions/ep=0.00 (n=20)
update=22 global_step=45056 SPS=71 m_ev=0.827 m_v_bias=11.9 m_kl_max=0.0232 mpc_ms=9.3/65 cand=0.000 w_ax@goal=+0.08 return=980.5 length=110 success_rate=1.00 collisions/ep=0.00 (n=17)
update=23 global_step=47104 SPS=72 m_ev=0.833 m_v_bias=-27.3 m_kl_max=0.0156 mpc_ms=8.6/60 cand=0.000 w_ax@goal=-0.03 return=890.4 length=106 success_rate=0.90 collisions/ep=0.00 (n=21)
update=24 global_step=49152 SPS=72 m_ev=0.847 m_v_bias=-18.2 m_kl_max=0.0066 mpc_ms=10.3/55 cand=0.000 w_ax@goal=-0.07 return=930.5 length=107 success_rate=0.95 collisions/ep=0.00 (n=19)
update=25 global_step=51200 SPS=73 m_ev=0.929 m_v_bias=5.1 m_kl_max=0.0193 mpc_ms=8.6/60 cand=0.000 w_ax@goal=+0.11 return=994.0 length=97 success_rate=1.00 collisions/ep=0.00 (n=22)
Evaluation at update 25: return=1010.21, length=80.20, success_rate=1.00, collisions/ep=0.00
Solved-check at update 25: solved=True worst_gap=3.47 at p_x0=0.00 p_y0=-1.00 (consecutive=0)
update=26 global_step=53248 SPS=71 m_ev=0.876 m_v_bias=6.0 m_kl_max=0.0090 mpc_ms=10.3/71 cand=0.000 w_ax@goal=-0.00 return=997.9 length=94 success_rate=1.00 collisions/ep=0.00 (n=20)
update=27 global_step=55296 SPS=72 m_ev=0.936 m_v_bias=-16.9 m_kl_max=0.0209 mpc_ms=8.4/53 cand=0.000 w_ax@goal=-0.03 return=992.0 length=99 success_rate=1.00 collisions/ep=0.00 (n=23)
update=28 global_step=57344 SPS=72 m_ev=0.941 m_v_bias=3.3 m_kl_max=0.0064 mpc_ms=8.9/68 cand=0.000 w_ax@goal=+0.04 return=996.4 length=95 success_rate=1.00 collisions/ep=0.00 (n=21)
update=29 global_step=59392 SPS=73 m_ev=0.891 m_v_bias=-2.0 m_kl_max=0.0276 mpc_ms=8.5/57 cand=0.000 w_ax@goal=-0.06 return=999.0 length=93 success_rate=1.00 collisions/ep=0.00 (n=24)
update=30 global_step=61440 SPS=74 m_ev=0.951 m_v_bias=-7.9 m_kl_max=0.0059 mpc_ms=7.1/42 cand=0.000 w_ax@goal=+0.07 return=1004.8 length=87 success_rate=1.00 collisions/ep=0.00 (n=22)
Evaluation at update 30: return=1011.49, length=78.95, success_rate=1.00, collisions/ep=0.00
Solved-check at update 30: solved=True worst_gap=1.91 at p_x0=0.00 p_y0=-1.00 (consecutive=1)
Solved criterion held for 2 consecutive evals (tolerance=5.0) at global_step=61440.
update=31 global_step=63488 SPS=73 m_ev=0.955 m_v_bias=3.8 m_kl_max=0.0118 mpc_ms=8.5/54 cand=0.000 w_ax@goal=-0.06 return=1002.0 length=89 success_rate=1.00 collisions/ep=0.00 (n=22)
update=32 global_step=65536 SPS=73 m_ev=0.961 m_v_bias=-12.6 m_kl_max=0.0086 mpc_ms=8.2/48 cand=0.000 w_ax@goal=+0.03 return=1005.5 length=86 success_rate=1.00 collisions/ep=0.00 (n=24)
update=33 global_step=67584 SPS=74 m_ev=0.948 m_v_bias=16.1 m_kl_max=0.0155 mpc_ms=9.5/57 cand=0.000 w_ax@goal=+0.03 return=1000.9 length=91 success_rate=1.00 collisions/ep=0.00 (n=23)
update=34 global_step=69632 SPS=75 m_ev=0.931 m_v_bias=-4.0 m_kl_max=0.0245 mpc_ms=7.3/43 cand=0.000 w_ax@goal=-0.02 return=1001.7 length=90 success_rate=1.00 collisions/ep=0.00 (n=24)
update=35 global_step=71680 SPS=76 m_ev=0.969 m_v_bias=-6.2 m_kl_max=0.0111 mpc_ms=8.3/58 cand=0.000 w_ax@goal=+0.02 return=1006.0 length=86 success_rate=1.00 collisions/ep=0.00 (n=24)
Evaluation at update 35: return=1012.02, length=78.35, success_rate=1.00, collisions/ep=0.00
Solved-check at update 35: solved=True worst_gap=1.22 at p_x0=0.00 p_y0=-1.00 (consecutive=2)
update=36 global_step=73728 SPS=74 m_ev=0.983 m_v_bias=-10.5 m_kl_max=0.0177 mpc_ms=9.6/68 cand=0.000 w_ax@goal=+0.00 return=1007.9 length=84 success_rate=1.00 collisions/ep=0.00 (n=24)
update=37 global_step=75776 SPS=74 m_ev=0.972 m_v_bias=1.8 m_kl_max=0.0131 mpc_ms=8.3/53 cand=0.000 w_ax@goal=-0.01 return=1007.2 length=84 success_rate=1.00 collisions/ep=0.00 (n=25)
update=38 global_step=77824 SPS=75 m_ev=0.981 m_v_bias=-2.8 m_kl_max=0.0060 mpc_ms=6.5/44 cand=0.000 w_ax@goal=+0.04 return=1009.0 length=83 success_rate=1.00 collisions/ep=0.00 (n=24)
update=39 global_step=79872 SPS=76 m_ev=0.977 m_v_bias=2.6 m_kl_max=0.0014 mpc_ms=6.9/44 cand=0.000 w_ax@goal=-0.07 return=1006.8 length=85 success_rate=1.00 collisions/ep=0.00 (n=24)
update=40 global_step=81920 SPS=77 m_ev=0.985 m_v_bias=-1.9 m_kl_max=0.0102 mpc_ms=7.2/45 cand=0.000 w_ax@goal=-0.01 return=1008.3 length=83 success_rate=1.00 collisions/ep=0.00 (n=24)
Evaluation at update 40: return=1012.29, length=78.05, success_rate=1.00, collisions/ep=0.00
Solved-check at update 40: solved=True worst_gap=0.88 at p_x0=0.00 p_y0=-1.00 (consecutive=3)
update=41 global_step=83968 SPS=76 m_ev=0.984 m_v_bias=-2.3 m_kl_max=0.0318 mpc_ms=6.8/65 cand=0.000 w_ax@goal=+0.06 return=1007.7 length=84 success_rate=1.00 collisions/ep=0.00 (n=24)
update=42 global_step=86016 SPS=76 m_ev=0.970 m_v_bias=-0.7 m_kl_max=0.0137 mpc_ms=11.4/74 cand=0.000 w_ax@goal=+0.01 return=1010.2 length=81 success_rate=1.00 collisions/ep=0.00 (n=24)
update=43 global_step=88064 SPS=77 m_ev=0.982 m_v_bias=-0.2 m_kl_max=0.0115 mpc_ms=7.0/60 cand=0.000 w_ax@goal=+0.01 return=1005.5 length=86 success_rate=1.00 collisions/ep=0.00 (n=24)
update=44 global_step=90112 SPS=78 m_ev=0.987 m_v_bias=-5.3 m_kl_max=0.0157 mpc_ms=5.3/43 cand=0.000 w_ax@goal=-0.04 return=1008.8 length=82 success_rate=1.00 collisions/ep=0.00 (n=25)
update=45 global_step=92160 SPS=79 m_ev=0.979 m_v_bias=5.6 m_kl_max=0.0156 mpc_ms=6.3/73 cand=0.000 w_ax@goal=+0.02 return=1008.6 length=84 success_rate=1.00 collisions/ep=0.00 (n=26)
Evaluation at update 45: return=1012.49, length=77.95, success_rate=1.00, collisions/ep=0.00
Solved-check at update 45: solved=True worst_gap=0.84 at p_x0=0.00 p_y0=-1.00 (consecutive=4)
update=46 global_step=94208 SPS=78 m_ev=0.994 m_v_bias=-8.7 m_kl_max=0.0191 mpc_ms=9.1/69 cand=0.000 w_ax@goal=-0.06 return=1011.0 length=80 success_rate=1.00 collisions/ep=0.00 (n=28)
update=47 global_step=96256 SPS=78 m_ev=0.992 m_v_bias=0.8 m_kl_max=0.0138 mpc_ms=11.2/55 cand=0.000 w_ax@goal=-0.00 return=1010.2 length=81 success_rate=1.00 collisions/ep=0.00 (n=25)
update=48 global_step=98304 SPS=78 m_ev=0.986 m_v_bias=2.3 m_kl_max=0.0154 mpc_ms=8.3/57 cand=0.000 w_ax@goal=-0.01 return=1009.1 length=82 success_rate=1.00 collisions/ep=0.00 (n=24)
update=49 global_step=100352 SPS=78 m_ev=0.982 m_v_bias=-0.9 m_kl_max=0.0085 mpc_ms=10.8/77 cand=0.000 w_ax@goal=-0.00 return=1010.8 length=81 success_rate=1.00 collisions/ep=0.00 (n=24)
update=50 global_step=102400 SPS=79 m_ev=0.995 m_v_bias=-4.7 m_kl_max=0.0185 mpc_ms=7.7/45 cand=0.000 w_ax@goal=-0.00 return=1010.5 length=81 success_rate=1.00 collisions/ep=0.00 (n=24)
Evaluation at update 50: return=1012.69, length=77.75, success_rate=1.00, collisions/ep=0.00
Solved-check at update 50: solved=True worst_gap=0.60 at p_x0=0.00 p_y0=-1.00 (consecutive=5)
update=51 global_step=104448 SPS=78 m_ev=0.995 m_v_bias=-2.9 m_kl_max=0.0046 mpc_ms=6.9/46 cand=0.000 w_ax@goal=-0.00 return=1011.7 length=80 success_rate=1.00 collisions/ep=0.00 (n=25)
update=52 global_step=106496 SPS=79 m_ev=0.991 m_v_bias=3.7 m_kl_max=0.0207 mpc_ms=7.5/45 cand=0.000 w_ax@goal=+0.03 return=1011.0 length=81 success_rate=1.00 collisions/ep=0.00 (n=29)
update=53 global_step=108544 SPS=79 m_ev=0.979 m_v_bias=2.6 m_kl_max=0.0171 mpc_ms=7.2/45 cand=0.000 w_ax@goal=+0.01 return=1010.1 length=81 success_rate=1.00 collisions/ep=0.00 (n=25)
update=54 global_step=110592 SPS=80 m_ev=0.994 m_v_bias=-2.8 m_kl_max=0.0128 mpc_ms=8.7/45 cand=0.000 w_ax@goal=-0.00 return=1010.2 length=82 success_rate=1.00 collisions/ep=0.00 (n=25)
update=55 global_step=112640 SPS=80 m_ev=0.996 m_v_bias=-2.1 m_kl_max=0.0085 mpc_ms=8.7/44 cand=0.000 w_ax@goal=-0.05 return=1011.3 length=80 success_rate=1.00 collisions/ep=0.00 (n=24)
Evaluation at update 55: return=1012.81, length=77.50, success_rate=1.00, collisions/ep=0.00
Solved-check at update 55: solved=True worst_gap=0.40 at p_x0=0.00 p_y0=-1.00 (consecutive=6)
update=56 global_step=114688 SPS=79 m_ev=0.999 m_v_bias=-4.0 m_kl_max=0.0074 mpc_ms=7.6/51 cand=0.000 w_ax@goal=+0.01 return=1012.4 length=79 success_rate=1.00 collisions/ep=0.00 (n=24)
update=57 global_step=116736 SPS=79 m_ev=0.994 m_v_bias=3.7 m_kl_max=0.0016 mpc_ms=7.0/42 cand=0.000 w_ax@goal=-0.01 return=1011.4 length=80 success_rate=1.00 collisions/ep=0.00 (n=26)
update=58 global_step=118784 SPS=80 m_ev=0.993 m_v_bias=0.9 m_kl_max=0.0092 mpc_ms=6.9/55 cand=0.000 w_ax@goal=-0.02 return=1011.0 length=81 success_rate=1.00 collisions/ep=0.00 (n=29)
update=59 global_step=120832 SPS=80 m_ev=0.996 m_v_bias=1.7 m_kl_max=0.0031 mpc_ms=10.9/53 cand=0.000 w_ax@goal=-0.01 return=1011.8 length=80 success_rate=1.00 collisions/ep=0.00 (n=25)
update=60 global_step=122880 SPS=80 m_ev=0.996 m_v_bias=0.4 m_kl_max=0.0069 mpc_ms=8.2/46 cand=0.000 w_ax@goal=+0.03 return=1011.2 length=80 success_rate=1.00 collisions/ep=0.00 (n=24)
Evaluation at update 60: return=1012.93, length=77.35, success_rate=1.00, collisions/ep=0.00
Solved-check at update 60: solved=True worst_gap=0.24 at p_x0=0.00 p_y0=-1.00 (consecutive=7)
update=61 global_step=124928 SPS=79 m_ev=0.992 m_v_bias=1.7 m_kl_max=0.0198 mpc_ms=7.7/44 cand=0.000 w_ax@goal=-0.01 return=1010.8 length=81 success_rate=1.00 collisions/ep=0.00 (n=24)
update=62 global_step=126976 SPS=80 m_ev=0.994 m_v_bias=1.4 m_kl_max=0.0125 mpc_ms=7.8/48 cand=0.000 w_ax@goal=-0.03 return=1010.3 length=81 success_rate=1.00 collisions/ep=0.00 (n=24)
update=63 global_step=129024 SPS=80 m_ev=0.993 m_v_bias=1.4 m_kl_max=0.0285 mpc_ms=7.6/54 cand=0.000 w_ax@goal=-0.02 return=1011.4 length=80 success_rate=1.00 collisions/ep=0.00 (n=30)
update=64 global_step=131072 SPS=81 m_ev=0.996 m_v_bias=-3.6 m_kl_max=0.0073 mpc_ms=7.3/54 cand=0.000 w_ax@goal=+0.00 return=1011.6 length=80 success_rate=1.00 collisions/ep=0.00 (n=26)
update=65 global_step=133120 SPS=81 m_ev=0.996 m_v_bias=-0.9 m_kl_max=0.0148 mpc_ms=8.6/56 cand=0.000 w_ax@goal=+0.01 return=1012.3 length=79 success_rate=1.00 collisions/ep=0.00 (n=24)
Evaluation at update 65: return=1012.98, length=77.35, success_rate=1.00, collisions/ep=0.00
Solved-check at update 65: solved=True worst_gap=0.19 at p_x0=0.00 p_y0=-1.00 (consecutive=8)
update=66 global_step=135168 SPS=80 m_ev=0.991 m_v_bias=1.6 m_kl_max=0.0178 mpc_ms=7.0/46 cand=0.000 w_ax@goal=+0.01 return=1010.4 length=81 success_rate=1.00 collisions/ep=0.00 (n=24)
update=67 global_step=137216 SPS=81 m_ev=0.993 m_v_bias=-0.5 m_kl_max=0.0122 mpc_ms=6.8/63 cand=0.000 w_ax@goal=-0.01 return=1011.3 length=80 success_rate=1.00 collisions/ep=0.00 (n=24)
update=68 global_step=139264 SPS=81 m_ev=0.998 m_v_bias=-1.2 m_kl_max=0.0131 mpc_ms=7.3/40 cand=0.000 w_ax@goal=+0.00 return=1012.5 length=79 success_rate=1.00 collisions/ep=0.00 (n=31)
update=69 global_step=141312 SPS=82 m_ev=0.998 m_v_bias=-2.3 m_kl_max=0.0132 mpc_ms=6.6/40 cand=0.000 w_ax@goal=+0.00 return=1012.7 length=79 success_rate=1.00 collisions/ep=0.00 (n=25)
update=70 global_step=143360 SPS=82 m_ev=0.989 m_v_bias=2.7 m_kl_max=0.0135 mpc_ms=7.9/41 cand=0.000 w_ax@goal=-0.00 return=1011.0 length=81 success_rate=1.00 collisions/ep=0.00 (n=24)
Evaluation at update 70: return=1013.03, length=77.35, success_rate=1.00, collisions/ep=0.00
Solved-check at update 70: solved=True worst_gap=0.12 at p_x0=0.00 p_y0=-1.00 (consecutive=9)
update=71 global_step=145408 SPS=81 m_ev=0.998 m_v_bias=0.1 m_kl_max=0.0127 mpc_ms=9.0/37 cand=0.000 w_ax@goal=+0.03 return=1012.7 length=79 success_rate=1.00 collisions/ep=0.00 (n=24)
update=72 global_step=147456 SPS=81 m_ev=0.998 m_v_bias=0.8 m_kl_max=0.0130 mpc_ms=7.3/42 cand=0.000 w_ax@goal=+0.00 return=1012.4 length=79 success_rate=1.00 collisions/ep=0.00 (n=26)
update=73 global_step=149504 SPS=82 m_ev=0.999 m_v_bias=-0.4 m_kl_max=0.0069 mpc_ms=6.6/43 cand=0.000 w_ax@goal=-0.00 return=1012.8 length=79 success_rate=1.00 collisions/ep=0.00 (n=30)
update=74 global_step=151552 SPS=82 m_ev=0.998 m_v_bias=-0.2 m_kl_max=0.0128 mpc_ms=8.4/50 cand=0.000 w_ax@goal=-0.02 return=1012.7 length=79 success_rate=1.00 collisions/ep=0.00 (n=24)
update=75 global_step=153600 SPS=82 m_ev=0.999 m_v_bias=2.0 m_kl_max=0.0113 mpc_ms=8.2/47 cand=0.000 w_ax@goal=+0.03 return=1012.6 length=79 success_rate=1.00 collisions/ep=0.00 (n=24)
Evaluation at update 75: return=1013.07, length=77.35, success_rate=1.00, collisions/ep=0.00
Solved-check at update 75: solved=True worst_gap=0.07 at p_x0=0.00 p_y0=-1.00 (consecutive=10)
update=76 global_step=155648 SPS=82 m_ev=0.976 m_v_bias=4.7 m_kl_max=0.0054 mpc_ms=7.0/41 cand=0.000 w_ax@goal=-0.06 return=1012.5 length=79 success_rate=1.00 collisions/ep=0.00 (n=26)
update=77 global_step=157696 SPS=82 m_ev=0.996 m_v_bias=-1.8 m_kl_max=0.0103 mpc_ms=6.8/35 cand=0.000 w_ax@goal=-0.00 return=1010.8 length=81 success_rate=1.00 collisions/ep=0.00 (n=29)
update=78 global_step=159744 SPS=82 m_ev=0.990 m_v_bias=1.0 m_kl_max=0.0060 mpc_ms=6.7/49 cand=0.000 w_ax@goal=+0.01 return=1011.6 length=80 success_rate=1.00 collisions/ep=0.00 (n=25)
update=79 global_step=161792 SPS=83 m_ev=0.996 m_v_bias=-1.1 m_kl_max=0.0106 mpc_ms=7.0/41 cand=0.000 w_ax@goal=-0.00 return=1012.6 length=79 success_rate=1.00 collisions/ep=0.00 (n=24)
update=80 global_step=163840 SPS=83 m_ev=0.998 m_v_bias=-1.4 m_kl_max=0.0058 mpc_ms=7.7/41 cand=0.000 w_ax@goal=-0.01 return=1011.8 length=80 success_rate=1.00 collisions/ep=0.00 (n=24)
Evaluation at update 80: return=1013.10, length=77.35, success_rate=1.00, collisions/ep=0.00
Solved-check at update 80: solved=True worst_gap=0.04 at p_x0=0.00 p_y0=-1.00 (consecutive=11)
update=81 global_step=165888 SPS=83 m_ev=0.999 m_v_bias=-0.5 m_kl_max=0.0314 mpc_ms=4.4/43 cand=0.000 w_ax@goal=+0.02 return=1012.9 length=79 success_rate=1.00 collisions/ep=0.00 (n=28)
update=82 global_step=167936 SPS=83 m_ev=0.999 m_v_bias=-0.1 m_kl_max=0.0106 mpc_ms=4.4/41 cand=0.000 w_ax@goal=-0.01 return=1012.8 length=79 success_rate=1.00 collisions/ep=0.00 (n=28)
update=83 global_step=169984 SPS=84 m_ev=0.999 m_v_bias=0.1 m_kl_max=0.0152 mpc_ms=4.7/24 cand=0.000 w_ax@goal=+0.02 return=1013.1 length=78 success_rate=1.00 collisions/ep=0.00 (n=24)
update=84 global_step=172032 SPS=84 m_ev=0.999 m_v_bias=0.8 m_kl_max=0.0052 mpc_ms=6.8/40 cand=0.000 w_ax@goal=+0.00 return=1012.7 length=79 success_rate=1.00 collisions/ep=0.00 (n=24)
update=85 global_step=174080 SPS=85 m_ev=1.000 m_v_bias=0.9 m_kl_max=0.0087 mpc_ms=7.1/57 cand=0.000 w_ax@goal=-0.00 return=1012.9 length=78 success_rate=1.00 collisions/ep=0.00 (n=27)
Evaluation at update 85: return=1013.13, length=77.30, success_rate=1.00, collisions/ep=0.00
Solved-check at update 85: solved=True worst_gap=0.00 at p_x0=0.00 p_y0=-1.00 (consecutive=12)
update=86 global_step=176128 SPS=84 m_ev=0.999 m_v_bias=0.2 m_kl_max=0.0172 mpc_ms=8.0/51 cand=0.000 w_ax@goal=-0.02 return=1012.9 length=79 success_rate=1.00 collisions/ep=0.00 (n=29)
update=87 global_step=178176 SPS=84 m_ev=0.998 m_v_bias=0.9 m_kl_max=0.0140 mpc_ms=11.1/68 cand=0.000 w_ax@goal=-0.00 return=1012.5 length=79 success_rate=1.00 collisions/ep=0.00 (n=24)
update=88 global_step=180224 SPS=84 m_ev=0.999 m_v_bias=-1.5 m_kl_max=0.0168 mpc_ms=8.4/42 cand=0.000 w_ax@goal=+0.00 return=1013.1 length=78 success_rate=1.00 collisions/ep=0.00 (n=24)
update=89 global_step=182272 SPS=84 m_ev=1.000 m_v_bias=1.1 m_kl_max=0.0136 mpc_ms=9.9/56 cand=0.000 w_ax@goal=+0.01 return=1012.9 length=79 success_rate=1.00 collisions/ep=0.00 (n=29)
update=90 global_step=184320 SPS=85 m_ev=0.998 m_v_bias=0.4 m_kl_max=0.0158 mpc_ms=8.8/65 cand=0.000 w_ax@goal=-0.02 return=1012.7 length=79 success_rate=1.00 collisions/ep=0.00 (n=27)
Evaluation at update 90: return=1013.12, length=77.20, success_rate=1.00, collisions/ep=0.00
Solved-check at update 90: solved=True worst_gap=-0.02 at p_x0=0.00 p_y0=-1.00 (consecutive=13)
update=91 global_step=186368 SPS=84 m_ev=0.999 m_v_bias=-0.1 m_kl_max=0.0159 mpc_ms=10.6/58 cand=0.000 w_ax@goal=-0.01 return=1012.8 length=79 success_rate=1.00 collisions/ep=0.00 (n=24)
update=92 global_step=188416 SPS=84 m_ev=0.995 m_v_bias=1.9 m_kl_max=0.0020 mpc_ms=10.1/68 cand=0.000 w_ax@goal=-0.01 return=1012.2 length=80 success_rate=1.00 collisions/ep=0.00 (n=24)
update=93 global_step=190464 SPS=84 m_ev=0.998 m_v_bias=-0.0 m_kl_max=0.0035 mpc_ms=10.6/70 cand=0.000 w_ax@goal=-0.00 return=1012.7 length=78 success_rate=1.00 collisions/ep=0.00 (n=27)
update=94 global_step=192512 SPS=84 m_ev=0.999 m_v_bias=-0.2 m_kl_max=0.0073 mpc_ms=7.5/38 cand=0.000 w_ax@goal=+0.00 return=1012.9 length=80 success_rate=1.00 collisions/ep=0.00 (n=29)
update=95 global_step=194560 SPS=84 m_ev=0.999 m_v_bias=-0.7 m_kl_max=0.0086 mpc_ms=8.1/43 cand=0.000 w_ax@goal=-0.01 return=1013.0 length=79 success_rate=1.00 collisions/ep=0.00 (n=24)
Evaluation at update 95: return=1013.16, length=77.20, success_rate=1.00, collisions/ep=0.00
Solved-check at update 95: solved=True worst_gap=-0.05 at p_x0=0.00 p_y0=-1.00 (consecutive=14)
update=96 global_step=196608 SPS=83 m_ev=0.991 m_v_bias=1.8 m_kl_max=0.0179 mpc_ms=7.0/52 cand=0.000 w_ax@goal=+0.01 return=1012.9 length=79 success_rate=1.00 collisions/ep=0.00 (n=24)
update=97 global_step=198656 SPS=83 m_ev=0.999 m_v_bias=-1.8 m_kl_max=0.0158 mpc_ms=6.8/44 cand=0.000 w_ax@goal=-0.00 return=1012.2 length=79 success_rate=1.00 collisions/ep=0.00 (n=26)
update=98 global_step=200704 SPS=84 m_ev=0.999 m_v_bias=0.8 m_kl_max=0.0110 mpc_ms=8.3/47 cand=0.000 w_ax@goal=+0.01 return=1012.8 length=79 success_rate=1.00 collisions/ep=0.00 (n=30)
update=99 global_step=202752 SPS=84 m_ev=0.995 m_v_bias=-0.1 m_kl_max=0.0157 mpc_ms=10.9/50 cand=0.000 w_ax@goal=+0.01 return=1012.4 length=79 success_rate=1.00 collisions/ep=0.00 (n=24)
update=100 global_step=204800 SPS=84 m_ev=0.989 m_v_bias=1.3 m_kl_max=0.0087 mpc_ms=9.0/69 cand=0.000 w_ax@goal=+0.00 return=1011.9 length=80 success_rate=1.00 collisions/ep=0.00 (n=24)
Evaluation at update 100: return=1013.16, length=77.20, success_rate=1.00, collisions/ep=0.00
Solved-check at update 100: solved=True worst_gap=-0.07 at p_x0=0.00 p_y0=-1.00 (consecutive=15)
Saved checkpoints to C:\Users\loren\Desktop\MASTER THESIS\5_CODE\scenarios\slalom\studies\init_sampler\ppo_mpc_sobol\runs\ppo_mpc_slalom_1_1791036582
