Using device: cpu
Solved-check: precomputed optimal returns for 25 fixed initial conditions (mean=1013.0, min=1011.0, max=1015.0); solved-tolerance=5.0
Goal box: +-1.800 m (1.5x segment-reachable; segment-reachable displacement = 1.200 m)
tube MPC: W half-widths [0. 0. 0. 0.], RPI s=0 alpha=0; Z half-widths (p_x, p_y, v_x, v_y) = [0. 0. 0. 0.]
  X0 (-) Z: p_x [-1.000, 11.000], p_y [-1.999, 1.999], |v| <= 1.200; V = U (-) KZ: |u| <= 2.500; K = [-7.613 -4.585] per axis
  4 obstacles, 132 binaries before fixing, max big-M 9.00; horizon N=10, stopping time 5 steps
num_envs=8 num_steps_per_env=256 batch_size=2048 num_updates=100 timesteps=204800
update=1 global_step=2048 SPS=133 m_ev=0.004 m_v_bias=44.0 m_kl_max=0.0012 mpc_ms=7.2/38 cand=0.000 return=-197.8 length=200 success_rate=0.00 collisions/ep=0.00 (n=8)
update=2 global_step=4096 SPS=135 m_ev=-0.925 m_v_bias=22.4 m_kl_max=0.0136 mpc_ms=6.9/23 cand=0.000 return=-199.5 length=200 success_rate=0.00 collisions/ep=0.00 (n=8)
update=3 global_step=6144 SPS=133 m_ev=-0.165 m_v_bias=12.5 m_kl_max=0.0348 mpc_ms=7.3/38 cand=0.000 return=-178.2 length=200 success_rate=0.00 collisions/ep=0.00 (n=8)
update=4 global_step=8192 SPS=132 m_ev=0.064 m_v_bias=5.7 m_kl_max=0.0503 mpc_ms=7.3/47 cand=0.000 return=-175.4 length=200 success_rate=0.00 collisions/ep=0.00 (n=16)
update=5 global_step=10240 SPS=132 m_ev=0.338 m_v_bias=1.6 m_kl_max=0.0462 mpc_ms=7.2/40 cand=0.000 return=-163.4 length=200 success_rate=0.00 collisions/ep=0.00 (n=8)
Evaluation at update 5: return=-141.58, length=200.00, success_rate=0.00, collisions/ep=0.00
Solved-check at update 5: solved=False worst_gap=1177.90 at p_x0=2.00 p_y0=-1.00 (consecutive=0)
update=6 global_step=12288 SPS=69 m_ev=0.701 m_v_bias=-0.1 m_kl_max=0.0500 mpc_ms=9.8/57 cand=0.000 return=-149.3 length=200 success_rate=0.00 collisions/ep=0.00 (n=8)
update=7 global_step=14336 SPS=74 m_ev=0.863 m_v_bias=0.5 m_kl_max=0.0431 mpc_ms=7.7/42 cand=0.000 return=-153.6 length=200 success_rate=0.00 collisions/ep=0.00 (n=8)
update=8 global_step=16384 SPS=77 m_ev=0.934 m_v_bias=-0.1 m_kl_max=0.0487 mpc_ms=8.1/66 cand=0.000 return=-143.2 length=200 success_rate=0.00 collisions/ep=0.00 (n=16)
update=9 global_step=18432 SPS=80 m_ev=0.954 m_v_bias=-1.2 m_kl_max=0.0451 mpc_ms=8.8/67 cand=0.000 return=-140.2 length=200 success_rate=0.00 collisions/ep=0.00 (n=8)
update=10 global_step=20480 SPS=84 m_ev=0.945 m_v_bias=-0.6 m_kl_max=0.0232 mpc_ms=6.4/50 cand=0.000 w_ax@goal=-0.67 return=-133.1 length=200 success_rate=0.00 collisions/ep=0.00 (n=8)
Evaluation at update 10: return=-154.22, length=200.00, success_rate=0.00, collisions/ep=0.00
Solved-check at update 10: solved=False worst_gap=1191.02 at p_x0=2.00 p_y0=1.00 (consecutive=0)
update=11 global_step=22528 SPS=46 m_ev=-0.019 m_v_bias=-32.5 m_kl_max=0.0183 mpc_ms=7.8/97 cand=0.000 w_ax@goal=+0.73 return=-71.9 length=196 success_rate=0.06 collisions/ep=0.00 (n=16)
update=12 global_step=24576 SPS=48 m_ev=-0.294 m_v_bias=5.3 m_kl_max=0.0070 mpc_ms=10.1/85 cand=0.000 return=-140.2 length=200 success_rate=0.00 collisions/ep=0.00 (n=8)
update=13 global_step=26624 SPS=50 m_ev=0.499 m_v_bias=4.8 m_kl_max=0.0137 mpc_ms=11.6/70 cand=0.000 w_ax@goal=-1.84 return=-139.1 length=200 success_rate=0.00 collisions/ep=0.00 (n=8)
update=14 global_step=28672 SPS=52 m_ev=0.859 m_v_bias=3.5 m_kl_max=0.0311 mpc_ms=8.7/66 cand=0.000 w_ax@goal=-1.85 return=-136.4 length=200 success_rate=0.00 collisions/ep=0.00 (n=9)
update=15 global_step=30720 SPS=54 m_ev=-0.005 m_v_bias=-54.1 m_kl_max=0.0382 mpc_ms=6.8/62 cand=0.000 w_ax@goal=-0.96 return=14.3 length=187 success_rate=0.13 collisions/ep=0.00 (n=15)
Evaluation at update 15: return=-140.72, length=200.00, success_rate=0.00, collisions/ep=0.00
Solved-check at update 15: solved=False worst_gap=1161.02 at p_x0=2.00 p_y0=-1.00 (consecutive=0)
update=16 global_step=32768 SPS=50 m_ev=0.108 m_v_bias=-124.8 m_kl_max=0.0143 mpc_ms=7.1/61 cand=0.000 w_ax@goal=-0.31 return=362.3 length=171 success_rate=0.45 collisions/ep=0.00 (n=11)
update=17 global_step=34816 SPS=51 m_ev=0.543 m_v_bias=-68.6 m_kl_max=0.0278 mpc_ms=10.2/64 cand=0.000 w_ax@goal=-0.54 return=312.9 length=177 success_rate=0.42 collisions/ep=0.00 (n=12)
update=18 global_step=36864 SPS=53 m_ev=0.490 m_v_bias=-103.0 m_kl_max=0.0257 mpc_ms=8.2/52 cand=0.000 w_ax@goal=-0.11 return=484.2 length=164 success_rate=0.57 collisions/ep=0.00 (n=14)
update=19 global_step=38912 SPS=54 m_ev=0.574 m_v_bias=-73.8 m_kl_max=0.0186 mpc_ms=9.5/65 cand=0.000 w_ax@goal=-0.14 return=688.4 length=144 success_rate=0.75 collisions/ep=0.00 (n=12)
update=20 global_step=40960 SPS=55 m_ev=0.707 m_v_bias=-30.1 m_kl_max=0.0119 mpc_ms=9.7/60 cand=0.000 w_ax@goal=-0.11 return=650.3 length=149 success_rate=0.71 collisions/ep=0.00 (n=14)
Evaluation at update 20: return=298.50, length=155.40, success_rate=0.40, collisions/ep=0.00
Solved-check at update 20: solved=False worst_gap=1191.02 at p_x0=2.00 p_y0=-0.50 (consecutive=0)
update=21 global_step=43008 SPS=52 m_ev=0.778 m_v_bias=-10.5 m_kl_max=0.0094 mpc_ms=9.6/84 cand=0.000 w_ax@goal=+0.06 return=566.1 length=151 success_rate=0.64 collisions/ep=0.00 (n=14)
update=22 global_step=45056 SPS=53 m_ev=0.700 m_v_bias=19.1 m_kl_max=0.0070 mpc_ms=7.6/49 cand=0.000 w_ax@goal=-0.04 return=572.8 length=147 success_rate=0.64 collisions/ep=0.00 (n=14)
update=23 global_step=47104 SPS=54 m_ev=0.803 m_v_bias=-1.6 m_kl_max=0.0245 mpc_ms=9.4/49 cand=0.000 w_ax@goal=-0.17 return=699.6 length=155 success_rate=0.77 collisions/ep=0.00 (n=13)
update=24 global_step=49152 SPS=56 m_ev=0.798 m_v_bias=-5.7 m_kl_max=0.0231 mpc_ms=9.4/45 cand=0.000 w_ax@goal=-0.06 return=791.5 length=141 success_rate=0.85 collisions/ep=0.00 (n=13)
update=25 global_step=51200 SPS=57 m_ev=0.858 m_v_bias=1.6 m_kl_max=0.0220 mpc_ms=7.5/59 cand=0.000 w_ax@goal=+0.13 return=520.8 length=152 success_rate=0.60 collisions/ep=0.00 (n=15)
Evaluation at update 25: return=1001.80, length=89.05, success_rate=1.00, collisions/ep=0.00
Solved-check at update 25: solved=False worst_gap=22.44 at p_x0=2.00 p_y0=-1.00 (consecutive=0)
update=26 global_step=53248 SPS=55 m_ev=0.823 m_v_bias=9.4 m_kl_max=0.0129 mpc_ms=7.6/41 cand=0.000 w_ax@goal=+0.04 return=748.4 length=139 success_rate=0.80 collisions/ep=0.00 (n=15)
update=27 global_step=55296 SPS=56 m_ev=0.859 m_v_bias=-61.4 m_kl_max=0.0203 mpc_ms=7.4/38 cand=0.000 w_ax@goal=-0.06 return=915.0 length=119 success_rate=0.94 collisions/ep=0.00 (n=18)
update=28 global_step=57344 SPS=58 m_ev=0.866 m_v_bias=-27.7 m_kl_max=0.0191 mpc_ms=8.5/73 cand=0.000 w_ax@goal=-0.04 return=988.3 length=104 success_rate=1.00 collisions/ep=0.00 (n=21)
update=29 global_step=59392 SPS=59 m_ev=0.883 m_v_bias=-16.2 m_kl_max=0.0135 mpc_ms=7.8/48 cand=0.000 w_ax@goal=-0.09 return=985.7 length=106 success_rate=1.00 collisions/ep=0.00 (n=19)
update=30 global_step=61440 SPS=60 m_ev=0.916 m_v_bias=-5.5 m_kl_max=0.0134 mpc_ms=7.7/51 cand=0.000 w_ax@goal=-0.02 return=996.3 length=95 success_rate=1.00 collisions/ep=0.00 (n=21)
Evaluation at update 30: return=1010.57, length=80.35, success_rate=1.00, collisions/ep=0.00
Solved-check at update 30: solved=True worst_gap=3.06 at p_x0=0.00 p_y0=-1.00 (consecutive=0)
update=31 global_step=63488 SPS=59 m_ev=0.908 m_v_bias=10.5 m_kl_max=0.0196 mpc_ms=8.1/51 cand=0.000 w_ax@goal=+0.02 return=994.7 length=97 success_rate=1.00 collisions/ep=0.00 (n=22)
update=32 global_step=65536 SPS=59 m_ev=0.921 m_v_bias=-7.7 m_kl_max=0.0072 mpc_ms=10.3/59 cand=0.000 w_ax@goal=+0.05 return=999.4 length=92 success_rate=1.00 collisions/ep=0.00 (n=22)
update=33 global_step=67584 SPS=60 m_ev=0.934 m_v_bias=-13.6 m_kl_max=0.0085 mpc_ms=9.8/73 cand=0.000 w_ax@goal=-0.00 return=1001.5 length=90 success_rate=1.00 collisions/ep=0.00 (n=23)
update=34 global_step=69632 SPS=61 m_ev=0.965 m_v_bias=-4.5 m_kl_max=0.0170 mpc_ms=8.4/74 cand=0.000 w_ax@goal=+0.01 return=1003.4 length=88 success_rate=1.00 collisions/ep=0.00 (n=25)
update=35 global_step=71680 SPS=62 m_ev=0.965 m_v_bias=3.2 m_kl_max=0.0091 mpc_ms=7.1/43 cand=0.000 w_ax@goal=+0.08 return=1003.4 length=88 success_rate=1.00 collisions/ep=0.00 (n=23)
Evaluation at update 35: return=1011.63, length=79.20, success_rate=1.00, collisions/ep=0.00
Solved-check at update 35: solved=True worst_gap=1.80 at p_x0=0.00 p_y0=-1.00 (consecutive=1)
Solved criterion held for 2 consecutive evals (tolerance=5.0) at global_step=71680.
update=36 global_step=73728 SPS=61 m_ev=0.947 m_v_bias=-5.1 m_kl_max=0.0088 mpc_ms=7.3/58 cand=0.000 w_ax@goal=-0.06 return=1002.9 length=88 success_rate=1.00 collisions/ep=0.00 (n=24)
update=37 global_step=75776 SPS=62 m_ev=0.946 m_v_bias=3.6 m_kl_max=0.0076 mpc_ms=8.2/82 cand=0.000 w_ax@goal=-0.01 return=1005.6 length=86 success_rate=1.00 collisions/ep=0.00 (n=22)
update=38 global_step=77824 SPS=63 m_ev=0.952 m_v_bias=2.6 m_kl_max=0.0092 mpc_ms=7.0/48 cand=0.000 w_ax@goal=-0.01 return=1002.2 length=89 success_rate=1.00 collisions/ep=0.00 (n=23)
update=39 global_step=79872 SPS=64 m_ev=0.971 m_v_bias=-8.8 m_kl_max=0.0084 mpc_ms=7.0/52 cand=0.000 w_ax@goal=+0.08 return=1006.1 length=86 success_rate=1.00 collisions/ep=0.00 (n=22)
update=40 global_step=81920 SPS=65 m_ev=0.982 m_v_bias=-6.6 m_kl_max=0.0217 mpc_ms=7.0/49 cand=0.000 w_ax@goal=-0.02 return=1008.0 length=83 success_rate=1.00 collisions/ep=0.00 (n=26)
Evaluation at update 40: return=1012.20, length=78.70, success_rate=1.00, collisions/ep=0.00
Solved-check at update 40: solved=True worst_gap=1.09 at p_x0=0.00 p_y0=-1.00 (consecutive=2)
update=41 global_step=83968 SPS=64 m_ev=0.973 m_v_bias=5.6 m_kl_max=0.0118 mpc_ms=7.5/50 cand=0.000 w_ax@goal=-0.11 return=1007.1 length=85 success_rate=1.00 collisions/ep=0.00 (n=25)
update=42 global_step=86016 SPS=65 m_ev=0.971 m_v_bias=-2.7 m_kl_max=0.0089 mpc_ms=9.1/56 cand=0.000 w_ax@goal=+0.03 return=1005.7 length=86 success_rate=1.00 collisions/ep=0.00 (n=24)
update=43 global_step=88064 SPS=65 m_ev=0.988 m_v_bias=-6.7 m_kl_max=0.0202 mpc_ms=9.0/65 cand=0.000 w_ax@goal=-0.03 return=1008.6 length=83 success_rate=1.00 collisions/ep=0.00 (n=26)
update=44 global_step=90112 SPS=66 m_ev=0.959 m_v_bias=9.8 m_kl_max=0.0100 mpc_ms=8.5/60 cand=0.000 w_ax@goal=-0.04 return=1005.9 length=85 success_rate=1.00 collisions/ep=0.00 (n=22)
update=45 global_step=92160 SPS=66 m_ev=0.969 m_v_bias=-5.1 m_kl_max=0.0344 mpc_ms=7.0/40 cand=0.000 w_ax@goal=+0.01 return=1006.0 length=86 success_rate=1.00 collisions/ep=0.00 (n=26)
Evaluation at update 45: return=1012.44, length=78.45, success_rate=1.00, collisions/ep=0.00
Solved-check at update 45: solved=True worst_gap=0.98 at p_x0=0.00 p_y0=-1.00 (consecutive=3)
update=46 global_step=94208 SPS=66 m_ev=0.978 m_v_bias=-3.5 m_kl_max=0.0523 mpc_ms=7.5/60 cand=0.000 w_ax@goal=-0.00 return=1009.2 length=82 success_rate=1.00 collisions/ep=0.00 (n=24)
update=47 global_step=96256 SPS=66 m_ev=0.964 m_v_bias=6.6 m_kl_max=0.0162 mpc_ms=8.8/62 cand=0.000 w_ax@goal=+0.06 return=1005.0 length=87 success_rate=1.00 collisions/ep=0.00 (n=22)
update=48 global_step=98304 SPS=67 m_ev=0.987 m_v_bias=-9.3 m_kl_max=0.0113 mpc_ms=6.8/37 cand=0.000 w_ax@goal=-0.01 return=1010.0 length=82 success_rate=1.00 collisions/ep=0.00 (n=27)
update=49 global_step=100352 SPS=68 m_ev=0.994 m_v_bias=-1.9 m_kl_max=0.0110 mpc_ms=7.3/58 cand=0.000 w_ax@goal=-0.04 return=1011.0 length=81 success_rate=1.00 collisions/ep=0.00 (n=24)
update=50 global_step=102400 SPS=68 m_ev=0.993 m_v_bias=-1.5 m_kl_max=0.0099 mpc_ms=8.5/56 cand=0.000 w_ax@goal=+0.00 return=1010.9 length=81 success_rate=1.00 collisions/ep=0.00 (n=25)
Evaluation at update 50: return=1012.63, length=78.30, success_rate=1.00, collisions/ep=0.00
Solved-check at update 50: solved=True worst_gap=0.74 at p_x0=0.00 p_y0=-1.00 (consecutive=4)
update=51 global_step=104448 SPS=67 m_ev=0.990 m_v_bias=0.9 m_kl_max=0.0093 mpc_ms=9.2/48 cand=0.000 w_ax@goal=-0.08 return=1010.6 length=81 success_rate=1.00 collisions/ep=0.00 (n=24)
update=52 global_step=106496 SPS=68 m_ev=0.981 m_v_bias=3.3 m_kl_max=0.0221 mpc_ms=9.5/58 cand=0.000 w_ax@goal=+0.04 return=1009.4 length=82 success_rate=1.00 collisions/ep=0.00 (n=25)
update=53 global_step=108544 SPS=68 m_ev=0.993 m_v_bias=-3.2 m_kl_max=0.0084 mpc_ms=8.2/59 cand=0.000 w_ax@goal=-0.02 return=1010.9 length=81 success_rate=1.00 collisions/ep=0.00 (n=28)
update=54 global_step=110592 SPS=69 m_ev=0.997 m_v_bias=-2.7 m_kl_max=0.0117 mpc_ms=8.5/50 cand=0.000 w_ax@goal=+0.02 return=1011.6 length=80 success_rate=1.00 collisions/ep=0.00 (n=27)
update=55 global_step=112640 SPS=69 m_ev=0.996 m_v_bias=0.8 m_kl_max=0.0109 mpc_ms=8.9/74 cand=0.000 w_ax@goal=-0.01 return=1011.5 length=80 success_rate=1.00 collisions/ep=0.00 (n=24)
Evaluation at update 55: return=1012.82, length=78.00, success_rate=1.00, collisions/ep=0.00
Solved-check at update 55: solved=True worst_gap=0.48 at p_x0=0.00 p_y0=-1.00 (consecutive=5)
update=56 global_step=114688 SPS=68 m_ev=0.992 m_v_bias=1.8 m_kl_max=0.0086 mpc_ms=7.2/65 cand=0.000 w_ax@goal=-0.05 return=1010.9 length=81 success_rate=1.00 collisions/ep=0.00 (n=24)
update=57 global_step=116736 SPS=69 m_ev=0.982 m_v_bias=1.9 m_kl_max=0.0316 mpc_ms=8.3/56 cand=0.000 w_ax@goal=-0.03 return=1010.3 length=81 success_rate=1.00 collisions/ep=0.00 (n=24)
update=58 global_step=118784 SPS=70 m_ev=0.998 m_v_bias=-7.2 m_kl_max=0.0174 mpc_ms=6.6/30 cand=0.000 w_ax@goal=-0.00 return=1012.3 length=79 success_rate=1.00 collisions/ep=0.00 (n=28)
update=59 global_step=120832 SPS=70 m_ev=0.997 m_v_bias=0.1 m_kl_max=0.0046 mpc_ms=7.3/38 cand=0.000 w_ax@goal=+0.03 return=1011.7 length=80 success_rate=1.00 collisions/ep=0.00 (n=28)
update=60 global_step=122880 SPS=71 m_ev=0.998 m_v_bias=-0.1 m_kl_max=0.0039 mpc_ms=7.4/63 cand=0.000 w_ax@goal=+0.03 return=1011.9 length=80 success_rate=1.00 collisions/ep=0.00 (n=24)
Evaluation at update 60: return=1013.00, length=77.90, success_rate=1.00, collisions/ep=0.00
Solved-check at update 60: solved=True worst_gap=0.27 at p_x0=0.00 p_y0=-1.00 (consecutive=6)
update=61 global_step=124928 SPS=70 m_ev=0.976 m_v_bias=6.5 m_kl_max=0.0128 mpc_ms=7.7/39 cand=0.000 w_ax@goal=+0.01 return=1010.2 length=81 success_rate=1.00 collisions/ep=0.00 (n=24)
update=62 global_step=126976 SPS=70 m_ev=0.990 m_v_bias=-1.2 m_kl_max=0.0153 mpc_ms=7.5/42 cand=0.000 w_ax@goal=+0.03 return=1010.1 length=82 success_rate=1.00 collisions/ep=0.00 (n=24)
update=63 global_step=129024 SPS=71 m_ev=0.994 m_v_bias=-3.2 m_kl_max=0.0041 mpc_ms=6.7/54 cand=0.000 w_ax@goal=+0.04 return=1011.0 length=81 success_rate=1.00 collisions/ep=0.00 (n=25)
update=64 global_step=131072 SPS=71 m_ev=0.998 m_v_bias=-3.1 m_kl_max=0.0061 mpc_ms=6.5/34 cand=0.000 w_ax@goal=+0.00 return=1012.3 length=80 success_rate=1.00 collisions/ep=0.00 (n=29)
update=65 global_step=133120 SPS=72 m_ev=0.994 m_v_bias=1.8 m_kl_max=0.0158 mpc_ms=7.1/42 cand=0.000 w_ax@goal=-0.01 return=1011.1 length=80 success_rate=1.00 collisions/ep=0.00 (n=26)
Evaluation at update 65: return=1013.06, length=77.85, success_rate=1.00, collisions/ep=0.00
Solved-check at update 65: solved=True worst_gap=0.19 at p_x0=0.00 p_y0=-1.00 (consecutive=7)
update=66 global_step=135168 SPS=71 m_ev=0.998 m_v_bias=-3.0 m_kl_max=0.0065 mpc_ms=6.9/52 cand=0.000 w_ax@goal=-0.00 return=1012.4 length=79 success_rate=1.00 collisions/ep=0.00 (n=24)
update=67 global_step=137216 SPS=72 m_ev=0.999 m_v_bias=-2.0 m_kl_max=0.0060 mpc_ms=6.6/34 cand=0.000 w_ax@goal=+0.01 return=1012.8 length=79 success_rate=1.00 collisions/ep=0.00 (n=24)
update=68 global_step=139264 SPS=72 m_ev=0.996 m_v_bias=1.9 m_kl_max=0.0128 mpc_ms=6.6/35 cand=0.000 w_ax@goal=-0.00 return=1011.6 length=80 success_rate=1.00 collisions/ep=0.00 (n=26)
update=69 global_step=141312 SPS=73 m_ev=0.997 m_v_bias=-0.0 m_kl_max=0.0141 mpc_ms=6.6/37 cand=0.000 w_ax@goal=+0.00 return=1012.2 length=79 success_rate=1.00 collisions/ep=0.00 (n=30)
update=70 global_step=143360 SPS=73 m_ev=0.997 m_v_bias=-1.7 m_kl_max=0.0456 mpc_ms=6.7/43 cand=0.000 w_ax@goal=-0.00 return=1011.9 length=80 success_rate=1.00 collisions/ep=0.00 (n=24)
Evaluation at update 70: return=1013.12, length=77.80, success_rate=1.00, collisions/ep=0.00
Solved-check at update 70: solved=True worst_gap=0.12 at p_x0=0.00 p_y0=-1.00 (consecutive=8)
update=71 global_step=145408 SPS=73 m_ev=0.988 m_v_bias=2.2 m_kl_max=0.0132 mpc_ms=6.8/38 cand=0.000 w_ax@goal=+0.01 return=1012.5 length=79 success_rate=1.00 collisions/ep=0.00 (n=24)
update=72 global_step=147456 SPS=73 m_ev=0.998 m_v_bias=-2.4 m_kl_max=0.0072 mpc_ms=8.0/33 cand=0.000 w_ax@goal=+0.00 return=1011.1 length=81 success_rate=1.00 collisions/ep=0.00 (n=24)
update=73 global_step=149504 SPS=74 m_ev=0.989 m_v_bias=3.2 m_kl_max=0.0406 mpc_ms=6.8/60 cand=0.000 w_ax@goal=-0.02 return=1012.8 length=79 success_rate=1.00 collisions/ep=0.00 (n=28)
update=74 global_step=151552 SPS=74 m_ev=0.994 m_v_bias=1.8 m_kl_max=0.0152 mpc_ms=6.8/40 cand=0.000 w_ax@goal=+0.01 return=1010.9 length=81 success_rate=1.00 collisions/ep=0.00 (n=28)
update=75 global_step=153600 SPS=75 m_ev=0.999 m_v_bias=-3.9 m_kl_max=0.0070 mpc_ms=7.0/62 cand=0.000 w_ax@goal=+0.01 return=1012.8 length=79 success_rate=1.00 collisions/ep=0.00 (n=24)
Evaluation at update 75: return=1013.15, length=77.80, success_rate=1.00, collisions/ep=0.00
Solved-check at update 75: solved=True worst_gap=0.10 at p_x0=0.00 p_y0=-1.00 (consecutive=9)
update=76 global_step=155648 SPS=74 m_ev=0.999 m_v_bias=0.1 m_kl_max=0.0107 mpc_ms=6.6/47 cand=0.000 w_ax@goal=+0.04 return=1012.7 length=79 success_rate=1.00 collisions/ep=0.00 (n=24)
update=77 global_step=157696 SPS=74 m_ev=0.999 m_v_bias=0.6 m_kl_max=0.0045 mpc_ms=6.6/42 cand=0.000 w_ax@goal=-0.02 return=1012.7 length=79 success_rate=1.00 collisions/ep=0.00 (n=26)
update=78 global_step=159744 SPS=75 m_ev=0.987 m_v_bias=3.4 m_kl_max=0.0062 mpc_ms=9.2/64 cand=0.000 w_ax@goal=-0.02 return=1011.7 length=80 success_rate=1.00 collisions/ep=0.00 (n=29)
update=79 global_step=161792 SPS=75 m_ev=0.999 m_v_bias=-0.9 m_kl_max=0.0067 mpc_ms=7.1/35 cand=0.000 w_ax@goal=+0.01 return=1012.8 length=79 success_rate=1.00 collisions/ep=0.00 (n=25)
update=80 global_step=163840 SPS=75 m_ev=0.998 m_v_bias=0.1 m_kl_max=0.0164 mpc_ms=7.7/43 cand=0.000 w_ax@goal=-0.01 return=1012.8 length=79 success_rate=1.00 collisions/ep=0.00 (n=24)
Evaluation at update 80: return=1013.17, length=77.80, success_rate=1.00, collisions/ep=0.00
Solved-check at update 80: solved=True worst_gap=0.07 at p_x0=0.00 p_y0=-1.00 (consecutive=10)
update=81 global_step=165888 SPS=75 m_ev=0.999 m_v_bias=-0.0 m_kl_max=0.0140 mpc_ms=6.3/45 cand=0.000 w_ax@goal=+0.01 return=1012.5 length=79 success_rate=1.00 collisions/ep=0.00 (n=24)
update=82 global_step=167936 SPS=75 m_ev=0.994 m_v_bias=3.4 m_kl_max=0.0133 mpc_ms=6.9/40 cand=0.000 w_ax@goal=+0.00 return=1011.9 length=80 success_rate=1.00 collisions/ep=0.00 (n=32)
update=83 global_step=169984 SPS=76 m_ev=0.985 m_v_bias=1.4 m_kl_max=0.0092 mpc_ms=7.8/50 cand=0.000 w_ax@goal=-0.02 return=1012.3 length=79 success_rate=1.00 collisions/ep=0.00 (n=23)
update=84 global_step=172032 SPS=76 m_ev=0.989 m_v_bias=0.5 m_kl_max=0.0117 mpc_ms=7.2/45 cand=0.000 w_ax@goal=+0.02 return=1010.4 length=81 success_rate=1.00 collisions/ep=0.00 (n=25)
update=85 global_step=174080 SPS=76 m_ev=0.999 m_v_bias=-4.0 m_kl_max=0.0237 mpc_ms=8.7/38 cand=0.000 w_ax@goal=-0.01 return=1012.8 length=79 success_rate=1.00 collisions/ep=0.00 (n=24)
Evaluation at update 85: return=1013.19, length=77.80, success_rate=1.00, collisions/ep=0.00
Solved-check at update 85: solved=True worst_gap=0.05 at p_x0=0.00 p_y0=-1.00 (consecutive=11)
update=86 global_step=176128 SPS=75 m_ev=0.999 m_v_bias=0.2 m_kl_max=0.0130 mpc_ms=7.2/39 cand=0.000 w_ax@goal=+0.00 return=1012.8 length=78 success_rate=1.00 collisions/ep=0.00 (n=28)
update=87 global_step=178176 SPS=76 m_ev=0.999 m_v_bias=0.5 m_kl_max=0.0056 mpc_ms=7.9/57 cand=0.000 w_ax@goal=+0.00 return=1012.9 length=79 success_rate=1.00 collisions/ep=0.00 (n=28)
update=88 global_step=180224 SPS=76 m_ev=0.999 m_v_bias=1.2 m_kl_max=0.0157 mpc_ms=8.3/47 cand=0.000 w_ax@goal=+0.02 return=1012.6 length=79 success_rate=1.00 collisions/ep=0.00 (n=24)
update=89 global_step=182272 SPS=76 m_ev=0.999 m_v_bias=-1.0 m_kl_max=0.0086 mpc_ms=8.6/34 cand=0.000 w_ax@goal=-0.02 return=1012.9 length=78 success_rate=1.00 collisions/ep=0.00 (n=24)
update=90 global_step=184320 SPS=77 m_ev=0.992 m_v_bias=0.6 m_kl_max=0.0165 mpc_ms=8.4/45 cand=0.000 w_ax@goal=-0.00 return=1012.1 length=79 success_rate=1.00 collisions/ep=0.00 (n=26)
Evaluation at update 90: return=1013.22, length=77.70, success_rate=1.00, collisions/ep=0.00
Solved-check at update 90: solved=True worst_gap=-0.01 at p_x0=0.00 p_y0=-1.00 (consecutive=12)
update=91 global_step=186368 SPS=76 m_ev=0.999 m_v_bias=-1.3 m_kl_max=0.0071 mpc_ms=6.7/41 cand=0.000 w_ax@goal=+0.01 return=1013.1 length=79 success_rate=1.00 collisions/ep=0.00 (n=30)
update=92 global_step=188416 SPS=76 m_ev=0.986 m_v_bias=4.5 m_kl_max=0.0146 mpc_ms=6.8/42 cand=0.000 w_ax@goal=+0.01 return=1011.4 length=80 success_rate=1.00 collisions/ep=0.00 (n=24)
update=93 global_step=190464 SPS=77 m_ev=0.996 m_v_bias=-3.8 m_kl_max=0.0309 mpc_ms=8.0/59 cand=0.000 w_ax@goal=+0.02 return=1012.6 length=79 success_rate=1.00 collisions/ep=0.00 (n=24)
update=94 global_step=192512 SPS=77 m_ev=0.998 m_v_bias=-3.5 m_kl_max=0.0109 mpc_ms=7.3/40 cand=0.000 w_ax@goal=-0.01 return=1012.3 length=79 success_rate=1.00 collisions/ep=0.00 (n=24)
update=95 global_step=194560 SPS=77 m_ev=0.999 m_v_bias=1.0 m_kl_max=0.0129 mpc_ms=8.2/46 cand=0.000 w_ax@goal=-0.01 return=1012.8 length=79 success_rate=1.00 collisions/ep=0.00 (n=32)
Evaluation at update 95: return=1013.23, length=77.65, success_rate=1.00, collisions/ep=0.00
Solved-check at update 95: solved=True worst_gap=-0.04 at p_x0=0.00 p_y0=-1.00 (consecutive=13)
update=96 global_step=196608 SPS=77 m_ev=0.999 m_v_bias=0.2 m_kl_max=0.0130 mpc_ms=7.2/57 cand=0.000 w_ax@goal=+0.01 return=1012.6 length=79 success_rate=1.00 collisions/ep=0.00 (n=24)
update=97 global_step=198656 SPS=77 m_ev=0.999 m_v_bias=-0.3 m_kl_max=0.0238 mpc_ms=8.6/59 cand=0.000 w_ax@goal=-0.00 return=1012.8 length=79 success_rate=1.00 collisions/ep=0.00 (n=24)
update=98 global_step=200704 SPS=77 m_ev=1.000 m_v_bias=-1.0 m_kl_max=0.0120 mpc_ms=7.6/31 cand=0.000 w_ax@goal=-0.01 return=1013.1 length=79 success_rate=1.00 collisions/ep=0.00 (n=24)
update=99 global_step=202752 SPS=78 m_ev=1.000 m_v_bias=0.1 m_kl_max=0.0294 mpc_ms=6.7/43 cand=0.000 w_ax@goal=-0.01 return=1013.0 length=78 success_rate=1.00 collisions/ep=0.00 (n=32)
update=100 global_step=204800 SPS=78 m_ev=1.000 m_v_bias=0.3 m_kl_max=0.0188 mpc_ms=6.7/34 cand=0.000 w_ax@goal=-0.02 return=1013.2 length=78 success_rate=1.00 collisions/ep=0.00 (n=24)
Evaluation at update 100: return=1013.25, length=77.60, success_rate=1.00, collisions/ep=0.00
Solved-check at update 100: solved=True worst_gap=-0.06 at p_x0=0.00 p_y0=-1.00 (consecutive=14)
Saved checkpoints to C:\Users\loren\Desktop\MASTER THESIS\5_CODE\scenarios\slalom\studies\init_sampler\ppo_mpc_sobol\runs\ppo_mpc_slalom_12_1791039510
