Using device: cpu
Solved-check: precomputed optimal returns for 25 fixed initial conditions (mean=1013.0, min=1011.0, max=1015.0); solved-tolerance=5.0
Goal box: +-1.800 m (1.5x segment-reachable; segment-reachable displacement = 1.200 m)
tube MPC: W half-widths [0. 0. 0. 0.], RPI s=0 alpha=0; Z half-widths (p_x, p_y, v_x, v_y) = [0. 0. 0. 0.]
  X0 (-) Z: p_x [-1.000, 11.000], p_y [-1.999, 1.999], |v| <= 1.200; V = U (-) KZ: |u| <= 2.500; K = [-7.613 -4.585] per axis
  4 obstacles, 132 binaries before fixing, max big-M 9.00; horizon N=10, stopping time 5 steps
num_envs=8 num_steps_per_env=256 batch_size=2048 num_updates=100 timesteps=204800
update=1 global_step=2048 SPS=115 m_ev=-0.001 m_v_bias=42.1 m_kl_max=0.0024 mpc_ms=8.2/32 cand=0.000 return=-200.2 length=200 success_rate=0.00 collisions/ep=0.00 (n=8)
update=2 global_step=4096 SPS=123 m_ev=-0.646 m_v_bias=24.6 m_kl_max=0.0111 mpc_ms=7.2/58 cand=0.000 return=-182.8 length=200 success_rate=0.00 collisions/ep=0.00 (n=8)
update=3 global_step=6144 SPS=129 m_ev=-0.275 m_v_bias=8.7 m_kl_max=0.0483 mpc_ms=6.7/38 cand=0.000 return=-188.9 length=200 success_rate=0.00 collisions/ep=0.00 (n=8)
update=4 global_step=8192 SPS=133 m_ev=-0.099 m_v_bias=8.4 m_kl_max=0.0232 mpc_ms=6.5/40 cand=0.000 return=-173.5 length=200 success_rate=0.00 collisions/ep=0.00 (n=16)
update=5 global_step=10240 SPS=134 m_ev=0.162 m_v_bias=2.2 m_kl_max=0.0458 mpc_ms=6.9/48 cand=0.000 return=-159.0 length=200 success_rate=0.00 collisions/ep=0.00 (n=8)
Evaluation at update 5: return=-161.53, length=200.00, success_rate=0.00, collisions/ep=0.00
Solved-check at update 5: solved=False worst_gap=1191.02 at p_x0=2.00 p_y0=0.00 (consecutive=0)
update=6 global_step=12288 SPS=70 m_ev=0.509 m_v_bias=-0.1 m_kl_max=0.0549 mpc_ms=7.1/46 cand=0.000 return=-157.9 length=200 success_rate=0.00 collisions/ep=0.00 (n=8)
update=7 global_step=14336 SPS=75 m_ev=0.734 m_v_bias=0.3 m_kl_max=0.0274 mpc_ms=7.6/46 cand=0.000 w_ax@goal=-0.48 return=-151.5 length=200 success_rate=0.00 collisions/ep=0.00 (n=8)
update=8 global_step=16384 SPS=78 m_ev=-0.040 m_v_bias=-29.8 m_kl_max=0.0214 mpc_ms=7.6/51 cand=0.000 w_ax@goal=-0.59 return=-76.9 length=194 success_rate=0.06 collisions/ep=0.00 (n=16)
update=9 global_step=18432 SPS=82 m_ev=-1.580 m_v_bias=7.1 m_kl_max=0.0192 mpc_ms=7.6/48 cand=0.000 w_ax@goal=+0.49 return=-142.7 length=200 success_rate=0.00 collisions/ep=0.00 (n=8)
update=10 global_step=20480 SPS=85 m_ev=-0.000 m_v_bias=-51.9 m_kl_max=0.0168 mpc_ms=7.3/47 cand=0.000 w_ax@goal=-0.05 return=76.2 length=193 success_rate=0.20 collisions/ep=0.00 (n=10)
Evaluation at update 10: return=-139.03, length=200.00, success_rate=0.00, collisions/ep=0.00
Solved-check at update 10: solved=False worst_gap=1161.02 at p_x0=2.00 p_y0=-0.50 (consecutive=0)
update=11 global_step=22528 SPS=69 m_ev=0.022 m_v_bias=-10.1 m_kl_max=0.0194 mpc_ms=7.6/44 cand=0.000 w_ax@goal=-0.36 return=-62.5 length=198 success_rate=0.07 collisions/ep=0.00 (n=14)
update=12 global_step=24576 SPS=71 m_ev=0.262 m_v_bias=-133.7 m_kl_max=0.0207 mpc_ms=9.5/55 cand=0.000 w_ax@goal=-0.27 return=585.1 length=161 success_rate=0.67 collisions/ep=0.00 (n=9)
update=13 global_step=26624 SPS=73 m_ev=0.541 m_v_bias=-162.8 m_kl_max=0.0190 mpc_ms=8.3/78 cand=0.000 w_ax@goal=-0.30 return=523.9 length=157 success_rate=0.60 collisions/ep=0.00 (n=15)
update=14 global_step=28672 SPS=75 m_ev=0.584 m_v_bias=-57.1 m_kl_max=0.0135 mpc_ms=8.1/42 cand=0.000 w_ax@goal=-0.20 return=640.2 length=158 success_rate=0.71 collisions/ep=0.00 (n=14)
update=15 global_step=30720 SPS=77 m_ev=0.663 m_v_bias=35.4 m_kl_max=0.0164 mpc_ms=7.6/48 cand=0.000 w_ax@goal=-0.18 return=402.3 length=173 success_rate=0.50 collisions/ep=0.00 (n=10)
Evaluation at update 15: return=353.48, length=162.05, success_rate=0.45, collisions/ep=0.00
Solved-check at update 15: solved=False worst_gap=1191.02 at p_x0=2.00 p_y0=-1.00 (consecutive=0)
update=16 global_step=32768 SPS=64 m_ev=0.703 m_v_bias=-47.5 m_kl_max=0.0059 mpc_ms=7.6/47 cand=0.000 w_ax@goal=+0.02 return=544.9 length=148 success_rate=0.62 collisions/ep=0.00 (n=13)
update=17 global_step=34816 SPS=66 m_ev=0.528 m_v_bias=15.6 m_kl_max=0.0076 mpc_ms=7.5/52 cand=0.000 w_ax@goal=-0.14 return=409.8 length=158 success_rate=0.50 collisions/ep=0.00 (n=14)
update=18 global_step=36864 SPS=68 m_ev=0.747 m_v_bias=11.3 m_kl_max=0.0080 mpc_ms=7.5/48 cand=0.000 w_ax@goal=-0.04 return=555.2 length=146 success_rate=0.62 collisions/ep=0.00 (n=16)
update=19 global_step=38912 SPS=70 m_ev=0.616 m_v_bias=-7.3 m_kl_max=0.0226 mpc_ms=7.5/43 cand=0.000 w_ax@goal=-0.16 return=510.4 length=146 success_rate=0.58 collisions/ep=0.00 (n=12)
update=20 global_step=40960 SPS=71 m_ev=0.725 m_v_bias=-46.5 m_kl_max=0.0203 mpc_ms=7.7/43 cand=0.000 w_ax@goal=-0.06 return=821.0 length=136 success_rate=0.87 collisions/ep=0.00 (n=15)
Evaluation at update 20: return=6.99, length=183.20, success_rate=0.15, collisions/ep=0.00
Solved-check at update 20: solved=False worst_gap=1191.02 at p_x0=2.00 p_y0=-1.00 (consecutive=0)
update=21 global_step=43008 SPS=67 m_ev=0.840 m_v_bias=-51.0 m_kl_max=0.0183 mpc_ms=8.1/45 cand=0.000 w_ax@goal=-0.01 return=811.4 length=142 success_rate=0.87 collisions/ep=0.00 (n=15)
update=22 global_step=45056 SPS=68 m_ev=0.800 m_v_bias=13.3 m_kl_max=0.0304 mpc_ms=7.6/51 cand=0.000 w_ax@goal=-0.07 return=765.3 length=130 success_rate=0.81 collisions/ep=0.00 (n=16)
update=23 global_step=47104 SPS=69 m_ev=0.846 m_v_bias=-20.7 m_kl_max=0.0279 mpc_ms=7.7/38 cand=0.000 w_ax@goal=-0.07 return=843.3 length=123 success_rate=0.88 collisions/ep=0.00 (n=17)
update=24 global_step=49152 SPS=70 m_ev=0.890 m_v_bias=-40.5 m_kl_max=0.0145 mpc_ms=8.3/54 cand=0.000 w_ax@goal=+0.11 return=846.8 length=124 success_rate=0.88 collisions/ep=0.00 (n=17)
update=25 global_step=51200 SPS=72 m_ev=0.897 m_v_bias=-10.7 m_kl_max=0.0224 mpc_ms=8.0/47 cand=0.000 w_ax@goal=+0.07 return=989.1 length=102 success_rate=1.00 collisions/ep=0.00 (n=21)
Evaluation at update 25: return=1009.57, length=83.10, success_rate=1.00, collisions/ep=0.00
Solved-check at update 25: solved=False worst_gap=7.97 at p_x0=2.00 p_y0=-1.00 (consecutive=0)
update=26 global_step=53248 SPS=70 m_ev=0.893 m_v_bias=-2.0 m_kl_max=0.0139 mpc_ms=7.6/46 cand=0.000 w_ax@goal=+0.00 return=991.9 length=99 success_rate=1.00 collisions/ep=0.00 (n=21)
update=27 global_step=55296 SPS=71 m_ev=0.931 m_v_bias=-16.9 m_kl_max=0.0136 mpc_ms=7.5/49 cand=0.000 w_ax@goal=-0.08 return=997.2 length=95 success_rate=1.00 collisions/ep=0.00 (n=21)
update=28 global_step=57344 SPS=72 m_ev=0.907 m_v_bias=14.7 m_kl_max=0.0123 mpc_ms=7.9/64 cand=0.000 w_ax@goal=+0.02 return=989.9 length=102 success_rate=1.00 collisions/ep=0.00 (n=20)
update=29 global_step=59392 SPS=73 m_ev=0.946 m_v_bias=-20.2 m_kl_max=0.0155 mpc_ms=7.6/38 cand=0.000 w_ax@goal=-0.04 return=999.6 length=92 success_rate=1.00 collisions/ep=0.00 (n=22)
update=30 global_step=61440 SPS=74 m_ev=0.950 m_v_bias=6.7 m_kl_max=0.0080 mpc_ms=7.4/46 cand=0.000 w_ax@goal=-0.02 return=996.8 length=94 success_rate=1.00 collisions/ep=0.00 (n=23)
Evaluation at update 30: return=1011.70, length=80.95, success_rate=1.00, collisions/ep=0.00
Solved-check at update 30: solved=True worst_gap=2.01 at p_x0=0.00 p_y0=-0.50 (consecutive=0)
update=31 global_step=63488 SPS=73 m_ev=0.954 m_v_bias=-15.7 m_kl_max=0.0088 mpc_ms=7.4/55 cand=0.000 w_ax@goal=+0.05 return=1004.7 length=87 success_rate=1.00 collisions/ep=0.00 (n=24)
update=32 global_step=65536 SPS=74 m_ev=0.959 m_v_bias=-3.5 m_kl_max=0.0095 mpc_ms=7.6/48 cand=0.000 w_ax@goal=+0.03 return=1004.4 length=87 success_rate=1.00 collisions/ep=0.00 (n=24)
update=33 global_step=67584 SPS=75 m_ev=0.962 m_v_bias=-0.8 m_kl_max=0.0079 mpc_ms=7.7/49 cand=0.000 w_ax@goal=-0.07 return=1004.1 length=88 success_rate=1.00 collisions/ep=0.00 (n=24)
update=34 global_step=69632 SPS=76 m_ev=0.953 m_v_bias=2.6 m_kl_max=0.0264 mpc_ms=7.5/63 cand=0.000 w_ax@goal=+0.03 return=1003.8 length=88 success_rate=1.00 collisions/ep=0.00 (n=24)
update=35 global_step=71680 SPS=77 m_ev=0.969 m_v_bias=-7.9 m_kl_max=0.0038 mpc_ms=7.3/43 cand=0.000 w_ax@goal=-0.02 return=1006.4 length=86 success_rate=1.00 collisions/ep=0.00 (n=23)
Evaluation at update 35: return=1012.34, length=80.20, success_rate=1.00, collisions/ep=0.00
Solved-check at update 35: solved=True worst_gap=1.23 at p_x0=0.00 p_y0=1.00 (consecutive=1)
Solved criterion held for 2 consecutive evals (tolerance=5.0) at global_step=71680.
update=36 global_step=73728 SPS=75 m_ev=0.978 m_v_bias=1.2 m_kl_max=0.0148 mpc_ms=7.7/50 cand=0.000 w_ax@goal=-0.01 return=1006.5 length=85 success_rate=1.00 collisions/ep=0.00 (n=24)
update=37 global_step=75776 SPS=76 m_ev=0.970 m_v_bias=-1.8 m_kl_max=0.0094 mpc_ms=7.4/52 cand=0.000 w_ax@goal=+0.03 return=1007.9 length=83 success_rate=1.00 collisions/ep=0.00 (n=25)
update=38 global_step=77824 SPS=77 m_ev=0.967 m_v_bias=6.1 m_kl_max=0.0162 mpc_ms=7.4/100 cand=0.000 w_ax@goal=-0.02 return=1004.8 length=87 success_rate=1.00 collisions/ep=0.00 (n=23)
update=39 global_step=79872 SPS=78 m_ev=0.990 m_v_bias=-10.9 m_kl_max=0.0183 mpc_ms=7.4/52 cand=0.000 w_ax@goal=+0.04 return=1009.7 length=82 success_rate=1.00 collisions/ep=0.00 (n=25)
update=40 global_step=81920 SPS=78 m_ev=0.979 m_v_bias=2.5 m_kl_max=0.0036 mpc_ms=7.3/54 cand=0.000 w_ax@goal=-0.02 return=1008.2 length=83 success_rate=1.00 collisions/ep=0.00 (n=24)
Evaluation at update 40: return=1012.54, length=80.05, success_rate=1.00, collisions/ep=0.00
Solved-check at update 40: solved=True worst_gap=0.98 at p_x0=0.50 p_y0=1.00 (consecutive=2)
update=41 global_step=83968 SPS=77 m_ev=0.931 m_v_bias=9.8 m_kl_max=0.0106 mpc_ms=7.6/41 cand=0.000 w_ax@goal=-0.08 return=1006.7 length=85 success_rate=1.00 collisions/ep=0.00 (n=23)
update=42 global_step=86016 SPS=78 m_ev=0.982 m_v_bias=-10.3 m_kl_max=0.0102 mpc_ms=7.1/54 cand=0.000 w_ax@goal=-0.01 return=1008.6 length=83 success_rate=1.00 collisions/ep=0.00 (n=25)
update=43 global_step=88064 SPS=79 m_ev=0.982 m_v_bias=0.9 m_kl_max=0.0176 mpc_ms=7.8/42 cand=0.000 w_ax@goal=-0.04 return=1008.9 length=83 success_rate=1.00 collisions/ep=0.00 (n=24)
update=44 global_step=90112 SPS=79 m_ev=0.978 m_v_bias=1.8 m_kl_max=0.0243 mpc_ms=7.5/50 cand=0.000 w_ax@goal=-0.02 return=1007.6 length=84 success_rate=1.00 collisions/ep=0.00 (n=24)
update=45 global_step=92160 SPS=80 m_ev=0.987 m_v_bias=-3.1 m_kl_max=0.0123 mpc_ms=7.4/36 cand=0.000 w_ax@goal=+0.02 return=1008.8 length=83 success_rate=1.00 collisions/ep=0.00 (n=25)
Evaluation at update 45: return=1012.71, length=79.90, success_rate=1.00, collisions/ep=0.00
Solved-check at update 45: solved=True worst_gap=0.98 at p_x0=0.00 p_y0=-1.00 (consecutive=3)
update=46 global_step=94208 SPS=79 m_ev=0.993 m_v_bias=-3.9 m_kl_max=0.0150 mpc_ms=7.5/55 cand=0.000 w_ax@goal=+0.03 return=1009.8 length=82 success_rate=1.00 collisions/ep=0.00 (n=25)
update=47 global_step=96256 SPS=79 m_ev=0.991 m_v_bias=-0.7 m_kl_max=0.0109 mpc_ms=7.2/45 cand=0.000 w_ax@goal=+0.01 return=1010.2 length=81 success_rate=1.00 collisions/ep=0.00 (n=29)
update=48 global_step=98304 SPS=80 m_ev=0.993 m_v_bias=-3.0 m_kl_max=0.0079 mpc_ms=7.2/57 cand=0.000 w_ax@goal=-0.06 return=1009.9 length=82 success_rate=1.00 collisions/ep=0.00 (n=25)
update=49 global_step=100352 SPS=81 m_ev=0.992 m_v_bias=1.7 m_kl_max=0.0180 mpc_ms=7.5/50 cand=0.000 w_ax@goal=-0.05 return=1010.3 length=81 success_rate=1.00 collisions/ep=0.00 (n=24)
update=50 global_step=102400 SPS=81 m_ev=0.982 m_v_bias=1.4 m_kl_max=0.0074 mpc_ms=7.1/42 cand=0.000 w_ax@goal=+0.05 return=1010.0 length=82 success_rate=1.00 collisions/ep=0.00 (n=24)
Evaluation at update 50: return=1012.96, length=79.55, success_rate=1.00, collisions/ep=0.00
Solved-check at update 50: solved=True worst_gap=0.67 at p_x0=0.00 p_y0=-1.00 (consecutive=4)
update=51 global_step=104448 SPS=80 m_ev=0.989 m_v_bias=-0.6 m_kl_max=0.0162 mpc_ms=7.0/47 cand=0.000 w_ax@goal=-0.04 return=1009.2 length=82 success_rate=1.00 collisions/ep=0.00 (n=24)
update=52 global_step=106496 SPS=81 m_ev=0.997 m_v_bias=-5.7 m_kl_max=0.0153 mpc_ms=7.2/48 cand=0.000 w_ax@goal=-0.02 return=1011.9 length=79 success_rate=1.00 collisions/ep=0.00 (n=25)
update=53 global_step=108544 SPS=81 m_ev=0.992 m_v_bias=1.0 m_kl_max=0.0263 mpc_ms=7.3/42 cand=0.000 w_ax@goal=-0.06 return=1011.3 length=80 success_rate=1.00 collisions/ep=0.00 (n=28)
update=54 global_step=110592 SPS=82 m_ev=0.997 m_v_bias=-0.7 m_kl_max=0.0152 mpc_ms=7.1/41 cand=0.000 w_ax@goal=-0.05 return=1011.0 length=81 success_rate=1.00 collisions/ep=0.00 (n=27)
update=55 global_step=112640 SPS=82 m_ev=0.997 m_v_bias=-0.8 m_kl_max=0.0111 mpc_ms=7.0/42 cand=0.000 w_ax@goal=-0.02 return=1011.9 length=80 success_rate=1.00 collisions/ep=0.00 (n=24)
Evaluation at update 55: return=1013.11, length=79.40, success_rate=1.00, collisions/ep=0.00
Solved-check at update 55: solved=True worst_gap=0.48 at p_x0=0.00 p_y0=-1.00 (consecutive=5)
update=56 global_step=114688 SPS=81 m_ev=0.996 m_v_bias=0.8 m_kl_max=0.0098 mpc_ms=6.9/40 cand=0.000 w_ax@goal=+0.01 return=1011.1 length=80 success_rate=1.00 collisions/ep=0.00 (n=24)
update=57 global_step=116736 SPS=82 m_ev=0.996 m_v_bias=-1.2 m_kl_max=0.0208 mpc_ms=7.3/67 cand=0.000 w_ax@goal=+0.01 return=1011.7 length=80 success_rate=1.00 collisions/ep=0.00 (n=24)
update=58 global_step=118784 SPS=83 m_ev=0.998 m_v_bias=-0.3 m_kl_max=0.0157 mpc_ms=7.0/41 cand=0.000 w_ax@goal=-0.01 return=1011.8 length=80 success_rate=1.00 collisions/ep=0.00 (n=31)
update=59 global_step=120832 SPS=83 m_ev=0.998 m_v_bias=-1.3 m_kl_max=0.0185 mpc_ms=7.1/43 cand=0.000 w_ax@goal=+0.02 return=1012.1 length=79 success_rate=1.00 collisions/ep=0.00 (n=25)
update=60 global_step=122880 SPS=84 m_ev=0.997 m_v_bias=0.7 m_kl_max=0.0120 mpc_ms=7.5/44 cand=0.000 w_ax@goal=-0.01 return=1011.7 length=80 success_rate=1.00 collisions/ep=0.00 (n=24)
Evaluation at update 60: return=1013.30, length=79.30, success_rate=1.00, collisions/ep=0.00
Solved-check at update 60: solved=True worst_gap=0.27 at p_x0=0.00 p_y0=-1.00 (consecutive=6)
update=61 global_step=124928 SPS=83 m_ev=0.988 m_v_bias=5.5 m_kl_max=0.0194 mpc_ms=7.0/41 cand=0.000 w_ax@goal=+0.04 return=1011.9 length=80 success_rate=1.00 collisions/ep=0.00 (n=24)
update=62 global_step=126976 SPS=83 m_ev=0.991 m_v_bias=0.0 m_kl_max=0.0092 mpc_ms=7.3/52 cand=0.000 w_ax@goal=+0.04 return=1009.4 length=82 success_rate=1.00 collisions/ep=0.00 (n=24)
update=63 global_step=129024 SPS=84 m_ev=0.998 m_v_bias=-2.9 m_kl_max=0.0231 mpc_ms=7.1/45 cand=0.000 w_ax@goal=+0.03 return=1012.2 length=80 success_rate=1.00 collisions/ep=0.00 (n=28)
update=64 global_step=131072 SPS=84 m_ev=0.998 m_v_bias=0.1 m_kl_max=0.0132 mpc_ms=7.2/37 cand=0.000 w_ax@goal=-0.01 return=1011.8 length=79 success_rate=1.00 collisions/ep=0.00 (n=28)
update=65 global_step=133120 SPS=84 m_ev=0.995 m_v_bias=0.5 m_kl_max=0.0012 mpc_ms=7.1/40 cand=0.000 w_ax@goal=+0.01 return=1012.2 length=80 success_rate=1.00 collisions/ep=0.00 (n=24)
Evaluation at update 65: return=1013.35, length=79.25, success_rate=1.00, collisions/ep=0.00
Solved-check at update 65: solved=True worst_gap=0.19 at p_x0=0.00 p_y0=-1.00 (consecutive=7)
update=66 global_step=135168 SPS=83 m_ev=0.997 m_v_bias=-2.0 m_kl_max=0.0129 mpc_ms=7.4/38 cand=0.000 w_ax@goal=+0.01 return=1011.7 length=80 success_rate=1.00 collisions/ep=0.00 (n=24)
update=67 global_step=137216 SPS=84 m_ev=0.998 m_v_bias=-0.2 m_kl_max=0.0126 mpc_ms=7.6/55 cand=0.000 w_ax@goal=+0.01 return=1012.0 length=80 success_rate=1.00 collisions/ep=0.00 (n=24)
update=68 global_step=139264 SPS=84 m_ev=0.998 m_v_bias=0.5 m_kl_max=0.0042 mpc_ms=7.2/41 cand=0.000 w_ax@goal=-0.02 return=1012.1 length=79 success_rate=1.00 collisions/ep=0.00 (n=32)
update=69 global_step=141312 SPS=85 m_ev=0.997 m_v_bias=1.7 m_kl_max=0.0229 mpc_ms=7.0/41 cand=0.000 w_ax@goal=+0.02 return=1011.6 length=80 success_rate=1.00 collisions/ep=0.00 (n=24)
update=70 global_step=143360 SPS=85 m_ev=0.991 m_v_bias=-0.1 m_kl_max=0.0350 mpc_ms=7.0/35 cand=0.000 w_ax@goal=+0.02 return=1012.6 length=79 success_rate=1.00 collisions/ep=0.00 (n=24)
Evaluation at update 70: return=1013.40, length=79.20, success_rate=1.00, collisions/ep=0.00
Solved-check at update 70: solved=True worst_gap=0.12 at p_x0=0.00 p_y0=-1.00 (consecutive=8)
update=71 global_step=145408 SPS=84 m_ev=0.998 m_v_bias=-3.5 m_kl_max=0.0095 mpc_ms=6.9/31 cand=0.000 w_ax@goal=-0.01 return=1011.6 length=80 success_rate=1.00 collisions/ep=0.00 (n=24)
update=72 global_step=147456 SPS=85 m_ev=0.998 m_v_bias=0.0 m_kl_max=0.0060 mpc_ms=7.0/44 cand=0.000 w_ax@goal=+0.01 return=1012.5 length=79 success_rate=1.00 collisions/ep=0.00 (n=27)
update=73 global_step=149504 SPS=85 m_ev=0.999 m_v_bias=-1.2 m_kl_max=0.0093 mpc_ms=7.1/41 cand=0.000 w_ax@goal=-0.00 return=1012.5 length=79 success_rate=1.00 collisions/ep=0.00 (n=29)
update=74 global_step=151552 SPS=85 m_ev=0.999 m_v_bias=-0.2 m_kl_max=0.0102 mpc_ms=7.5/45 cand=0.000 w_ax@goal=+0.02 return=1012.5 length=79 success_rate=1.00 collisions/ep=0.00 (n=24)
update=75 global_step=153600 SPS=86 m_ev=0.990 m_v_bias=1.9 m_kl_max=0.0162 mpc_ms=7.2/35 cand=0.000 w_ax@goal=-0.01 return=1012.7 length=79 success_rate=1.00 collisions/ep=0.00 (n=24)
Evaluation at update 75: return=1013.44, length=79.20, success_rate=1.00, collisions/ep=0.00
Solved-check at update 75: solved=True worst_gap=0.07 at p_x0=0.00 p_y0=-1.00 (consecutive=9)
update=76 global_step=155648 SPS=85 m_ev=0.995 m_v_bias=1.0 m_kl_max=0.0205 mpc_ms=7.2/39 cand=0.000 w_ax@goal=+0.02 return=1011.3 length=80 success_rate=1.00 collisions/ep=0.00 (n=25)
update=77 global_step=157696 SPS=85 m_ev=0.998 m_v_bias=-2.2 m_kl_max=0.0121 mpc_ms=7.2/52 cand=0.000 w_ax@goal=-0.00 return=1012.7 length=79 success_rate=1.00 collisions/ep=0.00 (n=31)
update=78 global_step=159744 SPS=86 m_ev=0.999 m_v_bias=-1.0 m_kl_max=0.0139 mpc_ms=7.2/44 cand=0.000 w_ax@goal=-0.00 return=1012.9 length=79 success_rate=1.00 collisions/ep=0.00 (n=24)
update=79 global_step=161792 SPS=86 m_ev=0.999 m_v_bias=0.1 m_kl_max=0.0062 mpc_ms=7.3/33 cand=0.000 w_ax@goal=-0.01 return=1012.9 length=79 success_rate=1.00 collisions/ep=0.00 (n=24)
update=80 global_step=163840 SPS=86 m_ev=0.999 m_v_bias=0.6 m_kl_max=0.0065 mpc_ms=7.5/44 cand=0.000 w_ax@goal=+0.01 return=1012.6 length=79 success_rate=1.00 collisions/ep=0.00 (n=24)
Evaluation at update 80: return=1013.47, length=79.20, success_rate=1.00, collisions/ep=0.00
Solved-check at update 80: solved=True worst_gap=0.04 at p_x0=0.00 p_y0=-1.00 (consecutive=10)
update=81 global_step=165888 SPS=86 m_ev=1.000 m_v_bias=-2.1 m_kl_max=0.0346 mpc_ms=7.1/62 cand=0.000 w_ax@goal=-0.00 return=1012.9 length=79 success_rate=1.00 collisions/ep=0.00 (n=32)
update=82 global_step=167936 SPS=86 m_ev=0.999 m_v_bias=-0.0 m_kl_max=0.0082 mpc_ms=7.0/35 cand=0.000 w_ax@goal=-0.00 return=1012.9 length=79 success_rate=1.00 collisions/ep=0.00 (n=24)
update=83 global_step=169984 SPS=86 m_ev=0.999 m_v_bias=1.1 m_kl_max=0.0165 mpc_ms=7.2/54 cand=0.000 w_ax@goal=+0.03 return=1012.7 length=79 success_rate=1.00 collisions/ep=0.00 (n=24)
update=84 global_step=172032 SPS=87 m_ev=0.998 m_v_bias=1.0 m_kl_max=0.0140 mpc_ms=7.3/42 cand=0.000 w_ax@goal=-0.02 return=1012.4 length=79 success_rate=1.00 collisions/ep=0.00 (n=24)
update=85 global_step=174080 SPS=87 m_ev=1.000 m_v_bias=-1.3 m_kl_max=0.0030 mpc_ms=7.2/37 cand=0.000 w_ax@goal=+0.01 return=1013.1 length=79 success_rate=1.00 collisions/ep=0.00 (n=32)
Evaluation at update 85: return=1013.51, length=79.15, success_rate=1.00, collisions/ep=0.00
Solved-check at update 85: solved=True worst_gap=-0.01 at p_x0=0.00 p_y0=-1.00 (consecutive=11)
update=86 global_step=176128 SPS=86 m_ev=0.997 m_v_bias=1.5 m_kl_max=0.0101 mpc_ms=7.1/51 cand=0.000 w_ax@goal=+0.00 return=1012.8 length=79 success_rate=1.00 collisions/ep=0.00 (n=24)
update=87 global_step=178176 SPS=86 m_ev=0.993 m_v_bias=-1.2 m_kl_max=0.0428 mpc_ms=7.1/38 cand=0.000 w_ax@goal=-0.00 return=1012.3 length=79 success_rate=1.00 collisions/ep=0.00 (n=24)
update=88 global_step=180224 SPS=87 m_ev=0.998 m_v_bias=-1.2 m_kl_max=0.0118 mpc_ms=7.2/43 cand=0.000 w_ax@goal=+0.03 return=1012.8 length=79 success_rate=1.00 collisions/ep=0.00 (n=24)
update=89 global_step=182272 SPS=87 m_ev=0.998 m_v_bias=0.8 m_kl_max=0.0305 mpc_ms=7.1/43 cand=0.000 w_ax@goal=-0.00 return=1012.5 length=79 success_rate=1.00 collisions/ep=0.00 (n=32)
update=90 global_step=184320 SPS=87 m_ev=0.999 m_v_bias=-1.8 m_kl_max=0.0091 mpc_ms=7.1/43 cand=0.000 w_ax@goal=+0.00 return=1013.0 length=78 success_rate=1.00 collisions/ep=0.00 (n=24)
Evaluation at update 90: return=1013.52, length=79.05, success_rate=1.00, collisions/ep=0.00
Solved-check at update 90: solved=True worst_gap=-0.05 at p_x0=0.50 p_y0=-1.00 (consecutive=12)
update=91 global_step=186368 SPS=87 m_ev=0.999 m_v_bias=0.3 m_kl_max=0.0082 mpc_ms=7.1/38 cand=0.000 w_ax@goal=-0.00 return=1013.0 length=79 success_rate=1.00 collisions/ep=0.00 (n=24)
update=92 global_step=188416 SPS=87 m_ev=1.000 m_v_bias=-1.0 m_kl_max=0.0096 mpc_ms=7.4/40 cand=0.000 w_ax@goal=+0.00 return=1012.8 length=79 success_rate=1.00 collisions/ep=0.00 (n=24)
update=93 global_step=190464 SPS=87 m_ev=0.999 m_v_bias=0.9 m_kl_max=0.0251 mpc_ms=7.0/35 cand=0.000 w_ax@goal=+0.01 return=1013.2 length=79 success_rate=1.00 collisions/ep=0.00 (n=32)
update=94 global_step=192512 SPS=88 m_ev=1.000 m_v_bias=-0.4 m_kl_max=0.0115 mpc_ms=6.9/38 cand=0.000 w_ax@goal=-0.00 return=1013.1 length=79 success_rate=1.00 collisions/ep=0.00 (n=24)
update=95 global_step=194560 SPS=88 m_ev=0.997 m_v_bias=0.5 m_kl_max=0.0101 mpc_ms=7.2/40 cand=0.000 w_ax@goal=+0.00 return=1012.9 length=79 success_rate=1.00 collisions/ep=0.00 (n=24)
Evaluation at update 95: return=1013.53, length=79.00, success_rate=1.00, collisions/ep=0.00
Solved-check at update 95: solved=True worst_gap=-0.07 at p_x0=0.00 p_y0=-1.00 (consecutive=13)
update=96 global_step=196608 SPS=87 m_ev=0.995 m_v_bias=-0.9 m_kl_max=0.0184 mpc_ms=6.0/28 cand=0.000 w_ax@goal=+0.00 return=1012.3 length=79 success_rate=1.00 collisions/ep=0.00 (n=24)
update=97 global_step=198656 SPS=88 m_ev=0.994 m_v_bias=-0.3 m_kl_max=0.0209 mpc_ms=6.1/34 cand=0.000 w_ax@goal=+0.00 return=1013.1 length=78 success_rate=1.00 collisions/ep=0.00 (n=31)
update=98 global_step=200704 SPS=88 m_ev=0.999 m_v_bias=-1.5 m_kl_max=0.0153 mpc_ms=5.9/33 cand=0.000 w_ax@goal=+0.00 return=1012.5 length=79 success_rate=1.00 collisions/ep=0.00 (n=25)
update=99 global_step=202752 SPS=89 m_ev=1.000 m_v_bias=-0.1 m_kl_max=0.0125 mpc_ms=6.0/31 cand=0.000 w_ax@goal=-0.01 return=1013.3 length=78 success_rate=1.00 collisions/ep=0.00 (n=24)
update=100 global_step=204800 SPS=89 m_ev=0.999 m_v_bias=0.4 m_kl_max=0.0222 mpc_ms=5.6/39 cand=0.000 w_ax@goal=-0.01 return=1012.8 length=78 success_rate=1.00 collisions/ep=0.00 (n=24)
Evaluation at update 100: return=1013.53, length=79.00, success_rate=1.00, collisions/ep=0.00
Solved-check at update 100: solved=True worst_gap=-0.08 at p_x0=0.50 p_y0=-1.00 (consecutive=14)
Saved checkpoints to C:\Users\loren\Desktop\MASTER THESIS\5_CODE\scenarios\slalom\studies\init_sampler\ppo_mpc_sobol\runs\ppo_mpc_slalom_16_1791041868
