Using device: cpu
Solved-check: precomputed optimal returns for 25 fixed initial conditions (mean=1013.0, min=1011.0, max=1015.0); solved-tolerance=5.0
Goal box: +-1.800 m (1.5x segment-reachable; segment-reachable displacement = 1.200 m)
tube MPC: W half-widths [0. 0. 0. 0.], RPI s=0 alpha=0; Z half-widths (p_x, p_y, v_x, v_y) = [0. 0. 0. 0.]
  X0 (-) Z: p_x [-1.000, 11.000], p_y [-1.999, 1.999], |v| <= 1.200; V = U (-) KZ: |u| <= 2.500; K = [-7.613 -4.585] per axis
  4 obstacles, 132 binaries before fixing, max big-M 9.00; horizon N=10, stopping time 5 steps
num_envs=8 num_steps_per_env=256 batch_size=2048 num_updates=100 timesteps=204800
update=1 global_step=2048 SPS=138 m_ev=-0.002 m_v_bias=42.5 m_kl_max=0.0031 mpc_ms=6.9/20 cand=0.000 return=-196.2 length=200 success_rate=0.00 collisions/ep=0.00 (n=8)
update=2 global_step=4096 SPS=129 m_ev=-0.884 m_v_bias=22.3 m_kl_max=0.0066 mpc_ms=7.9/57 cand=0.000 return=-177.9 length=200 success_rate=0.00 collisions/ep=0.00 (n=8)
update=3 global_step=6144 SPS=134 m_ev=-0.113 m_v_bias=12.0 m_kl_max=0.0265 mpc_ms=6.6/41 cand=0.000 return=-189.9 length=200 success_rate=0.00 collisions/ep=0.00 (n=8)
update=4 global_step=8192 SPS=135 m_ev=0.137 m_v_bias=4.5 m_kl_max=0.0505 mpc_ms=6.8/37 cand=0.000 return=-170.5 length=200 success_rate=0.00 collisions/ep=0.00 (n=16)
update=5 global_step=10240 SPS=132 m_ev=0.195 m_v_bias=3.4 m_kl_max=0.0583 mpc_ms=7.9/47 cand=0.000 return=-161.3 length=200 success_rate=0.00 collisions/ep=0.00 (n=8)
Evaluation at update 5: return=-138.67, length=200.00, success_rate=0.00, collisions/ep=0.00
Solved-check at update 5: solved=False worst_gap=1161.02 at p_x0=2.00 p_y0=0.50 (consecutive=0)
update=6 global_step=12288 SPS=78 m_ev=0.596 m_v_bias=-2.5 m_kl_max=0.0467 mpc_ms=7.3/43 cand=0.000 return=-148.2 length=200 success_rate=0.00 collisions/ep=0.00 (n=8)
update=7 global_step=14336 SPS=83 m_ev=0.848 m_v_bias=0.2 m_kl_max=0.0258 mpc_ms=7.5/45 cand=0.000 return=-144.4 length=200 success_rate=0.00 collisions/ep=0.00 (n=8)
update=8 global_step=16384 SPS=87 m_ev=0.909 m_v_bias=0.9 m_kl_max=0.0412 mpc_ms=7.6/46 cand=0.000 w_ax@goal=-0.70 return=-140.7 length=200 success_rate=0.00 collisions/ep=0.00 (n=16)
update=9 global_step=18432 SPS=90 m_ev=0.923 m_v_bias=-1.0 m_kl_max=0.0173 mpc_ms=7.4/52 cand=0.000 w_ax@goal=-1.14 return=-138.6 length=200 success_rate=0.00 collisions/ep=0.00 (n=8)
update=10 global_step=20480 SPS=93 m_ev=-0.034 m_v_bias=-37.7 m_kl_max=0.0266 mpc_ms=7.0/43 cand=0.000 w_ax@goal=+0.13 return=98.5 length=190 success_rate=0.22 collisions/ep=0.00 (n=9)
Evaluation at update 10: return=-138.67, length=200.00, success_rate=0.00, collisions/ep=0.00
Solved-check at update 10: solved=False worst_gap=1161.02 at p_x0=2.00 p_y0=-1.00 (consecutive=0)
update=11 global_step=22528 SPS=76 m_ev=0.038 m_v_bias=-30.1 m_kl_max=0.0156 mpc_ms=7.7/52 cand=0.000 w_ax@goal=-0.32 return=-67.9 length=197 success_rate=0.07 collisions/ep=0.00 (n=15)
update=12 global_step=24576 SPS=78 m_ev=0.259 m_v_bias=-84.6 m_kl_max=0.0197 mpc_ms=7.3/47 cand=0.000 w_ax@goal=+0.01 return=270.4 length=184 success_rate=0.38 collisions/ep=0.00 (n=8)
update=13 global_step=26624 SPS=80 m_ev=0.245 m_v_bias=-21.2 m_kl_max=0.0379 mpc_ms=8.2/63 cand=0.000 w_ax@goal=-0.15 return=280.2 length=180 success_rate=0.38 collisions/ep=0.00 (n=13)
update=14 global_step=28672 SPS=83 m_ev=0.399 m_v_bias=-74.5 m_kl_max=0.0202 mpc_ms=7.4/54 cand=0.000 w_ax@goal=-0.23 return=491.4 length=169 success_rate=0.58 collisions/ep=0.00 (n=12)
update=15 global_step=30720 SPS=84 m_ev=0.534 m_v_bias=-94.4 m_kl_max=0.0131 mpc_ms=7.7/47 cand=0.000 w_ax@goal=-0.25 return=584.9 length=162 success_rate=0.67 collisions/ep=0.00 (n=12)
Evaluation at update 15: return=123.81, length=172.90, success_rate=0.25, collisions/ep=0.00
Solved-check at update 15: solved=False worst_gap=1191.02 at p_x0=2.00 p_y0=0.00 (consecutive=0)
update=16 global_step=32768 SPS=75 m_ev=0.630 m_v_bias=-3.2 m_kl_max=0.0055 mpc_ms=7.6/55 cand=0.000 w_ax@goal=-0.09 return=548.7 length=170 success_rate=0.64 collisions/ep=0.00 (n=11)
update=17 global_step=34816 SPS=76 m_ev=0.610 m_v_bias=-36.3 m_kl_max=0.0217 mpc_ms=8.2/48 cand=0.000 w_ax@goal=-0.34 return=443.3 length=164 success_rate=0.53 collisions/ep=0.00 (n=15)
update=18 global_step=36864 SPS=78 m_ev=0.721 m_v_bias=-79.6 m_kl_max=0.0141 mpc_ms=8.1/53 cand=0.000 w_ax@goal=-0.03 return=815.6 length=136 success_rate=0.87 collisions/ep=0.00 (n=15)
update=19 global_step=38912 SPS=80 m_ev=0.656 m_v_bias=13.6 m_kl_max=0.0075 mpc_ms=7.5/50 cand=0.000 w_ax@goal=+0.11 return=701.5 length=153 success_rate=0.77 collisions/ep=0.00 (n=13)
update=20 global_step=40960 SPS=81 m_ev=0.805 m_v_bias=-12.0 m_kl_max=0.0228 mpc_ms=8.2/57 cand=0.000 w_ax@goal=+0.01 return=756.9 length=140 success_rate=0.81 collisions/ep=0.00 (n=16)
Evaluation at update 20: return=1001.67, length=91.10, success_rate=1.00, collisions/ep=0.00
Solved-check at update 20: solved=False worst_gap=34.54 at p_x0=1.00 p_y0=-1.00 (consecutive=0)
update=21 global_step=43008 SPS=76 m_ev=0.852 m_v_bias=-10.2 m_kl_max=0.0206 mpc_ms=8.3/51 cand=0.000 w_ax@goal=+0.02 return=890.4 length=127 success_rate=0.93 collisions/ep=0.00 (n=14)
update=22 global_step=45056 SPS=77 m_ev=0.843 m_v_bias=-13.9 m_kl_max=0.0162 mpc_ms=8.2/49 cand=0.000 w_ax@goal=-0.04 return=895.9 length=132 success_rate=0.94 collisions/ep=0.00 (n=16)
update=23 global_step=47104 SPS=78 m_ev=0.883 m_v_bias=-19.1 m_kl_max=0.0191 mpc_ms=8.0/43 cand=0.000 w_ax@goal=-0.01 return=971.1 length=120 success_rate=1.00 collisions/ep=0.00 (n=18)
update=24 global_step=49152 SPS=79 m_ev=0.892 m_v_bias=-10.5 m_kl_max=0.0144 mpc_ms=7.8/47 cand=0.000 w_ax@goal=+0.02 return=979.5 length=113 success_rate=1.00 collisions/ep=0.00 (n=18)
update=25 global_step=51200 SPS=80 m_ev=0.786 m_v_bias=-22.1 m_kl_max=0.0205 mpc_ms=8.5/56 cand=0.000 w_ax@goal=+0.04 return=980.0 length=111 success_rate=1.00 collisions/ep=0.00 (n=19)
Evaluation at update 25: return=1009.88, length=83.10, success_rate=1.00, collisions/ep=0.00
Solved-check at update 25: solved=True worst_gap=4.45 at p_x0=0.00 p_y0=-1.00 (consecutive=0)
update=26 global_step=53248 SPS=78 m_ev=0.898 m_v_bias=-20.7 m_kl_max=0.0159 mpc_ms=7.9/47 cand=0.000 w_ax@goal=-0.02 return=995.4 length=96 success_rate=1.00 collisions/ep=0.00 (n=20)
update=27 global_step=55296 SPS=79 m_ev=0.920 m_v_bias=-6.7 m_kl_max=0.0124 mpc_ms=8.4/52 cand=0.000 w_ax@goal=+0.01 return=996.5 length=95 success_rate=1.00 collisions/ep=0.00 (n=23)
update=28 global_step=57344 SPS=80 m_ev=0.921 m_v_bias=2.0 m_kl_max=0.0202 mpc_ms=8.0/57 cand=0.000 w_ax@goal=+0.02 return=1000.5 length=91 success_rate=1.00 collisions/ep=0.00 (n=22)
update=29 global_step=59392 SPS=80 m_ev=0.925 m_v_bias=11.7 m_kl_max=0.0184 mpc_ms=8.5/55 cand=0.000 w_ax@goal=-0.03 return=994.1 length=97 success_rate=1.00 collisions/ep=0.00 (n=21)
update=30 global_step=61440 SPS=81 m_ev=0.967 m_v_bias=-19.0 m_kl_max=0.0127 mpc_ms=7.9/49 cand=0.000 w_ax@goal=-0.05 return=1001.0 length=91 success_rate=1.00 collisions/ep=0.00 (n=21)
Evaluation at update 30: return=1011.69, length=81.25, success_rate=1.00, collisions/ep=0.00
Solved-check at update 30: solved=True worst_gap=2.20 at p_x0=0.00 p_y0=-1.00 (consecutive=1)
Solved criterion held for 2 consecutive evals (tolerance=5.0) at global_step=61440.
update=31 global_step=63488 SPS=79 m_ev=0.964 m_v_bias=2.5 m_kl_max=0.0147 mpc_ms=7.9/48 cand=0.000 w_ax@goal=+0.06 return=1003.4 length=88 success_rate=1.00 collisions/ep=0.00 (n=23)
update=32 global_step=65536 SPS=80 m_ev=0.964 m_v_bias=6.1 m_kl_max=0.0070 mpc_ms=7.4/51 cand=0.000 w_ax@goal=-0.01 return=1000.4 length=91 success_rate=1.00 collisions/ep=0.00 (n=24)
update=33 global_step=67584 SPS=81 m_ev=0.961 m_v_bias=-7.1 m_kl_max=0.0090 mpc_ms=7.2/45 cand=0.000 w_ax@goal=+0.03 return=1003.5 length=88 success_rate=1.00 collisions/ep=0.00 (n=24)
update=34 global_step=69632 SPS=82 m_ev=0.981 m_v_bias=-6.5 m_kl_max=0.0043 mpc_ms=7.9/46 cand=0.000 w_ax@goal=-0.01 return=1006.9 length=85 success_rate=1.00 collisions/ep=0.00 (n=25)
update=35 global_step=71680 SPS=83 m_ev=0.977 m_v_bias=4.2 m_kl_max=0.0251 mpc_ms=7.7/43 cand=0.000 w_ax@goal=+0.01 return=1005.9 length=86 success_rate=1.00 collisions/ep=0.00 (n=23)
Evaluation at update 35: return=1012.40, length=80.50, success_rate=1.00, collisions/ep=0.00
Solved-check at update 35: solved=True worst_gap=1.31 at p_x0=0.00 p_y0=-1.00 (consecutive=2)
update=36 global_step=73728 SPS=81 m_ev=0.950 m_v_bias=3.1 m_kl_max=0.0092 mpc_ms=7.4/44 cand=0.000 w_ax@goal=+0.01 return=1004.4 length=87 success_rate=1.00 collisions/ep=0.00 (n=24)
update=37 global_step=75776 SPS=82 m_ev=0.937 m_v_bias=5.7 m_kl_max=0.0047 mpc_ms=7.6/43 cand=0.000 w_ax@goal=+0.02 return=1004.6 length=87 success_rate=1.00 collisions/ep=0.00 (n=24)
update=38 global_step=77824 SPS=83 m_ev=0.966 m_v_bias=-6.5 m_kl_max=0.0144 mpc_ms=7.3/55 cand=0.000 w_ax@goal=+0.04 return=1002.9 length=89 success_rate=1.00 collisions/ep=0.00 (n=22)
update=39 global_step=79872 SPS=83 m_ev=0.981 m_v_bias=-7.2 m_kl_max=0.0153 mpc_ms=7.5/50 cand=0.000 w_ax@goal=+0.03 return=1007.3 length=84 success_rate=1.00 collisions/ep=0.00 (n=25)
update=40 global_step=81920 SPS=84 m_ev=0.975 m_v_bias=0.9 m_kl_max=0.0097 mpc_ms=7.5/45 cand=0.000 w_ax@goal=+0.03 return=1007.8 length=83 success_rate=1.00 collisions/ep=0.00 (n=24)
Evaluation at update 40: return=1012.68, length=80.25, success_rate=1.00, collisions/ep=0.00
Solved-check at update 40: solved=True worst_gap=0.93 at p_x0=0.00 p_y0=-1.00 (consecutive=3)
update=41 global_step=83968 SPS=82 m_ev=0.984 m_v_bias=-3.0 m_kl_max=0.0044 mpc_ms=7.3/46 cand=0.000 w_ax@goal=+0.00 return=1006.5 length=85 success_rate=1.00 collisions/ep=0.00 (n=25)
update=42 global_step=86016 SPS=83 m_ev=0.987 m_v_bias=-5.9 m_kl_max=0.0086 mpc_ms=7.7/38 cand=0.000 w_ax@goal=-0.00 return=1009.4 length=82 success_rate=1.00 collisions/ep=0.00 (n=25)
update=43 global_step=88064 SPS=84 m_ev=0.989 m_v_bias=-0.4 m_kl_max=0.0181 mpc_ms=7.2/47 cand=0.000 w_ax@goal=-0.02 return=1009.0 length=83 success_rate=1.00 collisions/ep=0.00 (n=24)
update=44 global_step=90112 SPS=84 m_ev=0.984 m_v_bias=-2.1 m_kl_max=0.0069 mpc_ms=7.3/38 cand=0.000 w_ax@goal=+0.02 return=1009.5 length=82 success_rate=1.00 collisions/ep=0.00 (n=24)
update=45 global_step=92160 SPS=85 m_ev=0.984 m_v_bias=0.2 m_kl_max=0.0174 mpc_ms=7.3/38 cand=0.000 w_ax@goal=-0.02 return=1009.5 length=82 success_rate=1.00 collisions/ep=0.00 (n=24)
Evaluation at update 45: return=1012.90, length=80.10, success_rate=1.00, collisions/ep=0.00
Solved-check at update 45: solved=True worst_gap=0.87 at p_x0=0.00 p_y0=-1.00 (consecutive=4)
update=46 global_step=94208 SPS=84 m_ev=0.981 m_v_bias=-1.9 m_kl_max=0.0144 mpc_ms=7.2/45 cand=0.000 w_ax@goal=+0.04 return=1010.0 length=81 success_rate=1.00 collisions/ep=0.00 (n=26)
update=47 global_step=96256 SPS=84 m_ev=0.995 m_v_bias=-3.7 m_kl_max=0.0105 mpc_ms=7.3/41 cand=0.000 w_ax@goal=-0.01 return=1010.9 length=81 success_rate=1.00 collisions/ep=0.00 (n=29)
update=48 global_step=98304 SPS=85 m_ev=0.975 m_v_bias=3.9 m_kl_max=0.0325 mpc_ms=7.3/48 cand=0.000 w_ax@goal=+0.04 return=1008.7 length=83 success_rate=1.00 collisions/ep=0.00 (n=24)
update=49 global_step=100352 SPS=85 m_ev=0.981 m_v_bias=1.3 m_kl_max=0.0276 mpc_ms=7.2/48 cand=0.000 w_ax@goal=-0.01 return=1009.7 length=82 success_rate=1.00 collisions/ep=0.00 (n=24)
update=50 global_step=102400 SPS=86 m_ev=0.988 m_v_bias=-1.1 m_kl_max=0.0059 mpc_ms=7.5/44 cand=0.000 w_ax@goal=+0.01 return=1009.0 length=83 success_rate=1.00 collisions/ep=0.00 (n=25)
Evaluation at update 50: return=1013.04, length=79.95, success_rate=1.00, collisions/ep=0.00
Solved-check at update 50: solved=True worst_gap=0.68 at p_x0=0.00 p_y0=-1.00 (consecutive=5)
update=51 global_step=104448 SPS=85 m_ev=0.993 m_v_bias=-3.1 m_kl_max=0.0151 mpc_ms=7.2/49 cand=0.000 w_ax@goal=+0.03 return=1009.8 length=82 success_rate=1.00 collisions/ep=0.00 (n=24)
update=52 global_step=106496 SPS=85 m_ev=0.958 m_v_bias=4.1 m_kl_max=0.0076 mpc_ms=7.1/40 cand=0.000 w_ax@goal=+0.01 return=1008.6 length=83 success_rate=1.00 collisions/ep=0.00 (n=24)
update=53 global_step=108544 SPS=86 m_ev=0.988 m_v_bias=-4.2 m_kl_max=0.0088 mpc_ms=7.2/42 cand=0.000 w_ax@goal=+0.01 return=1010.2 length=81 success_rate=1.00 collisions/ep=0.00 (n=24)
update=54 global_step=110592 SPS=86 m_ev=0.969 m_v_bias=6.5 m_kl_max=0.0114 mpc_ms=7.0/36 cand=0.000 w_ax@goal=-0.01 return=1008.6 length=83 success_rate=1.00 collisions/ep=0.00 (n=24)
update=55 global_step=112640 SPS=87 m_ev=0.994 m_v_bias=-7.6 m_kl_max=0.0099 mpc_ms=6.9/35 cand=0.000 w_ax@goal=+0.03 return=1011.2 length=80 success_rate=1.00 collisions/ep=0.00 (n=29)
Evaluation at update 55: return=1013.13, length=79.75, success_rate=1.00, collisions/ep=0.00
Solved-check at update 55: solved=True worst_gap=0.53 at p_x0=0.00 p_y0=-1.00 (consecutive=6)
update=56 global_step=114688 SPS=86 m_ev=0.995 m_v_bias=-1.6 m_kl_max=0.0049 mpc_ms=7.1/43 cand=0.000 w_ax@goal=+0.02 return=1011.3 length=81 success_rate=1.00 collisions/ep=0.00 (n=27)
update=57 global_step=116736 SPS=86 m_ev=0.993 m_v_bias=-0.3 m_kl_max=0.0123 mpc_ms=7.0/39 cand=0.000 w_ax@goal=-0.04 return=1010.7 length=81 success_rate=1.00 collisions/ep=0.00 (n=24)
update=58 global_step=118784 SPS=87 m_ev=0.997 m_v_bias=-2.9 m_kl_max=0.0092 mpc_ms=6.9/57 cand=0.000 w_ax@goal=+0.02 return=1011.8 length=80 success_rate=1.00 collisions/ep=0.00 (n=24)
update=59 global_step=120832 SPS=87 m_ev=0.997 m_v_bias=-0.9 m_kl_max=0.0093 mpc_ms=7.2/43 cand=0.000 w_ax@goal=-0.02 return=1011.4 length=80 success_rate=1.00 collisions/ep=0.00 (n=24)
update=60 global_step=122880 SPS=88 m_ev=0.993 m_v_bias=0.9 m_kl_max=0.0218 mpc_ms=6.9/33 cand=0.000 w_ax@goal=+0.00 return=1011.2 length=80 success_rate=1.00 collisions/ep=0.00 (n=26)
Evaluation at update 60: return=1013.32, length=79.60, success_rate=1.00, collisions/ep=0.00
Solved-check at update 60: solved=True worst_gap=0.31 at p_x0=0.00 p_y0=-1.00 (consecutive=7)
update=61 global_step=124928 SPS=87 m_ev=0.998 m_v_bias=-3.0 m_kl_max=0.0102 mpc_ms=6.8/40 cand=0.000 w_ax@goal=+0.01 return=1012.1 length=80 success_rate=1.00 collisions/ep=0.00 (n=30)
update=62 global_step=126976 SPS=87 m_ev=0.999 m_v_bias=-2.0 m_kl_max=0.0134 mpc_ms=7.0/37 cand=0.000 w_ax@goal=-0.08 return=1012.3 length=79 success_rate=1.00 collisions/ep=0.00 (n=24)
update=63 global_step=129024 SPS=88 m_ev=0.982 m_v_bias=4.9 m_kl_max=0.0147 mpc_ms=7.1/48 cand=0.000 w_ax@goal=+0.00 return=1010.8 length=81 success_rate=1.00 collisions/ep=0.00 (n=24)
update=64 global_step=131072 SPS=88 m_ev=0.995 m_v_bias=-1.9 m_kl_max=0.0077 mpc_ms=7.3/47 cand=0.000 w_ax@goal=+0.02 return=1011.6 length=80 success_rate=1.00 collisions/ep=0.00 (n=24)
update=65 global_step=133120 SPS=89 m_ev=0.983 m_v_bias=5.6 m_kl_max=0.0168 mpc_ms=7.1/38 cand=0.000 w_ax@goal=-0.01 return=1010.0 length=82 success_rate=1.00 collisions/ep=0.00 (n=26)
Evaluation at update 65: return=1013.39, length=79.55, success_rate=1.00, collisions/ep=0.00
Solved-check at update 65: solved=True worst_gap=0.21 at p_x0=0.00 p_y0=-1.00 (consecutive=8)
update=66 global_step=135168 SPS=87 m_ev=0.995 m_v_bias=-5.3 m_kl_max=0.0037 mpc_ms=7.0/43 cand=0.000 w_ax@goal=+0.01 return=1011.9 length=80 success_rate=1.00 collisions/ep=0.00 (n=28)
update=67 global_step=137216 SPS=88 m_ev=0.999 m_v_bias=-2.3 m_kl_max=0.0253 mpc_ms=7.1/50 cand=0.000 w_ax@goal=+0.00 return=1012.8 length=79 success_rate=1.00 collisions/ep=0.00 (n=26)
update=68 global_step=139264 SPS=88 m_ev=0.987 m_v_bias=5.7 m_kl_max=0.0340 mpc_ms=7.2/42 cand=0.000 w_ax@goal=-0.01 return=1010.4 length=81 success_rate=1.00 collisions/ep=0.00 (n=24)
update=69 global_step=141312 SPS=89 m_ev=0.998 m_v_bias=-5.1 m_kl_max=0.0206 mpc_ms=6.9/37 cand=0.000 w_ax@goal=-0.03 return=1012.3 length=79 success_rate=1.00 collisions/ep=0.00 (n=24)
update=70 global_step=143360 SPS=89 m_ev=0.998 m_v_bias=-0.4 m_kl_max=0.0172 mpc_ms=7.1/34 cand=0.000 w_ax@goal=+0.01 return=1012.4 length=79 success_rate=1.00 collisions/ep=0.00 (n=27)
Evaluation at update 70: return=1013.44, length=79.50, success_rate=1.00, collisions/ep=0.00
Solved-check at update 70: solved=True worst_gap=0.14 at p_x0=0.00 p_y0=-1.00 (consecutive=9)
update=71 global_step=145408 SPS=88 m_ev=0.999 m_v_bias=-0.6 m_kl_max=0.0146 mpc_ms=7.0/41 cand=0.000 w_ax@goal=+0.01 return=1012.4 length=79 success_rate=1.00 collisions/ep=0.00 (n=29)
update=72 global_step=147456 SPS=89 m_ev=0.980 m_v_bias=4.7 m_kl_max=0.0320 mpc_ms=7.1/34 cand=0.000 w_ax@goal=-0.01 return=1010.2 length=81 success_rate=1.00 collisions/ep=0.00 (n=24)
update=73 global_step=149504 SPS=89 m_ev=0.994 m_v_bias=-2.2 m_kl_max=0.0166 mpc_ms=7.1/42 cand=0.000 w_ax@goal=+0.01 return=1011.9 length=80 success_rate=1.00 collisions/ep=0.00 (n=24)
update=74 global_step=151552 SPS=89 m_ev=0.998 m_v_bias=-3.4 m_kl_max=0.0116 mpc_ms=6.9/32 cand=0.000 w_ax@goal=+0.00 return=1012.5 length=79 success_rate=1.00 collisions/ep=0.00 (n=24)
update=75 global_step=153600 SPS=90 m_ev=0.988 m_v_bias=6.1 m_kl_max=0.0084 mpc_ms=6.7/41 cand=0.000 w_ax@goal=+0.01 return=1011.5 length=80 success_rate=1.00 collisions/ep=0.00 (n=28)
Evaluation at update 75: return=1013.48, length=79.50, success_rate=1.00, collisions/ep=0.00
Solved-check at update 75: solved=True worst_gap=0.09 at p_x0=0.00 p_y0=-1.00 (consecutive=10)
update=76 global_step=155648 SPS=89 m_ev=0.984 m_v_bias=-0.2 m_kl_max=0.0302 mpc_ms=7.3/41 cand=0.000 w_ax@goal=-0.03 return=1010.8 length=81 success_rate=1.00 collisions/ep=0.00 (n=26)
update=77 global_step=157696 SPS=89 m_ev=0.996 m_v_bias=-3.0 m_kl_max=0.0128 mpc_ms=7.2/43 cand=0.000 w_ax@goal=-0.01 return=1011.6 length=80 success_rate=1.00 collisions/ep=0.00 (n=26)
update=78 global_step=159744 SPS=90 m_ev=0.995 m_v_bias=0.5 m_kl_max=0.0072 mpc_ms=7.2/44 cand=0.000 w_ax@goal=-0.01 return=1011.7 length=80 success_rate=1.00 collisions/ep=0.00 (n=24)
update=79 global_step=161792 SPS=90 m_ev=0.993 m_v_bias=0.0 m_kl_max=0.0165 mpc_ms=7.1/50 cand=0.000 w_ax@goal=+0.01 return=1012.2 length=79 success_rate=1.00 collisions/ep=0.00 (n=24)
update=80 global_step=163840 SPS=90 m_ev=0.998 m_v_bias=-5.1 m_kl_max=0.0182 mpc_ms=7.0/52 cand=0.000 w_ax@goal=-0.02 return=1012.1 length=79 success_rate=1.00 collisions/ep=0.00 (n=31)
Evaluation at update 80: return=1013.51, length=79.50, success_rate=1.00, collisions/ep=0.00
Solved-check at update 80: solved=True worst_gap=0.05 at p_x0=0.00 p_y0=-1.00 (consecutive=11)
update=81 global_step=165888 SPS=89 m_ev=0.999 m_v_bias=-1.2 m_kl_max=0.0015 mpc_ms=7.0/32 cand=0.000 w_ax@goal=+0.00 return=1012.8 length=79 success_rate=1.00 collisions/ep=0.00 (n=25)
update=82 global_step=167936 SPS=90 m_ev=0.999 m_v_bias=-1.0 m_kl_max=0.0085 mpc_ms=6.8/36 cand=0.000 w_ax@goal=-0.00 return=1012.8 length=79 success_rate=1.00 collisions/ep=0.00 (n=24)
update=83 global_step=169984 SPS=90 m_ev=0.999 m_v_bias=0.0 m_kl_max=0.0148 mpc_ms=6.9/46 cand=0.000 w_ax@goal=-0.01 return=1012.5 length=79 success_rate=1.00 collisions/ep=0.00 (n=24)
update=84 global_step=172032 SPS=90 m_ev=0.984 m_v_bias=4.7 m_kl_max=0.0095 mpc_ms=7.0/35 cand=0.000 w_ax@goal=-0.01 return=1011.6 length=79 success_rate=1.00 collisions/ep=0.00 (n=28)
update=85 global_step=174080 SPS=91 m_ev=0.999 m_v_bias=-3.0 m_kl_max=0.0126 mpc_ms=7.2/41 cand=0.000 w_ax@goal=-0.00 return=1012.9 length=79 success_rate=1.00 collisions/ep=0.00 (n=27)
Evaluation at update 85: return=1013.54, length=79.50, success_rate=1.00, collisions/ep=0.00
Solved-check at update 85: solved=True worst_gap=0.02 at p_x0=0.00 p_y0=-1.00 (consecutive=12)
update=86 global_step=176128 SPS=90 m_ev=0.996 m_v_bias=1.2 m_kl_max=0.0160 mpc_ms=6.7/38 cand=0.000 w_ax@goal=+0.01 return=1012.2 length=79 success_rate=1.00 collisions/ep=0.00 (n=25)
update=87 global_step=178176 SPS=90 m_ev=0.999 m_v_bias=-1.3 m_kl_max=0.0181 mpc_ms=6.5/56 cand=0.000 w_ax@goal=-0.01 return=1012.7 length=79 success_rate=1.00 collisions/ep=0.00 (n=24)
update=88 global_step=180224 SPS=91 m_ev=0.999 m_v_bias=0.2 m_kl_max=0.0069 mpc_ms=6.2/27 cand=0.000 w_ax@goal=-0.01 return=1012.8 length=79 success_rate=1.00 collisions/ep=0.00 (n=25)
update=89 global_step=182272 SPS=91 m_ev=0.999 m_v_bias=0.3 m_kl_max=0.0066 mpc_ms=5.8/32 cand=0.000 w_ax@goal=+0.03 return=1012.8 length=79 success_rate=1.00 collisions/ep=0.00 (n=31)
update=90 global_step=184320 SPS=92 m_ev=0.994 m_v_bias=1.2 m_kl_max=0.0053 mpc_ms=6.1/42 cand=0.000 w_ax@goal=-0.02 return=1012.2 length=79 success_rate=1.00 collisions/ep=0.00 (n=24)
Evaluation at update 90: return=1013.56, length=79.45, success_rate=1.00, collisions/ep=0.00
Solved-check at update 90: solved=True worst_gap=-0.01 at p_x0=0.00 p_y0=-1.00 (consecutive=13)
update=91 global_step=186368 SPS=91 m_ev=0.999 m_v_bias=-1.4 m_kl_max=0.0115 mpc_ms=5.9/29 cand=0.000 w_ax@goal=-0.02 return=1012.9 length=79 success_rate=1.00 collisions/ep=0.00 (n=24)
update=92 global_step=188416 SPS=91 m_ev=0.995 m_v_bias=1.8 m_kl_max=0.0078 mpc_ms=5.5/25 cand=0.000 w_ax@goal=+0.00 return=1012.4 length=79 success_rate=1.00 collisions/ep=0.00 (n=24)
update=93 global_step=190464 SPS=92 m_ev=0.999 m_v_bias=-2.7 m_kl_max=0.0221 mpc_ms=5.5/50 cand=0.000 w_ax@goal=-0.00 return=1012.7 length=79 success_rate=1.00 collisions/ep=0.00 (n=32)
update=94 global_step=192512 SPS=92 m_ev=0.999 m_v_bias=-0.9 m_kl_max=0.0104 mpc_ms=5.4/34 cand=0.000 w_ax@goal=+0.00 return=1013.0 length=79 success_rate=1.00 collisions/ep=0.00 (n=24)
update=95 global_step=194560 SPS=93 m_ev=1.000 m_v_bias=-0.8 m_kl_max=0.0160 mpc_ms=5.5/37 cand=0.000 w_ax@goal=-0.00 return=1013.2 length=78 success_rate=1.00 collisions/ep=0.00 (n=24)
Evaluation at update 95: return=1013.59, length=79.40, success_rate=1.00, collisions/ep=0.00
Solved-check at update 95: solved=True worst_gap=-0.04 at p_x0=0.00 p_y0=-1.00 (consecutive=14)
update=96 global_step=196608 SPS=92 m_ev=0.999 m_v_bias=-0.1 m_kl_max=0.0063 mpc_ms=5.3/45 cand=0.000 w_ax@goal=+0.01 return=1012.8 length=79 success_rate=1.00 collisions/ep=0.00 (n=24)
update=97 global_step=198656 SPS=93 m_ev=0.993 m_v_bias=2.6 m_kl_max=0.0145 mpc_ms=5.1/32 cand=0.000 w_ax@goal=-0.01 return=1012.6 length=79 success_rate=1.00 collisions/ep=0.00 (n=31)
update=98 global_step=200704 SPS=93 m_ev=0.998 m_v_bias=0.5 m_kl_max=0.0264 mpc_ms=4.8/29 cand=0.000 w_ax@goal=-0.01 return=1012.6 length=79 success_rate=1.00 collisions/ep=0.00 (n=25)
update=99 global_step=202752 SPS=94 m_ev=0.994 m_v_bias=-0.3 m_kl_max=0.0180 mpc_ms=4.5/26 cand=0.000 w_ax@goal=-0.00 return=1012.2 length=80 success_rate=1.00 collisions/ep=0.00 (n=24)
update=100 global_step=204800 SPS=94 m_ev=0.999 m_v_bias=-1.1 m_kl_max=0.0202 mpc_ms=4.5/32 cand=0.000 w_ax@goal=-0.00 return=1013.1 length=79 success_rate=1.00 collisions/ep=0.00 (n=24)
Evaluation at update 100: return=1013.58, length=79.35, success_rate=1.00, collisions/ep=0.00
Solved-check at update 100: solved=True worst_gap=-0.05 at p_x0=0.50 p_y0=-1.00 (consecutive=15)
Saved checkpoints to C:\Users\loren\Desktop\MASTER THESIS\5_CODE\scenarios\slalom\studies\init_sampler\ppo_mpc_sobol\runs\ppo_mpc_slalom_20_1791042107
