Using device: cpu
Solved-check: precomputed optimal returns for 25 fixed initial conditions (mean=1013.0, min=1011.0, max=1015.0); solved-tolerance=5.0
batch_size=1024 minibatch_size=256 num_updates=200 timesteps=204800
update=1 global_step=1024 SPS=1616 ev=0.000 v_bias=70.7
update=2 global_step=2048 SPS=1745 ev=-0.008 v_bias=28.9 return=-718.2 length=192 success_rate=0.12 collisions/ep=13.12 (n=8)
update=3 global_step=3072 SPS=1687 ev=0.162 v_bias=-3.1 return=298.1 length=151 success_rate=0.67 collisions/ep=5.67 (n=3)
update=4 global_step=4096 SPS=1625 ev=0.620 v_bias=19.2 return=-554.7 length=200 success_rate=0.00 collisions/ep=7.50 (n=6)
update=5 global_step=5120 SPS=1510 ev=0.363 v_bias=-77.8 return=301.0 length=154 success_rate=0.70 collisions/ep=6.30 (n=10)
update=6 global_step=6144 SPS=1496 ev=0.696 v_bias=-31.4 return=356.1 length=146 success_rate=0.67 collisions/ep=4.67 (n=6)
update=7 global_step=7168 SPS=1519 ev=0.732 v_bias=-79.0 return=578.8 length=124 success_rate=0.90 collisions/ep=5.70 (n=10)
update=8 global_step=8192 SPS=1521 ev=0.913 v_bias=-71.3 return=719.0 length=103 success_rate=1.00 collisions/ep=5.40 (n=10)
update=9 global_step=9216 SPS=1492 ev=0.961 v_bias=-57.2 return=773.8 length=90 success_rate=1.00 collisions/ep=4.55 (n=11)
update=10 global_step=10240 SPS=1494 ev=0.979 v_bias=-58.5 return=800.0 length=87 success_rate=1.00 collisions/ep=4.18 (n=11)
Evaluation at update 10: return=213.98, length=81.45, success_rate=1.00, collisions/ep=15.90
Solved-check at update 10: solved=False worst_gap=903.97 at p_x0=1.50 p_y0=0.50 (consecutive=0)
update=11 global_step=11264 SPS=868 ev=0.963 v_bias=-44.5 return=801.5 length=85 success_rate=1.00 collisions/ep=4.08 (n=12)
update=12 global_step=12288 SPS=907 ev=0.978 v_bias=-31.9 return=839.0 length=86 success_rate=1.00 collisions/ep=3.33 (n=12)
update=13 global_step=13312 SPS=937 ev=0.957 v_bias=-24.8 return=870.7 length=83 success_rate=1.00 collisions/ep=2.75 (n=12)
update=14 global_step=14336 SPS=948 ev=0.971 v_bias=-17.0 return=855.1 length=83 success_rate=1.00 collisions/ep=3.07 (n=15)
update=15 global_step=15360 SPS=964 ev=0.974 v_bias=-16.6 return=908.7 length=82 success_rate=1.00 collisions/ep=2.00 (n=10)
update=16 global_step=16384 SPS=990 ev=0.970 v_bias=-0.5 return=862.4 length=83 success_rate=1.00 collisions/ep=2.93 (n=15)
update=17 global_step=17408 SPS=1012 ev=0.964 v_bias=-3.7 return=847.9 length=84 success_rate=1.00 collisions/ep=3.30 (n=10)
update=18 global_step=18432 SPS=1032 ev=0.972 v_bias=-7.5 return=834.5 length=82 success_rate=1.00 collisions/ep=3.64 (n=14)
update=19 global_step=19456 SPS=1050 ev=0.955 v_bias=5.5 return=876.6 length=84 success_rate=1.00 collisions/ep=2.73 (n=11)
update=20 global_step=20480 SPS=1072 ev=0.946 v_bias=12.3 return=819.7 length=82 success_rate=1.00 collisions/ep=3.77 (n=13)
Evaluation at update 20: return=993.02, length=79.85, success_rate=1.00, collisions/ep=0.35
Solved-check at update 20: solved=False worst_gap=102.24 at p_x0=0.00 p_y0=-1.00 (consecutive=0)
update=21 global_step=21504 SPS=867 ev=0.975 v_bias=-13.9 return=939.1 length=83 success_rate=1.00 collisions/ep=1.38 (n=13)
update=22 global_step=22528 SPS=888 ev=0.982 v_bias=-6.1 return=922.4 length=83 success_rate=1.00 collisions/ep=1.73 (n=11)
update=23 global_step=23552 SPS=904 ev=0.971 v_bias=3.1 return=921.2 length=84 success_rate=1.00 collisions/ep=1.87 (n=15)
update=24 global_step=24576 SPS=922 ev=0.982 v_bias=-3.6 return=958.9 length=82 success_rate=1.00 collisions/ep=1.00 (n=9)
update=25 global_step=25600 SPS=936 ev=0.987 v_bias=-3.7 return=933.5 length=83 success_rate=1.00 collisions/ep=1.50 (n=16)
update=26 global_step=26624 SPS=947 ev=0.976 v_bias=-4.1 return=940.0 length=83 success_rate=1.00 collisions/ep=1.38 (n=8)
update=27 global_step=27648 SPS=959 ev=0.993 v_bias=-5.2 return=982.2 length=81 success_rate=1.00 collisions/ep=0.56 (n=16)
update=28 global_step=28672 SPS=973 ev=0.979 v_bias=-2.6 return=947.3 length=82 success_rate=1.00 collisions/ep=1.25 (n=8)
update=29 global_step=29696 SPS=985 ev=0.995 v_bias=-3.2 return=976.2 length=81 success_rate=1.00 collisions/ep=0.69 (n=16)
update=30 global_step=30720 SPS=992 ev=0.988 v_bias=-2.3 return=967.1 length=81 success_rate=1.00 collisions/ep=0.87 (n=15)
Evaluation at update 30: return=1011.54, length=78.95, success_rate=1.00, collisions/ep=0.00
Solved-check at update 30: solved=False worst_gap=51.67 at p_x0=0.00 p_y0=1.00 (consecutive=0)
update=31 global_step=31744 SPS=866 ev=0.988 v_bias=-3.0 return=988.3 length=81 success_rate=1.00 collisions/ep=0.44 (n=9)
update=32 global_step=32768 SPS=879 ev=0.994 v_bias=-0.8 return=992.0 length=81 success_rate=1.00 collisions/ep=0.38 (n=16)
update=33 global_step=33792 SPS=890 ev=0.978 v_bias=2.1 return=973.3 length=80 success_rate=1.00 collisions/ep=0.75 (n=8)
update=34 global_step=34816 SPS=903 ev=0.995 v_bias=0.1 return=978.8 length=82 success_rate=1.00 collisions/ep=0.62 (n=16)
update=35 global_step=35840 SPS=910 ev=0.985 v_bias=-2.4 return=973.1 length=81 success_rate=1.00 collisions/ep=0.75 (n=8)
update=36 global_step=36864 SPS=918 ev=0.996 v_bias=-4.3 return=1001.4 length=81 success_rate=1.00 collisions/ep=0.38 (n=16)
update=37 global_step=37888 SPS=924 ev=0.997 v_bias=-0.6 return=1001.9 length=80 success_rate=1.00 collisions/ep=0.19 (n=16)
update=38 global_step=38912 SPS=934 ev=0.979 v_bias=0.2 return=967.2 length=80 success_rate=1.00 collisions/ep=0.88 (n=8)
update=39 global_step=39936 SPS=944 ev=0.999 v_bias=-3.1 return=1011.4 length=80 success_rate=1.00 collisions/ep=0.06 (n=16)
update=40 global_step=40960 SPS=953 ev=0.987 v_bias=4.1 return=972.4 length=79 success_rate=1.00 collisions/ep=0.78 (n=9)
Evaluation at update 40: return=1012.19, length=78.10, success_rate=1.00, collisions/ep=0.00
Solved-check at update 40: solved=True worst_gap=0.99 at p_x0=0.50 p_y0=1.00 (consecutive=0)
update=41 global_step=41984 SPS=853 ev=0.996 v_bias=-0.0 return=994.6 length=81 success_rate=1.00 collisions/ep=0.33 (n=15)
update=42 global_step=43008 SPS=863 ev=0.998 v_bias=-1.7 return=1005.5 length=80 success_rate=1.00 collisions/ep=0.12 (n=16)
update=43 global_step=44032 SPS=874 ev=0.988 v_bias=-0.1 return=986.8 length=79 success_rate=1.00 collisions/ep=0.50 (n=8)
update=44 global_step=45056 SPS=884 ev=0.996 v_bias=0.2 return=993.4 length=80 success_rate=1.00 collisions/ep=0.44 (n=16)
update=45 global_step=46080 SPS=893 ev=0.999 v_bias=-3.3 return=1011.9 length=79 success_rate=1.00 collisions/ep=0.00 (n=9)
update=46 global_step=47104 SPS=900 ev=0.990 v_bias=3.0 return=988.7 length=80 success_rate=1.00 collisions/ep=0.47 (n=15)
update=47 global_step=48128 SPS=909 ev=0.989 v_bias=0.4 return=996.4 length=80 success_rate=1.00 collisions/ep=0.31 (n=16)
update=48 global_step=49152 SPS=917 ev=0.997 v_bias=-3.8 return=1005.9 length=79 success_rate=1.00 collisions/ep=0.12 (n=8)
update=49 global_step=50176 SPS=926 ev=0.999 v_bias=-1.9 return=1008.8 length=80 success_rate=1.00 collisions/ep=0.12 (n=16)
update=50 global_step=51200 SPS=935 ev=0.997 v_bias=-0.2 return=1003.5 length=79 success_rate=1.00 collisions/ep=0.18 (n=11)
Evaluation at update 50: return=1012.54, length=77.90, success_rate=1.00, collisions/ep=0.00
Solved-check at update 50: solved=True worst_gap=0.68 at p_x0=0.00 p_y0=1.00 (consecutive=1)
Solved criterion held for 2 consecutive evals (tolerance=5.0) at global_step=51200.
update=51 global_step=52224 SPS=858 ev=0.999 v_bias=-0.6 return=1008.5 length=80 success_rate=1.00 collisions/ep=0.08 (n=13)
update=52 global_step=53248 SPS=861 ev=0.999 v_bias=0.3 return=1009.0 length=80 success_rate=1.00 collisions/ep=0.06 (n=16)
update=53 global_step=54272 SPS=865 ev=0.992 v_bias=2.6 return=993.2 length=80 success_rate=1.00 collisions/ep=0.38 (n=8)
update=54 global_step=55296 SPS=872 ev=0.999 v_bias=-1.3 return=999.9 length=79 success_rate=1.00 collisions/ep=0.25 (n=16)
update=55 global_step=56320 SPS=880 ev=0.999 v_bias=-1.8 return=1012.6 length=78 success_rate=1.00 collisions/ep=0.00 (n=14)
update=56 global_step=57344 SPS=884 ev=0.997 v_bias=0.4 return=1002.6 length=80 success_rate=1.00 collisions/ep=0.20 (n=10)
update=57 global_step=58368 SPS=889 ev=0.999 v_bias=-0.6 return=1009.3 length=79 success_rate=1.00 collisions/ep=0.06 (n=16)
update=58 global_step=59392 SPS=895 ev=0.999 v_bias=-0.1 return=1012.4 length=79 success_rate=1.00 collisions/ep=0.00 (n=8)
update=59 global_step=60416 SPS=900 ev=0.998 v_bias=1.1 return=1003.1 length=79 success_rate=1.00 collisions/ep=0.19 (n=16)
update=60 global_step=61440 SPS=907 ev=0.999 v_bias=-1.0 return=1012.3 length=79 success_rate=1.00 collisions/ep=0.00 (n=16)
Evaluation at update 60: return=1012.67, length=77.85, success_rate=1.00, collisions/ep=0.00
Solved-check at update 60: solved=True worst_gap=0.54 at p_x0=0.00 p_y0=1.00 (consecutive=2)
update=61 global_step=62464 SPS=845 ev=1.000 v_bias=-1.5 return=1012.7 length=79 success_rate=1.00 collisions/ep=0.00 (n=8)
update=62 global_step=63488 SPS=851 ev=1.000 v_bias=-0.4 return=1012.5 length=79 success_rate=1.00 collisions/ep=0.00 (n=16)
update=63 global_step=64512 SPS=854 ev=0.999 v_bias=0.5 return=1007.8 length=77 success_rate=1.00 collisions/ep=0.09 (n=11)
update=64 global_step=65536 SPS=860 ev=0.998 v_bias=1.3 return=1005.1 length=80 success_rate=1.00 collisions/ep=0.23 (n=13)
update=65 global_step=66560 SPS=865 ev=0.997 v_bias=1.7 return=1000.0 length=79 success_rate=1.00 collisions/ep=0.25 (n=16)
update=66 global_step=67584 SPS=871 ev=0.992 v_bias=0.3 return=1012.8 length=79 success_rate=1.00 collisions/ep=0.00 (n=8)
update=67 global_step=68608 SPS=876 ev=1.000 v_bias=-2.1 return=1000.3 length=79 success_rate=1.00 collisions/ep=0.25 (n=16)
update=68 global_step=69632 SPS=881 ev=0.998 v_bias=0.1 return=1006.5 length=79 success_rate=1.00 collisions/ep=0.12 (n=16)
update=69 global_step=70656 SPS=887 ev=1.000 v_bias=-2.2 return=1012.5 length=79 success_rate=1.00 collisions/ep=0.00 (n=8)
update=70 global_step=71680 SPS=893 ev=0.999 v_bias=0.2 return=1009.8 length=79 success_rate=1.00 collisions/ep=0.06 (n=16)
Evaluation at update 70: return=1012.79, length=77.60, success_rate=1.00, collisions/ep=0.00
Solved-check at update 70: solved=True worst_gap=0.37 at p_x0=0.00 p_y0=1.00 (consecutive=3)
update=71 global_step=72704 SPS=841 ev=0.999 v_bias=0.2 return=1007.9 length=78 success_rate=1.00 collisions/ep=0.10 (n=10)
update=72 global_step=73728 SPS=844 ev=0.992 v_bias=1.2 return=1002.4 length=79 success_rate=1.00 collisions/ep=0.21 (n=14)
update=73 global_step=74752 SPS=848 ev=0.999 v_bias=-0.3 return=1009.9 length=78 success_rate=1.00 collisions/ep=0.06 (n=16)
update=74 global_step=75776 SPS=853 ev=0.998 v_bias=-0.7 return=1000.4 length=79 success_rate=1.00 collisions/ep=0.25 (n=8)
update=75 global_step=76800 SPS=857 ev=1.000 v_bias=-1.1 return=1012.9 length=78 success_rate=1.00 collisions/ep=0.00 (n=16)
update=76 global_step=77824 SPS=862 ev=1.000 v_bias=-0.8 return=1013.0 length=78 success_rate=1.00 collisions/ep=0.00 (n=16)
update=77 global_step=78848 SPS=866 ev=1.000 v_bias=-0.5 return=1012.9 length=79 success_rate=1.00 collisions/ep=0.25 (n=8)
update=78 global_step=79872 SPS=870 ev=1.000 v_bias=0.0 return=1012.8 length=79 success_rate=1.00 collisions/ep=0.06 (n=16)
update=79 global_step=80896 SPS=875 ev=0.998 v_bias=1.9 return=1012.7 length=77 success_rate=1.00 collisions/ep=0.09 (n=11)
update=80 global_step=81920 SPS=879 ev=0.999 v_bias=-0.4 return=1005.4 length=80 success_rate=1.00 collisions/ep=0.23 (n=13)
Evaluation at update 80: return=1012.86, length=77.50, success_rate=1.00, collisions/ep=0.00
Solved-check at update 80: solved=True worst_gap=0.26 at p_x0=0.00 p_y0=1.00 (consecutive=4)
update=81 global_step=82944 SPS=834 ev=1.000 v_bias=0.1 return=1009.8 length=79 success_rate=1.00 collisions/ep=0.06 (n=16)
update=82 global_step=83968 SPS=839 ev=1.000 v_bias=-0.3 return=1013.1 length=79 success_rate=1.00 collisions/ep=0.00 (n=8)
update=83 global_step=84992 SPS=844 ev=1.000 v_bias=0.1 return=1013.1 length=79 success_rate=1.00 collisions/ep=0.00 (n=16)
update=84 global_step=86016 SPS=849 ev=0.999 v_bias=1.0 return=1009.9 length=79 success_rate=1.00 collisions/ep=0.12 (n=16)
update=85 global_step=87040 SPS=853 ev=0.999 v_bias=0.8 return=1012.9 length=78 success_rate=1.00 collisions/ep=0.00 (n=8)
update=86 global_step=88064 SPS=857 ev=1.000 v_bias=-0.0 return=1009.7 length=79 success_rate=1.00 collisions/ep=0.06 (n=16)
update=87 global_step=89088 SPS=859 ev=1.000 v_bias=-0.1 return=1012.8 length=79 success_rate=1.00 collisions/ep=0.00 (n=13)
update=88 global_step=90112 SPS=864 ev=0.999 v_bias=0.5 return=1008.4 length=79 success_rate=1.00 collisions/ep=0.09 (n=11)
update=89 global_step=91136 SPS=867 ev=1.000 v_bias=-0.1 return=1012.7 length=79 success_rate=1.00 collisions/ep=0.06 (n=16)
update=90 global_step=92160 SPS=871 ev=0.999 v_bias=0.2 return=1006.7 length=78 success_rate=1.00 collisions/ep=0.12 (n=8)
Evaluation at update 90: return=1012.89, length=77.40, success_rate=1.00, collisions/ep=0.00
Solved-check at update 90: solved=True worst_gap=0.20 at p_x0=0.00 p_y0=1.00 (consecutive=5)
update=91 global_step=93184 SPS=835 ev=1.000 v_bias=-0.2 return=1012.8 length=79 success_rate=1.00 collisions/ep=0.00 (n=16)
update=92 global_step=94208 SPS=839 ev=1.000 v_bias=-0.1 return=1012.9 length=79 success_rate=1.00 collisions/ep=0.00 (n=16)
update=93 global_step=95232 SPS=843 ev=1.000 v_bias=-0.5 return=1013.1 length=79 success_rate=1.00 collisions/ep=0.00 (n=8)
update=94 global_step=96256 SPS=847 ev=1.000 v_bias=0.0 return=1013.0 length=79 success_rate=1.00 collisions/ep=0.00 (n=16)
update=95 global_step=97280 SPS=852 ev=0.999 v_bias=0.8 return=1013.0 length=78 success_rate=1.00 collisions/ep=0.00 (n=14)
update=96 global_step=98304 SPS=855 ev=1.000 v_bias=-0.4 return=1007.9 length=79 success_rate=1.00 collisions/ep=0.10 (n=10)
update=97 global_step=99328 SPS=858 ev=1.000 v_bias=-0.2 return=1013.0 length=79 success_rate=1.00 collisions/ep=0.06 (n=16)
update=98 global_step=100352 SPS=862 ev=1.000 v_bias=-0.0 return=1013.2 length=79 success_rate=1.00 collisions/ep=0.12 (n=8)
update=99 global_step=101376 SPS=866 ev=1.000 v_bias=-0.2 return=1013.0 length=79 success_rate=1.00 collisions/ep=0.06 (n=16)
update=100 global_step=102400 SPS=869 ev=0.999 v_bias=0.6 return=1010.0 length=78 success_rate=1.00 collisions/ep=0.06 (n=16)
Evaluation at update 100: return=1012.96, length=77.35, success_rate=1.00, collisions/ep=0.00
Solved-check at update 100: solved=True worst_gap=0.13 at p_x0=0.00 p_y0=1.00 (consecutive=6)
update=101 global_step=103424 SPS=831 ev=1.000 v_bias=-0.1 return=1012.9 length=79 success_rate=1.00 collisions/ep=0.00 (n=8)
update=102 global_step=104448 SPS=835 ev=0.999 v_bias=0.7 return=1010.0 length=78 success_rate=1.00 collisions/ep=0.06 (n=16)
update=103 global_step=105472 SPS=840 ev=1.000 v_bias=-0.3 return=1013.2 length=78 success_rate=1.00 collisions/ep=0.00 (n=15)
update=104 global_step=106496 SPS=844 ev=1.000 v_bias=-0.4 return=1013.2 length=79 success_rate=1.00 collisions/ep=0.00 (n=9)
update=105 global_step=107520 SPS=847 ev=1.000 v_bias=0.1 return=1013.0 length=78 success_rate=1.00 collisions/ep=0.00 (n=16)
update=106 global_step=108544 SPS=851 ev=1.000 v_bias=-0.2 return=1012.8 length=77 success_rate=1.00 collisions/ep=0.00 (n=11)
update=107 global_step=109568 SPS=854 ev=1.000 v_bias=-0.0 return=1013.4 length=80 success_rate=1.00 collisions/ep=0.08 (n=13)
update=108 global_step=110592 SPS=857 ev=1.000 v_bias=-0.2 return=1013.3 length=78 success_rate=1.00 collisions/ep=0.00 (n=16)
update=109 global_step=111616 SPS=861 ev=1.000 v_bias=-0.1 return=1013.1 length=79 success_rate=1.00 collisions/ep=0.00 (n=8)
update=110 global_step=112640 SPS=864 ev=1.000 v_bias=-0.5 return=1013.2 length=78 success_rate=1.00 collisions/ep=0.00 (n=16)
Evaluation at update 110: return=1013.00, length=77.35, success_rate=1.00, collisions/ep=0.00
Solved-check at update 110: solved=True worst_gap=0.08 at p_x0=0.00 p_y0=1.00 (consecutive=7)
update=111 global_step=113664 SPS=836 ev=1.000 v_bias=-0.3 return=1013.1 length=78 success_rate=1.00 collisions/ep=0.00 (n=16)
update=112 global_step=114688 SPS=840 ev=1.000 v_bias=-0.4 return=1013.0 length=78 success_rate=1.00 collisions/ep=0.00 (n=8)
update=113 global_step=115712 SPS=844 ev=1.000 v_bias=0.1 return=1013.2 length=78 success_rate=1.00 collisions/ep=0.00 (n=16)
update=114 global_step=116736 SPS=848 ev=0.997 v_bias=2.2 return=1001.3 length=78 success_rate=1.00 collisions/ep=0.23 (n=13)
update=115 global_step=117760 SPS=851 ev=1.000 v_bias=-0.5 return=1013.0 length=79 success_rate=1.00 collisions/ep=0.00 (n=11)
update=116 global_step=118784 SPS=854 ev=1.000 v_bias=-0.5 return=1013.2 length=78 success_rate=1.00 collisions/ep=0.00 (n=16)
update=117 global_step=119808 SPS=857 ev=0.999 v_bias=0.0 return=1006.9 length=78 success_rate=1.00 collisions/ep=0.12 (n=8)
update=118 global_step=120832 SPS=860 ev=1.000 v_bias=-0.5 return=1013.2 length=78 success_rate=1.00 collisions/ep=0.00 (n=16)
update=119 global_step=121856 SPS=863 ev=1.000 v_bias=-0.2 return=1013.0 length=78 success_rate=1.00 collisions/ep=0.00 (n=16)
update=120 global_step=122880 SPS=865 ev=1.000 v_bias=-0.2 return=1013.2 length=79 success_rate=1.00 collisions/ep=0.00 (n=8)
Evaluation at update 120: return=1013.03, length=77.35, success_rate=1.00, collisions/ep=0.00
Solved-check at update 120: solved=True worst_gap=0.05 at p_x0=0.00 p_y0=1.00 (consecutive=8)
update=121 global_step=123904 SPS=839 ev=1.000 v_bias=0.1 return=1013.2 length=79 success_rate=1.00 collisions/ep=0.00 (n=16)
update=122 global_step=124928 SPS=841 ev=0.999 v_bias=1.0 return=1009.7 length=78 success_rate=1.00 collisions/ep=0.07 (n=15)
update=123 global_step=125952 SPS=844 ev=1.000 v_bias=-0.1 return=1013.3 length=79 success_rate=1.00 collisions/ep=0.00 (n=9)
update=124 global_step=126976 SPS=847 ev=1.000 v_bias=0.0 return=1013.1 length=78 success_rate=1.00 collisions/ep=0.00 (n=16)
update=125 global_step=128000 SPS=851 ev=1.000 v_bias=0.0 return=1013.1 length=78 success_rate=1.00 collisions/ep=0.00 (n=10)
update=126 global_step=129024 SPS=853 ev=1.000 v_bias=0.1 return=1013.3 length=79 success_rate=1.00 collisions/ep=0.07 (n=14)
update=127 global_step=130048 SPS=856 ev=1.000 v_bias=-0.3 return=1013.1 length=78 success_rate=1.00 collisions/ep=0.00 (n=16)
update=128 global_step=131072 SPS=859 ev=1.000 v_bias=-0.3 return=1013.2 length=78 success_rate=1.00 collisions/ep=0.12 (n=8)
update=129 global_step=132096 SPS=862 ev=1.000 v_bias=0.0 return=1013.1 length=78 success_rate=1.00 collisions/ep=0.00 (n=16)
update=130 global_step=133120 SPS=864 ev=1.000 v_bias=0.2 return=1013.1 length=79 success_rate=1.00 collisions/ep=0.00 (n=16)
Evaluation at update 130: return=1013.05, length=77.25, success_rate=1.00, collisions/ep=0.00
Solved-check at update 130: solved=True worst_gap=0.01 at p_x0=0.00 p_y0=1.00 (consecutive=9)
update=131 global_step=134144 SPS=838 ev=0.999 v_bias=1.0 return=1007.1 length=79 success_rate=1.00 collisions/ep=0.25 (n=8)
update=132 global_step=135168 SPS=841 ev=1.000 v_bias=-0.3 return=1013.1 length=78 success_rate=1.00 collisions/ep=0.00 (n=16)
update=133 global_step=136192 SPS=844 ev=0.999 v_bias=0.8 return=1008.7 length=78 success_rate=1.00 collisions/ep=0.08 (n=12)
update=134 global_step=137216 SPS=847 ev=1.000 v_bias=0.1 return=1013.4 length=79 success_rate=1.00 collisions/ep=0.00 (n=12)
update=135 global_step=138240 SPS=850 ev=1.000 v_bias=-0.3 return=1013.1 length=78 success_rate=1.00 collisions/ep=0.00 (n=16)
update=136 global_step=139264 SPS=854 ev=1.000 v_bias=-0.1 return=1013.1 length=79 success_rate=1.00 collisions/ep=0.00 (n=8)
update=137 global_step=140288 SPS=857 ev=1.000 v_bias=0.2 return=1013.2 length=78 success_rate=1.00 collisions/ep=0.06 (n=16)
update=138 global_step=141312 SPS=860 ev=1.000 v_bias=0.1 return=1013.2 length=78 success_rate=1.00 collisions/ep=0.12 (n=16)
update=139 global_step=142336 SPS=863 ev=1.000 v_bias=-0.3 return=1013.1 length=78 success_rate=1.00 collisions/ep=0.00 (n=8)
update=140 global_step=143360 SPS=866 ev=1.000 v_bias=0.0 return=1013.3 length=78 success_rate=1.00 collisions/ep=0.00 (n=16)
Evaluation at update 140: return=1013.05, length=77.25, success_rate=1.00, collisions/ep=0.00
Solved-check at update 140: solved=True worst_gap=0.01 at p_x0=0.00 p_y0=1.00 (consecutive=10)
update=141 global_step=144384 SPS=844 ev=0.998 v_bias=1.6 return=1006.5 length=78 success_rate=1.00 collisions/ep=0.20 (n=15)
update=142 global_step=145408 SPS=847 ev=1.000 v_bias=-0.0 return=1013.3 length=79 success_rate=1.00 collisions/ep=0.00 (n=9)
update=143 global_step=146432 SPS=849 ev=1.000 v_bias=-0.2 return=1013.2 length=78 success_rate=1.00 collisions/ep=0.00 (n=16)
update=144 global_step=147456 SPS=852 ev=1.000 v_bias=-0.2 return=1012.9 length=77 success_rate=1.00 collisions/ep=0.00 (n=10)
update=145 global_step=148480 SPS=854 ev=1.000 v_bias=0.1 return=1013.4 length=79 success_rate=1.00 collisions/ep=0.00 (n=14)
update=146 global_step=149504 SPS=857 ev=0.997 v_bias=1.6 return=1007.0 length=78 success_rate=1.00 collisions/ep=0.12 (n=16)
update=147 global_step=150528 SPS=859 ev=1.000 v_bias=-1.1 return=1013.2 length=78 success_rate=1.00 collisions/ep=0.00 (n=8)
update=148 global_step=151552 SPS=862 ev=1.000 v_bias=-0.4 return=1013.3 length=78 success_rate=1.00 collisions/ep=0.00 (n=16)
update=149 global_step=152576 SPS=864 ev=1.000 v_bias=-0.7 return=1013.2 length=78 success_rate=1.00 collisions/ep=0.06 (n=16)
update=150 global_step=153600 SPS=866 ev=0.999 v_bias=0.4 return=1006.9 length=78 success_rate=1.00 collisions/ep=0.25 (n=8)
Evaluation at update 150: return=1013.06, length=77.30, success_rate=1.00, collisions/ep=0.00
Solved-check at update 150: solved=True worst_gap=0.01 at p_x0=0.00 p_y0=1.00 (consecutive=11)
update=151 global_step=154624 SPS=843 ev=1.000 v_bias=-0.5 return=1013.3 length=78 success_rate=1.00 collisions/ep=0.00 (n=16)
update=152 global_step=155648 SPS=846 ev=1.000 v_bias=-0.4 return=1013.1 length=78 success_rate=1.00 collisions/ep=0.00 (n=13)
update=153 global_step=156672 SPS=848 ev=1.000 v_bias=-0.3 return=1013.3 length=79 success_rate=1.00 collisions/ep=0.00 (n=11)
update=154 global_step=157696 SPS=850 ev=1.000 v_bias=-0.1 return=1013.2 length=78 success_rate=1.00 collisions/ep=0.06 (n=16)
update=155 global_step=158720 SPS=853 ev=0.999 v_bias=0.3 return=1007.0 length=78 success_rate=1.00 collisions/ep=0.12 (n=8)
update=156 global_step=159744 SPS=856 ev=1.000 v_bias=-0.2 return=1013.2 length=78 success_rate=1.00 collisions/ep=0.00 (n=16)
update=157 global_step=160768 SPS=858 ev=1.000 v_bias=-0.5 return=1013.3 length=78 success_rate=1.00 collisions/ep=0.00 (n=16)
update=158 global_step=161792 SPS=860 ev=1.000 v_bias=-0.4 return=1013.3 length=79 success_rate=1.00 collisions/ep=0.00 (n=8)
update=159 global_step=162816 SPS=862 ev=1.000 v_bias=0.1 return=1013.4 length=78 success_rate=1.00 collisions/ep=0.00 (n=16)
update=160 global_step=163840 SPS=864 ev=1.000 v_bias=-0.1 return=1013.3 length=78 success_rate=1.00 collisions/ep=0.00 (n=16)
Evaluation at update 160: return=1013.08, length=77.25, success_rate=1.00, collisions/ep=0.00
Solved-check at update 160: solved=True worst_gap=0.00 at p_x0=0.50 p_y0=1.00 (consecutive=12)
update=161 global_step=164864 SPS=844 ev=1.000 v_bias=-0.1 return=1013.2 length=78 success_rate=1.00 collisions/ep=0.00 (n=8)
update=162 global_step=165888 SPS=846 ev=1.000 v_bias=0.4 return=1013.4 length=78 success_rate=1.00 collisions/ep=0.06 (n=16)
update=163 global_step=166912 SPS=848 ev=1.000 v_bias=-0.0 return=1013.3 length=78 success_rate=1.00 collisions/ep=0.00 (n=13)
update=164 global_step=167936 SPS=850 ev=1.000 v_bias=0.2 return=1013.2 length=79 success_rate=1.00 collisions/ep=0.00 (n=11)
update=165 global_step=168960 SPS=853 ev=1.000 v_bias=-0.4 return=1013.2 length=78 success_rate=1.00 collisions/ep=0.06 (n=16)
update=166 global_step=169984 SPS=855 ev=1.000 v_bias=0.1 return=1013.2 length=78 success_rate=1.00 collisions/ep=0.25 (n=8)
update=167 global_step=171008 SPS=857 ev=1.000 v_bias=-0.1 return=1013.3 length=78 success_rate=1.00 collisions/ep=0.00 (n=16)
update=168 global_step=172032 SPS=859 ev=0.996 v_bias=2.3 return=1003.9 length=78 success_rate=1.00 collisions/ep=0.44 (n=16)
update=169 global_step=173056 SPS=861 ev=0.999 v_bias=0.9 return=1007.0 length=78 success_rate=1.00 collisions/ep=0.25 (n=8)
update=170 global_step=174080 SPS=863 ev=0.998 v_bias=0.2 return=1007.0 length=78 success_rate=1.00 collisions/ep=0.19 (n=16)
Evaluation at update 170: return=1013.10, length=77.25, success_rate=1.00, collisions/ep=0.00
Solved-check at update 170: solved=False worst_gap=49.97 at p_x0=0.00 p_y0=1.00 (consecutive=13)
update=171 global_step=175104 SPS=842 ev=1.000 v_bias=-1.4 return=1013.2 length=78 success_rate=1.00 collisions/ep=0.06 (n=16)
update=172 global_step=176128 SPS=844 ev=0.999 v_bias=0.1 return=1007.0 length=78 success_rate=1.00 collisions/ep=0.12 (n=8)
update=173 global_step=177152 SPS=846 ev=1.000 v_bias=-0.2 return=1013.3 length=78 success_rate=1.00 collisions/ep=0.00 (n=16)
update=174 global_step=178176 SPS=848 ev=1.000 v_bias=-0.6 return=1013.1 length=78 success_rate=1.00 collisions/ep=0.00 (n=12)
update=175 global_step=179200 SPS=850 ev=0.999 v_bias=0.6 return=1009.2 length=79 success_rate=1.00 collisions/ep=0.17 (n=12)
update=176 global_step=180224 SPS=853 ev=1.000 v_bias=-0.4 return=1013.3 length=78 success_rate=1.00 collisions/ep=0.06 (n=16)
update=177 global_step=181248 SPS=855 ev=0.999 v_bias=0.3 return=1013.1 length=78 success_rate=1.00 collisions/ep=0.00 (n=8)
update=178 global_step=182272 SPS=857 ev=1.000 v_bias=-0.8 return=1010.2 length=78 success_rate=1.00 collisions/ep=0.06 (n=16)
update=179 global_step=183296 SPS=859 ev=1.000 v_bias=-0.7 return=1013.2 length=78 success_rate=1.00 collisions/ep=0.00 (n=16)
update=180 global_step=184320 SPS=861 ev=0.995 v_bias=1.1 return=1000.9 length=78 success_rate=1.00 collisions/ep=0.38 (n=8)
Evaluation at update 180: return=1013.10, length=77.25, success_rate=1.00, collisions/ep=0.00
Solved-check at update 180: solved=False worst_gap=49.96 at p_x0=0.00 p_y0=1.00 (consecutive=0)
update=181 global_step=185344 SPS=842 ev=1.000 v_bias=-0.9 return=1013.2 length=78 success_rate=1.00 collisions/ep=0.00 (n=16)
update=182 global_step=186368 SPS=843 ev=1.000 v_bias=-0.3 return=1013.1 length=78 success_rate=1.00 collisions/ep=0.00 (n=14)
update=183 global_step=187392 SPS=845 ev=0.999 v_bias=0.1 return=1013.3 length=78 success_rate=1.00 collisions/ep=0.00 (n=10)
update=184 global_step=188416 SPS=847 ev=1.000 v_bias=-0.3 return=1010.1 length=78 success_rate=1.00 collisions/ep=0.06 (n=16)
update=185 global_step=189440 SPS=849 ev=0.999 v_bias=0.4 return=1013.1 length=78 success_rate=1.00 collisions/ep=0.00 (n=10)
update=186 global_step=190464 SPS=851 ev=1.000 v_bias=-0.6 return=1009.8 length=79 success_rate=1.00 collisions/ep=0.07 (n=14)
update=187 global_step=191488 SPS=853 ev=0.999 v_bias=0.5 return=1010.2 length=78 success_rate=1.00 collisions/ep=0.12 (n=16)
update=188 global_step=192512 SPS=855 ev=1.000 v_bias=0.0 return=1013.1 length=78 success_rate=1.00 collisions/ep=0.00 (n=8)
update=189 global_step=193536 SPS=857 ev=0.999 v_bias=0.4 return=1013.3 length=78 success_rate=1.00 collisions/ep=0.00 (n=16)
update=190 global_step=194560 SPS=859 ev=1.000 v_bias=-0.7 return=1010.1 length=78 success_rate=1.00 collisions/ep=0.12 (n=16)
Evaluation at update 190: return=1013.10, length=77.25, success_rate=1.00, collisions/ep=0.00
Solved-check at update 190: solved=True worst_gap=-0.02 at p_x0=0.50 p_y0=1.00 (consecutive=0)
update=191 global_step=195584 SPS=841 ev=1.000 v_bias=-0.5 return=1013.4 length=78 success_rate=1.00 collisions/ep=0.12 (n=8)
update=192 global_step=196608 SPS=843 ev=1.000 v_bias=0.1 return=1013.3 length=78 success_rate=1.00 collisions/ep=0.00 (n=16)
update=193 global_step=197632 SPS=845 ev=0.998 v_bias=1.2 return=1005.3 length=78 success_rate=1.00 collisions/ep=0.15 (n=13)
update=194 global_step=198656 SPS=847 ev=1.000 v_bias=-0.2 return=1013.4 length=79 success_rate=1.00 collisions/ep=0.00 (n=11)
update=195 global_step=199680 SPS=849 ev=1.000 v_bias=-0.0 return=1013.3 length=78 success_rate=1.00 collisions/ep=0.00 (n=16)
update=196 global_step=200704 SPS=851 ev=1.000 v_bias=-0.5 return=1013.2 length=78 success_rate=1.00 collisions/ep=0.00 (n=9)
update=197 global_step=201728 SPS=852 ev=1.000 v_bias=-0.0 return=1013.4 length=79 success_rate=1.00 collisions/ep=0.00 (n=15)
update=198 global_step=202752 SPS=854 ev=1.000 v_bias=-0.2 return=1013.3 length=78 success_rate=1.00 collisions/ep=0.00 (n=16)
update=199 global_step=203776 SPS=856 ev=1.000 v_bias=-0.0 return=1013.1 length=78 success_rate=1.00 collisions/ep=0.00 (n=8)
update=200 global_step=204800 SPS=858 ev=1.000 v_bias=-0.2 return=1013.2 length=78 success_rate=1.00 collisions/ep=0.00 (n=16)
Evaluation at update 200: return=1013.10, length=77.25, success_rate=1.00, collisions/ep=0.00
Solved-check at update 200: solved=True worst_gap=-0.02 at p_x0=0.50 p_y0=1.00 (consecutive=1)
Saved checkpoints to C:\Users\loren\Desktop\MASTER THESIS\5_CODE\scenarios\slalom\studies\init_sampler\ppo_sobol\runs\ppo_slalom_1_1791035117
