Using device: cpu
Solved-check: precomputed optimal returns for 25 fixed initial conditions (mean=1013.0, min=1011.0, max=1015.0); solved-tolerance=5.0
batch_size=1024 minibatch_size=256 num_updates=200 timesteps=204800
update=1 global_step=1024 SPS=1530 ev=-0.002 v_bias=25.2 return=624.4 length=114 success_rate=1.00 collisions/ep=7.00 (n=2)
update=2 global_step=2048 SPS=1593 ev=0.252 v_bias=36.0 return=-513.2 length=190 success_rate=0.17 collisions/ep=10.33 (n=6)
update=3 global_step=3072 SPS=1584 ev=0.556 v_bias=-17.0 return=-240.6 length=164 success_rate=0.40 collisions/ep=10.40 (n=5)
update=4 global_step=4096 SPS=1556 ev=0.779 v_bias=-5.9 return=-67.2 length=175 success_rate=0.29 collisions/ep=3.86 (n=7)
update=5 global_step=5120 SPS=1542 ev=0.867 v_bias=-2.2 return=-244.6 length=199 success_rate=0.20 collisions/ep=5.40 (n=5)
update=6 global_step=6144 SPS=1514 ev=0.921 v_bias=-17.4 return=32.8 length=186 success_rate=0.25 collisions/ep=1.50 (n=4)
update=7 global_step=7168 SPS=1504 ev=0.896 v_bias=-24.3 return=203.1 length=172 success_rate=0.43 collisions/ep=2.00 (n=7)
update=8 global_step=8192 SPS=1539 ev=0.875 v_bias=-65.4 return=458.5 length=133 success_rate=0.75 collisions/ep=4.83 (n=12)
update=9 global_step=9216 SPS=1558 ev=0.857 v_bias=-35.0 return=560.5 length=115 success_rate=0.86 collisions/ep=5.29 (n=7)
update=10 global_step=10240 SPS=1553 ev=0.936 v_bias=-50.7 return=756.7 length=101 success_rate=1.00 collisions/ep=4.67 (n=9)
Evaluation at update 10: return=586.12, length=84.40, success_rate=1.00, collisions/ep=8.45
Solved-check at update 10: solved=False worst_gap=504.78 at p_x0=2.00 p_y0=0.00 (consecutive=0)
update=11 global_step=11264 SPS=848 ev=0.944 v_bias=-36.6 return=783.8 length=96 success_rate=1.00 collisions/ep=4.21 (n=14)
update=12 global_step=12288 SPS=870 ev=0.970 v_bias=-42.4 return=811.6 length=85 success_rate=1.00 collisions/ep=3.89 (n=9)
update=13 global_step=13312 SPS=896 ev=0.972 v_bias=-21.2 return=828.0 length=87 success_rate=1.00 collisions/ep=3.53 (n=15)
update=14 global_step=14336 SPS=926 ev=0.970 v_bias=-13.5 return=804.7 length=87 success_rate=1.00 collisions/ep=4.00 (n=10)
update=15 global_step=15360 SPS=949 ev=0.978 v_bias=-12.3 return=796.6 length=84 success_rate=1.00 collisions/ep=4.21 (n=14)
update=16 global_step=16384 SPS=973 ev=0.958 v_bias=-9.0 return=852.1 length=83 success_rate=1.00 collisions/ep=3.11 (n=9)
update=17 global_step=17408 SPS=997 ev=0.952 v_bias=-5.5 return=811.4 length=83 success_rate=1.00 collisions/ep=3.94 (n=16)
update=18 global_step=18432 SPS=1018 ev=0.976 v_bias=-6.8 return=859.3 length=82 success_rate=1.00 collisions/ep=3.00 (n=12)
update=19 global_step=19456 SPS=1035 ev=0.986 v_bias=-6.7 return=897.9 length=82 success_rate=1.00 collisions/ep=2.25 (n=12)
update=20 global_step=20480 SPS=1049 ev=0.977 v_bias=-6.4 return=893.5 length=81 success_rate=1.00 collisions/ep=2.33 (n=12)
Evaluation at update 20: return=961.78, length=81.25, success_rate=1.00, collisions/ep=1.00
Solved-check at update 20: solved=False worst_gap=201.00 at p_x0=2.00 p_y0=-1.00 (consecutive=0)
update=21 global_step=21504 SPS=852 ev=0.989 v_bias=-8.9 return=914.0 length=82 success_rate=1.00 collisions/ep=1.92 (n=12)
update=22 global_step=22528 SPS=867 ev=0.983 v_bias=-7.9 return=956.5 length=80 success_rate=1.00 collisions/ep=1.17 (n=12)
update=23 global_step=23552 SPS=886 ev=0.980 v_bias=-2.6 return=917.0 length=81 success_rate=1.00 collisions/ep=1.88 (n=16)
update=24 global_step=24576 SPS=901 ev=0.976 v_bias=-7.0 return=971.1 length=80 success_rate=1.00 collisions/ep=0.90 (n=10)
update=25 global_step=25600 SPS=918 ev=0.992 v_bias=-3.8 return=939.6 length=81 success_rate=1.00 collisions/ep=1.43 (n=14)
update=26 global_step=26624 SPS=933 ev=0.983 v_bias=1.8 return=956.7 length=81 success_rate=1.00 collisions/ep=1.08 (n=12)
update=27 global_step=27648 SPS=949 ev=0.993 v_bias=-2.9 return=972.6 length=81 success_rate=1.00 collisions/ep=0.75 (n=12)
update=28 global_step=28672 SPS=964 ev=0.988 v_bias=0.8 return=977.5 length=81 success_rate=1.00 collisions/ep=0.73 (n=15)
update=29 global_step=29696 SPS=980 ev=0.994 v_bias=-2.9 return=994.1 length=81 success_rate=1.00 collisions/ep=0.33 (n=9)
update=30 global_step=30720 SPS=991 ev=0.984 v_bias=5.0 return=973.2 length=81 success_rate=1.00 collisions/ep=0.75 (n=16)
Evaluation at update 30: return=1012.43, length=80.65, success_rate=1.00, collisions/ep=0.00
Solved-check at update 30: solved=True worst_gap=1.42 at p_x0=2.00 p_y0=1.00 (consecutive=0)
update=31 global_step=31744 SPS=863 ev=0.995 v_bias=-6.1 return=997.4 length=82 success_rate=1.00 collisions/ep=0.25 (n=8)
update=32 global_step=32768 SPS=876 ev=0.987 v_bias=1.3 return=1001.7 length=81 success_rate=1.00 collisions/ep=0.19 (n=16)
update=33 global_step=33792 SPS=889 ev=0.982 v_bias=2.2 return=980.0 length=80 success_rate=1.00 collisions/ep=0.69 (n=16)
update=34 global_step=34816 SPS=900 ev=0.993 v_bias=-1.2 return=986.6 length=80 success_rate=1.00 collisions/ep=0.50 (n=8)
update=35 global_step=35840 SPS=910 ev=0.998 v_bias=-0.3 return=1004.8 length=81 success_rate=1.00 collisions/ep=0.12 (n=16)
update=36 global_step=36864 SPS=923 ev=0.995 v_bias=0.1 return=998.6 length=80 success_rate=1.00 collisions/ep=0.25 (n=8)
update=37 global_step=37888 SPS=932 ev=0.994 v_bias=1.3 return=986.3 length=80 success_rate=1.00 collisions/ep=0.50 (n=16)
update=38 global_step=38912 SPS=941 ev=0.992 v_bias=2.0 return=995.1 length=80 success_rate=1.00 collisions/ep=0.33 (n=15)
update=39 global_step=39936 SPS=950 ev=0.989 v_bias=1.0 return=982.7 length=82 success_rate=1.00 collisions/ep=0.56 (n=9)
update=40 global_step=40960 SPS=961 ev=0.993 v_bias=-0.5 return=982.8 length=81 success_rate=1.00 collisions/ep=0.56 (n=16)
Evaluation at update 40: return=1007.78, length=80.20, success_rate=1.00, collisions/ep=0.10
Solved-check at update 40: solved=False worst_gap=100.92 at p_x0=0.00 p_y0=1.00 (consecutive=1)
update=41 global_step=41984 SPS=871 ev=0.990 v_bias=-1.1 return=986.1 length=80 success_rate=1.00 collisions/ep=0.50 (n=8)
update=42 global_step=43008 SPS=881 ev=0.994 v_bias=-1.3 return=1002.4 length=80 success_rate=1.00 collisions/ep=0.25 (n=16)
update=43 global_step=44032 SPS=892 ev=0.994 v_bias=-1.6 return=1001.2 length=79 success_rate=1.00 collisions/ep=0.21 (n=14)
update=44 global_step=45056 SPS=901 ev=0.999 v_bias=-4.3 return=1011.9 length=80 success_rate=1.00 collisions/ep=0.00 (n=10)
update=45 global_step=46080 SPS=910 ev=0.984 v_bias=3.9 return=987.0 length=80 success_rate=1.00 collisions/ep=0.50 (n=16)
update=46 global_step=47104 SPS=920 ev=0.995 v_bias=-4.2 return=1012.3 length=79 success_rate=1.00 collisions/ep=0.00 (n=8)
update=47 global_step=48128 SPS=929 ev=0.999 v_bias=-3.0 return=1002.6 length=80 success_rate=1.00 collisions/ep=0.19 (n=16)
update=48 global_step=49152 SPS=937 ev=0.997 v_bias=0.3 return=999.5 length=80 success_rate=1.00 collisions/ep=0.25 (n=16)
update=49 global_step=50176 SPS=946 ev=0.992 v_bias=0.3 return=987.4 length=80 success_rate=1.00 collisions/ep=0.50 (n=8)
update=50 global_step=51200 SPS=954 ev=0.999 v_bias=0.0 return=1005.8 length=80 success_rate=1.00 collisions/ep=0.12 (n=16)
Evaluation at update 50: return=1012.95, length=80.15, success_rate=1.00, collisions/ep=0.00
Solved-check at update 50: solved=True worst_gap=0.74 at p_x0=0.00 p_y0=1.00 (consecutive=0)
update=51 global_step=52224 SPS=881 ev=0.999 v_bias=-1.6 return=1012.0 length=80 success_rate=1.00 collisions/ep=0.00 (n=8)
update=52 global_step=53248 SPS=888 ev=0.999 v_bias=-1.8 return=1012.0 length=80 success_rate=1.00 collisions/ep=0.00 (n=16)
update=53 global_step=54272 SPS=896 ev=0.999 v_bias=0.2 return=1009.2 length=80 success_rate=1.00 collisions/ep=0.06 (n=16)
update=54 global_step=55296 SPS=904 ev=1.000 v_bias=-1.5 return=1012.4 length=79 success_rate=1.00 collisions/ep=0.00 (n=8)
update=55 global_step=56320 SPS=911 ev=0.999 v_bias=0.2 return=1009.5 length=79 success_rate=1.00 collisions/ep=0.06 (n=16)
update=56 global_step=57344 SPS=918 ev=0.988 v_bias=4.4 return=997.1 length=78 success_rate=1.00 collisions/ep=0.30 (n=10)
update=57 global_step=58368 SPS=923 ev=0.999 v_bias=-1.9 return=991.3 length=80 success_rate=1.00 collisions/ep=0.43 (n=14)
update=58 global_step=59392 SPS=929 ev=0.997 v_bias=-0.4 return=1006.2 length=79 success_rate=1.00 collisions/ep=0.12 (n=16)
update=59 global_step=60416 SPS=936 ev=0.992 v_bias=0.6 return=999.9 length=80 success_rate=1.00 collisions/ep=0.25 (n=8)
update=60 global_step=61440 SPS=944 ev=0.996 v_bias=1.2 return=990.7 length=79 success_rate=1.00 collisions/ep=0.44 (n=16)
Evaluation at update 60: return=1013.13, length=79.75, success_rate=1.00, collisions/ep=0.00
Solved-check at update 60: solved=True worst_gap=0.49 at p_x0=0.00 p_y0=1.00 (consecutive=1)
Solved criterion held for 2 consecutive evals (tolerance=5.0) at global_step=61440.
update=61 global_step=62464 SPS=884 ev=0.999 v_bias=-2.8 return=1012.7 length=79 success_rate=1.00 collisions/ep=0.00 (n=15)
update=62 global_step=63488 SPS=890 ev=0.999 v_bias=-1.7 return=1012.4 length=79 success_rate=1.00 collisions/ep=0.00 (n=9)
update=63 global_step=64512 SPS=897 ev=0.997 v_bias=1.3 return=1000.2 length=79 success_rate=1.00 collisions/ep=0.25 (n=16)
update=64 global_step=65536 SPS=903 ev=0.999 v_bias=-1.9 return=1007.0 length=78 success_rate=1.00 collisions/ep=0.11 (n=9)
update=65 global_step=66560 SPS=908 ev=1.000 v_bias=-1.5 return=1013.1 length=79 success_rate=1.00 collisions/ep=0.00 (n=15)
update=66 global_step=67584 SPS=913 ev=0.999 v_bias=-0.1 return=1009.8 length=79 success_rate=1.00 collisions/ep=0.06 (n=16)
update=67 global_step=68608 SPS=918 ev=0.989 v_bias=2.8 return=993.9 length=78 success_rate=1.00 collisions/ep=0.38 (n=8)
update=68 global_step=69632 SPS=923 ev=0.999 v_bias=-1.0 return=1000.3 length=79 success_rate=1.00 collisions/ep=0.25 (n=16)
update=69 global_step=70656 SPS=930 ev=0.998 v_bias=1.4 return=1004.7 length=78 success_rate=1.00 collisions/ep=0.15 (n=13)
update=70 global_step=71680 SPS=936 ev=0.999 v_bias=-1.7 return=1008.2 length=80 success_rate=1.00 collisions/ep=0.09 (n=11)
Evaluation at update 70: return=1013.21, length=79.75, success_rate=1.00, collisions/ep=0.00
Solved-check at update 70: solved=True worst_gap=0.40 at p_x0=0.00 p_y0=1.00 (consecutive=2)
update=71 global_step=72704 SPS=883 ev=1.000 v_bias=-0.7 return=1012.8 length=79 success_rate=1.00 collisions/ep=0.00 (n=16)
update=72 global_step=73728 SPS=889 ev=1.000 v_bias=-0.5 return=1012.5 length=78 success_rate=1.00 collisions/ep=0.00 (n=9)
update=73 global_step=74752 SPS=895 ev=0.998 v_bias=2.2 return=1006.1 length=79 success_rate=1.00 collisions/ep=0.13 (n=15)
update=74 global_step=75776 SPS=899 ev=1.000 v_bias=-0.4 return=1012.7 length=79 success_rate=1.00 collisions/ep=0.00 (n=16)
update=75 global_step=76800 SPS=905 ev=0.999 v_bias=0.6 return=1006.6 length=79 success_rate=1.00 collisions/ep=0.12 (n=8)
update=76 global_step=77824 SPS=910 ev=0.994 v_bias=2.5 return=1000.3 length=79 success_rate=1.00 collisions/ep=0.25 (n=16)
update=77 global_step=78848 SPS=915 ev=0.999 v_bias=-1.5 return=1008.9 length=78 success_rate=1.00 collisions/ep=0.08 (n=13)
update=78 global_step=79872 SPS=920 ev=0.999 v_bias=-2.2 return=1012.7 length=79 success_rate=1.00 collisions/ep=0.00 (n=11)
update=79 global_step=80896 SPS=925 ev=1.000 v_bias=-0.9 return=1012.9 length=79 success_rate=1.00 collisions/ep=0.00 (n=16)
update=80 global_step=81920 SPS=929 ev=0.998 v_bias=0.7 return=1007.2 length=78 success_rate=1.00 collisions/ep=0.11 (n=9)
Evaluation at update 80: return=1013.29, length=79.70, success_rate=1.00, collisions/ep=0.00
Solved-check at update 80: solved=True worst_gap=0.31 at p_x0=0.00 p_y0=1.00 (consecutive=3)
update=81 global_step=82944 SPS=882 ev=0.999 v_bias=-0.0 return=1006.2 length=80 success_rate=1.00 collisions/ep=0.13 (n=15)
update=82 global_step=83968 SPS=888 ev=1.000 v_bias=-0.9 return=1012.7 length=79 success_rate=1.00 collisions/ep=0.00 (n=16)
update=83 global_step=84992 SPS=892 ev=0.997 v_bias=1.5 return=1006.8 length=79 success_rate=1.00 collisions/ep=0.25 (n=8)
update=84 global_step=86016 SPS=897 ev=0.999 v_bias=-0.6 return=1003.4 length=79 success_rate=1.00 collisions/ep=0.25 (n=16)
update=85 global_step=87040 SPS=901 ev=1.000 v_bias=-0.8 return=1012.9 length=79 success_rate=1.00 collisions/ep=0.00 (n=15)
update=86 global_step=88064 SPS=906 ev=1.000 v_bias=-0.5 return=1013.0 length=79 success_rate=1.00 collisions/ep=0.00 (n=9)
update=87 global_step=89088 SPS=910 ev=1.000 v_bias=-0.1 return=1012.9 length=78 success_rate=1.00 collisions/ep=0.00 (n=16)
update=88 global_step=90112 SPS=915 ev=1.000 v_bias=0.1 return=1012.7 length=78 success_rate=1.00 collisions/ep=0.00 (n=9)
update=89 global_step=91136 SPS=919 ev=1.000 v_bias=0.1 return=1013.2 length=79 success_rate=1.00 collisions/ep=0.00 (n=15)
update=90 global_step=92160 SPS=923 ev=1.000 v_bias=-0.0 return=1009.9 length=79 success_rate=1.00 collisions/ep=0.06 (n=16)
Evaluation at update 90: return=1013.40, length=79.70, success_rate=1.00, collisions/ep=0.00
Solved-check at update 90: solved=True worst_gap=0.18 at p_x0=0.00 p_y0=1.00 (consecutive=4)
update=91 global_step=93184 SPS=884 ev=0.999 v_bias=0.6 return=1013.0 length=79 success_rate=1.00 collisions/ep=0.00 (n=8)
update=92 global_step=94208 SPS=888 ev=0.999 v_bias=0.4 return=1006.8 length=78 success_rate=1.00 collisions/ep=0.12 (n=16)
update=93 global_step=95232 SPS=892 ev=1.000 v_bias=-0.5 return=1013.0 length=78 success_rate=1.00 collisions/ep=0.00 (n=15)
update=94 global_step=96256 SPS=896 ev=0.999 v_bias=0.1 return=1007.7 length=78 success_rate=1.00 collisions/ep=0.11 (n=9)
update=95 global_step=97280 SPS=901 ev=1.000 v_bias=-0.0 return=1013.1 length=79 success_rate=1.00 collisions/ep=0.00 (n=16)
update=96 global_step=98304 SPS=905 ev=0.998 v_bias=1.9 return=1013.1 length=78 success_rate=1.00 collisions/ep=0.00 (n=9)
update=97 global_step=99328 SPS=909 ev=0.996 v_bias=1.6 return=1006.3 length=79 success_rate=1.00 collisions/ep=0.13 (n=15)
update=98 global_step=100352 SPS=913 ev=0.999 v_bias=-0.3 return=1000.6 length=78 success_rate=1.00 collisions/ep=0.25 (n=16)
update=99 global_step=101376 SPS=917 ev=1.000 v_bias=-1.7 return=1013.0 length=78 success_rate=1.00 collisions/ep=0.00 (n=8)
update=100 global_step=102400 SPS=921 ev=1.000 v_bias=-0.9 return=1013.2 length=78 success_rate=1.00 collisions/ep=0.00 (n=16)
Evaluation at update 100: return=1013.40, length=79.70, success_rate=1.00, collisions/ep=0.00
Solved-check at update 100: solved=True worst_gap=0.18 at p_x0=0.00 p_y0=1.00 (consecutive=5)
update=101 global_step=103424 SPS=885 ev=0.998 v_bias=0.9 return=1006.8 length=78 success_rate=1.00 collisions/ep=0.12 (n=16)
update=102 global_step=104448 SPS=889 ev=1.000 v_bias=-0.9 return=1013.2 length=78 success_rate=1.00 collisions/ep=0.00 (n=8)
update=103 global_step=105472 SPS=893 ev=0.999 v_bias=0.5 return=1013.1 length=79 success_rate=1.00 collisions/ep=0.00 (n=16)
update=104 global_step=106496 SPS=897 ev=1.000 v_bias=-0.6 return=1009.0 length=78 success_rate=1.00 collisions/ep=0.08 (n=13)
update=105 global_step=107520 SPS=901 ev=0.999 v_bias=0.4 return=1013.3 length=79 success_rate=1.00 collisions/ep=0.00 (n=11)
update=106 global_step=108544 SPS=905 ev=1.000 v_bias=-0.3 return=1009.8 length=79 success_rate=1.00 collisions/ep=0.06 (n=16)
update=107 global_step=109568 SPS=908 ev=1.000 v_bias=-0.6 return=1013.0 length=78 success_rate=1.00 collisions/ep=0.00 (n=9)
update=108 global_step=110592 SPS=911 ev=1.000 v_bias=0.0 return=1013.2 length=79 success_rate=1.00 collisions/ep=0.00 (n=15)
update=109 global_step=111616 SPS=915 ev=1.000 v_bias=0.1 return=1012.8 length=79 success_rate=1.00 collisions/ep=0.00 (n=16)
update=110 global_step=112640 SPS=919 ev=1.000 v_bias=0.4 return=1012.7 length=79 success_rate=1.00 collisions/ep=0.00 (n=8)
Evaluation at update 110: return=1013.42, length=79.70, success_rate=1.00, collisions/ep=0.00
Solved-check at update 110: solved=True worst_gap=0.17 at p_x0=0.00 p_y0=1.00 (consecutive=6)
update=111 global_step=113664 SPS=887 ev=0.999 v_bias=0.4 return=1013.1 length=78 success_rate=1.00 collisions/ep=0.00 (n=16)
update=112 global_step=114688 SPS=891 ev=1.000 v_bias=-0.2 return=1009.3 length=78 success_rate=1.00 collisions/ep=0.07 (n=14)
update=113 global_step=115712 SPS=894 ev=0.999 v_bias=0.3 return=1008.1 length=79 success_rate=1.00 collisions/ep=0.10 (n=10)
update=114 global_step=116736 SPS=898 ev=0.997 v_bias=1.8 return=1006.7 length=79 success_rate=1.00 collisions/ep=0.12 (n=16)
update=115 global_step=117760 SPS=901 ev=1.000 v_bias=-1.5 return=1013.0 length=78 success_rate=1.00 collisions/ep=0.00 (n=8)
update=116 global_step=118784 SPS=905 ev=0.999 v_bias=-0.1 return=1009.7 length=79 success_rate=1.00 collisions/ep=0.06 (n=16)
update=117 global_step=119808 SPS=908 ev=0.999 v_bias=-0.5 return=1009.8 length=79 success_rate=1.00 collisions/ep=0.06 (n=16)
update=118 global_step=120832 SPS=912 ev=1.000 v_bias=-0.8 return=1012.7 length=79 success_rate=1.00 collisions/ep=0.00 (n=8)
update=119 global_step=121856 SPS=915 ev=1.000 v_bias=-0.7 return=1013.0 length=78 success_rate=1.00 collisions/ep=0.00 (n=16)
update=120 global_step=122880 SPS=919 ev=1.000 v_bias=-0.3 return=1013.1 length=78 success_rate=1.00 collisions/ep=0.00 (n=15)
Evaluation at update 120: return=1013.42, length=79.70, success_rate=1.00, collisions/ep=0.00
Solved-check at update 120: solved=True worst_gap=0.17 at p_x0=0.00 p_y0=1.00 (consecutive=7)
update=121 global_step=123904 SPS=889 ev=1.000 v_bias=-0.3 return=1013.0 length=79 success_rate=1.00 collisions/ep=0.00 (n=9)
update=122 global_step=124928 SPS=892 ev=1.000 v_bias=-0.1 return=1013.1 length=79 success_rate=1.00 collisions/ep=0.00 (n=16)
update=123 global_step=125952 SPS=895 ev=1.000 v_bias=-0.1 return=1013.1 length=78 success_rate=1.00 collisions/ep=0.00 (n=9)
update=124 global_step=126976 SPS=898 ev=1.000 v_bias=0.1 return=1013.3 length=79 success_rate=1.00 collisions/ep=0.00 (n=15)
update=125 global_step=128000 SPS=902 ev=1.000 v_bias=-0.1 return=1013.1 length=78 success_rate=1.00 collisions/ep=0.00 (n=16)
update=126 global_step=129024 SPS=905 ev=1.000 v_bias=-0.3 return=1013.1 length=78 success_rate=1.00 collisions/ep=0.00 (n=8)
update=127 global_step=130048 SPS=908 ev=0.999 v_bias=0.6 return=1009.9 length=79 success_rate=1.00 collisions/ep=0.06 (n=16)
update=128 global_step=131072 SPS=911 ev=1.000 v_bias=0.1 return=1013.0 length=79 success_rate=1.00 collisions/ep=0.00 (n=16)
update=129 global_step=132096 SPS=914 ev=1.000 v_bias=-0.3 return=1013.1 length=79 success_rate=1.00 collisions/ep=0.00 (n=8)
update=130 global_step=133120 SPS=917 ev=1.000 v_bias=0.0 return=1013.2 length=78 success_rate=1.00 collisions/ep=0.00 (n=16)
Evaluation at update 130: return=1013.47, length=79.70, success_rate=1.00, collisions/ep=0.00
Solved-check at update 130: solved=True worst_gap=0.10 at p_x0=0.00 p_y0=1.00 (consecutive=8)
update=131 global_step=134144 SPS=890 ev=1.000 v_bias=0.0 return=1013.0 length=78 success_rate=1.00 collisions/ep=0.00 (n=12)
update=132 global_step=135168 SPS=893 ev=1.000 v_bias=0.0 return=1013.1 length=79 success_rate=1.00 collisions/ep=0.00 (n=12)
update=133 global_step=136192 SPS=896 ev=0.999 v_bias=1.3 return=1009.9 length=79 success_rate=1.00 collisions/ep=0.06 (n=16)
update=134 global_step=137216 SPS=899 ev=1.000 v_bias=-0.5 return=1013.1 length=78 success_rate=1.00 collisions/ep=0.00 (n=9)
update=135 global_step=138240 SPS=902 ev=1.000 v_bias=-0.4 return=1013.1 length=79 success_rate=1.00 collisions/ep=0.00 (n=15)
update=136 global_step=139264 SPS=905 ev=1.000 v_bias=0.1 return=1013.2 length=78 success_rate=1.00 collisions/ep=0.00 (n=16)
update=137 global_step=140288 SPS=908 ev=1.000 v_bias=-0.5 return=1013.2 length=78 success_rate=1.00 collisions/ep=0.00 (n=8)
update=138 global_step=141312 SPS=911 ev=1.000 v_bias=-0.2 return=1013.0 length=78 success_rate=1.00 collisions/ep=0.00 (n=16)
update=139 global_step=142336 SPS=913 ev=0.999 v_bias=0.5 return=1009.9 length=79 success_rate=1.00 collisions/ep=0.07 (n=15)
update=140 global_step=143360 SPS=915 ev=1.000 v_bias=-0.1 return=1013.2 length=79 success_rate=1.00 collisions/ep=0.00 (n=9)
Evaluation at update 140: return=1013.50, length=79.65, success_rate=1.00, collisions/ep=0.00
Solved-check at update 140: solved=True worst_gap=0.06 at p_x0=0.00 p_y0=1.00 (consecutive=9)
update=141 global_step=144384 SPS=890 ev=1.000 v_bias=-0.2 return=1013.0 length=78 success_rate=1.00 collisions/ep=0.00 (n=16)
update=142 global_step=145408 SPS=892 ev=0.999 v_bias=0.6 return=1013.1 length=78 success_rate=1.00 collisions/ep=0.00 (n=9)
update=143 global_step=146432 SPS=895 ev=0.999 v_bias=0.6 return=1006.6 length=79 success_rate=1.00 collisions/ep=0.13 (n=15)
update=144 global_step=147456 SPS=898 ev=1.000 v_bias=-0.7 return=1013.3 length=78 success_rate=1.00 collisions/ep=0.00 (n=16)
update=145 global_step=148480 SPS=901 ev=1.000 v_bias=-0.6 return=1013.5 length=78 success_rate=1.00 collisions/ep=0.00 (n=8)
update=146 global_step=149504 SPS=904 ev=1.000 v_bias=-0.4 return=1013.2 length=78 success_rate=1.00 collisions/ep=0.00 (n=16)
update=147 global_step=150528 SPS=906 ev=0.999 v_bias=0.4 return=1010.1 length=78 success_rate=1.00 collisions/ep=0.06 (n=16)
update=148 global_step=151552 SPS=909 ev=1.000 v_bias=0.0 return=1013.0 length=78 success_rate=1.00 collisions/ep=0.00 (n=8)
update=149 global_step=152576 SPS=911 ev=0.991 v_bias=4.0 return=997.6 length=78 success_rate=1.00 collisions/ep=0.31 (n=16)
update=150 global_step=153600 SPS=913 ev=1.000 v_bias=-2.0 return=1009.2 length=78 success_rate=1.00 collisions/ep=0.08 (n=13)
Evaluation at update 150: return=1013.54, length=79.65, success_rate=1.00, collisions/ep=0.00
Solved-check at update 150: solved=True worst_gap=0.02 at p_x0=0.00 p_y0=1.00 (consecutive=10)
update=151 global_step=154624 SPS=890 ev=1.000 v_bias=-1.4 return=1013.4 length=79 success_rate=1.00 collisions/ep=0.00 (n=11)
update=152 global_step=155648 SPS=893 ev=1.000 v_bias=-0.6 return=1013.3 length=78 success_rate=1.00 collisions/ep=0.00 (n=16)
update=153 global_step=156672 SPS=896 ev=1.000 v_bias=-0.4 return=1013.2 length=78 success_rate=1.00 collisions/ep=0.00 (n=8)
update=154 global_step=157696 SPS=898 ev=1.000 v_bias=-0.4 return=1013.3 length=78 success_rate=1.00 collisions/ep=0.00 (n=16)
update=155 global_step=158720 SPS=901 ev=1.000 v_bias=0.0 return=1013.1 length=78 success_rate=1.00 collisions/ep=0.00 (n=16)
update=156 global_step=159744 SPS=904 ev=1.000 v_bias=-0.3 return=1013.3 length=78 success_rate=1.00 collisions/ep=0.00 (n=8)
update=157 global_step=160768 SPS=906 ev=1.000 v_bias=0.2 return=1013.3 length=78 success_rate=1.00 collisions/ep=0.00 (n=16)
update=158 global_step=161792 SPS=909 ev=1.000 v_bias=-0.3 return=1013.2 length=78 success_rate=1.00 collisions/ep=0.00 (n=16)
update=159 global_step=162816 SPS=911 ev=0.997 v_bias=2.3 return=1007.1 length=78 success_rate=1.00 collisions/ep=0.12 (n=8)
update=160 global_step=163840 SPS=914 ev=0.999 v_bias=0.8 return=994.4 length=78 success_rate=1.00 collisions/ep=0.38 (n=16)
Evaluation at update 160: return=1013.55, length=79.65, success_rate=1.00, collisions/ep=0.00
Solved-check at update 160: solved=True worst_gap=0.01 at p_x0=0.00 p_y0=1.00 (consecutive=11)
update=161 global_step=164864 SPS=892 ev=0.999 v_bias=-0.7 return=1008.1 length=78 success_rate=1.00 collisions/ep=0.10 (n=10)
update=162 global_step=165888 SPS=894 ev=1.000 v_bias=-0.4 return=1013.5 length=79 success_rate=1.00 collisions/ep=0.00 (n=14)
update=163 global_step=166912 SPS=897 ev=1.000 v_bias=-0.4 return=1013.3 length=78 success_rate=1.00 collisions/ep=0.00 (n=16)
update=164 global_step=167936 SPS=899 ev=0.999 v_bias=0.2 return=1006.8 length=78 success_rate=1.00 collisions/ep=0.12 (n=8)
update=165 global_step=168960 SPS=901 ev=1.000 v_bias=-0.2 return=1013.2 length=78 success_rate=1.00 collisions/ep=0.00 (n=16)
update=166 global_step=169984 SPS=904 ev=1.000 v_bias=0.5 return=1013.4 length=78 success_rate=1.00 collisions/ep=0.00 (n=16)
update=167 global_step=171008 SPS=906 ev=0.999 v_bias=0.9 return=1007.1 length=79 success_rate=1.00 collisions/ep=0.12 (n=8)
update=168 global_step=172032 SPS=907 ev=1.000 v_bias=-0.4 return=1013.2 length=78 success_rate=1.00 collisions/ep=0.00 (n=16)
update=169 global_step=173056 SPS=910 ev=1.000 v_bias=-0.1 return=1013.2 length=78 success_rate=1.00 collisions/ep=0.00 (n=14)
update=170 global_step=174080 SPS=912 ev=0.999 v_bias=0.6 return=1008.3 length=79 success_rate=1.00 collisions/ep=0.10 (n=10)
Evaluation at update 170: return=1013.57, length=79.65, success_rate=1.00, collisions/ep=0.00
Solved-check at update 170: solved=True worst_gap=-0.01 at p_x0=0.00 p_y0=1.00 (consecutive=12)
update=171 global_step=175104 SPS=890 ev=1.000 v_bias=-0.3 return=1013.3 length=78 success_rate=1.00 collisions/ep=0.00 (n=16)
update=172 global_step=176128 SPS=892 ev=0.999 v_bias=0.5 return=1013.2 length=78 success_rate=1.00 collisions/ep=0.11 (n=9)
update=173 global_step=177152 SPS=894 ev=1.000 v_bias=-0.2 return=1010.0 length=79 success_rate=1.00 collisions/ep=0.07 (n=15)
update=174 global_step=178176 SPS=896 ev=1.000 v_bias=-0.3 return=1013.4 length=78 success_rate=1.00 collisions/ep=0.06 (n=16)
update=175 global_step=179200 SPS=898 ev=0.997 v_bias=1.3 return=1013.2 length=78 success_rate=1.00 collisions/ep=0.12 (n=8)
update=176 global_step=180224 SPS=900 ev=1.000 v_bias=-0.5 return=1007.1 length=78 success_rate=1.00 collisions/ep=0.12 (n=16)
update=177 global_step=181248 SPS=902 ev=1.000 v_bias=-0.6 return=1013.3 length=78 success_rate=1.00 collisions/ep=0.00 (n=16)
update=178 global_step=182272 SPS=904 ev=0.999 v_bias=0.4 return=1013.2 length=79 success_rate=1.00 collisions/ep=0.00 (n=8)
update=179 global_step=183296 SPS=907 ev=1.000 v_bias=-0.1 return=1010.3 length=78 success_rate=1.00 collisions/ep=0.06 (n=16)
update=180 global_step=184320 SPS=909 ev=1.000 v_bias=-0.2 return=1013.2 length=78 success_rate=1.00 collisions/ep=0.00 (n=14)
Evaluation at update 180: return=1013.57, length=79.65, success_rate=1.00, collisions/ep=0.00
Solved-check at update 180: solved=True worst_gap=-0.01 at p_x0=0.00 p_y0=1.00 (consecutive=13)
update=181 global_step=185344 SPS=889 ev=0.999 v_bias=0.4 return=1013.4 length=79 success_rate=1.00 collisions/ep=0.00 (n=10)
update=182 global_step=186368 SPS=891 ev=1.000 v_bias=-0.1 return=1010.2 length=78 success_rate=1.00 collisions/ep=0.06 (n=16)
update=183 global_step=187392 SPS=893 ev=1.000 v_bias=-0.5 return=1013.2 length=78 success_rate=1.00 collisions/ep=0.00 (n=9)
update=184 global_step=188416 SPS=895 ev=1.000 v_bias=-0.3 return=1013.4 length=79 success_rate=1.00 collisions/ep=0.00 (n=15)
update=185 global_step=189440 SPS=897 ev=1.000 v_bias=-0.0 return=1013.2 length=78 success_rate=1.00 collisions/ep=0.00 (n=16)
update=186 global_step=190464 SPS=899 ev=0.997 v_bias=2.0 return=1007.0 length=78 success_rate=1.00 collisions/ep=0.12 (n=8)
update=187 global_step=191488 SPS=901 ev=1.000 v_bias=-0.2 return=1006.9 length=78 success_rate=1.00 collisions/ep=0.12 (n=16)
update=188 global_step=192512 SPS=903 ev=1.000 v_bias=-0.5 return=1013.3 length=78 success_rate=1.00 collisions/ep=0.00 (n=16)
update=189 global_step=193536 SPS=905 ev=0.999 v_bias=0.4 return=1007.1 length=79 success_rate=1.00 collisions/ep=0.12 (n=8)
update=190 global_step=194560 SPS=907 ev=1.000 v_bias=-0.5 return=1013.3 length=78 success_rate=1.00 collisions/ep=0.00 (n=16)
Evaluation at update 190: return=1013.57, length=79.65, success_rate=1.00, collisions/ep=0.00
Solved-check at update 190: solved=True worst_gap=-0.01 at p_x0=0.00 p_y0=1.00 (consecutive=14)
update=191 global_step=195584 SPS=888 ev=1.000 v_bias=-0.3 return=1013.1 length=77 success_rate=1.00 collisions/ep=0.00 (n=13)
update=192 global_step=196608 SPS=890 ev=1.000 v_bias=-0.3 return=1013.5 length=79 success_rate=1.00 collisions/ep=0.00 (n=11)
update=193 global_step=197632 SPS=892 ev=1.000 v_bias=0.2 return=1013.3 length=78 success_rate=1.00 collisions/ep=0.00 (n=16)
update=194 global_step=198656 SPS=893 ev=0.999 v_bias=0.2 return=1007.6 length=78 success_rate=1.00 collisions/ep=0.11 (n=9)
update=195 global_step=199680 SPS=895 ev=1.000 v_bias=0.2 return=1013.3 length=79 success_rate=1.00 collisions/ep=0.00 (n=15)
update=196 global_step=200704 SPS=897 ev=1.000 v_bias=0.1 return=1013.3 length=78 success_rate=1.00 collisions/ep=0.00 (n=16)
update=197 global_step=201728 SPS=900 ev=0.999 v_bias=0.7 return=1013.1 length=78 success_rate=1.00 collisions/ep=0.00 (n=8)
update=198 global_step=202752 SPS=902 ev=1.000 v_bias=-0.0 return=1010.1 length=79 success_rate=1.00 collisions/ep=0.06 (n=16)
update=199 global_step=203776 SPS=904 ev=1.000 v_bias=-0.4 return=1013.2 length=78 success_rate=1.00 collisions/ep=0.00 (n=16)
update=200 global_step=204800 SPS=906 ev=1.000 v_bias=-0.4 return=1013.3 length=78 success_rate=1.00 collisions/ep=0.00 (n=8)
Evaluation at update 200: return=1013.58, length=79.65, success_rate=1.00, collisions/ep=0.00
Solved-check at update 200: solved=True worst_gap=0.01 at p_x0=0.50 p_y0=1.00 (consecutive=15)
Saved checkpoints to C:\Users\loren\Desktop\MASTER THESIS\5_CODE\scenarios\slalom\studies\init_sampler\ppo_sobol\runs\ppo_slalom_19_1791035656
