Using device: cpu
Solved-check: precomputed optimal returns for 25 fixed initial conditions (mean=1013.0, min=1011.0, max=1015.0); solved-tolerance=5.0
batch_size=1024 minibatch_size=256 num_updates=200 timesteps=204800
update=1 global_step=1024 SPS=1467 ev=0.000 v_bias=27.1
update=2 global_step=2048 SPS=1467 ev=0.015 v_bias=1.8 return=-136.0 length=193 success_rate=0.25 collisions/ep=4.75 (n=8)
update=3 global_step=3072 SPS=1317 ev=0.299 v_bias=13.8 return=179.7 length=148 success_rate=0.50 collisions/ep=4.00 (n=2)
update=4 global_step=4096 SPS=1299 ev=0.580 v_bias=-7.2 return=-344.0 length=190 success_rate=0.14 collisions/ep=6.29 (n=7)
update=5 global_step=5120 SPS=1359 ev=0.535 v_bias=-7.2 return=-4.6 length=186 success_rate=0.38 collisions/ep=4.88 (n=8)
update=6 global_step=6144 SPS=1351 ev=0.618 v_bias=-41.7 return=492.4 length=154 success_rate=0.83 collisions/ep=5.50 (n=6)
update=7 global_step=7168 SPS=1366 ev=0.720 v_bias=-70.8 return=588.1 length=125 success_rate=0.89 collisions/ep=5.33 (n=9)
update=8 global_step=8192 SPS=1370 ev=0.920 v_bias=-83.1 return=763.2 length=100 success_rate=1.00 collisions/ep=4.55 (n=11)
update=9 global_step=9216 SPS=1380 ev=0.968 v_bias=-53.5 return=763.2 length=99 success_rate=1.00 collisions/ep=4.60 (n=10)
update=10 global_step=10240 SPS=1391 ev=0.982 v_bias=-65.7 return=816.9 length=95 success_rate=1.00 collisions/ep=3.60 (n=10)
Evaluation at update 10: return=545.43, length=82.25, success_rate=1.00, collisions/ep=9.25
Solved-check at update 10: solved=False worst_gap=505.73 at p_x0=1.50 p_y0=1.00 (consecutive=0)
update=11 global_step=11264 SPS=782 ev=0.980 v_bias=-38.7 return=775.8 length=91 success_rate=1.00 collisions/ep=4.50 (n=14)
update=12 global_step=12288 SPS=818 ev=0.968 v_bias=-21.8 return=764.2 length=89 success_rate=1.00 collisions/ep=4.78 (n=9)
update=13 global_step=13312 SPS=846 ev=0.965 v_bias=-20.8 return=795.8 length=89 success_rate=1.00 collisions/ep=4.14 (n=14)
update=14 global_step=14336 SPS=865 ev=0.968 v_bias=-21.1 return=895.5 length=86 success_rate=1.00 collisions/ep=2.20 (n=10)
update=15 global_step=15360 SPS=891 ev=0.972 v_bias=-15.2 return=835.0 length=86 success_rate=1.00 collisions/ep=3.43 (n=14)
update=16 global_step=16384 SPS=907 ev=0.964 v_bias=-4.8 return=842.2 length=83 success_rate=1.00 collisions/ep=3.30 (n=10)
update=17 global_step=17408 SPS=928 ev=0.977 v_bias=-9.3 return=903.1 length=82 success_rate=1.00 collisions/ep=2.27 (n=15)
update=18 global_step=18432 SPS=948 ev=0.985 v_bias=-19.2 return=938.1 length=83 success_rate=1.00 collisions/ep=1.50 (n=12)
update=19 global_step=19456 SPS=967 ev=0.980 v_bias=-11.2 return=937.9 length=83 success_rate=1.00 collisions/ep=1.42 (n=12)
update=20 global_step=20480 SPS=985 ev=0.986 v_bias=-5.7 return=951.4 length=82 success_rate=1.00 collisions/ep=1.17 (n=12)
Evaluation at update 20: return=1008.88, length=78.75, success_rate=1.00, collisions/ep=0.05
Solved-check at update 20: solved=False worst_gap=51.03 at p_x0=2.00 p_y0=-1.00 (consecutive=0)
update=21 global_step=21504 SPS=810 ev=0.993 v_bias=-14.0 return=985.7 length=82 success_rate=1.00 collisions/ep=0.67 (n=12)
update=22 global_step=22528 SPS=828 ev=0.995 v_bias=-9.2 return=1006.4 length=80 success_rate=1.00 collisions/ep=0.08 (n=12)
update=23 global_step=23552 SPS=844 ev=0.994 v_bias=-4.2 return=997.6 length=81 success_rate=1.00 collisions/ep=0.27 (n=15)
update=24 global_step=24576 SPS=859 ev=0.993 v_bias=-1.2 return=1003.7 length=80 success_rate=1.00 collisions/ep=0.15 (n=13)
update=25 global_step=25600 SPS=875 ev=0.963 v_bias=11.7 return=936.6 length=80 success_rate=1.00 collisions/ep=1.50 (n=12)
update=26 global_step=26624 SPS=889 ev=0.989 v_bias=-1.0 return=965.5 length=81 success_rate=1.00 collisions/ep=0.92 (n=12)
update=27 global_step=27648 SPS=893 ev=0.983 v_bias=3.4 return=978.0 length=80 success_rate=1.00 collisions/ep=0.75 (n=12)
update=28 global_step=28672 SPS=903 ev=0.995 v_bias=-3.8 return=983.3 length=81 success_rate=1.00 collisions/ep=0.62 (n=16)
update=29 global_step=29696 SPS=917 ev=0.991 v_bias=-2.9 return=998.5 length=80 success_rate=1.00 collisions/ep=0.25 (n=8)
update=30 global_step=30720 SPS=930 ev=0.997 v_bias=-3.0 return=998.9 length=80 success_rate=1.00 collisions/ep=0.25 (n=16)
Evaluation at update 30: return=1012.05, length=78.05, success_rate=1.00, collisions/ep=0.00
Solved-check at update 30: solved=True worst_gap=1.00 at p_x0=0.00 p_y0=0.00 (consecutive=0)
update=31 global_step=31744 SPS=804 ev=0.995 v_bias=0.0 return=1005.0 length=79 success_rate=1.00 collisions/ep=0.13 (n=15)
update=32 global_step=32768 SPS=817 ev=0.985 v_bias=4.1 return=978.1 length=81 success_rate=1.00 collisions/ep=0.67 (n=9)
update=33 global_step=33792 SPS=829 ev=0.997 v_bias=0.5 return=995.9 length=81 success_rate=1.00 collisions/ep=0.31 (n=16)
update=34 global_step=34816 SPS=838 ev=0.993 v_bias=1.6 return=979.6 length=80 success_rate=1.00 collisions/ep=0.62 (n=8)
update=35 global_step=35840 SPS=845 ev=0.996 v_bias=1.5 return=1002.0 length=80 success_rate=1.00 collisions/ep=0.19 (n=16)
update=36 global_step=36864 SPS=856 ev=0.999 v_bias=-1.2 return=1008.2 length=79 success_rate=1.00 collisions/ep=0.07 (n=15)
update=37 global_step=37888 SPS=866 ev=0.982 v_bias=6.3 return=995.5 length=80 success_rate=1.00 collisions/ep=0.33 (n=9)
update=38 global_step=38912 SPS=877 ev=0.996 v_bias=0.6 return=977.5 length=80 success_rate=1.00 collisions/ep=0.69 (n=16)
update=39 global_step=39936 SPS=888 ev=0.983 v_bias=1.9 return=993.3 length=79 success_rate=1.00 collisions/ep=0.38 (n=8)
update=40 global_step=40960 SPS=899 ev=0.997 v_bias=-1.8 return=986.9 length=80 success_rate=1.00 collisions/ep=0.50 (n=16)
Evaluation at update 40: return=1012.23, length=77.85, success_rate=1.00, collisions/ep=0.00
Solved-check at update 40: solved=True worst_gap=0.98 at p_x0=0.00 p_y0=1.00 (consecutive=1)
Solved criterion held for 2 consecutive evals (tolerance=5.0) at global_step=40960.
update=41 global_step=41984 SPS=813 ev=0.998 v_bias=-2.4 return=1008.5 length=79 success_rate=1.00 collisions/ep=0.07 (n=15)
update=42 global_step=43008 SPS=819 ev=0.994 v_bias=-1.7 return=1012.4 length=80 success_rate=1.00 collisions/ep=0.00 (n=9)
update=43 global_step=44032 SPS=826 ev=0.996 v_bias=2.5 return=987.2 length=80 success_rate=1.00 collisions/ep=0.50 (n=16)
update=44 global_step=45056 SPS=832 ev=0.999 v_bias=-3.2 return=1011.9 length=79 success_rate=1.00 collisions/ep=0.00 (n=8)
update=45 global_step=46080 SPS=841 ev=1.000 v_bias=-1.9 return=1011.9 length=80 success_rate=1.00 collisions/ep=0.00 (n=16)
update=46 global_step=47104 SPS=848 ev=0.995 v_bias=1.3 return=1002.8 length=79 success_rate=1.00 collisions/ep=0.19 (n=16)
update=47 global_step=48128 SPS=856 ev=0.988 v_bias=4.1 return=980.6 length=80 success_rate=1.00 collisions/ep=0.62 (n=8)
update=48 global_step=49152 SPS=863 ev=0.995 v_bias=1.2 return=986.8 length=80 success_rate=1.00 collisions/ep=0.50 (n=16)
update=49 global_step=50176 SPS=871 ev=0.997 v_bias=-1.7 return=1006.1 length=79 success_rate=1.00 collisions/ep=0.11 (n=9)
update=50 global_step=51200 SPS=877 ev=0.999 v_bias=-3.0 return=1005.3 length=80 success_rate=1.00 collisions/ep=0.13 (n=15)
Evaluation at update 50: return=1012.47, length=77.65, success_rate=1.00, collisions/ep=0.00
Solved-check at update 50: solved=True worst_gap=0.69 at p_x0=0.00 p_y0=1.00 (consecutive=2)
update=51 global_step=52224 SPS=805 ev=0.997 v_bias=-0.8 return=1005.9 length=79 success_rate=1.00 collisions/ep=0.12 (n=16)
update=52 global_step=53248 SPS=813 ev=0.999 v_bias=-3.2 return=1011.7 length=80 success_rate=1.00 collisions/ep=0.00 (n=8)
update=53 global_step=54272 SPS=819 ev=0.998 v_bias=0.3 return=1006.2 length=80 success_rate=1.00 collisions/ep=0.12 (n=16)
update=54 global_step=55296 SPS=826 ev=0.995 v_bias=1.4 return=1004.7 length=78 success_rate=1.00 collisions/ep=0.15 (n=13)
update=55 global_step=56320 SPS=833 ev=0.999 v_bias=-1.6 return=999.2 length=80 success_rate=1.00 collisions/ep=0.27 (n=11)
update=56 global_step=57344 SPS=839 ev=0.997 v_bias=1.3 return=1003.2 length=79 success_rate=1.00 collisions/ep=0.19 (n=16)
update=57 global_step=58368 SPS=846 ev=0.995 v_bias=0.6 return=1006.2 length=79 success_rate=1.00 collisions/ep=0.12 (n=8)
update=58 global_step=59392 SPS=853 ev=0.999 v_bias=-0.9 return=1006.2 length=80 success_rate=1.00 collisions/ep=0.12 (n=16)
update=59 global_step=60416 SPS=860 ev=0.995 v_bias=0.3 return=996.8 length=79 success_rate=1.00 collisions/ep=0.38 (n=16)
update=60 global_step=61440 SPS=866 ev=0.997 v_bias=0.3 return=1000.0 length=80 success_rate=1.00 collisions/ep=0.25 (n=8)
Evaluation at update 60: return=1012.60, length=77.60, success_rate=1.00, collisions/ep=0.00
Solved-check at update 60: solved=True worst_gap=0.55 at p_x0=0.00 p_y0=1.00 (consecutive=3)
update=61 global_step=62464 SPS=816 ev=1.000 v_bias=-0.9 return=1009.3 length=79 success_rate=1.00 collisions/ep=0.06 (n=16)
update=62 global_step=63488 SPS=822 ev=0.999 v_bias=0.6 return=1006.4 length=79 success_rate=1.00 collisions/ep=0.12 (n=8)
update=63 global_step=64512 SPS=828 ev=1.000 v_bias=-1.2 return=1012.7 length=79 success_rate=1.00 collisions/ep=0.00 (n=16)
update=64 global_step=65536 SPS=833 ev=1.000 v_bias=-0.7 return=1012.6 length=78 success_rate=1.00 collisions/ep=0.00 (n=16)
update=65 global_step=66560 SPS=837 ev=0.999 v_bias=-0.4 return=1006.7 length=79 success_rate=1.00 collisions/ep=0.25 (n=8)
update=66 global_step=67584 SPS=839 ev=1.000 v_bias=-0.8 return=1012.8 length=79 success_rate=1.00 collisions/ep=0.06 (n=16)
update=67 global_step=68608 SPS=844 ev=0.998 v_bias=1.4 return=1005.8 length=78 success_rate=1.00 collisions/ep=0.20 (n=15)
update=68 global_step=69632 SPS=850 ev=1.000 v_bias=-0.2 return=1013.1 length=80 success_rate=1.00 collisions/ep=0.00 (n=9)
update=69 global_step=70656 SPS=855 ev=0.998 v_bias=1.0 return=1006.5 length=78 success_rate=1.00 collisions/ep=0.12 (n=16)
update=70 global_step=71680 SPS=861 ev=1.000 v_bias=-1.4 return=1012.8 length=79 success_rate=1.00 collisions/ep=0.00 (n=9)
Evaluation at update 70: return=1012.78, length=77.40, success_rate=1.00, collisions/ep=0.00
Solved-check at update 70: solved=True worst_gap=0.31 at p_x0=0.00 p_y0=1.00 (consecutive=4)
update=71 global_step=72704 SPS=818 ev=1.000 v_bias=-0.6 return=1012.7 length=79 success_rate=1.00 collisions/ep=0.00 (n=15)
update=72 global_step=73728 SPS=823 ev=0.999 v_bias=0.5 return=1009.8 length=79 success_rate=1.00 collisions/ep=0.06 (n=16)
update=73 global_step=74752 SPS=827 ev=0.999 v_bias=-0.1 return=1006.8 length=79 success_rate=1.00 collisions/ep=0.12 (n=8)
update=74 global_step=75776 SPS=831 ev=1.000 v_bias=-0.3 return=1012.8 length=78 success_rate=1.00 collisions/ep=0.00 (n=16)
update=75 global_step=76800 SPS=836 ev=1.000 v_bias=-0.4 return=1013.0 length=79 success_rate=1.00 collisions/ep=0.00 (n=16)
update=76 global_step=77824 SPS=841 ev=0.998 v_bias=0.8 return=1012.7 length=78 success_rate=1.00 collisions/ep=0.00 (n=8)
update=77 global_step=78848 SPS=846 ev=1.000 v_bias=-0.3 return=1006.9 length=78 success_rate=1.00 collisions/ep=0.12 (n=16)
update=78 global_step=79872 SPS=851 ev=0.989 v_bias=3.7 return=1012.9 length=78 success_rate=1.00 collisions/ep=0.00 (n=11)
update=79 global_step=80896 SPS=856 ev=0.999 v_bias=-1.6 return=990.0 length=79 success_rate=1.00 collisions/ep=0.46 (n=13)
update=80 global_step=81920 SPS=861 ev=0.999 v_bias=-0.6 return=1010.0 length=79 success_rate=1.00 collisions/ep=0.06 (n=16)
Evaluation at update 80: return=1012.86, length=77.15, success_rate=1.00, collisions/ep=0.00
Solved-check at update 80: solved=True worst_gap=0.18 at p_x0=0.00 p_y0=1.00 (consecutive=5)
update=81 global_step=82944 SPS=819 ev=1.000 v_bias=-1.5 return=1013.0 length=78 success_rate=1.00 collisions/ep=0.00 (n=8)
update=82 global_step=83968 SPS=824 ev=1.000 v_bias=-1.0 return=1013.1 length=79 success_rate=1.00 collisions/ep=0.00 (n=16)
update=83 global_step=84992 SPS=828 ev=1.000 v_bias=0.0 return=1013.0 length=78 success_rate=1.00 collisions/ep=0.00 (n=15)
update=84 global_step=86016 SPS=832 ev=1.000 v_bias=-0.3 return=1013.2 length=79 success_rate=1.00 collisions/ep=0.00 (n=9)
update=85 global_step=87040 SPS=837 ev=0.997 v_bias=1.6 return=1006.9 length=79 success_rate=1.00 collisions/ep=0.12 (n=16)
update=86 global_step=88064 SPS=842 ev=0.998 v_bias=0.9 return=1008.8 length=77 success_rate=1.00 collisions/ep=0.08 (n=12)
update=87 global_step=89088 SPS=846 ev=1.000 v_bias=-0.7 return=1009.0 length=79 success_rate=1.00 collisions/ep=0.08 (n=12)
update=88 global_step=90112 SPS=850 ev=1.000 v_bias=-0.2 return=1013.1 length=79 success_rate=1.00 collisions/ep=0.00 (n=16)
update=89 global_step=91136 SPS=854 ev=0.998 v_bias=0.8 return=1006.9 length=78 success_rate=1.00 collisions/ep=0.12 (n=8)
update=90 global_step=92160 SPS=858 ev=1.000 v_bias=-0.5 return=1010.1 length=79 success_rate=1.00 collisions/ep=0.06 (n=16)
Evaluation at update 90: return=1012.93, length=77.15, success_rate=1.00, collisions/ep=0.00
Solved-check at update 90: solved=True worst_gap=0.12 at p_x0=0.00 p_y0=1.00 (consecutive=6)
update=91 global_step=93184 SPS=822 ev=0.999 v_bias=-0.2 return=1009.9 length=78 success_rate=1.00 collisions/ep=0.06 (n=16)
update=92 global_step=94208 SPS=826 ev=0.991 v_bias=1.5 return=1013.0 length=79 success_rate=1.00 collisions/ep=0.00 (n=8)
update=93 global_step=95232 SPS=830 ev=1.000 v_bias=-0.6 return=1003.7 length=78 success_rate=1.00 collisions/ep=0.19 (n=16)
update=94 global_step=96256 SPS=834 ev=0.998 v_bias=0.7 return=1005.8 length=78 success_rate=1.00 collisions/ep=0.21 (n=14)
update=95 global_step=97280 SPS=838 ev=0.999 v_bias=0.2 return=1008.5 length=80 success_rate=1.00 collisions/ep=0.10 (n=10)
update=96 global_step=98304 SPS=842 ev=0.999 v_bias=0.3 return=1009.9 length=78 success_rate=1.00 collisions/ep=0.06 (n=16)
update=97 global_step=99328 SPS=846 ev=0.992 v_bias=0.9 return=996.4 length=78 success_rate=1.00 collisions/ep=0.33 (n=9)
update=98 global_step=100352 SPS=850 ev=1.000 v_bias=-0.4 return=1013.2 length=79 success_rate=1.00 collisions/ep=0.00 (n=15)
update=99 global_step=101376 SPS=854 ev=0.999 v_bias=0.3 return=1010.0 length=78 success_rate=1.00 collisions/ep=0.06 (n=16)
update=100 global_step=102400 SPS=856 ev=1.000 v_bias=-1.3 return=1013.2 length=79 success_rate=1.00 collisions/ep=0.00 (n=8)
Evaluation at update 100: return=1012.94, length=77.15, success_rate=1.00, collisions/ep=0.00
Solved-check at update 100: solved=True worst_gap=0.10 at p_x0=0.00 p_y0=1.00 (consecutive=7)
update=101 global_step=103424 SPS=824 ev=1.000 v_bias=-0.3 return=1013.1 length=78 success_rate=1.00 collisions/ep=0.12 (n=16)
update=102 global_step=104448 SPS=827 ev=1.000 v_bias=-0.1 return=1013.2 length=79 success_rate=1.00 collisions/ep=0.06 (n=16)
update=103 global_step=105472 SPS=831 ev=1.000 v_bias=-0.1 return=1013.2 length=78 success_rate=1.00 collisions/ep=0.00 (n=8)
update=104 global_step=106496 SPS=834 ev=1.000 v_bias=-0.0 return=1013.1 length=79 success_rate=1.00 collisions/ep=0.00 (n=16)
update=105 global_step=107520 SPS=837 ev=1.000 v_bias=0.3 return=1012.9 length=77 success_rate=1.00 collisions/ep=0.15 (n=13)
update=106 global_step=108544 SPS=841 ev=1.000 v_bias=0.0 return=1013.4 length=80 success_rate=1.00 collisions/ep=0.09 (n=11)
update=107 global_step=109568 SPS=845 ev=0.999 v_bias=0.9 return=1010.2 length=79 success_rate=1.00 collisions/ep=0.25 (n=16)
update=108 global_step=110592 SPS=848 ev=0.996 v_bias=1.7 return=1000.4 length=78 success_rate=1.00 collisions/ep=0.38 (n=8)
update=109 global_step=111616 SPS=851 ev=1.000 v_bias=-0.7 return=1013.2 length=78 success_rate=1.00 collisions/ep=0.00 (n=16)
update=110 global_step=112640 SPS=854 ev=1.000 v_bias=-0.5 return=1013.1 length=78 success_rate=1.00 collisions/ep=0.00 (n=15)
Evaluation at update 110: return=1012.99, length=77.15, success_rate=1.00, collisions/ep=0.00
Solved-check at update 110: solved=True worst_gap=0.05 at p_x0=0.00 p_y0=1.00 (consecutive=8)
update=111 global_step=113664 SPS=824 ev=1.000 v_bias=-0.5 return=1013.2 length=79 success_rate=1.00 collisions/ep=0.00 (n=9)
update=112 global_step=114688 SPS=828 ev=1.000 v_bias=-0.0 return=1013.3 length=79 success_rate=1.00 collisions/ep=0.00 (n=16)
update=113 global_step=115712 SPS=831 ev=1.000 v_bias=-0.1 return=1013.0 length=77 success_rate=1.00 collisions/ep=0.00 (n=13)
update=114 global_step=116736 SPS=835 ev=1.000 v_bias=-0.3 return=1013.3 length=79 success_rate=1.00 collisions/ep=0.00 (n=11)
update=115 global_step=117760 SPS=838 ev=0.997 v_bias=1.3 return=1007.0 length=78 success_rate=1.00 collisions/ep=0.12 (n=16)
update=116 global_step=118784 SPS=841 ev=0.999 v_bias=-0.1 return=1013.2 length=78 success_rate=1.00 collisions/ep=0.00 (n=8)
update=117 global_step=119808 SPS=845 ev=1.000 v_bias=-0.4 return=1010.2 length=79 success_rate=1.00 collisions/ep=0.06 (n=16)
update=118 global_step=120832 SPS=848 ev=1.000 v_bias=-0.4 return=1013.2 length=78 success_rate=1.00 collisions/ep=0.00 (n=16)
update=119 global_step=121856 SPS=851 ev=0.999 v_bias=0.0 return=1007.1 length=78 success_rate=1.00 collisions/ep=0.12 (n=8)
update=120 global_step=122880 SPS=854 ev=1.000 v_bias=-0.3 return=1013.1 length=78 success_rate=1.00 collisions/ep=0.00 (n=16)
Evaluation at update 120: return=1013.01, length=77.15, success_rate=1.00, collisions/ep=0.00
Solved-check at update 120: solved=True worst_gap=0.03 at p_x0=0.00 p_y0=1.00 (consecutive=9)
update=121 global_step=123904 SPS=828 ev=0.999 v_bias=0.3 return=1013.2 length=78 success_rate=1.00 collisions/ep=0.07 (n=15)
update=122 global_step=124928 SPS=831 ev=1.000 v_bias=-0.7 return=1008.0 length=80 success_rate=1.00 collisions/ep=0.22 (n=9)
update=123 global_step=125952 SPS=834 ev=1.000 v_bias=-0.5 return=1013.2 length=78 success_rate=1.00 collisions/ep=0.00 (n=16)
update=124 global_step=126976 SPS=837 ev=0.999 v_bias=0.9 return=1008.7 length=78 success_rate=1.00 collisions/ep=0.09 (n=11)
update=125 global_step=128000 SPS=840 ev=1.000 v_bias=-0.5 return=1013.3 length=79 success_rate=1.00 collisions/ep=0.00 (n=13)
update=126 global_step=129024 SPS=843 ev=1.000 v_bias=-0.3 return=1013.3 length=78 success_rate=1.00 collisions/ep=0.00 (n=16)
update=127 global_step=130048 SPS=846 ev=0.999 v_bias=0.4 return=1007.1 length=79 success_rate=1.00 collisions/ep=0.12 (n=8)
update=128 global_step=131072 SPS=848 ev=1.000 v_bias=0.0 return=1013.2 length=78 success_rate=1.00 collisions/ep=0.06 (n=16)
update=129 global_step=132096 SPS=851 ev=0.999 v_bias=0.2 return=1010.1 length=79 success_rate=1.00 collisions/ep=0.06 (n=16)
update=130 global_step=133120 SPS=852 ev=1.000 v_bias=-0.3 return=1012.9 length=78 success_rate=1.00 collisions/ep=0.00 (n=8)
Evaluation at update 130: return=1013.02, length=77.10, success_rate=1.00, collisions/ep=0.00
Solved-check at update 130: solved=True worst_gap=0.01 at p_x0=0.00 p_y0=1.00 (consecutive=10)
update=131 global_step=134144 SPS=824 ev=1.000 v_bias=0.0 return=1013.1 length=78 success_rate=1.00 collisions/ep=0.00 (n=16)
update=132 global_step=135168 SPS=825 ev=1.000 v_bias=0.0 return=1013.0 length=78 success_rate=1.00 collisions/ep=0.07 (n=15)
update=133 global_step=136192 SPS=827 ev=1.000 v_bias=-0.1 return=1013.3 length=79 success_rate=1.00 collisions/ep=0.00 (n=9)
update=134 global_step=137216 SPS=828 ev=1.000 v_bias=0.3 return=1013.2 length=79 success_rate=1.00 collisions/ep=0.00 (n=16)
update=135 global_step=138240 SPS=830 ev=1.000 v_bias=0.0 return=1012.9 length=77 success_rate=1.00 collisions/ep=0.00 (n=11)
update=136 global_step=139264 SPS=832 ev=1.000 v_bias=0.2 return=1013.5 length=79 success_rate=1.00 collisions/ep=0.15 (n=13)
update=137 global_step=140288 SPS=833 ev=0.998 v_bias=1.5 return=1007.1 length=78 success_rate=1.00 collisions/ep=0.31 (n=16)
update=138 global_step=141312 SPS=835 ev=0.999 v_bias=0.7 return=1006.9 length=78 success_rate=1.00 collisions/ep=0.25 (n=8)
update=139 global_step=142336 SPS=837 ev=1.000 v_bias=-0.4 return=1013.4 length=79 success_rate=1.00 collisions/ep=0.06 (n=16)
update=140 global_step=143360 SPS=839 ev=1.000 v_bias=-0.5 return=1013.2 length=78 success_rate=1.00 collisions/ep=0.00 (n=16)
Evaluation at update 140: return=1013.04, length=77.05, success_rate=1.00, collisions/ep=0.00
Solved-check at update 140: solved=True worst_gap=-0.01 at p_x0=0.50 p_y0=1.00 (consecutive=11)
update=141 global_step=144384 SPS=815 ev=1.000 v_bias=0.0 return=1013.3 length=79 success_rate=1.00 collisions/ep=0.00 (n=8)
update=142 global_step=145408 SPS=817 ev=1.000 v_bias=-0.0 return=1013.3 length=78 success_rate=1.00 collisions/ep=0.00 (n=16)
update=143 global_step=146432 SPS=820 ev=1.000 v_bias=-0.1 return=1013.2 length=78 success_rate=1.00 collisions/ep=0.00 (n=15)
update=144 global_step=147456 SPS=822 ev=1.000 v_bias=-0.2 return=1013.5 length=80 success_rate=1.00 collisions/ep=0.00 (n=9)
update=145 global_step=148480 SPS=825 ev=0.999 v_bias=0.8 return=1010.1 length=78 success_rate=1.00 collisions/ep=0.06 (n=16)
update=146 global_step=149504 SPS=827 ev=0.999 v_bias=0.1 return=1013.3 length=78 success_rate=1.00 collisions/ep=0.00 (n=9)
update=147 global_step=150528 SPS=829 ev=1.000 v_bias=-0.2 return=1010.0 length=78 success_rate=1.00 collisions/ep=0.07 (n=15)
update=148 global_step=151552 SPS=831 ev=1.000 v_bias=-0.4 return=1013.3 length=78 success_rate=1.00 collisions/ep=0.00 (n=16)
update=149 global_step=152576 SPS=834 ev=1.000 v_bias=-0.4 return=1013.4 length=79 success_rate=1.00 collisions/ep=0.00 (n=8)
update=150 global_step=153600 SPS=837 ev=1.000 v_bias=-0.1 return=1013.2 length=78 success_rate=1.00 collisions/ep=0.00 (n=16)
Evaluation at update 150: return=1013.05, length=77.05, success_rate=1.00, collisions/ep=0.00
Solved-check at update 150: solved=True worst_gap=-0.01 at p_x0=0.50 p_y0=1.00 (consecutive=12)
update=151 global_step=154624 SPS=816 ev=1.000 v_bias=-0.1 return=1013.2 length=79 success_rate=1.00 collisions/ep=0.00 (n=16)
update=152 global_step=155648 SPS=818 ev=0.999 v_bias=0.5 return=1006.7 length=78 success_rate=1.00 collisions/ep=0.12 (n=8)
update=153 global_step=156672 SPS=820 ev=1.000 v_bias=-0.1 return=1013.3 length=78 success_rate=1.00 collisions/ep=0.00 (n=16)
update=154 global_step=157696 SPS=821 ev=1.000 v_bias=0.3 return=1013.1 length=78 success_rate=1.00 collisions/ep=0.00 (n=14)
update=155 global_step=158720 SPS=824 ev=0.999 v_bias=0.5 return=1008.4 length=79 success_rate=1.00 collisions/ep=0.10 (n=10)
update=156 global_step=159744 SPS=826 ev=1.000 v_bias=-0.4 return=1013.5 length=79 success_rate=1.00 collisions/ep=0.00 (n=16)
update=157 global_step=160768 SPS=828 ev=1.000 v_bias=-0.5 return=1012.9 length=77 success_rate=1.00 collisions/ep=0.00 (n=9)
update=158 global_step=161792 SPS=831 ev=1.000 v_bias=-0.2 return=1013.4 length=79 success_rate=1.00 collisions/ep=0.00 (n=15)
update=159 global_step=162816 SPS=833 ev=0.999 v_bias=0.8 return=1010.2 length=78 success_rate=1.00 collisions/ep=0.06 (n=16)
update=160 global_step=163840 SPS=836 ev=1.000 v_bias=-0.1 return=1013.2 length=78 success_rate=1.00 collisions/ep=0.00 (n=8)
Evaluation at update 160: return=1013.07, length=77.05, success_rate=1.00, collisions/ep=0.00
Solved-check at update 160: solved=True worst_gap=-0.03 at p_x0=0.50 p_y0=1.00 (consecutive=13)
update=161 global_step=164864 SPS=817 ev=1.000 v_bias=-0.1 return=1013.4 length=79 success_rate=1.00 collisions/ep=0.00 (n=16)
update=162 global_step=165888 SPS=819 ev=1.000 v_bias=0.0 return=1013.2 length=78 success_rate=1.00 collisions/ep=0.00 (n=16)
update=163 global_step=166912 SPS=821 ev=0.996 v_bias=1.2 return=1000.8 length=78 success_rate=1.00 collisions/ep=0.25 (n=8)
update=164 global_step=167936 SPS=823 ev=1.000 v_bias=-0.3 return=1013.4 length=78 success_rate=1.00 collisions/ep=0.00 (n=16)
update=165 global_step=168960 SPS=826 ev=1.000 v_bias=-0.3 return=1013.0 length=77 success_rate=1.00 collisions/ep=0.00 (n=13)
update=166 global_step=169984 SPS=828 ev=1.000 v_bias=-0.4 return=1013.7 length=80 success_rate=1.00 collisions/ep=0.00 (n=11)
update=167 global_step=171008 SPS=830 ev=1.000 v_bias=0.2 return=1013.2 length=78 success_rate=1.00 collisions/ep=0.00 (n=16)
update=168 global_step=172032 SPS=833 ev=1.000 v_bias=-0.0 return=1013.4 length=78 success_rate=1.00 collisions/ep=0.00 (n=8)
update=169 global_step=173056 SPS=835 ev=0.994 v_bias=1.5 return=1003.8 length=78 success_rate=1.00 collisions/ep=0.25 (n=16)
update=170 global_step=174080 SPS=836 ev=1.000 v_bias=-0.7 return=1013.3 length=78 success_rate=1.00 collisions/ep=0.06 (n=16)
Evaluation at update 170: return=1013.07, length=77.05, success_rate=1.00, collisions/ep=0.00
Solved-check at update 170: solved=True worst_gap=-0.04 at p_x0=0.50 p_y0=1.00 (consecutive=14)
update=171 global_step=175104 SPS=816 ev=0.999 v_bias=0.8 return=1013.4 length=79 success_rate=1.00 collisions/ep=0.12 (n=8)
update=172 global_step=176128 SPS=818 ev=0.999 v_bias=0.0 return=1006.9 length=78 success_rate=1.00 collisions/ep=0.44 (n=16)
update=173 global_step=177152 SPS=820 ev=1.000 v_bias=-0.3 return=1013.5 length=79 success_rate=1.00 collisions/ep=0.12 (n=16)
update=174 global_step=178176 SPS=822 ev=1.000 v_bias=-0.4 return=1012.9 length=78 success_rate=1.00 collisions/ep=0.00 (n=8)
update=175 global_step=179200 SPS=823 ev=0.997 v_bias=1.0 return=1007.1 length=78 success_rate=1.00 collisions/ep=0.19 (n=16)
update=176 global_step=180224 SPS=826 ev=1.000 v_bias=0.2 return=1013.1 length=78 success_rate=1.00 collisions/ep=0.00 (n=11)
update=177 global_step=181248 SPS=828 ev=1.000 v_bias=-0.3 return=1013.4 length=79 success_rate=1.00 collisions/ep=0.00 (n=13)
update=178 global_step=182272 SPS=830 ev=0.999 v_bias=0.2 return=1010.2 length=79 success_rate=1.00 collisions/ep=0.06 (n=16)
update=179 global_step=183296 SPS=832 ev=1.000 v_bias=-0.9 return=1013.1 length=77 success_rate=1.00 collisions/ep=0.00 (n=8)
update=180 global_step=184320 SPS=835 ev=0.999 v_bias=1.0 return=1010.1 length=78 success_rate=1.00 collisions/ep=0.06 (n=16)
Evaluation at update 180: return=1013.07, length=77.05, success_rate=1.00, collisions/ep=0.00
Solved-check at update 180: solved=True worst_gap=-0.03 at p_x0=0.50 p_y0=1.00 (consecutive=15)
update=181 global_step=185344 SPS=819 ev=0.999 v_bias=0.1 return=1007.0 length=78 success_rate=1.00 collisions/ep=0.12 (n=16)
update=182 global_step=186368 SPS=821 ev=1.000 v_bias=-0.7 return=1013.1 length=78 success_rate=1.00 collisions/ep=0.00 (n=8)
update=183 global_step=187392 SPS=823 ev=0.999 v_bias=0.5 return=1010.3 length=79 success_rate=1.00 collisions/ep=0.06 (n=16)
update=184 global_step=188416 SPS=825 ev=1.000 v_bias=-0.3 return=1013.3 length=78 success_rate=1.00 collisions/ep=0.21 (n=14)
update=185 global_step=189440 SPS=826 ev=1.000 v_bias=-0.5 return=1013.3 length=78 success_rate=1.00 collisions/ep=0.10 (n=10)
update=186 global_step=190464 SPS=828 ev=0.999 v_bias=0.8 return=1010.3 length=78 success_rate=1.00 collisions/ep=0.25 (n=16)
update=187 global_step=191488 SPS=830 ev=1.000 v_bias=0.0 return=1013.3 length=78 success_rate=1.00 collisions/ep=0.00 (n=8)
update=188 global_step=192512 SPS=833 ev=1.000 v_bias=-0.2 return=1013.5 length=79 success_rate=1.00 collisions/ep=0.00 (n=16)
update=189 global_step=193536 SPS=835 ev=0.997 v_bias=1.4 return=1006.9 length=78 success_rate=1.00 collisions/ep=0.31 (n=16)
update=190 global_step=194560 SPS=836 ev=1.000 v_bias=0.1 return=1013.3 length=79 success_rate=1.00 collisions/ep=0.00 (n=8)
Evaluation at update 190: return=1013.07, length=77.05, success_rate=1.00, collisions/ep=0.00
Solved-check at update 190: solved=True worst_gap=-0.03 at p_x0=0.50 p_y0=1.00 (consecutive=16)
update=191 global_step=195584 SPS=820 ev=0.998 v_bias=0.3 return=1007.1 length=78 success_rate=1.00 collisions/ep=0.31 (n=16)
update=192 global_step=196608 SPS=822 ev=1.000 v_bias=-1.0 return=1013.2 length=78 success_rate=1.00 collisions/ep=0.13 (n=15)
update=193 global_step=197632 SPS=824 ev=1.000 v_bias=-0.5 return=1013.6 length=80 success_rate=1.00 collisions/ep=0.00 (n=9)
update=194 global_step=198656 SPS=827 ev=1.000 v_bias=-0.0 return=1013.2 length=78 success_rate=1.00 collisions/ep=0.12 (n=16)
update=195 global_step=199680 SPS=828 ev=1.000 v_bias=-0.1 return=1013.4 length=78 success_rate=1.00 collisions/ep=0.15 (n=13)
update=196 global_step=200704 SPS=830 ev=1.000 v_bias=-0.0 return=1013.4 length=78 success_rate=1.00 collisions/ep=0.00 (n=11)
update=197 global_step=201728 SPS=832 ev=1.000 v_bias=-0.2 return=1013.4 length=78 success_rate=1.00 collisions/ep=0.06 (n=16)
update=198 global_step=202752 SPS=834 ev=1.000 v_bias=0.2 return=1013.5 length=79 success_rate=1.00 collisions/ep=0.12 (n=8)
update=199 global_step=203776 SPS=836 ev=1.000 v_bias=0.1 return=1013.2 length=78 success_rate=1.00 collisions/ep=0.06 (n=16)
update=200 global_step=204800 SPS=838 ev=1.000 v_bias=0.2 return=1013.4 length=79 success_rate=1.00 collisions/ep=0.06 (n=16)
Evaluation at update 200: return=1013.07, length=77.05, success_rate=1.00, collisions/ep=0.00
Solved-check at update 200: solved=True worst_gap=-0.04 at p_x0=0.50 p_y0=1.00 (consecutive=17)
Saved checkpoints to C:\Users\loren\Desktop\MASTER THESIS\5_CODE\scenarios\slalom\studies\init_sampler\ppo_sobol\runs\ppo_slalom_2_1791035118
