Using device: cpu
Solved-check: precomputed optimal returns for 25 fixed initial conditions (mean=1013.0, min=1011.0, max=1015.0); solved-tolerance=5.0
num_envs=8 num_steps_per_env=256 worker_batch_size=2048 worker_minibatch_size=256 num_updates=100 timesteps=204800
update=1 global_step=2048 SPS=202 w_ev=-0.041 m_ev=-0.000 m_v_bias=57.9 m_adv_std=254.3682 m_kl_max=0.0013 m_ratio_max=0.205 w_ax@goal=-0.09 w_v@goal=-0.07 return=-203.1 length=176 success_rate=0.38 collisions/ep=8.88 (n=8)
update=2 global_step=4096 SPS=200 w_ev=0.289 m_ev=0.147 m_v_bias=50.4 m_adv_std=122.5694 m_kl_max=0.0008 m_ratio_max=0.213 w_ax@goal=+0.41 w_v@goal=1.87 return=-460.1 length=194 success_rate=0.11 collisions/ep=7.78 (n=9)
update=3 global_step=6144 SPS=197 w_ev=0.465 m_ev=0.403 m_v_bias=4.9 m_adv_std=126.2697 m_kl_max=0.0037 m_ratio_max=0.321 w_ax@goal=-0.13 w_v@goal=2.16 return=-286.4 length=196 success_rate=0.09 collisions/ep=3.91 (n=11)
update=4 global_step=8192 SPS=195 w_ev=0.551 m_ev=0.541 m_v_bias=-120.8 m_adv_std=176.7092 m_kl_max=0.0008 m_ratio_max=0.181 w_ax@goal=+0.36 w_v@goal=2.67 return=-39.6 length=190 success_rate=0.23 collisions/ep=2.23 (n=13)
update=5 global_step=10240 SPS=192 w_ev=0.735 m_ev=0.739 m_v_bias=-59.3 m_adv_std=154.0170 m_kl_max=0.0076 m_ratio_max=0.378 w_ax@goal=+0.15 w_v@goal=6.17 return=211.9 length=174 success_rate=0.56 collisions/ep=4.56 (n=9)
Evaluation at update 5: return=170.49, length=109.75, success_rate=1.00, collisions/ep=16.20
Solved-check at update 5: solved=False worst_gap=979.87 at p_x0=2.00 p_y0=0.00 (consecutive=0)
update=6 global_step=12288 SPS=103 w_ev=0.914 m_ev=0.879 m_v_bias=-92.7 m_adv_std=112.8376 m_kl_max=0.0173 m_ratio_max=0.956 w_ax@goal=+0.39 w_v@goal=12.87 return=217.3 length=160 success_rate=0.47 collisions/ep=2.60 (n=15)
update=7 global_step=14336 SPS=108 w_ev=0.959 m_ev=0.875 m_v_bias=-70.7 m_adv_std=110.0435 m_kl_max=0.0108 m_ratio_max=0.661 w_ax@goal=+0.25 w_v@goal=17.62 return=608.3 length=121 success_rate=0.89 collisions/ep=4.89 (n=18)
update=8 global_step=16384 SPS=113 w_ev=0.955 m_ev=0.846 m_v_bias=-0.8 m_adv_std=103.0152 m_kl_max=0.0066 m_ratio_max=0.443 w_ax@goal=+0.46 w_v@goal=19.76 return=677.9 length=110 success_rate=1.00 collisions/ep=6.06 (n=18)
update=9 global_step=18432 SPS=116 w_ev=0.945 m_ev=0.881 m_v_bias=-43.7 m_adv_std=83.0141 m_kl_max=0.0024 m_ratio_max=0.208 w_ax@goal=+0.41 w_v@goal=20.47 return=811.6 length=95 success_rate=1.00 collisions/ep=3.68 (n=22)
update=10 global_step=20480 SPS=119 w_ev=0.936 m_ev=0.919 m_v_bias=-15.8 m_adv_std=64.1985 m_kl_max=0.0023 m_ratio_max=0.280 w_ax@goal=+0.58 w_v@goal=20.38 return=821.6 length=87 success_rate=1.00 collisions/ep=3.64 (n=25)
Evaluation at update 10: return=916.41, length=81.20, success_rate=1.00, collisions/ep=1.85
Solved-check at update 10: solved=False worst_gap=503.99 at p_x0=2.00 p_y0=-0.50 (consecutive=0)
update=11 global_step=22528 SPS=99 w_ev=0.937 m_ev=0.938 m_v_bias=-5.3 m_adv_std=55.1728 m_kl_max=0.0072 m_ratio_max=0.382 w_ax@goal=+0.35 w_v@goal=20.13 return=842.3 length=88 success_rate=1.00 collisions/ep=3.22 (n=23)
update=12 global_step=24576 SPS=102 w_ev=0.937 m_ev=0.905 m_v_bias=-8.1 m_adv_std=66.3560 m_kl_max=0.0095 m_ratio_max=0.435 w_ax@goal=+0.53 w_v@goal=19.64 return=832.1 length=86 success_rate=1.00 collisions/ep=3.48 (n=23)
update=13 global_step=26624 SPS=105 w_ev=0.927 m_ev=0.921 m_v_bias=3.6 m_adv_std=60.6826 m_kl_max=0.0099 m_ratio_max=0.629 w_ax@goal=+0.61 w_v@goal=19.75 return=854.8 length=86 success_rate=1.00 collisions/ep=3.04 (n=25)
update=14 global_step=28672 SPS=107 w_ev=0.941 m_ev=0.912 m_v_bias=-8.5 m_adv_std=62.3284 m_kl_max=0.0080 m_ratio_max=0.384 w_ax@goal=+0.41 w_v@goal=19.70 return=884.5 length=86 success_rate=1.00 collisions/ep=2.42 (n=24)
update=15 global_step=30720 SPS=110 w_ev=0.930 m_ev=0.901 m_v_bias=-7.0 m_adv_std=64.7978 m_kl_max=0.0083 m_ratio_max=0.397 w_ax@goal=+0.78 w_v@goal=19.74 return=882.7 length=84 success_rate=1.00 collisions/ep=2.50 (n=24)
Evaluation at update 15: return=960.45, length=79.70, success_rate=1.00, collisions/ep=1.00
Solved-check at update 15: solved=False worst_gap=152.35 at p_x0=2.00 p_y0=-1.00 (consecutive=0)
update=16 global_step=32768 SPS=98 w_ev=0.924 m_ev=0.907 m_v_bias=1.5 m_adv_std=60.2043 m_kl_max=0.0107 m_ratio_max=0.469 w_ax@goal=+0.66 w_v@goal=19.51 return=871.3 length=84 success_rate=1.00 collisions/ep=2.71 (n=24)
update=17 global_step=34816 SPS=100 w_ev=0.935 m_ev=0.927 m_v_bias=-13.0 m_adv_std=53.4190 m_kl_max=0.0177 m_ratio_max=0.507 w_ax@goal=+0.69 w_v@goal=19.52 return=906.5 length=82 success_rate=1.00 collisions/ep=2.12 (n=25)
update=18 global_step=36864 SPS=102 w_ev=0.936 m_ev=0.953 m_v_bias=-14.1 m_adv_std=42.5769 m_kl_max=0.0154 m_ratio_max=0.695 w_ax@goal=+0.57 w_v@goal=19.46 return=931.2 length=85 success_rate=1.00 collisions/ep=1.54 (n=24)
update=19 global_step=38912 SPS=104 w_ev=0.927 m_ev=0.939 m_v_bias=-0.1 m_adv_std=47.8725 m_kl_max=0.0168 m_ratio_max=0.617 w_ax@goal=+0.87 w_v@goal=19.41 return=933.6 length=83 success_rate=1.00 collisions/ep=1.50 (n=24)
update=20 global_step=40960 SPS=105 w_ev=0.913 m_ev=0.930 m_v_bias=-5.6 m_adv_std=49.8618 m_kl_max=0.0175 m_ratio_max=0.539 w_ax@goal=+0.78 w_v@goal=19.29 return=922.6 length=83 success_rate=1.00 collisions/ep=1.77 (n=26)
Evaluation at update 20: return=1011.00, length=79.10, success_rate=1.00, collisions/ep=0.00
Solved-check at update 20: solved=False worst_gap=51.75 at p_x0=1.50 p_y0=-1.00 (consecutive=0)
update=21 global_step=43008 SPS=97 w_ev=0.930 m_ev=0.963 m_v_bias=-12.5 m_adv_std=35.8950 m_kl_max=0.0061 m_ratio_max=0.352 w_ax@goal=+0.84 w_v@goal=19.33 return=938.9 length=81 success_rate=1.00 collisions/ep=1.46 (n=24)
update=22 global_step=45056 SPS=99 w_ev=0.935 m_ev=0.936 m_v_bias=0.4 m_adv_std=48.5162 m_kl_max=0.0125 m_ratio_max=0.980 w_ax@goal=+1.15 w_v@goal=19.43 return=935.9 length=80 success_rate=1.00 collisions/ep=1.48 (n=27)
update=23 global_step=47104 SPS=100 w_ev=0.935 m_ev=0.963 m_v_bias=-17.2 m_adv_std=35.1822 m_kl_max=0.0115 m_ratio_max=0.479 w_ax@goal=+1.05 w_v@goal=19.62 return=968.1 length=82 success_rate=1.00 collisions/ep=0.84 (n=25)
update=24 global_step=49152 SPS=102 w_ev=0.904 m_ev=0.934 m_v_bias=8.3 m_adv_std=46.7907 m_kl_max=0.0214 m_ratio_max=0.637 w_ax@goal=+1.04 w_v@goal=19.75 return=962.4 length=81 success_rate=1.00 collisions/ep=0.96 (n=24)
update=25 global_step=51200 SPS=103 w_ev=0.922 m_ev=0.972 m_v_bias=-15.9 m_adv_std=29.2764 m_kl_max=0.0209 m_ratio_max=1.013 w_ax@goal=+0.78 w_v@goal=19.50 return=982.1 length=81 success_rate=1.00 collisions/ep=0.56 (n=27)
Evaluation at update 25: return=1011.64, length=78.45, success_rate=1.00, collisions/ep=0.00
Solved-check at update 25: solved=True worst_gap=1.70 at p_x0=0.00 p_y0=-1.00 (consecutive=0)
update=26 global_step=53248 SPS=97 w_ev=0.886 m_ev=0.930 m_v_bias=6.2 m_adv_std=47.5328 m_kl_max=0.0362 m_ratio_max=1.097 w_ax@goal=+0.76 w_v@goal=19.44 return=958.9 length=81 success_rate=1.00 collisions/ep=1.12 (n=25)
update=27 global_step=55296 SPS=98 w_ev=0.918 m_ev=0.979 m_v_bias=-12.3 m_adv_std=25.0455 m_kl_max=0.0088 m_ratio_max=0.642 w_ax@goal=+0.89 w_v@goal=19.47 return=995.1 length=82 success_rate=1.00 collisions/ep=0.32 (n=25)
update=28 global_step=57344 SPS=99 w_ev=0.902 m_ev=0.970 m_v_bias=3.9 m_adv_std=29.5870 m_kl_max=0.0137 m_ratio_max=0.435 w_ax@goal=+0.74 w_v@goal=19.60 return=975.9 length=81 success_rate=1.00 collisions/ep=0.71 (n=24)
update=29 global_step=59392 SPS=100 w_ev=0.899 m_ev=0.981 m_v_bias=-3.9 m_adv_std=23.9000 m_kl_max=0.0153 m_ratio_max=0.526 w_ax@goal=+0.87 w_v@goal=19.35 return=975.6 length=81 success_rate=1.00 collisions/ep=0.72 (n=25)
update=30 global_step=61440 SPS=101 w_ev=0.934 m_ev=0.980 m_v_bias=-4.8 m_adv_std=23.7654 m_kl_max=0.0246 m_ratio_max=0.659 w_ax@goal=+0.96 w_v@goal=19.63 return=990.8 length=82 success_rate=1.00 collisions/ep=0.42 (n=24)
Evaluation at update 30: return=1011.93, length=78.25, success_rate=1.00, collisions/ep=0.00
Solved-check at update 30: solved=True worst_gap=1.26 at p_x0=0.00 p_y0=-1.00 (consecutive=1)
Solved criterion held for 2 consecutive evals (tolerance=5.0) at global_step=61440.
update=31 global_step=63488 SPS=96 w_ev=0.916 m_ev=0.961 m_v_bias=4.1 m_adv_std=35.8960 m_kl_max=0.0200 m_ratio_max=0.635 w_ax@goal=+0.68 w_v@goal=19.56 return=986.0 length=79 success_rate=1.00 collisions/ep=0.53 (n=30)
update=32 global_step=65536 SPS=97 w_ev=0.914 m_ev=0.969 m_v_bias=2.6 m_adv_std=29.5832 m_kl_max=0.0176 m_ratio_max=0.619 w_ax@goal=+0.70 w_v@goal=19.59 return=990.4 length=80 success_rate=1.00 collisions/ep=0.50 (n=24)
update=33 global_step=67584 SPS=98 w_ev=0.930 m_ev=0.990 m_v_bias=-1.4 m_adv_std=17.8133 m_kl_max=0.0122 m_ratio_max=0.429 w_ax@goal=+0.83 w_v@goal=19.41 return=997.0 length=81 success_rate=1.00 collisions/ep=0.29 (n=24)
update=34 global_step=69632 SPS=100 w_ev=0.914 m_ev=0.976 m_v_bias=-2.0 m_adv_std=25.4575 m_kl_max=0.0236 m_ratio_max=0.757 w_ax@goal=+0.83 w_v@goal=19.49 return=1003.0 length=80 success_rate=1.00 collisions/ep=0.24 (n=25)
update=35 global_step=71680 SPS=102 w_ev=0.936 m_ev=0.983 m_v_bias=0.6 m_adv_std=22.0562 m_kl_max=0.0271 m_ratio_max=0.978 w_ax@goal=+0.98 w_v@goal=19.37 return=998.0 length=81 success_rate=1.00 collisions/ep=0.27 (n=26)
Evaluation at update 35: return=1012.02, length=78.05, success_rate=1.00, collisions/ep=0.00
Solved-check at update 35: solved=True worst_gap=1.16 at p_x0=0.00 p_y0=-1.00 (consecutive=2)
update=36 global_step=73728 SPS=102 w_ev=0.935 m_ev=0.994 m_v_bias=-1.7 m_adv_std=13.0215 m_kl_max=0.0315 m_ratio_max=0.887 w_ax@goal=+0.80 w_v@goal=19.57 return=1000.1 length=81 success_rate=1.00 collisions/ep=0.21 (n=28)
update=37 global_step=75776 SPS=104 w_ev=0.914 m_ev=0.977 m_v_bias=5.2 m_adv_std=26.0593 m_kl_max=0.0132 m_ratio_max=0.796 w_ax@goal=+0.63 w_v@goal=19.62 return=990.8 length=79 success_rate=1.00 collisions/ep=0.40 (n=25)
update=38 global_step=77824 SPS=106 w_ev=0.936 m_ev=0.988 m_v_bias=-2.3 m_adv_std=18.4500 m_kl_max=0.0101 m_ratio_max=0.456 w_ax@goal=+0.64 w_v@goal=19.64 return=996.8 length=81 success_rate=1.00 collisions/ep=0.28 (n=25)
update=39 global_step=79872 SPS=109 w_ev=0.920 m_ev=0.980 m_v_bias=1.7 m_adv_std=24.2786 m_kl_max=0.0103 m_ratio_max=0.375 w_ax@goal=+0.68 w_v@goal=19.62 return=988.7 length=81 success_rate=1.00 collisions/ep=0.46 (n=24)
update=40 global_step=81920 SPS=111 w_ev=0.928 m_ev=0.980 m_v_bias=6.6 m_adv_std=23.5554 m_kl_max=0.0184 m_ratio_max=0.744 w_ax@goal=+0.79 w_v@goal=19.64 return=977.4 length=80 success_rate=1.00 collisions/ep=0.68 (n=25)
Evaluation at update 40: return=1012.26, length=77.85, success_rate=1.00, collisions/ep=0.00
Solved-check at update 40: solved=True worst_gap=0.92 at p_x0=0.00 p_y0=-0.50 (consecutive=3)
update=41 global_step=83968 SPS=113 w_ev=0.923 m_ev=0.978 m_v_bias=-0.2 m_adv_std=24.8785 m_kl_max=0.0184 m_ratio_max=0.497 w_ax@goal=+0.74 w_v@goal=19.81 return=982.8 length=79 success_rate=1.00 collisions/ep=0.63 (n=27)
update=42 global_step=86016 SPS=115 w_ev=0.927 m_ev=0.980 m_v_bias=3.0 m_adv_std=24.9959 m_kl_max=0.0148 m_ratio_max=0.644 w_ax@goal=+0.77 w_v@goal=19.61 return=985.4 length=82 success_rate=1.00 collisions/ep=0.52 (n=25)
update=43 global_step=88064 SPS=118 w_ev=0.946 m_ev=0.988 m_v_bias=-5.2 m_adv_std=19.0455 m_kl_max=0.0235 m_ratio_max=1.742 w_ax@goal=+0.89 w_v@goal=19.67 return=1001.9 length=80 success_rate=1.00 collisions/ep=0.19 (n=26)
update=44 global_step=90112 SPS=120 w_ev=0.930 m_ev=0.995 m_v_bias=-6.9 m_adv_std=12.2244 m_kl_max=0.0091 m_ratio_max=0.534 w_ax@goal=+0.92 w_v@goal=19.76 return=1002.0 length=80 success_rate=1.00 collisions/ep=0.20 (n=25)
update=45 global_step=92160 SPS=123 w_ev=0.896 m_ev=0.959 m_v_bias=8.9 m_adv_std=32.4859 m_kl_max=0.0195 m_ratio_max=0.727 w_ax@goal=+1.09 w_v@goal=19.71 return=985.6 length=78 success_rate=1.00 collisions/ep=0.68 (n=25)
Evaluation at update 45: return=1012.27, length=77.85, success_rate=1.00, collisions/ep=0.00
Solved-check at update 45: solved=True worst_gap=0.94 at p_x0=0.00 p_y0=-0.50 (consecutive=4)
update=46 global_step=94208 SPS=122 w_ev=0.939 m_ev=0.995 m_v_bias=-8.1 m_adv_std=12.0359 m_kl_max=0.0088 m_ratio_max=0.394 w_ax@goal=+1.06 w_v@goal=19.63 return=998.8 length=79 success_rate=1.00 collisions/ep=0.30 (n=27)
update=47 global_step=96256 SPS=123 w_ev=0.933 m_ev=0.991 m_v_bias=-1.3 m_adv_std=15.5647 m_kl_max=0.0150 m_ratio_max=0.510 w_ax@goal=+0.92 w_v@goal=19.74 return=1001.2 length=81 success_rate=1.00 collisions/ep=0.21 (n=24)
update=48 global_step=98304 SPS=125 w_ev=0.935 m_ev=0.977 m_v_bias=3.7 m_adv_std=26.1066 m_kl_max=0.0156 m_ratio_max=0.629 w_ax@goal=+1.04 w_v@goal=19.74 return=985.0 length=79 success_rate=1.00 collisions/ep=0.54 (n=28)
update=49 global_step=100352 SPS=127 w_ev=0.943 m_ev=0.993 m_v_bias=-8.3 m_adv_std=14.1252 m_kl_max=0.0104 m_ratio_max=0.414 w_ax@goal=+1.00 w_v@goal=19.77 return=1004.0 length=79 success_rate=1.00 collisions/ep=0.19 (n=26)
update=50 global_step=102400 SPS=128 w_ev=0.904 m_ev=0.979 m_v_bias=1.4 m_adv_std=23.7991 m_kl_max=0.0063 m_ratio_max=0.590 w_ax@goal=+1.03 w_v@goal=19.73 return=997.7 length=81 success_rate=1.00 collisions/ep=0.28 (n=25)
Evaluation at update 50: return=1012.27, length=77.80, success_rate=1.00, collisions/ep=0.00
Solved-check at update 50: solved=True worst_gap=0.99 at p_x0=0.00 p_y0=-1.00 (consecutive=5)
update=51 global_step=104448 SPS=126 w_ev=0.902 m_ev=0.978 m_v_bias=1.5 m_adv_std=25.5229 m_kl_max=0.0182 m_ratio_max=0.579 w_ax@goal=+1.24 w_v@goal=19.65 return=997.7 length=80 success_rate=1.00 collisions/ep=0.28 (n=25)
update=52 global_step=106496 SPS=128 w_ev=0.922 m_ev=0.981 m_v_bias=-1.8 m_adv_std=23.0417 m_kl_max=0.0055 m_ratio_max=0.290 w_ax@goal=+1.27 w_v@goal=19.68 return=996.1 length=79 success_rate=1.00 collisions/ep=0.40 (n=25)
update=53 global_step=108544 SPS=130 w_ev=0.938 m_ev=0.992 m_v_bias=-8.7 m_adv_std=14.6800 m_kl_max=0.0163 m_ratio_max=0.600 w_ax@goal=+1.25 w_v@goal=19.80 return=995.7 length=80 success_rate=1.00 collisions/ep=0.33 (n=27)
update=54 global_step=110592 SPS=133 w_ev=0.919 m_ev=0.989 m_v_bias=-0.8 m_adv_std=17.8833 m_kl_max=0.0181 m_ratio_max=1.069 w_ax@goal=+1.07 w_v@goal=19.70 return=1002.6 length=80 success_rate=1.00 collisions/ep=0.23 (n=26)
update=55 global_step=112640 SPS=135 w_ev=0.925 m_ev=0.988 m_v_bias=-1.2 m_adv_std=18.3333 m_kl_max=0.0044 m_ratio_max=0.470 w_ax@goal=+1.21 w_v@goal=19.59 return=996.1 length=81 success_rate=1.00 collisions/ep=0.32 (n=25)
Evaluation at update 55: return=1012.21, length=77.90, success_rate=1.00, collisions/ep=0.00
Solved-check at update 55: solved=True worst_gap=0.97 at p_x0=0.00 p_y0=1.00 (consecutive=6)
update=56 global_step=114688 SPS=135 w_ev=0.941 m_ev=0.995 m_v_bias=-2.1 m_adv_std=11.8467 m_kl_max=0.0130 m_ratio_max=0.553 w_ax@goal=+1.19 w_v@goal=19.70 return=1005.7 length=78 success_rate=1.00 collisions/ep=0.16 (n=25)
update=57 global_step=116736 SPS=137 w_ev=0.949 m_ev=0.988 m_v_bias=-1.5 m_adv_std=17.9858 m_kl_max=0.0089 m_ratio_max=0.363 w_ax@goal=+1.29 w_v@goal=19.57 return=1002.6 length=78 success_rate=1.00 collisions/ep=0.19 (n=27)
update=58 global_step=118784 SPS=139 w_ev=0.903 m_ev=0.979 m_v_bias=5.3 m_adv_std=25.4239 m_kl_max=0.0193 m_ratio_max=0.805 w_ax@goal=+1.39 w_v@goal=19.68 return=988.9 length=79 success_rate=1.00 collisions/ep=0.46 (n=28)
update=59 global_step=120832 SPS=141 w_ev=0.943 m_ev=0.987 m_v_bias=-3.5 m_adv_std=19.2001 m_kl_max=0.0113 m_ratio_max=0.451 w_ax@goal=+1.27 w_v@goal=19.65 return=995.6 length=80 success_rate=1.00 collisions/ep=0.38 (n=24)
update=60 global_step=122880 SPS=143 w_ev=0.920 m_ev=0.991 m_v_bias=-0.1 m_adv_std=16.3168 m_kl_max=0.0162 m_ratio_max=0.574 w_ax@goal=+1.41 w_v@goal=19.72 return=992.4 length=79 success_rate=1.00 collisions/ep=0.44 (n=25)
Evaluation at update 60: return=1012.46, length=77.75, success_rate=1.00, collisions/ep=0.00
Solved-check at update 60: solved=False worst_gap=50.68 at p_x0=0.00 p_y0=1.00 (consecutive=7)
update=61 global_step=124928 SPS=144 w_ev=0.930 m_ev=0.992 m_v_bias=-3.1 m_adv_std=14.9998 m_kl_max=0.0100 m_ratio_max=0.595 w_ax@goal=+1.20 w_v@goal=19.81 return=1000.9 length=79 success_rate=1.00 collisions/ep=0.27 (n=26)
update=62 global_step=126976 SPS=146 w_ev=0.939 m_ev=0.985 m_v_bias=0.6 m_adv_std=20.3207 m_kl_max=0.0100 m_ratio_max=0.626 w_ax@goal=+1.25 w_v@goal=19.88 return=997.8 length=80 success_rate=1.00 collisions/ep=0.33 (n=24)
update=63 global_step=129024 SPS=148 w_ev=0.915 m_ev=0.989 m_v_bias=2.4 m_adv_std=17.5828 m_kl_max=0.0062 m_ratio_max=0.337 w_ax@goal=+1.07 w_v@goal=19.73 return=998.2 length=79 success_rate=1.00 collisions/ep=0.28 (n=29)
update=64 global_step=131072 SPS=150 w_ev=0.920 m_ev=0.993 m_v_bias=-0.7 m_adv_std=14.5564 m_kl_max=0.0195 m_ratio_max=0.910 w_ax@goal=+1.03 w_v@goal=19.58 return=996.3 length=80 success_rate=1.00 collisions/ep=0.32 (n=25)
update=65 global_step=133120 SPS=152 w_ev=0.912 m_ev=0.991 m_v_bias=1.0 m_adv_std=15.6535 m_kl_max=0.0202 m_ratio_max=0.801 w_ax@goal=+0.96 w_v@goal=19.72 return=996.6 length=80 success_rate=1.00 collisions/ep=0.32 (n=25)
Evaluation at update 65: return=1012.49, length=77.75, success_rate=1.00, collisions/ep=0.00
Solved-check at update 65: solved=False worst_gap=50.66 at p_x0=0.00 p_y0=1.00 (consecutive=0)
update=66 global_step=135168 SPS=153 w_ev=0.915 m_ev=0.984 m_v_bias=0.6 m_adv_std=21.5820 m_kl_max=0.0179 m_ratio_max=0.531 w_ax@goal=+1.25 w_v@goal=19.69 return=998.5 length=80 success_rate=1.00 collisions/ep=0.28 (n=25)
update=67 global_step=137216 SPS=155 w_ev=0.928 m_ev=0.986 m_v_bias=3.7 m_adv_std=20.3542 m_kl_max=0.0228 m_ratio_max=0.838 w_ax@goal=+1.30 w_v@goal=19.83 return=991.8 length=79 success_rate=1.00 collisions/ep=0.41 (n=27)
update=68 global_step=139264 SPS=157 w_ev=0.940 m_ev=0.986 m_v_bias=0.9 m_adv_std=21.0651 m_kl_max=0.0110 m_ratio_max=0.526 w_ax@goal=+1.30 w_v@goal=19.68 return=993.5 length=79 success_rate=1.00 collisions/ep=0.37 (n=27)
update=69 global_step=141312 SPS=159 w_ev=0.924 m_ev=0.993 m_v_bias=-4.3 m_adv_std=14.0596 m_kl_max=0.0088 m_ratio_max=0.385 w_ax@goal=+1.26 w_v@goal=19.66 return=1004.0 length=80 success_rate=1.00 collisions/ep=0.21 (n=24)
update=70 global_step=143360 SPS=160 w_ev=0.952 m_ev=0.999 m_v_bias=-3.1 m_adv_std=5.1912 m_kl_max=0.0077 m_ratio_max=0.475 w_ax@goal=+1.06 w_v@goal=19.79 return=1012.1 length=78 success_rate=1.00 collisions/ep=0.00 (n=25)
Evaluation at update 70: return=1012.56, length=77.55, success_rate=1.00, collisions/ep=0.00
Solved-check at update 70: solved=False worst_gap=50.56 at p_x0=0.00 p_y0=1.00 (consecutive=0)
update=71 global_step=145408 SPS=159 w_ev=0.924 m_ev=0.988 m_v_bias=2.8 m_adv_std=18.0074 m_kl_max=0.0152 m_ratio_max=0.614 w_ax@goal=+1.15 w_v@goal=19.82 return=1006.7 length=79 success_rate=1.00 collisions/ep=0.11 (n=28)
update=72 global_step=147456 SPS=160 w_ev=0.908 m_ev=0.973 m_v_bias=4.6 m_adv_std=28.3441 m_kl_max=0.0220 m_ratio_max=0.704 w_ax@goal=+1.17 w_v@goal=19.72 return=987.6 length=80 success_rate=1.00 collisions/ep=0.50 (n=26)
update=73 global_step=149504 SPS=162 w_ev=0.902 m_ev=0.968 m_v_bias=-0.0 m_adv_std=30.4649 m_kl_max=0.0090 m_ratio_max=0.486 w_ax@goal=+1.18 w_v@goal=19.69 return=998.3 length=79 success_rate=1.00 collisions/ep=0.28 (n=25)
update=74 global_step=151552 SPS=164 w_ev=0.932 m_ev=0.990 m_v_bias=-1.0 m_adv_std=16.7786 m_kl_max=0.0231 m_ratio_max=0.879 w_ax@goal=+1.18 w_v@goal=19.75 return=998.7 length=79 success_rate=1.00 collisions/ep=0.27 (n=26)
update=75 global_step=153600 SPS=165 w_ev=0.924 m_ev=0.978 m_v_bias=5.9 m_adv_std=25.8036 m_kl_max=0.0083 m_ratio_max=0.673 w_ax@goal=+1.23 w_v@goal=19.66 return=988.3 length=78 success_rate=1.00 collisions/ep=0.59 (n=27)
Evaluation at update 75: return=1012.55, length=77.55, success_rate=1.00, collisions/ep=0.00
Solved-check at update 75: solved=False worst_gap=50.56 at p_x0=0.00 p_y0=1.00 (consecutive=0)
update=76 global_step=155648 SPS=166 w_ev=0.931 m_ev=0.988 m_v_bias=-2.3 m_adv_std=19.2234 m_kl_max=0.0072 m_ratio_max=0.472 w_ax@goal=+1.07 w_v@goal=19.85 return=998.7 length=79 success_rate=1.00 collisions/ep=0.27 (n=26)
update=77 global_step=157696 SPS=168 w_ev=0.917 m_ev=0.990 m_v_bias=-0.9 m_adv_std=16.2523 m_kl_max=0.0326 m_ratio_max=0.962 w_ax@goal=+1.37 w_v@goal=19.71 return=998.3 length=78 success_rate=1.00 collisions/ep=0.36 (n=25)
update=78 global_step=159744 SPS=170 w_ev=0.929 m_ev=0.984 m_v_bias=1.1 m_adv_std=21.1303 m_kl_max=0.0058 m_ratio_max=0.549 w_ax@goal=+1.43 w_v@goal=19.58 return=1004.4 length=80 success_rate=1.00 collisions/ep=0.21 (n=24)
update=79 global_step=161792 SPS=171 w_ev=0.919 m_ev=0.981 m_v_bias=2.2 m_adv_std=24.4277 m_kl_max=0.0074 m_ratio_max=0.468 w_ax@goal=+1.43 w_v@goal=19.75 return=980.1 length=79 success_rate=1.00 collisions/ep=0.66 (n=29)
update=80 global_step=163840 SPS=172 w_ev=0.938 m_ev=0.997 m_v_bias=-2.7 m_adv_std=9.7124 m_kl_max=0.0229 m_ratio_max=0.698 w_ax@goal=+1.42 w_v@goal=19.79 return=1009.0 length=78 success_rate=1.00 collisions/ep=0.08 (n=26)
Evaluation at update 80: return=1012.68, length=77.35, success_rate=1.00, collisions/ep=0.00
Solved-check at update 80: solved=True worst_gap=0.41 at p_x0=0.00 p_y0=1.00 (consecutive=0)
update=81 global_step=165888 SPS=166 w_ev=0.918 m_ev=0.995 m_v_bias=1.0 m_adv_std=11.4582 m_kl_max=0.0122 m_ratio_max=0.546 w_ax@goal=+1.23 w_v@goal=19.71 return=1007.0 length=80 success_rate=1.00 collisions/ep=0.12 (n=25)
update=82 global_step=167936 SPS=166 w_ev=0.852 m_ev=0.963 m_v_bias=10.1 m_adv_std=34.7124 m_kl_max=0.0199 m_ratio_max=0.730 w_ax@goal=+1.50 w_v@goal=19.68 return=983.8 length=78 success_rate=1.00 collisions/ep=0.58 (n=26)
update=83 global_step=169984 SPS=166 w_ev=0.921 m_ev=0.989 m_v_bias=-4.0 m_adv_std=17.2050 m_kl_max=0.0221 m_ratio_max=0.718 w_ax@goal=+1.25 w_v@goal=19.62 return=1000.5 length=78 success_rate=1.00 collisions/ep=0.24 (n=25)
update=84 global_step=172032 SPS=167 w_ev=0.919 m_ev=0.992 m_v_bias=0.8 m_adv_std=14.7587 m_kl_max=0.0224 m_ratio_max=0.716 w_ax@goal=+1.37 w_v@goal=19.66 return=1001.5 length=80 success_rate=1.00 collisions/ep=0.27 (n=26)
update=85 global_step=174080 SPS=167 w_ev=0.917 m_ev=0.991 m_v_bias=-0.7 m_adv_std=16.4441 m_kl_max=0.0127 m_ratio_max=0.498 w_ax@goal=+1.38 w_v@goal=19.67 return=999.7 length=79 success_rate=1.00 collisions/ep=0.26 (n=27)
Evaluation at update 85: return=1012.70, length=77.35, success_rate=1.00, collisions/ep=0.00
Solved-check at update 85: solved=True worst_gap=0.39 at p_x0=0.00 p_y0=1.00 (consecutive=1)
update=86 global_step=176128 SPS=163 w_ev=0.909 m_ev=0.973 m_v_bias=5.2 m_adv_std=28.4076 m_kl_max=0.0085 m_ratio_max=0.384 w_ax@goal=+1.35 w_v@goal=19.80 return=986.1 length=80 success_rate=1.00 collisions/ep=0.62 (n=26)
update=87 global_step=178176 SPS=163 w_ev=0.920 m_ev=0.994 m_v_bias=-4.3 m_adv_std=12.4102 m_kl_max=0.0126 m_ratio_max=0.424 w_ax@goal=+1.10 w_v@goal=19.59 return=1008.4 length=79 success_rate=1.00 collisions/ep=0.08 (n=26)
update=88 global_step=180224 SPS=164 w_ev=0.921 m_ev=0.994 m_v_bias=-2.6 m_adv_std=12.6170 m_kl_max=0.0177 m_ratio_max=0.853 w_ax@goal=+1.12 w_v@goal=19.62 return=1004.6 length=79 success_rate=1.00 collisions/ep=0.24 (n=25)
update=89 global_step=182272 SPS=165 w_ev=0.915 m_ev=0.967 m_v_bias=13.8 m_adv_std=32.5448 m_kl_max=0.0362 m_ratio_max=1.573 w_ax@goal=+0.91 w_v@goal=19.58 return=977.9 length=82 success_rate=1.00 collisions/ep=0.69 (n=26)
update=90 global_step=184320 SPS=165 w_ev=0.922 m_ev=0.994 m_v_bias=-8.3 m_adv_std=12.2887 m_kl_max=0.0271 m_ratio_max=0.792 w_ax@goal=+1.02 w_v@goal=19.67 return=1006.5 length=79 success_rate=1.00 collisions/ep=0.16 (n=25)
Evaluation at update 90: return=1012.67, length=77.40, success_rate=1.00, collisions/ep=0.00
Solved-check at update 90: solved=True worst_gap=0.42 at p_x0=0.00 p_y0=1.00 (consecutive=2)
update=91 global_step=186368 SPS=162 w_ev=0.941 m_ev=0.990 m_v_bias=2.1 m_adv_std=16.5071 m_kl_max=0.0121 m_ratio_max=0.728 w_ax@goal=+1.04 w_v@goal=19.64 return=1001.8 length=78 success_rate=1.00 collisions/ep=0.33 (n=24)
update=92 global_step=188416 SPS=162 w_ev=0.938 m_ev=0.992 m_v_bias=1.3 m_adv_std=15.0416 m_kl_max=0.0094 m_ratio_max=0.475 w_ax@goal=+1.01 w_v@goal=19.63 return=1003.8 length=79 success_rate=1.00 collisions/ep=0.27 (n=30)
update=93 global_step=190464 SPS=163 w_ev=0.942 m_ev=0.991 m_v_bias=0.7 m_adv_std=15.6999 m_kl_max=0.0105 m_ratio_max=0.509 w_ax@goal=+0.57 w_v@goal=19.57 return=1007.4 length=80 success_rate=1.00 collisions/ep=0.08 (n=24)
update=94 global_step=192512 SPS=164 w_ev=0.939 m_ev=0.994 m_v_bias=-3.9 m_adv_std=13.1228 m_kl_max=0.0280 m_ratio_max=0.832 w_ax@goal=+0.90 w_v@goal=19.52 return=1006.3 length=80 success_rate=1.00 collisions/ep=0.12 (n=25)
update=95 global_step=194560 SPS=164 w_ev=0.944 m_ev=0.998 m_v_bias=-1.6 m_adv_std=7.9969 m_kl_max=0.0185 m_ratio_max=0.574 w_ax@goal=+0.81 w_v@goal=19.70 return=1012.2 length=79 success_rate=1.00 collisions/ep=0.00 (n=26)
Evaluation at update 95: return=1012.63, length=77.50, success_rate=1.00, collisions/ep=0.00
Solved-check at update 95: solved=True worst_gap=0.49 at p_x0=0.00 p_y0=-1.00 (consecutive=3)
update=96 global_step=196608 SPS=161 w_ev=0.940 m_ev=0.995 m_v_bias=1.6 m_adv_std=11.7348 m_kl_max=0.0254 m_ratio_max=0.538 w_ax@goal=+0.77 w_v@goal=19.75 return=1006.1 length=79 success_rate=1.00 collisions/ep=0.12 (n=26)
update=97 global_step=198656 SPS=161 w_ev=0.943 m_ev=0.998 m_v_bias=-0.2 m_adv_std=7.9794 m_kl_max=0.0202 m_ratio_max=0.655 w_ax@goal=+0.87 w_v@goal=19.69 return=1006.5 length=78 success_rate=1.00 collisions/ep=0.19 (n=26)
update=98 global_step=200704 SPS=162 w_ev=0.903 m_ev=0.984 m_v_bias=2.4 m_adv_std=21.1419 m_kl_max=0.0215 m_ratio_max=0.735 w_ax@goal=+1.12 w_v@goal=19.64 return=1008.5 length=79 success_rate=1.00 collisions/ep=0.12 (n=26)
update=99 global_step=202752 SPS=162 w_ev=0.932 m_ev=0.993 m_v_bias=-1.4 m_adv_std=13.5038 m_kl_max=0.0161 m_ratio_max=0.849 w_ax@goal=+1.12 w_v@goal=19.76 return=994.6 length=80 success_rate=1.00 collisions/ep=0.36 (n=25)
update=100 global_step=204800 SPS=163 w_ev=0.937 m_ev=0.993 m_v_bias=0.3 m_adv_std=13.8596 m_kl_max=0.0135 m_ratio_max=0.644 w_ax@goal=+1.09 w_v@goal=19.66 return=999.3 length=79 success_rate=1.00 collisions/ep=0.30 (n=27)
Evaluation at update 100: return=1012.60, length=77.55, success_rate=1.00, collisions/ep=0.00
Solved-check at update 100: solved=True worst_gap=0.56 at p_x0=0.00 p_y0=1.00 (consecutive=4)
Saved checkpoints to C:\Users\loren\Desktop\MASTER THESIS\5_CODE\scenarios\slalom\studies\hppo\runs\hppo_slalom_9_1790244897
