Using device: cpu
Solved-check: precomputed optimal returns for 25 fixed initial conditions (mean=1013.0, min=1011.0, max=1015.0); solved-tolerance=5.0
num_envs=8 num_steps_per_env=256 worker_batch_size=2048 worker_minibatch_size=256 num_updates=100 timesteps=204800
update=1 global_step=2048 SPS=204 w_ev=0.076 m_ev=0.000 m_v_bias=72.0 m_adv_std=210.0789 m_kl_max=0.0013 m_ratio_max=0.155 w_ax@goal=-0.12 w_v@goal=0.33 return=-362.4 length=194 success_rate=0.25 collisions/ep=9.12 (n=8)
update=2 global_step=4096 SPS=198 w_ev=0.272 m_ev=0.318 m_v_bias=24.6 m_adv_std=131.5062 m_kl_max=0.0027 m_ratio_max=0.280 w_ax@goal=+0.12 w_v@goal=1.39 return=-228.9 length=189 success_rate=0.11 collisions/ep=3.11 (n=9)
update=3 global_step=6144 SPS=192 w_ev=0.446 m_ev=0.583 m_v_bias=-90.4 m_adv_std=187.5589 m_kl_max=0.0113 m_ratio_max=0.604 w_ax@goal=+0.09 w_v@goal=2.53 return=-8.9 length=178 success_rate=0.45 collisions/ep=6.82 (n=11)
update=4 global_step=8192 SPS=188 w_ev=0.773 m_ev=0.852 m_v_bias=-65.4 m_adv_std=128.3303 m_kl_max=0.0068 m_ratio_max=0.456 w_ax@goal=+0.25 w_v@goal=6.86 return=11.7 length=178 success_rate=0.36 collisions/ep=3.79 (n=14)
update=5 global_step=10240 SPS=187 w_ev=0.932 m_ev=0.917 m_v_bias=-17.8 m_adv_std=105.9092 m_kl_max=0.0064 m_ratio_max=0.349 w_ax@goal=+0.12 w_v@goal=12.95 return=237.5 length=168 success_rate=0.60 collisions/ep=4.80 (n=10)
Evaluation at update 5: return=-177.00, length=185.70, success_rate=0.55, collisions/ep=12.25
Solved-check at update 5: solved=False worst_gap=1845.02 at p_x0=1.00 p_y0=-0.50 (consecutive=0)
update=6 global_step=12288 SPS=76 w_ev=0.889 m_ev=0.533 m_v_bias=38.6 m_adv_std=212.8921 m_kl_max=0.0041 m_ratio_max=0.274 w_ax@goal=+0.18 w_v@goal=16.35 return=-41.7 length=181 success_rate=0.30 collisions/ep=3.70 (n=10)
update=7 global_step=14336 SPS=83 w_ev=0.955 m_ev=0.817 m_v_bias=-69.9 m_adv_std=127.0230 m_kl_max=0.0074 m_ratio_max=0.382 w_ax@goal=+0.21 w_v@goal=16.97 return=5.2 length=183 success_rate=0.36 collisions/ep=4.07 (n=14)
update=8 global_step=16384 SPS=88 w_ev=0.961 m_ev=0.862 m_v_bias=-116.5 m_adv_std=104.6565 m_kl_max=0.0073 m_ratio_max=0.458 w_ax@goal=+0.30 w_v@goal=18.33 return=730.1 length=121 success_rate=0.94 collisions/ep=3.59 (n=17)
update=9 global_step=18432 SPS=92 w_ev=0.945 m_ev=0.872 m_v_bias=-39.3 m_adv_std=91.7001 m_kl_max=0.0098 m_ratio_max=0.425 w_ax@goal=+0.26 w_v@goal=19.31 return=753.7 length=107 success_rate=1.00 collisions/ep=4.64 (n=22)
update=10 global_step=20480 SPS=96 w_ev=0.937 m_ev=0.909 m_v_bias=1.7 m_adv_std=72.2303 m_kl_max=0.0083 m_ratio_max=0.644 w_ax@goal=+0.59 w_v@goal=19.50 return=779.8 length=91 success_rate=1.00 collisions/ep=4.43 (n=23)
Evaluation at update 10: return=551.01, length=81.60, success_rate=1.00, collisions/ep=9.15
Solved-check at update 10: solved=False worst_gap=654.98 at p_x0=0.50 p_y0=-1.00 (consecutive=0)
update=11 global_step=22528 SPS=83 w_ev=0.923 m_ev=0.893 m_v_bias=-2.2 m_adv_std=75.5134 m_kl_max=0.0135 m_ratio_max=0.675 w_ax@goal=+0.68 w_v@goal=19.37 return=794.1 length=88 success_rate=1.00 collisions/ep=4.18 (n=22)
update=12 global_step=24576 SPS=87 w_ev=0.920 m_ev=0.883 m_v_bias=15.5 m_adv_std=79.3584 m_kl_max=0.0031 m_ratio_max=0.334 w_ax@goal=+0.56 w_v@goal=19.61 return=783.5 length=85 success_rate=1.00 collisions/ep=4.46 (n=24)
update=13 global_step=26624 SPS=89 w_ev=0.901 m_ev=0.867 m_v_bias=1.3 m_adv_std=86.5570 m_kl_max=0.0226 m_ratio_max=1.029 w_ax@goal=+0.81 w_v@goal=19.70 return=767.7 length=83 success_rate=1.00 collisions/ep=4.79 (n=24)
update=14 global_step=28672 SPS=92 w_ev=0.902 m_ev=0.915 m_v_bias=6.2 m_adv_std=71.1235 m_kl_max=0.0097 m_ratio_max=0.493 w_ax@goal=+0.78 w_v@goal=19.73 return=734.8 length=84 success_rate=1.00 collisions/ep=5.44 (n=25)
update=15 global_step=30720 SPS=95 w_ev=0.919 m_ev=0.917 m_v_bias=-13.6 m_adv_std=64.4038 m_kl_max=0.0207 m_ratio_max=1.045 w_ax@goal=+0.63 w_v@goal=19.71 return=793.9 length=83 success_rate=1.00 collisions/ep=4.29 (n=24)
Evaluation at update 15: return=912.65, length=79.90, success_rate=1.00, collisions/ep=1.95
Solved-check at update 15: solved=False worst_gap=403.55 at p_x0=1.00 p_y0=-1.00 (consecutive=0)
update=16 global_step=32768 SPS=86 w_ev=0.929 m_ev=0.937 m_v_bias=-11.8 m_adv_std=57.4756 m_kl_max=0.0015 m_ratio_max=0.231 w_ax@goal=+0.77 w_v@goal=19.48 return=838.0 length=83 success_rate=1.00 collisions/ep=3.46 (n=26)
update=17 global_step=34816 SPS=88 w_ev=0.936 m_ev=0.920 m_v_bias=-4.9 m_adv_std=62.5588 m_kl_max=0.0165 m_ratio_max=0.763 w_ax@goal=+0.78 w_v@goal=19.42 return=830.1 length=85 success_rate=1.00 collisions/ep=3.54 (n=24)
update=18 global_step=36864 SPS=90 w_ev=0.921 m_ev=0.910 m_v_bias=-14.4 m_adv_std=65.7418 m_kl_max=0.0092 m_ratio_max=0.584 w_ax@goal=+0.75 w_v@goal=19.37 return=880.0 length=85 success_rate=1.00 collisions/ep=2.58 (n=24)
update=19 global_step=38912 SPS=92 w_ev=0.910 m_ev=0.912 m_v_bias=-1.9 m_adv_std=62.4286 m_kl_max=0.0043 m_ratio_max=0.452 w_ax@goal=+0.69 w_v@goal=19.36 return=876.1 length=85 success_rate=1.00 collisions/ep=2.67 (n=24)
update=20 global_step=40960 SPS=94 w_ev=0.925 m_ev=0.946 m_v_bias=-16.4 m_adv_std=45.5280 m_kl_max=0.0140 m_ratio_max=0.590 w_ax@goal=+0.66 w_v@goal=19.35 return=905.5 length=86 success_rate=1.00 collisions/ep=2.08 (n=24)
Evaluation at update 20: return=959.92, length=80.10, success_rate=1.00, collisions/ep=1.00
Solved-check at update 20: solved=False worst_gap=104.37 at p_x0=2.00 p_y0=-1.00 (consecutive=0)
update=21 global_step=43008 SPS=88 w_ev=0.912 m_ev=0.941 m_v_bias=8.0 m_adv_std=48.9543 m_kl_max=0.0165 m_ratio_max=0.482 w_ax@goal=+0.67 w_v@goal=19.26 return=889.1 length=82 success_rate=1.00 collisions/ep=2.38 (n=24)
update=22 global_step=45056 SPS=89 w_ev=0.940 m_ev=0.958 m_v_bias=-8.7 m_adv_std=41.2772 m_kl_max=0.0033 m_ratio_max=0.228 w_ax@goal=+0.83 w_v@goal=19.52 return=909.8 length=84 success_rate=1.00 collisions/ep=1.96 (n=26)
update=23 global_step=47104 SPS=91 w_ev=0.913 m_ev=0.926 m_v_bias=5.5 m_adv_std=53.6052 m_kl_max=0.0094 m_ratio_max=0.410 w_ax@goal=+0.58 w_v@goal=19.41 return=914.4 length=82 success_rate=1.00 collisions/ep=1.88 (n=24)
update=24 global_step=49152 SPS=93 w_ev=0.892 m_ev=0.899 m_v_bias=-8.4 m_adv_std=63.4976 m_kl_max=0.0124 m_ratio_max=0.394 w_ax@goal=+0.72 w_v@goal=19.19 return=897.5 length=81 success_rate=1.00 collisions/ep=2.23 (n=26)
update=25 global_step=51200 SPS=94 w_ev=0.818 m_ev=0.842 m_v_bias=6.1 m_adv_std=75.1967 m_kl_max=0.0127 m_ratio_max=0.697 w_ax@goal=+0.58 w_v@goal=18.96 return=927.5 length=83 success_rate=1.00 collisions/ep=1.65 (n=23)
Evaluation at update 25: return=960.84, length=79.10, success_rate=1.00, collisions/ep=1.00
Solved-check at update 25: solved=False worst_gap=52.82 at p_x0=0.00 p_y0=-1.00 (consecutive=0)
update=26 global_step=53248 SPS=88 w_ev=0.903 m_ev=0.714 m_v_bias=13.3 m_adv_std=106.2969 m_kl_max=0.0030 m_ratio_max=0.239 w_ax@goal=+0.74 w_v@goal=18.88 return=841.8 length=85 success_rate=0.96 collisions/ep=2.44 (n=25)
update=27 global_step=55296 SPS=90 w_ev=0.932 m_ev=0.914 m_v_bias=-9.7 m_adv_std=56.4060 m_kl_max=0.0069 m_ratio_max=0.455 w_ax@goal=+0.83 w_v@goal=19.23 return=932.7 length=82 success_rate=1.00 collisions/ep=1.56 (n=27)
update=28 global_step=57344 SPS=91 w_ev=0.916 m_ev=0.955 m_v_bias=1.2 m_adv_std=38.6875 m_kl_max=0.0189 m_ratio_max=0.610 w_ax@goal=+0.76 w_v@goal=19.60 return=923.3 length=81 success_rate=1.00 collisions/ep=1.75 (n=24)
update=29 global_step=59392 SPS=92 w_ev=0.907 m_ev=0.954 m_v_bias=0.6 m_adv_std=39.2798 m_kl_max=0.0201 m_ratio_max=0.639 w_ax@goal=+0.87 w_v@goal=19.49 return=916.9 length=80 success_rate=1.00 collisions/ep=1.88 (n=25)
update=30 global_step=61440 SPS=93 w_ev=0.909 m_ev=0.938 m_v_bias=-3.7 m_adv_std=47.1252 m_kl_max=0.0201 m_ratio_max=0.641 w_ax@goal=+0.90 w_v@goal=19.52 return=938.3 length=80 success_rate=1.00 collisions/ep=1.46 (n=26)
Evaluation at update 30: return=961.83, length=78.15, success_rate=1.00, collisions/ep=1.00
Solved-check at update 30: solved=False worst_gap=51.60 at p_x0=0.00 p_y0=-1.00 (consecutive=0)
update=31 global_step=63488 SPS=90 w_ev=0.921 m_ev=0.935 m_v_bias=-8.2 m_adv_std=48.7219 m_kl_max=0.0208 m_ratio_max=0.585 w_ax@goal=+0.87 w_v@goal=19.37 return=933.1 length=79 success_rate=1.00 collisions/ep=1.56 (n=25)
update=32 global_step=65536 SPS=92 w_ev=0.941 m_ev=0.971 m_v_bias=-9.8 m_adv_std=31.4012 m_kl_max=0.0179 m_ratio_max=1.300 w_ax@goal=+0.91 w_v@goal=19.50 return=963.6 length=81 success_rate=1.00 collisions/ep=1.04 (n=27)
update=33 global_step=67584 SPS=94 w_ev=0.945 m_ev=0.983 m_v_bias=-1.7 m_adv_std=23.1137 m_kl_max=0.0071 m_ratio_max=0.625 w_ax@goal=+0.96 w_v@goal=19.52 return=961.1 length=79 success_rate=1.00 collisions/ep=1.04 (n=24)
update=34 global_step=69632 SPS=96 w_ev=0.924 m_ev=0.965 m_v_bias=9.3 m_adv_std=34.2328 m_kl_max=0.0140 m_ratio_max=0.556 w_ax@goal=+0.97 w_v@goal=19.45 return=949.1 length=80 success_rate=1.00 collisions/ep=1.23 (n=26)
update=35 global_step=71680 SPS=99 w_ev=0.952 m_ev=0.987 m_v_bias=-10.9 m_adv_std=20.4085 m_kl_max=0.0144 m_ratio_max=0.668 w_ax@goal=+1.01 w_v@goal=19.52 return=966.8 length=79 success_rate=1.00 collisions/ep=0.89 (n=27)
Evaluation at update 35: return=1009.08, length=78.35, success_rate=1.00, collisions/ep=0.05
Solved-check at update 35: solved=False worst_gap=51.83 at p_x0=0.00 p_y0=-0.50 (consecutive=0)
update=36 global_step=73728 SPS=99 w_ev=0.924 m_ev=0.952 m_v_bias=1.4 m_adv_std=39.2274 m_kl_max=0.0176 m_ratio_max=0.617 w_ax@goal=+0.95 w_v@goal=19.44 return=958.9 length=82 success_rate=1.00 collisions/ep=1.04 (n=24)
update=37 global_step=75776 SPS=101 w_ev=0.917 m_ev=0.976 m_v_bias=-7.2 m_adv_std=27.1808 m_kl_max=0.0128 m_ratio_max=0.710 w_ax@goal=+0.59 w_v@goal=19.28 return=987.7 length=81 success_rate=1.00 collisions/ep=0.46 (n=26)
update=38 global_step=77824 SPS=103 w_ev=0.919 m_ev=0.966 m_v_bias=5.4 m_adv_std=32.0205 m_kl_max=0.0031 m_ratio_max=0.310 w_ax@goal=+0.83 w_v@goal=19.30 return=969.6 length=81 success_rate=1.00 collisions/ep=0.83 (n=24)
update=39 global_step=79872 SPS=105 w_ev=0.950 m_ev=0.989 m_v_bias=-11.7 m_adv_std=17.7174 m_kl_max=0.0090 m_ratio_max=0.358 w_ax@goal=+0.81 w_v@goal=19.27 return=997.0 length=81 success_rate=1.00 collisions/ep=0.30 (n=27)
update=40 global_step=81920 SPS=107 w_ev=0.951 m_ev=0.993 m_v_bias=-3.2 m_adv_std=14.7286 m_kl_max=0.0140 m_ratio_max=0.487 w_ax@goal=+0.99 w_v@goal=19.39 return=995.1 length=81 success_rate=1.00 collisions/ep=0.33 (n=24)
Evaluation at update 40: return=1011.95, length=78.00, success_rate=1.00, collisions/ep=0.00
Solved-check at update 40: solved=True worst_gap=1.53 at p_x0=0.00 p_y0=-1.00 (consecutive=0)
update=41 global_step=83968 SPS=108 w_ev=0.932 m_ev=0.970 m_v_bias=4.2 m_adv_std=30.3570 m_kl_max=0.0179 m_ratio_max=0.606 w_ax@goal=+0.92 w_v@goal=19.43 return=984.8 length=81 success_rate=1.00 collisions/ep=0.54 (n=26)
update=42 global_step=86016 SPS=111 w_ev=0.943 m_ev=0.989 m_v_bias=-3.4 m_adv_std=17.9108 m_kl_max=0.0126 m_ratio_max=0.890 w_ax@goal=+0.81 w_v@goal=19.42 return=992.3 length=79 success_rate=1.00 collisions/ep=0.38 (n=26)
update=43 global_step=88064 SPS=113 w_ev=0.927 m_ev=0.974 m_v_bias=2.3 m_adv_std=26.9455 m_kl_max=0.0090 m_ratio_max=0.488 w_ax@goal=+0.58 w_v@goal=19.41 return=994.2 length=81 success_rate=1.00 collisions/ep=0.35 (n=26)
update=44 global_step=90112 SPS=116 w_ev=0.798 m_ev=0.432 m_v_bias=45.4 m_adv_std=162.7633 m_kl_max=0.0239 m_ratio_max=0.925 w_ax@goal=+0.73 w_v@goal=19.19 return=910.7 length=86 success_rate=0.95 collisions/ep=1.00 (n=22)
update=45 global_step=92160 SPS=118 w_ev=0.929 m_ev=0.961 m_v_bias=-24.1 m_adv_std=33.0405 m_kl_max=0.0148 m_ratio_max=0.547 w_ax@goal=+1.06 w_v@goal=19.33 return=1000.6 length=80 success_rate=1.00 collisions/ep=0.22 (n=27)
Evaluation at update 45: return=1012.04, length=78.00, success_rate=1.00, collisions/ep=0.00
Solved-check at update 45: solved=True worst_gap=1.23 at p_x0=0.00 p_y0=-1.00 (consecutive=1)
Solved criterion held for 2 consecutive evals (tolerance=5.0) at global_step=92160.
update=46 global_step=94208 SPS=118 w_ev=0.949 m_ev=0.975 m_v_bias=-8.3 m_adv_std=26.2288 m_kl_max=0.0160 m_ratio_max=0.638 w_ax@goal=+1.25 w_v@goal=19.46 return=1004.7 length=79 success_rate=1.00 collisions/ep=0.15 (n=27)
update=47 global_step=96256 SPS=120 w_ev=0.934 m_ev=0.973 m_v_bias=-0.5 m_adv_std=27.4865 m_kl_max=0.0042 m_ratio_max=0.433 w_ax@goal=+1.01 w_v@goal=19.56 return=998.2 length=78 success_rate=1.00 collisions/ep=0.31 (n=26)
update=48 global_step=98304 SPS=123 w_ev=0.942 m_ev=0.986 m_v_bias=-1.6 m_adv_std=19.1959 m_kl_max=0.0201 m_ratio_max=0.679 w_ax@goal=+0.95 w_v@goal=19.42 return=1003.1 length=79 success_rate=1.00 collisions/ep=0.17 (n=24)
update=49 global_step=100352 SPS=125 w_ev=0.944 m_ev=0.985 m_v_bias=3.9 m_adv_std=20.5253 m_kl_max=0.0211 m_ratio_max=0.754 w_ax@goal=+1.21 w_v@goal=19.60 return=1000.4 length=81 success_rate=1.00 collisions/ep=0.23 (n=26)
update=50 global_step=102400 SPS=127 w_ev=0.944 m_ev=0.990 m_v_bias=-4.0 m_adv_std=16.3646 m_kl_max=0.0140 m_ratio_max=0.838 w_ax@goal=+1.13 w_v@goal=19.53 return=1004.1 length=79 success_rate=1.00 collisions/ep=0.19 (n=26)
Evaluation at update 50: return=1012.16, length=77.85, success_rate=1.00, collisions/ep=0.00
Solved-check at update 50: solved=True worst_gap=1.03 at p_x0=0.00 p_y0=-1.00 (consecutive=2)
update=51 global_step=104448 SPS=126 w_ev=0.949 m_ev=0.994 m_v_bias=0.0 m_adv_std=12.4826 m_kl_max=0.0153 m_ratio_max=0.470 w_ax@goal=+1.09 w_v@goal=19.67 return=1007.8 length=80 success_rate=1.00 collisions/ep=0.08 (n=25)
update=52 global_step=106496 SPS=129 w_ev=0.936 m_ev=0.981 m_v_bias=3.7 m_adv_std=23.1373 m_kl_max=0.0201 m_ratio_max=0.554 w_ax@goal=+1.19 w_v@goal=19.40 return=995.5 length=79 success_rate=1.00 collisions/ep=0.33 (n=27)
update=53 global_step=108544 SPS=131 w_ev=0.958 m_ev=0.992 m_v_bias=0.0 m_adv_std=14.7115 m_kl_max=0.0229 m_ratio_max=1.177 w_ax@goal=+1.20 w_v@goal=19.49 return=1004.5 length=79 success_rate=1.00 collisions/ep=0.15 (n=26)
update=54 global_step=110592 SPS=133 w_ev=0.967 m_ev=0.997 m_v_bias=-2.4 m_adv_std=9.5017 m_kl_max=0.0092 m_ratio_max=0.496 w_ax@goal=+1.30 w_v@goal=19.54 return=1008.5 length=82 success_rate=1.00 collisions/ep=0.08 (n=24)
update=55 global_step=112640 SPS=135 w_ev=0.952 m_ev=0.992 m_v_bias=3.3 m_adv_std=15.0750 m_kl_max=0.0153 m_ratio_max=0.585 w_ax@goal=+1.35 w_v@goal=19.72 return=1000.9 length=81 success_rate=1.00 collisions/ep=0.23 (n=26)
Evaluation at update 55: return=1012.41, length=77.65, success_rate=1.00, collisions/ep=0.00
Solved-check at update 55: solved=True worst_gap=0.88 at p_x0=0.50 p_y0=-1.00 (consecutive=3)
update=56 global_step=114688 SPS=136 w_ev=0.949 m_ev=0.987 m_v_bias=0.3 m_adv_std=18.9378 m_kl_max=0.0129 m_ratio_max=0.483 w_ax@goal=+1.26 w_v@goal=19.80 return=1006.3 length=80 success_rate=1.00 collisions/ep=0.12 (n=25)
update=57 global_step=116736 SPS=138 w_ev=0.959 m_ev=0.992 m_v_bias=-1.1 m_adv_std=14.8882 m_kl_max=0.0214 m_ratio_max=1.076 w_ax@goal=+1.15 w_v@goal=19.65 return=1002.6 length=80 success_rate=1.00 collisions/ep=0.19 (n=26)
update=58 global_step=118784 SPS=140 w_ev=0.967 m_ev=0.994 m_v_bias=-2.5 m_adv_std=12.3607 m_kl_max=0.0084 m_ratio_max=0.499 w_ax@goal=+1.18 w_v@goal=19.72 return=1006.0 length=77 success_rate=1.00 collisions/ep=0.12 (n=26)
update=59 global_step=120832 SPS=142 w_ev=0.952 m_ev=0.990 m_v_bias=2.5 m_adv_std=16.9057 m_kl_max=0.0109 m_ratio_max=0.786 w_ax@goal=+1.24 w_v@goal=19.71 return=1003.1 length=79 success_rate=1.00 collisions/ep=0.19 (n=27)
update=60 global_step=122880 SPS=143 w_ev=0.962 m_ev=0.992 m_v_bias=-0.7 m_adv_std=14.8313 m_kl_max=0.0173 m_ratio_max=0.691 w_ax@goal=+1.30 w_v@goal=19.73 return=1004.4 length=79 success_rate=1.00 collisions/ep=0.15 (n=26)
Evaluation at update 60: return=1012.33, length=77.65, success_rate=1.00, collisions/ep=0.00
Solved-check at update 60: solved=True worst_gap=0.89 at p_x0=0.00 p_y0=-1.00 (consecutive=4)
update=61 global_step=124928 SPS=143 w_ev=0.951 m_ev=0.989 m_v_bias=1.2 m_adv_std=17.9627 m_kl_max=0.0083 m_ratio_max=0.533 w_ax@goal=+1.28 w_v@goal=19.62 return=996.7 length=79 success_rate=1.00 collisions/ep=0.31 (n=26)
update=62 global_step=126976 SPS=145 w_ev=0.963 m_ev=0.996 m_v_bias=-3.8 m_adv_std=10.1492 m_kl_max=0.0084 m_ratio_max=0.603 w_ax@goal=+1.46 w_v@goal=19.54 return=1008.1 length=78 success_rate=1.00 collisions/ep=0.12 (n=25)
update=63 global_step=129024 SPS=147 w_ev=0.958 m_ev=0.993 m_v_bias=0.4 m_adv_std=13.3569 m_kl_max=0.0288 m_ratio_max=1.208 w_ax@goal=+1.43 w_v@goal=19.61 return=1006.3 length=80 success_rate=1.00 collisions/ep=0.28 (n=25)
update=64 global_step=131072 SPS=149 w_ev=0.965 m_ev=0.998 m_v_bias=-2.9 m_adv_std=7.1847 m_kl_max=0.0067 m_ratio_max=0.441 w_ax@goal=+1.39 w_v@goal=19.51 return=1010.6 length=78 success_rate=1.00 collisions/ep=0.07 (n=28)
update=65 global_step=133120 SPS=151 w_ev=0.955 m_ev=0.998 m_v_bias=1.3 m_adv_std=7.2698 m_kl_max=0.0109 m_ratio_max=0.425 w_ax@goal=+1.38 w_v@goal=19.71 return=1010.5 length=80 success_rate=1.00 collisions/ep=0.08 (n=25)
Evaluation at update 65: return=1012.41, length=77.65, success_rate=1.00, collisions/ep=0.00
Solved-check at update 65: solved=True worst_gap=0.92 at p_x0=0.00 p_y0=-1.00 (consecutive=5)
update=66 global_step=135168 SPS=151 w_ev=0.941 m_ev=0.978 m_v_bias=9.1 m_adv_std=24.4963 m_kl_max=0.0240 m_ratio_max=0.955 w_ax@goal=+1.44 w_v@goal=19.71 return=987.6 length=80 success_rate=1.00 collisions/ep=0.69 (n=26)
update=67 global_step=137216 SPS=153 w_ev=0.958 m_ev=0.998 m_v_bias=-9.0 m_adv_std=7.8859 m_kl_max=0.0196 m_ratio_max=0.844 w_ax@goal=+1.34 w_v@goal=19.49 return=1012.6 length=80 success_rate=1.00 collisions/ep=0.00 (n=26)
update=68 global_step=139264 SPS=154 w_ev=0.959 m_ev=0.999 m_v_bias=-1.0 m_adv_std=5.5731 m_kl_max=0.0200 m_ratio_max=1.827 w_ax@goal=+1.19 w_v@goal=19.58 return=1012.7 length=82 success_rate=1.00 collisions/ep=0.00 (n=24)
update=69 global_step=141312 SPS=156 w_ev=0.970 m_ev=0.999 m_v_bias=-0.8 m_adv_std=4.6633 m_kl_max=0.0018 m_ratio_max=0.300 w_ax@goal=+1.35 w_v@goal=19.72 return=1012.4 length=79 success_rate=1.00 collisions/ep=0.00 (n=26)
update=70 global_step=143360 SPS=158 w_ev=0.961 m_ev=0.999 m_v_bias=0.9 m_adv_std=4.6603 m_kl_max=0.0181 m_ratio_max=1.674 w_ax@goal=+1.31 w_v@goal=19.75 return=1012.0 length=78 success_rate=1.00 collisions/ep=0.00 (n=27)
Evaluation at update 70: return=1012.53, length=77.55, success_rate=1.00, collisions/ep=0.00
Solved-check at update 70: solved=True worst_gap=0.85 at p_x0=0.00 p_y0=-1.00 (consecutive=6)
update=71 global_step=145408 SPS=159 w_ev=0.948 m_ev=0.996 m_v_bias=2.6 m_adv_std=10.4731 m_kl_max=0.0066 m_ratio_max=0.358 w_ax@goal=+1.13 w_v@goal=19.60 return=1008.5 length=81 success_rate=1.00 collisions/ep=0.08 (n=25)
update=72 global_step=147456 SPS=161 w_ev=0.940 m_ev=0.988 m_v_bias=0.9 m_adv_std=18.0396 m_kl_max=0.0154 m_ratio_max=0.986 w_ax@goal=+1.27 w_v@goal=19.57 return=1006.3 length=79 success_rate=1.00 collisions/ep=0.21 (n=24)
update=73 global_step=149504 SPS=161 w_ev=0.958 m_ev=0.998 m_v_bias=-1.7 m_adv_std=8.1242 m_kl_max=0.0253 m_ratio_max=0.874 w_ax@goal=+1.32 w_v@goal=19.65 return=1009.1 length=78 success_rate=1.00 collisions/ep=0.10 (n=30)
update=74 global_step=151552 SPS=163 w_ev=0.959 m_ev=0.999 m_v_bias=0.4 m_adv_std=4.1621 m_kl_max=0.0098 m_ratio_max=0.395 w_ax@goal=+1.42 w_v@goal=19.82 return=1012.8 length=80 success_rate=1.00 collisions/ep=0.00 (n=25)
update=75 global_step=153600 SPS=164 w_ev=0.941 m_ev=0.998 m_v_bias=2.0 m_adv_std=6.9797 m_kl_max=0.0104 m_ratio_max=0.814 w_ax@goal=+1.22 w_v@goal=19.70 return=1010.7 length=81 success_rate=1.00 collisions/ep=0.08 (n=25)
Evaluation at update 75: return=1012.48, length=77.55, success_rate=1.00, collisions/ep=0.00
Solved-check at update 75: solved=True worst_gap=0.89 at p_x0=0.00 p_y0=-1.00 (consecutive=7)
update=76 global_step=155648 SPS=162 w_ev=0.957 m_ev=1.000 m_v_bias=-2.0 m_adv_std=3.0481 m_kl_max=0.0064 m_ratio_max=0.392 w_ax@goal=+1.23 w_v@goal=19.71 return=1013.0 length=80 success_rate=1.00 collisions/ep=0.08 (n=24)
update=77 global_step=157696 SPS=163 w_ev=0.937 m_ev=0.996 m_v_bias=2.4 m_adv_std=10.2093 m_kl_max=0.0145 m_ratio_max=0.522 w_ax@goal=+1.21 w_v@goal=19.49 return=1008.1 length=78 success_rate=1.00 collisions/ep=0.08 (n=25)
update=78 global_step=159744 SPS=163 w_ev=0.944 m_ev=0.990 m_v_bias=2.3 m_adv_std=16.8558 m_kl_max=0.0277 m_ratio_max=0.738 w_ax@goal=+1.26 w_v@goal=19.58 return=999.3 length=79 success_rate=1.00 collisions/ep=0.40 (n=30)
update=79 global_step=161792 SPS=163 w_ev=0.952 m_ev=0.998 m_v_bias=-2.1 m_adv_std=7.2356 m_kl_max=0.0136 m_ratio_max=0.607 w_ax@goal=+1.20 w_v@goal=19.44 return=1010.6 length=79 success_rate=1.00 collisions/ep=0.04 (n=25)
update=80 global_step=163840 SPS=163 w_ev=0.910 m_ev=0.985 m_v_bias=4.0 m_adv_std=19.0422 m_kl_max=0.0264 m_ratio_max=0.884 w_ax@goal=+1.23 w_v@goal=19.52 return=1002.1 length=79 success_rate=1.00 collisions/ep=0.38 (n=24)
Evaluation at update 80: return=1012.54, length=77.55, success_rate=1.00, collisions/ep=0.00
Solved-check at update 80: solved=True worst_gap=0.82 at p_x0=0.00 p_y0=-1.00 (consecutive=8)
update=81 global_step=165888 SPS=158 w_ev=0.942 m_ev=0.992 m_v_bias=-3.6 m_adv_std=14.3092 m_kl_max=0.0198 m_ratio_max=0.856 w_ax@goal=+1.19 w_v@goal=19.33 return=1005.1 length=77 success_rate=1.00 collisions/ep=0.18 (n=28)
update=82 global_step=167936 SPS=158 w_ev=0.942 m_ev=0.998 m_v_bias=-0.8 m_adv_std=6.8665 m_kl_max=0.0252 m_ratio_max=0.903 w_ax@goal=+1.36 w_v@goal=19.47 return=1010.8 length=79 success_rate=1.00 collisions/ep=0.08 (n=26)
update=83 global_step=169984 SPS=159 w_ev=0.934 m_ev=0.995 m_v_bias=1.6 m_adv_std=11.3266 m_kl_max=0.0109 m_ratio_max=0.555 w_ax@goal=+1.05 w_v@goal=19.56 return=1004.9 length=80 success_rate=1.00 collisions/ep=0.20 (n=25)
update=84 global_step=172032 SPS=159 w_ev=0.941 m_ev=0.999 m_v_bias=-2.9 m_adv_std=5.6475 m_kl_max=0.0141 m_ratio_max=0.893 w_ax@goal=+1.19 w_v@goal=19.61 return=1010.9 length=79 success_rate=1.00 collisions/ep=0.04 (n=26)
update=85 global_step=174080 SPS=160 w_ev=0.951 m_ev=0.995 m_v_bias=0.3 m_adv_std=12.2117 m_kl_max=0.0307 m_ratio_max=0.947 w_ax@goal=+1.31 w_v@goal=19.75 return=1012.4 length=78 success_rate=1.00 collisions/ep=0.00 (n=26)
Evaluation at update 85: return=1012.56, length=77.55, success_rate=1.00, collisions/ep=0.00
Solved-check at update 85: solved=True worst_gap=0.76 at p_x0=0.00 p_y0=-1.00 (consecutive=9)
update=86 global_step=176128 SPS=157 w_ev=0.956 m_ev=0.991 m_v_bias=1.9 m_adv_std=16.2208 m_kl_max=0.0186 m_ratio_max=0.453 w_ax@goal=+1.20 w_v@goal=19.68 return=998.6 length=80 success_rate=1.00 collisions/ep=0.28 (n=25)
update=87 global_step=178176 SPS=157 w_ev=0.927 m_ev=0.996 m_v_bias=-0.7 m_adv_std=10.6319 m_kl_max=0.0162 m_ratio_max=0.903 w_ax@goal=+1.31 w_v@goal=19.61 return=1007.4 length=80 success_rate=1.00 collisions/ep=0.11 (n=27)
update=88 global_step=180224 SPS=158 w_ev=0.937 m_ev=0.992 m_v_bias=0.6 m_adv_std=14.4776 m_kl_max=0.0028 m_ratio_max=0.314 w_ax@goal=+1.11 w_v@goal=19.47 return=1004.3 length=79 success_rate=1.00 collisions/ep=0.21 (n=24)
update=89 global_step=182272 SPS=159 w_ev=0.915 m_ev=0.998 m_v_bias=-1.3 m_adv_std=7.5525 m_kl_max=0.0079 m_ratio_max=0.671 w_ax@goal=+1.05 w_v@goal=19.53 return=1010.8 length=79 success_rate=1.00 collisions/ep=0.04 (n=27)
update=90 global_step=184320 SPS=159 w_ev=0.908 m_ev=0.994 m_v_bias=1.5 m_adv_std=12.8075 m_kl_max=0.0233 m_ratio_max=2.045 w_ax@goal=+1.04 w_v@goal=19.46 return=1004.9 length=79 success_rate=1.00 collisions/ep=0.15 (n=26)
Evaluation at update 90: return=1012.64, length=77.45, success_rate=1.00, collisions/ep=0.00
Solved-check at update 90: solved=True worst_gap=0.77 at p_x0=0.00 p_y0=-1.00 (consecutive=10)
update=91 global_step=186368 SPS=156 w_ev=0.909 m_ev=0.985 m_v_bias=2.9 m_adv_std=20.7140 m_kl_max=0.0159 m_ratio_max=0.679 w_ax@goal=+1.11 w_v@goal=19.68 return=999.8 length=79 success_rate=1.00 collisions/ep=0.30 (n=27)
update=92 global_step=188416 SPS=157 w_ev=0.920 m_ev=0.996 m_v_bias=-0.8 m_adv_std=11.2092 m_kl_max=0.0322 m_ratio_max=1.049 w_ax@goal=+1.10 w_v@goal=19.54 return=1007.0 length=81 success_rate=1.00 collisions/ep=0.12 (n=25)
update=93 global_step=190464 SPS=157 w_ev=0.943 m_ev=0.995 m_v_bias=1.5 m_adv_std=12.2394 m_kl_max=0.0112 m_ratio_max=0.510 w_ax@goal=+0.82 w_v@goal=19.58 return=1006.7 length=81 success_rate=1.00 collisions/ep=0.12 (n=24)
update=94 global_step=192512 SPS=158 w_ev=0.944 m_ev=0.991 m_v_bias=-0.1 m_adv_std=14.8292 m_kl_max=0.0137 m_ratio_max=0.451 w_ax@goal=+0.97 w_v@goal=19.59 return=1004.7 length=78 success_rate=1.00 collisions/ep=0.15 (n=26)
update=95 global_step=194560 SPS=158 w_ev=0.932 m_ev=0.997 m_v_bias=-0.3 m_adv_std=8.9180 m_kl_max=0.0048 m_ratio_max=0.322 w_ax@goal=+1.07 w_v@goal=19.63 return=1008.6 length=79 success_rate=1.00 collisions/ep=0.08 (n=25)
Evaluation at update 95: return=1012.65, length=77.50, success_rate=1.00, collisions/ep=0.00
Solved-check at update 95: solved=True worst_gap=0.63 at p_x0=0.00 p_y0=-1.00 (consecutive=11)
update=96 global_step=196608 SPS=155 w_ev=0.927 m_ev=0.997 m_v_bias=0.9 m_adv_std=9.1708 m_kl_max=0.0099 m_ratio_max=0.575 w_ax@goal=+0.92 w_v@goal=19.76 return=1007.6 length=79 success_rate=1.00 collisions/ep=0.14 (n=29)
update=97 global_step=198656 SPS=156 w_ev=0.938 m_ev=0.996 m_v_bias=2.1 m_adv_std=11.0931 m_kl_max=0.0255 m_ratio_max=0.748 w_ax@goal=+0.97 w_v@goal=19.63 return=1006.8 length=81 success_rate=1.00 collisions/ep=0.12 (n=24)
update=98 global_step=200704 SPS=156 w_ev=0.944 m_ev=0.999 m_v_bias=-2.1 m_adv_std=5.1171 m_kl_max=0.0100 m_ratio_max=0.534 w_ax@goal=+0.93 w_v@goal=19.70 return=1010.4 length=78 success_rate=1.00 collisions/ep=0.04 (n=25)
update=99 global_step=202752 SPS=157 w_ev=0.951 m_ev=0.997 m_v_bias=2.3 m_adv_std=9.5159 m_kl_max=0.0076 m_ratio_max=0.474 w_ax@goal=+1.05 w_v@goal=19.70 return=1007.2 length=79 success_rate=1.00 collisions/ep=0.15 (n=27)
update=100 global_step=204800 SPS=157 w_ev=0.933 m_ev=1.000 m_v_bias=-1.6 m_adv_std=3.5352 m_kl_max=0.0089 m_ratio_max=0.490 w_ax@goal=+0.99 w_v@goal=19.67 return=1012.4 length=78 success_rate=1.00 collisions/ep=0.00 (n=27)
Evaluation at update 100: return=1012.63, length=77.45, success_rate=1.00, collisions/ep=0.00
Solved-check at update 100: solved=True worst_gap=0.54 at p_x0=0.00 p_y0=-1.00 (consecutive=12)
Saved checkpoints to C:\Users\loren\Desktop\MASTER THESIS\5_CODE\scenarios\slalom\studies\hppo\runs\hppo_slalom_5_1790244897
