Using device: cpu
Solved-check: precomputed optimal returns for 25 fixed initial conditions (mean=1013.0, min=1011.0, max=1015.0); solved-tolerance=5.0
num_envs=8 num_steps_per_env=256 worker_batch_size=2048 worker_minibatch_size=256 num_updates=100 timesteps=204800
update=1 global_step=2048 SPS=202 w_ev=-0.030 m_ev=-0.000 m_v_bias=16.9 m_adv_std=237.1955 m_kl_max=0.0006 m_ratio_max=0.111 w_ax@goal=-0.13 w_v@goal=-0.07 return=-109.3 length=182 success_rate=0.38 collisions/ep=6.88 (n=8)
update=2 global_step=4096 SPS=199 w_ev=0.385 m_ev=0.382 m_v_bias=44.4 m_adv_std=172.4386 m_kl_max=0.0004 m_ratio_max=0.090 w_ax@goal=+0.39 w_v@goal=3.15 return=-355.8 length=195 success_rate=0.25 collisions/ep=8.88 (n=8)
update=3 global_step=6144 SPS=198 w_ev=0.554 m_ev=0.511 m_v_bias=6.0 m_adv_std=210.2246 m_kl_max=0.0009 m_ratio_max=0.187 w_ax@goal=+0.12 w_v@goal=3.72 return=-88.0 length=182 success_rate=0.36 collisions/ep=6.00 (n=14)
update=4 global_step=8192 SPS=195 w_ev=0.767 m_ev=0.631 m_v_bias=2.6 m_adv_std=157.6694 m_kl_max=0.0003 m_ratio_max=0.105 w_ax@goal=+0.09 w_v@goal=6.51 return=-222.2 length=192 success_rate=0.20 collisions/ep=4.80 (n=10)
update=5 global_step=10240 SPS=193 w_ev=0.839 m_ev=0.786 m_v_bias=-130.2 m_adv_std=148.9328 m_kl_max=0.0046 m_ratio_max=0.393 w_ax@goal=+0.07 w_v@goal=8.85 return=213.6 length=166 success_rate=0.54 collisions/ep=4.15 (n=13)
Evaluation at update 5: return=512.29, length=103.45, success_rate=1.00, collisions/ep=9.50
Solved-check at update 5: solved=False worst_gap=584.74 at p_x0=2.00 p_y0=-1.00 (consecutive=0)
update=6 global_step=12288 SPS=104 w_ev=0.913 m_ev=0.737 m_v_bias=-74.6 m_adv_std=158.0660 m_kl_max=0.0090 m_ratio_max=0.516 w_ax@goal=+0.44 w_v@goal=15.01 return=371.1 length=144 success_rate=0.64 collisions/ep=4.00 (n=14)
update=7 global_step=14336 SPS=110 w_ev=0.957 m_ev=0.855 m_v_bias=-68.3 m_adv_std=113.2748 m_kl_max=0.0046 m_ratio_max=0.355 w_ax@goal=+0.45 w_v@goal=18.01 return=562.1 length=116 success_rate=0.90 collisions/ep=6.30 (n=20)
update=8 global_step=16384 SPS=114 w_ev=0.952 m_ev=0.893 m_v_bias=-70.5 m_adv_std=85.3844 m_kl_max=0.0022 m_ratio_max=0.339 w_ax@goal=+0.54 w_v@goal=19.23 return=740.3 length=101 success_rate=1.00 collisions/ep=5.05 (n=21)
update=9 global_step=18432 SPS=118 w_ev=0.946 m_ev=0.894 m_v_bias=3.8 m_adv_std=85.1306 m_kl_max=0.0008 m_ratio_max=0.126 w_ax@goal=+0.55 w_v@goal=19.23 return=746.7 length=92 success_rate=1.00 collisions/ep=5.05 (n=20)
update=10 global_step=20480 SPS=121 w_ev=0.952 m_ev=0.902 m_v_bias=-13.9 m_adv_std=75.7317 m_kl_max=0.0032 m_ratio_max=0.302 w_ax@goal=+0.62 w_v@goal=19.37 return=800.5 length=93 success_rate=1.00 collisions/ep=4.00 (n=24)
Evaluation at update 10: return=540.28, length=82.95, success_rate=1.00, collisions/ep=9.35
Solved-check at update 10: solved=False worst_gap=455.27 at p_x0=0.00 p_y0=-1.00 (consecutive=0)
update=11 global_step=22528 SPS=99 w_ev=0.916 m_ev=0.896 m_v_bias=8.3 m_adv_std=79.5310 m_kl_max=0.0019 m_ratio_max=0.209 w_ax@goal=+0.66 w_v@goal=19.59 return=758.2 length=90 success_rate=1.00 collisions/ep=4.91 (n=23)
update=12 global_step=24576 SPS=102 w_ev=0.943 m_ev=0.925 m_v_bias=-18.7 m_adv_std=62.2163 m_kl_max=0.0044 m_ratio_max=0.267 w_ax@goal=+0.59 w_v@goal=19.36 return=833.8 length=87 success_rate=1.00 collisions/ep=3.57 (n=23)
update=13 global_step=26624 SPS=105 w_ev=0.941 m_ev=0.901 m_v_bias=-8.7 m_adv_std=68.4830 m_kl_max=0.0018 m_ratio_max=0.236 w_ax@goal=+0.72 w_v@goal=19.05 return=809.0 length=84 success_rate=1.00 collisions/ep=3.96 (n=24)
update=14 global_step=28672 SPS=108 w_ev=0.945 m_ev=0.910 m_v_bias=-20.3 m_adv_std=63.1252 m_kl_max=0.0089 m_ratio_max=0.411 w_ax@goal=+0.89 w_v@goal=19.39 return=905.1 length=83 success_rate=1.00 collisions/ep=2.04 (n=27)
update=15 global_step=30720 SPS=110 w_ev=0.921 m_ev=0.907 m_v_bias=-19.4 m_adv_std=60.4311 m_kl_max=0.0048 m_ratio_max=0.393 w_ax@goal=+0.73 w_v@goal=19.63 return=927.4 length=84 success_rate=1.00 collisions/ep=1.62 (n=24)
Evaluation at update 15: return=1009.34, length=81.40, success_rate=1.00, collisions/ep=0.00
Solved-check at update 15: solved=False worst_gap=53.73 at p_x0=0.00 p_y0=1.00 (consecutive=0)
update=16 global_step=32768 SPS=97 w_ev=0.902 m_ev=0.889 m_v_bias=18.1 m_adv_std=64.8345 m_kl_max=0.0131 m_ratio_max=0.495 w_ax@goal=+0.72 w_v@goal=19.29 return=899.9 length=85 success_rate=1.00 collisions/ep=2.17 (n=24)
update=17 global_step=34816 SPS=100 w_ev=0.944 m_ev=0.935 m_v_bias=-6.0 m_adv_std=49.6871 m_kl_max=0.0181 m_ratio_max=0.623 w_ax@goal=+0.83 w_v@goal=19.12 return=928.9 length=85 success_rate=1.00 collisions/ep=1.64 (n=25)
update=18 global_step=36864 SPS=102 w_ev=0.944 m_ev=0.941 m_v_bias=-8.6 m_adv_std=46.8787 m_kl_max=0.0155 m_ratio_max=0.597 w_ax@goal=+0.82 w_v@goal=19.38 return=933.1 length=85 success_rate=1.00 collisions/ep=1.50 (n=24)
update=19 global_step=38912 SPS=103 w_ev=0.943 m_ev=0.946 m_v_bias=-14.9 m_adv_std=42.9846 m_kl_max=0.0045 m_ratio_max=0.299 w_ax@goal=+0.87 w_v@goal=19.77 return=973.4 length=83 success_rate=1.00 collisions/ep=0.71 (n=24)
update=20 global_step=40960 SPS=105 w_ev=0.926 m_ev=0.969 m_v_bias=-1.4 m_adv_std=30.1348 m_kl_max=0.0098 m_ratio_max=0.599 w_ax@goal=+0.80 w_v@goal=19.59 return=973.4 length=82 success_rate=1.00 collisions/ep=0.75 (n=24)
Evaluation at update 20: return=1011.03, length=79.65, success_rate=1.00, collisions/ep=0.00
Solved-check at update 20: solved=False worst_gap=51.45 at p_x0=2.00 p_y0=-1.00 (consecutive=0)
update=21 global_step=43008 SPS=97 w_ev=0.943 m_ev=0.976 m_v_bias=-6.3 m_adv_std=26.6422 m_kl_max=0.0104 m_ratio_max=0.800 w_ax@goal=+0.95 w_v@goal=19.19 return=974.6 length=81 success_rate=1.00 collisions/ep=0.75 (n=24)
update=22 global_step=45056 SPS=98 w_ev=0.934 m_ev=0.975 m_v_bias=0.5 m_adv_std=28.5725 m_kl_max=0.0036 m_ratio_max=0.322 w_ax@goal=+0.92 w_v@goal=19.29 return=978.5 length=82 success_rate=1.00 collisions/ep=0.62 (n=24)
update=23 global_step=47104 SPS=100 w_ev=0.943 m_ev=0.971 m_v_bias=-1.4 m_adv_std=30.3547 m_kl_max=0.0061 m_ratio_max=0.351 w_ax@goal=+0.73 w_v@goal=19.26 return=978.2 length=82 success_rate=1.00 collisions/ep=0.64 (n=25)
update=24 global_step=49152 SPS=101 w_ev=0.943 m_ev=0.983 m_v_bias=-5.8 m_adv_std=22.3209 m_kl_max=0.0088 m_ratio_max=0.558 w_ax@goal=+0.87 w_v@goal=19.19 return=983.0 length=83 success_rate=1.00 collisions/ep=0.58 (n=26)
update=25 global_step=51200 SPS=103 w_ev=0.938 m_ev=0.988 m_v_bias=-4.4 m_adv_std=19.1963 m_kl_max=0.0094 m_ratio_max=0.419 w_ax@goal=+0.85 w_v@goal=19.16 return=999.4 length=81 success_rate=1.00 collisions/ep=0.23 (n=26)
Evaluation at update 25: return=1011.00, length=79.65, success_rate=1.00, collisions/ep=0.00
Solved-check at update 25: solved=True worst_gap=2.27 at p_x0=0.00 p_y0=-1.00 (consecutive=0)
update=26 global_step=53248 SPS=96 w_ev=0.941 m_ev=0.987 m_v_bias=-0.6 m_adv_std=19.9853 m_kl_max=0.0117 m_ratio_max=0.474 w_ax@goal=+0.96 w_v@goal=18.98 return=989.2 length=82 success_rate=1.00 collisions/ep=0.42 (n=26)
update=27 global_step=55296 SPS=97 w_ev=0.934 m_ev=0.984 m_v_bias=3.4 m_adv_std=21.6351 m_kl_max=0.0080 m_ratio_max=0.411 w_ax@goal=+0.90 w_v@goal=19.11 return=985.9 length=82 success_rate=1.00 collisions/ep=0.46 (n=24)
update=28 global_step=57344 SPS=99 w_ev=0.928 m_ev=0.979 m_v_bias=2.0 m_adv_std=25.2238 m_kl_max=0.0238 m_ratio_max=0.626 w_ax@goal=+1.00 w_v@goal=19.26 return=980.8 length=82 success_rate=1.00 collisions/ep=0.62 (n=24)
update=29 global_step=59392 SPS=100 w_ev=0.912 m_ev=0.939 m_v_bias=1.8 m_adv_std=43.1258 m_kl_max=0.0206 m_ratio_max=1.360 w_ax@goal=+1.13 w_v@goal=19.30 return=971.5 length=82 success_rate=1.00 collisions/ep=0.85 (n=26)
update=30 global_step=61440 SPS=101 w_ev=0.924 m_ev=0.969 m_v_bias=5.7 m_adv_std=31.5864 m_kl_max=0.0171 m_ratio_max=1.175 w_ax@goal=+0.91 w_v@goal=19.47 return=971.4 length=81 success_rate=1.00 collisions/ep=0.76 (n=25)
Evaluation at update 30: return=1010.93, length=79.75, success_rate=1.00, collisions/ep=0.00
Solved-check at update 30: solved=True worst_gap=2.73 at p_x0=0.00 p_y0=-1.00 (consecutive=1)
Solved criterion held for 2 consecutive evals (tolerance=5.0) at global_step=61440.
update=31 global_step=63488 SPS=95 w_ev=0.940 m_ev=0.980 m_v_bias=-2.9 m_adv_std=24.0834 m_kl_max=0.0185 m_ratio_max=0.596 w_ax@goal=+0.88 w_v@goal=19.27 return=989.9 length=81 success_rate=1.00 collisions/ep=0.40 (n=25)
update=32 global_step=65536 SPS=97 w_ev=0.937 m_ev=0.989 m_v_bias=-4.7 m_adv_std=17.2264 m_kl_max=0.0223 m_ratio_max=1.172 w_ax@goal=+0.96 w_v@goal=19.23 return=988.4 length=82 success_rate=1.00 collisions/ep=0.44 (n=25)
update=33 global_step=67584 SPS=98 w_ev=0.946 m_ev=0.987 m_v_bias=2.6 m_adv_std=19.3892 m_kl_max=0.0097 m_ratio_max=0.455 w_ax@goal=+1.01 w_v@goal=19.16 return=988.7 length=80 success_rate=1.00 collisions/ep=0.46 (n=26)
update=34 global_step=69632 SPS=101 w_ev=0.935 m_ev=0.977 m_v_bias=2.1 m_adv_std=26.7225 m_kl_max=0.0143 m_ratio_max=0.467 w_ax@goal=+0.99 w_v@goal=19.18 return=987.8 length=81 success_rate=1.00 collisions/ep=0.50 (n=26)
update=35 global_step=71680 SPS=103 w_ev=0.932 m_ev=0.987 m_v_bias=-5.9 m_adv_std=18.8616 m_kl_max=0.0188 m_ratio_max=0.839 w_ax@goal=+1.00 w_v@goal=19.15 return=990.9 length=81 success_rate=1.00 collisions/ep=0.40 (n=25)
Evaluation at update 35: return=1011.64, length=79.10, success_rate=1.00, collisions/ep=0.00
Solved-check at update 35: solved=True worst_gap=1.58 at p_x0=0.00 p_y0=-1.00 (consecutive=2)
update=36 global_step=73728 SPS=102 w_ev=0.944 m_ev=0.992 m_v_bias=-3.1 m_adv_std=15.0453 m_kl_max=0.0157 m_ratio_max=0.549 w_ax@goal=+0.88 w_v@goal=19.21 return=1002.3 length=80 success_rate=1.00 collisions/ep=0.17 (n=24)
update=37 global_step=75776 SPS=104 w_ev=0.943 m_ev=0.993 m_v_bias=1.2 m_adv_std=14.2496 m_kl_max=0.0092 m_ratio_max=0.523 w_ax@goal=+0.86 w_v@goal=19.17 return=1001.5 length=81 success_rate=1.00 collisions/ep=0.19 (n=26)
update=38 global_step=77824 SPS=106 w_ev=0.938 m_ev=0.976 m_v_bias=2.9 m_adv_std=27.1951 m_kl_max=0.0075 m_ratio_max=0.440 w_ax@goal=+0.88 w_v@goal=19.19 return=994.1 length=82 success_rate=1.00 collisions/ep=0.33 (n=24)
update=39 global_step=79872 SPS=108 w_ev=0.946 m_ev=0.986 m_v_bias=-3.4 m_adv_std=20.3740 m_kl_max=0.0138 m_ratio_max=0.526 w_ax@goal=+0.83 w_v@goal=19.21 return=985.8 length=83 success_rate=1.00 collisions/ep=0.50 (n=26)
update=40 global_step=81920 SPS=110 w_ev=0.935 m_ev=0.960 m_v_bias=2.3 m_adv_std=35.4717 m_kl_max=0.0167 m_ratio_max=0.756 w_ax@goal=+0.83 w_v@goal=19.37 return=987.1 length=81 success_rate=1.00 collisions/ep=0.46 (n=26)
Evaluation at update 40: return=1011.74, length=79.05, success_rate=1.00, collisions/ep=0.00
Solved-check at update 40: solved=True worst_gap=1.40 at p_x0=0.00 p_y0=1.00 (consecutive=3)
update=41 global_step=83968 SPS=111 w_ev=0.936 m_ev=0.977 m_v_bias=3.6 m_adv_std=25.4531 m_kl_max=0.0082 m_ratio_max=0.480 w_ax@goal=+0.68 w_v@goal=19.18 return=994.8 length=80 success_rate=1.00 collisions/ep=0.33 (n=24)
update=42 global_step=86016 SPS=114 w_ev=0.940 m_ev=0.986 m_v_bias=-2.5 m_adv_std=19.5035 m_kl_max=0.0144 m_ratio_max=0.755 w_ax@goal=+0.78 w_v@goal=19.04 return=987.6 length=80 success_rate=1.00 collisions/ep=0.62 (n=26)
update=43 global_step=88064 SPS=116 w_ev=0.938 m_ev=0.995 m_v_bias=-6.0 m_adv_std=12.1309 m_kl_max=0.0059 m_ratio_max=0.397 w_ax@goal=+1.02 w_v@goal=19.31 return=1003.4 length=78 success_rate=1.00 collisions/ep=0.19 (n=27)
update=44 global_step=90112 SPS=118 w_ev=0.940 m_ev=0.992 m_v_bias=2.4 m_adv_std=14.5470 m_kl_max=0.0210 m_ratio_max=0.532 w_ax@goal=+0.83 w_v@goal=19.19 return=999.0 length=80 success_rate=1.00 collisions/ep=0.38 (n=24)
update=45 global_step=92160 SPS=121 w_ev=0.950 m_ev=0.967 m_v_bias=4.5 m_adv_std=31.9323 m_kl_max=0.0164 m_ratio_max=1.033 w_ax@goal=+0.93 w_v@goal=19.32 return=998.7 length=81 success_rate=1.00 collisions/ep=0.26 (n=27)
Evaluation at update 45: return=1012.26, length=78.45, success_rate=1.00, collisions/ep=0.00
Solved-check at update 45: solved=True worst_gap=0.98 at p_x0=0.50 p_y0=1.00 (consecutive=4)
update=46 global_step=94208 SPS=119 w_ev=0.946 m_ev=0.976 m_v_bias=-0.8 m_adv_std=26.2065 m_kl_max=0.0235 m_ratio_max=1.100 w_ax@goal=+1.02 w_v@goal=19.52 return=977.2 length=80 success_rate=1.00 collisions/ep=0.77 (n=26)
update=47 global_step=96256 SPS=121 w_ev=0.946 m_ev=0.988 m_v_bias=-0.4 m_adv_std=18.1833 m_kl_max=0.0140 m_ratio_max=0.620 w_ax@goal=+0.75 w_v@goal=19.53 return=993.5 length=80 success_rate=1.00 collisions/ep=0.36 (n=25)
update=48 global_step=98304 SPS=123 w_ev=0.945 m_ev=0.978 m_v_bias=1.0 m_adv_std=25.1402 m_kl_max=0.0197 m_ratio_max=0.832 w_ax@goal=+0.92 w_v@goal=19.29 return=995.2 length=79 success_rate=1.00 collisions/ep=0.36 (n=25)
update=49 global_step=100352 SPS=125 w_ev=0.926 m_ev=0.975 m_v_bias=2.6 m_adv_std=27.2426 m_kl_max=0.0313 m_ratio_max=0.834 w_ax@goal=+0.90 w_v@goal=19.09 return=984.7 length=80 success_rate=1.00 collisions/ep=0.54 (n=26)
update=50 global_step=102400 SPS=128 w_ev=0.940 m_ev=0.980 m_v_bias=-0.7 m_adv_std=24.4804 m_kl_max=0.0146 m_ratio_max=0.763 w_ax@goal=+0.74 w_v@goal=19.23 return=990.4 length=79 success_rate=1.00 collisions/ep=0.42 (n=26)
Evaluation at update 50: return=1012.23, length=78.45, success_rate=1.00, collisions/ep=0.00
Solved-check at update 50: solved=True worst_gap=0.95 at p_x0=0.50 p_y0=1.00 (consecutive=5)
update=51 global_step=104448 SPS=129 w_ev=0.935 m_ev=0.986 m_v_bias=-1.0 m_adv_std=19.5403 m_kl_max=0.0127 m_ratio_max=0.535 w_ax@goal=+0.92 w_v@goal=19.30 return=990.7 length=80 success_rate=1.00 collisions/ep=0.42 (n=24)
update=52 global_step=106496 SPS=131 w_ev=0.946 m_ev=0.987 m_v_bias=4.5 m_adv_std=19.4508 m_kl_max=0.0061 m_ratio_max=0.360 w_ax@goal=+0.57 w_v@goal=19.27 return=994.1 length=81 success_rate=1.00 collisions/ep=0.34 (n=29)
update=53 global_step=108544 SPS=134 w_ev=0.935 m_ev=0.980 m_v_bias=1.2 m_adv_std=23.8587 m_kl_max=0.0076 m_ratio_max=0.352 w_ax@goal=+0.40 w_v@goal=19.16 return=998.5 length=80 success_rate=1.00 collisions/ep=0.24 (n=25)
update=54 global_step=110592 SPS=136 w_ev=0.940 m_ev=0.986 m_v_bias=-1.2 m_adv_std=19.4877 m_kl_max=0.0232 m_ratio_max=1.377 w_ax@goal=+0.70 w_v@goal=19.22 return=991.4 length=79 success_rate=1.00 collisions/ep=0.48 (n=25)
update=55 global_step=112640 SPS=138 w_ev=0.933 m_ev=0.991 m_v_bias=-2.7 m_adv_std=15.2765 m_kl_max=0.0196 m_ratio_max=0.580 w_ax@goal=+0.80 w_v@goal=19.28 return=1001.3 length=78 success_rate=1.00 collisions/ep=0.19 (n=26)
Evaluation at update 55: return=1012.39, length=78.30, success_rate=1.00, collisions/ep=0.00
Solved-check at update 55: solved=True worst_gap=0.87 at p_x0=0.00 p_y0=1.00 (consecutive=6)
update=56 global_step=114688 SPS=138 w_ev=0.933 m_ev=0.991 m_v_bias=0.8 m_adv_std=15.4479 m_kl_max=0.0077 m_ratio_max=0.488 w_ax@goal=+0.79 w_v@goal=19.39 return=999.8 length=79 success_rate=1.00 collisions/ep=0.27 (n=26)
update=57 global_step=116736 SPS=140 w_ev=0.940 m_ev=0.985 m_v_bias=3.9 m_adv_std=20.4248 m_kl_max=0.0147 m_ratio_max=0.648 w_ax@goal=+0.70 w_v@goal=19.40 return=997.2 length=82 success_rate=1.00 collisions/ep=0.33 (n=27)
update=58 global_step=118784 SPS=143 w_ev=0.938 m_ev=0.989 m_v_bias=-1.7 m_adv_std=17.7363 m_kl_max=0.0121 m_ratio_max=0.535 w_ax@goal=+0.80 w_v@goal=19.36 return=998.0 length=81 success_rate=1.00 collisions/ep=0.28 (n=25)
update=59 global_step=120832 SPS=145 w_ev=0.946 m_ev=0.995 m_v_bias=-3.3 m_adv_std=11.4190 m_kl_max=0.0084 m_ratio_max=0.394 w_ax@goal=+0.79 w_v@goal=19.31 return=1001.3 length=79 success_rate=1.00 collisions/ep=0.21 (n=24)
update=60 global_step=122880 SPS=147 w_ev=0.947 m_ev=0.994 m_v_bias=-1.7 m_adv_std=12.6917 m_kl_max=0.0138 m_ratio_max=0.545 w_ax@goal=+0.84 w_v@goal=19.39 return=1005.8 length=80 success_rate=1.00 collisions/ep=0.12 (n=25)
Evaluation at update 60: return=1012.38, length=78.30, success_rate=1.00, collisions/ep=0.00
Solved-check at update 60: solved=True worst_gap=0.98 at p_x0=0.00 p_y0=1.00 (consecutive=7)
update=61 global_step=124928 SPS=148 w_ev=0.950 m_ev=0.991 m_v_bias=1.6 m_adv_std=15.6607 m_kl_max=0.0124 m_ratio_max=0.560 w_ax@goal=+0.88 w_v@goal=19.57 return=1002.1 length=80 success_rate=1.00 collisions/ep=0.23 (n=26)
update=62 global_step=126976 SPS=150 w_ev=0.950 m_ev=0.994 m_v_bias=-1.8 m_adv_std=13.4654 m_kl_max=0.0225 m_ratio_max=1.023 w_ax@goal=+0.81 w_v@goal=19.52 return=995.1 length=81 success_rate=1.00 collisions/ep=0.35 (n=26)
update=63 global_step=129024 SPS=152 w_ev=0.944 m_ev=0.983 m_v_bias=5.0 m_adv_std=22.5262 m_kl_max=0.0058 m_ratio_max=0.392 w_ax@goal=+0.76 w_v@goal=19.56 return=998.5 length=80 success_rate=1.00 collisions/ep=0.27 (n=26)
update=64 global_step=131072 SPS=154 w_ev=0.938 m_ev=0.995 m_v_bias=-0.8 m_adv_std=12.2949 m_kl_max=0.0126 m_ratio_max=0.642 w_ax@goal=+0.73 w_v@goal=19.51 return=1000.3 length=80 success_rate=1.00 collisions/ep=0.23 (n=26)
update=65 global_step=133120 SPS=156 w_ev=0.936 m_ev=0.997 m_v_bias=-5.4 m_adv_std=8.4889 m_kl_max=0.0104 m_ratio_max=0.852 w_ax@goal=+0.79 w_v@goal=19.33 return=1009.9 length=80 success_rate=1.00 collisions/ep=0.04 (n=24)
Evaluation at update 65: return=1012.42, length=78.25, success_rate=1.00, collisions/ep=0.00
Solved-check at update 65: solved=True worst_gap=0.86 at p_x0=0.00 p_y0=1.00 (consecutive=8)
update=66 global_step=135168 SPS=157 w_ev=0.956 m_ev=0.996 m_v_bias=-1.3 m_adv_std=11.1559 m_kl_max=0.0166 m_ratio_max=1.033 w_ax@goal=+0.74 w_v@goal=19.44 return=1006.5 length=80 success_rate=1.00 collisions/ep=0.12 (n=26)
update=67 global_step=137216 SPS=159 w_ev=0.943 m_ev=0.995 m_v_bias=-0.3 m_adv_std=11.7172 m_kl_max=0.0094 m_ratio_max=0.436 w_ax@goal=+0.93 w_v@goal=19.39 return=1006.2 length=79 success_rate=1.00 collisions/ep=0.12 (n=26)
update=68 global_step=139264 SPS=161 w_ev=0.951 m_ev=0.985 m_v_bias=2.6 m_adv_std=20.7928 m_kl_max=0.0194 m_ratio_max=0.754 w_ax@goal=+0.87 w_v@goal=19.37 return=1002.2 length=79 success_rate=1.00 collisions/ep=0.19 (n=26)
update=69 global_step=141312 SPS=162 w_ev=0.949 m_ev=0.995 m_v_bias=-3.9 m_adv_std=11.8361 m_kl_max=0.0237 m_ratio_max=0.944 w_ax@goal=+0.80 w_v@goal=19.18 return=1000.8 length=80 success_rate=1.00 collisions/ep=0.22 (n=27)
update=70 global_step=143360 SPS=163 w_ev=0.938 m_ev=0.964 m_v_bias=7.6 m_adv_std=32.6786 m_kl_max=0.0080 m_ratio_max=0.876 w_ax@goal=+0.94 w_v@goal=19.43 return=990.1 length=80 success_rate=1.00 collisions/ep=0.44 (n=25)
Evaluation at update 70: return=1012.50, length=78.25, success_rate=1.00, collisions/ep=0.00
Solved-check at update 70: solved=True worst_gap=0.75 at p_x0=0.00 p_y0=1.00 (consecutive=9)
update=71 global_step=145408 SPS=162 w_ev=0.944 m_ev=0.976 m_v_bias=-0.1 m_adv_std=26.9159 m_kl_max=0.0214 m_ratio_max=0.650 w_ax@goal=+0.93 w_v@goal=19.47 return=985.0 length=78 success_rate=1.00 collisions/ep=0.54 (n=26)
update=72 global_step=147456 SPS=163 w_ev=0.934 m_ev=0.986 m_v_bias=-10.2 m_adv_std=19.9130 m_kl_max=0.0122 m_ratio_max=0.523 w_ax@goal=+0.89 w_v@goal=19.34 return=996.5 length=79 success_rate=1.00 collisions/ep=0.31 (n=26)
update=73 global_step=149504 SPS=165 w_ev=0.925 m_ev=0.991 m_v_bias=0.4 m_adv_std=15.8917 m_kl_max=0.0161 m_ratio_max=0.562 w_ax@goal=+0.71 w_v@goal=19.30 return=998.5 length=80 success_rate=1.00 collisions/ep=0.27 (n=26)
update=74 global_step=151552 SPS=167 w_ev=0.918 m_ev=0.993 m_v_bias=-3.0 m_adv_std=14.4787 m_kl_max=0.0139 m_ratio_max=0.691 w_ax@goal=+0.69 w_v@goal=19.34 return=1000.1 length=79 success_rate=1.00 collisions/ep=0.23 (n=26)
update=75 global_step=153600 SPS=169 w_ev=0.933 m_ev=0.982 m_v_bias=1.3 m_adv_std=22.2509 m_kl_max=0.0110 m_ratio_max=0.596 w_ax@goal=+0.73 w_v@goal=19.26 return=994.0 length=79 success_rate=1.00 collisions/ep=0.36 (n=25)
Evaluation at update 75: return=1012.51, length=78.25, success_rate=1.00, collisions/ep=0.00
Solved-check at update 75: solved=True worst_gap=0.72 at p_x0=0.00 p_y0=1.00 (consecutive=10)
update=76 global_step=155648 SPS=167 w_ev=0.925 m_ev=0.990 m_v_bias=-0.2 m_adv_std=16.7046 m_kl_max=0.0301 m_ratio_max=0.774 w_ax@goal=+0.89 w_v@goal=19.37 return=1001.9 length=77 success_rate=1.00 collisions/ep=0.26 (n=27)
update=77 global_step=157696 SPS=169 w_ev=0.944 m_ev=0.993 m_v_bias=-1.8 m_adv_std=14.4138 m_kl_max=0.0172 m_ratio_max=0.874 w_ax@goal=+0.99 w_v@goal=19.49 return=998.8 length=79 success_rate=1.00 collisions/ep=0.31 (n=26)
update=78 global_step=159744 SPS=171 w_ev=0.944 m_ev=0.998 m_v_bias=-1.3 m_adv_std=6.5450 m_kl_max=0.0050 m_ratio_max=0.402 w_ax@goal=+0.88 w_v@goal=19.53 return=1010.8 length=81 success_rate=1.00 collisions/ep=0.04 (n=25)
update=79 global_step=161792 SPS=173 w_ev=0.953 m_ev=0.995 m_v_bias=1.6 m_adv_std=11.4207 m_kl_max=0.0109 m_ratio_max=0.336 w_ax@goal=+1.00 w_v@goal=19.46 return=1004.6 length=80 success_rate=1.00 collisions/ep=0.20 (n=25)
update=80 global_step=163840 SPS=175 w_ev=0.958 m_ev=0.997 m_v_bias=-2.0 m_adv_std=8.7457 m_kl_max=0.0144 m_ratio_max=0.448 w_ax@goal=+0.99 w_v@goal=19.50 return=1008.8 length=80 success_rate=1.00 collisions/ep=0.08 (n=26)
Evaluation at update 80: return=1012.58, length=78.15, success_rate=1.00, collisions/ep=0.00
Solved-check at update 80: solved=True worst_gap=0.67 at p_x0=0.00 p_y0=1.00 (consecutive=11)
update=81 global_step=165888 SPS=175 w_ev=0.955 m_ev=0.997 m_v_bias=-1.1 m_adv_std=9.1437 m_kl_max=0.0145 m_ratio_max=0.480 w_ax@goal=+0.82 w_v@goal=19.47 return=1007.3 length=83 success_rate=1.00 collisions/ep=0.12 (n=26)
update=82 global_step=167936 SPS=176 w_ev=0.952 m_ev=0.997 m_v_bias=-1.2 m_adv_std=8.4604 m_kl_max=0.0159 m_ratio_max=0.474 w_ax@goal=+0.91 w_v@goal=19.44 return=1006.9 length=80 success_rate=1.00 collisions/ep=0.15 (n=26)
update=83 global_step=169984 SPS=178 w_ev=0.933 m_ev=0.990 m_v_bias=0.2 m_adv_std=16.9420 m_kl_max=0.0060 m_ratio_max=0.335 w_ax@goal=+0.95 w_v@goal=19.40 return=1004.5 length=80 success_rate=1.00 collisions/ep=0.16 (n=25)
update=84 global_step=172032 SPS=178 w_ev=0.933 m_ev=0.996 m_v_bias=-2.4 m_adv_std=9.6980 m_kl_max=0.0266 m_ratio_max=0.938 w_ax@goal=+1.04 w_v@goal=19.37 return=1006.2 length=79 success_rate=1.00 collisions/ep=0.12 (n=24)
update=85 global_step=174080 SPS=177 w_ev=0.946 m_ev=0.995 m_v_bias=1.6 m_adv_std=11.2613 m_kl_max=0.0204 m_ratio_max=0.996 w_ax@goal=+1.19 w_v@goal=19.44 return=1006.9 length=81 success_rate=1.00 collisions/ep=0.12 (n=25)
Evaluation at update 85: return=1012.56, length=78.15, success_rate=1.00, collisions/ep=0.00
Solved-check at update 85: solved=True worst_gap=0.78 at p_x0=2.00 p_y0=1.00 (consecutive=12)
update=86 global_step=176128 SPS=171 w_ev=0.954 m_ev=0.993 m_v_bias=0.5 m_adv_std=14.4371 m_kl_max=0.0191 m_ratio_max=1.305 w_ax@goal=+1.02 w_v@goal=19.38 return=1002.9 length=80 success_rate=1.00 collisions/ep=0.19 (n=27)
update=87 global_step=178176 SPS=171 w_ev=0.951 m_ev=1.000 m_v_bias=-2.8 m_adv_std=3.4151 m_kl_max=0.0194 m_ratio_max=0.610 w_ax@goal=+0.90 w_v@goal=19.42 return=1012.4 length=81 success_rate=1.00 collisions/ep=0.00 (n=26)
update=88 global_step=180224 SPS=172 w_ev=0.951 m_ev=0.981 m_v_bias=7.3 m_adv_std=23.6150 m_kl_max=0.0235 m_ratio_max=1.184 w_ax@goal=+0.85 w_v@goal=19.20 return=993.0 length=80 success_rate=1.00 collisions/ep=0.38 (n=24)
update=89 global_step=182272 SPS=172 w_ev=0.946 m_ev=0.985 m_v_bias=-4.0 m_adv_std=20.6447 m_kl_max=0.0272 m_ratio_max=0.869 w_ax@goal=+0.94 w_v@goal=19.37 return=1000.8 length=79 success_rate=1.00 collisions/ep=0.23 (n=26)
update=90 global_step=184320 SPS=172 w_ev=0.931 m_ev=0.998 m_v_bias=-2.2 m_adv_std=7.7868 m_kl_max=0.0109 m_ratio_max=0.540 w_ax@goal=+1.04 w_v@goal=19.36 return=1010.5 length=79 success_rate=1.00 collisions/ep=0.04 (n=27)
Evaluation at update 90: return=1012.67, length=78.10, success_rate=1.00, collisions/ep=0.00
Solved-check at update 90: solved=True worst_gap=0.61 at p_x0=0.00 p_y0=1.00 (consecutive=13)
update=91 global_step=186368 SPS=169 w_ev=0.951 m_ev=0.999 m_v_bias=-1.0 m_adv_std=6.1108 m_kl_max=0.0100 m_ratio_max=0.543 w_ax@goal=+0.99 w_v@goal=19.34 return=1012.6 length=79 success_rate=1.00 collisions/ep=0.00 (n=26)
update=92 global_step=188416 SPS=169 w_ev=0.932 m_ev=0.996 m_v_bias=1.2 m_adv_std=10.9376 m_kl_max=0.0317 m_ratio_max=1.354 w_ax@goal=+1.06 w_v@goal=19.37 return=1006.7 length=80 success_rate=1.00 collisions/ep=0.12 (n=25)
update=93 global_step=190464 SPS=170 w_ev=0.934 m_ev=0.996 m_v_bias=2.5 m_adv_std=10.4468 m_kl_max=0.0223 m_ratio_max=0.704 w_ax@goal=+0.96 w_v@goal=19.43 return=1005.1 length=81 success_rate=1.00 collisions/ep=0.16 (n=25)
update=94 global_step=192512 SPS=170 w_ev=0.939 m_ev=0.993 m_v_bias=1.7 m_adv_std=14.1535 m_kl_max=0.0139 m_ratio_max=0.494 w_ax@goal=+0.99 w_v@goal=19.47 return=1008.3 length=79 success_rate=1.00 collisions/ep=0.12 (n=24)
update=95 global_step=194560 SPS=171 w_ev=0.919 m_ev=0.986 m_v_bias=1.1 m_adv_std=19.6156 m_kl_max=0.0511 m_ratio_max=1.763 w_ax@goal=+1.16 w_v@goal=19.50 return=1003.3 length=77 success_rate=1.00 collisions/ep=0.17 (n=29)
Evaluation at update 95: return=1012.71, length=78.10, success_rate=1.00, collisions/ep=0.00
Solved-check at update 95: solved=True worst_gap=0.55 at p_x0=0.00 p_y0=1.00 (consecutive=14)
update=96 global_step=196608 SPS=168 w_ev=0.933 m_ev=0.991 m_v_bias=-0.1 m_adv_std=16.3499 m_kl_max=0.0171 m_ratio_max=0.565 w_ax@goal=+1.04 w_v@goal=19.52 return=995.5 length=80 success_rate=1.00 collisions/ep=0.35 (n=26)
update=97 global_step=198656 SPS=168 w_ev=0.924 m_ev=0.991 m_v_bias=2.0 m_adv_std=15.6111 m_kl_max=0.0096 m_ratio_max=0.364 w_ax@goal=+1.06 w_v@goal=19.43 return=1000.6 length=79 success_rate=1.00 collisions/ep=0.24 (n=25)
update=98 global_step=200704 SPS=169 w_ev=0.939 m_ev=0.987 m_v_bias=-3.5 m_adv_std=19.1490 m_kl_max=0.0141 m_ratio_max=0.669 w_ax@goal=+1.16 w_v@goal=19.47 return=1000.7 length=79 success_rate=1.00 collisions/ep=0.28 (n=25)
update=99 global_step=202752 SPS=169 w_ev=0.926 m_ev=0.980 m_v_bias=0.6 m_adv_std=24.3299 m_kl_max=0.0201 m_ratio_max=0.548 w_ax@goal=+1.19 w_v@goal=19.58 return=994.4 length=77 success_rate=1.00 collisions/ep=0.36 (n=28)
update=100 global_step=204800 SPS=169 w_ev=0.937 m_ev=0.994 m_v_bias=-3.9 m_adv_std=12.7769 m_kl_max=0.0141 m_ratio_max=0.577 w_ax@goal=+1.20 w_v@goal=19.60 return=1005.3 length=81 success_rate=1.00 collisions/ep=0.15 (n=26)
Evaluation at update 100: return=1012.54, length=78.15, success_rate=1.00, collisions/ep=0.00
Solved-check at update 100: solved=True worst_gap=0.80 at p_x0=0.00 p_y0=1.00 (consecutive=15)
Saved checkpoints to C:\Users\loren\Desktop\MASTER THESIS\5_CODE\scenarios\slalom\studies\hppo\runs\hppo_slalom_7_1790244899
