Using device: cpu
Solved-check: precomputed optimal returns for 25 fixed initial conditions (mean=1013.0, min=1011.0, max=1015.0); solved-tolerance=5.0
num_envs=8 num_steps_per_env=256 worker_batch_size=2048 worker_minibatch_size=256 num_updates=100 timesteps=204800
update=1 global_step=2048 SPS=681 w_ev=0.005 m_ev=0.001 m_v_bias=63.9 m_adv_std=269.9242 m_kl_max=0.0021 m_ratio_max=0.188 w_ax@goal=-0.21 w_v@goal=0.19 return=-292.3 length=185 success_rate=0.38 collisions/ep=11.00 (n=8)
update=2 global_step=4096 SPS=668 w_ev=0.371 m_ev=0.286 m_v_bias=-0.5 m_adv_std=205.2773 m_kl_max=0.0033 m_ratio_max=0.338 w_ax@goal=-0.20 w_v@goal=2.82 return=-194.6 length=172 success_rate=0.30 collisions/ep=7.40 (n=10)
update=3 global_step=6144 SPS=648 w_ev=0.686 m_ev=0.564 m_v_bias=-18.7 m_adv_std=158.8407 m_kl_max=0.0016 m_ratio_max=0.207 w_ax@goal=-0.05 w_v@goal=4.03 return=-226.3 length=193 success_rate=0.20 collisions/ep=5.20 (n=10)
update=4 global_step=8192 SPS=633 w_ev=0.625 m_ev=0.376 m_v_bias=-32.8 m_adv_std=170.4687 m_kl_max=0.0014 m_ratio_max=0.243 w_ax@goal=-0.02 w_v@goal=4.91 return=-196.3 length=189 success_rate=0.14 collisions/ep=3.50 (n=14)
update=5 global_step=10240 SPS=628 w_ev=0.639 m_ev=0.435 m_v_bias=7.8 m_adv_std=164.1550 m_kl_max=0.0047 m_ratio_max=0.410 w_ax@goal=-0.03 w_v@goal=5.46 return=-79.1 length=178 success_rate=0.30 collisions/ep=4.70 (n=10)
Evaluation at update 5: return=196.30, length=149.75, success_rate=1.00, collisions/ep=14.90
Solved-check at update 5: solved=False worst_gap=927.89 at p_x0=2.00 p_y0=-1.00 (consecutive=0)
update=6 global_step=12288 SPS=353 w_ev=0.715 m_ev=0.389 m_v_bias=-68.8 m_adv_std=237.3251 m_kl_max=0.0006 m_ratio_max=0.160 w_ax@goal=-0.07 w_v@goal=8.03 return=186.6 length=162 success_rate=0.62 collisions/ep=6.92 (n=13)
update=7 global_step=14336 SPS=387 w_ev=0.892 m_ev=0.686 m_v_bias=-125.4 m_adv_std=166.3319 m_kl_max=0.0094 m_ratio_max=0.397 w_ax@goal=+0.21 w_v@goal=12.91 return=498.4 length=143 success_rate=0.85 collisions/ep=5.85 (n=13)
update=8 global_step=16384 SPS=419 w_ev=0.950 m_ev=0.884 m_v_bias=-80.7 m_adv_std=102.9861 m_kl_max=0.0023 m_ratio_max=0.185 w_ax@goal=+0.18 w_v@goal=17.33 return=644.8 length=118 success_rate=1.00 collisions/ep=6.55 (n=20)
update=9 global_step=18432 SPS=447 w_ev=0.957 m_ev=0.875 m_v_bias=-58.4 m_adv_std=101.4520 m_kl_max=0.0083 m_ratio_max=0.418 w_ax@goal=+0.37 w_v@goal=18.82 return=691.3 length=120 success_rate=1.00 collisions/ep=5.61 (n=18)
update=10 global_step=20480 SPS=472 w_ev=0.971 m_ev=0.942 m_v_bias=-42.1 m_adv_std=64.9975 m_kl_max=0.0069 m_ratio_max=0.437 w_ax@goal=+0.51 w_v@goal=19.52 return=732.4 length=104 success_rate=1.00 collisions/ep=5.11 (n=19)
Evaluation at update 10: return=165.77, length=90.60, success_rate=1.00, collisions/ep=16.70
Solved-check at update 10: solved=False worst_gap=916.84 at p_x0=0.00 p_y0=1.00 (consecutive=0)
update=11 global_step=22528 SPS=395 w_ev=0.967 m_ev=0.925 m_v_bias=-22.4 m_adv_std=72.3195 m_kl_max=0.0049 m_ratio_max=0.396 w_ax@goal=+0.64 w_v@goal=19.43 return=743.1 length=103 success_rate=1.00 collisions/ep=4.91 (n=22)
update=12 global_step=24576 SPS=408 w_ev=0.950 m_ev=0.914 m_v_bias=8.7 m_adv_std=76.2185 m_kl_max=0.0014 m_ratio_max=0.220 w_ax@goal=+0.50 w_v@goal=19.48 return=729.6 length=95 success_rate=1.00 collisions/ep=5.33 (n=21)
update=13 global_step=26624 SPS=420 w_ev=0.952 m_ev=0.928 m_v_bias=-13.1 m_adv_std=64.2629 m_kl_max=0.0025 m_ratio_max=0.205 w_ax@goal=+0.59 w_v@goal=19.28 return=756.1 length=88 success_rate=1.00 collisions/ep=4.96 (n=23)
update=14 global_step=28672 SPS=430 w_ev=0.954 m_ev=0.936 m_v_bias=-22.3 m_adv_std=57.4193 m_kl_max=0.0186 m_ratio_max=0.632 w_ax@goal=+0.78 w_v@goal=19.31 return=818.3 length=88 success_rate=1.00 collisions/ep=3.70 (n=20)
update=15 global_step=30720 SPS=438 w_ev=0.928 m_ev=0.904 m_v_bias=10.4 m_adv_std=72.4526 m_kl_max=0.0115 m_ratio_max=0.660 w_ax@goal=+0.78 w_v@goal=19.60 return=801.5 length=88 success_rate=1.00 collisions/ep=4.08 (n=24)
Evaluation at update 15: return=779.29, length=82.00, success_rate=1.00, collisions/ep=4.60
Solved-check at update 15: solved=False worst_gap=352.85 at p_x0=2.00 p_y0=-1.00 (consecutive=0)
update=16 global_step=32768 SPS=393 w_ev=0.948 m_ev=0.901 m_v_bias=5.3 m_adv_std=70.9198 m_kl_max=0.0164 m_ratio_max=0.515 w_ax@goal=+0.89 w_v@goal=19.38 return=784.0 length=87 success_rate=1.00 collisions/ep=4.42 (n=24)
update=17 global_step=34816 SPS=407 w_ev=0.940 m_ev=0.912 m_v_bias=3.5 m_adv_std=69.0227 m_kl_max=0.0044 m_ratio_max=0.472 w_ax@goal=+0.62 w_v@goal=19.49 return=815.3 length=86 success_rate=1.00 collisions/ep=3.79 (n=24)
update=18 global_step=36864 SPS=420 w_ev=0.950 m_ev=0.923 m_v_bias=-17.5 m_adv_std=62.5379 m_kl_max=0.0083 m_ratio_max=0.429 w_ax@goal=+0.68 w_v@goal=19.25 return=849.8 length=88 success_rate=1.00 collisions/ep=3.08 (n=24)
update=19 global_step=38912 SPS=429 w_ev=0.956 m_ev=0.953 m_v_bias=-19.6 m_adv_std=45.2687 m_kl_max=0.0104 m_ratio_max=0.502 w_ax@goal=+1.02 w_v@goal=19.25 return=867.0 length=85 success_rate=1.00 collisions/ep=2.79 (n=24)
update=20 global_step=40960 SPS=437 w_ev=0.948 m_ev=0.912 m_v_bias=0.9 m_adv_std=61.0030 m_kl_max=0.0033 m_ratio_max=0.436 w_ax@goal=+1.07 w_v@goal=19.28 return=884.1 length=85 success_rate=1.00 collisions/ep=2.50 (n=24)
Evaluation at update 20: return=925.59, length=80.70, success_rate=1.00, collisions/ep=1.70
Solved-check at update 20: solved=False worst_gap=501.88 at p_x0=2.00 p_y0=-1.00 (consecutive=0)
update=21 global_step=43008 SPS=405 w_ev=0.931 m_ev=0.872 m_v_bias=8.2 m_adv_std=74.3717 m_kl_max=0.0107 m_ratio_max=0.674 w_ax@goal=+0.99 w_v@goal=19.32 return=878.7 length=84 success_rate=1.00 collisions/ep=2.62 (n=24)
update=22 global_step=45056 SPS=411 w_ev=0.939 m_ev=0.938 m_v_bias=-12.8 m_adv_std=49.6498 m_kl_max=0.0173 m_ratio_max=0.866 w_ax@goal=+1.02 w_v@goal=19.20 return=883.1 length=84 success_rate=1.00 collisions/ep=2.50 (n=24)
update=23 global_step=47104 SPS=417 w_ev=0.924 m_ev=0.941 m_v_bias=-6.5 m_adv_std=46.7240 m_kl_max=0.0114 m_ratio_max=0.457 w_ax@goal=+0.97 w_v@goal=19.22 return=914.8 length=83 success_rate=1.00 collisions/ep=1.92 (n=24)
update=24 global_step=49152 SPS=422 w_ev=0.946 m_ev=0.941 m_v_bias=-20.2 m_adv_std=45.8320 m_kl_max=0.0113 m_ratio_max=0.546 w_ax@goal=+0.89 w_v@goal=19.32 return=951.9 length=82 success_rate=1.00 collisions/ep=1.19 (n=27)
update=25 global_step=51200 SPS=427 w_ev=0.932 m_ev=0.933 m_v_bias=3.4 m_adv_std=48.6896 m_kl_max=0.0046 m_ratio_max=0.408 w_ax@goal=+0.93 w_v@goal=19.23 return=945.2 length=84 success_rate=1.00 collisions/ep=1.30 (n=27)
Evaluation at update 25: return=1006.29, length=80.15, success_rate=1.00, collisions/ep=0.10
Solved-check at update 25: solved=False worst_gap=51.46 at p_x0=1.50 p_y0=-1.00 (consecutive=0)
update=26 global_step=53248 SPS=402 w_ev=0.937 m_ev=0.939 m_v_bias=0.4 m_adv_std=45.8100 m_kl_max=0.0046 m_ratio_max=0.384 w_ax@goal=+0.99 w_v@goal=19.18 return=942.1 length=82 success_rate=1.00 collisions/ep=1.38 (n=26)
update=27 global_step=55296 SPS=411 w_ev=0.927 m_ev=0.929 m_v_bias=5.8 m_adv_std=50.2662 m_kl_max=0.0058 m_ratio_max=0.378 w_ax@goal=+0.84 w_v@goal=19.18 return=926.3 length=82 success_rate=1.00 collisions/ep=1.71 (n=24)
update=28 global_step=57344 SPS=419 w_ev=0.910 m_ev=0.915 m_v_bias=2.6 m_adv_std=54.4736 m_kl_max=0.0325 m_ratio_max=0.786 w_ax@goal=+0.89 w_v@goal=19.51 return=923.3 length=83 success_rate=1.00 collisions/ep=1.83 (n=24)
update=29 global_step=59392 SPS=427 w_ev=0.937 m_ev=0.986 m_v_bias=-25.5 m_adv_std=21.1853 m_kl_max=0.0150 m_ratio_max=0.506 w_ax@goal=+0.78 w_v@goal=19.58 return=989.2 length=84 success_rate=1.00 collisions/ep=0.38 (n=24)
update=30 global_step=61440 SPS=435 w_ev=0.884 m_ev=0.845 m_v_bias=44.3 m_adv_std=77.8506 m_kl_max=0.0112 m_ratio_max=0.735 w_ax@goal=+0.85 w_v@goal=19.14 return=866.2 length=82 success_rate=1.00 collisions/ep=2.96 (n=24)
Evaluation at update 30: return=1011.36, length=80.00, success_rate=1.00, collisions/ep=0.00
Solved-check at update 30: solved=True worst_gap=1.99 at p_x0=0.00 p_y0=1.00 (consecutive=0)
update=31 global_step=63488 SPS=413 w_ev=0.937 m_ev=0.925 m_v_bias=-21.5 m_adv_std=51.3355 m_kl_max=0.0092 m_ratio_max=0.531 w_ax@goal=+0.83 w_v@goal=19.23 return=933.8 length=83 success_rate=1.00 collisions/ep=1.50 (n=24)
update=32 global_step=65536 SPS=417 w_ev=0.931 m_ev=0.950 m_v_bias=-8.2 m_adv_std=40.9481 m_kl_max=0.0132 m_ratio_max=0.862 w_ax@goal=+0.91 w_v@goal=19.50 return=940.6 length=82 success_rate=1.00 collisions/ep=1.38 (n=24)
update=33 global_step=67584 SPS=423 w_ev=0.944 m_ev=0.981 m_v_bias=-14.5 m_adv_std=23.6935 m_kl_max=0.0046 m_ratio_max=0.281 w_ax@goal=+0.84 w_v@goal=19.34 return=978.0 length=83 success_rate=1.00 collisions/ep=0.67 (n=24)
update=34 global_step=69632 SPS=428 w_ev=0.929 m_ev=0.968 m_v_bias=1.7 m_adv_std=32.3391 m_kl_max=0.0057 m_ratio_max=0.315 w_ax@goal=+1.04 w_v@goal=19.29 return=969.6 length=82 success_rate=1.00 collisions/ep=0.80 (n=30)
update=35 global_step=71680 SPS=432 w_ev=0.929 m_ev=0.980 m_v_bias=-4.0 m_adv_std=24.6084 m_kl_max=0.0234 m_ratio_max=0.665 w_ax@goal=+0.96 w_v@goal=19.41 return=979.1 length=82 success_rate=1.00 collisions/ep=0.62 (n=26)
Evaluation at update 35: return=1011.53, length=79.70, success_rate=1.00, collisions/ep=0.00
Solved-check at update 35: solved=True worst_gap=1.91 at p_x0=0.00 p_y0=1.00 (consecutive=1)
Solved criterion held for 2 consecutive evals (tolerance=5.0) at global_step=71680.
update=36 global_step=73728 SPS=410 w_ev=0.933 m_ev=0.974 m_v_bias=1.4 m_adv_std=29.1943 m_kl_max=0.0064 m_ratio_max=0.386 w_ax@goal=+0.93 w_v@goal=19.44 return=970.3 length=82 success_rate=1.00 collisions/ep=0.83 (n=24)
update=37 global_step=75776 SPS=417 w_ev=0.941 m_ev=0.972 m_v_bias=-3.2 m_adv_std=29.2736 m_kl_max=0.0027 m_ratio_max=0.402 w_ax@goal=+0.76 w_v@goal=19.22 return=974.8 length=81 success_rate=1.00 collisions/ep=0.75 (n=24)
update=38 global_step=77824 SPS=423 w_ev=0.937 m_ev=0.959 m_v_bias=2.9 m_adv_std=36.2798 m_kl_max=0.0147 m_ratio_max=0.401 w_ax@goal=+1.13 w_v@goal=19.41 return=948.1 length=81 success_rate=1.00 collisions/ep=1.25 (n=24)
update=39 global_step=79872 SPS=429 w_ev=0.931 m_ev=0.974 m_v_bias=-12.0 m_adv_std=27.1889 m_kl_max=0.0057 m_ratio_max=0.310 w_ax@goal=+1.02 w_v@goal=19.57 return=975.3 length=81 success_rate=1.00 collisions/ep=0.88 (n=24)
update=40 global_step=81920 SPS=435 w_ev=0.939 m_ev=0.972 m_v_bias=4.2 m_adv_std=29.5388 m_kl_max=0.0101 m_ratio_max=0.474 w_ax@goal=+1.16 w_v@goal=19.40 return=979.8 length=80 success_rate=1.00 collisions/ep=0.63 (n=27)
Evaluation at update 40: return=1012.25, length=79.30, success_rate=1.00, collisions/ep=0.00
Solved-check at update 40: solved=True worst_gap=1.18 at p_x0=0.00 p_y0=1.00 (consecutive=2)
update=41 global_step=83968 SPS=419 w_ev=0.931 m_ev=0.976 m_v_bias=-3.6 m_adv_std=28.0060 m_kl_max=0.0125 m_ratio_max=0.521 w_ax@goal=+1.15 w_v@goal=19.59 return=975.3 length=80 success_rate=1.00 collisions/ep=0.72 (n=29)
update=42 global_step=86016 SPS=423 w_ev=0.905 m_ev=0.979 m_v_bias=-5.5 m_adv_std=24.7828 m_kl_max=0.0088 m_ratio_max=0.326 w_ax@goal=+1.21 w_v@goal=19.66 return=990.6 length=80 success_rate=1.00 collisions/ep=0.46 (n=24)
update=43 global_step=88064 SPS=428 w_ev=0.933 m_ev=0.972 m_v_bias=2.7 m_adv_std=28.6783 m_kl_max=0.0117 m_ratio_max=0.499 w_ax@goal=+1.18 w_v@goal=19.56 return=972.1 length=80 success_rate=1.00 collisions/ep=0.79 (n=24)
update=44 global_step=90112 SPS=433 w_ev=0.922 m_ev=0.960 m_v_bias=1.7 m_adv_std=33.5373 m_kl_max=0.0136 m_ratio_max=0.546 w_ax@goal=+1.27 w_v@goal=19.74 return=959.2 length=80 success_rate=1.00 collisions/ep=1.21 (n=24)
update=45 global_step=92160 SPS=438 w_ev=0.906 m_ev=0.944 m_v_bias=1.7 m_adv_std=41.5847 m_kl_max=0.0198 m_ratio_max=0.512 w_ax@goal=+1.19 w_v@goal=19.66 return=975.5 length=80 success_rate=1.00 collisions/ep=0.84 (n=25)
Evaluation at update 45: return=1012.23, length=79.30, success_rate=1.00, collisions/ep=0.00
Solved-check at update 45: solved=True worst_gap=1.18 at p_x0=0.00 p_y0=1.00 (consecutive=3)
update=46 global_step=94208 SPS=430 w_ev=0.882 m_ev=0.916 m_v_bias=10.2 m_adv_std=57.8839 m_kl_max=0.0302 m_ratio_max=0.975 w_ax@goal=+1.08 w_v@goal=19.38 return=954.9 length=80 success_rate=1.00 collisions/ep=1.16 (n=31)
update=47 global_step=96256 SPS=435 w_ev=0.917 m_ev=0.976 m_v_bias=-1.8 m_adv_std=27.4015 m_kl_max=0.0126 m_ratio_max=0.406 w_ax@goal=+1.17 w_v@goal=19.50 return=973.2 length=81 success_rate=1.00 collisions/ep=0.83 (n=24)
update=48 global_step=98304 SPS=440 w_ev=0.915 m_ev=0.978 m_v_bias=-5.3 m_adv_std=25.7579 m_kl_max=0.0117 m_ratio_max=0.597 w_ax@goal=+0.95 w_v@goal=19.44 return=979.9 length=81 success_rate=1.00 collisions/ep=0.67 (n=24)
update=49 global_step=100352 SPS=445 w_ev=0.907 m_ev=0.970 m_v_bias=-0.3 m_adv_std=29.6899 m_kl_max=0.0116 m_ratio_max=0.461 w_ax@goal=+0.97 w_v@goal=19.22 return=969.5 length=80 success_rate=1.00 collisions/ep=0.88 (n=24)
update=50 global_step=102400 SPS=450 w_ev=0.912 m_ev=0.954 m_v_bias=5.0 m_adv_std=37.7045 m_kl_max=0.0126 m_ratio_max=0.450 w_ax@goal=+0.98 w_v@goal=19.51 return=978.4 length=80 success_rate=1.00 collisions/ep=0.71 (n=24)
Evaluation at update 50: return=1012.49, length=78.70, success_rate=1.00, collisions/ep=0.00
Solved-check at update 50: solved=True worst_gap=0.96 at p_x0=0.00 p_y0=1.00 (consecutive=4)
update=51 global_step=104448 SPS=441 w_ev=0.895 m_ev=0.910 m_v_bias=6.4 m_adv_std=57.4177 m_kl_max=0.0206 m_ratio_max=0.479 w_ax@goal=+0.93 w_v@goal=19.51 return=956.8 length=80 success_rate=1.00 collisions/ep=1.16 (n=32)
update=52 global_step=106496 SPS=446 w_ev=0.889 m_ev=0.944 m_v_bias=0.7 m_adv_std=44.6701 m_kl_max=0.0177 m_ratio_max=0.538 w_ax@goal=+0.78 w_v@goal=19.73 return=946.9 length=80 success_rate=1.00 collisions/ep=1.38 (n=24)
update=53 global_step=108544 SPS=450 w_ev=0.891 m_ev=0.958 m_v_bias=1.5 m_adv_std=36.3770 m_kl_max=0.0159 m_ratio_max=0.533 w_ax@goal=+0.86 w_v@goal=19.45 return=969.4 length=81 success_rate=1.00 collisions/ep=0.92 (n=24)
update=54 global_step=110592 SPS=455 w_ev=0.899 m_ev=0.986 m_v_bias=4.5 m_adv_std=19.9449 m_kl_max=0.0184 m_ratio_max=0.579 w_ax@goal=+0.85 w_v@goal=19.57 return=961.2 length=80 success_rate=1.00 collisions/ep=1.04 (n=24)
update=55 global_step=112640 SPS=459 w_ev=0.921 m_ev=0.982 m_v_bias=-12.0 m_adv_std=22.3247 m_kl_max=0.0100 m_ratio_max=0.644 w_ax@goal=+0.93 w_v@goal=19.61 return=1000.9 length=80 success_rate=1.00 collisions/ep=0.29 (n=24)
Evaluation at update 55: return=1012.52, length=78.70, success_rate=1.00, collisions/ep=0.00
Solved-check at update 55: solved=True worst_gap=0.96 at p_x0=0.00 p_y0=1.00 (consecutive=5)
update=56 global_step=114688 SPS=450 w_ev=0.939 m_ev=0.971 m_v_bias=2.5 m_adv_std=30.5067 m_kl_max=0.0237 m_ratio_max=0.665 w_ax@goal=+1.13 w_v@goal=19.70 return=971.8 length=80 success_rate=1.00 collisions/ep=0.83 (n=29)
update=57 global_step=116736 SPS=454 w_ev=0.918 m_ev=0.981 m_v_bias=1.8 m_adv_std=24.5229 m_kl_max=0.0110 m_ratio_max=0.357 w_ax@goal=+1.23 w_v@goal=19.58 return=970.7 length=80 success_rate=1.00 collisions/ep=0.81 (n=27)
update=58 global_step=118784 SPS=458 w_ev=0.890 m_ev=0.960 m_v_bias=-0.3 m_adv_std=35.4114 m_kl_max=0.0178 m_ratio_max=0.665 w_ax@goal=+0.97 w_v@goal=19.54 return=971.9 length=80 success_rate=1.00 collisions/ep=0.83 (n=24)
update=59 global_step=120832 SPS=462 w_ev=0.898 m_ev=0.950 m_v_bias=-3.1 m_adv_std=38.7573 m_kl_max=0.0133 m_ratio_max=0.545 w_ax@goal=+1.15 w_v@goal=19.58 return=969.9 length=80 success_rate=1.00 collisions/ep=0.92 (n=24)
update=60 global_step=122880 SPS=465 w_ev=0.933 m_ev=0.983 m_v_bias=-3.7 m_adv_std=21.6279 m_kl_max=0.0259 m_ratio_max=1.230 w_ax@goal=+1.13 w_v@goal=19.63 return=988.6 length=80 success_rate=1.00 collisions/ep=0.54 (n=24)
Evaluation at update 60: return=1012.72, length=78.50, success_rate=1.00, collisions/ep=0.00
Solved-check at update 60: solved=True worst_gap=0.66 at p_x0=0.00 p_y0=1.00 (consecutive=6)
update=61 global_step=124928 SPS=450 w_ev=0.888 m_ev=0.934 m_v_bias=21.2 m_adv_std=45.1411 m_kl_max=0.0100 m_ratio_max=0.496 w_ax@goal=+0.91 w_v@goal=19.52 return=958.6 length=81 success_rate=1.00 collisions/ep=1.15 (n=26)
update=62 global_step=126976 SPS=452 w_ev=0.920 m_ev=0.980 m_v_bias=-13.7 m_adv_std=25.9640 m_kl_max=0.0141 m_ratio_max=0.476 w_ax@goal=+0.92 w_v@goal=19.49 return=988.0 length=81 success_rate=1.00 collisions/ep=0.48 (n=29)
update=63 global_step=129024 SPS=455 w_ev=0.926 m_ev=0.969 m_v_bias=-6.0 m_adv_std=30.1427 m_kl_max=0.0259 m_ratio_max=0.585 w_ax@goal=+0.97 w_v@goal=19.60 return=986.8 length=81 success_rate=1.00 collisions/ep=0.60 (n=25)
update=64 global_step=131072 SPS=459 w_ev=0.917 m_ev=0.959 m_v_bias=-2.0 m_adv_std=35.2456 m_kl_max=0.0200 m_ratio_max=0.649 w_ax@goal=+0.96 w_v@goal=19.66 return=977.7 length=80 success_rate=1.00 collisions/ep=0.71 (n=24)
update=65 global_step=133120 SPS=462 w_ev=0.910 m_ev=0.988 m_v_bias=-6.6 m_adv_std=18.3084 m_kl_max=0.0161 m_ratio_max=0.541 w_ax@goal=+1.15 w_v@goal=19.78 return=998.7 length=80 success_rate=1.00 collisions/ep=0.29 (n=24)
Evaluation at update 65: return=1012.71, length=78.50, success_rate=1.00, collisions/ep=0.00
Solved-check at update 65: solved=True worst_gap=0.66 at p_x0=0.00 p_y0=1.00 (consecutive=7)
update=66 global_step=135168 SPS=452 w_ev=0.925 m_ev=0.987 m_v_bias=0.6 m_adv_std=19.1055 m_kl_max=0.0217 m_ratio_max=0.953 w_ax@goal=+0.97 w_v@goal=19.60 return=985.8 length=81 success_rate=1.00 collisions/ep=0.62 (n=24)
update=67 global_step=137216 SPS=455 w_ev=0.898 m_ev=0.964 m_v_bias=10.3 m_adv_std=33.1705 m_kl_max=0.0136 m_ratio_max=0.584 w_ax@goal=+0.89 w_v@goal=19.55 return=969.7 length=80 success_rate=1.00 collisions/ep=1.00 (n=30)
update=68 global_step=139264 SPS=457 w_ev=0.914 m_ev=0.969 m_v_bias=0.5 m_adv_std=31.9313 m_kl_max=0.0077 m_ratio_max=0.492 w_ax@goal=+0.84 w_v@goal=19.59 return=974.7 length=81 success_rate=1.00 collisions/ep=0.73 (n=26)
update=69 global_step=141312 SPS=458 w_ev=0.923 m_ev=0.979 m_v_bias=0.9 m_adv_std=24.8811 m_kl_max=0.0089 m_ratio_max=0.439 w_ax@goal=+0.79 w_v@goal=19.60 return=981.7 length=81 success_rate=1.00 collisions/ep=0.71 (n=24)
update=70 global_step=143360 SPS=460 w_ev=0.883 m_ev=0.938 m_v_bias=12.5 m_adv_std=42.9026 m_kl_max=0.0243 m_ratio_max=0.612 w_ax@goal=+0.75 w_v@goal=19.53 return=954.6 length=81 success_rate=1.00 collisions/ep=1.21 (n=24)
Evaluation at update 70: return=1012.68, length=78.65, success_rate=1.00, collisions/ep=0.00
Solved-check at update 70: solved=True worst_gap=0.69 at p_x0=0.00 p_y0=1.00 (consecutive=8)
update=71 global_step=145408 SPS=452 w_ev=0.912 m_ev=0.970 m_v_bias=-6.2 m_adv_std=29.4010 m_kl_max=0.0167 m_ratio_max=0.726 w_ax@goal=+1.00 w_v@goal=19.60 return=973.8 length=80 success_rate=1.00 collisions/ep=0.79 (n=24)
update=72 global_step=147456 SPS=456 w_ev=0.926 m_ev=0.991 m_v_bias=-6.2 m_adv_std=16.2957 m_kl_max=0.0124 m_ratio_max=0.655 w_ax@goal=+0.77 w_v@goal=19.57 return=990.1 length=81 success_rate=1.00 collisions/ep=0.42 (n=24)
update=73 global_step=149504 SPS=459 w_ev=0.919 m_ev=0.996 m_v_bias=-7.9 m_adv_std=10.2283 m_kl_max=0.0262 m_ratio_max=0.892 w_ax@goal=+0.49 w_v@goal=19.61 return=1007.6 length=81 success_rate=1.00 collisions/ep=0.06 (n=31)
update=74 global_step=151552 SPS=462 w_ev=0.897 m_ev=0.976 m_v_bias=7.9 m_adv_std=27.4582 m_kl_max=0.0351 m_ratio_max=1.392 w_ax@goal=+0.73 w_v@goal=19.69 return=983.2 length=81 success_rate=1.00 collisions/ep=0.60 (n=25)
update=75 global_step=153600 SPS=466 w_ev=0.922 m_ev=0.971 m_v_bias=4.8 m_adv_std=29.3209 m_kl_max=0.0101 m_ratio_max=0.589 w_ax@goal=+0.93 w_v@goal=19.70 return=976.7 length=80 success_rate=1.00 collisions/ep=0.83 (n=24)
Evaluation at update 75: return=1012.79, length=78.45, success_rate=1.00, collisions/ep=0.00
Solved-check at update 75: solved=True worst_gap=0.52 at p_x0=0.00 p_y0=1.00 (consecutive=9)
update=76 global_step=155648 SPS=456 w_ev=0.924 m_ev=0.976 m_v_bias=-0.8 m_adv_std=26.0615 m_kl_max=0.0093 m_ratio_max=0.586 w_ax@goal=+0.67 w_v@goal=19.67 return=986.6 length=80 success_rate=1.00 collisions/ep=0.58 (n=24)
update=77 global_step=157696 SPS=458 w_ev=0.894 m_ev=0.966 m_v_bias=-3.3 m_adv_std=30.5975 m_kl_max=0.0152 m_ratio_max=0.798 w_ax@goal=+0.53 w_v@goal=19.55 return=974.6 length=80 success_rate=1.00 collisions/ep=0.79 (n=24)
update=78 global_step=159744 SPS=459 w_ev=0.924 m_ev=0.991 m_v_bias=-7.8 m_adv_std=16.9367 m_kl_max=0.0054 m_ratio_max=0.307 w_ax@goal=+0.67 w_v@goal=19.60 return=1000.4 length=80 success_rate=1.00 collisions/ep=0.26 (n=31)
update=79 global_step=161792 SPS=461 w_ev=0.912 m_ev=0.981 m_v_bias=2.6 m_adv_std=23.9369 m_kl_max=0.0092 m_ratio_max=0.606 w_ax@goal=+0.79 w_v@goal=19.70 return=988.0 length=80 success_rate=1.00 collisions/ep=0.48 (n=25)
update=80 global_step=163840 SPS=462 w_ev=0.882 m_ev=0.967 m_v_bias=-2.6 m_adv_std=29.9728 m_kl_max=0.0144 m_ratio_max=0.699 w_ax@goal=+0.77 w_v@goal=19.74 return=993.6 length=79 success_rate=1.00 collisions/ep=0.38 (n=24)
Evaluation at update 80: return=1012.88, length=78.40, success_rate=1.00, collisions/ep=0.00
Solved-check at update 80: solved=True worst_gap=0.43 at p_x0=0.00 p_y0=-1.00 (consecutive=10)
update=81 global_step=165888 SPS=452 w_ev=0.922 m_ev=0.989 m_v_bias=-1.0 m_adv_std=16.9756 m_kl_max=0.0116 m_ratio_max=0.746 w_ax@goal=+0.56 w_v@goal=19.75 return=997.2 length=80 success_rate=1.00 collisions/ep=0.29 (n=24)
update=82 global_step=167936 SPS=454 w_ev=0.930 m_ev=0.992 m_v_bias=1.0 m_adv_std=14.7296 m_kl_max=0.0196 m_ratio_max=0.545 w_ax@goal=+0.61 w_v@goal=19.74 return=998.1 length=80 success_rate=1.00 collisions/ep=0.27 (n=26)
update=83 global_step=169984 SPS=456 w_ev=0.902 m_ev=0.987 m_v_bias=2.0 m_adv_std=20.2310 m_kl_max=0.0136 m_ratio_max=0.818 w_ax@goal=+0.52 w_v@goal=19.67 return=996.5 length=80 success_rate=1.00 collisions/ep=0.30 (n=30)
update=84 global_step=172032 SPS=457 w_ev=0.917 m_ev=0.981 m_v_bias=0.6 m_adv_std=24.0768 m_kl_max=0.0068 m_ratio_max=0.330 w_ax@goal=+0.85 w_v@goal=19.67 return=982.8 length=80 success_rate=1.00 collisions/ep=0.58 (n=24)
update=85 global_step=174080 SPS=459 w_ev=0.894 m_ev=0.957 m_v_bias=-0.7 m_adv_std=35.8040 m_kl_max=0.0123 m_ratio_max=0.424 w_ax@goal=+0.84 w_v@goal=19.69 return=980.9 length=79 success_rate=1.00 collisions/ep=0.67 (n=24)
Evaluation at update 85: return=1012.94, length=78.40, success_rate=1.00, collisions/ep=0.00
Solved-check at update 85: solved=True worst_gap=0.35 at p_x0=0.00 p_y0=-1.00 (consecutive=11)
update=86 global_step=176128 SPS=452 w_ev=0.932 m_ev=0.987 m_v_bias=-5.6 m_adv_std=18.5306 m_kl_max=0.0193 m_ratio_max=1.314 w_ax@goal=+0.95 w_v@goal=19.69 return=997.6 length=79 success_rate=1.00 collisions/ep=0.33 (n=24)
update=87 global_step=178176 SPS=455 w_ev=0.920 m_ev=0.969 m_v_bias=5.4 m_adv_std=31.3554 m_kl_max=0.0045 m_ratio_max=0.301 w_ax@goal=+0.65 w_v@goal=19.84 return=983.6 length=80 success_rate=1.00 collisions/ep=0.63 (n=30)
update=88 global_step=180224 SPS=457 w_ev=0.925 m_ev=0.984 m_v_bias=-4.2 m_adv_std=22.2723 m_kl_max=0.0133 m_ratio_max=0.433 w_ax@goal=+0.76 w_v@goal=19.71 return=993.0 length=80 success_rate=1.00 collisions/ep=0.38 (n=26)
update=89 global_step=182272 SPS=460 w_ev=0.921 m_ev=0.986 m_v_bias=3.6 m_adv_std=19.9329 m_kl_max=0.0186 m_ratio_max=0.500 w_ax@goal=+0.86 w_v@goal=19.78 return=980.9 length=79 success_rate=1.00 collisions/ep=0.62 (n=24)
update=90 global_step=184320 SPS=462 w_ev=0.903 m_ev=0.976 m_v_bias=-5.2 m_adv_std=25.8822 m_kl_max=0.0142 m_ratio_max=0.509 w_ax@goal=+0.72 w_v@goal=19.78 return=995.0 length=80 success_rate=1.00 collisions/ep=0.33 (n=24)
Evaluation at update 90: return=1012.88, length=78.40, success_rate=1.00, collisions/ep=0.00
Solved-check at update 90: solved=True worst_gap=0.43 at p_x0=0.00 p_y0=-1.00 (consecutive=12)
update=91 global_step=186368 SPS=456 w_ev=0.916 m_ev=0.984 m_v_bias=2.9 m_adv_std=20.6788 m_kl_max=0.0109 m_ratio_max=0.540 w_ax@goal=+1.03 w_v@goal=19.65 return=989.2 length=79 success_rate=1.00 collisions/ep=0.46 (n=24)
update=92 global_step=188416 SPS=458 w_ev=0.957 m_ev=0.992 m_v_bias=-4.1 m_adv_std=15.3728 m_kl_max=0.0117 m_ratio_max=0.613 w_ax@goal=+1.12 w_v@goal=19.73 return=1003.1 length=79 success_rate=1.00 collisions/ep=0.22 (n=32)
update=93 global_step=190464 SPS=461 w_ev=0.926 m_ev=0.969 m_v_bias=4.9 m_adv_std=29.8738 m_kl_max=0.0052 m_ratio_max=0.352 w_ax@goal=+1.13 w_v@goal=19.76 return=991.8 length=79 success_rate=1.00 collisions/ep=0.42 (n=24)
update=94 global_step=192512 SPS=461 w_ev=0.923 m_ev=0.979 m_v_bias=-0.3 m_adv_std=24.6921 m_kl_max=0.0117 m_ratio_max=0.434 w_ax@goal=+1.29 w_v@goal=19.65 return=985.6 length=79 success_rate=1.00 collisions/ep=0.54 (n=24)
update=95 global_step=194560 SPS=462 w_ev=0.940 m_ev=0.985 m_v_bias=-4.7 m_adv_std=20.0425 m_kl_max=0.0125 m_ratio_max=0.529 w_ax@goal=+1.36 w_v@goal=19.68 return=1004.4 length=79 success_rate=1.00 collisions/ep=0.21 (n=24)
Evaluation at update 95: return=1013.02, length=78.35, success_rate=1.00, collisions/ep=0.00
Solved-check at update 95: solved=True worst_gap=0.30 at p_x0=0.00 p_y0=1.00 (consecutive=13)
update=96 global_step=196608 SPS=453 w_ev=0.942 m_ev=0.989 m_v_bias=-0.2 m_adv_std=18.3266 m_kl_max=0.0219 m_ratio_max=0.744 w_ax@goal=+1.31 w_v@goal=19.78 return=993.9 length=79 success_rate=1.00 collisions/ep=0.38 (n=32)
update=97 global_step=198656 SPS=455 w_ev=0.915 m_ev=0.976 m_v_bias=4.3 m_adv_std=26.8903 m_kl_max=0.0216 m_ratio_max=0.622 w_ax@goal=+1.34 w_v@goal=19.78 return=985.5 length=79 success_rate=1.00 collisions/ep=0.54 (n=24)
update=98 global_step=200704 SPS=457 w_ev=0.938 m_ev=0.993 m_v_bias=-4.2 m_adv_std=13.4075 m_kl_max=0.0106 m_ratio_max=0.466 w_ax@goal=+1.43 w_v@goal=19.79 return=1000.4 length=79 success_rate=1.00 collisions/ep=0.25 (n=24)
update=99 global_step=202752 SPS=459 w_ev=0.935 m_ev=0.977 m_v_bias=4.0 m_adv_std=25.6170 m_kl_max=0.0274 m_ratio_max=0.697 w_ax@goal=+1.36 w_v@goal=19.85 return=985.6 length=79 success_rate=1.00 collisions/ep=0.54 (n=24)
update=100 global_step=204800 SPS=461 w_ev=0.929 m_ev=0.986 m_v_bias=-1.5 m_adv_std=20.7687 m_kl_max=0.0098 m_ratio_max=0.574 w_ax@goal=+1.37 w_v@goal=19.76 return=993.4 length=79 success_rate=1.00 collisions/ep=0.42 (n=31)
Evaluation at update 100: return=1013.01, length=78.35, success_rate=1.00, collisions/ep=0.00
Solved-check at update 100: solved=True worst_gap=0.29 at p_x0=0.00 p_y0=-1.00 (consecutive=14)
Saved checkpoints to C:\Users\loren\Desktop\MASTER THESIS\5_CODE\scenarios\slalom\studies\init_sampler_hppo_rep\hppo_sobol\runs\hppo_slalom_27_1791041782
