Using device: cpu
Solved-check: precomputed optimal returns for 25 fixed initial conditions (mean=1013.0, min=1011.0, max=1015.0); solved-tolerance=5.0
num_envs=8 num_steps_per_env=256 worker_batch_size=2048 worker_minibatch_size=256 num_updates=100 timesteps=204800
update=1 global_step=2048 SPS=946 w_ev=0.006 m_ev=-0.000 m_v_bias=137.9 m_adv_std=212.8496 m_kl_max=0.0015 m_ratio_max=0.185 w_ax@goal=-0.46 w_v@goal=0.43 return=-605.9 length=192 success_rate=0.12 collisions/ep=11.25 (n=8)
update=2 global_step=4096 SPS=943 w_ev=0.258 m_ev=-0.250 m_v_bias=62.8 m_adv_std=143.4284 m_kl_max=0.0022 m_ratio_max=0.300 return=-594.8 length=200 success_rate=0.00 collisions/ep=7.88 (n=8)
update=3 global_step=6144 SPS=922 w_ev=0.300 m_ev=0.140 m_v_bias=-21.8 m_adv_std=189.4512 m_kl_max=0.0009 m_ratio_max=0.228 w_ax@goal=+0.36 w_v@goal=0.82 return=-321.5 length=192 success_rate=0.20 collisions/ep=7.20 (n=10)
update=4 global_step=8192 SPS=931 w_ev=0.460 m_ev=0.367 m_v_bias=-73.7 m_adv_std=169.1518 m_kl_max=0.0014 m_ratio_max=0.267 w_ax@goal=+0.11 w_v@goal=1.56 return=-237.8 length=190 success_rate=0.14 collisions/ep=4.36 (n=14)
update=5 global_step=10240 SPS=928 w_ev=0.711 m_ev=0.427 m_v_bias=-43.3 m_adv_std=181.7843 m_kl_max=0.0008 m_ratio_max=0.130 w_ax@goal=-0.06 w_v@goal=5.23 return=-69.6 length=183 success_rate=0.30 collisions/ep=4.80 (n=10)
Evaluation at update 5: return=242.22, length=113.55, success_rate=1.00, collisions/ep=14.70
Solved-check at update 5: solved=False worst_gap=1144.61 at p_x0=2.00 p_y0=1.00 (consecutive=0)
update=6 global_step=12288 SPS=517 w_ev=0.791 m_ev=0.496 m_v_bias=-89.3 m_adv_std=193.4501 m_kl_max=0.0016 m_ratio_max=0.212 w_ax@goal=+0.29 w_v@goal=8.78 return=171.8 length=176 success_rate=0.50 collisions/ep=4.50 (n=10)
update=7 global_step=14336 SPS=547 w_ev=0.904 m_ev=0.646 m_v_bias=-129.4 m_adv_std=183.9227 m_kl_max=0.0029 m_ratio_max=0.318 w_ax@goal=+0.10 w_v@goal=13.69 return=314.5 length=151 success_rate=0.67 collisions/ep=5.56 (n=18)
update=8 global_step=16384 SPS=572 w_ev=0.932 m_ev=0.792 m_v_bias=-106.7 m_adv_std=134.3821 m_kl_max=0.0030 m_ratio_max=0.267 w_ax@goal=+0.39 w_v@goal=17.16 return=722.5 length=114 success_rate=0.94 collisions/ep=3.81 (n=16)
update=9 global_step=18432 SPS=594 w_ev=0.947 m_ev=0.850 m_v_bias=-30.4 m_adv_std=104.3024 m_kl_max=0.0089 m_ratio_max=0.441 w_ax@goal=+0.66 w_v@goal=20.12 return=689.9 length=103 success_rate=0.95 collisions/ep=5.05 (n=22)
update=10 global_step=20480 SPS=612 w_ev=0.945 m_ev=0.892 m_v_bias=-34.6 m_adv_std=81.6202 m_kl_max=0.0039 m_ratio_max=0.294 w_ax@goal=+0.65 w_v@goal=20.36 return=797.2 length=92 success_rate=1.00 collisions/ep=4.05 (n=22)
Evaluation at update 10: return=565.08, length=83.20, success_rate=1.00, collisions/ep=8.85
Solved-check at update 10: solved=False worst_gap=905.79 at p_x0=2.00 p_y0=-0.50 (consecutive=0)
update=11 global_step=22528 SPS=522 w_ev=0.908 m_ev=0.885 m_v_bias=5.8 m_adv_std=78.6155 m_kl_max=0.0054 m_ratio_max=0.420 w_ax@goal=+0.42 w_v@goal=19.48 return=802.4 length=91 success_rate=1.00 collisions/ep=3.96 (n=23)
update=12 global_step=24576 SPS=539 w_ev=0.950 m_ev=0.921 m_v_bias=-18.2 m_adv_std=64.6689 m_kl_max=0.0041 m_ratio_max=0.417 w_ax@goal=+0.37 w_v@goal=19.40 return=822.8 length=86 success_rate=1.00 collisions/ep=3.65 (n=23)
update=13 global_step=26624 SPS=553 w_ev=0.929 m_ev=0.891 m_v_bias=-10.3 m_adv_std=73.9894 m_kl_max=0.0025 m_ratio_max=0.275 w_ax@goal=+0.67 w_v@goal=19.62 return=843.3 length=86 success_rate=1.00 collisions/ep=3.24 (n=25)
update=14 global_step=28672 SPS=566 w_ev=0.939 m_ev=0.916 m_v_bias=4.5 m_adv_std=65.5679 m_kl_max=0.0126 m_ratio_max=0.676 w_ax@goal=+0.58 w_v@goal=19.64 return=827.2 length=86 success_rate=1.00 collisions/ep=3.58 (n=24)
update=15 global_step=30720 SPS=579 w_ev=0.930 m_ev=0.909 m_v_bias=-13.9 m_adv_std=64.4520 m_kl_max=0.0110 m_ratio_max=0.397 w_ax@goal=+0.79 w_v@goal=19.53 return=847.4 length=85 success_rate=1.00 collisions/ep=3.18 (n=22)
Evaluation at update 15: return=959.23, length=81.55, success_rate=1.00, collisions/ep=1.00
Solved-check at update 15: solved=False worst_gap=53.99 at p_x0=0.50 p_y0=-1.00 (consecutive=0)
update=16 global_step=32768 SPS=522 w_ev=0.928 m_ev=0.918 m_v_bias=-3.2 m_adv_std=62.2516 m_kl_max=0.0158 m_ratio_max=0.647 w_ax@goal=+0.73 w_v@goal=19.35 return=834.2 length=86 success_rate=1.00 collisions/ep=3.48 (n=23)
update=17 global_step=34816 SPS=535 w_ev=0.942 m_ev=0.916 m_v_bias=-15.8 m_adv_std=62.1807 m_kl_max=0.0081 m_ratio_max=0.400 w_ax@goal=+0.75 w_v@goal=19.63 return=888.5 length=87 success_rate=1.00 collisions/ep=2.33 (n=24)
update=18 global_step=36864 SPS=547 w_ev=0.935 m_ev=0.917 m_v_bias=-17.3 m_adv_std=58.9460 m_kl_max=0.0056 m_ratio_max=0.293 w_ax@goal=+0.75 w_v@goal=19.64 return=890.1 length=83 success_rate=1.00 collisions/ep=2.36 (n=25)
update=19 global_step=38912 SPS=558 w_ev=0.920 m_ev=0.934 m_v_bias=-8.1 m_adv_std=49.2295 m_kl_max=0.0071 m_ratio_max=0.505 w_ax@goal=+0.66 w_v@goal=19.46 return=901.0 length=84 success_rate=1.00 collisions/ep=2.26 (n=23)
update=20 global_step=40960 SPS=567 w_ev=0.934 m_ev=0.965 m_v_bias=-21.5 m_adv_std=35.2135 m_kl_max=0.0266 m_ratio_max=0.630 w_ax@goal=+0.80 w_v@goal=19.25 return=965.0 length=84 success_rate=1.00 collisions/ep=0.89 (n=28)
Evaluation at update 20: return=1007.84, length=80.50, success_rate=1.00, collisions/ep=0.05
Solved-check at update 20: solved=False worst_gap=52.57 at p_x0=1.50 p_y0=-1.00 (consecutive=0)
update=21 global_step=43008 SPS=525 w_ev=0.903 m_ev=0.888 m_v_bias=27.8 m_adv_std=65.7556 m_kl_max=0.0099 m_ratio_max=0.400 w_ax@goal=+0.83 w_v@goal=19.44 return=900.5 length=83 success_rate=1.00 collisions/ep=2.19 (n=26)
update=22 global_step=45056 SPS=535 w_ev=0.910 m_ev=0.923 m_v_bias=-14.9 m_adv_std=54.5016 m_kl_max=0.0146 m_ratio_max=0.727 w_ax@goal=+0.91 w_v@goal=19.50 return=923.1 length=83 success_rate=1.00 collisions/ep=1.76 (n=25)
update=23 global_step=47104 SPS=543 w_ev=0.919 m_ev=0.896 m_v_bias=-14.6 m_adv_std=60.6276 m_kl_max=0.0089 m_ratio_max=0.539 w_ax@goal=+1.00 w_v@goal=19.47 return=959.5 length=82 success_rate=1.00 collisions/ep=1.00 (n=24)
update=24 global_step=49152 SPS=552 w_ev=0.918 m_ev=0.963 m_v_bias=-4.9 m_adv_std=33.7391 m_kl_max=0.0115 m_ratio_max=0.444 w_ax@goal=+0.95 w_v@goal=19.51 return=964.1 length=82 success_rate=1.00 collisions/ep=1.00 (n=24)
update=25 global_step=51200 SPS=560 w_ev=0.923 m_ev=0.985 m_v_bias=-16.4 m_adv_std=20.7631 m_kl_max=0.0174 m_ratio_max=0.621 w_ax@goal=+0.97 w_v@goal=19.40 return=1004.3 length=81 success_rate=1.00 collisions/ep=0.12 (n=24)
Evaluation at update 25: return=1011.55, length=79.30, success_rate=1.00, collisions/ep=0.00
Solved-check at update 25: solved=True worst_gap=1.71 at p_x0=0.00 p_y0=1.00 (consecutive=0)
update=26 global_step=53248 SPS=525 w_ev=0.929 m_ev=0.982 m_v_bias=1.1 m_adv_std=22.3902 m_kl_max=0.0215 m_ratio_max=0.502 w_ax@goal=+1.02 w_v@goal=19.46 return=987.8 length=81 success_rate=1.00 collisions/ep=0.50 (n=24)
update=27 global_step=55296 SPS=533 w_ev=0.945 m_ev=0.993 m_v_bias=-6.8 m_adv_std=14.5060 m_kl_max=0.0160 m_ratio_max=0.592 w_ax@goal=+1.19 w_v@goal=19.46 return=999.2 length=81 success_rate=1.00 collisions/ep=0.31 (n=26)
update=28 global_step=57344 SPS=539 w_ev=0.941 m_ev=0.984 m_v_bias=1.1 m_adv_std=21.7022 m_kl_max=0.0559 m_ratio_max=1.546 w_ax@goal=+1.18 w_v@goal=19.70 return=995.9 length=80 success_rate=1.00 collisions/ep=0.30 (n=30)
update=29 global_step=59392 SPS=546 w_ev=0.947 m_ev=0.989 m_v_bias=2.6 m_adv_std=18.3105 m_kl_max=0.0281 m_ratio_max=0.710 w_ax@goal=+1.04 w_v@goal=19.61 return=992.0 length=81 success_rate=1.00 collisions/ep=0.38 (n=24)
update=30 global_step=61440 SPS=553 w_ev=0.928 m_ev=0.954 m_v_bias=5.5 m_adv_std=37.5799 m_kl_max=0.0095 m_ratio_max=0.476 w_ax@goal=+1.17 w_v@goal=19.70 return=977.7 length=81 success_rate=1.00 collisions/ep=0.71 (n=24)
Evaluation at update 30: return=1011.77, length=79.05, success_rate=1.00, collisions/ep=0.00
Solved-check at update 30: solved=True worst_gap=1.45 at p_x0=0.00 p_y0=1.00 (consecutive=1)
Solved criterion held for 2 consecutive evals (tolerance=5.0) at global_step=61440.
update=31 global_step=63488 SPS=527 w_ev=0.942 m_ev=0.992 m_v_bias=-6.0 m_adv_std=14.7374 m_kl_max=0.0216 m_ratio_max=0.962 w_ax@goal=+1.09 w_v@goal=19.63 return=1000.7 length=81 success_rate=1.00 collisions/ep=0.29 (n=24)
update=32 global_step=65536 SPS=534 w_ev=0.932 m_ev=0.977 m_v_bias=4.7 m_adv_std=25.5307 m_kl_max=0.0271 m_ratio_max=1.586 w_ax@goal=+1.11 w_v@goal=19.85 return=984.0 length=80 success_rate=1.00 collisions/ep=0.54 (n=24)
update=33 global_step=67584 SPS=540 w_ev=0.937 m_ev=0.995 m_v_bias=-6.2 m_adv_std=12.0135 m_kl_max=0.0164 m_ratio_max=0.644 w_ax@goal=+1.11 w_v@goal=19.66 return=1004.1 length=80 success_rate=1.00 collisions/ep=0.18 (n=28)
update=34 global_step=69632 SPS=546 w_ev=0.910 m_ev=0.964 m_v_bias=6.5 m_adv_std=34.6285 m_kl_max=0.0112 m_ratio_max=0.535 w_ax@goal=+1.08 w_v@goal=19.73 return=986.2 length=81 success_rate=1.00 collisions/ep=0.57 (n=28)
update=35 global_step=71680 SPS=551 w_ev=0.935 m_ev=0.975 m_v_bias=-0.3 m_adv_std=26.4858 m_kl_max=0.0229 m_ratio_max=1.004 w_ax@goal=+1.21 w_v@goal=19.57 return=995.0 length=80 success_rate=1.00 collisions/ep=0.46 (n=24)
Evaluation at update 35: return=1011.87, length=78.95, success_rate=1.00, collisions/ep=0.00
Solved-check at update 35: solved=True worst_gap=1.45 at p_x0=0.00 p_y0=-1.00 (consecutive=2)
update=36 global_step=73728 SPS=527 w_ev=0.896 m_ev=0.950 m_v_bias=5.9 m_adv_std=37.0892 m_kl_max=0.0235 m_ratio_max=1.182 w_ax@goal=+1.22 w_v@goal=19.56 return=973.6 length=80 success_rate=1.00 collisions/ep=0.79 (n=24)
update=37 global_step=75776 SPS=533 w_ev=0.929 m_ev=0.983 m_v_bias=-5.1 m_adv_std=21.9780 m_kl_max=0.0231 m_ratio_max=1.628 w_ax@goal=+1.29 w_v@goal=19.40 return=995.3 length=80 success_rate=1.00 collisions/ep=0.42 (n=24)
update=38 global_step=77824 SPS=538 w_ev=0.938 m_ev=0.986 m_v_bias=-4.1 m_adv_std=19.7039 m_kl_max=0.0181 m_ratio_max=1.199 w_ax@goal=+1.25 w_v@goal=19.73 return=992.9 length=80 success_rate=1.00 collisions/ep=0.44 (n=27)
update=39 global_step=79872 SPS=543 w_ev=0.916 m_ev=0.991 m_v_bias=2.6 m_adv_std=16.5405 m_kl_max=0.0112 m_ratio_max=0.461 w_ax@goal=+1.15 w_v@goal=19.67 return=995.9 length=80 success_rate=1.00 collisions/ep=0.38 (n=29)
update=40 global_step=81920 SPS=549 w_ev=0.937 m_ev=0.993 m_v_bias=-2.5 m_adv_std=14.0278 m_kl_max=0.0185 m_ratio_max=0.642 w_ax@goal=+1.12 w_v@goal=19.62 return=1001.0 length=80 success_rate=1.00 collisions/ep=0.21 (n=24)
Evaluation at update 40: return=1011.98, length=78.85, success_rate=1.00, collisions/ep=0.00
Solved-check at update 40: solved=True worst_gap=1.31 at p_x0=0.00 p_y0=-1.00 (consecutive=3)
update=41 global_step=83968 SPS=529 w_ev=0.924 m_ev=0.992 m_v_bias=0.3 m_adv_std=14.5082 m_kl_max=0.0159 m_ratio_max=0.870 w_ax@goal=+1.10 w_v@goal=19.38 return=1001.1 length=80 success_rate=1.00 collisions/ep=0.25 (n=24)
update=42 global_step=86016 SPS=534 w_ev=0.926 m_ev=0.994 m_v_bias=-0.8 m_adv_std=12.3858 m_kl_max=0.0116 m_ratio_max=0.738 w_ax@goal=+1.18 w_v@goal=19.53 return=1000.9 length=80 success_rate=1.00 collisions/ep=0.21 (n=24)
update=43 global_step=88064 SPS=538 w_ev=0.938 m_ev=0.996 m_v_bias=-2.2 m_adv_std=10.5619 m_kl_max=0.0073 m_ratio_max=0.391 w_ax@goal=+1.20 w_v@goal=19.50 return=1007.4 length=80 success_rate=1.00 collisions/ep=0.08 (n=26)
update=44 global_step=90112 SPS=542 w_ev=0.925 m_ev=0.984 m_v_bias=5.7 m_adv_std=22.3237 m_kl_max=0.0227 m_ratio_max=0.667 w_ax@goal=+1.19 w_v@goal=19.63 return=996.7 length=80 success_rate=1.00 collisions/ep=0.40 (n=30)
update=45 global_step=92160 SPS=547 w_ev=0.922 m_ev=0.986 m_v_bias=-0.4 m_adv_std=20.0573 m_kl_max=0.0059 m_ratio_max=0.737 w_ax@goal=+1.26 w_v@goal=19.65 return=992.8 length=80 success_rate=1.00 collisions/ep=0.42 (n=24)
Evaluation at update 45: return=1011.79, length=79.00, success_rate=1.00, collisions/ep=0.00
Solved-check at update 45: solved=True worst_gap=1.60 at p_x0=0.00 p_y0=-1.00 (consecutive=4)
update=46 global_step=94208 SPS=529 w_ev=0.918 m_ev=0.978 m_v_bias=2.2 m_adv_std=24.3446 m_kl_max=0.0119 m_ratio_max=0.511 w_ax@goal=+1.20 w_v@goal=19.60 return=986.2 length=80 success_rate=1.00 collisions/ep=0.62 (n=24)
update=47 global_step=96256 SPS=534 w_ev=0.923 m_ev=0.988 m_v_bias=-2.9 m_adv_std=17.9242 m_kl_max=0.0206 m_ratio_max=0.855 w_ax@goal=+1.29 w_v@goal=19.53 return=996.8 length=80 success_rate=1.00 collisions/ep=0.29 (n=24)
update=48 global_step=98304 SPS=538 w_ev=0.913 m_ev=0.991 m_v_bias=-4.1 m_adv_std=15.7837 m_kl_max=0.0136 m_ratio_max=0.621 w_ax@goal=+1.24 w_v@goal=19.58 return=991.5 length=80 success_rate=1.00 collisions/ep=0.40 (n=25)
update=49 global_step=100352 SPS=542 w_ev=0.940 m_ev=0.988 m_v_bias=-0.2 m_adv_std=19.4971 m_kl_max=0.0102 m_ratio_max=0.615 w_ax@goal=+1.21 w_v@goal=19.61 return=998.6 length=80 success_rate=1.00 collisions/ep=0.29 (n=31)
update=50 global_step=102400 SPS=546 w_ev=0.923 m_ev=0.993 m_v_bias=-0.5 m_adv_std=14.2114 m_kl_max=0.0092 m_ratio_max=0.410 w_ax@goal=+1.14 w_v@goal=19.54 return=998.6 length=80 success_rate=1.00 collisions/ep=0.25 (n=24)
Evaluation at update 50: return=1012.01, length=78.90, success_rate=1.00, collisions/ep=0.00
Solved-check at update 50: solved=True worst_gap=1.25 at p_x0=0.00 p_y0=-1.00 (consecutive=5)
update=51 global_step=104448 SPS=528 w_ev=0.927 m_ev=0.986 m_v_bias=2.6 m_adv_std=19.6783 m_kl_max=0.0170 m_ratio_max=0.830 w_ax@goal=+1.18 w_v@goal=19.62 return=986.3 length=80 success_rate=1.00 collisions/ep=0.50 (n=24)
update=52 global_step=106496 SPS=532 w_ev=0.932 m_ev=0.984 m_v_bias=1.3 m_adv_std=20.7241 m_kl_max=0.0240 m_ratio_max=0.525 w_ax@goal=+1.15 w_v@goal=19.62 return=984.6 length=80 success_rate=1.00 collisions/ep=0.54 (n=24)
update=53 global_step=108544 SPS=535 w_ev=0.921 m_ev=0.981 m_v_bias=-1.7 m_adv_std=22.8548 m_kl_max=0.0126 m_ratio_max=0.421 w_ax@goal=+1.24 w_v@goal=19.53 return=993.4 length=80 success_rate=1.00 collisions/ep=0.42 (n=24)
update=54 global_step=110592 SPS=539 w_ev=0.940 m_ev=0.993 m_v_bias=-5.5 m_adv_std=15.0845 m_kl_max=0.0225 m_ratio_max=0.686 w_ax@goal=+1.23 w_v@goal=19.45 return=996.2 length=80 success_rate=1.00 collisions/ep=0.31 (n=32)
update=55 global_step=112640 SPS=542 w_ev=0.911 m_ev=0.996 m_v_bias=-2.0 m_adv_std=10.6025 m_kl_max=0.0140 m_ratio_max=0.444 w_ax@goal=+1.18 w_v@goal=19.41 return=1003.8 length=79 success_rate=1.00 collisions/ep=0.17 (n=24)
Evaluation at update 55: return=1012.39, length=78.40, success_rate=1.00, collisions/ep=0.00
Solved-check at update 55: solved=True worst_gap=0.99 at p_x0=0.00 p_y0=1.00 (consecutive=6)
update=56 global_step=114688 SPS=527 w_ev=0.926 m_ev=0.997 m_v_bias=-2.0 m_adv_std=9.1416 m_kl_max=0.0164 m_ratio_max=0.748 w_ax@goal=+1.01 w_v@goal=19.51 return=1005.5 length=80 success_rate=1.00 collisions/ep=0.12 (n=24)
update=57 global_step=116736 SPS=531 w_ev=0.939 m_ev=0.995 m_v_bias=0.7 m_adv_std=11.9864 m_kl_max=0.0217 m_ratio_max=1.448 w_ax@goal=+0.98 w_v@goal=19.58 return=1010.9 length=81 success_rate=1.00 collisions/ep=0.00 (n=24)
update=58 global_step=118784 SPS=534 w_ev=0.925 m_ev=0.998 m_v_bias=-1.6 m_adv_std=7.9966 m_kl_max=0.0210 m_ratio_max=0.628 w_ax@goal=+0.98 w_v@goal=19.35 return=1003.6 length=80 success_rate=1.00 collisions/ep=0.20 (n=25)
update=59 global_step=120832 SPS=538 w_ev=0.934 m_ev=0.998 m_v_bias=0.3 m_adv_std=8.3327 m_kl_max=0.0238 m_ratio_max=0.780 w_ax@goal=+1.10 w_v@goal=19.53 return=1009.8 length=80 success_rate=1.00 collisions/ep=0.03 (n=31)
update=60 global_step=122880 SPS=540 w_ev=0.932 m_ev=0.986 m_v_bias=3.4 m_adv_std=20.0939 m_kl_max=0.0195 m_ratio_max=1.055 w_ax@goal=+1.14 w_v@goal=19.60 return=997.1 length=80 success_rate=1.00 collisions/ep=0.33 (n=24)
Evaluation at update 60: return=1012.56, length=78.30, success_rate=1.00, collisions/ep=0.00
Solved-check at update 60: solved=True worst_gap=1.05 at p_x0=2.00 p_y0=1.00 (consecutive=7)
update=61 global_step=124928 SPS=524 w_ev=0.940 m_ev=0.995 m_v_bias=-1.4 m_adv_std=11.0381 m_kl_max=0.0320 m_ratio_max=0.735 w_ax@goal=+1.07 w_v@goal=19.53 return=1003.2 length=80 success_rate=1.00 collisions/ep=0.21 (n=24)
update=62 global_step=126976 SPS=526 w_ev=0.916 m_ev=0.989 m_v_bias=1.1 m_adv_std=17.1673 m_kl_max=0.0214 m_ratio_max=1.136 w_ax@goal=+1.07 w_v@goal=19.68 return=995.3 length=80 success_rate=1.00 collisions/ep=0.33 (n=24)
update=63 global_step=129024 SPS=529 w_ev=0.931 m_ev=0.996 m_v_bias=-0.2 m_adv_std=10.6311 m_kl_max=0.0113 m_ratio_max=0.697 w_ax@goal=+0.96 w_v@goal=19.38 return=1007.4 length=80 success_rate=1.00 collisions/ep=0.17 (n=24)
update=64 global_step=131072 SPS=533 w_ev=0.941 m_ev=0.997 m_v_bias=0.2 m_adv_std=9.0065 m_kl_max=0.0180 m_ratio_max=0.860 w_ax@goal=+0.94 w_v@goal=19.46 return=1008.7 length=80 success_rate=1.00 collisions/ep=0.09 (n=32)
update=65 global_step=133120 SPS=536 w_ev=0.929 m_ev=0.987 m_v_bias=3.7 m_adv_std=19.5750 m_kl_max=0.0360 m_ratio_max=1.544 w_ax@goal=+1.08 w_v@goal=19.70 return=995.3 length=80 success_rate=1.00 collisions/ep=0.33 (n=24)
Evaluation at update 65: return=1012.57, length=78.30, success_rate=1.00, collisions/ep=0.00
Solved-check at update 65: solved=True worst_gap=0.74 at p_x0=0.00 p_y0=1.00 (consecutive=8)
update=66 global_step=135168 SPS=522 w_ev=0.939 m_ev=0.993 m_v_bias=0.7 m_adv_std=13.4373 m_kl_max=0.0229 m_ratio_max=0.754 w_ax@goal=+1.23 w_v@goal=19.51 return=1005.8 length=80 success_rate=1.00 collisions/ep=0.12 (n=24)
update=67 global_step=137216 SPS=525 w_ev=0.934 m_ev=0.998 m_v_bias=-1.6 m_adv_std=7.0532 m_kl_max=0.0145 m_ratio_max=0.717 w_ax@goal=+1.05 w_v@goal=19.54 return=1005.6 length=80 success_rate=1.00 collisions/ep=0.12 (n=24)
update=68 global_step=139264 SPS=528 w_ev=0.933 m_ev=0.984 m_v_bias=5.7 m_adv_std=21.4069 m_kl_max=0.0189 m_ratio_max=0.816 w_ax@goal=+1.01 w_v@goal=19.58 return=999.3 length=79 success_rate=1.00 collisions/ep=0.32 (n=28)
update=69 global_step=141312 SPS=530 w_ev=0.941 m_ev=0.997 m_v_bias=-3.1 m_adv_std=9.1727 m_kl_max=0.0106 m_ratio_max=0.468 w_ax@goal=+0.76 w_v@goal=19.55 return=1009.9 length=80 success_rate=1.00 collisions/ep=0.04 (n=28)
update=70 global_step=143360 SPS=533 w_ev=0.929 m_ev=0.995 m_v_bias=2.2 m_adv_std=11.4202 m_kl_max=0.0085 m_ratio_max=0.434 w_ax@goal=+0.85 w_v@goal=19.48 return=1007.2 length=80 success_rate=1.00 collisions/ep=0.08 (n=24)
Evaluation at update 70: return=1012.61, length=78.20, success_rate=1.00, collisions/ep=0.00
Solved-check at update 70: solved=True worst_gap=0.67 at p_x0=2.00 p_y0=1.00 (consecutive=9)
update=71 global_step=145408 SPS=520 w_ev=0.931 m_ev=0.991 m_v_bias=1.7 m_adv_std=14.9618 m_kl_max=0.0212 m_ratio_max=1.429 w_ax@goal=+1.08 w_v@goal=19.56 return=1003.7 length=79 success_rate=1.00 collisions/ep=0.25 (n=24)
update=72 global_step=147456 SPS=522 w_ev=0.934 m_ev=0.996 m_v_bias=-2.7 m_adv_std=10.5671 m_kl_max=0.0134 m_ratio_max=0.451 w_ax@goal=+1.12 w_v@goal=19.60 return=1001.6 length=80 success_rate=1.00 collisions/ep=0.21 (n=24)
update=73 global_step=149504 SPS=525 w_ev=0.931 m_ev=0.998 m_v_bias=-2.1 m_adv_std=6.6891 m_kl_max=0.0082 m_ratio_max=0.686 w_ax@goal=+1.05 w_v@goal=19.50 return=1010.1 length=80 success_rate=1.00 collisions/ep=0.03 (n=31)
update=74 global_step=151552 SPS=528 w_ev=0.917 m_ev=0.996 m_v_bias=0.9 m_adv_std=11.1197 m_kl_max=0.0161 m_ratio_max=1.152 w_ax@goal=+1.07 w_v@goal=19.66 return=1008.1 length=80 success_rate=1.00 collisions/ep=0.08 (n=25)
update=75 global_step=153600 SPS=530 w_ev=0.905 m_ev=1.000 m_v_bias=-1.7 m_adv_std=3.3048 m_kl_max=0.0120 m_ratio_max=0.616 w_ax@goal=+1.05 w_v@goal=19.48 return=1011.7 length=80 success_rate=1.00 collisions/ep=0.00 (n=24)
Evaluation at update 75: return=1012.54, length=78.35, success_rate=1.00, collisions/ep=0.00
Solved-check at update 75: solved=True worst_gap=0.95 at p_x0=2.00 p_y0=1.00 (consecutive=10)
update=76 global_step=155648 SPS=520 w_ev=0.912 m_ev=0.996 m_v_bias=2.2 m_adv_std=10.0108 m_kl_max=0.0193 m_ratio_max=0.552 w_ax@goal=+0.87 w_v@goal=19.59 return=1007.7 length=80 success_rate=1.00 collisions/ep=0.08 (n=24)
update=77 global_step=157696 SPS=522 w_ev=0.926 m_ev=0.998 m_v_bias=-1.3 m_adv_std=6.8295 m_kl_max=0.0067 m_ratio_max=0.389 w_ax@goal=+0.88 w_v@goal=19.66 return=1009.8 length=80 success_rate=1.00 collisions/ep=0.08 (n=24)
update=78 global_step=159744 SPS=524 w_ev=0.932 m_ev=0.993 m_v_bias=-0.3 m_adv_std=14.1967 m_kl_max=0.0185 m_ratio_max=0.743 w_ax@goal=+0.95 w_v@goal=19.50 return=1005.7 length=80 success_rate=1.00 collisions/ep=0.12 (n=32)
update=79 global_step=161792 SPS=527 w_ev=0.930 m_ev=0.999 m_v_bias=-2.5 m_adv_std=5.8640 m_kl_max=0.0157 m_ratio_max=0.947 w_ax@goal=+1.03 w_v@goal=19.69 return=1010.0 length=80 success_rate=1.00 collisions/ep=0.04 (n=24)
update=80 global_step=163840 SPS=529 w_ev=0.934 m_ev=0.999 m_v_bias=-0.1 m_adv_std=5.1754 m_kl_max=0.0019 m_ratio_max=0.250 w_ax@goal=+0.94 w_v@goal=19.53 return=1010.2 length=79 success_rate=1.00 collisions/ep=0.04 (n=24)
Evaluation at update 80: return=1012.48, length=78.40, success_rate=1.00, collisions/ep=0.00
Solved-check at update 80: solved=True worst_gap=1.06 at p_x0=2.00 p_y0=1.00 (consecutive=11)
update=81 global_step=165888 SPS=520 w_ev=0.931 m_ev=0.997 m_v_bias=0.7 m_adv_std=9.2367 m_kl_max=0.0446 m_ratio_max=2.046 w_ax@goal=+0.91 w_v@goal=19.44 return=1012.0 length=79 success_rate=1.00 collisions/ep=0.00 (n=24)
update=82 global_step=167936 SPS=522 w_ev=0.940 m_ev=0.997 m_v_bias=1.5 m_adv_std=9.7593 m_kl_max=0.0107 m_ratio_max=0.674 w_ax@goal=+0.84 w_v@goal=19.46 return=1004.0 length=80 success_rate=1.00 collisions/ep=0.15 (n=26)
update=83 global_step=169984 SPS=524 w_ev=0.939 m_ev=0.999 m_v_bias=-1.4 m_adv_std=6.5180 m_kl_max=0.0057 m_ratio_max=0.392 w_ax@goal=+0.93 w_v@goal=19.55 return=1010.4 length=80 success_rate=1.00 collisions/ep=0.03 (n=30)
update=84 global_step=172032 SPS=527 w_ev=0.934 m_ev=0.999 m_v_bias=-0.1 m_adv_std=6.3106 m_kl_max=0.0120 m_ratio_max=0.607 w_ax@goal=+0.92 w_v@goal=19.34 return=1010.0 length=80 success_rate=1.00 collisions/ep=0.04 (n=24)
update=85 global_step=174080 SPS=529 w_ev=0.947 m_ev=0.997 m_v_bias=1.0 m_adv_std=9.0950 m_kl_max=0.0221 m_ratio_max=0.898 w_ax@goal=+1.04 w_v@goal=19.45 return=1005.8 length=79 success_rate=1.00 collisions/ep=0.12 (n=24)
Evaluation at update 85: return=1012.60, length=78.20, success_rate=1.00, collisions/ep=0.00
Solved-check at update 85: solved=True worst_gap=0.94 at p_x0=2.00 p_y0=1.00 (consecutive=12)
update=86 global_step=176128 SPS=520 w_ev=0.947 m_ev=1.000 m_v_bias=-2.0 m_adv_std=3.4355 m_kl_max=0.0156 m_ratio_max=0.538 w_ax@goal=+1.13 w_v@goal=19.52 return=1012.4 length=79 success_rate=1.00 collisions/ep=0.00 (n=24)
update=87 global_step=178176 SPS=522 w_ev=0.939 m_ev=1.000 m_v_bias=0.5 m_adv_std=3.5300 m_kl_max=0.0113 m_ratio_max=0.562 w_ax@goal=+1.02 w_v@goal=19.45 return=1012.1 length=80 success_rate=1.00 collisions/ep=0.00 (n=32)
update=88 global_step=180224 SPS=524 w_ev=0.928 m_ev=1.000 m_v_bias=-0.2 m_adv_std=2.7442 m_kl_max=0.0130 m_ratio_max=0.833 w_ax@goal=+1.05 w_v@goal=19.34 return=1012.2 length=79 success_rate=1.00 collisions/ep=0.00 (n=24)
update=89 global_step=182272 SPS=526 w_ev=0.916 m_ev=1.000 m_v_bias=-0.0 m_adv_std=2.5515 m_kl_max=0.0124 m_ratio_max=0.621 w_ax@goal=+1.05 w_v@goal=19.54 return=1012.2 length=80 success_rate=1.00 collisions/ep=0.00 (n=24)
update=90 global_step=184320 SPS=529 w_ev=0.931 m_ev=0.998 m_v_bias=0.4 m_adv_std=6.2305 m_kl_max=0.0136 m_ratio_max=0.613 w_ax@goal=+1.27 w_v@goal=19.60 return=1010.3 length=79 success_rate=1.00 collisions/ep=0.04 (n=24)
Evaluation at update 90: return=1012.60, length=78.15, success_rate=1.00, collisions/ep=0.00
Solved-check at update 90: solved=True worst_gap=0.84 at p_x0=2.00 p_y0=1.00 (consecutive=13)
update=91 global_step=186368 SPS=520 w_ev=0.941 m_ev=0.998 m_v_bias=1.4 m_adv_std=7.4540 m_kl_max=0.0053 m_ratio_max=0.557 w_ax@goal=+1.05 w_v@goal=19.55 return=1008.7 length=79 success_rate=1.00 collisions/ep=0.07 (n=29)
update=92 global_step=188416 SPS=522 w_ev=0.936 m_ev=1.000 m_v_bias=-1.1 m_adv_std=2.8751 m_kl_max=0.0103 m_ratio_max=0.793 w_ax@goal=+1.01 w_v@goal=19.52 return=1012.5 length=80 success_rate=1.00 collisions/ep=0.00 (n=27)
update=93 global_step=190464 SPS=524 w_ev=0.932 m_ev=1.000 m_v_bias=-0.3 m_adv_std=2.8403 m_kl_max=0.0130 m_ratio_max=0.642 w_ax@goal=+1.11 w_v@goal=19.53 return=1012.3 length=79 success_rate=1.00 collisions/ep=0.00 (n=24)
update=94 global_step=192512 SPS=526 w_ev=0.931 m_ev=0.998 m_v_bias=0.4 m_adv_std=6.6266 m_kl_max=0.0120 m_ratio_max=0.760 w_ax@goal=+1.12 w_v@goal=19.63 return=1010.3 length=79 success_rate=1.00 collisions/ep=0.04 (n=24)
update=95 global_step=194560 SPS=528 w_ev=0.934 m_ev=0.998 m_v_bias=1.0 m_adv_std=7.2574 m_kl_max=0.0106 m_ratio_max=0.544 w_ax@goal=+1.15 w_v@goal=19.33 return=1006.2 length=79 success_rate=1.00 collisions/ep=0.12 (n=24)
Evaluation at update 95: return=1010.26, length=78.05, success_rate=1.00, collisions/ep=0.05
Solved-check at update 95: solved=False worst_gap=50.38 at p_x0=0.00 p_y0=0.50 (consecutive=14)
update=96 global_step=196608 SPS=520 w_ev=0.940 m_ev=0.998 m_v_bias=-0.4 m_adv_std=7.0292 m_kl_max=0.0148 m_ratio_max=0.572 w_ax@goal=+1.17 w_v@goal=19.58 return=1011.1 length=79 success_rate=1.00 collisions/ep=0.03 (n=32)
update=97 global_step=198656 SPS=522 w_ev=0.948 m_ev=0.995 m_v_bias=0.3 m_adv_std=11.0848 m_kl_max=0.0229 m_ratio_max=1.041 w_ax@goal=+1.24 w_v@goal=19.73 return=1004.3 length=79 success_rate=1.00 collisions/ep=0.21 (n=24)
update=98 global_step=200704 SPS=525 w_ev=0.932 m_ev=1.000 m_v_bias=0.9 m_adv_std=2.7251 m_kl_max=0.0048 m_ratio_max=0.402 w_ax@goal=+1.33 w_v@goal=19.65 return=1012.7 length=79 success_rate=1.00 collisions/ep=0.00 (n=24)
update=99 global_step=202752 SPS=527 w_ev=0.937 m_ev=0.994 m_v_bias=2.0 m_adv_std=12.2144 m_kl_max=0.0141 m_ratio_max=0.572 w_ax@goal=+1.20 w_v@goal=19.51 return=1006.5 length=79 success_rate=1.00 collisions/ep=0.12 (n=24)
update=100 global_step=204800 SPS=529 w_ev=0.954 m_ev=0.999 m_v_bias=-1.0 m_adv_std=4.5227 m_kl_max=0.0073 m_ratio_max=0.322 w_ax@goal=+1.16 w_v@goal=19.56 return=1011.0 length=79 success_rate=1.00 collisions/ep=0.06 (n=32)
Evaluation at update 100: return=1012.72, length=78.05, success_rate=1.00, collisions/ep=0.00
Solved-check at update 100: solved=True worst_gap=0.59 at p_x0=2.00 p_y0=1.00 (consecutive=0)
Saved checkpoints to C:\Users\loren\Desktop\MASTER THESIS\5_CODE\scenarios\slalom\studies\init_sampler_hppo_rep\hppo_sobol\runs\hppo_slalom_32_1791043220
