Using device: cpu
Solved-check: precomputed optimal returns for 25 fixed initial conditions (mean=1013.0, min=1011.0, max=1015.0); solved-tolerance=5.0
num_envs=8 num_steps_per_env=256 worker_batch_size=2048 worker_minibatch_size=256 num_updates=100 timesteps=204800
update=1 global_step=2048 SPS=806 w_ev=-0.011 m_ev=0.001 m_v_bias=90.3 m_adv_std=243.8982 m_kl_max=0.0019 m_ratio_max=0.300 w_ax@goal=+0.28 w_v@goal=0.00 return=-467.6 length=187 success_rate=0.25 collisions/ep=11.00 (n=8)
update=2 global_step=4096 SPS=905 w_ev=0.185 m_ev=0.228 m_v_bias=25.2 m_adv_std=180.8477 m_kl_max=0.0016 m_ratio_max=0.181 w_ax@goal=-0.33 w_v@goal=1.09 return=-319.6 length=185 success_rate=0.20 collisions/ep=7.00 (n=10)
update=3 global_step=6144 SPS=954 w_ev=0.483 m_ev=0.525 m_v_bias=-14.1 m_adv_std=190.5858 m_kl_max=0.0026 m_ratio_max=0.227 w_ax@goal=-0.08 w_v@goal=3.04 return=-207.0 length=186 success_rate=0.30 collisions/ep=7.50 (n=10)
update=4 global_step=8192 SPS=860 w_ev=0.657 m_ev=0.782 m_v_bias=-105.9 m_adv_std=145.0266 m_kl_max=0.0008 m_ratio_max=0.185 w_ax@goal=+0.28 w_v@goal=4.42 return=-31.4 length=181 success_rate=0.33 collisions/ep=4.20 (n=15)
update=5 global_step=10240 SPS=880 w_ev=0.883 m_ev=0.861 m_v_bias=-96.4 m_adv_std=125.7684 m_kl_max=0.0013 m_ratio_max=0.152 w_ax@goal=+0.06 w_v@goal=10.31 return=453.4 length=143 success_rate=0.73 collisions/ep=4.00 (n=11)
Evaluation at update 5: return=571.39, length=101.00, success_rate=1.00, collisions/ep=8.40
Solved-check at update 5: solved=False worst_gap=519.84 at p_x0=2.00 p_y0=1.00 (consecutive=0)
update=6 global_step=12288 SPS=469 w_ev=0.908 m_ev=0.720 m_v_bias=-42.2 m_adv_std=175.4782 m_kl_max=0.0041 m_ratio_max=0.343 w_ax@goal=+0.08 w_v@goal=15.14 return=565.2 length=127 success_rate=0.83 collisions/ep=4.44 (n=18)
update=7 global_step=14336 SPS=501 w_ev=0.956 m_ev=0.769 m_v_bias=-44.2 m_adv_std=134.0143 m_kl_max=0.0028 m_ratio_max=0.350 w_ax@goal=+0.46 w_v@goal=17.40 return=505.7 length=131 success_rate=0.73 collisions/ep=3.40 (n=15)
update=8 global_step=16384 SPS=533 w_ev=0.965 m_ev=0.879 m_v_bias=-49.3 m_adv_std=85.2226 m_kl_max=0.0090 m_ratio_max=0.386 w_ax@goal=+0.63 w_v@goal=19.12 return=771.8 length=100 success_rate=1.00 collisions/ep=4.39 (n=23)
update=9 global_step=18432 SPS=560 w_ev=0.968 m_ev=0.862 m_v_bias=-2.8 m_adv_std=95.2231 m_kl_max=0.0204 m_ratio_max=0.535 w_ax@goal=+0.48 w_v@goal=19.18 return=790.8 length=92 success_rate=1.00 collisions/ep=4.17 (n=23)
update=10 global_step=20480 SPS=584 w_ev=0.955 m_ev=0.902 m_v_bias=-11.0 m_adv_std=75.5931 m_kl_max=0.0046 m_ratio_max=0.378 w_ax@goal=+0.46 w_v@goal=18.92 return=774.6 length=89 success_rate=1.00 collisions/ep=4.57 (n=23)
Evaluation at update 10: return=769.28, length=83.25, success_rate=1.00, collisions/ep=4.80
Solved-check at update 10: solved=False worst_gap=603.82 at p_x0=1.50 p_y0=-1.00 (consecutive=0)
update=11 global_step=22528 SPS=462 w_ev=0.957 m_ev=0.891 m_v_bias=-14.3 m_adv_std=78.1361 m_kl_max=0.0198 m_ratio_max=0.817 w_ax@goal=+0.64 w_v@goal=19.69 return=831.8 length=86 success_rate=1.00 collisions/ep=3.48 (n=23)
update=12 global_step=24576 SPS=492 w_ev=0.950 m_ev=0.880 m_v_bias=-10.4 m_adv_std=74.9265 m_kl_max=0.0014 m_ratio_max=0.182 w_ax@goal=+0.77 w_v@goal=19.34 return=806.3 length=85 success_rate=1.00 collisions/ep=4.00 (n=24)
update=13 global_step=26624 SPS=519 w_ev=0.943 m_ev=0.915 m_v_bias=-15.6 m_adv_std=61.1202 m_kl_max=0.0109 m_ratio_max=0.841 w_ax@goal=+0.73 w_v@goal=19.33 return=881.0 length=85 success_rate=1.00 collisions/ep=2.52 (n=25)
update=14 global_step=28672 SPS=544 w_ev=0.950 m_ev=0.922 m_v_bias=9.2 m_adv_std=58.8894 m_kl_max=0.0170 m_ratio_max=0.539 w_ax@goal=+0.97 w_v@goal=19.23 return=867.9 length=83 success_rate=1.00 collisions/ep=2.81 (n=27)
update=15 global_step=30720 SPS=569 w_ev=0.959 m_ev=0.938 m_v_bias=-11.4 m_adv_std=50.4199 m_kl_max=0.0027 m_ratio_max=0.333 w_ax@goal=+0.79 w_v@goal=19.11 return=898.3 length=83 success_rate=1.00 collisions/ep=2.21 (n=24)
Evaluation at update 15: return=961.15, length=81.40, success_rate=1.00, collisions/ep=1.00
Solved-check at update 15: solved=False worst_gap=501.77 at p_x0=2.00 p_y0=-1.00 (consecutive=0)
update=16 global_step=32768 SPS=477 w_ev=0.955 m_ev=0.927 m_v_bias=-6.2 m_adv_std=55.3845 m_kl_max=0.0060 m_ratio_max=0.382 w_ax@goal=+0.95 w_v@goal=18.83 return=895.2 length=82 success_rate=1.00 collisions/ep=2.29 (n=24)
update=17 global_step=34816 SPS=475 w_ev=0.935 m_ev=0.890 m_v_bias=4.9 m_adv_std=65.6189 m_kl_max=0.0148 m_ratio_max=0.492 w_ax@goal=+0.88 w_v@goal=19.02 return=888.2 length=82 success_rate=1.00 collisions/ep=2.46 (n=24)
update=18 global_step=36864 SPS=471 w_ev=0.951 m_ev=0.941 m_v_bias=-16.1 m_adv_std=45.1356 m_kl_max=0.0240 m_ratio_max=0.556 w_ax@goal=+0.83 w_v@goal=18.97 return=915.8 length=82 success_rate=1.00 collisions/ep=2.00 (n=24)
update=19 global_step=38912 SPS=469 w_ev=0.957 m_ev=0.933 m_v_bias=-1.1 m_adv_std=50.8374 m_kl_max=0.0063 m_ratio_max=0.553 w_ax@goal=+0.97 w_v@goal=19.16 return=920.0 length=82 success_rate=1.00 collisions/ep=1.79 (n=24)
update=20 global_step=40960 SPS=467 w_ev=0.953 m_ev=0.948 m_v_bias=-8.2 m_adv_std=42.2850 m_kl_max=0.0022 m_ratio_max=0.234 w_ax@goal=+0.95 w_v@goal=18.96 return=924.2 length=82 success_rate=1.00 collisions/ep=1.79 (n=24)
Evaluation at update 20: return=1011.73, length=80.70, success_rate=1.00, collisions/ep=0.00
Solved-check at update 20: solved=True worst_gap=1.98 at p_x0=0.50 p_y0=1.00 (consecutive=0)
update=21 global_step=43008 SPS=401 w_ev=0.969 m_ev=0.954 m_v_bias=-3.2 m_adv_std=38.9684 m_kl_max=0.0059 m_ratio_max=0.336 w_ax@goal=+1.06 w_v@goal=19.13 return=933.1 length=81 success_rate=1.00 collisions/ep=1.65 (n=26)
update=22 global_step=45056 SPS=402 w_ev=0.951 m_ev=0.891 m_v_bias=7.5 m_adv_std=65.1038 m_kl_max=0.0215 m_ratio_max=0.842 w_ax@goal=+0.93 w_v@goal=19.07 return=931.7 length=82 success_rate=1.00 collisions/ep=1.63 (n=30)
update=23 global_step=47104 SPS=403 w_ev=0.963 m_ev=0.956 m_v_bias=-19.7 m_adv_std=38.8377 m_kl_max=0.0183 m_ratio_max=0.712 w_ax@goal=+1.15 w_v@goal=19.10 return=971.0 length=81 success_rate=1.00 collisions/ep=0.79 (n=24)
update=24 global_step=49152 SPS=404 w_ev=0.950 m_ev=0.954 m_v_bias=9.5 m_adv_std=38.9037 m_kl_max=0.0188 m_ratio_max=0.463 w_ax@goal=+0.98 w_v@goal=19.04 return=954.3 length=81 success_rate=1.00 collisions/ep=1.17 (n=24)
update=25 global_step=51200 SPS=405 w_ev=0.961 m_ev=0.972 m_v_bias=-8.5 m_adv_std=28.7540 m_kl_max=0.0091 m_ratio_max=0.395 w_ax@goal=+1.21 w_v@goal=19.27 return=963.2 length=80 success_rate=1.00 collisions/ep=0.96 (n=24)
Evaluation at update 25: return=1012.15, length=80.35, success_rate=1.00, collisions/ep=0.00
Solved-check at update 25: solved=False worst_gap=50.60 at p_x0=2.00 p_y0=-1.00 (consecutive=1)
update=26 global_step=53248 SPS=399 w_ev=0.956 m_ev=0.956 m_v_bias=-1.2 m_adv_std=35.5795 m_kl_max=0.0140 m_ratio_max=0.682 w_ax@goal=+1.03 w_v@goal=19.16 return=969.2 length=81 success_rate=1.00 collisions/ep=0.83 (n=24)
update=27 global_step=55296 SPS=411 w_ev=0.961 m_ev=0.968 m_v_bias=-1.2 m_adv_std=30.7659 m_kl_max=0.0126 m_ratio_max=1.005 w_ax@goal=+1.22 w_v@goal=19.29 return=976.6 length=81 success_rate=1.00 collisions/ep=0.85 (n=26)
update=28 global_step=57344 SPS=422 w_ev=0.974 m_ev=0.972 m_v_bias=-2.5 m_adv_std=30.3076 m_kl_max=0.0125 m_ratio_max=0.531 w_ax@goal=+1.20 w_v@goal=19.22 return=970.6 length=81 success_rate=1.00 collisions/ep=0.87 (n=30)
update=29 global_step=59392 SPS=433 w_ev=0.972 m_ev=0.979 m_v_bias=-6.4 m_adv_std=24.9842 m_kl_max=0.0057 m_ratio_max=0.419 w_ax@goal=+1.11 w_v@goal=19.25 return=983.6 length=81 success_rate=1.00 collisions/ep=0.54 (n=24)
update=30 global_step=61440 SPS=444 w_ev=0.968 m_ev=0.967 m_v_bias=1.7 m_adv_std=31.1682 m_kl_max=0.0119 m_ratio_max=0.487 w_ax@goal=+1.25 w_v@goal=19.18 return=981.2 length=81 success_rate=1.00 collisions/ep=0.67 (n=24)
Evaluation at update 30: return=1011.92, length=80.45, success_rate=1.00, collisions/ep=0.00
Solved-check at update 30: solved=True worst_gap=1.78 at p_x0=0.00 p_y0=1.00 (consecutive=0)
update=31 global_step=63488 SPS=404 w_ev=0.972 m_ev=0.992 m_v_bias=-8.5 m_adv_std=15.5422 m_kl_max=0.0177 m_ratio_max=0.690 w_ax@goal=+1.04 w_v@goal=19.25 return=1003.6 length=81 success_rate=1.00 collisions/ep=0.21 (n=24)
update=32 global_step=65536 SPS=405 w_ev=0.974 m_ev=0.983 m_v_bias=4.9 m_adv_std=22.3102 m_kl_max=0.0095 m_ratio_max=0.449 w_ax@goal=+0.99 w_v@goal=19.18 return=980.9 length=82 success_rate=1.00 collisions/ep=0.67 (n=24)
update=33 global_step=67584 SPS=413 w_ev=0.971 m_ev=0.968 m_v_bias=3.6 m_adv_std=30.9847 m_kl_max=0.0232 m_ratio_max=0.544 w_ax@goal=+0.97 w_v@goal=19.09 return=979.6 length=81 success_rate=1.00 collisions/ep=0.67 (n=24)
update=34 global_step=69632 SPS=423 w_ev=0.958 m_ev=0.962 m_v_bias=3.1 m_adv_std=36.2632 m_kl_max=0.0119 m_ratio_max=0.408 w_ax@goal=+1.04 w_v@goal=19.21 return=971.9 length=81 success_rate=1.00 collisions/ep=0.78 (n=32)
update=35 global_step=71680 SPS=432 w_ev=0.969 m_ev=0.973 m_v_bias=0.0 m_adv_std=29.0702 m_kl_max=0.0182 m_ratio_max=0.586 w_ax@goal=+1.06 w_v@goal=19.34 return=977.4 length=81 success_rate=1.00 collisions/ep=0.79 (n=24)
Evaluation at update 35: return=1011.86, length=80.70, success_rate=1.00, collisions/ep=0.00
Solved-check at update 35: solved=True worst_gap=1.81 at p_x0=0.00 p_y0=-1.00 (consecutive=1)
Solved criterion held for 2 consecutive evals (tolerance=5.0) at global_step=71680.
update=36 global_step=73728 SPS=408 w_ev=0.956 m_ev=0.934 m_v_bias=13.9 m_adv_std=44.0397 m_kl_max=0.0327 m_ratio_max=1.655 w_ax@goal=+0.98 w_v@goal=19.26 return=954.3 length=81 success_rate=1.00 collisions/ep=1.33 (n=24)
update=37 global_step=75776 SPS=408 w_ev=0.968 m_ev=0.958 m_v_bias=-5.2 m_adv_std=37.4312 m_kl_max=0.0079 m_ratio_max=0.472 w_ax@goal=+1.00 w_v@goal=19.02 return=964.2 length=82 success_rate=1.00 collisions/ep=0.96 (n=24)
update=38 global_step=77824 SPS=408 w_ev=0.967 m_ev=0.962 m_v_bias=-6.7 m_adv_std=33.8386 m_kl_max=0.0147 m_ratio_max=0.709 w_ax@goal=+1.04 w_v@goal=19.11 return=964.6 length=81 success_rate=1.00 collisions/ep=1.04 (n=24)
update=39 global_step=79872 SPS=409 w_ev=0.967 m_ev=0.964 m_v_bias=-6.6 m_adv_std=32.6482 m_kl_max=0.0141 m_ratio_max=0.574 w_ax@goal=+1.07 w_v@goal=18.98 return=981.7 length=81 success_rate=1.00 collisions/ep=0.58 (n=24)
update=40 global_step=81920 SPS=409 w_ev=0.980 m_ev=0.981 m_v_bias=-3.9 m_adv_std=24.4898 m_kl_max=0.0287 m_ratio_max=0.888 w_ax@goal=+0.90 w_v@goal=19.09 return=989.1 length=81 success_rate=1.00 collisions/ep=0.43 (n=30)
Evaluation at update 40: return=1012.17, length=80.30, success_rate=1.00, collisions/ep=0.00
Solved-check at update 40: solved=True worst_gap=1.40 at p_x0=0.00 p_y0=-1.00 (consecutive=2)
update=41 global_step=83968 SPS=396 w_ev=0.978 m_ev=0.982 m_v_bias=3.1 m_adv_std=23.3327 m_kl_max=0.0145 m_ratio_max=0.747 w_ax@goal=+0.83 w_v@goal=19.15 return=989.7 length=81 success_rate=1.00 collisions/ep=0.42 (n=26)
update=42 global_step=86016 SPS=403 w_ev=0.970 m_ev=0.989 m_v_bias=1.9 m_adv_std=17.8009 m_kl_max=0.0209 m_ratio_max=0.971 w_ax@goal=+1.13 w_v@goal=19.17 return=989.4 length=81 success_rate=1.00 collisions/ep=0.42 (n=24)
update=43 global_step=88064 SPS=411 w_ev=0.967 m_ev=0.991 m_v_bias=-4.2 m_adv_std=15.4309 m_kl_max=0.0158 m_ratio_max=0.492 w_ax@goal=+1.15 w_v@goal=19.06 return=998.4 length=81 success_rate=1.00 collisions/ep=0.29 (n=24)
update=44 global_step=90112 SPS=418 w_ev=0.965 m_ev=0.966 m_v_bias=5.3 m_adv_std=30.6555 m_kl_max=0.0141 m_ratio_max=0.498 w_ax@goal=+1.10 w_v@goal=19.05 return=983.6 length=81 success_rate=1.00 collisions/ep=0.58 (n=24)
update=45 global_step=92160 SPS=423 w_ev=0.976 m_ev=0.988 m_v_bias=-0.7 m_adv_std=18.4173 m_kl_max=0.0195 m_ratio_max=0.906 w_ax@goal=+0.96 w_v@goal=19.13 return=987.7 length=81 success_rate=1.00 collisions/ep=0.50 (n=24)
Evaluation at update 45: return=1012.55, length=79.90, success_rate=1.00, collisions/ep=0.00
Solved-check at update 45: solved=True worst_gap=1.01 at p_x0=0.00 p_y0=0.50 (consecutive=3)
update=46 global_step=94208 SPS=413 w_ev=0.979 m_ev=0.978 m_v_bias=1.0 m_adv_std=25.6656 m_kl_max=0.0300 m_ratio_max=1.210 w_ax@goal=+0.94 w_v@goal=19.28 return=996.8 length=81 success_rate=1.00 collisions/ep=0.38 (n=29)
update=47 global_step=96256 SPS=420 w_ev=0.971 m_ev=0.986 m_v_bias=2.5 m_adv_std=20.4592 m_kl_max=0.0144 m_ratio_max=0.535 w_ax@goal=+1.16 w_v@goal=19.26 return=989.2 length=80 success_rate=1.00 collisions/ep=0.44 (n=27)
update=48 global_step=98304 SPS=426 w_ev=0.973 m_ev=0.986 m_v_bias=-3.3 m_adv_std=19.8234 m_kl_max=0.0106 m_ratio_max=0.984 w_ax@goal=+1.28 w_v@goal=19.36 return=1001.3 length=80 success_rate=1.00 collisions/ep=0.29 (n=24)
update=49 global_step=100352 SPS=433 w_ev=0.969 m_ev=0.983 m_v_bias=-0.1 m_adv_std=21.8799 m_kl_max=0.0106 m_ratio_max=0.350 w_ax@goal=+1.33 w_v@goal=19.40 return=993.0 length=80 success_rate=1.00 collisions/ep=0.42 (n=24)
update=50 global_step=102400 SPS=439 w_ev=0.961 m_ev=0.972 m_v_bias=6.1 m_adv_std=28.0922 m_kl_max=0.0089 m_ratio_max=0.532 w_ax@goal=+0.98 w_v@goal=19.21 return=991.8 length=81 success_rate=1.00 collisions/ep=0.46 (n=24)
Evaluation at update 50: return=1012.50, length=80.00, success_rate=1.00, collisions/ep=0.00
Solved-check at update 50: solved=True worst_gap=1.10 at p_x0=0.00 p_y0=1.00 (consecutive=4)
update=51 global_step=104448 SPS=439 w_ev=0.972 m_ev=0.986 m_v_bias=-5.2 m_adv_std=20.0442 m_kl_max=0.0089 m_ratio_max=0.389 w_ax@goal=+1.13 w_v@goal=19.22 return=1002.6 length=81 success_rate=1.00 collisions/ep=0.17 (n=24)
update=52 global_step=106496 SPS=445 w_ev=0.967 m_ev=0.992 m_v_bias=-3.8 m_adv_std=15.4983 m_kl_max=0.0137 m_ratio_max=0.446 w_ax@goal=+0.92 w_v@goal=19.14 return=997.0 length=81 success_rate=1.00 collisions/ep=0.31 (n=32)
update=53 global_step=108544 SPS=447 w_ev=0.960 m_ev=0.983 m_v_bias=3.7 m_adv_std=22.0077 m_kl_max=0.0115 m_ratio_max=0.423 w_ax@goal=+1.01 w_v@goal=19.32 return=996.4 length=81 success_rate=1.00 collisions/ep=0.33 (n=24)
update=54 global_step=110592 SPS=453 w_ev=0.968 m_ev=0.993 m_v_bias=-2.0 m_adv_std=13.4705 m_kl_max=0.0183 m_ratio_max=0.924 w_ax@goal=+1.10 w_v@goal=19.31 return=999.1 length=80 success_rate=1.00 collisions/ep=0.25 (n=24)
update=55 global_step=112640 SPS=458 w_ev=0.957 m_ev=0.946 m_v_bias=10.4 m_adv_std=38.9002 m_kl_max=0.0280 m_ratio_max=1.276 w_ax@goal=+1.03 w_v@goal=19.44 return=969.6 length=80 success_rate=1.00 collisions/ep=0.96 (n=24)
Evaluation at update 55: return=1012.18, length=80.25, success_rate=1.00, collisions/ep=0.00
Solved-check at update 55: solved=True worst_gap=1.49 at p_x0=0.00 p_y0=1.00 (consecutive=5)
update=56 global_step=114688 SPS=441 w_ev=0.968 m_ev=0.991 m_v_bias=-10.8 m_adv_std=16.2115 m_kl_max=0.0181 m_ratio_max=0.819 w_ax@goal=+0.94 w_v@goal=19.20 return=1004.0 length=81 success_rate=1.00 collisions/ep=0.12 (n=24)
update=57 global_step=116736 SPS=441 w_ev=0.964 m_ev=0.994 m_v_bias=-5.6 m_adv_std=12.9899 m_kl_max=0.0165 m_ratio_max=0.684 w_ax@goal=+0.94 w_v@goal=19.12 return=996.9 length=81 success_rate=1.00 collisions/ep=0.27 (n=26)
update=58 global_step=118784 SPS=440 w_ev=0.962 m_ev=0.981 m_v_bias=5.4 m_adv_std=24.8878 m_kl_max=0.0057 m_ratio_max=0.480 w_ax@goal=+0.95 w_v@goal=19.24 return=992.1 length=81 success_rate=1.00 collisions/ep=0.37 (n=30)
update=59 global_step=120832 SPS=441 w_ev=0.956 m_ev=0.975 m_v_bias=1.6 m_adv_std=27.3493 m_kl_max=0.0122 m_ratio_max=0.734 w_ax@goal=+1.02 w_v@goal=19.46 return=987.8 length=81 success_rate=1.00 collisions/ep=0.46 (n=24)
update=60 global_step=122880 SPS=443 w_ev=0.956 m_ev=0.979 m_v_bias=-1.7 m_adv_std=25.0320 m_kl_max=0.0100 m_ratio_max=0.437 w_ax@goal=+1.06 w_v@goal=19.33 return=990.2 length=80 success_rate=1.00 collisions/ep=0.50 (n=24)
Evaluation at update 60: return=1004.86, length=80.25, success_rate=1.00, collisions/ep=0.15
Solved-check at update 60: solved=False worst_gap=51.28 at p_x0=0.00 p_y0=1.00 (consecutive=6)
update=61 global_step=124928 SPS=431 w_ev=0.950 m_ev=0.982 m_v_bias=3.5 m_adv_std=22.5917 m_kl_max=0.0077 m_ratio_max=0.751 w_ax@goal=+1.17 w_v@goal=19.56 return=980.5 length=80 success_rate=1.00 collisions/ep=0.71 (n=24)
update=62 global_step=126976 SPS=435 w_ev=0.954 m_ev=0.984 m_v_bias=1.9 m_adv_std=21.4855 m_kl_max=0.0132 m_ratio_max=0.426 w_ax@goal=+1.21 w_v@goal=19.34 return=990.9 length=80 success_rate=1.00 collisions/ep=0.46 (n=24)
update=63 global_step=129024 SPS=439 w_ev=0.961 m_ev=0.963 m_v_bias=3.8 m_adv_std=35.8049 m_kl_max=0.0188 m_ratio_max=1.182 w_ax@goal=+1.14 w_v@goal=19.39 return=969.1 length=80 success_rate=1.00 collisions/ep=0.87 (n=31)
update=64 global_step=131072 SPS=443 w_ev=0.959 m_ev=0.981 m_v_bias=-2.2 m_adv_std=24.5875 m_kl_max=0.0060 m_ratio_max=0.333 w_ax@goal=+1.14 w_v@goal=19.36 return=983.5 length=80 success_rate=1.00 collisions/ep=0.60 (n=25)
update=65 global_step=133120 SPS=447 w_ev=0.959 m_ev=0.967 m_v_bias=-6.2 m_adv_std=31.3850 m_kl_max=0.0044 m_ratio_max=0.316 w_ax@goal=+1.19 w_v@goal=19.30 return=990.3 length=80 success_rate=1.00 collisions/ep=0.46 (n=24)
Evaluation at update 65: return=1010.00, length=80.05, success_rate=1.00, collisions/ep=0.05
Solved-check at update 65: solved=True worst_gap=1.11 at p_x0=0.00 p_y0=1.00 (consecutive=0)
update=66 global_step=135168 SPS=438 w_ev=0.948 m_ev=0.994 m_v_bias=-5.2 m_adv_std=12.6258 m_kl_max=0.0164 m_ratio_max=0.492 w_ax@goal=+1.13 w_v@goal=19.32 return=998.6 length=80 success_rate=1.00 collisions/ep=0.25 (n=24)
update=67 global_step=137216 SPS=442 w_ev=0.962 m_ev=0.992 m_v_bias=0.3 m_adv_std=14.7558 m_kl_max=0.0189 m_ratio_max=0.694 w_ax@goal=+1.14 w_v@goal=19.30 return=1003.1 length=80 success_rate=1.00 collisions/ep=0.17 (n=24)
update=68 global_step=139264 SPS=445 w_ev=0.965 m_ev=0.993 m_v_bias=2.4 m_adv_std=14.6476 m_kl_max=0.0190 m_ratio_max=0.772 w_ax@goal=+1.11 w_v@goal=19.22 return=1002.3 length=80 success_rate=1.00 collisions/ep=0.19 (n=27)
update=69 global_step=141312 SPS=448 w_ev=0.964 m_ev=0.998 m_v_bias=-2.5 m_adv_std=7.8968 m_kl_max=0.0157 m_ratio_max=0.817 w_ax@goal=+1.01 w_v@goal=19.34 return=1009.9 length=80 success_rate=1.00 collisions/ep=0.07 (n=29)
update=70 global_step=143360 SPS=452 w_ev=0.951 m_ev=0.988 m_v_bias=4.5 m_adv_std=18.0091 m_kl_max=0.0167 m_ratio_max=0.600 w_ax@goal=+1.18 w_v@goal=19.37 return=996.9 length=80 success_rate=1.00 collisions/ep=0.29 (n=24)
Evaluation at update 70: return=1012.59, length=79.80, success_rate=1.00, collisions/ep=0.00
Solved-check at update 70: solved=True worst_gap=0.98 at p_x0=0.50 p_y0=1.00 (consecutive=1)
update=71 global_step=145408 SPS=441 w_ev=0.943 m_ev=0.979 m_v_bias=3.7 m_adv_std=24.8641 m_kl_max=0.0193 m_ratio_max=0.651 w_ax@goal=+1.16 w_v@goal=19.53 return=988.9 length=80 success_rate=1.00 collisions/ep=0.46 (n=24)
update=72 global_step=147456 SPS=443 w_ev=0.958 m_ev=0.993 m_v_bias=-3.8 m_adv_std=13.9292 m_kl_max=0.0208 m_ratio_max=0.496 w_ax@goal=+1.22 w_v@goal=19.54 return=999.4 length=80 success_rate=1.00 collisions/ep=0.25 (n=24)
update=73 global_step=149504 SPS=444 w_ev=0.948 m_ev=0.991 m_v_bias=3.5 m_adv_std=15.7477 m_kl_max=0.0090 m_ratio_max=0.639 w_ax@goal=+1.20 w_v@goal=19.26 return=996.7 length=80 success_rate=1.00 collisions/ep=0.37 (n=27)
update=74 global_step=151552 SPS=445 w_ev=0.950 m_ev=0.938 m_v_bias=8.1 m_adv_std=46.2217 m_kl_max=0.0202 m_ratio_max=0.704 w_ax@goal=+1.25 w_v@goal=19.31 return=979.2 length=80 success_rate=1.00 collisions/ep=0.69 (n=29)
update=75 global_step=153600 SPS=447 w_ev=0.962 m_ev=0.988 m_v_bias=-3.5 m_adv_std=18.0889 m_kl_max=0.0241 m_ratio_max=0.766 w_ax@goal=+1.30 w_v@goal=19.48 return=995.1 length=80 success_rate=1.00 collisions/ep=0.33 (n=24)
Evaluation at update 75: return=1010.19, length=79.75, success_rate=1.00, collisions/ep=0.05
Solved-check at update 75: solved=False worst_gap=50.85 at p_x0=0.00 p_y0=0.50 (consecutive=2)
update=76 global_step=155648 SPS=442 w_ev=0.954 m_ev=0.965 m_v_bias=11.3 m_adv_std=31.5431 m_kl_max=0.0117 m_ratio_max=0.430 w_ax@goal=+1.32 w_v@goal=19.39 return=974.5 length=80 success_rate=1.00 collisions/ep=0.83 (n=24)
update=77 global_step=157696 SPS=445 w_ev=0.953 m_ev=0.982 m_v_bias=-4.7 m_adv_std=23.1898 m_kl_max=0.0130 m_ratio_max=0.644 w_ax@goal=+1.35 w_v@goal=19.55 return=983.0 length=79 success_rate=1.00 collisions/ep=0.58 (n=24)
update=78 global_step=159744 SPS=448 w_ev=0.956 m_ev=0.982 m_v_bias=-5.2 m_adv_std=23.7492 m_kl_max=0.0171 m_ratio_max=0.616 w_ax@goal=+1.22 w_v@goal=19.40 return=983.1 length=79 success_rate=1.00 collisions/ep=0.58 (n=31)
update=79 global_step=161792 SPS=451 w_ev=0.948 m_ev=0.957 m_v_bias=3.0 m_adv_std=37.4358 m_kl_max=0.0117 m_ratio_max=0.642 w_ax@goal=+1.22 w_v@goal=19.33 return=986.2 length=80 success_rate=1.00 collisions/ep=0.56 (n=25)
update=80 global_step=163840 SPS=454 w_ev=0.964 m_ev=0.992 m_v_bias=-9.3 m_adv_std=14.9921 m_kl_max=0.0096 m_ratio_max=0.766 w_ax@goal=+1.07 w_v@goal=19.27 return=1003.2 length=80 success_rate=1.00 collisions/ep=0.17 (n=24)
Evaluation at update 80: return=1012.56, length=79.85, success_rate=1.00, collisions/ep=0.00
Solved-check at update 80: solved=True worst_gap=1.03 at p_x0=0.00 p_y0=-1.00 (consecutive=0)
update=81 global_step=165888 SPS=444 w_ev=0.959 m_ev=0.992 m_v_bias=-0.6 m_adv_std=14.0812 m_kl_max=0.0063 m_ratio_max=0.328 w_ax@goal=+1.03 w_v@goal=19.23 return=1001.4 length=80 success_rate=1.00 collisions/ep=0.21 (n=24)
update=82 global_step=167936 SPS=445 w_ev=0.961 m_ev=0.994 m_v_bias=0.0 m_adv_std=12.8209 m_kl_max=0.0094 m_ratio_max=0.467 w_ax@goal=+1.17 w_v@goal=19.29 return=1006.0 length=79 success_rate=1.00 collisions/ep=0.12 (n=25)
update=83 global_step=169984 SPS=446 w_ev=0.954 m_ev=0.988 m_v_bias=3.5 m_adv_std=18.8230 m_kl_max=0.0166 m_ratio_max=0.595 w_ax@goal=+1.30 w_v@goal=19.48 return=995.9 length=80 success_rate=1.00 collisions/ep=0.32 (n=31)
update=84 global_step=172032 SPS=447 w_ev=0.944 m_ev=0.994 m_v_bias=0.5 m_adv_std=12.6297 m_kl_max=0.0087 m_ratio_max=0.390 w_ax@goal=+1.18 w_v@goal=19.60 return=1001.7 length=79 success_rate=1.00 collisions/ep=0.25 (n=24)
update=85 global_step=174080 SPS=448 w_ev=0.947 m_ev=0.988 m_v_bias=-0.5 m_adv_std=18.4957 m_kl_max=0.0126 m_ratio_max=0.498 w_ax@goal=+1.16 w_v@goal=19.35 return=1001.4 length=80 success_rate=1.00 collisions/ep=0.21 (n=24)
Evaluation at update 85: return=1012.75, length=79.70, success_rate=1.00, collisions/ep=0.00
Solved-check at update 85: solved=True worst_gap=0.87 at p_x0=0.00 p_y0=1.00 (consecutive=1)
update=86 global_step=176128 SPS=437 w_ev=0.945 m_ev=0.971 m_v_bias=5.9 m_adv_std=29.3691 m_kl_max=0.0288 m_ratio_max=0.887 w_ax@goal=+1.32 w_v@goal=19.59 return=989.1 length=80 success_rate=1.00 collisions/ep=0.46 (n=24)
update=87 global_step=178176 SPS=440 w_ev=0.970 m_ev=0.990 m_v_bias=-7.9 m_adv_std=16.6121 m_kl_max=0.0117 m_ratio_max=0.563 w_ax@goal=+1.22 w_v@goal=19.53 return=994.6 length=79 success_rate=1.00 collisions/ep=0.35 (n=26)
update=88 global_step=180224 SPS=442 w_ev=0.962 m_ev=0.994 m_v_bias=0.3 m_adv_std=13.8164 m_kl_max=0.0121 m_ratio_max=0.633 w_ax@goal=+1.26 w_v@goal=19.38 return=1004.2 length=80 success_rate=1.00 collisions/ep=0.17 (n=30)
update=89 global_step=182272 SPS=445 w_ev=0.954 m_ev=0.984 m_v_bias=3.5 m_adv_std=21.3623 m_kl_max=0.0281 m_ratio_max=0.737 w_ax@goal=+1.35 w_v@goal=19.45 return=993.6 length=79 success_rate=1.00 collisions/ep=0.38 (n=24)
update=90 global_step=184320 SPS=448 w_ev=0.966 m_ev=0.988 m_v_bias=0.1 m_adv_std=17.6632 m_kl_max=0.0078 m_ratio_max=0.492 w_ax@goal=+1.25 w_v@goal=19.55 return=1001.8 length=79 success_rate=1.00 collisions/ep=0.21 (n=24)
Evaluation at update 90: return=1012.76, length=79.70, success_rate=1.00, collisions/ep=0.00
Solved-check at update 90: solved=True worst_gap=0.89 at p_x0=0.00 p_y0=1.00 (consecutive=2)
update=91 global_step=186368 SPS=443 w_ev=0.969 m_ev=0.997 m_v_bias=0.1 m_adv_std=8.6590 m_kl_max=0.0096 m_ratio_max=0.596 w_ax@goal=+1.21 w_v@goal=19.63 return=1007.7 length=80 success_rate=1.00 collisions/ep=0.08 (n=24)
update=92 global_step=188416 SPS=446 w_ev=0.969 m_ev=0.998 m_v_bias=-0.1 m_adv_std=8.1305 m_kl_max=0.0276 m_ratio_max=1.370 w_ax@goal=+1.11 w_v@goal=19.31 return=1007.1 length=80 success_rate=1.00 collisions/ep=0.09 (n=32)
update=93 global_step=190464 SPS=448 w_ev=0.964 m_ev=0.989 m_v_bias=3.4 m_adv_std=18.0742 m_kl_max=0.0175 m_ratio_max=0.538 w_ax@goal=+1.18 w_v@goal=19.39 return=999.5 length=80 success_rate=1.00 collisions/ep=0.25 (n=24)
update=94 global_step=192512 SPS=451 w_ev=0.970 m_ev=0.998 m_v_bias=-1.5 m_adv_std=7.9253 m_kl_max=0.0122 m_ratio_max=0.580 w_ax@goal=+1.23 w_v@goal=19.58 return=1009.3 length=80 success_rate=1.00 collisions/ep=0.04 (n=24)
update=95 global_step=194560 SPS=453 w_ev=0.957 m_ev=0.984 m_v_bias=3.0 m_adv_std=20.3721 m_kl_max=0.0200 m_ratio_max=0.640 w_ax@goal=+1.19 w_v@goal=19.58 return=1001.2 length=80 success_rate=1.00 collisions/ep=0.21 (n=24)
Evaluation at update 95: return=1012.87, length=79.70, success_rate=1.00, collisions/ep=0.00
Solved-check at update 95: solved=True worst_gap=0.76 at p_x0=0.00 p_y0=1.00 (consecutive=3)
update=96 global_step=196608 SPS=445 w_ev=0.955 m_ev=0.984 m_v_bias=2.1 m_adv_std=21.3771 m_kl_max=0.0293 m_ratio_max=0.896 w_ax@goal=+1.04 w_v@goal=19.54 return=992.5 length=80 success_rate=1.00 collisions/ep=0.38 (n=24)
update=97 global_step=198656 SPS=445 w_ev=0.956 m_ev=0.991 m_v_bias=-2.3 m_adv_std=16.1015 m_kl_max=0.0055 m_ratio_max=0.488 w_ax@goal=+1.13 w_v@goal=19.59 return=999.9 length=79 success_rate=1.00 collisions/ep=0.25 (n=32)
update=98 global_step=200704 SPS=447 w_ev=0.959 m_ev=0.993 m_v_bias=-2.2 m_adv_std=14.4074 m_kl_max=0.0086 m_ratio_max=0.589 w_ax@goal=+1.04 w_v@goal=19.42 return=1001.8 length=80 success_rate=1.00 collisions/ep=0.21 (n=24)
update=99 global_step=202752 SPS=449 w_ev=0.956 m_ev=0.992 m_v_bias=-0.0 m_adv_std=14.6279 m_kl_max=0.0155 m_ratio_max=0.612 w_ax@goal=+1.18 w_v@goal=19.47 return=1004.0 length=79 success_rate=1.00 collisions/ep=0.21 (n=24)
update=100 global_step=204800 SPS=452 w_ev=0.953 m_ev=0.984 m_v_bias=3.9 m_adv_std=20.7009 m_kl_max=0.0186 m_ratio_max=0.438 w_ax@goal=+1.12 w_v@goal=19.61 return=989.4 length=79 success_rate=1.00 collisions/ep=0.46 (n=24)
Evaluation at update 100: return=1012.97, length=79.45, success_rate=1.00, collisions/ep=0.00
Solved-check at update 100: solved=True worst_gap=0.58 at p_x0=0.00 p_y0=1.00 (consecutive=4)
Saved checkpoints to C:\Users\loren\Desktop\MASTER THESIS\5_CODE\scenarios\slalom\studies\init_sampler_hppo_rep\hppo_sobol\runs\hppo_slalom_21_1791039799
