Using device: cpu
Solved-check: precomputed optimal returns for 25 fixed initial conditions (mean=1013.0, min=1011.0, max=1015.0); solved-tolerance=5.0
num_envs=8 num_steps_per_env=256 worker_batch_size=2048 worker_minibatch_size=256 num_updates=100 timesteps=204800
update=1 global_step=2048 SPS=2834 w_ev=0.064 m_ev=-0.001 m_v_bias=76.2 m_adv_std=167.4089 m_kl_max=0.0028 m_ratio_max=0.307 w_ax@goal=+0.25 w_v@goal=0.16 return=-372.6 length=197 success_rate=0.12 collisions/ep=6.50 (n=8)
update=2 global_step=4096 SPS=2704 w_ev=0.305 m_ev=0.239 m_v_bias=32.0 m_adv_std=200.0956 m_kl_max=0.0020 m_ratio_max=0.200 w_ax@goal=+0.19 w_v@goal=1.50 return=-285.9 length=184 success_rate=0.20 collisions/ep=6.50 (n=10)
update=3 global_step=6144 SPS=2592 w_ev=0.569 m_ev=0.535 m_v_bias=-95.9 m_adv_std=230.5145 m_kl_max=0.0026 m_ratio_max=0.231 w_ax@goal=+0.15 w_v@goal=4.17 return=64.9 length=165 success_rate=0.54 collisions/ep=7.15 (n=13)
update=4 global_step=8192 SPS=2608 w_ev=0.796 m_ev=0.618 m_v_bias=-26.3 m_adv_std=231.0340 m_kl_max=0.0029 m_ratio_max=0.243 w_ax@goal=+0.33 w_v@goal=8.99 return=172.0 length=165 success_rate=0.58 collisions/ep=6.17 (n=12)
update=5 global_step=10240 SPS=2616 w_ev=0.908 m_ev=0.803 m_v_bias=-89.9 m_adv_std=150.8900 m_kl_max=0.0008 m_ratio_max=0.181 w_ax@goal=+0.11 w_v@goal=12.87 return=395.0 length=142 success_rate=0.73 collisions/ep=5.67 (n=15)
Evaluation at update 5: return=568.75, length=91.05, success_rate=1.00, collisions/ep=8.60
Solved-check at update 5: solved=False worst_gap=514.95 at p_x0=1.00 p_y0=1.00 (consecutive=0)
update=6 global_step=12288 SPS=1692 w_ev=0.952 m_ev=0.845 m_v_bias=-60.0 m_adv_std=123.7701 m_kl_max=0.0036 m_ratio_max=0.447 w_ax@goal=+0.25 w_v@goal=16.47 return=562.1 length=125 success_rate=0.89 collisions/ep=5.72 (n=18)
update=7 global_step=14336 SPS=1774 w_ev=0.958 m_ev=0.894 m_v_bias=-82.5 m_adv_std=85.2901 m_kl_max=0.0055 m_ratio_max=0.342 w_ax@goal=+0.44 w_v@goal=18.75 return=778.6 length=102 success_rate=1.00 collisions/ep=4.21 (n=19)
update=8 global_step=16384 SPS=1827 w_ev=0.956 m_ev=0.918 m_v_bias=-39.8 m_adv_std=71.0183 m_kl_max=0.0025 m_ratio_max=0.277 w_ax@goal=+0.36 w_v@goal=19.32 return=792.3 length=95 success_rate=0.96 collisions/ep=3.17 (n=23)
update=9 global_step=18432 SPS=1892 w_ev=0.951 m_ev=0.903 m_v_bias=10.8 m_adv_std=71.1119 m_kl_max=0.0039 m_ratio_max=0.291 w_ax@goal=+0.70 w_v@goal=19.49 return=792.0 length=89 success_rate=1.00 collisions/ep=4.21 (n=24)
update=10 global_step=20480 SPS=1949 w_ev=0.943 m_ev=0.863 m_v_bias=0.9 m_adv_std=84.5252 m_kl_max=0.0006 m_ratio_max=0.147 w_ax@goal=+0.50 w_v@goal=19.39 return=850.2 length=87 success_rate=1.00 collisions/ep=3.08 (n=24)
Evaluation at update 10: return=979.00, length=80.75, success_rate=1.00, collisions/ep=0.60
Solved-check at update 10: solved=False worst_gap=53.98 at p_x0=0.00 p_y0=-1.00 (consecutive=0)
update=11 global_step=22528 SPS=1653 w_ev=0.955 m_ev=0.924 m_v_bias=-16.7 m_adv_std=57.8101 m_kl_max=0.0014 m_ratio_max=0.243 w_ax@goal=+0.56 w_v@goal=19.29 return=874.8 length=86 success_rate=1.00 collisions/ep=2.62 (n=24)
update=12 global_step=24576 SPS=1705 w_ev=0.952 m_ev=0.933 m_v_bias=-16.4 m_adv_std=52.1023 m_kl_max=0.0023 m_ratio_max=0.214 w_ax@goal=+0.67 w_v@goal=19.26 return=910.3 length=85 success_rate=1.00 collisions/ep=1.92 (n=24)
update=13 global_step=26624 SPS=1746 w_ev=0.946 m_ev=0.925 m_v_bias=14.0 m_adv_std=58.9778 m_kl_max=0.0167 m_ratio_max=1.049 w_ax@goal=+0.64 w_v@goal=19.39 return=851.4 length=84 success_rate=1.00 collisions/ep=3.16 (n=25)
update=14 global_step=28672 SPS=1791 w_ev=0.949 m_ev=0.921 m_v_bias=-10.7 m_adv_std=57.4701 m_kl_max=0.0079 m_ratio_max=0.348 w_ax@goal=+0.75 w_v@goal=19.19 return=887.6 length=83 success_rate=1.00 collisions/ep=2.42 (n=24)
update=15 global_step=30720 SPS=1821 w_ev=0.948 m_ev=0.918 m_v_bias=8.9 m_adv_std=58.4276 m_kl_max=0.0054 m_ratio_max=0.370 w_ax@goal=+0.64 w_v@goal=19.35 return=885.7 length=83 success_rate=1.00 collisions/ep=2.46 (n=24)
Evaluation at update 15: return=964.82, length=79.85, success_rate=1.00, collisions/ep=0.90
Solved-check at update 15: solved=False worst_gap=103.31 at p_x0=0.00 p_y0=-1.00 (consecutive=0)
update=16 global_step=32768 SPS=1644 w_ev=0.950 m_ev=0.933 m_v_bias=-2.4 m_adv_std=51.8428 m_kl_max=0.0197 m_ratio_max=1.003 w_ax@goal=+0.66 w_v@goal=19.35 return=883.7 length=83 success_rate=1.00 collisions/ep=2.54 (n=24)
update=17 global_step=34816 SPS=1682 w_ev=0.955 m_ev=0.958 m_v_bias=-29.8 m_adv_std=38.8066 m_kl_max=0.0190 m_ratio_max=0.719 w_ax@goal=+0.64 w_v@goal=19.48 return=955.3 length=84 success_rate=1.00 collisions/ep=1.04 (n=24)
update=18 global_step=36864 SPS=1710 w_ev=0.936 m_ev=0.907 m_v_bias=10.5 m_adv_std=58.5813 m_kl_max=0.0133 m_ratio_max=0.482 w_ax@goal=+0.93 w_v@goal=19.60 return=908.1 length=84 success_rate=1.00 collisions/ep=2.00 (n=24)
update=19 global_step=38912 SPS=1734 w_ev=0.939 m_ev=0.932 m_v_bias=1.4 m_adv_std=48.7751 m_kl_max=0.0104 m_ratio_max=0.497 w_ax@goal=+0.82 w_v@goal=19.44 return=928.3 length=84 success_rate=1.00 collisions/ep=1.62 (n=24)
update=20 global_step=40960 SPS=1765 w_ev=0.941 m_ev=0.923 m_v_bias=-8.3 m_adv_std=53.9092 m_kl_max=0.0034 m_ratio_max=0.283 w_ax@goal=+0.76 w_v@goal=18.95 return=926.6 length=84 success_rate=1.00 collisions/ep=1.75 (n=24)
Evaluation at update 20: return=1010.24, length=79.60, success_rate=1.00, collisions/ep=0.00
Solved-check at update 20: solved=False worst_gap=52.28 at p_x0=0.00 p_y0=1.00 (consecutive=0)
update=21 global_step=43008 SPS=1642 w_ev=0.963 m_ev=0.951 m_v_bias=-11.7 m_adv_std=39.9758 m_kl_max=0.0025 m_ratio_max=0.252 w_ax@goal=+0.64 w_v@goal=18.89 return=933.5 length=83 success_rate=1.00 collisions/ep=1.50 (n=24)
update=22 global_step=45056 SPS=1666 w_ev=0.959 m_ev=0.953 m_v_bias=-4.3 m_adv_std=40.2972 m_kl_max=0.0045 m_ratio_max=0.291 w_ax@goal=+0.62 w_v@goal=19.02 return=962.3 length=84 success_rate=1.00 collisions/ep=1.00 (n=24)
update=23 global_step=47104 SPS=1686 w_ev=0.955 m_ev=0.937 m_v_bias=5.1 m_adv_std=46.9669 m_kl_max=0.0086 m_ratio_max=0.347 w_ax@goal=+0.62 w_v@goal=19.10 return=931.6 length=84 success_rate=1.00 collisions/ep=1.56 (n=25)
update=24 global_step=49152 SPS=1710 w_ev=0.951 m_ev=0.935 m_v_bias=0.2 m_adv_std=49.1427 m_kl_max=0.0064 m_ratio_max=0.276 w_ax@goal=+0.70 w_v@goal=19.18 return=945.0 length=83 success_rate=1.00 collisions/ep=1.28 (n=25)
update=25 global_step=51200 SPS=1731 w_ev=0.955 m_ev=0.944 m_v_bias=-11.2 m_adv_std=45.1745 m_kl_max=0.0118 m_ratio_max=0.461 w_ax@goal=+0.75 w_v@goal=19.31 return=951.1 length=82 success_rate=1.00 collisions/ep=1.23 (n=30)
Evaluation at update 25: return=1010.98, length=78.70, success_rate=1.00, collisions/ep=0.00
Solved-check at update 25: solved=True worst_gap=2.62 at p_x0=0.00 p_y0=-1.00 (consecutive=0)
update=26 global_step=53248 SPS=1629 w_ev=0.958 m_ev=0.967 m_v_bias=-7.4 m_adv_std=31.9598 m_kl_max=0.0135 m_ratio_max=0.506 w_ax@goal=+0.81 w_v@goal=19.27 return=974.7 length=81 success_rate=1.00 collisions/ep=0.75 (n=24)
update=27 global_step=55296 SPS=1652 w_ev=0.955 m_ev=0.917 m_v_bias=10.8 m_adv_std=52.0320 m_kl_max=0.0231 m_ratio_max=1.582 w_ax@goal=+0.57 w_v@goal=19.04 return=954.3 length=81 success_rate=1.00 collisions/ep=1.17 (n=24)
update=28 global_step=57344 SPS=1668 w_ev=0.960 m_ev=0.969 m_v_bias=-6.1 m_adv_std=30.8709 m_kl_max=0.0057 m_ratio_max=0.353 w_ax@goal=+0.64 w_v@goal=19.07 return=956.7 length=80 success_rate=1.00 collisions/ep=1.17 (n=24)
update=29 global_step=59392 SPS=1687 w_ev=0.959 m_ev=0.954 m_v_bias=-6.3 m_adv_std=37.2132 m_kl_max=0.0077 m_ratio_max=0.373 w_ax@goal=+0.79 w_v@goal=19.11 return=972.8 length=81 success_rate=1.00 collisions/ep=0.79 (n=24)
update=30 global_step=61440 SPS=1708 w_ev=0.970 m_ev=0.987 m_v_bias=-14.0 m_adv_std=19.3913 m_kl_max=0.0056 m_ratio_max=0.336 w_ax@goal=+0.73 w_v@goal=19.16 return=980.5 length=81 success_rate=1.00 collisions/ep=0.60 (n=25)
Evaluation at update 30: return=1011.16, length=78.65, success_rate=1.00, collisions/ep=0.00
Solved-check at update 30: solved=True worst_gap=2.11 at p_x0=0.00 p_y0=-1.00 (consecutive=1)
Solved criterion held for 2 consecutive evals (tolerance=5.0) at global_step=61440.
update=31 global_step=63488 SPS=1628 w_ev=0.962 m_ev=0.982 m_v_bias=4.8 m_adv_std=23.7965 m_kl_max=0.0052 m_ratio_max=0.309 w_ax@goal=+0.77 w_v@goal=19.20 return=982.3 length=81 success_rate=1.00 collisions/ep=0.56 (n=27)
update=32 global_step=65536 SPS=1645 w_ev=0.966 m_ev=0.981 m_v_bias=-0.8 m_adv_std=25.1354 m_kl_max=0.0110 m_ratio_max=0.646 w_ax@goal=+0.67 w_v@goal=19.04 return=987.4 length=81 success_rate=1.00 collisions/ep=0.54 (n=28)
update=33 global_step=67584 SPS=1660 w_ev=0.944 m_ev=0.921 m_v_bias=13.0 m_adv_std=51.9430 m_kl_max=0.0068 m_ratio_max=0.453 w_ax@goal=+0.83 w_v@goal=19.11 return=954.8 length=80 success_rate=1.00 collisions/ep=1.17 (n=24)
update=34 global_step=69632 SPS=1679 w_ev=0.962 m_ev=0.983 m_v_bias=-7.1 m_adv_std=21.7109 m_kl_max=0.0056 m_ratio_max=0.430 w_ax@goal=+0.96 w_v@goal=19.16 return=983.6 length=81 success_rate=1.00 collisions/ep=0.54 (n=24)
update=35 global_step=71680 SPS=1695 w_ev=0.960 m_ev=0.988 m_v_bias=-5.7 m_adv_std=18.0053 m_kl_max=0.0251 m_ratio_max=0.679 w_ax@goal=+0.86 w_v@goal=19.24 return=988.1 length=81 success_rate=1.00 collisions/ep=0.46 (n=24)
Evaluation at update 35: return=1011.68, length=78.15, success_rate=1.00, collisions/ep=0.00
Solved-check at update 35: solved=True worst_gap=1.36 at p_x0=0.00 p_y0=1.00 (consecutive=2)
update=36 global_step=73728 SPS=1625 w_ev=0.954 m_ev=0.982 m_v_bias=1.9 m_adv_std=22.7114 m_kl_max=0.0159 m_ratio_max=0.604 w_ax@goal=+0.93 w_v@goal=19.15 return=984.0 length=81 success_rate=1.00 collisions/ep=0.62 (n=24)
update=37 global_step=75776 SPS=1642 w_ev=0.956 m_ev=0.965 m_v_bias=5.9 m_adv_std=34.3917 m_kl_max=0.0050 m_ratio_max=0.324 w_ax@goal=+1.13 w_v@goal=19.24 return=977.2 length=80 success_rate=1.00 collisions/ep=0.75 (n=32)
update=38 global_step=77824 SPS=1656 w_ev=0.962 m_ev=0.975 m_v_bias=2.4 m_adv_std=27.6104 m_kl_max=0.0120 m_ratio_max=0.529 w_ax@goal=+1.03 w_v@goal=19.37 return=974.0 length=80 success_rate=1.00 collisions/ep=0.75 (n=24)
update=39 global_step=79872 SPS=1670 w_ev=0.973 m_ev=0.990 m_v_bias=-7.9 m_adv_std=16.7445 m_kl_max=0.0140 m_ratio_max=0.512 w_ax@goal=+1.05 w_v@goal=19.06 return=996.8 length=80 success_rate=1.00 collisions/ep=0.29 (n=24)
update=40 global_step=81920 SPS=1684 w_ev=0.961 m_ev=0.988 m_v_bias=-2.1 m_adv_std=17.6846 m_kl_max=0.0102 m_ratio_max=0.408 w_ax@goal=+1.10 w_v@goal=19.39 return=1000.8 length=80 success_rate=1.00 collisions/ep=0.25 (n=24)
Evaluation at update 40: return=1011.81, length=78.05, success_rate=1.00, collisions/ep=0.00
Solved-check at update 40: solved=True worst_gap=1.27 at p_x0=0.00 p_y0=1.00 (consecutive=3)
update=41 global_step=83968 SPS=1624 w_ev=0.961 m_ev=0.967 m_v_bias=3.9 m_adv_std=29.8155 m_kl_max=0.0062 m_ratio_max=0.419 w_ax@goal=+1.17 w_v@goal=19.04 return=990.5 length=80 success_rate=1.00 collisions/ep=0.46 (n=24)
update=42 global_step=86016 SPS=1639 w_ev=0.963 m_ev=0.986 m_v_bias=1.0 m_adv_std=20.6015 m_kl_max=0.0156 m_ratio_max=1.275 w_ax@goal=+1.08 w_v@goal=19.11 return=996.9 length=80 success_rate=1.00 collisions/ep=0.39 (n=31)
update=43 global_step=88064 SPS=1649 w_ev=0.958 m_ev=0.988 m_v_bias=-1.7 m_adv_std=19.0727 m_kl_max=0.0052 m_ratio_max=0.291 w_ax@goal=+1.01 w_v@goal=19.36 return=995.3 length=80 success_rate=1.00 collisions/ep=0.32 (n=25)
update=44 global_step=90112 SPS=1663 w_ev=0.951 m_ev=0.994 m_v_bias=1.4 m_adv_std=13.1582 m_kl_max=0.0114 m_ratio_max=0.409 w_ax@goal=+0.97 w_v@goal=19.32 return=1000.7 length=81 success_rate=1.00 collisions/ep=0.29 (n=24)
update=45 global_step=92160 SPS=1676 w_ev=0.963 m_ev=0.984 m_v_bias=3.6 m_adv_std=21.2282 m_kl_max=0.0085 m_ratio_max=0.379 w_ax@goal=+0.96 w_v@goal=19.26 return=990.5 length=80 success_rate=1.00 collisions/ep=0.46 (n=24)
Evaluation at update 45: return=1011.84, length=78.00, success_rate=1.00, collisions/ep=0.00
Solved-check at update 45: solved=True worst_gap=1.39 at p_x0=2.00 p_y0=1.00 (consecutive=4)
update=46 global_step=94208 SPS=1622 w_ev=0.948 m_ev=0.984 m_v_bias=1.4 m_adv_std=21.3274 m_kl_max=0.0150 m_ratio_max=0.594 w_ax@goal=+0.98 w_v@goal=19.37 return=984.2 length=80 success_rate=1.00 collisions/ep=0.71 (n=24)
update=47 global_step=96256 SPS=1633 w_ev=0.955 m_ev=0.986 m_v_bias=-3.7 m_adv_std=19.8752 m_kl_max=0.0101 m_ratio_max=0.443 w_ax@goal=+0.98 w_v@goal=19.16 return=998.4 length=79 success_rate=1.00 collisions/ep=0.48 (n=27)
update=48 global_step=98304 SPS=1644 w_ev=0.961 m_ev=0.991 m_v_bias=-0.5 m_adv_std=15.6958 m_kl_max=0.0102 m_ratio_max=0.453 w_ax@goal=+1.03 w_v@goal=19.18 return=997.8 length=81 success_rate=1.00 collisions/ep=0.48 (n=29)
update=49 global_step=100352 SPS=1653 w_ev=0.958 m_ev=0.987 m_v_bias=1.2 m_adv_std=18.7793 m_kl_max=0.0174 m_ratio_max=0.633 w_ax@goal=+1.01 w_v@goal=19.08 return=996.8 length=80 success_rate=1.00 collisions/ep=0.50 (n=24)
update=50 global_step=102400 SPS=1665 w_ev=0.944 m_ev=0.991 m_v_bias=-4.6 m_adv_std=15.7190 m_kl_max=0.0073 m_ratio_max=0.686 w_ax@goal=+0.91 w_v@goal=18.92 return=1001.0 length=80 success_rate=1.00 collisions/ep=0.25 (n=24)
Evaluation at update 50: return=1011.82, length=78.05, success_rate=1.00, collisions/ep=0.00
Solved-check at update 50: solved=True worst_gap=1.25 at p_x0=0.00 p_y0=1.00 (consecutive=5)
update=51 global_step=104448 SPS=1613 w_ev=0.952 m_ev=0.995 m_v_bias=-2.9 m_adv_std=11.5448 m_kl_max=0.0111 m_ratio_max=0.527 w_ax@goal=+0.95 w_v@goal=19.10 return=1007.4 length=80 success_rate=1.00 collisions/ep=0.17 (n=24)
update=52 global_step=106496 SPS=1621 w_ev=0.963 m_ev=0.995 m_v_bias=0.4 m_adv_std=12.0257 m_kl_max=0.0215 m_ratio_max=0.592 w_ax@goal=+0.99 w_v@goal=19.11 return=1004.0 length=79 success_rate=1.00 collisions/ep=0.41 (n=27)
update=53 global_step=108544 SPS=1630 w_ev=0.974 m_ev=0.996 m_v_bias=-1.7 m_adv_std=11.3704 m_kl_max=0.0140 m_ratio_max=0.423 w_ax@goal=+0.98 w_v@goal=19.30 return=1004.9 length=80 success_rate=1.00 collisions/ep=0.21 (n=29)
update=54 global_step=110592 SPS=1637 w_ev=0.963 m_ev=0.983 m_v_bias=9.1 m_adv_std=21.6601 m_kl_max=0.0218 m_ratio_max=0.599 w_ax@goal=+1.08 w_v@goal=19.35 return=990.7 length=80 success_rate=1.00 collisions/ep=0.54 (n=24)
update=55 global_step=112640 SPS=1644 w_ev=0.962 m_ev=0.984 m_v_bias=-0.9 m_adv_std=20.9877 m_kl_max=0.0336 m_ratio_max=1.236 w_ax@goal=+0.92 w_v@goal=18.92 return=994.6 length=80 success_rate=1.00 collisions/ep=0.38 (n=24)
Evaluation at update 55: return=1011.81, length=78.05, success_rate=1.00, collisions/ep=0.00
Solved-check at update 55: solved=True worst_gap=1.30 at p_x0=2.00 p_y0=1.00 (consecutive=6)
update=56 global_step=114688 SPS=1597 w_ev=0.963 m_ev=0.988 m_v_bias=-1.2 m_adv_std=17.6275 m_kl_max=0.0135 m_ratio_max=0.653 w_ax@goal=+1.03 w_v@goal=18.81 return=994.4 length=80 success_rate=1.00 collisions/ep=0.33 (n=24)
update=57 global_step=116736 SPS=1607 w_ev=0.979 m_ev=0.990 m_v_bias=-3.0 m_adv_std=17.1497 m_kl_max=0.0034 m_ratio_max=0.486 w_ax@goal=+0.96 w_v@goal=19.05 return=1001.0 length=80 success_rate=1.00 collisions/ep=0.20 (n=25)
update=58 global_step=118784 SPS=1616 w_ev=0.986 m_ev=0.993 m_v_bias=-1.6 m_adv_std=15.0226 m_kl_max=0.0060 m_ratio_max=0.293 w_ax@goal=+1.00 w_v@goal=19.08 return=998.6 length=80 success_rate=1.00 collisions/ep=0.29 (n=31)
update=59 global_step=120832 SPS=1626 w_ev=0.979 m_ev=0.994 m_v_bias=-2.4 m_adv_std=13.2710 m_kl_max=0.0160 m_ratio_max=0.534 w_ax@goal=+1.06 w_v@goal=19.01 return=1005.3 length=80 success_rate=1.00 collisions/ep=0.17 (n=24)
update=60 global_step=122880 SPS=1636 w_ev=0.980 m_ev=0.999 m_v_bias=-3.1 m_adv_std=4.9015 m_kl_max=0.0042 m_ratio_max=0.329 w_ax@goal=+1.04 w_v@goal=19.02 return=1011.6 length=80 success_rate=1.00 collisions/ep=0.08 (n=24)
Evaluation at update 60: return=1011.84, length=77.80, success_rate=1.00, collisions/ep=0.00
Solved-check at update 60: solved=True worst_gap=1.51 at p_x0=2.00 p_y0=1.00 (consecutive=7)
update=61 global_step=124928 SPS=1599 w_ev=0.979 m_ev=0.990 m_v_bias=4.2 m_adv_std=15.7399 m_kl_max=0.0183 m_ratio_max=0.671 w_ax@goal=+0.98 w_v@goal=19.09 return=1000.7 length=81 success_rate=1.00 collisions/ep=0.38 (n=24)
update=62 global_step=126976 SPS=1608 w_ev=0.978 m_ev=0.955 m_v_bias=4.1 m_adv_std=35.3688 m_kl_max=0.0238 m_ratio_max=0.839 w_ax@goal=+1.10 w_v@goal=18.97 return=990.9 length=80 success_rate=1.00 collisions/ep=0.54 (n=24)
update=63 global_step=129024 SPS=1618 w_ev=0.986 m_ev=0.989 m_v_bias=-1.1 m_adv_std=17.7695 m_kl_max=0.0113 m_ratio_max=0.609 w_ax@goal=+1.06 w_v@goal=18.87 return=999.3 length=80 success_rate=1.00 collisions/ep=0.28 (n=32)
update=64 global_step=131072 SPS=1628 w_ev=0.986 m_ev=0.995 m_v_bias=-0.8 m_adv_std=11.9441 m_kl_max=0.0119 m_ratio_max=0.355 w_ax@goal=+0.92 w_v@goal=18.93 return=1003.4 length=80 success_rate=1.00 collisions/ep=0.17 (n=24)
update=65 global_step=133120 SPS=1638 w_ev=0.987 m_ev=0.999 m_v_bias=-3.0 m_adv_std=4.6370 m_kl_max=0.0298 m_ratio_max=1.174 w_ax@goal=+0.95 w_v@goal=18.86 return=1012.0 length=80 success_rate=1.00 collisions/ep=0.00 (n=24)
Evaluation at update 65: return=1012.00, length=77.70, success_rate=1.00, collisions/ep=0.00
Solved-check at update 65: solved=True worst_gap=1.17 at p_x0=2.00 p_y0=1.00 (consecutive=8)
update=66 global_step=135168 SPS=1605 w_ev=0.981 m_ev=0.986 m_v_bias=4.8 m_adv_std=19.4986 m_kl_max=0.0177 m_ratio_max=1.153 w_ax@goal=+0.91 w_v@goal=18.95 return=997.0 length=80 success_rate=1.00 collisions/ep=0.29 (n=24)
update=67 global_step=137216 SPS=1612 w_ev=0.982 m_ev=0.997 m_v_bias=-4.1 m_adv_std=9.4130 m_kl_max=0.0126 m_ratio_max=0.488 w_ax@goal=+0.95 w_v@goal=18.91 return=1007.6 length=79 success_rate=1.00 collisions/ep=0.08 (n=26)
update=68 global_step=139264 SPS=1621 w_ev=0.984 m_ev=0.992 m_v_bias=2.5 m_adv_std=15.1288 m_kl_max=0.0124 m_ratio_max=0.647 w_ax@goal=+0.91 w_v@goal=18.96 return=1003.4 length=80 success_rate=1.00 collisions/ep=0.20 (n=30)
update=69 global_step=141312 SPS=1629 w_ev=0.976 m_ev=0.999 m_v_bias=-2.4 m_adv_std=4.8169 m_kl_max=0.0121 m_ratio_max=0.616 w_ax@goal=+0.70 w_v@goal=18.91 return=1011.7 length=80 success_rate=1.00 collisions/ep=0.00 (n=24)
update=70 global_step=143360 SPS=1637 w_ev=0.971 m_ev=0.997 m_v_bias=-1.2 m_adv_std=9.1193 m_kl_max=0.0251 m_ratio_max=0.761 w_ax@goal=+0.91 w_v@goal=18.86 return=1005.8 length=79 success_rate=1.00 collisions/ep=0.12 (n=24)
Evaluation at update 70: return=1012.23, length=77.50, success_rate=1.00, collisions/ep=0.00
Solved-check at update 70: solved=True worst_gap=1.00 at p_x0=2.00 p_y0=1.00 (consecutive=9)
update=71 global_step=145408 SPS=1605 w_ev=0.975 m_ev=0.994 m_v_bias=0.5 m_adv_std=12.1811 m_kl_max=0.0121 m_ratio_max=0.443 w_ax@goal=+0.75 w_v@goal=19.16 return=1003.3 length=80 success_rate=1.00 collisions/ep=0.17 (n=24)
update=72 global_step=147456 SPS=1612 w_ev=0.977 m_ev=0.987 m_v_bias=4.6 m_adv_std=19.6030 m_kl_max=0.0157 m_ratio_max=0.504 w_ax@goal=+0.72 w_v@goal=19.22 return=993.2 length=79 success_rate=1.00 collisions/ep=0.37 (n=27)
update=73 global_step=149504 SPS=1621 w_ev=0.973 m_ev=0.991 m_v_bias=0.6 m_adv_std=16.4250 m_kl_max=0.0051 m_ratio_max=0.526 w_ax@goal=+0.71 w_v@goal=19.31 return=1004.9 length=80 success_rate=1.00 collisions/ep=0.14 (n=29)
update=74 global_step=151552 SPS=1629 w_ev=0.978 m_ev=0.970 m_v_bias=8.6 m_adv_std=29.9262 m_kl_max=0.0282 m_ratio_max=0.714 w_ax@goal=+0.70 w_v@goal=19.08 return=982.7 length=80 success_rate=1.00 collisions/ep=0.62 (n=24)
update=75 global_step=153600 SPS=1638 w_ev=0.976 m_ev=0.994 m_v_bias=-3.5 m_adv_std=12.4896 m_kl_max=0.0069 m_ratio_max=0.447 w_ax@goal=+0.56 w_v@goal=19.19 return=1003.1 length=80 success_rate=1.00 collisions/ep=0.17 (n=24)
Evaluation at update 75: return=1012.34, length=77.40, success_rate=1.00, collisions/ep=0.00
Solved-check at update 75: solved=True worst_gap=0.77 at p_x0=0.00 p_y0=1.00 (consecutive=10)
update=76 global_step=155648 SPS=1608 w_ev=0.980 m_ev=0.990 m_v_bias=-0.6 m_adv_std=16.1245 m_kl_max=0.0077 m_ratio_max=0.346 w_ax@goal=+0.55 w_v@goal=18.90 return=1007.6 length=80 success_rate=1.00 collisions/ep=0.08 (n=24)
update=77 global_step=157696 SPS=1614 w_ev=0.983 m_ev=0.991 m_v_bias=0.7 m_adv_std=16.2356 m_kl_max=0.0227 m_ratio_max=0.473 w_ax@goal=+0.61 w_v@goal=18.89 return=999.8 length=79 success_rate=1.00 collisions/ep=0.24 (n=29)
update=78 global_step=159744 SPS=1622 w_ev=0.982 m_ev=0.998 m_v_bias=-5.1 m_adv_std=8.5737 m_kl_max=0.0084 m_ratio_max=0.456 w_ax@goal=+0.74 w_v@goal=19.21 return=1006.7 length=80 success_rate=1.00 collisions/ep=0.11 (n=27)
update=79 global_step=161792 SPS=1628 w_ev=0.975 m_ev=0.995 m_v_bias=0.1 m_adv_std=11.2704 m_kl_max=0.0183 m_ratio_max=0.757 w_ax@goal=+0.83 w_v@goal=19.18 return=1003.8 length=80 success_rate=1.00 collisions/ep=0.21 (n=24)
update=80 global_step=163840 SPS=1635 w_ev=0.968 m_ev=0.976 m_v_bias=1.6 m_adv_std=25.1322 m_kl_max=0.0191 m_ratio_max=0.625 w_ax@goal=+0.99 w_v@goal=19.34 return=1006.1 length=79 success_rate=1.00 collisions/ep=0.21 (n=24)
Evaluation at update 80: return=1012.40, length=77.35, success_rate=1.00, collisions/ep=0.00
Solved-check at update 80: solved=True worst_gap=0.71 at p_x0=0.00 p_y0=1.00 (consecutive=11)
update=81 global_step=165888 SPS=1608 w_ev=0.974 m_ev=0.994 m_v_bias=-1.4 m_adv_std=12.5455 m_kl_max=0.0149 m_ratio_max=0.546 w_ax@goal=+0.89 w_v@goal=19.05 return=998.2 length=79 success_rate=1.00 collisions/ep=0.28 (n=25)
update=82 global_step=167936 SPS=1614 w_ev=0.978 m_ev=0.997 m_v_bias=-1.6 m_adv_std=10.0993 m_kl_max=0.0103 m_ratio_max=0.698 w_ax@goal=+0.80 w_v@goal=19.29 return=1006.1 length=79 success_rate=1.00 collisions/ep=0.16 (n=31)
update=83 global_step=169984 SPS=1620 w_ev=0.975 m_ev=0.975 m_v_bias=5.4 m_adv_std=27.4101 m_kl_max=0.0100 m_ratio_max=0.621 w_ax@goal=+1.01 w_v@goal=19.22 return=987.4 length=79 success_rate=1.00 collisions/ep=0.50 (n=24)
update=84 global_step=172032 SPS=1627 w_ev=0.978 m_ev=0.986 m_v_bias=-5.6 m_adv_std=19.3924 m_kl_max=0.0115 m_ratio_max=0.428 w_ax@goal=+0.94 w_v@goal=19.39 return=1002.1 length=79 success_rate=1.00 collisions/ep=0.25 (n=24)
update=85 global_step=174080 SPS=1634 w_ev=0.979 m_ev=0.996 m_v_bias=-3.1 m_adv_std=9.5654 m_kl_max=0.0123 m_ratio_max=0.761 w_ax@goal=+0.83 w_v@goal=19.06 return=1010.7 length=79 success_rate=1.00 collisions/ep=0.04 (n=24)
Evaluation at update 85: return=1012.52, length=77.25, success_rate=1.00, collisions/ep=0.00
Solved-check at update 85: solved=True worst_gap=0.55 at p_x0=0.00 p_y0=1.00 (consecutive=12)
update=86 global_step=176128 SPS=1608 w_ev=0.974 m_ev=0.984 m_v_bias=3.7 m_adv_std=21.9841 m_kl_max=0.0232 m_ratio_max=0.688 w_ax@goal=+0.74 w_v@goal=19.10 return=999.8 length=79 success_rate=1.00 collisions/ep=0.31 (n=32)
update=87 global_step=178176 SPS=1613 w_ev=0.976 m_ev=0.987 m_v_bias=-0.5 m_adv_std=18.7179 m_kl_max=0.0094 m_ratio_max=0.450 w_ax@goal=+0.82 w_v@goal=19.32 return=1004.1 length=79 success_rate=1.00 collisions/ep=0.21 (n=24)
update=88 global_step=180224 SPS=1620 w_ev=0.975 m_ev=0.997 m_v_bias=0.1 m_adv_std=9.3419 m_kl_max=0.0193 m_ratio_max=1.056 w_ax@goal=+0.84 w_v@goal=19.25 return=1006.3 length=79 success_rate=1.00 collisions/ep=0.12 (n=24)
update=89 global_step=182272 SPS=1627 w_ev=0.979 m_ev=0.998 m_v_bias=0.5 m_adv_std=7.9239 m_kl_max=0.0153 m_ratio_max=0.578 w_ax@goal=+0.76 w_v@goal=19.32 return=1008.3 length=79 success_rate=1.00 collisions/ep=0.08 (n=24)
update=90 global_step=184320 SPS=1633 w_ev=0.982 m_ev=0.997 m_v_bias=1.0 m_adv_std=9.8711 m_kl_max=0.0277 m_ratio_max=1.277 w_ax@goal=+0.65 w_v@goal=19.22 return=1007.3 length=79 success_rate=1.00 collisions/ep=0.10 (n=30)
Evaluation at update 90: return=1012.52, length=77.30, success_rate=1.00, collisions/ep=0.00
Solved-check at update 90: solved=True worst_gap=0.60 at p_x0=0.00 p_y0=1.00 (consecutive=13)
update=91 global_step=186368 SPS=1608 w_ev=0.980 m_ev=0.992 m_v_bias=0.7 m_adv_std=15.3880 m_kl_max=0.0145 m_ratio_max=0.726 w_ax@goal=+0.65 w_v@goal=19.35 return=1004.6 length=79 success_rate=1.00 collisions/ep=0.15 (n=26)
update=92 global_step=188416 SPS=1613 w_ev=0.976 m_ev=0.991 m_v_bias=1.3 m_adv_std=15.7587 m_kl_max=0.0163 m_ratio_max=0.544 w_ax@goal=+0.67 w_v@goal=19.32 return=1000.0 length=79 success_rate=1.00 collisions/ep=0.25 (n=24)
update=93 global_step=190464 SPS=1619 w_ev=0.973 m_ev=0.975 m_v_bias=-0.5 m_adv_std=26.7178 m_kl_max=0.0148 m_ratio_max=0.527 w_ax@goal=+0.75 w_v@goal=19.54 return=1006.3 length=79 success_rate=1.00 collisions/ep=0.12 (n=24)
update=94 global_step=192512 SPS=1625 w_ev=0.972 m_ev=0.995 m_v_bias=-4.5 m_adv_std=11.5747 m_kl_max=0.0108 m_ratio_max=0.550 w_ax@goal=+0.69 w_v@goal=19.41 return=998.2 length=79 success_rate=1.00 collisions/ep=0.32 (n=25)
update=95 global_step=194560 SPS=1632 w_ev=0.965 m_ev=0.990 m_v_bias=1.7 m_adv_std=17.7701 m_kl_max=0.0251 m_ratio_max=0.657 w_ax@goal=+0.83 w_v@goal=19.29 return=1004.5 length=79 success_rate=1.00 collisions/ep=0.19 (n=31)
Evaluation at update 95: return=1012.54, length=77.20, success_rate=1.00, collisions/ep=0.00
Solved-check at update 95: solved=True worst_gap=0.55 at p_x0=0.00 p_y0=1.00 (consecutive=14)
update=96 global_step=196608 SPS=1607 w_ev=0.972 m_ev=0.999 m_v_bias=-1.9 m_adv_std=5.6185 m_kl_max=0.0166 m_ratio_max=0.784 w_ax@goal=+0.76 w_v@goal=19.32 return=1012.5 length=79 success_rate=1.00 collisions/ep=0.00 (n=24)
update=97 global_step=198656 SPS=1612 w_ev=0.972 m_ev=0.976 m_v_bias=4.7 m_adv_std=24.4297 m_kl_max=0.0115 m_ratio_max=0.500 w_ax@goal=+0.80 w_v@goal=19.46 return=1002.1 length=79 success_rate=1.00 collisions/ep=0.38 (n=24)
update=98 global_step=200704 SPS=1618 w_ev=0.968 m_ev=0.964 m_v_bias=1.7 m_adv_std=30.4778 m_kl_max=0.0551 m_ratio_max=2.459 w_ax@goal=+0.79 w_v@goal=19.25 return=993.4 length=79 success_rate=1.00 collisions/ep=0.46 (n=24)
update=99 global_step=202752 SPS=1624 w_ev=0.978 m_ev=0.999 m_v_bias=-5.8 m_adv_std=4.9088 m_kl_max=0.0126 m_ratio_max=0.558 w_ax@goal=+0.60 w_v@goal=19.28 return=1010.8 length=79 success_rate=1.00 collisions/ep=0.03 (n=32)
update=100 global_step=204800 SPS=1629 w_ev=0.976 m_ev=0.998 m_v_bias=1.1 m_adv_std=7.0914 m_kl_max=0.0144 m_ratio_max=0.485 w_ax@goal=+0.64 w_v@goal=19.42 return=1010.1 length=80 success_rate=1.00 collisions/ep=0.08 (n=24)
Evaluation at update 100: return=1012.55, length=77.20, success_rate=1.00, collisions/ep=0.00
Solved-check at update 100: solved=True worst_gap=0.54 at p_x0=0.00 p_y0=1.00 (consecutive=15)
Saved checkpoints to C:\Users\loren\Desktop\MASTER THESIS\5_CODE\scenarios\slalom\studies\init_sampler_hppo_rep\hppo_sobol\runs\hppo_slalom_39_1791044573
