Using device: cpu
Solved-check: precomputed optimal returns for 25 fixed initial conditions (mean=1013.0, min=1011.0, max=1015.0); solved-tolerance=5.0
num_envs=8 num_steps_per_env=256 worker_batch_size=2048 worker_minibatch_size=256 num_updates=100 timesteps=204800
update=1 global_step=2048 SPS=2941 w_ev=-0.011 m_ev=0.000 m_v_bias=44.4 m_adv_std=270.5536 m_kl_max=0.0004 m_ratio_max=0.083 w_ax@goal=-0.12 w_v@goal=-0.09 return=-168.0 length=178 success_rate=0.38 collisions/ep=7.88 (n=8)
update=2 global_step=4096 SPS=2828 w_ev=0.383 m_ev=0.543 m_v_bias=-48.8 m_adv_std=200.1637 m_kl_max=0.0017 m_ratio_max=0.182 w_ax@goal=+0.11 w_v@goal=2.24 return=-85.6 length=181 success_rate=0.40 collisions/ep=6.70 (n=10)
update=3 global_step=6144 SPS=2859 w_ev=0.810 m_ev=0.665 m_v_bias=25.4 m_adv_std=153.9998 m_kl_max=0.0013 m_ratio_max=0.195 w_ax@goal=+0.23 w_v@goal=8.15 return=-285.0 length=192 success_rate=0.20 collisions/ep=6.30 (n=10)
update=4 global_step=8192 SPS=2828 w_ev=0.824 m_ev=0.695 m_v_bias=-38.7 m_adv_std=137.0222 m_kl_max=0.0018 m_ratio_max=0.304 w_ax@goal=+0.26 w_v@goal=9.84 return=-124.7 length=182 success_rate=0.23 collisions/ep=3.77 (n=13)
update=5 global_step=10240 SPS=2801 w_ev=0.948 m_ev=0.837 m_v_bias=-88.9 m_adv_std=132.0410 m_kl_max=0.0024 m_ratio_max=0.278 w_ax@goal=-0.00 w_v@goal=13.82 return=287.5 length=174 success_rate=0.55 collisions/ep=2.55 (n=11)
Evaluation at update 5: return=136.00, length=101.10, success_rate=1.00, collisions/ep=17.05
Solved-check at update 5: solved=False worst_gap=974.83 at p_x0=2.00 p_y0=0.00 (consecutive=0)
update=6 global_step=12288 SPS=1715 w_ev=0.913 m_ev=0.557 m_v_bias=-43.1 m_adv_std=202.4110 m_kl_max=0.0028 m_ratio_max=0.329 w_ax@goal=+0.20 w_v@goal=16.19 return=471.3 length=144 success_rate=0.75 collisions/ep=4.25 (n=16)
update=7 global_step=14336 SPS=1806 w_ev=0.922 m_ev=0.599 m_v_bias=-33.1 m_adv_std=179.0364 m_kl_max=0.0039 m_ratio_max=0.293 w_ax@goal=+0.37 w_v@goal=17.47 return=685.5 length=116 success_rate=1.00 collisions/ep=5.79 (n=19)
update=8 global_step=16384 SPS=1883 w_ev=0.932 m_ev=0.875 m_v_bias=-52.5 m_adv_std=92.0133 m_kl_max=0.0067 m_ratio_max=0.481 w_ax@goal=+0.34 w_v@goal=19.06 return=725.8 length=98 success_rate=1.00 collisions/ep=5.36 (n=22)
update=9 global_step=18432 SPS=1928 w_ev=0.944 m_ev=0.903 m_v_bias=-59.8 m_adv_std=73.4183 m_kl_max=0.0040 m_ratio_max=0.267 w_ax@goal=+0.79 w_v@goal=19.72 return=818.9 length=95 success_rate=1.00 collisions/ep=3.57 (n=21)
update=10 global_step=20480 SPS=1985 w_ev=0.919 m_ev=0.867 m_v_bias=9.0 m_adv_std=88.7506 m_kl_max=0.0161 m_ratio_max=0.465 w_ax@goal=+0.47 w_v@goal=19.64 return=760.2 length=90 success_rate=1.00 collisions/ep=4.81 (n=21)
Evaluation at update 10: return=886.63, length=80.60, success_rate=1.00, collisions/ep=2.45
Solved-check at update 10: solved=False worst_gap=153.75 at p_x0=1.50 p_y0=1.00 (consecutive=0)
update=11 global_step=22528 SPS=1704 w_ev=0.934 m_ev=0.929 m_v_bias=-36.1 m_adv_std=58.7333 m_kl_max=0.0050 m_ratio_max=0.315 w_ax@goal=+0.42 w_v@goal=19.34 return=839.0 length=86 success_rate=1.00 collisions/ep=3.33 (n=24)
update=12 global_step=24576 SPS=1757 w_ev=0.929 m_ev=0.920 m_v_bias=2.7 m_adv_std=62.8186 m_kl_max=0.0103 m_ratio_max=0.449 w_ax@goal=+0.58 w_v@goal=19.37 return=878.8 length=86 success_rate=1.00 collisions/ep=2.58 (n=24)
update=13 global_step=26624 SPS=1804 w_ev=0.917 m_ev=0.862 m_v_bias=3.5 m_adv_std=80.0448 m_kl_max=0.0049 m_ratio_max=0.326 w_ax@goal=+0.58 w_v@goal=19.17 return=829.3 length=87 success_rate=1.00 collisions/ep=3.50 (n=24)
update=14 global_step=28672 SPS=1844 w_ev=0.932 m_ev=0.924 m_v_bias=-16.1 m_adv_std=58.3952 m_kl_max=0.0046 m_ratio_max=0.412 w_ax@goal=+0.79 w_v@goal=19.41 return=870.3 length=84 success_rate=1.00 collisions/ep=2.79 (n=24)
update=15 global_step=30720 SPS=1885 w_ev=0.943 m_ev=0.958 m_v_bias=-24.5 m_adv_std=40.0005 m_kl_max=0.0259 m_ratio_max=1.010 w_ax@goal=+0.63 w_v@goal=19.31 return=916.0 length=84 success_rate=1.00 collisions/ep=1.83 (n=24)
Evaluation at update 15: return=965.63, length=79.05, success_rate=1.00, collisions/ep=0.90
Solved-check at update 15: solved=False worst_gap=501.94 at p_x0=2.00 p_y0=-1.00 (consecutive=0)
update=16 global_step=32768 SPS=1710 w_ev=0.896 m_ev=0.926 m_v_bias=2.7 m_adv_std=52.5012 m_kl_max=0.0198 m_ratio_max=0.782 w_ax@goal=+0.75 w_v@goal=19.56 return=926.6 length=84 success_rate=1.00 collisions/ep=1.62 (n=24)
update=17 global_step=34816 SPS=1745 w_ev=0.910 m_ev=0.930 m_v_bias=-6.0 m_adv_std=49.1844 m_kl_max=0.0244 m_ratio_max=1.417 w_ax@goal=+0.92 w_v@goal=19.25 return=909.1 length=82 success_rate=1.00 collisions/ep=2.19 (n=26)
update=18 global_step=36864 SPS=1782 w_ev=0.918 m_ev=0.910 m_v_bias=-6.3 m_adv_std=56.5639 m_kl_max=0.0157 m_ratio_max=0.495 w_ax@goal=+0.93 w_v@goal=19.01 return=922.4 length=83 success_rate=1.00 collisions/ep=1.81 (n=27)
update=19 global_step=38912 SPS=1804 w_ev=0.929 m_ev=0.954 m_v_bias=-17.5 m_adv_std=39.4359 m_kl_max=0.0187 m_ratio_max=0.543 w_ax@goal=+0.96 w_v@goal=19.03 return=959.3 length=82 success_rate=1.00 collisions/ep=1.15 (n=27)
update=20 global_step=40960 SPS=1833 w_ev=0.915 m_ev=0.953 m_v_bias=-3.7 m_adv_std=40.5424 m_kl_max=0.0430 m_ratio_max=1.746 w_ax@goal=+0.83 w_v@goal=19.37 return=958.2 length=81 success_rate=1.00 collisions/ep=1.08 (n=24)
Evaluation at update 20: return=1011.25, length=78.60, success_rate=1.00, collisions/ep=0.00
Solved-check at update 20: solved=True worst_gap=1.88 at p_x0=0.00 p_y0=-0.50 (consecutive=0)
update=21 global_step=43008 SPS=1700 w_ev=0.909 m_ev=0.953 m_v_bias=-1.2 m_adv_std=39.0293 m_kl_max=0.0321 m_ratio_max=1.003 w_ax@goal=+1.02 w_v@goal=19.43 return=958.4 length=81 success_rate=1.00 collisions/ep=1.12 (n=24)
update=22 global_step=45056 SPS=1729 w_ev=0.910 m_ev=0.951 m_v_bias=-4.7 m_adv_std=38.1247 m_kl_max=0.0169 m_ratio_max=0.540 w_ax@goal=+1.04 w_v@goal=19.52 return=950.3 length=81 success_rate=1.00 collisions/ep=1.25 (n=24)
update=23 global_step=47104 SPS=1757 w_ev=0.927 m_ev=0.985 m_v_bias=-6.0 m_adv_std=20.9889 m_kl_max=0.0103 m_ratio_max=0.528 w_ax@goal=+0.74 w_v@goal=19.42 return=981.1 length=81 success_rate=1.00 collisions/ep=0.58 (n=24)
update=24 global_step=49152 SPS=1780 w_ev=0.898 m_ev=0.953 m_v_bias=7.8 m_adv_std=39.5235 m_kl_max=0.0126 m_ratio_max=0.577 w_ax@goal=+0.91 w_v@goal=19.49 return=970.0 length=80 success_rate=1.00 collisions/ep=0.81 (n=26)
update=25 global_step=51200 SPS=1801 w_ev=0.937 m_ev=0.983 m_v_bias=-13.9 m_adv_std=23.0781 m_kl_max=0.0150 m_ratio_max=0.519 w_ax@goal=+0.93 w_v@goal=19.35 return=982.6 length=81 success_rate=1.00 collisions/ep=0.57 (n=30)
Evaluation at update 25: return=1011.70, length=78.00, success_rate=1.00, collisions/ep=0.00
Solved-check at update 25: solved=True worst_gap=1.24 at p_x0=0.00 p_y0=1.00 (consecutive=1)
Solved criterion held for 2 consecutive evals (tolerance=5.0) at global_step=51200.
update=26 global_step=53248 SPS=1703 w_ev=0.895 m_ev=0.920 m_v_bias=5.3 m_adv_std=52.1390 m_kl_max=0.0074 m_ratio_max=0.341 w_ax@goal=+1.04 w_v@goal=19.24 return=977.8 length=80 success_rate=1.00 collisions/ep=0.71 (n=24)
update=27 global_step=55296 SPS=1728 w_ev=0.917 m_ev=0.985 m_v_bias=-8.0 m_adv_std=21.3399 m_kl_max=0.0091 m_ratio_max=0.469 w_ax@goal=+0.92 w_v@goal=19.48 return=990.3 length=80 success_rate=1.00 collisions/ep=0.50 (n=24)
update=28 global_step=57344 SPS=1749 w_ev=0.917 m_ev=0.973 m_v_bias=1.3 m_adv_std=27.0220 m_kl_max=0.0110 m_ratio_max=0.745 w_ax@goal=+0.83 w_v@goal=19.35 return=981.8 length=81 success_rate=1.00 collisions/ep=0.71 (n=24)
update=29 global_step=59392 SPS=1769 w_ev=0.904 m_ev=0.947 m_v_bias=5.1 m_adv_std=40.3338 m_kl_max=0.0137 m_ratio_max=0.848 w_ax@goal=+0.91 w_v@goal=19.29 return=982.4 length=80 success_rate=1.00 collisions/ep=0.58 (n=24)
update=30 global_step=61440 SPS=1788 w_ev=0.937 m_ev=0.989 m_v_bias=-10.0 m_adv_std=18.4128 m_kl_max=0.0190 m_ratio_max=0.540 w_ax@goal=+0.97 w_v@goal=19.37 return=985.2 length=81 success_rate=1.00 collisions/ep=0.52 (n=29)
Evaluation at update 30: return=1011.98, length=77.65, success_rate=1.00, collisions/ep=0.00
Solved-check at update 30: solved=True worst_gap=0.99 at p_x0=0.50 p_y0=1.00 (consecutive=2)
update=31 global_step=63488 SPS=1708 w_ev=0.898 m_ev=0.989 m_v_bias=-1.5 m_adv_std=17.8558 m_kl_max=0.0329 m_ratio_max=1.051 w_ax@goal=+1.01 w_v@goal=19.49 return=994.6 length=80 success_rate=1.00 collisions/ep=0.37 (n=27)
update=32 global_step=65536 SPS=1728 w_ev=0.915 m_ev=0.983 m_v_bias=-2.6 m_adv_std=21.8141 m_kl_max=0.0154 m_ratio_max=0.498 w_ax@goal=+0.99 w_v@goal=19.36 return=996.7 length=80 success_rate=1.00 collisions/ep=0.33 (n=24)
update=33 global_step=67584 SPS=1747 w_ev=0.907 m_ev=0.986 m_v_bias=1.4 m_adv_std=19.1800 m_kl_max=0.0182 m_ratio_max=0.678 w_ax@goal=+0.95 w_v@goal=19.22 return=994.6 length=80 success_rate=1.00 collisions/ep=0.42 (n=24)
update=34 global_step=69632 SPS=1766 w_ev=0.914 m_ev=0.994 m_v_bias=-0.1 m_adv_std=12.3855 m_kl_max=0.0071 m_ratio_max=0.568 w_ax@goal=+0.98 w_v@goal=19.27 return=1003.1 length=80 success_rate=1.00 collisions/ep=0.25 (n=24)
update=35 global_step=71680 SPS=1784 w_ev=0.905 m_ev=0.974 m_v_bias=7.0 m_adv_std=27.0334 m_kl_max=0.0120 m_ratio_max=0.453 w_ax@goal=+1.09 w_v@goal=19.21 return=990.5 length=80 success_rate=1.00 collisions/ep=0.50 (n=26)
Evaluation at update 35: return=1012.30, length=77.40, success_rate=1.00, collisions/ep=0.00
Solved-check at update 35: solved=True worst_gap=0.75 at p_x0=0.00 p_y0=1.00 (consecutive=3)
update=36 global_step=73728 SPS=1715 w_ev=0.903 m_ev=0.969 m_v_bias=2.3 m_adv_std=31.4014 m_kl_max=0.0348 m_ratio_max=1.295 w_ax@goal=+1.03 w_v@goal=19.14 return=977.1 length=80 success_rate=1.00 collisions/ep=0.83 (n=30)
update=37 global_step=75776 SPS=1732 w_ev=0.921 m_ev=0.975 m_v_bias=-3.0 m_adv_std=27.5756 m_kl_max=0.0103 m_ratio_max=0.414 w_ax@goal=+1.13 w_v@goal=19.35 return=984.6 length=80 success_rate=1.00 collisions/ep=0.54 (n=24)
update=38 global_step=77824 SPS=1750 w_ev=0.887 m_ev=0.977 m_v_bias=0.8 m_adv_std=25.6688 m_kl_max=0.0096 m_ratio_max=0.320 w_ax@goal=+1.13 w_v@goal=19.51 return=982.5 length=80 success_rate=1.00 collisions/ep=0.62 (n=24)
update=39 global_step=79872 SPS=1766 w_ev=0.915 m_ev=0.993 m_v_bias=-5.8 m_adv_std=14.0889 m_kl_max=0.0107 m_ratio_max=0.538 w_ax@goal=+1.03 w_v@goal=19.32 return=989.1 length=80 success_rate=1.00 collisions/ep=0.54 (n=24)
update=40 global_step=81920 SPS=1780 w_ev=0.918 m_ev=0.981 m_v_bias=6.4 m_adv_std=24.2700 m_kl_max=0.0177 m_ratio_max=0.700 w_ax@goal=+1.25 w_v@goal=19.50 return=992.8 length=80 success_rate=1.00 collisions/ep=0.38 (n=29)
Evaluation at update 40: return=1012.15, length=77.50, success_rate=1.00, collisions/ep=0.00
Solved-check at update 40: solved=False worst_gap=50.97 at p_x0=0.00 p_y0=1.00 (consecutive=4)
update=41 global_step=83968 SPS=1720 w_ev=0.906 m_ev=0.986 m_v_bias=-3.4 m_adv_std=21.0335 m_kl_max=0.0120 m_ratio_max=0.668 w_ax@goal=+0.97 w_v@goal=19.40 return=985.8 length=80 success_rate=1.00 collisions/ep=0.52 (n=27)
update=42 global_step=86016 SPS=1736 w_ev=0.908 m_ev=0.982 m_v_bias=-3.1 m_adv_std=22.8120 m_kl_max=0.0090 m_ratio_max=0.440 w_ax@goal=+0.71 w_v@goal=19.49 return=1000.8 length=80 success_rate=1.00 collisions/ep=0.21 (n=24)
update=43 global_step=88064 SPS=1750 w_ev=0.925 m_ev=0.981 m_v_bias=4.7 m_adv_std=23.2529 m_kl_max=0.0132 m_ratio_max=0.502 w_ax@goal=+0.81 w_v@goal=19.34 return=990.6 length=80 success_rate=1.00 collisions/ep=0.42 (n=24)
update=44 global_step=90112 SPS=1762 w_ev=0.895 m_ev=0.991 m_v_bias=-4.3 m_adv_std=16.0483 m_kl_max=0.0163 m_ratio_max=0.791 w_ax@goal=+0.97 w_v@goal=19.49 return=988.3 length=80 success_rate=1.00 collisions/ep=0.46 (n=24)
update=45 global_step=92160 SPS=1776 w_ev=0.908 m_ev=0.988 m_v_bias=-0.5 m_adv_std=18.6850 m_kl_max=0.0078 m_ratio_max=0.383 w_ax@goal=+1.03 w_v@goal=19.60 return=999.3 length=80 success_rate=1.00 collisions/ep=0.25 (n=28)
Evaluation at update 45: return=1012.30, length=77.40, success_rate=1.00, collisions/ep=0.00
Solved-check at update 45: solved=True worst_gap=0.83 at p_x0=0.00 p_y0=1.00 (consecutive=0)
update=46 global_step=94208 SPS=1720 w_ev=0.928 m_ev=0.995 m_v_bias=-1.5 m_adv_std=12.5533 m_kl_max=0.0121 m_ratio_max=0.538 w_ax@goal=+0.94 w_v@goal=19.54 return=1004.8 length=80 success_rate=1.00 collisions/ep=0.14 (n=28)
update=47 global_step=96256 SPS=1734 w_ev=0.920 m_ev=0.983 m_v_bias=6.5 m_adv_std=22.4192 m_kl_max=0.0211 m_ratio_max=0.682 w_ax@goal=+0.89 w_v@goal=19.56 return=992.6 length=80 success_rate=1.00 collisions/ep=0.38 (n=24)
update=48 global_step=98304 SPS=1747 w_ev=0.902 m_ev=0.986 m_v_bias=-1.9 m_adv_std=19.7239 m_kl_max=0.0217 m_ratio_max=0.592 w_ax@goal=+1.06 w_v@goal=19.64 return=986.8 length=80 success_rate=1.00 collisions/ep=0.50 (n=24)
update=49 global_step=100352 SPS=1759 w_ev=0.941 m_ev=0.991 m_v_bias=-5.5 m_adv_std=15.4805 m_kl_max=0.0153 m_ratio_max=0.671 w_ax@goal=+0.94 w_v@goal=19.63 return=997.2 length=80 success_rate=1.00 collisions/ep=0.33 (n=24)
update=50 global_step=102400 SPS=1771 w_ev=0.934 m_ev=0.995 m_v_bias=-2.8 m_adv_std=12.4837 m_kl_max=0.0051 m_ratio_max=0.414 w_ax@goal=+0.95 w_v@goal=19.57 return=1001.1 length=80 success_rate=1.00 collisions/ep=0.21 (n=29)
Evaluation at update 50: return=1012.24, length=77.40, success_rate=1.00, collisions/ep=0.00
Solved-check at update 50: solved=True worst_gap=0.91 at p_x0=0.00 p_y0=1.00 (consecutive=1)
update=51 global_step=104448 SPS=1725 w_ev=0.909 m_ev=0.989 m_v_bias=4.7 m_adv_std=18.8351 m_kl_max=0.0159 m_ratio_max=0.474 w_ax@goal=+0.73 w_v@goal=19.34 return=992.9 length=80 success_rate=1.00 collisions/ep=0.37 (n=27)
update=52 global_step=106496 SPS=1736 w_ev=0.914 m_ev=0.987 m_v_bias=0.5 m_adv_std=19.9246 m_kl_max=0.0191 m_ratio_max=0.626 w_ax@goal=+0.81 w_v@goal=19.34 return=992.4 length=80 success_rate=1.00 collisions/ep=0.42 (n=24)
update=53 global_step=108544 SPS=1749 w_ev=0.928 m_ev=0.991 m_v_bias=-3.1 m_adv_std=15.7517 m_kl_max=0.0034 m_ratio_max=0.302 w_ax@goal=+0.71 w_v@goal=19.58 return=994.9 length=80 success_rate=1.00 collisions/ep=0.33 (n=24)
update=54 global_step=110592 SPS=1761 w_ev=0.905 m_ev=0.992 m_v_bias=-2.2 m_adv_std=14.2607 m_kl_max=0.0169 m_ratio_max=0.664 w_ax@goal=+0.71 w_v@goal=19.62 return=1005.5 length=80 success_rate=1.00 collisions/ep=0.17 (n=24)
update=55 global_step=112640 SPS=1772 w_ev=0.922 m_ev=0.973 m_v_bias=7.1 m_adv_std=29.0373 m_kl_max=0.0212 m_ratio_max=0.601 w_ax@goal=+0.72 w_v@goal=19.48 return=986.3 length=79 success_rate=1.00 collisions/ep=0.55 (n=29)
Evaluation at update 55: return=1012.34, length=77.35, success_rate=1.00, collisions/ep=0.00
Solved-check at update 55: solved=True worst_gap=0.79 at p_x0=0.00 p_y0=1.00 (consecutive=2)
update=56 global_step=114688 SPS=1728 w_ev=0.920 m_ev=0.994 m_v_bias=-6.5 m_adv_std=13.3220 m_kl_max=0.0083 m_ratio_max=0.397 w_ax@goal=+0.82 w_v@goal=19.68 return=1000.9 length=80 success_rate=1.00 collisions/ep=0.22 (n=27)
update=57 global_step=116736 SPS=1739 w_ev=0.915 m_ev=0.993 m_v_bias=0.2 m_adv_std=14.3122 m_kl_max=0.0143 m_ratio_max=0.725 w_ax@goal=+0.79 w_v@goal=19.53 return=997.2 length=80 success_rate=1.00 collisions/ep=0.29 (n=24)
update=58 global_step=118784 SPS=1750 w_ev=0.919 m_ev=0.981 m_v_bias=5.3 m_adv_std=23.0051 m_kl_max=0.0094 m_ratio_max=0.522 w_ax@goal=+0.55 w_v@goal=19.53 return=992.9 length=80 success_rate=1.00 collisions/ep=0.38 (n=24)
update=59 global_step=120832 SPS=1759 w_ev=0.907 m_ev=0.981 m_v_bias=0.5 m_adv_std=23.4977 m_kl_max=0.0219 m_ratio_max=0.529 w_ax@goal=+0.67 w_v@goal=19.55 return=982.5 length=80 success_rate=1.00 collisions/ep=0.58 (n=24)
update=60 global_step=122880 SPS=1770 w_ev=0.917 m_ev=0.992 m_v_bias=-3.8 m_adv_std=14.8090 m_kl_max=0.0144 m_ratio_max=0.662 w_ax@goal=+0.82 w_v@goal=19.54 return=1003.8 length=80 success_rate=1.00 collisions/ep=0.19 (n=31)
Evaluation at update 60: return=1012.44, length=77.20, success_rate=1.00, collisions/ep=0.00
Solved-check at update 60: solved=True worst_gap=0.66 at p_x0=0.00 p_y0=1.00 (consecutive=3)
update=61 global_step=124928 SPS=1730 w_ev=0.890 m_ev=0.978 m_v_bias=9.7 m_adv_std=26.3800 m_kl_max=0.0111 m_ratio_max=0.460 w_ax@goal=+0.80 w_v@goal=19.71 return=987.8 length=80 success_rate=1.00 collisions/ep=0.48 (n=25)
update=62 global_step=126976 SPS=1741 w_ev=0.915 m_ev=0.996 m_v_bias=-5.2 m_adv_std=10.9015 m_kl_max=0.0165 m_ratio_max=0.593 w_ax@goal=+0.65 w_v@goal=19.82 return=1009.9 length=79 success_rate=1.00 collisions/ep=0.04 (n=24)
update=63 global_step=129024 SPS=1751 w_ev=0.872 m_ev=0.984 m_v_bias=6.2 m_adv_std=20.5626 m_kl_max=0.0061 m_ratio_max=0.410 w_ax@goal=+0.50 w_v@goal=19.71 return=984.4 length=80 success_rate=1.00 collisions/ep=0.58 (n=24)
update=64 global_step=131072 SPS=1758 w_ev=0.911 m_ev=0.997 m_v_bias=-6.6 m_adv_std=8.2774 m_kl_max=0.0070 m_ratio_max=0.366 w_ax@goal=+0.88 w_v@goal=19.54 return=1009.7 length=80 success_rate=1.00 collisions/ep=0.04 (n=24)
update=65 global_step=133120 SPS=1767 w_ev=0.910 m_ev=0.981 m_v_bias=8.4 m_adv_std=24.2402 m_kl_max=0.0306 m_ratio_max=0.675 w_ax@goal=+0.79 w_v@goal=19.65 return=991.2 length=80 success_rate=1.00 collisions/ep=0.47 (n=32)
Evaluation at update 65: return=1012.58, length=77.10, success_rate=1.00, collisions/ep=0.00
Solved-check at update 65: solved=True worst_gap=0.49 at p_x0=0.00 p_y0=1.00 (consecutive=4)
update=66 global_step=135168 SPS=1724 w_ev=0.923 m_ev=0.967 m_v_bias=0.3 m_adv_std=31.3983 m_kl_max=0.0190 m_ratio_max=0.522 w_ax@goal=+0.99 w_v@goal=19.69 return=989.1 length=80 success_rate=1.00 collisions/ep=0.50 (n=24)
update=67 global_step=137216 SPS=1733 w_ev=0.878 m_ev=0.931 m_v_bias=8.9 m_adv_std=46.2900 m_kl_max=0.0158 m_ratio_max=0.606 w_ax@goal=+0.65 w_v@goal=19.72 return=965.8 length=80 success_rate=1.00 collisions/ep=0.96 (n=24)
update=68 global_step=139264 SPS=1743 w_ev=0.896 m_ev=0.956 m_v_bias=-1.7 m_adv_std=34.7786 m_kl_max=0.0167 m_ratio_max=0.525 w_ax@goal=+0.81 w_v@goal=19.45 return=960.1 length=80 success_rate=1.00 collisions/ep=1.08 (n=24)
update=69 global_step=141312 SPS=1752 w_ev=0.903 m_ev=0.960 m_v_bias=-1.9 m_adv_std=34.0587 m_kl_max=0.0193 m_ratio_max=0.733 w_ax@goal=+0.77 w_v@goal=19.47 return=990.8 length=79 success_rate=1.00 collisions/ep=0.46 (n=26)
update=70 global_step=143360 SPS=1761 w_ev=0.914 m_ev=0.990 m_v_bias=-2.5 m_adv_std=17.2871 m_kl_max=0.0048 m_ratio_max=0.272 w_ax@goal=+0.71 w_v@goal=19.52 return=998.9 length=80 success_rate=1.00 collisions/ep=0.27 (n=30)
Evaluation at update 70: return=1012.51, length=77.10, success_rate=1.00, collisions/ep=0.00
Solved-check at update 70: solved=True worst_gap=0.58 at p_x0=0.00 p_y0=1.00 (consecutive=5)
update=71 global_step=145408 SPS=1727 w_ev=0.890 m_ev=0.989 m_v_bias=-0.7 m_adv_std=17.5316 m_kl_max=0.0244 m_ratio_max=0.675 w_ax@goal=+0.67 w_v@goal=19.52 return=997.3 length=80 success_rate=1.00 collisions/ep=0.29 (n=24)
update=72 global_step=147456 SPS=1736 w_ev=0.907 m_ev=0.990 m_v_bias=-3.2 m_adv_std=16.2681 m_kl_max=0.0178 m_ratio_max=0.560 w_ax@goal=+0.70 w_v@goal=19.63 return=1003.1 length=80 success_rate=1.00 collisions/ep=0.17 (n=24)
update=73 global_step=149504 SPS=1744 w_ev=0.914 m_ev=0.994 m_v_bias=-2.8 m_adv_std=12.4393 m_kl_max=0.0130 m_ratio_max=0.766 w_ax@goal=+0.81 w_v@goal=19.52 return=1003.5 length=80 success_rate=1.00 collisions/ep=0.17 (n=24)
update=74 global_step=151552 SPS=1753 w_ev=0.932 m_ev=0.994 m_v_bias=2.8 m_adv_std=13.1383 m_kl_max=0.0203 m_ratio_max=0.982 w_ax@goal=+0.65 w_v@goal=19.70 return=998.3 length=80 success_rate=1.00 collisions/ep=0.30 (n=27)
update=75 global_step=153600 SPS=1761 w_ev=0.893 m_ev=0.953 m_v_bias=11.3 m_adv_std=39.2970 m_kl_max=0.0185 m_ratio_max=0.579 w_ax@goal=+0.88 w_v@goal=19.61 return=980.6 length=81 success_rate=1.00 collisions/ep=0.66 (n=29)
Evaluation at update 75: return=1012.50, length=77.20, success_rate=1.00, collisions/ep=0.00
Solved-check at update 75: solved=True worst_gap=0.65 at p_x0=0.00 p_y0=1.00 (consecutive=6)
update=76 global_step=155648 SPS=1729 w_ev=0.931 m_ev=0.989 m_v_bias=-11.7 m_adv_std=17.6791 m_kl_max=0.0206 m_ratio_max=0.693 w_ax@goal=+0.92 w_v@goal=19.52 return=1005.7 length=80 success_rate=1.00 collisions/ep=0.12 (n=24)
update=77 global_step=157696 SPS=1737 w_ev=0.919 m_ev=0.992 m_v_bias=-0.7 m_adv_std=15.0759 m_kl_max=0.0136 m_ratio_max=0.546 w_ax@goal=+0.82 w_v@goal=19.57 return=1001.3 length=80 success_rate=1.00 collisions/ep=0.21 (n=24)
update=78 global_step=159744 SPS=1746 w_ev=0.910 m_ev=0.992 m_v_bias=-0.8 m_adv_std=14.3514 m_kl_max=0.0062 m_ratio_max=0.363 w_ax@goal=+0.80 w_v@goal=19.52 return=1003.7 length=80 success_rate=1.00 collisions/ep=0.21 (n=24)
update=79 global_step=161792 SPS=1754 w_ev=0.896 m_ev=0.979 m_v_bias=7.3 m_adv_std=25.8303 m_kl_max=0.0137 m_ratio_max=0.720 w_ax@goal=+0.89 w_v@goal=19.58 return=989.4 length=80 success_rate=1.00 collisions/ep=0.48 (n=31)
update=80 global_step=163840 SPS=1762 w_ev=0.880 m_ev=0.983 m_v_bias=-0.2 m_adv_std=22.2008 m_kl_max=0.0179 m_ratio_max=0.703 w_ax@goal=+0.90 w_v@goal=19.48 return=993.8 length=80 success_rate=1.00 collisions/ep=0.36 (n=25)
Evaluation at update 80: return=1012.54, length=77.10, success_rate=1.00, collisions/ep=0.00
Solved-check at update 80: solved=True worst_gap=0.55 at p_x0=0.00 p_y0=1.00 (consecutive=7)
update=81 global_step=165888 SPS=1725 w_ev=0.901 m_ev=0.982 m_v_bias=1.2 m_adv_std=22.3839 m_kl_max=0.0312 m_ratio_max=1.218 w_ax@goal=+0.86 w_v@goal=19.61 return=989.2 length=80 success_rate=1.00 collisions/ep=0.46 (n=24)
update=82 global_step=167936 SPS=1730 w_ev=0.890 m_ev=0.988 m_v_bias=1.5 m_adv_std=17.5203 m_kl_max=0.0132 m_ratio_max=0.561 w_ax@goal=+0.76 w_v@goal=19.51 return=998.8 length=80 success_rate=1.00 collisions/ep=0.25 (n=24)
update=83 global_step=169984 SPS=1737 w_ev=0.901 m_ev=0.983 m_v_bias=-2.8 m_adv_std=21.8240 m_kl_max=0.0075 m_ratio_max=0.506 w_ax@goal=+0.78 w_v@goal=19.50 return=993.0 length=80 success_rate=1.00 collisions/ep=0.38 (n=24)
update=84 global_step=172032 SPS=1742 w_ev=0.909 m_ev=0.977 m_v_bias=1.1 m_adv_std=26.5364 m_kl_max=0.0103 m_ratio_max=0.381 w_ax@goal=+0.82 w_v@goal=19.48 return=992.3 length=80 success_rate=1.00 collisions/ep=0.39 (n=31)
update=85 global_step=174080 SPS=1748 w_ev=0.912 m_ev=0.995 m_v_bias=-10.9 m_adv_std=11.8257 m_kl_max=0.0073 m_ratio_max=0.380 w_ax@goal=+0.69 w_v@goal=19.51 return=1008.3 length=79 success_rate=1.00 collisions/ep=0.08 (n=25)
Evaluation at update 85: return=1012.54, length=77.10, success_rate=1.00, collisions/ep=0.00
Solved-check at update 85: solved=True worst_gap=0.56 at p_x0=0.00 p_y0=1.00 (consecutive=8)
update=86 global_step=176128 SPS=1710 w_ev=0.871 m_ev=0.979 m_v_bias=4.1 m_adv_std=23.9367 m_kl_max=0.0235 m_ratio_max=0.717 w_ax@goal=+0.76 w_v@goal=19.59 return=991.2 length=80 success_rate=1.00 collisions/ep=0.42 (n=24)
update=87 global_step=178176 SPS=1714 w_ev=0.901 m_ev=0.983 m_v_bias=-0.5 m_adv_std=21.6655 m_kl_max=0.0185 m_ratio_max=0.554 w_ax@goal=+0.74 w_v@goal=19.60 return=997.5 length=79 success_rate=1.00 collisions/ep=0.29 (n=24)
update=88 global_step=180224 SPS=1718 w_ev=0.928 m_ev=0.994 m_v_bias=-3.5 m_adv_std=12.6145 m_kl_max=0.0061 m_ratio_max=0.447 w_ax@goal=+1.06 w_v@goal=19.83 return=999.9 length=79 success_rate=1.00 collisions/ep=0.25 (n=28)
update=89 global_step=182272 SPS=1720 w_ev=0.927 m_ev=0.996 m_v_bias=1.6 m_adv_std=11.1094 m_kl_max=0.0407 m_ratio_max=0.843 w_ax@goal=+0.81 w_v@goal=19.66 return=1003.5 length=79 success_rate=1.00 collisions/ep=0.18 (n=28)
update=90 global_step=184320 SPS=1725 w_ev=0.916 m_ev=0.993 m_v_bias=0.4 m_adv_std=13.9081 m_kl_max=0.0346 m_ratio_max=0.970 w_ax@goal=+0.89 w_v@goal=19.67 return=1002.0 length=79 success_rate=1.00 collisions/ep=0.21 (n=24)
Evaluation at update 90: return=1012.65, length=77.05, success_rate=1.00, collisions/ep=0.00
Solved-check at update 90: solved=True worst_gap=0.41 at p_x0=0.00 p_y0=1.00 (consecutive=9)
update=91 global_step=186368 SPS=1693 w_ev=0.868 m_ev=0.982 m_v_bias=3.8 m_adv_std=21.7821 m_kl_max=0.0166 m_ratio_max=0.535 w_ax@goal=+0.79 w_v@goal=19.64 return=1000.1 length=79 success_rate=1.00 collisions/ep=0.25 (n=24)
update=92 global_step=188416 SPS=1698 w_ev=0.848 m_ev=0.976 m_v_bias=4.0 m_adv_std=26.2472 m_kl_max=0.0197 m_ratio_max=0.599 w_ax@goal=+0.79 w_v@goal=19.69 return=980.3 length=79 success_rate=1.00 collisions/ep=0.64 (n=25)
update=93 global_step=190464 SPS=1704 w_ev=0.895 m_ev=0.982 m_v_bias=0.3 m_adv_std=23.7683 m_kl_max=0.0028 m_ratio_max=0.289 w_ax@goal=+0.73 w_v@goal=19.71 return=991.4 length=80 success_rate=1.00 collisions/ep=0.42 (n=31)
update=94 global_step=192512 SPS=1710 w_ev=0.892 m_ev=0.964 m_v_bias=2.6 m_adv_std=32.8029 m_kl_max=0.0282 m_ratio_max=0.740 w_ax@goal=+0.82 w_v@goal=19.70 return=983.2 length=79 success_rate=1.00 collisions/ep=0.58 (n=24)
update=95 global_step=194560 SPS=1716 w_ev=0.883 m_ev=0.985 m_v_bias=-3.8 m_adv_std=20.4536 m_kl_max=0.0142 m_ratio_max=0.560 w_ax@goal=+0.69 w_v@goal=19.59 return=995.6 length=79 success_rate=1.00 collisions/ep=0.33 (n=24)
Evaluation at update 95: return=1012.63, length=77.05, success_rate=1.00, collisions/ep=0.00
Solved-check at update 95: solved=True worst_gap=0.46 at p_x0=0.00 p_y0=1.00 (consecutive=10)
update=96 global_step=196608 SPS=1687 w_ev=0.910 m_ev=0.983 m_v_bias=1.2 m_adv_std=21.6721 m_kl_max=0.0193 m_ratio_max=0.705 w_ax@goal=+0.63 w_v@goal=19.69 return=987.4 length=79 success_rate=1.00 collisions/ep=0.50 (n=24)
update=97 global_step=198656 SPS=1692 w_ev=0.923 m_ev=0.996 m_v_bias=-6.9 m_adv_std=11.3292 m_kl_max=0.0087 m_ratio_max=0.439 w_ax@goal=+0.77 w_v@goal=19.69 return=1009.0 length=79 success_rate=1.00 collisions/ep=0.06 (n=31)
update=98 global_step=200704 SPS=1698 w_ev=0.895 m_ev=0.961 m_v_bias=9.8 m_adv_std=34.1800 m_kl_max=0.0218 m_ratio_max=0.722 w_ax@goal=+1.06 w_v@goal=19.65 return=984.6 length=79 success_rate=1.00 collisions/ep=0.60 (n=25)
update=99 global_step=202752 SPS=1703 w_ev=0.896 m_ev=0.980 m_v_bias=0.0 m_adv_std=23.5825 m_kl_max=0.0098 m_ratio_max=0.403 w_ax@goal=+0.95 w_v@goal=19.61 return=987.4 length=79 success_rate=1.00 collisions/ep=0.50 (n=24)
update=100 global_step=204800 SPS=1710 w_ev=0.903 m_ev=0.997 m_v_bias=-7.8 m_adv_std=9.0864 m_kl_max=0.0254 m_ratio_max=0.628 w_ax@goal=+0.91 w_v@goal=19.58 return=1010.6 length=79 success_rate=1.00 collisions/ep=0.04 (n=24)
Evaluation at update 100: return=1012.72, length=77.00, success_rate=1.00, collisions/ep=0.00
Solved-check at update 100: solved=True worst_gap=0.34 at p_x0=0.00 p_y0=1.00 (consecutive=11)
Saved checkpoints to C:\Users\loren\Desktop\MASTER THESIS\5_CODE\scenarios\slalom\studies\init_sampler_hppo_rep\hppo_sobol\runs\hppo_slalom_40_1791044705
