Using device: cpu
Solved-check: precomputed optimal returns for 25 fixed initial conditions (mean=1013.0, min=1011.0, max=1015.0); solved-tolerance=5.0
num_envs=8 num_steps_per_env=256 worker_batch_size=2048 worker_minibatch_size=256 num_updates=100 timesteps=204800
update=1 global_step=2048 SPS=2817 w_ev=0.073 m_ev=0.001 m_v_bias=-48.0 m_adv_std=325.5546 m_kl_max=0.0028 m_ratio_max=0.359 w_ax@goal=-0.08 w_v@goal=0.44 return=186.9 length=159 success_rate=0.67 collisions/ep=7.67 (n=9)
update=2 global_step=4096 SPS=2694 w_ev=0.663 m_ev=0.625 m_v_bias=32.2 m_adv_std=182.5483 m_kl_max=0.0018 m_ratio_max=0.210 w_ax@goal=+0.68 w_v@goal=6.19 return=-207.5 length=181 success_rate=0.30 collisions/ep=7.30 (n=10)
update=3 global_step=6144 SPS=2596 w_ev=0.838 m_ev=0.765 m_v_bias=-5.6 m_adv_std=134.4708 m_kl_max=0.0044 m_ratio_max=0.344 w_ax@goal=+0.05 w_v@goal=7.53 return=-351.6 length=189 success_rate=0.17 collisions/ep=7.00 (n=12)
update=4 global_step=8192 SPS=2575 w_ev=0.886 m_ev=0.795 m_v_bias=-75.1 m_adv_std=155.5154 m_kl_max=0.0004 m_ratio_max=0.096 w_ax@goal=+0.15 w_v@goal=10.93 return=239.8 length=155 success_rate=0.62 collisions/ep=5.46 (n=13)
update=5 global_step=10240 SPS=2538 w_ev=0.897 m_ev=0.594 m_v_bias=-86.7 m_adv_std=172.8310 m_kl_max=0.0015 m_ratio_max=0.248 w_ax@goal=-0.01 w_v@goal=14.41 return=721.0 length=130 success_rate=1.00 collisions/ep=4.81 (n=16)
Evaluation at update 5: return=161.36, length=88.20, success_rate=1.00, collisions/ep=16.80
Solved-check at update 5: solved=False worst_gap=912.87 at p_x0=2.00 p_y0=-0.50 (consecutive=0)
update=6 global_step=12288 SPS=1623 w_ev=0.945 m_ev=0.800 m_v_bias=-25.3 m_adv_std=111.7160 m_kl_max=0.0032 m_ratio_max=0.296 w_ax@goal=+0.37 w_v@goal=16.43 return=564.8 length=118 success_rate=0.89 collisions/ep=5.89 (n=18)
update=7 global_step=14336 SPS=1701 w_ev=0.960 m_ev=0.841 m_v_bias=-40.8 m_adv_std=100.2365 m_kl_max=0.0132 m_ratio_max=0.667 w_ax@goal=+0.35 w_v@goal=18.38 return=789.6 length=97 success_rate=1.00 collisions/ep=4.08 (n=24)
update=8 global_step=16384 SPS=1762 w_ev=0.962 m_ev=0.895 m_v_bias=-9.6 m_adv_std=78.0156 m_kl_max=0.0080 m_ratio_max=0.400 w_ax@goal=+0.49 w_v@goal=19.57 return=797.6 length=89 success_rate=1.00 collisions/ep=4.09 (n=22)
update=9 global_step=18432 SPS=1821 w_ev=0.950 m_ev=0.902 m_v_bias=4.0 m_adv_std=73.3609 m_kl_max=0.0012 m_ratio_max=0.135 w_ax@goal=+0.71 w_v@goal=19.70 return=748.2 length=87 success_rate=1.00 collisions/ep=5.13 (n=23)
update=10 global_step=20480 SPS=1867 w_ev=0.931 m_ev=0.901 m_v_bias=-6.1 m_adv_std=75.2552 m_kl_max=0.0120 m_ratio_max=0.672 w_ax@goal=+0.56 w_v@goal=19.58 return=781.6 length=85 success_rate=1.00 collisions/ep=4.50 (n=24)
Evaluation at update 10: return=641.22, length=80.80, success_rate=1.00, collisions/ep=7.35
Solved-check at update 10: solved=False worst_gap=454.00 at p_x0=0.50 p_y0=1.00 (consecutive=0)
update=11 global_step=22528 SPS=1596 w_ev=0.938 m_ev=0.914 m_v_bias=-39.9 m_adv_std=63.4138 m_kl_max=0.0033 m_ratio_max=0.241 w_ax@goal=+0.87 w_v@goal=19.46 return=839.6 length=85 success_rate=1.00 collisions/ep=3.33 (n=24)
update=12 global_step=24576 SPS=1638 w_ev=0.933 m_ev=0.892 m_v_bias=17.4 m_adv_std=76.2026 m_kl_max=0.0117 m_ratio_max=0.617 w_ax@goal=+0.70 w_v@goal=19.36 return=783.7 length=85 success_rate=1.00 collisions/ep=4.46 (n=24)
update=13 global_step=26624 SPS=1687 w_ev=0.937 m_ev=0.929 m_v_bias=-20.3 m_adv_std=58.7164 m_kl_max=0.0047 m_ratio_max=0.350 w_ax@goal=+0.89 w_v@goal=19.18 return=854.3 length=83 success_rate=1.00 collisions/ep=3.08 (n=24)
update=14 global_step=28672 SPS=1728 w_ev=0.940 m_ev=0.932 m_v_bias=-26.9 m_adv_std=52.8909 m_kl_max=0.0067 m_ratio_max=0.473 w_ax@goal=+0.83 w_v@goal=19.20 return=872.1 length=82 success_rate=1.00 collisions/ep=2.83 (n=24)
update=15 global_step=30720 SPS=1762 w_ev=0.940 m_ev=0.916 m_v_bias=1.8 m_adv_std=59.6123 m_kl_max=0.0071 m_ratio_max=0.358 w_ax@goal=+1.05 w_v@goal=18.87 return=887.3 length=81 success_rate=1.00 collisions/ep=2.48 (n=27)
Evaluation at update 15: return=998.35, length=78.75, success_rate=1.00, collisions/ep=0.25
Solved-check at update 15: solved=False worst_gap=451.48 at p_x0=2.00 p_y0=-1.00 (consecutive=0)
update=16 global_step=32768 SPS=1589 w_ev=0.953 m_ev=0.938 m_v_bias=-16.5 m_adv_std=50.2932 m_kl_max=0.0082 m_ratio_max=0.562 w_ax@goal=+0.93 w_v@goal=19.08 return=897.5 length=83 success_rate=1.00 collisions/ep=2.31 (n=29)
update=17 global_step=34816 SPS=1623 w_ev=0.937 m_ev=0.915 m_v_bias=-2.5 m_adv_std=57.3638 m_kl_max=0.0055 m_ratio_max=0.290 w_ax@goal=+1.09 w_v@goal=19.01 return=908.0 length=81 success_rate=1.00 collisions/ep=2.04 (n=24)
update=18 global_step=36864 SPS=1659 w_ev=0.931 m_ev=0.923 m_v_bias=-7.9 m_adv_std=54.8855 m_kl_max=0.0064 m_ratio_max=0.365 w_ax@goal=+0.93 w_v@goal=19.26 return=922.6 length=82 success_rate=1.00 collisions/ep=1.75 (n=24)
update=19 global_step=38912 SPS=1676 w_ev=0.938 m_ev=0.929 m_v_bias=-6.5 m_adv_std=49.8375 m_kl_max=0.0165 m_ratio_max=0.732 w_ax@goal=+1.01 w_v@goal=19.18 return=929.5 length=81 success_rate=1.00 collisions/ep=1.75 (n=24)
update=20 global_step=40960 SPS=1703 w_ev=0.934 m_ev=0.955 m_v_bias=-8.3 m_adv_std=38.1469 m_kl_max=0.0121 m_ratio_max=0.468 w_ax@goal=+0.88 w_v@goal=19.22 return=935.5 length=81 success_rate=1.00 collisions/ep=1.54 (n=24)
Evaluation at update 20: return=998.56, length=78.45, success_rate=1.00, collisions/ep=0.25
Solved-check at update 20: solved=False worst_gap=51.59 at p_x0=1.00 p_y0=-1.00 (consecutive=0)
update=21 global_step=43008 SPS=1574 w_ev=0.936 m_ev=0.947 m_v_bias=5.0 m_adv_std=42.6735 m_kl_max=0.0098 m_ratio_max=0.435 w_ax@goal=+1.05 w_v@goal=19.21 return=937.7 length=81 success_rate=1.00 collisions/ep=1.46 (n=24)
update=22 global_step=45056 SPS=1602 w_ev=0.952 m_ev=0.970 m_v_bias=-14.9 m_adv_std=31.6460 m_kl_max=0.0122 m_ratio_max=0.697 w_ax@goal=+0.80 w_v@goal=19.37 return=966.6 length=81 success_rate=1.00 collisions/ep=0.94 (n=32)
update=23 global_step=47104 SPS=1626 w_ev=0.955 m_ev=0.968 m_v_bias=-0.2 m_adv_std=32.1931 m_kl_max=0.0233 m_ratio_max=1.060 w_ax@goal=+0.96 w_v@goal=19.11 return=966.7 length=81 success_rate=1.00 collisions/ep=0.88 (n=24)
update=24 global_step=49152 SPS=1653 w_ev=0.937 m_ev=0.951 m_v_bias=8.7 m_adv_std=41.5982 m_kl_max=0.0144 m_ratio_max=0.510 w_ax@goal=+1.09 w_v@goal=19.27 return=935.6 length=81 success_rate=1.00 collisions/ep=1.50 (n=24)
update=25 global_step=51200 SPS=1670 w_ev=0.928 m_ev=0.961 m_v_bias=-0.6 m_adv_std=35.1782 m_kl_max=0.0121 m_ratio_max=0.763 w_ax@goal=+1.07 w_v@goal=19.44 return=938.5 length=80 success_rate=1.00 collisions/ep=1.46 (n=24)
Evaluation at update 25: return=996.40, length=78.20, success_rate=1.00, collisions/ep=0.30
Solved-check at update 25: solved=False worst_gap=51.01 at p_x0=1.00 p_y0=-1.00 (consecutive=0)
update=26 global_step=53248 SPS=1561 w_ev=0.933 m_ev=0.942 m_v_bias=4.4 m_adv_std=43.3791 m_kl_max=0.0095 m_ratio_max=0.517 w_ax@goal=+0.99 w_v@goal=19.63 return=948.2 length=81 success_rate=1.00 collisions/ep=1.29 (n=24)
update=27 global_step=55296 SPS=1578 w_ev=0.949 m_ev=0.981 m_v_bias=-12.3 m_adv_std=23.7114 m_kl_max=0.0287 m_ratio_max=0.611 w_ax@goal=+1.07 w_v@goal=19.56 return=962.7 length=80 success_rate=1.00 collisions/ep=0.96 (n=25)
update=28 global_step=57344 SPS=1592 w_ev=0.939 m_ev=0.969 m_v_bias=-1.5 m_adv_std=31.2036 m_kl_max=0.0105 m_ratio_max=0.609 w_ax@goal=+1.23 w_v@goal=19.38 return=985.2 length=81 success_rate=1.00 collisions/ep=0.61 (n=31)
update=29 global_step=59392 SPS=1611 w_ev=0.943 m_ev=0.984 m_v_bias=-2.2 m_adv_std=21.5213 m_kl_max=0.0070 m_ratio_max=0.379 w_ax@goal=+1.09 w_v@goal=19.35 return=993.9 length=81 success_rate=1.00 collisions/ep=0.42 (n=24)
update=30 global_step=61440 SPS=1630 w_ev=0.923 m_ev=0.984 m_v_bias=1.0 m_adv_std=21.4652 m_kl_max=0.0168 m_ratio_max=1.297 w_ax@goal=+0.80 w_v@goal=19.31 return=1000.4 length=81 success_rate=1.00 collisions/ep=0.21 (n=24)
Evaluation at update 30: return=1011.28, length=78.25, success_rate=1.00, collisions/ep=0.00
Solved-check at update 30: solved=True worst_gap=1.69 at p_x0=0.00 p_y0=-1.00 (consecutive=0)
update=31 global_step=63488 SPS=1555 w_ev=0.924 m_ev=0.983 m_v_bias=4.3 m_adv_std=22.2160 m_kl_max=0.0145 m_ratio_max=0.472 w_ax@goal=+0.85 w_v@goal=19.30 return=991.6 length=81 success_rate=1.00 collisions/ep=0.38 (n=24)
update=32 global_step=65536 SPS=1575 w_ev=0.922 m_ev=0.979 m_v_bias=3.9 m_adv_std=24.4089 m_kl_max=0.0251 m_ratio_max=0.878 w_ax@goal=+0.99 w_v@goal=19.30 return=983.4 length=81 success_rate=1.00 collisions/ep=0.58 (n=24)
update=33 global_step=67584 SPS=1594 w_ev=0.928 m_ev=0.983 m_v_bias=1.3 m_adv_std=22.6748 m_kl_max=0.0171 m_ratio_max=0.582 w_ax@goal=+0.96 w_v@goal=19.30 return=987.9 length=81 success_rate=1.00 collisions/ep=0.46 (n=24)
update=34 global_step=69632 SPS=1613 w_ev=0.945 m_ev=0.991 m_v_bias=-4.8 m_adv_std=15.9959 m_kl_max=0.0202 m_ratio_max=0.734 w_ax@goal=+0.95 w_v@goal=19.19 return=999.4 length=81 success_rate=1.00 collisions/ep=0.26 (n=31)
update=35 global_step=71680 SPS=1630 w_ev=0.952 m_ev=0.993 m_v_bias=-0.8 m_adv_std=14.0111 m_kl_max=0.0033 m_ratio_max=0.241 w_ax@goal=+0.92 w_v@goal=19.15 return=1000.7 length=81 success_rate=1.00 collisions/ep=0.20 (n=25)
Evaluation at update 35: return=1011.41, length=78.10, success_rate=1.00, collisions/ep=0.00
Solved-check at update 35: solved=True worst_gap=1.72 at p_x0=0.00 p_y0=-1.00 (consecutive=1)
Solved criterion held for 2 consecutive evals (tolerance=5.0) at global_step=71680.
update=36 global_step=73728 SPS=1567 w_ev=0.914 m_ev=0.962 m_v_bias=7.9 m_adv_std=32.9516 m_kl_max=0.0047 m_ratio_max=0.338 w_ax@goal=+0.91 w_v@goal=19.24 return=977.2 length=81 success_rate=1.00 collisions/ep=0.71 (n=24)
update=37 global_step=75776 SPS=1582 w_ev=0.942 m_ev=0.989 m_v_bias=-3.4 m_adv_std=17.3876 m_kl_max=0.0078 m_ratio_max=0.341 w_ax@goal=+0.86 w_v@goal=19.22 return=998.4 length=80 success_rate=1.00 collisions/ep=0.25 (n=24)
update=38 global_step=77824 SPS=1600 w_ev=0.915 m_ev=0.941 m_v_bias=4.5 m_adv_std=42.6001 m_kl_max=0.0276 m_ratio_max=1.099 w_ax@goal=+0.79 w_v@goal=19.19 return=979.6 length=81 success_rate=1.00 collisions/ep=0.71 (n=24)
update=39 global_step=79872 SPS=1612 w_ev=0.934 m_ev=0.958 m_v_bias=10.2 m_adv_std=35.9105 m_kl_max=0.0275 m_ratio_max=0.979 w_ax@goal=+0.67 w_v@goal=19.20 return=972.4 length=82 success_rate=1.00 collisions/ep=0.79 (n=24)
update=40 global_step=81920 SPS=1627 w_ev=0.946 m_ev=0.977 m_v_bias=-2.1 m_adv_std=26.5621 m_kl_max=0.0042 m_ratio_max=0.350 w_ax@goal=+0.97 w_v@goal=19.28 return=985.8 length=82 success_rate=1.00 collisions/ep=0.48 (n=27)
Evaluation at update 40: return=1011.24, length=78.30, success_rate=1.00, collisions/ep=0.00
Solved-check at update 40: solved=True worst_gap=1.96 at p_x0=0.00 p_y0=-1.00 (consecutive=2)
update=41 global_step=83968 SPS=1569 w_ev=0.924 m_ev=0.975 m_v_bias=-1.1 m_adv_std=28.2275 m_kl_max=0.0139 m_ratio_max=0.434 w_ax@goal=+0.75 w_v@goal=19.14 return=979.8 length=81 success_rate=1.00 collisions/ep=0.62 (n=29)
update=42 global_step=86016 SPS=1583 w_ev=0.937 m_ev=0.992 m_v_bias=-8.4 m_adv_std=15.0764 m_kl_max=0.0104 m_ratio_max=0.471 w_ax@goal=+0.75 w_v@goal=19.13 return=1002.4 length=81 success_rate=1.00 collisions/ep=0.17 (n=24)
update=43 global_step=88064 SPS=1596 w_ev=0.948 m_ev=0.991 m_v_bias=-1.7 m_adv_std=15.8106 m_kl_max=0.0085 m_ratio_max=0.433 w_ax@goal=+0.90 w_v@goal=19.18 return=998.1 length=81 success_rate=1.00 collisions/ep=0.25 (n=24)
update=44 global_step=90112 SPS=1607 w_ev=0.951 m_ev=0.995 m_v_bias=-1.4 m_adv_std=11.1117 m_kl_max=0.0150 m_ratio_max=0.443 w_ax@goal=+0.72 w_v@goal=19.40 return=1004.1 length=81 success_rate=1.00 collisions/ep=0.12 (n=24)
update=45 global_step=92160 SPS=1620 w_ev=0.940 m_ev=0.991 m_v_bias=0.1 m_adv_std=15.9197 m_kl_max=0.0257 m_ratio_max=0.727 w_ax@goal=+0.91 w_v@goal=19.17 return=1000.9 length=80 success_rate=1.00 collisions/ep=0.21 (n=24)
Evaluation at update 45: return=1008.97, length=78.10, success_rate=1.00, collisions/ep=0.05
Solved-check at update 45: solved=False worst_gap=51.26 at p_x0=0.00 p_y0=0.50 (consecutive=3)
update=46 global_step=94208 SPS=1571 w_ev=0.941 m_ev=0.997 m_v_bias=-2.0 m_adv_std=8.6996 m_kl_max=0.0198 m_ratio_max=1.007 w_ax@goal=+0.66 w_v@goal=19.13 return=1003.4 length=81 success_rate=1.00 collisions/ep=0.18 (n=28)
update=47 global_step=96256 SPS=1582 w_ev=0.945 m_ev=0.994 m_v_bias=-0.0 m_adv_std=13.4597 m_kl_max=0.0104 m_ratio_max=0.736 w_ax@goal=+0.84 w_v@goal=19.04 return=1003.8 length=81 success_rate=1.00 collisions/ep=0.14 (n=28)
update=48 global_step=98304 SPS=1593 w_ev=0.952 m_ev=0.998 m_v_bias=-4.5 m_adv_std=7.9482 m_kl_max=0.0261 m_ratio_max=0.628 w_ax@goal=+0.79 w_v@goal=19.14 return=1008.8 length=81 success_rate=1.00 collisions/ep=0.04 (n=24)
update=49 global_step=100352 SPS=1606 w_ev=0.949 m_ev=0.992 m_v_bias=0.4 m_adv_std=13.9862 m_kl_max=0.0268 m_ratio_max=1.206 w_ax@goal=+1.03 w_v@goal=19.28 return=1007.6 length=80 success_rate=1.00 collisions/ep=0.08 (n=24)
update=50 global_step=102400 SPS=1617 w_ev=0.941 m_ev=0.969 m_v_bias=8.1 m_adv_std=28.9757 m_kl_max=0.0125 m_ratio_max=0.707 w_ax@goal=+0.79 w_v@goal=19.38 return=992.2 length=80 success_rate=1.00 collisions/ep=0.38 (n=24)
Evaluation at update 50: return=1011.71, length=77.85, success_rate=1.00, collisions/ep=0.00
Solved-check at update 50: solved=True worst_gap=1.49 at p_x0=0.00 p_y0=-1.00 (consecutive=0)
update=51 global_step=104448 SPS=1574 w_ev=0.948 m_ev=0.994 m_v_bias=-1.4 m_adv_std=12.3356 m_kl_max=0.0059 m_ratio_max=0.437 w_ax@goal=+0.91 w_v@goal=19.40 return=997.4 length=80 success_rate=1.00 collisions/ep=0.32 (n=25)
update=52 global_step=106496 SPS=1583 w_ev=0.942 m_ev=0.987 m_v_bias=1.1 m_adv_std=19.9050 m_kl_max=0.0029 m_ratio_max=0.280 w_ax@goal=+0.95 w_v@goal=19.40 return=996.4 length=80 success_rate=1.00 collisions/ep=0.33 (n=30)
update=53 global_step=108544 SPS=1596 w_ev=0.938 m_ev=0.986 m_v_bias=2.5 m_adv_std=19.7576 m_kl_max=0.0132 m_ratio_max=0.740 w_ax@goal=+0.77 w_v@goal=19.28 return=996.7 length=81 success_rate=1.00 collisions/ep=0.28 (n=25)
update=54 global_step=110592 SPS=1606 w_ev=0.942 m_ev=0.990 m_v_bias=2.2 m_adv_std=16.2973 m_kl_max=0.0197 m_ratio_max=0.787 w_ax@goal=+0.98 w_v@goal=19.11 return=998.9 length=80 success_rate=1.00 collisions/ep=0.25 (n=24)
update=55 global_step=112640 SPS=1616 w_ev=0.940 m_ev=0.990 m_v_bias=-0.9 m_adv_std=16.8096 m_kl_max=0.0189 m_ratio_max=0.527 w_ax@goal=+0.95 w_v@goal=19.32 return=1011.5 length=80 success_rate=1.00 collisions/ep=0.00 (n=24)
Evaluation at update 55: return=1011.48, length=78.05, success_rate=1.00, collisions/ep=0.00
Solved-check at update 55: solved=True worst_gap=1.77 at p_x0=0.00 p_y0=-1.00 (consecutive=1)
update=56 global_step=114688 SPS=1573 w_ev=0.938 m_ev=0.977 m_v_bias=5.3 m_adv_std=24.9773 m_kl_max=0.0252 m_ratio_max=0.594 w_ax@goal=+0.85 w_v@goal=19.44 return=981.3 length=81 success_rate=1.00 collisions/ep=0.62 (n=24)
update=57 global_step=116736 SPS=1583 w_ev=0.937 m_ev=0.994 m_v_bias=-0.6 m_adv_std=13.3906 m_kl_max=0.0175 m_ratio_max=0.734 w_ax@goal=+0.70 w_v@goal=19.12 return=996.2 length=80 success_rate=1.00 collisions/ep=0.37 (n=27)
update=58 global_step=118784 SPS=1590 w_ev=0.941 m_ev=0.991 m_v_bias=4.4 m_adv_std=16.1438 m_kl_max=0.0185 m_ratio_max=1.142 w_ax@goal=+0.89 w_v@goal=19.29 return=1000.4 length=81 success_rate=1.00 collisions/ep=0.24 (n=29)
update=59 global_step=120832 SPS=1599 w_ev=0.948 m_ev=0.996 m_v_bias=-3.7 m_adv_std=10.1606 m_kl_max=0.0283 m_ratio_max=0.646 w_ax@goal=+0.87 w_v@goal=19.27 return=1006.7 length=81 success_rate=1.00 collisions/ep=0.08 (n=24)
update=60 global_step=122880 SPS=1609 w_ev=0.947 m_ev=0.979 m_v_bias=5.4 m_adv_std=24.6820 m_kl_max=0.0079 m_ratio_max=0.393 w_ax@goal=+0.95 w_v@goal=19.41 return=983.7 length=81 success_rate=1.00 collisions/ep=0.54 (n=24)
Evaluation at update 60: return=1011.33, length=78.25, success_rate=1.00, collisions/ep=0.00
Solved-check at update 60: solved=False worst_gap=51.47 at p_x0=0.00 p_y0=1.00 (consecutive=2)
update=61 global_step=124928 SPS=1572 w_ev=0.953 m_ev=0.992 m_v_bias=-1.8 m_adv_std=14.7582 m_kl_max=0.0083 m_ratio_max=0.372 w_ax@goal=+1.11 w_v@goal=19.25 return=996.2 length=81 success_rate=1.00 collisions/ep=0.33 (n=24)
update=62 global_step=126976 SPS=1582 w_ev=0.959 m_ev=0.981 m_v_bias=2.9 m_adv_std=21.7923 m_kl_max=0.0242 m_ratio_max=0.710 w_ax@goal=+0.94 w_v@goal=19.47 return=989.8 length=81 success_rate=1.00 collisions/ep=0.50 (n=24)
update=63 global_step=129024 SPS=1591 w_ev=0.962 m_ev=0.993 m_v_bias=-2.7 m_adv_std=13.9372 m_kl_max=0.0134 m_ratio_max=0.918 w_ax@goal=+1.00 w_v@goal=19.21 return=1004.0 length=80 success_rate=1.00 collisions/ep=0.14 (n=28)
update=64 global_step=131072 SPS=1600 w_ev=0.943 m_ev=0.964 m_v_bias=7.7 m_adv_std=33.3188 m_kl_max=0.0083 m_ratio_max=0.591 w_ax@goal=+0.99 w_v@goal=19.26 return=982.6 length=81 success_rate=1.00 collisions/ep=0.57 (n=28)
update=65 global_step=133120 SPS=1609 w_ev=0.947 m_ev=0.989 m_v_bias=-3.0 m_adv_std=17.4213 m_kl_max=0.0187 m_ratio_max=0.632 w_ax@goal=+0.92 w_v@goal=19.04 return=996.5 length=80 success_rate=1.00 collisions/ep=0.29 (n=24)
Evaluation at update 65: return=1011.67, length=77.85, success_rate=1.00, collisions/ep=0.00
Solved-check at update 65: solved=True worst_gap=1.61 at p_x0=0.00 p_y0=-1.00 (consecutive=0)
update=66 global_step=135168 SPS=1578 w_ev=0.953 m_ev=0.998 m_v_bias=-4.1 m_adv_std=7.6653 m_kl_max=0.0040 m_ratio_max=0.442 w_ax@goal=+0.90 w_v@goal=19.23 return=1011.9 length=80 success_rate=1.00 collisions/ep=0.00 (n=24)
update=67 global_step=137216 SPS=1587 w_ev=0.965 m_ev=0.989 m_v_bias=4.7 m_adv_std=17.2215 m_kl_max=0.0137 m_ratio_max=0.571 w_ax@goal=+0.97 w_v@goal=19.39 return=999.2 length=80 success_rate=1.00 collisions/ep=0.33 (n=24)
update=68 global_step=139264 SPS=1596 w_ev=0.957 m_ev=0.981 m_v_bias=4.6 m_adv_std=24.1808 m_kl_max=0.0118 m_ratio_max=0.511 w_ax@goal=+1.04 w_v@goal=19.41 return=993.0 length=80 success_rate=1.00 collisions/ep=0.37 (n=27)
update=69 global_step=141312 SPS=1605 w_ev=0.961 m_ev=0.973 m_v_bias=5.1 m_adv_std=30.2357 m_kl_max=0.0372 m_ratio_max=2.294 w_ax@goal=+0.90 w_v@goal=19.28 return=973.8 length=81 success_rate=1.00 collisions/ep=0.83 (n=29)
update=70 global_step=143360 SPS=1612 w_ev=0.970 m_ev=0.985 m_v_bias=-4.7 m_adv_std=21.1638 m_kl_max=0.0035 m_ratio_max=0.265 w_ax@goal=+0.92 w_v@goal=19.27 return=988.6 length=80 success_rate=1.00 collisions/ep=0.50 (n=24)
Evaluation at update 70: return=1011.85, length=77.75, success_rate=1.00, collisions/ep=0.00
Solved-check at update 70: solved=True worst_gap=1.19 at p_x0=0.00 p_y0=-1.00 (consecutive=1)
update=71 global_step=145408 SPS=1579 w_ev=0.961 m_ev=0.985 m_v_bias=0.1 m_adv_std=20.1947 m_kl_max=0.0143 m_ratio_max=0.453 w_ax@goal=+0.89 w_v@goal=19.33 return=997.0 length=80 success_rate=1.00 collisions/ep=0.33 (n=24)
update=72 global_step=147456 SPS=1588 w_ev=0.942 m_ev=0.981 m_v_bias=3.4 m_adv_std=23.4267 m_kl_max=0.0141 m_ratio_max=0.731 w_ax@goal=+0.73 w_v@goal=19.38 return=990.1 length=81 success_rate=1.00 collisions/ep=0.42 (n=24)
update=73 global_step=149504 SPS=1596 w_ev=0.957 m_ev=0.987 m_v_bias=-1.5 m_adv_std=19.4108 m_kl_max=0.0104 m_ratio_max=0.623 w_ax@goal=+0.85 w_v@goal=19.24 return=992.3 length=80 success_rate=1.00 collisions/ep=0.42 (n=26)
update=74 global_step=151552 SPS=1603 w_ev=0.959 m_ev=0.991 m_v_bias=2.3 m_adv_std=16.6070 m_kl_max=0.0086 m_ratio_max=0.419 w_ax@goal=+0.91 w_v@goal=19.27 return=994.9 length=80 success_rate=1.00 collisions/ep=0.37 (n=30)
update=75 global_step=153600 SPS=1611 w_ev=0.932 m_ev=0.982 m_v_bias=4.8 m_adv_std=21.9881 m_kl_max=0.0110 m_ratio_max=0.557 w_ax@goal=+0.62 w_v@goal=19.31 return=994.7 length=80 success_rate=1.00 collisions/ep=0.38 (n=24)
Evaluation at update 75: return=1009.30, length=77.80, success_rate=1.00, collisions/ep=0.05
Solved-check at update 75: solved=False worst_gap=51.09 at p_x0=0.00 p_y0=1.00 (consecutive=2)
update=76 global_step=155648 SPS=1581 w_ev=0.940 m_ev=0.989 m_v_bias=-1.8 m_adv_std=16.9800 m_kl_max=0.0185 m_ratio_max=0.875 w_ax@goal=+0.76 w_v@goal=19.17 return=997.0 length=80 success_rate=1.00 collisions/ep=0.29 (n=24)
update=77 global_step=157696 SPS=1589 w_ev=0.945 m_ev=0.978 m_v_bias=-2.2 m_adv_std=24.5684 m_kl_max=0.0118 m_ratio_max=0.424 w_ax@goal=+0.81 w_v@goal=19.16 return=996.3 length=81 success_rate=1.00 collisions/ep=0.29 (n=24)
update=78 global_step=159744 SPS=1598 w_ev=0.947 m_ev=0.971 m_v_bias=5.9 m_adv_std=29.4419 m_kl_max=0.0075 m_ratio_max=0.377 w_ax@goal=+0.87 w_v@goal=19.27 return=1001.4 length=80 success_rate=1.00 collisions/ep=0.20 (n=25)
update=79 global_step=161792 SPS=1605 w_ev=0.953 m_ev=0.993 m_v_bias=-6.5 m_adv_std=14.3992 m_kl_max=0.0030 m_ratio_max=0.346 w_ax@goal=+0.84 w_v@goal=19.21 return=989.0 length=80 success_rate=1.00 collisions/ep=0.48 (n=31)
update=80 global_step=163840 SPS=1613 w_ev=0.944 m_ev=0.961 m_v_bias=6.0 m_adv_std=35.3541 m_kl_max=0.0043 m_ratio_max=0.380 w_ax@goal=+0.73 w_v@goal=19.39 return=981.8 length=80 success_rate=1.00 collisions/ep=0.58 (n=24)
Evaluation at update 80: return=1011.54, length=78.00, success_rate=1.00, collisions/ep=0.00
Solved-check at update 80: solved=True worst_gap=1.47 at p_x0=0.00 p_y0=1.00 (consecutive=0)
update=81 global_step=165888 SPS=1586 w_ev=0.936 m_ev=0.935 m_v_bias=2.4 m_adv_std=44.8489 m_kl_max=0.0139 m_ratio_max=0.887 w_ax@goal=+0.86 w_v@goal=19.45 return=980.0 length=81 success_rate=1.00 collisions/ep=0.62 (n=24)
update=82 global_step=167936 SPS=1593 w_ev=0.949 m_ev=0.990 m_v_bias=-9.9 m_adv_std=16.4649 m_kl_max=0.0093 m_ratio_max=0.446 w_ax@goal=+0.69 w_v@goal=19.27 return=996.4 length=80 success_rate=1.00 collisions/ep=0.29 (n=24)
update=83 global_step=169984 SPS=1600 w_ev=0.938 m_ev=0.959 m_v_bias=6.2 m_adv_std=35.1686 m_kl_max=0.0067 m_ratio_max=0.329 w_ax@goal=+0.55 w_v@goal=19.22 return=978.0 length=80 success_rate=1.00 collisions/ep=0.67 (n=24)
update=84 global_step=172032 SPS=1607 w_ev=0.956 m_ev=0.989 m_v_bias=-10.4 m_adv_std=18.5015 m_kl_max=0.0159 m_ratio_max=0.510 w_ax@goal=+0.65 w_v@goal=19.45 return=998.9 length=80 success_rate=1.00 collisions/ep=0.24 (n=29)
update=85 global_step=174080 SPS=1612 w_ev=0.954 m_ev=0.987 m_v_bias=4.4 m_adv_std=19.9654 m_kl_max=0.0202 m_ratio_max=0.952 w_ax@goal=+0.60 w_v@goal=19.26 return=996.0 length=81 success_rate=1.00 collisions/ep=0.30 (n=27)
Evaluation at update 85: return=1011.66, length=77.90, success_rate=1.00, collisions/ep=0.00
Solved-check at update 85: solved=True worst_gap=1.32 at p_x0=0.00 p_y0=-1.00 (consecutive=1)
update=86 global_step=176128 SPS=1587 w_ev=0.954 m_ev=0.994 m_v_bias=-3.8 m_adv_std=12.4242 m_kl_max=0.0149 m_ratio_max=0.486 w_ax@goal=+0.63 w_v@goal=19.40 return=1005.0 length=81 success_rate=1.00 collisions/ep=0.12 (n=24)
update=87 global_step=178176 SPS=1594 w_ev=0.949 m_ev=0.979 m_v_bias=5.5 m_adv_std=24.2491 m_kl_max=0.0149 m_ratio_max=1.051 w_ax@goal=+0.59 w_v@goal=19.20 return=994.6 length=80 success_rate=1.00 collisions/ep=0.33 (n=24)
update=88 global_step=180224 SPS=1601 w_ev=0.955 m_ev=0.968 m_v_bias=1.8 m_adv_std=30.1593 m_kl_max=0.0122 m_ratio_max=0.437 w_ax@goal=+0.62 w_v@goal=19.20 return=971.4 length=81 success_rate=1.00 collisions/ep=0.79 (n=24)
update=89 global_step=182272 SPS=1607 w_ev=0.940 m_ev=0.981 m_v_bias=2.7 m_adv_std=23.3577 m_kl_max=0.0073 m_ratio_max=0.423 w_ax@goal=+0.66 w_v@goal=19.23 return=993.2 length=80 success_rate=1.00 collisions/ep=0.36 (n=25)
update=90 global_step=184320 SPS=1612 w_ev=0.950 m_ev=0.979 m_v_bias=-2.7 m_adv_std=26.0121 m_kl_max=0.0025 m_ratio_max=0.241 w_ax@goal=+0.67 w_v@goal=19.29 return=988.8 length=80 success_rate=1.00 collisions/ep=0.45 (n=31)
Evaluation at update 90: return=1011.97, length=77.75, success_rate=1.00, collisions/ep=0.00
Solved-check at update 90: solved=True worst_gap=1.01 at p_x0=0.50 p_y0=-1.00 (consecutive=2)
update=91 global_step=186368 SPS=1588 w_ev=0.948 m_ev=0.994 m_v_bias=-3.9 m_adv_std=13.2391 m_kl_max=0.0170 m_ratio_max=0.471 w_ax@goal=+0.62 w_v@goal=19.37 return=1005.1 length=80 success_rate=1.00 collisions/ep=0.12 (n=24)
update=92 global_step=188416 SPS=1593 w_ev=0.934 m_ev=0.993 m_v_bias=-1.2 m_adv_std=13.4327 m_kl_max=0.0033 m_ratio_max=0.390 w_ax@goal=+0.81 w_v@goal=19.03 return=1003.6 length=80 success_rate=1.00 collisions/ep=0.17 (n=24)
update=93 global_step=190464 SPS=1599 w_ev=0.947 m_ev=0.985 m_v_bias=6.4 m_adv_std=20.1548 m_kl_max=0.0047 m_ratio_max=0.355 w_ax@goal=+0.79 w_v@goal=19.33 return=989.0 length=80 success_rate=1.00 collisions/ep=0.46 (n=24)
update=94 global_step=192512 SPS=1606 w_ev=0.954 m_ev=0.991 m_v_bias=-5.5 m_adv_std=15.3798 m_kl_max=0.0087 m_ratio_max=0.343 w_ax@goal=+0.98 w_v@goal=19.29 return=996.4 length=79 success_rate=1.00 collisions/ep=0.31 (n=26)
update=95 global_step=194560 SPS=1611 w_ev=0.963 m_ev=0.972 m_v_bias=6.8 m_adv_std=30.4236 m_kl_max=0.0146 m_ratio_max=0.652 w_ax@goal=+0.95 w_v@goal=19.52 return=985.4 length=80 success_rate=1.00 collisions/ep=0.53 (n=30)
Evaluation at update 95: return=1012.05, length=77.55, success_rate=1.00, collisions/ep=0.00
Solved-check at update 95: solved=True worst_gap=0.95 at p_x0=0.00 p_y0=0.50 (consecutive=3)
update=96 global_step=196608 SPS=1588 w_ev=0.954 m_ev=0.973 m_v_bias=-0.4 m_adv_std=28.4540 m_kl_max=0.0197 m_ratio_max=0.582 w_ax@goal=+0.95 w_v@goal=19.32 return=986.9 length=80 success_rate=1.00 collisions/ep=0.50 (n=24)
update=97 global_step=198656 SPS=1594 w_ev=0.935 m_ev=0.981 m_v_bias=0.7 m_adv_std=23.0733 m_kl_max=0.0228 m_ratio_max=1.144 w_ax@goal=+0.83 w_v@goal=19.34 return=990.8 length=80 success_rate=1.00 collisions/ep=0.42 (n=24)
update=98 global_step=200704 SPS=1600 w_ev=0.944 m_ev=0.970 m_v_bias=0.6 m_adv_std=29.4101 m_kl_max=0.0163 m_ratio_max=0.660 w_ax@goal=+0.85 w_v@goal=19.15 return=980.3 length=80 success_rate=1.00 collisions/ep=0.62 (n=24)
update=99 global_step=202752 SPS=1607 w_ev=0.957 m_ev=0.992 m_v_bias=-6.4 m_adv_std=15.1441 m_kl_max=0.0115 m_ratio_max=0.652 w_ax@goal=+0.71 w_v@goal=19.15 return=1002.3 length=80 success_rate=1.00 collisions/ep=0.19 (n=27)
update=100 global_step=204800 SPS=1611 w_ev=0.952 m_ev=0.968 m_v_bias=2.8 m_adv_std=32.3413 m_kl_max=0.0135 m_ratio_max=0.477 w_ax@goal=+0.75 w_v@goal=19.11 return=990.6 length=80 success_rate=1.00 collisions/ep=0.41 (n=29)
Evaluation at update 100: return=1011.98, length=77.55, success_rate=1.00, collisions/ep=0.00
Solved-check at update 100: solved=True worst_gap=1.00 at p_x0=1.00 p_y0=1.00 (consecutive=4)
Saved checkpoints to C:\Users\loren\Desktop\MASTER THESIS\5_CODE\scenarios\slalom\studies\init_sampler_hppo_rep\hppo_sobol\runs\hppo_slalom_37_1791044424
