Using device: cpu
Solved-check: precomputed optimal returns for 25 fixed initial conditions (mean=1011.8, min=1007.0, max=1014.0); solved-tolerance=5.0
batch_size=1024 minibatch_size=256 num_updates=200 timesteps=204800
update=1 global_step=1024 SPS=1637 ev=-0.001 v_bias=31.8
update=2 global_step=2048 SPS=1552 ev=-0.030 v_bias=25.5 return=-261.5 length=191 success_rate=0.12 collisions/ep=4.12 (n=8)
update=3 global_step=3072 SPS=1629 ev=0.013 v_bias=13.4 return=278.4 length=158 success_rate=1.00 collisions/ep=13.00 (n=2)
update=4 global_step=4096 SPS=1615 ev=0.524 v_bias=16.6 return=-478.7 length=200 success_rate=0.00 collisions/ep=5.86 (n=7)
update=5 global_step=5120 SPS=1648 ev=0.303 v_bias=-10.3 return=-228.2 length=190 success_rate=0.12 collisions/ep=3.88 (n=8)
update=6 global_step=6144 SPS=1601 ev=0.391 v_bias=2.9 return=498.2 length=144 success_rate=1.00 collisions/ep=9.00 (n=1)
update=7 global_step=7168 SPS=1573 ev=0.530 v_bias=-32.3 return=-109.5 length=183 success_rate=0.22 collisions/ep=3.78 (n=9)
update=8 global_step=8192 SPS=1581 ev=0.790 v_bias=6.7 return=-349.4 length=200 success_rate=0.00 collisions/ep=4.17 (n=6)
update=9 global_step=9216 SPS=1600 ev=0.652 v_bias=-58.1 return=641.5 length=129 success_rate=0.83 collisions/ep=2.67 (n=6)
update=10 global_step=10240 SPS=1589 ev=0.742 v_bias=-24.3 return=211.3 length=166 success_rate=0.40 collisions/ep=2.00 (n=5)
Evaluation at update 10: return=583.42, length=90.70, success_rate=1.00, collisions/ep=8.35
Solved-check at update 10: solved=False worst_gap=461.97 at p_x0=1.00 p_y0=-0.50 (consecutive=0)
update=11 global_step=11264 SPS=864 ev=0.818 v_bias=-98.2 return=721.0 length=133 success_rate=0.91 collisions/ep=2.82 (n=11)
update=12 global_step=12288 SPS=901 ev=0.960 v_bias=-73.5 return=816.3 length=100 success_rate=1.00 collisions/ep=3.40 (n=10)
update=13 global_step=13312 SPS=932 ev=0.959 v_bias=-56.9 return=805.0 length=100 success_rate=1.00 collisions/ep=3.67 (n=12)
update=14 global_step=14336 SPS=955 ev=0.974 v_bias=-46.6 return=798.4 length=88 success_rate=1.00 collisions/ep=4.09 (n=11)
update=15 global_step=15360 SPS=979 ev=0.974 v_bias=-25.5 return=772.5 length=85 success_rate=1.00 collisions/ep=4.62 (n=13)
update=16 global_step=16384 SPS=1000 ev=0.972 v_bias=-29.4 return=816.9 length=84 success_rate=1.00 collisions/ep=3.80 (n=10)
update=17 global_step=17408 SPS=1022 ev=0.973 v_bias=-11.8 return=844.0 length=85 success_rate=1.00 collisions/ep=3.21 (n=14)
update=18 global_step=18432 SPS=1043 ev=0.969 v_bias=-13.6 return=801.1 length=85 success_rate=1.00 collisions/ep=4.09 (n=11)
update=19 global_step=19456 SPS=1065 ev=0.958 v_bias=-5.3 return=842.4 length=84 success_rate=1.00 collisions/ep=3.25 (n=12)
update=20 global_step=20480 SPS=1086 ev=0.965 v_bias=-4.8 return=871.2 length=89 success_rate=1.00 collisions/ep=2.64 (n=11)
Evaluation at update 20: return=958.20, length=83.40, success_rate=1.00, collisions/ep=1.00
Solved-check at update 20: solved=False worst_gap=100.99 at p_x0=2.00 p_y0=-1.00 (consecutive=0)
update=21 global_step=21504 SPS=872 ev=0.982 v_bias=-4.8 return=866.2 length=87 success_rate=1.00 collisions/ep=2.75 (n=12)
update=22 global_step=22528 SPS=892 ev=0.981 v_bias=-0.9 return=877.1 length=88 success_rate=1.00 collisions/ep=2.50 (n=12)
update=23 global_step=23552 SPS=911 ev=0.981 v_bias=-0.3 return=835.8 length=89 success_rate=1.00 collisions/ep=3.33 (n=12)
update=24 global_step=24576 SPS=928 ev=0.973 v_bias=2.4 return=830.3 length=90 success_rate=1.00 collisions/ep=3.42 (n=12)
update=25 global_step=25600 SPS=947 ev=0.991 v_bias=-8.0 return=887.3 length=84 success_rate=1.00 collisions/ep=2.33 (n=12)
update=26 global_step=26624 SPS=966 ev=0.976 v_bias=-5.5 return=887.0 length=86 success_rate=1.00 collisions/ep=2.36 (n=11)
update=27 global_step=27648 SPS=983 ev=0.972 v_bias=4.3 return=841.1 length=82 success_rate=1.00 collisions/ep=3.31 (n=13)
update=28 global_step=28672 SPS=1000 ev=0.983 v_bias=-5.0 return=888.6 length=86 success_rate=1.00 collisions/ep=2.36 (n=11)
update=29 global_step=29696 SPS=1015 ev=0.985 v_bias=-6.8 return=883.2 length=85 success_rate=1.00 collisions/ep=2.50 (n=14)
update=30 global_step=30720 SPS=1026 ev=0.971 v_bias=-5.1 return=897.5 length=86 success_rate=1.00 collisions/ep=2.20 (n=10)
Evaluation at update 30: return=954.69, length=81.90, success_rate=1.00, collisions/ep=1.10
Solved-check at update 30: solved=False worst_gap=101.98 at p_x0=2.00 p_y0=-0.50 (consecutive=0)
update=31 global_step=31744 SPS=890 ev=0.980 v_bias=-0.1 return=899.7 length=82 success_rate=1.00 collisions/ep=2.15 (n=13)
update=32 global_step=32768 SPS=902 ev=0.990 v_bias=-3.3 return=889.1 length=83 success_rate=1.00 collisions/ep=2.38 (n=13)
update=33 global_step=33792 SPS=915 ev=0.985 v_bias=-0.3 return=916.4 length=82 success_rate=1.00 collisions/ep=1.83 (n=12)
update=34 global_step=34816 SPS=926 ev=0.985 v_bias=-0.8 return=908.0 length=84 success_rate=1.00 collisions/ep=2.00 (n=11)
update=35 global_step=35840 SPS=939 ev=0.982 v_bias=-3.3 return=914.7 length=83 success_rate=1.00 collisions/ep=1.86 (n=14)
update=36 global_step=36864 SPS=952 ev=0.983 v_bias=-2.8 return=883.2 length=83 success_rate=1.00 collisions/ep=2.50 (n=12)
update=37 global_step=37888 SPS=966 ev=0.981 v_bias=-0.3 return=929.4 length=85 success_rate=1.00 collisions/ep=1.58 (n=12)
update=38 global_step=38912 SPS=976 ev=0.997 v_bias=-6.5 return=916.3 length=82 success_rate=1.00 collisions/ep=1.83 (n=12)
update=39 global_step=39936 SPS=986 ev=0.987 v_bias=3.2 return=923.6 length=82 success_rate=1.00 collisions/ep=1.69 (n=13)
update=40 global_step=40960 SPS=997 ev=0.989 v_bias=1.2 return=916.3 length=81 success_rate=1.00 collisions/ep=1.86 (n=14)
Evaluation at update 40: return=954.94, length=81.65, success_rate=1.00, collisions/ep=1.10
Solved-check at update 40: solved=False worst_gap=102.00 at p_x0=0.00 p_y0=1.00 (consecutive=0)
update=41 global_step=41984 SPS=899 ev=0.997 v_bias=-2.1 return=941.1 length=84 success_rate=1.00 collisions/ep=1.36 (n=11)
update=42 global_step=43008 SPS=909 ev=0.997 v_bias=-1.7 return=951.3 length=83 success_rate=1.00 collisions/ep=1.15 (n=13)
update=43 global_step=44032 SPS=919 ev=0.994 v_bias=1.1 return=932.7 length=83 success_rate=1.00 collisions/ep=1.55 (n=11)
update=44 global_step=45056 SPS=928 ev=0.989 v_bias=5.1 return=916.9 length=81 success_rate=1.00 collisions/ep=1.85 (n=13)
update=45 global_step=46080 SPS=940 ev=0.989 v_bias=4.4 return=901.9 length=82 success_rate=1.00 collisions/ep=2.15 (n=13)
update=46 global_step=47104 SPS=948 ev=0.996 v_bias=-2.1 return=916.8 length=79 success_rate=1.00 collisions/ep=1.85 (n=13)
update=47 global_step=48128 SPS=956 ev=0.989 v_bias=1.3 return=925.4 length=79 success_rate=1.00 collisions/ep=1.69 (n=13)
update=48 global_step=49152 SPS=966 ev=0.994 v_bias=0.5 return=930.7 length=81 success_rate=1.00 collisions/ep=1.58 (n=12)
update=49 global_step=50176 SPS=976 ev=0.995 v_bias=-2.0 return=942.3 length=82 success_rate=1.00 collisions/ep=1.36 (n=14)
update=50 global_step=51200 SPS=984 ev=0.985 v_bias=1.6 return=918.6 length=81 success_rate=1.00 collisions/ep=1.82 (n=11)
Evaluation at update 50: return=953.08, length=81.00, success_rate=1.00, collisions/ep=1.15
Solved-check at update 50: solved=False worst_gap=101.00 at p_x0=0.00 p_y0=-1.00 (consecutive=0)
update=51 global_step=52224 SPS=909 ev=0.992 v_bias=1.4 return=929.5 length=79 success_rate=1.00 collisions/ep=1.60 (n=15)
update=52 global_step=53248 SPS=918 ev=0.993 v_bias=-1.5 return=923.4 length=81 success_rate=1.00 collisions/ep=1.73 (n=11)
update=53 global_step=54272 SPS=927 ev=0.991 v_bias=-0.1 return=933.2 length=82 success_rate=1.00 collisions/ep=1.54 (n=13)
update=54 global_step=55296 SPS=936 ev=0.997 v_bias=-4.3 return=944.2 length=79 success_rate=1.00 collisions/ep=1.31 (n=13)
update=55 global_step=56320 SPS=944 ev=0.996 v_bias=-0.8 return=941.7 length=81 success_rate=1.00 collisions/ep=1.36 (n=11)
update=56 global_step=57344 SPS=952 ev=0.996 v_bias=0.7 return=938.0 length=79 success_rate=1.00 collisions/ep=1.44 (n=16)
update=57 global_step=58368 SPS=958 ev=0.996 v_bias=1.3 return=937.0 length=80 success_rate=1.00 collisions/ep=1.44 (n=9)
update=58 global_step=59392 SPS=966 ev=0.997 v_bias=-1.0 return=943.6 length=84 success_rate=1.00 collisions/ep=1.33 (n=15)
update=59 global_step=60416 SPS=974 ev=0.997 v_bias=-2.1 return=950.5 length=79 success_rate=1.00 collisions/ep=1.18 (n=11)
update=60 global_step=61440 SPS=982 ev=0.998 v_bias=-0.4 return=945.3 length=80 success_rate=1.00 collisions/ep=1.29 (n=14)
Evaluation at update 60: return=952.98, length=81.10, success_rate=1.00, collisions/ep=1.15
Solved-check at update 60: solved=False worst_gap=102.01 at p_x0=0.50 p_y0=1.00 (consecutive=0)
update=61 global_step=62464 SPS=921 ev=0.997 v_bias=0.6 return=956.3 length=81 success_rate=1.00 collisions/ep=1.08 (n=13)
update=62 global_step=63488 SPS=930 ev=0.996 v_bias=1.2 return=941.3 length=80 success_rate=1.00 collisions/ep=1.36 (n=11)
update=63 global_step=64512 SPS=937 ev=0.995 v_bias=-0.8 return=936.4 length=81 success_rate=1.00 collisions/ep=1.47 (n=15)
update=64 global_step=65536 SPS=944 ev=0.998 v_bias=-2.1 return=959.6 length=78 success_rate=1.00 collisions/ep=1.00 (n=10)
update=65 global_step=66560 SPS=950 ev=0.991 v_bias=5.1 return=936.5 length=83 success_rate=1.00 collisions/ep=1.47 (n=15)
update=66 global_step=67584 SPS=957 ev=0.994 v_bias=2.0 return=917.2 length=79 success_rate=1.00 collisions/ep=1.85 (n=13)
update=67 global_step=68608 SPS=963 ev=0.993 v_bias=0.2 return=947.0 length=79 success_rate=1.00 collisions/ep=1.25 (n=12)
update=68 global_step=69632 SPS=969 ev=0.998 v_bias=-2.3 return=945.2 length=81 success_rate=1.00 collisions/ep=1.29 (n=14)
update=69 global_step=70656 SPS=976 ev=0.963 v_bias=8.5 return=885.0 length=82 success_rate=1.00 collisions/ep=2.50 (n=10)
update=70 global_step=71680 SPS=983 ev=0.975 v_bias=3.1 return=927.5 length=82 success_rate=1.00 collisions/ep=1.64 (n=14)
Evaluation at update 70: return=953.13, length=80.95, success_rate=1.00, collisions/ep=1.15
Solved-check at update 70: solved=False worst_gap=102.01 at p_x0=0.00 p_y0=1.00 (consecutive=0)
update=71 global_step=72704 SPS=931 ev=0.996 v_bias=-5.6 return=930.7 length=79 success_rate=1.00 collisions/ep=1.57 (n=14)
update=72 global_step=73728 SPS=937 ev=0.997 v_bias=-3.7 return=943.4 length=81 success_rate=1.00 collisions/ep=1.33 (n=12)
update=73 global_step=74752 SPS=943 ev=0.998 v_bias=-2.2 return=955.6 length=82 success_rate=1.00 collisions/ep=1.08 (n=12)
update=74 global_step=75776 SPS=948 ev=0.998 v_bias=-3.0 return=951.9 length=82 success_rate=1.00 collisions/ep=1.17 (n=12)
update=75 global_step=76800 SPS=955 ev=0.999 v_bias=-1.5 return=960.4 length=83 success_rate=1.00 collisions/ep=1.00 (n=13)
update=76 global_step=77824 SPS=960 ev=0.999 v_bias=-1.8 return=956.0 length=82 success_rate=1.00 collisions/ep=1.08 (n=12)
update=77 global_step=78848 SPS=966 ev=0.999 v_bias=0.1 return=960.0 length=81 success_rate=1.00 collisions/ep=1.00 (n=14)
update=78 global_step=79872 SPS=971 ev=0.993 v_bias=2.8 return=938.9 length=79 success_rate=1.00 collisions/ep=1.42 (n=12)
update=79 global_step=80896 SPS=976 ev=0.998 v_bias=-0.0 return=943.4 length=83 success_rate=1.00 collisions/ep=1.33 (n=12)
update=80 global_step=81920 SPS=981 ev=0.996 v_bias=3.6 return=947.7 length=84 success_rate=1.00 collisions/ep=1.25 (n=12)
Evaluation at update 80: return=955.52, length=81.05, success_rate=1.00, collisions/ep=1.10
Solved-check at update 80: solved=False worst_gap=102.01 at p_x0=0.00 p_y0=1.00 (consecutive=0)
update=81 global_step=82944 SPS=932 ev=0.999 v_bias=-2.6 return=944.3 length=80 success_rate=1.00 collisions/ep=1.31 (n=13)
update=82 global_step=83968 SPS=939 ev=0.997 v_bias=-0.3 return=959.6 length=81 success_rate=1.00 collisions/ep=1.00 (n=14)
update=83 global_step=84992 SPS=945 ev=0.998 v_bias=0.0 return=946.8 length=79 success_rate=1.00 collisions/ep=1.25 (n=12)
update=84 global_step=86016 SPS=950 ev=0.999 v_bias=-1.1 return=947.1 length=81 success_rate=1.00 collisions/ep=1.25 (n=12)
update=85 global_step=87040 SPS=956 ev=0.998 v_bias=0.0 return=952.6 length=81 success_rate=1.00 collisions/ep=1.14 (n=14)
update=86 global_step=88064 SPS=961 ev=0.997 v_bias=-0.3 return=950.5 length=81 success_rate=1.00 collisions/ep=1.18 (n=11)
update=87 global_step=89088 SPS=966 ev=0.995 v_bias=2.3 return=928.6 length=82 success_rate=1.00 collisions/ep=1.62 (n=13)
update=88 global_step=90112 SPS=970 ev=0.998 v_bias=-1.0 return=952.4 length=80 success_rate=1.00 collisions/ep=1.14 (n=14)
update=89 global_step=91136 SPS=975 ev=0.998 v_bias=-0.6 return=951.7 length=81 success_rate=1.00 collisions/ep=1.17 (n=12)
update=90 global_step=92160 SPS=980 ev=0.996 v_bias=0.9 return=948.3 length=82 success_rate=1.00 collisions/ep=1.23 (n=13)
Evaluation at update 90: return=955.32, length=81.25, success_rate=1.00, collisions/ep=1.10
Solved-check at update 90: solved=False worst_gap=102.01 at p_x0=0.00 p_y0=1.00 (consecutive=0)
update=91 global_step=93184 SPS=941 ev=0.997 v_bias=-0.5 return=943.0 length=82 success_rate=1.00 collisions/ep=1.33 (n=12)
update=92 global_step=94208 SPS=945 ev=0.999 v_bias=-1.3 return=955.2 length=81 success_rate=1.00 collisions/ep=1.08 (n=12)
update=93 global_step=95232 SPS=950 ev=0.996 v_bias=1.7 return=945.3 length=78 success_rate=1.00 collisions/ep=1.29 (n=14)
update=94 global_step=96256 SPS=955 ev=0.998 v_bias=-0.6 return=948.1 length=78 success_rate=1.00 collisions/ep=1.23 (n=13)
update=95 global_step=97280 SPS=960 ev=0.999 v_bias=-0.5 return=951.7 length=83 success_rate=1.00 collisions/ep=1.17 (n=12)
update=96 global_step=98304 SPS=965 ev=0.998 v_bias=0.5 return=955.2 length=79 success_rate=1.00 collisions/ep=1.08 (n=12)
update=97 global_step=99328 SPS=970 ev=0.998 v_bias=0.4 return=952.5 length=82 success_rate=1.00 collisions/ep=1.15 (n=13)
update=98 global_step=100352 SPS=974 ev=0.999 v_bias=-0.6 return=956.4 length=82 success_rate=1.00 collisions/ep=1.07 (n=14)
update=99 global_step=101376 SPS=979 ev=0.999 v_bias=-1.9 return=955.2 length=80 success_rate=1.00 collisions/ep=1.10 (n=10)
update=100 global_step=102400 SPS=983 ev=0.999 v_bias=-0.8 return=959.9 length=81 success_rate=1.00 collisions/ep=1.00 (n=15)
Evaluation at update 100: return=955.57, length=81.00, success_rate=1.00, collisions/ep=1.10
Solved-check at update 100: solved=False worst_gap=101.01 at p_x0=2.00 p_y0=-0.50 (consecutive=0)
update=101 global_step=103424 SPS=944 ev=0.997 v_bias=0.4 return=960.4 length=81 success_rate=1.00 collisions/ep=1.00 (n=12)
update=102 global_step=104448 SPS=950 ev=0.997 v_bias=0.2 return=943.6 length=81 success_rate=1.00 collisions/ep=1.33 (n=12)
update=103 global_step=105472 SPS=954 ev=0.994 v_bias=0.8 return=945.6 length=80 success_rate=1.00 collisions/ep=1.29 (n=14)
update=104 global_step=106496 SPS=959 ev=0.999 v_bias=-0.6 return=960.1 length=81 success_rate=1.00 collisions/ep=1.00 (n=11)
update=105 global_step=107520 SPS=962 ev=0.999 v_bias=-1.1 return=956.3 length=82 success_rate=1.00 collisions/ep=1.08 (n=13)
update=106 global_step=108544 SPS=966 ev=0.999 v_bias=0.1 return=951.9 length=81 success_rate=1.00 collisions/ep=1.15 (n=13)
update=107 global_step=109568 SPS=971 ev=0.997 v_bias=2.2 return=948.3 length=81 success_rate=1.00 collisions/ep=1.23 (n=13)
update=108 global_step=110592 SPS=974 ev=0.997 v_bias=0.7 return=950.7 length=80 success_rate=1.00 collisions/ep=1.18 (n=11)
update=109 global_step=111616 SPS=978 ev=0.999 v_bias=-0.6 return=949.8 length=82 success_rate=1.00 collisions/ep=1.20 (n=15)
update=110 global_step=112640 SPS=982 ev=0.999 v_bias=-1.3 return=959.4 length=80 success_rate=1.00 collisions/ep=1.00 (n=10)
Evaluation at update 110: return=955.17, length=81.40, success_rate=1.00, collisions/ep=1.10
Solved-check at update 110: solved=False worst_gap=102.01 at p_x0=0.00 p_y0=1.00 (consecutive=0)
update=111 global_step=113664 SPS=947 ev=0.999 v_bias=-1.1 return=959.6 length=80 success_rate=1.00 collisions/ep=1.00 (n=15)
update=112 global_step=114688 SPS=950 ev=0.998 v_bias=1.8 return=948.5 length=81 success_rate=1.00 collisions/ep=1.23 (n=13)
update=113 global_step=115712 SPS=955 ev=0.998 v_bias=0.8 return=955.5 length=81 success_rate=1.00 collisions/ep=1.08 (n=12)
update=114 global_step=116736 SPS=959 ev=0.999 v_bias=-0.3 return=955.4 length=80 success_rate=1.00 collisions/ep=1.08 (n=12)
update=115 global_step=117760 SPS=963 ev=0.999 v_bias=-0.3 return=952.4 length=80 success_rate=1.00 collisions/ep=1.14 (n=14)
update=116 global_step=118784 SPS=967 ev=0.999 v_bias=0.4 return=955.7 length=80 success_rate=1.00 collisions/ep=1.08 (n=13)
update=117 global_step=119808 SPS=972 ev=0.999 v_bias=-0.7 return=955.9 length=82 success_rate=1.00 collisions/ep=1.08 (n=12)
update=118 global_step=120832 SPS=976 ev=0.999 v_bias=-0.5 return=960.1 length=82 success_rate=1.00 collisions/ep=1.00 (n=12)
update=119 global_step=121856 SPS=979 ev=0.998 v_bias=1.5 return=949.3 length=80 success_rate=1.00 collisions/ep=1.21 (n=14)
update=120 global_step=122880 SPS=983 ev=0.998 v_bias=0.4 return=951.7 length=81 success_rate=1.00 collisions/ep=1.17 (n=12)
Evaluation at update 120: return=955.47, length=81.10, success_rate=1.00, collisions/ep=1.10
Solved-check at update 120: solved=False worst_gap=101.01 at p_x0=2.00 p_y0=-0.50 (consecutive=0)
update=121 global_step=123904 SPS=951 ev=0.997 v_bias=-0.2 return=944.2 length=78 success_rate=1.00 collisions/ep=1.31 (n=13)
update=122 global_step=124928 SPS=954 ev=0.999 v_bias=-1.1 return=960.1 length=82 success_rate=1.00 collisions/ep=1.00 (n=11)
update=123 global_step=125952 SPS=958 ev=0.999 v_bias=0.2 return=953.2 length=82 success_rate=1.00 collisions/ep=1.13 (n=15)
update=124 global_step=126976 SPS=962 ev=0.998 v_bias=1.3 return=946.1 length=78 success_rate=1.00 collisions/ep=1.27 (n=11)
update=125 global_step=128000 SPS=965 ev=0.999 v_bias=-1.2 return=956.4 length=82 success_rate=1.00 collisions/ep=1.07 (n=14)
update=126 global_step=129024 SPS=969 ev=0.999 v_bias=0.3 return=951.6 length=81 success_rate=1.00 collisions/ep=1.17 (n=12)
update=127 global_step=130048 SPS=972 ev=0.998 v_bias=1.6 return=951.6 length=81 success_rate=1.00 collisions/ep=1.17 (n=12)
update=128 global_step=131072 SPS=975 ev=0.999 v_bias=-1.1 return=945.8 length=80 success_rate=1.00 collisions/ep=1.29 (n=14)
update=129 global_step=132096 SPS=978 ev=0.999 v_bias=-2.0 return=960.0 length=81 success_rate=1.00 collisions/ep=1.00 (n=11)
update=130 global_step=133120 SPS=980 ev=0.999 v_bias=-0.6 return=956.3 length=80 success_rate=1.00 collisions/ep=1.07 (n=14)
Evaluation at update 130: return=955.72, length=80.85, success_rate=1.00, collisions/ep=1.10
Solved-check at update 130: solved=False worst_gap=101.01 at p_x0=2.00 p_y0=-0.50 (consecutive=0)
update=131 global_step=134144 SPS=947 ev=0.999 v_bias=-0.5 return=960.3 length=82 success_rate=1.00 collisions/ep=1.00 (n=13)
update=132 global_step=135168 SPS=950 ev=0.998 v_bias=0.9 return=955.5 length=81 success_rate=1.00 collisions/ep=1.09 (n=11)
update=133 global_step=136192 SPS=953 ev=0.999 v_bias=0.1 return=953.1 length=80 success_rate=1.00 collisions/ep=1.14 (n=14)
update=134 global_step=137216 SPS=956 ev=0.997 v_bias=1.6 return=950.3 length=78 success_rate=1.00 collisions/ep=1.20 (n=15)
update=135 global_step=138240 SPS=960 ev=0.997 v_bias=0.8 return=940.5 length=80 success_rate=1.00 collisions/ep=1.40 (n=10)
update=136 global_step=139264 SPS=963 ev=0.999 v_bias=-0.6 return=953.2 length=80 success_rate=1.00 collisions/ep=1.14 (n=14)
update=137 global_step=140288 SPS=966 ev=0.998 v_bias=-0.7 return=952.0 length=79 success_rate=1.00 collisions/ep=1.17 (n=12)
update=138 global_step=141312 SPS=969 ev=0.997 v_bias=1.2 return=952.5 length=82 success_rate=1.00 collisions/ep=1.15 (n=13)
update=139 global_step=142336 SPS=972 ev=0.999 v_bias=-1.6 return=952.8 length=80 success_rate=1.00 collisions/ep=1.15 (n=13)
update=140 global_step=143360 SPS=975 ev=0.996 v_bias=1.8 return=947.8 length=80 success_rate=1.00 collisions/ep=1.25 (n=12)
Evaluation at update 140: return=955.77, length=80.80, success_rate=1.00, collisions/ep=1.10
Solved-check at update 140: solved=False worst_gap=101.01 at p_x0=2.00 p_y0=-0.50 (consecutive=0)
update=141 global_step=144384 SPS=947 ev=0.999 v_bias=-0.0 return=953.6 length=80 success_rate=1.00 collisions/ep=1.13 (n=15)
update=142 global_step=145408 SPS=950 ev=0.997 v_bias=-0.9 return=960.4 length=82 success_rate=1.00 collisions/ep=1.00 (n=9)
update=143 global_step=146432 SPS=953 ev=0.999 v_bias=0.0 return=954.0 length=79 success_rate=1.00 collisions/ep=1.12 (n=16)
update=144 global_step=147456 SPS=956 ev=0.998 v_bias=0.7 return=951.3 length=80 success_rate=1.00 collisions/ep=1.18 (n=11)
update=145 global_step=148480 SPS=959 ev=0.998 v_bias=1.6 return=952.6 length=81 success_rate=1.00 collisions/ep=1.15 (n=13)
update=146 global_step=149504 SPS=962 ev=0.998 v_bias=1.5 return=941.3 length=80 success_rate=1.00 collisions/ep=1.38 (n=13)
update=147 global_step=150528 SPS=965 ev=0.999 v_bias=-1.4 return=960.7 length=83 success_rate=1.00 collisions/ep=1.00 (n=11)
update=148 global_step=151552 SPS=967 ev=0.998 v_bias=0.8 return=953.6 length=81 success_rate=1.00 collisions/ep=1.13 (n=15)
update=149 global_step=152576 SPS=970 ev=0.998 v_bias=0.7 return=947.6 length=78 success_rate=1.00 collisions/ep=1.25 (n=12)
update=150 global_step=153600 SPS=973 ev=0.996 v_bias=-0.4 return=945.3 length=82 success_rate=1.00 collisions/ep=1.31 (n=13)
Evaluation at update 150: return=955.97, length=80.60, success_rate=1.00, collisions/ep=1.10
Solved-check at update 150: solved=False worst_gap=101.01 at p_x0=1.50 p_y0=-0.50 (consecutive=0)
update=151 global_step=154624 SPS=942 ev=0.997 v_bias=0.7 return=960.9 length=82 success_rate=1.00 collisions/ep=1.00 (n=12)
update=152 global_step=155648 SPS=945 ev=0.996 v_bias=1.3 return=930.7 length=78 success_rate=1.00 collisions/ep=1.58 (n=12)
update=153 global_step=156672 SPS=948 ev=0.998 v_bias=-1.9 return=938.8 length=81 success_rate=1.00 collisions/ep=1.43 (n=14)
update=154 global_step=157696 SPS=950 ev=0.997 v_bias=-0.4 return=939.5 length=79 success_rate=1.00 collisions/ep=1.42 (n=12)
update=155 global_step=158720 SPS=953 ev=0.998 v_bias=0.3 return=946.2 length=80 success_rate=1.00 collisions/ep=1.29 (n=14)
update=156 global_step=159744 SPS=955 ev=0.999 v_bias=-0.6 return=949.6 length=79 success_rate=1.00 collisions/ep=1.21 (n=14)
update=157 global_step=160768 SPS=958 ev=0.998 v_bias=0.4 return=946.9 length=79 success_rate=1.00 collisions/ep=1.27 (n=11)
update=158 global_step=161792 SPS=961 ev=0.999 v_bias=0.2 return=953.7 length=81 success_rate=1.00 collisions/ep=1.14 (n=14)
update=159 global_step=162816 SPS=964 ev=0.998 v_bias=-0.9 return=960.9 length=82 success_rate=1.00 collisions/ep=1.00 (n=10)
update=160 global_step=163840 SPS=967 ev=0.999 v_bias=-0.7 return=957.2 length=80 success_rate=1.00 collisions/ep=1.07 (n=15)
Evaluation at update 160: return=955.92, length=80.65, success_rate=1.00, collisions/ep=1.10
Solved-check at update 160: solved=False worst_gap=101.01 at p_x0=1.50 p_y0=-0.50 (consecutive=0)
update=161 global_step=164864 SPS=942 ev=0.999 v_bias=-0.4 return=951.2 length=78 success_rate=1.00 collisions/ep=1.18 (n=11)
update=162 global_step=165888 SPS=945 ev=0.998 v_bias=0.8 return=949.4 length=82 success_rate=1.00 collisions/ep=1.23 (n=13)
update=163 global_step=166912 SPS=948 ev=0.999 v_bias=0.9 return=953.4 length=81 success_rate=1.00 collisions/ep=1.14 (n=14)
update=164 global_step=167936 SPS=951 ev=0.999 v_bias=-0.6 return=952.2 length=78 success_rate=1.00 collisions/ep=1.17 (n=12)
update=165 global_step=168960 SPS=954 ev=0.997 v_bias=1.0 return=935.2 length=80 success_rate=1.00 collisions/ep=1.50 (n=14)
update=166 global_step=169984 SPS=956 ev=0.998 v_bias=-0.3 return=951.7 length=82 success_rate=1.00 collisions/ep=1.18 (n=11)
update=167 global_step=171008 SPS=959 ev=0.999 v_bias=0.3 return=949.9 length=80 success_rate=1.00 collisions/ep=1.21 (n=14)
update=168 global_step=172032 SPS=962 ev=0.995 v_bias=1.9 return=942.6 length=82 success_rate=1.00 collisions/ep=1.36 (n=11)
update=169 global_step=173056 SPS=965 ev=0.997 v_bias=-1.2 return=949.8 length=81 success_rate=1.00 collisions/ep=1.21 (n=14)
update=170 global_step=174080 SPS=967 ev=0.999 v_bias=-2.4 return=944.8 length=79 success_rate=1.00 collisions/ep=1.31 (n=13)
Evaluation at update 170: return=955.97, length=80.60, success_rate=1.00, collisions/ep=1.10
Solved-check at update 170: solved=False worst_gap=100.02 at p_x0=1.00 p_y0=-1.00 (consecutive=0)
update=171 global_step=175104 SPS=945 ev=0.999 v_bias=-1.8 return=955.8 length=79 success_rate=1.00 collisions/ep=1.09 (n=11)
update=172 global_step=176128 SPS=948 ev=0.997 v_bias=0.9 return=953.4 length=77 success_rate=1.00 collisions/ep=1.13 (n=15)
update=173 global_step=177152 SPS=951 ev=0.996 v_bias=1.8 return=931.6 length=79 success_rate=1.00 collisions/ep=1.57 (n=14)
update=174 global_step=178176 SPS=953 ev=0.997 v_bias=0.7 return=941.9 length=80 success_rate=1.00 collisions/ep=1.36 (n=11)
update=175 global_step=179200 SPS=956 ev=0.999 v_bias=-1.4 return=946.2 length=80 success_rate=1.00 collisions/ep=1.29 (n=14)
update=176 global_step=180224 SPS=958 ev=0.996 v_bias=2.8 return=944.9 length=80 success_rate=1.00 collisions/ep=1.31 (n=13)
update=177 global_step=181248 SPS=961 ev=0.999 v_bias=-1.9 return=952.3 length=82 success_rate=1.00 collisions/ep=1.17 (n=12)
update=178 global_step=182272 SPS=963 ev=0.999 v_bias=-0.5 return=956.7 length=81 success_rate=1.00 collisions/ep=1.08 (n=13)
update=179 global_step=183296 SPS=966 ev=0.997 v_bias=0.9 return=952.3 length=80 success_rate=1.00 collisions/ep=1.17 (n=12)
update=180 global_step=184320 SPS=968 ev=0.999 v_bias=-1.0 return=942.1 length=77 success_rate=1.00 collisions/ep=1.36 (n=14)
Evaluation at update 180: return=955.82, length=80.75, success_rate=1.00, collisions/ep=1.10
Solved-check at update 180: solved=False worst_gap=100.02 at p_x0=1.00 p_y0=-1.00 (consecutive=0)
update=181 global_step=185344 SPS=946 ev=0.997 v_bias=0.0 return=943.5 length=79 success_rate=1.00 collisions/ep=1.33 (n=12)
update=182 global_step=186368 SPS=948 ev=0.999 v_bias=-0.5 return=956.7 length=81 success_rate=1.00 collisions/ep=1.07 (n=14)
update=183 global_step=187392 SPS=951 ev=0.998 v_bias=0.9 return=944.6 length=80 success_rate=1.00 collisions/ep=1.31 (n=13)
update=184 global_step=188416 SPS=954 ev=0.998 v_bias=1.2 return=939.2 length=80 success_rate=1.00 collisions/ep=1.42 (n=12)
update=185 global_step=189440 SPS=956 ev=0.999 v_bias=-0.1 return=960.6 length=81 success_rate=1.00 collisions/ep=1.00 (n=12)
update=186 global_step=190464 SPS=959 ev=0.999 v_bias=-0.2 return=956.8 length=86 success_rate=1.00 collisions/ep=1.08 (n=12)
update=187 global_step=191488 SPS=961 ev=0.999 v_bias=-0.4 return=957.2 length=82 success_rate=1.00 collisions/ep=1.07 (n=14)
update=188 global_step=192512 SPS=963 ev=0.998 v_bias=0.6 return=952.7 length=80 success_rate=1.00 collisions/ep=1.15 (n=13)
update=189 global_step=193536 SPS=966 ev=0.999 v_bias=-0.4 return=960.9 length=83 success_rate=1.00 collisions/ep=1.00 (n=11)
update=190 global_step=194560 SPS=968 ev=0.999 v_bias=-0.5 return=953.3 length=80 success_rate=1.00 collisions/ep=1.14 (n=14)
Evaluation at update 190: return=955.82, length=80.75, success_rate=1.00, collisions/ep=1.10
Solved-check at update 190: solved=False worst_gap=100.02 at p_x0=1.00 p_y0=-1.00 (consecutive=0)
update=191 global_step=195584 SPS=952 ev=0.999 v_bias=-0.0 return=955.7 length=78 success_rate=1.00 collisions/ep=1.09 (n=11)
update=192 global_step=196608 SPS=955 ev=0.999 v_bias=0.6 return=949.8 length=81 success_rate=1.00 collisions/ep=1.21 (n=14)
update=193 global_step=197632 SPS=958 ev=0.999 v_bias=0.2 return=960.6 length=82 success_rate=1.00 collisions/ep=1.00 (n=12)
update=194 global_step=198656 SPS=960 ev=0.999 v_bias=-0.1 return=949.5 length=80 success_rate=1.00 collisions/ep=1.21 (n=14)
update=195 global_step=199680 SPS=963 ev=0.999 v_bias=-0.2 return=951.7 length=83 success_rate=1.00 collisions/ep=1.18 (n=11)
update=196 global_step=200704 SPS=966 ev=1.000 v_bias=-1.4 return=956.6 length=80 success_rate=1.00 collisions/ep=1.08 (n=13)
update=197 global_step=201728 SPS=969 ev=0.999 v_bias=-0.3 return=956.5 length=79 success_rate=1.00 collisions/ep=1.08 (n=13)
update=198 global_step=202752 SPS=971 ev=0.999 v_bias=0.3 return=960.3 length=80 success_rate=1.00 collisions/ep=1.00 (n=13)
update=199 global_step=203776 SPS=974 ev=0.998 v_bias=1.1 return=947.9 length=81 success_rate=1.00 collisions/ep=1.25 (n=12)
update=200 global_step=204800 SPS=976 ev=0.999 v_bias=0.2 return=956.5 length=80 success_rate=1.00 collisions/ep=1.08 (n=13)
Evaluation at update 200: return=955.82, length=80.75, success_rate=1.00, collisions/ep=1.10
Solved-check at update 200: solved=False worst_gap=100.02 at p_x0=1.00 p_y0=-1.00 (consecutive=0)
Saved checkpoints to C:\Users\loren\Desktop\MASTER THESIS\5_CODE\scenarios\slalom\studies\ppo\runs\ppo_slalom_15_1791079336
