Using device: cpu
Solved-check: precomputed optimal returns for 25 fixed initial conditions (mean=1011.8, min=1007.0, max=1014.0); solved-tolerance=5.0
batch_size=1024 minibatch_size=256 num_updates=200 timesteps=204800
update=1 global_step=1024 SPS=899 ev=-0.002 v_bias=47.3
update=2 global_step=2048 SPS=897 ev=0.103 v_bias=4.2 return=-444.2 length=200 success_rate=0.25 collisions/ep=11.00 (n=8)
update=3 global_step=3072 SPS=916 ev=0.351 v_bias=8.8 return=606.9 length=130 success_rate=1.00 collisions/ep=7.00 (n=1)
update=4 global_step=4096 SPS=953 ev=0.489 v_bias=6.3 return=-229.1 length=186 success_rate=0.25 collisions/ep=6.25 (n=8)
update=5 global_step=5120 SPS=1099 ev=0.499 v_bias=7.9 return=-159.5 length=180 success_rate=0.29 collisions/ep=5.86 (n=7)
update=6 global_step=6144 SPS=1069 ev=0.762 v_bias=-27.5 return=-111.5 length=173 success_rate=0.33 collisions/ep=6.50 (n=6)
update=7 global_step=7168 SPS=1058 ev=0.831 v_bias=-49.8 return=422.1 length=155 success_rate=0.67 collisions/ep=3.17 (n=6)
update=8 global_step=8192 SPS=1046 ev=0.865 v_bias=-64.7 return=368.7 length=141 success_rate=0.70 collisions/ep=5.40 (n=10)
update=9 global_step=9216 SPS=1024 ev=0.962 v_bias=-83.3 return=818.0 length=101 success_rate=1.00 collisions/ep=3.40 (n=10)
update=10 global_step=10240 SPS=1017 ev=0.973 v_bias=-59.2 return=752.5 length=92 success_rate=1.00 collisions/ep=4.89 (n=9)
Evaluation at update 10: return=575.91, length=83.50, success_rate=1.00, collisions/ep=8.60
Solved-check at update 10: solved=False worst_gap=502.98 at p_x0=2.00 p_y0=-1.00 (consecutive=0)
update=11 global_step=11264 SPS=610 ev=0.980 v_bias=-39.6 return=828.9 length=96 success_rate=1.00 collisions/ep=3.36 (n=14)
update=12 global_step=12288 SPS=630 ev=0.973 v_bias=-26.2 return=821.8 length=98 success_rate=1.00 collisions/ep=3.44 (n=9)
update=13 global_step=13312 SPS=645 ev=0.979 v_bias=-24.6 return=789.1 length=88 success_rate=1.00 collisions/ep=4.27 (n=11)
update=14 global_step=14336 SPS=658 ev=0.978 v_bias=-15.3 return=846.0 length=89 success_rate=1.00 collisions/ep=3.15 (n=13)
update=15 global_step=15360 SPS=671 ev=0.986 v_bias=-17.9 return=855.7 length=86 success_rate=1.00 collisions/ep=3.00 (n=11)
update=16 global_step=16384 SPS=684 ev=0.979 v_bias=-10.9 return=877.2 length=85 success_rate=1.00 collisions/ep=2.57 (n=14)
update=17 global_step=17408 SPS=696 ev=0.980 v_bias=-4.8 return=891.5 length=83 success_rate=1.00 collisions/ep=2.30 (n=10)
update=18 global_step=18432 SPS=707 ev=0.968 v_bias=6.3 return=802.3 length=85 success_rate=1.00 collisions/ep=4.08 (n=13)
update=19 global_step=19456 SPS=715 ev=0.983 v_bias=-4.1 return=877.2 length=87 success_rate=1.00 collisions/ep=2.55 (n=11)
update=20 global_step=20480 SPS=723 ev=0.978 v_bias=-0.5 return=851.9 length=84 success_rate=1.00 collisions/ep=3.08 (n=13)
Evaluation at update 20: return=958.00, length=81.40, success_rate=1.00, collisions/ep=1.00
Solved-check at update 20: solved=False worst_gap=103.99 at p_x0=0.00 p_y0=1.00 (consecutive=0)
update=21 global_step=21504 SPS=568 ev=0.974 v_bias=-3.9 return=885.8 length=84 success_rate=1.00 collisions/ep=2.40 (n=10)
update=22 global_step=22528 SPS=589 ev=0.991 v_bias=-3.7 return=923.0 length=87 success_rate=1.00 collisions/ep=1.71 (n=14)
update=23 global_step=23552 SPS=609 ev=0.994 v_bias=-7.5 return=916.1 length=85 success_rate=1.00 collisions/ep=1.80 (n=10)
update=24 global_step=24576 SPS=629 ev=0.990 v_bias=0.7 return=917.9 length=86 success_rate=1.00 collisions/ep=1.73 (n=15)
update=25 global_step=25600 SPS=649 ev=0.994 v_bias=-7.2 return=931.9 length=85 success_rate=1.00 collisions/ep=1.50 (n=10)
update=26 global_step=26624 SPS=669 ev=0.987 v_bias=1.6 return=917.5 length=83 success_rate=1.00 collisions/ep=1.79 (n=14)
update=27 global_step=27648 SPS=688 ev=0.983 v_bias=-1.4 return=881.0 length=81 success_rate=1.00 collisions/ep=2.55 (n=11)
update=28 global_step=28672 SPS=707 ev=0.994 v_bias=-1.8 return=933.5 length=83 success_rate=1.00 collisions/ep=1.50 (n=14)
update=29 global_step=29696 SPS=726 ev=0.971 v_bias=6.9 return=885.2 length=83 success_rate=1.00 collisions/ep=2.45 (n=11)
update=30 global_step=30720 SPS=744 ev=0.981 v_bias=-1.1 return=905.0 length=81 success_rate=1.00 collisions/ep=2.08 (n=13)
Evaluation at update 30: return=959.44, length=79.95, success_rate=1.00, collisions/ep=1.00
Solved-check at update 30: solved=False worst_gap=103.00 at p_x0=0.00 p_y0=1.00 (consecutive=0)
update=31 global_step=31744 SPS=651 ev=0.993 v_bias=-0.8 return=924.0 length=84 success_rate=1.00 collisions/ep=1.69 (n=13)
update=32 global_step=32768 SPS=658 ev=0.994 v_bias=-1.6 return=935.9 length=82 success_rate=1.00 collisions/ep=1.45 (n=11)
update=33 global_step=33792 SPS=664 ev=0.997 v_bias=-3.0 return=944.1 length=82 success_rate=1.00 collisions/ep=1.29 (n=14)
update=34 global_step=34816 SPS=670 ev=0.989 v_bias=-1.0 return=936.4 length=82 success_rate=1.00 collisions/ep=1.45 (n=11)
update=35 global_step=35840 SPS=675 ev=0.998 v_bias=-1.0 return=948.4 length=84 success_rate=1.00 collisions/ep=1.21 (n=14)
update=36 global_step=36864 SPS=681 ev=0.993 v_bias=-0.9 return=944.0 length=82 success_rate=1.00 collisions/ep=1.30 (n=10)
update=37 global_step=37888 SPS=686 ev=0.991 v_bias=5.3 return=918.9 length=80 success_rate=1.00 collisions/ep=1.80 (n=15)
update=38 global_step=38912 SPS=691 ev=0.990 v_bias=1.0 return=920.7 length=80 success_rate=1.00 collisions/ep=1.75 (n=12)
update=39 global_step=39936 SPS=696 ev=0.998 v_bias=-2.6 return=946.5 length=84 success_rate=1.00 collisions/ep=1.25 (n=12)
update=40 global_step=40960 SPS=701 ev=0.997 v_bias=-3.0 return=941.2 length=81 success_rate=1.00 collisions/ep=1.36 (n=14)
Evaluation at update 40: return=955.23, length=79.15, success_rate=1.00, collisions/ep=1.10
Solved-check at update 40: solved=False worst_gap=101.00 at p_x0=2.00 p_y0=-0.50 (consecutive=0)
update=41 global_step=41984 SPS=614 ev=0.974 v_bias=1.7 return=949.9 length=81 success_rate=1.00 collisions/ep=1.18 (n=11)
update=42 global_step=43008 SPS=624 ev=0.989 v_bias=2.0 return=912.6 length=80 success_rate=1.00 collisions/ep=1.93 (n=14)
update=43 global_step=44032 SPS=635 ev=0.994 v_bias=-0.5 return=936.9 length=80 success_rate=1.00 collisions/ep=1.45 (n=11)
update=44 global_step=45056 SPS=646 ev=0.995 v_bias=1.7 return=931.0 length=80 success_rate=1.00 collisions/ep=1.57 (n=14)
update=45 global_step=46080 SPS=657 ev=0.996 v_bias=-2.1 return=936.6 length=83 success_rate=1.00 collisions/ep=1.46 (n=13)
update=46 global_step=47104 SPS=668 ev=0.998 v_bias=-2.8 return=950.8 length=82 success_rate=1.00 collisions/ep=1.17 (n=12)
update=47 global_step=48128 SPS=679 ev=0.993 v_bias=2.6 return=917.1 length=80 success_rate=1.00 collisions/ep=1.85 (n=13)
update=48 global_step=49152 SPS=690 ev=0.996 v_bias=-2.0 return=941.6 length=81 success_rate=1.00 collisions/ep=1.36 (n=11)
update=49 global_step=50176 SPS=700 ev=0.999 v_bias=-1.6 return=955.3 length=84 success_rate=1.00 collisions/ep=1.07 (n=14)
update=50 global_step=51200 SPS=711 ev=0.998 v_bias=-1.2 return=950.8 length=81 success_rate=1.00 collisions/ep=1.17 (n=12)
Evaluation at update 50: return=955.23, length=79.15, success_rate=1.00, collisions/ep=1.10
Solved-check at update 50: solved=False worst_gap=101.00 at p_x0=2.00 p_y0=-0.50 (consecutive=0)
update=51 global_step=52224 SPS=679 ev=0.991 v_bias=4.0 return=924.9 length=81 success_rate=1.00 collisions/ep=1.69 (n=13)
update=52 global_step=53248 SPS=689 ev=0.993 v_bias=1.4 return=934.7 length=81 success_rate=1.00 collisions/ep=1.50 (n=12)
update=53 global_step=54272 SPS=699 ev=0.998 v_bias=-2.5 return=935.8 length=79 success_rate=1.00 collisions/ep=1.46 (n=13)
update=54 global_step=55296 SPS=704 ev=0.998 v_bias=-2.1 return=948.8 length=82 success_rate=1.00 collisions/ep=1.21 (n=14)
update=55 global_step=56320 SPS=707 ev=0.996 v_bias=0.6 return=944.7 length=82 success_rate=1.00 collisions/ep=1.30 (n=10)
update=56 global_step=57344 SPS=711 ev=0.995 v_bias=2.1 return=939.3 length=80 success_rate=1.00 collisions/ep=1.40 (n=15)
update=57 global_step=58368 SPS=714 ev=0.997 v_bias=-1.4 return=938.8 length=80 success_rate=1.00 collisions/ep=1.42 (n=12)
update=58 global_step=59392 SPS=717 ev=0.998 v_bias=-0.9 return=951.9 length=81 success_rate=1.00 collisions/ep=1.17 (n=12)
update=59 global_step=60416 SPS=720 ev=0.989 v_bias=3.7 return=931.5 length=82 success_rate=1.00 collisions/ep=1.57 (n=14)
update=60 global_step=61440 SPS=722 ev=0.991 v_bias=0.4 return=944.8 length=82 success_rate=1.00 collisions/ep=1.30 (n=10)
Evaluation at update 60: return=955.28, length=79.10, success_rate=1.00, collisions/ep=1.10
Solved-check at update 60: solved=False worst_gap=101.00 at p_x0=2.00 p_y0=-0.50 (consecutive=0)
update=61 global_step=62464 SPS=678 ev=0.998 v_bias=-1.8 return=943.0 length=80 success_rate=1.00 collisions/ep=1.33 (n=15)
update=62 global_step=63488 SPS=686 ev=0.998 v_bias=-3.1 return=955.2 length=80 success_rate=1.00 collisions/ep=1.08 (n=12)
update=63 global_step=64512 SPS=695 ev=0.998 v_bias=-0.6 return=955.5 length=80 success_rate=1.00 collisions/ep=1.08 (n=13)
update=64 global_step=65536 SPS=703 ev=0.994 v_bias=1.3 return=934.5 length=79 success_rate=1.00 collisions/ep=1.50 (n=12)
update=65 global_step=66560 SPS=711 ev=0.999 v_bias=-0.1 return=955.9 length=81 success_rate=1.00 collisions/ep=1.07 (n=14)
update=66 global_step=67584 SPS=719 ev=0.999 v_bias=0.1 return=959.3 length=80 success_rate=1.00 collisions/ep=1.00 (n=11)
update=67 global_step=68608 SPS=727 ev=0.997 v_bias=1.7 return=947.9 length=82 success_rate=1.00 collisions/ep=1.23 (n=13)
update=68 global_step=69632 SPS=736 ev=0.998 v_bias=1.5 return=936.7 length=84 success_rate=1.00 collisions/ep=1.46 (n=13)
update=69 global_step=70656 SPS=743 ev=0.999 v_bias=-0.8 return=955.3 length=81 success_rate=1.00 collisions/ep=1.08 (n=12)
update=70 global_step=71680 SPS=751 ev=0.998 v_bias=0.0 return=951.3 length=81 success_rate=1.00 collisions/ep=1.17 (n=12)
Evaluation at update 70: return=955.13, length=79.25, success_rate=1.00, collisions/ep=1.10
Solved-check at update 70: solved=False worst_gap=101.01 at p_x0=2.00 p_y0=-0.50 (consecutive=0)
update=71 global_step=72704 SPS=707 ev=0.999 v_bias=-1.1 return=960.1 length=82 success_rate=1.00 collisions/ep=1.00 (n=12)
update=72 global_step=73728 SPS=709 ev=0.999 v_bias=-0.4 return=956.0 length=82 success_rate=1.00 collisions/ep=1.07 (n=14)
update=73 global_step=74752 SPS=712 ev=0.998 v_bias=1.3 return=944.2 length=82 success_rate=1.00 collisions/ep=1.31 (n=13)
update=74 global_step=75776 SPS=715 ev=0.998 v_bias=0.2 return=950.8 length=82 success_rate=1.00 collisions/ep=1.18 (n=11)
update=75 global_step=76800 SPS=722 ev=0.976 v_bias=6.0 return=960.0 length=82 success_rate=1.00 collisions/ep=1.00 (n=14)
update=76 global_step=77824 SPS=729 ev=0.994 v_bias=-1.9 return=891.7 length=82 success_rate=1.00 collisions/ep=2.36 (n=11)
update=77 global_step=78848 SPS=736 ev=0.997 v_bias=-4.1 return=956.4 length=83 success_rate=1.00 collisions/ep=1.08 (n=13)
update=78 global_step=79872 SPS=743 ev=0.996 v_bias=0.6 return=948.3 length=80 success_rate=1.00 collisions/ep=1.23 (n=13)
update=79 global_step=80896 SPS=750 ev=0.996 v_bias=1.4 return=951.8 length=82 success_rate=1.00 collisions/ep=1.17 (n=12)
update=80 global_step=81920 SPS=756 ev=0.996 v_bias=0.8 return=921.1 length=79 success_rate=1.00 collisions/ep=1.77 (n=13)
Evaluation at update 80: return=955.28, length=79.10, success_rate=1.00, collisions/ep=1.10
Solved-check at update 80: solved=False worst_gap=101.01 at p_x0=2.00 p_y0=-0.50 (consecutive=0)
update=81 global_step=82944 SPS=713 ev=0.999 v_bias=-2.5 return=956.1 length=82 success_rate=1.00 collisions/ep=1.07 (n=14)
update=82 global_step=83968 SPS=715 ev=0.997 v_bias=0.3 return=943.2 length=80 success_rate=1.00 collisions/ep=1.33 (n=12)
update=83 global_step=84992 SPS=717 ev=0.998 v_bias=-0.8 return=955.7 length=80 success_rate=1.00 collisions/ep=1.08 (n=12)
update=84 global_step=86016 SPS=719 ev=0.994 v_bias=1.0 return=952.7 length=83 success_rate=1.00 collisions/ep=1.14 (n=14)
update=85 global_step=87040 SPS=720 ev=0.998 v_bias=-2.4 return=929.4 length=78 success_rate=1.00 collisions/ep=1.60 (n=10)
update=86 global_step=88064 SPS=722 ev=0.997 v_bias=-0.3 return=943.1 length=82 success_rate=1.00 collisions/ep=1.33 (n=15)
update=87 global_step=89088 SPS=724 ev=0.998 v_bias=-0.3 return=951.3 length=79 success_rate=1.00 collisions/ep=1.17 (n=12)
update=88 global_step=90112 SPS=725 ev=0.999 v_bias=-0.6 return=959.8 length=81 success_rate=1.00 collisions/ep=1.00 (n=13)
update=89 global_step=91136 SPS=727 ev=0.995 v_bias=2.5 return=943.2 length=79 success_rate=1.00 collisions/ep=1.33 (n=12)
update=90 global_step=92160 SPS=729 ev=0.997 v_bias=2.0 return=936.9 length=81 success_rate=1.00 collisions/ep=1.46 (n=13)
Evaluation at update 90: return=955.28, length=79.10, success_rate=1.00, collisions/ep=1.10
Solved-check at update 90: solved=False worst_gap=101.01 at p_x0=2.00 p_y0=-0.50 (consecutive=0)
update=91 global_step=93184 SPS=712 ev=0.999 v_bias=-2.2 return=951.9 length=80 success_rate=1.00 collisions/ep=1.15 (n=13)
update=92 global_step=94208 SPS=717 ev=0.999 v_bias=-2.0 return=959.7 length=80 success_rate=1.00 collisions/ep=1.00 (n=13)
update=93 global_step=95232 SPS=722 ev=0.998 v_bias=0.9 return=948.3 length=82 success_rate=1.00 collisions/ep=1.23 (n=13)
update=94 global_step=96256 SPS=723 ev=0.997 v_bias=1.0 return=946.4 length=84 success_rate=1.00 collisions/ep=1.27 (n=11)
update=95 global_step=97280 SPS=725 ev=0.998 v_bias=-1.1 return=952.1 length=81 success_rate=1.00 collisions/ep=1.15 (n=13)
update=96 global_step=98304 SPS=727 ev=0.998 v_bias=0.0 return=952.3 length=80 success_rate=1.00 collisions/ep=1.14 (n=14)
update=97 global_step=99328 SPS=732 ev=0.998 v_bias=-0.5 return=945.9 length=78 success_rate=1.00 collisions/ep=1.27 (n=11)
update=98 global_step=100352 SPS=737 ev=0.999 v_bias=0.2 return=955.9 length=83 success_rate=1.00 collisions/ep=1.08 (n=13)
update=99 global_step=101376 SPS=742 ev=0.998 v_bias=0.1 return=948.6 length=81 success_rate=1.00 collisions/ep=1.23 (n=13)
update=100 global_step=102400 SPS=748 ev=0.998 v_bias=-0.0 return=951.9 length=80 success_rate=1.00 collisions/ep=1.17 (n=12)
Evaluation at update 100: return=955.53, length=78.85, success_rate=1.00, collisions/ep=1.10
Solved-check at update 100: solved=False worst_gap=101.01 at p_x0=2.00 p_y0=-0.50 (consecutive=0)
update=101 global_step=103424 SPS=716 ev=0.999 v_bias=-1.1 return=953.6 length=76 success_rate=1.00 collisions/ep=1.12 (n=16)
update=102 global_step=104448 SPS=718 ev=0.998 v_bias=0.5 return=955.3 length=83 success_rate=1.00 collisions/ep=1.09 (n=11)
update=103 global_step=105472 SPS=719 ev=0.997 v_bias=1.7 return=945.0 length=82 success_rate=1.00 collisions/ep=1.31 (n=13)
update=104 global_step=106496 SPS=721 ev=0.998 v_bias=0.7 return=955.9 length=83 success_rate=1.00 collisions/ep=1.09 (n=11)
update=105 global_step=107520 SPS=722 ev=0.999 v_bias=-0.3 return=952.9 length=85 success_rate=1.00 collisions/ep=1.15 (n=13)
update=106 global_step=108544 SPS=724 ev=0.997 v_bias=1.1 return=941.0 length=81 success_rate=1.00 collisions/ep=1.38 (n=13)
update=107 global_step=109568 SPS=729 ev=0.998 v_bias=0.0 return=951.5 length=81 success_rate=1.00 collisions/ep=1.17 (n=12)
update=108 global_step=110592 SPS=734 ev=1.000 v_bias=-0.9 return=956.4 length=82 success_rate=1.00 collisions/ep=1.08 (n=12)
update=109 global_step=111616 SPS=739 ev=0.996 v_bias=2.1 return=944.7 length=80 success_rate=1.00 collisions/ep=1.31 (n=13)
update=110 global_step=112640 SPS=744 ev=0.985 v_bias=3.7 return=948.4 length=82 success_rate=1.00 collisions/ep=1.23 (n=13)
Evaluation at update 110: return=955.38, length=79.00, success_rate=1.00, collisions/ep=1.10
Solved-check at update 110: solved=False worst_gap=101.01 at p_x0=2.00 p_y0=-0.50 (consecutive=0)
update=111 global_step=113664 SPS=715 ev=0.999 v_bias=-2.4 return=930.6 length=80 success_rate=1.00 collisions/ep=1.58 (n=12)
update=112 global_step=114688 SPS=716 ev=0.993 v_bias=1.5 return=945.3 length=78 success_rate=1.00 collisions/ep=1.29 (n=14)
update=113 global_step=115712 SPS=718 ev=0.999 v_bias=-0.6 return=952.1 length=81 success_rate=1.00 collisions/ep=1.17 (n=12)
update=114 global_step=116736 SPS=719 ev=0.997 v_bias=0.4 return=951.5 length=80 success_rate=1.00 collisions/ep=1.17 (n=12)
update=115 global_step=117760 SPS=721 ev=0.997 v_bias=0.3 return=938.5 length=80 success_rate=1.00 collisions/ep=1.43 (n=14)
update=116 global_step=118784 SPS=722 ev=0.998 v_bias=0.2 return=960.0 length=80 success_rate=1.00 collisions/ep=1.00 (n=13)
update=117 global_step=119808 SPS=724 ev=0.998 v_bias=-1.1 return=943.3 length=79 success_rate=1.00 collisions/ep=1.33 (n=12)
update=118 global_step=120832 SPS=728 ev=0.997 v_bias=1.6 return=944.7 length=82 success_rate=1.00 collisions/ep=1.31 (n=13)
update=119 global_step=121856 SPS=733 ev=0.995 v_bias=-0.2 return=936.9 length=79 success_rate=1.00 collisions/ep=1.46 (n=13)
update=120 global_step=122880 SPS=737 ev=0.997 v_bias=-0.1 return=932.1 length=80 success_rate=1.00 collisions/ep=1.55 (n=11)
Evaluation at update 120: return=955.43, length=78.95, success_rate=1.00, collisions/ep=1.10
Solved-check at update 120: solved=False worst_gap=101.01 at p_x0=2.00 p_y0=-0.50 (consecutive=0)
update=121 global_step=123904 SPS=719 ev=0.999 v_bias=-0.6 return=953.1 length=81 success_rate=1.00 collisions/ep=1.13 (n=15)
update=122 global_step=124928 SPS=723 ev=0.996 v_bias=0.5 return=950.1 length=82 success_rate=1.00 collisions/ep=1.20 (n=10)
update=123 global_step=125952 SPS=727 ev=0.999 v_bias=-1.1 return=952.7 length=82 success_rate=1.00 collisions/ep=1.14 (n=14)
update=124 global_step=126976 SPS=732 ev=0.999 v_bias=-1.1 return=952.9 length=78 success_rate=1.00 collisions/ep=1.13 (n=15)
update=125 global_step=128000 SPS=736 ev=0.999 v_bias=-0.7 return=960.4 length=82 success_rate=1.00 collisions/ep=1.00 (n=10)
update=126 global_step=129024 SPS=740 ev=0.999 v_bias=-0.8 return=952.9 length=82 success_rate=1.00 collisions/ep=1.14 (n=14)
update=127 global_step=130048 SPS=745 ev=0.999 v_bias=-0.6 return=955.3 length=80 success_rate=1.00 collisions/ep=1.09 (n=11)
update=128 global_step=131072 SPS=749 ev=0.998 v_bias=0.2 return=953.0 length=81 success_rate=1.00 collisions/ep=1.14 (n=14)
update=129 global_step=132096 SPS=754 ev=0.997 v_bias=2.1 return=939.2 length=81 success_rate=1.00 collisions/ep=1.42 (n=12)
update=130 global_step=133120 SPS=758 ev=0.999 v_bias=-1.7 return=952.4 length=84 success_rate=1.00 collisions/ep=1.15 (n=13)
Evaluation at update 130: return=955.43, length=78.95, success_rate=1.00, collisions/ep=1.10
Solved-check at update 130: solved=False worst_gap=101.01 at p_x0=2.00 p_y0=-0.50 (consecutive=0)
update=131 global_step=134144 SPS=732 ev=0.999 v_bias=0.2 return=955.6 length=81 success_rate=1.00 collisions/ep=1.08 (n=12)
update=132 global_step=135168 SPS=733 ev=0.995 v_bias=2.8 return=945.1 length=85 success_rate=1.00 collisions/ep=1.31 (n=13)
update=133 global_step=136192 SPS=734 ev=0.999 v_bias=-0.9 return=936.6 length=82 success_rate=1.00 collisions/ep=1.46 (n=13)
update=134 global_step=137216 SPS=735 ev=0.997 v_bias=-0.4 return=959.7 length=79 success_rate=1.00 collisions/ep=1.00 (n=11)
update=135 global_step=138240 SPS=737 ev=0.999 v_bias=-1.2 return=949.5 length=82 success_rate=1.00 collisions/ep=1.21 (n=14)
update=136 global_step=139264 SPS=738 ev=0.997 v_bias=1.0 return=955.7 length=82 success_rate=1.00 collisions/ep=1.09 (n=11)
update=137 global_step=140288 SPS=739 ev=0.998 v_bias=-1.0 return=944.3 length=78 success_rate=1.00 collisions/ep=1.31 (n=13)
update=138 global_step=141312 SPS=740 ev=0.999 v_bias=-0.5 return=945.8 length=83 success_rate=1.00 collisions/ep=1.29 (n=14)
update=139 global_step=142336 SPS=741 ev=0.999 v_bias=-0.6 return=950.8 length=81 success_rate=1.00 collisions/ep=1.18 (n=11)
update=140 global_step=143360 SPS=742 ev=1.000 v_bias=-1.0 return=956.3 length=80 success_rate=1.00 collisions/ep=1.07 (n=15)
Evaluation at update 140: return=955.43, length=78.95, success_rate=1.00, collisions/ep=1.10
Solved-check at update 140: solved=False worst_gap=101.01 at p_x0=2.00 p_y0=-0.50 (consecutive=0)
update=141 global_step=144384 SPS=721 ev=0.999 v_bias=0.6 return=960.1 length=81 success_rate=1.00 collisions/ep=1.00 (n=11)
update=142 global_step=145408 SPS=725 ev=0.999 v_bias=0.3 return=944.7 length=79 success_rate=1.00 collisions/ep=1.31 (n=13)
update=143 global_step=146432 SPS=729 ev=0.999 v_bias=-0.3 return=949.9 length=80 success_rate=1.00 collisions/ep=1.20 (n=15)
update=144 global_step=147456 SPS=732 ev=0.998 v_bias=0.5 return=960.5 length=81 success_rate=1.00 collisions/ep=1.00 (n=9)
update=145 global_step=148480 SPS=736 ev=1.000 v_bias=0.1 return=950.1 length=82 success_rate=1.00 collisions/ep=1.20 (n=15)
update=146 global_step=149504 SPS=740 ev=0.994 v_bias=1.4 return=955.8 length=83 success_rate=1.00 collisions/ep=1.09 (n=11)
update=147 global_step=150528 SPS=744 ev=0.999 v_bias=-0.9 return=942.3 length=81 success_rate=1.00 collisions/ep=1.36 (n=14)
update=148 global_step=151552 SPS=747 ev=0.998 v_bias=-0.3 return=951.5 length=80 success_rate=1.00 collisions/ep=1.17 (n=12)
update=149 global_step=152576 SPS=751 ev=0.999 v_bias=-1.4 return=951.9 length=82 success_rate=1.00 collisions/ep=1.17 (n=12)
update=150 global_step=153600 SPS=754 ev=0.999 v_bias=-0.1 return=956.2 length=79 success_rate=1.00 collisions/ep=1.07 (n=14)
Evaluation at update 150: return=955.32, length=79.05, success_rate=1.00, collisions/ep=1.10
Solved-check at update 150: solved=False worst_gap=101.01 at p_x0=2.00 p_y0=-0.50 (consecutive=0)
update=151 global_step=154624 SPS=732 ev=0.999 v_bias=-0.1 return=959.8 length=79 success_rate=1.00 collisions/ep=1.00 (n=10)
update=152 global_step=155648 SPS=733 ev=1.000 v_bias=-0.6 return=956.9 length=82 success_rate=1.00 collisions/ep=1.06 (n=16)
update=153 global_step=156672 SPS=735 ev=0.999 v_bias=0.6 return=960.2 length=80 success_rate=1.00 collisions/ep=1.00 (n=11)
update=154 global_step=157696 SPS=736 ev=0.997 v_bias=1.9 return=948.7 length=83 success_rate=1.00 collisions/ep=1.23 (n=13)
update=155 global_step=158720 SPS=737 ev=0.998 v_bias=0.6 return=944.6 length=80 success_rate=1.00 collisions/ep=1.31 (n=13)
update=156 global_step=159744 SPS=738 ev=0.999 v_bias=-0.6 return=955.2 length=80 success_rate=1.00 collisions/ep=1.09 (n=11)
update=157 global_step=160768 SPS=739 ev=0.998 v_bias=0.8 return=950.0 length=81 success_rate=1.00 collisions/ep=1.20 (n=15)
update=158 global_step=161792 SPS=742 ev=0.997 v_bias=1.3 return=945.9 length=79 success_rate=1.00 collisions/ep=1.27 (n=11)
update=159 global_step=162816 SPS=746 ev=1.000 v_bias=-1.3 return=960.1 length=78 success_rate=1.00 collisions/ep=1.00 (n=14)
update=160 global_step=163840 SPS=749 ev=0.997 v_bias=0.5 return=956.0 length=81 success_rate=1.00 collisions/ep=1.08 (n=13)
Evaluation at update 160: return=955.42, length=78.95, success_rate=1.00, collisions/ep=1.10
Solved-check at update 160: solved=False worst_gap=101.01 at p_x0=2.00 p_y0=-0.50 (consecutive=0)
update=161 global_step=164864 SPS=739 ev=1.000 v_bias=-1.0 return=951.7 length=79 success_rate=1.00 collisions/ep=1.17 (n=12)
update=162 global_step=165888 SPS=742 ev=0.991 v_bias=3.1 return=953.3 length=84 success_rate=1.00 collisions/ep=1.14 (n=14)
update=163 global_step=166912 SPS=746 ev=0.998 v_bias=0.3 return=932.8 length=82 success_rate=1.00 collisions/ep=1.55 (n=11)
update=164 global_step=167936 SPS=749 ev=0.997 v_bias=0.8 return=937.5 length=81 success_rate=1.00 collisions/ep=1.46 (n=13)
update=165 global_step=168960 SPS=752 ev=0.998 v_bias=-1.0 return=956.5 length=81 success_rate=1.00 collisions/ep=1.08 (n=13)
update=166 global_step=169984 SPS=755 ev=0.999 v_bias=-1.0 return=951.8 length=81 success_rate=1.00 collisions/ep=1.17 (n=12)
update=167 global_step=171008 SPS=759 ev=0.999 v_bias=-0.9 return=951.8 length=78 success_rate=1.00 collisions/ep=1.15 (n=13)
update=168 global_step=172032 SPS=762 ev=0.999 v_bias=-0.6 return=956.6 length=81 success_rate=1.00 collisions/ep=1.07 (n=14)
update=169 global_step=173056 SPS=765 ev=0.999 v_bias=0.2 return=956.0 length=82 success_rate=1.00 collisions/ep=1.08 (n=12)
update=170 global_step=174080 SPS=768 ev=0.999 v_bias=-0.3 return=955.9 length=82 success_rate=1.00 collisions/ep=1.08 (n=12)
Evaluation at update 170: return=955.42, length=78.95, success_rate=1.00, collisions/ep=1.10
Solved-check at update 170: solved=False worst_gap=101.01 at p_x0=2.00 p_y0=-0.50 (consecutive=0)
update=171 global_step=175104 SPS=751 ev=0.999 v_bias=0.1 return=951.7 length=81 success_rate=1.00 collisions/ep=1.17 (n=12)
update=172 global_step=176128 SPS=754 ev=1.000 v_bias=-0.6 return=956.3 length=82 success_rate=1.00 collisions/ep=1.08 (n=13)
update=173 global_step=177152 SPS=757 ev=0.998 v_bias=1.3 return=951.9 length=81 success_rate=1.00 collisions/ep=1.17 (n=12)
update=174 global_step=178176 SPS=760 ev=0.999 v_bias=-0.7 return=953.2 length=82 success_rate=1.00 collisions/ep=1.14 (n=14)
update=175 global_step=179200 SPS=763 ev=1.000 v_bias=-1.2 return=955.8 length=80 success_rate=1.00 collisions/ep=1.08 (n=12)
update=176 global_step=180224 SPS=766 ev=0.999 v_bias=0.5 return=952.1 length=79 success_rate=1.00 collisions/ep=1.15 (n=13)
update=177 global_step=181248 SPS=769 ev=0.999 v_bias=0.3 return=956.1 length=81 success_rate=1.00 collisions/ep=1.08 (n=12)
update=178 global_step=182272 SPS=772 ev=1.000 v_bias=-0.4 return=960.5 length=81 success_rate=1.00 collisions/ep=1.00 (n=12)
update=179 global_step=183296 SPS=775 ev=0.998 v_bias=1.7 return=947.7 length=80 success_rate=1.00 collisions/ep=1.25 (n=16)
update=180 global_step=184320 SPS=778 ev=0.996 v_bias=0.2 return=943.6 length=83 success_rate=1.00 collisions/ep=1.33 (n=9)
Evaluation at update 180: return=955.42, length=78.95, success_rate=1.00, collisions/ep=1.10
Solved-check at update 180: solved=False worst_gap=101.01 at p_x0=2.00 p_y0=-0.50 (consecutive=0)
update=181 global_step=185344 SPS=761 ev=1.000 v_bias=-0.9 return=960.5 length=82 success_rate=1.00 collisions/ep=1.00 (n=15)
update=182 global_step=186368 SPS=764 ev=0.996 v_bias=1.6 return=940.5 length=84 success_rate=1.00 collisions/ep=1.40 (n=10)
update=183 global_step=187392 SPS=767 ev=1.000 v_bias=-1.1 return=960.6 length=83 success_rate=1.00 collisions/ep=1.00 (n=14)
update=184 global_step=188416 SPS=769 ev=1.000 v_bias=-1.2 return=956.0 length=82 success_rate=1.00 collisions/ep=1.08 (n=12)
update=185 global_step=189440 SPS=772 ev=0.998 v_bias=0.8 return=948.6 length=79 success_rate=1.00 collisions/ep=1.23 (n=13)
update=186 global_step=190464 SPS=775 ev=0.998 v_bias=0.5 return=944.7 length=78 success_rate=1.00 collisions/ep=1.31 (n=13)
update=187 global_step=191488 SPS=777 ev=0.996 v_bias=1.3 return=956.3 length=81 success_rate=1.00 collisions/ep=1.08 (n=12)
update=188 global_step=192512 SPS=780 ev=0.999 v_bias=-1.2 return=943.4 length=80 success_rate=1.00 collisions/ep=1.33 (n=15)
update=189 global_step=193536 SPS=783 ev=1.000 v_bias=-2.1 return=960.9 length=82 success_rate=1.00 collisions/ep=1.00 (n=10)
update=190 global_step=194560 SPS=786 ev=1.000 v_bias=-0.8 return=960.0 length=79 success_rate=1.00 collisions/ep=1.00 (n=14)
Evaluation at update 190: return=955.53, length=78.85, success_rate=1.00, collisions/ep=1.10
Solved-check at update 190: solved=False worst_gap=101.01 at p_x0=2.00 p_y0=-0.50 (consecutive=0)
update=191 global_step=195584 SPS=778 ev=0.999 v_bias=0.3 return=956.5 length=82 success_rate=1.00 collisions/ep=1.08 (n=12)
update=192 global_step=196608 SPS=781 ev=0.999 v_bias=0.7 return=956.3 length=83 success_rate=1.00 collisions/ep=1.08 (n=12)
update=193 global_step=197632 SPS=784 ev=0.999 v_bias=-0.3 return=957.0 length=80 success_rate=1.00 collisions/ep=1.07 (n=15)
update=194 global_step=198656 SPS=787 ev=0.998 v_bias=1.6 return=950.9 length=79 success_rate=1.00 collisions/ep=1.18 (n=11)
update=195 global_step=199680 SPS=789 ev=0.999 v_bias=-0.1 return=949.6 length=81 success_rate=1.00 collisions/ep=1.21 (n=14)
update=196 global_step=200704 SPS=792 ev=0.999 v_bias=0.1 return=956.4 length=82 success_rate=1.00 collisions/ep=1.08 (n=12)
update=197 global_step=201728 SPS=795 ev=0.999 v_bias=-0.6 return=955.9 length=82 success_rate=1.00 collisions/ep=1.08 (n=12)
update=198 global_step=202752 SPS=798 ev=1.000 v_bias=-1.2 return=960.3 length=79 success_rate=1.00 collisions/ep=1.00 (n=15)
update=199 global_step=203776 SPS=800 ev=1.000 v_bias=-0.5 return=960.6 length=83 success_rate=1.00 collisions/ep=1.00 (n=9)
update=200 global_step=204800 SPS=803 ev=0.998 v_bias=2.3 return=947.0 length=79 success_rate=1.00 collisions/ep=1.27 (n=15)
Evaluation at update 200: return=955.53, length=78.85, success_rate=1.00, collisions/ep=1.10
Solved-check at update 200: solved=False worst_gap=101.01 at p_x0=2.00 p_y0=-0.50 (consecutive=0)
Saved checkpoints to C:\Users\loren\Desktop\MASTER THESIS\5_CODE\scenarios\slalom\studies\ppo\runs\ppo_slalom_5_1791078812
