Using device: cpu
Solved-check: precomputed optimal returns for 25 fixed initial conditions (mean=1011.8, min=1007.0, max=1014.0); solved-tolerance=5.0
batch_size=1024 minibatch_size=256 num_updates=200 timesteps=204800
update=1 global_step=1024 SPS=1651 ev=-0.000 v_bias=45.3
update=2 global_step=2048 SPS=1667 ev=0.233 v_bias=21.8 return=-528.1 length=200 success_rate=0.00 collisions/ep=6.50 (n=8)
update=3 global_step=3072 SPS=1632 ev=0.012 v_bias=-29.0 return=652.9 length=156 success_rate=1.00 collisions/ep=5.67 (n=3)
update=4 global_step=4096 SPS=1620 ev=0.423 v_bias=15.5 return=-292.1 length=185 success_rate=0.17 collisions/ep=6.50 (n=6)
update=5 global_step=5120 SPS=1706 ev=0.449 v_bias=-2.7 return=-86.7 length=168 success_rate=0.38 collisions/ep=6.88 (n=8)
update=6 global_step=6144 SPS=1710 ev=0.587 v_bias=-73.6 return=559.2 length=133 success_rate=0.86 collisions/ep=5.00 (n=7)
update=7 global_step=7168 SPS=1716 ev=0.856 v_bias=-105.9 return=627.8 length=128 success_rate=0.90 collisions/ep=4.70 (n=10)
update=8 global_step=8192 SPS=1737 ev=0.815 v_bias=-37.2 return=318.1 length=135 success_rate=0.67 collisions/ep=5.83 (n=6)
update=9 global_step=9216 SPS=1748 ev=0.944 v_bias=-79.2 return=667.5 length=130 success_rate=0.90 collisions/ep=3.80 (n=10)
update=10 global_step=10240 SPS=1751 ev=0.962 v_bias=-57.8 return=766.8 length=93 success_rate=1.00 collisions/ep=4.64 (n=11)
Evaluation at update 10: return=533.77, length=86.05, success_rate=1.00, collisions/ep=9.45
Solved-check at update 10: solved=False worst_gap=506.97 at p_x0=2.00 p_y0=0.00 (consecutive=0)
update=11 global_step=11264 SPS=991 ev=0.974 v_bias=-39.0 return=789.8 length=95 success_rate=1.00 collisions/ep=4.18 (n=11)
update=12 global_step=12288 SPS=1035 ev=0.965 v_bias=-13.3 return=685.8 length=96 success_rate=1.00 collisions/ep=6.17 (n=12)
update=13 global_step=13312 SPS=1066 ev=0.961 v_bias=-16.4 return=709.2 length=88 success_rate=1.00 collisions/ep=5.78 (n=9)
update=14 global_step=14336 SPS=1097 ev=0.973 v_bias=-16.1 return=686.8 length=88 success_rate=1.00 collisions/ep=6.29 (n=14)
update=15 global_step=15360 SPS=1125 ev=0.974 v_bias=-24.3 return=784.3 length=87 success_rate=1.00 collisions/ep=4.36 (n=11)
update=16 global_step=16384 SPS=1152 ev=0.972 v_bias=-6.2 return=828.0 length=88 success_rate=1.00 collisions/ep=3.45 (n=11)
update=17 global_step=17408 SPS=1177 ev=0.902 v_bias=18.4 return=775.0 length=94 success_rate=1.00 collisions/ep=4.45 (n=11)
update=18 global_step=18432 SPS=1199 ev=0.979 v_bias=-12.4 return=773.5 length=88 success_rate=1.00 collisions/ep=4.58 (n=12)
update=19 global_step=19456 SPS=1223 ev=0.947 v_bias=7.8 return=783.1 length=90 success_rate=1.00 collisions/ep=4.40 (n=10)
update=20 global_step=20480 SPS=1237 ev=0.976 v_bias=-12.3 return=783.3 length=86 success_rate=1.00 collisions/ep=4.54 (n=13)
Evaluation at update 20: return=944.92, length=82.40, success_rate=1.00, collisions/ep=1.30
Solved-check at update 20: solved=False worst_gap=101.98 at p_x0=0.50 p_y0=-0.50 (consecutive=0)
update=21 global_step=21504 SPS=973 ev=0.964 v_bias=0.9 return=787.7 length=82 success_rate=1.00 collisions/ep=4.38 (n=13)
update=22 global_step=22528 SPS=995 ev=0.984 v_bias=-19.9 return=902.2 length=85 success_rate=1.00 collisions/ep=2.08 (n=12)
update=23 global_step=23552 SPS=1014 ev=0.982 v_bias=-8.7 return=884.6 length=82 success_rate=1.00 collisions/ep=2.46 (n=13)
update=24 global_step=24576 SPS=1033 ev=0.981 v_bias=-5.3 return=857.2 length=84 success_rate=1.00 collisions/ep=3.00 (n=12)
update=25 global_step=25600 SPS=1049 ev=0.991 v_bias=-7.3 return=922.5 length=79 success_rate=1.00 collisions/ep=1.69 (n=13)
update=26 global_step=26624 SPS=1070 ev=0.963 v_bias=0.9 return=873.8 length=83 success_rate=1.00 collisions/ep=2.69 (n=13)
update=27 global_step=27648 SPS=1081 ev=0.979 v_bias=-0.1 return=871.5 length=84 success_rate=1.00 collisions/ep=2.73 (n=11)
update=28 global_step=28672 SPS=1097 ev=0.981 v_bias=1.4 return=876.8 length=83 success_rate=1.00 collisions/ep=2.64 (n=11)
update=29 global_step=29696 SPS=1113 ev=0.986 v_bias=-5.6 return=908.0 length=86 success_rate=1.00 collisions/ep=2.00 (n=14)
update=30 global_step=30720 SPS=1125 ev=0.986 v_bias=-1.3 return=889.7 length=82 success_rate=1.00 collisions/ep=2.36 (n=11)
Evaluation at update 30: return=957.50, length=82.30, success_rate=1.00, collisions/ep=1.05
Solved-check at update 30: solved=False worst_gap=101.99 at p_x0=2.00 p_y0=-0.50 (consecutive=0)
update=31 global_step=31744 SPS=967 ev=0.989 v_bias=0.7 return=893.0 length=84 success_rate=1.00 collisions/ep=2.31 (n=13)
update=32 global_step=32768 SPS=982 ev=0.992 v_bias=-4.1 return=936.3 length=85 success_rate=1.00 collisions/ep=1.45 (n=11)
update=33 global_step=33792 SPS=996 ev=0.982 v_bias=-1.0 return=935.9 length=83 success_rate=1.00 collisions/ep=1.46 (n=13)
update=34 global_step=34816 SPS=1008 ev=0.990 v_bias=-3.2 return=897.0 length=81 success_rate=1.00 collisions/ep=2.23 (n=13)
update=35 global_step=35840 SPS=1023 ev=0.993 v_bias=-4.8 return=926.7 length=83 success_rate=1.00 collisions/ep=1.64 (n=11)
update=36 global_step=36864 SPS=1036 ev=0.996 v_bias=-3.6 return=941.0 length=82 success_rate=1.00 collisions/ep=1.36 (n=14)
update=37 global_step=37888 SPS=1044 ev=0.991 v_bias=0.7 return=922.9 length=84 success_rate=1.00 collisions/ep=1.73 (n=11)
update=38 global_step=38912 SPS=1055 ev=0.987 v_bias=5.4 return=905.9 length=84 success_rate=1.00 collisions/ep=2.07 (n=14)
update=39 global_step=39936 SPS=1065 ev=0.988 v_bias=-0.2 return=904.5 length=80 success_rate=1.00 collisions/ep=2.08 (n=12)
update=40 global_step=40960 SPS=1076 ev=0.989 v_bias=2.0 return=921.1 length=82 success_rate=1.00 collisions/ep=1.77 (n=13)
Evaluation at update 40: return=957.70, length=82.10, success_rate=1.00, collisions/ep=1.05
Solved-check at update 40: solved=False worst_gap=102.00 at p_x0=0.00 p_y0=1.00 (consecutive=0)
update=41 global_step=41984 SPS=959 ev=0.989 v_bias=1.8 return=917.8 length=82 success_rate=1.00 collisions/ep=1.83 (n=12)
update=42 global_step=43008 SPS=970 ev=0.997 v_bias=-1.5 return=934.2 length=81 success_rate=1.00 collisions/ep=1.50 (n=12)
update=43 global_step=44032 SPS=980 ev=0.998 v_bias=-4.3 return=952.1 length=81 success_rate=1.00 collisions/ep=1.14 (n=14)
update=44 global_step=45056 SPS=990 ev=0.992 v_bias=1.5 return=926.9 length=80 success_rate=1.00 collisions/ep=1.64 (n=11)
update=45 global_step=46080 SPS=1000 ev=0.992 v_bias=0.7 return=942.4 length=82 success_rate=1.00 collisions/ep=1.33 (n=15)
update=46 global_step=47104 SPS=1009 ev=0.995 v_bias=-1.4 return=943.8 length=82 success_rate=1.00 collisions/ep=1.30 (n=10)
update=47 global_step=48128 SPS=1018 ev=0.998 v_bias=-0.8 return=944.0 length=81 success_rate=1.00 collisions/ep=1.29 (n=14)
update=48 global_step=49152 SPS=1027 ev=0.995 v_bias=0.7 return=944.7 length=82 success_rate=1.00 collisions/ep=1.27 (n=11)
update=49 global_step=50176 SPS=1037 ev=0.997 v_bias=1.0 return=936.3 length=80 success_rate=1.00 collisions/ep=1.43 (n=14)
update=50 global_step=51200 SPS=1048 ev=0.994 v_bias=-0.6 return=954.5 length=86 success_rate=1.00 collisions/ep=1.08 (n=12)
Evaluation at update 50: return=957.19, length=82.60, success_rate=1.00, collisions/ep=1.05
Solved-check at update 50: solved=False worst_gap=100.01 at p_x0=1.50 p_y0=-1.00 (consecutive=0)
update=51 global_step=52224 SPS=964 ev=0.991 v_bias=1.3 return=929.5 length=81 success_rate=1.00 collisions/ep=1.58 (n=12)
update=52 global_step=53248 SPS=972 ev=0.995 v_bias=-1.5 return=922.5 length=82 success_rate=1.00 collisions/ep=1.71 (n=14)
update=53 global_step=54272 SPS=980 ev=0.995 v_bias=-0.5 return=953.7 length=80 success_rate=1.00 collisions/ep=1.10 (n=10)
update=54 global_step=55296 SPS=989 ev=0.997 v_bias=0.6 return=936.2 length=79 success_rate=1.00 collisions/ep=1.44 (n=16)
update=55 global_step=56320 SPS=997 ev=0.998 v_bias=-1.0 return=948.8 length=82 success_rate=1.00 collisions/ep=1.20 (n=10)
update=56 global_step=57344 SPS=1004 ev=0.999 v_bias=-1.8 return=955.1 length=84 success_rate=1.00 collisions/ep=1.07 (n=14)
update=57 global_step=58368 SPS=1012 ev=0.998 v_bias=-0.4 return=945.6 length=85 success_rate=1.00 collisions/ep=1.27 (n=11)
update=58 global_step=59392 SPS=1019 ev=0.996 v_bias=1.2 return=951.3 length=80 success_rate=1.00 collisions/ep=1.15 (n=13)
update=59 global_step=60416 SPS=1027 ev=0.996 v_bias=0.7 return=939.8 length=80 success_rate=1.00 collisions/ep=1.38 (n=13)
update=60 global_step=61440 SPS=1034 ev=0.999 v_bias=-1.2 return=950.6 length=84 success_rate=1.00 collisions/ep=1.17 (n=12)
Evaluation at update 60: return=957.74, length=82.05, success_rate=1.00, collisions/ep=1.05
Solved-check at update 60: solved=False worst_gap=101.00 at p_x0=2.00 p_y0=-0.50 (consecutive=0)
update=61 global_step=62464 SPS=963 ev=0.993 v_bias=1.2 return=943.2 length=83 success_rate=1.00 collisions/ep=1.33 (n=12)
update=62 global_step=63488 SPS=970 ev=0.977 v_bias=5.9 return=912.5 length=80 success_rate=1.00 collisions/ep=1.93 (n=15)
update=63 global_step=64512 SPS=977 ev=0.994 v_bias=-2.6 return=920.9 length=83 success_rate=1.00 collisions/ep=1.78 (n=9)
update=64 global_step=65536 SPS=983 ev=0.997 v_bias=-3.8 return=953.2 length=81 success_rate=1.00 collisions/ep=1.13 (n=15)
update=65 global_step=66560 SPS=990 ev=0.998 v_bias=-2.3 return=955.5 length=80 success_rate=1.00 collisions/ep=1.08 (n=13)
update=66 global_step=67584 SPS=997 ev=0.997 v_bias=2.4 return=946.1 length=83 success_rate=1.00 collisions/ep=1.27 (n=11)
update=67 global_step=68608 SPS=1003 ev=0.998 v_bias=-2.2 return=948.4 length=82 success_rate=1.00 collisions/ep=1.23 (n=13)
update=68 global_step=69632 SPS=1009 ev=0.999 v_bias=-1.6 return=955.5 length=82 success_rate=1.00 collisions/ep=1.08 (n=13)
update=69 global_step=70656 SPS=1016 ev=0.998 v_bias=1.6 return=940.6 length=82 success_rate=1.00 collisions/ep=1.38 (n=13)
update=70 global_step=71680 SPS=1022 ev=0.998 v_bias=-0.3 return=960.0 length=81 success_rate=1.00 collisions/ep=1.00 (n=11)
Evaluation at update 70: return=958.04, length=81.75, success_rate=1.00, collisions/ep=1.05
Solved-check at update 70: solved=False worst_gap=101.01 at p_x0=2.00 p_y0=-0.50 (consecutive=0)
update=71 global_step=72704 SPS=962 ev=0.997 v_bias=0.3 return=940.6 length=83 success_rate=1.00 collisions/ep=1.38 (n=13)
update=72 global_step=73728 SPS=967 ev=0.997 v_bias=-0.1 return=948.1 length=80 success_rate=1.00 collisions/ep=1.23 (n=13)
update=73 global_step=74752 SPS=974 ev=0.997 v_bias=-1.0 return=946.3 length=84 success_rate=1.00 collisions/ep=1.27 (n=11)
update=74 global_step=75776 SPS=981 ev=0.995 v_bias=-0.2 return=956.6 length=81 success_rate=1.00 collisions/ep=1.07 (n=14)
update=75 global_step=76800 SPS=988 ev=0.997 v_bias=1.6 return=930.7 length=82 success_rate=1.00 collisions/ep=1.58 (n=12)
update=76 global_step=77824 SPS=992 ev=0.996 v_bias=1.0 return=941.4 length=83 success_rate=1.00 collisions/ep=1.38 (n=13)
update=77 global_step=78848 SPS=999 ev=0.998 v_bias=-0.9 return=943.3 length=82 success_rate=1.00 collisions/ep=1.33 (n=12)
update=78 global_step=79872 SPS=1005 ev=0.998 v_bias=-0.1 return=948.4 length=81 success_rate=1.00 collisions/ep=1.23 (n=13)
update=79 global_step=80896 SPS=1011 ev=0.997 v_bias=-0.6 return=944.1 length=80 success_rate=1.00 collisions/ep=1.31 (n=13)
update=80 global_step=81920 SPS=1016 ev=0.999 v_bias=-1.7 return=951.4 length=80 success_rate=1.00 collisions/ep=1.17 (n=12)
Evaluation at update 80: return=958.19, length=81.60, success_rate=1.00, collisions/ep=1.05
Solved-check at update 80: solved=False worst_gap=101.01 at p_x0=2.00 p_y0=-0.50 (consecutive=0)
update=81 global_step=82944 SPS=963 ev=0.998 v_bias=-0.2 return=953.2 length=81 success_rate=1.00 collisions/ep=1.13 (n=15)
update=82 global_step=83968 SPS=969 ev=0.997 v_bias=1.3 return=932.5 length=80 success_rate=1.00 collisions/ep=1.55 (n=11)
update=83 global_step=84992 SPS=973 ev=0.994 v_bias=2.1 return=948.4 length=81 success_rate=1.00 collisions/ep=1.23 (n=13)
update=84 global_step=86016 SPS=980 ev=0.998 v_bias=-1.1 return=930.7 length=81 success_rate=1.00 collisions/ep=1.58 (n=12)
update=85 global_step=87040 SPS=984 ev=0.998 v_bias=-0.4 return=952.1 length=78 success_rate=1.00 collisions/ep=1.14 (n=14)
update=86 global_step=88064 SPS=989 ev=0.998 v_bias=-0.8 return=951.8 length=80 success_rate=1.00 collisions/ep=1.15 (n=13)
update=87 global_step=89088 SPS=994 ev=0.999 v_bias=-2.0 return=955.9 length=82 success_rate=1.00 collisions/ep=1.08 (n=12)
update=88 global_step=90112 SPS=998 ev=0.996 v_bias=2.8 return=947.6 length=82 success_rate=1.00 collisions/ep=1.23 (n=13)
update=89 global_step=91136 SPS=1003 ev=0.999 v_bias=-1.2 return=942.9 length=81 success_rate=1.00 collisions/ep=1.33 (n=12)
update=90 global_step=92160 SPS=1009 ev=0.996 v_bias=-0.0 return=959.4 length=81 success_rate=1.00 collisions/ep=1.00 (n=13)
Evaluation at update 90: return=958.19, length=81.60, success_rate=1.00, collisions/ep=1.05
Solved-check at update 90: solved=False worst_gap=101.01 at p_x0=2.00 p_y0=-0.50 (consecutive=0)
update=91 global_step=93184 SPS=964 ev=0.999 v_bias=-0.8 return=944.1 length=80 success_rate=1.00 collisions/ep=1.31 (n=13)
update=92 global_step=94208 SPS=969 ev=0.999 v_bias=-1.0 return=959.9 length=82 success_rate=1.00 collisions/ep=1.00 (n=12)
update=93 global_step=95232 SPS=974 ev=0.996 v_bias=1.2 return=939.4 length=83 success_rate=1.00 collisions/ep=1.42 (n=12)
update=94 global_step=96256 SPS=979 ev=0.995 v_bias=2.1 return=944.6 length=79 success_rate=1.00 collisions/ep=1.31 (n=13)
update=95 global_step=97280 SPS=983 ev=0.997 v_bias=-1.1 return=944.2 length=80 success_rate=1.00 collisions/ep=1.31 (n=13)
update=96 global_step=98304 SPS=987 ev=0.997 v_bias=0.8 return=944.1 length=79 success_rate=1.00 collisions/ep=1.31 (n=13)
update=97 global_step=99328 SPS=991 ev=0.998 v_bias=-0.1 return=951.9 length=81 success_rate=1.00 collisions/ep=1.15 (n=13)
update=98 global_step=100352 SPS=994 ev=0.998 v_bias=0.5 return=952.4 length=81 success_rate=1.00 collisions/ep=1.15 (n=13)
update=99 global_step=101376 SPS=998 ev=0.997 v_bias=1.4 return=936.7 length=78 success_rate=1.00 collisions/ep=1.46 (n=13)
update=100 global_step=102400 SPS=1002 ev=0.997 v_bias=-0.5 return=951.9 length=82 success_rate=1.00 collisions/ep=1.17 (n=12)
Evaluation at update 100: return=958.24, length=81.55, success_rate=1.00, collisions/ep=1.05
Solved-check at update 100: solved=False worst_gap=101.01 at p_x0=2.00 p_y0=-0.50 (consecutive=0)
update=101 global_step=103424 SPS=959 ev=0.995 v_bias=3.3 return=935.0 length=83 success_rate=1.00 collisions/ep=1.50 (n=12)
update=102 global_step=104448 SPS=962 ev=0.997 v_bias=-0.4 return=926.4 length=79 success_rate=1.00 collisions/ep=1.67 (n=12)
update=103 global_step=105472 SPS=967 ev=0.999 v_bias=-2.0 return=957.1 length=83 success_rate=1.00 collisions/ep=1.07 (n=15)
update=104 global_step=106496 SPS=972 ev=0.995 v_bias=-0.8 return=954.9 length=81 success_rate=1.00 collisions/ep=1.10 (n=10)
update=105 global_step=107520 SPS=975 ev=0.999 v_bias=-0.8 return=946.5 length=80 success_rate=1.00 collisions/ep=1.27 (n=15)
update=106 global_step=108544 SPS=979 ev=0.999 v_bias=-1.6 return=955.9 length=80 success_rate=1.00 collisions/ep=1.09 (n=11)
update=107 global_step=109568 SPS=984 ev=0.997 v_bias=1.2 return=952.6 length=80 success_rate=1.00 collisions/ep=1.15 (n=13)
update=108 global_step=110592 SPS=987 ev=0.999 v_bias=-0.9 return=950.0 length=80 success_rate=1.00 collisions/ep=1.20 (n=15)
update=109 global_step=111616 SPS=992 ev=0.997 v_bias=-0.0 return=949.3 length=85 success_rate=1.00 collisions/ep=1.22 (n=9)
update=110 global_step=112640 SPS=995 ev=0.997 v_bias=1.0 return=943.7 length=82 success_rate=1.00 collisions/ep=1.33 (n=15)
Evaluation at update 110: return=958.34, length=81.45, success_rate=1.00, collisions/ep=1.05
Solved-check at update 110: solved=False worst_gap=101.01 at p_x0=2.00 p_y0=-0.50 (consecutive=0)
update=111 global_step=113664 SPS=958 ev=0.995 v_bias=2.5 return=942.5 length=83 success_rate=1.00 collisions/ep=1.36 (n=11)
update=112 global_step=114688 SPS=963 ev=0.998 v_bias=-0.2 return=946.3 length=83 success_rate=1.00 collisions/ep=1.29 (n=14)
update=113 global_step=115712 SPS=967 ev=0.998 v_bias=-0.4 return=950.4 length=80 success_rate=1.00 collisions/ep=1.20 (n=10)
update=114 global_step=116736 SPS=970 ev=0.998 v_bias=-0.3 return=943.3 length=78 success_rate=1.00 collisions/ep=1.33 (n=15)
update=115 global_step=117760 SPS=973 ev=0.998 v_bias=0.8 return=951.7 length=83 success_rate=1.00 collisions/ep=1.18 (n=11)
update=116 global_step=118784 SPS=977 ev=0.999 v_bias=-1.7 return=949.1 length=80 success_rate=1.00 collisions/ep=1.21 (n=14)
update=117 global_step=119808 SPS=981 ev=0.998 v_bias=-0.4 return=956.4 length=84 success_rate=1.00 collisions/ep=1.08 (n=12)
update=118 global_step=120832 SPS=984 ev=0.997 v_bias=-0.3 return=939.0 length=80 success_rate=1.00 collisions/ep=1.42 (n=12)
update=119 global_step=121856 SPS=988 ev=1.000 v_bias=-1.6 return=960.5 length=83 success_rate=1.00 collisions/ep=1.00 (n=13)
update=120 global_step=122880 SPS=991 ev=0.999 v_bias=-0.8 return=960.3 length=80 success_rate=1.00 collisions/ep=1.00 (n=13)
Evaluation at update 120: return=958.34, length=81.45, success_rate=1.00, collisions/ep=1.05
Solved-check at update 120: solved=False worst_gap=101.01 at p_x0=2.00 p_y0=-0.50 (consecutive=0)
update=121 global_step=123904 SPS=953 ev=0.994 v_bias=4.7 return=935.4 length=82 success_rate=1.00 collisions/ep=1.50 (n=12)
update=122 global_step=124928 SPS=957 ev=0.996 v_bias=0.9 return=937.3 length=82 success_rate=1.00 collisions/ep=1.46 (n=13)
update=123 global_step=125952 SPS=961 ev=0.999 v_bias=-1.7 return=951.5 length=80 success_rate=1.00 collisions/ep=1.17 (n=12)
update=124 global_step=126976 SPS=964 ev=0.999 v_bias=-2.3 return=952.7 length=81 success_rate=1.00 collisions/ep=1.15 (n=13)
update=125 global_step=128000 SPS=968 ev=0.997 v_bias=0.7 return=949.7 length=81 success_rate=1.00 collisions/ep=1.21 (n=14)
update=126 global_step=129024 SPS=972 ev=0.998 v_bias=-1.2 return=947.5 length=80 success_rate=1.00 collisions/ep=1.25 (n=12)
update=127 global_step=130048 SPS=975 ev=0.999 v_bias=-0.9 return=951.9 length=80 success_rate=1.00 collisions/ep=1.17 (n=12)
update=128 global_step=131072 SPS=978 ev=0.999 v_bias=-1.2 return=956.3 length=84 success_rate=1.00 collisions/ep=1.08 (n=12)
update=129 global_step=132096 SPS=982 ev=0.999 v_bias=-0.8 return=956.0 length=82 success_rate=1.00 collisions/ep=1.08 (n=12)
update=130 global_step=133120 SPS=986 ev=0.999 v_bias=-0.7 return=950.3 length=83 success_rate=1.00 collisions/ep=1.20 (n=15)
Evaluation at update 130: return=958.34, length=81.45, success_rate=1.00, collisions/ep=1.05
Solved-check at update 130: solved=False worst_gap=102.01 at p_x0=0.00 p_y0=1.00 (consecutive=0)
update=131 global_step=134144 SPS=955 ev=0.993 v_bias=3.5 return=937.9 length=82 success_rate=1.00 collisions/ep=1.44 (n=9)
update=132 global_step=135168 SPS=958 ev=0.999 v_bias=-1.1 return=946.8 length=81 success_rate=1.00 collisions/ep=1.27 (n=15)
update=133 global_step=136192 SPS=961 ev=0.997 v_bias=0.8 return=951.5 length=77 success_rate=1.00 collisions/ep=1.17 (n=12)
update=134 global_step=137216 SPS=964 ev=0.998 v_bias=0.8 return=948.9 length=80 success_rate=1.00 collisions/ep=1.23 (n=13)
update=135 global_step=138240 SPS=967 ev=0.999 v_bias=-0.4 return=950.1 length=79 success_rate=1.00 collisions/ep=1.20 (n=15)
update=136 global_step=139264 SPS=971 ev=0.998 v_bias=0.6 return=955.4 length=82 success_rate=1.00 collisions/ep=1.10 (n=10)
update=137 global_step=140288 SPS=973 ev=0.999 v_bias=-1.0 return=953.4 length=82 success_rate=1.00 collisions/ep=1.14 (n=14)
update=138 global_step=141312 SPS=977 ev=0.998 v_bias=0.5 return=946.5 length=80 success_rate=1.00 collisions/ep=1.27 (n=11)
update=139 global_step=142336 SPS=981 ev=0.998 v_bias=0.8 return=945.8 length=82 success_rate=1.00 collisions/ep=1.29 (n=14)
update=140 global_step=143360 SPS=984 ev=0.999 v_bias=-1.3 return=956.2 length=80 success_rate=1.00 collisions/ep=1.08 (n=13)
Evaluation at update 140: return=958.29, length=81.50, success_rate=1.00, collisions/ep=1.05
Solved-check at update 140: solved=False worst_gap=102.01 at p_x0=0.00 p_y0=1.00 (consecutive=0)
update=141 global_step=144384 SPS=956 ev=1.000 v_bias=-1.2 return=960.2 length=83 success_rate=1.00 collisions/ep=1.00 (n=11)
update=142 global_step=145408 SPS=959 ev=0.999 v_bias=0.5 return=948.4 length=83 success_rate=1.00 collisions/ep=1.23 (n=13)
update=143 global_step=146432 SPS=962 ev=0.997 v_bias=1.7 return=943.0 length=79 success_rate=1.00 collisions/ep=1.33 (n=12)
update=144 global_step=147456 SPS=965 ev=0.998 v_bias=-0.0 return=950.4 length=80 success_rate=1.00 collisions/ep=1.20 (n=15)
update=145 global_step=148480 SPS=968 ev=0.998 v_bias=0.0 return=938.2 length=78 success_rate=1.00 collisions/ep=1.43 (n=14)
update=146 global_step=149504 SPS=972 ev=0.999 v_bias=-1.4 return=955.9 length=80 success_rate=1.00 collisions/ep=1.09 (n=11)
update=147 global_step=150528 SPS=975 ev=0.999 v_bias=-1.1 return=956.4 length=80 success_rate=1.00 collisions/ep=1.07 (n=14)
update=148 global_step=151552 SPS=978 ev=0.999 v_bias=0.1 return=951.1 length=81 success_rate=1.00 collisions/ep=1.18 (n=11)
update=149 global_step=152576 SPS=981 ev=1.000 v_bias=-0.7 return=960.3 length=83 success_rate=1.00 collisions/ep=1.00 (n=13)
update=150 global_step=153600 SPS=984 ev=0.998 v_bias=1.8 return=948.3 length=80 success_rate=1.00 collisions/ep=1.23 (n=13)
Evaluation at update 150: return=958.34, length=81.45, success_rate=1.00, collisions/ep=1.05
Solved-check at update 150: solved=False worst_gap=102.01 at p_x0=0.00 p_y0=1.00 (consecutive=0)
update=151 global_step=154624 SPS=957 ev=0.999 v_bias=-1.0 return=956.2 length=80 success_rate=1.00 collisions/ep=1.08 (n=12)
update=152 global_step=155648 SPS=960 ev=0.999 v_bias=0.7 return=952.8 length=83 success_rate=1.00 collisions/ep=1.15 (n=13)
update=153 global_step=156672 SPS=963 ev=0.996 v_bias=1.5 return=937.1 length=81 success_rate=1.00 collisions/ep=1.46 (n=13)
update=154 global_step=157696 SPS=965 ev=0.999 v_bias=-0.4 return=952.3 length=77 success_rate=1.00 collisions/ep=1.15 (n=13)
update=155 global_step=158720 SPS=968 ev=0.999 v_bias=-0.8 return=952.5 length=81 success_rate=1.00 collisions/ep=1.15 (n=13)
update=156 global_step=159744 SPS=971 ev=0.999 v_bias=0.2 return=956.1 length=82 success_rate=1.00 collisions/ep=1.08 (n=12)
update=157 global_step=160768 SPS=975 ev=0.999 v_bias=-0.4 return=948.8 length=79 success_rate=1.00 collisions/ep=1.23 (n=13)
update=158 global_step=161792 SPS=978 ev=0.999 v_bias=-0.5 return=955.5 length=79 success_rate=1.00 collisions/ep=1.09 (n=11)
update=159 global_step=162816 SPS=981 ev=0.999 v_bias=0.0 return=957.4 length=83 success_rate=1.00 collisions/ep=1.07 (n=15)
update=160 global_step=163840 SPS=985 ev=0.999 v_bias=0.1 return=950.6 length=84 success_rate=1.00 collisions/ep=1.20 (n=10)
Evaluation at update 160: return=958.34, length=81.45, success_rate=1.00, collisions/ep=1.05
Solved-check at update 160: solved=False worst_gap=102.01 at p_x0=0.00 p_y0=1.00 (consecutive=0)
update=161 global_step=164864 SPS=963 ev=0.999 v_bias=-0.7 return=950.2 length=79 success_rate=1.00 collisions/ep=1.20 (n=15)
update=162 global_step=165888 SPS=966 ev=1.000 v_bias=-0.5 return=959.9 length=77 success_rate=1.00 collisions/ep=1.00 (n=13)
update=163 global_step=166912 SPS=969 ev=0.998 v_bias=2.0 return=951.7 length=80 success_rate=1.00 collisions/ep=1.17 (n=12)
update=164 global_step=167936 SPS=973 ev=0.998 v_bias=1.0 return=939.9 length=79 success_rate=1.00 collisions/ep=1.40 (n=15)
update=165 global_step=168960 SPS=975 ev=1.000 v_bias=-1.2 return=960.1 length=81 success_rate=1.00 collisions/ep=1.00 (n=11)
update=166 global_step=169984 SPS=979 ev=0.999 v_bias=-0.4 return=956.3 length=83 success_rate=1.00 collisions/ep=1.08 (n=13)
update=167 global_step=171008 SPS=982 ev=0.999 v_bias=-0.1 return=951.1 length=80 success_rate=1.00 collisions/ep=1.18 (n=11)
update=168 global_step=172032 SPS=985 ev=0.999 v_bias=0.7 return=956.7 length=83 success_rate=1.00 collisions/ep=1.08 (n=13)
update=169 global_step=173056 SPS=988 ev=0.997 v_bias=1.2 return=938.8 length=82 success_rate=1.00 collisions/ep=1.43 (n=14)
update=170 global_step=174080 SPS=992 ev=0.999 v_bias=-1.0 return=956.1 length=83 success_rate=1.00 collisions/ep=1.09 (n=11)
Evaluation at update 170: return=958.29, length=81.50, success_rate=1.00, collisions/ep=1.05
Solved-check at update 170: solved=False worst_gap=102.01 at p_x0=0.00 p_y0=1.00 (consecutive=0)
update=171 global_step=175104 SPS=978 ev=0.999 v_bias=-1.1 return=949.4 length=81 success_rate=1.00 collisions/ep=1.21 (n=14)
update=172 global_step=176128 SPS=982 ev=0.999 v_bias=0.5 return=955.4 length=82 success_rate=1.00 collisions/ep=1.10 (n=10)
update=173 global_step=177152 SPS=985 ev=0.999 v_bias=-0.5 return=953.3 length=81 success_rate=1.00 collisions/ep=1.14 (n=14)
update=174 global_step=178176 SPS=989 ev=0.998 v_bias=0.8 return=947.7 length=82 success_rate=1.00 collisions/ep=1.25 (n=12)
update=175 global_step=179200 SPS=992 ev=0.999 v_bias=-0.8 return=956.7 length=83 success_rate=1.00 collisions/ep=1.08 (n=13)
update=176 global_step=180224 SPS=996 ev=0.999 v_bias=0.6 return=952.5 length=81 success_rate=1.00 collisions/ep=1.15 (n=13)
update=177 global_step=181248 SPS=1000 ev=0.999 v_bias=-0.6 return=948.9 length=81 success_rate=1.00 collisions/ep=1.23 (n=13)
update=178 global_step=182272 SPS=1004 ev=0.998 v_bias=-0.3 return=956.1 length=81 success_rate=1.00 collisions/ep=1.08 (n=12)
update=179 global_step=183296 SPS=1008 ev=0.999 v_bias=-0.3 return=956.6 length=82 success_rate=1.00 collisions/ep=1.07 (n=14)
update=180 global_step=184320 SPS=1012 ev=0.998 v_bias=0.9 return=944.8 length=77 success_rate=1.00 collisions/ep=1.30 (n=10)
Evaluation at update 180: return=958.24, length=81.55, success_rate=1.00, collisions/ep=1.05
Solved-check at update 180: solved=False worst_gap=101.01 at p_x0=2.00 p_y0=-0.50 (consecutive=0)
update=181 global_step=185344 SPS=1000 ev=0.998 v_bias=1.0 return=942.3 length=80 success_rate=1.00 collisions/ep=1.36 (n=14)
update=182 global_step=186368 SPS=1004 ev=0.999 v_bias=-0.6 return=949.1 length=80 success_rate=1.00 collisions/ep=1.21 (n=14)
update=183 global_step=187392 SPS=1008 ev=0.999 v_bias=-0.5 return=960.0 length=79 success_rate=1.00 collisions/ep=1.00 (n=12)
update=184 global_step=188416 SPS=1012 ev=0.999 v_bias=0.0 return=948.8 length=82 success_rate=1.00 collisions/ep=1.23 (n=13)
update=185 global_step=189440 SPS=1016 ev=0.997 v_bias=0.3 return=947.4 length=79 success_rate=1.00 collisions/ep=1.25 (n=12)
update=186 global_step=190464 SPS=1019 ev=0.998 v_bias=0.3 return=945.8 length=79 success_rate=1.00 collisions/ep=1.29 (n=14)
update=187 global_step=191488 SPS=1023 ev=0.998 v_bias=-1.9 return=946.7 length=81 success_rate=1.00 collisions/ep=1.27 (n=11)
update=188 global_step=192512 SPS=1026 ev=0.999 v_bias=0.5 return=952.9 length=78 success_rate=1.00 collisions/ep=1.14 (n=14)
update=189 global_step=193536 SPS=1030 ev=0.999 v_bias=0.2 return=956.6 length=80 success_rate=1.00 collisions/ep=1.07 (n=14)
update=190 global_step=194560 SPS=1034 ev=0.999 v_bias=0.3 return=955.9 length=80 success_rate=1.00 collisions/ep=1.09 (n=11)
Evaluation at update 190: return=958.24, length=81.55, success_rate=1.00, collisions/ep=1.05
Solved-check at update 190: solved=False worst_gap=102.01 at p_x0=0.00 p_y0=1.00 (consecutive=0)
update=191 global_step=195584 SPS=1025 ev=0.999 v_bias=0.5 return=953.5 length=81 success_rate=1.00 collisions/ep=1.13 (n=15)
update=192 global_step=196608 SPS=1028 ev=0.999 v_bias=-0.3 return=960.0 length=79 success_rate=1.00 collisions/ep=1.00 (n=10)
update=193 global_step=197632 SPS=1033 ev=0.999 v_bias=0.7 return=953.7 length=81 success_rate=1.00 collisions/ep=1.13 (n=15)
update=194 global_step=198656 SPS=1036 ev=0.999 v_bias=0.1 return=952.3 length=80 success_rate=1.00 collisions/ep=1.15 (n=13)
update=195 global_step=199680 SPS=1040 ev=0.998 v_bias=1.0 return=946.1 length=79 success_rate=1.00 collisions/ep=1.27 (n=11)
update=196 global_step=200704 SPS=1044 ev=0.997 v_bias=1.5 return=943.3 length=79 success_rate=1.00 collisions/ep=1.33 (n=15)
update=197 global_step=201728 SPS=1048 ev=0.999 v_bias=-1.3 return=951.0 length=80 success_rate=1.00 collisions/ep=1.18 (n=11)
update=198 global_step=202752 SPS=1052 ev=0.999 v_bias=-1.2 return=956.5 length=81 success_rate=1.00 collisions/ep=1.07 (n=14)
update=199 global_step=203776 SPS=1056 ev=1.000 v_bias=-0.9 return=956.1 length=79 success_rate=1.00 collisions/ep=1.08 (n=12)
update=200 global_step=204800 SPS=1060 ev=0.998 v_bias=0.5 return=955.8 length=80 success_rate=1.00 collisions/ep=1.08 (n=12)
Evaluation at update 200: return=958.24, length=81.55, success_rate=1.00, collisions/ep=1.05
Solved-check at update 200: solved=False worst_gap=102.01 at p_x0=0.00 p_y0=1.00 (consecutive=0)
Saved checkpoints to C:\Users\loren\Desktop\MASTER THESIS\5_CODE\scenarios\slalom\studies\ppo\runs\ppo_slalom_20_1791079372
