Using device: cpu
Solved-check: precomputed optimal returns for 25 fixed initial conditions (mean=1011.8, min=1007.0, max=1014.0); solved-tolerance=5.0
batch_size=1024 minibatch_size=256 num_updates=200 timesteps=204800
update=1 global_step=1024 SPS=1444 ev=0.000 v_bias=44.0
update=2 global_step=2048 SPS=1891 ev=-0.017 v_bias=19.6 return=-486.2 length=193 success_rate=0.12 collisions/ep=8.50 (n=8)
update=3 global_step=3072 SPS=2132 ev=0.435 v_bias=-7.8 return=412.9 length=166 success_rate=0.67 collisions/ep=3.67 (n=3)
update=4 global_step=4096 SPS=2277 ev=0.738 v_bias=-7.9 return=-248.6 length=184 success_rate=0.17 collisions/ep=5.00 (n=6)
update=5 global_step=5120 SPS=2370 ev=0.663 v_bias=-13.0 return=25.4 length=182 success_rate=0.38 collisions/ep=4.12 (n=8)
update=6 global_step=6144 SPS=1846 ev=0.784 v_bias=-28.7 return=432.0 length=132 success_rate=0.86 collisions/ep=7.57 (n=7)
update=7 global_step=7168 SPS=1607 ev=0.904 v_bias=-71.3 return=512.5 length=139 success_rate=0.78 collisions/ep=3.89 (n=9)
update=8 global_step=8192 SPS=1686 ev=0.913 v_bias=-40.7 return=690.1 length=123 success_rate=1.00 collisions/ep=5.57 (n=7)
update=9 global_step=9216 SPS=1769 ev=0.973 v_bias=-58.9 return=585.9 length=110 success_rate=0.83 collisions/ep=4.33 (n=12)
update=10 global_step=10240 SPS=1842 ev=0.968 v_bias=-34.1 return=716.8 length=88 success_rate=1.00 collisions/ep=5.70 (n=10)
Evaluation at update 10: return=532.93, length=81.85, success_rate=1.00, collisions/ep=9.50
Solved-check at update 10: solved=False worst_gap=504.98 at p_x0=1.00 p_y0=1.00 (consecutive=0)
update=11 global_step=11264 SPS=1168 ev=0.968 v_bias=-30.7 return=791.1 length=89 success_rate=1.00 collisions/ep=4.25 (n=12)
update=12 global_step=12288 SPS=1226 ev=0.968 v_bias=-16.8 return=779.6 length=86 success_rate=1.00 collisions/ep=4.50 (n=12)
update=13 global_step=13312 SPS=1272 ev=0.960 v_bias=-30.2 return=786.1 length=85 success_rate=1.00 collisions/ep=4.36 (n=11)
update=14 global_step=14336 SPS=1316 ev=0.977 v_bias=-12.0 return=870.9 length=87 success_rate=1.00 collisions/ep=2.71 (n=14)
update=15 global_step=15360 SPS=1362 ev=0.963 v_bias=-9.9 return=789.3 length=87 success_rate=1.00 collisions/ep=4.33 (n=9)
update=16 global_step=16384 SPS=1405 ev=0.978 v_bias=0.3 return=767.4 length=86 success_rate=1.00 collisions/ep=4.80 (n=15)
update=17 global_step=17408 SPS=1445 ev=0.966 v_bias=-5.2 return=835.7 length=85 success_rate=1.00 collisions/ep=3.44 (n=9)
update=18 global_step=18432 SPS=1486 ev=0.983 v_bias=-12.3 return=823.3 length=84 success_rate=1.00 collisions/ep=3.67 (n=15)
update=19 global_step=19456 SPS=1524 ev=0.979 v_bias=-11.5 return=876.9 length=86 success_rate=1.00 collisions/ep=2.60 (n=10)
update=20 global_step=20480 SPS=1559 ev=0.975 v_bias=5.3 return=848.9 length=85 success_rate=1.00 collisions/ep=3.14 (n=14)
Evaluation at update 20: return=954.37, length=80.40, success_rate=1.00, collisions/ep=1.10
Solved-check at update 20: solved=False worst_gap=101.98 at p_x0=2.00 p_y0=-0.50 (consecutive=0)
update=21 global_step=21504 SPS=1109 ev=0.972 v_bias=-0.2 return=875.7 length=86 success_rate=1.00 collisions/ep=2.60 (n=10)
update=22 global_step=22528 SPS=1139 ev=0.985 v_bias=-6.4 return=838.6 length=84 success_rate=1.00 collisions/ep=3.36 (n=14)
update=23 global_step=23552 SPS=1171 ev=0.981 v_bias=-2.2 return=878.6 length=84 success_rate=1.00 collisions/ep=2.58 (n=12)
update=24 global_step=24576 SPS=1201 ev=0.986 v_bias=-7.7 return=887.2 length=80 success_rate=1.00 collisions/ep=2.42 (n=12)
update=25 global_step=25600 SPS=1228 ev=0.990 v_bias=-5.9 return=912.0 length=84 success_rate=1.00 collisions/ep=1.92 (n=12)
update=26 global_step=26624 SPS=1254 ev=0.987 v_bias=-3.3 return=905.0 length=81 success_rate=1.00 collisions/ep=2.08 (n=13)
update=27 global_step=27648 SPS=1281 ev=0.980 v_bias=2.2 return=899.7 length=81 success_rate=1.00 collisions/ep=2.17 (n=12)
update=28 global_step=28672 SPS=1306 ev=0.994 v_bias=-7.6 return=921.0 length=85 success_rate=1.00 collisions/ep=1.75 (n=12)
update=29 global_step=29696 SPS=1331 ev=0.981 v_bias=-2.4 return=923.1 length=79 success_rate=1.00 collisions/ep=1.69 (n=13)
update=30 global_step=30720 SPS=1353 ev=0.980 v_bias=3.7 return=904.8 length=83 success_rate=1.00 collisions/ep=2.07 (n=14)
Evaluation at update 30: return=954.66, length=80.10, success_rate=1.00, collisions/ep=1.10
Solved-check at update 30: solved=False worst_gap=102.99 at p_x0=0.00 p_y0=1.00 (consecutive=0)
update=31 global_step=31744 SPS=1038 ev=0.977 v_bias=5.5 return=881.0 length=83 success_rate=1.00 collisions/ep=2.55 (n=11)
update=32 global_step=32768 SPS=1035 ev=0.992 v_bias=-0.4 return=897.8 length=82 success_rate=1.00 collisions/ep=2.21 (n=14)
update=33 global_step=33792 SPS=1032 ev=0.941 v_bias=8.0 return=885.4 length=82 success_rate=1.00 collisions/ep=2.45 (n=11)
update=34 global_step=34816 SPS=1030 ev=0.983 v_bias=0.1 return=929.1 length=84 success_rate=1.00 collisions/ep=1.57 (n=14)
update=35 global_step=35840 SPS=1025 ev=0.983 v_bias=-2.7 return=908.1 length=82 success_rate=1.00 collisions/ep=2.00 (n=11)
update=36 global_step=36864 SPS=1023 ev=0.984 v_bias=-2.7 return=908.5 length=81 success_rate=1.00 collisions/ep=2.00 (n=13)
update=37 global_step=37888 SPS=1022 ev=0.985 v_bias=2.1 return=903.9 length=82 success_rate=1.00 collisions/ep=2.09 (n=11)
update=38 global_step=38912 SPS=1021 ev=0.996 v_bias=-2.2 return=933.9 length=82 success_rate=1.00 collisions/ep=1.50 (n=14)
update=39 global_step=39936 SPS=1020 ev=0.985 v_bias=4.7 return=908.6 length=83 success_rate=1.00 collisions/ep=2.00 (n=12)
update=40 global_step=40960 SPS=1036 ev=0.994 v_bias=-1.3 return=909.5 length=84 success_rate=1.00 collisions/ep=2.00 (n=12)
Evaluation at update 40: return=952.76, length=79.50, success_rate=1.00, collisions/ep=1.15
Solved-check at update 40: solved=False worst_gap=100.99 at p_x0=1.50 p_y0=-0.50 (consecutive=0)
update=41 global_step=41984 SPS=892 ev=0.997 v_bias=-3.7 return=947.0 length=80 success_rate=1.00 collisions/ep=1.25 (n=12)
update=42 global_step=43008 SPS=893 ev=0.988 v_bias=1.9 return=925.0 length=83 success_rate=1.00 collisions/ep=1.69 (n=13)
update=43 global_step=44032 SPS=894 ev=0.986 v_bias=0.1 return=915.7 length=80 success_rate=1.00 collisions/ep=1.87 (n=15)
update=44 global_step=45056 SPS=896 ev=0.990 v_bias=0.0 return=904.3 length=79 success_rate=1.00 collisions/ep=2.10 (n=10)
update=45 global_step=46080 SPS=897 ev=0.994 v_bias=-0.7 return=937.5 length=82 success_rate=1.00 collisions/ep=1.43 (n=14)
update=46 global_step=47104 SPS=898 ev=0.988 v_bias=2.3 return=905.1 length=81 success_rate=1.00 collisions/ep=2.08 (n=13)
update=47 global_step=48128 SPS=899 ev=0.997 v_bias=-5.0 return=946.1 length=79 success_rate=1.00 collisions/ep=1.25 (n=12)
update=48 global_step=49152 SPS=899 ev=0.996 v_bias=-1.7 return=934.2 length=82 success_rate=1.00 collisions/ep=1.50 (n=14)
update=49 global_step=50176 SPS=900 ev=0.995 v_bias=-1.3 return=934.3 length=80 success_rate=1.00 collisions/ep=1.50 (n=10)
update=50 global_step=51200 SPS=901 ev=0.993 v_bias=1.3 return=936.0 length=83 success_rate=1.00 collisions/ep=1.47 (n=15)
Evaluation at update 50: return=955.31, length=79.45, success_rate=1.00, collisions/ep=1.10
Solved-check at update 50: solved=False worst_gap=102.00 at p_x0=0.00 p_y0=1.00 (consecutive=0)
update=51 global_step=52224 SPS=820 ev=0.994 v_bias=-0.0 return=938.9 length=81 success_rate=1.00 collisions/ep=1.40 (n=10)
update=52 global_step=53248 SPS=830 ev=0.995 v_bias=0.3 return=934.3 length=81 success_rate=1.00 collisions/ep=1.50 (n=14)
update=53 global_step=54272 SPS=841 ev=0.996 v_bias=-0.8 return=932.7 length=80 success_rate=1.00 collisions/ep=1.54 (n=13)
update=54 global_step=55296 SPS=852 ev=0.994 v_bias=-0.3 return=943.8 length=83 success_rate=1.00 collisions/ep=1.33 (n=12)
update=55 global_step=56320 SPS=862 ev=0.981 v_bias=4.1 return=912.9 length=79 success_rate=1.00 collisions/ep=1.93 (n=15)
update=56 global_step=57344 SPS=873 ev=0.992 v_bias=-1.3 return=938.1 length=82 success_rate=1.00 collisions/ep=1.44 (n=9)
update=57 global_step=58368 SPS=883 ev=0.997 v_bias=-1.8 return=939.5 length=80 success_rate=1.00 collisions/ep=1.40 (n=15)
update=58 global_step=59392 SPS=894 ev=0.997 v_bias=-1.7 return=943.1 length=81 success_rate=1.00 collisions/ep=1.33 (n=12)
update=59 global_step=60416 SPS=895 ev=0.994 v_bias=-0.4 return=936.4 length=80 success_rate=1.00 collisions/ep=1.46 (n=13)
update=60 global_step=61440 SPS=897 ev=0.991 v_bias=2.9 return=932.0 length=82 success_rate=1.00 collisions/ep=1.57 (n=14)
Evaluation at update 60: return=953.30, length=78.95, success_rate=1.00, collisions/ep=1.15
Solved-check at update 60: solved=False worst_gap=101.00 at p_x0=0.00 p_y0=1.00 (consecutive=0)
update=61 global_step=62464 SPS=795 ev=0.998 v_bias=-1.5 return=942.1 length=81 success_rate=1.00 collisions/ep=1.36 (n=11)
update=62 global_step=63488 SPS=797 ev=0.994 v_bias=0.9 return=933.7 length=80 success_rate=1.00 collisions/ep=1.53 (n=15)
update=63 global_step=64512 SPS=799 ev=0.997 v_bias=-1.4 return=945.6 length=83 success_rate=1.00 collisions/ep=1.30 (n=10)
update=64 global_step=65536 SPS=801 ev=0.994 v_bias=1.9 return=935.3 length=81 success_rate=1.00 collisions/ep=1.50 (n=14)
update=65 global_step=66560 SPS=803 ev=0.994 v_bias=-0.3 return=934.8 length=78 success_rate=1.00 collisions/ep=1.50 (n=10)
update=66 global_step=67584 SPS=804 ev=0.998 v_bias=-1.8 return=950.7 length=84 success_rate=1.00 collisions/ep=1.20 (n=15)
update=67 global_step=68608 SPS=806 ev=0.994 v_bias=1.0 return=933.2 length=82 success_rate=1.00 collisions/ep=1.55 (n=11)
update=68 global_step=69632 SPS=808 ev=0.997 v_bias=-1.7 return=952.0 length=81 success_rate=1.00 collisions/ep=1.17 (n=12)
update=69 global_step=70656 SPS=809 ev=0.999 v_bias=-1.0 return=946.9 length=83 success_rate=1.00 collisions/ep=1.27 (n=15)
update=70 global_step=71680 SPS=815 ev=0.997 v_bias=-0.3 return=945.0 length=81 success_rate=1.00 collisions/ep=1.30 (n=10)
Evaluation at update 70: return=953.30, length=78.95, success_rate=1.00, collisions/ep=1.15
Solved-check at update 70: solved=False worst_gap=101.00 at p_x0=0.00 p_y0=-1.00 (consecutive=0)
update=71 global_step=72704 SPS=762 ev=0.997 v_bias=1.4 return=947.1 length=81 success_rate=1.00 collisions/ep=1.27 (n=15)
update=72 global_step=73728 SPS=768 ev=0.995 v_bias=0.2 return=947.0 length=82 success_rate=1.00 collisions/ep=1.27 (n=11)
update=73 global_step=74752 SPS=776 ev=0.999 v_bias=-1.5 return=941.5 length=81 success_rate=1.00 collisions/ep=1.38 (n=13)
update=74 global_step=75776 SPS=783 ev=0.996 v_bias=1.3 return=941.1 length=80 success_rate=1.00 collisions/ep=1.38 (n=13)
update=75 global_step=76800 SPS=791 ev=0.997 v_bias=0.7 return=956.6 length=81 success_rate=1.00 collisions/ep=1.08 (n=12)
update=76 global_step=77824 SPS=798 ev=0.995 v_bias=1.1 return=931.6 length=81 success_rate=1.00 collisions/ep=1.57 (n=14)
update=77 global_step=78848 SPS=806 ev=0.995 v_bias=1.6 return=937.0 length=78 success_rate=1.00 collisions/ep=1.45 (n=11)
update=78 global_step=79872 SPS=813 ev=0.998 v_bias=-2.0 return=942.8 length=81 success_rate=1.00 collisions/ep=1.36 (n=14)
update=79 global_step=80896 SPS=820 ev=0.998 v_bias=-1.5 return=953.2 length=80 success_rate=1.00 collisions/ep=1.14 (n=14)
update=80 global_step=81920 SPS=827 ev=0.998 v_bias=-1.8 return=945.7 length=82 success_rate=1.00 collisions/ep=1.30 (n=10)
Evaluation at update 80: return=953.30, length=78.95, success_rate=1.00, collisions/ep=1.15
Solved-check at update 80: solved=False worst_gap=101.01 at p_x0=0.00 p_y0=1.00 (consecutive=0)
update=81 global_step=82944 SPS=779 ev=0.998 v_bias=-1.6 return=953.8 length=80 success_rate=1.00 collisions/ep=1.13 (n=15)
update=82 global_step=83968 SPS=781 ev=0.995 v_bias=3.1 return=939.6 length=79 success_rate=1.00 collisions/ep=1.42 (n=12)
update=83 global_step=84992 SPS=783 ev=0.995 v_bias=2.5 return=931.1 length=81 success_rate=1.00 collisions/ep=1.58 (n=12)
update=84 global_step=86016 SPS=784 ev=0.995 v_bias=1.0 return=936.8 length=79 success_rate=1.00 collisions/ep=1.47 (n=15)
update=85 global_step=87040 SPS=790 ev=0.998 v_bias=-1.7 return=951.3 length=81 success_rate=1.00 collisions/ep=1.18 (n=11)
update=86 global_step=88064 SPS=795 ev=0.998 v_bias=0.3 return=944.7 length=78 success_rate=1.00 collisions/ep=1.31 (n=13)
update=87 global_step=89088 SPS=802 ev=0.997 v_bias=-0.1 return=946.2 length=81 success_rate=1.00 collisions/ep=1.29 (n=14)
update=88 global_step=90112 SPS=808 ev=0.995 v_bias=0.8 return=935.0 length=80 success_rate=1.00 collisions/ep=1.50 (n=12)
update=89 global_step=91136 SPS=815 ev=0.999 v_bias=-0.9 return=952.2 length=83 success_rate=1.00 collisions/ep=1.17 (n=12)
update=90 global_step=92160 SPS=821 ev=0.998 v_bias=-0.5 return=955.7 length=79 success_rate=1.00 collisions/ep=1.08 (n=12)
Evaluation at update 90: return=955.50, length=79.25, success_rate=1.00, collisions/ep=1.10
Solved-check at update 90: solved=False worst_gap=102.01 at p_x0=0.00 p_y0=1.00 (consecutive=0)
update=91 global_step=93184 SPS=800 ev=0.998 v_bias=0.8 return=946.1 length=83 success_rate=1.00 collisions/ep=1.29 (n=14)
update=92 global_step=94208 SPS=806 ev=0.997 v_bias=0.5 return=947.6 length=80 success_rate=1.00 collisions/ep=1.25 (n=12)
update=93 global_step=95232 SPS=812 ev=0.999 v_bias=-2.3 return=960.1 length=80 success_rate=1.00 collisions/ep=1.00 (n=13)
update=94 global_step=96256 SPS=818 ev=0.994 v_bias=3.6 return=952.3 length=83 success_rate=1.00 collisions/ep=1.17 (n=12)
update=95 global_step=97280 SPS=824 ev=0.998 v_bias=-0.4 return=933.0 length=79 success_rate=1.00 collisions/ep=1.54 (n=13)
update=96 global_step=98304 SPS=830 ev=0.992 v_bias=1.4 return=929.1 length=80 success_rate=1.00 collisions/ep=1.62 (n=13)
update=97 global_step=99328 SPS=836 ev=0.999 v_bias=-2.5 return=955.7 length=82 success_rate=1.00 collisions/ep=1.08 (n=13)
update=98 global_step=100352 SPS=842 ev=0.998 v_bias=1.4 return=955.7 length=79 success_rate=1.00 collisions/ep=1.08 (n=13)
update=99 global_step=101376 SPS=848 ev=0.997 v_bias=0.3 return=932.7 length=82 success_rate=1.00 collisions/ep=1.55 (n=11)
update=100 global_step=102400 SPS=854 ev=0.998 v_bias=0.5 return=953.4 length=82 success_rate=1.00 collisions/ep=1.13 (n=15)
Evaluation at update 100: return=955.45, length=79.30, success_rate=1.00, collisions/ep=1.10
Solved-check at update 100: solved=False worst_gap=102.01 at p_x0=0.00 p_y0=1.00 (consecutive=0)
update=101 global_step=103424 SPS=837 ev=0.995 v_bias=1.3 return=937.2 length=80 success_rate=1.00 collisions/ep=1.45 (n=11)
update=102 global_step=104448 SPS=843 ev=0.999 v_bias=-2.1 return=952.6 length=80 success_rate=1.00 collisions/ep=1.14 (n=14)
update=103 global_step=105472 SPS=849 ev=0.997 v_bias=-0.7 return=951.7 length=82 success_rate=1.00 collisions/ep=1.17 (n=12)
update=104 global_step=106496 SPS=854 ev=0.996 v_bias=2.0 return=943.6 length=81 success_rate=1.00 collisions/ep=1.33 (n=12)
update=105 global_step=107520 SPS=860 ev=0.999 v_bias=-1.7 return=941.0 length=82 success_rate=1.00 collisions/ep=1.38 (n=13)
update=106 global_step=108544 SPS=865 ev=0.997 v_bias=-0.2 return=942.9 length=81 success_rate=1.00 collisions/ep=1.33 (n=12)
update=107 global_step=109568 SPS=870 ev=0.998 v_bias=-0.9 return=952.7 length=81 success_rate=1.00 collisions/ep=1.14 (n=14)
update=108 global_step=110592 SPS=876 ev=0.998 v_bias=0.1 return=938.9 length=78 success_rate=1.00 collisions/ep=1.42 (n=12)
update=109 global_step=111616 SPS=881 ev=0.998 v_bias=-0.4 return=955.9 length=80 success_rate=1.00 collisions/ep=1.08 (n=12)
update=110 global_step=112640 SPS=887 ev=0.998 v_bias=0.2 return=944.7 length=82 success_rate=1.00 collisions/ep=1.31 (n=13)
Evaluation at update 110: return=955.35, length=79.40, success_rate=1.00, collisions/ep=1.10
Solved-check at update 110: solved=False worst_gap=102.01 at p_x0=0.00 p_y0=1.00 (consecutive=0)
update=111 global_step=113664 SPS=843 ev=0.998 v_bias=-0.4 return=951.5 length=81 success_rate=1.00 collisions/ep=1.17 (n=12)
update=112 global_step=114688 SPS=844 ev=0.999 v_bias=-1.5 return=956.0 length=80 success_rate=1.00 collisions/ep=1.08 (n=13)
update=113 global_step=115712 SPS=845 ev=0.998 v_bias=0.3 return=953.0 length=82 success_rate=1.00 collisions/ep=1.14 (n=14)
update=114 global_step=116736 SPS=846 ev=0.999 v_bias=-1.4 return=956.2 length=81 success_rate=1.00 collisions/ep=1.08 (n=12)
update=115 global_step=117760 SPS=847 ev=0.998 v_bias=0.7 return=943.2 length=80 success_rate=1.00 collisions/ep=1.33 (n=12)
update=116 global_step=118784 SPS=848 ev=0.999 v_bias=-0.2 return=952.7 length=82 success_rate=1.00 collisions/ep=1.15 (n=13)
update=117 global_step=119808 SPS=852 ev=0.998 v_bias=0.5 return=943.5 length=80 success_rate=1.00 collisions/ep=1.33 (n=12)
update=118 global_step=120832 SPS=857 ev=0.998 v_bias=0.3 return=952.6 length=83 success_rate=1.00 collisions/ep=1.15 (n=13)
update=119 global_step=121856 SPS=862 ev=0.999 v_bias=0.8 return=952.0 length=83 success_rate=1.00 collisions/ep=1.17 (n=12)
update=120 global_step=122880 SPS=867 ev=0.998 v_bias=-0.5 return=952.0 length=82 success_rate=1.00 collisions/ep=1.17 (n=12)
Evaluation at update 120: return=953.15, length=79.10, success_rate=1.00, collisions/ep=1.15
Solved-check at update 120: solved=False worst_gap=102.01 at p_x0=0.00 p_y0=1.00 (consecutive=0)
update=121 global_step=123904 SPS=829 ev=0.999 v_bias=-1.4 return=952.3 length=81 success_rate=1.00 collisions/ep=1.15 (n=13)
update=122 global_step=124928 SPS=830 ev=0.998 v_bias=-0.0 return=952.6 length=80 success_rate=1.00 collisions/ep=1.15 (n=13)
update=123 global_step=125952 SPS=831 ev=0.998 v_bias=1.4 return=950.0 length=82 success_rate=1.00 collisions/ep=1.21 (n=14)
update=124 global_step=126976 SPS=831 ev=0.999 v_bias=-0.8 return=951.4 length=82 success_rate=1.00 collisions/ep=1.18 (n=11)
update=125 global_step=128000 SPS=832 ev=0.998 v_bias=0.8 return=956.3 length=79 success_rate=1.00 collisions/ep=1.08 (n=13)
update=126 global_step=129024 SPS=833 ev=0.998 v_bias=-0.5 return=949.2 length=78 success_rate=1.00 collisions/ep=1.21 (n=14)
update=127 global_step=130048 SPS=838 ev=0.999 v_bias=0.1 return=948.8 length=80 success_rate=1.00 collisions/ep=1.23 (n=13)
update=128 global_step=131072 SPS=842 ev=0.998 v_bias=-0.3 return=955.7 length=83 success_rate=1.00 collisions/ep=1.09 (n=11)
update=129 global_step=132096 SPS=847 ev=0.998 v_bias=1.2 return=940.1 length=79 success_rate=1.00 collisions/ep=1.40 (n=15)
update=130 global_step=133120 SPS=851 ev=0.998 v_bias=-0.0 return=955.6 length=81 success_rate=1.00 collisions/ep=1.10 (n=10)
Evaluation at update 130: return=953.20, length=79.05, success_rate=1.00, collisions/ep=1.15
Solved-check at update 130: solved=False worst_gap=101.01 at p_x0=1.50 p_y0=-0.50 (consecutive=0)
update=131 global_step=134144 SPS=834 ev=0.997 v_bias=-0.3 return=935.4 length=82 success_rate=1.00 collisions/ep=1.50 (n=14)
update=132 global_step=135168 SPS=839 ev=0.998 v_bias=0.5 return=949.1 length=81 success_rate=1.00 collisions/ep=1.23 (n=13)
update=133 global_step=136192 SPS=843 ev=0.999 v_bias=-1.5 return=951.9 length=81 success_rate=1.00 collisions/ep=1.17 (n=12)
update=134 global_step=137216 SPS=848 ev=0.999 v_bias=-0.1 return=956.7 length=82 success_rate=1.00 collisions/ep=1.08 (n=13)
update=135 global_step=138240 SPS=852 ev=0.999 v_bias=0.1 return=960.5 length=82 success_rate=1.00 collisions/ep=1.00 (n=11)
update=136 global_step=139264 SPS=856 ev=1.000 v_bias=-0.6 return=953.3 length=80 success_rate=1.00 collisions/ep=1.14 (n=14)
update=137 global_step=140288 SPS=860 ev=0.999 v_bias=-0.0 return=956.7 length=82 success_rate=1.00 collisions/ep=1.08 (n=13)
update=138 global_step=141312 SPS=864 ev=0.997 v_bias=0.8 return=937.6 length=80 success_rate=1.00 collisions/ep=1.45 (n=11)
update=139 global_step=142336 SPS=868 ev=0.997 v_bias=1.4 return=952.9 length=79 success_rate=1.00 collisions/ep=1.14 (n=14)
update=140 global_step=143360 SPS=872 ev=0.996 v_bias=0.5 return=935.2 length=80 success_rate=1.00 collisions/ep=1.50 (n=14)
Evaluation at update 140: return=953.10, length=79.15, success_rate=1.00, collisions/ep=1.15
Solved-check at update 140: solved=False worst_gap=102.01 at p_x0=0.00 p_y0=1.00 (consecutive=0)
update=141 global_step=144384 SPS=856 ev=0.997 v_bias=1.1 return=947.6 length=81 success_rate=1.00 collisions/ep=1.25 (n=12)
update=142 global_step=145408 SPS=860 ev=0.999 v_bias=-1.9 return=952.7 length=81 success_rate=1.00 collisions/ep=1.15 (n=13)
update=143 global_step=146432 SPS=864 ev=0.999 v_bias=-0.5 return=960.4 length=79 success_rate=1.00 collisions/ep=1.00 (n=11)
update=144 global_step=147456 SPS=868 ev=0.999 v_bias=-0.9 return=953.0 length=78 success_rate=1.00 collisions/ep=1.14 (n=14)
update=145 global_step=148480 SPS=873 ev=0.990 v_bias=4.1 return=935.2 length=81 success_rate=1.00 collisions/ep=1.50 (n=14)
update=146 global_step=149504 SPS=877 ev=0.998 v_bias=-1.2 return=956.0 length=79 success_rate=1.00 collisions/ep=1.08 (n=12)
update=147 global_step=150528 SPS=880 ev=0.997 v_bias=0.8 return=944.6 length=79 success_rate=1.00 collisions/ep=1.31 (n=13)
update=148 global_step=151552 SPS=884 ev=0.998 v_bias=-0.7 return=946.7 length=81 success_rate=1.00 collisions/ep=1.27 (n=11)
update=149 global_step=152576 SPS=888 ev=0.990 v_bias=2.6 return=935.2 length=79 success_rate=1.00 collisions/ep=1.50 (n=16)
update=150 global_step=153600 SPS=892 ev=0.998 v_bias=-0.3 return=960.3 length=81 success_rate=1.00 collisions/ep=1.00 (n=11)
Evaluation at update 150: return=953.10, length=79.15, success_rate=1.00, collisions/ep=1.15
Solved-check at update 150: solved=False worst_gap=101.01 at p_x0=2.00 p_y0=-0.50 (consecutive=0)
update=151 global_step=154624 SPS=861 ev=0.997 v_bias=0.6 return=939.2 length=79 success_rate=1.00 collisions/ep=1.42 (n=12)
update=152 global_step=155648 SPS=861 ev=0.999 v_bias=-1.5 return=956.5 length=81 success_rate=1.00 collisions/ep=1.07 (n=14)
update=153 global_step=156672 SPS=861 ev=0.998 v_bias=-0.4 return=955.9 length=81 success_rate=1.00 collisions/ep=1.08 (n=12)
update=154 global_step=157696 SPS=863 ev=0.999 v_bias=-0.8 return=952.5 length=80 success_rate=1.00 collisions/ep=1.15 (n=13)
update=155 global_step=158720 SPS=867 ev=0.999 v_bias=-0.6 return=955.8 length=81 success_rate=1.00 collisions/ep=1.08 (n=12)
update=156 global_step=159744 SPS=870 ev=0.998 v_bias=0.6 return=952.6 length=80 success_rate=1.00 collisions/ep=1.15 (n=13)
update=157 global_step=160768 SPS=874 ev=0.999 v_bias=-0.4 return=952.2 length=80 success_rate=1.00 collisions/ep=1.17 (n=12)
update=158 global_step=161792 SPS=878 ev=0.999 v_bias=-1.1 return=960.3 length=80 success_rate=1.00 collisions/ep=1.00 (n=13)
update=159 global_step=162816 SPS=881 ev=0.996 v_bias=3.0 return=946.0 length=80 success_rate=1.00 collisions/ep=1.29 (n=14)
update=160 global_step=163840 SPS=885 ev=0.998 v_bias=-0.9 return=941.8 length=79 success_rate=1.00 collisions/ep=1.36 (n=11)
Evaluation at update 160: return=955.60, length=79.15, success_rate=1.00, collisions/ep=1.10
Solved-check at update 160: solved=False worst_gap=101.01 at p_x0=2.00 p_y0=-0.50 (consecutive=0)
update=161 global_step=164864 SPS=869 ev=0.998 v_bias=0.7 return=956.8 length=81 success_rate=1.00 collisions/ep=1.07 (n=15)
update=162 global_step=165888 SPS=873 ev=0.999 v_bias=-0.4 return=947.8 length=79 success_rate=1.00 collisions/ep=1.25 (n=12)
update=163 global_step=166912 SPS=877 ev=0.999 v_bias=0.0 return=960.8 length=84 success_rate=1.00 collisions/ep=1.00 (n=13)
update=164 global_step=167936 SPS=877 ev=0.997 v_bias=1.8 return=938.8 length=78 success_rate=1.00 collisions/ep=1.43 (n=14)
update=165 global_step=168960 SPS=877 ev=0.997 v_bias=0.3 return=946.6 length=81 success_rate=1.00 collisions/ep=1.27 (n=11)
update=166 global_step=169984 SPS=878 ev=0.997 v_bias=1.7 return=944.7 length=79 success_rate=1.00 collisions/ep=1.31 (n=13)
update=167 global_step=171008 SPS=878 ev=0.994 v_bias=1.0 return=932.8 length=76 success_rate=1.00 collisions/ep=1.54 (n=13)
update=168 global_step=172032 SPS=879 ev=0.999 v_bias=0.1 return=956.7 length=81 success_rate=1.00 collisions/ep=1.08 (n=13)
update=169 global_step=173056 SPS=879 ev=0.998 v_bias=-1.3 return=948.8 length=80 success_rate=1.00 collisions/ep=1.23 (n=13)
update=170 global_step=174080 SPS=880 ev=0.990 v_bias=2.9 return=925.5 length=79 success_rate=1.00 collisions/ep=1.69 (n=13)
Evaluation at update 170: return=953.30, length=78.95, success_rate=1.00, collisions/ep=1.15
Solved-check at update 170: solved=False worst_gap=101.01 at p_x0=1.50 p_y0=-0.50 (consecutive=0)
update=171 global_step=175104 SPS=843 ev=0.998 v_bias=-1.2 return=935.2 length=79 success_rate=1.00 collisions/ep=1.50 (n=14)
update=172 global_step=176128 SPS=847 ev=0.998 v_bias=-1.8 return=947.2 length=82 success_rate=1.00 collisions/ep=1.27 (n=11)
update=173 global_step=177152 SPS=850 ev=0.996 v_bias=1.3 return=945.2 length=80 success_rate=1.00 collisions/ep=1.31 (n=13)
update=174 global_step=178176 SPS=854 ev=0.998 v_bias=-0.7 return=943.6 length=80 success_rate=1.00 collisions/ep=1.33 (n=15)
update=175 global_step=179200 SPS=857 ev=0.998 v_bias=-0.4 return=950.7 length=82 success_rate=1.00 collisions/ep=1.20 (n=10)
update=176 global_step=180224 SPS=861 ev=0.999 v_bias=-1.0 return=953.4 length=82 success_rate=1.00 collisions/ep=1.14 (n=14)
update=177 global_step=181248 SPS=864 ev=0.999 v_bias=-1.2 return=946.4 length=79 success_rate=1.00 collisions/ep=1.27 (n=11)
update=178 global_step=182272 SPS=867 ev=0.998 v_bias=1.4 return=956.6 length=80 success_rate=1.00 collisions/ep=1.08 (n=13)
update=179 global_step=183296 SPS=871 ev=0.996 v_bias=2.1 return=931.4 length=81 success_rate=1.00 collisions/ep=1.58 (n=12)
update=180 global_step=184320 SPS=874 ev=0.998 v_bias=-0.2 return=942.2 length=80 success_rate=1.00 collisions/ep=1.36 (n=14)
Evaluation at update 180: return=953.25, length=79.00, success_rate=1.00, collisions/ep=1.15
Solved-check at update 180: solved=False worst_gap=101.01 at p_x0=1.50 p_y0=-0.50 (consecutive=0)
update=181 global_step=185344 SPS=856 ev=0.999 v_bias=-1.6 return=946.2 length=79 success_rate=1.00 collisions/ep=1.29 (n=14)
update=182 global_step=186368 SPS=859 ev=0.998 v_bias=-0.1 return=943.3 length=80 success_rate=1.00 collisions/ep=1.33 (n=12)
update=183 global_step=187392 SPS=862 ev=0.999 v_bias=-0.4 return=953.1 length=79 success_rate=1.00 collisions/ep=1.14 (n=14)
update=184 global_step=188416 SPS=866 ev=0.999 v_bias=0.2 return=955.8 length=80 success_rate=1.00 collisions/ep=1.09 (n=11)
update=185 global_step=189440 SPS=869 ev=0.999 v_bias=-1.3 return=960.8 length=83 success_rate=1.00 collisions/ep=1.00 (n=14)
update=186 global_step=190464 SPS=872 ev=0.998 v_bias=1.0 return=951.6 length=81 success_rate=1.00 collisions/ep=1.18 (n=11)
update=187 global_step=191488 SPS=875 ev=0.998 v_bias=1.2 return=945.0 length=81 success_rate=1.00 collisions/ep=1.31 (n=13)
update=188 global_step=192512 SPS=878 ev=0.995 v_bias=1.8 return=942.4 length=80 success_rate=1.00 collisions/ep=1.36 (n=14)
update=189 global_step=193536 SPS=881 ev=0.998 v_bias=-1.8 return=945.7 length=81 success_rate=1.00 collisions/ep=1.30 (n=10)
update=190 global_step=194560 SPS=885 ev=0.997 v_bias=1.3 return=950.8 length=78 success_rate=1.00 collisions/ep=1.19 (n=16)
Evaluation at update 190: return=953.20, length=79.05, success_rate=1.00, collisions/ep=1.15
Solved-check at update 190: solved=False worst_gap=101.01 at p_x0=1.50 p_y0=-0.50 (consecutive=0)
update=191 global_step=195584 SPS=860 ev=0.998 v_bias=-0.9 return=942.2 length=80 success_rate=1.00 collisions/ep=1.36 (n=11)
update=192 global_step=196608 SPS=860 ev=0.998 v_bias=-0.6 return=952.9 length=81 success_rate=1.00 collisions/ep=1.15 (n=13)
update=193 global_step=197632 SPS=861 ev=0.998 v_bias=-0.8 return=953.4 length=81 success_rate=1.00 collisions/ep=1.14 (n=14)
update=194 global_step=198656 SPS=862 ev=0.997 v_bias=1.2 return=946.6 length=82 success_rate=1.00 collisions/ep=1.27 (n=11)
update=195 global_step=199680 SPS=863 ev=0.999 v_bias=0.1 return=952.9 length=83 success_rate=1.00 collisions/ep=1.15 (n=13)
update=196 global_step=200704 SPS=864 ev=0.998 v_bias=-0.2 return=943.5 length=79 success_rate=1.00 collisions/ep=1.33 (n=12)
update=197 global_step=201728 SPS=867 ev=0.998 v_bias=-0.7 return=952.4 length=81 success_rate=1.00 collisions/ep=1.15 (n=13)
update=198 global_step=202752 SPS=870 ev=0.999 v_bias=-0.8 return=953.2 length=81 success_rate=1.00 collisions/ep=1.14 (n=14)
update=199 global_step=203776 SPS=873 ev=0.996 v_bias=1.3 return=941.1 length=81 success_rate=1.00 collisions/ep=1.38 (n=13)
update=200 global_step=204800 SPS=875 ev=0.997 v_bias=1.6 return=946.4 length=81 success_rate=1.00 collisions/ep=1.27 (n=11)
Evaluation at update 200: return=953.20, length=79.05, success_rate=1.00, collisions/ep=1.15
Solved-check at update 200: solved=False worst_gap=101.01 at p_x0=1.50 p_y0=-0.50 (consecutive=0)
Saved checkpoints to C:\Users\loren\Desktop\MASTER THESIS\5_CODE\scenarios\slalom\studies\ppo\runs\ppo_slalom_1_1791078812
