Using device: cpu
Solved-check: precomputed optimal returns for 25 fixed initial conditions (mean=1013.0, min=1011.0, max=1015.0); solved-tolerance=5.0
num_envs=8 num_steps_per_env=256 worker_batch_size=2048 worker_minibatch_size=256 num_updates=100 timesteps=204800
update=1 global_step=2048 SPS=1264 w_ev=-0.004 m_ev=0.000 m_v_bias=127.5 m_adv_std=169.5455 m_kl_max=0.0012 m_ratio_max=0.205 w_ax@goal=-0.13 w_v@goal=0.19 return=-632.5 length=200 success_rate=0.12 collisions/ep=11.25 (n=8)
update=2 global_step=4096 SPS=1256 w_ev=0.135 m_ev=0.082 m_v_bias=13.1 m_adv_std=157.7135 m_kl_max=0.0003 m_ratio_max=0.081 w_ax@goal=-0.03 w_v@goal=0.15 return=-326.3 length=193 success_rate=0.12 collisions/ep=5.62 (n=8)
update=3 global_step=6144 SPS=1207 w_ev=0.287 m_ev=0.353 m_v_bias=-51.2 m_adv_std=136.2662 m_kl_max=0.0005 m_ratio_max=0.092 w_ax@goal=+0.07 w_v@goal=1.06 return=-171.7 length=189 success_rate=0.18 collisions/ep=3.45 (n=11)
update=4 global_step=8192 SPS=1169 w_ev=0.538 m_ev=0.461 m_v_bias=-2.0 m_adv_std=86.7199 m_kl_max=0.0007 m_ratio_max=0.107 w_ax@goal=-0.28 w_v@goal=5.46 return=-208.2 length=198 success_rate=0.08 collisions/ep=1.62 (n=13)
update=5 global_step=10240 SPS=1159 w_ev=0.560 m_ev=0.158 m_v_bias=3.7 m_adv_std=82.4958 m_kl_max=0.0018 m_ratio_max=0.218 return=-286.0 length=200 success_rate=0.00 collisions/ep=1.62 (n=8)
Evaluation at update 5: return=-220.62, length=200.00, success_rate=0.00, collisions/ep=0.00
Solved-check at update 5: solved=False worst_gap=1241.01 at p_x0=2.00 p_y0=-1.00 (consecutive=0)
update=6 global_step=12288 SPS=505 w_ev=0.705 m_ev=0.480 m_v_bias=-46.0 m_adv_std=147.8655 m_kl_max=0.0015 m_ratio_max=0.216 w_ax@goal=+0.31 w_v@goal=5.63 return=-133.8 length=181 success_rate=0.18 collisions/ep=3.00 (n=11)
update=7 global_step=14336 SPS=546 w_ev=0.806 m_ev=0.571 m_v_bias=-76.0 m_adv_std=192.8031 m_kl_max=0.0043 m_ratio_max=0.376 w_ax@goal=+0.26 w_v@goal=7.87 return=182.6 length=174 success_rate=0.46 collisions/ep=3.08 (n=13)
update=8 global_step=16384 SPS=579 w_ev=0.940 m_ev=0.855 m_v_bias=-120.5 m_adv_std=122.9837 m_kl_max=0.0052 m_ratio_max=0.326 w_ax@goal=+0.43 w_v@goal=15.88 return=426.0 length=151 success_rate=0.73 collisions/ep=4.53 (n=15)
update=9 global_step=18432 SPS=609 w_ev=0.957 m_ev=0.915 m_v_bias=-71.6 m_adv_std=91.4543 m_kl_max=0.0050 m_ratio_max=0.527 w_ax@goal=+0.46 w_v@goal=19.61 return=638.4 length=122 success_rate=0.89 collisions/ep=4.22 (n=18)
update=10 global_step=20480 SPS=635 w_ev=0.952 m_ev=0.812 m_v_bias=-15.1 m_adv_std=110.4798 m_kl_max=0.0158 m_ratio_max=0.818 w_ax@goal=+0.48 w_v@goal=20.41 return=636.9 length=110 success_rate=0.94 collisions/ep=5.78 (n=18)
Evaluation at update 10: return=581.45, length=84.60, success_rate=1.00, collisions/ep=8.50
Solved-check at update 10: solved=False worst_gap=456.73 at p_x0=0.00 p_y0=-1.00 (consecutive=0)
update=11 global_step=22528 SPS=561 w_ev=0.935 m_ev=0.931 m_v_bias=-34.2 m_adv_std=60.7132 m_kl_max=0.0054 m_ratio_max=0.336 w_ax@goal=+0.53 w_v@goal=19.61 return=812.8 length=91 success_rate=1.00 collisions/ep=3.74 (n=23)
update=12 global_step=24576 SPS=583 w_ev=0.943 m_ev=0.919 m_v_bias=-3.5 m_adv_std=61.1973 m_kl_max=0.0122 m_ratio_max=0.476 w_ax@goal=+0.63 w_v@goal=19.54 return=817.2 length=87 success_rate=1.00 collisions/ep=3.74 (n=23)
update=13 global_step=26624 SPS=605 w_ev=0.933 m_ev=0.913 m_v_bias=-1.2 m_adv_std=66.4464 m_kl_max=0.0038 m_ratio_max=0.286 w_ax@goal=+0.80 w_v@goal=20.00 return=842.4 length=85 success_rate=1.00 collisions/ep=3.28 (n=25)
update=14 global_step=28672 SPS=623 w_ev=0.929 m_ev=0.880 m_v_bias=13.3 m_adv_std=79.6476 m_kl_max=0.0119 m_ratio_max=0.525 w_ax@goal=+0.82 w_v@goal=20.01 return=792.2 length=84 success_rate=1.00 collisions/ep=4.31 (n=26)
update=15 global_step=30720 SPS=641 w_ev=0.915 m_ev=0.900 m_v_bias=-1.5 m_adv_std=71.7350 m_kl_max=0.0113 m_ratio_max=0.578 w_ax@goal=+0.67 w_v@goal=19.38 return=836.5 length=83 success_rate=1.00 collisions/ep=3.44 (n=25)
Evaluation at update 15: return=934.47, length=81.50, success_rate=1.00, collisions/ep=1.50
Solved-check at update 15: solved=False worst_gap=452.89 at p_x0=2.00 p_y0=-1.00 (consecutive=0)
update=16 global_step=32768 SPS=589 w_ev=0.937 m_ev=0.920 m_v_bias=-11.8 m_adv_std=59.2416 m_kl_max=0.0121 m_ratio_max=0.630 w_ax@goal=+0.71 w_v@goal=19.40 return=872.5 length=84 success_rate=1.00 collisions/ep=2.71 (n=24)
update=17 global_step=34816 SPS=605 w_ev=0.953 m_ev=0.939 m_v_bias=2.6 m_adv_std=52.3165 m_kl_max=0.0087 m_ratio_max=0.468 w_ax@goal=+0.87 w_v@goal=19.52 return=865.3 length=83 success_rate=1.00 collisions/ep=2.88 (n=24)
update=18 global_step=36864 SPS=620 w_ev=0.951 m_ev=0.942 m_v_bias=-11.0 m_adv_std=48.7622 m_kl_max=0.0210 m_ratio_max=0.657 w_ax@goal=+0.89 w_v@goal=19.42 return=893.6 length=83 success_rate=1.00 collisions/ep=2.29 (n=24)
update=19 global_step=38912 SPS=634 w_ev=0.945 m_ev=0.936 m_v_bias=3.3 m_adv_std=52.7555 m_kl_max=0.0295 m_ratio_max=0.986 w_ax@goal=+1.00 w_v@goal=19.47 return=889.3 length=84 success_rate=1.00 collisions/ep=2.42 (n=24)
update=20 global_step=40960 SPS=647 w_ev=0.940 m_ev=0.957 m_v_bias=-14.8 m_adv_std=38.2526 m_kl_max=0.0077 m_ratio_max=0.494 w_ax@goal=+0.98 w_v@goal=19.58 return=914.1 length=84 success_rate=1.00 collisions/ep=1.88 (n=24)
Evaluation at update 20: return=945.01, length=80.95, success_rate=1.00, collisions/ep=1.30
Solved-check at update 20: solved=False worst_gap=252.32 at p_x0=2.00 p_y0=-1.00 (consecutive=0)
update=21 global_step=43008 SPS=603 w_ev=0.921 m_ev=0.931 m_v_bias=0.8 m_adv_std=50.6845 m_kl_max=0.0087 m_ratio_max=0.569 w_ax@goal=+1.07 w_v@goal=19.42 return=919.2 length=83 success_rate=1.00 collisions/ep=1.83 (n=24)
update=22 global_step=45056 SPS=616 w_ev=0.908 m_ev=0.925 m_v_bias=4.1 m_adv_std=53.8306 m_kl_max=0.0038 m_ratio_max=0.279 w_ax@goal=+1.13 w_v@goal=19.61 return=919.2 length=83 success_rate=1.00 collisions/ep=1.79 (n=24)
update=23 global_step=47104 SPS=627 w_ev=0.923 m_ev=0.948 m_v_bias=5.5 m_adv_std=43.9009 m_kl_max=0.0112 m_ratio_max=0.434 w_ax@goal=+1.15 w_v@goal=19.39 return=895.0 length=82 success_rate=1.00 collisions/ep=2.29 (n=24)
update=24 global_step=49152 SPS=637 w_ev=0.954 m_ev=0.983 m_v_bias=-15.8 m_adv_std=24.5431 m_kl_max=0.0116 m_ratio_max=0.457 w_ax@goal=+0.98 w_v@goal=19.46 return=935.6 length=82 success_rate=1.00 collisions/ep=1.48 (n=29)
update=25 global_step=51200 SPS=648 w_ev=0.943 m_ev=0.962 m_v_bias=2.9 m_adv_std=37.7094 m_kl_max=0.0130 m_ratio_max=0.463 w_ax@goal=+1.01 w_v@goal=19.39 return=928.6 length=82 success_rate=1.00 collisions/ep=1.63 (n=27)
Evaluation at update 25: return=958.48, length=80.00, success_rate=1.00, collisions/ep=1.05
Solved-check at update 25: solved=False worst_gap=101.82 at p_x0=1.50 p_y0=-1.00 (consecutive=0)
update=26 global_step=53248 SPS=612 w_ev=0.949 m_ev=0.980 m_v_bias=-0.4 m_adv_std=27.2767 m_kl_max=0.0083 m_ratio_max=0.622 w_ax@goal=+0.99 w_v@goal=19.64 return=924.9 length=81 success_rate=1.00 collisions/ep=1.75 (n=24)
update=27 global_step=55296 SPS=621 w_ev=0.944 m_ev=0.974 m_v_bias=2.7 m_adv_std=30.0105 m_kl_max=0.0101 m_ratio_max=0.604 w_ax@goal=+0.98 w_v@goal=19.55 return=922.3 length=82 success_rate=1.00 collisions/ep=1.79 (n=24)
update=28 global_step=57344 SPS=630 w_ev=0.913 m_ev=0.915 m_v_bias=6.8 m_adv_std=58.5721 m_kl_max=0.0106 m_ratio_max=0.490 w_ax@goal=+0.96 w_v@goal=19.45 return=915.8 length=82 success_rate=1.00 collisions/ep=1.88 (n=24)
update=29 global_step=59392 SPS=637 w_ev=0.914 m_ev=0.975 m_v_bias=-7.8 m_adv_std=29.5600 m_kl_max=0.0241 m_ratio_max=0.730 w_ax@goal=+0.99 w_v@goal=19.44 return=918.0 length=82 success_rate=1.00 collisions/ep=1.83 (n=24)
update=30 global_step=61440 SPS=646 w_ev=0.889 m_ev=0.877 m_v_bias=14.1 m_adv_std=72.1607 m_kl_max=0.0117 m_ratio_max=0.477 w_ax@goal=+0.86 w_v@goal=19.81 return=905.5 length=82 success_rate=1.00 collisions/ep=2.17 (n=24)
Evaluation at update 30: return=958.45, length=80.00, success_rate=1.00, collisions/ep=1.05
Solved-check at update 30: solved=False worst_gap=101.70 at p_x0=2.00 p_y0=-1.00 (consecutive=0)
update=31 global_step=63488 SPS=616 w_ev=0.950 m_ev=0.975 m_v_bias=-18.1 m_adv_std=29.0776 m_kl_max=0.0109 m_ratio_max=0.450 w_ax@goal=+0.82 w_v@goal=19.30 return=923.8 length=82 success_rate=1.00 collisions/ep=1.88 (n=24)
update=32 global_step=65536 SPS=625 w_ev=0.940 m_ev=0.958 m_v_bias=3.1 m_adv_std=40.3242 m_kl_max=0.0075 m_ratio_max=0.557 w_ax@goal=+1.00 w_v@goal=19.49 return=942.0 length=82 success_rate=1.00 collisions/ep=1.34 (n=29)
update=33 global_step=67584 SPS=632 w_ev=0.949 m_ev=0.988 m_v_bias=-4.2 m_adv_std=19.7558 m_kl_max=0.0151 m_ratio_max=0.479 w_ax@goal=+0.89 w_v@goal=19.57 return=942.9 length=82 success_rate=1.00 collisions/ep=1.33 (n=27)
update=34 global_step=69632 SPS=639 w_ev=0.947 m_ev=0.964 m_v_bias=3.1 m_adv_std=35.6257 m_kl_max=0.0108 m_ratio_max=0.510 w_ax@goal=+0.86 w_v@goal=19.50 return=937.0 length=81 success_rate=1.00 collisions/ep=1.46 (n=24)
update=35 global_step=71680 SPS=647 w_ev=0.952 m_ev=0.983 m_v_bias=-4.0 m_adv_std=23.6720 m_kl_max=0.0135 m_ratio_max=0.517 w_ax@goal=+0.83 w_v@goal=19.56 return=953.7 length=82 success_rate=1.00 collisions/ep=1.12 (n=24)
Evaluation at update 35: return=959.03, length=79.45, success_rate=1.00, collisions/ep=1.05
Solved-check at update 35: solved=False worst_gap=101.03 at p_x0=2.00 p_y0=-1.00 (consecutive=0)
update=36 global_step=73728 SPS=623 w_ev=0.942 m_ev=0.982 m_v_bias=-1.4 m_adv_std=23.3670 m_kl_max=0.0191 m_ratio_max=0.832 w_ax@goal=+1.06 w_v@goal=19.58 return=946.1 length=81 success_rate=1.00 collisions/ep=1.38 (n=24)
update=37 global_step=75776 SPS=630 w_ev=0.932 m_ev=0.960 m_v_bias=4.8 m_adv_std=36.4829 m_kl_max=0.0051 m_ratio_max=0.676 w_ax@goal=+0.85 w_v@goal=19.70 return=934.0 length=81 success_rate=1.00 collisions/ep=1.58 (n=24)
update=38 global_step=77824 SPS=637 w_ev=0.938 m_ev=0.964 m_v_bias=2.2 m_adv_std=35.2755 m_kl_max=0.0180 m_ratio_max=0.929 w_ax@goal=+0.95 w_v@goal=19.65 return=947.9 length=81 success_rate=1.00 collisions/ep=1.25 (n=24)
update=39 global_step=79872 SPS=644 w_ev=0.954 m_ev=0.992 m_v_bias=-5.7 m_adv_std=16.3293 m_kl_max=0.0111 m_ratio_max=0.525 w_ax@goal=+0.89 w_v@goal=19.62 return=938.4 length=80 success_rate=1.00 collisions/ep=1.45 (n=31)
update=40 global_step=81920 SPS=650 w_ev=0.949 m_ev=0.989 m_v_bias=-0.5 m_adv_std=19.5883 m_kl_max=0.0107 m_ratio_max=0.709 w_ax@goal=+0.84 w_v@goal=19.55 return=955.1 length=81 success_rate=1.00 collisions/ep=1.12 (n=25)
Evaluation at update 40: return=961.72, length=79.20, success_rate=1.00, collisions/ep=1.00
Solved-check at update 40: solved=False worst_gap=100.95 at p_x0=2.00 p_y0=-1.00 (consecutive=0)
update=41 global_step=83968 SPS=627 w_ev=0.943 m_ev=0.980 m_v_bias=3.8 m_adv_std=25.8308 m_kl_max=0.0111 m_ratio_max=0.507 w_ax@goal=+0.94 w_v@goal=19.72 return=942.1 length=81 success_rate=1.00 collisions/ep=1.38 (n=24)
update=42 global_step=86016 SPS=633 w_ev=0.928 m_ev=0.989 m_v_bias=-3.2 m_adv_std=18.5433 m_kl_max=0.0122 m_ratio_max=0.548 w_ax@goal=+0.85 w_v@goal=19.60 return=952.5 length=81 success_rate=1.00 collisions/ep=1.17 (n=24)
update=43 global_step=88064 SPS=640 w_ev=0.934 m_ev=0.979 m_v_bias=3.0 m_adv_std=26.0895 m_kl_max=0.0026 m_ratio_max=0.297 w_ax@goal=+1.21 w_v@goal=19.61 return=944.0 length=81 success_rate=1.00 collisions/ep=1.33 (n=24)
update=44 global_step=90112 SPS=646 w_ev=0.936 m_ev=0.994 m_v_bias=-8.9 m_adv_std=13.9348 m_kl_max=0.0083 m_ratio_max=0.790 w_ax@goal=+1.20 w_v@goal=19.70 return=948.7 length=80 success_rate=1.00 collisions/ep=1.25 (n=24)
update=45 global_step=92160 SPS=651 w_ev=0.915 m_ev=0.958 m_v_bias=5.8 m_adv_std=39.7461 m_kl_max=0.0111 m_ratio_max=0.611 w_ax@goal=+1.06 w_v@goal=19.61 return=942.3 length=81 success_rate=1.00 collisions/ep=1.38 (n=32)
Evaluation at update 45: return=961.86, length=79.00, success_rate=1.00, collisions/ep=1.00
Solved-check at update 45: solved=False worst_gap=100.81 at p_x0=2.00 p_y0=-1.00 (consecutive=0)
update=46 global_step=94208 SPS=632 w_ev=0.923 m_ev=0.973 m_v_bias=1.3 m_adv_std=29.7652 m_kl_max=0.0037 m_ratio_max=0.232 w_ax@goal=+0.90 w_v@goal=19.67 return=944.6 length=80 success_rate=1.00 collisions/ep=1.33 (n=24)
update=47 global_step=96256 SPS=637 w_ev=0.936 m_ev=0.994 m_v_bias=-1.4 m_adv_std=14.2230 m_kl_max=0.0185 m_ratio_max=0.722 w_ax@goal=+1.06 w_v@goal=19.43 return=959.3 length=80 success_rate=1.00 collisions/ep=1.04 (n=24)
update=48 global_step=98304 SPS=642 w_ev=0.954 m_ev=0.989 m_v_bias=0.2 m_adv_std=18.3290 m_kl_max=0.0186 m_ratio_max=0.727 w_ax@goal=+1.13 w_v@goal=19.53 return=944.9 length=80 success_rate=1.00 collisions/ep=1.33 (n=24)
update=49 global_step=100352 SPS=647 w_ev=0.939 m_ev=0.995 m_v_bias=-0.8 m_adv_std=12.3985 m_kl_max=0.0202 m_ratio_max=1.154 w_ax@goal=+1.14 w_v@goal=19.66 return=957.5 length=80 success_rate=1.00 collisions/ep=1.08 (n=24)
update=50 global_step=102400 SPS=652 w_ev=0.924 m_ev=0.990 m_v_bias=1.0 m_adv_std=18.4677 m_kl_max=0.0019 m_ratio_max=0.273 w_ax@goal=+1.18 w_v@goal=19.67 return=951.6 length=80 success_rate=1.00 collisions/ep=1.19 (n=31)
Evaluation at update 50: return=961.45, length=79.55, success_rate=1.00, collisions/ep=1.00
Solved-check at update 50: solved=False worst_gap=101.18 at p_x0=2.00 p_y0=-1.00 (consecutive=0)
update=51 global_step=104448 SPS=635 w_ev=0.932 m_ev=0.993 m_v_bias=1.5 m_adv_std=14.8274 m_kl_max=0.0122 m_ratio_max=0.497 w_ax@goal=+1.22 w_v@goal=19.55 return=952.9 length=81 success_rate=1.00 collisions/ep=1.16 (n=25)
update=52 global_step=106496 SPS=640 w_ev=0.941 m_ev=0.986 m_v_bias=2.7 m_adv_std=20.6580 m_kl_max=0.0100 m_ratio_max=0.429 w_ax@goal=+1.11 w_v@goal=19.66 return=948.4 length=81 success_rate=1.00 collisions/ep=1.25 (n=24)
update=53 global_step=108544 SPS=645 w_ev=0.934 m_ev=0.996 m_v_bias=-3.6 m_adv_std=11.8468 m_kl_max=0.0221 m_ratio_max=1.040 w_ax@goal=+1.07 w_v@goal=19.58 return=956.2 length=81 success_rate=1.00 collisions/ep=1.08 (n=24)
update=54 global_step=110592 SPS=650 w_ev=0.945 m_ev=0.997 m_v_bias=-2.5 m_adv_std=9.1516 m_kl_max=0.0157 m_ratio_max=0.543 w_ax@goal=+1.26 w_v@goal=19.45 return=962.4 length=81 success_rate=1.00 collisions/ep=0.96 (n=24)
update=55 global_step=112640 SPS=654 w_ev=0.938 m_ev=0.995 m_v_bias=0.9 m_adv_std=12.7865 m_kl_max=0.0345 m_ratio_max=0.774 w_ax@goal=+1.12 w_v@goal=19.40 return=960.1 length=81 success_rate=1.00 collisions/ep=1.00 (n=24)
Evaluation at update 55: return=960.68, length=80.40, success_rate=1.00, collisions/ep=1.00
Solved-check at update 55: solved=False worst_gap=52.99 at p_x0=0.00 p_y0=-1.00 (consecutive=0)
update=56 global_step=114688 SPS=638 w_ev=0.942 m_ev=0.991 m_v_bias=-1.9 m_adv_std=17.0469 m_kl_max=0.0324 m_ratio_max=1.266 w_ax@goal=+1.15 w_v@goal=19.34 return=961.4 length=82 success_rate=1.00 collisions/ep=0.96 (n=28)
update=57 global_step=116736 SPS=642 w_ev=0.943 m_ev=0.986 m_v_bias=2.8 m_adv_std=21.4701 m_kl_max=0.0141 m_ratio_max=0.660 w_ax@goal=+1.16 w_v@goal=19.44 return=965.5 length=81 success_rate=1.00 collisions/ep=0.93 (n=27)
update=58 global_step=118784 SPS=646 w_ev=0.956 m_ev=0.994 m_v_bias=0.6 m_adv_std=13.7909 m_kl_max=0.0133 m_ratio_max=0.624 w_ax@goal=+1.08 w_v@goal=19.56 return=966.7 length=83 success_rate=1.00 collisions/ep=0.88 (n=25)
update=59 global_step=120832 SPS=651 w_ev=0.949 m_ev=0.993 m_v_bias=-7.1 m_adv_std=14.8394 m_kl_max=0.0161 m_ratio_max=0.505 w_ax@goal=+1.18 w_v@goal=19.45 return=982.3 length=82 success_rate=1.00 collisions/ep=0.54 (n=24)
update=60 global_step=122880 SPS=655 w_ev=0.958 m_ev=0.976 m_v_bias=2.1 m_adv_std=26.8077 m_kl_max=0.0118 m_ratio_max=0.629 w_ax@goal=+1.17 w_v@goal=19.39 return=977.8 length=83 success_rate=1.00 collisions/ep=0.75 (n=24)
Evaluation at update 60: return=995.59, length=80.50, success_rate=1.00, collisions/ep=0.30
Solved-check at update 60: solved=False worst_gap=401.97 at p_x0=2.00 p_y0=-1.00 (consecutive=0)
update=61 global_step=124928 SPS=640 w_ev=0.936 m_ev=0.962 m_v_bias=1.0 m_adv_std=34.3463 m_kl_max=0.0145 m_ratio_max=0.643 w_ax@goal=+1.02 w_v@goal=19.26 return=967.7 length=82 success_rate=1.00 collisions/ep=0.88 (n=24)
update=62 global_step=126976 SPS=644 w_ev=0.950 m_ev=0.979 m_v_bias=-2.4 m_adv_std=25.3510 m_kl_max=0.0099 m_ratio_max=0.951 w_ax@goal=+1.25 w_v@goal=19.35 return=975.0 length=81 success_rate=1.00 collisions/ep=0.83 (n=24)
update=63 global_step=129024 SPS=648 w_ev=0.954 m_ev=0.987 m_v_bias=-7.7 m_adv_std=18.8901 m_kl_max=0.0195 m_ratio_max=0.684 w_ax@goal=+1.27 w_v@goal=19.36 return=980.8 length=82 success_rate=1.00 collisions/ep=0.62 (n=24)
update=64 global_step=131072 SPS=652 w_ev=0.948 m_ev=0.961 m_v_bias=2.0 m_adv_std=35.1612 m_kl_max=0.0044 m_ratio_max=0.304 w_ax@goal=+1.32 w_v@goal=19.16 return=980.9 length=80 success_rate=1.00 collisions/ep=0.59 (n=27)
update=65 global_step=133120 SPS=656 w_ev=0.961 m_ev=0.990 m_v_bias=2.4 m_adv_std=17.8964 m_kl_max=0.0426 m_ratio_max=1.148 w_ax@goal=+1.33 w_v@goal=19.25 return=991.6 length=82 success_rate=1.00 collisions/ep=0.41 (n=29)
Evaluation at update 65: return=1011.10, length=79.95, success_rate=1.00, collisions/ep=0.00
Solved-check at update 65: solved=False worst_gap=51.49 at p_x0=2.00 p_y0=-1.00 (consecutive=0)
update=66 global_step=135168 SPS=642 w_ev=0.964 m_ev=0.990 m_v_bias=-0.1 m_adv_std=16.7497 m_kl_max=0.0622 m_ratio_max=2.838 w_ax@goal=+1.22 w_v@goal=19.32 return=995.6 length=82 success_rate=1.00 collisions/ep=0.33 (n=24)
update=67 global_step=137216 SPS=645 w_ev=0.960 m_ev=0.986 m_v_bias=0.3 m_adv_std=19.4273 m_kl_max=0.0159 m_ratio_max=0.863 w_ax@goal=+1.25 w_v@goal=19.36 return=993.7 length=81 success_rate=1.00 collisions/ep=0.46 (n=24)
update=68 global_step=139264 SPS=649 w_ev=0.949 m_ev=0.942 m_v_bias=5.9 m_adv_std=40.7592 m_kl_max=0.0241 m_ratio_max=0.992 w_ax@goal=+1.17 w_v@goal=19.50 return=981.4 length=81 success_rate=1.00 collisions/ep=0.79 (n=24)
update=69 global_step=141312 SPS=653 w_ev=0.960 m_ev=0.992 m_v_bias=-9.2 m_adv_std=15.0452 m_kl_max=0.0093 m_ratio_max=0.551 w_ax@goal=+1.21 w_v@goal=19.01 return=989.1 length=81 success_rate=1.00 collisions/ep=0.42 (n=24)
update=70 global_step=143360 SPS=656 w_ev=0.943 m_ev=0.982 m_v_bias=2.6 m_adv_std=22.2478 m_kl_max=0.0317 m_ratio_max=1.073 w_ax@goal=+1.10 w_v@goal=19.24 return=997.6 length=82 success_rate=1.00 collisions/ep=0.33 (n=24)
Evaluation at update 70: return=1011.42, length=79.55, success_rate=1.00, collisions/ep=0.00
Solved-check at update 70: solved=True worst_gap=1.98 at p_x0=0.00 p_y0=-1.00 (consecutive=0)
update=71 global_step=145408 SPS=644 w_ev=0.966 m_ev=0.996 m_v_bias=-4.5 m_adv_std=10.8353 m_kl_max=0.0062 m_ratio_max=0.425 w_ax@goal=+1.04 w_v@goal=19.30 return=999.1 length=82 success_rate=1.00 collisions/ep=0.24 (n=29)
update=72 global_step=147456 SPS=647 w_ev=0.965 m_ev=0.994 m_v_bias=3.4 m_adv_std=13.5464 m_kl_max=0.0112 m_ratio_max=0.700 w_ax@goal=+1.26 w_v@goal=19.37 return=998.9 length=82 success_rate=1.00 collisions/ep=0.22 (n=27)
update=73 global_step=149504 SPS=651 w_ev=0.956 m_ev=0.985 m_v_bias=1.9 m_adv_std=20.4236 m_kl_max=0.0251 m_ratio_max=0.650 w_ax@goal=+1.02 w_v@goal=19.45 return=995.9 length=81 success_rate=1.00 collisions/ep=0.38 (n=24)
update=74 global_step=151552 SPS=655 w_ev=0.970 m_ev=0.999 m_v_bias=-7.3 m_adv_std=5.4524 m_kl_max=0.0068 m_ratio_max=0.400 w_ax@goal=+0.95 w_v@goal=19.32 return=1010.4 length=81 success_rate=1.00 collisions/ep=0.04 (n=24)
update=75 global_step=153600 SPS=658 w_ev=0.951 m_ev=0.988 m_v_bias=3.7 m_adv_std=18.3344 m_kl_max=0.0113 m_ratio_max=0.428 w_ax@goal=+1.08 w_v@goal=19.28 return=994.3 length=81 success_rate=1.00 collisions/ep=0.38 (n=24)
Evaluation at update 75: return=1011.88, length=79.00, success_rate=1.00, collisions/ep=0.00
Solved-check at update 75: solved=True worst_gap=1.36 at p_x0=0.00 p_y0=-1.00 (consecutive=1)
Solved criterion held for 2 consecutive evals (tolerance=5.0) at global_step=153600.
update=76 global_step=155648 SPS=645 w_ev=0.966 m_ev=0.995 m_v_bias=-3.3 m_adv_std=12.1012 m_kl_max=0.0134 m_ratio_max=0.465 w_ax@goal=+1.18 w_v@goal=19.49 return=1004.6 length=81 success_rate=1.00 collisions/ep=0.12 (n=24)
update=77 global_step=157696 SPS=649 w_ev=0.966 m_ev=0.993 m_v_bias=1.0 m_adv_std=13.6933 m_kl_max=0.0048 m_ratio_max=0.572 w_ax@goal=+1.04 w_v@goal=19.43 return=1005.4 length=81 success_rate=1.00 collisions/ep=0.15 (n=27)
update=78 global_step=159744 SPS=652 w_ev=0.960 m_ev=0.997 m_v_bias=-0.6 m_adv_std=9.7274 m_kl_max=0.0049 m_ratio_max=0.384 w_ax@goal=+0.97 w_v@goal=19.30 return=1007.7 length=81 success_rate=1.00 collisions/ep=0.07 (n=29)
update=79 global_step=161792 SPS=655 w_ev=0.961 m_ev=0.997 m_v_bias=0.0 m_adv_std=9.5472 m_kl_max=0.0176 m_ratio_max=0.698 w_ax@goal=+1.11 w_v@goal=19.39 return=1008.9 length=80 success_rate=1.00 collisions/ep=0.04 (n=24)
update=80 global_step=163840 SPS=658 w_ev=0.939 m_ev=0.963 m_v_bias=6.2 m_adv_std=32.7403 m_kl_max=0.0519 m_ratio_max=1.801 w_ax@goal=+1.01 w_v@goal=19.47 return=988.0 length=81 success_rate=1.00 collisions/ep=0.46 (n=24)
Evaluation at update 80: return=1012.21, length=78.85, success_rate=1.00, collisions/ep=0.00
Solved-check at update 80: solved=True worst_gap=1.06 at p_x0=0.00 p_y0=-1.00 (consecutive=2)
update=81 global_step=165888 SPS=646 w_ev=0.930 m_ev=0.991 m_v_bias=-4.0 m_adv_std=15.3891 m_kl_max=0.0739 m_ratio_max=2.413 w_ax@goal=+1.15 w_v@goal=19.26 return=1002.9 length=80 success_rate=1.00 collisions/ep=0.21 (n=24)
update=82 global_step=167936 SPS=650 w_ev=0.947 m_ev=0.988 m_v_bias=-1.8 m_adv_std=18.2588 m_kl_max=0.0085 m_ratio_max=0.452 w_ax@goal=+1.19 w_v@goal=19.41 return=1002.9 length=80 success_rate=1.00 collisions/ep=0.17 (n=24)
update=83 global_step=169984 SPS=652 w_ev=0.957 m_ev=0.998 m_v_bias=-3.3 m_adv_std=7.1992 m_kl_max=0.0185 m_ratio_max=0.737 w_ax@goal=+1.11 w_v@goal=19.49 return=1009.8 length=80 success_rate=1.00 collisions/ep=0.03 (n=31)
update=84 global_step=172032 SPS=655 w_ev=0.960 m_ev=0.996 m_v_bias=1.5 m_adv_std=10.8485 m_kl_max=0.0356 m_ratio_max=0.915 w_ax@goal=+1.28 w_v@goal=19.66 return=1003.6 length=80 success_rate=1.00 collisions/ep=0.16 (n=25)
update=85 global_step=174080 SPS=658 w_ev=0.961 m_ev=0.981 m_v_bias=1.4 m_adv_std=22.9044 m_kl_max=0.0112 m_ratio_max=0.567 w_ax@goal=+1.30 w_v@goal=19.74 return=995.1 length=80 success_rate=1.00 collisions/ep=0.33 (n=24)
Evaluation at update 85: return=1012.24, length=78.85, success_rate=1.00, collisions/ep=0.00
Solved-check at update 85: solved=True worst_gap=1.01 at p_x0=0.00 p_y0=-1.00 (consecutive=3)
update=86 global_step=176128 SPS=647 w_ev=0.959 m_ev=0.989 m_v_bias=-2.7 m_adv_std=17.1919 m_kl_max=0.0337 m_ratio_max=1.239 w_ax@goal=+1.21 w_v@goal=19.57 return=1001.0 length=80 success_rate=1.00 collisions/ep=0.25 (n=24)
update=87 global_step=178176 SPS=650 w_ev=0.949 m_ev=0.998 m_v_bias=-2.8 m_adv_std=7.3058 m_kl_max=0.0097 m_ratio_max=0.472 w_ax@goal=+1.25 w_v@goal=19.50 return=1009.4 length=80 success_rate=1.00 collisions/ep=0.04 (n=24)
update=88 global_step=180224 SPS=652 w_ev=0.957 m_ev=0.999 m_v_bias=-1.2 m_adv_std=6.4396 m_kl_max=0.0074 m_ratio_max=0.409 w_ax@goal=+1.23 w_v@goal=19.51 return=1008.4 length=80 success_rate=1.00 collisions/ep=0.06 (n=31)
update=89 global_step=182272 SPS=655 w_ev=0.953 m_ev=0.993 m_v_bias=2.9 m_adv_std=14.3931 m_kl_max=0.0070 m_ratio_max=0.535 w_ax@goal=+1.21 w_v@goal=19.61 return=1001.7 length=80 success_rate=1.00 collisions/ep=0.24 (n=25)
update=90 global_step=184320 SPS=658 w_ev=0.960 m_ev=0.997 m_v_bias=-1.7 m_adv_std=9.3782 m_kl_max=0.0241 m_ratio_max=0.936 w_ax@goal=+1.29 w_v@goal=19.60 return=1005.5 length=80 success_rate=1.00 collisions/ep=0.12 (n=24)
Evaluation at update 90: return=1012.22, length=78.85, success_rate=1.00, collisions/ep=0.00
Solved-check at update 90: solved=True worst_gap=1.05 at p_x0=0.00 p_y0=-1.00 (consecutive=4)
update=91 global_step=186368 SPS=648 w_ev=0.944 m_ev=0.999 m_v_bias=-4.3 m_adv_std=4.0293 m_kl_max=0.0072 m_ratio_max=0.831 w_ax@goal=+1.29 w_v@goal=19.55 return=1011.9 length=80 success_rate=1.00 collisions/ep=0.00 (n=24)
update=92 global_step=188416 SPS=650 w_ev=0.950 m_ev=0.998 m_v_bias=-0.5 m_adv_std=6.7911 m_kl_max=0.0135 m_ratio_max=0.517 w_ax@goal=+1.20 w_v@goal=19.52 return=1009.6 length=80 success_rate=1.00 collisions/ep=0.04 (n=24)
update=93 global_step=190464 SPS=653 w_ev=0.967 m_ev=0.992 m_v_bias=3.5 m_adv_std=15.7980 m_kl_max=0.0455 m_ratio_max=1.057 w_ax@goal=+1.27 w_v@goal=19.51 return=1004.0 length=80 success_rate=1.00 collisions/ep=0.19 (n=32)
update=94 global_step=192512 SPS=656 w_ev=0.951 m_ev=0.994 m_v_bias=-0.4 m_adv_std=12.7003 m_kl_max=0.0294 m_ratio_max=1.144 w_ax@goal=+1.41 w_v@goal=19.47 return=1003.7 length=80 success_rate=1.00 collisions/ep=0.17 (n=24)
update=95 global_step=194560 SPS=658 w_ev=0.930 m_ev=0.987 m_v_bias=3.4 m_adv_std=18.4516 m_kl_max=0.0138 m_ratio_max=0.828 w_ax@goal=+1.10 w_v@goal=19.43 return=997.1 length=80 success_rate=1.00 collisions/ep=0.33 (n=24)
Evaluation at update 95: return=1012.30, length=78.65, success_rate=1.00, collisions/ep=0.00
Solved-check at update 95: solved=True worst_gap=1.00 at p_x0=0.00 p_y0=0.00 (consecutive=5)
update=96 global_step=196608 SPS=649 w_ev=0.942 m_ev=0.983 m_v_bias=1.0 m_adv_std=21.8614 m_kl_max=0.0195 m_ratio_max=0.563 w_ax@goal=+1.09 w_v@goal=19.49 return=1003.4 length=80 success_rate=1.00 collisions/ep=0.21 (n=24)
update=97 global_step=198656 SPS=651 w_ev=0.959 m_ev=0.998 m_v_bias=-6.8 m_adv_std=7.3570 m_kl_max=0.0070 m_ratio_max=0.509 w_ax@goal=+1.03 w_v@goal=19.57 return=1003.8 length=80 success_rate=1.00 collisions/ep=0.16 (n=25)
update=98 global_step=200704 SPS=653 w_ev=0.961 m_ev=0.982 m_v_bias=6.1 m_adv_std=24.0383 m_kl_max=0.0146 m_ratio_max=1.128 w_ax@goal=+1.15 w_v@goal=19.73 return=1000.1 length=80 success_rate=1.00 collisions/ep=0.26 (n=31)
update=99 global_step=202752 SPS=655 w_ev=0.942 m_ev=0.982 m_v_bias=-1.2 m_adv_std=23.0672 m_kl_max=0.0165 m_ratio_max=0.535 w_ax@goal=+0.95 w_v@goal=19.63 return=994.8 length=80 success_rate=1.00 collisions/ep=0.33 (n=24)
update=100 global_step=204800 SPS=657 w_ev=0.957 m_ev=0.986 m_v_bias=-4.3 m_adv_std=18.8879 m_kl_max=0.0436 m_ratio_max=1.145 w_ax@goal=+1.02 w_v@goal=19.53 return=1003.6 length=80 success_rate=1.00 collisions/ep=0.21 (n=24)
Evaluation at update 100: return=1012.21, length=78.90, success_rate=1.00, collisions/ep=0.00
Solved-check at update 100: solved=True worst_gap=1.00 at p_x0=0.50 p_y0=-1.00 (consecutive=6)
Saved checkpoints to C:\Users\loren\Desktop\MASTER THESIS\5_CODE\scenarios\slalom\studies\init_sampler\hppo_sobol\runs\hppo_slalom_13_1791036241
