Using device: cpu
Solved-check: precomputed optimal returns for 25 fixed initial conditions (mean=1013.0, min=1011.0, max=1015.0); solved-tolerance=5.0
num_envs=8 num_steps_per_env=256 worker_batch_size=2048 worker_minibatch_size=256 num_updates=100 timesteps=204800
update=1 global_step=2048 SPS=1087 w_ev=-0.057 m_ev=-0.001 m_v_bias=43.9 m_adv_std=201.3326 m_kl_max=0.0014 m_ratio_max=0.147 w_ax@goal=+0.05 w_v@goal=-0.16 return=-203.8 length=188 success_rate=0.25 collisions/ep=5.62 (n=8)
update=2 global_step=4096 SPS=1041 w_ev=0.349 m_ev=0.390 m_v_bias=52.0 m_adv_std=181.3015 m_kl_max=0.0030 m_ratio_max=0.310 w_ax@goal=+0.61 w_v@goal=2.50 return=-341.5 length=187 success_rate=0.20 collisions/ep=7.40 (n=10)
update=3 global_step=6144 SPS=1006 w_ev=0.508 m_ev=0.430 m_v_bias=47.9 m_adv_std=227.3368 m_kl_max=0.0005 m_ratio_max=0.109 w_ax@goal=+0.15 w_v@goal=4.31 return=-347.1 length=179 success_rate=0.27 collisions/ep=9.73 (n=11)
update=4 global_step=8192 SPS=979 w_ev=0.714 m_ev=0.539 m_v_bias=-49.4 m_adv_std=236.4454 m_kl_max=0.0005 m_ratio_max=0.120 w_ax@goal=+0.06 w_v@goal=6.51 return=-94.2 length=162 success_rate=0.50 collisions/ep=9.75 (n=12)
update=5 global_step=10240 SPS=981 w_ev=0.836 m_ev=0.690 m_v_bias=-140.8 m_adv_std=199.9667 m_kl_max=0.0029 m_ratio_max=0.295 w_ax@goal=+0.15 w_v@goal=9.52 return=332.2 length=146 success_rate=0.76 collisions/ep=7.24 (n=17)
Evaluation at update 5: return=524.25, length=90.70, success_rate=1.00, collisions/ep=9.55
Solved-check at update 5: solved=False worst_gap=513.76 at p_x0=0.50 p_y0=1.00 (consecutive=0)
update=6 global_step=12288 SPS=625 w_ev=0.943 m_ev=0.759 m_v_bias=-115.3 m_adv_std=124.0953 m_kl_max=0.0011 m_ratio_max=0.143 w_ax@goal=+0.50 w_v@goal=15.57 return=683.1 length=110 success_rate=0.95 collisions/ep=4.95 (n=19)
update=7 global_step=14336 SPS=660 w_ev=0.953 m_ev=0.893 m_v_bias=-41.1 m_adv_std=92.7088 m_kl_max=0.0162 m_ratio_max=0.824 w_ax@goal=+0.46 w_v@goal=18.58 return=761.3 length=101 success_rate=1.00 collisions/ep=4.64 (n=22)
update=8 global_step=16384 SPS=693 w_ev=0.942 m_ev=0.859 m_v_bias=-22.5 m_adv_std=93.7721 m_kl_max=0.0242 m_ratio_max=0.673 w_ax@goal=+0.52 w_v@goal=19.48 return=741.6 length=98 success_rate=0.95 collisions/ep=4.05 (n=21)
update=9 global_step=18432 SPS=720 w_ev=0.930 m_ev=0.878 m_v_bias=-3.9 m_adv_std=80.6236 m_kl_max=0.0190 m_ratio_max=1.377 w_ax@goal=+0.88 w_v@goal=19.85 return=812.5 length=87 success_rate=1.00 collisions/ep=3.83 (n=23)
update=10 global_step=20480 SPS=740 w_ev=0.942 m_ev=0.881 m_v_bias=-16.8 m_adv_std=82.6133 m_kl_max=0.0074 m_ratio_max=0.412 w_ax@goal=+0.71 w_v@goal=19.84 return=849.4 length=86 success_rate=1.00 collisions/ep=3.12 (n=24)
Evaluation at update 10: return=967.27, length=82.85, success_rate=1.00, collisions/ep=0.85
Solved-check at update 10: solved=False worst_gap=453.18 at p_x0=2.00 p_y0=-1.00 (consecutive=0)
update=11 global_step=22528 SPS=633 w_ev=0.942 m_ev=0.878 m_v_bias=-13.8 m_adv_std=73.1888 m_kl_max=0.0090 m_ratio_max=0.626 w_ax@goal=+0.76 w_v@goal=19.50 return=871.3 length=85 success_rate=1.00 collisions/ep=2.75 (n=24)
update=12 global_step=24576 SPS=653 w_ev=0.937 m_ev=0.924 m_v_bias=-4.9 m_adv_std=54.6000 m_kl_max=0.0108 m_ratio_max=0.672 w_ax@goal=+0.62 w_v@goal=19.20 return=879.8 length=84 success_rate=1.00 collisions/ep=2.54 (n=24)
update=13 global_step=26624 SPS=668 w_ev=0.944 m_ev=0.948 m_v_bias=-6.4 m_adv_std=44.4352 m_kl_max=0.0130 m_ratio_max=0.783 w_ax@goal=+0.87 w_v@goal=19.40 return=922.4 length=84 success_rate=1.00 collisions/ep=1.79 (n=24)
update=14 global_step=28672 SPS=682 w_ev=0.950 m_ev=0.949 m_v_bias=-21.4 m_adv_std=42.1702 m_kl_max=0.0082 m_ratio_max=0.447 w_ax@goal=+0.73 w_v@goal=19.36 return=943.7 length=83 success_rate=1.00 collisions/ep=1.33 (n=24)
update=15 global_step=30720 SPS=697 w_ev=0.950 m_ev=0.971 m_v_bias=-11.1 m_adv_std=29.1383 m_kl_max=0.0051 m_ratio_max=0.301 w_ax@goal=+0.99 w_v@goal=19.47 return=965.7 length=82 success_rate=1.00 collisions/ep=0.92 (n=24)
Evaluation at update 15: return=1008.70, length=81.30, success_rate=1.00, collisions/ep=0.05
Solved-check at update 15: solved=False worst_gap=51.75 at p_x0=1.50 p_y0=-1.00 (consecutive=0)
update=16 global_step=32768 SPS=628 w_ev=0.942 m_ev=0.898 m_v_bias=12.1 m_adv_std=61.1053 m_kl_max=0.0038 m_ratio_max=0.305 w_ax@goal=+0.99 w_v@goal=19.35 return=956.2 length=83 success_rate=1.00 collisions/ep=1.04 (n=24)
update=17 global_step=34816 SPS=642 w_ev=0.949 m_ev=0.950 m_v_bias=-14.7 m_adv_std=40.6407 m_kl_max=0.0122 m_ratio_max=0.732 w_ax@goal=+1.06 w_v@goal=19.44 return=933.4 length=81 success_rate=1.00 collisions/ep=1.54 (n=26)
update=18 global_step=36864 SPS=654 w_ev=0.946 m_ev=0.965 m_v_bias=-4.5 m_adv_std=34.4906 m_kl_max=0.0046 m_ratio_max=0.367 w_ax@goal=+0.85 w_v@goal=19.55 return=968.1 length=82 success_rate=1.00 collisions/ep=0.83 (n=30)
update=19 global_step=38912 SPS=666 w_ev=0.953 m_ev=0.983 m_v_bias=-8.3 m_adv_std=23.0841 m_kl_max=0.0029 m_ratio_max=0.290 w_ax@goal=+0.94 w_v@goal=19.37 return=983.1 length=81 success_rate=1.00 collisions/ep=0.58 (n=24)
update=20 global_step=40960 SPS=677 w_ev=0.908 m_ev=0.904 m_v_bias=12.0 m_adv_std=54.6260 m_kl_max=0.0200 m_ratio_max=0.804 w_ax@goal=+0.77 w_v@goal=19.24 return=954.0 length=82 success_rate=1.00 collisions/ep=1.17 (n=24)
Evaluation at update 20: return=1011.46, length=81.20, success_rate=1.00, collisions/ep=0.00
Solved-check at update 20: solved=False worst_gap=51.44 at p_x0=2.00 p_y0=-1.00 (consecutive=0)
update=21 global_step=43008 SPS=632 w_ev=0.941 m_ev=0.949 m_v_bias=-8.7 m_adv_std=39.6994 m_kl_max=0.0106 m_ratio_max=0.565 w_ax@goal=+0.86 w_v@goal=18.95 return=971.8 length=82 success_rate=1.00 collisions/ep=0.79 (n=24)
update=22 global_step=45056 SPS=643 w_ev=0.927 m_ev=0.977 m_v_bias=-5.2 m_adv_std=26.1650 m_kl_max=0.0093 m_ratio_max=0.644 w_ax@goal=+0.75 w_v@goal=18.98 return=969.9 length=82 success_rate=1.00 collisions/ep=0.79 (n=24)
update=23 global_step=47104 SPS=653 w_ev=0.921 m_ev=0.935 m_v_bias=4.6 m_adv_std=47.5896 m_kl_max=0.0081 m_ratio_max=0.441 w_ax@goal=+0.95 w_v@goal=19.12 return=964.3 length=81 success_rate=1.00 collisions/ep=0.92 (n=24)
update=24 global_step=49152 SPS=662 w_ev=0.946 m_ev=0.974 m_v_bias=-14.9 m_adv_std=27.5093 m_kl_max=0.0084 m_ratio_max=0.648 w_ax@goal=+0.96 w_v@goal=19.25 return=977.1 length=81 success_rate=1.00 collisions/ep=0.67 (n=24)
update=25 global_step=51200 SPS=672 w_ev=0.932 m_ev=0.978 m_v_bias=2.4 m_adv_std=26.9634 m_kl_max=0.0021 m_ratio_max=0.245 w_ax@goal=+0.99 w_v@goal=19.38 return=980.6 length=81 success_rate=1.00 collisions/ep=0.62 (n=32)
Evaluation at update 25: return=1009.46, length=80.60, success_rate=1.00, collisions/ep=0.05
Solved-check at update 25: solved=False worst_gap=51.52 at p_x0=0.00 p_y0=1.00 (consecutive=0)
update=26 global_step=53248 SPS=634 w_ev=0.946 m_ev=0.975 m_v_bias=2.5 m_adv_std=28.5670 m_kl_max=0.0024 m_ratio_max=0.240 w_ax@goal=+0.97 w_v@goal=19.26 return=977.6 length=80 success_rate=1.00 collisions/ep=0.67 (n=24)
update=27 global_step=55296 SPS=643 w_ev=0.947 m_ev=0.984 m_v_bias=-4.9 m_adv_std=21.6161 m_kl_max=0.0221 m_ratio_max=0.644 w_ax@goal=+0.94 w_v@goal=19.28 return=992.1 length=81 success_rate=1.00 collisions/ep=0.38 (n=24)
update=28 global_step=57344 SPS=650 w_ev=0.943 m_ev=0.950 m_v_bias=17.5 m_adv_std=42.0324 m_kl_max=0.0084 m_ratio_max=0.648 w_ax@goal=+0.92 w_v@goal=19.29 return=940.0 length=81 success_rate=1.00 collisions/ep=1.42 (n=24)
update=29 global_step=59392 SPS=658 w_ev=0.947 m_ev=0.941 m_v_bias=-12.3 m_adv_std=41.7985 m_kl_max=0.0159 m_ratio_max=0.690 w_ax@goal=+0.96 w_v@goal=19.32 return=966.8 length=81 success_rate=1.00 collisions/ep=0.88 (n=24)
update=30 global_step=61440 SPS=667 w_ev=0.951 m_ev=0.960 m_v_bias=-5.3 m_adv_std=34.5255 m_kl_max=0.0097 m_ratio_max=0.523 w_ax@goal=+0.97 w_v@goal=19.13 return=989.7 length=81 success_rate=1.00 collisions/ep=0.42 (n=24)
Evaluation at update 30: return=1012.05, length=80.45, success_rate=1.00, collisions/ep=0.00
Solved-check at update 30: solved=True worst_gap=1.47 at p_x0=0.00 p_y0=1.00 (consecutive=0)
update=31 global_step=63488 SPS=634 w_ev=0.963 m_ev=0.985 m_v_bias=0.5 m_adv_std=21.9794 m_kl_max=0.0126 m_ratio_max=0.463 w_ax@goal=+1.09 w_v@goal=19.23 return=975.2 length=80 success_rate=1.00 collisions/ep=0.78 (n=32)
update=32 global_step=65536 SPS=642 w_ev=0.969 m_ev=0.987 m_v_bias=-2.2 m_adv_std=19.6183 m_kl_max=0.0059 m_ratio_max=0.370 w_ax@goal=+1.06 w_v@goal=19.27 return=992.5 length=80 success_rate=1.00 collisions/ep=0.42 (n=24)
update=33 global_step=67584 SPS=649 w_ev=0.950 m_ev=0.967 m_v_bias=9.0 m_adv_std=32.3210 m_kl_max=0.0044 m_ratio_max=0.315 w_ax@goal=+1.07 w_v@goal=19.16 return=971.1 length=81 success_rate=1.00 collisions/ep=0.83 (n=24)
update=34 global_step=69632 SPS=656 w_ev=0.955 m_ev=0.965 m_v_bias=2.1 m_adv_std=32.9208 m_kl_max=0.0067 m_ratio_max=0.365 w_ax@goal=+1.11 w_v@goal=19.33 return=960.9 length=81 success_rate=1.00 collisions/ep=1.04 (n=24)
update=35 global_step=71680 SPS=662 w_ev=0.955 m_ev=0.983 m_v_bias=-4.9 m_adv_std=21.3468 m_kl_max=0.0050 m_ratio_max=0.336 w_ax@goal=+1.02 w_v@goal=19.36 return=988.2 length=80 success_rate=1.00 collisions/ep=0.54 (n=24)
Evaluation at update 35: return=1012.07, length=80.45, success_rate=1.00, collisions/ep=0.00
Solved-check at update 35: solved=True worst_gap=1.56 at p_x0=0.00 p_y0=1.00 (consecutive=1)
Solved criterion held for 2 consecutive evals (tolerance=5.0) at global_step=71680.
update=36 global_step=73728 SPS=634 w_ev=0.951 m_ev=0.969 m_v_bias=5.0 m_adv_std=30.6330 m_kl_max=0.0069 m_ratio_max=0.437 w_ax@goal=+0.96 w_v@goal=19.12 return=976.4 length=81 success_rate=1.00 collisions/ep=0.80 (n=25)
update=37 global_step=75776 SPS=641 w_ev=0.958 m_ev=0.974 m_v_bias=2.7 m_adv_std=29.6879 m_kl_max=0.0083 m_ratio_max=0.456 w_ax@goal=+0.80 w_v@goal=19.21 return=974.8 length=81 success_rate=1.00 collisions/ep=0.74 (n=31)
update=38 global_step=77824 SPS=648 w_ev=0.933 m_ev=0.956 m_v_bias=1.0 m_adv_std=36.8180 m_kl_max=0.0128 m_ratio_max=0.417 w_ax@goal=+0.96 w_v@goal=19.19 return=973.4 length=81 success_rate=1.00 collisions/ep=0.88 (n=24)
update=39 global_step=79872 SPS=654 w_ev=0.929 m_ev=0.980 m_v_bias=-5.2 m_adv_std=24.1886 m_kl_max=0.0036 m_ratio_max=0.489 w_ax@goal=+1.08 w_v@goal=18.84 return=984.1 length=80 success_rate=1.00 collisions/ep=0.58 (n=24)
update=40 global_step=81920 SPS=659 w_ev=0.938 m_ev=0.973 m_v_bias=0.3 m_adv_std=27.2094 m_kl_max=0.0032 m_ratio_max=0.270 w_ax@goal=+1.08 w_v@goal=19.06 return=990.7 length=80 success_rate=1.00 collisions/ep=0.46 (n=24)
Evaluation at update 40: return=1012.55, length=80.10, success_rate=1.00, collisions/ep=0.00
Solved-check at update 40: solved=True worst_gap=1.04 at p_x0=0.00 p_y0=1.00 (consecutive=2)
update=41 global_step=83968 SPS=634 w_ev=0.932 m_ev=0.933 m_v_bias=6.7 m_adv_std=45.1278 m_kl_max=0.0125 m_ratio_max=0.406 w_ax@goal=+0.99 w_v@goal=19.17 return=967.7 length=80 success_rate=1.00 collisions/ep=0.92 (n=24)
update=42 global_step=86016 SPS=640 w_ev=0.952 m_ev=0.991 m_v_bias=-17.3 m_adv_std=16.7731 m_kl_max=0.0159 m_ratio_max=0.464 w_ax@goal=+1.18 w_v@goal=19.17 return=990.0 length=80 success_rate=1.00 collisions/ep=0.47 (n=32)
update=43 global_step=88064 SPS=645 w_ev=0.946 m_ev=0.972 m_v_bias=3.1 m_adv_std=29.0510 m_kl_max=0.0084 m_ratio_max=0.405 w_ax@goal=+1.32 w_v@goal=19.35 return=982.8 length=80 success_rate=1.00 collisions/ep=0.71 (n=24)
update=44 global_step=90112 SPS=651 w_ev=0.949 m_ev=0.960 m_v_bias=11.1 m_adv_std=34.7617 m_kl_max=0.0342 m_ratio_max=1.531 w_ax@goal=+1.19 w_v@goal=19.23 return=961.8 length=80 success_rate=1.00 collisions/ep=1.00 (n=24)
update=45 global_step=92160 SPS=656 w_ev=0.953 m_ev=0.967 m_v_bias=-1.5 m_adv_std=30.3727 m_kl_max=0.0329 m_ratio_max=1.777 w_ax@goal=+1.26 w_v@goal=19.05 return=974.2 length=80 success_rate=1.00 collisions/ep=0.92 (n=24)
Evaluation at update 45: return=1012.61, length=80.00, success_rate=1.00, collisions/ep=0.00
Solved-check at update 45: solved=True worst_gap=0.99 at p_x0=0.00 p_y0=1.00 (consecutive=3)
update=46 global_step=94208 SPS=635 w_ev=0.940 m_ev=0.969 m_v_bias=-2.5 m_adv_std=29.5287 m_kl_max=0.0182 m_ratio_max=0.673 w_ax@goal=+1.15 w_v@goal=19.21 return=967.7 length=80 success_rate=1.00 collisions/ep=0.96 (n=24)
update=47 global_step=96256 SPS=640 w_ev=0.955 m_ev=0.960 m_v_bias=9.2 m_adv_std=36.1684 m_kl_max=0.0101 m_ratio_max=0.550 w_ax@goal=+1.16 w_v@goal=19.12 return=975.8 length=80 success_rate=1.00 collisions/ep=0.78 (n=32)
update=48 global_step=98304 SPS=645 w_ev=0.945 m_ev=0.978 m_v_bias=-9.3 m_adv_std=26.1956 m_kl_max=0.0061 m_ratio_max=0.532 w_ax@goal=+1.13 w_v@goal=18.95 return=988.8 length=80 success_rate=1.00 collisions/ep=0.46 (n=24)
update=49 global_step=100352 SPS=650 w_ev=0.946 m_ev=0.986 m_v_bias=-6.0 m_adv_std=19.5118 m_kl_max=0.0129 m_ratio_max=0.438 w_ax@goal=+1.36 w_v@goal=19.06 return=999.5 length=80 success_rate=1.00 collisions/ep=0.25 (n=24)
update=50 global_step=102400 SPS=655 w_ev=0.946 m_ev=0.968 m_v_bias=6.1 m_adv_std=29.2634 m_kl_max=0.0158 m_ratio_max=0.465 w_ax@goal=+1.43 w_v@goal=19.08 return=980.9 length=79 success_rate=1.00 collisions/ep=0.62 (n=24)
Evaluation at update 50: return=1010.34, length=79.80, success_rate=1.00, collisions/ep=0.05
Solved-check at update 50: solved=False worst_gap=50.71 at p_x0=0.00 p_y0=0.50 (consecutive=4)
update=51 global_step=104448 SPS=634 w_ev=0.959 m_ev=0.977 m_v_bias=2.9 m_adv_std=26.6353 m_kl_max=0.0142 m_ratio_max=0.463 w_ax@goal=+1.27 w_v@goal=19.18 return=994.1 length=79 success_rate=1.00 collisions/ep=0.40 (n=25)
update=52 global_step=106496 SPS=638 w_ev=0.954 m_ev=0.969 m_v_bias=-3.9 m_adv_std=32.1588 m_kl_max=0.0167 m_ratio_max=0.710 w_ax@goal=+1.35 w_v@goal=19.13 return=976.7 length=80 success_rate=1.00 collisions/ep=0.77 (n=31)
update=53 global_step=108544 SPS=643 w_ev=0.943 m_ev=0.961 m_v_bias=-1.6 m_adv_std=35.0390 m_kl_max=0.0140 m_ratio_max=0.621 w_ax@goal=+1.35 w_v@goal=19.12 return=978.8 length=79 success_rate=1.00 collisions/ep=0.71 (n=24)
update=54 global_step=110592 SPS=647 w_ev=0.948 m_ev=0.984 m_v_bias=-4.5 m_adv_std=20.9604 m_kl_max=0.0119 m_ratio_max=0.441 w_ax@goal=+1.36 w_v@goal=19.25 return=991.5 length=79 success_rate=1.00 collisions/ep=0.42 (n=24)
update=55 global_step=112640 SPS=652 w_ev=0.963 m_ev=0.987 m_v_bias=-3.9 m_adv_std=18.7761 m_kl_max=0.0130 m_ratio_max=0.492 w_ax@goal=+1.29 w_v@goal=19.21 return=995.4 length=79 success_rate=1.00 collisions/ep=0.38 (n=24)
Evaluation at update 55: return=1012.89, length=79.80, success_rate=1.00, collisions/ep=0.00
Solved-check at update 55: solved=True worst_gap=0.74 at p_x0=0.00 p_y0=1.00 (consecutive=0)
update=56 global_step=114688 SPS=634 w_ev=0.953 m_ev=0.981 m_v_bias=3.0 m_adv_std=23.5539 m_kl_max=0.0141 m_ratio_max=0.553 w_ax@goal=+1.34 w_v@goal=19.10 return=994.5 length=79 success_rate=1.00 collisions/ep=0.39 (n=31)
update=57 global_step=116736 SPS=638 w_ev=0.948 m_ev=0.988 m_v_bias=-5.5 m_adv_std=19.2611 m_kl_max=0.0122 m_ratio_max=0.388 w_ax@goal=+1.20 w_v@goal=19.16 return=998.1 length=80 success_rate=1.00 collisions/ep=0.28 (n=25)
update=58 global_step=118784 SPS=641 w_ev=0.956 m_ev=0.977 m_v_bias=3.3 m_adv_std=26.4228 m_kl_max=0.0102 m_ratio_max=0.573 w_ax@goal=+1.17 w_v@goal=19.24 return=987.4 length=79 success_rate=1.00 collisions/ep=0.50 (n=24)
update=59 global_step=120832 SPS=645 w_ev=0.947 m_ev=0.978 m_v_bias=-5.8 m_adv_std=24.3832 m_kl_max=0.0128 m_ratio_max=0.457 w_ax@goal=+1.23 w_v@goal=19.15 return=989.4 length=79 success_rate=1.00 collisions/ep=0.50 (n=24)
update=60 global_step=122880 SPS=649 w_ev=0.951 m_ev=0.965 m_v_bias=7.2 m_adv_std=32.9212 m_kl_max=0.0100 m_ratio_max=0.527 w_ax@goal=+1.05 w_v@goal=19.06 return=986.0 length=79 success_rate=1.00 collisions/ep=0.52 (n=25)
Evaluation at update 60: return=1010.40, length=79.65, success_rate=1.00, collisions/ep=0.05
Solved-check at update 60: solved=False worst_gap=50.68 at p_x0=0.00 p_y0=1.00 (consecutive=1)
update=61 global_step=124928 SPS=634 w_ev=0.951 m_ev=0.979 m_v_bias=-4.6 m_adv_std=26.2259 m_kl_max=0.0076 m_ratio_max=0.414 w_ax@goal=+1.20 w_v@goal=18.95 return=988.1 length=80 success_rate=1.00 collisions/ep=0.48 (n=31)
update=62 global_step=126976 SPS=638 w_ev=0.935 m_ev=0.968 m_v_bias=4.2 m_adv_std=31.2363 m_kl_max=0.0036 m_ratio_max=0.275 w_ax@goal=+1.19 w_v@goal=19.06 return=977.0 length=79 success_rate=1.00 collisions/ep=0.79 (n=24)
update=63 global_step=129024 SPS=642 w_ev=0.954 m_ev=0.995 m_v_bias=-8.9 m_adv_std=11.7030 m_kl_max=0.0028 m_ratio_max=0.293 w_ax@goal=+1.07 w_v@goal=19.11 return=1006.0 length=79 success_rate=1.00 collisions/ep=0.12 (n=24)
update=64 global_step=131072 SPS=645 w_ev=0.950 m_ev=0.990 m_v_bias=3.5 m_adv_std=16.3881 m_kl_max=0.0228 m_ratio_max=0.775 w_ax@goal=+1.03 w_v@goal=19.18 return=991.4 length=80 success_rate=1.00 collisions/ep=0.50 (n=24)
update=65 global_step=133120 SPS=648 w_ev=0.953 m_ev=0.996 m_v_bias=-4.1 m_adv_std=10.7370 m_kl_max=0.0192 m_ratio_max=0.603 w_ax@goal=+1.04 w_v@goal=19.26 return=1000.8 length=79 success_rate=1.00 collisions/ep=0.23 (n=31)
Evaluation at update 65: return=1010.34, length=79.80, success_rate=1.00, collisions/ep=0.05
Solved-check at update 65: solved=False worst_gap=50.76 at p_x0=0.00 p_y0=1.00 (consecutive=0)
update=66 global_step=135168 SPS=634 w_ev=0.939 m_ev=0.986 m_v_bias=5.1 m_adv_std=20.2720 m_kl_max=0.0217 m_ratio_max=0.618 w_ax@goal=+1.05 w_v@goal=19.37 return=986.0 length=80 success_rate=1.00 collisions/ep=0.60 (n=25)
update=67 global_step=137216 SPS=638 w_ev=0.914 m_ev=0.974 m_v_bias=2.7 m_adv_std=27.5125 m_kl_max=0.0207 m_ratio_max=0.615 w_ax@goal=+1.14 w_v@goal=19.30 return=970.5 length=79 success_rate=1.00 collisions/ep=1.00 (n=24)
update=68 global_step=139264 SPS=641 w_ev=0.925 m_ev=0.985 m_v_bias=-9.7 m_adv_std=20.3539 m_kl_max=0.0052 m_ratio_max=0.420 w_ax@goal=+1.08 w_v@goal=19.24 return=987.0 length=80 success_rate=1.00 collisions/ep=0.54 (n=24)
update=69 global_step=141312 SPS=644 w_ev=0.923 m_ev=0.975 m_v_bias=0.2 m_adv_std=27.3200 m_kl_max=0.0031 m_ratio_max=0.389 w_ax@goal=+1.13 w_v@goal=19.20 return=994.3 length=79 success_rate=1.00 collisions/ep=0.40 (n=25)
update=70 global_step=143360 SPS=648 w_ev=0.929 m_ev=0.983 m_v_bias=-1.5 m_adv_std=22.5235 m_kl_max=0.0229 m_ratio_max=1.000 w_ax@goal=+1.17 w_v@goal=19.42 return=983.3 length=80 success_rate=1.00 collisions/ep=0.65 (n=31)
Evaluation at update 70: return=1012.94, length=79.60, success_rate=1.00, collisions/ep=0.00
Solved-check at update 70: solved=False worst_gap=50.56 at p_x0=0.00 p_y0=0.50 (consecutive=0)
update=71 global_step=145408 SPS=634 w_ev=0.944 m_ev=0.990 m_v_bias=-4.3 m_adv_std=16.2341 m_kl_max=0.0207 m_ratio_max=1.334 w_ax@goal=+1.09 w_v@goal=19.32 return=1003.9 length=79 success_rate=1.00 collisions/ep=0.17 (n=24)
update=72 global_step=147456 SPS=638 w_ev=0.878 m_ev=0.847 m_v_bias=19.9 m_adv_std=67.2836 m_kl_max=0.0181 m_ratio_max=0.491 w_ax@goal=+0.42 w_v@goal=19.45 return=984.6 length=82 success_rate=1.00 collisions/ep=0.50 (n=24)
update=73 global_step=149504 SPS=641 w_ev=0.924 m_ev=0.980 m_v_bias=-13.4 m_adv_std=23.9704 m_kl_max=0.0179 m_ratio_max=0.779 w_ax@goal=+0.86 w_v@goal=19.10 return=1005.8 length=80 success_rate=1.00 collisions/ep=0.12 (n=24)
update=74 global_step=151552 SPS=644 w_ev=0.933 m_ev=0.994 m_v_bias=-10.8 m_adv_std=12.4219 m_kl_max=0.0213 m_ratio_max=0.517 w_ax@goal=+0.97 w_v@goal=19.36 return=1004.3 length=80 success_rate=1.00 collisions/ep=0.15 (n=27)
update=75 global_step=153600 SPS=647 w_ev=0.944 m_ev=0.988 m_v_bias=2.9 m_adv_std=19.0836 m_kl_max=0.0148 m_ratio_max=0.466 w_ax@goal=+1.10 w_v@goal=19.62 return=996.4 length=80 success_rate=1.00 collisions/ep=0.31 (n=29)
Evaluation at update 75: return=1013.02, length=79.50, success_rate=1.00, collisions/ep=0.00
Solved-check at update 75: solved=True worst_gap=0.54 at p_x0=0.00 p_y0=1.00 (consecutive=0)
update=76 global_step=155648 SPS=635 w_ev=0.933 m_ev=0.990 m_v_bias=-3.8 m_adv_std=17.3059 m_kl_max=0.0165 m_ratio_max=0.580 w_ax@goal=+1.03 w_v@goal=19.40 return=1004.1 length=79 success_rate=1.00 collisions/ep=0.17 (n=24)
update=77 global_step=157696 SPS=638 w_ev=0.922 m_ev=0.993 m_v_bias=-0.5 m_adv_std=13.9167 m_kl_max=0.0076 m_ratio_max=0.507 w_ax@goal=+0.96 w_v@goal=19.56 return=1002.0 length=79 success_rate=1.00 collisions/ep=0.21 (n=24)
update=78 global_step=159744 SPS=641 w_ev=0.925 m_ev=0.972 m_v_bias=3.0 m_adv_std=28.2213 m_kl_max=0.0065 m_ratio_max=0.367 w_ax@goal=+1.17 w_v@goal=19.52 return=987.3 length=79 success_rate=1.00 collisions/ep=0.62 (n=24)
update=79 global_step=161792 SPS=644 w_ev=0.921 m_ev=0.993 m_v_bias=-1.1 m_adv_std=14.7936 m_kl_max=0.0174 m_ratio_max=0.662 w_ax@goal=+0.96 w_v@goal=19.52 return=1001.3 length=79 success_rate=1.00 collisions/ep=0.22 (n=32)
update=80 global_step=163840 SPS=647 w_ev=0.904 m_ev=0.983 m_v_bias=1.7 m_adv_std=22.3759 m_kl_max=0.0051 m_ratio_max=0.415 w_ax@goal=+1.08 w_v@goal=19.54 return=994.0 length=79 success_rate=1.00 collisions/ep=0.42 (n=24)
Evaluation at update 80: return=1013.01, length=79.50, success_rate=1.00, collisions/ep=0.00
Solved-check at update 80: solved=True worst_gap=0.54 at p_x0=0.00 p_y0=1.00 (consecutive=1)
update=81 global_step=165888 SPS=634 w_ev=0.921 m_ev=0.985 m_v_bias=-0.1 m_adv_std=19.6506 m_kl_max=0.0145 m_ratio_max=0.483 w_ax@goal=+1.14 w_v@goal=19.44 return=997.6 length=79 success_rate=1.00 collisions/ep=0.42 (n=24)
update=82 global_step=167936 SPS=637 w_ev=0.931 m_ev=0.992 m_v_bias=-1.9 m_adv_std=14.5554 m_kl_max=0.0207 m_ratio_max=0.958 w_ax@goal=+1.11 w_v@goal=19.44 return=1010.3 length=79 success_rate=1.00 collisions/ep=0.04 (n=24)
update=83 global_step=169984 SPS=640 w_ev=0.920 m_ev=0.992 m_v_bias=2.5 m_adv_std=15.1841 m_kl_max=0.0168 m_ratio_max=0.564 w_ax@goal=+1.11 w_v@goal=19.32 return=996.9 length=79 success_rate=1.00 collisions/ep=0.31 (n=29)
update=84 global_step=172032 SPS=642 w_ev=0.926 m_ev=0.986 m_v_bias=0.6 m_adv_std=20.6945 m_kl_max=0.0184 m_ratio_max=0.772 w_ax@goal=+1.25 w_v@goal=19.63 return=999.7 length=79 success_rate=1.00 collisions/ep=0.30 (n=27)
update=85 global_step=174080 SPS=645 w_ev=0.918 m_ev=0.993 m_v_bias=-3.5 m_adv_std=13.8158 m_kl_max=0.0101 m_ratio_max=0.610 w_ax@goal=+1.19 w_v@goal=19.63 return=1002.2 length=79 success_rate=1.00 collisions/ep=0.21 (n=24)
Evaluation at update 85: return=1013.00, length=79.50, success_rate=1.00, collisions/ep=0.00
Solved-check at update 85: solved=True worst_gap=0.58 at p_x0=0.00 p_y0=1.00 (consecutive=2)
update=86 global_step=176128 SPS=634 w_ev=0.906 m_ev=0.993 m_v_bias=0.3 m_adv_std=13.4170 m_kl_max=0.0123 m_ratio_max=0.535 w_ax@goal=+1.20 w_v@goal=19.53 return=1003.9 length=79 success_rate=1.00 collisions/ep=0.17 (n=24)
update=87 global_step=178176 SPS=637 w_ev=0.926 m_ev=0.989 m_v_bias=3.0 m_adv_std=17.9146 m_kl_max=0.0147 m_ratio_max=1.049 w_ax@goal=+1.04 w_v@goal=19.57 return=1000.6 length=79 success_rate=1.00 collisions/ep=0.31 (n=26)
update=88 global_step=180224 SPS=639 w_ev=0.923 m_ev=0.989 m_v_bias=-0.8 m_adv_std=18.0277 m_kl_max=0.0107 m_ratio_max=0.638 w_ax@goal=+0.94 w_v@goal=19.71 return=998.8 length=80 success_rate=1.00 collisions/ep=0.27 (n=30)
update=89 global_step=182272 SPS=642 w_ev=0.909 m_ev=0.992 m_v_bias=-3.1 m_adv_std=14.9170 m_kl_max=0.0026 m_ratio_max=0.273 w_ax@goal=+1.17 w_v@goal=19.45 return=1001.9 length=79 success_rate=1.00 collisions/ep=0.29 (n=24)
update=90 global_step=184320 SPS=645 w_ev=0.910 m_ev=0.990 m_v_bias=1.3 m_adv_std=15.7533 m_kl_max=0.0151 m_ratio_max=0.487 w_ax@goal=+1.21 w_v@goal=19.49 return=1000.0 length=79 success_rate=1.00 collisions/ep=0.33 (n=24)
Evaluation at update 90: return=1013.04, length=79.45, success_rate=1.00, collisions/ep=0.00
Solved-check at update 90: solved=True worst_gap=0.55 at p_x0=0.00 p_y0=1.00 (consecutive=3)
update=91 global_step=186368 SPS=634 w_ev=0.918 m_ev=0.982 m_v_bias=1.9 m_adv_std=21.7700 m_kl_max=0.0118 m_ratio_max=0.676 w_ax@goal=+1.16 w_v@goal=19.44 return=991.6 length=79 success_rate=1.00 collisions/ep=0.54 (n=24)
update=92 global_step=188416 SPS=637 w_ev=0.931 m_ev=0.988 m_v_bias=-2.0 m_adv_std=18.7442 m_kl_max=0.0177 m_ratio_max=0.583 w_ax@goal=+1.29 w_v@goal=19.35 return=1003.2 length=79 success_rate=1.00 collisions/ep=0.22 (n=32)
update=93 global_step=190464 SPS=639 w_ev=0.921 m_ev=0.992 m_v_bias=-0.2 m_adv_std=15.2089 m_kl_max=0.0106 m_ratio_max=0.468 w_ax@goal=+1.16 w_v@goal=19.50 return=1002.2 length=79 success_rate=1.00 collisions/ep=0.21 (n=24)
update=94 global_step=192512 SPS=642 w_ev=0.888 m_ev=0.984 m_v_bias=5.3 m_adv_std=21.1153 m_kl_max=0.0225 m_ratio_max=1.521 w_ax@goal=+1.13 w_v@goal=19.40 return=999.8 length=79 success_rate=1.00 collisions/ep=0.29 (n=24)
update=95 global_step=194560 SPS=644 w_ev=0.902 m_ev=0.970 m_v_bias=2.8 m_adv_std=29.1055 m_kl_max=0.0164 m_ratio_max=0.709 w_ax@goal=+1.29 w_v@goal=19.55 return=987.6 length=79 success_rate=1.00 collisions/ep=0.54 (n=24)
Evaluation at update 95: return=1013.11, length=79.40, success_rate=1.00, collisions/ep=0.00
Solved-check at update 95: solved=True worst_gap=0.46 at p_x0=0.00 p_y0=1.00 (consecutive=4)
update=96 global_step=196608 SPS=634 w_ev=0.931 m_ev=0.979 m_v_bias=1.8 m_adv_std=26.0925 m_kl_max=0.0102 m_ratio_max=0.671 w_ax@goal=+1.14 w_v@goal=19.53 return=979.8 length=79 success_rate=1.00 collisions/ep=0.66 (n=32)
update=97 global_step=198656 SPS=636 w_ev=0.930 m_ev=0.984 m_v_bias=-5.0 m_adv_std=22.2479 m_kl_max=0.0075 m_ratio_max=0.643 w_ax@goal=+1.37 w_v@goal=19.53 return=998.2 length=79 success_rate=1.00 collisions/ep=0.42 (n=24)
update=98 global_step=200704 SPS=639 w_ev=0.894 m_ev=0.967 m_v_bias=1.3 m_adv_std=29.5799 m_kl_max=0.0300 m_ratio_max=0.692 w_ax@goal=+1.38 w_v@goal=19.42 return=996.1 length=79 success_rate=1.00 collisions/ep=0.33 (n=24)
update=99 global_step=202752 SPS=641 w_ev=0.916 m_ev=0.991 m_v_bias=-4.1 m_adv_std=15.7784 m_kl_max=0.0088 m_ratio_max=0.433 w_ax@goal=+1.30 w_v@goal=19.50 return=1002.1 length=79 success_rate=1.00 collisions/ep=0.21 (n=24)
update=100 global_step=204800 SPS=643 w_ev=0.924 m_ev=0.994 m_v_bias=0.1 m_adv_std=12.5912 m_kl_max=0.0164 m_ratio_max=0.491 w_ax@goal=+1.24 w_v@goal=19.46 return=1002.7 length=79 success_rate=1.00 collisions/ep=0.19 (n=31)
Evaluation at update 100: return=1013.12, length=79.35, success_rate=1.00, collisions/ep=0.00
Solved-check at update 100: solved=True worst_gap=0.45 at p_x0=0.00 p_y0=1.00 (consecutive=5)
Saved checkpoints to C:\Users\loren\Desktop\MASTER THESIS\5_CODE\scenarios\slalom\studies\init_sampler\hppo_sobol\runs\hppo_slalom_16_1791036557
