Using device: cpu
Solved-check: precomputed optimal returns for 25 fixed initial conditions (mean=1013.0, min=1011.0, max=1015.0); solved-tolerance=5.0
num_envs=8 num_steps_per_env=256 worker_batch_size=2048 worker_minibatch_size=256 num_updates=100 timesteps=204800
update=1 global_step=2048 SPS=1173 w_ev=-0.024 m_ev=0.000 m_v_bias=168.7 m_adv_std=126.7826 m_kl_max=0.0030 m_ratio_max=0.349 return=-742.7 length=200 success_rate=0.00 collisions/ep=10.75 (n=8)
update=2 global_step=4096 SPS=1108 w_ev=-0.022 m_ev=-0.130 m_v_bias=30.3 m_adv_std=197.9419 m_kl_max=0.0007 m_ratio_max=0.247 w_ax@goal=-0.08 w_v@goal=-2.25 return=-424.8 length=188 success_rate=0.11 collisions/ep=7.44 (n=9)
update=3 global_step=6144 SPS=1000 w_ev=-0.035 m_ev=-0.023 m_v_bias=-150.3 m_adv_std=339.5427 m_kl_max=0.0042 m_ratio_max=0.688 w_ax@goal=+0.16 w_v@goal=-1.99 return=56.7 length=175 success_rate=0.46 collisions/ep=5.54 (n=13)
update=4 global_step=8192 SPS=999 w_ev=0.488 m_ev=0.632 m_v_bias=-138.2 m_adv_std=207.8033 m_kl_max=0.0011 m_ratio_max=0.130 w_ax@goal=+0.38 w_v@goal=2.66 return=155.9 length=161 success_rate=0.50 collisions/ep=4.67 (n=12)
update=5 global_step=10240 SPS=986 w_ev=0.813 m_ev=0.754 m_v_bias=-32.4 m_adv_std=167.9599 m_kl_max=0.0042 m_ratio_max=0.346 w_ax@goal=+0.30 w_v@goal=9.62 return=95.0 length=170 success_rate=0.42 collisions/ep=3.67 (n=12)
Evaluation at update 5: return=-222.19, length=200.00, success_rate=0.00, collisions/ep=0.00
Solved-check at update 5: solved=False worst_gap=1241.01 at p_x0=2.00 p_y0=-1.00 (consecutive=0)
update=6 global_step=12288 SPS=415 w_ev=0.924 m_ev=0.814 m_v_bias=-14.4 m_adv_std=136.6615 m_kl_max=0.0035 m_ratio_max=0.260 w_ax@goal=+0.34 w_v@goal=14.76 return=32.5 length=176 success_rate=0.33 collisions/ep=2.83 (n=12)
update=7 global_step=14336 SPS=469 w_ev=0.960 m_ev=0.908 m_v_bias=-99.3 m_adv_std=98.7611 m_kl_max=0.0076 m_ratio_max=0.428 w_ax@goal=+0.02 w_v@goal=17.30 return=139.9 length=170 success_rate=0.36 collisions/ep=1.64 (n=11)
update=8 global_step=16384 SPS=516 w_ev=0.968 m_ev=0.866 m_v_bias=-24.7 m_adv_std=131.3732 m_kl_max=0.0022 m_ratio_max=0.336 w_ax@goal=+0.58 w_v@goal=18.63 return=423.1 length=136 success_rate=0.69 collisions/ep=3.88 (n=16)
update=9 global_step=18432 SPS=561 w_ev=0.959 m_ev=0.872 m_v_bias=-84.8 m_adv_std=102.2828 m_kl_max=0.0050 m_ratio_max=0.486 w_ax@goal=+0.70 w_v@goal=18.76 return=602.3 length=134 success_rate=0.82 collisions/ep=3.29 (n=17)
update=10 global_step=20480 SPS=604 w_ev=0.937 m_ev=0.874 m_v_bias=-12.3 m_adv_std=87.8067 m_kl_max=0.0014 m_ratio_max=0.146 w_ax@goal=+0.70 w_v@goal=19.11 return=770.5 length=101 success_rate=1.00 collisions/ep=4.40 (n=20)
Evaluation at update 10: return=586.70, length=82.85, success_rate=1.00, collisions/ep=8.40
Solved-check at update 10: solved=False worst_gap=706.82 at p_x0=2.00 p_y0=-0.50 (consecutive=0)
update=11 global_step=22528 SPS=591 w_ev=0.916 m_ev=0.861 m_v_bias=-5.7 m_adv_std=89.6769 m_kl_max=0.0043 m_ratio_max=0.337 w_ax@goal=+0.70 w_v@goal=19.45 return=781.8 length=93 success_rate=1.00 collisions/ep=4.33 (n=24)
update=12 global_step=24576 SPS=628 w_ev=0.944 m_ev=0.896 m_v_bias=-7.3 m_adv_std=73.7528 m_kl_max=0.0007 m_ratio_max=0.168 w_ax@goal=+0.60 w_v@goal=19.74 return=832.5 length=88 success_rate=1.00 collisions/ep=3.43 (n=23)
update=13 global_step=26624 SPS=663 w_ev=0.930 m_ev=0.873 m_v_bias=8.8 m_adv_std=80.9281 m_kl_max=0.0056 m_ratio_max=0.338 w_ax@goal=+0.73 w_v@goal=19.57 return=808.5 length=85 success_rate=1.00 collisions/ep=3.96 (n=24)
update=14 global_step=28672 SPS=696 w_ev=0.933 m_ev=0.877 m_v_bias=15.7 m_adv_std=81.9446 m_kl_max=0.0022 m_ratio_max=0.315 w_ax@goal=+0.64 w_v@goal=19.38 return=803.8 length=88 success_rate=1.00 collisions/ep=4.00 (n=23)
update=15 global_step=30720 SPS=728 w_ev=0.954 m_ev=0.935 m_v_bias=-27.9 m_adv_std=54.5245 m_kl_max=0.0059 m_ratio_max=0.341 w_ax@goal=+0.54 w_v@goal=19.44 return=889.8 length=86 success_rate=1.00 collisions/ep=2.32 (n=25)
Evaluation at update 15: return=958.55, length=80.75, success_rate=1.00, collisions/ep=1.00
Solved-check at update 15: solved=False worst_gap=55.21 at p_x0=0.00 p_y0=-1.00 (consecutive=0)
update=16 global_step=32768 SPS=646 w_ev=0.941 m_ev=0.911 m_v_bias=1.7 m_adv_std=61.9058 m_kl_max=0.0043 m_ratio_max=0.321 w_ax@goal=+0.46 w_v@goal=19.55 return=878.9 length=86 success_rate=1.00 collisions/ep=2.54 (n=24)
update=17 global_step=34816 SPS=671 w_ev=0.949 m_ev=0.927 m_v_bias=-19.6 m_adv_std=53.9118 m_kl_max=0.0047 m_ratio_max=0.345 w_ax@goal=+0.52 w_v@goal=19.42 return=924.9 length=84 success_rate=1.00 collisions/ep=1.65 (n=26)
update=18 global_step=36864 SPS=697 w_ev=0.954 m_ev=0.953 m_v_bias=-3.5 m_adv_std=43.0266 m_kl_max=0.0018 m_ratio_max=0.237 w_ax@goal=+0.19 w_v@goal=19.13 return=920.9 length=85 success_rate=1.00 collisions/ep=1.71 (n=24)
update=19 global_step=38912 SPS=722 w_ev=0.950 m_ev=0.943 m_v_bias=-10.8 m_adv_std=46.0385 m_kl_max=0.0020 m_ratio_max=0.180 w_ax@goal=+0.39 w_v@goal=19.28 return=940.0 length=85 success_rate=1.00 collisions/ep=1.33 (n=24)
update=20 global_step=40960 SPS=744 w_ev=0.955 m_ev=0.961 m_v_bias=0.6 m_adv_std=36.8321 m_kl_max=0.0015 m_ratio_max=0.153 w_ax@goal=+0.72 w_v@goal=19.16 return=938.4 length=85 success_rate=1.00 collisions/ep=1.38 (n=24)
Evaluation at update 20: return=999.33, length=80.25, success_rate=1.00, collisions/ep=0.20
Solved-check at update 20: solved=False worst_gap=54.16 at p_x0=1.50 p_y0=-1.00 (consecutive=0)
update=21 global_step=43008 SPS=676 w_ev=0.951 m_ev=0.946 m_v_bias=-1.7 m_adv_std=44.5519 m_kl_max=0.0075 m_ratio_max=0.426 w_ax@goal=+0.49 w_v@goal=19.44 return=932.0 length=84 success_rate=1.00 collisions/ep=1.50 (n=24)
update=22 global_step=45056 SPS=686 w_ev=0.958 m_ev=0.980 m_v_bias=-15.2 m_adv_std=26.3046 m_kl_max=0.0063 m_ratio_max=0.362 w_ax@goal=+0.64 w_v@goal=19.39 return=962.5 length=86 success_rate=1.00 collisions/ep=0.88 (n=24)
update=23 global_step=47104 SPS=698 w_ev=0.949 m_ev=0.966 m_v_bias=-4.1 m_adv_std=32.8511 m_kl_max=0.0079 m_ratio_max=0.411 w_ax@goal=+0.60 w_v@goal=19.32 return=964.1 length=84 success_rate=1.00 collisions/ep=0.88 (n=24)
update=24 global_step=49152 SPS=709 w_ev=0.945 m_ev=0.964 m_v_bias=-3.9 m_adv_std=33.9405 m_kl_max=0.0068 m_ratio_max=0.404 w_ax@goal=+0.78 w_v@goal=19.18 return=971.8 length=82 success_rate=1.00 collisions/ep=0.75 (n=24)
update=25 global_step=51200 SPS=717 w_ev=0.957 m_ev=0.970 m_v_bias=5.8 m_adv_std=31.2400 m_kl_max=0.0091 m_ratio_max=0.526 w_ax@goal=+0.78 w_v@goal=19.21 return=953.6 length=84 success_rate=1.00 collisions/ep=1.08 (n=24)
Evaluation at update 25: return=1010.03, length=79.45, success_rate=1.00, collisions/ep=0.00
Solved-check at update 25: solved=True worst_gap=2.91 at p_x0=0.00 p_y0=-1.00 (consecutive=0)
update=26 global_step=53248 SPS=674 w_ev=0.938 m_ev=0.967 m_v_bias=-3.8 m_adv_std=32.1375 m_kl_max=0.0135 m_ratio_max=0.555 w_ax@goal=+0.71 w_v@goal=19.31 return=969.8 length=82 success_rate=1.00 collisions/ep=0.79 (n=24)
update=27 global_step=55296 SPS=683 w_ev=0.959 m_ev=0.979 m_v_bias=-8.2 m_adv_std=25.0856 m_kl_max=0.0149 m_ratio_max=1.055 w_ax@goal=+0.61 w_v@goal=19.36 return=956.5 length=83 success_rate=1.00 collisions/ep=1.12 (n=24)
update=28 global_step=57344 SPS=692 w_ev=0.949 m_ev=0.975 m_v_bias=6.1 m_adv_std=27.9312 m_kl_max=0.0071 m_ratio_max=0.359 w_ax@goal=+0.55 w_v@goal=19.45 return=960.1 length=84 success_rate=1.00 collisions/ep=1.08 (n=24)
update=29 global_step=59392 SPS=700 w_ev=0.940 m_ev=0.959 m_v_bias=2.8 m_adv_std=37.0875 m_kl_max=0.0112 m_ratio_max=0.439 w_ax@goal=+0.67 w_v@goal=19.38 return=960.8 length=83 success_rate=1.00 collisions/ep=1.04 (n=24)
update=30 global_step=61440 SPS=707 w_ev=0.934 m_ev=0.980 m_v_bias=-9.6 m_adv_std=24.2986 m_kl_max=0.0164 m_ratio_max=0.498 w_ax@goal=+0.67 w_v@goal=19.27 return=973.2 length=84 success_rate=1.00 collisions/ep=0.73 (n=26)
Evaluation at update 30: return=1010.70, length=78.80, success_rate=1.00, collisions/ep=0.00
Solved-check at update 30: solved=True worst_gap=2.17 at p_x0=0.00 p_y0=1.00 (consecutive=1)
Solved criterion held for 2 consecutive evals (tolerance=5.0) at global_step=61440.
update=31 global_step=63488 SPS=671 w_ev=0.940 m_ev=0.985 m_v_bias=-4.5 m_adv_std=21.8980 m_kl_max=0.0340 m_ratio_max=0.862 w_ax@goal=+0.78 w_v@goal=19.08 return=988.0 length=83 success_rate=1.00 collisions/ep=0.54 (n=26)
update=32 global_step=65536 SPS=677 w_ev=0.943 m_ev=0.963 m_v_bias=2.6 m_adv_std=35.1077 m_kl_max=0.0144 m_ratio_max=0.667 w_ax@goal=+0.69 w_v@goal=19.25 return=975.0 length=82 success_rate=1.00 collisions/ep=0.71 (n=28)
update=33 global_step=67584 SPS=684 w_ev=0.938 m_ev=0.966 m_v_bias=8.0 m_adv_std=32.3165 m_kl_max=0.0167 m_ratio_max=0.605 w_ax@goal=+0.48 w_v@goal=18.93 return=970.8 length=83 success_rate=1.00 collisions/ep=0.88 (n=24)
update=34 global_step=69632 SPS=690 w_ev=0.933 m_ev=0.960 m_v_bias=-0.3 m_adv_std=36.8083 m_kl_max=0.0165 m_ratio_max=0.702 w_ax@goal=+0.90 w_v@goal=19.10 return=959.6 length=82 success_rate=1.00 collisions/ep=1.00 (n=24)
update=35 global_step=71680 SPS=697 w_ev=0.931 m_ev=0.972 m_v_bias=-6.8 m_adv_std=29.8142 m_kl_max=0.0090 m_ratio_max=0.478 w_ax@goal=+0.70 w_v@goal=19.53 return=976.3 length=82 success_rate=1.00 collisions/ep=0.67 (n=24)
Evaluation at update 35: return=1011.41, length=78.00, success_rate=1.00, collisions/ep=0.00
Solved-check at update 35: solved=True worst_gap=1.72 at p_x0=2.00 p_y0=1.00 (consecutive=2)
update=36 global_step=73728 SPS=666 w_ev=0.942 m_ev=0.965 m_v_bias=-5.0 m_adv_std=31.8019 m_kl_max=0.0098 m_ratio_max=0.578 w_ax@goal=+0.73 w_v@goal=19.31 return=991.8 length=81 success_rate=1.00 collisions/ep=0.46 (n=24)
update=37 global_step=75776 SPS=674 w_ev=0.933 m_ev=0.967 m_v_bias=4.6 m_adv_std=30.5942 m_kl_max=0.0203 m_ratio_max=0.686 w_ax@goal=+0.68 w_v@goal=19.25 return=970.7 length=81 success_rate=1.00 collisions/ep=0.83 (n=24)
update=38 global_step=77824 SPS=680 w_ev=0.946 m_ev=0.972 m_v_bias=5.0 m_adv_std=28.6119 m_kl_max=0.0064 m_ratio_max=0.395 w_ax@goal=+0.65 w_v@goal=18.90 return=974.8 length=81 success_rate=1.00 collisions/ep=0.71 (n=24)
update=39 global_step=79872 SPS=687 w_ev=0.947 m_ev=0.970 m_v_bias=4.0 m_adv_std=30.8912 m_kl_max=0.0108 m_ratio_max=0.461 w_ax@goal=+0.72 w_v@goal=19.08 return=993.3 length=81 success_rate=1.00 collisions/ep=0.33 (n=27)
update=40 global_step=81920 SPS=693 w_ev=0.938 m_ev=0.959 m_v_bias=-1.2 m_adv_std=38.4294 m_kl_max=0.0257 m_ratio_max=1.044 w_ax@goal=+0.68 w_v@goal=19.15 return=965.5 length=82 success_rate=1.00 collisions/ep=0.90 (n=29)
Evaluation at update 40: return=1011.54, length=77.85, success_rate=1.00, collisions/ep=0.00
Solved-check at update 40: solved=True worst_gap=1.95 at p_x0=2.00 p_y0=1.00 (consecutive=3)
update=41 global_step=83968 SPS=669 w_ev=0.930 m_ev=0.976 m_v_bias=-5.1 m_adv_std=26.9308 m_kl_max=0.0251 m_ratio_max=0.764 w_ax@goal=+0.78 w_v@goal=19.39 return=986.9 length=82 success_rate=1.00 collisions/ep=0.46 (n=24)
update=42 global_step=86016 SPS=674 w_ev=0.918 m_ev=0.972 m_v_bias=1.0 m_adv_std=28.6355 m_kl_max=0.0157 m_ratio_max=0.467 w_ax@goal=+0.96 w_v@goal=19.55 return=983.1 length=82 success_rate=1.00 collisions/ep=0.58 (n=24)
update=43 global_step=88064 SPS=680 w_ev=0.919 m_ev=0.966 m_v_bias=-2.8 m_adv_std=31.8330 m_kl_max=0.0161 m_ratio_max=0.824 w_ax@goal=+0.76 w_v@goal=19.60 return=977.4 length=81 success_rate=1.00 collisions/ep=0.67 (n=24)
update=44 global_step=90112 SPS=684 w_ev=0.924 m_ev=0.972 m_v_bias=0.9 m_adv_std=28.8331 m_kl_max=0.0346 m_ratio_max=0.701 w_ax@goal=+0.69 w_v@goal=19.64 return=991.3 length=81 success_rate=1.00 collisions/ep=0.42 (n=24)
update=45 global_step=92160 SPS=689 w_ev=0.931 m_ev=0.962 m_v_bias=-4.7 m_adv_std=34.0125 m_kl_max=0.0321 m_ratio_max=0.765 w_ax@goal=+0.77 w_v@goal=19.48 return=972.5 length=81 success_rate=1.00 collisions/ep=0.76 (n=25)
Evaluation at update 45: return=1011.47, length=77.90, success_rate=1.00, collisions/ep=0.00
Solved-check at update 45: solved=True worst_gap=1.89 at p_x0=2.00 p_y0=1.00 (consecutive=4)
update=46 global_step=94208 SPS=666 w_ev=0.929 m_ev=0.995 m_v_bias=-8.3 m_adv_std=11.8511 m_kl_max=0.0392 m_ratio_max=0.846 w_ax@goal=+0.77 w_v@goal=19.56 return=1004.0 length=81 success_rate=1.00 collisions/ep=0.19 (n=31)
update=47 global_step=96256 SPS=670 w_ev=0.900 m_ev=0.947 m_v_bias=9.7 m_adv_std=38.9204 m_kl_max=0.0147 m_ratio_max=0.706 w_ax@goal=+0.84 w_v@goal=19.25 return=981.5 length=81 success_rate=1.00 collisions/ep=0.67 (n=24)
update=48 global_step=98304 SPS=676 w_ev=0.913 m_ev=0.991 m_v_bias=-7.1 m_adv_std=15.7618 m_kl_max=0.0134 m_ratio_max=0.730 w_ax@goal=+0.67 w_v@goal=19.33 return=1004.4 length=81 success_rate=1.00 collisions/ep=0.12 (n=24)
update=49 global_step=100352 SPS=681 w_ev=0.914 m_ev=0.979 m_v_bias=6.0 m_adv_std=24.8983 m_kl_max=0.0345 m_ratio_max=0.685 w_ax@goal=+0.59 w_v@goal=19.42 return=987.7 length=81 success_rate=1.00 collisions/ep=0.54 (n=24)
update=50 global_step=102400 SPS=685 w_ev=0.945 m_ev=0.990 m_v_bias=-6.8 m_adv_std=16.3634 m_kl_max=0.0033 m_ratio_max=0.285 w_ax@goal=+0.98 w_v@goal=19.67 return=1000.8 length=80 success_rate=1.00 collisions/ep=0.25 (n=24)
Evaluation at update 50: return=1011.82, length=77.65, success_rate=1.00, collisions/ep=0.00
Solved-check at update 50: solved=True worst_gap=1.16 at p_x0=0.00 p_y0=1.00 (consecutive=5)
update=51 global_step=104448 SPS=665 w_ev=0.920 m_ev=0.984 m_v_bias=-0.2 m_adv_std=21.3482 m_kl_max=0.0107 m_ratio_max=0.429 w_ax@goal=+1.01 w_v@goal=19.59 return=1001.6 length=80 success_rate=1.00 collisions/ep=0.26 (n=27)
update=52 global_step=106496 SPS=669 w_ev=0.924 m_ev=0.987 m_v_bias=-1.9 m_adv_std=19.5648 m_kl_max=0.0129 m_ratio_max=0.581 w_ax@goal=+0.64 w_v@goal=19.51 return=996.7 length=82 success_rate=1.00 collisions/ep=0.28 (n=29)
update=53 global_step=108544 SPS=672 w_ev=0.938 m_ev=0.985 m_v_bias=-0.3 m_adv_std=20.3378 m_kl_max=0.0056 m_ratio_max=0.418 w_ax@goal=+0.94 w_v@goal=19.53 return=999.0 length=80 success_rate=1.00 collisions/ep=0.33 (n=24)
update=54 global_step=110592 SPS=677 w_ev=0.922 m_ev=0.971 m_v_bias=3.8 m_adv_std=28.0644 m_kl_max=0.0206 m_ratio_max=1.035 w_ax@goal=+1.00 w_v@goal=19.67 return=985.9 length=81 success_rate=1.00 collisions/ep=0.62 (n=24)
update=55 global_step=112640 SPS=680 w_ev=0.921 m_ev=0.978 m_v_bias=-3.0 m_adv_std=25.5900 m_kl_max=0.0066 m_ratio_max=0.386 w_ax@goal=+1.07 w_v@goal=19.30 return=994.9 length=80 success_rate=1.00 collisions/ep=0.42 (n=24)
Evaluation at update 55: return=1011.87, length=77.50, success_rate=1.00, collisions/ep=0.00
Solved-check at update 55: solved=True worst_gap=1.06 at p_x0=0.00 p_y0=1.00 (consecutive=6)
update=56 global_step=114688 SPS=663 w_ev=0.902 m_ev=0.979 m_v_bias=1.0 m_adv_std=24.1634 m_kl_max=0.0171 m_ratio_max=0.659 w_ax@goal=+0.98 w_v@goal=19.48 return=986.5 length=80 success_rate=1.00 collisions/ep=0.54 (n=24)
update=57 global_step=116736 SPS=667 w_ev=0.930 m_ev=0.988 m_v_bias=-2.3 m_adv_std=18.6400 m_kl_max=0.0293 m_ratio_max=0.962 w_ax@goal=+0.95 w_v@goal=19.57 return=999.0 length=80 success_rate=1.00 collisions/ep=0.44 (n=32)
update=58 global_step=118784 SPS=671 w_ev=0.908 m_ev=0.991 m_v_bias=-3.3 m_adv_std=16.1723 m_kl_max=0.0123 m_ratio_max=0.454 w_ax@goal=+1.07 w_v@goal=19.59 return=999.3 length=80 success_rate=1.00 collisions/ep=0.25 (n=24)
update=59 global_step=120832 SPS=676 w_ev=0.900 m_ev=0.942 m_v_bias=6.5 m_adv_std=40.0211 m_kl_max=0.0053 m_ratio_max=0.556 w_ax@goal=+0.96 w_v@goal=19.48 return=990.3 length=80 success_rate=1.00 collisions/ep=0.54 (n=24)
update=60 global_step=122880 SPS=680 w_ev=0.919 m_ev=0.992 m_v_bias=-0.4 m_adv_std=14.2108 m_kl_max=0.0083 m_ratio_max=0.387 w_ax@goal=+1.08 w_v@goal=19.49 return=1001.6 length=79 success_rate=1.00 collisions/ep=0.25 (n=24)
Evaluation at update 60: return=1011.87, length=77.55, success_rate=1.00, collisions/ep=0.00
Solved-check at update 60: solved=False worst_gap=51.01 at p_x0=0.00 p_y0=1.00 (consecutive=7)
update=61 global_step=124928 SPS=662 w_ev=0.929 m_ev=0.992 m_v_bias=-0.4 m_adv_std=14.5971 m_kl_max=0.0124 m_ratio_max=0.591 w_ax@goal=+1.16 w_v@goal=19.44 return=999.4 length=80 success_rate=1.00 collisions/ep=0.25 (n=24)
update=62 global_step=126976 SPS=667 w_ev=0.918 m_ev=0.997 m_v_bias=-3.5 m_adv_std=8.6712 m_kl_max=0.0137 m_ratio_max=0.978 w_ax@goal=+1.15 w_v@goal=19.52 return=1009.1 length=79 success_rate=1.00 collisions/ep=0.12 (n=32)
update=63 global_step=129024 SPS=671 w_ev=0.909 m_ev=0.987 m_v_bias=3.2 m_adv_std=19.5060 m_kl_max=0.0162 m_ratio_max=0.931 w_ax@goal=+1.14 w_v@goal=19.71 return=999.5 length=80 success_rate=1.00 collisions/ep=0.25 (n=24)
update=64 global_step=131072 SPS=675 w_ev=0.912 m_ev=0.988 m_v_bias=4.7 m_adv_std=17.6591 m_kl_max=0.0220 m_ratio_max=0.694 w_ax@goal=+1.04 w_v@goal=19.50 return=991.0 length=80 success_rate=1.00 collisions/ep=0.46 (n=24)
update=65 global_step=133120 SPS=679 w_ev=0.911 m_ev=0.996 m_v_bias=-5.7 m_adv_std=9.8618 m_kl_max=0.0171 m_ratio_max=0.600 w_ax@goal=+1.13 w_v@goal=19.46 return=1005.5 length=80 success_rate=1.00 collisions/ep=0.21 (n=24)
Evaluation at update 65: return=1011.88, length=77.50, success_rate=1.00, collisions/ep=0.00
Solved-check at update 65: solved=False worst_gap=150.98 at p_x0=0.00 p_y0=1.00 (consecutive=0)
update=66 global_step=135168 SPS=664 w_ev=0.907 m_ev=0.986 m_v_bias=2.1 m_adv_std=20.1508 m_kl_max=0.0082 m_ratio_max=0.347 w_ax@goal=+1.10 w_v@goal=19.37 return=998.2 length=80 success_rate=1.00 collisions/ep=0.27 (n=26)
update=67 global_step=137216 SPS=668 w_ev=0.914 m_ev=0.991 m_v_bias=-0.6 m_adv_std=17.1784 m_kl_max=0.0353 m_ratio_max=1.325 w_ax@goal=+1.11 w_v@goal=19.45 return=990.3 length=80 success_rate=1.00 collisions/ep=0.47 (n=30)
update=68 global_step=139264 SPS=672 w_ev=0.909 m_ev=0.995 m_v_bias=-3.1 m_adv_std=11.3152 m_kl_max=0.0114 m_ratio_max=0.639 w_ax@goal=+1.10 w_v@goal=19.59 return=1005.6 length=80 success_rate=1.00 collisions/ep=0.12 (n=24)
update=69 global_step=141312 SPS=675 w_ev=0.921 m_ev=0.996 m_v_bias=-1.5 m_adv_std=10.4785 m_kl_max=0.0080 m_ratio_max=0.360 w_ax@goal=+1.00 w_v@goal=19.68 return=1005.3 length=80 success_rate=1.00 collisions/ep=0.12 (n=24)
update=70 global_step=143360 SPS=680 w_ev=0.886 m_ev=0.953 m_v_bias=9.4 m_adv_std=36.5932 m_kl_max=0.0207 m_ratio_max=0.888 w_ax@goal=+1.06 w_v@goal=19.61 return=995.0 length=80 success_rate=1.00 collisions/ep=0.42 (n=24)
Evaluation at update 70: return=1011.78, length=77.70, success_rate=1.00, collisions/ep=0.00
Solved-check at update 70: solved=False worst_gap=51.15 at p_x0=0.00 p_y0=1.00 (consecutive=0)
update=71 global_step=145408 SPS=664 w_ev=0.909 m_ev=0.986 m_v_bias=-3.5 m_adv_std=19.9571 m_kl_max=0.0108 m_ratio_max=0.546 w_ax@goal=+0.96 w_v@goal=19.60 return=981.3 length=80 success_rate=1.00 collisions/ep=0.64 (n=28)
update=72 global_step=147456 SPS=667 w_ev=0.924 m_ev=0.997 m_v_bias=-6.3 m_adv_std=9.6271 m_kl_max=0.0120 m_ratio_max=0.669 w_ax@goal=+0.79 w_v@goal=19.33 return=1008.0 length=80 success_rate=1.00 collisions/ep=0.07 (n=28)
update=73 global_step=149504 SPS=670 w_ev=0.917 m_ev=0.990 m_v_bias=1.2 m_adv_std=16.7578 m_kl_max=0.0236 m_ratio_max=0.708 w_ax@goal=+0.90 w_v@goal=19.59 return=998.8 length=80 success_rate=1.00 collisions/ep=0.25 (n=24)
update=74 global_step=151552 SPS=673 w_ev=0.924 m_ev=0.995 m_v_bias=-0.9 m_adv_std=11.6294 m_kl_max=0.0259 m_ratio_max=0.640 w_ax@goal=+0.91 w_v@goal=19.78 return=998.7 length=80 success_rate=1.00 collisions/ep=0.25 (n=24)
update=75 global_step=153600 SPS=676 w_ev=0.931 m_ev=0.991 m_v_bias=-0.5 m_adv_std=15.8232 m_kl_max=0.0140 m_ratio_max=0.547 w_ax@goal=+0.95 w_v@goal=19.67 return=1001.0 length=80 success_rate=1.00 collisions/ep=0.21 (n=24)
Evaluation at update 75: return=1011.91, length=77.50, success_rate=1.00, collisions/ep=0.00
Solved-check at update 75: solved=False worst_gap=50.98 at p_x0=0.00 p_y0=1.00 (consecutive=0)
update=76 global_step=155648 SPS=663 w_ev=0.942 m_ev=0.995 m_v_bias=-1.1 m_adv_std=11.3355 m_kl_max=0.0071 m_ratio_max=0.461 w_ax@goal=+1.08 w_v@goal=19.64 return=1004.4 length=79 success_rate=1.00 collisions/ep=0.22 (n=27)
update=77 global_step=157696 SPS=665 w_ev=0.921 m_ev=0.986 m_v_bias=1.9 m_adv_std=20.2402 m_kl_max=0.0157 m_ratio_max=0.520 w_ax@goal=+1.02 w_v@goal=19.37 return=994.6 length=80 success_rate=1.00 collisions/ep=0.41 (n=29)
update=78 global_step=159744 SPS=668 w_ev=0.921 m_ev=0.996 m_v_bias=-1.2 m_adv_std=9.8183 m_kl_max=0.0117 m_ratio_max=0.533 w_ax@goal=+1.01 w_v@goal=19.46 return=1003.9 length=79 success_rate=1.00 collisions/ep=0.21 (n=24)
update=79 global_step=161792 SPS=671 w_ev=0.928 m_ev=0.998 m_v_bias=-2.7 m_adv_std=7.8121 m_kl_max=0.0200 m_ratio_max=0.647 w_ax@goal=+1.27 w_v@goal=19.67 return=1008.1 length=79 success_rate=1.00 collisions/ep=0.08 (n=24)
update=80 global_step=163840 SPS=675 w_ev=0.929 m_ev=0.986 m_v_bias=2.9 m_adv_std=18.9219 m_kl_max=0.0183 m_ratio_max=0.753 w_ax@goal=+1.23 w_v@goal=19.63 return=1005.8 length=79 success_rate=1.00 collisions/ep=0.12 (n=24)
Evaluation at update 80: return=1012.14, length=77.20, success_rate=1.00, collisions/ep=0.00
Solved-check at update 80: solved=True worst_gap=0.90 at p_x0=0.00 p_y0=1.00 (consecutive=0)
update=81 global_step=165888 SPS=662 w_ev=0.939 m_ev=0.996 m_v_bias=-0.2 m_adv_std=10.9005 m_kl_max=0.0124 m_ratio_max=0.748 w_ax@goal=+1.10 w_v@goal=19.60 return=1004.4 length=79 success_rate=1.00 collisions/ep=0.16 (n=32)
update=82 global_step=167936 SPS=664 w_ev=0.926 m_ev=0.989 m_v_bias=0.6 m_adv_std=17.9682 m_kl_max=0.0120 m_ratio_max=0.500 w_ax@goal=+1.28 w_v@goal=19.50 return=997.6 length=80 success_rate=1.00 collisions/ep=0.29 (n=24)
update=83 global_step=169984 SPS=667 w_ev=0.892 m_ev=0.995 m_v_bias=-0.3 m_adv_std=11.7669 m_kl_max=0.0133 m_ratio_max=0.618 w_ax@goal=+1.20 w_v@goal=19.67 return=1004.1 length=79 success_rate=1.00 collisions/ep=0.17 (n=24)
update=84 global_step=172032 SPS=671 w_ev=0.913 m_ev=0.988 m_v_bias=4.3 m_adv_std=18.1169 m_kl_max=0.0115 m_ratio_max=0.550 w_ax@goal=+1.15 w_v@goal=19.62 return=1001.3 length=80 success_rate=1.00 collisions/ep=0.25 (n=24)
update=85 global_step=174080 SPS=673 w_ev=0.919 m_ev=0.993 m_v_bias=1.4 m_adv_std=14.0360 m_kl_max=0.0126 m_ratio_max=0.545 w_ax@goal=+1.17 w_v@goal=19.50 return=992.7 length=79 success_rate=1.00 collisions/ep=0.46 (n=26)
Evaluation at update 85: return=1012.06, length=77.30, success_rate=1.00, collisions/ep=0.00
Solved-check at update 85: solved=True worst_gap=0.98 at p_x0=0.00 p_y0=1.00 (consecutive=1)
update=86 global_step=176128 SPS=662 w_ev=0.910 m_ev=0.990 m_v_bias=1.7 m_adv_std=17.7990 m_kl_max=0.0250 m_ratio_max=1.166 w_ax@goal=+1.15 w_v@goal=19.52 return=997.2 length=80 success_rate=1.00 collisions/ep=0.30 (n=30)
update=87 global_step=178176 SPS=665 w_ev=0.945 m_ev=0.995 m_v_bias=-2.2 m_adv_std=12.1511 m_kl_max=0.0195 m_ratio_max=0.794 w_ax@goal=+1.27 w_v@goal=19.67 return=1001.8 length=80 success_rate=1.00 collisions/ep=0.21 (n=24)
update=88 global_step=180224 SPS=668 w_ev=0.940 m_ev=0.993 m_v_bias=-1.0 m_adv_std=13.6120 m_kl_max=0.0128 m_ratio_max=0.533 w_ax@goal=+1.26 w_v@goal=19.73 return=999.7 length=79 success_rate=1.00 collisions/ep=0.25 (n=24)
update=89 global_step=182272 SPS=671 w_ev=0.937 m_ev=0.996 m_v_bias=0.9 m_adv_std=10.0225 m_kl_max=0.0890 m_ratio_max=4.636 w_ax@goal=+1.33 w_v@goal=19.70 return=1007.8 length=80 success_rate=1.00 collisions/ep=0.08 (n=24)
update=90 global_step=184320 SPS=673 w_ev=0.940 m_ev=0.994 m_v_bias=-1.4 m_adv_std=13.5682 m_kl_max=0.0172 m_ratio_max=0.644 w_ax@goal=+1.27 w_v@goal=19.57 return=1004.1 length=79 success_rate=1.00 collisions/ep=0.16 (n=31)
Evaluation at update 90: return=1012.01, length=77.35, success_rate=1.00, collisions/ep=0.00
Solved-check at update 90: solved=True worst_gap=1.00 at p_x0=0.50 p_y0=1.00 (consecutive=2)
update=91 global_step=186368 SPS=663 w_ev=0.930 m_ev=0.990 m_v_bias=1.5 m_adv_std=17.2871 m_kl_max=0.0121 m_ratio_max=0.449 w_ax@goal=+1.30 w_v@goal=19.61 return=1002.1 length=80 success_rate=1.00 collisions/ep=0.20 (n=25)
update=92 global_step=188416 SPS=666 w_ev=0.939 m_ev=0.997 m_v_bias=-1.6 m_adv_std=9.3924 m_kl_max=0.0145 m_ratio_max=0.529 w_ax@goal=+1.36 w_v@goal=19.61 return=1006.1 length=79 success_rate=1.00 collisions/ep=0.12 (n=24)
update=93 global_step=190464 SPS=668 w_ev=0.927 m_ev=0.993 m_v_bias=0.1 m_adv_std=12.9851 m_kl_max=0.0194 m_ratio_max=1.134 w_ax@goal=+1.44 w_v@goal=19.61 return=1003.6 length=80 success_rate=1.00 collisions/ep=0.21 (n=24)
update=94 global_step=192512 SPS=670 w_ev=0.941 m_ev=0.998 m_v_bias=-2.9 m_adv_std=7.4343 m_kl_max=0.0228 m_ratio_max=0.634 w_ax@goal=+1.45 w_v@goal=19.62 return=1012.2 length=79 success_rate=1.00 collisions/ep=0.00 (n=26)
update=95 global_step=194560 SPS=673 w_ev=0.939 m_ev=0.997 m_v_bias=2.1 m_adv_std=8.9917 m_kl_max=0.0152 m_ratio_max=0.525 w_ax@goal=+1.29 w_v@goal=19.58 return=1005.6 length=80 success_rate=1.00 collisions/ep=0.13 (n=30)
Evaluation at update 95: return=1012.19, length=77.15, success_rate=1.00, collisions/ep=0.00
Solved-check at update 95: solved=True worst_gap=0.83 at p_x0=0.00 p_y0=-1.00 (consecutive=3)
update=96 global_step=196608 SPS=663 w_ev=0.935 m_ev=0.997 m_v_bias=0.4 m_adv_std=9.3208 m_kl_max=0.0169 m_ratio_max=0.832 w_ax@goal=+1.41 w_v@goal=19.54 return=1008.4 length=79 success_rate=1.00 collisions/ep=0.08 (n=24)
update=97 global_step=198656 SPS=666 w_ev=0.893 m_ev=0.994 m_v_bias=3.7 m_adv_std=12.7269 m_kl_max=0.0144 m_ratio_max=0.733 w_ax@goal=+1.19 w_v@goal=19.48 return=1004.1 length=79 success_rate=1.00 collisions/ep=0.21 (n=24)
update=98 global_step=200704 SPS=668 w_ev=0.921 m_ev=0.996 m_v_bias=-2.0 m_adv_std=10.5051 m_kl_max=0.0168 m_ratio_max=0.543 w_ax@goal=+1.33 w_v@goal=19.63 return=1004.2 length=79 success_rate=1.00 collisions/ep=0.17 (n=24)
update=99 global_step=202752 SPS=670 w_ev=0.941 m_ev=0.997 m_v_bias=-1.0 m_adv_std=9.0013 m_kl_max=0.0288 m_ratio_max=0.804 w_ax@goal=+1.45 w_v@goal=19.69 return=1006.4 length=79 success_rate=1.00 collisions/ep=0.16 (n=32)
update=100 global_step=204800 SPS=673 w_ev=0.916 m_ev=0.982 m_v_bias=3.1 m_adv_std=22.1720 m_kl_max=0.0154 m_ratio_max=0.737 w_ax@goal=+1.40 w_v@goal=19.59 return=995.9 length=79 success_rate=1.00 collisions/ep=0.38 (n=24)
Evaluation at update 100: return=1012.37, length=77.10, success_rate=1.00, collisions/ep=0.00
Solved-check at update 100: solved=True worst_gap=0.72 at p_x0=0.00 p_y0=-1.00 (consecutive=4)
Saved checkpoints to C:\Users\loren\Desktop\MASTER THESIS\5_CODE\scenarios\slalom\studies\init_sampler\hppo_sobol\runs\hppo_slalom_4_1791035898
