Using device: cpu
Solved-check: precomputed optimal returns for 25 fixed initial conditions (mean=1013.0, min=1011.0, max=1015.0); solved-tolerance=5.0
num_envs=8 num_steps_per_env=256 worker_batch_size=2048 worker_minibatch_size=256 num_updates=100 timesteps=204800
update=1 global_step=2048 SPS=759 w_ev=-0.031 m_ev=-0.000 m_v_bias=52.1 m_adv_std=239.2819 m_kl_max=0.0011 m_ratio_max=0.154 w_ax@goal=+0.12 w_v@goal=-0.08 return=-198.7 length=181 success_rate=0.38 collisions/ep=8.62 (n=8)
update=2 global_step=4096 SPS=1086 w_ev=0.441 m_ev=0.469 m_v_bias=-2.6 m_adv_std=199.9061 m_kl_max=0.0016 m_ratio_max=0.185 w_ax@goal=+0.18 w_v@goal=3.32 return=-100.2 length=177 success_rate=0.40 collisions/ep=7.30 (n=10)
update=3 global_step=6144 SPS=1250 w_ev=0.680 m_ev=0.663 m_v_bias=-55.6 m_adv_std=188.7591 m_kl_max=0.0012 m_ratio_max=0.148 w_ax@goal=+0.41 w_v@goal=6.06 return=72.9 length=176 success_rate=0.46 collisions/ep=5.00 (n=13)
update=4 global_step=8192 SPS=1159 w_ev=0.845 m_ev=0.721 m_v_bias=0.2 m_adv_std=146.4492 m_kl_max=0.0008 m_ratio_max=0.124 w_ax@goal=+0.07 w_v@goal=10.31 return=-124.0 length=180 success_rate=0.25 collisions/ep=4.50 (n=12)
update=5 global_step=10240 SPS=1250 w_ev=0.943 m_ev=0.875 m_v_bias=-120.2 m_adv_std=128.6383 m_kl_max=0.0006 m_ratio_max=0.093 w_ax@goal=+0.27 w_v@goal=14.08 return=493.7 length=149 success_rate=0.77 collisions/ep=3.92 (n=13)
Evaluation at update 5: return=158.54, length=92.10, success_rate=1.00, collisions/ep=16.80
Solved-check at update 5: solved=False worst_gap=918.65 at p_x0=1.50 p_y0=1.00 (consecutive=0)
update=6 global_step=12288 SPS=647 w_ev=0.954 m_ev=0.859 m_v_bias=-76.4 m_adv_std=110.3734 m_kl_max=0.0033 m_ratio_max=0.309 w_ax@goal=+0.20 w_v@goal=16.98 return=597.1 length=123 success_rate=0.89 collisions/ep=5.06 (n=18)
update=7 global_step=14336 SPS=648 w_ev=0.952 m_ev=0.894 m_v_bias=-41.2 m_adv_std=87.0122 m_kl_max=0.0097 m_ratio_max=0.503 w_ax@goal=+0.42 w_v@goal=18.70 return=703.2 length=107 success_rate=1.00 collisions/ep=5.71 (n=21)
update=8 global_step=16384 SPS=646 w_ev=0.962 m_ev=0.926 m_v_bias=-19.6 m_adv_std=65.9335 m_kl_max=0.0126 m_ratio_max=0.647 w_ax@goal=+0.47 w_v@goal=19.11 return=783.2 length=91 success_rate=1.00 collisions/ep=4.33 (n=21)
update=9 global_step=18432 SPS=653 w_ev=0.950 m_ev=0.902 m_v_bias=-7.1 m_adv_std=76.1897 m_kl_max=0.0153 m_ratio_max=0.514 w_ax@goal=+0.51 w_v@goal=19.08 return=808.5 length=95 success_rate=1.00 collisions/ep=3.82 (n=22)
update=10 global_step=20480 SPS=700 w_ev=0.947 m_ev=0.908 m_v_bias=-12.1 m_adv_std=70.1428 m_kl_max=0.0133 m_ratio_max=0.444 w_ax@goal=+0.47 w_v@goal=19.02 return=826.4 length=90 success_rate=1.00 collisions/ep=3.50 (n=24)
Evaluation at update 10: return=957.71, length=83.00, success_rate=1.00, collisions/ep=1.00
Solved-check at update 10: solved=False worst_gap=104.78 at p_x0=2.00 p_y0=-1.00 (consecutive=0)
update=11 global_step=22528 SPS=574 w_ev=0.941 m_ev=0.910 m_v_bias=-10.3 m_adv_std=66.9043 m_kl_max=0.0108 m_ratio_max=0.389 w_ax@goal=+0.57 w_v@goal=19.13 return=860.4 length=87 success_rate=1.00 collisions/ep=2.88 (n=24)
update=12 global_step=24576 SPS=605 w_ev=0.946 m_ev=0.931 m_v_bias=-14.2 m_adv_std=55.8124 m_kl_max=0.0138 m_ratio_max=0.445 w_ax@goal=+0.77 w_v@goal=19.20 return=878.0 length=87 success_rate=1.00 collisions/ep=2.54 (n=24)
update=13 global_step=26624 SPS=639 w_ev=0.941 m_ev=0.912 m_v_bias=5.2 m_adv_std=59.8521 m_kl_max=0.0049 m_ratio_max=0.381 w_ax@goal=+0.46 w_v@goal=19.10 return=876.5 length=88 success_rate=1.00 collisions/ep=2.58 (n=24)
update=14 global_step=28672 SPS=672 w_ev=0.954 m_ev=0.934 m_v_bias=-9.9 m_adv_std=52.2359 m_kl_max=0.0043 m_ratio_max=0.282 w_ax@goal=+0.66 w_v@goal=19.04 return=903.5 length=86 success_rate=1.00 collisions/ep=2.05 (n=22)
update=15 global_step=30720 SPS=702 w_ev=0.955 m_ev=0.963 m_v_bias=-19.8 m_adv_std=36.7289 m_kl_max=0.0072 m_ratio_max=0.388 w_ax@goal=+0.78 w_v@goal=19.20 return=923.5 length=83 success_rate=1.00 collisions/ep=1.69 (n=26)
Evaluation at update 15: return=960.23, length=80.50, success_rate=1.00, collisions/ep=1.00
Solved-check at update 15: solved=False worst_gap=352.41 at p_x0=2.00 p_y0=-1.00 (consecutive=0)
update=16 global_step=32768 SPS=634 w_ev=0.935 m_ev=0.940 m_v_bias=2.3 m_adv_std=45.7086 m_kl_max=0.0066 m_ratio_max=0.393 w_ax@goal=+0.66 w_v@goal=19.27 return=921.8 length=85 success_rate=1.00 collisions/ep=1.80 (n=25)
update=17 global_step=34816 SPS=651 w_ev=0.923 m_ev=0.941 m_v_bias=0.5 m_adv_std=46.4823 m_kl_max=0.0135 m_ratio_max=0.725 w_ax@goal=+0.70 w_v@goal=19.07 return=926.0 length=84 success_rate=1.00 collisions/ep=1.67 (n=24)
update=18 global_step=36864 SPS=664 w_ev=0.935 m_ev=0.949 m_v_bias=-4.5 m_adv_std=44.1177 m_kl_max=0.0079 m_ratio_max=0.522 w_ax@goal=+0.79 w_v@goal=19.36 return=925.8 length=83 success_rate=1.00 collisions/ep=1.71 (n=24)
update=19 global_step=38912 SPS=677 w_ev=0.938 m_ev=0.960 m_v_bias=-6.2 m_adv_std=36.6083 m_kl_max=0.0227 m_ratio_max=1.270 w_ax@goal=+0.75 w_v@goal=19.52 return=941.5 length=83 success_rate=1.00 collisions/ep=1.33 (n=24)
update=20 global_step=40960 SPS=688 w_ev=0.945 m_ev=0.984 m_v_bias=-17.1 m_adv_std=22.1029 m_kl_max=0.0192 m_ratio_max=0.704 w_ax@goal=+0.65 w_v@goal=19.27 return=973.6 length=83 success_rate=1.00 collisions/ep=0.75 (n=24)
Evaluation at update 20: return=975.28, length=80.35, success_rate=1.00, collisions/ep=0.70
Solved-check at update 20: solved=False worst_gap=53.01 at p_x0=0.00 p_y0=-0.50 (consecutive=0)
update=21 global_step=43008 SPS=640 w_ev=0.941 m_ev=0.965 m_v_bias=6.7 m_adv_std=33.7914 m_kl_max=0.0119 m_ratio_max=0.381 w_ax@goal=+0.62 w_v@goal=19.25 return=957.4 length=84 success_rate=1.00 collisions/ep=1.08 (n=24)
update=22 global_step=45056 SPS=652 w_ev=0.929 m_ev=0.961 m_v_bias=4.2 m_adv_std=35.2995 m_kl_max=0.0218 m_ratio_max=0.594 w_ax@goal=+0.84 w_v@goal=19.09 return=939.6 length=84 success_rate=1.00 collisions/ep=1.46 (n=24)
update=23 global_step=47104 SPS=663 w_ev=0.929 m_ev=0.973 m_v_bias=-5.3 m_adv_std=28.6875 m_kl_max=0.0180 m_ratio_max=0.884 w_ax@goal=+0.89 w_v@goal=19.12 return=963.3 length=82 success_rate=1.00 collisions/ep=1.08 (n=24)
update=24 global_step=49152 SPS=673 w_ev=0.926 m_ev=0.965 m_v_bias=-0.6 m_adv_std=33.5351 m_kl_max=0.0155 m_ratio_max=0.536 w_ax@goal=+0.75 w_v@goal=19.16 return=962.6 length=83 success_rate=1.00 collisions/ep=0.92 (n=24)
update=25 global_step=51200 SPS=683 w_ev=0.938 m_ev=0.966 m_v_bias=-7.1 m_adv_std=33.0969 m_kl_max=0.0196 m_ratio_max=0.737 w_ax@goal=+0.96 w_v@goal=19.21 return=983.9 length=82 success_rate=1.00 collisions/ep=0.54 (n=24)
Evaluation at update 25: return=960.92, length=79.80, success_rate=1.00, collisions/ep=1.00
Solved-check at update 25: solved=False worst_gap=52.29 at p_x0=0.00 p_y0=-1.00 (consecutive=0)
update=26 global_step=53248 SPS=643 w_ev=0.944 m_ev=0.984 m_v_bias=4.1 m_adv_std=22.7701 m_kl_max=0.0130 m_ratio_max=0.559 w_ax@goal=+0.84 w_v@goal=19.25 return=958.3 length=82 success_rate=1.00 collisions/ep=1.07 (n=28)
update=27 global_step=55296 SPS=653 w_ev=0.935 m_ev=0.973 m_v_bias=2.0 m_adv_std=31.0618 m_kl_max=0.0199 m_ratio_max=0.524 w_ax@goal=+0.81 w_v@goal=19.21 return=957.5 length=82 success_rate=1.00 collisions/ep=1.07 (n=28)
update=28 global_step=57344 SPS=663 w_ev=0.928 m_ev=0.967 m_v_bias=6.4 m_adv_std=34.0004 m_kl_max=0.0177 m_ratio_max=0.873 w_ax@goal=+1.03 w_v@goal=19.50 return=939.5 length=81 success_rate=1.00 collisions/ep=1.42 (n=24)
update=29 global_step=59392 SPS=671 w_ev=0.914 m_ev=0.968 m_v_bias=-4.1 m_adv_std=32.0087 m_kl_max=0.0213 m_ratio_max=0.853 w_ax@goal=+0.97 w_v@goal=19.44 return=958.0 length=82 success_rate=1.00 collisions/ep=1.08 (n=24)
update=30 global_step=61440 SPS=679 w_ev=0.916 m_ev=0.990 m_v_bias=-3.7 m_adv_std=18.2213 m_kl_max=0.0126 m_ratio_max=0.610 w_ax@goal=+0.91 w_v@goal=18.99 return=963.6 length=82 success_rate=1.00 collisions/ep=0.92 (n=24)
Evaluation at update 30: return=961.35, length=79.40, success_rate=1.00, collisions/ep=1.00
Solved-check at update 30: solved=False worst_gap=52.09 at p_x0=0.00 p_y0=-1.00 (consecutive=0)
update=31 global_step=63488 SPS=647 w_ev=0.932 m_ev=0.986 m_v_bias=-3.2 m_adv_std=20.5835 m_kl_max=0.0040 m_ratio_max=0.309 w_ax@goal=+0.90 w_v@goal=19.11 return=959.6 length=82 success_rate=1.00 collisions/ep=1.00 (n=24)
update=32 global_step=65536 SPS=655 w_ev=0.909 m_ev=0.979 m_v_bias=6.9 m_adv_std=25.9858 m_kl_max=0.0186 m_ratio_max=0.845 w_ax@goal=+0.92 w_v@goal=19.13 return=954.4 length=81 success_rate=1.00 collisions/ep=1.12 (n=24)
update=33 global_step=67584 SPS=663 w_ev=0.933 m_ev=0.980 m_v_bias=4.2 m_adv_std=25.8499 m_kl_max=0.0075 m_ratio_max=0.439 w_ax@goal=+1.12 w_v@goal=19.34 return=956.1 length=80 success_rate=1.00 collisions/ep=1.11 (n=28)
update=34 global_step=69632 SPS=671 w_ev=0.915 m_ev=0.974 m_v_bias=-9.4 m_adv_std=29.5319 m_kl_max=0.0196 m_ratio_max=0.553 w_ax@goal=+0.94 w_v@goal=19.17 return=966.9 length=81 success_rate=1.00 collisions/ep=0.89 (n=28)
update=35 global_step=71680 SPS=678 w_ev=0.915 m_ev=0.985 m_v_bias=-8.8 m_adv_std=20.4562 m_kl_max=0.0188 m_ratio_max=0.543 w_ax@goal=+0.84 w_v@goal=19.09 return=994.4 length=80 success_rate=1.00 collisions/ep=0.38 (n=24)
Evaluation at update 35: return=1011.99, length=78.65, success_rate=1.00, collisions/ep=0.00
Solved-check at update 35: solved=True worst_gap=1.48 at p_x0=0.00 p_y0=-1.00 (consecutive=0)
update=36 global_step=73728 SPS=652 w_ev=0.903 m_ev=0.966 m_v_bias=6.4 m_adv_std=31.6290 m_kl_max=0.0172 m_ratio_max=0.817 w_ax@goal=+0.83 w_v@goal=18.92 return=971.8 length=81 success_rate=1.00 collisions/ep=0.79 (n=24)
update=37 global_step=75776 SPS=656 w_ev=0.926 m_ev=0.989 m_v_bias=-6.5 m_adv_std=17.3402 m_kl_max=0.0224 m_ratio_max=0.588 w_ax@goal=+1.06 w_v@goal=19.17 return=974.1 length=80 success_rate=1.00 collisions/ep=0.75 (n=24)
update=38 global_step=77824 SPS=663 w_ev=0.890 m_ev=0.912 m_v_bias=7.6 m_adv_std=54.0360 m_kl_max=0.0196 m_ratio_max=0.725 w_ax@goal=+0.95 w_v@goal=19.37 return=965.2 length=80 success_rate=1.00 collisions/ep=1.00 (n=27)
update=39 global_step=79872 SPS=669 w_ev=0.909 m_ev=0.976 m_v_bias=-12.0 m_adv_std=27.4231 m_kl_max=0.0114 m_ratio_max=0.430 w_ax@goal=+1.03 w_v@goal=19.27 return=995.9 length=81 success_rate=1.00 collisions/ep=0.34 (n=29)
update=40 global_step=81920 SPS=674 w_ev=0.906 m_ev=0.977 m_v_bias=-2.0 m_adv_std=25.8737 m_kl_max=0.0123 m_ratio_max=0.557 w_ax@goal=+0.93 w_v@goal=19.19 return=988.7 length=79 success_rate=1.00 collisions/ep=0.54 (n=24)
Evaluation at update 40: return=1012.22, length=78.50, success_rate=1.00, collisions/ep=0.00
Solved-check at update 40: solved=True worst_gap=1.04 at p_x0=0.00 p_y0=-1.00 (consecutive=1)
Solved criterion held for 2 consecutive evals (tolerance=5.0) at global_step=81920.
update=41 global_step=83968 SPS=652 w_ev=0.917 m_ev=0.990 m_v_bias=-3.8 m_adv_std=16.1178 m_kl_max=0.0125 m_ratio_max=0.457 w_ax@goal=+1.03 w_v@goal=19.03 return=999.5 length=80 success_rate=1.00 collisions/ep=0.25 (n=24)
update=42 global_step=86016 SPS=658 w_ev=0.929 m_ev=0.991 m_v_bias=-1.4 m_adv_std=15.1654 m_kl_max=0.0130 m_ratio_max=0.616 w_ax@goal=+1.05 w_v@goal=19.10 return=995.4 length=79 success_rate=1.00 collisions/ep=0.33 (n=24)
update=43 global_step=88064 SPS=664 w_ev=0.942 m_ev=0.992 m_v_bias=-1.8 m_adv_std=14.6865 m_kl_max=0.0103 m_ratio_max=0.844 w_ax@goal=+1.25 w_v@goal=19.21 return=999.5 length=79 success_rate=1.00 collisions/ep=0.25 (n=28)
update=44 global_step=90112 SPS=670 w_ev=0.926 m_ev=0.988 m_v_bias=1.5 m_adv_std=19.0775 m_kl_max=0.0127 m_ratio_max=0.493 w_ax@goal=+0.98 w_v@goal=19.29 return=997.9 length=80 success_rate=1.00 collisions/ep=0.29 (n=28)
update=45 global_step=92160 SPS=676 w_ev=0.917 m_ev=0.986 m_v_bias=1.3 m_adv_std=19.2640 m_kl_max=0.0108 m_ratio_max=0.467 w_ax@goal=+1.15 w_v@goal=19.47 return=997.5 length=79 success_rate=1.00 collisions/ep=0.33 (n=24)
Evaluation at update 45: return=1012.60, length=78.20, success_rate=1.00, collisions/ep=0.00
Solved-check at update 45: solved=True worst_gap=0.73 at p_x0=0.00 p_y0=-1.00 (consecutive=2)
update=46 global_step=94208 SPS=655 w_ev=0.931 m_ev=0.986 m_v_bias=1.0 m_adv_std=19.1070 m_kl_max=0.0153 m_ratio_max=0.655 w_ax@goal=+1.03 w_v@goal=19.37 return=993.4 length=80 success_rate=1.00 collisions/ep=0.42 (n=24)
update=47 global_step=96256 SPS=660 w_ev=0.944 m_ev=0.989 m_v_bias=-0.0 m_adv_std=17.5835 m_kl_max=0.0066 m_ratio_max=0.552 w_ax@goal=+1.30 w_v@goal=19.45 return=999.9 length=79 success_rate=1.00 collisions/ep=0.29 (n=24)
update=48 global_step=98304 SPS=665 w_ev=0.942 m_ev=0.996 m_v_bias=-4.3 m_adv_std=10.4627 m_kl_max=0.0315 m_ratio_max=0.876 w_ax@goal=+1.21 w_v@goal=19.65 return=1006.1 length=79 success_rate=1.00 collisions/ep=0.12 (n=32)
update=49 global_step=100352 SPS=669 w_ev=0.933 m_ev=0.994 m_v_bias=0.4 m_adv_std=13.2713 m_kl_max=0.0114 m_ratio_max=0.833 w_ax@goal=+1.13 w_v@goal=19.57 return=1004.1 length=80 success_rate=1.00 collisions/ep=0.17 (n=24)
update=50 global_step=102400 SPS=673 w_ev=0.929 m_ev=0.991 m_v_bias=2.5 m_adv_std=15.5830 m_kl_max=0.0260 m_ratio_max=0.824 w_ax@goal=+1.14 w_v@goal=19.59 return=999.7 length=79 success_rate=1.00 collisions/ep=0.25 (n=24)
Evaluation at update 50: return=1005.13, length=78.15, success_rate=1.00, collisions/ep=0.15
Solved-check at update 50: solved=False worst_gap=100.57 at p_x0=0.00 p_y0=1.00 (consecutive=3)
update=51 global_step=104448 SPS=654 w_ev=0.874 m_ev=0.954 m_v_bias=4.3 m_adv_std=36.4837 m_kl_max=0.0145 m_ratio_max=0.487 w_ax@goal=+1.18 w_v@goal=19.47 return=998.0 length=79 success_rate=1.00 collisions/ep=0.33 (n=24)
update=52 global_step=106496 SPS=659 w_ev=0.889 m_ev=0.949 m_v_bias=8.1 m_adv_std=43.7292 m_kl_max=0.0126 m_ratio_max=0.749 w_ax@goal=+1.37 w_v@goal=19.51 return=956.3 length=79 success_rate=1.00 collisions/ep=1.12 (n=32)
update=53 global_step=108544 SPS=664 w_ev=0.939 m_ev=0.981 m_v_bias=-10.2 m_adv_std=24.7012 m_kl_max=0.0030 m_ratio_max=0.259 w_ax@goal=+1.48 w_v@goal=19.69 return=989.6 length=79 success_rate=1.00 collisions/ep=0.46 (n=24)
update=54 global_step=110592 SPS=669 w_ev=0.932 m_ev=0.984 m_v_bias=-3.7 m_adv_std=21.1356 m_kl_max=0.0107 m_ratio_max=0.533 w_ax@goal=+1.56 w_v@goal=19.58 return=992.0 length=79 success_rate=1.00 collisions/ep=0.42 (n=24)
update=55 global_step=112640 SPS=673 w_ev=0.920 m_ev=0.990 m_v_bias=-1.2 m_adv_std=16.5692 m_kl_max=0.0086 m_ratio_max=0.435 w_ax@goal=+1.46 w_v@goal=19.63 return=998.0 length=78 success_rate=1.00 collisions/ep=0.29 (n=24)
Evaluation at update 55: return=1012.70, length=78.10, success_rate=1.00, collisions/ep=0.00
Solved-check at update 55: solved=True worst_gap=0.54 at p_x0=0.00 p_y0=-1.00 (consecutive=0)
update=56 global_step=114688 SPS=655 w_ev=0.932 m_ev=0.981 m_v_bias=5.6 m_adv_std=24.8934 m_kl_max=0.0233 m_ratio_max=0.953 w_ax@goal=+1.43 w_v@goal=19.61 return=990.9 length=79 success_rate=1.00 collisions/ep=0.47 (n=32)
update=57 global_step=116736 SPS=660 w_ev=0.944 m_ev=0.992 m_v_bias=-4.5 m_adv_std=15.6708 m_kl_max=0.0168 m_ratio_max=0.563 w_ax@goal=+1.41 w_v@goal=19.67 return=1000.3 length=79 success_rate=1.00 collisions/ep=0.25 (n=24)
update=58 global_step=118784 SPS=665 w_ev=0.910 m_ev=0.989 m_v_bias=-1.7 m_adv_std=17.4007 m_kl_max=0.0122 m_ratio_max=0.732 w_ax@goal=+1.35 w_v@goal=19.60 return=998.1 length=79 success_rate=1.00 collisions/ep=0.33 (n=24)
update=59 global_step=120832 SPS=669 w_ev=0.894 m_ev=0.976 m_v_bias=0.9 m_adv_std=25.6103 m_kl_max=0.0125 m_ratio_max=0.588 w_ax@goal=+1.48 w_v@goal=19.52 return=996.2 length=79 success_rate=1.00 collisions/ep=0.33 (n=24)
update=60 global_step=122880 SPS=674 w_ev=0.899 m_ev=0.972 m_v_bias=4.3 m_adv_std=29.9537 m_kl_max=0.0305 m_ratio_max=1.893 w_ax@goal=+1.52 w_v@goal=19.57 return=986.1 length=78 success_rate=1.00 collisions/ep=0.53 (n=30)
Evaluation at update 60: return=1012.77, length=78.05, success_rate=1.00, collisions/ep=0.00
Solved-check at update 60: solved=True worst_gap=0.47 at p_x0=0.00 p_y0=-1.00 (consecutive=1)
update=61 global_step=124928 SPS=658 w_ev=0.932 m_ev=0.993 m_v_bias=-7.9 m_adv_std=14.9753 m_kl_max=0.0124 m_ratio_max=0.461 w_ax@goal=+1.47 w_v@goal=19.75 return=1003.2 length=79 success_rate=1.00 collisions/ep=0.19 (n=26)
update=62 global_step=126976 SPS=661 w_ev=0.898 m_ev=0.980 m_v_bias=1.9 m_adv_std=23.6552 m_kl_max=0.0151 m_ratio_max=0.754 w_ax@goal=+1.60 w_v@goal=19.74 return=996.3 length=79 success_rate=1.00 collisions/ep=0.33 (n=24)
update=63 global_step=129024 SPS=665 w_ev=0.937 m_ev=0.984 m_v_bias=-0.3 m_adv_std=20.7855 m_kl_max=0.0223 m_ratio_max=0.623 w_ax@goal=+1.59 w_v@goal=19.78 return=987.8 length=79 success_rate=1.00 collisions/ep=0.50 (n=24)
update=64 global_step=131072 SPS=669 w_ev=0.888 m_ev=0.963 m_v_bias=12.9 m_adv_std=34.6097 m_kl_max=0.0206 m_ratio_max=0.841 w_ax@goal=+1.53 w_v@goal=19.70 return=975.5 length=79 success_rate=1.00 collisions/ep=0.74 (n=31)
update=65 global_step=133120 SPS=672 w_ev=0.944 m_ev=0.992 m_v_bias=-10.1 m_adv_std=14.9047 m_kl_max=0.0087 m_ratio_max=0.400 w_ax@goal=+1.41 w_v@goal=19.72 return=1004.7 length=79 success_rate=1.00 collisions/ep=0.16 (n=25)
Evaluation at update 65: return=1012.78, length=77.90, success_rate=1.00, collisions/ep=0.00
Solved-check at update 65: solved=True worst_gap=0.42 at p_x0=0.00 p_y0=1.00 (consecutive=2)
update=66 global_step=135168 SPS=657 w_ev=0.923 m_ev=0.991 m_v_bias=0.6 m_adv_std=15.4875 m_kl_max=0.0065 m_ratio_max=0.406 w_ax@goal=+1.50 w_v@goal=19.67 return=1000.0 length=79 success_rate=1.00 collisions/ep=0.29 (n=24)
update=67 global_step=137216 SPS=660 w_ev=0.927 m_ev=0.988 m_v_bias=3.4 m_adv_std=17.6435 m_kl_max=0.0102 m_ratio_max=0.711 w_ax@goal=+1.48 w_v@goal=19.53 return=991.9 length=79 success_rate=1.00 collisions/ep=0.42 (n=24)
update=68 global_step=139264 SPS=663 w_ev=0.899 m_ev=0.966 m_v_bias=1.6 m_adv_std=31.2045 m_kl_max=0.0211 m_ratio_max=0.636 w_ax@goal=+1.43 w_v@goal=19.49 return=990.2 length=79 success_rate=1.00 collisions/ep=0.55 (n=29)
update=69 global_step=141312 SPS=667 w_ev=0.948 m_ev=0.993 m_v_bias=-5.1 m_adv_std=14.7610 m_kl_max=0.0106 m_ratio_max=1.070 w_ax@goal=+1.42 w_v@goal=19.55 return=1003.4 length=79 success_rate=1.00 collisions/ep=0.19 (n=27)
update=70 global_step=143360 SPS=670 w_ev=0.934 m_ev=0.992 m_v_bias=-1.1 m_adv_std=15.1161 m_kl_max=0.0222 m_ratio_max=1.173 w_ax@goal=+1.55 w_v@goal=19.64 return=1004.5 length=79 success_rate=1.00 collisions/ep=0.17 (n=24)
Evaluation at update 70: return=1012.72, length=78.10, success_rate=1.00, collisions/ep=0.00
Solved-check at update 70: solved=True worst_gap=0.51 at p_x0=0.00 p_y0=-1.00 (consecutive=3)
update=71 global_step=145408 SPS=657 w_ev=0.932 m_ev=0.992 m_v_bias=-2.7 m_adv_std=14.4273 m_kl_max=0.0069 m_ratio_max=0.406 w_ax@goal=+1.46 w_v@goal=19.74 return=1004.6 length=78 success_rate=1.00 collisions/ep=0.17 (n=24)
update=72 global_step=147456 SPS=661 w_ev=0.937 m_ev=0.988 m_v_bias=-0.7 m_adv_std=18.2292 m_kl_max=0.0036 m_ratio_max=0.287 w_ax@goal=+1.38 w_v@goal=19.59 return=994.0 length=79 success_rate=1.00 collisions/ep=0.41 (n=27)
update=73 global_step=149504 SPS=664 w_ev=0.960 m_ev=0.997 m_v_bias=-2.9 m_adv_std=9.4448 m_kl_max=0.0047 m_ratio_max=0.373 w_ax@goal=+1.48 w_v@goal=19.71 return=1009.4 length=79 success_rate=1.00 collisions/ep=0.10 (n=29)
update=74 global_step=151552 SPS=667 w_ev=0.951 m_ev=0.995 m_v_bias=1.2 m_adv_std=11.3155 m_kl_max=0.0257 m_ratio_max=1.291 w_ax@goal=+1.37 w_v@goal=19.74 return=1002.0 length=79 success_rate=1.00 collisions/ep=0.25 (n=24)
update=75 global_step=153600 SPS=670 w_ev=0.939 m_ev=0.990 m_v_bias=1.8 m_adv_std=16.5497 m_kl_max=0.0216 m_ratio_max=0.758 w_ax@goal=+1.40 w_v@goal=19.71 return=998.3 length=79 success_rate=1.00 collisions/ep=0.33 (n=24)
Evaluation at update 75: return=1012.76, length=78.00, success_rate=1.00, collisions/ep=0.00
Solved-check at update 75: solved=True worst_gap=0.47 at p_x0=0.00 p_y0=-1.00 (consecutive=4)
update=76 global_step=155648 SPS=656 w_ev=0.955 m_ev=0.992 m_v_bias=-2.2 m_adv_std=14.8704 m_kl_max=0.0233 m_ratio_max=0.885 w_ax@goal=+1.29 w_v@goal=19.76 return=1000.0 length=78 success_rate=1.00 collisions/ep=0.25 (n=28)
update=77 global_step=157696 SPS=659 w_ev=0.931 m_ev=0.987 m_v_bias=3.9 m_adv_std=19.5212 m_kl_max=0.0160 m_ratio_max=0.593 w_ax@goal=+1.12 w_v@goal=19.66 return=996.6 length=79 success_rate=1.00 collisions/ep=0.32 (n=28)
update=78 global_step=159744 SPS=663 w_ev=0.912 m_ev=0.990 m_v_bias=0.2 m_adv_std=17.0104 m_kl_max=0.0092 m_ratio_max=0.418 w_ax@goal=+1.29 w_v@goal=19.58 return=1000.2 length=79 success_rate=1.00 collisions/ep=0.25 (n=24)
update=79 global_step=161792 SPS=666 w_ev=0.932 m_ev=0.986 m_v_bias=2.1 m_adv_std=18.9467 m_kl_max=0.0102 m_ratio_max=0.667 w_ax@goal=+1.20 w_v@goal=19.69 return=1004.3 length=79 success_rate=1.00 collisions/ep=0.17 (n=24)
update=80 global_step=163840 SPS=669 w_ev=0.904 m_ev=0.983 m_v_bias=-1.0 m_adv_std=22.1927 m_kl_max=0.0195 m_ratio_max=0.483 w_ax@goal=+1.21 w_v@goal=19.65 return=1001.0 length=79 success_rate=1.00 collisions/ep=0.23 (n=26)
Evaluation at update 80: return=1012.76, length=77.95, success_rate=1.00, collisions/ep=0.00
Solved-check at update 80: solved=True worst_gap=0.46 at p_x0=0.00 p_y0=-1.00 (consecutive=5)
update=81 global_step=165888 SPS=657 w_ev=0.936 m_ev=0.990 m_v_bias=-2.8 m_adv_std=17.4949 m_kl_max=0.0124 m_ratio_max=0.552 w_ax@goal=+1.15 w_v@goal=19.63 return=996.1 length=79 success_rate=1.00 collisions/ep=0.33 (n=30)
update=82 global_step=167936 SPS=661 w_ev=0.907 m_ev=0.972 m_v_bias=4.5 m_adv_std=28.0965 m_kl_max=0.0191 m_ratio_max=0.591 w_ax@goal=+1.39 w_v@goal=19.65 return=993.9 length=78 success_rate=1.00 collisions/ep=0.42 (n=24)
update=83 global_step=169984 SPS=663 w_ev=0.937 m_ev=0.991 m_v_bias=-1.8 m_adv_std=15.7088 m_kl_max=0.0128 m_ratio_max=0.590 w_ax@goal=+1.48 w_v@goal=19.68 return=992.0 length=79 success_rate=1.00 collisions/ep=0.42 (n=24)
update=84 global_step=172032 SPS=666 w_ev=0.917 m_ev=0.997 m_v_bias=-4.6 m_adv_std=8.2870 m_kl_max=0.0095 m_ratio_max=0.556 w_ax@goal=+1.36 w_v@goal=19.63 return=1004.6 length=79 success_rate=1.00 collisions/ep=0.20 (n=25)
update=85 global_step=174080 SPS=669 w_ev=0.920 m_ev=0.987 m_v_bias=3.5 m_adv_std=19.8808 m_kl_max=0.0165 m_ratio_max=0.632 w_ax@goal=+1.30 w_v@goal=19.53 return=999.8 length=79 success_rate=1.00 collisions/ep=0.26 (n=31)
Evaluation at update 85: return=1012.70, length=78.10, success_rate=1.00, collisions/ep=0.00
Solved-check at update 85: solved=True worst_gap=0.55 at p_x0=0.00 p_y0=-1.00 (consecutive=6)
update=86 global_step=176128 SPS=658 w_ev=0.935 m_ev=0.988 m_v_bias=-4.3 m_adv_std=18.4377 m_kl_max=0.0134 m_ratio_max=0.542 w_ax@goal=+1.24 w_v@goal=19.71 return=1008.5 length=79 success_rate=1.00 collisions/ep=0.08 (n=24)
update=87 global_step=178176 SPS=662 w_ev=0.959 m_ev=0.998 m_v_bias=-6.3 m_adv_std=6.5023 m_kl_max=0.0212 m_ratio_max=1.445 w_ax@goal=+1.46 w_v@goal=19.74 return=1004.2 length=79 success_rate=1.00 collisions/ep=0.17 (n=24)
update=88 global_step=180224 SPS=664 w_ev=0.918 m_ev=0.987 m_v_bias=3.4 m_adv_std=18.9587 m_kl_max=0.0310 m_ratio_max=1.073 w_ax@goal=+1.37 w_v@goal=19.79 return=1000.8 length=79 success_rate=1.00 collisions/ep=0.24 (n=25)
update=89 global_step=182272 SPS=667 w_ev=0.942 m_ev=0.994 m_v_bias=-0.9 m_adv_std=13.1669 m_kl_max=0.0208 m_ratio_max=1.041 w_ax@goal=+1.28 w_v@goal=19.71 return=1004.6 length=79 success_rate=1.00 collisions/ep=0.16 (n=31)
update=90 global_step=184320 SPS=670 w_ev=0.917 m_ev=0.995 m_v_bias=-0.1 m_adv_std=11.4314 m_kl_max=0.0112 m_ratio_max=0.547 w_ax@goal=+1.15 w_v@goal=19.61 return=998.1 length=79 success_rate=1.00 collisions/ep=0.29 (n=24)
Evaluation at update 90: return=1012.73, length=78.05, success_rate=1.00, collisions/ep=0.00
Solved-check at update 90: solved=True worst_gap=0.51 at p_x0=0.00 p_y0=1.00 (consecutive=7)
update=91 global_step=186368 SPS=659 w_ev=0.910 m_ev=0.998 m_v_bias=-3.3 m_adv_std=7.7335 m_kl_max=0.0213 m_ratio_max=0.867 w_ax@goal=+1.05 w_v@goal=19.48 return=1008.3 length=79 success_rate=1.00 collisions/ep=0.08 (n=24)
update=92 global_step=188416 SPS=662 w_ev=0.950 m_ev=0.993 m_v_bias=3.4 m_adv_std=13.4327 m_kl_max=0.0196 m_ratio_max=0.836 w_ax@goal=+1.09 w_v@goal=19.63 return=1001.9 length=79 success_rate=1.00 collisions/ep=0.21 (n=24)
update=93 global_step=190464 SPS=665 w_ev=0.955 m_ev=0.989 m_v_bias=1.1 m_adv_std=17.9644 m_kl_max=0.0226 m_ratio_max=0.487 w_ax@goal=+1.23 w_v@goal=19.71 return=1001.4 length=79 success_rate=1.00 collisions/ep=0.22 (n=32)
update=94 global_step=192512 SPS=668 w_ev=0.951 m_ev=0.999 m_v_bias=-2.8 m_adv_std=5.8353 m_kl_max=0.0156 m_ratio_max=0.687 w_ax@goal=+1.17 w_v@goal=19.68 return=1012.5 length=79 success_rate=1.00 collisions/ep=0.00 (n=24)
update=95 global_step=194560 SPS=671 w_ev=0.959 m_ev=0.995 m_v_bias=0.4 m_adv_std=11.1272 m_kl_max=0.0098 m_ratio_max=0.447 w_ax@goal=+1.08 w_v@goal=19.73 return=1008.4 length=79 success_rate=1.00 collisions/ep=0.08 (n=24)
Evaluation at update 95: return=1012.75, length=78.00, success_rate=1.00, collisions/ep=0.00
Solved-check at update 95: solved=True worst_gap=0.47 at p_x0=0.00 p_y0=1.00 (consecutive=8)
update=96 global_step=196608 SPS=661 w_ev=0.942 m_ev=0.989 m_v_bias=1.3 m_adv_std=17.1326 m_kl_max=0.0134 m_ratio_max=0.553 w_ax@goal=+1.09 w_v@goal=19.68 return=1002.1 length=79 success_rate=1.00 collisions/ep=0.25 (n=24)
update=97 global_step=198656 SPS=663 w_ev=0.951 m_ev=0.993 m_v_bias=2.2 m_adv_std=14.0603 m_kl_max=0.0171 m_ratio_max=0.609 w_ax@goal=+1.06 w_v@goal=19.62 return=1007.1 length=79 success_rate=1.00 collisions/ep=0.10 (n=29)
update=98 global_step=200704 SPS=666 w_ev=0.932 m_ev=0.996 m_v_bias=0.4 m_adv_std=11.3196 m_kl_max=0.0156 m_ratio_max=0.763 w_ax@goal=+0.85 w_v@goal=19.73 return=1004.7 length=79 success_rate=1.00 collisions/ep=0.15 (n=27)
update=99 global_step=202752 SPS=669 w_ev=0.951 m_ev=0.998 m_v_bias=-1.8 m_adv_std=6.6376 m_kl_max=0.0160 m_ratio_max=0.795 w_ax@goal=+1.13 w_v@goal=19.64 return=1010.6 length=79 success_rate=1.00 collisions/ep=0.04 (n=24)
update=100 global_step=204800 SPS=671 w_ev=0.951 m_ev=0.998 m_v_bias=-0.8 m_adv_std=6.8363 m_kl_max=0.0093 m_ratio_max=0.442 w_ax@goal=+1.20 w_v@goal=19.51 return=1008.4 length=79 success_rate=1.00 collisions/ep=0.08 (n=24)
Evaluation at update 100: return=1012.76, length=77.95, success_rate=1.00, collisions/ep=0.00
Solved-check at update 100: solved=True worst_gap=0.49 at p_x0=0.00 p_y0=1.00 (consecutive=9)
Saved checkpoints to C:\Users\loren\Desktop\MASTER THESIS\5_CODE\scenarios\slalom\studies\init_sampler\hppo_sobol\runs\hppo_slalom_7_1791035910
