Using device: cpu
Solved-check: precomputed optimal returns for 25 fixed initial conditions (mean=1013.0, min=1011.0, max=1015.0); solved-tolerance=5.0
Goal box: +-1.800 m (1.5x segment-reachable; segment-reachable displacement = 1.200 m)
tube MPC: W half-widths [0. 0. 0. 0.], RPI s=0 alpha=0; Z half-widths (p_x, p_y, v_x, v_y) = [0. 0. 0. 0.]
  X0 (-) Z: p_x [-1.000, 11.000], p_y [-1.999, 1.999], |v| <= 1.200; V = U (-) KZ: |u| <= 2.500; K = [-7.613 -4.585] per axis
  4 obstacles, 132 binaries before fixing, max big-M 9.00; horizon N=10, stopping time 5 steps
num_envs=8 num_steps_per_env=256 batch_size=2048 num_updates=100 timesteps=204800
update=1 global_step=2048 SPS=191 m_ev=0.005 m_v_bias=40.0 m_kl_max=0.0059 mpc_ms=5.0/34 cand=0.000 return=-185.6 length=200 success_rate=0.00 collisions/ep=0.00 (n=8)
update=2 global_step=4096 SPS=191 m_ev=-0.603 m_v_bias=22.4 m_kl_max=0.0062 mpc_ms=5.0/33 cand=0.000 return=-194.1 length=200 success_rate=0.00 collisions/ep=0.00 (n=8)
update=3 global_step=6144 SPS=185 m_ev=-0.082 m_v_bias=14.0 m_kl_max=0.0356 mpc_ms=5.4/35 cand=0.000 return=-171.7 length=200 success_rate=0.00 collisions/ep=0.00 (n=8)
update=4 global_step=8192 SPS=185 m_ev=-0.227 m_v_bias=5.6 m_kl_max=0.0440 mpc_ms=5.2/46 cand=0.000 return=-176.8 length=200 success_rate=0.00 collisions/ep=0.00 (n=16)
update=5 global_step=10240 SPS=183 m_ev=0.109 m_v_bias=3.2 m_kl_max=0.0815 mpc_ms=5.4/30 cand=0.000 return=-161.9 length=200 success_rate=0.00 collisions/ep=0.00 (n=8)
Evaluation at update 5: return=-144.13, length=200.00, success_rate=0.00, collisions/ep=0.00
Solved-check at update 5: solved=False worst_gap=1191.02 at p_x0=2.00 p_y0=-1.00 (consecutive=0)
update=6 global_step=12288 SPS=94 m_ev=0.572 m_v_bias=0.4 m_kl_max=0.0280 mpc_ms=5.9/38 cand=0.000 return=-149.6 length=200 success_rate=0.00 collisions/ep=0.00 (n=8)
update=7 global_step=14336 SPS=100 m_ev=0.732 m_v_bias=0.9 m_kl_max=0.0297 mpc_ms=5.5/42 cand=0.000 w_ax@goal=-0.59 return=-147.4 length=200 success_rate=0.00 collisions/ep=0.00 (n=8)
update=8 global_step=16384 SPS=106 m_ev=-0.058 m_v_bias=-36.2 m_kl_max=0.0156 mpc_ms=5.2/32 cand=0.000 w_ax@goal=+0.02 return=-77.2 length=199 success_rate=0.06 collisions/ep=0.00 (n=16)
update=9 global_step=18432 SPS=111 m_ev=-0.751 m_v_bias=4.2 m_kl_max=0.0071 mpc_ms=5.6/44 cand=0.000 w_ax@goal=-2.38 return=-138.6 length=200 success_rate=0.00 collisions/ep=0.00 (n=8)
update=10 global_step=20480 SPS=115 m_ev=0.007 m_v_bias=-53.8 m_kl_max=0.0059 mpc_ms=5.5/32 cand=0.000 w_ax@goal=-0.48 return=89.7 length=195 success_rate=0.22 collisions/ep=0.00 (n=9)
Evaluation at update 10: return=-141.59, length=200.00, success_rate=0.00, collisions/ep=0.00
Solved-check at update 10: solved=False worst_gap=1161.02 at p_x0=2.00 p_y0=0.00 (consecutive=0)
update=11 global_step=22528 SPS=96 m_ev=-5.394 m_v_bias=21.1 m_kl_max=0.0135 mpc_ms=5.3/34 cand=0.000 return=-141.3 length=200 success_rate=0.00 collisions/ep=0.00 (n=15)
update=12 global_step=24576 SPS=99 m_ev=0.059 m_v_bias=-55.6 m_kl_max=0.0432 mpc_ms=5.8/42 cand=0.000 w_ax@goal=-0.01 return=133.4 length=184 success_rate=0.25 collisions/ep=0.00 (n=8)
update=13 global_step=26624 SPS=102 m_ev=0.195 m_v_bias=-18.7 m_kl_max=0.0212 mpc_ms=5.7/47 cand=0.000 w_ax@goal=-0.44 return=61.4 length=192 success_rate=0.18 collisions/ep=0.00 (n=11)
update=14 global_step=28672 SPS=105 m_ev=0.345 m_v_bias=-142.6 m_kl_max=0.0262 mpc_ms=5.7/35 cand=0.000 w_ax@goal=-0.49 return=540.3 length=174 success_rate=0.64 collisions/ep=0.00 (n=11)
update=15 global_step=30720 SPS=108 m_ev=0.353 m_v_bias=-47.3 m_kl_max=0.0152 mpc_ms=5.7/38 cand=0.000 w_ax@goal=+0.09 return=305.9 length=177 success_rate=0.42 collisions/ep=0.00 (n=12)
Evaluation at update 15: return=178.36, length=168.45, success_rate=0.30, collisions/ep=0.00
Solved-check at update 15: solved=False worst_gap=1191.02 at p_x0=2.00 p_y0=-1.00 (consecutive=0)
update=16 global_step=32768 SPS=96 m_ev=0.622 m_v_bias=-8.3 m_kl_max=0.0043 mpc_ms=5.5/31 cand=0.000 w_ax@goal=+0.09 return=490.9 length=167 success_rate=0.58 collisions/ep=0.00 (n=12)
update=17 global_step=34816 SPS=98 m_ev=0.816 m_v_bias=-20.1 m_kl_max=0.0272 mpc_ms=6.0/44 cand=0.000 w_ax@goal=-0.28 return=445.3 length=164 success_rate=0.54 collisions/ep=0.00 (n=13)
update=18 global_step=36864 SPS=101 m_ev=0.856 m_v_bias=-40.5 m_kl_max=0.0250 mpc_ms=5.7/31 cand=0.000 w_ax@goal=-0.07 return=700.9 length=150 success_rate=0.77 collisions/ep=0.00 (n=13)
update=19 global_step=38912 SPS=103 m_ev=0.684 m_v_bias=47.3 m_kl_max=0.0103 mpc_ms=5.6/42 cand=0.000 w_ax@goal=-0.05 return=329.8 length=168 success_rate=0.43 collisions/ep=0.00 (n=14)
update=20 global_step=40960 SPS=105 m_ev=0.736 m_v_bias=-13.2 m_kl_max=0.0084 mpc_ms=5.5/33 cand=0.000 w_ax@goal=-0.08 return=498.6 length=163 success_rate=0.58 collisions/ep=0.00 (n=12)
Evaluation at update 20: return=406.06, length=153.25, success_rate=0.50, collisions/ep=0.00
Solved-check at update 20: solved=False worst_gap=1191.02 at p_x0=2.00 p_y0=-1.00 (consecutive=0)
update=21 global_step=43008 SPS=96 m_ev=0.709 m_v_bias=20.4 m_kl_max=0.0054 mpc_ms=5.5/36 cand=0.000 w_ax@goal=-0.07 return=557.6 length=155 success_rate=0.64 collisions/ep=0.00 (n=11)
update=22 global_step=45056 SPS=98 m_ev=0.764 m_v_bias=-63.1 m_kl_max=0.0103 mpc_ms=5.8/36 cand=0.000 w_ax@goal=-0.04 return=814.5 length=146 success_rate=0.88 collisions/ep=0.00 (n=16)
update=23 global_step=47104 SPS=100 m_ev=0.799 m_v_bias=-30.3 m_kl_max=0.0035 mpc_ms=5.6/42 cand=0.000 w_ax@goal=+0.01 return=611.4 length=137 success_rate=0.67 collisions/ep=0.00 (n=15)
update=24 global_step=49152 SPS=101 m_ev=0.743 m_v_bias=37.8 m_kl_max=0.0052 mpc_ms=5.7/42 cand=0.000 w_ax@goal=-0.04 return=714.3 length=140 success_rate=0.77 collisions/ep=0.00 (n=13)
update=25 global_step=51200 SPS=103 m_ev=0.747 m_v_bias=-13.3 m_kl_max=0.0194 mpc_ms=5.8/37 cand=0.000 w_ax@goal=+0.05 return=714.4 length=155 success_rate=0.79 collisions/ep=0.00 (n=14)
Evaluation at update 25: return=1004.96, length=84.95, success_rate=1.00, collisions/ep=0.00
Solved-check at update 25: solved=False worst_gap=40.65 at p_x0=2.00 p_y0=-1.00 (consecutive=0)
update=26 global_step=53248 SPS=99 m_ev=0.809 m_v_bias=-45.4 m_kl_max=0.0104 mpc_ms=6.2/41 cand=0.000 w_ax@goal=-0.10 return=893.0 length=135 success_rate=0.94 collisions/ep=0.00 (n=16)
update=27 global_step=55296 SPS=100 m_ev=0.833 m_v_bias=-18.4 m_kl_max=0.0166 mpc_ms=5.8/36 cand=0.000 w_ax@goal=-0.19 return=923.0 length=113 success_rate=0.94 collisions/ep=0.00 (n=18)
update=28 global_step=57344 SPS=101 m_ev=0.814 m_v_bias=-19.1 m_kl_max=0.0076 mpc_ms=5.9/40 cand=0.000 w_ax@goal=+0.15 return=913.1 length=122 success_rate=0.94 collisions/ep=0.00 (n=18)
update=29 global_step=59392 SPS=103 m_ev=0.875 m_v_bias=-23.5 m_kl_max=0.0126 mpc_ms=5.6/35 cand=0.000 w_ax@goal=-0.05 return=986.9 length=105 success_rate=1.00 collisions/ep=0.00 (n=21)
update=30 global_step=61440 SPS=104 m_ev=0.840 m_v_bias=5.1 m_kl_max=0.0218 mpc_ms=6.0/41 cand=0.000 w_ax@goal=+0.04 return=986.7 length=104 success_rate=1.00 collisions/ep=0.00 (n=19)
Evaluation at update 30: return=1010.70, length=79.30, success_rate=1.00, collisions/ep=0.00
Solved-check at update 30: solved=True worst_gap=2.80 at p_x0=0.00 p_y0=1.00 (consecutive=0)
update=31 global_step=63488 SPS=102 m_ev=0.909 m_v_bias=-23.6 m_kl_max=0.0069 mpc_ms=5.6/34 cand=0.000 w_ax@goal=+0.03 return=999.9 length=91 success_rate=1.00 collisions/ep=0.00 (n=23)
update=32 global_step=65536 SPS=103 m_ev=0.913 m_v_bias=-7.0 m_kl_max=0.0185 mpc_ms=5.5/37 cand=0.000 w_ax@goal=+0.10 return=1001.7 length=90 success_rate=1.00 collisions/ep=0.00 (n=23)
update=33 global_step=67584 SPS=104 m_ev=0.908 m_v_bias=7.8 m_kl_max=0.0285 mpc_ms=5.8/46 cand=0.000 w_ax@goal=+0.01 return=999.5 length=93 success_rate=1.00 collisions/ep=0.00 (n=21)
update=34 global_step=69632 SPS=105 m_ev=0.928 m_v_bias=-5.6 m_kl_max=0.0050 mpc_ms=6.0/37 cand=0.000 w_ax@goal=-0.08 return=996.2 length=94 success_rate=1.00 collisions/ep=0.00 (n=23)
update=35 global_step=71680 SPS=106 m_ev=0.937 m_v_bias=9.7 m_kl_max=0.0130 mpc_ms=5.7/42 cand=0.000 w_ax@goal=-0.05 return=997.5 length=92 success_rate=1.00 collisions/ep=0.00 (n=22)
Evaluation at update 35: return=1011.70, length=78.20, success_rate=1.00, collisions/ep=0.00
Solved-check at update 35: solved=True worst_gap=1.60 at p_x0=0.00 p_y0=-1.00 (consecutive=1)
Solved criterion held for 2 consecutive evals (tolerance=5.0) at global_step=71680.
update=36 global_step=73728 SPS=105 m_ev=0.951 m_v_bias=-3.5 m_kl_max=0.0069 mpc_ms=5.6/42 cand=0.000 w_ax@goal=-0.07 return=1006.7 length=86 success_rate=1.00 collisions/ep=0.00 (n=22)
update=37 global_step=75776 SPS=106 m_ev=0.961 m_v_bias=-5.0 m_kl_max=0.0087 mpc_ms=5.6/37 cand=0.000 w_ax@goal=-0.03 return=1003.8 length=89 success_rate=1.00 collisions/ep=0.00 (n=25)
update=38 global_step=77824 SPS=107 m_ev=0.966 m_v_bias=7.0 m_kl_max=0.0053 mpc_ms=5.6/38 cand=0.000 w_ax@goal=-0.00 return=1004.6 length=84 success_rate=1.00 collisions/ep=0.00 (n=25)
update=39 global_step=79872 SPS=108 m_ev=0.980 m_v_bias=-11.1 m_kl_max=0.0145 mpc_ms=5.4/35 cand=0.000 w_ax@goal=+0.04 return=1007.6 length=82 success_rate=1.00 collisions/ep=0.00 (n=24)
update=40 global_step=81920 SPS=109 m_ev=0.977 m_v_bias=2.7 m_kl_max=0.0121 mpc_ms=5.4/34 cand=0.000 w_ax@goal=+0.05 return=1007.2 length=83 success_rate=1.00 collisions/ep=0.00 (n=24)
Evaluation at update 40: return=1012.06, length=78.05, success_rate=1.00, collisions/ep=0.00
Solved-check at update 40: solved=True worst_gap=1.18 at p_x0=0.00 p_y0=-1.00 (consecutive=2)
update=41 global_step=83968 SPS=107 m_ev=0.966 m_v_bias=2.3 m_kl_max=0.0068 mpc_ms=5.5/45 cand=0.000 w_ax@goal=-0.03 return=1008.3 length=84 success_rate=1.00 collisions/ep=0.00 (n=24)
update=42 global_step=86016 SPS=108 m_ev=0.980 m_v_bias=-3.7 m_kl_max=0.0079 mpc_ms=5.1/31 cand=0.000 w_ax@goal=+0.03 return=1006.9 length=84 success_rate=1.00 collisions/ep=0.00 (n=24)
update=43 global_step=88064 SPS=109 m_ev=0.978 m_v_bias=6.0 m_kl_max=0.0071 mpc_ms=5.4/28 cand=0.000 w_ax@goal=+0.01 return=1006.1 length=85 success_rate=1.00 collisions/ep=0.00 (n=26)
update=44 global_step=90112 SPS=110 m_ev=0.990 m_v_bias=-5.8 m_kl_max=0.0125 mpc_ms=5.1/26 cand=0.000 w_ax@goal=-0.07 return=1009.4 length=84 success_rate=1.00 collisions/ep=0.00 (n=26)
update=45 global_step=92160 SPS=111 m_ev=0.983 m_v_bias=1.3 m_kl_max=0.0147 mpc_ms=5.4/39 cand=0.000 w_ax@goal=+0.03 return=1008.7 length=83 success_rate=1.00 collisions/ep=0.00 (n=25)
Evaluation at update 45: return=1012.34, length=77.65, success_rate=1.00, collisions/ep=0.00
Solved-check at update 45: solved=True worst_gap=0.98 at p_x0=0.00 p_y0=-1.00 (consecutive=3)
update=46 global_step=94208 SPS=109 m_ev=0.983 m_v_bias=-1.0 m_kl_max=0.0027 mpc_ms=5.3/32 cand=0.000 w_ax@goal=-0.01 return=1007.9 length=83 success_rate=1.00 collisions/ep=0.00 (n=23)
update=47 global_step=96256 SPS=110 m_ev=0.992 m_v_bias=-6.7 m_kl_max=0.0364 mpc_ms=5.3/40 cand=0.000 w_ax@goal=+0.02 return=1010.4 length=82 success_rate=1.00 collisions/ep=0.00 (n=25)
update=48 global_step=98304 SPS=111 m_ev=0.995 m_v_bias=-1.8 m_kl_max=0.0075 mpc_ms=5.1/41 cand=0.000 w_ax@goal=-0.03 return=1011.1 length=81 success_rate=1.00 collisions/ep=0.00 (n=25)
update=49 global_step=100352 SPS=112 m_ev=0.995 m_v_bias=-0.3 m_kl_max=0.0199 mpc_ms=5.4/40 cand=0.000 w_ax@goal=+0.01 return=1010.6 length=82 success_rate=1.00 collisions/ep=0.00 (n=25)
update=50 global_step=102400 SPS=113 m_ev=0.987 m_v_bias=1.8 m_kl_max=0.0220 mpc_ms=5.4/39 cand=0.000 w_ax@goal=+0.01 return=1009.0 length=85 success_rate=1.00 collisions/ep=0.00 (n=24)
Evaluation at update 50: return=1012.65, length=77.40, success_rate=1.00, collisions/ep=0.00
Solved-check at update 50: solved=True worst_gap=0.59 at p_x0=0.00 p_y0=-1.00 (consecutive=4)
update=51 global_step=104448 SPS=111 m_ev=0.991 m_v_bias=-1.0 m_kl_max=0.0058 mpc_ms=5.2/22 cand=0.000 w_ax@goal=-0.00 return=1011.0 length=80 success_rate=1.00 collisions/ep=0.00 (n=25)
update=52 global_step=106496 SPS=112 m_ev=0.965 m_v_bias=8.6 m_kl_max=0.0122 mpc_ms=5.4/29 cand=0.000 w_ax@goal=-0.00 return=1007.9 length=85 success_rate=1.00 collisions/ep=0.00 (n=26)
update=53 global_step=108544 SPS=113 m_ev=0.991 m_v_bias=-6.7 m_kl_max=0.0196 mpc_ms=5.3/39 cand=0.000 w_ax@goal=+0.01 return=1010.5 length=82 success_rate=1.00 collisions/ep=0.00 (n=24)
update=54 global_step=110592 SPS=113 m_ev=0.991 m_v_bias=0.3 m_kl_max=0.0118 mpc_ms=5.3/33 cand=0.000 w_ax@goal=-0.05 return=1009.0 length=82 success_rate=1.00 collisions/ep=0.00 (n=24)
update=55 global_step=112640 SPS=114 m_ev=0.985 m_v_bias=0.1 m_kl_max=0.0058 mpc_ms=5.3/35 cand=0.000 w_ax@goal=+0.01 return=1010.9 length=80 success_rate=1.00 collisions/ep=0.00 (n=24)
Evaluation at update 55: return=1012.72, length=77.20, success_rate=1.00, collisions/ep=0.00
Solved-check at update 55: solved=True worst_gap=0.48 at p_x0=0.00 p_y0=-1.00 (consecutive=5)
update=56 global_step=114688 SPS=113 m_ev=0.986 m_v_bias=-1.4 m_kl_max=0.0165 mpc_ms=5.5/44 cand=0.000 w_ax@goal=-0.01 return=1010.1 length=83 success_rate=1.00 collisions/ep=0.00 (n=26)
update=57 global_step=116736 SPS=113 m_ev=0.998 m_v_bias=-7.5 m_kl_max=0.0039 mpc_ms=5.2/28 cand=0.000 w_ax@goal=-0.02 return=1012.0 length=80 success_rate=1.00 collisions/ep=0.00 (n=26)
update=58 global_step=118784 SPS=114 m_ev=0.997 m_v_bias=0.6 m_kl_max=0.0130 mpc_ms=5.2/31 cand=0.000 w_ax@goal=+0.00 return=1011.8 length=82 success_rate=1.00 collisions/ep=0.00 (n=26)
update=59 global_step=120832 SPS=115 m_ev=0.997 m_v_bias=-1.4 m_kl_max=0.0104 mpc_ms=5.0/28 cand=0.000 w_ax@goal=-0.00 return=1012.0 length=79 success_rate=1.00 collisions/ep=0.00 (n=24)
update=60 global_step=122880 SPS=115 m_ev=0.998 m_v_bias=-2.1 m_kl_max=0.0135 mpc_ms=5.3/35 cand=0.000 w_ax@goal=+0.01 return=1012.0 length=80 success_rate=1.00 collisions/ep=0.00 (n=26)
Evaluation at update 60: return=1012.89, length=77.10, success_rate=1.00, collisions/ep=0.00
Solved-check at update 60: solved=True worst_gap=0.26 at p_x0=0.00 p_y0=-1.00 (consecutive=6)
update=61 global_step=124928 SPS=114 m_ev=0.988 m_v_bias=3.2 m_kl_max=0.0305 mpc_ms=5.2/27 cand=0.000 w_ax@goal=+0.01 return=1011.2 length=80 success_rate=1.00 collisions/ep=0.00 (n=28)
update=62 global_step=126976 SPS=115 m_ev=0.997 m_v_bias=0.3 m_kl_max=0.0097 mpc_ms=5.2/39 cand=0.000 w_ax@goal=+0.07 return=1011.7 length=81 success_rate=1.00 collisions/ep=0.00 (n=24)
update=63 global_step=129024 SPS=115 m_ev=0.994 m_v_bias=2.3 m_kl_max=0.0176 mpc_ms=5.2/26 cand=0.000 w_ax@goal=+0.01 return=1011.6 length=80 success_rate=1.00 collisions/ep=0.00 (n=26)
update=64 global_step=131072 SPS=116 m_ev=0.987 m_v_bias=1.0 m_kl_max=0.0041 mpc_ms=5.3/36 cand=0.000 w_ax@goal=+0.02 return=1010.8 length=82 success_rate=1.00 collisions/ep=0.00 (n=26)
update=65 global_step=133120 SPS=117 m_ev=0.997 m_v_bias=-1.6 m_kl_max=0.0129 mpc_ms=5.2/26 cand=0.000 w_ax@goal=+0.00 return=1012.0 length=81 success_rate=1.00 collisions/ep=0.00 (n=25)
Evaluation at update 65: return=1012.93, length=77.10, success_rate=1.00, collisions/ep=0.00
Solved-check at update 65: solved=True worst_gap=0.20 at p_x0=0.00 p_y0=-1.00 (consecutive=7)
update=66 global_step=135168 SPS=115 m_ev=0.998 m_v_bias=-2.9 m_kl_max=0.0090 mpc_ms=5.1/37 cand=0.000 w_ax@goal=-0.01 return=1011.9 length=79 success_rate=1.00 collisions/ep=0.00 (n=24)
update=67 global_step=137216 SPS=116 m_ev=0.998 m_v_bias=-0.6 m_kl_max=0.0239 mpc_ms=5.1/29 cand=0.000 w_ax@goal=-0.00 return=1012.2 length=78 success_rate=1.00 collisions/ep=0.00 (n=25)
update=68 global_step=139264 SPS=117 m_ev=0.999 m_v_bias=-2.0 m_kl_max=0.0060 mpc_ms=5.2/34 cand=0.000 w_ax@goal=+0.01 return=1012.5 length=79 success_rate=1.00 collisions/ep=0.00 (n=29)
update=69 global_step=141312 SPS=117 m_ev=0.994 m_v_bias=3.8 m_kl_max=0.0278 mpc_ms=5.4/33 cand=0.000 w_ax@goal=-0.03 return=1012.5 length=81 success_rate=1.00 collisions/ep=0.00 (n=25)
update=70 global_step=143360 SPS=118 m_ev=0.986 m_v_bias=-0.2 m_kl_max=0.0108 mpc_ms=5.5/35 cand=0.000 w_ax@goal=+0.00 return=1011.4 length=82 success_rate=1.00 collisions/ep=0.00 (n=24)
Evaluation at update 70: return=1012.99, length=77.10, success_rate=1.00, collisions/ep=0.00
Solved-check at update 70: solved=True worst_gap=0.14 at p_x0=0.00 p_y0=-1.00 (consecutive=8)
update=71 global_step=145408 SPS=116 m_ev=0.993 m_v_bias=0.7 m_kl_max=0.0094 mpc_ms=5.4/34 cand=0.000 w_ax@goal=+0.01 return=1012.1 length=83 success_rate=1.00 collisions/ep=0.00 (n=26)
update=72 global_step=147456 SPS=117 m_ev=0.995 m_v_bias=-2.9 m_kl_max=0.0115 mpc_ms=5.4/39 cand=0.000 w_ax@goal=-0.03 return=1012.9 length=79 success_rate=1.00 collisions/ep=0.00 (n=24)
update=73 global_step=149504 SPS=118 m_ev=0.998 m_v_bias=-0.3 m_kl_max=0.0338 mpc_ms=5.2/29 cand=0.000 w_ax@goal=+0.00 return=1011.7 length=79 success_rate=1.00 collisions/ep=0.00 (n=25)
update=74 global_step=151552 SPS=118 m_ev=0.999 m_v_bias=-0.7 m_kl_max=0.0057 mpc_ms=5.2/27 cand=0.000 w_ax@goal=-0.01 return=1012.8 length=80 success_rate=1.00 collisions/ep=0.00 (n=28)
update=75 global_step=153600 SPS=119 m_ev=0.997 m_v_bias=1.4 m_kl_max=0.0243 mpc_ms=5.3/32 cand=0.000 w_ax@goal=+0.00 return=1012.2 length=78 success_rate=1.00 collisions/ep=0.00 (n=26)
Evaluation at update 75: return=1013.02, length=77.10, success_rate=1.00, collisions/ep=0.00
Solved-check at update 75: solved=True worst_gap=0.04 at p_x0=0.00 p_y0=0.00 (consecutive=9)
update=76 global_step=155648 SPS=117 m_ev=0.998 m_v_bias=-0.3 m_kl_max=0.0172 mpc_ms=5.4/41 cand=0.000 w_ax@goal=+0.00 return=1012.5 length=78 success_rate=1.00 collisions/ep=0.00 (n=26)
update=77 global_step=157696 SPS=118 m_ev=0.995 m_v_bias=0.9 m_kl_max=0.0144 mpc_ms=5.2/34 cand=0.000 w_ax@goal=+0.01 return=1011.7 length=80 success_rate=1.00 collisions/ep=0.00 (n=24)
update=78 global_step=159744 SPS=118 m_ev=0.996 m_v_bias=-0.6 m_kl_max=0.0102 mpc_ms=5.0/25 cand=0.000 w_ax@goal=+0.01 return=1011.8 length=79 success_rate=1.00 collisions/ep=0.00 (n=27)
update=79 global_step=161792 SPS=119 m_ev=0.991 m_v_bias=1.8 m_kl_max=0.0086 mpc_ms=5.0/30 cand=0.000 w_ax@goal=+0.00 return=1011.9 length=79 success_rate=1.00 collisions/ep=0.00 (n=26)
update=80 global_step=163840 SPS=120 m_ev=0.995 m_v_bias=-0.0 m_kl_max=0.0060 mpc_ms=5.0/40 cand=0.000 w_ax@goal=+0.01 return=1012.7 length=80 success_rate=1.00 collisions/ep=0.00 (n=24)
Evaluation at update 80: return=1013.04, length=77.10, success_rate=1.00, collisions/ep=0.00
Solved-check at update 80: solved=True worst_gap=0.06 at p_x0=0.00 p_y0=-1.00 (consecutive=10)
update=81 global_step=165888 SPS=118 m_ev=0.997 m_v_bias=-1.5 m_kl_max=0.0040 mpc_ms=5.2/39 cand=0.000 w_ax@goal=-0.00 return=1011.9 length=81 success_rate=1.00 collisions/ep=0.00 (n=27)
update=82 global_step=167936 SPS=119 m_ev=0.999 m_v_bias=-3.5 m_kl_max=0.0039 mpc_ms=5.0/31 cand=0.000 w_ax@goal=-0.00 return=1012.7 length=79 success_rate=1.00 collisions/ep=0.00 (n=27)
update=83 global_step=169984 SPS=119 m_ev=0.994 m_v_bias=1.1 m_kl_max=0.0060 mpc_ms=5.3/28 cand=0.000 w_ax@goal=+0.00 return=1012.4 length=79 success_rate=1.00 collisions/ep=0.00 (n=25)
update=84 global_step=172032 SPS=120 m_ev=0.998 m_v_bias=0.1 m_kl_max=0.0097 mpc_ms=5.2/26 cand=0.000 w_ax@goal=+0.01 return=1011.4 length=80 success_rate=1.00 collisions/ep=0.00 (n=24)
update=85 global_step=174080 SPS=120 m_ev=0.996 m_v_bias=0.3 m_kl_max=0.0076 mpc_ms=5.3/26 cand=0.000 w_ax@goal=-0.00 return=1011.7 length=77 success_rate=1.00 collisions/ep=0.00 (n=27)
Evaluation at update 85: return=1013.05, length=77.05, success_rate=1.00, collisions/ep=0.00
Solved-check at update 85: solved=True worst_gap=0.04 at p_x0=0.00 p_y0=-1.00 (consecutive=11)
update=86 global_step=176128 SPS=119 m_ev=0.996 m_v_bias=0.3 m_kl_max=0.0124 mpc_ms=5.1/32 cand=0.000 w_ax@goal=-0.01 return=1012.0 length=80 success_rate=1.00 collisions/ep=0.00 (n=27)
update=87 global_step=178176 SPS=120 m_ev=0.997 m_v_bias=0.7 m_kl_max=0.0077 mpc_ms=5.2/28 cand=0.000 w_ax@goal=-0.01 return=1012.9 length=80 success_rate=1.00 collisions/ep=0.00 (n=25)
update=88 global_step=180224 SPS=120 m_ev=0.998 m_v_bias=-1.0 m_kl_max=0.0138 mpc_ms=5.1/38 cand=0.000 w_ax@goal=+0.00 return=1012.5 length=80 success_rate=1.00 collisions/ep=0.00 (n=27)
update=89 global_step=182272 SPS=121 m_ev=0.994 m_v_bias=0.9 m_kl_max=0.0136 mpc_ms=5.2/40 cand=0.000 w_ax@goal=+0.00 return=1011.8 length=78 success_rate=1.00 collisions/ep=0.00 (n=25)
update=90 global_step=184320 SPS=121 m_ev=0.999 m_v_bias=-3.2 m_kl_max=0.0092 mpc_ms=5.2/32 cand=0.000 w_ax@goal=-0.01 return=1012.5 length=77 success_rate=1.00 collisions/ep=0.00 (n=27)
Evaluation at update 90: return=1013.08, length=77.05, success_rate=1.00, collisions/ep=0.00
Solved-check at update 90: solved=True worst_gap=0.00 at p_x0=0.50 p_y0=-1.00 (consecutive=12)
update=91 global_step=186368 SPS=120 m_ev=0.999 m_v_bias=1.2 m_kl_max=0.0167 mpc_ms=5.3/33 cand=0.000 w_ax@goal=+0.00 return=1012.3 length=77 success_rate=1.00 collisions/ep=0.00 (n=27)
update=92 global_step=188416 SPS=120 m_ev=0.992 m_v_bias=0.7 m_kl_max=0.0079 mpc_ms=5.5/42 cand=0.000 w_ax@goal=-0.01 return=1013.0 length=80 success_rate=1.00 collisions/ep=0.00 (n=24)
update=93 global_step=190464 SPS=121 m_ev=0.995 m_v_bias=0.2 m_kl_max=0.0130 mpc_ms=5.4/39 cand=0.000 w_ax@goal=-0.01 return=1011.6 length=79 success_rate=1.00 collisions/ep=0.00 (n=26)
update=94 global_step=192512 SPS=121 m_ev=0.999 m_v_bias=-1.9 m_kl_max=0.0128 mpc_ms=5.2/27 cand=0.000 w_ax@goal=+0.00 return=1013.2 length=79 success_rate=1.00 collisions/ep=0.00 (n=28)
update=95 global_step=194560 SPS=121 m_ev=0.998 m_v_bias=0.7 m_kl_max=0.0100 mpc_ms=5.0/32 cand=0.000 w_ax@goal=-0.01 return=1012.5 length=79 success_rate=1.00 collisions/ep=0.00 (n=26)
Evaluation at update 95: return=1013.08, length=76.95, success_rate=1.00, collisions/ep=0.00
Solved-check at update 95: solved=True worst_gap=-0.02 at p_x0=0.50 p_y0=-1.00 (consecutive=13)
update=96 global_step=196608 SPS=120 m_ev=1.000 m_v_bias=-1.3 m_kl_max=0.0042 mpc_ms=5.1/29 cand=0.000 w_ax@goal=-0.01 return=1012.9 length=78 success_rate=1.00 collisions/ep=0.00 (n=25)
update=97 global_step=198656 SPS=121 m_ev=0.995 m_v_bias=1.7 m_kl_max=0.0165 mpc_ms=5.4/31 cand=0.000 w_ax@goal=+0.02 return=1012.1 length=79 success_rate=1.00 collisions/ep=0.00 (n=26)
update=98 global_step=200704 SPS=121 m_ev=0.997 m_v_bias=1.4 m_kl_max=0.0072 mpc_ms=5.2/28 cand=0.000 w_ax@goal=+0.01 return=1012.4 length=78 success_rate=1.00 collisions/ep=0.00 (n=27)
update=99 global_step=202752 SPS=122 m_ev=0.999 m_v_bias=-2.0 m_kl_max=0.0127 mpc_ms=5.3/32 cand=0.000 w_ax@goal=+0.00 return=1012.6 length=80 success_rate=1.00 collisions/ep=0.00 (n=26)
update=100 global_step=204800 SPS=122 m_ev=0.993 m_v_bias=2.7 m_kl_max=0.0054 mpc_ms=4.7/31 cand=0.000 w_ax@goal=-0.04 return=1011.8 length=80 success_rate=1.00 collisions/ep=0.00 (n=24)
Evaluation at update 100: return=1013.09, length=76.90, success_rate=1.00, collisions/ep=0.00
Solved-check at update 100: solved=True worst_gap=-0.04 at p_x0=0.50 p_y0=-1.00 (consecutive=14)
Saved checkpoints to C:\Users\loren\Desktop\MASTER THESIS\5_CODE\scenarios\slalom\studies\ppo_mpc\runs\ppo_mpc_slalom_3_1790633440
