Using device: cpu
Solved-check: precomputed optimal returns for 25 fixed initial conditions (mean=1013.0, min=1011.0, max=1015.0); solved-tolerance=5.0
Goal box: +-1.800 m (1.5x segment-reachable; segment-reachable displacement = 1.200 m)
tube MPC: W half-widths [0. 0. 0. 0.], RPI s=0 alpha=0; Z half-widths (p_x, p_y, v_x, v_y) = [0. 0. 0. 0.]
  X0 (-) Z: p_x [-1.000, 11.000], p_y [-1.999, 1.999], |v| <= 1.200; V = U (-) KZ: |u| <= 2.500; K = [-7.613 -4.585] per axis
  4 obstacles, 132 binaries before fixing, max big-M 9.00; horizon N=10, stopping time 5 steps
num_envs=8 num_steps_per_env=256 batch_size=2048 num_updates=100 timesteps=204800
update=1 global_step=2048 SPS=189 m_ev=-0.004 m_v_bias=40.6 m_kl_max=0.0042 mpc_ms=5.1/35 cand=0.000 return=-191.0 length=200 success_rate=0.00 collisions/ep=0.00 (n=8)
update=2 global_step=4096 SPS=191 m_ev=-0.674 m_v_bias=23.0 m_kl_max=0.0157 mpc_ms=4.9/21 cand=0.000 return=-192.6 length=200 success_rate=0.00 collisions/ep=0.00 (n=8)
update=3 global_step=6144 SPS=191 m_ev=-0.219 m_v_bias=14.3 m_kl_max=0.0400 mpc_ms=5.0/31 cand=0.000 return=-182.6 length=200 success_rate=0.00 collisions/ep=0.00 (n=8)
update=4 global_step=8192 SPS=188 m_ev=-0.226 m_v_bias=4.1 m_kl_max=0.0430 mpc_ms=5.3/36 cand=0.000 return=-163.9 length=200 success_rate=0.00 collisions/ep=0.00 (n=16)
update=5 global_step=10240 SPS=182 m_ev=0.212 m_v_bias=1.2 m_kl_max=0.0428 mpc_ms=5.8/40 cand=0.000 return=-142.5 length=200 success_rate=0.00 collisions/ep=0.00 (n=8)
Evaluation at update 5: return=-140.67, length=200.00, success_rate=0.00, collisions/ep=0.00
Solved-check at update 5: solved=False worst_gap=1161.02 at p_x0=2.00 p_y0=-0.50 (consecutive=0)
update=6 global_step=12288 SPS=105 m_ev=0.707 m_v_bias=-0.0 m_kl_max=0.0380 mpc_ms=5.4/32 cand=0.000 return=-141.3 length=200 success_rate=0.00 collisions/ep=0.00 (n=8)
update=7 global_step=14336 SPS=111 m_ev=0.857 m_v_bias=3.6 m_kl_max=0.0274 mpc_ms=5.6/38 cand=0.000 w_ax@goal=-0.32 return=-141.9 length=200 success_rate=0.00 collisions/ep=0.00 (n=8)
update=8 global_step=16384 SPS=117 m_ev=0.930 m_v_bias=3.0 m_kl_max=0.0363 mpc_ms=5.4/42 cand=0.000 return=-145.1 length=200 success_rate=0.00 collisions/ep=0.00 (n=16)
update=9 global_step=18432 SPS=121 m_ev=-0.024 m_v_bias=-28.7 m_kl_max=0.0171 mpc_ms=5.8/37 cand=0.000 w_ax@goal=+0.06 return=-2.2 length=194 success_rate=0.12 collisions/ep=0.00 (n=8)
update=10 global_step=20480 SPS=124 m_ev=-0.003 m_v_bias=-52.6 m_kl_max=0.0120 mpc_ms=5.7/36 cand=0.000 w_ax@goal=+0.06 return=70.4 length=193 success_rate=0.20 collisions/ep=0.00 (n=10)
Evaluation at update 10: return=-140.67, length=200.00, success_rate=0.00, collisions/ep=0.00
Solved-check at update 10: solved=False worst_gap=1161.02 at p_x0=2.00 p_y0=1.00 (consecutive=0)
update=11 global_step=22528 SPS=100 m_ev=0.162 m_v_bias=-46.3 m_kl_max=0.0120 mpc_ms=5.5/35 cand=0.000 w_ax@goal=-0.68 return=12.5 length=194 success_rate=0.14 collisions/ep=0.00 (n=14)
update=12 global_step=24576 SPS=104 m_ev=0.241 m_v_bias=-62.3 m_kl_max=0.0335 mpc_ms=5.5/37 cand=0.000 w_ax@goal=-0.03 return=229.8 length=179 success_rate=0.33 collisions/ep=0.00 (n=9)
update=13 global_step=26624 SPS=107 m_ev=0.434 m_v_bias=-124.7 m_kl_max=0.0389 mpc_ms=5.8/36 cand=0.000 w_ax@goal=-0.22 return=452.4 length=167 success_rate=0.54 collisions/ep=0.00 (n=13)
update=14 global_step=28672 SPS=109 m_ev=0.519 m_v_bias=-54.2 m_kl_max=0.0189 mpc_ms=5.7/42 cand=0.000 w_ax@goal=-0.28 return=528.0 length=160 success_rate=0.62 collisions/ep=0.00 (n=13)
update=15 global_step=30720 SPS=112 m_ev=0.734 m_v_bias=-22.6 m_kl_max=0.0179 mpc_ms=5.6/42 cand=0.000 w_ax@goal=+0.12 return=617.9 length=149 success_rate=0.69 collisions/ep=0.00 (n=13)
Evaluation at update 15: return=293.39, length=160.45, success_rate=0.40, collisions/ep=0.00
Solved-check at update 15: solved=False worst_gap=1191.02 at p_x0=2.00 p_y0=-0.50 (consecutive=0)
update=16 global_step=32768 SPS=97 m_ev=0.567 m_v_bias=1.0 m_kl_max=0.0048 mpc_ms=6.0/45 cand=0.000 w_ax@goal=-0.18 return=572.8 length=150 success_rate=0.64 collisions/ep=0.00 (n=14)
update=17 global_step=34816 SPS=99 m_ev=0.694 m_v_bias=35.9 m_kl_max=0.0031 mpc_ms=5.7/41 cand=0.000 w_ax@goal=-0.17 return=484.9 length=158 success_rate=0.57 collisions/ep=0.00 (n=14)
update=18 global_step=36864 SPS=101 m_ev=0.809 m_v_bias=-0.0 m_kl_max=0.0079 mpc_ms=6.0/35 cand=0.000 w_ax@goal=-0.22 return=597.6 length=155 success_rate=0.67 collisions/ep=0.00 (n=12)
update=19 global_step=38912 SPS=103 m_ev=0.748 m_v_bias=-51.4 m_kl_max=0.0149 mpc_ms=5.9/40 cand=0.000 w_ax@goal=-0.06 return=564.0 length=158 success_rate=0.64 collisions/ep=0.00 (n=14)
update=20 global_step=40960 SPS=105 m_ev=0.809 m_v_bias=-46.5 m_kl_max=0.0131 mpc_ms=5.9/36 cand=0.000 w_ax@goal=-0.14 return=962.8 length=129 success_rate=1.00 collisions/ep=0.00 (n=14)
Evaluation at update 20: return=1004.54, length=86.15, success_rate=1.00, collisions/ep=0.00
Solved-check at update 20: solved=False worst_gap=30.92 at p_x0=2.00 p_y0=-1.00 (consecutive=0)
update=21 global_step=43008 SPS=100 m_ev=0.727 m_v_bias=7.4 m_kl_max=0.0164 mpc_ms=5.8/50 cand=0.000 w_ax@goal=+0.09 return=849.3 length=134 success_rate=0.89 collisions/ep=0.00 (n=19)
update=22 global_step=45056 SPS=102 m_ev=0.877 m_v_bias=-33.4 m_kl_max=0.0184 mpc_ms=5.8/33 cand=0.000 w_ax@goal=+0.04 return=987.9 length=103 success_rate=1.00 collisions/ep=0.00 (n=17)
update=23 global_step=47104 SPS=103 m_ev=0.887 m_v_bias=-16.5 m_kl_max=0.0181 mpc_ms=6.0/37 cand=0.000 w_ax@goal=-0.09 return=928.5 length=115 success_rate=0.95 collisions/ep=0.00 (n=20)
update=24 global_step=49152 SPS=105 m_ev=0.887 m_v_bias=2.9 m_kl_max=0.0174 mpc_ms=5.9/40 cand=0.000 w_ax@goal=+0.03 return=982.4 length=108 success_rate=1.00 collisions/ep=0.00 (n=17)
update=25 global_step=51200 SPS=106 m_ev=0.915 m_v_bias=-28.0 m_kl_max=0.0098 mpc_ms=5.6/42 cand=0.000 w_ax@goal=-0.07 return=989.4 length=103 success_rate=1.00 collisions/ep=0.00 (n=21)
Evaluation at update 25: return=1010.45, length=80.50, success_rate=1.00, collisions/ep=0.00
Solved-check at update 25: solved=True worst_gap=3.31 at p_x0=0.00 p_y0=-1.00 (consecutive=0)
update=26 global_step=53248 SPS=104 m_ev=0.895 m_v_bias=9.6 m_kl_max=0.0103 mpc_ms=5.4/38 cand=0.000 w_ax@goal=-0.01 return=993.0 length=96 success_rate=1.00 collisions/ep=0.00 (n=21)
update=27 global_step=55296 SPS=105 m_ev=0.919 m_v_bias=-10.9 m_kl_max=0.0101 mpc_ms=5.8/45 cand=0.000 w_ax@goal=-0.09 return=995.6 length=97 success_rate=1.00 collisions/ep=0.00 (n=21)
update=28 global_step=57344 SPS=106 m_ev=0.936 m_v_bias=-4.3 m_kl_max=0.0057 mpc_ms=5.6/40 cand=0.000 w_ax@goal=-0.03 return=999.7 length=90 success_rate=1.00 collisions/ep=0.00 (n=24)
update=29 global_step=59392 SPS=108 m_ev=0.920 m_v_bias=6.6 m_kl_max=0.0093 mpc_ms=5.8/42 cand=0.000 w_ax@goal=-0.01 return=996.9 length=93 success_rate=1.00 collisions/ep=0.00 (n=20)
update=30 global_step=61440 SPS=109 m_ev=0.961 m_v_bias=-9.7 m_kl_max=0.0160 mpc_ms=5.5/36 cand=0.000 w_ax@goal=+0.03 return=1002.6 length=89 success_rate=1.00 collisions/ep=0.00 (n=23)
Evaluation at update 30: return=1011.01, length=79.95, success_rate=1.00, collisions/ep=0.00
Solved-check at update 30: solved=True worst_gap=2.61 at p_x0=0.00 p_y0=-1.00 (consecutive=1)
Solved criterion held for 2 consecutive evals (tolerance=5.0) at global_step=61440.
update=31 global_step=63488 SPS=107 m_ev=0.928 m_v_bias=13.5 m_kl_max=0.0166 mpc_ms=5.7/37 cand=0.000 w_ax@goal=-0.10 return=1001.9 length=92 success_rate=1.00 collisions/ep=0.00 (n=24)
update=32 global_step=65536 SPS=108 m_ev=0.936 m_v_bias=0.5 m_kl_max=0.0184 mpc_ms=5.5/37 cand=0.000 w_ax@goal=-0.05 return=1000.3 length=94 success_rate=1.00 collisions/ep=0.00 (n=22)
update=33 global_step=67584 SPS=109 m_ev=0.963 m_v_bias=-3.3 m_kl_max=0.0230 mpc_ms=5.7/35 cand=0.000 w_ax@goal=+0.05 return=1003.0 length=89 success_rate=1.00 collisions/ep=0.00 (n=22)
update=34 global_step=69632 SPS=110 m_ev=0.980 m_v_bias=-14.3 m_kl_max=0.0123 mpc_ms=5.5/41 cand=0.000 w_ax@goal=+0.08 return=1006.7 length=85 success_rate=1.00 collisions/ep=0.00 (n=25)
update=35 global_step=71680 SPS=111 m_ev=0.976 m_v_bias=0.2 m_kl_max=0.0047 mpc_ms=5.5/35 cand=0.000 w_ax@goal=-0.06 return=1008.0 length=82 success_rate=1.00 collisions/ep=0.00 (n=25)
Evaluation at update 35: return=1012.00, length=78.95, success_rate=1.00, collisions/ep=0.00
Solved-check at update 35: solved=True worst_gap=1.40 at p_x0=0.00 p_y0=-1.00 (consecutive=2)
update=36 global_step=73728 SPS=109 m_ev=0.973 m_v_bias=8.7 m_kl_max=0.0109 mpc_ms=5.6/37 cand=0.000 w_ax@goal=-0.02 return=1003.5 length=89 success_rate=1.00 collisions/ep=0.00 (n=22)
update=37 global_step=75776 SPS=110 m_ev=0.976 m_v_bias=-3.4 m_kl_max=0.0066 mpc_ms=5.4/60 cand=0.000 w_ax@goal=-0.06 return=1006.3 length=85 success_rate=1.00 collisions/ep=0.00 (n=26)
update=38 global_step=77824 SPS=111 m_ev=0.980 m_v_bias=0.1 m_kl_max=0.0060 mpc_ms=5.5/34 cand=0.000 w_ax@goal=+0.01 return=1004.9 length=85 success_rate=1.00 collisions/ep=0.00 (n=22)
update=39 global_step=79872 SPS=112 m_ev=0.970 m_v_bias=-3.9 m_kl_max=0.0060 mpc_ms=5.4/31 cand=0.000 w_ax@goal=+0.05 return=1007.9 length=84 success_rate=1.00 collisions/ep=0.00 (n=26)
update=40 global_step=81920 SPS=113 m_ev=0.992 m_v_bias=-4.9 m_kl_max=0.0084 mpc_ms=5.5/37 cand=0.000 w_ax@goal=-0.01 return=1008.7 length=81 success_rate=1.00 collisions/ep=0.00 (n=25)
Evaluation at update 40: return=1012.24, length=78.75, success_rate=1.00, collisions/ep=0.00
Solved-check at update 40: solved=True worst_gap=1.09 at p_x0=0.00 p_y0=-1.00 (consecutive=3)
update=41 global_step=83968 SPS=111 m_ev=0.991 m_v_bias=-2.0 m_kl_max=0.0109 mpc_ms=5.4/34 cand=0.000 w_ax@goal=+0.05 return=1008.2 length=82 success_rate=1.00 collisions/ep=0.00 (n=26)
update=42 global_step=86016 SPS=112 m_ev=0.989 m_v_bias=1.2 m_kl_max=0.0061 mpc_ms=5.3/35 cand=0.000 w_ax@goal=+0.02 return=1009.5 length=84 success_rate=1.00 collisions/ep=0.00 (n=24)
update=43 global_step=88064 SPS=113 m_ev=0.989 m_v_bias=-2.3 m_kl_max=0.0080 mpc_ms=5.2/38 cand=0.000 w_ax@goal=+0.01 return=1010.1 length=82 success_rate=1.00 collisions/ep=0.00 (n=26)
update=44 global_step=90112 SPS=114 m_ev=0.980 m_v_bias=-0.0 m_kl_max=0.0068 mpc_ms=5.3/35 cand=0.000 w_ax@goal=+0.01 return=1009.4 length=82 success_rate=1.00 collisions/ep=0.00 (n=22)
update=45 global_step=92160 SPS=115 m_ev=0.989 m_v_bias=1.6 m_kl_max=0.0110 mpc_ms=5.3/31 cand=0.000 w_ax@goal=-0.04 return=1009.0 length=84 success_rate=1.00 collisions/ep=0.00 (n=25)
Evaluation at update 45: return=1012.56, length=78.45, success_rate=1.00, collisions/ep=0.00
Solved-check at update 45: solved=True worst_gap=0.87 at p_x0=0.00 p_y0=-1.00 (consecutive=4)
update=46 global_step=94208 SPS=113 m_ev=0.983 m_v_bias=-0.3 m_kl_max=0.0075 mpc_ms=5.2/27 cand=0.000 w_ax@goal=+0.00 return=1008.4 length=84 success_rate=1.00 collisions/ep=0.00 (n=26)
update=47 global_step=96256 SPS=114 m_ev=0.995 m_v_bias=-4.1 m_kl_max=0.0189 mpc_ms=5.1/24 cand=0.000 w_ax@goal=-0.04 return=1011.2 length=80 success_rate=1.00 collisions/ep=0.00 (n=26)
update=48 global_step=98304 SPS=115 m_ev=0.994 m_v_bias=0.2 m_kl_max=0.0138 mpc_ms=5.3/33 cand=0.000 w_ax@goal=+0.02 return=1011.5 length=82 success_rate=1.00 collisions/ep=0.00 (n=24)
update=49 global_step=100352 SPS=116 m_ev=0.995 m_v_bias=-1.4 m_kl_max=0.0037 mpc_ms=5.4/33 cand=0.000 w_ax@goal=+0.02 return=1009.7 length=81 success_rate=1.00 collisions/ep=0.00 (n=26)
update=50 global_step=102400 SPS=117 m_ev=0.997 m_v_bias=-0.9 m_kl_max=0.0129 mpc_ms=5.1/25 cand=0.000 w_ax@goal=-0.00 return=1011.1 length=80 success_rate=1.00 collisions/ep=0.00 (n=25)
Evaluation at update 50: return=1012.78, length=78.10, success_rate=1.00, collisions/ep=0.00
Solved-check at update 50: solved=True worst_gap=0.57 at p_x0=0.00 p_y0=-1.00 (consecutive=5)
update=51 global_step=104448 SPS=115 m_ev=0.994 m_v_bias=3.5 m_kl_max=0.0129 mpc_ms=5.1/30 cand=0.000 w_ax@goal=+0.01 return=1011.0 length=82 success_rate=1.00 collisions/ep=0.00 (n=25)
update=52 global_step=106496 SPS=116 m_ev=0.995 m_v_bias=0.0 m_kl_max=0.0136 mpc_ms=5.1/39 cand=0.000 w_ax@goal=+0.01 return=1011.1 length=80 success_rate=1.00 collisions/ep=0.00 (n=26)
update=53 global_step=108544 SPS=116 m_ev=0.986 m_v_bias=0.7 m_kl_max=0.0104 mpc_ms=5.8/41 cand=0.000 w_ax@goal=-0.00 return=1010.2 length=82 success_rate=1.00 collisions/ep=0.00 (n=26)
update=54 global_step=110592 SPS=117 m_ev=0.994 m_v_bias=-2.3 m_kl_max=0.0111 mpc_ms=5.3/34 cand=0.000 w_ax@goal=+0.00 return=1011.3 length=80 success_rate=1.00 collisions/ep=0.00 (n=25)
update=55 global_step=112640 SPS=118 m_ev=0.996 m_v_bias=-2.4 m_kl_max=0.0178 mpc_ms=5.1/34 cand=0.000 w_ax@goal=-0.01 return=1012.1 length=81 success_rate=1.00 collisions/ep=0.00 (n=24)
Evaluation at update 55: return=1012.89, length=77.95, success_rate=1.00, collisions/ep=0.00
Solved-check at update 55: solved=True worst_gap=0.42 at p_x0=0.00 p_y0=-1.00 (consecutive=6)
update=56 global_step=114688 SPS=116 m_ev=0.995 m_v_bias=0.8 m_kl_max=0.0072 mpc_ms=5.3/31 cand=0.000 w_ax@goal=-0.03 return=1011.1 length=81 success_rate=1.00 collisions/ep=0.00 (n=26)
update=57 global_step=116736 SPS=117 m_ev=0.998 m_v_bias=-1.1 m_kl_max=0.0098 mpc_ms=5.3/39 cand=0.000 w_ax@goal=+0.00 return=1011.9 length=78 success_rate=1.00 collisions/ep=0.00 (n=26)
update=58 global_step=118784 SPS=118 m_ev=0.996 m_v_bias=0.8 m_kl_max=0.0210 mpc_ms=5.1/33 cand=0.000 w_ax@goal=+0.03 return=1011.7 length=82 success_rate=1.00 collisions/ep=0.00 (n=25)
update=59 global_step=120832 SPS=118 m_ev=0.996 m_v_bias=2.4 m_kl_max=0.0125 mpc_ms=5.3/26 cand=0.000 w_ax@goal=+0.01 return=1011.2 length=79 success_rate=1.00 collisions/ep=0.00 (n=26)
update=60 global_step=122880 SPS=119 m_ev=0.992 m_v_bias=0.6 m_kl_max=0.0104 mpc_ms=5.1/37 cand=0.000 w_ax@goal=-0.00 return=1010.5 length=81 success_rate=1.00 collisions/ep=0.00 (n=26)
Evaluation at update 60: return=1013.03, length=77.95, success_rate=1.00, collisions/ep=0.00
Solved-check at update 60: solved=True worst_gap=0.26 at p_x0=0.00 p_y0=-1.00 (consecutive=7)
update=61 global_step=124928 SPS=118 m_ev=0.990 m_v_bias=-3.1 m_kl_max=0.0206 mpc_ms=5.4/45 cand=0.000 w_ax@goal=+0.01 return=1011.5 length=80 success_rate=1.00 collisions/ep=0.00 (n=25)
update=62 global_step=126976 SPS=118 m_ev=0.988 m_v_bias=-0.4 m_kl_max=0.0453 mpc_ms=5.1/26 cand=0.000 w_ax@goal=+0.03 return=1011.8 length=81 success_rate=1.00 collisions/ep=0.00 (n=26)
update=63 global_step=129024 SPS=119 m_ev=0.997 m_v_bias=-0.7 m_kl_max=0.0183 mpc_ms=5.3/27 cand=0.000 w_ax@goal=-0.04 return=1012.2 length=80 success_rate=1.00 collisions/ep=0.00 (n=26)
update=64 global_step=131072 SPS=119 m_ev=0.999 m_v_bias=-0.3 m_kl_max=0.0113 mpc_ms=5.2/39 cand=0.000 w_ax@goal=+0.04 return=1012.3 length=79 success_rate=1.00 collisions/ep=0.00 (n=26)
update=65 global_step=133120 SPS=120 m_ev=0.998 m_v_bias=0.8 m_kl_max=0.0160 mpc_ms=5.3/25 cand=0.000 w_ax@goal=-0.03 return=1012.8 length=81 success_rate=1.00 collisions/ep=0.00 (n=24)
Evaluation at update 65: return=1013.10, length=77.90, success_rate=1.00, collisions/ep=0.00
Solved-check at update 65: solved=True worst_gap=0.18 at p_x0=0.00 p_y0=-1.00 (consecutive=8)
update=66 global_step=135168 SPS=119 m_ev=0.999 m_v_bias=-0.4 m_kl_max=0.0108 mpc_ms=5.3/30 cand=0.000 w_ax@goal=+0.01 return=1012.2 length=79 success_rate=1.00 collisions/ep=0.00 (n=26)
update=67 global_step=137216 SPS=119 m_ev=0.999 m_v_bias=-0.7 m_kl_max=0.0102 mpc_ms=5.1/34 cand=0.000 w_ax@goal=-0.00 return=1012.3 length=79 success_rate=1.00 collisions/ep=0.00 (n=26)
update=68 global_step=139264 SPS=120 m_ev=0.980 m_v_bias=7.5 m_kl_max=0.0095 mpc_ms=5.5/34 cand=0.000 w_ax@goal=-0.01 return=1010.0 length=82 success_rate=1.00 collisions/ep=0.00 (n=25)
update=69 global_step=141312 SPS=120 m_ev=0.989 m_v_bias=-1.4 m_kl_max=0.0079 mpc_ms=5.3/36 cand=0.000 w_ax@goal=-0.01 return=1011.2 length=81 success_rate=1.00 collisions/ep=0.00 (n=26)
update=70 global_step=143360 SPS=121 m_ev=0.998 m_v_bias=-2.6 m_kl_max=0.0229 mpc_ms=5.1/23 cand=0.000 w_ax@goal=+0.01 return=1012.5 length=80 success_rate=1.00 collisions/ep=0.00 (n=25)
Evaluation at update 70: return=1013.13, length=77.85, success_rate=1.00, collisions/ep=0.00
Solved-check at update 70: solved=True worst_gap=0.12 at p_x0=0.00 p_y0=-1.00 (consecutive=9)
update=71 global_step=145408 SPS=120 m_ev=0.999 m_v_bias=-0.9 m_kl_max=0.0177 mpc_ms=5.1/24 cand=0.000 w_ax@goal=+0.01 return=1012.5 length=79 success_rate=1.00 collisions/ep=0.00 (n=27)
update=72 global_step=147456 SPS=120 m_ev=0.998 m_v_bias=1.6 m_kl_max=0.0116 mpc_ms=5.0/34 cand=0.000 w_ax@goal=-0.00 return=1012.5 length=78 success_rate=1.00 collisions/ep=0.00 (n=24)
update=73 global_step=149504 SPS=121 m_ev=0.998 m_v_bias=1.4 m_kl_max=0.0015 mpc_ms=5.2/28 cand=0.000 w_ax@goal=+0.02 return=1012.4 length=80 success_rate=1.00 collisions/ep=0.00 (n=26)
update=74 global_step=151552 SPS=121 m_ev=0.999 m_v_bias=-2.1 m_kl_max=0.0162 mpc_ms=5.3/38 cand=0.000 w_ax@goal=-0.00 return=1012.7 length=79 success_rate=1.00 collisions/ep=0.00 (n=27)
update=75 global_step=153600 SPS=122 m_ev=0.983 m_v_bias=6.1 m_kl_max=0.0159 mpc_ms=5.2/28 cand=0.000 w_ax@goal=-0.01 return=1010.7 length=81 success_rate=1.00 collisions/ep=0.00 (n=26)
Evaluation at update 75: return=1013.17, length=77.85, success_rate=1.00, collisions/ep=0.00
Solved-check at update 75: solved=True worst_gap=0.07 at p_x0=0.00 p_y0=-1.00 (consecutive=10)
update=76 global_step=155648 SPS=120 m_ev=0.990 m_v_bias=-1.8 m_kl_max=0.0136 mpc_ms=5.2/33 cand=0.000 w_ax@goal=+0.00 return=1011.5 length=81 success_rate=1.00 collisions/ep=0.00 (n=25)
update=77 global_step=157696 SPS=121 m_ev=0.996 m_v_bias=-0.2 m_kl_max=0.0046 mpc_ms=5.2/27 cand=0.000 w_ax@goal=-0.00 return=1012.1 length=79 success_rate=1.00 collisions/ep=0.00 (n=24)
update=78 global_step=159744 SPS=121 m_ev=0.997 m_v_bias=-1.3 m_kl_max=0.0119 mpc_ms=5.1/30 cand=0.000 w_ax@goal=-0.01 return=1012.5 length=79 success_rate=1.00 collisions/ep=0.00 (n=26)
update=79 global_step=161792 SPS=122 m_ev=0.997 m_v_bias=0.5 m_kl_max=0.0122 mpc_ms=5.5/33 cand=0.000 w_ax@goal=+0.01 return=1012.1 length=79 success_rate=1.00 collisions/ep=0.00 (n=28)
update=80 global_step=163840 SPS=122 m_ev=0.998 m_v_bias=-2.1 m_kl_max=0.0200 mpc_ms=5.3/30 cand=0.000 w_ax@goal=+0.02 return=1013.0 length=79 success_rate=1.00 collisions/ep=0.00 (n=26)
Evaluation at update 80: return=1013.19, length=77.85, success_rate=1.00, collisions/ep=0.00
Solved-check at update 80: solved=True worst_gap=0.04 at p_x0=0.00 p_y0=-1.00 (consecutive=11)
update=81 global_step=165888 SPS=121 m_ev=0.998 m_v_bias=1.1 m_kl_max=0.0180 mpc_ms=5.4/29 cand=0.000 w_ax@goal=-0.02 return=1012.1 length=79 success_rate=1.00 collisions/ep=0.00 (n=25)
update=82 global_step=167936 SPS=122 m_ev=0.999 m_v_bias=-0.3 m_kl_max=0.0060 mpc_ms=5.4/24 cand=0.000 w_ax@goal=-0.02 return=1012.4 length=78 success_rate=1.00 collisions/ep=0.00 (n=25)
update=83 global_step=169984 SPS=122 m_ev=0.992 m_v_bias=2.0 m_kl_max=0.0145 mpc_ms=5.0/26 cand=0.000 w_ax@goal=-0.00 return=1012.4 length=79 success_rate=1.00 collisions/ep=0.00 (n=27)
update=84 global_step=172032 SPS=123 m_ev=0.998 m_v_bias=-3.1 m_kl_max=0.0099 mpc_ms=5.1/33 cand=0.000 w_ax@goal=-0.05 return=1011.6 length=78 success_rate=1.00 collisions/ep=0.00 (n=25)
update=85 global_step=174080 SPS=123 m_ev=0.997 m_v_bias=-0.1 m_kl_max=0.0185 mpc_ms=5.3/28 cand=0.000 w_ax@goal=-0.02 return=1012.4 length=80 success_rate=1.00 collisions/ep=0.00 (n=26)
Evaluation at update 85: return=1013.20, length=77.80, success_rate=1.00, collisions/ep=0.00
Solved-check at update 85: solved=True worst_gap=0.02 at p_x0=0.00 p_y0=-1.00 (consecutive=12)
update=86 global_step=176128 SPS=122 m_ev=0.996 m_v_bias=0.2 m_kl_max=0.0110 mpc_ms=5.2/25 cand=0.000 w_ax@goal=+0.01 return=1012.1 length=78 success_rate=1.00 collisions/ep=0.00 (n=27)
update=87 global_step=178176 SPS=122 m_ev=0.992 m_v_bias=0.6 m_kl_max=0.0226 mpc_ms=5.3/37 cand=0.000 w_ax@goal=+0.01 return=1011.7 length=80 success_rate=1.00 collisions/ep=0.00 (n=25)
update=88 global_step=180224 SPS=123 m_ev=0.997 m_v_bias=-0.3 m_kl_max=0.0063 mpc_ms=5.3/30 cand=0.000 w_ax@goal=-0.02 return=1012.6 length=78 success_rate=1.00 collisions/ep=0.00 (n=26)
update=89 global_step=182272 SPS=123 m_ev=0.999 m_v_bias=0.4 m_kl_max=0.0233 mpc_ms=5.3/27 cand=0.000 w_ax@goal=+0.02 return=1012.3 length=78 success_rate=1.00 collisions/ep=0.00 (n=27)
update=90 global_step=184320 SPS=124 m_ev=0.999 m_v_bias=0.1 m_kl_max=0.0198 mpc_ms=5.0/34 cand=0.000 w_ax@goal=+0.01 return=1013.2 length=79 success_rate=1.00 collisions/ep=0.00 (n=26)
Evaluation at update 90: return=1013.22, length=77.80, success_rate=1.00, collisions/ep=0.00
Solved-check at update 90: solved=True worst_gap=0.00 at p_x0=0.00 p_y0=-1.00 (consecutive=13)
update=91 global_step=186368 SPS=122 m_ev=0.999 m_v_bias=-0.5 m_kl_max=0.0217 mpc_ms=5.3/31 cand=0.000 w_ax@goal=-0.00 return=1013.2 length=81 success_rate=1.00 collisions/ep=0.00 (n=25)
update=92 global_step=188416 SPS=123 m_ev=0.999 m_v_bias=-0.1 m_kl_max=0.0116 mpc_ms=5.4/32 cand=0.000 w_ax@goal=+0.00 return=1012.9 length=79 success_rate=1.00 collisions/ep=0.00 (n=27)
update=93 global_step=190464 SPS=123 m_ev=0.999 m_v_bias=-0.1 m_kl_max=0.0343 mpc_ms=5.2/28 cand=0.000 w_ax@goal=-0.01 return=1012.6 length=78 success_rate=1.00 collisions/ep=0.00 (n=25)
update=94 global_step=192512 SPS=124 m_ev=0.999 m_v_bias=0.1 m_kl_max=0.0082 mpc_ms=5.1/21 cand=0.000 w_ax@goal=+0.01 return=1012.8 length=78 success_rate=1.00 collisions/ep=0.00 (n=26)
update=95 global_step=194560 SPS=124 m_ev=0.997 m_v_bias=0.8 m_kl_max=0.0179 mpc_ms=5.2/24 cand=0.000 w_ax@goal=-0.00 return=1012.7 length=79 success_rate=1.00 collisions/ep=0.00 (n=26)
Evaluation at update 95: return=1013.22, length=77.65, success_rate=1.00, collisions/ep=0.00
Solved-check at update 95: solved=True worst_gap=-0.03 at p_x0=0.00 p_y0=-1.00 (consecutive=14)
update=96 global_step=196608 SPS=123 m_ev=0.997 m_v_bias=-0.6 m_kl_max=0.0157 mpc_ms=5.3/29 cand=0.000 w_ax@goal=-0.02 return=1012.5 length=77 success_rate=1.00 collisions/ep=0.00 (n=27)
update=97 global_step=198656 SPS=123 m_ev=1.000 m_v_bias=-1.3 m_kl_max=0.0036 mpc_ms=5.3/24 cand=0.000 w_ax@goal=-0.00 return=1013.0 length=78 success_rate=1.00 collisions/ep=0.00 (n=26)
update=98 global_step=200704 SPS=124 m_ev=0.999 m_v_bias=0.5 m_kl_max=0.0129 mpc_ms=5.2/30 cand=0.000 w_ax@goal=-0.00 return=1012.9 length=78 success_rate=1.00 collisions/ep=0.00 (n=26)
update=99 global_step=202752 SPS=124 m_ev=0.999 m_v_bias=-0.1 m_kl_max=0.0222 mpc_ms=5.2/43 cand=0.000 w_ax@goal=-0.04 return=1013.1 length=79 success_rate=1.00 collisions/ep=0.00 (n=26)
update=100 global_step=204800 SPS=124 m_ev=0.996 m_v_bias=0.5 m_kl_max=0.0221 mpc_ms=5.1/32 cand=0.000 w_ax@goal=-0.00 return=1012.4 length=79 success_rate=1.00 collisions/ep=0.00 (n=25)
Evaluation at update 100: return=1013.24, length=77.65, success_rate=1.00, collisions/ep=0.00
Solved-check at update 100: solved=True worst_gap=-0.05 at p_x0=0.00 p_y0=-1.00 (consecutive=15)
Saved checkpoints to C:\Users\loren\Desktop\MASTER THESIS\5_CODE\scenarios\slalom\studies\ppo_mpc\runs\ppo_mpc_slalom_10_1790633440
