Using device: cpu
Solved-check: precomputed optimal returns for 25 fixed initial conditions (mean=1013.0, min=1011.0, max=1015.0); solved-tolerance=5.0
Goal box: +-1.800 m (1.5x segment-reachable; segment-reachable displacement = 1.200 m)
tube MPC: W half-widths [0. 0. 0. 0.], RPI s=0 alpha=0; Z half-widths (p_x, p_y, v_x, v_y) = [0. 0. 0. 0.]
  X0 (-) Z: p_x [-1.000, 11.000], p_y [-1.999, 1.999], |v| <= 1.200; V = U (-) KZ: |u| <= 2.500; K = [-7.613 -4.585] per axis
  4 obstacles, 132 binaries before fixing, max big-M 9.00; horizon N=10, stopping time 5 steps
num_envs=8 num_steps_per_env=256 batch_size=2048 num_updates=100 timesteps=204800
update=1 global_step=2048 SPS=190 m_ev=-0.001 m_v_bias=41.7 m_kl_max=0.0041 mpc_ms=5.0/12 cand=0.000 return=-195.5 length=200 success_rate=0.00 collisions/ep=0.00 (n=8)
update=2 global_step=4096 SPS=193 m_ev=-0.676 m_v_bias=23.8 m_kl_max=0.0170 mpc_ms=4.8/33 cand=0.000 return=-195.9 length=200 success_rate=0.00 collisions/ep=0.00 (n=8)
update=3 global_step=6144 SPS=192 m_ev=-0.449 m_v_bias=10.7 m_kl_max=0.0238 mpc_ms=5.0/25 cand=0.000 return=-181.6 length=200 success_rate=0.00 collisions/ep=0.00 (n=8)
update=4 global_step=8192 SPS=191 m_ev=-0.159 m_v_bias=5.5 m_kl_max=0.0522 mpc_ms=5.1/38 cand=0.000 return=-175.0 length=200 success_rate=0.00 collisions/ep=0.00 (n=16)
update=5 global_step=10240 SPS=187 m_ev=0.144 m_v_bias=1.4 m_kl_max=0.0423 mpc_ms=5.5/32 cand=0.000 return=-157.8 length=200 success_rate=0.00 collisions/ep=0.00 (n=8)
Evaluation at update 5: return=-145.78, length=200.00, success_rate=0.00, collisions/ep=0.00
Solved-check at update 5: solved=False worst_gap=1191.02 at p_x0=2.00 p_y0=-1.00 (consecutive=0)
update=6 global_step=12288 SPS=92 m_ev=-0.048 m_v_bias=-56.4 m_kl_max=0.0157 mpc_ms=5.5/41 cand=0.000 w_ax@goal=+0.08 return=112.8 length=192 success_rate=0.25 collisions/ep=0.00 (n=8)
update=7 global_step=14336 SPS=99 m_ev=-2.772 m_v_bias=10.4 m_kl_max=0.0140 mpc_ms=5.4/33 cand=0.000 return=-148.5 length=200 success_rate=0.00 collisions/ep=0.00 (n=10)
update=8 global_step=16384 SPS=105 m_ev=-0.508 m_v_bias=6.5 m_kl_max=0.0269 mpc_ms=5.4/50 cand=0.000 return=-148.8 length=200 success_rate=0.00 collisions/ep=0.00 (n=14)
update=9 global_step=18432 SPS=110 m_ev=0.110 m_v_bias=3.7 m_kl_max=0.0140 mpc_ms=5.4/37 cand=0.000 return=-140.7 length=200 success_rate=0.00 collisions/ep=0.00 (n=8)
update=10 global_step=20480 SPS=113 m_ev=-0.012 m_v_bias=-7.4 m_kl_max=0.0079 mpc_ms=5.8/39 cand=0.000 w_ax@goal=+0.31 return=-31.5 length=193 success_rate=0.10 collisions/ep=0.00 (n=10)
Evaluation at update 10: return=-141.58, length=200.00, success_rate=0.00, collisions/ep=0.00
Solved-check at update 10: solved=False worst_gap=1161.02 at p_x0=2.00 p_y0=-1.00 (consecutive=0)
update=11 global_step=22528 SPS=94 m_ev=0.040 m_v_bias=-65.3 m_kl_max=0.0195 mpc_ms=5.7/44 cand=0.000 w_ax@goal=-0.25 return=10.1 length=193 success_rate=0.14 collisions/ep=0.00 (n=14)
update=12 global_step=24576 SPS=98 m_ev=0.237 m_v_bias=-119.0 m_kl_max=0.0231 mpc_ms=5.4/40 cand=0.000 w_ax@goal=-0.11 return=450.7 length=184 success_rate=0.56 collisions/ep=0.00 (n=9)
update=13 global_step=26624 SPS=101 m_ev=0.387 m_v_bias=-120.6 m_kl_max=0.0410 mpc_ms=5.7/36 cand=0.000 w_ax@goal=-0.34 return=486.6 length=167 success_rate=0.57 collisions/ep=0.00 (n=14)
update=14 global_step=28672 SPS=104 m_ev=0.411 m_v_bias=34.0 m_kl_max=0.0178 mpc_ms=5.4/44 cand=0.000 w_ax@goal=-0.24 return=290.8 length=181 success_rate=0.40 collisions/ep=0.00 (n=10)
update=15 global_step=30720 SPS=107 m_ev=0.467 m_v_bias=24.0 m_kl_max=0.0114 mpc_ms=5.4/32 cand=0.000 w_ax@goal=-0.10 return=69.7 length=190 success_rate=0.20 collisions/ep=0.00 (n=10)
Evaluation at update 15: return=236.36, length=163.55, success_rate=0.35, collisions/ep=0.00
Solved-check at update 15: solved=False worst_gap=1191.02 at p_x0=2.00 p_y0=-1.00 (consecutive=0)
update=16 global_step=32768 SPS=96 m_ev=0.525 m_v_bias=-38.3 m_kl_max=0.0110 mpc_ms=5.2/41 cand=0.000 w_ax@goal=-0.22 return=480.5 length=178 success_rate=0.58 collisions/ep=0.00 (n=12)
update=17 global_step=34816 SPS=98 m_ev=0.512 m_v_bias=-12.0 m_kl_max=0.0147 mpc_ms=5.4/36 cand=0.000 w_ax@goal=-0.37 return=222.8 length=174 success_rate=0.33 collisions/ep=0.00 (n=12)
update=18 global_step=36864 SPS=101 m_ev=0.660 m_v_bias=-35.5 m_kl_max=0.0147 mpc_ms=5.2/31 cand=0.000 w_ax@goal=-0.07 return=612.6 length=155 success_rate=0.69 collisions/ep=0.00 (n=13)
update=19 global_step=38912 SPS=103 m_ev=0.734 m_v_bias=-25.0 m_kl_max=0.0219 mpc_ms=5.4/36 cand=0.000 w_ax@goal=-0.21 return=532.6 length=154 success_rate=0.62 collisions/ep=0.00 (n=13)
update=20 global_step=40960 SPS=105 m_ev=0.774 m_v_bias=-43.8 m_kl_max=0.0092 mpc_ms=5.8/40 cand=0.000 w_ax@goal=-0.31 return=280.3 length=173 success_rate=0.38 collisions/ep=0.00 (n=13)
Evaluation at update 20: return=975.87, length=114.10, success_rate=1.00, collisions/ep=0.00
Solved-check at update 20: solved=False worst_gap=1133.29 at p_x0=2.00 p_y0=-1.00 (consecutive=0)
update=21 global_step=43008 SPS=94 m_ev=0.821 m_v_bias=-21.7 m_kl_max=0.0133 mpc_ms=5.7/35 cand=0.000 w_ax@goal=+0.06 return=811.3 length=139 success_rate=0.87 collisions/ep=0.00 (n=15)
update=22 global_step=45056 SPS=96 m_ev=0.827 m_v_bias=-29.5 m_kl_max=0.0133 mpc_ms=5.5/48 cand=0.000 w_ax@goal=+0.01 return=899.2 length=130 success_rate=0.94 collisions/ep=0.00 (n=16)
update=23 global_step=47104 SPS=97 m_ev=0.853 m_v_bias=-19.3 m_kl_max=0.0141 mpc_ms=5.9/41 cand=0.000 w_ax@goal=+0.10 return=977.7 length=114 success_rate=1.00 collisions/ep=0.00 (n=17)
update=24 global_step=49152 SPS=99 m_ev=0.835 m_v_bias=-15.0 m_kl_max=0.0216 mpc_ms=5.7/39 cand=0.000 w_ax@goal=-0.07 return=968.5 length=123 success_rate=1.00 collisions/ep=0.00 (n=18)
update=25 global_step=51200 SPS=101 m_ev=0.882 m_v_bias=-32.0 m_kl_max=0.0179 mpc_ms=5.4/32 cand=0.000 w_ax@goal=+0.09 return=990.0 length=102 success_rate=1.00 collisions/ep=0.00 (n=21)
Evaluation at update 25: return=1009.35, length=80.70, success_rate=1.00, collisions/ep=0.00
Solved-check at update 25: solved=True worst_gap=4.80 at p_x0=0.00 p_y0=-1.00 (consecutive=0)
update=26 global_step=53248 SPS=99 m_ev=0.911 m_v_bias=3.8 m_kl_max=0.0151 mpc_ms=5.5/36 cand=0.000 w_ax@goal=-0.01 return=992.7 length=101 success_rate=1.00 collisions/ep=0.00 (n=20)
update=27 global_step=55296 SPS=100 m_ev=0.950 m_v_bias=-19.1 m_kl_max=0.0064 mpc_ms=5.9/41 cand=0.000 w_ax@goal=+0.03 return=997.4 length=96 success_rate=1.00 collisions/ep=0.00 (n=22)
update=28 global_step=57344 SPS=101 m_ev=0.931 m_v_bias=1.8 m_kl_max=0.0129 mpc_ms=5.9/36 cand=0.000 w_ax@goal=-0.06 return=998.6 length=94 success_rate=1.00 collisions/ep=0.00 (n=22)
update=29 global_step=59392 SPS=103 m_ev=0.952 m_v_bias=-7.0 m_kl_max=0.0074 mpc_ms=5.6/38 cand=0.000 w_ax@goal=+0.04 return=1000.8 length=91 success_rate=1.00 collisions/ep=0.00 (n=23)
update=30 global_step=61440 SPS=104 m_ev=0.962 m_v_bias=-13.2 m_kl_max=0.0149 mpc_ms=5.4/32 cand=0.000 w_ax@goal=+0.04 return=1003.7 length=85 success_rate=1.00 collisions/ep=0.00 (n=23)
Evaluation at update 30: return=1010.90, length=79.15, success_rate=1.00, collisions/ep=0.00
Solved-check at update 30: solved=True worst_gap=2.59 at p_x0=0.00 p_y0=-1.00 (consecutive=1)
Solved criterion held for 2 consecutive evals (tolerance=5.0) at global_step=61440.
update=31 global_step=63488 SPS=102 m_ev=0.954 m_v_bias=8.4 m_kl_max=0.0076 mpc_ms=5.7/34 cand=0.000 w_ax@goal=+0.04 return=999.9 length=92 success_rate=1.00 collisions/ep=0.00 (n=22)
update=32 global_step=65536 SPS=103 m_ev=0.963 m_v_bias=1.8 m_kl_max=0.0110 mpc_ms=5.8/41 cand=0.000 w_ax@goal=-0.06 return=1002.8 length=87 success_rate=1.00 collisions/ep=0.00 (n=24)
update=33 global_step=67584 SPS=105 m_ev=0.961 m_v_bias=-1.7 m_kl_max=0.0300 mpc_ms=5.2/32 cand=0.000 w_ax@goal=+0.03 return=1004.8 length=86 success_rate=1.00 collisions/ep=0.00 (n=23)
update=34 global_step=69632 SPS=106 m_ev=0.969 m_v_bias=0.1 m_kl_max=0.0151 mpc_ms=5.8/38 cand=0.000 w_ax@goal=+0.05 return=1005.5 length=87 success_rate=1.00 collisions/ep=0.00 (n=25)
update=35 global_step=71680 SPS=107 m_ev=0.983 m_v_bias=-9.4 m_kl_max=0.0102 mpc_ms=5.4/35 cand=0.000 w_ax@goal=-0.02 return=1007.5 length=84 success_rate=1.00 collisions/ep=0.00 (n=24)
Evaluation at update 35: return=1011.86, length=78.15, success_rate=1.00, collisions/ep=0.00
Solved-check at update 35: solved=True worst_gap=1.43 at p_x0=0.00 p_y0=-1.00 (consecutive=2)
update=36 global_step=73728 SPS=105 m_ev=0.956 m_v_bias=4.2 m_kl_max=0.0089 mpc_ms=5.5/33 cand=0.000 w_ax@goal=+0.02 return=1008.7 length=84 success_rate=1.00 collisions/ep=0.00 (n=23)
update=37 global_step=75776 SPS=106 m_ev=0.979 m_v_bias=-1.1 m_kl_max=0.0049 mpc_ms=5.4/40 cand=0.000 w_ax@goal=+0.05 return=1004.7 length=87 success_rate=1.00 collisions/ep=0.00 (n=24)
update=38 global_step=77824 SPS=107 m_ev=0.984 m_v_bias=0.6 m_kl_max=0.0077 mpc_ms=5.4/32 cand=0.000 w_ax@goal=-0.03 return=1009.1 length=82 success_rate=1.00 collisions/ep=0.00 (n=25)
update=39 global_step=79872 SPS=108 m_ev=0.986 m_v_bias=-0.7 m_kl_max=0.0135 mpc_ms=5.2/28 cand=0.000 w_ax@goal=-0.01 return=1008.3 length=83 success_rate=1.00 collisions/ep=0.00 (n=27)
update=40 global_step=81920 SPS=109 m_ev=0.973 m_v_bias=3.2 m_kl_max=0.0109 mpc_ms=5.3/32 cand=0.000 w_ax@goal=-0.06 return=1008.0 length=83 success_rate=1.00 collisions/ep=0.00 (n=25)
Evaluation at update 40: return=1012.17, length=77.85, success_rate=1.00, collisions/ep=0.00
Solved-check at update 40: solved=True worst_gap=1.01 at p_x0=0.00 p_y0=-1.00 (consecutive=3)
update=41 global_step=83968 SPS=108 m_ev=0.966 m_v_bias=7.5 m_kl_max=0.0230 mpc_ms=5.4/32 cand=0.000 w_ax@goal=+0.01 return=1004.9 length=87 success_rate=1.00 collisions/ep=0.00 (n=23)
update=42 global_step=86016 SPS=109 m_ev=0.983 m_v_bias=-9.0 m_kl_max=0.0232 mpc_ms=5.4/32 cand=0.000 w_ax@goal=-0.05 return=1007.6 length=82 success_rate=1.00 collisions/ep=0.00 (n=25)
update=43 global_step=88064 SPS=110 m_ev=0.992 m_v_bias=-4.7 m_kl_max=0.0146 mpc_ms=5.1/31 cand=0.000 w_ax@goal=-0.00 return=1009.9 length=81 success_rate=1.00 collisions/ep=0.00 (n=25)
update=44 global_step=90112 SPS=111 m_ev=0.975 m_v_bias=4.0 m_kl_max=0.0073 mpc_ms=5.3/45 cand=0.000 w_ax@goal=-0.02 return=1008.4 length=82 success_rate=1.00 collisions/ep=0.00 (n=26)
update=45 global_step=92160 SPS=112 m_ev=0.978 m_v_bias=-0.5 m_kl_max=0.0234 mpc_ms=5.4/31 cand=0.000 w_ax@goal=-0.00 return=1010.1 length=82 success_rate=1.00 collisions/ep=0.00 (n=23)
Evaluation at update 45: return=1012.37, length=77.65, success_rate=1.00, collisions/ep=0.00
Solved-check at update 45: solved=True worst_gap=0.94 at p_x0=0.00 p_y0=-1.00 (consecutive=4)
update=46 global_step=94208 SPS=110 m_ev=0.993 m_v_bias=-4.4 m_kl_max=0.0082 mpc_ms=5.2/34 cand=0.000 w_ax@goal=+0.00 return=1010.5 length=82 success_rate=1.00 collisions/ep=0.00 (n=26)
update=47 global_step=96256 SPS=111 m_ev=0.985 m_v_bias=0.1 m_kl_max=0.0087 mpc_ms=5.2/36 cand=0.000 w_ax@goal=-0.03 return=1009.3 length=82 success_rate=1.00 collisions/ep=0.00 (n=24)
update=48 global_step=98304 SPS=112 m_ev=0.996 m_v_bias=-0.4 m_kl_max=0.0229 mpc_ms=5.0/32 cand=0.000 w_ax@goal=+0.04 return=1010.7 length=82 success_rate=1.00 collisions/ep=0.00 (n=25)
update=49 global_step=100352 SPS=113 m_ev=0.995 m_v_bias=0.2 m_kl_max=0.0034 mpc_ms=5.1/30 cand=0.000 w_ax@goal=+0.01 return=1010.5 length=81 success_rate=1.00 collisions/ep=0.00 (n=25)
update=50 global_step=102400 SPS=114 m_ev=0.996 m_v_bias=-3.1 m_kl_max=0.0170 mpc_ms=5.1/30 cand=0.000 w_ax@goal=+0.01 return=1011.7 length=82 success_rate=1.00 collisions/ep=0.00 (n=25)
Evaluation at update 50: return=1012.59, length=77.50, success_rate=1.00, collisions/ep=0.00
Solved-check at update 50: solved=True worst_gap=0.67 at p_x0=0.00 p_y0=-1.00 (consecutive=5)
update=51 global_step=104448 SPS=112 m_ev=0.995 m_v_bias=-0.8 m_kl_max=0.0049 mpc_ms=5.5/32 cand=0.000 w_ax@goal=-0.02 return=1010.8 length=80 success_rate=1.00 collisions/ep=0.00 (n=25)
update=52 global_step=106496 SPS=113 m_ev=0.996 m_v_bias=0.0 m_kl_max=0.0158 mpc_ms=5.2/21 cand=0.000 w_ax@goal=+0.01 return=1011.6 length=80 success_rate=1.00 collisions/ep=0.00 (n=27)
update=53 global_step=108544 SPS=113 m_ev=0.996 m_v_bias=-1.2 m_kl_max=0.0244 mpc_ms=5.4/45 cand=0.000 w_ax@goal=+0.02 return=1011.3 length=81 success_rate=1.00 collisions/ep=0.00 (n=25)
update=54 global_step=110592 SPS=114 m_ev=0.988 m_v_bias=1.7 m_kl_max=0.0074 mpc_ms=5.3/33 cand=0.000 w_ax@goal=+0.01 return=1010.1 length=81 success_rate=1.00 collisions/ep=0.00 (n=24)
update=55 global_step=112640 SPS=115 m_ev=0.998 m_v_bias=-2.3 m_kl_max=0.0124 mpc_ms=5.2/27 cand=0.000 w_ax@goal=+0.02 return=1012.0 length=79 success_rate=1.00 collisions/ep=0.00 (n=27)
Evaluation at update 55: return=1012.71, length=77.20, success_rate=1.00, collisions/ep=0.00
Solved-check at update 55: solved=True worst_gap=0.46 at p_x0=0.00 p_y0=-1.00 (consecutive=6)
update=56 global_step=114688 SPS=113 m_ev=0.997 m_v_bias=1.5 m_kl_max=0.0168 mpc_ms=5.3/29 cand=0.000 w_ax@goal=+0.04 return=1011.5 length=80 success_rate=1.00 collisions/ep=0.00 (n=25)
update=57 global_step=116736 SPS=114 m_ev=0.998 m_v_bias=0.4 m_kl_max=0.0139 mpc_ms=5.2/40 cand=0.000 w_ax@goal=+0.04 return=1011.4 length=78 success_rate=1.00 collisions/ep=0.00 (n=27)
update=58 global_step=118784 SPS=115 m_ev=0.996 m_v_bias=-0.1 m_kl_max=0.0079 mpc_ms=5.4/39 cand=0.000 w_ax@goal=-0.02 return=1012.0 length=81 success_rate=1.00 collisions/ep=0.00 (n=25)
update=59 global_step=120832 SPS=116 m_ev=0.983 m_v_bias=5.3 m_kl_max=0.0109 mpc_ms=5.3/36 cand=0.000 w_ax@goal=+0.01 return=1010.3 length=82 success_rate=1.00 collisions/ep=0.00 (n=26)
update=60 global_step=122880 SPS=116 m_ev=0.970 m_v_bias=2.7 m_kl_max=0.0084 mpc_ms=5.4/33 cand=0.000 w_ax@goal=+0.02 return=1009.8 length=80 success_rate=1.00 collisions/ep=0.00 (n=23)
Evaluation at update 60: return=1012.84, length=77.10, success_rate=1.00, collisions/ep=0.00
Solved-check at update 60: solved=True worst_gap=0.29 at p_x0=0.00 p_y0=-1.00 (consecutive=7)
update=61 global_step=124928 SPS=115 m_ev=0.996 m_v_bias=-5.6 m_kl_max=0.0131 mpc_ms=5.1/39 cand=0.000 w_ax@goal=+0.01 return=1011.5 length=81 success_rate=1.00 collisions/ep=0.00 (n=26)
update=62 global_step=126976 SPS=115 m_ev=0.997 m_v_bias=-1.5 m_kl_max=0.0121 mpc_ms=5.5/34 cand=0.000 w_ax@goal=-0.01 return=1011.4 length=78 success_rate=1.00 collisions/ep=0.00 (n=29)
update=63 global_step=129024 SPS=116 m_ev=0.980 m_v_bias=9.5 m_kl_max=0.0144 mpc_ms=5.3/43 cand=0.000 w_ax@goal=-0.03 return=1009.4 length=84 success_rate=1.00 collisions/ep=0.00 (n=24)
update=64 global_step=131072 SPS=117 m_ev=0.996 m_v_bias=-8.9 m_kl_max=0.0141 mpc_ms=5.4/36 cand=0.000 w_ax@goal=+0.04 return=1012.1 length=84 success_rate=1.00 collisions/ep=0.00 (n=24)
update=65 global_step=133120 SPS=117 m_ev=0.996 m_v_bias=-1.0 m_kl_max=0.0120 mpc_ms=5.1/40 cand=0.000 w_ax@goal=-0.01 return=1011.1 length=79 success_rate=1.00 collisions/ep=0.00 (n=25)
Evaluation at update 65: return=1012.90, length=77.10, success_rate=1.00, collisions/ep=0.00
Solved-check at update 65: solved=True worst_gap=0.22 at p_x0=0.00 p_y0=-1.00 (consecutive=8)
update=66 global_step=135168 SPS=116 m_ev=0.999 m_v_bias=-3.6 m_kl_max=0.0080 mpc_ms=5.3/29 cand=0.000 w_ax@goal=-0.03 return=1012.7 length=80 success_rate=1.00 collisions/ep=0.00 (n=24)
update=67 global_step=137216 SPS=117 m_ev=0.996 m_v_bias=0.9 m_kl_max=0.0103 mpc_ms=5.4/37 cand=0.000 w_ax@goal=+0.00 return=1012.2 length=78 success_rate=1.00 collisions/ep=0.00 (n=27)
update=68 global_step=139264 SPS=117 m_ev=0.993 m_v_bias=1.2 m_kl_max=0.0161 mpc_ms=5.2/26 cand=0.000 w_ax@goal=+0.01 return=1011.2 length=80 success_rate=1.00 collisions/ep=0.00 (n=27)
update=69 global_step=141312 SPS=118 m_ev=0.995 m_v_bias=0.3 m_kl_max=0.0131 mpc_ms=5.3/35 cand=0.000 w_ax@goal=-0.00 return=1011.9 length=80 success_rate=1.00 collisions/ep=0.00 (n=25)
update=70 global_step=143360 SPS=118 m_ev=0.997 m_v_bias=-0.8 m_kl_max=0.0179 mpc_ms=5.0/27 cand=0.000 w_ax@goal=+0.00 return=1011.5 length=78 success_rate=1.00 collisions/ep=0.00 (n=26)
Evaluation at update 70: return=1012.94, length=77.10, success_rate=1.00, collisions/ep=0.00
Solved-check at update 70: solved=True worst_gap=0.17 at p_x0=0.00 p_y0=-1.00 (consecutive=9)
update=71 global_step=145408 SPS=117 m_ev=0.998 m_v_bias=0.3 m_kl_max=0.0131 mpc_ms=5.0/25 cand=0.000 w_ax@goal=+0.01 return=1012.3 length=79 success_rate=1.00 collisions/ep=0.00 (n=25)
update=72 global_step=147456 SPS=118 m_ev=0.998 m_v_bias=-0.8 m_kl_max=0.0101 mpc_ms=5.1/28 cand=0.000 w_ax@goal=+0.01 return=1012.1 length=80 success_rate=1.00 collisions/ep=0.00 (n=25)
update=73 global_step=149504 SPS=118 m_ev=0.999 m_v_bias=-1.8 m_kl_max=0.0046 mpc_ms=5.4/27 cand=0.000 w_ax@goal=+0.00 return=1012.1 length=79 success_rate=1.00 collisions/ep=0.00 (n=28)
update=74 global_step=151552 SPS=119 m_ev=0.997 m_v_bias=0.8 m_kl_max=0.0148 mpc_ms=5.3/26 cand=0.000 w_ax@goal=+0.01 return=1012.3 length=81 success_rate=1.00 collisions/ep=0.00 (n=25)
update=75 global_step=153600 SPS=119 m_ev=0.995 m_v_bias=-0.0 m_kl_max=0.0098 mpc_ms=5.4/39 cand=0.000 w_ax@goal=+0.03 return=1012.3 length=79 success_rate=1.00 collisions/ep=0.00 (n=26)
Evaluation at update 75: return=1013.00, length=77.10, success_rate=1.00, collisions/ep=0.00
Solved-check at update 75: solved=True worst_gap=0.10 at p_x0=0.00 p_y0=-1.00 (consecutive=10)
update=76 global_step=155648 SPS=118 m_ev=0.994 m_v_bias=-0.0 m_kl_max=0.0137 mpc_ms=5.1/30 cand=0.000 w_ax@goal=+0.03 return=1012.3 length=81 success_rate=1.00 collisions/ep=0.00 (n=25)
update=77 global_step=157696 SPS=119 m_ev=0.997 m_v_bias=1.3 m_kl_max=0.0187 mpc_ms=5.2/35 cand=0.000 w_ax@goal=-0.01 return=1012.7 length=81 success_rate=1.00 collisions/ep=0.00 (n=25)
update=78 global_step=159744 SPS=119 m_ev=0.999 m_v_bias=-2.0 m_kl_max=0.0077 mpc_ms=5.0/24 cand=0.000 w_ax@goal=+0.01 return=1012.3 length=79 success_rate=1.00 collisions/ep=0.00 (n=26)
update=79 global_step=161792 SPS=120 m_ev=0.999 m_v_bias=-1.4 m_kl_max=0.0089 mpc_ms=5.2/35 cand=0.000 w_ax@goal=-0.01 return=1012.7 length=79 success_rate=1.00 collisions/ep=0.00 (n=27)
update=80 global_step=163840 SPS=120 m_ev=0.997 m_v_bias=-0.0 m_kl_max=0.0073 mpc_ms=5.3/34 cand=0.000 w_ax@goal=+0.02 return=1012.1 length=80 success_rate=1.00 collisions/ep=0.00 (n=24)
Evaluation at update 80: return=1013.04, length=77.10, success_rate=1.00, collisions/ep=0.00
Solved-check at update 80: solved=True worst_gap=0.06 at p_x0=0.00 p_y0=-1.00 (consecutive=11)
update=81 global_step=165888 SPS=119 m_ev=0.998 m_v_bias=-0.3 m_kl_max=0.0117 mpc_ms=5.1/23 cand=0.000 w_ax@goal=-0.01 return=1012.9 length=78 success_rate=1.00 collisions/ep=0.00 (n=25)
update=82 global_step=167936 SPS=119 m_ev=0.999 m_v_bias=-0.9 m_kl_max=0.0069 mpc_ms=5.1/31 cand=0.000 w_ax@goal=+0.01 return=1012.4 length=78 success_rate=1.00 collisions/ep=0.00 (n=29)
update=83 global_step=169984 SPS=120 m_ev=0.997 m_v_bias=1.7 m_kl_max=0.0117 mpc_ms=5.3/29 cand=0.000 w_ax@goal=-0.01 return=1012.2 length=79 success_rate=1.00 collisions/ep=0.00 (n=26)
update=84 global_step=172032 SPS=120 m_ev=0.994 m_v_bias=1.6 m_kl_max=0.0080 mpc_ms=5.2/26 cand=0.000 w_ax@goal=-0.01 return=1012.6 length=82 success_rate=1.00 collisions/ep=0.00 (n=24)
update=85 global_step=174080 SPS=121 m_ev=0.998 m_v_bias=-0.8 m_kl_max=0.0113 mpc_ms=5.3/33 cand=0.000 w_ax@goal=-0.01 return=1012.6 length=78 success_rate=1.00 collisions/ep=0.00 (n=25)
Evaluation at update 85: return=1013.06, length=77.05, success_rate=1.00, collisions/ep=0.00
Solved-check at update 85: solved=True worst_gap=0.03 at p_x0=0.00 p_y0=-1.00 (consecutive=12)
update=86 global_step=176128 SPS=120 m_ev=0.999 m_v_bias=0.5 m_kl_max=0.0113 mpc_ms=5.2/34 cand=0.000 w_ax@goal=+0.00 return=1012.6 length=78 success_rate=1.00 collisions/ep=0.00 (n=29)
update=87 global_step=178176 SPS=120 m_ev=0.986 m_v_bias=7.1 m_kl_max=0.0196 mpc_ms=5.3/35 cand=0.000 w_ax@goal=-0.00 return=1010.2 length=81 success_rate=1.00 collisions/ep=0.00 (n=25)
update=88 global_step=180224 SPS=121 m_ev=0.999 m_v_bias=-6.8 m_kl_max=0.0114 mpc_ms=5.1/26 cand=0.000 w_ax@goal=+0.01 return=1013.2 length=79 success_rate=1.00 collisions/ep=0.00 (n=25)
update=89 global_step=182272 SPS=121 m_ev=0.999 m_v_bias=-1.9 m_kl_max=0.0099 mpc_ms=5.4/38 cand=0.000 w_ax@goal=-0.02 return=1013.2 length=79 success_rate=1.00 collisions/ep=0.00 (n=24)
update=90 global_step=184320 SPS=121 m_ev=0.997 m_v_bias=1.6 m_kl_max=0.0110 mpc_ms=5.5/39 cand=0.000 w_ax@goal=-0.01 return=1012.4 length=77 success_rate=1.00 collisions/ep=0.00 (n=28)
Evaluation at update 90: return=1013.08, length=77.05, success_rate=1.00, collisions/ep=0.00
Solved-check at update 90: solved=True worst_gap=0.00 at p_x0=0.50 p_y0=-1.00 (consecutive=13)
update=91 global_step=186368 SPS=120 m_ev=0.997 m_v_bias=0.3 m_kl_max=0.0045 mpc_ms=5.3/30 cand=0.000 w_ax@goal=+0.02 return=1012.1 length=78 success_rate=1.00 collisions/ep=0.00 (n=27)
update=92 global_step=188416 SPS=121 m_ev=0.999 m_v_bias=-1.6 m_kl_max=0.0039 mpc_ms=5.4/33 cand=0.000 w_ax@goal=+0.02 return=1013.2 length=80 success_rate=1.00 collisions/ep=0.00 (n=25)
update=93 global_step=190464 SPS=121 m_ev=0.999 m_v_bias=-0.9 m_kl_max=0.0047 mpc_ms=5.4/28 cand=0.000 w_ax@goal=+0.01 return=1013.2 length=80 success_rate=1.00 collisions/ep=0.00 (n=25)
update=94 global_step=192512 SPS=121 m_ev=0.998 m_v_bias=1.1 m_kl_max=0.0058 mpc_ms=5.2/35 cand=0.000 w_ax@goal=+0.03 return=1012.1 length=79 success_rate=1.00 collisions/ep=0.00 (n=27)
update=95 global_step=194560 SPS=122 m_ev=0.999 m_v_bias=-1.0 m_kl_max=0.0121 mpc_ms=5.2/44 cand=0.000 w_ax@goal=-0.04 return=1013.0 length=79 success_rate=1.00 collisions/ep=0.00 (n=25)
Evaluation at update 95: return=1013.08, length=76.90, success_rate=1.00, collisions/ep=0.00
Solved-check at update 95: solved=True worst_gap=-0.03 at p_x0=0.00 p_y0=-1.00 (consecutive=14)
update=96 global_step=196608 SPS=121 m_ev=1.000 m_v_bias=-0.3 m_kl_max=0.0147 mpc_ms=5.3/27 cand=0.000 w_ax@goal=-0.00 return=1013.1 length=79 success_rate=1.00 collisions/ep=0.00 (n=27)
update=97 global_step=198656 SPS=121 m_ev=1.000 m_v_bias=-0.1 m_kl_max=0.0102 mpc_ms=5.3/40 cand=0.000 w_ax@goal=+0.01 return=1013.3 length=79 success_rate=1.00 collisions/ep=0.00 (n=24)
update=98 global_step=200704 SPS=122 m_ev=0.999 m_v_bias=0.4 m_kl_max=0.0169 mpc_ms=4.9/30 cand=0.000 w_ax@goal=+0.01 return=1012.8 length=79 success_rate=1.00 collisions/ep=0.00 (n=27)
update=99 global_step=202752 SPS=122 m_ev=0.999 m_v_bias=0.6 m_kl_max=0.0121 mpc_ms=5.3/29 cand=0.000 w_ax@goal=-0.01 return=1012.8 length=79 success_rate=1.00 collisions/ep=0.00 (n=26)
update=100 global_step=204800 SPS=122 m_ev=1.000 m_v_bias=-1.0 m_kl_max=0.0092 mpc_ms=5.0/18 cand=0.000 w_ax@goal=+0.02 return=1013.0 length=78 success_rate=1.00 collisions/ep=0.00 (n=27)
Evaluation at update 100: return=1013.11, length=76.90, success_rate=1.00, collisions/ep=0.00
Solved-check at update 100: solved=True worst_gap=-0.07 at p_x0=0.00 p_y0=-1.00 (consecutive=15)
Saved checkpoints to C:\Users\loren\Desktop\MASTER THESIS\5_CODE\scenarios\slalom\studies\ppo_mpc\runs\ppo_mpc_slalom_5_1790633440
