Using device: cpu
Solved-check: precomputed optimal returns for 25 fixed initial conditions (mean=1013.0, min=1011.0, max=1015.0); solved-tolerance=5.0
Goal box: +-1.800 m (1.5x segment-reachable; segment-reachable displacement = 1.200 m)
tube MPC: W half-widths [0. 0. 0. 0.], RPI s=0 alpha=0; Z half-widths (p_x, p_y, v_x, v_y) = [0. 0. 0. 0.]
  X0 (-) Z: p_x [-1.000, 11.000], p_y [-1.999, 1.999], |v| <= 1.200; V = U (-) KZ: |u| <= 2.500; K = [-7.613 -4.585] per axis
  4 obstacles, 132 binaries before fixing, max big-M 9.00; horizon N=10, stopping time 5 steps
num_envs=8 num_steps_per_env=256 batch_size=2048 num_updates=100 timesteps=204800
update=1 global_step=2048 SPS=189 m_ev=0.000 m_v_bias=40.2 m_kl_max=0.0065 mpc_ms=5.0/32 cand=0.000 return=-189.1 length=200 success_rate=0.00 collisions/ep=0.00 (n=8)
update=2 global_step=4096 SPS=194 m_ev=-0.682 m_v_bias=23.3 m_kl_max=0.0154 mpc_ms=4.8/28 cand=0.000 return=-198.2 length=200 success_rate=0.00 collisions/ep=0.00 (n=8)
update=3 global_step=6144 SPS=192 m_ev=-0.259 m_v_bias=11.6 m_kl_max=0.0511 mpc_ms=5.0/37 cand=0.000 return=-182.5 length=200 success_rate=0.00 collisions/ep=0.00 (n=8)
update=4 global_step=8192 SPS=193 m_ev=-0.200 m_v_bias=4.9 m_kl_max=0.0293 mpc_ms=4.8/30 cand=0.000 return=-162.8 length=200 success_rate=0.00 collisions/ep=0.00 (n=16)
update=5 global_step=10240 SPS=192 m_ev=0.204 m_v_bias=1.8 m_kl_max=0.0353 mpc_ms=5.1/32 cand=0.000 return=-156.4 length=200 success_rate=0.00 collisions/ep=0.00 (n=8)
Evaluation at update 5: return=-142.20, length=200.00, success_rate=0.00, collisions/ep=0.00
Solved-check at update 5: solved=False worst_gap=1161.02 at p_x0=2.00 p_y0=-1.00 (consecutive=0)
update=6 global_step=12288 SPS=106 m_ev=0.562 m_v_bias=2.6 m_kl_max=0.0439 mpc_ms=5.4/37 cand=0.000 return=-150.9 length=200 success_rate=0.00 collisions/ep=0.00 (n=8)
update=7 global_step=14336 SPS=112 m_ev=0.761 m_v_bias=1.2 m_kl_max=0.0287 mpc_ms=5.4/41 cand=0.000 w_ax@goal=-1.09 return=-143.8 length=200 success_rate=0.00 collisions/ep=0.00 (n=8)
update=8 global_step=16384 SPS=118 m_ev=0.921 m_v_bias=1.2 m_kl_max=0.0398 mpc_ms=5.2/35 cand=0.000 w_ax@goal=-1.06 return=-144.1 length=200 success_rate=0.00 collisions/ep=0.00 (n=16)
update=9 global_step=18432 SPS=122 m_ev=0.928 m_v_bias=-1.3 m_kl_max=0.0258 mpc_ms=5.8/40 cand=0.000 w_ax@goal=-1.56 return=-132.7 length=200 success_rate=0.00 collisions/ep=0.00 (n=8)
update=10 global_step=20480 SPS=125 m_ev=-0.032 m_v_bias=-54.2 m_kl_max=0.0213 mpc_ms=6.1/40 cand=0.000 w_ax@goal=-0.03 return=184.9 length=184 success_rate=0.30 collisions/ep=0.00 (n=10)
Evaluation at update 10: return=-142.20, length=200.00, success_rate=0.00, collisions/ep=0.00
Solved-check at update 10: solved=False worst_gap=1161.02 at p_x0=2.00 p_y0=-1.00 (consecutive=0)
update=11 global_step=22528 SPS=100 m_ev=0.107 m_v_bias=-87.7 m_kl_max=0.0086 mpc_ms=5.6/35 cand=0.000 w_ax@goal=-0.56 return=92.4 length=191 success_rate=0.21 collisions/ep=0.00 (n=14)
update=12 global_step=24576 SPS=103 m_ev=0.337 m_v_bias=-91.9 m_kl_max=0.0148 mpc_ms=6.2/43 cand=0.000 w_ax@goal=-0.47 return=463.4 length=169 success_rate=0.56 collisions/ep=0.00 (n=9)
update=13 global_step=26624 SPS=106 m_ev=0.524 m_v_bias=-140.0 m_kl_max=0.0188 mpc_ms=5.7/43 cand=0.000 w_ax@goal=-0.67 return=437.1 length=173 success_rate=0.53 collisions/ep=0.00 (n=15)
update=14 global_step=28672 SPS=109 m_ev=0.599 m_v_bias=19.5 m_kl_max=0.0107 mpc_ms=5.5/36 cand=0.000 w_ax@goal=-0.14 return=453.1 length=176 success_rate=0.56 collisions/ep=0.00 (n=9)
update=15 global_step=30720 SPS=112 m_ev=0.599 m_v_bias=6.1 m_kl_max=0.0067 mpc_ms=5.0/31 cand=0.000 w_ax@goal=+0.05 return=250.3 length=176 success_rate=0.36 collisions/ep=0.00 (n=11)
Evaluation at update 15: return=296.57, length=155.95, success_rate=0.40, collisions/ep=0.00
Solved-check at update 15: solved=False worst_gap=1191.02 at p_x0=2.00 p_y0=-1.00 (consecutive=0)
update=16 global_step=32768 SPS=100 m_ev=0.755 m_v_bias=-65.5 m_kl_max=0.0229 mpc_ms=5.9/44 cand=0.000 w_ax@goal=+0.12 return=396.7 length=174 success_rate=0.50 collisions/ep=0.00 (n=14)
update=17 global_step=34816 SPS=103 m_ev=0.787 m_v_bias=-47.5 m_kl_max=0.0121 mpc_ms=5.5/42 cand=0.000 w_ax@goal=-0.24 return=449.3 length=164 success_rate=0.54 collisions/ep=0.00 (n=13)
update=18 global_step=36864 SPS=105 m_ev=0.749 m_v_bias=-10.3 m_kl_max=0.0120 mpc_ms=5.8/41 cand=0.000 w_ax@goal=-0.02 return=332.3 length=186 success_rate=0.44 collisions/ep=0.00 (n=9)
update=19 global_step=38912 SPS=107 m_ev=0.749 m_v_bias=-30.7 m_kl_max=0.0069 mpc_ms=5.8/37 cand=0.000 w_ax@goal=-0.10 return=818.8 length=135 success_rate=0.87 collisions/ep=0.00 (n=15)
update=20 global_step=40960 SPS=109 m_ev=0.690 m_v_bias=16.3 m_kl_max=0.0174 mpc_ms=5.9/36 cand=0.000 w_ax@goal=-0.23 return=459.2 length=150 success_rate=0.53 collisions/ep=0.00 (n=17)
Evaluation at update 20: return=992.98, length=96.15, success_rate=1.00, collisions/ep=0.00
Solved-check at update 20: solved=False worst_gap=62.75 at p_x0=2.00 p_y0=-1.00 (consecutive=0)
update=21 global_step=43008 SPS=100 m_ev=0.814 m_v_bias=-42.4 m_kl_max=0.0095 mpc_ms=5.8/44 cand=0.000 w_ax@goal=+0.05 return=976.5 length=114 success_rate=1.00 collisions/ep=0.00 (n=16)
update=22 global_step=45056 SPS=102 m_ev=0.735 m_v_bias=-4.0 m_kl_max=0.0161 mpc_ms=6.0/36 cand=0.000 w_ax@goal=-0.00 return=744.1 length=139 success_rate=0.80 collisions/ep=0.00 (n=15)
update=23 global_step=47104 SPS=104 m_ev=0.811 m_v_bias=-38.2 m_kl_max=0.0196 mpc_ms=5.8/33 cand=0.000 w_ax@goal=-0.03 return=973.8 length=118 success_rate=1.00 collisions/ep=0.00 (n=18)
update=24 global_step=49152 SPS=105 m_ev=0.852 m_v_bias=-32.3 m_kl_max=0.0112 mpc_ms=5.9/36 cand=0.000 w_ax@goal=-0.06 return=977.7 length=114 success_rate=1.00 collisions/ep=0.00 (n=18)
update=25 global_step=51200 SPS=107 m_ev=0.844 m_v_bias=-0.4 m_kl_max=0.0083 mpc_ms=5.8/41 cand=0.000 w_ax@goal=-0.01 return=987.2 length=104 success_rate=1.00 collisions/ep=0.00 (n=18)
Evaluation at update 25: return=1009.05, length=80.40, success_rate=1.00, collisions/ep=0.00
Solved-check at update 25: solved=False worst_gap=8.04 at p_x0=2.00 p_y0=-1.00 (consecutive=0)
update=26 global_step=53248 SPS=104 m_ev=0.853 m_v_bias=13.3 m_kl_max=0.0072 mpc_ms=5.8/41 cand=0.000 w_ax@goal=+0.12 return=981.7 length=109 success_rate=1.00 collisions/ep=0.00 (n=20)
update=27 global_step=55296 SPS=105 m_ev=0.920 m_v_bias=-21.2 m_kl_max=0.0114 mpc_ms=5.6/33 cand=0.000 w_ax@goal=-0.07 return=942.0 length=104 success_rate=0.95 collisions/ep=0.00 (n=22)
update=28 global_step=57344 SPS=106 m_ev=0.904 m_v_bias=-8.2 m_kl_max=0.0117 mpc_ms=5.8/35 cand=0.000 w_ax@goal=+0.01 return=1001.2 length=89 success_rate=1.00 collisions/ep=0.00 (n=21)
update=29 global_step=59392 SPS=108 m_ev=0.933 m_v_bias=-0.7 m_kl_max=0.0063 mpc_ms=5.7/47 cand=0.000 w_ax@goal=+0.00 return=992.4 length=99 success_rate=1.00 collisions/ep=0.00 (n=23)
update=30 global_step=61440 SPS=109 m_ev=0.909 m_v_bias=16.2 m_kl_max=0.0176 mpc_ms=5.9/39 cand=0.000 w_ax@goal=+0.06 return=994.3 length=96 success_rate=1.00 collisions/ep=0.00 (n=19)
Evaluation at update 30: return=1010.39, length=78.90, success_rate=1.00, collisions/ep=0.00
Solved-check at update 30: solved=True worst_gap=3.00 at p_x0=0.00 p_y0=-1.00 (consecutive=0)
update=31 global_step=63488 SPS=106 m_ev=0.937 m_v_bias=-8.3 m_kl_max=0.0228 mpc_ms=5.7/42 cand=0.000 w_ax@goal=-0.11 return=999.2 length=94 success_rate=1.00 collisions/ep=0.00 (n=23)
update=32 global_step=65536 SPS=107 m_ev=0.929 m_v_bias=-9.3 m_kl_max=0.0107 mpc_ms=5.6/41 cand=0.000 w_ax@goal=+0.03 return=999.4 length=94 success_rate=1.00 collisions/ep=0.00 (n=22)
update=33 global_step=67584 SPS=109 m_ev=0.964 m_v_bias=-9.5 m_kl_max=0.0122 mpc_ms=5.5/37 cand=0.000 w_ax@goal=-0.08 return=1005.9 length=83 success_rate=1.00 collisions/ep=0.00 (n=25)
update=34 global_step=69632 SPS=110 m_ev=0.962 m_v_bias=0.5 m_kl_max=0.0215 mpc_ms=5.8/41 cand=0.000 w_ax@goal=-0.00 return=1003.1 length=89 success_rate=1.00 collisions/ep=0.00 (n=22)
update=35 global_step=71680 SPS=111 m_ev=0.968 m_v_bias=-3.9 m_kl_max=0.0036 mpc_ms=5.5/37 cand=0.000 w_ax@goal=-0.12 return=1004.1 length=88 success_rate=1.00 collisions/ep=0.00 (n=24)
Evaluation at update 35: return=1011.55, length=77.90, success_rate=1.00, collisions/ep=0.00
Solved-check at update 35: solved=True worst_gap=1.68 at p_x0=0.00 p_y0=-1.00 (consecutive=1)
Solved criterion held for 2 consecutive evals (tolerance=5.0) at global_step=71680.
update=36 global_step=73728 SPS=109 m_ev=0.981 m_v_bias=-1.6 m_kl_max=0.0117 mpc_ms=5.6/37 cand=0.000 w_ax@goal=+0.05 return=1004.7 length=85 success_rate=1.00 collisions/ep=0.00 (n=24)
update=37 global_step=75776 SPS=110 m_ev=0.984 m_v_bias=-11.0 m_kl_max=0.0155 mpc_ms=5.5/34 cand=0.000 w_ax@goal=-0.04 return=1008.0 length=85 success_rate=1.00 collisions/ep=0.00 (n=24)
update=38 global_step=77824 SPS=111 m_ev=0.988 m_v_bias=-5.4 m_kl_max=0.0090 mpc_ms=5.4/51 cand=0.000 w_ax@goal=-0.04 return=1008.1 length=83 success_rate=1.00 collisions/ep=0.00 (n=26)
update=39 global_step=79872 SPS=112 m_ev=0.979 m_v_bias=2.4 m_kl_max=0.0142 mpc_ms=5.3/34 cand=0.000 w_ax@goal=-0.05 return=1008.1 length=83 success_rate=1.00 collisions/ep=0.00 (n=23)
update=40 global_step=81920 SPS=113 m_ev=0.977 m_v_bias=-3.2 m_kl_max=0.0075 mpc_ms=5.7/34 cand=0.000 w_ax@goal=+0.05 return=1007.2 length=87 success_rate=1.00 collisions/ep=0.00 (n=24)
Evaluation at update 40: return=1012.05, length=77.50, success_rate=1.00, collisions/ep=0.00
Solved-check at update 40: solved=True worst_gap=1.04 at p_x0=0.00 p_y0=1.00 (consecutive=2)
update=41 global_step=83968 SPS=111 m_ev=0.987 m_v_bias=-6.6 m_kl_max=0.0144 mpc_ms=5.3/33 cand=0.000 w_ax@goal=-0.02 return=1009.0 length=81 success_rate=1.00 collisions/ep=0.00 (n=26)
update=42 global_step=86016 SPS=112 m_ev=0.984 m_v_bias=0.5 m_kl_max=0.0120 mpc_ms=5.4/30 cand=0.000 w_ax@goal=-0.03 return=1009.5 length=81 success_rate=1.00 collisions/ep=0.00 (n=24)
update=43 global_step=88064 SPS=113 m_ev=0.987 m_v_bias=2.4 m_kl_max=0.0049 mpc_ms=5.5/37 cand=0.000 w_ax@goal=-0.02 return=1008.9 length=82 success_rate=1.00 collisions/ep=0.00 (n=26)
update=44 global_step=90112 SPS=114 m_ev=0.972 m_v_bias=1.0 m_kl_max=0.0092 mpc_ms=5.5/41 cand=0.000 w_ax@goal=+0.05 return=1006.0 length=85 success_rate=1.00 collisions/ep=0.00 (n=24)
update=45 global_step=92160 SPS=115 m_ev=0.983 m_v_bias=-4.1 m_kl_max=0.0088 mpc_ms=5.4/37 cand=0.000 w_ax@goal=+0.03 return=1009.3 length=82 success_rate=1.00 collisions/ep=0.00 (n=25)
Evaluation at update 45: return=1012.26, length=77.15, success_rate=1.00, collisions/ep=0.00
Solved-check at update 45: solved=True worst_gap=0.93 at p_x0=0.00 p_y0=-1.00 (consecutive=3)
update=46 global_step=94208 SPS=113 m_ev=0.979 m_v_bias=5.6 m_kl_max=0.0135 mpc_ms=5.3/32 cand=0.000 w_ax@goal=-0.03 return=1009.5 length=82 success_rate=1.00 collisions/ep=0.00 (n=25)
update=47 global_step=96256 SPS=114 m_ev=0.987 m_v_bias=1.1 m_kl_max=0.0085 mpc_ms=5.4/29 cand=0.000 w_ax@goal=+0.03 return=1009.0 length=80 success_rate=1.00 collisions/ep=0.00 (n=25)
update=48 global_step=98304 SPS=114 m_ev=0.989 m_v_bias=-4.3 m_kl_max=0.0060 mpc_ms=5.2/35 cand=0.000 w_ax@goal=+0.02 return=1010.2 length=82 success_rate=1.00 collisions/ep=0.00 (n=26)
update=49 global_step=100352 SPS=115 m_ev=0.990 m_v_bias=-3.1 m_kl_max=0.0160 mpc_ms=5.2/33 cand=0.000 w_ax@goal=+0.03 return=1009.9 length=83 success_rate=1.00 collisions/ep=0.00 (n=24)
update=50 global_step=102400 SPS=116 m_ev=0.993 m_v_bias=-0.8 m_kl_max=0.0085 mpc_ms=5.0/32 cand=0.000 w_ax@goal=+0.01 return=1010.6 length=83 success_rate=1.00 collisions/ep=0.00 (n=24)
Evaluation at update 50: return=1012.43, length=77.10, success_rate=1.00, collisions/ep=0.00
Solved-check at update 50: solved=True worst_gap=0.72 at p_x0=0.00 p_y0=-1.00 (consecutive=4)
update=51 global_step=104448 SPS=114 m_ev=0.997 m_v_bias=0.2 m_kl_max=0.0129 mpc_ms=5.5/37 cand=0.000 w_ax@goal=-0.03 return=1011.7 length=81 success_rate=1.00 collisions/ep=0.00 (n=25)
update=52 global_step=106496 SPS=115 m_ev=0.995 m_v_bias=-0.4 m_kl_max=0.0165 mpc_ms=5.2/29 cand=0.000 w_ax@goal=+0.03 return=1011.0 length=80 success_rate=1.00 collisions/ep=0.00 (n=27)
update=53 global_step=108544 SPS=116 m_ev=0.994 m_v_bias=-0.7 m_kl_max=0.0130 mpc_ms=5.4/38 cand=0.000 w_ax@goal=-0.01 return=1011.4 length=80 success_rate=1.00 collisions/ep=0.00 (n=25)
update=54 global_step=110592 SPS=117 m_ev=0.990 m_v_bias=2.3 m_kl_max=0.0043 mpc_ms=5.2/34 cand=0.000 w_ax@goal=+0.01 return=1009.3 length=81 success_rate=1.00 collisions/ep=0.00 (n=27)
update=55 global_step=112640 SPS=117 m_ev=0.958 m_v_bias=9.5 m_kl_max=0.0282 mpc_ms=5.4/35 cand=0.000 w_ax@goal=+0.00 return=1007.9 length=85 success_rate=1.00 collisions/ep=0.00 (n=23)
Evaluation at update 55: return=1012.56, length=76.85, success_rate=1.00, collisions/ep=0.00
Solved-check at update 55: solved=True worst_gap=0.52 at p_x0=0.00 p_y0=-1.00 (consecutive=5)
update=56 global_step=114688 SPS=116 m_ev=0.996 m_v_bias=-14.0 m_kl_max=0.0054 mpc_ms=5.3/37 cand=0.000 w_ax@goal=+0.01 return=1011.7 length=80 success_rate=1.00 collisions/ep=0.00 (n=24)
update=57 global_step=116736 SPS=117 m_ev=0.996 m_v_bias=-2.0 m_kl_max=0.0235 mpc_ms=5.0/26 cand=0.000 w_ax@goal=+0.03 return=1011.8 length=81 success_rate=1.00 collisions/ep=0.00 (n=27)
update=58 global_step=118784 SPS=117 m_ev=0.998 m_v_bias=-2.4 m_kl_max=0.0094 mpc_ms=5.0/25 cand=0.000 w_ax@goal=-0.01 return=1011.3 length=80 success_rate=1.00 collisions/ep=0.00 (n=26)
update=59 global_step=120832 SPS=118 m_ev=0.998 m_v_bias=0.7 m_kl_max=0.0026 mpc_ms=5.2/23 cand=0.000 w_ax@goal=-0.03 return=1012.3 length=80 success_rate=1.00 collisions/ep=0.00 (n=25)
update=60 global_step=122880 SPS=119 m_ev=0.995 m_v_bias=2.5 m_kl_max=0.0282 mpc_ms=5.1/34 cand=0.000 w_ax@goal=-0.02 return=1011.7 length=80 success_rate=1.00 collisions/ep=0.00 (n=26)
Evaluation at update 60: return=1012.74, length=76.60, success_rate=1.00, collisions/ep=0.00
Solved-check at update 60: solved=True worst_gap=0.29 at p_x0=0.00 p_y0=-1.00 (consecutive=6)
update=61 global_step=124928 SPS=117 m_ev=0.997 m_v_bias=-1.2 m_kl_max=0.0019 mpc_ms=5.1/31 cand=0.000 w_ax@goal=-0.02 return=1012.1 length=79 success_rate=1.00 collisions/ep=0.00 (n=25)
update=62 global_step=126976 SPS=118 m_ev=0.988 m_v_bias=1.8 m_kl_max=0.0126 mpc_ms=5.1/29 cand=0.000 w_ax@goal=-0.00 return=1011.1 length=82 success_rate=1.00 collisions/ep=0.00 (n=26)
update=63 global_step=129024 SPS=119 m_ev=0.995 m_v_bias=-1.7 m_kl_max=0.0159 mpc_ms=5.3/31 cand=0.000 w_ax@goal=+0.01 return=1011.8 length=79 success_rate=1.00 collisions/ep=0.00 (n=25)
update=64 global_step=131072 SPS=119 m_ev=0.998 m_v_bias=-2.3 m_kl_max=0.0124 mpc_ms=5.3/32 cand=0.000 w_ax@goal=+0.03 return=1011.6 length=77 success_rate=1.00 collisions/ep=0.00 (n=25)
update=65 global_step=133120 SPS=120 m_ev=0.991 m_v_bias=4.2 m_kl_max=0.0014 mpc_ms=4.9/35 cand=0.000 w_ax@goal=-0.03 return=1011.6 length=79 success_rate=1.00 collisions/ep=0.00 (n=29)
Evaluation at update 65: return=1012.83, length=76.60, success_rate=1.00, collisions/ep=0.00
Solved-check at update 65: solved=True worst_gap=0.18 at p_x0=0.00 p_y0=-1.00 (consecutive=7)
update=66 global_step=135168 SPS=119 m_ev=0.998 m_v_bias=-2.8 m_kl_max=0.0091 mpc_ms=5.3/29 cand=0.000 w_ax@goal=-0.00 return=1011.3 length=81 success_rate=1.00 collisions/ep=0.00 (n=24)
update=67 global_step=137216 SPS=119 m_ev=0.998 m_v_bias=-0.4 m_kl_max=0.0098 mpc_ms=5.2/29 cand=0.000 w_ax@goal=-0.02 return=1012.2 length=80 success_rate=1.00 collisions/ep=0.00 (n=25)
update=68 global_step=139264 SPS=120 m_ev=0.998 m_v_bias=0.6 m_kl_max=0.0246 mpc_ms=5.2/30 cand=0.000 w_ax@goal=-0.01 return=1012.0 length=81 success_rate=1.00 collisions/ep=0.00 (n=26)
update=69 global_step=141312 SPS=120 m_ev=0.998 m_v_bias=-0.8 m_kl_max=0.0096 mpc_ms=5.4/33 cand=0.000 w_ax@goal=+0.01 return=1011.9 length=80 success_rate=1.00 collisions/ep=0.00 (n=27)
update=70 global_step=143360 SPS=121 m_ev=0.999 m_v_bias=-1.4 m_kl_max=0.0127 mpc_ms=5.3/36 cand=0.000 w_ax@goal=+0.00 return=1013.0 length=80 success_rate=1.00 collisions/ep=0.00 (n=26)
Evaluation at update 70: return=1012.90, length=76.60, success_rate=1.00, collisions/ep=0.00
Solved-check at update 70: solved=True worst_gap=0.10 at p_x0=0.00 p_y0=-1.00 (consecutive=8)
update=71 global_step=145408 SPS=119 m_ev=0.996 m_v_bias=0.7 m_kl_max=0.0027 mpc_ms=5.3/34 cand=0.000 w_ax@goal=-0.01 return=1012.1 length=81 success_rate=1.00 collisions/ep=0.00 (n=25)
update=72 global_step=147456 SPS=120 m_ev=0.977 m_v_bias=4.3 m_kl_max=0.0198 mpc_ms=5.2/26 cand=0.000 w_ax@goal=-0.01 return=1010.8 length=80 success_rate=1.00 collisions/ep=0.00 (n=24)
update=73 global_step=149504 SPS=121 m_ev=0.998 m_v_bias=-4.8 m_kl_max=0.0189 mpc_ms=5.1/28 cand=0.000 w_ax@goal=-0.00 return=1013.3 length=80 success_rate=1.00 collisions/ep=0.00 (n=26)
update=74 global_step=151552 SPS=121 m_ev=0.998 m_v_bias=1.1 m_kl_max=0.0048 mpc_ms=5.2/34 cand=0.000 w_ax@goal=+0.01 return=1012.4 length=79 success_rate=1.00 collisions/ep=0.00 (n=26)
update=75 global_step=153600 SPS=122 m_ev=0.998 m_v_bias=0.1 m_kl_max=0.0193 mpc_ms=5.3/22 cand=0.000 w_ax@goal=-0.00 return=1012.6 length=80 success_rate=1.00 collisions/ep=0.00 (n=26)
Evaluation at update 75: return=1012.93, length=76.60, success_rate=1.00, collisions/ep=0.00
Solved-check at update 75: solved=True worst_gap=0.07 at p_x0=0.00 p_y0=-1.00 (consecutive=9)
update=76 global_step=155648 SPS=120 m_ev=0.998 m_v_bias=-1.1 m_kl_max=0.0100 mpc_ms=5.2/35 cand=0.000 w_ax@goal=-0.01 return=1012.7 length=80 success_rate=1.00 collisions/ep=0.00 (n=26)
update=77 global_step=157696 SPS=121 m_ev=0.998 m_v_bias=1.5 m_kl_max=0.0145 mpc_ms=5.3/41 cand=0.000 w_ax@goal=-0.01 return=1012.3 length=79 success_rate=1.00 collisions/ep=0.00 (n=26)
update=78 global_step=159744 SPS=121 m_ev=0.984 m_v_bias=4.2 m_kl_max=0.0348 mpc_ms=5.2/32 cand=0.000 w_ax@goal=-0.01 return=1010.2 length=83 success_rate=1.00 collisions/ep=0.00 (n=25)
update=79 global_step=161792 SPS=122 m_ev=0.992 m_v_bias=-3.8 m_kl_max=0.0148 mpc_ms=5.3/33 cand=0.000 w_ax@goal=-0.01 return=1012.3 length=76 success_rate=1.00 collisions/ep=0.00 (n=25)
update=80 global_step=163840 SPS=122 m_ev=0.994 m_v_bias=1.9 m_kl_max=0.0188 mpc_ms=5.2/31 cand=0.000 w_ax@goal=+0.00 return=1012.3 length=83 success_rate=1.00 collisions/ep=0.00 (n=26)
Evaluation at update 80: return=1012.94, length=76.60, success_rate=1.00, collisions/ep=0.00
Solved-check at update 80: solved=True worst_gap=0.05 at p_x0=0.00 p_y0=-1.00 (consecutive=10)
update=81 global_step=165888 SPS=121 m_ev=0.995 m_v_bias=2.1 m_kl_max=0.0098 mpc_ms=5.3/36 cand=0.000 w_ax@goal=-0.03 return=1011.5 length=79 success_rate=1.00 collisions/ep=0.00 (n=27)
update=82 global_step=167936 SPS=121 m_ev=0.997 m_v_bias=-0.2 m_kl_max=0.0221 mpc_ms=5.3/29 cand=0.000 w_ax@goal=+0.01 return=1012.4 length=81 success_rate=1.00 collisions/ep=0.00 (n=26)
update=83 global_step=169984 SPS=122 m_ev=0.999 m_v_bias=-1.5 m_kl_max=0.0147 mpc_ms=5.2/33 cand=0.000 w_ax@goal=-0.01 return=1012.4 length=78 success_rate=1.00 collisions/ep=0.00 (n=24)
update=84 global_step=172032 SPS=122 m_ev=0.994 m_v_bias=2.0 m_kl_max=0.0090 mpc_ms=5.4/38 cand=0.000 w_ax@goal=+0.01 return=1012.8 length=80 success_rate=1.00 collisions/ep=0.00 (n=26)
update=85 global_step=174080 SPS=123 m_ev=0.973 m_v_bias=4.7 m_kl_max=0.0205 mpc_ms=5.3/34 cand=0.000 w_ax@goal=-0.03 return=1009.7 length=80 success_rate=1.00 collisions/ep=0.00 (n=28)
Evaluation at update 85: return=1012.95, length=76.55, success_rate=1.00, collisions/ep=0.00
Solved-check at update 85: solved=True worst_gap=0.03 at p_x0=0.00 p_y0=-1.00 (consecutive=11)
update=86 global_step=176128 SPS=122 m_ev=0.996 m_v_bias=-1.1 m_kl_max=0.0107 mpc_ms=5.2/30 cand=0.000 w_ax@goal=-0.00 return=1012.3 length=79 success_rate=1.00 collisions/ep=0.00 (n=24)
update=87 global_step=178176 SPS=122 m_ev=0.998 m_v_bias=-2.4 m_kl_max=0.0120 mpc_ms=5.1/36 cand=0.000 w_ax@goal=-0.01 return=1012.5 length=79 success_rate=1.00 collisions/ep=0.00 (n=26)
update=88 global_step=180224 SPS=123 m_ev=0.999 m_v_bias=-0.2 m_kl_max=0.0184 mpc_ms=5.2/37 cand=0.000 w_ax@goal=-0.03 return=1012.8 length=80 success_rate=1.00 collisions/ep=0.00 (n=26)
update=89 global_step=182272 SPS=123 m_ev=0.997 m_v_bias=0.7 m_kl_max=0.0337 mpc_ms=5.1/30 cand=0.000 w_ax@goal=+0.01 return=1012.7 length=80 success_rate=1.00 collisions/ep=0.00 (n=26)
update=90 global_step=184320 SPS=123 m_ev=0.999 m_v_bias=-2.4 m_kl_max=0.0089 mpc_ms=5.0/24 cand=0.000 w_ax@goal=+0.01 return=1013.3 length=80 success_rate=1.00 collisions/ep=0.00 (n=25)
Evaluation at update 90: return=1012.98, length=76.55, success_rate=1.00, collisions/ep=0.00
Solved-check at update 90: solved=True worst_gap=0.00 at p_x0=0.00 p_y0=-1.00 (consecutive=12)
update=91 global_step=186368 SPS=122 m_ev=0.999 m_v_bias=-0.7 m_kl_max=0.0106 mpc_ms=5.2/29 cand=0.000 w_ax@goal=-0.01 return=1013.0 length=78 success_rate=1.00 collisions/ep=0.00 (n=26)
update=92 global_step=188416 SPS=123 m_ev=0.987 m_v_bias=4.3 m_kl_max=0.0279 mpc_ms=5.9/31 cand=0.000 w_ax@goal=-0.01 return=1012.0 length=80 success_rate=1.00 collisions/ep=0.00 (n=25)
update=93 global_step=190464 SPS=123 m_ev=0.996 m_v_bias=-4.0 m_kl_max=0.0041 mpc_ms=5.0/23 cand=0.000 w_ax@goal=+0.01 return=1011.7 length=81 success_rate=1.00 collisions/ep=0.00 (n=26)
update=94 global_step=192512 SPS=123 m_ev=0.999 m_v_bias=-1.3 m_kl_max=0.0074 mpc_ms=5.3/31 cand=0.000 w_ax@goal=+0.01 return=1013.0 length=78 success_rate=1.00 collisions/ep=0.00 (n=27)
update=95 global_step=194560 SPS=124 m_ev=0.999 m_v_bias=0.3 m_kl_max=0.0150 mpc_ms=5.5/36 cand=0.000 w_ax@goal=+0.00 return=1013.2 length=79 success_rate=1.00 collisions/ep=0.00 (n=26)
Evaluation at update 95: return=1012.99, length=76.40, success_rate=1.00, collisions/ep=0.00
Solved-check at update 95: solved=True worst_gap=-0.03 at p_x0=0.00 p_y0=-1.00 (consecutive=13)
update=96 global_step=196608 SPS=123 m_ev=0.997 m_v_bias=0.5 m_kl_max=0.0128 mpc_ms=5.3/32 cand=0.000 w_ax@goal=+0.02 return=1012.3 length=79 success_rate=1.00 collisions/ep=0.00 (n=25)
update=97 global_step=198656 SPS=123 m_ev=0.997 m_v_bias=1.4 m_kl_max=0.0169 mpc_ms=5.5/32 cand=0.000 w_ax@goal=-0.01 return=1012.5 length=80 success_rate=1.00 collisions/ep=0.00 (n=26)
update=98 global_step=200704 SPS=123 m_ev=0.998 m_v_bias=0.2 m_kl_max=0.0202 mpc_ms=5.3/31 cand=0.000 w_ax@goal=+0.01 return=1012.9 length=80 success_rate=1.00 collisions/ep=0.00 (n=26)
update=99 global_step=202752 SPS=124 m_ev=0.994 m_v_bias=1.8 m_kl_max=0.0085 mpc_ms=5.4/34 cand=0.000 w_ax@goal=+0.01 return=1012.5 length=81 success_rate=1.00 collisions/ep=0.00 (n=24)
update=100 global_step=204800 SPS=124 m_ev=0.999 m_v_bias=-1.7 m_kl_max=0.0069 mpc_ms=5.0/27 cand=0.000 w_ax@goal=-0.01 return=1013.1 length=78 success_rate=1.00 collisions/ep=0.00 (n=28)
Evaluation at update 100: return=1012.99, length=76.40, success_rate=1.00, collisions/ep=0.00
Solved-check at update 100: solved=True worst_gap=-0.05 at p_x0=0.00 p_y0=-1.00 (consecutive=14)
Saved checkpoints to C:\Users\loren\Desktop\MASTER THESIS\5_CODE\scenarios\slalom\studies\ppo_mpc\runs\ppo_mpc_slalom_4_1790633440
