Using device: cpu
Solved-check: precomputed optimal returns for 25 fixed initial conditions (mean=1013.0, min=1011.0, max=1015.0); solved-tolerance=5.0
Goal box: +-1.800 m (1.5x segment-reachable; segment-reachable displacement = 1.200 m)
tube MPC: W half-widths [0. 0. 0. 0.], RPI s=0 alpha=0; Z half-widths (p_x, p_y, v_x, v_y) = [0. 0. 0. 0.]
  X0 (-) Z: p_x [-1.000, 11.000], p_y [-1.999, 1.999], |v| <= 1.200; V = U (-) KZ: |u| <= 2.500; K = [-7.613 -4.585] per axis
  4 obstacles, 132 binaries before fixing, max big-M 9.00; horizon N=10, stopping time 5 steps
num_envs=8 num_steps_per_env=256 batch_size=2048 num_updates=100 timesteps=204800
update=1 global_step=2048 SPS=182 m_ev=0.001 m_v_bias=43.0 m_kl_max=0.0050 mpc_ms=5.2/43 cand=0.000 return=-198.1 length=200 success_rate=0.00 collisions/ep=0.00 (n=8)
update=2 global_step=4096 SPS=191 m_ev=-0.585 m_v_bias=25.8 m_kl_max=0.0061 mpc_ms=4.8/8 cand=0.000 return=-194.6 length=200 success_rate=0.00 collisions/ep=0.00 (n=8)
update=3 global_step=6144 SPS=188 m_ev=-0.210 m_v_bias=13.5 m_kl_max=0.0278 mpc_ms=5.2/31 cand=0.000 return=-195.2 length=200 success_rate=0.00 collisions/ep=0.00 (n=8)
update=4 global_step=8192 SPS=186 m_ev=-0.045 m_v_bias=4.7 m_kl_max=0.0399 mpc_ms=5.3/30 cand=0.000 return=-178.4 length=200 success_rate=0.00 collisions/ep=0.00 (n=16)
update=5 global_step=10240 SPS=182 m_ev=0.459 m_v_bias=-1.3 m_kl_max=0.0371 mpc_ms=5.7/40 cand=0.000 return=-153.4 length=200 success_rate=0.00 collisions/ep=0.00 (n=8)
Evaluation at update 5: return=-140.94, length=200.00, success_rate=0.00, collisions/ep=0.00
Solved-check at update 5: solved=False worst_gap=1175.02 at p_x0=0.00 p_y0=1.00 (consecutive=0)
update=6 global_step=12288 SPS=99 m_ev=0.642 m_v_bias=0.4 m_kl_max=0.0298 mpc_ms=5.6/36 cand=0.000 return=-149.5 length=200 success_rate=0.00 collisions/ep=0.00 (n=8)
update=7 global_step=14336 SPS=105 m_ev=0.841 m_v_bias=2.4 m_kl_max=0.0716 mpc_ms=5.5/34 cand=0.000 return=-151.8 length=200 success_rate=0.00 collisions/ep=0.00 (n=8)
update=8 global_step=16384 SPS=111 m_ev=-0.060 m_v_bias=-37.4 m_kl_max=0.0151 mpc_ms=5.4/36 cand=0.000 w_ax@goal=-0.25 return=-82.7 length=199 success_rate=0.06 collisions/ep=0.00 (n=16)
update=9 global_step=18432 SPS=115 m_ev=0.007 m_v_bias=-29.2 m_kl_max=0.0051 mpc_ms=5.3/42 cand=0.000 w_ax@goal=-0.63 return=-4.1 length=193 success_rate=0.12 collisions/ep=0.00 (n=8)
update=10 global_step=20480 SPS=120 m_ev=0.218 m_v_bias=-24.9 m_kl_max=0.0157 mpc_ms=5.4/35 cand=0.000 w_ax@goal=-0.92 return=-29.5 length=194 success_rate=0.10 collisions/ep=0.00 (n=10)
Evaluation at update 10: return=-140.94, length=200.00, success_rate=0.00, collisions/ep=0.00
Solved-check at update 10: solved=False worst_gap=1161.02 at p_x0=2.00 p_y0=-0.50 (consecutive=0)
update=11 global_step=22528 SPS=97 m_ev=-1.195 m_v_bias=10.0 m_kl_max=0.0460 mpc_ms=5.7/41 cand=0.000 w_ax@goal=-0.77 return=-140.8 length=200 success_rate=0.00 collisions/ep=0.00 (n=14)
update=12 global_step=24576 SPS=100 m_ev=0.063 m_v_bias=-43.5 m_kl_max=0.0101 mpc_ms=5.7/34 cand=0.000 w_ax@goal=-0.43 return=127.3 length=189 success_rate=0.25 collisions/ep=0.00 (n=8)
update=13 global_step=26624 SPS=104 m_ev=0.240 m_v_bias=-52.4 m_kl_max=0.0090 mpc_ms=5.4/36 cand=0.000 w_ax@goal=-0.10 return=157.6 length=184 success_rate=0.27 collisions/ep=0.00 (n=11)
update=14 global_step=28672 SPS=106 m_ev=0.408 m_v_bias=-57.2 m_kl_max=0.0162 mpc_ms=5.7/38 cand=0.000 w_ax@goal=-0.10 return=283.4 length=187 success_rate=0.40 collisions/ep=0.00 (n=10)
update=15 global_step=30720 SPS=109 m_ev=0.396 m_v_bias=-98.6 m_kl_max=0.0304 mpc_ms=5.6/39 cand=0.000 w_ax@goal=-0.14 return=411.3 length=170 success_rate=0.50 collisions/ep=0.00 (n=14)
Evaluation at update 15: return=351.60, length=155.25, success_rate=0.45, collisions/ep=0.00
Solved-check at update 15: solved=False worst_gap=1191.02 at p_x0=2.00 p_y0=-0.50 (consecutive=0)
update=16 global_step=32768 SPS=96 m_ev=0.500 m_v_bias=-48.8 m_kl_max=0.0075 mpc_ms=6.1/37 cand=0.000 w_ax@goal=-0.18 return=455.0 length=167 success_rate=0.55 collisions/ep=0.00 (n=11)
update=17 global_step=34816 SPS=98 m_ev=0.668 m_v_bias=-1.9 m_kl_max=0.0071 mpc_ms=5.6/35 cand=0.000 w_ax@goal=+0.01 return=331.8 length=170 success_rate=0.43 collisions/ep=0.00 (n=14)
update=18 global_step=36864 SPS=101 m_ev=0.712 m_v_bias=-15.2 m_kl_max=0.0153 mpc_ms=5.5/38 cand=0.000 w_ax@goal=+0.16 return=322.2 length=181 success_rate=0.44 collisions/ep=0.00 (n=9)
update=19 global_step=38912 SPS=103 m_ev=0.828 m_v_bias=-39.1 m_kl_max=0.0045 mpc_ms=5.5/40 cand=0.000 w_ax@goal=+0.19 return=516.4 length=156 success_rate=0.60 collisions/ep=0.00 (n=15)
update=20 global_step=40960 SPS=105 m_ev=0.822 m_v_bias=-26.9 m_kl_max=0.0247 mpc_ms=5.4/34 cand=0.000 w_ax@goal=+0.04 return=448.6 length=157 success_rate=0.54 collisions/ep=0.00 (n=13)
Evaluation at update 20: return=531.36, length=143.40, success_rate=0.60, collisions/ep=0.00
Solved-check at update 20: solved=False worst_gap=1191.02 at p_x0=2.00 p_y0=-1.00 (consecutive=0)
update=21 global_step=43008 SPS=90 m_ev=0.794 m_v_bias=-49.2 m_kl_max=0.0093 mpc_ms=5.7/35 cand=0.000 w_ax@goal=-0.11 return=755.5 length=139 success_rate=0.81 collisions/ep=0.00 (n=16)
update=22 global_step=45056 SPS=92 m_ev=0.779 m_v_bias=-0.3 m_kl_max=0.0139 mpc_ms=5.8/35 cand=0.000 w_ax@goal=-0.01 return=777.7 length=153 success_rate=0.85 collisions/ep=0.00 (n=13)
update=23 global_step=47104 SPS=93 m_ev=0.771 m_v_bias=-50.7 m_kl_max=0.0137 mpc_ms=6.1/39 cand=0.000 w_ax@goal=-0.04 return=751.1 length=137 success_rate=0.80 collisions/ep=0.00 (n=15)
update=24 global_step=49152 SPS=95 m_ev=0.827 m_v_bias=-10.0 m_kl_max=0.0254 mpc_ms=6.0/37 cand=0.000 w_ax@goal=-0.05 return=897.3 length=132 success_rate=0.94 collisions/ep=0.00 (n=16)
update=25 global_step=51200 SPS=97 m_ev=0.866 m_v_bias=-25.4 m_kl_max=0.0215 mpc_ms=5.7/42 cand=0.000 w_ax@goal=-0.06 return=972.6 length=120 success_rate=1.00 collisions/ep=0.00 (n=17)
Evaluation at update 25: return=1008.42, length=82.15, success_rate=1.00, collisions/ep=0.00
Solved-check at update 25: solved=False worst_gap=16.10 at p_x0=1.50 p_y0=-1.00 (consecutive=0)
update=26 global_step=53248 SPS=94 m_ev=0.875 m_v_bias=-33.8 m_kl_max=0.0145 mpc_ms=5.8/34 cand=0.000 w_ax@goal=+0.09 return=990.3 length=101 success_rate=1.00 collisions/ep=0.00 (n=20)
update=27 global_step=55296 SPS=96 m_ev=0.894 m_v_bias=16.6 m_kl_max=0.0121 mpc_ms=5.5/39 cand=0.000 w_ax@goal=-0.04 return=991.6 length=101 success_rate=1.00 collisions/ep=0.00 (n=21)
update=28 global_step=57344 SPS=97 m_ev=0.909 m_v_bias=-19.4 m_kl_max=0.0103 mpc_ms=5.6/52 cand=0.000 w_ax@goal=+0.02 return=993.9 length=99 success_rate=1.00 collisions/ep=0.00 (n=20)
update=29 global_step=59392 SPS=99 m_ev=0.952 m_v_bias=-16.3 m_kl_max=0.0147 mpc_ms=5.9/46 cand=0.000 w_ax@goal=-0.01 return=1000.6 length=92 success_rate=1.00 collisions/ep=0.00 (n=25)
update=30 global_step=61440 SPS=100 m_ev=0.938 m_v_bias=-1.0 m_kl_max=0.0167 mpc_ms=5.8/41 cand=0.000 w_ax@goal=-0.06 return=999.0 length=94 success_rate=1.00 collisions/ep=0.00 (n=20)
Evaluation at update 30: return=1011.18, length=79.50, success_rate=1.00, collisions/ep=0.00
Solved-check at update 30: solved=True worst_gap=2.34 at p_x0=0.00 p_y0=-1.00 (consecutive=0)
update=31 global_step=63488 SPS=98 m_ev=0.949 m_v_bias=3.0 m_kl_max=0.0061 mpc_ms=5.3/34 cand=0.000 w_ax@goal=+0.00 return=995.5 length=95 success_rate=1.00 collisions/ep=0.00 (n=22)
update=32 global_step=65536 SPS=99 m_ev=0.942 m_v_bias=1.1 m_kl_max=0.0134 mpc_ms=6.0/39 cand=0.000 w_ax@goal=+0.03 return=1001.3 length=90 success_rate=1.00 collisions/ep=0.00 (n=23)
update=33 global_step=67584 SPS=101 m_ev=0.962 m_v_bias=-3.4 m_kl_max=0.0076 mpc_ms=5.4/37 cand=0.000 w_ax@goal=-0.02 return=1002.9 length=86 success_rate=1.00 collisions/ep=0.00 (n=23)
update=34 global_step=69632 SPS=102 m_ev=0.964 m_v_bias=-6.0 m_kl_max=0.0197 mpc_ms=5.5/36 cand=0.000 w_ax@goal=+0.00 return=1004.5 length=86 success_rate=1.00 collisions/ep=0.00 (n=25)
update=35 global_step=71680 SPS=103 m_ev=0.978 m_v_bias=3.6 m_kl_max=0.0162 mpc_ms=5.5/34 cand=0.000 w_ax@goal=+0.05 return=1003.9 length=85 success_rate=1.00 collisions/ep=0.00 (n=25)
Evaluation at update 35: return=1012.00, length=78.65, success_rate=1.00, collisions/ep=0.00
Solved-check at update 35: solved=True worst_gap=1.36 at p_x0=0.00 p_y0=-1.00 (consecutive=1)
Solved criterion held for 2 consecutive evals (tolerance=5.0) at global_step=71680.
update=36 global_step=73728 SPS=101 m_ev=0.962 m_v_bias=2.3 m_kl_max=0.0103 mpc_ms=5.5/42 cand=0.000 w_ax@goal=-0.02 return=1006.3 length=86 success_rate=1.00 collisions/ep=0.00 (n=22)
update=37 global_step=75776 SPS=102 m_ev=0.978 m_v_bias=-3.7 m_kl_max=0.0114 mpc_ms=5.5/47 cand=0.000 w_ax@goal=+0.00 return=1006.2 length=84 success_rate=1.00 collisions/ep=0.00 (n=25)
update=38 global_step=77824 SPS=103 m_ev=0.988 m_v_bias=-7.8 m_kl_max=0.0128 mpc_ms=5.5/34 cand=0.000 w_ax@goal=-0.01 return=1007.5 length=83 success_rate=1.00 collisions/ep=0.00 (n=25)
update=39 global_step=79872 SPS=105 m_ev=0.992 m_v_bias=-0.8 m_kl_max=0.0084 mpc_ms=5.2/30 cand=0.000 w_ax@goal=-0.03 return=1010.3 length=82 success_rate=1.00 collisions/ep=0.00 (n=25)
update=40 global_step=81920 SPS=106 m_ev=0.976 m_v_bias=5.4 m_kl_max=0.0062 mpc_ms=5.5/38 cand=0.000 w_ax@goal=-0.02 return=1007.9 length=85 success_rate=1.00 collisions/ep=0.00 (n=24)
Evaluation at update 40: return=1012.34, length=78.20, success_rate=1.00, collisions/ep=0.00
Solved-check at update 40: solved=True worst_gap=0.89 at p_x0=0.00 p_y0=-1.00 (consecutive=2)
update=41 global_step=83968 SPS=104 m_ev=0.989 m_v_bias=-8.4 m_kl_max=0.0061 mpc_ms=5.4/34 cand=0.000 w_ax@goal=-0.02 return=1009.6 length=81 success_rate=1.00 collisions/ep=0.00 (n=25)
update=42 global_step=86016 SPS=105 m_ev=0.971 m_v_bias=6.4 m_kl_max=0.0095 mpc_ms=5.4/34 cand=0.000 w_ax@goal=-0.00 return=1008.9 length=82 success_rate=1.00 collisions/ep=0.00 (n=24)
update=43 global_step=88064 SPS=106 m_ev=0.985 m_v_bias=-5.3 m_kl_max=0.0210 mpc_ms=5.2/33 cand=0.000 w_ax@goal=+0.00 return=1007.5 length=84 success_rate=1.00 collisions/ep=0.00 (n=26)
update=44 global_step=90112 SPS=107 m_ev=0.995 m_v_bias=-5.9 m_kl_max=0.0077 mpc_ms=5.2/38 cand=0.000 w_ax@goal=-0.00 return=1010.9 length=80 success_rate=1.00 collisions/ep=0.00 (n=26)
update=45 global_step=92160 SPS=108 m_ev=0.995 m_v_bias=0.5 m_kl_max=0.0133 mpc_ms=5.3/25 cand=0.000 w_ax@goal=-0.03 return=1009.9 length=81 success_rate=1.00 collisions/ep=0.00 (n=25)
Evaluation at update 45: return=1012.60, length=78.20, success_rate=1.00, collisions/ep=0.00
Solved-check at update 45: solved=True worst_gap=0.80 at p_x0=0.00 p_y0=-1.00 (consecutive=3)
update=46 global_step=94208 SPS=107 m_ev=0.961 m_v_bias=5.9 m_kl_max=0.0270 mpc_ms=5.4/36 cand=0.000 w_ax@goal=+0.02 return=1008.9 length=80 success_rate=1.00 collisions/ep=0.00 (n=25)
update=47 global_step=96256 SPS=107 m_ev=0.984 m_v_bias=0.0 m_kl_max=0.0025 mpc_ms=5.7/37 cand=0.000 w_ax@goal=+0.08 return=1007.1 length=83 success_rate=1.00 collisions/ep=0.00 (n=24)
update=48 global_step=98304 SPS=108 m_ev=0.993 m_v_bias=-4.5 m_kl_max=0.0083 mpc_ms=5.5/32 cand=0.000 w_ax@goal=+0.00 return=1010.3 length=82 success_rate=1.00 collisions/ep=0.00 (n=26)
update=49 global_step=100352 SPS=109 m_ev=0.989 m_v_bias=3.6 m_kl_max=0.0229 mpc_ms=5.4/34 cand=0.000 w_ax@goal=+0.03 return=1009.1 length=81 success_rate=1.00 collisions/ep=0.00 (n=26)
update=50 global_step=102400 SPS=110 m_ev=0.982 m_v_bias=-5.1 m_kl_max=0.0075 mpc_ms=5.6/32 cand=0.000 w_ax@goal=-0.02 return=1010.6 length=79 success_rate=1.00 collisions/ep=0.00 (n=25)
Evaluation at update 50: return=1012.69, length=78.10, success_rate=1.00, collisions/ep=0.00
Solved-check at update 50: solved=True worst_gap=0.67 at p_x0=0.00 p_y0=-1.00 (consecutive=4)
update=51 global_step=104448 SPS=108 m_ev=0.993 m_v_bias=-2.1 m_kl_max=0.0109 mpc_ms=5.3/42 cand=0.000 w_ax@goal=-0.01 return=1010.9 length=80 success_rate=1.00 collisions/ep=0.00 (n=27)
update=52 global_step=106496 SPS=109 m_ev=0.993 m_v_bias=0.1 m_kl_max=0.0093 mpc_ms=5.1/25 cand=0.000 w_ax@goal=+0.03 return=1012.1 length=82 success_rate=1.00 collisions/ep=0.00 (n=24)
update=53 global_step=108544 SPS=110 m_ev=0.988 m_v_bias=2.1 m_kl_max=0.0260 mpc_ms=5.5/40 cand=0.000 w_ax@goal=-0.01 return=1010.2 length=82 success_rate=1.00 collisions/ep=0.00 (n=25)
update=54 global_step=110592 SPS=111 m_ev=0.994 m_v_bias=-1.2 m_kl_max=0.0122 mpc_ms=5.3/38 cand=0.000 w_ax@goal=+0.02 return=1011.1 length=82 success_rate=1.00 collisions/ep=0.00 (n=25)
update=55 global_step=112640 SPS=111 m_ev=0.996 m_v_bias=-0.3 m_kl_max=0.0077 mpc_ms=5.4/31 cand=0.000 w_ax@goal=+0.01 return=1011.5 length=80 success_rate=1.00 collisions/ep=0.00 (n=24)
Evaluation at update 55: return=1012.86, length=77.70, success_rate=1.00, collisions/ep=0.00
Solved-check at update 55: solved=True worst_gap=0.41 at p_x0=0.00 p_y0=-1.00 (consecutive=5)
update=56 global_step=114688 SPS=110 m_ev=0.992 m_v_bias=2.1 m_kl_max=0.0136 mpc_ms=5.3/34 cand=0.000 w_ax@goal=-0.02 return=1010.1 length=80 success_rate=1.00 collisions/ep=0.00 (n=27)
update=57 global_step=116736 SPS=111 m_ev=0.997 m_v_bias=-2.4 m_kl_max=0.0075 mpc_ms=5.2/36 cand=0.000 w_ax@goal=-0.01 return=1011.5 length=80 success_rate=1.00 collisions/ep=0.00 (n=24)
update=58 global_step=118784 SPS=112 m_ev=0.989 m_v_bias=1.9 m_kl_max=0.0241 mpc_ms=5.4/33 cand=0.000 w_ax@goal=+0.01 return=1011.8 length=82 success_rate=1.00 collisions/ep=0.00 (n=24)
update=59 global_step=120832 SPS=112 m_ev=0.996 m_v_bias=-0.2 m_kl_max=0.0067 mpc_ms=5.3/40 cand=0.000 w_ax@goal=+0.00 return=1011.4 length=81 success_rate=1.00 collisions/ep=0.00 (n=27)
update=60 global_step=122880 SPS=113 m_ev=0.996 m_v_bias=0.4 m_kl_max=0.0056 mpc_ms=5.3/35 cand=0.000 w_ax@goal=-0.00 return=1011.3 length=82 success_rate=1.00 collisions/ep=0.00 (n=26)
Evaluation at update 60: return=1012.99, length=77.65, success_rate=1.00, collisions/ep=0.00
Solved-check at update 60: solved=True worst_gap=0.25 at p_x0=0.00 p_y0=-1.00 (consecutive=6)
update=61 global_step=124928 SPS=112 m_ev=0.996 m_v_bias=-1.3 m_kl_max=0.0087 mpc_ms=5.0/25 cand=0.000 w_ax@goal=+0.01 return=1011.2 length=79 success_rate=1.00 collisions/ep=0.00 (n=26)
update=62 global_step=126976 SPS=112 m_ev=0.995 m_v_bias=2.6 m_kl_max=0.0113 mpc_ms=5.2/34 cand=0.000 w_ax@goal=-0.01 return=1011.3 length=82 success_rate=1.00 collisions/ep=0.00 (n=24)
update=63 global_step=129024 SPS=113 m_ev=0.998 m_v_bias=-3.0 m_kl_max=0.0068 mpc_ms=5.3/29 cand=0.000 w_ax@goal=+0.02 return=1011.2 length=79 success_rate=1.00 collisions/ep=0.00 (n=25)
update=64 global_step=131072 SPS=114 m_ev=0.999 m_v_bias=-3.1 m_kl_max=0.0071 mpc_ms=5.1/23 cand=0.000 w_ax@goal=-0.00 return=1012.2 length=79 success_rate=1.00 collisions/ep=0.00 (n=29)
update=65 global_step=133120 SPS=114 m_ev=0.998 m_v_bias=1.0 m_kl_max=0.0177 mpc_ms=5.4/32 cand=0.000 w_ax@goal=-0.02 return=1012.5 length=79 success_rate=1.00 collisions/ep=0.00 (n=25)
Evaluation at update 65: return=1013.06, length=77.65, success_rate=1.00, collisions/ep=0.00
Solved-check at update 65: solved=True worst_gap=0.16 at p_x0=0.00 p_y0=-1.00 (consecutive=7)
update=66 global_step=135168 SPS=113 m_ev=0.998 m_v_bias=0.2 m_kl_max=0.0155 mpc_ms=5.1/29 cand=0.000 w_ax@goal=+0.00 return=1012.4 length=80 success_rate=1.00 collisions/ep=0.00 (n=24)
update=67 global_step=137216 SPS=114 m_ev=0.999 m_v_bias=-2.4 m_kl_max=0.0086 mpc_ms=5.3/26 cand=0.000 w_ax@goal=+0.02 return=1012.8 length=80 success_rate=1.00 collisions/ep=0.00 (n=25)
update=68 global_step=139264 SPS=114 m_ev=0.996 m_v_bias=2.0 m_kl_max=0.0246 mpc_ms=5.3/36 cand=0.000 w_ax@goal=-0.03 return=1012.5 length=80 success_rate=1.00 collisions/ep=0.00 (n=28)
update=69 global_step=141312 SPS=115 m_ev=0.999 m_v_bias=-1.1 m_kl_max=0.0305 mpc_ms=5.3/45 cand=0.000 w_ax@goal=+0.00 return=1012.7 length=79 success_rate=1.00 collisions/ep=0.00 (n=25)
update=70 global_step=143360 SPS=116 m_ev=0.999 m_v_bias=-0.0 m_kl_max=0.0242 mpc_ms=5.2/25 cand=0.000 w_ax@goal=+0.01 return=1012.8 length=80 success_rate=1.00 collisions/ep=0.00 (n=26)
Evaluation at update 70: return=1013.12, length=77.65, success_rate=1.00, collisions/ep=0.00
Solved-check at update 70: solved=True worst_gap=0.09 at p_x0=0.00 p_y0=-1.00 (consecutive=8)
update=71 global_step=145408 SPS=114 m_ev=0.999 m_v_bias=0.3 m_kl_max=0.0064 mpc_ms=5.3/42 cand=0.000 w_ax@goal=-0.01 return=1013.2 length=81 success_rate=1.00 collisions/ep=0.00 (n=25)
update=72 global_step=147456 SPS=115 m_ev=0.973 m_v_bias=7.8 m_kl_max=0.0612 mpc_ms=5.4/50 cand=0.000 w_ax@goal=-0.01 return=1010.6 length=81 success_rate=1.00 collisions/ep=0.00 (n=25)
update=73 global_step=149504 SPS=115 m_ev=0.993 m_v_bias=-3.3 m_kl_max=0.0042 mpc_ms=5.2/30 cand=0.000 w_ax@goal=+0.01 return=1011.4 length=80 success_rate=1.00 collisions/ep=0.00 (n=25)
update=74 global_step=151552 SPS=116 m_ev=0.999 m_v_bias=-1.7 m_kl_max=0.0187 mpc_ms=5.0/30 cand=0.000 w_ax@goal=-0.00 return=1012.7 length=79 success_rate=1.00 collisions/ep=0.00 (n=26)
update=75 global_step=153600 SPS=117 m_ev=0.999 m_v_bias=-0.7 m_kl_max=0.0059 mpc_ms=5.2/39 cand=0.000 w_ax@goal=+0.01 return=1013.2 length=81 success_rate=1.00 collisions/ep=0.00 (n=26)
Evaluation at update 75: return=1013.15, length=77.65, success_rate=1.00, collisions/ep=0.00
Solved-check at update 75: solved=True worst_gap=0.05 at p_x0=0.00 p_y0=-1.00 (consecutive=9)
update=76 global_step=155648 SPS=115 m_ev=0.999 m_v_bias=-0.5 m_kl_max=0.0065 mpc_ms=5.2/41 cand=0.000 w_ax@goal=-0.01 return=1013.1 length=80 success_rate=1.00 collisions/ep=0.00 (n=27)
update=77 global_step=157696 SPS=116 m_ev=0.989 m_v_bias=3.7 m_kl_max=0.0161 mpc_ms=5.2/34 cand=0.000 w_ax@goal=+0.03 return=1011.3 length=80 success_rate=1.00 collisions/ep=0.00 (n=24)
update=78 global_step=159744 SPS=116 m_ev=0.984 m_v_bias=1.8 m_kl_max=0.0225 mpc_ms=5.3/34 cand=0.000 w_ax@goal=+0.02 return=1011.4 length=80 success_rate=1.00 collisions/ep=0.00 (n=26)
update=79 global_step=161792 SPS=117 m_ev=0.994 m_v_bias=-4.4 m_kl_max=0.0090 mpc_ms=5.3/37 cand=0.000 w_ax@goal=+0.02 return=1012.0 length=82 success_rate=1.00 collisions/ep=0.00 (n=24)
update=80 global_step=163840 SPS=117 m_ev=0.997 m_v_bias=-0.7 m_kl_max=0.0055 mpc_ms=5.1/23 cand=0.000 w_ax@goal=-0.00 return=1012.0 length=80 success_rate=1.00 collisions/ep=0.00 (n=26)
Evaluation at update 80: return=1013.16, length=77.60, success_rate=1.00, collisions/ep=0.00
Solved-check at update 80: solved=True worst_gap=0.03 at p_x0=0.00 p_y0=-1.00 (consecutive=10)
update=81 global_step=165888 SPS=116 m_ev=0.999 m_v_bias=-3.3 m_kl_max=0.0063 mpc_ms=5.3/29 cand=0.000 w_ax@goal=+0.02 return=1012.9 length=79 success_rate=1.00 collisions/ep=0.00 (n=27)
update=82 global_step=167936 SPS=117 m_ev=0.998 m_v_bias=0.8 m_kl_max=0.0103 mpc_ms=5.1/28 cand=0.000 w_ax@goal=-0.00 return=1012.9 length=80 success_rate=1.00 collisions/ep=0.00 (n=26)
update=83 global_step=169984 SPS=117 m_ev=0.998 m_v_bias=-1.3 m_kl_max=0.0352 mpc_ms=5.3/33 cand=0.000 w_ax@goal=-0.02 return=1012.9 length=79 success_rate=1.00 collisions/ep=0.00 (n=25)
update=84 global_step=172032 SPS=118 m_ev=0.998 m_v_bias=-1.0 m_kl_max=0.0076 mpc_ms=5.4/27 cand=0.000 w_ax@goal=+0.00 return=1011.9 length=79 success_rate=1.00 collisions/ep=0.00 (n=25)
update=85 global_step=174080 SPS=118 m_ev=0.999 m_v_bias=0.3 m_kl_max=0.0077 mpc_ms=5.2/37 cand=0.000 w_ax@goal=+0.00 return=1013.0 length=80 success_rate=1.00 collisions/ep=0.00 (n=27)
Evaluation at update 85: return=1013.18, length=77.50, success_rate=1.00, collisions/ep=0.00
Solved-check at update 85: solved=True worst_gap=-0.01 at p_x0=0.00 p_y0=-1.00 (consecutive=11)
update=86 global_step=176128 SPS=117 m_ev=0.998 m_v_bias=1.6 m_kl_max=0.0216 mpc_ms=5.3/37 cand=0.000 w_ax@goal=-0.01 return=1013.0 length=81 success_rate=1.00 collisions/ep=0.00 (n=25)
update=87 global_step=178176 SPS=118 m_ev=0.999 m_v_bias=0.6 m_kl_max=0.0047 mpc_ms=5.2/27 cand=0.000 w_ax@goal=+0.00 return=1012.6 length=77 success_rate=1.00 collisions/ep=0.00 (n=27)
update=88 global_step=180224 SPS=118 m_ev=0.998 m_v_bias=0.4 m_kl_max=0.0063 mpc_ms=5.4/32 cand=0.000 w_ax@goal=-0.00 return=1012.4 length=78 success_rate=1.00 collisions/ep=0.00 (n=24)
update=89 global_step=182272 SPS=118 m_ev=0.998 m_v_bias=-0.9 m_kl_max=0.0061 mpc_ms=5.6/43 cand=0.000 w_ax@goal=-0.00 return=1012.3 length=77 success_rate=1.00 collisions/ep=0.00 (n=27)
update=90 global_step=184320 SPS=119 m_ev=1.000 m_v_bias=-0.5 m_kl_max=0.0179 mpc_ms=5.1/30 cand=0.000 w_ax@goal=-0.00 return=1012.7 length=77 success_rate=1.00 collisions/ep=0.00 (n=27)
Evaluation at update 90: return=1013.19, length=77.45, success_rate=1.00, collisions/ep=0.00
Solved-check at update 90: solved=True worst_gap=-0.04 at p_x0=0.00 p_y0=-1.00 (consecutive=12)
update=91 global_step=186368 SPS=118 m_ev=1.000 m_v_bias=-0.7 m_kl_max=0.0102 mpc_ms=5.4/38 cand=0.000 w_ax@goal=-0.01 return=1012.9 length=78 success_rate=1.00 collisions/ep=0.00 (n=27)
update=92 global_step=188416 SPS=118 m_ev=1.000 m_v_bias=-0.7 m_kl_max=0.0098 mpc_ms=5.2/26 cand=0.000 w_ax@goal=+0.02 return=1013.1 length=79 success_rate=1.00 collisions/ep=0.00 (n=25)
update=93 global_step=190464 SPS=119 m_ev=0.999 m_v_bias=1.2 m_kl_max=0.0060 mpc_ms=5.3/40 cand=0.000 w_ax@goal=-0.00 return=1013.4 length=82 success_rate=1.00 collisions/ep=0.00 (n=27)
update=94 global_step=192512 SPS=119 m_ev=0.995 m_v_bias=0.9 m_kl_max=0.0230 mpc_ms=5.2/30 cand=0.000 w_ax@goal=-0.02 return=1012.1 length=78 success_rate=1.00 collisions/ep=0.00 (n=26)
update=95 global_step=194560 SPS=120 m_ev=0.998 m_v_bias=-1.3 m_kl_max=0.0273 mpc_ms=5.2/38 cand=0.000 w_ax@goal=-0.00 return=1012.6 length=77 success_rate=1.00 collisions/ep=0.00 (n=26)
Evaluation at update 95: return=1013.22, length=77.45, success_rate=1.00, collisions/ep=0.00
Solved-check at update 95: solved=True worst_gap=-0.07 at p_x0=0.00 p_y0=-1.00 (consecutive=13)
update=96 global_step=196608 SPS=118 m_ev=0.999 m_v_bias=0.5 m_kl_max=0.0076 mpc_ms=5.3/34 cand=0.000 w_ax@goal=+0.01 return=1012.6 length=79 success_rate=1.00 collisions/ep=0.00 (n=26)
update=97 global_step=198656 SPS=119 m_ev=0.992 m_v_bias=2.8 m_kl_max=0.0138 mpc_ms=5.2/35 cand=0.000 w_ax@goal=+0.00 return=1011.8 length=78 success_rate=1.00 collisions/ep=0.00 (n=24)
update=98 global_step=200704 SPS=119 m_ev=0.996 m_v_bias=-0.4 m_kl_max=0.0103 mpc_ms=4.4/31 cand=0.000 w_ax@goal=+0.01 return=1012.1 length=79 success_rate=1.00 collisions/ep=0.00 (n=28)
update=99 global_step=202752 SPS=120 m_ev=0.999 m_v_bias=-2.1 m_kl_max=0.0099 mpc_ms=4.0/15 cand=0.000 w_ax@goal=-0.00 return=1013.0 length=79 success_rate=1.00 collisions/ep=0.00 (n=27)
update=100 global_step=204800 SPS=121 m_ev=0.999 m_v_bias=-0.2 m_kl_max=0.0134 mpc_ms=3.1/14 cand=0.000 w_ax@goal=-0.00 return=1012.9 length=78 success_rate=1.00 collisions/ep=0.00 (n=24)
Evaluation at update 100: return=1013.23, length=77.45, success_rate=1.00, collisions/ep=0.00
Solved-check at update 100: solved=True worst_gap=-0.08 at p_x0=0.00 p_y0=-0.50 (consecutive=14)
Saved checkpoints to C:\Users\loren\Desktop\MASTER THESIS\5_CODE\scenarios\slalom\studies\ppo_mpc\runs\ppo_mpc_slalom_6_1790633440
