Using device: cpu
Solved-check: precomputed optimal returns for 25 fixed initial conditions (mean=1011.8, min=1007.0, max=1014.0); solved-tolerance=5.0
num_envs=8 num_steps_per_env=256 worker_batch_size=2048 worker_minibatch_size=256 num_updates=244 timesteps=499712 (requested 500000; 288 dropped by integer division)
update=1 global_step=2048 SPS=981 w_ev=-0.050 m_ev=0.001 m_v_bias=46.1 m_adv_std=200.5918 m_kl_max=0.0010 m_ratio_max=0.185 w_ax@goal=-0.21 w_v@goal=-0.31 return=-211.4 length=188 success_rate=0.25 collisions/ep=6.38 (n=8)
update=2 global_step=4096 SPS=985 w_ev=0.115 m_ev=0.179 m_v_bias=57.8 m_adv_std=152.9202 m_kl_max=0.0002 m_ratio_max=0.093 w_ax@goal=-0.10 w_v@goal=1.42 return=-318.6 length=189 success_rate=0.11 collisions/ep=5.33 (n=9)
update=3 global_step=6144 SPS=1031 w_ev=0.024 m_ev=-0.639 m_v_bias=49.9 m_adv_std=111.6286 m_kl_max=0.0020 m_ratio_max=0.173 w_ax@goal=-0.20 w_v@goal=1.06 return=-572.9 length=200 success_rate=0.00 collisions/ep=8.22 (n=9)
update=4 global_step=8192 SPS=1040 w_ev=0.194 m_ev=0.103 m_v_bias=-52.8 m_adv_std=189.7367 m_kl_max=0.0021 m_ratio_max=0.220 w_ax@goal=-0.01 w_v@goal=-0.33 return=-255.9 length=199 success_rate=0.14 collisions/ep=4.50 (n=14)
update=5 global_step=10240 SPS=1040 w_ev=0.440 m_ev=0.372 m_v_bias=-57.7 m_adv_std=184.3098 m_kl_max=0.0028 m_ratio_max=0.215 w_ax@goal=+0.44 w_v@goal=2.17 return=-38.0 length=184 success_rate=0.38 collisions/ep=5.25 (n=8)
Evaluation at update 5: return=667.67, length=114.35, success_rate=1.00, collisions/ep=6.15
Solved-check at update 5: solved=False worst_gap=612.97 at p_x0=2.00 p_y0=-1.00 (consecutive=0)
update=6 global_step=12288 SPS=584 w_ev=0.741 m_ev=0.418 m_v_bias=-146.2 m_adv_std=262.0986 m_kl_max=0.0062 m_ratio_max=0.519 w_ax@goal=+0.17 w_v@goal=8.58 return=407.9 length=163 success_rate=0.67 collisions/ep=3.33 (n=15)
update=7 global_step=14336 SPS=623 w_ev=0.868 m_ev=0.425 m_v_bias=-33.7 m_adv_std=264.8327 m_kl_max=0.0021 m_ratio_max=0.259 w_ax@goal=+0.11 w_v@goal=13.69 return=290.5 length=160 success_rate=0.69 collisions/ep=6.31 (n=13)
update=8 global_step=16384 SPS=655 w_ev=0.925 m_ev=0.686 m_v_bias=-93.0 m_adv_std=173.5663 m_kl_max=0.0014 m_ratio_max=0.204 w_ax@goal=+0.27 w_v@goal=17.82 return=561.4 length=120 success_rate=0.87 collisions/ep=5.33 (n=15)
update=9 global_step=18432 SPS=681 w_ev=0.950 m_ev=0.877 m_v_bias=-24.1 m_adv_std=101.6271 m_kl_max=0.0058 m_ratio_max=0.396 w_ax@goal=+0.76 w_v@goal=20.65 return=553.2 length=116 success_rate=0.85 collisions/ep=5.25 (n=20)
update=10 global_step=20480 SPS=702 w_ev=0.947 m_ev=0.903 m_v_bias=-40.4 m_adv_std=76.6383 m_kl_max=0.0236 m_ratio_max=0.742 w_ax@goal=+0.52 w_v@goal=19.94 return=739.2 length=96 success_rate=0.96 collisions/ep=4.13 (n=23)
Evaluation at update 10: return=714.41, length=82.60, success_rate=1.00, collisions/ep=5.85
Solved-check at update 10: solved=False worst_gap=403.99 at p_x0=0.50 p_y0=0.50 (consecutive=0)
update=11 global_step=22528 SPS=590 w_ev=0.950 m_ev=0.891 m_v_bias=7.0 m_adv_std=82.6805 m_kl_max=0.0066 m_ratio_max=0.438 w_ax@goal=+0.70 w_v@goal=19.92 return=741.6 length=92 success_rate=1.00 collisions/ep=5.14 (n=22)
update=12 global_step=24576 SPS=606 w_ev=0.956 m_ev=0.931 m_v_bias=-25.3 m_adv_std=59.8271 m_kl_max=0.0092 m_ratio_max=0.523 w_ax@goal=+0.73 w_v@goal=19.57 return=815.9 length=88 success_rate=1.00 collisions/ep=3.75 (n=24)
update=13 global_step=26624 SPS=625 w_ev=0.946 m_ev=0.884 m_v_bias=-6.2 m_adv_std=77.5194 m_kl_max=0.0143 m_ratio_max=0.628 w_ax@goal=+0.95 w_v@goal=19.23 return=822.0 length=87 success_rate=1.00 collisions/ep=3.65 (n=23)
update=14 global_step=28672 SPS=643 w_ev=0.940 m_ev=0.922 m_v_bias=-9.2 m_adv_std=59.7125 m_kl_max=0.0122 m_ratio_max=0.501 w_ax@goal=+0.94 w_v@goal=19.18 return=837.1 length=86 success_rate=1.00 collisions/ep=3.39 (n=23)
update=15 global_step=30720 SPS=659 w_ev=0.955 m_ev=0.928 m_v_bias=8.1 m_adv_std=59.4771 m_kl_max=0.0075 m_ratio_max=0.535 w_ax@goal=+1.00 w_v@goal=19.22 return=850.1 length=85 success_rate=1.00 collisions/ep=3.09 (n=23)
Evaluation at update 15: return=887.85, length=81.65, success_rate=1.00, collisions/ep=2.40
Solved-check at update 15: solved=False worst_gap=552.99 at p_x0=1.50 p_y0=-1.00 (consecutive=0)
update=16 global_step=32768 SPS=590 w_ev=0.950 m_ev=0.902 m_v_bias=-10.6 m_adv_std=67.0735 m_kl_max=0.0131 m_ratio_max=0.566 w_ax@goal=+1.03 w_v@goal=19.21 return=823.9 length=88 success_rate=1.00 collisions/ep=3.58 (n=24)
update=17 global_step=34816 SPS=602 w_ev=0.964 m_ev=0.957 m_v_bias=-23.0 m_adv_std=40.9787 m_kl_max=0.0040 m_ratio_max=0.475 w_ax@goal=+0.93 w_v@goal=19.20 return=913.5 length=84 success_rate=1.00 collisions/ep=1.83 (n=24)
update=18 global_step=36864 SPS=614 w_ev=0.953 m_ev=0.910 m_v_bias=7.2 m_adv_std=63.3938 m_kl_max=0.0054 m_ratio_max=0.388 w_ax@goal=+0.88 w_v@goal=19.01 return=902.2 length=85 success_rate=1.00 collisions/ep=2.04 (n=25)
update=19 global_step=38912 SPS=628 w_ev=0.968 m_ev=0.971 m_v_bias=-14.7 m_adv_std=33.6071 m_kl_max=0.0092 m_ratio_max=0.346 w_ax@goal=+1.03 w_v@goal=18.97 return=893.0 length=85 success_rate=1.00 collisions/ep=2.24 (n=25)
update=20 global_step=40960 SPS=639 w_ev=0.961 m_ev=0.978 m_v_bias=2.5 m_adv_std=28.7103 m_kl_max=0.0047 m_ratio_max=0.332 w_ax@goal=+0.89 w_v@goal=19.10 return=923.2 length=89 success_rate=1.00 collisions/ep=1.61 (n=23)
Evaluation at update 20: return=931.89, length=82.60, success_rate=1.00, collisions/ep=1.50
Solved-check at update 20: solved=False worst_gap=155.99 at p_x0=1.00 p_y0=-0.50 (consecutive=0)
update=21 global_step=43008 SPS=587 w_ev=0.950 m_ev=0.951 m_v_bias=9.1 m_adv_std=42.6571 m_kl_max=0.0007 m_ratio_max=0.151 w_ax@goal=+1.01 w_v@goal=18.97 return=889.9 length=84 success_rate=1.00 collisions/ep=2.29 (n=24)
update=22 global_step=45056 SPS=597 w_ev=0.953 m_ev=0.946 m_v_bias=2.9 m_adv_std=47.6026 m_kl_max=0.0088 m_ratio_max=0.459 w_ax@goal=+1.06 w_v@goal=19.20 return=899.1 length=84 success_rate=1.00 collisions/ep=2.12 (n=24)
update=23 global_step=47104 SPS=607 w_ev=0.957 m_ev=0.967 m_v_bias=-4.2 m_adv_std=35.8850 m_kl_max=0.0099 m_ratio_max=0.388 w_ax@goal=+1.02 w_v@goal=19.22 return=901.9 length=85 success_rate=1.00 collisions/ep=2.08 (n=25)
update=24 global_step=49152 SPS=616 w_ev=0.941 m_ev=0.951 m_v_bias=-4.4 m_adv_std=45.1173 m_kl_max=0.0067 m_ratio_max=0.431 w_ax@goal=+0.99 w_v@goal=19.15 return=915.9 length=87 success_rate=1.00 collisions/ep=1.79 (n=24)
update=25 global_step=51200 SPS=625 w_ev=0.943 m_ev=0.961 m_v_bias=2.0 m_adv_std=39.1842 m_kl_max=0.0093 m_ratio_max=0.478 w_ax@goal=+1.04 w_v@goal=19.12 return=890.9 length=86 success_rate=1.00 collisions/ep=2.29 (n=24)
Evaluation at update 25: return=942.74, length=81.75, success_rate=1.00, collisions/ep=1.30
Solved-check at update 25: solved=False worst_gap=203.00 at p_x0=1.50 p_y0=-1.00 (consecutive=0)
update=26 global_step=53248 SPS=586 w_ev=0.957 m_ev=0.982 m_v_bias=-10.8 m_adv_std=25.8642 m_kl_max=0.0079 m_ratio_max=0.419 w_ax@goal=+0.96 w_v@goal=19.04 return=941.0 length=86 success_rate=1.00 collisions/ep=1.30 (n=23)
update=27 global_step=55296 SPS=595 w_ev=0.957 m_ev=0.980 m_v_bias=-0.5 m_adv_std=26.5023 m_kl_max=0.0108 m_ratio_max=0.431 w_ax@goal=+1.17 w_v@goal=18.96 return=936.5 length=85 success_rate=1.00 collisions/ep=1.40 (n=25)
update=28 global_step=57344 SPS=604 w_ev=0.950 m_ev=0.952 m_v_bias=-2.5 m_adv_std=42.2334 m_kl_max=0.0070 m_ratio_max=0.356 w_ax@goal=+1.02 w_v@goal=19.13 return=917.1 length=84 success_rate=1.00 collisions/ep=1.79 (n=24)
update=29 global_step=59392 SPS=612 w_ev=0.945 m_ev=0.929 m_v_bias=6.7 m_adv_std=55.4887 m_kl_max=0.0099 m_ratio_max=0.400 w_ax@goal=+1.03 w_v@goal=19.09 return=904.4 length=85 success_rate=1.00 collisions/ep=2.04 (n=26)
update=30 global_step=61440 SPS=619 w_ev=0.964 m_ev=0.979 m_v_bias=-5.8 m_adv_std=27.7306 m_kl_max=0.0105 m_ratio_max=0.650 w_ax@goal=+1.00 w_v@goal=19.02 return=924.9 length=84 success_rate=1.00 collisions/ep=1.62 (n=24)
Evaluation at update 30: return=947.29, length=82.20, success_rate=1.00, collisions/ep=1.20
Solved-check at update 30: solved=False worst_gap=151.00 at p_x0=2.00 p_y0=-1.00 (consecutive=0)
update=31 global_step=63488 SPS=587 w_ev=0.964 m_ev=0.988 m_v_bias=-4.8 m_adv_std=20.7814 m_kl_max=0.0065 m_ratio_max=0.317 w_ax@goal=+1.01 w_v@goal=19.00 return=943.0 length=86 success_rate=1.00 collisions/ep=1.25 (n=24)
update=32 global_step=65536 SPS=594 w_ev=0.948 m_ev=0.976 m_v_bias=6.3 m_adv_std=29.5924 m_kl_max=0.0084 m_ratio_max=0.431 w_ax@goal=+0.88 w_v@goal=19.04 return=926.5 length=86 success_rate=1.00 collisions/ep=1.57 (n=23)
update=33 global_step=67584 SPS=600 w_ev=0.955 m_ev=0.964 m_v_bias=0.3 m_adv_std=35.7979 m_kl_max=0.0040 m_ratio_max=0.292 w_ax@goal=+1.00 w_v@goal=19.07 return=920.7 length=86 success_rate=1.00 collisions/ep=1.70 (n=23)
update=34 global_step=69632 SPS=607 w_ev=0.963 m_ev=0.991 m_v_bias=-3.6 m_adv_std=17.7765 m_kl_max=0.0077 m_ratio_max=0.638 w_ax@goal=+0.92 w_v@goal=19.23 return=938.0 length=87 success_rate=1.00 collisions/ep=1.33 (n=24)
update=35 global_step=71680 SPS=613 w_ev=0.964 m_ev=0.970 m_v_bias=9.1 m_adv_std=33.5437 m_kl_max=0.0122 m_ratio_max=0.589 w_ax@goal=+0.98 w_v@goal=19.18 return=930.4 length=87 success_rate=1.00 collisions/ep=1.45 (n=22)
Evaluation at update 35: return=951.34, length=83.15, success_rate=1.00, collisions/ep=1.10
Solved-check at update 35: solved=False worst_gap=151.01 at p_x0=2.00 p_y0=-1.00 (consecutive=0)
update=36 global_step=73728 SPS=586 w_ev=0.958 m_ev=0.959 m_v_bias=5.7 m_adv_std=40.2443 m_kl_max=0.0095 m_ratio_max=0.380 w_ax@goal=+0.83 w_v@goal=19.09 return=941.4 length=88 success_rate=1.00 collisions/ep=1.25 (n=24)
update=37 global_step=75776 SPS=592 w_ev=0.962 m_ev=0.989 m_v_bias=-13.6 m_adv_std=20.3736 m_kl_max=0.0143 m_ratio_max=0.685 w_ax@goal=+0.80 w_v@goal=18.97 return=929.1 length=88 success_rate=1.00 collisions/ep=1.50 (n=24)
update=38 global_step=77824 SPS=598 w_ev=0.952 m_ev=0.974 m_v_bias=2.9 m_adv_std=30.2762 m_kl_max=0.0100 m_ratio_max=0.739 w_ax@goal=+0.84 w_v@goal=19.04 return=935.4 length=85 success_rate=1.00 collisions/ep=1.38 (n=24)
update=39 global_step=79872 SPS=603 w_ev=0.950 m_ev=0.965 m_v_bias=4.7 m_adv_std=36.3052 m_kl_max=0.0149 m_ratio_max=0.713 w_ax@goal=+0.87 w_v@goal=19.21 return=909.1 length=85 success_rate=1.00 collisions/ep=1.92 (n=25)
update=40 global_step=81920 SPS=609 w_ev=0.964 m_ev=0.992 m_v_bias=-8.6 m_adv_std=16.7512 m_kl_max=0.0117 m_ratio_max=0.629 w_ax@goal=+0.85 w_v@goal=19.14 return=943.4 length=85 success_rate=1.00 collisions/ep=1.22 (n=23)
Evaluation at update 40: return=954.33, length=82.65, success_rate=1.00, collisions/ep=1.05
Solved-check at update 40: solved=False worst_gap=101.01 at p_x0=2.00 p_y0=-1.00 (consecutive=0)
update=41 global_step=83968 SPS=584 w_ev=0.960 m_ev=0.985 m_v_bias=2.7 m_adv_std=23.0968 m_kl_max=0.0075 m_ratio_max=0.601 w_ax@goal=+0.92 w_v@goal=18.92 return=939.2 length=87 success_rate=1.00 collisions/ep=1.29 (n=24)
update=42 global_step=86016 SPS=589 w_ev=0.962 m_ev=0.979 m_v_bias=-0.8 m_adv_std=27.3960 m_kl_max=0.0081 m_ratio_max=0.455 w_ax@goal=+0.98 w_v@goal=19.29 return=925.4 length=87 success_rate=1.00 collisions/ep=1.58 (n=24)
update=43 global_step=88064 SPS=595 w_ev=0.954 m_ev=0.991 m_v_bias=-2.7 m_adv_std=18.1466 m_kl_max=0.0056 m_ratio_max=0.265 w_ax@goal=+0.95 w_v@goal=19.07 return=935.8 length=86 success_rate=1.00 collisions/ep=1.39 (n=23)
update=44 global_step=90112 SPS=600 w_ev=0.958 m_ev=0.987 m_v_bias=-1.4 m_adv_std=21.7392 m_kl_max=0.0198 m_ratio_max=0.607 w_ax@goal=+0.93 w_v@goal=19.04 return=942.7 length=86 success_rate=1.00 collisions/ep=1.25 (n=24)
update=45 global_step=92160 SPS=605 w_ev=0.953 m_ev=0.984 m_v_bias=3.2 m_adv_std=23.7809 m_kl_max=0.0062 m_ratio_max=0.405 w_ax@goal=+1.01 w_v@goal=19.00 return=938.0 length=85 success_rate=1.00 collisions/ep=1.33 (n=24)
Evaluation at update 45: return=957.43, length=82.05, success_rate=1.00, collisions/ep=1.00
Solved-check at update 45: solved=False worst_gap=150.01 at p_x0=2.00 p_y0=-1.00 (consecutive=0)
update=46 global_step=94208 SPS=583 w_ev=0.955 m_ev=0.986 m_v_bias=-3.0 m_adv_std=22.0694 m_kl_max=0.0059 m_ratio_max=0.369 w_ax@goal=+0.77 w_v@goal=19.07 return=942.4 length=86 success_rate=1.00 collisions/ep=1.25 (n=24)
update=47 global_step=96256 SPS=588 w_ev=0.962 m_ev=0.994 m_v_bias=-3.8 m_adv_std=14.2928 m_kl_max=0.0040 m_ratio_max=0.274 w_ax@goal=+1.01 w_v@goal=19.23 return=951.9 length=87 success_rate=1.00 collisions/ep=1.08 (n=24)
update=48 global_step=98304 SPS=593 w_ev=0.958 m_ev=0.981 m_v_bias=5.9 m_adv_std=26.1164 m_kl_max=0.0269 m_ratio_max=0.848 w_ax@goal=+0.99 w_v@goal=19.11 return=937.0 length=84 success_rate=1.00 collisions/ep=1.38 (n=24)
update=49 global_step=100352 SPS=598 w_ev=0.957 m_ev=0.976 m_v_bias=3.6 m_adv_std=28.9553 m_kl_max=0.0141 m_ratio_max=0.613 w_ax@goal=+1.03 w_v@goal=19.16 return=924.8 length=83 success_rate=1.00 collisions/ep=1.64 (n=25)
update=50 global_step=102400 SPS=603 w_ev=0.960 m_ev=0.977 m_v_bias=-3.6 m_adv_std=28.1160 m_kl_max=0.0044 m_ratio_max=0.367 w_ax@goal=+1.09 w_v@goal=19.10 return=935.7 length=85 success_rate=1.00 collisions/ep=1.42 (n=24)
Evaluation at update 50: return=957.83, length=81.65, success_rate=1.00, collisions/ep=1.00
Solved-check at update 50: solved=False worst_gap=100.01 at p_x0=2.00 p_y0=-1.00 (consecutive=0)
update=51 global_step=104448 SPS=585 w_ev=0.964 m_ev=0.992 m_v_bias=3.9 m_adv_std=15.9162 m_kl_max=0.0116 m_ratio_max=0.448 w_ax@goal=+1.07 w_v@goal=19.23 return=947.2 length=86 success_rate=1.00 collisions/ep=1.17 (n=23)
update=52 global_step=106496 SPS=589 w_ev=0.950 m_ev=0.943 m_v_bias=11.8 m_adv_std=47.4027 m_kl_max=0.0158 m_ratio_max=0.489 w_ax@goal=+1.07 w_v@goal=19.33 return=912.9 length=85 success_rate=1.00 collisions/ep=1.88 (n=24)
update=53 global_step=108544 SPS=594 w_ev=0.963 m_ev=0.978 m_v_bias=0.9 m_adv_std=27.8803 m_kl_max=0.0089 m_ratio_max=0.548 w_ax@goal=+1.03 w_v@goal=19.45 return=922.2 length=84 success_rate=1.00 collisions/ep=1.68 (n=25)
update=54 global_step=110592 SPS=598 w_ev=0.948 m_ev=0.970 m_v_bias=-9.6 m_adv_std=32.8858 m_kl_max=0.0046 m_ratio_max=0.320 w_ax@goal=+0.96 w_v@goal=19.34 return=943.7 length=84 success_rate=1.00 collisions/ep=1.25 (n=24)
update=55 global_step=112640 SPS=602 w_ev=0.937 m_ev=0.970 m_v_bias=-3.2 m_adv_std=32.7458 m_kl_max=0.0119 m_ratio_max=0.519 w_ax@goal=+0.91 w_v@goal=19.32 return=936.6 length=83 success_rate=1.00 collisions/ep=1.40 (n=25)
Evaluation at update 55: return=953.28, length=81.20, success_rate=1.00, collisions/ep=1.10
Solved-check at update 55: solved=False worst_gap=202.02 at p_x0=1.50 p_y0=-1.00 (consecutive=0)
update=56 global_step=114688 SPS=586 w_ev=0.947 m_ev=0.948 m_v_bias=4.0 m_adv_std=44.9345 m_kl_max=0.0071 m_ratio_max=0.378 w_ax@goal=+0.90 w_v@goal=19.40 return=926.7 length=83 success_rate=1.00 collisions/ep=1.59 (n=27)
update=57 global_step=116736 SPS=590 w_ev=0.940 m_ev=0.972 m_v_bias=7.6 m_adv_std=31.8986 m_kl_max=0.0091 m_ratio_max=0.385 w_ax@goal=+0.82 w_v@goal=19.22 return=921.2 length=84 success_rate=1.00 collisions/ep=1.70 (n=23)
update=58 global_step=118784 SPS=594 w_ev=0.946 m_ev=0.987 m_v_bias=-4.1 m_adv_std=21.3088 m_kl_max=0.0182 m_ratio_max=1.699 w_ax@goal=+1.02 w_v@goal=19.34 return=944.5 length=86 success_rate=1.00 collisions/ep=1.24 (n=25)
update=59 global_step=120832 SPS=598 w_ev=0.937 m_ev=0.943 m_v_bias=4.9 m_adv_std=46.3999 m_kl_max=0.0093 m_ratio_max=0.603 w_ax@goal=+0.93 w_v@goal=19.52 return=923.0 length=84 success_rate=1.00 collisions/ep=1.67 (n=24)
update=60 global_step=122880 SPS=602 w_ev=0.963 m_ev=0.984 m_v_bias=-10.7 m_adv_std=23.9304 m_kl_max=0.0133 m_ratio_max=0.613 w_ax@goal=+1.04 w_v@goal=19.36 return=940.8 length=85 success_rate=1.00 collisions/ep=1.33 (n=24)
Evaluation at update 60: return=958.07, length=81.40, success_rate=1.00, collisions/ep=1.00
Solved-check at update 60: solved=False worst_gap=100.02 at p_x0=2.00 p_y0=-1.00 (consecutive=0)
update=61 global_step=124928 SPS=586 w_ev=0.959 m_ev=0.985 m_v_bias=-8.3 m_adv_std=22.7328 m_kl_max=0.0130 m_ratio_max=0.501 w_ax@goal=+1.04 w_v@goal=19.30 return=954.3 length=83 success_rate=1.00 collisions/ep=1.04 (n=25)
update=62 global_step=126976 SPS=590 w_ev=0.948 m_ev=0.987 m_v_bias=5.1 m_adv_std=20.8779 m_kl_max=0.0243 m_ratio_max=0.707 w_ax@goal=+0.89 w_v@goal=19.23 return=941.2 length=83 success_rate=1.00 collisions/ep=1.30 (n=23)
update=63 global_step=129024 SPS=593 w_ev=0.952 m_ev=0.991 m_v_bias=-1.5 m_adv_std=18.1781 m_kl_max=0.0082 m_ratio_max=0.385 w_ax@goal=+1.11 w_v@goal=19.28 return=944.4 length=84 success_rate=1.00 collisions/ep=1.24 (n=25)
update=64 global_step=131072 SPS=597 w_ev=0.955 m_ev=0.988 m_v_bias=-1.5 m_adv_std=19.8516 m_kl_max=0.0056 m_ratio_max=0.335 w_ax@goal=+1.27 w_v@goal=19.23 return=944.4 length=84 success_rate=1.00 collisions/ep=1.25 (n=24)
update=65 global_step=133120 SPS=600 w_ev=0.949 m_ev=0.970 m_v_bias=7.9 m_adv_std=31.6079 m_kl_max=0.0309 m_ratio_max=0.819 w_ax@goal=+1.16 w_v@goal=19.37 return=937.4 length=81 success_rate=1.00 collisions/ep=1.40 (n=25)
Evaluation at update 65: return=958.62, length=80.85, success_rate=1.00, collisions/ep=1.00
Solved-check at update 65: solved=False worst_gap=99.02 at p_x0=2.00 p_y0=-1.00 (consecutive=0)
update=66 global_step=135168 SPS=586 w_ev=0.944 m_ev=0.969 m_v_bias=-1.3 m_adv_std=33.2185 m_kl_max=0.0066 m_ratio_max=0.318 w_ax@goal=+1.25 w_v@goal=19.30 return=930.0 length=82 success_rate=1.00 collisions/ep=1.54 (n=24)
update=67 global_step=137216 SPS=590 w_ev=0.948 m_ev=0.982 m_v_bias=-3.4 m_adv_std=24.8408 m_kl_max=0.0160 m_ratio_max=0.482 w_ax@goal=+1.05 w_v@goal=19.16 return=942.2 length=84 success_rate=1.00 collisions/ep=1.29 (n=24)
update=68 global_step=139264 SPS=593 w_ev=0.951 m_ev=0.992 m_v_bias=-1.4 m_adv_std=16.4215 m_kl_max=0.0120 m_ratio_max=0.913 w_ax@goal=+1.15 w_v@goal=19.18 return=946.5 length=84 success_rate=1.00 collisions/ep=1.21 (n=24)
update=69 global_step=141312 SPS=596 w_ev=0.957 m_ev=0.977 m_v_bias=0.9 m_adv_std=28.3187 m_kl_max=0.0047 m_ratio_max=0.337 w_ax@goal=+0.94 w_v@goal=19.18 return=952.4 length=85 success_rate=1.00 collisions/ep=1.08 (n=26)
update=70 global_step=143360 SPS=600 w_ev=0.960 m_ev=0.992 m_v_bias=-5.9 m_adv_std=16.2109 m_kl_max=0.0107 m_ratio_max=0.876 w_ax@goal=+1.10 w_v@goal=19.24 return=964.5 length=84 success_rate=1.00 collisions/ep=0.83 (n=23)
Evaluation at update 70: return=957.97, length=81.50, success_rate=1.00, collisions/ep=1.00
Solved-check at update 70: solved=False worst_gap=100.02 at p_x0=2.00 p_y0=-1.00 (consecutive=0)
update=71 global_step=145408 SPS=587 w_ev=0.958 m_ev=0.989 m_v_bias=2.2 m_adv_std=19.5251 m_kl_max=0.0270 m_ratio_max=0.785 w_ax@goal=+1.00 w_v@goal=19.23 return=960.4 length=85 success_rate=1.00 collisions/ep=0.92 (n=24)
update=72 global_step=147456 SPS=590 w_ev=0.956 m_ev=0.990 m_v_bias=-2.7 m_adv_std=18.0349 m_kl_max=0.0144 m_ratio_max=0.709 w_ax@goal=+1.03 w_v@goal=19.35 return=979.8 length=85 success_rate=1.00 collisions/ep=0.52 (n=25)
update=73 global_step=149504 SPS=593 w_ev=0.961 m_ev=0.989 m_v_bias=-1.8 m_adv_std=18.8100 m_kl_max=0.0432 m_ratio_max=0.916 w_ax@goal=+1.05 w_v@goal=19.22 return=977.1 length=87 success_rate=1.00 collisions/ep=0.58 (n=24)
update=74 global_step=151552 SPS=596 w_ev=0.956 m_ev=0.983 m_v_bias=1.5 m_adv_std=23.5672 m_kl_max=0.0574 m_ratio_max=2.381 w_ax@goal=+1.06 w_v@goal=19.36 return=977.4 length=84 success_rate=1.00 collisions/ep=0.58 (n=24)
update=75 global_step=153600 SPS=599 w_ev=0.950 m_ev=0.957 m_v_bias=9.7 m_adv_std=38.7656 m_kl_max=0.0213 m_ratio_max=0.687 w_ax@goal=+1.13 w_v@goal=19.35 return=959.9 length=84 success_rate=1.00 collisions/ep=0.92 (n=24)
Evaluation at update 75: return=1003.08, length=81.40, success_rate=1.00, collisions/ep=0.10
Solved-check at update 75: solved=False worst_gap=100.03 at p_x0=2.00 p_y0=-1.00 (consecutive=0)
update=76 global_step=155648 SPS=586 w_ev=0.941 m_ev=0.930 m_v_bias=9.6 m_adv_std=52.2560 m_kl_max=0.0082 m_ratio_max=0.410 w_ax@goal=+0.99 w_v@goal=19.15 return=948.3 length=84 success_rate=1.00 collisions/ep=1.16 (n=25)
update=77 global_step=157696 SPS=589 w_ev=0.931 m_ev=0.962 m_v_bias=-10.7 m_adv_std=36.0505 m_kl_max=0.0165 m_ratio_max=0.588 w_ax@goal=+1.04 w_v@goal=19.15 return=945.4 length=85 success_rate=1.00 collisions/ep=1.22 (n=23)
update=78 global_step=159744 SPS=592 w_ev=0.957 m_ev=0.987 m_v_bias=-7.2 m_adv_std=20.7965 m_kl_max=0.0064 m_ratio_max=0.367 w_ax@goal=+1.00 w_v@goal=19.35 return=978.3 length=86 success_rate=1.00 collisions/ep=0.54 (n=24)
update=79 global_step=161792 SPS=595 w_ev=0.959 m_ev=0.978 m_v_bias=1.8 m_adv_std=27.6668 m_kl_max=0.0113 m_ratio_max=0.506 w_ax@goal=+1.15 w_v@goal=19.69 return=982.6 length=87 success_rate=1.00 collisions/ep=0.46 (n=24)
update=80 global_step=163840 SPS=598 w_ev=0.943 m_ev=0.960 m_v_bias=5.6 m_adv_std=37.2384 m_kl_max=0.0166 m_ratio_max=0.505 w_ax@goal=+0.93 w_v@goal=19.34 return=946.6 length=84 success_rate=1.00 collisions/ep=1.17 (n=24)
Evaluation at update 80: return=1002.62, length=81.85, success_rate=1.00, collisions/ep=0.10
Solved-check at update 80: solved=False worst_gap=100.03 at p_x0=2.00 p_y0=-1.00 (consecutive=0)
update=81 global_step=165888 SPS=586 w_ev=0.959 m_ev=0.989 m_v_bias=-9.5 m_adv_std=18.3810 m_kl_max=0.0198 m_ratio_max=0.635 w_ax@goal=+1.01 w_v@goal=19.31 return=985.9 length=85 success_rate=1.00 collisions/ep=0.40 (n=25)
update=82 global_step=167936 SPS=589 w_ev=0.948 m_ev=0.977 m_v_bias=-2.2 m_adv_std=27.8539 m_kl_max=0.0133 m_ratio_max=0.472 w_ax@goal=+1.09 w_v@goal=19.18 return=976.9 length=84 success_rate=1.00 collisions/ep=0.58 (n=24)
update=83 global_step=169984 SPS=592 w_ev=0.950 m_ev=0.967 m_v_bias=6.1 m_adv_std=33.3134 m_kl_max=0.0062 m_ratio_max=0.442 w_ax@goal=+1.12 w_v@goal=19.21 return=956.8 length=84 success_rate=1.00 collisions/ep=1.00 (n=25)
update=84 global_step=172032 SPS=594 w_ev=0.954 m_ev=0.986 m_v_bias=0.1 m_adv_std=21.4749 m_kl_max=0.0063 m_ratio_max=0.395 w_ax@goal=+1.17 w_v@goal=19.26 return=987.4 length=84 success_rate=1.00 collisions/ep=0.38 (n=24)
update=85 global_step=174080 SPS=597 w_ev=0.964 m_ev=0.968 m_v_bias=1.4 m_adv_std=32.8093 m_kl_max=0.0081 m_ratio_max=0.436 w_ax@goal=+1.20 w_v@goal=19.19 return=968.6 length=85 success_rate=1.00 collisions/ep=0.76 (n=25)
Evaluation at update 85: return=997.67, length=81.80, success_rate=1.00, collisions/ep=0.20
Solved-check at update 85: solved=False worst_gap=100.03 at p_x0=2.00 p_y0=-1.00 (consecutive=0)
update=86 global_step=176128 SPS=586 w_ev=0.960 m_ev=0.976 m_v_bias=0.4 m_adv_std=26.6447 m_kl_max=0.0101 m_ratio_max=0.636 w_ax@goal=+1.16 w_v@goal=19.43 return=973.6 length=85 success_rate=1.00 collisions/ep=0.65 (n=23)
update=87 global_step=178176 SPS=588 w_ev=0.960 m_ev=0.990 m_v_bias=2.0 m_adv_std=17.9403 m_kl_max=0.0182 m_ratio_max=0.895 w_ax@goal=+1.23 w_v@goal=19.22 return=975.0 length=86 success_rate=1.00 collisions/ep=0.62 (n=24)
update=88 global_step=180224 SPS=591 w_ev=0.954 m_ev=0.981 m_v_bias=0.2 m_adv_std=24.4453 m_kl_max=0.0156 m_ratio_max=1.495 w_ax@goal=+1.30 w_v@goal=19.08 return=964.9 length=84 success_rate=1.00 collisions/ep=0.83 (n=24)
update=89 global_step=182272 SPS=593 w_ev=0.960 m_ev=0.990 m_v_bias=-2.8 m_adv_std=18.0653 m_kl_max=0.0169 m_ratio_max=0.534 w_ax@goal=+1.38 w_v@goal=19.24 return=977.8 length=82 success_rate=1.00 collisions/ep=0.56 (n=25)
update=90 global_step=184320 SPS=596 w_ev=0.956 m_ev=0.994 m_v_bias=-4.8 m_adv_std=13.4644 m_kl_max=0.0113 m_ratio_max=0.780 w_ax@goal=+1.38 w_v@goal=19.12 return=996.4 length=86 success_rate=1.00 collisions/ep=0.20 (n=25)
Evaluation at update 90: return=1007.77, length=81.70, success_rate=1.00, collisions/ep=0.00
Solved-check at update 90: solved=False worst_gap=100.03 at p_x0=2.00 p_y0=-1.00 (consecutive=0)
update=91 global_step=186368 SPS=585 w_ev=0.960 m_ev=0.990 m_v_bias=-1.9 m_adv_std=17.2860 m_kl_max=0.0190 m_ratio_max=0.800 w_ax@goal=+1.33 w_v@goal=19.37 return=991.7 length=83 success_rate=1.00 collisions/ep=0.29 (n=24)
update=92 global_step=188416 SPS=588 w_ev=0.962 m_ev=0.985 m_v_bias=4.2 m_adv_std=21.1012 m_kl_max=0.0058 m_ratio_max=0.415 w_ax@goal=+1.38 w_v@goal=19.31 return=982.2 length=84 success_rate=1.00 collisions/ep=0.48 (n=25)
update=93 global_step=190464 SPS=591 w_ev=0.943 m_ev=0.952 m_v_bias=3.1 m_adv_std=40.6792 m_kl_max=0.0200 m_ratio_max=1.292 w_ax@goal=+1.43 w_v@goal=19.32 return=977.1 length=84 success_rate=1.00 collisions/ep=0.58 (n=24)
update=94 global_step=192512 SPS=593 w_ev=0.964 m_ev=0.988 m_v_bias=-9.4 m_adv_std=19.7571 m_kl_max=0.0123 m_ratio_max=0.764 w_ax@goal=+1.30 w_v@goal=19.38 return=995.4 length=88 success_rate=1.00 collisions/ep=0.22 (n=23)
update=95 global_step=194560 SPS=595 w_ev=0.945 m_ev=0.950 m_v_bias=7.2 m_adv_std=41.9477 m_kl_max=0.0179 m_ratio_max=1.064 w_ax@goal=+1.22 w_v@goal=19.31 return=969.9 length=84 success_rate=1.00 collisions/ep=0.72 (n=25)
Evaluation at update 95: return=1007.32, length=82.15, success_rate=1.00, collisions/ep=0.00
Solved-check at update 95: solved=False worst_gap=101.04 at p_x0=2.00 p_y0=-1.00 (consecutive=0)
update=96 global_step=196608 SPS=585 w_ev=0.955 m_ev=0.986 m_v_bias=-3.8 m_adv_std=20.9145 m_kl_max=0.0138 m_ratio_max=0.507 w_ax@goal=+1.38 w_v@goal=19.37 return=991.2 length=85 success_rate=1.00 collisions/ep=0.29 (n=24)
update=97 global_step=198656 SPS=587 w_ev=0.953 m_ev=0.984 m_v_bias=1.6 m_adv_std=22.1208 m_kl_max=0.0261 m_ratio_max=0.951 w_ax@goal=+1.20 w_v@goal=19.32 return=972.7 length=84 success_rate=1.00 collisions/ep=0.67 (n=24)
update=98 global_step=200704 SPS=590 w_ev=0.946 m_ev=0.978 m_v_bias=1.4 m_adv_std=26.9195 m_kl_max=0.0249 m_ratio_max=0.753 w_ax@goal=+1.27 w_v@goal=19.30 return=984.5 length=86 success_rate=1.00 collisions/ep=0.43 (n=23)
update=99 global_step=202752 SPS=592 w_ev=0.951 m_ev=0.967 m_v_bias=-2.6 m_adv_std=32.8482 m_kl_max=0.0198 m_ratio_max=0.693 w_ax@goal=+1.17 w_v@goal=19.50 return=978.8 length=86 success_rate=1.00 collisions/ep=0.54 (n=24)
update=100 global_step=204800 SPS=594 w_ev=0.945 m_ev=0.982 m_v_bias=1.3 m_adv_std=24.0203 m_kl_max=0.0157 m_ratio_max=0.583 w_ax@goal=+1.24 w_v@goal=19.50 return=988.2 length=84 success_rate=1.00 collisions/ep=0.36 (n=25)
Evaluation at update 100: return=1007.22, length=82.25, success_rate=1.00, collisions/ep=0.00
Solved-check at update 100: solved=False worst_gap=101.04 at p_x0=2.00 p_y0=-1.00 (consecutive=0)
update=101 global_step=206848 SPS=585 w_ev=0.946 m_ev=0.991 m_v_bias=-2.1 m_adv_std=16.8733 m_kl_max=0.0271 m_ratio_max=0.630 w_ax@goal=+1.13 w_v@goal=19.47 return=997.5 length=86 success_rate=1.00 collisions/ep=0.17 (n=24)
update=102 global_step=208896 SPS=587 w_ev=0.949 m_ev=0.990 m_v_bias=3.1 m_adv_std=17.4540 m_kl_max=0.0084 m_ratio_max=0.461 w_ax@goal=+1.13 w_v@goal=19.37 return=991.3 length=85 success_rate=1.00 collisions/ep=0.29 (n=24)
update=103 global_step=210944 SPS=589 w_ev=0.954 m_ev=0.995 m_v_bias=-4.4 m_adv_std=11.9487 m_kl_max=0.0178 m_ratio_max=0.835 w_ax@goal=+1.08 w_v@goal=19.30 return=995.8 length=84 success_rate=1.00 collisions/ep=0.20 (n=25)
update=104 global_step=212992 SPS=592 w_ev=0.953 m_ev=0.994 m_v_bias=0.5 m_adv_std=13.2039 m_kl_max=0.0198 m_ratio_max=0.514 w_ax@goal=+1.01 w_v@goal=19.19 return=994.3 length=84 success_rate=1.00 collisions/ep=0.24 (n=25)
update=105 global_step=215040 SPS=594 w_ev=0.950 m_ev=0.945 m_v_bias=6.1 m_adv_std=43.7119 m_kl_max=0.0085 m_ratio_max=0.419 w_ax@goal=+1.11 w_v@goal=19.41 return=973.5 length=85 success_rate=1.00 collisions/ep=0.65 (n=23)
Evaluation at update 105: return=1007.16, length=82.30, success_rate=1.00, collisions/ep=0.00
Solved-check at update 105: solved=False worst_gap=101.04 at p_x0=2.00 p_y0=-1.00 (consecutive=0)
update=106 global_step=217088 SPS=585 w_ev=0.944 m_ev=0.996 m_v_bias=-13.0 m_adv_std=11.3743 m_kl_max=0.0145 m_ratio_max=0.540 w_ax@goal=+1.00 w_v@goal=19.47 return=1003.0 length=85 success_rate=1.00 collisions/ep=0.04 (n=24)
update=107 global_step=219136 SPS=587 w_ev=0.954 m_ev=0.992 m_v_bias=0.3 m_adv_std=16.1621 m_kl_max=0.0275 m_ratio_max=0.942 w_ax@goal=+1.06 w_v@goal=19.26 return=992.9 length=86 success_rate=1.00 collisions/ep=0.25 (n=24)
update=108 global_step=221184 SPS=589 w_ev=0.958 m_ev=0.991 m_v_bias=-2.4 m_adv_std=16.4652 m_kl_max=0.0129 m_ratio_max=0.493 w_ax@goal=+0.97 w_v@goal=19.48 return=995.5 length=85 success_rate=1.00 collisions/ep=0.20 (n=25)
update=109 global_step=223232 SPS=591 w_ev=0.960 m_ev=0.992 m_v_bias=4.9 m_adv_std=15.1488 m_kl_max=0.0125 m_ratio_max=0.545 w_ax@goal=+0.97 w_v@goal=19.38 return=987.1 length=84 success_rate=1.00 collisions/ep=0.38 (n=24)
update=110 global_step=225280 SPS=593 w_ev=0.941 m_ev=0.992 m_v_bias=-2.7 m_adv_std=16.3911 m_kl_max=0.0111 m_ratio_max=0.446 w_ax@goal=+0.72 w_v@goal=19.45 return=996.1 length=85 success_rate=1.00 collisions/ep=0.20 (n=25)
Evaluation at update 110: return=1007.56, length=81.90, success_rate=1.00, collisions/ep=0.00
Solved-check at update 110: solved=False worst_gap=101.04 at p_x0=2.00 p_y0=-1.00 (consecutive=0)
update=111 global_step=227328 SPS=585 w_ev=0.960 m_ev=0.987 m_v_bias=-0.6 m_adv_std=19.9143 m_kl_max=0.0161 m_ratio_max=0.641 w_ax@goal=+0.91 w_v@goal=19.36 return=992.9 length=86 success_rate=1.00 collisions/ep=0.26 (n=23)
update=112 global_step=229376 SPS=587 w_ev=0.953 m_ev=0.998 m_v_bias=-5.9 m_adv_std=8.3095 m_kl_max=0.0366 m_ratio_max=1.336 w_ax@goal=+0.90 w_v@goal=19.49 return=1004.4 length=84 success_rate=1.00 collisions/ep=0.04 (n=24)
update=113 global_step=231424 SPS=589 w_ev=0.952 m_ev=0.993 m_v_bias=1.6 m_adv_std=14.1517 m_kl_max=0.0258 m_ratio_max=0.752 w_ax@goal=+1.07 w_v@goal=19.40 return=1001.9 length=87 success_rate=1.00 collisions/ep=0.08 (n=24)
update=114 global_step=233472 SPS=591 w_ev=0.965 m_ev=0.995 m_v_bias=-0.6 m_adv_std=12.5004 m_kl_max=0.0051 m_ratio_max=0.356 w_ax@goal=+0.59 w_v@goal=19.55 return=993.7 length=84 success_rate=1.00 collisions/ep=0.25 (n=24)
update=115 global_step=235520 SPS=593 w_ev=0.952 m_ev=0.991 m_v_bias=0.2 m_adv_std=16.7653 m_kl_max=0.0089 m_ratio_max=0.510 w_ax@goal=+0.90 w_v@goal=19.38 return=994.0 length=85 success_rate=1.00 collisions/ep=0.25 (n=24)
Evaluation at update 115: return=1007.97, length=81.50, success_rate=1.00, collisions/ep=0.00
Solved-check at update 115: solved=False worst_gap=51.04 at p_x0=2.00 p_y0=-1.00 (consecutive=0)
update=116 global_step=237568 SPS=585 w_ev=0.955 m_ev=0.998 m_v_bias=-1.6 m_adv_std=8.5831 m_kl_max=0.0045 m_ratio_max=0.331 w_ax@goal=+1.02 w_v@goal=19.52 return=1001.9 length=85 success_rate=1.00 collisions/ep=0.08 (n=24)
update=117 global_step=239616 SPS=587 w_ev=0.960 m_ev=0.991 m_v_bias=3.0 m_adv_std=16.4153 m_kl_max=0.0132 m_ratio_max=0.843 w_ax@goal=+0.93 w_v@goal=19.57 return=991.5 length=87 success_rate=1.00 collisions/ep=0.30 (n=23)
update=118 global_step=241664 SPS=589 w_ev=0.943 m_ev=0.989 m_v_bias=0.0 m_adv_std=18.7896 m_kl_max=0.0229 m_ratio_max=0.694 w_ax@goal=+0.91 w_v@goal=19.52 return=986.4 length=85 success_rate=1.00 collisions/ep=0.40 (n=25)
update=119 global_step=243712 SPS=591 w_ev=0.948 m_ev=0.992 m_v_bias=4.6 m_adv_std=15.6506 m_kl_max=0.0146 m_ratio_max=0.644 w_ax@goal=+0.95 w_v@goal=19.46 return=992.0 length=86 success_rate=1.00 collisions/ep=0.29 (n=24)
update=120 global_step=245760 SPS=592 w_ev=0.942 m_ev=0.959 m_v_bias=0.3 m_adv_std=36.0893 m_kl_max=0.0213 m_ratio_max=0.871 w_ax@goal=+1.03 w_v@goal=19.57 return=983.6 length=86 success_rate=1.00 collisions/ep=0.45 (n=22)
Evaluation at update 120: return=1007.11, length=82.35, success_rate=1.00, collisions/ep=0.00
Solved-check at update 120: solved=False worst_gap=8.03 at p_x0=0.00 p_y0=-0.50 (consecutive=0)
update=121 global_step=247808 SPS=585 w_ev=0.949 m_ev=0.993 m_v_bias=-4.3 m_adv_std=14.7692 m_kl_max=0.0104 m_ratio_max=0.611 w_ax@goal=+0.98 w_v@goal=19.36 return=994.0 length=85 success_rate=1.00 collisions/ep=0.24 (n=25)
update=122 global_step=249856 SPS=587 w_ev=0.958 m_ev=0.998 m_v_bias=-3.8 m_adv_std=7.0191 m_kl_max=0.0185 m_ratio_max=0.678 w_ax@goal=+1.02 w_v@goal=19.34 return=1003.9 length=87 success_rate=1.00 collisions/ep=0.04 (n=24)
update=123 global_step=251904 SPS=589 w_ev=0.942 m_ev=0.971 m_v_bias=2.6 m_adv_std=29.4336 m_kl_max=0.0146 m_ratio_max=0.624 w_ax@goal=+1.01 w_v@goal=19.41 return=1003.5 length=83 success_rate=1.00 collisions/ep=0.04 (n=25)
update=124 global_step=253952 SPS=590 w_ev=0.926 m_ev=0.943 m_v_bias=2.4 m_adv_std=42.8652 m_kl_max=0.0145 m_ratio_max=1.211 w_ax@goal=+0.98 w_v@goal=19.51 return=976.3 length=84 success_rate=1.00 collisions/ep=0.58 (n=24)
update=125 global_step=256000 SPS=592 w_ev=0.959 m_ev=0.994 m_v_bias=-4.4 m_adv_std=12.9894 m_kl_max=0.0073 m_ratio_max=0.496 w_ax@goal=+0.96 w_v@goal=19.46 return=997.2 length=84 success_rate=1.00 collisions/ep=0.17 (n=24)
Evaluation at update 125: return=1007.16, length=82.30, success_rate=1.00, collisions/ep=0.00
Solved-check at update 125: solved=False worst_gap=51.04 at p_x0=2.00 p_y0=-1.00 (consecutive=0)
update=126 global_step=258048 SPS=585 w_ev=0.956 m_ev=0.994 m_v_bias=-1.5 m_adv_std=13.3469 m_kl_max=0.0170 m_ratio_max=0.910 w_ax@goal=+1.01 w_v@goal=19.51 return=1001.9 length=86 success_rate=1.00 collisions/ep=0.08 (n=24)
update=127 global_step=260096 SPS=586 w_ev=0.957 m_ev=0.995 m_v_bias=-2.0 m_adv_std=11.5787 m_kl_max=0.0263 m_ratio_max=1.074 w_ax@goal=+0.95 w_v@goal=19.50 return=999.9 length=84 success_rate=1.00 collisions/ep=0.12 (n=25)
update=128 global_step=262144 SPS=588 w_ev=0.944 m_ev=0.989 m_v_bias=4.3 m_adv_std=18.9100 m_kl_max=0.0122 m_ratio_max=0.415 w_ax@goal=+0.89 w_v@goal=19.41 return=991.0 length=85 success_rate=1.00 collisions/ep=0.29 (n=24)
update=129 global_step=264192 SPS=590 w_ev=0.936 m_ev=0.991 m_v_bias=-2.1 m_adv_std=17.3807 m_kl_max=0.0115 m_ratio_max=0.920 w_ax@goal=+0.77 w_v@goal=19.36 return=994.0 length=86 success_rate=1.00 collisions/ep=0.25 (n=24)
update=130 global_step=266240 SPS=592 w_ev=0.950 m_ev=0.997 m_v_bias=-3.0 m_adv_std=9.0448 m_kl_max=0.0132 m_ratio_max=0.585 w_ax@goal=+0.77 w_v@goal=19.61 return=1003.2 length=84 success_rate=1.00 collisions/ep=0.04 (n=24)
Evaluation at update 130: return=1007.26, length=82.20, success_rate=1.00, collisions/ep=0.00
Solved-check at update 130: solved=False worst_gap=51.03 at p_x0=2.00 p_y0=-1.00 (consecutive=0)
update=131 global_step=268288 SPS=585 w_ev=0.947 m_ev=0.999 m_v_bias=-1.9 m_adv_std=6.1058 m_kl_max=0.0249 m_ratio_max=0.718 w_ax@goal=+0.86 w_v@goal=19.42 return=1006.3 length=86 success_rate=1.00 collisions/ep=0.00 (n=24)
update=132 global_step=270336 SPS=586 w_ev=0.943 m_ev=0.995 m_v_bias=0.2 m_adv_std=11.9174 m_kl_max=0.0266 m_ratio_max=0.721 w_ax@goal=+0.90 w_v@goal=19.53 return=1002.3 length=86 success_rate=1.00 collisions/ep=0.09 (n=23)
update=133 global_step=272384 SPS=588 w_ev=0.942 m_ev=0.987 m_v_bias=3.6 m_adv_std=19.8072 m_kl_max=0.0064 m_ratio_max=0.412 w_ax@goal=+0.81 w_v@goal=19.48 return=994.7 length=83 success_rate=1.00 collisions/ep=0.24 (n=25)
update=134 global_step=274432 SPS=590 w_ev=0.949 m_ev=0.980 m_v_bias=1.3 m_adv_std=24.4919 m_kl_max=0.0081 m_ratio_max=0.373 w_ax@goal=+0.78 w_v@goal=19.55 return=1000.4 length=82 success_rate=1.00 collisions/ep=0.12 (n=25)
update=135 global_step=276480 SPS=592 w_ev=0.951 m_ev=0.996 m_v_bias=1.0 m_adv_std=10.8324 m_kl_max=0.0467 m_ratio_max=2.247 w_ax@goal=+0.82 w_v@goal=19.63 return=989.9 length=85 success_rate=1.00 collisions/ep=0.33 (n=24)
Evaluation at update 135: return=1008.17, length=81.30, success_rate=1.00, collisions/ep=0.00
Solved-check at update 135: solved=False worst_gap=50.03 at p_x0=2.00 p_y0=-1.00 (consecutive=0)
update=136 global_step=278528 SPS=585 w_ev=0.936 m_ev=0.992 m_v_bias=1.2 m_adv_std=15.4824 m_kl_max=0.0149 m_ratio_max=0.748 w_ax@goal=+0.84 w_v@goal=19.43 return=996.8 length=84 success_rate=1.00 collisions/ep=0.21 (n=24)
update=137 global_step=280576 SPS=587 w_ev=0.952 m_ev=0.989 m_v_bias=1.5 m_adv_std=18.6040 m_kl_max=0.0292 m_ratio_max=1.341 w_ax@goal=+0.69 w_v@goal=19.43 return=998.9 length=84 success_rate=1.00 collisions/ep=0.16 (n=25)
update=138 global_step=282624 SPS=588 w_ev=0.954 m_ev=0.987 m_v_bias=2.9 m_adv_std=20.2391 m_kl_max=0.0078 m_ratio_max=0.538 w_ax@goal=+0.94 w_v@goal=19.39 return=998.4 length=85 success_rate=1.00 collisions/ep=0.17 (n=24)
update=139 global_step=284672 SPS=590 w_ev=0.946 m_ev=0.982 m_v_bias=0.1 m_adv_std=23.7444 m_kl_max=0.0256 m_ratio_max=0.736 w_ax@goal=+0.63 w_v@goal=19.34 return=982.7 length=83 success_rate=1.00 collisions/ep=0.48 (n=25)
update=140 global_step=286720 SPS=592 w_ev=0.940 m_ev=0.993 m_v_bias=-4.3 m_adv_std=14.1188 m_kl_max=0.0190 m_ratio_max=1.135 w_ax@goal=+0.68 w_v@goal=19.44 return=997.2 length=82 success_rate=1.00 collisions/ep=0.19 (n=26)
Evaluation at update 140: return=1008.17, length=81.30, success_rate=1.00, collisions/ep=0.00
Solved-check at update 140: solved=False worst_gap=50.03 at p_x0=2.00 p_y0=-1.00 (consecutive=0)
update=141 global_step=288768 SPS=585 w_ev=0.939 m_ev=0.996 m_v_bias=-2.6 m_adv_std=11.2269 m_kl_max=0.0318 m_ratio_max=0.939 w_ax@goal=+0.75 w_v@goal=19.44 return=998.8 length=84 success_rate=1.00 collisions/ep=0.17 (n=24)
update=142 global_step=290816 SPS=587 w_ev=0.959 m_ev=0.986 m_v_bias=3.2 m_adv_std=20.3664 m_kl_max=0.0109 m_ratio_max=0.620 w_ax@goal=+0.55 w_v@goal=19.37 return=1002.2 length=83 success_rate=1.00 collisions/ep=0.08 (n=24)
update=143 global_step=292864 SPS=588 w_ev=0.954 m_ev=0.993 m_v_bias=1.5 m_adv_std=14.4617 m_kl_max=0.0105 m_ratio_max=0.441 w_ax@goal=+0.79 w_v@goal=19.35 return=986.3 length=83 success_rate=1.00 collisions/ep=0.40 (n=25)
update=144 global_step=294912 SPS=590 w_ev=0.952 m_ev=0.994 m_v_bias=-2.5 m_adv_std=13.9543 m_kl_max=0.0226 m_ratio_max=0.764 w_ax@goal=+0.60 w_v@goal=19.50 return=1000.4 length=85 success_rate=1.00 collisions/ep=0.12 (n=24)
update=145 global_step=296960 SPS=591 w_ev=0.956 m_ev=0.994 m_v_bias=-0.7 m_adv_std=12.7678 m_kl_max=0.0090 m_ratio_max=0.366 w_ax@goal=+0.82 w_v@goal=19.54 return=995.8 length=84 success_rate=1.00 collisions/ep=0.21 (n=24)
Evaluation at update 145: return=1007.81, length=81.65, success_rate=1.00, collisions/ep=0.00
Solved-check at update 145: solved=False worst_gap=7.04 at p_x0=0.50 p_y0=-0.50 (consecutive=0)
update=146 global_step=299008 SPS=585 w_ev=0.953 m_ev=0.988 m_v_bias=2.5 m_adv_std=18.7394 m_kl_max=0.0242 m_ratio_max=0.797 w_ax@goal=+0.78 w_v@goal=19.48 return=998.5 length=85 success_rate=1.00 collisions/ep=0.16 (n=25)
update=147 global_step=301056 SPS=586 w_ev=0.946 m_ev=0.996 m_v_bias=-0.7 m_adv_std=11.5909 m_kl_max=0.0271 m_ratio_max=1.146 w_ax@goal=+0.70 w_v@goal=19.54 return=993.9 length=85 success_rate=1.00 collisions/ep=0.25 (n=24)
update=148 global_step=303104 SPS=588 w_ev=0.958 m_ev=0.998 m_v_bias=-2.4 m_adv_std=8.5193 m_kl_max=0.0161 m_ratio_max=0.637 w_ax@goal=+0.52 w_v@goal=19.63 return=1001.8 length=85 success_rate=1.00 collisions/ep=0.08 (n=24)
update=149 global_step=305152 SPS=589 w_ev=0.958 m_ev=0.998 m_v_bias=-4.1 m_adv_std=7.7778 m_kl_max=0.0110 m_ratio_max=0.501 w_ax@goal=+0.88 w_v@goal=19.52 return=1002.6 length=84 success_rate=1.00 collisions/ep=0.08 (n=24)
update=150 global_step=307200 SPS=591 w_ev=0.954 m_ev=0.998 m_v_bias=-0.8 m_adv_std=6.7750 m_kl_max=0.0124 m_ratio_max=0.562 w_ax@goal=+0.76 w_v@goal=19.65 return=1004.4 length=84 success_rate=1.00 collisions/ep=0.04 (n=24)
Evaluation at update 150: return=1008.01, length=81.45, success_rate=1.00, collisions/ep=0.00
Solved-check at update 150: solved=False worst_gap=7.03 at p_x0=0.00 p_y0=-0.50 (consecutive=0)
update=151 global_step=309248 SPS=585 w_ev=0.956 m_ev=0.994 m_v_bias=1.7 m_adv_std=12.6042 m_kl_max=0.0119 m_ratio_max=0.700 w_ax@goal=+0.66 w_v@goal=19.51 return=1000.9 length=82 success_rate=1.00 collisions/ep=0.12 (n=26)
update=152 global_step=311296 SPS=586 w_ev=0.951 m_ev=0.992 m_v_bias=-1.3 m_adv_std=14.9561 m_kl_max=0.0072 m_ratio_max=0.516 w_ax@goal=+0.77 w_v@goal=19.53 return=996.4 length=83 success_rate=1.00 collisions/ep=0.21 (n=24)
update=153 global_step=313344 SPS=588 w_ev=0.958 m_ev=0.998 m_v_bias=-3.5 m_adv_std=6.8325 m_kl_max=0.0339 m_ratio_max=0.823 w_ax@goal=+0.96 w_v@goal=19.59 return=1007.1 length=83 success_rate=1.00 collisions/ep=0.00 (n=26)
update=154 global_step=315392 SPS=590 w_ev=0.962 m_ev=0.999 m_v_bias=-0.2 m_adv_std=6.4547 m_kl_max=0.0272 m_ratio_max=0.693 w_ax@goal=+1.04 w_v@goal=19.59 return=1003.3 length=85 success_rate=1.00 collisions/ep=0.08 (n=24)
update=155 global_step=317440 SPS=591 w_ev=0.924 m_ev=0.951 m_v_bias=9.5 m_adv_std=38.8405 m_kl_max=0.0332 m_ratio_max=0.743 w_ax@goal=+0.92 w_v@goal=19.55 return=977.6 length=82 success_rate=1.00 collisions/ep=0.58 (n=24)
Evaluation at update 155: return=1008.07, length=81.40, success_rate=1.00, collisions/ep=0.00
Solved-check at update 155: solved=False worst_gap=50.02 at p_x0=2.00 p_y0=-1.00 (consecutive=0)
update=156 global_step=319488 SPS=585 w_ev=0.961 m_ev=0.997 m_v_bias=-12.7 m_adv_std=9.3828 m_kl_max=0.0095 m_ratio_max=0.534 w_ax@goal=+0.99 w_v@goal=19.65 return=1007.0 length=85 success_rate=1.00 collisions/ep=0.00 (n=24)
update=157 global_step=321536 SPS=587 w_ev=0.921 m_ev=0.958 m_v_bias=4.3 m_adv_std=36.7028 m_kl_max=0.0264 m_ratio_max=0.869 w_ax@goal=+0.90 w_v@goal=19.63 return=982.1 length=86 success_rate=1.00 collisions/ep=0.50 (n=24)
update=158 global_step=323584 SPS=588 w_ev=0.954 m_ev=0.996 m_v_bias=-3.5 m_adv_std=11.3794 m_kl_max=0.0117 m_ratio_max=0.578 w_ax@goal=+1.05 w_v@goal=19.63 return=1000.5 length=85 success_rate=1.00 collisions/ep=0.12 (n=24)
update=159 global_step=325632 SPS=589 w_ev=0.948 m_ev=0.985 m_v_bias=3.1 m_adv_std=20.8206 m_kl_max=0.0089 m_ratio_max=0.497 w_ax@goal=+0.87 w_v@goal=19.54 return=995.1 length=82 success_rate=1.00 collisions/ep=0.24 (n=25)
update=160 global_step=327680 SPS=591 w_ev=0.955 m_ev=0.994 m_v_bias=0.9 m_adv_std=13.5766 m_kl_max=0.0092 m_ratio_max=0.564 w_ax@goal=+0.82 w_v@goal=19.58 return=991.8 length=84 success_rate=1.00 collisions/ep=0.30 (n=27)
Evaluation at update 160: return=1008.17, length=81.30, success_rate=1.00, collisions/ep=0.00
Solved-check at update 160: solved=False worst_gap=50.02 at p_x0=2.00 p_y0=-1.00 (consecutive=0)
update=161 global_step=329728 SPS=585 w_ev=0.939 m_ev=0.996 m_v_bias=-2.8 m_adv_std=10.3488 m_kl_max=0.0083 m_ratio_max=0.366 w_ax@goal=+1.00 w_v@goal=19.59 return=1000.2 length=83 success_rate=1.00 collisions/ep=0.13 (n=23)
update=162 global_step=331776 SPS=586 w_ev=0.932 m_ev=0.990 m_v_bias=4.3 m_adv_std=17.8686 m_kl_max=0.0283 m_ratio_max=0.862 w_ax@goal=+0.87 w_v@goal=19.57 return=988.5 length=84 success_rate=1.00 collisions/ep=0.36 (n=25)
update=163 global_step=333824 SPS=588 w_ev=0.944 m_ev=0.997 m_v_bias=-4.9 m_adv_std=9.2906 m_kl_max=0.0097 m_ratio_max=0.455 w_ax@goal=+0.72 w_v@goal=19.44 return=1002.8 length=84 success_rate=1.00 collisions/ep=0.08 (n=25)
update=164 global_step=335872 SPS=589 w_ev=0.950 m_ev=0.993 m_v_bias=2.4 m_adv_std=13.9078 m_kl_max=0.0217 m_ratio_max=0.650 w_ax@goal=+0.87 w_v@goal=19.38 return=996.7 length=82 success_rate=1.00 collisions/ep=0.21 (n=24)
update=165 global_step=337920 SPS=590 w_ev=0.946 m_ev=0.997 m_v_bias=-3.6 m_adv_std=9.9167 m_kl_max=0.0114 m_ratio_max=0.418 w_ax@goal=+0.80 w_v@goal=19.44 return=1000.8 length=84 success_rate=1.00 collisions/ep=0.12 (n=24)
Evaluation at update 165: return=1008.42, length=81.05, success_rate=1.00, collisions/ep=0.00
Solved-check at update 165: solved=False worst_gap=150.03 at p_x0=2.00 p_y0=-1.00 (consecutive=0)
update=166 global_step=339968 SPS=585 w_ev=0.943 m_ev=0.972 m_v_bias=5.0 m_adv_std=28.9268 m_kl_max=0.0064 m_ratio_max=0.399 w_ax@goal=+0.93 w_v@goal=19.63 return=994.6 length=83 success_rate=1.00 collisions/ep=0.25 (n=24)
update=167 global_step=342016 SPS=586 w_ev=0.956 m_ev=0.994 m_v_bias=-1.2 m_adv_std=14.1811 m_kl_max=0.0156 m_ratio_max=0.631 w_ax@goal=+0.91 w_v@goal=19.66 return=1000.9 length=87 success_rate=1.00 collisions/ep=0.12 (n=25)
update=168 global_step=344064 SPS=588 w_ev=0.953 m_ev=0.974 m_v_bias=3.3 m_adv_std=28.3238 m_kl_max=0.0259 m_ratio_max=1.418 w_ax@goal=+0.75 w_v@goal=19.49 return=986.8 length=86 success_rate=1.00 collisions/ep=0.39 (n=23)
update=169 global_step=346112 SPS=589 w_ev=0.896 m_ev=0.925 m_v_bias=13.4 m_adv_std=50.4748 m_kl_max=0.0128 m_ratio_max=0.474 w_ax@goal=+0.98 w_v@goal=19.51 return=965.4 length=86 success_rate=1.00 collisions/ep=0.83 (n=24)
update=170 global_step=348160 SPS=590 w_ev=0.945 m_ev=0.976 m_v_bias=-6.7 m_adv_std=27.8755 m_kl_max=0.0150 m_ratio_max=0.680 w_ax@goal=+0.99 w_v@goal=19.68 return=989.0 length=84 success_rate=1.00 collisions/ep=0.36 (n=25)
Evaluation at update 170: return=1008.12, length=81.35, success_rate=1.00, collisions/ep=0.00
Solved-check at update 170: solved=False worst_gap=100.02 at p_x0=2.00 p_y0=-1.00 (consecutive=0)
update=171 global_step=350208 SPS=584 w_ev=0.931 m_ev=0.955 m_v_bias=-1.8 m_adv_std=37.1723 m_kl_max=0.0355 m_ratio_max=1.188 w_ax@goal=+0.98 w_v@goal=19.44 return=980.9 length=83 success_rate=1.00 collisions/ep=0.52 (n=23)
update=172 global_step=352256 SPS=586 w_ev=0.938 m_ev=0.949 m_v_bias=-2.1 m_adv_std=39.2443 m_kl_max=0.0234 m_ratio_max=0.794 w_ax@goal=+0.93 w_v@goal=19.48 return=974.8 length=81 success_rate=1.00 collisions/ep=0.64 (n=25)
update=173 global_step=354304 SPS=587 w_ev=0.951 m_ev=0.992 m_v_bias=-2.3 m_adv_std=14.9217 m_kl_max=0.0147 m_ratio_max=0.582 w_ax@goal=+1.06 w_v@goal=19.52 return=996.0 length=83 success_rate=1.00 collisions/ep=0.21 (n=24)
update=174 global_step=356352 SPS=588 w_ev=0.903 m_ev=0.918 m_v_bias=6.3 m_adv_std=53.2192 m_kl_max=0.0128 m_ratio_max=0.495 w_ax@goal=+1.04 w_v@goal=19.49 return=973.2 length=84 success_rate=1.00 collisions/ep=0.68 (n=25)
update=175 global_step=358400 SPS=590 w_ev=0.944 m_ev=0.996 m_v_bias=-7.4 m_adv_std=11.2643 m_kl_max=0.0099 m_ratio_max=0.446 w_ax@goal=+1.03 w_v@goal=19.49 return=1006.3 length=85 success_rate=1.00 collisions/ep=0.00 (n=25)
Evaluation at update 175: return=1007.32, length=82.15, success_rate=1.00, collisions/ep=0.00
Solved-check at update 175: solved=False worst_gap=50.03 at p_x0=2.00 p_y0=-1.00 (consecutive=0)
update=176 global_step=360448 SPS=584 w_ev=0.953 m_ev=0.997 m_v_bias=-3.4 m_adv_std=9.5229 m_kl_max=0.0089 m_ratio_max=0.471 w_ax@goal=+1.10 w_v@goal=19.39 return=1006.6 length=84 success_rate=1.00 collisions/ep=0.00 (n=23)
update=177 global_step=362496 SPS=586 w_ev=0.944 m_ev=0.985 m_v_bias=4.4 m_adv_std=21.8814 m_kl_max=0.0174 m_ratio_max=0.597 w_ax@goal=+1.15 w_v@goal=19.56 return=995.9 length=86 success_rate=1.00 collisions/ep=0.20 (n=25)
update=178 global_step=364544 SPS=586 w_ev=0.961 m_ev=0.997 m_v_bias=-2.0 m_adv_std=8.9905 m_kl_max=0.0070 m_ratio_max=0.467 w_ax@goal=+1.16 w_v@goal=19.63 return=1005.4 length=85 success_rate=1.00 collisions/ep=0.00 (n=25)
update=179 global_step=366592 SPS=588 w_ev=0.952 m_ev=0.996 m_v_bias=-0.5 m_adv_std=10.6091 m_kl_max=0.0107 m_ratio_max=0.485 w_ax@goal=+1.08 w_v@goal=19.63 return=1002.3 length=83 success_rate=1.00 collisions/ep=0.08 (n=24)
update=180 global_step=368640 SPS=589 w_ev=0.952 m_ev=0.994 m_v_bias=1.8 m_adv_std=13.1971 m_kl_max=0.0058 m_ratio_max=0.313 w_ax@goal=+1.18 w_v@goal=19.53 return=999.6 length=85 success_rate=1.00 collisions/ep=0.12 (n=24)
Evaluation at update 180: return=1007.17, length=82.30, success_rate=1.00, collisions/ep=0.00
Solved-check at update 180: solved=False worst_gap=100.02 at p_x0=2.00 p_y0=-1.00 (consecutive=0)
update=181 global_step=370688 SPS=584 w_ev=0.956 m_ev=0.998 m_v_bias=1.9 m_adv_std=7.8332 m_kl_max=0.0220 m_ratio_max=0.717 w_ax@goal=+1.10 w_v@goal=19.51 return=1003.7 length=86 success_rate=1.00 collisions/ep=0.04 (n=24)
update=182 global_step=372736 SPS=585 w_ev=0.964 m_ev=0.975 m_v_bias=2.8 m_adv_std=26.8394 m_kl_max=0.0267 m_ratio_max=0.762 w_ax@goal=+1.21 w_v@goal=19.67 return=991.7 length=82 success_rate=1.00 collisions/ep=0.29 (n=24)
update=183 global_step=374784 SPS=586 w_ev=0.969 m_ev=0.995 m_v_bias=0.5 m_adv_std=12.5366 m_kl_max=0.0090 m_ratio_max=0.380 w_ax@goal=+1.17 w_v@goal=19.62 return=991.9 length=83 success_rate=1.00 collisions/ep=0.29 (n=24)
update=184 global_step=376832 SPS=588 w_ev=0.965 m_ev=0.998 m_v_bias=-4.2 m_adv_std=7.7199 m_kl_max=0.0202 m_ratio_max=0.856 w_ax@goal=+1.19 w_v@goal=19.52 return=1004.5 length=85 success_rate=1.00 collisions/ep=0.04 (n=26)
update=185 global_step=378880 SPS=589 w_ev=0.962 m_ev=0.998 m_v_bias=0.3 m_adv_std=7.6235 m_kl_max=0.0141 m_ratio_max=0.597 w_ax@goal=+1.12 w_v@goal=19.56 return=1004.4 length=84 success_rate=1.00 collisions/ep=0.04 (n=24)
Evaluation at update 185: return=1008.02, length=81.45, success_rate=1.00, collisions/ep=0.00
Solved-check at update 185: solved=False worst_gap=250.03 at p_x0=2.00 p_y0=-1.00 (consecutive=0)
update=186 global_step=380928 SPS=584 w_ev=0.961 m_ev=0.999 m_v_bias=-2.7 m_adv_std=5.9113 m_kl_max=0.0206 m_ratio_max=0.857 w_ax@goal=+1.12 w_v@goal=19.59 return=1006.8 length=87 success_rate=1.00 collisions/ep=0.00 (n=23)
update=187 global_step=382976 SPS=585 w_ev=0.962 m_ev=0.998 m_v_bias=1.2 m_adv_std=7.0534 m_kl_max=0.0097 m_ratio_max=0.476 w_ax@goal=+1.01 w_v@goal=19.55 return=1004.8 length=84 success_rate=1.00 collisions/ep=0.04 (n=24)
update=188 global_step=385024 SPS=586 w_ev=0.945 m_ev=0.984 m_v_bias=3.5 m_adv_std=21.9285 m_kl_max=0.0127 m_ratio_max=0.661 w_ax@goal=+1.01 w_v@goal=19.58 return=990.2 length=85 success_rate=1.00 collisions/ep=0.33 (n=24)
update=189 global_step=387072 SPS=588 w_ev=0.932 m_ev=0.989 m_v_bias=1.2 m_adv_std=17.7808 m_kl_max=0.0195 m_ratio_max=0.657 w_ax@goal=+1.06 w_v@goal=19.53 return=997.0 length=84 success_rate=1.00 collisions/ep=0.20 (n=25)
update=190 global_step=389120 SPS=589 w_ev=0.953 m_ev=0.991 m_v_bias=1.0 m_adv_std=16.7303 m_kl_max=0.0178 m_ratio_max=0.591 w_ax@goal=+1.06 w_v@goal=19.58 return=999.5 length=84 success_rate=1.00 collisions/ep=0.16 (n=25)
Evaluation at update 190: return=1008.47, length=81.00, success_rate=1.00, collisions/ep=0.00
Solved-check at update 190: solved=False worst_gap=199.02 at p_x0=2.00 p_y0=-1.00 (consecutive=0)
update=191 global_step=391168 SPS=584 w_ev=0.960 m_ev=0.980 m_v_bias=-1.1 m_adv_std=24.4867 m_kl_max=0.0038 m_ratio_max=0.246 w_ax@goal=+1.05 w_v@goal=19.66 return=983.4 length=83 success_rate=1.00 collisions/ep=0.48 (n=25)
update=192 global_step=393216 SPS=585 w_ev=0.958 m_ev=0.996 m_v_bias=-4.1 m_adv_std=10.9303 m_kl_max=0.0102 m_ratio_max=0.354 w_ax@goal=+0.99 w_v@goal=19.66 return=999.2 length=83 success_rate=1.00 collisions/ep=0.16 (n=25)
update=193 global_step=395264 SPS=586 w_ev=0.960 m_ev=0.989 m_v_bias=1.0 m_adv_std=18.2987 m_kl_max=0.0189 m_ratio_max=0.993 w_ax@goal=+1.01 w_v@goal=19.55 return=990.5 length=83 success_rate=1.00 collisions/ep=0.33 (n=24)
update=194 global_step=397312 SPS=587 w_ev=0.937 m_ev=0.971 m_v_bias=4.5 m_adv_std=30.3899 m_kl_max=0.0225 m_ratio_max=0.702 w_ax@goal=+0.99 w_v@goal=19.64 return=995.6 length=83 success_rate=1.00 collisions/ep=0.24 (n=25)
update=195 global_step=399360 SPS=588 w_ev=0.946 m_ev=0.987 m_v_bias=-0.8 m_adv_std=19.6577 m_kl_max=0.0119 m_ratio_max=0.729 w_ax@goal=+0.94 w_v@goal=19.68 return=974.1 length=82 success_rate=1.00 collisions/ep=0.67 (n=24)
Evaluation at update 195: return=1008.62, length=80.85, success_rate=1.00, collisions/ep=0.00
Solved-check at update 195: solved=False worst_gap=100.02 at p_x0=2.00 p_y0=-1.00 (consecutive=0)
update=196 global_step=401408 SPS=583 w_ev=0.952 m_ev=0.985 m_v_bias=2.9 m_adv_std=21.3334 m_kl_max=0.0376 m_ratio_max=1.599 w_ax@goal=+1.15 w_v@goal=19.65 return=984.9 length=84 success_rate=1.00 collisions/ep=0.46 (n=26)
update=197 global_step=403456 SPS=585 w_ev=0.951 m_ev=0.990 m_v_bias=-0.0 m_adv_std=16.9339 m_kl_max=0.0215 m_ratio_max=0.564 w_ax@goal=+0.99 w_v@goal=19.55 return=995.2 length=83 success_rate=1.00 collisions/ep=0.25 (n=24)
update=198 global_step=405504 SPS=586 w_ev=0.960 m_ev=0.992 m_v_bias=-1.1 m_adv_std=14.9901 m_kl_max=0.0081 m_ratio_max=0.321 w_ax@goal=+0.93 w_v@goal=19.67 return=999.1 length=82 success_rate=1.00 collisions/ep=0.16 (n=25)
update=199 global_step=407552 SPS=587 w_ev=0.940 m_ev=0.978 m_v_bias=6.3 m_adv_std=25.6526 m_kl_max=0.0065 m_ratio_max=0.465 w_ax@goal=+0.78 w_v@goal=19.62 return=986.1 length=84 success_rate=1.00 collisions/ep=0.42 (n=24)
update=200 global_step=409600 SPS=588 w_ev=0.955 m_ev=0.997 m_v_bias=-4.2 m_adv_std=9.9060 m_kl_max=0.0191 m_ratio_max=0.705 w_ax@goal=+1.02 w_v@goal=19.70 return=1004.6 length=85 success_rate=1.00 collisions/ep=0.04 (n=24)
Evaluation at update 200: return=1008.42, length=81.05, success_rate=1.00, collisions/ep=0.00
Solved-check at update 200: solved=False worst_gap=50.02 at p_x0=2.00 p_y0=-1.00 (consecutive=0)
update=201 global_step=411648 SPS=583 w_ev=0.955 m_ev=0.996 m_v_bias=-1.3 m_adv_std=10.8337 m_kl_max=0.0101 m_ratio_max=0.601 w_ax@goal=+1.10 w_v@goal=19.77 return=998.7 length=83 success_rate=1.00 collisions/ep=0.16 (n=25)
update=202 global_step=413696 SPS=585 w_ev=0.959 m_ev=0.998 m_v_bias=-2.9 m_adv_std=7.5452 m_kl_max=0.0148 m_ratio_max=0.800 w_ax@goal=+1.14 w_v@goal=19.69 return=1005.1 length=83 success_rate=1.00 collisions/ep=0.04 (n=24)
update=203 global_step=415744 SPS=586 w_ev=0.954 m_ev=0.987 m_v_bias=6.0 m_adv_std=19.8622 m_kl_max=0.0089 m_ratio_max=0.485 w_ax@goal=+1.02 w_v@goal=19.65 return=989.0 length=85 success_rate=1.00 collisions/ep=0.38 (n=24)
update=204 global_step=417792 SPS=587 w_ev=0.954 m_ev=0.994 m_v_bias=-3.9 m_adv_std=13.6963 m_kl_max=0.0147 m_ratio_max=0.655 w_ax@goal=+1.02 w_v@goal=19.54 return=999.7 length=83 success_rate=1.00 collisions/ep=0.16 (n=25)
update=205 global_step=419840 SPS=588 w_ev=0.949 m_ev=0.995 m_v_bias=-0.6 m_adv_std=11.8083 m_kl_max=0.0103 m_ratio_max=0.629 w_ax@goal=+1.00 w_v@goal=19.68 return=1000.1 length=83 success_rate=1.00 collisions/ep=0.15 (n=26)
Evaluation at update 205: return=1008.37, length=81.10, success_rate=1.00, collisions/ep=0.00
Solved-check at update 205: solved=False worst_gap=50.02 at p_x0=2.00 p_y0=-1.00 (consecutive=0)
update=206 global_step=421888 SPS=583 w_ev=0.953 m_ev=0.973 m_v_bias=3.4 m_adv_std=29.4079 m_kl_max=0.0097 m_ratio_max=0.428 w_ax@goal=+0.83 w_v@goal=19.62 return=987.3 length=85 success_rate=1.00 collisions/ep=0.40 (n=25)
update=207 global_step=423936 SPS=584 w_ev=0.962 m_ev=0.997 m_v_bias=-4.0 m_adv_std=9.1491 m_kl_max=0.0199 m_ratio_max=0.621 w_ax@goal=+0.86 w_v@goal=19.77 return=1005.3 length=83 success_rate=1.00 collisions/ep=0.04 (n=24)
update=208 global_step=425984 SPS=585 w_ev=0.946 m_ev=0.988 m_v_bias=2.5 m_adv_std=17.6862 m_kl_max=0.0034 m_ratio_max=0.289 w_ax@goal=+1.05 w_v@goal=19.65 return=1000.6 length=82 success_rate=1.00 collisions/ep=0.12 (n=24)
update=209 global_step=428032 SPS=586 w_ev=0.963 m_ev=0.994 m_v_bias=-1.7 m_adv_std=12.8497 m_kl_max=0.0080 m_ratio_max=0.437 w_ax@goal=+1.09 w_v@goal=19.69 return=999.4 length=83 success_rate=1.00 collisions/ep=0.16 (n=25)
update=210 global_step=430080 SPS=588 w_ev=0.959 m_ev=0.997 m_v_bias=-1.4 m_adv_std=9.6594 m_kl_max=0.0225 m_ratio_max=0.680 w_ax@goal=+1.07 w_v@goal=19.62 return=1001.3 length=84 success_rate=1.00 collisions/ep=0.12 (n=24)
Evaluation at update 210: return=1008.57, length=80.90, success_rate=1.00, collisions/ep=0.00
Solved-check at update 210: solved=False worst_gap=200.02 at p_x0=2.00 p_y0=-1.00 (consecutive=0)
update=211 global_step=432128 SPS=583 w_ev=0.934 m_ev=0.981 m_v_bias=3.1 m_adv_std=23.4107 m_kl_max=0.0125 m_ratio_max=0.389 w_ax@goal=+1.03 w_v@goal=19.76 return=984.8 length=82 success_rate=1.00 collisions/ep=0.46 (n=24)
update=212 global_step=434176 SPS=584 w_ev=0.952 m_ev=0.986 m_v_bias=2.9 m_adv_std=20.3413 m_kl_max=0.0156 m_ratio_max=0.742 w_ax@goal=+1.04 w_v@goal=19.78 return=993.2 length=84 success_rate=1.00 collisions/ep=0.28 (n=25)
update=213 global_step=436224 SPS=585 w_ev=0.955 m_ev=0.993 m_v_bias=-4.0 m_adv_std=13.6583 m_kl_max=0.0104 m_ratio_max=0.547 w_ax@goal=+1.08 w_v@goal=19.67 return=1001.9 length=83 success_rate=1.00 collisions/ep=0.12 (n=25)
update=214 global_step=438272 SPS=586 w_ev=0.969 m_ev=0.988 m_v_bias=1.2 m_adv_std=18.7001 m_kl_max=0.0109 m_ratio_max=0.560 w_ax@goal=+0.98 w_v@goal=19.75 return=987.7 length=83 success_rate=1.00 collisions/ep=0.40 (n=25)
update=215 global_step=440320 SPS=587 w_ev=0.956 m_ev=0.987 m_v_bias=-2.9 m_adv_std=19.7388 m_kl_max=0.0099 m_ratio_max=0.636 w_ax@goal=+1.05 w_v@goal=19.73 return=995.7 length=82 success_rate=1.00 collisions/ep=0.24 (n=25)
Evaluation at update 215: return=1008.73, length=80.75, success_rate=1.00, collisions/ep=0.00
Solved-check at update 215: solved=False worst_gap=150.02 at p_x0=2.00 p_y0=-1.00 (consecutive=0)
update=216 global_step=442368 SPS=583 w_ev=0.932 m_ev=0.975 m_v_bias=-1.4 m_adv_std=27.2727 m_kl_max=0.0055 m_ratio_max=0.456 w_ax@goal=+1.02 w_v@goal=19.69 return=988.9 length=83 success_rate=1.00 collisions/ep=0.38 (n=26)
update=217 global_step=444416 SPS=584 w_ev=0.939 m_ev=0.976 m_v_bias=5.3 m_adv_std=26.7104 m_kl_max=0.0332 m_ratio_max=0.850 w_ax@goal=+0.93 w_v@goal=19.64 return=989.2 length=83 success_rate=1.00 collisions/ep=0.38 (n=24)
update=218 global_step=446464 SPS=585 w_ev=0.925 m_ev=0.995 m_v_bias=-3.9 m_adv_std=11.7072 m_kl_max=0.0307 m_ratio_max=1.005 w_ax@goal=+1.01 w_v@goal=19.78 return=997.3 length=83 success_rate=1.00 collisions/ep=0.21 (n=24)
update=219 global_step=448512 SPS=586 w_ev=0.927 m_ev=0.975 m_v_bias=4.4 m_adv_std=27.6574 m_kl_max=0.0082 m_ratio_max=0.440 w_ax@goal=+0.92 w_v@goal=19.63 return=991.3 length=83 success_rate=1.00 collisions/ep=0.33 (n=24)
update=220 global_step=450560 SPS=587 w_ev=0.951 m_ev=0.995 m_v_bias=-5.6 m_adv_std=12.0769 m_kl_max=0.0220 m_ratio_max=0.562 w_ax@goal=+0.90 w_v@goal=19.62 return=999.1 length=83 success_rate=1.00 collisions/ep=0.19 (n=27)
Evaluation at update 220: return=1009.28, length=80.20, success_rate=1.00, collisions/ep=0.00
Solved-check at update 220: solved=False worst_gap=199.02 at p_x0=2.00 p_y0=-1.00 (consecutive=0)
update=221 global_step=452608 SPS=583 w_ev=0.955 m_ev=0.996 m_v_bias=-0.5 m_adv_std=10.4127 m_kl_max=0.0088 m_ratio_max=0.584 w_ax@goal=+1.06 w_v@goal=19.65 return=1000.2 length=83 success_rate=1.00 collisions/ep=0.16 (n=25)
update=222 global_step=454656 SPS=584 w_ev=0.909 m_ev=0.960 m_v_bias=12.2 m_adv_std=36.2451 m_kl_max=0.0156 m_ratio_max=0.728 w_ax@goal=+0.94 w_v@goal=19.77 return=962.7 length=83 success_rate=1.00 collisions/ep=0.92 (n=25)
update=223 global_step=456704 SPS=585 w_ev=0.959 m_ev=0.985 m_v_bias=-3.4 m_adv_std=21.0862 m_kl_max=0.0086 m_ratio_max=0.481 w_ax@goal=+0.93 w_v@goal=19.82 return=994.8 length=82 success_rate=1.00 collisions/ep=0.28 (n=25)
update=224 global_step=458752 SPS=586 w_ev=0.909 m_ev=0.933 m_v_bias=12.4 m_adv_std=48.0098 m_kl_max=0.0327 m_ratio_max=1.902 w_ax@goal=+0.79 w_v@goal=19.68 return=955.7 length=84 success_rate=1.00 collisions/ep=1.04 (n=24)
update=225 global_step=460800 SPS=587 w_ev=0.943 m_ev=0.993 m_v_bias=-9.7 m_adv_std=14.1528 m_kl_max=0.0082 m_ratio_max=0.444 w_ax@goal=+0.65 w_v@goal=19.72 return=1000.9 length=82 success_rate=1.00 collisions/ep=0.12 (n=24)
Evaluation at update 225: return=1009.07, length=80.40, success_rate=1.00, collisions/ep=0.00
Solved-check at update 225: solved=False worst_gap=5.02 at p_x0=0.00 p_y0=-0.50 (consecutive=0)
update=226 global_step=462848 SPS=583 w_ev=0.938 m_ev=0.984 m_v_bias=0.3 m_adv_std=21.2032 m_kl_max=0.0176 m_ratio_max=1.095 w_ax@goal=+0.81 w_v@goal=19.76 return=1001.6 length=83 success_rate=1.00 collisions/ep=0.12 (n=24)
update=227 global_step=464896 SPS=584 w_ev=0.961 m_ev=0.997 m_v_bias=-2.0 m_adv_std=9.8593 m_kl_max=0.0188 m_ratio_max=1.225 w_ax@goal=+0.95 w_v@goal=19.84 return=999.8 length=85 success_rate=1.00 collisions/ep=0.17 (n=24)
update=228 global_step=466944 SPS=585 w_ev=0.929 m_ev=0.963 m_v_bias=1.4 m_adv_std=32.9436 m_kl_max=0.0091 m_ratio_max=0.417 w_ax@goal=+0.98 w_v@goal=19.77 return=988.0 length=81 success_rate=1.00 collisions/ep=0.40 (n=25)
update=229 global_step=468992 SPS=586 w_ev=0.955 m_ev=0.997 m_v_bias=-5.3 m_adv_std=8.6561 m_kl_max=0.0090 m_ratio_max=0.408 w_ax@goal=+1.01 w_v@goal=19.70 return=1007.9 length=82 success_rate=1.00 collisions/ep=0.00 (n=26)
update=230 global_step=471040 SPS=587 w_ev=0.957 m_ev=0.987 m_v_bias=3.4 m_adv_std=19.1180 m_kl_max=0.0480 m_ratio_max=2.026 w_ax@goal=+0.98 w_v@goal=19.79 return=998.4 length=83 success_rate=1.00 collisions/ep=0.20 (n=25)
Evaluation at update 230: return=1009.27, length=80.20, success_rate=1.00, collisions/ep=0.00
Solved-check at update 230: solved=False worst_gap=100.03 at p_x0=2.00 p_y0=-1.00 (consecutive=0)
update=231 global_step=473088 SPS=583 w_ev=0.931 m_ev=0.963 m_v_bias=6.0 m_adv_std=34.8071 m_kl_max=0.0232 m_ratio_max=0.597 w_ax@goal=+1.06 w_v@goal=19.82 return=974.5 length=81 success_rate=1.00 collisions/ep=0.68 (n=25)
update=232 global_step=475136 SPS=584 w_ev=0.959 m_ev=0.997 m_v_bias=-9.3 m_adv_std=9.1724 m_kl_max=0.0250 m_ratio_max=0.876 w_ax@goal=+1.09 w_v@goal=19.63 return=1004.5 length=83 success_rate=1.00 collisions/ep=0.08 (n=25)
update=233 global_step=477184 SPS=585 w_ev=0.957 m_ev=0.993 m_v_bias=1.4 m_adv_std=14.1387 m_kl_max=0.0116 m_ratio_max=0.686 w_ax@goal=+1.01 w_v@goal=19.71 return=998.1 length=82 success_rate=1.00 collisions/ep=0.21 (n=24)
update=234 global_step=479232 SPS=586 w_ev=0.973 m_ev=0.999 m_v_bias=-4.3 m_adv_std=5.7014 m_kl_max=0.0211 m_ratio_max=0.707 w_ax@goal=+1.07 w_v@goal=19.83 return=1008.1 length=82 success_rate=1.00 collisions/ep=0.00 (n=25)
update=235 global_step=481280 SPS=587 w_ev=0.940 m_ev=0.973 m_v_bias=2.4 m_adv_std=28.4496 m_kl_max=0.0090 m_ratio_max=0.443 w_ax@goal=+0.99 w_v@goal=19.79 return=992.5 length=81 success_rate=1.00 collisions/ep=0.32 (n=25)
Evaluation at update 235: return=1008.77, length=80.70, success_rate=1.00, collisions/ep=0.00
Solved-check at update 235: solved=False worst_gap=50.02 at p_x0=2.00 p_y0=-1.00 (consecutive=0)
update=236 global_step=483328 SPS=583 w_ev=0.964 m_ev=0.997 m_v_bias=-0.1 m_adv_std=9.9877 m_kl_max=0.0092 m_ratio_max=0.407 w_ax@goal=+1.09 w_v@goal=19.84 return=1004.0 length=84 success_rate=1.00 collisions/ep=0.08 (n=24)
update=237 global_step=485376 SPS=584 w_ev=0.957 m_ev=0.999 m_v_bias=-1.7 m_adv_std=5.4151 m_kl_max=0.0162 m_ratio_max=0.495 w_ax@goal=+1.02 w_v@goal=19.81 return=1007.7 length=82 success_rate=1.00 collisions/ep=0.00 (n=24)
update=238 global_step=487424 SPS=585 w_ev=0.969 m_ev=0.996 m_v_bias=2.6 m_adv_std=10.3262 m_kl_max=0.0126 m_ratio_max=0.555 w_ax@goal=+0.85 w_v@goal=19.80 return=1003.9 length=83 success_rate=1.00 collisions/ep=0.08 (n=25)
update=239 global_step=489472 SPS=586 w_ev=0.972 m_ev=0.995 m_v_bias=-1.9 m_adv_std=12.2551 m_kl_max=0.0127 m_ratio_max=0.471 w_ax@goal=+0.93 w_v@goal=19.77 return=998.8 length=82 success_rate=1.00 collisions/ep=0.19 (n=27)
update=240 global_step=491520 SPS=587 w_ev=0.975 m_ev=0.999 m_v_bias=-2.2 m_adv_std=5.4172 m_kl_max=0.0104 m_ratio_max=0.502 w_ax@goal=+1.00 w_v@goal=19.76 return=1008.4 length=84 success_rate=1.00 collisions/ep=0.00 (n=24)
Evaluation at update 240: return=1009.22, length=80.25, success_rate=1.00, collisions/ep=0.00
Solved-check at update 240: solved=True worst_gap=4.02 at p_x0=0.50 p_y0=-0.50 (consecutive=0)
update=241 global_step=493568 SPS=583 w_ev=0.946 m_ev=0.981 m_v_bias=4.3 m_adv_std=23.6892 m_kl_max=0.0210 m_ratio_max=0.554 w_ax@goal=+1.10 w_v@goal=19.75 return=992.5 length=83 success_rate=1.00 collisions/ep=0.32 (n=25)
update=242 global_step=495616 SPS=584 w_ev=0.958 m_ev=0.989 m_v_bias=3.1 m_adv_std=18.0596 m_kl_max=0.0123 m_ratio_max=0.669 w_ax@goal=+1.02 w_v@goal=19.67 return=997.8 length=84 success_rate=1.00 collisions/ep=0.21 (n=24)
update=243 global_step=497664 SPS=585 w_ev=0.943 m_ev=0.991 m_v_bias=-2.2 m_adv_std=15.9406 m_kl_max=0.0252 m_ratio_max=0.658 w_ax@goal=+0.83 w_v@goal=19.66 return=993.7 length=84 success_rate=1.00 collisions/ep=0.28 (n=25)
update=244 global_step=499712 SPS=586 w_ev=0.955 m_ev=0.984 m_v_bias=0.7 m_adv_std=22.1408 m_kl_max=0.0203 m_ratio_max=0.641 w_ax@goal=+0.84 w_v@goal=19.80 return=986.8 length=82 success_rate=1.00 collisions/ep=0.42 (n=24)
Saved checkpoints to C:\Users\loren\Desktop\MASTER THESIS\5_CODE\scenarios\slalom\studies\disturbed_0.005_0.05\hppo\runs\hppo_slalom_2_1791091998
