Using device: cpu
Solved-check: precomputed optimal returns for 25 fixed initial conditions (mean=1011.8, min=1007.0, max=1014.0); solved-tolerance=5.0
num_envs=8 num_steps_per_env=256 worker_batch_size=2048 worker_minibatch_size=256 num_updates=244 timesteps=499712 (requested 500000; 288 dropped by integer division)
update=1 global_step=2048 SPS=976 w_ev=-0.019 m_ev=0.001 m_v_bias=101.5 m_adv_std=235.8634 m_kl_max=0.0006 m_ratio_max=0.116 w_ax@goal=-0.14 w_v@goal=-0.29 return=-392.3 length=183 success_rate=0.25 collisions/ep=10.00 (n=8)
update=2 global_step=4096 SPS=1024 w_ev=0.002 m_ev=-0.433 m_v_bias=24.5 m_adv_std=84.9325 m_kl_max=0.0027 m_ratio_max=0.223 w_ax@goal=-1.37 w_v@goal=-0.50 return=-462.1 length=200 success_rate=0.00 collisions/ep=5.33 (n=9)
update=3 global_step=6144 SPS=1025 w_ev=-0.005 m_ev=0.093 m_v_bias=-41.7 m_adv_std=225.1331 m_kl_max=0.0050 m_ratio_max=0.422 w_ax@goal=-0.12 w_v@goal=-1.21 return=-86.9 length=190 success_rate=0.25 collisions/ep=3.75 (n=12)
update=4 global_step=8192 SPS=1008 w_ev=0.425 m_ev=0.389 m_v_bias=-38.3 m_adv_std=194.2480 m_kl_max=0.0151 m_ratio_max=0.670 w_ax@goal=+0.32 w_v@goal=2.88 return=-188.1 length=191 success_rate=0.18 collisions/ep=4.00 (n=11)
update=5 global_step=10240 SPS=1000 w_ev=0.814 m_ev=0.776 m_v_bias=-141.8 m_adv_std=157.3905 m_kl_max=0.0151 m_ratio_max=0.850 w_ax@goal=+0.13 w_v@goal=7.67 return=392.2 length=159 success_rate=0.64 collisions/ep=2.91 (n=11)
Evaluation at update 5: return=575.86, length=108.55, success_rate=1.00, collisions/ep=8.10
Solved-check at update 5: solved=False worst_gap=636.96 at p_x0=0.00 p_y0=-1.00 (consecutive=0)
update=6 global_step=12288 SPS=579 w_ev=0.912 m_ev=0.784 m_v_bias=-30.5 m_adv_std=147.3967 m_kl_max=0.0047 m_ratio_max=0.317 w_ax@goal=+0.10 w_v@goal=13.65 return=263.1 length=167 success_rate=0.54 collisions/ep=3.23 (n=13)
update=7 global_step=14336 SPS=616 w_ev=0.938 m_ev=0.740 m_v_bias=-53.9 m_adv_std=144.5374 m_kl_max=0.0105 m_ratio_max=0.522 w_ax@goal=+0.25 w_v@goal=15.40 return=468.7 length=143 success_rate=0.75 collisions/ep=4.38 (n=16)
update=8 global_step=16384 SPS=647 w_ev=0.949 m_ev=0.858 m_v_bias=-43.9 m_adv_std=109.4029 m_kl_max=0.0115 m_ratio_max=0.587 w_ax@goal=+0.46 w_v@goal=19.01 return=616.3 length=114 success_rate=0.89 collisions/ep=4.89 (n=18)
update=9 global_step=18432 SPS=673 w_ev=0.939 m_ev=0.906 m_v_bias=-49.1 m_adv_std=73.9600 m_kl_max=0.0065 m_ratio_max=0.288 w_ax@goal=+0.67 w_v@goal=20.01 return=780.6 length=95 success_rate=1.00 collisions/ep=4.32 (n=22)
update=10 global_step=20480 SPS=696 w_ev=0.928 m_ev=0.934 m_v_bias=-11.8 m_adv_std=61.7027 m_kl_max=0.0097 m_ratio_max=0.534 w_ax@goal=+0.73 w_v@goal=19.84 return=777.6 length=93 success_rate=1.00 collisions/ep=4.39 (n=23)
Evaluation at update 10: return=762.55, length=81.85, success_rate=1.00, collisions/ep=4.90
Solved-check at update 10: solved=False worst_gap=401.98 at p_x0=1.50 p_y0=-1.00 (consecutive=0)
update=11 global_step=22528 SPS=588 w_ev=0.919 m_ev=0.926 m_v_bias=-1.6 m_adv_std=61.9187 m_kl_max=0.0027 m_ratio_max=0.350 w_ax@goal=+0.69 w_v@goal=19.62 return=812.6 length=91 success_rate=1.00 collisions/ep=3.78 (n=23)
update=12 global_step=24576 SPS=603 w_ev=0.916 m_ev=0.904 m_v_bias=2.8 m_adv_std=69.2105 m_kl_max=0.0131 m_ratio_max=0.503 w_ax@goal=+0.62 w_v@goal=19.57 return=795.2 length=87 success_rate=1.00 collisions/ep=4.17 (n=24)
update=13 global_step=26624 SPS=621 w_ev=0.934 m_ev=0.930 m_v_bias=-17.7 m_adv_std=57.9273 m_kl_max=0.0058 m_ratio_max=0.505 w_ax@goal=+0.75 w_v@goal=19.67 return=850.7 length=87 success_rate=1.00 collisions/ep=3.08 (n=24)
update=14 global_step=28672 SPS=638 w_ev=0.932 m_ev=0.957 m_v_bias=-15.1 m_adv_std=44.2044 m_kl_max=0.0060 m_ratio_max=0.460 w_ax@goal=+0.74 w_v@goal=19.69 return=862.9 length=87 success_rate=1.00 collisions/ep=2.83 (n=23)
update=15 global_step=30720 SPS=654 w_ev=0.895 m_ev=0.899 m_v_bias=20.8 m_adv_std=71.2170 m_kl_max=0.0218 m_ratio_max=0.823 w_ax@goal=+0.83 w_v@goal=19.73 return=809.2 length=85 success_rate=1.00 collisions/ep=3.92 (n=24)
Evaluation at update 15: return=883.39, length=81.00, success_rate=1.00, collisions/ep=2.50
Solved-check at update 15: solved=False worst_gap=450.99 at p_x0=2.00 p_y0=-1.00 (consecutive=0)
update=16 global_step=32768 SPS=586 w_ev=0.933 m_ev=0.929 m_v_bias=-10.0 m_adv_std=57.6340 m_kl_max=0.0074 m_ratio_max=0.400 w_ax@goal=+0.94 w_v@goal=19.76 return=826.8 length=84 success_rate=1.00 collisions/ep=3.57 (n=23)
update=17 global_step=34816 SPS=599 w_ev=0.938 m_ev=0.958 m_v_bias=-24.4 m_adv_std=42.3957 m_kl_max=0.0116 m_ratio_max=0.417 w_ax@goal=+0.93 w_v@goal=19.81 return=898.9 length=86 success_rate=1.00 collisions/ep=2.13 (n=23)
update=18 global_step=36864 SPS=612 w_ev=0.940 m_ev=0.959 m_v_bias=-1.5 m_adv_std=41.2493 m_kl_max=0.0093 m_ratio_max=0.422 w_ax@goal=+0.74 w_v@goal=19.62 return=875.4 length=84 success_rate=1.00 collisions/ep=2.60 (n=25)
update=19 global_step=38912 SPS=623 w_ev=0.920 m_ev=0.939 m_v_bias=-7.5 m_adv_std=50.2265 m_kl_max=0.0184 m_ratio_max=0.733 w_ax@goal=+0.85 w_v@goal=19.42 return=886.7 length=85 success_rate=1.00 collisions/ep=2.36 (n=25)
update=20 global_step=40960 SPS=635 w_ev=0.914 m_ev=0.937 m_v_bias=4.0 m_adv_std=53.2256 m_kl_max=0.0044 m_ratio_max=0.441 w_ax@goal=+0.91 w_v@goal=19.55 return=876.4 length=84 success_rate=1.00 collisions/ep=2.58 (n=24)
Evaluation at update 20: return=905.49, length=81.40, success_rate=1.00, collisions/ep=2.05
Solved-check at update 20: solved=False worst_gap=352.00 at p_x0=1.00 p_y0=-1.00 (consecutive=0)
update=21 global_step=43008 SPS=585 w_ev=0.937 m_ev=0.937 m_v_bias=2.1 m_adv_std=55.1265 m_kl_max=0.0162 m_ratio_max=0.879 w_ax@goal=+1.00 w_v@goal=19.50 return=882.9 length=83 success_rate=1.00 collisions/ep=2.46 (n=24)
update=22 global_step=45056 SPS=594 w_ev=0.945 m_ev=0.959 m_v_bias=-19.5 m_adv_std=39.8631 m_kl_max=0.0125 m_ratio_max=0.458 w_ax@goal=+1.03 w_v@goal=19.61 return=893.5 length=86 success_rate=1.00 collisions/ep=2.25 (n=24)
update=23 global_step=47104 SPS=605 w_ev=0.938 m_ev=0.952 m_v_bias=8.5 m_adv_std=42.0834 m_kl_max=0.0065 m_ratio_max=0.398 w_ax@goal=+1.17 w_v@goal=19.43 return=901.7 length=85 success_rate=1.00 collisions/ep=2.08 (n=24)
update=24 global_step=49152 SPS=615 w_ev=0.888 m_ev=0.928 m_v_bias=4.8 m_adv_std=55.7888 m_kl_max=0.0075 m_ratio_max=0.364 w_ax@goal=+1.25 w_v@goal=19.33 return=897.7 length=84 success_rate=1.00 collisions/ep=2.17 (n=24)
update=25 global_step=51200 SPS=624 w_ev=0.929 m_ev=0.967 m_v_bias=-6.5 m_adv_std=36.8396 m_kl_max=0.0061 m_ratio_max=0.402 w_ax@goal=+1.38 w_v@goal=19.36 return=887.6 length=85 success_rate=1.00 collisions/ep=2.36 (n=25)
Evaluation at update 25: return=923.08, length=81.30, success_rate=1.00, collisions/ep=1.70
Solved-check at update 25: solved=False worst_gap=400.00 at p_x0=2.00 p_y0=-1.00 (consecutive=0)
update=26 global_step=53248 SPS=585 w_ev=0.919 m_ev=0.943 m_v_bias=-3.1 m_adv_std=46.9982 m_kl_max=0.0083 m_ratio_max=0.420 w_ax@goal=+1.27 w_v@goal=19.30 return=900.7 length=83 success_rate=1.00 collisions/ep=2.12 (n=24)
update=27 global_step=55296 SPS=594 w_ev=0.929 m_ev=0.946 m_v_bias=-1.7 m_adv_std=47.1899 m_kl_max=0.0036 m_ratio_max=0.324 w_ax@goal=+1.25 w_v@goal=19.23 return=909.9 length=85 success_rate=1.00 collisions/ep=1.96 (n=25)
update=28 global_step=57344 SPS=603 w_ev=0.949 m_ev=0.967 m_v_bias=-3.3 m_adv_std=36.3812 m_kl_max=0.0008 m_ratio_max=0.162 w_ax@goal=+1.25 w_v@goal=19.45 return=915.9 length=83 success_rate=1.00 collisions/ep=1.79 (n=24)
update=29 global_step=59392 SPS=610 w_ev=0.895 m_ev=0.935 m_v_bias=14.6 m_adv_std=53.2214 m_kl_max=0.0112 m_ratio_max=0.499 w_ax@goal=+1.47 w_v@goal=19.45 return=877.2 length=85 success_rate=1.00 collisions/ep=2.58 (n=24)
update=30 global_step=61440 SPS=617 w_ev=0.884 m_ev=0.911 m_v_bias=7.5 m_adv_std=64.8120 m_kl_max=0.0199 m_ratio_max=0.504 w_ax@goal=+1.42 w_v@goal=19.55 return=893.5 length=83 success_rate=1.00 collisions/ep=2.24 (n=25)
Evaluation at update 30: return=952.53, length=81.85, success_rate=1.00, collisions/ep=1.10
Solved-check at update 30: solved=False worst_gap=351.01 at p_x0=2.00 p_y0=-1.00 (consecutive=0)
update=31 global_step=63488 SPS=584 w_ev=0.932 m_ev=0.965 m_v_bias=-20.2 m_adv_std=37.9505 m_kl_max=0.0102 m_ratio_max=0.432 w_ax@goal=+1.40 w_v@goal=19.33 return=907.2 length=86 success_rate=1.00 collisions/ep=1.96 (n=24)
update=32 global_step=65536 SPS=591 w_ev=0.902 m_ev=0.957 m_v_bias=1.2 m_adv_std=40.0292 m_kl_max=0.0029 m_ratio_max=0.377 w_ax@goal=+1.37 w_v@goal=19.48 return=907.0 length=84 success_rate=1.00 collisions/ep=2.00 (n=25)
update=33 global_step=67584 SPS=598 w_ev=0.940 m_ev=0.949 m_v_bias=5.7 m_adv_std=43.9745 m_kl_max=0.0172 m_ratio_max=0.494 w_ax@goal=+1.28 w_v@goal=19.43 return=926.4 length=85 success_rate=1.00 collisions/ep=1.58 (n=24)
update=34 global_step=69632 SPS=605 w_ev=0.956 m_ev=0.969 m_v_bias=-1.6 m_adv_std=34.4666 m_kl_max=0.0193 m_ratio_max=1.055 w_ax@goal=+1.37 w_v@goal=19.41 return=906.1 length=84 success_rate=1.00 collisions/ep=2.00 (n=24)
update=35 global_step=71680 SPS=611 w_ev=0.887 m_ev=0.966 m_v_bias=-2.5 m_adv_std=35.5668 m_kl_max=0.0094 m_ratio_max=0.431 w_ax@goal=+1.26 w_v@goal=19.36 return=922.1 length=85 success_rate=1.00 collisions/ep=1.71 (n=24)
Evaluation at update 35: return=923.33, length=81.05, success_rate=1.00, collisions/ep=1.70
Solved-check at update 35: solved=False worst_gap=400.01 at p_x0=2.00 p_y0=-1.00 (consecutive=0)
update=36 global_step=73728 SPS=585 w_ev=0.946 m_ev=0.969 m_v_bias=-4.5 m_adv_std=33.6650 m_kl_max=0.0051 m_ratio_max=0.331 w_ax@goal=+1.32 w_v@goal=19.40 return=923.4 length=85 success_rate=1.00 collisions/ep=1.67 (n=24)
update=37 global_step=75776 SPS=591 w_ev=0.907 m_ev=0.931 m_v_bias=7.0 m_adv_std=53.0114 m_kl_max=0.0160 m_ratio_max=0.722 w_ax@goal=+1.40 w_v@goal=19.32 return=911.0 length=82 success_rate=1.00 collisions/ep=1.92 (n=25)
update=38 global_step=77824 SPS=597 w_ev=0.889 m_ev=0.935 m_v_bias=11.3 m_adv_std=50.3732 m_kl_max=0.0144 m_ratio_max=0.577 w_ax@goal=+1.29 w_v@goal=19.43 return=882.2 length=84 success_rate=1.00 collisions/ep=2.50 (n=24)
update=39 global_step=79872 SPS=603 w_ev=0.936 m_ev=0.961 m_v_bias=-9.8 m_adv_std=39.6930 m_kl_max=0.0113 m_ratio_max=0.560 w_ax@goal=+1.41 w_v@goal=19.25 return=903.7 length=85 success_rate=1.00 collisions/ep=2.04 (n=24)
update=40 global_step=81920 SPS=609 w_ev=0.941 m_ev=0.975 m_v_bias=-6.7 m_adv_std=29.2730 m_kl_max=0.0187 m_ratio_max=0.863 w_ax@goal=+1.40 w_v@goal=19.43 return=917.4 length=83 success_rate=1.00 collisions/ep=1.79 (n=24)
Evaluation at update 40: return=955.58, length=81.30, success_rate=1.00, collisions/ep=1.05
Solved-check at update 40: solved=False worst_gap=300.01 at p_x0=2.00 p_y0=-1.00 (consecutive=0)
update=41 global_step=83968 SPS=585 w_ev=0.944 m_ev=0.993 m_v_bias=-12.3 m_adv_std=15.5071 m_kl_max=0.0147 m_ratio_max=0.612 w_ax@goal=+1.36 w_v@goal=19.34 return=950.4 length=83 success_rate=1.00 collisions/ep=1.12 (n=24)
update=42 global_step=86016 SPS=590 w_ev=0.934 m_ev=0.986 m_v_bias=0.9 m_adv_std=22.3591 m_kl_max=0.0100 m_ratio_max=0.765 w_ax@goal=+1.36 w_v@goal=19.36 return=929.4 length=86 success_rate=1.00 collisions/ep=1.54 (n=24)
update=43 global_step=88064 SPS=595 w_ev=0.877 m_ev=0.936 m_v_bias=11.0 m_adv_std=49.8912 m_kl_max=0.0227 m_ratio_max=0.724 w_ax@goal=+1.40 w_v@goal=19.37 return=910.5 length=83 success_rate=1.00 collisions/ep=1.92 (n=25)
update=44 global_step=90112 SPS=601 w_ev=0.937 m_ev=0.975 m_v_bias=-4.5 m_adv_std=30.1579 m_kl_max=0.0120 m_ratio_max=0.560 w_ax@goal=+1.37 w_v@goal=19.49 return=929.4 length=84 success_rate=1.00 collisions/ep=1.56 (n=25)
update=45 global_step=92160 SPS=606 w_ev=0.956 m_ev=0.988 m_v_bias=-8.7 m_adv_std=20.5859 m_kl_max=0.0191 m_ratio_max=0.652 w_ax@goal=+1.36 w_v@goal=19.46 return=948.2 length=83 success_rate=1.00 collisions/ep=1.16 (n=25)
Evaluation at update 45: return=918.53, length=80.85, success_rate=1.00, collisions/ep=1.80
Solved-check at update 45: solved=False worst_gap=400.02 at p_x0=2.00 p_y0=-1.00 (consecutive=0)
update=46 global_step=94208 SPS=585 w_ev=0.883 m_ev=0.919 m_v_bias=11.3 m_adv_std=56.3069 m_kl_max=0.0093 m_ratio_max=0.462 w_ax@goal=+1.40 w_v@goal=19.38 return=912.9 length=82 success_rate=1.00 collisions/ep=1.88 (n=24)
update=47 global_step=96256 SPS=589 w_ev=0.941 m_ev=0.957 m_v_bias=-5.0 m_adv_std=39.1487 m_kl_max=0.0171 m_ratio_max=0.469 w_ax@goal=+1.45 w_v@goal=19.21 return=918.2 length=85 success_rate=1.00 collisions/ep=1.79 (n=24)
update=48 global_step=98304 SPS=594 w_ev=0.926 m_ev=0.974 m_v_bias=-8.3 m_adv_std=30.4988 m_kl_max=0.0031 m_ratio_max=0.382 w_ax@goal=+1.42 w_v@goal=19.36 return=936.6 length=82 success_rate=1.00 collisions/ep=1.42 (n=26)
update=49 global_step=100352 SPS=598 w_ev=0.903 m_ev=0.937 m_v_bias=4.4 m_adv_std=49.1818 m_kl_max=0.0156 m_ratio_max=0.612 w_ax@goal=+1.42 w_v@goal=19.45 return=933.8 length=84 success_rate=1.00 collisions/ep=1.46 (n=24)
update=50 global_step=102400 SPS=603 w_ev=0.929 m_ev=0.982 m_v_bias=-1.4 m_adv_std=25.1779 m_kl_max=0.0180 m_ratio_max=0.704 w_ax@goal=+1.43 w_v@goal=19.41 return=920.9 length=84 success_rate=1.00 collisions/ep=1.72 (n=25)
Evaluation at update 50: return=958.13, length=81.25, success_rate=1.00, collisions/ep=1.00
Solved-check at update 50: solved=False worst_gap=350.02 at p_x0=2.00 p_y0=-1.00 (consecutive=0)
update=51 global_step=104448 SPS=585 w_ev=0.931 m_ev=0.968 m_v_bias=-2.6 m_adv_std=32.8412 m_kl_max=0.0075 m_ratio_max=0.460 w_ax@goal=+1.33 w_v@goal=19.17 return=935.1 length=84 success_rate=1.00 collisions/ep=1.43 (n=23)
update=52 global_step=106496 SPS=589 w_ev=0.955 m_ev=0.988 m_v_bias=-2.9 m_adv_std=19.8513 m_kl_max=0.0021 m_ratio_max=0.237 w_ax@goal=+1.36 w_v@goal=19.40 return=942.1 length=85 success_rate=1.00 collisions/ep=1.30 (n=23)
update=53 global_step=108544 SPS=593 w_ev=0.954 m_ev=0.987 m_v_bias=1.5 m_adv_std=21.2445 m_kl_max=0.0062 m_ratio_max=0.473 w_ax@goal=+1.45 w_v@goal=19.50 return=939.4 length=83 success_rate=1.00 collisions/ep=1.35 (n=26)
update=54 global_step=110592 SPS=597 w_ev=0.926 m_ev=0.970 m_v_bias=3.0 m_adv_std=32.3391 m_kl_max=0.0219 m_ratio_max=0.695 w_ax@goal=+1.31 w_v@goal=19.40 return=944.0 length=83 success_rate=1.00 collisions/ep=1.26 (n=23)
update=55 global_step=112640 SPS=602 w_ev=0.965 m_ev=0.992 m_v_bias=-1.7 m_adv_std=17.2323 m_kl_max=0.0059 m_ratio_max=0.381 w_ax@goal=+1.37 w_v@goal=19.53 return=934.8 length=83 success_rate=1.00 collisions/ep=1.44 (n=27)
Evaluation at update 55: return=958.47, length=80.90, success_rate=1.00, collisions/ep=1.00
Solved-check at update 55: solved=False worst_gap=300.02 at p_x0=2.00 p_y0=-1.00 (consecutive=0)
update=56 global_step=114688 SPS=585 w_ev=0.950 m_ev=0.984 m_v_bias=1.5 m_adv_std=23.6785 m_kl_max=0.0029 m_ratio_max=0.282 w_ax@goal=+1.49 w_v@goal=19.40 return=949.3 length=84 success_rate=1.00 collisions/ep=1.16 (n=25)
update=57 global_step=116736 SPS=589 w_ev=0.939 m_ev=0.982 m_v_bias=3.4 m_adv_std=24.6784 m_kl_max=0.0129 m_ratio_max=0.678 w_ax@goal=+1.47 w_v@goal=19.24 return=931.6 length=83 success_rate=1.00 collisions/ep=1.52 (n=23)
update=58 global_step=118784 SPS=593 w_ev=0.949 m_ev=0.991 m_v_bias=1.0 m_adv_std=17.0506 m_kl_max=0.0101 m_ratio_max=0.505 w_ax@goal=+1.46 w_v@goal=19.24 return=943.8 length=82 success_rate=1.00 collisions/ep=1.27 (n=26)
update=59 global_step=120832 SPS=597 w_ev=0.955 m_ev=0.994 m_v_bias=-6.0 m_adv_std=14.3780 m_kl_max=0.0131 m_ratio_max=0.638 w_ax@goal=+1.33 w_v@goal=19.39 return=950.9 length=83 success_rate=1.00 collisions/ep=1.12 (n=24)
update=60 global_step=122880 SPS=601 w_ev=0.960 m_ev=0.995 m_v_bias=-1.9 m_adv_std=13.1862 m_kl_max=0.0047 m_ratio_max=0.427 w_ax@goal=+1.39 w_v@goal=19.30 return=951.5 length=83 success_rate=1.00 collisions/ep=1.12 (n=25)
Evaluation at update 60: return=958.67, length=80.70, success_rate=1.00, collisions/ep=1.00
Solved-check at update 60: solved=False worst_gap=200.02 at p_x0=2.00 p_y0=-1.00 (consecutive=0)
update=61 global_step=124928 SPS=585 w_ev=0.958 m_ev=0.996 m_v_bias=0.2 m_adv_std=11.3871 m_kl_max=0.0167 m_ratio_max=0.496 w_ax@goal=+1.27 w_v@goal=19.37 return=951.0 length=85 success_rate=1.00 collisions/ep=1.12 (n=24)
update=62 global_step=126976 SPS=589 w_ev=0.917 m_ev=0.964 m_v_bias=9.0 m_adv_std=36.6066 m_kl_max=0.0140 m_ratio_max=0.542 w_ax@goal=+1.21 w_v@goal=19.30 return=927.7 length=82 success_rate=1.00 collisions/ep=1.60 (n=25)
update=63 global_step=129024 SPS=593 w_ev=0.927 m_ev=0.967 m_v_bias=0.7 m_adv_std=34.0571 m_kl_max=0.0245 m_ratio_max=0.673 w_ax@goal=+1.33 w_v@goal=19.38 return=933.1 length=84 success_rate=1.00 collisions/ep=1.48 (n=25)
update=64 global_step=131072 SPS=597 w_ev=0.911 m_ev=0.972 m_v_bias=-0.4 m_adv_std=30.3588 m_kl_max=0.0227 m_ratio_max=0.631 w_ax@goal=+1.21 w_v@goal=19.27 return=934.3 length=82 success_rate=1.00 collisions/ep=1.46 (n=24)
update=65 global_step=133120 SPS=601 w_ev=0.940 m_ev=0.968 m_v_bias=1.1 m_adv_std=32.7803 m_kl_max=0.0174 m_ratio_max=0.740 w_ax@goal=+1.34 w_v@goal=19.28 return=940.7 length=82 success_rate=1.00 collisions/ep=1.33 (n=24)
Evaluation at update 65: return=958.57, length=80.80, success_rate=1.00, collisions/ep=1.00
Solved-check at update 65: solved=False worst_gap=56.02 at p_x0=0.00 p_y0=-1.00 (consecutive=0)
update=66 global_step=135168 SPS=586 w_ev=0.923 m_ev=0.955 m_v_bias=-4.4 m_adv_std=40.4520 m_kl_max=0.0174 m_ratio_max=0.893 w_ax@goal=+1.38 w_v@goal=19.12 return=952.9 length=82 success_rate=1.00 collisions/ep=1.08 (n=25)
update=67 global_step=137216 SPS=589 w_ev=0.946 m_ev=0.982 m_v_bias=-1.8 m_adv_std=24.6869 m_kl_max=0.0103 m_ratio_max=0.378 w_ax@goal=+1.30 w_v@goal=19.20 return=930.2 length=82 success_rate=1.00 collisions/ep=1.54 (n=26)
update=68 global_step=139264 SPS=592 w_ev=0.954 m_ev=0.995 m_v_bias=-2.4 m_adv_std=12.7734 m_kl_max=0.0157 m_ratio_max=0.572 w_ax@goal=+1.43 w_v@goal=19.30 return=952.4 length=84 success_rate=1.00 collisions/ep=1.08 (n=25)
update=69 global_step=141312 SPS=596 w_ev=0.950 m_ev=0.993 m_v_bias=-0.7 m_adv_std=15.8839 m_kl_max=0.0050 m_ratio_max=0.402 w_ax@goal=+1.39 w_v@goal=19.06 return=949.3 length=85 success_rate=1.00 collisions/ep=1.17 (n=24)
update=70 global_step=143360 SPS=599 w_ev=0.952 m_ev=0.985 m_v_bias=4.3 m_adv_std=21.9997 m_kl_max=0.0115 m_ratio_max=0.618 w_ax@goal=+1.38 w_v@goal=19.07 return=942.9 length=83 success_rate=1.00 collisions/ep=1.28 (n=25)
Evaluation at update 70: return=958.42, length=80.95, success_rate=1.00, collisions/ep=1.00
Solved-check at update 70: solved=False worst_gap=57.02 at p_x0=0.00 p_y0=-1.00 (consecutive=0)
update=71 global_step=145408 SPS=587 w_ev=0.941 m_ev=0.989 m_v_bias=0.3 m_adv_std=18.3971 m_kl_max=0.0123 m_ratio_max=0.484 w_ax@goal=+1.26 w_v@goal=19.04 return=942.0 length=82 success_rate=1.00 collisions/ep=1.29 (n=24)
update=72 global_step=147456 SPS=590 w_ev=0.956 m_ev=0.995 m_v_bias=-4.7 m_adv_std=13.4234 m_kl_max=0.0087 m_ratio_max=0.362 w_ax@goal=+1.33 w_v@goal=19.05 return=950.7 length=85 success_rate=1.00 collisions/ep=1.12 (n=24)
update=73 global_step=149504 SPS=593 w_ev=0.960 m_ev=0.998 m_v_bias=-0.9 m_adv_std=8.4451 m_kl_max=0.0111 m_ratio_max=0.462 w_ax@goal=+1.35 w_v@goal=19.00 return=955.0 length=83 success_rate=1.00 collisions/ep=1.04 (n=25)
update=74 global_step=151552 SPS=596 w_ev=0.951 m_ev=0.997 m_v_bias=2.3 m_adv_std=10.1363 m_kl_max=0.0207 m_ratio_max=0.632 w_ax@goal=+1.33 w_v@goal=19.13 return=953.1 length=82 success_rate=1.00 collisions/ep=1.08 (n=24)
update=75 global_step=153600 SPS=599 w_ev=0.956 m_ev=0.987 m_v_bias=-1.4 m_adv_std=21.3510 m_kl_max=0.0037 m_ratio_max=0.310 w_ax@goal=+1.43 w_v@goal=19.16 return=949.9 length=83 success_rate=1.00 collisions/ep=1.15 (n=26)
Evaluation at update 75: return=958.52, length=80.85, success_rate=1.00, collisions/ep=1.00
Solved-check at update 75: solved=False worst_gap=57.02 at p_x0=0.00 p_y0=-1.00 (consecutive=0)
update=76 global_step=155648 SPS=586 w_ev=0.932 m_ev=0.984 m_v_bias=2.4 m_adv_std=22.9101 m_kl_max=0.0137 m_ratio_max=1.069 w_ax@goal=+1.41 w_v@goal=19.14 return=940.8 length=82 success_rate=1.00 collisions/ep=1.32 (n=25)
update=77 global_step=157696 SPS=589 w_ev=0.948 m_ev=0.995 m_v_bias=-7.1 m_adv_std=12.9668 m_kl_max=0.0198 m_ratio_max=0.579 w_ax@goal=+1.46 w_v@goal=19.16 return=961.7 length=83 success_rate=1.00 collisions/ep=0.92 (n=24)
update=78 global_step=159744 SPS=592 w_ev=0.958 m_ev=0.997 m_v_bias=-0.2 m_adv_std=9.7493 m_kl_max=0.0139 m_ratio_max=0.836 w_ax@goal=+1.44 w_v@goal=19.28 return=957.1 length=83 success_rate=1.00 collisions/ep=1.00 (n=25)
update=79 global_step=161792 SPS=595 w_ev=0.942 m_ev=0.983 m_v_bias=2.4 m_adv_std=23.3008 m_kl_max=0.0068 m_ratio_max=0.374 w_ax@goal=+1.49 w_v@goal=19.16 return=955.9 length=83 success_rate=1.00 collisions/ep=1.04 (n=24)
update=80 global_step=163840 SPS=598 w_ev=0.919 m_ev=0.956 m_v_bias=1.9 m_adv_std=38.7909 m_kl_max=0.0058 m_ratio_max=0.460 w_ax@goal=+1.23 w_v@goal=18.91 return=957.7 length=83 success_rate=1.00 collisions/ep=1.00 (n=25)
Evaluation at update 80: return=961.02, length=80.85, success_rate=1.00, collisions/ep=0.95
Solved-check at update 80: solved=False worst_gap=56.03 at p_x0=0.00 p_y0=-1.00 (consecutive=0)
update=81 global_step=165888 SPS=586 w_ev=0.955 m_ev=0.990 m_v_bias=-5.8 m_adv_std=17.7076 m_kl_max=0.0178 m_ratio_max=0.786 w_ax@goal=+1.33 w_v@goal=19.11 return=948.0 length=84 success_rate=1.00 collisions/ep=1.20 (n=25)
update=82 global_step=167936 SPS=589 w_ev=0.898 m_ev=0.940 m_v_bias=7.6 m_adv_std=45.5670 m_kl_max=0.0254 m_ratio_max=0.627 w_ax@goal=+1.40 w_v@goal=19.17 return=936.0 length=81 success_rate=1.00 collisions/ep=1.44 (n=25)
update=83 global_step=169984 SPS=591 w_ev=0.936 m_ev=0.979 m_v_bias=1.3 m_adv_std=26.4800 m_kl_max=0.0092 m_ratio_max=0.758 w_ax@goal=+1.35 w_v@goal=19.20 return=953.9 length=85 success_rate=1.00 collisions/ep=1.08 (n=24)
update=84 global_step=172032 SPS=594 w_ev=0.949 m_ev=0.983 m_v_bias=-11.2 m_adv_std=23.8609 m_kl_max=0.0080 m_ratio_max=0.445 w_ax@goal=+1.34 w_v@goal=19.04 return=966.8 length=83 success_rate=1.00 collisions/ep=0.80 (n=25)
update=85 global_step=174080 SPS=596 w_ev=0.945 m_ev=0.969 m_v_bias=1.9 m_adv_std=31.9832 m_kl_max=0.0072 m_ratio_max=0.707 w_ax@goal=+1.26 w_v@goal=19.27 return=954.6 length=84 success_rate=1.00 collisions/ep=1.04 (n=24)
Evaluation at update 85: return=973.47, length=80.90, success_rate=1.00, collisions/ep=0.70
Solved-check at update 85: solved=False worst_gap=56.03 at p_x0=0.00 p_y0=-1.00 (consecutive=0)
update=86 global_step=176128 SPS=586 w_ev=0.942 m_ev=0.964 m_v_bias=3.3 m_adv_std=35.0992 m_kl_max=0.0106 m_ratio_max=0.468 w_ax@goal=+1.46 w_v@goal=19.11 return=953.6 length=84 success_rate=1.00 collisions/ep=1.08 (n=24)
update=87 global_step=178176 SPS=588 w_ev=0.948 m_ev=0.979 m_v_bias=-5.5 m_adv_std=26.1474 m_kl_max=0.0095 m_ratio_max=0.530 w_ax@goal=+1.46 w_v@goal=19.06 return=963.8 length=84 success_rate=1.00 collisions/ep=0.88 (n=24)
update=88 global_step=180224 SPS=591 w_ev=0.902 m_ev=0.943 m_v_bias=6.8 m_adv_std=44.9112 m_kl_max=0.0090 m_ratio_max=0.639 w_ax@goal=+1.42 w_v@goal=19.14 return=949.8 length=82 success_rate=1.00 collisions/ep=1.15 (n=26)
update=89 global_step=182272 SPS=593 w_ev=0.950 m_ev=0.992 m_v_bias=-4.1 m_adv_std=15.8257 m_kl_max=0.0100 m_ratio_max=0.834 w_ax@goal=+1.48 w_v@goal=19.16 return=971.1 length=83 success_rate=1.00 collisions/ep=0.72 (n=25)
update=90 global_step=184320 SPS=596 w_ev=0.958 m_ev=0.990 m_v_bias=-3.5 m_adv_std=18.0188 m_kl_max=0.0082 m_ratio_max=0.600 w_ax@goal=+1.37 w_v@goal=19.08 return=977.5 length=83 success_rate=1.00 collisions/ep=0.60 (n=25)
Evaluation at update 90: return=995.87, length=81.00, success_rate=1.00, collisions/ep=0.25
Solved-check at update 90: solved=False worst_gap=54.02 at p_x0=0.00 p_y0=0.00 (consecutive=0)
update=91 global_step=186368 SPS=585 w_ev=0.959 m_ev=0.988 m_v_bias=3.2 m_adv_std=19.1898 m_kl_max=0.0233 m_ratio_max=0.687 w_ax@goal=+1.51 w_v@goal=19.14 return=973.4 length=85 success_rate=1.00 collisions/ep=0.68 (n=25)
update=92 global_step=188416 SPS=588 w_ev=0.950 m_ev=0.976 m_v_bias=-2.9 m_adv_std=27.3752 m_kl_max=0.0056 m_ratio_max=0.424 w_ax@goal=+1.44 w_v@goal=19.12 return=982.1 length=83 success_rate=1.00 collisions/ep=0.50 (n=24)
update=93 global_step=190464 SPS=591 w_ev=0.962 m_ev=0.991 m_v_bias=-2.9 m_adv_std=17.2493 m_kl_max=0.0198 m_ratio_max=0.663 w_ax@goal=+1.34 w_v@goal=19.04 return=978.4 length=85 success_rate=1.00 collisions/ep=0.58 (n=24)
update=94 global_step=192512 SPS=593 w_ev=0.929 m_ev=0.967 m_v_bias=2.1 m_adv_std=33.1262 m_kl_max=0.0194 m_ratio_max=0.711 w_ax@goal=+1.34 w_v@goal=19.09 return=963.7 length=84 success_rate=1.00 collisions/ep=0.88 (n=24)
update=95 global_step=194560 SPS=596 w_ev=0.965 m_ev=0.991 m_v_bias=-2.3 m_adv_std=16.1087 m_kl_max=0.0106 m_ratio_max=0.423 w_ax@goal=+1.49 w_v@goal=18.99 return=986.6 length=85 success_rate=1.00 collisions/ep=0.42 (n=24)
Evaluation at update 95: return=1005.82, length=81.05, success_rate=1.00, collisions/ep=0.05
Solved-check at update 95: solved=False worst_gap=53.01 at p_x0=2.00 p_y0=0.00 (consecutive=0)
update=96 global_step=196608 SPS=586 w_ev=0.948 m_ev=0.981 m_v_bias=2.9 m_adv_std=25.4253 m_kl_max=0.0074 m_ratio_max=0.705 w_ax@goal=+1.49 w_v@goal=19.09 return=975.1 length=85 success_rate=1.00 collisions/ep=0.64 (n=25)
update=97 global_step=198656 SPS=588 w_ev=0.972 m_ev=0.993 m_v_bias=-3.3 m_adv_std=14.0931 m_kl_max=0.0090 m_ratio_max=0.525 w_ax@goal=+1.40 w_v@goal=19.17 return=990.6 length=84 success_rate=1.00 collisions/ep=0.33 (n=24)
update=98 global_step=200704 SPS=590 w_ev=0.963 m_ev=0.985 m_v_bias=2.2 m_adv_std=21.5732 m_kl_max=0.0093 m_ratio_max=0.465 w_ax@goal=+1.37 w_v@goal=19.20 return=989.1 length=84 success_rate=1.00 collisions/ep=0.35 (n=23)
update=99 global_step=202752 SPS=593 w_ev=0.915 m_ev=0.956 m_v_bias=2.5 m_adv_std=38.5854 m_kl_max=0.0138 m_ratio_max=0.640 w_ax@goal=+1.27 w_v@goal=19.23 return=975.2 length=85 success_rate=1.00 collisions/ep=0.64 (n=25)
update=100 global_step=204800 SPS=595 w_ev=0.969 m_ev=0.993 m_v_bias=-9.4 m_adv_std=14.4878 m_kl_max=0.0150 m_ratio_max=0.805 w_ax@goal=+1.47 w_v@goal=19.14 return=980.2 length=85 success_rate=1.00 collisions/ep=0.54 (n=24)
Evaluation at update 100: return=1008.27, length=81.10, success_rate=1.00, collisions/ep=0.00
Solved-check at update 100: solved=False worst_gap=7.03 at p_x0=0.00 p_y0=-1.00 (consecutive=0)
update=101 global_step=206848 SPS=586 w_ev=0.944 m_ev=0.983 m_v_bias=5.3 m_adv_std=23.1952 m_kl_max=0.0127 m_ratio_max=0.479 w_ax@goal=+1.59 w_v@goal=19.16 return=977.4 length=84 success_rate=1.00 collisions/ep=0.60 (n=25)
update=102 global_step=208896 SPS=588 w_ev=0.920 m_ev=0.969 m_v_bias=1.8 m_adv_std=30.8289 m_kl_max=0.0093 m_ratio_max=0.595 w_ax@goal=+1.49 w_v@goal=18.99 return=973.9 length=83 success_rate=1.00 collisions/ep=0.67 (n=24)
update=103 global_step=210944 SPS=590 w_ev=0.946 m_ev=0.989 m_v_bias=-1.7 m_adv_std=17.4543 m_kl_max=0.0042 m_ratio_max=0.305 w_ax@goal=+1.47 w_v@goal=19.02 return=978.1 length=82 success_rate=1.00 collisions/ep=0.58 (n=24)
update=104 global_step=212992 SPS=592 w_ev=0.955 m_ev=0.992 m_v_bias=1.3 m_adv_std=15.6521 m_kl_max=0.0175 m_ratio_max=0.777 w_ax@goal=+1.38 w_v@goal=19.03 return=988.3 length=84 success_rate=1.00 collisions/ep=0.38 (n=24)
update=105 global_step=215040 SPS=594 w_ev=0.945 m_ev=0.975 m_v_bias=-0.4 m_adv_std=27.6715 m_kl_max=0.0188 m_ratio_max=0.793 w_ax@goal=+1.37 w_v@goal=19.22 return=978.5 length=83 success_rate=1.00 collisions/ep=0.58 (n=26)
Evaluation at update 105: return=1008.47, length=80.90, success_rate=1.00, collisions/ep=0.00
Solved-check at update 105: solved=False worst_gap=7.03 at p_x0=0.00 p_y0=-1.00 (consecutive=0)
update=106 global_step=217088 SPS=585 w_ev=0.971 m_ev=0.993 m_v_bias=-1.3 m_adv_std=14.8437 m_kl_max=0.0116 m_ratio_max=0.622 w_ax@goal=+1.31 w_v@goal=19.25 return=991.8 length=85 success_rate=1.00 collisions/ep=0.32 (n=25)
update=107 global_step=219136 SPS=588 w_ev=0.968 m_ev=0.994 m_v_bias=-3.1 m_adv_std=12.8287 m_kl_max=0.0213 m_ratio_max=0.901 w_ax@goal=+1.34 w_v@goal=19.26 return=994.8 length=83 success_rate=1.00 collisions/ep=0.25 (n=24)
update=108 global_step=221184 SPS=590 w_ev=0.938 m_ev=0.977 m_v_bias=0.7 m_adv_std=26.9595 m_kl_max=0.0063 m_ratio_max=0.387 w_ax@goal=+1.38 w_v@goal=19.13 return=985.6 length=83 success_rate=1.00 collisions/ep=0.44 (n=25)
update=109 global_step=223232 SPS=592 w_ev=0.948 m_ev=0.965 m_v_bias=3.7 m_adv_std=32.8523 m_kl_max=0.0065 m_ratio_max=0.393 w_ax@goal=+1.35 w_v@goal=19.12 return=974.0 length=84 success_rate=1.00 collisions/ep=0.68 (n=25)
update=110 global_step=225280 SPS=594 w_ev=0.968 m_ev=0.990 m_v_bias=-2.2 m_adv_std=17.4697 m_kl_max=0.0059 m_ratio_max=0.504 w_ax@goal=+1.36 w_v@goal=19.19 return=984.6 length=84 success_rate=1.00 collisions/ep=0.46 (n=24)
Evaluation at update 110: return=1003.42, length=80.95, success_rate=1.00, collisions/ep=0.10
Solved-check at update 110: solved=False worst_gap=54.02 at p_x0=0.00 p_y0=0.50 (consecutive=0)
update=111 global_step=227328 SPS=586 w_ev=0.970 m_ev=0.992 m_v_bias=0.1 m_adv_std=16.0285 m_kl_max=0.0294 m_ratio_max=1.025 w_ax@goal=+1.45 w_v@goal=19.18 return=988.5 length=83 success_rate=1.00 collisions/ep=0.38 (n=24)
update=112 global_step=229376 SPS=588 w_ev=0.953 m_ev=0.980 m_v_bias=3.2 m_adv_std=24.7891 m_kl_max=0.0040 m_ratio_max=0.313 w_ax@goal=+1.41 w_v@goal=19.17 return=976.8 length=84 success_rate=1.00 collisions/ep=0.62 (n=24)
update=113 global_step=231424 SPS=590 w_ev=0.970 m_ev=0.993 m_v_bias=-10.7 m_adv_std=14.7261 m_kl_max=0.0070 m_ratio_max=0.431 w_ax@goal=+1.39 w_v@goal=19.15 return=991.2 length=85 success_rate=1.00 collisions/ep=0.33 (n=24)
update=114 global_step=233472 SPS=592 w_ev=0.970 m_ev=0.990 m_v_bias=-2.9 m_adv_std=17.3884 m_kl_max=0.0152 m_ratio_max=0.826 w_ax@goal=+1.39 w_v@goal=19.38 return=990.7 length=82 success_rate=1.00 collisions/ep=0.36 (n=25)
update=115 global_step=235520 SPS=594 w_ev=0.947 m_ev=0.971 m_v_bias=6.9 m_adv_std=30.0080 m_kl_max=0.0085 m_ratio_max=0.394 w_ax@goal=+1.34 w_v@goal=19.31 return=981.5 length=84 success_rate=1.00 collisions/ep=0.52 (n=23)
Evaluation at update 115: return=1003.97, length=80.40, success_rate=1.00, collisions/ep=0.10
Solved-check at update 115: solved=False worst_gap=53.01 at p_x0=2.00 p_y0=0.00 (consecutive=0)
update=116 global_step=237568 SPS=586 w_ev=0.958 m_ev=0.980 m_v_bias=-0.4 m_adv_std=25.0996 m_kl_max=0.0156 m_ratio_max=0.541 w_ax@goal=+1.24 w_v@goal=19.20 return=974.9 length=84 success_rate=1.00 collisions/ep=0.65 (n=26)
update=117 global_step=239616 SPS=587 w_ev=0.951 m_ev=0.980 m_v_bias=2.9 m_adv_std=25.8837 m_kl_max=0.0155 m_ratio_max=1.021 w_ax@goal=+1.28 w_v@goal=19.07 return=976.4 length=84 success_rate=1.00 collisions/ep=0.64 (n=25)
update=118 global_step=241664 SPS=590 w_ev=0.961 m_ev=0.992 m_v_bias=-1.9 m_adv_std=15.4994 m_kl_max=0.0114 m_ratio_max=0.487 w_ax@goal=+1.30 w_v@goal=19.23 return=989.0 length=86 success_rate=1.00 collisions/ep=0.36 (n=22)
update=119 global_step=243712 SPS=591 w_ev=0.974 m_ev=0.987 m_v_bias=-5.1 m_adv_std=19.1742 m_kl_max=0.0152 m_ratio_max=0.662 w_ax@goal=+1.30 w_v@goal=19.42 return=995.2 length=84 success_rate=1.00 collisions/ep=0.24 (n=25)
update=120 global_step=245760 SPS=593 w_ev=0.963 m_ev=0.982 m_v_bias=3.1 m_adv_std=24.2019 m_kl_max=0.0188 m_ratio_max=0.617 w_ax@goal=+1.35 w_v@goal=19.26 return=990.5 length=84 success_rate=1.00 collisions/ep=0.35 (n=26)
Evaluation at update 120: return=1008.62, length=80.75, success_rate=1.00, collisions/ep=0.00
Solved-check at update 120: solved=False worst_gap=6.02 at p_x0=0.00 p_y0=-1.00 (consecutive=0)
update=121 global_step=247808 SPS=585 w_ev=0.975 m_ev=0.990 m_v_bias=-1.4 m_adv_std=17.0744 m_kl_max=0.0078 m_ratio_max=0.417 w_ax@goal=+1.35 w_v@goal=19.28 return=990.9 length=82 success_rate=1.00 collisions/ep=0.33 (n=24)
update=122 global_step=249856 SPS=587 w_ev=0.940 m_ev=0.967 m_v_bias=5.2 m_adv_std=32.1600 m_kl_max=0.0129 m_ratio_max=0.569 w_ax@goal=+1.24 w_v@goal=19.22 return=977.3 length=84 success_rate=1.00 collisions/ep=0.62 (n=24)
update=123 global_step=251904 SPS=589 w_ev=0.970 m_ev=0.995 m_v_bias=-10.5 m_adv_std=12.1463 m_kl_max=0.0073 m_ratio_max=0.497 w_ax@goal=+1.24 w_v@goal=19.31 return=1005.1 length=83 success_rate=1.00 collisions/ep=0.04 (n=25)
update=124 global_step=253952 SPS=591 w_ev=0.976 m_ev=0.996 m_v_bias=0.3 m_adv_std=10.6469 m_kl_max=0.0176 m_ratio_max=0.611 w_ax@goal=+1.29 w_v@goal=19.30 return=999.6 length=84 success_rate=1.00 collisions/ep=0.17 (n=24)
update=125 global_step=256000 SPS=593 w_ev=0.945 m_ev=0.976 m_v_bias=4.0 m_adv_std=25.9787 m_kl_max=0.0221 m_ratio_max=0.943 w_ax@goal=+1.34 w_v@goal=19.25 return=987.9 length=82 success_rate=1.00 collisions/ep=0.40 (n=25)
Evaluation at update 125: return=1008.87, length=80.50, success_rate=1.00, collisions/ep=0.00
Solved-check at update 125: solved=False worst_gap=6.03 at p_x0=0.00 p_y0=-1.00 (consecutive=0)
update=126 global_step=258048 SPS=585 w_ev=0.962 m_ev=0.988 m_v_bias=-1.8 m_adv_std=19.0370 m_kl_max=0.0503 m_ratio_max=1.588 w_ax@goal=+1.44 w_v@goal=19.25 return=987.8 length=82 success_rate=1.00 collisions/ep=0.40 (n=25)
update=127 global_step=260096 SPS=587 w_ev=0.962 m_ev=0.993 m_v_bias=-2.9 m_adv_std=14.7326 m_kl_max=0.0225 m_ratio_max=0.926 w_ax@goal=+1.23 w_v@goal=19.33 return=999.8 length=84 success_rate=1.00 collisions/ep=0.17 (n=24)
update=128 global_step=262144 SPS=589 w_ev=0.963 m_ev=0.988 m_v_bias=4.5 m_adv_std=18.8758 m_kl_max=0.0150 m_ratio_max=0.589 w_ax@goal=+1.40 w_v@goal=19.33 return=992.1 length=83 success_rate=1.00 collisions/ep=0.32 (n=25)
update=129 global_step=264192 SPS=590 w_ev=0.979 m_ev=0.996 m_v_bias=-6.1 m_adv_std=10.9543 m_kl_max=0.0106 m_ratio_max=0.569 w_ax@goal=+1.34 w_v@goal=19.37 return=1003.8 length=82 success_rate=1.00 collisions/ep=0.08 (n=26)
update=130 global_step=266240 SPS=592 w_ev=0.980 m_ev=0.995 m_v_bias=-0.5 m_adv_std=11.7145 m_kl_max=0.0091 m_ratio_max=0.543 w_ax@goal=+1.45 w_v@goal=19.42 return=993.7 length=80 success_rate=1.00 collisions/ep=0.29 (n=24)
Evaluation at update 130: return=1008.82, length=80.55, success_rate=1.00, collisions/ep=0.00
Solved-check at update 130: solved=False worst_gap=6.03 at p_x0=0.00 p_y0=-1.00 (consecutive=0)
update=131 global_step=268288 SPS=585 w_ev=0.968 m_ev=0.992 m_v_bias=2.4 m_adv_std=15.3747 m_kl_max=0.0122 m_ratio_max=0.797 w_ax@goal=+1.40 w_v@goal=19.21 return=990.9 length=83 success_rate=1.00 collisions/ep=0.33 (n=24)
update=132 global_step=270336 SPS=587 w_ev=0.974 m_ev=0.994 m_v_bias=-1.1 m_adv_std=13.2360 m_kl_max=0.0134 m_ratio_max=0.632 w_ax@goal=+1.35 w_v@goal=19.38 return=1001.7 length=82 success_rate=1.00 collisions/ep=0.12 (n=24)
update=133 global_step=272384 SPS=589 w_ev=0.985 m_ev=0.998 m_v_bias=-2.3 m_adv_std=7.3092 m_kl_max=0.0069 m_ratio_max=0.525 w_ax@goal=+1.37 w_v@goal=19.33 return=1006.3 length=85 success_rate=1.00 collisions/ep=0.04 (n=25)
update=134 global_step=274432 SPS=590 w_ev=0.951 m_ev=0.981 m_v_bias=5.2 m_adv_std=24.0387 m_kl_max=0.0145 m_ratio_max=0.616 w_ax@goal=+1.27 w_v@goal=19.41 return=987.6 length=85 success_rate=1.00 collisions/ep=0.42 (n=24)
update=135 global_step=276480 SPS=592 w_ev=0.955 m_ev=0.976 m_v_bias=0.7 m_adv_std=27.0615 m_kl_max=0.0102 m_ratio_max=0.649 w_ax@goal=+1.30 w_v@goal=19.36 return=990.9 length=82 success_rate=1.00 collisions/ep=0.33 (n=27)
Evaluation at update 135: return=1008.66, length=80.70, success_rate=1.00, collisions/ep=0.00
Solved-check at update 135: solved=False worst_gap=6.03 at p_x0=0.00 p_y0=-1.00 (consecutive=0)
update=136 global_step=278528 SPS=585 w_ev=0.979 m_ev=0.997 m_v_bias=-2.0 m_adv_std=9.5534 m_kl_max=0.0065 m_ratio_max=0.472 w_ax@goal=+1.28 w_v@goal=19.31 return=1005.9 length=84 success_rate=1.00 collisions/ep=0.04 (n=24)
update=137 global_step=280576 SPS=586 w_ev=0.984 m_ev=0.997 m_v_bias=-0.2 m_adv_std=9.1920 m_kl_max=0.0183 m_ratio_max=0.642 w_ax@goal=+1.38 w_v@goal=19.37 return=1002.2 length=82 success_rate=1.00 collisions/ep=0.12 (n=25)
update=138 global_step=282624 SPS=588 w_ev=0.974 m_ev=0.991 m_v_bias=3.2 m_adv_std=15.6843 m_kl_max=0.0068 m_ratio_max=0.344 w_ax@goal=+1.30 w_v@goal=19.38 return=996.0 length=83 success_rate=1.00 collisions/ep=0.25 (n=24)
update=139 global_step=284672 SPS=590 w_ev=0.986 m_ev=0.997 m_v_bias=-2.4 m_adv_std=10.0005 m_kl_max=0.0195 m_ratio_max=1.198 w_ax@goal=+1.42 w_v@goal=19.41 return=1002.6 length=83 success_rate=1.00 collisions/ep=0.12 (n=26)
update=140 global_step=286720 SPS=591 w_ev=0.971 m_ev=0.988 m_v_bias=-0.4 m_adv_std=18.5941 m_kl_max=0.0063 m_ratio_max=0.408 w_ax@goal=+1.36 w_v@goal=19.36 return=998.3 length=81 success_rate=1.00 collisions/ep=0.20 (n=25)
Evaluation at update 140: return=1009.21, length=80.15, success_rate=1.00, collisions/ep=0.00
Solved-check at update 140: solved=False worst_gap=6.03 at p_x0=0.00 p_y0=-1.00 (consecutive=0)
update=141 global_step=288768 SPS=585 w_ev=0.982 m_ev=0.996 m_v_bias=-0.1 m_adv_std=11.3643 m_kl_max=0.0132 m_ratio_max=1.020 w_ax@goal=+1.32 w_v@goal=19.46 return=998.5 length=82 success_rate=1.00 collisions/ep=0.21 (n=24)
update=142 global_step=290816 SPS=586 w_ev=0.977 m_ev=0.995 m_v_bias=1.0 m_adv_std=11.8709 m_kl_max=0.0096 m_ratio_max=0.412 w_ax@goal=+1.33 w_v@goal=19.46 return=992.7 length=81 success_rate=1.00 collisions/ep=0.32 (n=25)
update=143 global_step=292864 SPS=588 w_ev=0.978 m_ev=0.996 m_v_bias=-0.1 m_adv_std=10.6136 m_kl_max=0.0283 m_ratio_max=0.804 w_ax@goal=+1.30 w_v@goal=19.38 return=1000.3 length=83 success_rate=1.00 collisions/ep=0.17 (n=24)
update=144 global_step=294912 SPS=589 w_ev=0.977 m_ev=0.990 m_v_bias=3.5 m_adv_std=17.1252 m_kl_max=0.0150 m_ratio_max=0.823 w_ax@goal=+1.27 w_v@goal=19.39 return=1002.9 length=84 success_rate=1.00 collisions/ep=0.12 (n=26)
update=145 global_step=296960 SPS=591 w_ev=0.981 m_ev=0.999 m_v_bias=-4.3 m_adv_std=5.5102 m_kl_max=0.0192 m_ratio_max=0.647 w_ax@goal=+1.39 w_v@goal=19.47 return=1004.1 length=82 success_rate=1.00 collisions/ep=0.08 (n=24)
Evaluation at update 145: return=1009.26, length=80.10, success_rate=1.00, collisions/ep=0.00
Solved-check at update 145: solved=False worst_gap=6.03 at p_x0=0.00 p_y0=-1.00 (consecutive=0)
update=146 global_step=299008 SPS=585 w_ev=0.954 m_ev=0.972 m_v_bias=6.5 m_adv_std=29.3655 m_kl_max=0.0115 m_ratio_max=0.924 w_ax@goal=+1.22 w_v@goal=19.38 return=1000.6 length=83 success_rate=1.00 collisions/ep=0.15 (n=26)
update=147 global_step=301056 SPS=586 w_ev=0.978 m_ev=0.992 m_v_bias=-2.5 m_adv_std=15.6731 m_kl_max=0.0178 m_ratio_max=1.062 w_ax@goal=+1.31 w_v@goal=19.37 return=987.6 length=83 success_rate=1.00 collisions/ep=0.42 (n=24)
update=148 global_step=303104 SPS=588 w_ev=0.978 m_ev=0.997 m_v_bias=-2.7 m_adv_std=8.6009 m_kl_max=0.0111 m_ratio_max=0.596 w_ax@goal=+1.28 w_v@goal=19.38 return=1005.7 length=81 success_rate=1.00 collisions/ep=0.04 (n=25)
update=149 global_step=305152 SPS=589 w_ev=0.976 m_ev=0.999 m_v_bias=-0.6 m_adv_std=6.3748 m_kl_max=0.0074 m_ratio_max=0.348 w_ax@goal=+1.20 w_v@goal=19.40 return=1004.0 length=82 success_rate=1.00 collisions/ep=0.08 (n=26)
update=150 global_step=307200 SPS=591 w_ev=0.987 m_ev=1.000 m_v_bias=-1.6 m_adv_std=3.4795 m_kl_max=0.0089 m_ratio_max=0.571 w_ax@goal=+1.19 w_v@goal=19.38 return=1008.4 length=82 success_rate=1.00 collisions/ep=0.00 (n=25)
Evaluation at update 150: return=1006.91, length=79.95, success_rate=1.00, collisions/ep=0.05
Solved-check at update 150: solved=False worst_gap=6.03 at p_x0=0.00 p_y0=-1.00 (consecutive=0)
update=151 global_step=309248 SPS=585 w_ev=0.946 m_ev=0.973 m_v_bias=8.7 m_adv_std=28.0237 m_kl_max=0.0295 m_ratio_max=1.940 w_ax@goal=+1.29 w_v@goal=19.36 return=997.7 length=84 success_rate=1.00 collisions/ep=0.22 (n=23)
update=152 global_step=311296 SPS=586 w_ev=0.985 m_ev=0.996 m_v_bias=-2.6 m_adv_std=10.5525 m_kl_max=0.0029 m_ratio_max=0.334 w_ax@goal=+1.31 w_v@goal=19.48 return=992.5 length=84 success_rate=1.00 collisions/ep=0.33 (n=24)
update=153 global_step=313344 SPS=588 w_ev=0.984 m_ev=0.998 m_v_bias=3.2 m_adv_std=8.4619 m_kl_max=0.0109 m_ratio_max=0.379 w_ax@goal=+1.17 w_v@goal=19.40 return=1004.1 length=83 success_rate=1.00 collisions/ep=0.08 (n=26)
update=154 global_step=315392 SPS=589 w_ev=0.986 m_ev=0.999 m_v_bias=-0.9 m_adv_std=4.5716 m_kl_max=0.0131 m_ratio_max=0.658 w_ax@goal=+1.09 w_v@goal=19.43 return=1008.0 length=85 success_rate=1.00 collisions/ep=0.00 (n=22)
update=155 global_step=317440 SPS=591 w_ev=0.974 m_ev=0.994 m_v_bias=2.1 m_adv_std=13.5082 m_kl_max=0.0049 m_ratio_max=0.606 w_ax@goal=+1.10 w_v@goal=19.52 return=998.1 length=83 success_rate=1.00 collisions/ep=0.21 (n=24)
Evaluation at update 155: return=1009.01, length=80.35, success_rate=1.00, collisions/ep=0.00
Solved-check at update 155: solved=False worst_gap=6.03 at p_x0=0.00 p_y0=-1.00 (consecutive=0)
update=156 global_step=319488 SPS=585 w_ev=0.985 m_ev=0.999 m_v_bias=-3.2 m_adv_std=4.8089 m_kl_max=0.0169 m_ratio_max=0.613 w_ax@goal=+1.09 w_v@goal=19.47 return=1006.1 length=83 success_rate=1.00 collisions/ep=0.04 (n=28)
update=157 global_step=321536 SPS=587 w_ev=0.955 m_ev=0.974 m_v_bias=7.1 m_adv_std=27.3383 m_kl_max=0.0277 m_ratio_max=0.824 w_ax@goal=+1.18 w_v@goal=19.57 return=997.8 length=83 success_rate=1.00 collisions/ep=0.21 (n=24)
update=158 global_step=323584 SPS=588 w_ev=0.963 m_ev=0.982 m_v_bias=0.2 m_adv_std=23.5333 m_kl_max=0.0175 m_ratio_max=0.608 w_ax@goal=+1.23 w_v@goal=19.65 return=984.4 length=81 success_rate=1.00 collisions/ep=0.48 (n=25)
update=159 global_step=325632 SPS=590 w_ev=0.987 m_ev=0.997 m_v_bias=-7.6 m_adv_std=8.9638 m_kl_max=0.0253 m_ratio_max=0.731 w_ax@goal=+1.23 w_v@goal=19.40 return=1000.5 length=84 success_rate=1.00 collisions/ep=0.16 (n=25)
update=160 global_step=327680 SPS=591 w_ev=0.986 m_ev=0.992 m_v_bias=2.0 m_adv_std=14.9516 m_kl_max=0.0129 m_ratio_max=0.862 w_ax@goal=+1.23 w_v@goal=19.52 return=1001.9 length=82 success_rate=1.00 collisions/ep=0.12 (n=24)
Evaluation at update 160: return=1008.81, length=80.55, success_rate=1.00, collisions/ep=0.00
Solved-check at update 160: solved=False worst_gap=6.03 at p_x0=0.00 p_y0=-1.00 (consecutive=0)
update=161 global_step=329728 SPS=585 w_ev=0.988 m_ev=0.999 m_v_bias=-1.2 m_adv_std=5.7930 m_kl_max=0.0133 m_ratio_max=0.568 w_ax@goal=+1.09 w_v@goal=19.57 return=1002.2 length=84 success_rate=1.00 collisions/ep=0.12 (n=25)
update=162 global_step=331776 SPS=587 w_ev=0.989 m_ev=0.999 m_v_bias=-1.5 m_adv_std=6.1682 m_kl_max=0.0131 m_ratio_max=0.717 w_ax@goal=+1.11 w_v@goal=19.60 return=1006.2 length=82 success_rate=1.00 collisions/ep=0.04 (n=24)
update=163 global_step=333824 SPS=588 w_ev=0.994 m_ev=0.999 m_v_bias=0.3 m_adv_std=4.8160 m_kl_max=0.0103 m_ratio_max=0.436 w_ax@goal=+1.10 w_v@goal=19.66 return=1006.1 length=84 success_rate=1.00 collisions/ep=0.04 (n=24)
update=164 global_step=335872 SPS=589 w_ev=0.986 m_ev=0.995 m_v_bias=2.4 m_adv_std=11.4942 m_kl_max=0.0235 m_ratio_max=0.995 w_ax@goal=+0.88 w_v@goal=19.66 return=1008.2 length=83 success_rate=1.00 collisions/ep=0.00 (n=24)
update=165 global_step=337920 SPS=591 w_ev=0.985 m_ev=0.995 m_v_bias=1.2 m_adv_std=12.0812 m_kl_max=0.0184 m_ratio_max=0.731 w_ax@goal=+1.03 w_v@goal=19.65 return=997.7 length=83 success_rate=1.00 collisions/ep=0.23 (n=26)
Evaluation at update 165: return=1009.41, length=79.95, success_rate=1.00, collisions/ep=0.00
Solved-check at update 165: solved=False worst_gap=5.02 at p_x0=0.00 p_y0=-1.00 (consecutive=0)
update=166 global_step=339968 SPS=585 w_ev=0.991 m_ev=0.996 m_v_bias=0.5 m_adv_std=10.5826 m_kl_max=0.0130 m_ratio_max=0.701 w_ax@goal=+0.99 w_v@goal=19.60 return=1000.5 length=81 success_rate=1.00 collisions/ep=0.15 (n=26)
update=167 global_step=342016 SPS=586 w_ev=0.991 m_ev=0.998 m_v_bias=-1.9 m_adv_std=7.0012 m_kl_max=0.0111 m_ratio_max=0.391 w_ax@goal=+0.98 w_v@goal=19.67 return=1004.8 length=83 success_rate=1.00 collisions/ep=0.08 (n=25)
update=168 global_step=344064 SPS=588 w_ev=0.927 m_ev=0.957 m_v_bias=5.5 m_adv_std=35.6514 m_kl_max=0.0216 m_ratio_max=0.777 w_ax@goal=+1.06 w_v@goal=19.67 return=984.4 length=81 success_rate=1.00 collisions/ep=0.48 (n=25)
update=169 global_step=346112 SPS=589 w_ev=0.969 m_ev=0.981 m_v_bias=-2.3 m_adv_std=22.8769 m_kl_max=0.0519 m_ratio_max=1.558 w_ax@goal=+0.88 w_v@goal=19.74 return=997.2 length=81 success_rate=1.00 collisions/ep=0.22 (n=23)
update=170 global_step=348160 SPS=590 w_ev=0.977 m_ev=0.994 m_v_bias=0.5 m_adv_std=12.6020 m_kl_max=0.0116 m_ratio_max=0.603 w_ax@goal=+1.00 w_v@goal=19.74 return=1002.8 length=84 success_rate=1.00 collisions/ep=0.11 (n=27)
Evaluation at update 170: return=1009.11, length=80.25, success_rate=1.00, collisions/ep=0.00
Solved-check at update 170: solved=False worst_gap=5.03 at p_x0=0.00 p_y0=-1.00 (consecutive=0)
update=171 global_step=350208 SPS=585 w_ev=0.987 m_ev=0.995 m_v_bias=-1.8 m_adv_std=11.7067 m_kl_max=0.0068 m_ratio_max=0.382 w_ax@goal=+0.80 w_v@goal=19.70 return=995.6 length=81 success_rate=1.00 collisions/ep=0.25 (n=24)
update=172 global_step=352256 SPS=586 w_ev=0.990 m_ev=0.998 m_v_bias=0.5 m_adv_std=7.2361 m_kl_max=0.0068 m_ratio_max=0.386 w_ax@goal=+0.63 w_v@goal=19.64 return=1007.5 length=83 success_rate=1.00 collisions/ep=0.00 (n=27)
update=173 global_step=354304 SPS=587 w_ev=0.987 m_ev=0.994 m_v_bias=1.4 m_adv_std=12.5643 m_kl_max=0.0297 m_ratio_max=0.945 w_ax@goal=+0.75 w_v@goal=19.61 return=1004.0 length=83 success_rate=1.00 collisions/ep=0.09 (n=23)
update=174 global_step=356352 SPS=589 w_ev=0.985 m_ev=0.993 m_v_bias=0.3 m_adv_std=14.5409 m_kl_max=0.0225 m_ratio_max=0.817 w_ax@goal=+0.86 w_v@goal=19.72 return=1001.0 length=83 success_rate=1.00 collisions/ep=0.15 (n=26)
update=175 global_step=358400 SPS=590 w_ev=0.978 m_ev=0.992 m_v_bias=1.6 m_adv_std=15.2007 m_kl_max=0.0289 m_ratio_max=1.036 w_ax@goal=+0.97 w_v@goal=19.66 return=1000.8 length=83 success_rate=1.00 collisions/ep=0.16 (n=25)
Evaluation at update 175: return=1009.51, length=79.85, success_rate=1.00, collisions/ep=0.00
Solved-check at update 175: solved=False worst_gap=150.03 at p_x0=2.00 p_y0=-1.00 (consecutive=0)
update=176 global_step=360448 SPS=585 w_ev=0.961 m_ev=0.981 m_v_bias=1.6 m_adv_std=24.1434 m_kl_max=0.0060 m_ratio_max=0.419 w_ax@goal=+0.96 w_v@goal=19.68 return=985.8 length=81 success_rate=1.00 collisions/ep=0.46 (n=24)
update=177 global_step=362496 SPS=586 w_ev=0.985 m_ev=0.996 m_v_bias=-4.3 m_adv_std=10.3275 m_kl_max=0.0320 m_ratio_max=0.780 w_ax@goal=+1.04 w_v@goal=19.72 return=1004.9 length=83 success_rate=1.00 collisions/ep=0.08 (n=25)
update=178 global_step=364544 SPS=587 w_ev=0.986 m_ev=0.998 m_v_bias=0.2 m_adv_std=7.9886 m_kl_max=0.0101 m_ratio_max=0.720 w_ax@goal=+1.12 w_v@goal=19.72 return=1004.4 length=82 success_rate=1.00 collisions/ep=0.08 (n=25)
update=179 global_step=366592 SPS=588 w_ev=0.985 m_ev=0.996 m_v_bias=0.1 m_adv_std=10.8568 m_kl_max=0.0285 m_ratio_max=0.910 w_ax@goal=+1.12 w_v@goal=19.72 return=1002.3 length=81 success_rate=1.00 collisions/ep=0.12 (n=25)
update=180 global_step=368640 SPS=590 w_ev=0.963 m_ev=0.975 m_v_bias=3.5 m_adv_std=27.5061 m_kl_max=0.0092 m_ratio_max=0.619 w_ax@goal=+1.16 w_v@goal=19.73 return=991.7 length=82 success_rate=1.00 collisions/ep=0.35 (n=26)
Evaluation at update 180: return=1009.21, length=80.15, success_rate=1.00, collisions/ep=0.00
Solved-check at update 180: solved=False worst_gap=100.03 at p_x0=2.00 p_y0=-1.00 (consecutive=0)
update=181 global_step=370688 SPS=585 w_ev=0.991 m_ev=0.998 m_v_bias=-3.7 m_adv_std=6.8312 m_kl_max=0.0067 m_ratio_max=0.400 w_ax@goal=+1.02 w_v@goal=19.76 return=1006.7 length=84 success_rate=1.00 collisions/ep=0.04 (n=24)
update=182 global_step=372736 SPS=586 w_ev=0.989 m_ev=0.999 m_v_bias=-0.7 m_adv_std=5.7807 m_kl_max=0.0196 m_ratio_max=0.716 w_ax@goal=+1.18 w_v@goal=19.71 return=1006.2 length=79 success_rate=1.00 collisions/ep=0.04 (n=26)
update=183 global_step=374784 SPS=587 w_ev=0.975 m_ev=0.985 m_v_bias=5.2 m_adv_std=21.3847 m_kl_max=0.0105 m_ratio_max=0.829 w_ax@goal=+1.09 w_v@goal=19.73 return=989.9 length=81 success_rate=1.00 collisions/ep=0.38 (n=26)
update=184 global_step=376832 SPS=588 w_ev=0.986 m_ev=0.997 m_v_bias=-4.9 m_adv_std=9.5678 m_kl_max=0.0034 m_ratio_max=0.296 w_ax@goal=+1.04 w_v@goal=19.79 return=1000.9 length=82 success_rate=1.00 collisions/ep=0.17 (n=24)
update=185 global_step=378880 SPS=589 w_ev=0.952 m_ev=0.961 m_v_bias=5.2 m_adv_std=33.6958 m_kl_max=0.0069 m_ratio_max=0.497 w_ax@goal=+1.05 w_v@goal=19.78 return=993.5 length=83 success_rate=1.00 collisions/ep=0.29 (n=24)
Evaluation at update 185: return=1009.46, length=79.90, success_rate=1.00, collisions/ep=0.00
Solved-check at update 185: solved=True worst_gap=4.02 at p_x0=0.00 p_y0=-1.00 (consecutive=0)
update=186 global_step=380928 SPS=584 w_ev=0.975 m_ev=0.983 m_v_bias=3.6 m_adv_std=21.0499 m_kl_max=0.0259 m_ratio_max=0.601 w_ax@goal=+1.06 w_v@goal=19.74 return=992.7 length=82 success_rate=1.00 collisions/ep=0.33 (n=24)
update=187 global_step=382976 SPS=585 w_ev=0.990 m_ev=0.998 m_v_bias=-5.6 m_adv_std=7.6711 m_kl_max=0.0112 m_ratio_max=0.509 w_ax@goal=+1.10 w_v@goal=19.79 return=1006.5 length=79 success_rate=1.00 collisions/ep=0.04 (n=26)
update=188 global_step=385024 SPS=587 w_ev=0.991 m_ev=0.999 m_v_bias=-0.6 m_adv_std=6.0703 m_kl_max=0.0204 m_ratio_max=0.862 w_ax@goal=+1.23 w_v@goal=19.76 return=1006.8 length=83 success_rate=1.00 collisions/ep=0.04 (n=24)
update=189 global_step=387072 SPS=588 w_ev=0.987 m_ev=0.998 m_v_bias=-0.8 m_adv_std=8.3666 m_kl_max=0.0253 m_ratio_max=0.772 w_ax@goal=+1.15 w_v@goal=19.78 return=1005.2 length=82 success_rate=1.00 collisions/ep=0.08 (n=25)
update=190 global_step=389120 SPS=589 w_ev=0.986 m_ev=0.992 m_v_bias=0.6 m_adv_std=15.3011 m_kl_max=0.0171 m_ratio_max=0.560 w_ax@goal=+1.12 w_v@goal=19.78 return=998.3 length=82 success_rate=1.00 collisions/ep=0.22 (n=27)
Evaluation at update 190: return=1009.76, length=79.60, success_rate=1.00, collisions/ep=0.00
Solved-check at update 190: solved=False worst_gap=150.03 at p_x0=2.00 p_y0=-1.00 (consecutive=1)
update=191 global_step=391168 SPS=584 w_ev=0.974 m_ev=0.982 m_v_bias=1.0 m_adv_std=23.4090 m_kl_max=0.0326 m_ratio_max=0.693 w_ax@goal=+1.16 w_v@goal=19.83 return=995.4 length=81 success_rate=1.00 collisions/ep=0.28 (n=25)
update=192 global_step=393216 SPS=585 w_ev=0.932 m_ev=0.948 m_v_bias=2.9 m_adv_std=39.5989 m_kl_max=0.0146 m_ratio_max=0.745 w_ax@goal=+1.25 w_v@goal=19.87 return=993.4 length=80 success_rate=1.00 collisions/ep=0.31 (n=26)
update=193 global_step=395264 SPS=587 w_ev=0.970 m_ev=0.993 m_v_bias=-2.5 m_adv_std=13.9496 m_kl_max=0.0052 m_ratio_max=0.380 w_ax@goal=+1.32 w_v@goal=19.80 return=1000.4 length=81 success_rate=1.00 collisions/ep=0.17 (n=24)
update=194 global_step=397312 SPS=588 w_ev=0.964 m_ev=0.983 m_v_bias=4.3 m_adv_std=22.2381 m_kl_max=0.0229 m_ratio_max=0.648 w_ax@goal=+1.26 w_v@goal=19.83 return=998.3 length=81 success_rate=1.00 collisions/ep=0.21 (n=24)
update=195 global_step=399360 SPS=589 w_ev=0.968 m_ev=0.986 m_v_bias=-1.6 m_adv_std=20.7693 m_kl_max=0.0154 m_ratio_max=0.510 w_ax@goal=+1.25 w_v@goal=19.81 return=987.1 length=84 success_rate=1.00 collisions/ep=0.44 (n=25)
Evaluation at update 195: return=1008.81, length=80.55, success_rate=1.00, collisions/ep=0.00
Solved-check at update 195: solved=False worst_gap=5.03 at p_x0=0.00 p_y0=-1.00 (consecutive=0)
update=196 global_step=401408 SPS=584 w_ev=0.965 m_ev=0.985 m_v_bias=-0.4 m_adv_std=21.1068 m_kl_max=0.0094 m_ratio_max=0.668 w_ax@goal=+1.18 w_v@goal=19.81 return=996.9 length=82 success_rate=1.00 collisions/ep=0.23 (n=26)
update=197 global_step=403456 SPS=585 w_ev=0.990 m_ev=0.999 m_v_bias=-2.4 m_adv_std=5.9094 m_kl_max=0.0131 m_ratio_max=0.568 w_ax@goal=+1.07 w_v@goal=19.71 return=1006.3 length=83 success_rate=1.00 collisions/ep=0.04 (n=24)
update=198 global_step=405504 SPS=586 w_ev=0.985 m_ev=0.999 m_v_bias=1.7 m_adv_std=5.1966 m_kl_max=0.0176 m_ratio_max=0.710 w_ax@goal=+1.06 w_v@goal=19.76 return=1007.6 length=84 success_rate=1.00 collisions/ep=0.00 (n=25)
update=199 global_step=407552 SPS=588 w_ev=0.988 m_ev=0.997 m_v_bias=-0.2 m_adv_std=9.7107 m_kl_max=0.0171 m_ratio_max=0.706 w_ax@goal=+1.19 w_v@goal=19.71 return=1003.8 length=83 success_rate=1.00 collisions/ep=0.08 (n=25)
update=200 global_step=409600 SPS=589 w_ev=0.989 m_ev=0.998 m_v_bias=0.6 m_adv_std=6.9014 m_kl_max=0.0145 m_ratio_max=0.800 w_ax@goal=+1.14 w_v@goal=19.73 return=1006.0 length=83 success_rate=1.00 collisions/ep=0.04 (n=26)
Evaluation at update 200: return=1009.26, length=80.10, success_rate=1.00, collisions/ep=0.00
Solved-check at update 200: solved=False worst_gap=5.03 at p_x0=0.00 p_y0=-1.00 (consecutive=0)
update=201 global_step=411648 SPS=584 w_ev=0.974 m_ev=0.985 m_v_bias=0.1 m_adv_std=20.6261 m_kl_max=0.0361 m_ratio_max=0.640 w_ax@goal=+1.29 w_v@goal=19.77 return=1000.3 length=82 success_rate=1.00 collisions/ep=0.17 (n=24)
update=202 global_step=413696 SPS=585 w_ev=0.985 m_ev=0.995 m_v_bias=-1.7 m_adv_std=11.9328 m_kl_max=0.0121 m_ratio_max=0.616 w_ax@goal=+1.27 w_v@goal=19.81 return=1004.6 length=82 success_rate=1.00 collisions/ep=0.08 (n=25)
update=203 global_step=415744 SPS=586 w_ev=0.991 m_ev=0.998 m_v_bias=1.2 m_adv_std=6.5801 m_kl_max=0.0105 m_ratio_max=0.445 w_ax@goal=+1.28 w_v@goal=19.76 return=1005.6 length=81 success_rate=1.00 collisions/ep=0.04 (n=24)
update=204 global_step=417792 SPS=587 w_ev=0.990 m_ev=0.998 m_v_bias=-1.1 m_adv_std=7.7812 m_kl_max=0.0126 m_ratio_max=0.545 w_ax@goal=+1.38 w_v@goal=19.79 return=1008.5 length=82 success_rate=1.00 collisions/ep=0.00 (n=24)
update=205 global_step=419840 SPS=588 w_ev=0.983 m_ev=0.996 m_v_bias=1.3 m_adv_std=10.4094 m_kl_max=0.0165 m_ratio_max=0.582 w_ax@goal=+1.19 w_v@goal=19.79 return=1002.3 length=82 success_rate=1.00 collisions/ep=0.12 (n=25)
Evaluation at update 205: return=1009.26, length=80.10, success_rate=1.00, collisions/ep=0.00
Solved-check at update 205: solved=True worst_gap=4.03 at p_x0=0.00 p_y0=-1.00 (consecutive=0)
update=206 global_step=421888 SPS=584 w_ev=0.978 m_ev=0.998 m_v_bias=-0.1 m_adv_std=8.1236 m_kl_max=0.0213 m_ratio_max=1.119 w_ax@goal=+1.07 w_v@goal=19.73 return=1001.3 length=81 success_rate=1.00 collisions/ep=0.15 (n=27)
update=207 global_step=423936 SPS=585 w_ev=0.994 m_ev=0.999 m_v_bias=-1.2 m_adv_std=6.0678 m_kl_max=0.0044 m_ratio_max=0.303 w_ax@goal=+1.08 w_v@goal=19.80 return=1006.6 length=84 success_rate=1.00 collisions/ep=0.04 (n=24)
update=208 global_step=425984 SPS=586 w_ev=0.985 m_ev=0.998 m_v_bias=0.5 m_adv_std=8.0402 m_kl_max=0.0060 m_ratio_max=0.343 w_ax@goal=+1.21 w_v@goal=19.79 return=1007.6 length=83 success_rate=1.00 collisions/ep=0.04 (n=26)
update=209 global_step=428032 SPS=587 w_ev=0.913 m_ev=0.941 m_v_bias=13.1 m_adv_std=42.1310 m_kl_max=0.0232 m_ratio_max=0.813 w_ax@goal=+1.20 w_v@goal=19.83 return=973.5 length=84 success_rate=1.00 collisions/ep=0.71 (n=24)
update=210 global_step=430080 SPS=588 w_ev=0.943 m_ev=0.962 m_v_bias=-7.9 m_adv_std=33.9241 m_kl_max=0.0189 m_ratio_max=0.751 w_ax@goal=+1.10 w_v@goal=19.82 return=992.1 length=82 success_rate=1.00 collisions/ep=0.33 (n=24)
Evaluation at update 210: return=1009.16, length=80.20, success_rate=1.00, collisions/ep=0.00
Solved-check at update 210: solved=True worst_gap=4.03 at p_x0=0.00 p_y0=-1.00 (consecutive=1)
Solved criterion held for 2 consecutive evals (tolerance=5.0) at global_step=430080.
update=211 global_step=432128 SPS=584 w_ev=0.988 m_ev=0.997 m_v_bias=-2.6 m_adv_std=9.2583 m_kl_max=0.0156 m_ratio_max=0.532 w_ax@goal=+1.09 w_v@goal=19.75 return=1006.6 length=83 success_rate=1.00 collisions/ep=0.04 (n=24)
update=212 global_step=434176 SPS=585 w_ev=0.978 m_ev=0.993 m_v_bias=2.2 m_adv_std=14.5103 m_kl_max=0.0079 m_ratio_max=0.518 w_ax@goal=+1.10 w_v@goal=19.78 return=997.0 length=82 success_rate=1.00 collisions/ep=0.24 (n=25)
update=213 global_step=436224 SPS=586 w_ev=0.957 m_ev=0.972 m_v_bias=4.4 m_adv_std=27.9637 m_kl_max=0.0057 m_ratio_max=0.469 w_ax@goal=+1.02 w_v@goal=19.82 return=996.6 length=82 success_rate=1.00 collisions/ep=0.24 (n=25)
update=214 global_step=438272 SPS=587 w_ev=0.970 m_ev=0.984 m_v_bias=-1.3 m_adv_std=21.9679 m_kl_max=0.0240 m_ratio_max=1.100 w_ax@goal=+1.08 w_v@goal=19.81 return=997.0 length=82 success_rate=1.00 collisions/ep=0.24 (n=25)
update=215 global_step=440320 SPS=588 w_ev=0.985 m_ev=0.998 m_v_bias=-0.4 m_adv_std=7.3993 m_kl_max=0.0096 m_ratio_max=0.446 w_ax@goal=+1.08 w_v@goal=19.81 return=1007.9 length=84 success_rate=1.00 collisions/ep=0.00 (n=24)
Evaluation at update 215: return=1009.21, length=80.15, success_rate=1.00, collisions/ep=0.00
Solved-check at update 215: solved=False worst_gap=150.03 at p_x0=2.00 p_y0=-1.00 (consecutive=2)
update=216 global_step=442368 SPS=584 w_ev=0.949 m_ev=0.967 m_v_bias=3.2 m_adv_std=32.8031 m_kl_max=0.0397 m_ratio_max=1.143 w_ax@goal=+1.19 w_v@goal=19.80 return=990.4 length=80 success_rate=1.00 collisions/ep=0.36 (n=28)
update=217 global_step=444416 SPS=585 w_ev=0.984 m_ev=0.996 m_v_bias=-3.7 m_adv_std=10.5095 m_kl_max=0.0059 m_ratio_max=0.410 w_ax@goal=+1.20 w_v@goal=19.76 return=1009.1 length=84 success_rate=1.00 collisions/ep=0.00 (n=24)
update=218 global_step=446464 SPS=586 w_ev=0.983 m_ev=0.995 m_v_bias=1.1 m_adv_std=12.0373 m_kl_max=0.0085 m_ratio_max=0.397 w_ax@goal=+1.07 w_v@goal=19.79 return=1004.4 length=82 success_rate=1.00 collisions/ep=0.08 (n=25)
update=219 global_step=448512 SPS=587 w_ev=0.986 m_ev=0.998 m_v_bias=-0.1 m_adv_std=7.2073 m_kl_max=0.0082 m_ratio_max=0.664 w_ax@goal=+1.15 w_v@goal=19.77 return=1004.8 length=83 success_rate=1.00 collisions/ep=0.08 (n=24)
update=220 global_step=450560 SPS=588 w_ev=0.992 m_ev=0.999 m_v_bias=-1.2 m_adv_std=5.5720 m_kl_max=0.0245 m_ratio_max=0.825 w_ax@goal=+1.09 w_v@goal=19.82 return=1002.5 length=82 success_rate=1.00 collisions/ep=0.12 (n=24)
Evaluation at update 220: return=1009.41, length=79.95, success_rate=1.00, collisions/ep=0.00
Solved-check at update 220: solved=True worst_gap=4.03 at p_x0=0.00 p_y0=-1.00 (consecutive=0)
update=221 global_step=452608 SPS=584 w_ev=0.980 m_ev=0.996 m_v_bias=1.0 m_adv_std=10.0644 m_kl_max=0.0275 m_ratio_max=0.681 w_ax@goal=+1.26 w_v@goal=19.81 return=1000.3 length=83 success_rate=1.00 collisions/ep=0.17 (n=24)
update=222 global_step=454656 SPS=585 w_ev=0.986 m_ev=0.998 m_v_bias=-1.5 m_adv_std=6.4708 m_kl_max=0.0055 m_ratio_max=0.296 w_ax@goal=+1.17 w_v@goal=19.73 return=1006.8 length=83 success_rate=1.00 collisions/ep=0.04 (n=24)
update=223 global_step=456704 SPS=586 w_ev=0.989 m_ev=0.997 m_v_bias=-0.8 m_adv_std=8.8751 m_kl_max=0.0206 m_ratio_max=0.678 w_ax@goal=+1.16 w_v@goal=19.75 return=1000.8 length=84 success_rate=1.00 collisions/ep=0.17 (n=24)
update=224 global_step=458752 SPS=587 w_ev=0.930 m_ev=0.965 m_v_bias=4.9 m_adv_std=33.0784 m_kl_max=0.0137 m_ratio_max=0.477 w_ax@goal=+1.10 w_v@goal=19.81 return=1000.8 length=81 success_rate=1.00 collisions/ep=0.15 (n=27)
update=225 global_step=460800 SPS=588 w_ev=0.983 m_ev=0.998 m_v_bias=-5.1 m_adv_std=6.8223 m_kl_max=0.0073 m_ratio_max=0.476 w_ax@goal=+1.11 w_v@goal=19.80 return=995.3 length=82 success_rate=1.00 collisions/ep=0.27 (n=26)
Evaluation at update 225: return=1009.36, length=80.00, success_rate=1.00, collisions/ep=0.00
Solved-check at update 225: solved=True worst_gap=4.03 at p_x0=0.00 p_y0=-1.00 (consecutive=1)
update=226 global_step=462848 SPS=584 w_ev=0.991 m_ev=0.998 m_v_bias=0.3 m_adv_std=6.5770 m_kl_max=0.0060 m_ratio_max=0.441 w_ax@goal=+0.93 w_v@goal=19.85 return=1006.5 length=83 success_rate=1.00 collisions/ep=0.04 (n=24)
update=227 global_step=464896 SPS=585 w_ev=0.989 m_ev=0.998 m_v_bias=1.1 m_adv_std=8.3365 m_kl_max=0.0163 m_ratio_max=0.674 w_ax@goal=+0.90 w_v@goal=19.81 return=1005.1 length=82 success_rate=1.00 collisions/ep=0.08 (n=26)
update=228 global_step=466944 SPS=586 w_ev=0.988 m_ev=0.997 m_v_bias=0.2 m_adv_std=8.9416 m_kl_max=0.0047 m_ratio_max=0.420 w_ax@goal=+0.98 w_v@goal=19.80 return=1004.5 length=82 success_rate=1.00 collisions/ep=0.08 (n=24)
update=229 global_step=468992 SPS=587 w_ev=0.987 m_ev=0.995 m_v_bias=1.0 m_adv_std=12.0316 m_kl_max=0.0053 m_ratio_max=0.531 w_ax@goal=+0.96 w_v@goal=19.77 return=1000.8 length=83 success_rate=1.00 collisions/ep=0.16 (n=25)
update=230 global_step=471040 SPS=588 w_ev=0.988 m_ev=0.996 m_v_bias=-1.3 m_adv_std=10.8309 m_kl_max=0.0147 m_ratio_max=0.551 w_ax@goal=+1.02 w_v@goal=19.77 return=1000.4 length=81 success_rate=1.00 collisions/ep=0.17 (n=24)
Evaluation at update 230: return=1009.56, length=79.80, success_rate=1.00, collisions/ep=0.00
Solved-check at update 230: solved=True worst_gap=4.03 at p_x0=0.00 p_y0=-1.00 (consecutive=2)
update=231 global_step=473088 SPS=584 w_ev=0.978 m_ev=0.991 m_v_bias=-0.6 m_adv_std=16.3159 m_kl_max=0.0143 m_ratio_max=0.605 w_ax@goal=+1.04 w_v@goal=19.83 return=999.2 length=82 success_rate=1.00 collisions/ep=0.19 (n=26)
update=232 global_step=475136 SPS=585 w_ev=0.983 m_ev=0.994 m_v_bias=-0.8 m_adv_std=12.4127 m_kl_max=0.0265 m_ratio_max=0.926 w_ax@goal=+1.06 w_v@goal=19.81 return=1004.8 length=82 success_rate=1.00 collisions/ep=0.08 (n=24)
update=233 global_step=477184 SPS=586 w_ev=0.947 m_ev=0.970 m_v_bias=9.6 m_adv_std=29.9537 m_kl_max=0.0064 m_ratio_max=0.348 w_ax@goal=+1.13 w_v@goal=19.76 return=984.9 length=82 success_rate=1.00 collisions/ep=0.48 (n=25)
update=234 global_step=479232 SPS=587 w_ev=0.972 m_ev=0.994 m_v_bias=-5.2 m_adv_std=13.1050 m_kl_max=0.0125 m_ratio_max=0.511 w_ax@goal=+1.14 w_v@goal=19.73 return=1001.8 length=81 success_rate=1.00 collisions/ep=0.14 (n=28)
update=235 global_step=481280 SPS=588 w_ev=0.959 m_ev=0.984 m_v_bias=1.4 m_adv_std=21.9095 m_kl_max=0.0056 m_ratio_max=0.471 w_ax@goal=+1.13 w_v@goal=19.66 return=994.8 length=82 success_rate=1.00 collisions/ep=0.29 (n=24)
Evaluation at update 235: return=1009.46, length=79.90, success_rate=1.00, collisions/ep=0.00
Solved-check at update 235: solved=True worst_gap=4.02 at p_x0=0.00 p_y0=-1.00 (consecutive=3)
update=236 global_step=483328 SPS=584 w_ev=0.980 m_ev=0.996 m_v_bias=-1.2 m_adv_std=10.9467 m_kl_max=0.0089 m_ratio_max=0.432 w_ax@goal=+1.18 w_v@goal=19.77 return=996.2 length=81 success_rate=1.00 collisions/ep=0.25 (n=24)
update=237 global_step=485376 SPS=585 w_ev=0.991 m_ev=0.997 m_v_bias=0.3 m_adv_std=9.3399 m_kl_max=0.0160 m_ratio_max=0.554 w_ax@goal=+1.10 w_v@goal=19.80 return=1007.2 length=83 success_rate=1.00 collisions/ep=0.04 (n=24)
update=238 global_step=487424 SPS=586 w_ev=0.996 m_ev=0.999 m_v_bias=-2.7 m_adv_std=4.7828 m_kl_max=0.0129 m_ratio_max=0.524 w_ax@goal=+1.26 w_v@goal=19.80 return=1004.7 length=80 success_rate=1.00 collisions/ep=0.08 (n=25)
update=239 global_step=489472 SPS=587 w_ev=0.984 m_ev=0.997 m_v_bias=2.6 m_adv_std=9.6973 m_kl_max=0.0114 m_ratio_max=0.415 w_ax@goal=+1.13 w_v@goal=19.84 return=1003.7 length=80 success_rate=1.00 collisions/ep=0.11 (n=28)
update=240 global_step=491520 SPS=588 w_ev=0.993 m_ev=0.999 m_v_bias=-2.4 m_adv_std=4.2151 m_kl_max=0.0163 m_ratio_max=0.516 w_ax@goal=+1.29 w_v@goal=19.80 return=1009.0 length=81 success_rate=1.00 collisions/ep=0.00 (n=26)
Evaluation at update 240: return=1009.86, length=79.50, success_rate=1.00, collisions/ep=0.00
Solved-check at update 240: solved=False worst_gap=250.03 at p_x0=2.00 p_y0=-1.00 (consecutive=4)
update=241 global_step=493568 SPS=584 w_ev=0.949 m_ev=0.978 m_v_bias=8.2 m_adv_std=24.9553 m_kl_max=0.0203 m_ratio_max=0.696 w_ax@goal=+1.25 w_v@goal=19.82 return=1002.7 length=83 success_rate=1.00 collisions/ep=0.13 (n=23)
update=242 global_step=495616 SPS=585 w_ev=0.978 m_ev=0.988 m_v_bias=-5.0 m_adv_std=18.0589 m_kl_max=0.0309 m_ratio_max=0.911 w_ax@goal=+1.30 w_v@goal=19.79 return=989.2 length=82 success_rate=1.00 collisions/ep=0.40 (n=25)
update=243 global_step=497664 SPS=586 w_ev=0.986 m_ev=0.997 m_v_bias=-1.0 m_adv_std=8.9824 m_kl_max=0.0137 m_ratio_max=0.483 w_ax@goal=+1.35 w_v@goal=19.82 return=1004.9 length=82 success_rate=1.00 collisions/ep=0.08 (n=24)
update=244 global_step=499712 SPS=587 w_ev=0.985 m_ev=0.998 m_v_bias=-0.9 m_adv_std=7.6147 m_kl_max=0.0081 m_ratio_max=0.397 w_ax@goal=+1.24 w_v@goal=19.81 return=1003.1 length=81 success_rate=1.00 collisions/ep=0.12 (n=26)
Saved checkpoints to C:\Users\loren\Desktop\MASTER THESIS\5_CODE\scenarios\slalom\studies\disturbed_0.005_0.05\hppo\runs\hppo_slalom_3_1791091998
