Using device: cpu
Solved-check: precomputed optimal returns for 25 fixed initial conditions (mean=1011.8, min=1007.0, max=1014.0); solved-tolerance=5.0
num_envs=8 num_steps_per_env=256 worker_batch_size=2048 worker_minibatch_size=256 num_updates=244 timesteps=499712 (requested 500000; 288 dropped by integer division)
update=1 global_step=2048 SPS=1132 w_ev=0.000 m_ev=0.000 m_v_bias=126.9 m_adv_std=195.3853 m_kl_max=0.0011 m_ratio_max=0.148 w_ax@goal=+0.25 w_v@goal=-0.03 return=-572.7 length=190 success_rate=0.12 collisions/ep=10.50 (n=8)
update=2 global_step=4096 SPS=1056 w_ev=0.233 m_ev=0.179 m_v_bias=29.6 m_adv_std=165.0688 m_kl_max=0.0009 m_ratio_max=0.170 w_ax@goal=+0.06 w_v@goal=0.67 return=-309.4 length=193 success_rate=0.12 collisions/ep=4.62 (n=8)
update=3 global_step=6144 SPS=1022 w_ev=0.347 m_ev=0.367 m_v_bias=-92.8 m_adv_std=192.3188 m_kl_max=0.0020 m_ratio_max=0.216 w_ax@goal=-0.05 w_v@goal=1.44 return=112.7 length=176 success_rate=0.42 collisions/ep=3.17 (n=12)
update=4 global_step=8192 SPS=993 w_ev=0.775 m_ev=0.637 m_v_bias=-64.0 m_adv_std=176.7189 m_kl_max=0.0008 m_ratio_max=0.141 w_ax@goal=+0.12 w_v@goal=7.72 return=54.3 length=184 success_rate=0.38 collisions/ep=3.77 (n=13)
update=5 global_step=10240 SPS=985 w_ev=0.921 m_ev=0.761 m_v_bias=-57.7 m_adv_std=138.0792 m_kl_max=0.0038 m_ratio_max=0.376 w_ax@goal=-0.02 w_v@goal=13.69 return=160.6 length=178 success_rate=0.36 collisions/ep=1.36 (n=11)
Evaluation at update 5: return=495.44, length=122.10, success_rate=1.00, collisions/ep=9.45
Solved-check at update 5: solved=False worst_gap=788.98 at p_x0=0.50 p_y0=1.00 (consecutive=0)
update=6 global_step=12288 SPS=530 w_ev=0.930 m_ev=0.628 m_v_bias=21.4 m_adv_std=191.6803 m_kl_max=0.0058 m_ratio_max=0.552 w_ax@goal=+0.22 w_v@goal=17.64 return=153.0 length=157 success_rate=0.54 collisions/ep=5.54 (n=13)
update=7 global_step=14336 SPS=567 w_ev=0.960 m_ev=0.826 m_v_bias=-78.7 m_adv_std=122.1404 m_kl_max=0.0037 m_ratio_max=0.340 w_ax@goal=+0.68 w_v@goal=19.10 return=439.7 length=144 success_rate=0.75 collisions/ep=4.69 (n=16)
update=8 global_step=16384 SPS=594 w_ev=0.964 m_ev=0.891 m_v_bias=-65.9 m_adv_std=89.4752 m_kl_max=0.0156 m_ratio_max=0.844 w_ax@goal=+0.52 w_v@goal=19.76 return=758.3 length=102 success_rate=1.00 collisions/ep=4.62 (n=21)
update=9 global_step=18432 SPS=619 w_ev=0.932 m_ev=0.826 m_v_bias=10.4 m_adv_std=103.1317 m_kl_max=0.0050 m_ratio_max=0.338 w_ax@goal=+0.55 w_v@goal=19.83 return=723.2 length=98 success_rate=1.00 collisions/ep=5.40 (n=20)
update=10 global_step=20480 SPS=639 w_ev=0.943 m_ev=0.920 m_v_bias=-17.3 m_adv_std=69.4084 m_kl_max=0.0011 m_ratio_max=0.157 w_ax@goal=+0.62 w_v@goal=19.57 return=762.8 length=95 success_rate=1.00 collisions/ep=4.68 (n=22)
Evaluation at update 10: return=772.28, length=82.75, success_rate=1.00, collisions/ep=4.70
Solved-check at update 10: solved=False worst_gap=703.99 at p_x0=0.50 p_y0=-1.00 (consecutive=0)
update=11 global_step=22528 SPS=549 w_ev=0.960 m_ev=0.940 m_v_bias=-34.2 m_adv_std=58.4918 m_kl_max=0.0039 m_ratio_max=0.242 w_ax@goal=+0.85 w_v@goal=19.72 return=816.3 length=91 success_rate=1.00 collisions/ep=3.67 (n=24)
update=12 global_step=24576 SPS=571 w_ev=0.939 m_ev=0.901 m_v_bias=2.5 m_adv_std=69.4129 m_kl_max=0.0100 m_ratio_max=0.848 w_ax@goal=+0.77 w_v@goal=19.73 return=839.5 length=88 success_rate=1.00 collisions/ep=3.25 (n=24)
update=13 global_step=26624 SPS=590 w_ev=0.948 m_ev=0.926 m_v_bias=-0.1 m_adv_std=59.7130 m_kl_max=0.0056 m_ratio_max=0.316 w_ax@goal=+0.92 w_v@goal=19.58 return=808.5 length=85 success_rate=1.00 collisions/ep=3.91 (n=23)
update=14 global_step=28672 SPS=605 w_ev=0.959 m_ev=0.949 m_v_bias=-7.5 m_adv_std=49.8217 m_kl_max=0.0106 m_ratio_max=0.519 w_ax@goal=+0.64 w_v@goal=19.26 return=860.9 length=86 success_rate=1.00 collisions/ep=2.88 (n=24)
update=15 global_step=30720 SPS=621 w_ev=0.942 m_ev=0.928 m_v_bias=3.9 m_adv_std=57.2997 m_kl_max=0.0088 m_ratio_max=0.377 w_ax@goal=+0.72 w_v@goal=19.19 return=824.7 length=87 success_rate=1.00 collisions/ep=3.59 (n=22)
Evaluation at update 15: return=905.62, length=81.90, success_rate=1.00, collisions/ep=2.05
Solved-check at update 15: solved=False worst_gap=453.98 at p_x0=2.00 p_y0=-0.50 (consecutive=0)
update=16 global_step=32768 SPS=559 w_ev=0.953 m_ev=0.948 m_v_bias=-2.4 m_adv_std=49.0706 m_kl_max=0.0031 m_ratio_max=0.271 w_ax@goal=+0.95 w_v@goal=19.29 return=846.2 length=85 success_rate=1.00 collisions/ep=3.17 (n=24)
update=17 global_step=34816 SPS=572 w_ev=0.946 m_ev=0.956 m_v_bias=-2.6 m_adv_std=43.5890 m_kl_max=0.0044 m_ratio_max=0.302 w_ax@goal=+0.91 w_v@goal=19.28 return=876.0 length=84 success_rate=1.00 collisions/ep=2.58 (n=26)
update=18 global_step=36864 SPS=585 w_ev=0.934 m_ev=0.944 m_v_bias=2.2 m_adv_std=49.0595 m_kl_max=0.0093 m_ratio_max=0.325 w_ax@goal=+0.93 w_v@goal=19.13 return=872.9 length=87 success_rate=1.00 collisions/ep=2.64 (n=22)
update=19 global_step=38912 SPS=598 w_ev=0.937 m_ev=0.969 m_v_bias=-11.7 m_adv_std=35.0390 m_kl_max=0.0072 m_ratio_max=0.300 w_ax@goal=+0.92 w_v@goal=19.14 return=903.0 length=86 success_rate=1.00 collisions/ep=2.04 (n=25)
update=20 global_step=40960 SPS=609 w_ev=0.927 m_ev=0.897 m_v_bias=22.6 m_adv_std=70.8125 m_kl_max=0.0144 m_ratio_max=0.724 w_ax@goal=+0.96 w_v@goal=19.28 return=844.2 length=85 success_rate=1.00 collisions/ep=3.21 (n=24)
Evaluation at update 20: return=937.96, length=82.05, success_rate=1.00, collisions/ep=1.40
Solved-check at update 20: solved=False worst_gap=349.99 at p_x0=2.00 p_y0=-1.00 (consecutive=0)
update=21 global_step=43008 SPS=564 w_ev=0.941 m_ev=0.928 m_v_bias=-8.9 m_adv_std=56.4487 m_kl_max=0.0043 m_ratio_max=0.317 w_ax@goal=+0.89 w_v@goal=19.48 return=855.2 length=85 success_rate=1.00 collisions/ep=3.00 (n=25)
update=22 global_step=45056 SPS=575 w_ev=0.939 m_ev=0.961 m_v_bias=-20.8 m_adv_std=38.4541 m_kl_max=0.0063 m_ratio_max=0.303 w_ax@goal=+0.90 w_v@goal=19.75 return=922.1 length=84 success_rate=1.00 collisions/ep=1.68 (n=25)
update=23 global_step=47104 SPS=586 w_ev=0.914 m_ev=0.942 m_v_bias=-0.1 m_adv_std=47.4459 m_kl_max=0.0187 m_ratio_max=0.630 w_ax@goal=+1.06 w_v@goal=19.31 return=896.9 length=83 success_rate=1.00 collisions/ep=2.17 (n=24)
update=24 global_step=49152 SPS=595 w_ev=0.940 m_ev=0.963 m_v_bias=1.6 m_adv_std=37.9892 m_kl_max=0.0108 m_ratio_max=0.425 w_ax@goal=+1.00 w_v@goal=19.40 return=901.7 length=86 success_rate=1.00 collisions/ep=2.08 (n=24)
update=25 global_step=51200 SPS=604 w_ev=0.914 m_ev=0.927 m_v_bias=1.7 m_adv_std=55.6641 m_kl_max=0.0214 m_ratio_max=0.895 w_ax@goal=+1.01 w_v@goal=19.44 return=870.6 length=83 success_rate=1.00 collisions/ep=2.71 (n=24)
Evaluation at update 25: return=945.31, length=82.20, success_rate=1.00, collisions/ep=1.25
Solved-check at update 25: solved=False worst_gap=350.00 at p_x0=2.00 p_y0=-1.00 (consecutive=0)
update=26 global_step=53248 SPS=567 w_ev=0.929 m_ev=0.953 m_v_bias=-5.5 m_adv_std=41.7775 m_kl_max=0.0173 m_ratio_max=0.474 w_ax@goal=+1.07 w_v@goal=19.56 return=907.0 length=85 success_rate=1.00 collisions/ep=1.96 (n=24)
update=27 global_step=55296 SPS=575 w_ev=0.941 m_ev=0.958 m_v_bias=-9.6 m_adv_std=40.4116 m_kl_max=0.0176 m_ratio_max=0.629 w_ax@goal=+1.08 w_v@goal=19.28 return=911.7 length=85 success_rate=1.00 collisions/ep=1.88 (n=24)
update=28 global_step=57344 SPS=583 w_ev=0.941 m_ev=0.977 m_v_bias=8.2 m_adv_std=29.7108 m_kl_max=0.0061 m_ratio_max=0.613 w_ax@goal=+1.01 w_v@goal=19.21 return=920.7 length=87 success_rate=1.00 collisions/ep=1.67 (n=24)
update=29 global_step=59392 SPS=592 w_ev=0.957 m_ev=0.991 m_v_bias=-11.3 m_adv_std=17.8586 m_kl_max=0.0223 m_ratio_max=0.821 w_ax@goal=+1.13 w_v@goal=19.29 return=938.5 length=86 success_rate=1.00 collisions/ep=1.35 (n=23)
update=30 global_step=61440 SPS=599 w_ev=0.924 m_ev=0.957 m_v_bias=7.3 m_adv_std=41.4045 m_kl_max=0.0126 m_ratio_max=0.518 w_ax@goal=+1.08 w_v@goal=19.27 return=915.2 length=85 success_rate=1.00 collisions/ep=1.80 (n=25)
Evaluation at update 30: return=950.11, length=82.40, success_rate=1.00, collisions/ep=1.15
Solved-check at update 30: solved=False worst_gap=300.00 at p_x0=2.00 p_y0=-1.00 (consecutive=0)
update=31 global_step=63488 SPS=568 w_ev=0.925 m_ev=0.943 m_v_bias=3.0 m_adv_std=47.3146 m_kl_max=0.0081 m_ratio_max=0.453 w_ax@goal=+1.09 w_v@goal=19.35 return=900.0 length=85 success_rate=1.00 collisions/ep=2.09 (n=23)
update=32 global_step=65536 SPS=575 w_ev=0.926 m_ev=0.951 m_v_bias=-0.9 m_adv_std=43.2603 m_kl_max=0.0086 m_ratio_max=0.642 w_ax@goal=+1.15 w_v@goal=19.37 return=915.3 length=85 success_rate=1.00 collisions/ep=1.78 (n=23)
update=33 global_step=67584 SPS=583 w_ev=0.945 m_ev=0.992 m_v_bias=-17.4 m_adv_std=17.2760 m_kl_max=0.0149 m_ratio_max=0.550 w_ax@goal=+1.20 w_v@goal=19.32 return=935.7 length=87 success_rate=1.00 collisions/ep=1.38 (n=24)
update=34 global_step=69632 SPS=589 w_ev=0.960 m_ev=0.978 m_v_bias=3.2 m_adv_std=27.5213 m_kl_max=0.0138 m_ratio_max=0.588 w_ax@goal=+1.18 w_v@goal=19.09 return=934.1 length=86 success_rate=1.00 collisions/ep=1.42 (n=24)
update=35 global_step=71680 SPS=597 w_ev=0.951 m_ev=0.987 m_v_bias=-2.1 m_adv_std=21.2676 m_kl_max=0.0349 m_ratio_max=1.540 w_ax@goal=+1.21 w_v@goal=19.11 return=938.2 length=85 success_rate=1.00 collisions/ep=1.35 (n=23)
Evaluation at update 35: return=950.35, length=82.15, success_rate=1.00, collisions/ep=1.15
Solved-check at update 35: solved=False worst_gap=349.00 at p_x0=2.00 p_y0=-1.00 (consecutive=0)
update=36 global_step=73728 SPS=571 w_ev=0.927 m_ev=0.953 m_v_bias=13.5 m_adv_std=43.3271 m_kl_max=0.0093 m_ratio_max=0.570 w_ax@goal=+1.21 w_v@goal=19.17 return=903.9 length=84 success_rate=1.00 collisions/ep=2.04 (n=25)
update=37 global_step=75776 SPS=577 w_ev=0.948 m_ev=0.974 m_v_bias=-14.1 m_adv_std=31.2427 m_kl_max=0.0119 m_ratio_max=0.595 w_ax@goal=+1.15 w_v@goal=19.07 return=922.0 length=83 success_rate=1.00 collisions/ep=1.68 (n=25)
update=38 global_step=77824 SPS=583 w_ev=0.928 m_ev=0.960 m_v_bias=7.3 m_adv_std=38.6429 m_kl_max=0.0112 m_ratio_max=0.650 w_ax@goal=+1.03 w_v@goal=19.07 return=915.8 length=87 success_rate=1.00 collisions/ep=1.79 (n=24)
update=39 global_step=79872 SPS=589 w_ev=0.940 m_ev=0.975 m_v_bias=5.6 m_adv_std=30.3521 m_kl_max=0.0099 m_ratio_max=0.434 w_ax@goal=+1.05 w_v@goal=18.99 return=913.2 length=84 success_rate=1.00 collisions/ep=1.84 (n=25)
update=40 global_step=81920 SPS=594 w_ev=0.961 m_ev=0.984 m_v_bias=-6.9 m_adv_std=24.5489 m_kl_max=0.0080 m_ratio_max=0.325 w_ax@goal=+1.10 w_v@goal=19.17 return=925.5 length=88 success_rate=1.00 collisions/ep=1.58 (n=24)
Evaluation at update 40: return=947.45, length=82.55, success_rate=1.00, collisions/ep=1.20
Solved-check at update 40: solved=False worst_gap=108.01 at p_x0=0.00 p_y0=-1.00 (consecutive=0)
update=41 global_step=83968 SPS=572 w_ev=0.943 m_ev=0.986 m_v_bias=0.1 m_adv_std=22.1456 m_kl_max=0.0159 m_ratio_max=1.016 w_ax@goal=+1.04 w_v@goal=19.15 return=931.9 length=87 success_rate=1.00 collisions/ep=1.45 (n=22)
update=42 global_step=86016 SPS=578 w_ev=0.930 m_ev=0.963 m_v_bias=5.1 m_adv_std=37.6188 m_kl_max=0.0061 m_ratio_max=0.383 w_ax@goal=+1.10 w_v@goal=19.14 return=925.1 length=85 success_rate=1.00 collisions/ep=1.60 (n=25)
update=43 global_step=88064 SPS=583 w_ev=0.948 m_ev=0.974 m_v_bias=0.4 m_adv_std=31.2114 m_kl_max=0.0073 m_ratio_max=0.396 w_ax@goal=+1.11 w_v@goal=19.16 return=907.8 length=84 success_rate=1.00 collisions/ep=1.96 (n=24)
update=44 global_step=90112 SPS=589 w_ev=0.954 m_ev=0.991 m_v_bias=-3.6 m_adv_std=18.1190 m_kl_max=0.0068 m_ratio_max=0.458 w_ax@goal=+1.15 w_v@goal=19.12 return=936.9 length=85 success_rate=1.00 collisions/ep=1.38 (n=24)
update=45 global_step=92160 SPS=594 w_ev=0.959 m_ev=0.993 m_v_bias=-3.8 m_adv_std=15.6384 m_kl_max=0.0169 m_ratio_max=1.417 w_ax@goal=+1.26 w_v@goal=19.00 return=943.4 length=84 success_rate=1.00 collisions/ep=1.25 (n=24)
Evaluation at update 45: return=952.25, length=82.75, success_rate=1.00, collisions/ep=1.10
Solved-check at update 45: solved=False worst_gap=103.02 at p_x0=1.00 p_y0=-1.00 (consecutive=0)
update=46 global_step=94208 SPS=572 w_ev=0.949 m_ev=0.988 m_v_bias=-0.2 m_adv_std=20.6823 m_kl_max=0.0310 m_ratio_max=0.941 w_ax@goal=+1.32 w_v@goal=19.17 return=932.7 length=86 success_rate=1.00 collisions/ep=1.46 (n=24)
update=47 global_step=96256 SPS=577 w_ev=0.947 m_ev=0.965 m_v_bias=7.6 m_adv_std=35.8911 m_kl_max=0.0197 m_ratio_max=1.045 w_ax@goal=+1.25 w_v@goal=19.25 return=924.6 length=87 success_rate=1.00 collisions/ep=1.61 (n=23)
update=48 global_step=98304 SPS=582 w_ev=0.946 m_ev=0.991 m_v_bias=-2.9 m_adv_std=17.6990 m_kl_max=0.0078 m_ratio_max=0.391 w_ax@goal=+1.32 w_v@goal=19.22 return=937.1 length=85 success_rate=1.00 collisions/ep=1.38 (n=24)
update=49 global_step=100352 SPS=586 w_ev=0.949 m_ev=0.970 m_v_bias=-0.9 m_adv_std=32.3830 m_kl_max=0.0145 m_ratio_max=0.548 w_ax@goal=+1.26 w_v@goal=19.25 return=931.3 length=84 success_rate=1.00 collisions/ep=1.50 (n=24)
update=50 global_step=102400 SPS=590 w_ev=0.942 m_ev=0.977 m_v_bias=2.0 m_adv_std=28.7480 m_kl_max=0.0255 m_ratio_max=0.619 w_ax@goal=+1.22 w_v@goal=19.21 return=933.4 length=84 success_rate=1.00 collisions/ep=1.46 (n=26)
Evaluation at update 50: return=955.55, length=81.95, success_rate=1.00, collisions/ep=1.05
Solved-check at update 50: solved=False worst_gap=149.01 at p_x0=2.00 p_y0=-1.00 (consecutive=0)
update=51 global_step=104448 SPS=572 w_ev=0.932 m_ev=0.982 m_v_bias=-1.7 m_adv_std=24.5864 m_kl_max=0.0087 m_ratio_max=0.541 w_ax@goal=+1.17 w_v@goal=19.26 return=936.8 length=85 success_rate=1.00 collisions/ep=1.39 (n=23)
update=52 global_step=106496 SPS=576 w_ev=0.951 m_ev=0.978 m_v_bias=5.6 m_adv_std=27.8257 m_kl_max=0.0114 m_ratio_max=0.648 w_ax@goal=+1.20 w_v@goal=19.30 return=933.4 length=85 success_rate=1.00 collisions/ep=1.46 (n=24)
update=53 global_step=108544 SPS=580 w_ev=0.948 m_ev=0.988 m_v_bias=-5.8 m_adv_std=20.2816 m_kl_max=0.0138 m_ratio_max=0.740 w_ax@goal=+1.11 w_v@goal=19.15 return=946.5 length=84 success_rate=1.00 collisions/ep=1.19 (n=26)
update=54 global_step=110592 SPS=585 w_ev=0.936 m_ev=0.946 m_v_bias=10.2 m_adv_std=44.8829 m_kl_max=0.0064 m_ratio_max=0.387 w_ax@goal=+1.13 w_v@goal=19.14 return=918.4 length=85 success_rate=1.00 collisions/ep=1.74 (n=23)
update=55 global_step=112640 SPS=589 w_ev=0.955 m_ev=0.986 m_v_bias=-2.9 m_adv_std=21.7681 m_kl_max=0.0029 m_ratio_max=0.315 w_ax@goal=+1.17 w_v@goal=19.15 return=943.0 length=85 success_rate=1.00 collisions/ep=1.25 (n=24)
Evaluation at update 55: return=955.20, length=82.30, success_rate=1.00, collisions/ep=1.05
Solved-check at update 55: solved=False worst_gap=150.01 at p_x0=2.00 p_y0=-1.00 (consecutive=0)
update=56 global_step=114688 SPS=573 w_ev=0.951 m_ev=0.992 m_v_bias=-4.6 m_adv_std=17.2269 m_kl_max=0.0177 m_ratio_max=1.110 w_ax@goal=+1.15 w_v@goal=19.13 return=936.5 length=85 success_rate=1.00 collisions/ep=1.40 (n=25)
update=57 global_step=116736 SPS=577 w_ev=0.956 m_ev=0.996 m_v_bias=-3.6 m_adv_std=11.1674 m_kl_max=0.0133 m_ratio_max=0.675 w_ax@goal=+1.18 w_v@goal=19.17 return=951.9 length=86 success_rate=1.00 collisions/ep=1.09 (n=22)
update=58 global_step=118784 SPS=581 w_ev=0.946 m_ev=0.980 m_v_bias=7.5 m_adv_std=26.8475 m_kl_max=0.0225 m_ratio_max=1.533 w_ax@goal=+1.20 w_v@goal=19.08 return=935.3 length=84 success_rate=1.00 collisions/ep=1.42 (n=26)
update=59 global_step=120832 SPS=585 w_ev=0.942 m_ev=0.993 m_v_bias=-1.3 m_adv_std=15.5712 m_kl_max=0.0134 m_ratio_max=0.524 w_ax@goal=+1.15 w_v@goal=19.02 return=947.6 length=85 success_rate=1.00 collisions/ep=1.17 (n=23)
update=60 global_step=122880 SPS=589 w_ev=0.942 m_ev=0.988 m_v_bias=-2.6 m_adv_std=20.9980 m_kl_max=0.0035 m_ratio_max=0.383 w_ax@goal=+1.30 w_v@goal=19.14 return=942.2 length=84 success_rate=1.00 collisions/ep=1.29 (n=24)
Evaluation at update 60: return=958.44, length=81.55, success_rate=1.00, collisions/ep=1.00
Solved-check at update 60: solved=False worst_gap=149.01 at p_x0=2.00 p_y0=-1.00 (consecutive=0)
update=61 global_step=124928 SPS=574 w_ev=0.959 m_ev=0.993 m_v_bias=-2.0 m_adv_std=14.7094 m_kl_max=0.0091 m_ratio_max=0.521 w_ax@goal=+1.19 w_v@goal=19.18 return=948.9 length=84 success_rate=1.00 collisions/ep=1.16 (n=25)
update=62 global_step=126976 SPS=578 w_ev=0.947 m_ev=0.959 m_v_bias=10.0 m_adv_std=39.0319 m_kl_max=0.0219 m_ratio_max=0.570 w_ax@goal=+1.27 w_v@goal=19.11 return=930.1 length=85 success_rate=1.00 collisions/ep=1.54 (n=24)
update=63 global_step=129024 SPS=582 w_ev=0.963 m_ev=0.995 m_v_bias=-4.2 m_adv_std=12.7062 m_kl_max=0.0179 m_ratio_max=1.021 w_ax@goal=+1.33 w_v@goal=19.25 return=953.0 length=85 success_rate=1.00 collisions/ep=1.08 (n=25)
update=64 global_step=131072 SPS=585 w_ev=0.954 m_ev=0.991 m_v_bias=0.3 m_adv_std=17.1491 m_kl_max=0.0097 m_ratio_max=0.602 w_ax@goal=+1.21 w_v@goal=19.17 return=940.7 length=84 success_rate=1.00 collisions/ep=1.33 (n=24)
update=65 global_step=133120 SPS=589 w_ev=0.942 m_ev=0.978 m_v_bias=5.3 m_adv_std=27.8898 m_kl_max=0.0093 m_ratio_max=0.512 w_ax@goal=+1.30 w_v@goal=19.03 return=932.3 length=83 success_rate=1.00 collisions/ep=1.50 (n=24)
Evaluation at update 65: return=955.69, length=81.80, success_rate=1.00, collisions/ep=1.05
Solved-check at update 65: solved=False worst_gap=99.01 at p_x0=2.00 p_y0=-1.00 (consecutive=0)
update=66 global_step=135168 SPS=576 w_ev=0.962 m_ev=0.977 m_v_bias=5.8 m_adv_std=28.7375 m_kl_max=0.0149 m_ratio_max=1.037 w_ax@goal=+1.25 w_v@goal=19.12 return=932.0 length=83 success_rate=1.00 collisions/ep=1.50 (n=26)
update=67 global_step=137216 SPS=579 w_ev=0.951 m_ev=0.982 m_v_bias=-3.5 m_adv_std=24.8592 m_kl_max=0.0073 m_ratio_max=0.448 w_ax@goal=+1.13 w_v@goal=19.14 return=947.9 length=85 success_rate=1.00 collisions/ep=1.17 (n=24)
update=68 global_step=139264 SPS=583 w_ev=0.929 m_ev=0.955 m_v_bias=9.2 m_adv_std=40.8658 m_kl_max=0.0068 m_ratio_max=0.379 w_ax@goal=+1.14 w_v@goal=19.06 return=924.5 length=87 success_rate=1.00 collisions/ep=1.62 (n=24)
update=69 global_step=141312 SPS=586 w_ev=0.946 m_ev=0.994 m_v_bias=-11.8 m_adv_std=14.9455 m_kl_max=0.0111 m_ratio_max=0.783 w_ax@goal=+1.07 w_v@goal=19.10 return=949.4 length=84 success_rate=1.00 collisions/ep=1.12 (n=24)
update=70 global_step=143360 SPS=589 w_ev=0.958 m_ev=0.990 m_v_bias=-0.7 m_adv_std=18.6225 m_kl_max=0.0095 m_ratio_max=0.528 w_ax@goal=+1.10 w_v@goal=19.21 return=943.2 length=87 success_rate=1.00 collisions/ep=1.25 (n=24)
Evaluation at update 70: return=957.69, length=82.30, success_rate=1.00, collisions/ep=1.00
Solved-check at update 70: solved=False worst_gap=100.01 at p_x0=2.00 p_y0=-1.00 (consecutive=0)
update=71 global_step=145408 SPS=576 w_ev=0.948 m_ev=0.986 m_v_bias=0.0 m_adv_std=22.0022 m_kl_max=0.0044 m_ratio_max=0.262 w_ax@goal=+1.09 w_v@goal=19.12 return=942.3 length=83 success_rate=1.00 collisions/ep=1.28 (n=25)
update=72 global_step=147456 SPS=579 w_ev=0.942 m_ev=0.986 m_v_bias=-1.3 m_adv_std=21.7168 m_kl_max=0.0216 m_ratio_max=0.590 w_ax@goal=+1.19 w_v@goal=19.20 return=943.6 length=84 success_rate=1.00 collisions/ep=1.25 (n=24)
update=73 global_step=149504 SPS=582 w_ev=0.956 m_ev=0.987 m_v_bias=0.8 m_adv_std=21.1015 m_kl_max=0.0089 m_ratio_max=0.666 w_ax@goal=+1.19 w_v@goal=19.20 return=937.4 length=84 success_rate=1.00 collisions/ep=1.38 (n=24)
update=74 global_step=151552 SPS=586 w_ev=0.924 m_ev=0.929 m_v_bias=19.5 m_adv_std=51.4968 m_kl_max=0.0101 m_ratio_max=0.514 w_ax@goal=+1.09 w_v@goal=19.18 return=897.1 length=84 success_rate=1.00 collisions/ep=2.17 (n=23)
update=75 global_step=153600 SPS=589 w_ev=0.943 m_ev=0.960 m_v_bias=0.2 m_adv_std=38.4285 m_kl_max=0.0110 m_ratio_max=0.618 w_ax@goal=+1.06 w_v@goal=19.22 return=928.5 length=82 success_rate=1.00 collisions/ep=1.54 (n=24)
Evaluation at update 75: return=958.09, length=81.90, success_rate=1.00, collisions/ep=1.00
Solved-check at update 75: solved=False worst_gap=99.02 at p_x0=2.00 p_y0=-1.00 (consecutive=0)
update=76 global_step=155648 SPS=578 w_ev=0.935 m_ev=0.980 m_v_bias=-15.7 m_adv_std=26.3363 m_kl_max=0.0085 m_ratio_max=0.406 w_ax@goal=+1.08 w_v@goal=19.05 return=935.4 length=85 success_rate=1.00 collisions/ep=1.42 (n=24)
update=77 global_step=157696 SPS=581 w_ev=0.953 m_ev=0.994 m_v_bias=-4.3 m_adv_std=14.5320 m_kl_max=0.0182 m_ratio_max=0.583 w_ax@goal=+1.05 w_v@goal=19.16 return=954.3 length=84 success_rate=1.00 collisions/ep=1.04 (n=24)
update=78 global_step=159744 SPS=583 w_ev=0.920 m_ev=0.973 m_v_bias=4.0 m_adv_std=30.6896 m_kl_max=0.0190 m_ratio_max=0.503 w_ax@goal=+1.15 w_v@goal=19.16 return=940.9 length=85 success_rate=1.00 collisions/ep=1.32 (n=25)
update=79 global_step=161792 SPS=587 w_ev=0.956 m_ev=0.991 m_v_bias=1.2 m_adv_std=17.8597 m_kl_max=0.0126 m_ratio_max=0.462 w_ax@goal=+1.08 w_v@goal=19.11 return=954.7 length=85 success_rate=1.00 collisions/ep=1.04 (n=25)
update=80 global_step=163840 SPS=589 w_ev=0.953 m_ev=0.994 m_v_bias=-1.6 m_adv_std=13.6423 m_kl_max=0.0227 m_ratio_max=0.675 w_ax@goal=+1.09 w_v@goal=19.03 return=944.2 length=82 success_rate=1.00 collisions/ep=1.24 (n=25)
Evaluation at update 80: return=958.24, length=81.75, success_rate=1.00, collisions/ep=1.00
Solved-check at update 80: solved=False worst_gap=99.02 at p_x0=2.00 p_y0=-1.00 (consecutive=0)
update=81 global_step=165888 SPS=578 w_ev=0.957 m_ev=0.996 m_v_bias=-3.3 m_adv_std=11.4227 m_kl_max=0.0068 m_ratio_max=0.438 w_ax@goal=+1.01 w_v@goal=19.16 return=948.4 length=86 success_rate=1.00 collisions/ep=1.17 (n=24)
update=82 global_step=167936 SPS=580 w_ev=0.956 m_ev=0.994 m_v_bias=-1.6 m_adv_std=13.7171 m_kl_max=0.0223 m_ratio_max=0.985 w_ax@goal=+1.22 w_v@goal=19.24 return=954.6 length=83 success_rate=1.00 collisions/ep=1.04 (n=25)
update=83 global_step=169984 SPS=583 w_ev=0.952 m_ev=0.989 m_v_bias=3.1 m_adv_std=19.0210 m_kl_max=0.0200 m_ratio_max=1.288 w_ax@goal=+1.13 w_v@goal=19.17 return=946.8 length=85 success_rate=1.00 collisions/ep=1.22 (n=23)
update=84 global_step=172032 SPS=586 w_ev=0.951 m_ev=0.986 m_v_bias=0.9 m_adv_std=20.8314 m_kl_max=0.0079 m_ratio_max=0.582 w_ax@goal=+1.12 w_v@goal=19.31 return=944.6 length=84 success_rate=1.00 collisions/ep=1.25 (n=24)
update=85 global_step=174080 SPS=588 w_ev=0.926 m_ev=0.966 m_v_bias=3.5 m_adv_std=34.4426 m_kl_max=0.0092 m_ratio_max=0.469 w_ax@goal=+1.06 w_v@goal=19.28 return=949.5 length=84 success_rate=1.00 collisions/ep=1.16 (n=25)
Evaluation at update 85: return=958.74, length=81.25, success_rate=1.00, collisions/ep=1.00
Solved-check at update 85: solved=False worst_gap=99.03 at p_x0=2.00 p_y0=-1.00 (consecutive=0)
update=86 global_step=176128 SPS=578 w_ev=0.932 m_ev=0.979 m_v_bias=-2.6 m_adv_std=26.9310 m_kl_max=0.0339 m_ratio_max=0.966 w_ax@goal=+1.16 w_v@goal=19.20 return=942.9 length=84 success_rate=1.00 collisions/ep=1.29 (n=24)
update=87 global_step=178176 SPS=580 w_ev=0.943 m_ev=0.952 m_v_bias=4.7 m_adv_std=42.2840 m_kl_max=0.0274 m_ratio_max=0.669 w_ax@goal=+1.28 w_v@goal=19.39 return=920.6 length=83 success_rate=1.00 collisions/ep=1.74 (n=27)
update=88 global_step=180224 SPS=583 w_ev=0.957 m_ev=0.992 m_v_bias=-6.0 m_adv_std=16.1400 m_kl_max=0.0130 m_ratio_max=0.881 w_ax@goal=+1.05 w_v@goal=19.38 return=945.2 length=83 success_rate=1.00 collisions/ep=1.25 (n=24)
update=89 global_step=182272 SPS=585 w_ev=0.959 m_ev=0.995 m_v_bias=-9.7 m_adv_std=12.6852 m_kl_max=0.0097 m_ratio_max=0.795 w_ax@goal=+1.21 w_v@goal=19.36 return=961.3 length=83 success_rate=1.00 collisions/ep=0.92 (n=24)
update=90 global_step=184320 SPS=588 w_ev=0.957 m_ev=0.996 m_v_bias=1.4 m_adv_std=11.3478 m_kl_max=0.0097 m_ratio_max=0.579 w_ax@goal=+1.18 w_v@goal=19.35 return=957.0 length=83 success_rate=1.00 collisions/ep=1.00 (n=24)
Evaluation at update 90: return=953.64, length=81.35, success_rate=1.00, collisions/ep=1.10
Solved-check at update 90: solved=False worst_gap=99.02 at p_x0=2.00 p_y0=-1.00 (consecutive=0)
update=91 global_step=186368 SPS=578 w_ev=0.944 m_ev=0.957 m_v_bias=7.6 m_adv_std=37.5858 m_kl_max=0.0123 m_ratio_max=0.839 w_ax@goal=+1.25 w_v@goal=19.33 return=939.4 length=84 success_rate=1.00 collisions/ep=1.36 (n=25)
update=92 global_step=188416 SPS=580 w_ev=0.953 m_ev=0.992 m_v_bias=-0.8 m_adv_std=16.4499 m_kl_max=0.0109 m_ratio_max=0.649 w_ax@goal=+1.14 w_v@goal=19.41 return=944.9 length=83 success_rate=1.00 collisions/ep=1.25 (n=24)
update=93 global_step=190464 SPS=583 w_ev=0.943 m_ev=0.958 m_v_bias=5.8 m_adv_std=38.0753 m_kl_max=0.0102 m_ratio_max=0.582 w_ax@goal=+1.38 w_v@goal=19.36 return=945.4 length=84 success_rate=1.00 collisions/ep=1.25 (n=24)
update=94 global_step=192512 SPS=585 w_ev=0.950 m_ev=0.991 m_v_bias=-7.0 m_adv_std=16.9472 m_kl_max=0.0052 m_ratio_max=0.342 w_ax@goal=+1.34 w_v@goal=19.35 return=936.0 length=84 success_rate=1.00 collisions/ep=1.44 (n=25)
update=95 global_step=194560 SPS=587 w_ev=0.957 m_ev=0.993 m_v_bias=-3.8 m_adv_std=15.5697 m_kl_max=0.0031 m_ratio_max=0.319 w_ax@goal=+1.40 w_v@goal=19.38 return=952.1 length=84 success_rate=1.00 collisions/ep=1.12 (n=26)
Evaluation at update 95: return=959.09, length=80.90, success_rate=1.00, collisions/ep=1.00
Solved-check at update 95: solved=False worst_gap=99.02 at p_x0=2.00 p_y0=-1.00 (consecutive=0)
update=96 global_step=196608 SPS=578 w_ev=0.957 m_ev=0.993 m_v_bias=-3.8 m_adv_std=15.4245 m_kl_max=0.0344 m_ratio_max=1.614 w_ax@goal=+1.38 w_v@goal=19.25 return=948.0 length=82 success_rate=1.00 collisions/ep=1.21 (n=24)
update=97 global_step=198656 SPS=580 w_ev=0.925 m_ev=0.956 m_v_bias=6.5 m_adv_std=40.4197 m_kl_max=0.0239 m_ratio_max=0.588 w_ax@goal=+1.45 w_v@goal=19.47 return=928.5 length=82 success_rate=1.00 collisions/ep=1.60 (n=25)
update=98 global_step=200704 SPS=583 w_ev=0.949 m_ev=0.987 m_v_bias=-3.8 m_adv_std=20.9823 m_kl_max=0.0480 m_ratio_max=0.937 w_ax@goal=+1.43 w_v@goal=19.38 return=946.9 length=82 success_rate=1.00 collisions/ep=1.23 (n=26)
update=99 global_step=202752 SPS=585 w_ev=0.958 m_ev=0.992 m_v_bias=-3.5 m_adv_std=15.7195 m_kl_max=0.0316 m_ratio_max=0.840 w_ax@goal=+1.49 w_v@goal=19.43 return=956.3 length=84 success_rate=1.00 collisions/ep=1.04 (n=24)
update=100 global_step=204800 SPS=587 w_ev=0.955 m_ev=0.996 m_v_bias=0.3 m_adv_std=11.3722 m_kl_max=0.0192 m_ratio_max=1.356 w_ax@goal=+1.53 w_v@goal=19.27 return=952.0 length=83 success_rate=1.00 collisions/ep=1.12 (n=24)
Evaluation at update 100: return=959.19, length=80.80, success_rate=1.00, collisions/ep=1.00
Solved-check at update 100: solved=False worst_gap=99.03 at p_x0=2.00 p_y0=-1.00 (consecutive=0)
update=101 global_step=206848 SPS=579 w_ev=0.954 m_ev=0.996 m_v_bias=-1.8 m_adv_std=11.8763 m_kl_max=0.0132 m_ratio_max=0.520 w_ax@goal=+1.56 w_v@goal=19.24 return=956.7 length=82 success_rate=1.00 collisions/ep=1.04 (n=25)
update=102 global_step=208896 SPS=581 w_ev=0.947 m_ev=0.996 m_v_bias=0.3 m_adv_std=11.0805 m_kl_max=0.0304 m_ratio_max=1.078 w_ax@goal=+1.59 w_v@goal=19.26 return=948.0 length=82 success_rate=1.00 collisions/ep=1.21 (n=24)
update=103 global_step=210944 SPS=584 w_ev=0.952 m_ev=0.994 m_v_bias=0.8 m_adv_std=13.7732 m_kl_max=0.0071 m_ratio_max=0.552 w_ax@goal=+1.59 w_v@goal=19.42 return=960.6 length=83 success_rate=1.00 collisions/ep=0.96 (n=25)
update=104 global_step=212992 SPS=586 w_ev=0.950 m_ev=0.985 m_v_bias=-1.5 m_adv_std=21.9101 m_kl_max=0.0095 m_ratio_max=0.493 w_ax@goal=+1.54 w_v@goal=19.35 return=948.3 length=82 success_rate=1.00 collisions/ep=1.21 (n=24)
update=105 global_step=215040 SPS=588 w_ev=0.939 m_ev=0.968 m_v_bias=10.3 m_adv_std=32.8882 m_kl_max=0.0138 m_ratio_max=0.831 w_ax@goal=+1.47 w_v@goal=19.28 return=938.0 length=83 success_rate=1.00 collisions/ep=1.40 (n=25)
Evaluation at update 105: return=959.09, length=80.90, success_rate=1.00, collisions/ep=1.00
Solved-check at update 105: solved=False worst_gap=99.03 at p_x0=2.00 p_y0=-1.00 (consecutive=0)
update=106 global_step=217088 SPS=579 w_ev=0.947 m_ev=0.978 m_v_bias=-2.5 m_adv_std=27.5172 m_kl_max=0.0054 m_ratio_max=0.450 w_ax@goal=+1.51 w_v@goal=19.28 return=941.4 length=84 success_rate=1.00 collisions/ep=1.35 (n=26)
update=107 global_step=219136 SPS=582 w_ev=0.939 m_ev=0.985 m_v_bias=-5.8 m_adv_std=22.1436 m_kl_max=0.0159 m_ratio_max=0.644 w_ax@goal=+1.45 w_v@goal=19.06 return=949.6 length=82 success_rate=1.00 collisions/ep=1.17 (n=24)
update=108 global_step=221184 SPS=584 w_ev=0.952 m_ev=0.988 m_v_bias=-3.6 m_adv_std=19.6897 m_kl_max=0.0109 m_ratio_max=0.450 w_ax@goal=+1.49 w_v@goal=19.20 return=960.1 length=82 success_rate=1.00 collisions/ep=0.96 (n=25)
update=109 global_step=223232 SPS=586 w_ev=0.940 m_ev=0.980 m_v_bias=4.2 m_adv_std=25.8035 m_kl_max=0.0119 m_ratio_max=0.449 w_ax@goal=+1.51 w_v@goal=19.13 return=954.7 length=83 success_rate=1.00 collisions/ep=1.08 (n=25)
update=110 global_step=225280 SPS=588 w_ev=0.951 m_ev=0.986 m_v_bias=1.0 m_adv_std=21.5738 m_kl_max=0.0097 m_ratio_max=0.439 w_ax@goal=+1.46 w_v@goal=19.22 return=941.8 length=82 success_rate=1.00 collisions/ep=1.33 (n=24)
Evaluation at update 110: return=953.83, length=81.15, success_rate=1.00, collisions/ep=1.10
Solved-check at update 110: solved=False worst_gap=99.03 at p_x0=2.00 p_y0=-1.00 (consecutive=0)
update=111 global_step=227328 SPS=579 w_ev=0.955 m_ev=0.989 m_v_bias=2.6 m_adv_std=19.2568 m_kl_max=0.0223 m_ratio_max=0.732 w_ax@goal=+1.43 w_v@goal=19.32 return=951.9 length=84 success_rate=1.00 collisions/ep=1.12 (n=25)
update=112 global_step=229376 SPS=581 w_ev=0.964 m_ev=0.991 m_v_bias=-2.5 m_adv_std=16.9208 m_kl_max=0.0191 m_ratio_max=0.948 w_ax@goal=+1.60 w_v@goal=19.32 return=959.9 length=84 success_rate=1.00 collisions/ep=0.96 (n=24)
update=113 global_step=231424 SPS=583 w_ev=0.959 m_ev=0.993 m_v_bias=-0.0 m_adv_std=14.9003 m_kl_max=0.0189 m_ratio_max=0.672 w_ax@goal=+1.52 w_v@goal=19.31 return=960.1 length=84 success_rate=1.00 collisions/ep=0.96 (n=24)
update=114 global_step=233472 SPS=585 w_ev=0.949 m_ev=0.983 m_v_bias=-3.9 m_adv_std=23.6866 m_kl_max=0.0315 m_ratio_max=1.425 w_ax@goal=+1.60 w_v@goal=19.09 return=964.2 length=84 success_rate=1.00 collisions/ep=0.88 (n=25)
update=115 global_step=235520 SPS=587 w_ev=0.962 m_ev=0.991 m_v_bias=-0.2 m_adv_std=17.4396 m_kl_max=0.0091 m_ratio_max=0.563 w_ax@goal=+1.46 w_v@goal=19.26 return=962.3 length=83 success_rate=1.00 collisions/ep=0.92 (n=26)
Evaluation at update 115: return=981.03, length=81.45, success_rate=1.00, collisions/ep=0.55
Solved-check at update 115: solved=False worst_gap=54.04 at p_x0=0.00 p_y0=0.00 (consecutive=0)
update=116 global_step=237568 SPS=580 w_ev=0.960 m_ev=0.987 m_v_bias=-8.6 m_adv_std=20.0886 m_kl_max=0.0175 m_ratio_max=0.508 w_ax@goal=+1.43 w_v@goal=19.27 return=978.5 length=83 success_rate=1.00 collisions/ep=0.58 (n=24)
update=117 global_step=239616 SPS=582 w_ev=0.963 m_ev=0.985 m_v_bias=2.9 m_adv_std=21.5554 m_kl_max=0.0076 m_ratio_max=0.444 w_ax@goal=+1.52 w_v@goal=19.32 return=976.5 length=83 success_rate=1.00 collisions/ep=0.62 (n=24)
update=118 global_step=241664 SPS=584 w_ev=0.938 m_ev=0.942 m_v_bias=9.6 m_adv_std=44.5753 m_kl_max=0.0199 m_ratio_max=1.069 w_ax@goal=+1.50 w_v@goal=19.30 return=942.6 length=84 success_rate=1.00 collisions/ep=1.30 (n=23)
update=119 global_step=243712 SPS=586 w_ev=0.964 m_ev=0.989 m_v_bias=-14.8 m_adv_std=18.0562 m_kl_max=0.0135 m_ratio_max=0.548 w_ax@goal=+1.52 w_v@goal=19.06 return=982.6 length=86 success_rate=1.00 collisions/ep=0.50 (n=24)
update=120 global_step=245760 SPS=588 w_ev=0.964 m_ev=0.988 m_v_bias=0.5 m_adv_std=19.3803 m_kl_max=0.0138 m_ratio_max=0.416 w_ax@goal=+1.48 w_v@goal=18.97 return=985.0 length=83 success_rate=1.00 collisions/ep=0.44 (n=25)
Evaluation at update 120: return=1005.63, length=81.85, success_rate=1.00, collisions/ep=0.05
Solved-check at update 120: solved=False worst_gap=50.03 at p_x0=2.00 p_y0=-1.00 (consecutive=0)
update=121 global_step=247808 SPS=580 w_ev=0.953 m_ev=0.963 m_v_bias=0.6 m_adv_std=35.6094 m_kl_max=0.0164 m_ratio_max=0.603 w_ax@goal=+1.48 w_v@goal=19.11 return=967.0 length=82 success_rate=1.00 collisions/ep=0.81 (n=26)
update=122 global_step=249856 SPS=583 w_ev=0.956 m_ev=0.973 m_v_bias=-1.5 m_adv_std=29.9587 m_kl_max=0.0093 m_ratio_max=0.499 w_ax@goal=+1.49 w_v@goal=19.26 return=972.6 length=83 success_rate=1.00 collisions/ep=0.69 (n=26)
update=123 global_step=251904 SPS=585 w_ev=0.963 m_ev=0.980 m_v_bias=-1.1 m_adv_std=25.4481 m_kl_max=0.0115 m_ratio_max=0.917 w_ax@goal=+1.44 w_v@goal=19.27 return=978.7 length=85 success_rate=1.00 collisions/ep=0.56 (n=25)
update=124 global_step=253952 SPS=586 w_ev=0.963 m_ev=0.972 m_v_bias=-1.6 m_adv_std=29.8323 m_kl_max=0.0327 m_ratio_max=1.109 w_ax@goal=+1.52 w_v@goal=19.37 return=974.3 length=82 success_rate=1.00 collisions/ep=0.65 (n=23)
update=125 global_step=256000 SPS=588 w_ev=0.963 m_ev=0.986 m_v_bias=1.0 m_adv_std=20.2490 m_kl_max=0.0436 m_ratio_max=0.836 w_ax@goal=+1.48 w_v@goal=19.29 return=978.0 length=83 success_rate=1.00 collisions/ep=0.58 (n=26)
Evaluation at update 125: return=1007.83, length=82.15, success_rate=1.00, collisions/ep=0.00
Solved-check at update 125: solved=False worst_gap=100.04 at p_x0=2.00 p_y0=-1.00 (consecutive=0)
update=126 global_step=258048 SPS=581 w_ev=0.944 m_ev=0.937 m_v_bias=8.0 m_adv_std=45.7961 m_kl_max=0.0171 m_ratio_max=0.599 w_ax@goal=+1.44 w_v@goal=19.32 return=956.5 length=83 success_rate=1.00 collisions/ep=1.00 (n=23)
update=127 global_step=260096 SPS=582 w_ev=0.964 m_ev=0.989 m_v_bias=-6.8 m_adv_std=17.9275 m_kl_max=0.0424 m_ratio_max=1.093 w_ax@goal=+1.43 w_v@goal=19.35 return=986.0 length=84 success_rate=1.00 collisions/ep=0.42 (n=24)
update=128 global_step=262144 SPS=584 w_ev=0.920 m_ev=0.875 m_v_bias=17.4 m_adv_std=71.8811 m_kl_max=0.0145 m_ratio_max=0.592 w_ax@goal=+1.51 w_v@goal=19.25 return=930.9 length=84 success_rate=1.00 collisions/ep=1.50 (n=26)
update=129 global_step=264192 SPS=586 w_ev=0.968 m_ev=0.983 m_v_bias=-27.9 m_adv_std=22.6913 m_kl_max=0.0159 m_ratio_max=0.771 w_ax@goal=+1.42 w_v@goal=19.16 return=995.7 length=83 success_rate=1.00 collisions/ep=0.20 (n=25)
update=130 global_step=266240 SPS=588 w_ev=0.973 m_ev=0.981 m_v_bias=-4.4 m_adv_std=24.9166 m_kl_max=0.0460 m_ratio_max=1.997 w_ax@goal=+1.57 w_v@goal=19.22 return=986.4 length=86 success_rate=1.00 collisions/ep=0.39 (n=23)
Evaluation at update 130: return=1002.13, length=82.85, success_rate=1.00, collisions/ep=0.10
Solved-check at update 130: solved=False worst_gap=101.04 at p_x0=2.00 p_y0=-1.00 (consecutive=0)
update=131 global_step=268288 SPS=581 w_ev=0.971 m_ev=0.992 m_v_bias=2.0 m_adv_std=15.9351 m_kl_max=0.0333 m_ratio_max=1.204 w_ax@goal=+1.56 w_v@goal=19.34 return=981.1 length=86 success_rate=1.00 collisions/ep=0.50 (n=24)
update=132 global_step=270336 SPS=583 w_ev=0.970 m_ev=0.982 m_v_bias=0.8 m_adv_std=23.7160 m_kl_max=0.0094 m_ratio_max=0.419 w_ax@goal=+1.55 w_v@goal=19.22 return=988.5 length=85 success_rate=1.00 collisions/ep=0.35 (n=23)
update=133 global_step=272384 SPS=584 w_ev=0.977 m_ev=0.992 m_v_bias=-3.5 m_adv_std=15.9024 m_kl_max=0.0110 m_ratio_max=0.566 w_ax@goal=+1.59 w_v@goal=19.21 return=983.2 length=85 success_rate=1.00 collisions/ep=0.44 (n=25)
update=134 global_step=274432 SPS=586 w_ev=0.963 m_ev=0.981 m_v_bias=-2.0 m_adv_std=23.9551 m_kl_max=0.0124 m_ratio_max=0.581 w_ax@goal=+1.52 w_v@goal=19.29 return=991.2 length=84 success_rate=1.00 collisions/ep=0.28 (n=25)
update=135 global_step=276480 SPS=588 w_ev=0.972 m_ev=0.995 m_v_bias=-2.6 m_adv_std=12.4965 m_kl_max=0.0118 m_ratio_max=0.528 w_ax@goal=+1.50 w_v@goal=19.35 return=998.1 length=86 success_rate=1.00 collisions/ep=0.17 (n=24)
Evaluation at update 135: return=1007.28, length=82.70, success_rate=1.00, collisions/ep=0.00
Solved-check at update 135: solved=False worst_gap=51.04 at p_x0=2.00 p_y0=-1.00 (consecutive=0)
update=136 global_step=278528 SPS=581 w_ev=0.969 m_ev=0.980 m_v_bias=7.9 m_adv_std=25.5562 m_kl_max=0.0165 m_ratio_max=0.872 w_ax@goal=+1.60 w_v@goal=19.24 return=978.7 length=83 success_rate=1.00 collisions/ep=0.54 (n=24)
update=137 global_step=280576 SPS=583 w_ev=0.966 m_ev=0.972 m_v_bias=-5.9 m_adv_std=30.0419 m_kl_max=0.0092 m_ratio_max=0.501 w_ax@goal=+1.49 w_v@goal=19.16 return=991.6 length=87 success_rate=1.00 collisions/ep=0.29 (n=24)
update=138 global_step=282624 SPS=585 w_ev=0.956 m_ev=0.965 m_v_bias=4.5 m_adv_std=33.5508 m_kl_max=0.0146 m_ratio_max=0.647 w_ax@goal=+1.49 w_v@goal=19.09 return=970.3 length=84 success_rate=1.00 collisions/ep=0.71 (n=24)
update=139 global_step=284672 SPS=586 w_ev=0.970 m_ev=0.990 m_v_bias=-6.8 m_adv_std=17.8069 m_kl_max=0.0230 m_ratio_max=1.225 w_ax@goal=+1.55 w_v@goal=19.32 return=995.2 length=85 success_rate=1.00 collisions/ep=0.21 (n=24)
update=140 global_step=286720 SPS=588 w_ev=0.964 m_ev=0.995 m_v_bias=-4.3 m_adv_std=11.7987 m_kl_max=0.0213 m_ratio_max=0.666 w_ax@goal=+1.42 w_v@goal=19.20 return=1000.4 length=84 success_rate=1.00 collisions/ep=0.12 (n=24)
Evaluation at update 140: return=1008.08, length=81.90, success_rate=1.00, collisions/ep=0.00
Solved-check at update 140: solved=False worst_gap=50.04 at p_x0=2.00 p_y0=-1.00 (consecutive=0)
update=141 global_step=288768 SPS=581 w_ev=0.966 m_ev=0.986 m_v_bias=3.2 m_adv_std=20.1253 m_kl_max=0.0226 m_ratio_max=1.664 w_ax@goal=+1.30 w_v@goal=19.11 return=996.7 length=85 success_rate=1.00 collisions/ep=0.21 (n=24)
update=142 global_step=290816 SPS=583 w_ev=0.967 m_ev=0.995 m_v_bias=-4.4 m_adv_std=12.0807 m_kl_max=0.0126 m_ratio_max=1.098 w_ax@goal=+1.25 w_v@goal=19.11 return=999.2 length=85 success_rate=1.00 collisions/ep=0.16 (n=25)
update=143 global_step=292864 SPS=585 w_ev=0.949 m_ev=0.982 m_v_bias=3.0 m_adv_std=23.6793 m_kl_max=0.0127 m_ratio_max=0.448 w_ax@goal=+1.19 w_v@goal=19.05 return=986.8 length=85 success_rate=1.00 collisions/ep=0.42 (n=24)
update=144 global_step=294912 SPS=586 w_ev=0.959 m_ev=0.982 m_v_bias=3.5 m_adv_std=23.6193 m_kl_max=0.0168 m_ratio_max=0.501 w_ax@goal=+1.25 w_v@goal=19.11 return=983.3 length=84 success_rate=1.00 collisions/ep=0.48 (n=25)
update=145 global_step=296960 SPS=588 w_ev=0.948 m_ev=0.974 m_v_bias=0.5 m_adv_std=29.1787 m_kl_max=0.0117 m_ratio_max=0.689 w_ax@goal=+1.22 w_v@goal=19.14 return=985.6 length=84 success_rate=1.00 collisions/ep=0.44 (n=25)
Evaluation at update 145: return=1008.48, length=81.50, success_rate=1.00, collisions/ep=0.00
Solved-check at update 145: solved=False worst_gap=50.04 at p_x0=2.00 p_y0=-1.00 (consecutive=0)
update=146 global_step=299008 SPS=582 w_ev=0.957 m_ev=0.995 m_v_bias=-5.9 m_adv_std=11.4524 m_kl_max=0.0240 m_ratio_max=0.829 w_ax@goal=+1.21 w_v@goal=19.18 return=998.9 length=83 success_rate=1.00 collisions/ep=0.17 (n=24)
update=147 global_step=301056 SPS=583 w_ev=0.953 m_ev=0.967 m_v_bias=10.0 m_adv_std=32.1458 m_kl_max=0.0125 m_ratio_max=0.738 w_ax@goal=+1.20 w_v@goal=19.12 return=970.4 length=84 success_rate=1.00 collisions/ep=0.75 (n=24)
update=148 global_step=303104 SPS=585 w_ev=0.963 m_ev=0.981 m_v_bias=-0.0 m_adv_std=24.1536 m_kl_max=0.0073 m_ratio_max=0.476 w_ax@goal=+1.04 w_v@goal=19.34 return=980.6 length=82 success_rate=1.00 collisions/ep=0.54 (n=26)
update=149 global_step=305152 SPS=586 w_ev=0.969 m_ev=0.995 m_v_bias=-5.0 m_adv_std=12.0873 m_kl_max=0.0479 m_ratio_max=1.905 w_ax@goal=+1.14 w_v@goal=19.20 return=997.3 length=83 success_rate=1.00 collisions/ep=0.21 (n=24)
update=150 global_step=307200 SPS=588 w_ev=0.948 m_ev=0.965 m_v_bias=4.8 m_adv_std=32.2274 m_kl_max=0.0151 m_ratio_max=0.613 w_ax@goal=+1.35 w_v@goal=19.16 return=982.6 length=84 success_rate=1.00 collisions/ep=0.50 (n=24)
Evaluation at update 150: return=1008.43, length=81.55, success_rate=1.00, collisions/ep=0.00
Solved-check at update 150: solved=False worst_gap=50.04 at p_x0=2.00 p_y0=-1.00 (consecutive=0)
update=151 global_step=309248 SPS=582 w_ev=0.968 m_ev=0.990 m_v_bias=-5.6 m_adv_std=17.0545 m_kl_max=0.0084 m_ratio_max=0.562 w_ax@goal=+1.21 w_v@goal=19.09 return=993.5 length=84 success_rate=1.00 collisions/ep=0.28 (n=25)
update=152 global_step=311296 SPS=584 w_ev=0.969 m_ev=0.992 m_v_bias=-0.4 m_adv_std=15.7082 m_kl_max=0.0154 m_ratio_max=0.817 w_ax@goal=+1.39 w_v@goal=19.17 return=990.8 length=83 success_rate=1.00 collisions/ep=0.33 (n=24)
update=153 global_step=313344 SPS=585 w_ev=0.970 m_ev=0.985 m_v_bias=-2.1 m_adv_std=21.7092 m_kl_max=0.0215 m_ratio_max=0.885 w_ax@goal=+1.30 w_v@goal=19.15 return=988.3 length=81 success_rate=1.00 collisions/ep=0.38 (n=26)
update=154 global_step=315392 SPS=587 w_ev=0.959 m_ev=0.984 m_v_bias=-1.4 m_adv_std=22.0450 m_kl_max=0.0264 m_ratio_max=0.704 w_ax@goal=+1.26 w_v@goal=19.18 return=991.2 length=83 success_rate=1.00 collisions/ep=0.33 (n=24)
update=155 global_step=317440 SPS=588 w_ev=0.974 m_ev=0.993 m_v_bias=-1.1 m_adv_std=14.4900 m_kl_max=0.0239 m_ratio_max=0.826 w_ax@goal=+1.31 w_v@goal=19.28 return=996.7 length=83 success_rate=1.00 collisions/ep=0.22 (n=27)
Evaluation at update 155: return=1008.83, length=81.15, success_rate=1.00, collisions/ep=0.00
Solved-check at update 155: solved=False worst_gap=51.03 at p_x0=1.50 p_y0=-1.00 (consecutive=0)
update=156 global_step=319488 SPS=582 w_ev=0.963 m_ev=0.994 m_v_bias=-2.2 m_adv_std=12.1774 m_kl_max=0.0100 m_ratio_max=0.585 w_ax@goal=+1.29 w_v@goal=19.30 return=1001.1 length=80 success_rate=1.00 collisions/ep=0.12 (n=24)
update=157 global_step=321536 SPS=584 w_ev=0.960 m_ev=0.996 m_v_bias=-0.7 m_adv_std=10.5780 m_kl_max=0.0067 m_ratio_max=0.565 w_ax@goal=+1.26 w_v@goal=19.28 return=997.9 length=84 success_rate=1.00 collisions/ep=0.21 (n=24)
update=158 global_step=323584 SPS=585 w_ev=0.966 m_ev=0.994 m_v_bias=-0.3 m_adv_std=12.7902 m_kl_max=0.0226 m_ratio_max=0.814 w_ax@goal=+1.22 w_v@goal=19.08 return=999.4 length=86 success_rate=1.00 collisions/ep=0.17 (n=24)
update=159 global_step=325632 SPS=586 w_ev=0.966 m_ev=0.989 m_v_bias=1.7 m_adv_std=17.5704 m_kl_max=0.0291 m_ratio_max=0.938 w_ax@goal=+1.13 w_v@goal=19.24 return=991.1 length=81 success_rate=1.00 collisions/ep=0.33 (n=24)
update=160 global_step=327680 SPS=588 w_ev=0.959 m_ev=0.988 m_v_bias=-0.5 m_adv_std=18.7084 m_kl_max=0.0202 m_ratio_max=0.631 w_ax@goal=+1.23 w_v@goal=19.30 return=992.9 length=84 success_rate=1.00 collisions/ep=0.31 (n=26)
Evaluation at update 160: return=1008.93, length=81.05, success_rate=1.00, collisions/ep=0.00
Solved-check at update 160: solved=False worst_gap=49.03 at p_x0=2.00 p_y0=-1.00 (consecutive=0)
update=161 global_step=329728 SPS=582 w_ev=0.957 m_ev=0.995 m_v_bias=-2.7 m_adv_std=12.2831 m_kl_max=0.0160 m_ratio_max=0.765 w_ax@goal=+1.03 w_v@goal=19.22 return=993.0 length=84 success_rate=1.00 collisions/ep=0.30 (n=23)
update=162 global_step=331776 SPS=583 w_ev=0.952 m_ev=0.973 m_v_bias=6.2 m_adv_std=28.3016 m_kl_max=0.0651 m_ratio_max=1.986 w_ax@goal=+0.93 w_v@goal=19.40 return=983.9 length=83 success_rate=1.00 collisions/ep=0.48 (n=25)
update=163 global_step=333824 SPS=585 w_ev=0.959 m_ev=0.994 m_v_bias=-5.1 m_adv_std=12.8831 m_kl_max=0.0173 m_ratio_max=0.582 w_ax@goal=+0.89 w_v@goal=19.42 return=995.2 length=82 success_rate=1.00 collisions/ep=0.25 (n=24)
update=164 global_step=335872 SPS=586 w_ev=0.949 m_ev=0.971 m_v_bias=6.0 m_adv_std=30.0334 m_kl_max=0.0108 m_ratio_max=0.493 w_ax@goal=+0.71 w_v@goal=19.31 return=994.9 length=86 success_rate=1.00 collisions/ep=0.25 (n=24)
update=165 global_step=337920 SPS=588 w_ev=0.959 m_ev=0.987 m_v_bias=0.5 m_adv_std=19.5036 m_kl_max=0.0073 m_ratio_max=0.433 w_ax@goal=+0.91 w_v@goal=19.64 return=983.6 length=83 success_rate=1.00 collisions/ep=0.48 (n=25)
Evaluation at update 165: return=1008.83, length=81.15, success_rate=1.00, collisions/ep=0.00
Solved-check at update 165: solved=False worst_gap=51.03 at p_x0=1.50 p_y0=-1.00 (consecutive=0)
update=166 global_step=339968 SPS=582 w_ev=0.928 m_ev=0.954 m_v_bias=7.1 m_adv_std=39.9337 m_kl_max=0.0165 m_ratio_max=0.647 w_ax@goal=+0.81 w_v@goal=19.42 return=976.8 length=84 success_rate=1.00 collisions/ep=0.62 (n=24)
update=167 global_step=342016 SPS=584 w_ev=0.964 m_ev=0.976 m_v_bias=-3.4 m_adv_std=27.5747 m_kl_max=0.0139 m_ratio_max=0.601 w_ax@goal=+0.69 w_v@goal=19.40 return=982.4 length=83 success_rate=1.00 collisions/ep=0.50 (n=24)
update=168 global_step=344064 SPS=585 w_ev=0.965 m_ev=0.996 m_v_bias=-7.3 m_adv_std=10.7775 m_kl_max=0.0183 m_ratio_max=0.753 w_ax@goal=+0.82 w_v@goal=19.41 return=999.5 length=82 success_rate=1.00 collisions/ep=0.15 (n=26)
update=169 global_step=346112 SPS=586 w_ev=0.959 m_ev=0.994 m_v_bias=3.7 m_adv_std=13.6845 m_kl_max=0.0231 m_ratio_max=1.133 w_ax@goal=+0.55 w_v@goal=19.46 return=996.4 length=84 success_rate=1.00 collisions/ep=0.21 (n=24)
update=170 global_step=348160 SPS=588 w_ev=0.962 m_ev=0.994 m_v_bias=-1.3 m_adv_std=13.1133 m_kl_max=0.0153 m_ratio_max=0.871 w_ax@goal=+0.54 w_v@goal=19.44 return=1000.8 length=85 success_rate=1.00 collisions/ep=0.12 (n=25)
Evaluation at update 170: return=1008.07, length=81.90, success_rate=1.00, collisions/ep=0.00
Solved-check at update 170: solved=False worst_gap=50.04 at p_x0=2.00 p_y0=-1.00 (consecutive=0)
update=171 global_step=350208 SPS=582 w_ev=0.961 m_ev=0.997 m_v_bias=-1.3 m_adv_std=9.1722 m_kl_max=0.0202 m_ratio_max=0.879 w_ax@goal=+0.71 w_v@goal=19.18 return=1004.7 length=85 success_rate=1.00 collisions/ep=0.04 (n=24)
update=172 global_step=352256 SPS=583 w_ev=0.960 m_ev=0.982 m_v_bias=3.2 m_adv_std=23.2450 m_kl_max=0.0214 m_ratio_max=1.050 w_ax@goal=+0.71 w_v@goal=19.24 return=988.0 length=84 success_rate=1.00 collisions/ep=0.38 (n=24)
update=173 global_step=354304 SPS=585 w_ev=0.966 m_ev=0.991 m_v_bias=0.1 m_adv_std=16.6277 m_kl_max=0.0134 m_ratio_max=0.599 w_ax@goal=+0.61 w_v@goal=19.45 return=995.5 length=84 success_rate=1.00 collisions/ep=0.23 (n=26)
update=174 global_step=356352 SPS=586 w_ev=0.968 m_ev=0.993 m_v_bias=3.7 m_adv_std=14.3017 m_kl_max=0.0094 m_ratio_max=0.468 w_ax@goal=+0.92 w_v@goal=19.30 return=997.9 length=85 success_rate=1.00 collisions/ep=0.17 (n=24)
update=175 global_step=358400 SPS=587 w_ev=0.960 m_ev=0.997 m_v_bias=-4.4 m_adv_std=9.4501 m_kl_max=0.0123 m_ratio_max=0.422 w_ax@goal=+0.82 w_v@goal=19.38 return=1003.2 length=83 success_rate=1.00 collisions/ep=0.08 (n=24)
Evaluation at update 175: return=1008.78, length=81.20, success_rate=1.00, collisions/ep=0.00
Solved-check at update 175: solved=False worst_gap=49.04 at p_x0=2.00 p_y0=-1.00 (consecutive=0)
update=176 global_step=360448 SPS=582 w_ev=0.955 m_ev=0.978 m_v_bias=3.6 m_adv_std=26.0172 m_kl_max=0.0183 m_ratio_max=0.664 w_ax@goal=+0.88 w_v@goal=19.24 return=983.4 length=82 success_rate=1.00 collisions/ep=0.48 (n=25)
update=177 global_step=362496 SPS=584 w_ev=0.942 m_ev=0.978 m_v_bias=-0.8 m_adv_std=26.1908 m_kl_max=0.0368 m_ratio_max=0.885 w_ax@goal=+0.99 w_v@goal=19.46 return=985.6 length=83 success_rate=1.00 collisions/ep=0.44 (n=25)
update=178 global_step=364544 SPS=585 w_ev=0.955 m_ev=0.991 m_v_bias=-3.4 m_adv_std=16.8213 m_kl_max=0.0126 m_ratio_max=0.601 w_ax@goal=+0.79 w_v@goal=19.42 return=994.8 length=84 success_rate=1.00 collisions/ep=0.25 (n=24)
update=179 global_step=366592 SPS=586 w_ev=0.961 m_ev=0.997 m_v_bias=-4.9 m_adv_std=9.4542 m_kl_max=0.0264 m_ratio_max=1.472 w_ax@goal=+0.91 w_v@goal=19.31 return=992.7 length=84 success_rate=1.00 collisions/ep=0.29 (n=24)
update=180 global_step=368640 SPS=587 w_ev=0.942 m_ev=0.960 m_v_bias=5.8 m_adv_std=35.9606 m_kl_max=0.0251 m_ratio_max=1.307 w_ax@goal=+0.97 w_v@goal=19.25 return=984.5 length=83 success_rate=1.00 collisions/ep=0.46 (n=24)
Evaluation at update 180: return=1008.43, length=81.55, success_rate=1.00, collisions/ep=0.00
Solved-check at update 180: solved=False worst_gap=49.04 at p_x0=2.00 p_y0=-1.00 (consecutive=0)
update=181 global_step=370688 SPS=582 w_ev=0.942 m_ev=0.993 m_v_bias=-8.8 m_adv_std=14.7610 m_kl_max=0.0242 m_ratio_max=1.574 w_ax@goal=+0.92 w_v@goal=19.26 return=1000.8 length=83 success_rate=1.00 collisions/ep=0.12 (n=24)
update=182 global_step=372736 SPS=584 w_ev=0.946 m_ev=0.995 m_v_bias=-1.0 m_adv_std=12.4958 m_kl_max=0.0144 m_ratio_max=0.583 w_ax@goal=+0.86 w_v@goal=19.21 return=1003.4 length=85 success_rate=1.00 collisions/ep=0.08 (n=25)
update=183 global_step=374784 SPS=585 w_ev=0.951 m_ev=0.994 m_v_bias=-0.5 m_adv_std=13.3557 m_kl_max=0.0203 m_ratio_max=0.897 w_ax@goal=+0.93 w_v@goal=19.21 return=1000.9 length=81 success_rate=1.00 collisions/ep=0.12 (n=25)
update=184 global_step=376832 SPS=586 w_ev=0.954 m_ev=0.992 m_v_bias=-1.0 m_adv_std=15.6743 m_kl_max=0.0246 m_ratio_max=0.989 w_ax@goal=+1.19 w_v@goal=19.24 return=997.0 length=83 success_rate=1.00 collisions/ep=0.21 (n=24)
update=185 global_step=378880 SPS=588 w_ev=0.956 m_ev=0.996 m_v_bias=0.7 m_adv_std=10.9094 m_kl_max=0.0166 m_ratio_max=0.726 w_ax@goal=+1.06 w_v@goal=19.24 return=1003.0 length=85 success_rate=1.00 collisions/ep=0.08 (n=25)
Evaluation at update 185: return=1008.13, length=81.85, success_rate=1.00, collisions/ep=0.00
Solved-check at update 185: solved=False worst_gap=50.04 at p_x0=2.00 p_y0=-1.00 (consecutive=0)
update=186 global_step=380928 SPS=583 w_ev=0.952 m_ev=0.995 m_v_bias=0.5 m_adv_std=12.5942 m_kl_max=0.0211 m_ratio_max=0.829 w_ax@goal=+1.03 w_v@goal=19.43 return=1006.5 length=84 success_rate=1.00 collisions/ep=0.00 (n=24)
update=187 global_step=382976 SPS=584 w_ev=0.945 m_ev=0.980 m_v_bias=4.2 m_adv_std=24.9853 m_kl_max=0.0270 m_ratio_max=0.780 w_ax@goal=+0.92 w_v@goal=19.47 return=986.3 length=85 success_rate=1.00 collisions/ep=0.42 (n=24)
update=188 global_step=385024 SPS=585 w_ev=0.959 m_ev=0.996 m_v_bias=-1.5 m_adv_std=10.7211 m_kl_max=0.0354 m_ratio_max=0.647 w_ax@goal=+0.77 w_v@goal=19.38 return=1005.9 length=85 success_rate=1.00 collisions/ep=0.00 (n=24)
update=189 global_step=387072 SPS=586 w_ev=0.960 m_ev=0.999 m_v_bias=-3.5 m_adv_std=6.3270 m_kl_max=0.0289 m_ratio_max=0.731 w_ax@goal=+0.96 w_v@goal=19.28 return=1002.8 length=86 success_rate=1.00 collisions/ep=0.08 (n=25)
update=190 global_step=389120 SPS=587 w_ev=0.934 m_ev=0.985 m_v_bias=3.9 m_adv_std=21.7714 m_kl_max=0.0108 m_ratio_max=0.493 w_ax@goal=+1.00 w_v@goal=19.34 return=988.3 length=83 success_rate=1.00 collisions/ep=0.38 (n=24)
Evaluation at update 190: return=1008.13, length=81.85, success_rate=1.00, collisions/ep=0.00
Solved-check at update 190: solved=False worst_gap=50.03 at p_x0=2.00 p_y0=-1.00 (consecutive=0)
update=191 global_step=391168 SPS=583 w_ev=0.940 m_ev=0.966 m_v_bias=4.1 m_adv_std=32.9932 m_kl_max=0.0346 m_ratio_max=0.897 w_ax@goal=+0.81 w_v@goal=19.21 return=980.2 length=84 success_rate=1.00 collisions/ep=0.54 (n=24)
update=192 global_step=393216 SPS=584 w_ev=0.954 m_ev=0.990 m_v_bias=-4.5 m_adv_std=17.1196 m_kl_max=0.0098 m_ratio_max=0.392 w_ax@goal=+1.12 w_v@goal=19.26 return=997.1 length=83 success_rate=1.00 collisions/ep=0.19 (n=26)
update=193 global_step=395264 SPS=585 w_ev=0.955 m_ev=0.994 m_v_bias=-1.5 m_adv_std=12.7781 m_kl_max=0.0142 m_ratio_max=0.759 w_ax@goal=+1.21 w_v@goal=19.52 return=1000.9 length=83 success_rate=1.00 collisions/ep=0.12 (n=24)
update=194 global_step=397312 SPS=586 w_ev=0.953 m_ev=0.995 m_v_bias=0.2 m_adv_std=12.4809 m_kl_max=0.0175 m_ratio_max=0.761 w_ax@goal=+1.16 w_v@goal=19.51 return=998.3 length=84 success_rate=1.00 collisions/ep=0.17 (n=24)
update=195 global_step=399360 SPS=588 w_ev=0.956 m_ev=0.994 m_v_bias=-1.0 m_adv_std=13.0441 m_kl_max=0.0100 m_ratio_max=0.594 w_ax@goal=+1.15 w_v@goal=19.44 return=1001.1 length=84 success_rate=1.00 collisions/ep=0.12 (n=25)
Evaluation at update 195: return=1008.33, length=81.65, success_rate=1.00, collisions/ep=0.00
Solved-check at update 195: solved=False worst_gap=50.03 at p_x0=2.00 p_y0=-1.00 (consecutive=0)
update=196 global_step=401408 SPS=583 w_ev=0.943 m_ev=0.990 m_v_bias=0.7 m_adv_std=16.7213 m_kl_max=0.0182 m_ratio_max=0.547 w_ax@goal=+1.13 w_v@goal=19.40 return=988.5 length=82 success_rate=1.00 collisions/ep=0.38 (n=24)
update=197 global_step=403456 SPS=584 w_ev=0.955 m_ev=0.987 m_v_bias=-0.1 m_adv_std=19.8497 m_kl_max=0.0090 m_ratio_max=0.631 w_ax@goal=+1.16 w_v@goal=19.41 return=997.2 length=85 success_rate=1.00 collisions/ep=0.20 (n=25)
update=198 global_step=405504 SPS=585 w_ev=0.948 m_ev=0.998 m_v_bias=-5.8 m_adv_std=7.1619 m_kl_max=0.0194 m_ratio_max=0.703 w_ax@goal=+0.94 w_v@goal=19.44 return=1007.2 length=84 success_rate=1.00 collisions/ep=0.00 (n=24)
update=199 global_step=407552 SPS=587 w_ev=0.955 m_ev=0.997 m_v_bias=0.9 m_adv_std=8.5936 m_kl_max=0.0130 m_ratio_max=0.690 w_ax@goal=+1.08 w_v@goal=19.50 return=1005.2 length=82 success_rate=1.00 collisions/ep=0.04 (n=24)
update=200 global_step=409600 SPS=588 w_ev=0.957 m_ev=0.994 m_v_bias=-1.2 m_adv_std=13.0883 m_kl_max=0.0322 m_ratio_max=1.159 w_ax@goal=+1.10 w_v@goal=19.50 return=999.7 length=83 success_rate=1.00 collisions/ep=0.16 (n=25)
Evaluation at update 200: return=1008.53, length=81.45, success_rate=1.00, collisions/ep=0.00
Solved-check at update 200: solved=False worst_gap=49.03 at p_x0=2.00 p_y0=-1.00 (consecutive=0)
update=201 global_step=411648 SPS=583 w_ev=0.951 m_ev=0.975 m_v_bias=3.4 m_adv_std=27.4147 m_kl_max=0.0116 m_ratio_max=0.521 w_ax@goal=+1.10 w_v@goal=19.37 return=992.8 length=83 success_rate=1.00 collisions/ep=0.29 (n=24)
update=202 global_step=413696 SPS=584 w_ev=0.914 m_ev=0.955 m_v_bias=5.5 m_adv_std=38.9511 m_kl_max=0.0111 m_ratio_max=0.612 w_ax@goal=+1.00 w_v@goal=19.40 return=977.3 length=83 success_rate=1.00 collisions/ep=0.60 (n=25)
update=203 global_step=415744 SPS=585 w_ev=0.946 m_ev=0.988 m_v_bias=-6.3 m_adv_std=19.3516 m_kl_max=0.0304 m_ratio_max=0.862 w_ax@goal=+1.12 w_v@goal=19.59 return=992.4 length=84 success_rate=1.00 collisions/ep=0.29 (n=24)
update=204 global_step=417792 SPS=586 w_ev=0.955 m_ev=0.998 m_v_bias=-4.3 m_adv_std=7.6532 m_kl_max=0.0084 m_ratio_max=0.478 w_ax@goal=+1.01 w_v@goal=19.45 return=1004.8 length=84 success_rate=1.00 collisions/ep=0.04 (n=25)
update=205 global_step=419840 SPS=588 w_ev=0.918 m_ev=0.989 m_v_bias=5.3 m_adv_std=18.1169 m_kl_max=0.0313 m_ratio_max=1.433 w_ax@goal=+0.86 w_v@goal=19.38 return=995.6 length=83 success_rate=1.00 collisions/ep=0.22 (n=27)
Evaluation at update 205: return=1007.58, length=82.40, success_rate=1.00, collisions/ep=0.00
Solved-check at update 205: solved=False worst_gap=50.04 at p_x0=2.00 p_y0=-1.00 (consecutive=0)
update=206 global_step=421888 SPS=583 w_ev=0.958 m_ev=0.995 m_v_bias=-3.1 m_adv_std=12.2636 m_kl_max=0.0314 m_ratio_max=0.901 w_ax@goal=+0.90 w_v@goal=19.41 return=1001.9 length=83 success_rate=1.00 collisions/ep=0.08 (n=24)
update=207 global_step=423936 SPS=584 w_ev=0.949 m_ev=0.993 m_v_bias=2.9 m_adv_std=14.9899 m_kl_max=0.0192 m_ratio_max=0.684 w_ax@goal=+0.93 w_v@goal=19.62 return=1002.0 length=85 success_rate=1.00 collisions/ep=0.08 (n=24)
update=208 global_step=425984 SPS=585 w_ev=0.944 m_ev=0.989 m_v_bias=-0.2 m_adv_std=17.7558 m_kl_max=0.0321 m_ratio_max=0.853 w_ax@goal=+0.70 w_v@goal=19.47 return=991.8 length=85 success_rate=1.00 collisions/ep=0.29 (n=24)
update=209 global_step=428032 SPS=586 w_ev=0.952 m_ev=0.996 m_v_bias=0.1 m_adv_std=10.9293 m_kl_max=0.0187 m_ratio_max=0.669 w_ax@goal=+0.71 w_v@goal=19.51 return=1000.1 length=85 success_rate=1.00 collisions/ep=0.12 (n=24)
update=210 global_step=430080 SPS=588 w_ev=0.961 m_ev=0.993 m_v_bias=2.1 m_adv_std=15.1595 m_kl_max=0.0168 m_ratio_max=0.844 w_ax@goal=+0.93 w_v@goal=19.39 return=995.7 length=82 success_rate=1.00 collisions/ep=0.21 (n=24)
Evaluation at update 210: return=1007.53, length=82.45, success_rate=1.00, collisions/ep=0.00
Solved-check at update 210: solved=False worst_gap=100.03 at p_x0=2.00 p_y0=-1.00 (consecutive=0)
update=211 global_step=432128 SPS=583 w_ev=0.963 m_ev=0.997 m_v_bias=-3.5 m_adv_std=8.7656 m_kl_max=0.0165 m_ratio_max=0.590 w_ax@goal=+0.99 w_v@goal=19.42 return=1002.0 length=86 success_rate=1.00 collisions/ep=0.08 (n=24)
update=212 global_step=434176 SPS=584 w_ev=0.944 m_ev=0.998 m_v_bias=0.5 m_adv_std=6.9863 m_kl_max=0.0157 m_ratio_max=0.563 w_ax@goal=+0.95 w_v@goal=19.50 return=1004.2 length=84 success_rate=1.00 collisions/ep=0.04 (n=24)
update=213 global_step=436224 SPS=585 w_ev=0.947 m_ev=0.998 m_v_bias=-0.0 m_adv_std=6.7912 m_kl_max=0.0197 m_ratio_max=0.903 w_ax@goal=+0.80 w_v@goal=19.53 return=1004.8 length=84 success_rate=1.00 collisions/ep=0.04 (n=25)
update=214 global_step=438272 SPS=586 w_ev=0.954 m_ev=0.986 m_v_bias=2.3 m_adv_std=20.4539 m_kl_max=0.0121 m_ratio_max=0.553 w_ax@goal=+0.87 w_v@goal=19.63 return=989.1 length=85 success_rate=1.00 collisions/ep=0.36 (n=25)
update=215 global_step=440320 SPS=587 w_ev=0.950 m_ev=0.995 m_v_bias=-0.7 m_adv_std=12.0789 m_kl_max=0.0091 m_ratio_max=0.474 w_ax@goal=+0.93 w_v@goal=19.70 return=992.6 length=82 success_rate=1.00 collisions/ep=0.28 (n=25)
Evaluation at update 215: return=1008.14, length=81.85, success_rate=1.00, collisions/ep=0.00
Solved-check at update 215: solved=False worst_gap=299.03 at p_x0=2.00 p_y0=-1.00 (consecutive=0)
update=216 global_step=442368 SPS=583 w_ev=0.965 m_ev=0.996 m_v_bias=-2.9 m_adv_std=10.5318 m_kl_max=0.0154 m_ratio_max=0.593 w_ax@goal=+0.93 w_v@goal=19.54 return=1002.7 length=85 success_rate=1.00 collisions/ep=0.09 (n=23)
update=217 global_step=444416 SPS=584 w_ev=0.952 m_ev=0.992 m_v_bias=3.3 m_adv_std=15.6365 m_kl_max=0.0191 m_ratio_max=0.630 w_ax@goal=+1.04 w_v@goal=19.66 return=997.5 length=83 success_rate=1.00 collisions/ep=0.19 (n=26)
update=218 global_step=446464 SPS=585 w_ev=0.920 m_ev=0.962 m_v_bias=7.4 m_adv_std=34.5452 m_kl_max=0.0115 m_ratio_max=0.685 w_ax@goal=+0.91 w_v@goal=19.68 return=984.4 length=84 success_rate=1.00 collisions/ep=0.46 (n=24)
update=219 global_step=448512 SPS=586 w_ev=0.949 m_ev=0.998 m_v_bias=-8.4 m_adv_std=8.5931 m_kl_max=0.0288 m_ratio_max=0.642 w_ax@goal=+1.08 w_v@goal=19.67 return=992.0 length=84 success_rate=1.00 collisions/ep=0.29 (n=24)
update=220 global_step=450560 SPS=587 w_ev=0.941 m_ev=0.993 m_v_bias=2.3 m_adv_std=14.2397 m_kl_max=0.0142 m_ratio_max=0.467 w_ax@goal=+0.95 w_v@goal=19.58 return=996.0 length=83 success_rate=1.00 collisions/ep=0.21 (n=24)
Evaluation at update 220: return=1007.79, length=82.20, success_rate=1.00, collisions/ep=0.00
Solved-check at update 220: solved=False worst_gap=100.03 at p_x0=2.00 p_y0=-1.00 (consecutive=0)
update=221 global_step=452608 SPS=583 w_ev=0.957 m_ev=0.997 m_v_bias=-2.7 m_adv_std=9.3925 m_kl_max=0.0129 m_ratio_max=0.673 w_ax@goal=+0.96 w_v@goal=19.57 return=1002.4 length=84 success_rate=1.00 collisions/ep=0.08 (n=24)
update=222 global_step=454656 SPS=584 w_ev=0.959 m_ev=0.999 m_v_bias=-1.9 m_adv_std=5.3278 m_kl_max=0.0204 m_ratio_max=0.728 w_ax@goal=+1.04 w_v@goal=19.54 return=1004.4 length=84 success_rate=1.00 collisions/ep=0.04 (n=25)
update=223 global_step=456704 SPS=585 w_ev=0.959 m_ev=0.994 m_v_bias=3.5 m_adv_std=13.3407 m_kl_max=0.0176 m_ratio_max=1.015 w_ax@goal=+1.00 w_v@goal=19.60 return=996.3 length=82 success_rate=1.00 collisions/ep=0.20 (n=25)
update=224 global_step=458752 SPS=586 w_ev=0.949 m_ev=0.996 m_v_bias=-1.4 m_adv_std=10.8191 m_kl_max=0.0146 m_ratio_max=0.650 w_ax@goal=+1.07 w_v@goal=19.58 return=1000.6 length=84 success_rate=1.00 collisions/ep=0.12 (n=25)
update=225 global_step=460800 SPS=587 w_ev=0.971 m_ev=0.994 m_v_bias=-1.1 m_adv_std=12.9741 m_kl_max=0.0257 m_ratio_max=1.008 w_ax@goal=+1.00 w_v@goal=19.68 return=1000.1 length=82 success_rate=1.00 collisions/ep=0.12 (n=25)
Evaluation at update 225: return=1007.88, length=82.10, success_rate=1.00, collisions/ep=0.00
Solved-check at update 225: solved=False worst_gap=50.02 at p_x0=2.00 p_y0=-1.00 (consecutive=0)
update=226 global_step=462848 SPS=583 w_ev=0.947 m_ev=0.997 m_v_bias=-1.2 m_adv_std=9.5619 m_kl_max=0.0126 m_ratio_max=0.569 w_ax@goal=+0.82 w_v@goal=19.51 return=1002.4 length=84 success_rate=1.00 collisions/ep=0.08 (n=24)
update=227 global_step=464896 SPS=584 w_ev=0.961 m_ev=0.998 m_v_bias=-0.8 m_adv_std=7.9292 m_kl_max=0.0236 m_ratio_max=1.192 w_ax@goal=+1.02 w_v@goal=19.71 return=1002.6 length=83 success_rate=1.00 collisions/ep=0.08 (n=25)
update=228 global_step=466944 SPS=585 w_ev=0.964 m_ev=0.999 m_v_bias=-0.2 m_adv_std=6.3904 m_kl_max=0.0083 m_ratio_max=0.450 w_ax@goal=+0.87 w_v@goal=19.75 return=1004.4 length=84 success_rate=1.00 collisions/ep=0.04 (n=24)
update=229 global_step=468992 SPS=586 w_ev=0.948 m_ev=0.998 m_v_bias=0.7 m_adv_std=8.3173 m_kl_max=0.0326 m_ratio_max=1.184 w_ax@goal=+0.87 w_v@goal=19.63 return=1002.4 length=82 success_rate=1.00 collisions/ep=0.08 (n=25)
update=230 global_step=471040 SPS=587 w_ev=0.970 m_ev=0.997 m_v_bias=0.3 m_adv_std=9.7293 m_kl_max=0.0248 m_ratio_max=0.591 w_ax@goal=+0.80 w_v@goal=19.61 return=1002.6 length=84 success_rate=1.00 collisions/ep=0.09 (n=23)
Evaluation at update 230: return=1008.23, length=81.75, success_rate=1.00, collisions/ep=0.00
Solved-check at update 230: solved=False worst_gap=350.03 at p_x0=2.00 p_y0=-1.00 (consecutive=0)
update=231 global_step=473088 SPS=583 w_ev=0.962 m_ev=0.998 m_v_bias=-0.2 m_adv_std=8.1543 m_kl_max=0.0104 m_ratio_max=0.593 w_ax@goal=+0.63 w_v@goal=19.64 return=1004.4 length=84 success_rate=1.00 collisions/ep=0.04 (n=24)
update=232 global_step=475136 SPS=584 w_ev=0.945 m_ev=0.983 m_v_bias=0.9 m_adv_std=22.8172 m_kl_max=0.0288 m_ratio_max=1.266 w_ax@goal=+0.91 w_v@goal=19.65 return=997.6 length=84 success_rate=1.00 collisions/ep=0.19 (n=27)
update=233 global_step=477184 SPS=585 w_ev=0.971 m_ev=0.991 m_v_bias=0.3 m_adv_std=16.6247 m_kl_max=0.0255 m_ratio_max=1.159 w_ax@goal=+0.74 w_v@goal=19.65 return=999.3 length=82 success_rate=1.00 collisions/ep=0.16 (n=25)
update=234 global_step=479232 SPS=586 w_ev=0.965 m_ev=0.990 m_v_bias=2.4 m_adv_std=16.7449 m_kl_max=0.0249 m_ratio_max=0.754 w_ax@goal=+1.02 w_v@goal=19.67 return=991.0 length=84 success_rate=1.00 collisions/ep=0.33 (n=24)
update=235 global_step=481280 SPS=587 w_ev=0.930 m_ev=0.985 m_v_bias=0.8 m_adv_std=21.4190 m_kl_max=0.0128 m_ratio_max=0.743 w_ax@goal=+0.92 w_v@goal=19.64 return=992.8 length=82 success_rate=1.00 collisions/ep=0.29 (n=24)
Evaluation at update 235: return=1008.74, length=81.25, success_rate=1.00, collisions/ep=0.00
Solved-check at update 235: solved=False worst_gap=349.02 at p_x0=2.00 p_y0=-1.00 (consecutive=0)
update=236 global_step=483328 SPS=584 w_ev=0.957 m_ev=0.998 m_v_bias=-3.0 m_adv_std=8.3061 m_kl_max=0.0091 m_ratio_max=0.461 w_ax@goal=+1.08 w_v@goal=19.66 return=1005.6 length=85 success_rate=1.00 collisions/ep=0.04 (n=25)
update=237 global_step=485376 SPS=585 w_ev=0.936 m_ev=0.984 m_v_bias=4.5 m_adv_std=22.0714 m_kl_max=0.0178 m_ratio_max=0.571 w_ax@goal=+0.90 w_v@goal=19.72 return=988.5 length=83 success_rate=1.00 collisions/ep=0.38 (n=26)
update=238 global_step=487424 SPS=586 w_ev=0.951 m_ev=0.991 m_v_bias=-2.0 m_adv_std=15.9812 m_kl_max=0.0196 m_ratio_max=0.771 w_ax@goal=+1.05 w_v@goal=19.61 return=983.4 length=82 success_rate=1.00 collisions/ep=0.50 (n=24)
update=239 global_step=489472 SPS=587 w_ev=0.940 m_ev=0.993 m_v_bias=-4.3 m_adv_std=14.2711 m_kl_max=0.0254 m_ratio_max=0.655 w_ax@goal=+1.14 w_v@goal=19.68 return=1007.8 length=84 success_rate=1.00 collisions/ep=0.00 (n=24)
update=240 global_step=491520 SPS=587 w_ev=0.943 m_ev=0.990 m_v_bias=-2.0 m_adv_std=17.1465 m_kl_max=0.0086 m_ratio_max=0.567 w_ax@goal=+1.08 w_v@goal=19.65 return=1002.2 length=84 success_rate=1.00 collisions/ep=0.12 (n=24)
Evaluation at update 240: return=1008.69, length=81.30, success_rate=1.00, collisions/ep=0.00
Solved-check at update 240: solved=False worst_gap=299.02 at p_x0=2.00 p_y0=-1.00 (consecutive=0)
update=241 global_step=493568 SPS=583 w_ev=0.934 m_ev=0.994 m_v_bias=3.8 m_adv_std=13.3374 m_kl_max=0.0206 m_ratio_max=0.620 w_ax@goal=+1.13 w_v@goal=19.57 return=991.2 length=82 success_rate=1.00 collisions/ep=0.33 (n=24)
update=242 global_step=495616 SPS=584 w_ev=0.960 m_ev=0.999 m_v_bias=-1.7 m_adv_std=5.8613 m_kl_max=0.0170 m_ratio_max=0.582 w_ax@goal=+1.15 w_v@goal=19.64 return=1003.7 length=84 success_rate=1.00 collisions/ep=0.08 (n=24)
update=243 global_step=497664 SPS=585 w_ev=0.960 m_ev=0.992 m_v_bias=1.8 m_adv_std=15.2668 m_kl_max=0.0103 m_ratio_max=0.590 w_ax@goal=+1.22 w_v@goal=19.54 return=999.8 length=86 success_rate=1.00 collisions/ep=0.16 (n=25)
update=244 global_step=499712 SPS=586 w_ev=0.922 m_ev=0.986 m_v_bias=2.0 m_adv_std=20.8631 m_kl_max=0.0116 m_ratio_max=0.921 w_ax@goal=+1.18 w_v@goal=19.56 return=993.5 length=82 success_rate=1.00 collisions/ep=0.28 (n=25)
Saved checkpoints to C:\Users\loren\Desktop\MASTER THESIS\5_CODE\scenarios\slalom\studies\disturbed_0.005_0.05\hppo\runs\hppo_slalom_8_1791092883
