Using device: cpu
Solved-check: precomputed optimal returns for 25 fixed initial conditions (mean=1013.0, min=1011.0, max=1015.0); solved-tolerance=5.0
num_envs=8 num_steps_per_env=256 worker_batch_size=2048 worker_minibatch_size=256 num_updates=100 timesteps=204800
update=1 global_step=2048 SPS=931 w_ev=-0.059 m_ev=-0.000 m_v_bias=64.1 m_adv_std=271.1117 m_kl_max=0.0005 m_ratio_max=0.087 w_ax@goal=+0.09 w_v@goal=-0.38 return=-278.2 length=176 success_rate=0.33 collisions/ep=9.78 (n=9)
update=2 global_step=4096 SPS=878 w_ev=0.314 m_ev=0.503 m_v_bias=2.3 m_adv_std=211.5650 m_kl_max=0.0044 m_ratio_max=0.396 w_ax@goal=+0.24 w_v@goal=2.44 return=-168.9 length=182 success_rate=0.40 collisions/ep=8.40 (n=10)
update=3 global_step=6144 SPS=885 w_ev=0.611 m_ev=0.729 m_v_bias=-37.0 m_adv_std=142.4000 m_kl_max=0.0019 m_ratio_max=0.242 w_ax@goal=+0.09 w_v@goal=4.47 return=-135.6 length=182 success_rate=0.27 collisions/ep=4.82 (n=11)
update=4 global_step=8192 SPS=877 w_ev=0.860 m_ev=0.843 m_v_bias=-84.2 m_adv_std=136.2109 m_kl_max=0.0021 m_ratio_max=0.386 w_ax@goal=+0.11 w_v@goal=9.10 return=128.0 length=177 success_rate=0.46 collisions/ep=3.77 (n=13)
update=5 global_step=10240 SPS=869 w_ev=0.938 m_ev=0.805 m_v_bias=-25.1 m_adv_std=132.7101 m_kl_max=0.0006 m_ratio_max=0.106 w_ax@goal=+0.16 w_v@goal=12.47 return=40.3 length=185 success_rate=0.33 collisions/ep=2.89 (n=9)
Evaluation at update 5: return=509.83, length=108.60, success_rate=1.00, collisions/ep=9.45
Solved-check at update 5: solved=False worst_gap=536.82 at p_x0=1.00 p_y0=1.00 (consecutive=0)
update=6 global_step=12288 SPS=498 w_ev=0.966 m_ev=0.911 m_v_bias=-93.4 m_adv_std=109.7410 m_kl_max=0.0015 m_ratio_max=0.273 w_ax@goal=+0.45 w_v@goal=16.41 return=385.7 length=151 success_rate=0.69 collisions/ep=4.38 (n=16)
update=7 global_step=14336 SPS=530 w_ev=0.974 m_ev=0.866 m_v_bias=-77.5 m_adv_std=106.7945 m_kl_max=0.0018 m_ratio_max=0.273 w_ax@goal=+0.24 w_v@goal=18.29 return=574.1 length=125 success_rate=0.82 collisions/ep=4.00 (n=17)
update=8 global_step=16384 SPS=554 w_ev=0.957 m_ev=0.851 m_v_bias=-55.3 m_adv_std=90.6587 m_kl_max=0.0025 m_ratio_max=0.335 w_ax@goal=+0.46 w_v@goal=19.52 return=838.2 length=107 success_rate=1.00 collisions/ep=2.90 (n=20)
update=9 global_step=18432 SPS=574 w_ev=0.934 m_ev=0.849 m_v_bias=8.7 m_adv_std=93.6421 m_kl_max=0.0015 m_ratio_max=0.299 w_ax@goal=+0.54 w_v@goal=19.64 return=782.9 length=88 success_rate=1.00 collisions/ep=4.39 (n=23)
update=10 global_step=20480 SPS=591 w_ev=0.932 m_ev=0.883 m_v_bias=-12.0 m_adv_std=77.4405 m_kl_max=0.0044 m_ratio_max=0.257 w_ax@goal=+0.58 w_v@goal=19.72 return=865.7 length=90 success_rate=1.00 collisions/ep=2.70 (n=23)
Evaluation at update 10: return=963.87, length=81.95, success_rate=1.00, collisions/ep=0.90
Solved-check at update 10: solved=False worst_gap=454.41 at p_x0=2.00 p_y0=-1.00 (consecutive=0)
update=11 global_step=22528 SPS=500 w_ev=0.941 m_ev=0.931 m_v_bias=-6.7 m_adv_std=55.0193 m_kl_max=0.0030 m_ratio_max=0.298 w_ax@goal=+0.62 w_v@goal=19.36 return=844.8 length=89 success_rate=1.00 collisions/ep=3.18 (n=22)
update=12 global_step=24576 SPS=510 w_ev=0.944 m_ev=0.918 m_v_bias=-13.2 m_adv_std=59.1727 m_kl_max=0.0102 m_ratio_max=0.453 w_ax@goal=+0.76 w_v@goal=19.47 return=897.0 length=87 success_rate=1.00 collisions/ep=2.25 (n=24)
update=13 global_step=26624 SPS=529 w_ev=0.945 m_ev=0.940 m_v_bias=-6.0 m_adv_std=50.2121 m_kl_max=0.0151 m_ratio_max=0.520 w_ax@goal=+0.73 w_v@goal=19.46 return=910.2 length=87 success_rate=1.00 collisions/ep=1.92 (n=25)
update=14 global_step=28672 SPS=541 w_ev=0.924 m_ev=0.918 m_v_bias=-0.2 m_adv_std=54.1104 m_kl_max=0.0099 m_ratio_max=0.558 w_ax@goal=+0.72 w_v@goal=19.39 return=911.5 length=82 success_rate=1.00 collisions/ep=1.96 (n=23)
update=15 global_step=30720 SPS=555 w_ev=0.936 m_ev=0.948 m_v_bias=0.2 m_adv_std=43.9595 m_kl_max=0.0066 m_ratio_max=0.344 w_ax@goal=+0.66 w_v@goal=19.02 return=919.6 length=82 success_rate=1.00 collisions/ep=1.85 (n=26)
Evaluation at update 15: return=967.89, length=80.55, success_rate=1.00, collisions/ep=0.85
Solved-check at update 15: solved=False worst_gap=52.98 at p_x0=0.00 p_y0=-1.00 (consecutive=0)
update=16 global_step=32768 SPS=499 w_ev=0.927 m_ev=0.939 m_v_bias=-2.4 m_adv_std=45.3213 m_kl_max=0.0068 m_ratio_max=0.306 w_ax@goal=+0.84 w_v@goal=19.17 return=924.0 length=83 success_rate=1.00 collisions/ep=1.72 (n=25)
update=17 global_step=34816 SPS=512 w_ev=0.949 m_ev=0.962 m_v_bias=-13.3 m_adv_std=35.2613 m_kl_max=0.0072 m_ratio_max=0.448 w_ax@goal=+0.85 w_v@goal=19.29 return=952.6 length=83 success_rate=1.00 collisions/ep=1.12 (n=25)
update=18 global_step=36864 SPS=520 w_ev=0.932 m_ev=0.937 m_v_bias=1.1 m_adv_std=47.0429 m_kl_max=0.0087 m_ratio_max=0.657 w_ax@goal=+0.56 w_v@goal=19.40 return=947.6 length=83 success_rate=1.00 collisions/ep=1.24 (n=25)
update=19 global_step=38912 SPS=530 w_ev=0.938 m_ev=0.932 m_v_bias=7.0 m_adv_std=50.2118 m_kl_max=0.0031 m_ratio_max=0.312 w_ax@goal=+0.62 w_v@goal=19.38 return=927.4 length=82 success_rate=1.00 collisions/ep=1.68 (n=25)
update=20 global_step=40960 SPS=540 w_ev=0.897 m_ev=0.900 m_v_bias=6.3 m_adv_std=64.6352 m_kl_max=0.0141 m_ratio_max=0.744 w_ax@goal=+0.81 w_v@goal=19.51 return=907.6 length=81 success_rate=1.00 collisions/ep=2.04 (n=25)
Evaluation at update 20: return=973.53, length=79.95, success_rate=1.00, collisions/ep=0.75
Solved-check at update 20: solved=False worst_gap=52.02 at p_x0=2.00 p_y0=1.00 (consecutive=0)
update=21 global_step=43008 SPS=497 w_ev=0.883 m_ev=0.880 m_v_bias=10.5 m_adv_std=72.4126 m_kl_max=0.0124 m_ratio_max=0.563 w_ax@goal=+0.70 w_v@goal=19.15 return=873.4 length=80 success_rate=1.00 collisions/ep=2.72 (n=25)
update=22 global_step=45056 SPS=505 w_ev=0.926 m_ev=0.939 m_v_bias=-26.5 m_adv_std=46.0009 m_kl_max=0.0107 m_ratio_max=0.384 w_ax@goal=+0.63 w_v@goal=19.19 return=950.9 length=83 success_rate=1.00 collisions/ep=1.16 (n=25)
update=23 global_step=47104 SPS=514 w_ev=0.930 m_ev=0.950 m_v_bias=2.1 m_adv_std=42.3211 m_kl_max=0.0121 m_ratio_max=0.463 w_ax@goal=+0.79 w_v@goal=19.12 return=925.9 length=82 success_rate=1.00 collisions/ep=1.72 (n=25)
update=24 global_step=49152 SPS=523 w_ev=0.911 m_ev=0.961 m_v_bias=-6.4 m_adv_std=35.4819 m_kl_max=0.0236 m_ratio_max=0.676 w_ax@goal=+0.82 w_v@goal=19.28 return=931.2 length=81 success_rate=1.00 collisions/ep=1.58 (n=24)
update=25 global_step=51200 SPS=530 w_ev=0.913 m_ev=0.959 m_v_bias=-4.4 m_adv_std=38.2787 m_kl_max=0.0046 m_ratio_max=0.254 w_ax@goal=+0.53 w_v@goal=19.38 return=948.6 length=81 success_rate=1.00 collisions/ep=1.23 (n=26)
Evaluation at update 25: return=1003.77, length=79.60, success_rate=1.00, collisions/ep=0.15
Solved-check at update 25: solved=False worst_gap=51.82 at p_x0=2.00 p_y0=1.00 (consecutive=0)
update=26 global_step=53248 SPS=499 w_ev=0.899 m_ev=0.905 m_v_bias=13.6 m_adv_std=59.3120 m_kl_max=0.0178 m_ratio_max=1.133 w_ax@goal=+0.79 w_v@goal=19.37 return=904.9 length=82 success_rate=1.00 collisions/ep=2.16 (n=25)
update=27 global_step=55296 SPS=507 w_ev=0.921 m_ev=0.942 m_v_bias=-3.2 m_adv_std=47.2722 m_kl_max=0.0075 m_ratio_max=0.341 w_ax@goal=+0.84 w_v@goal=19.14 return=925.6 length=82 success_rate=1.00 collisions/ep=1.68 (n=25)
update=28 global_step=57344 SPS=515 w_ev=0.939 m_ev=0.971 m_v_bias=-31.8 m_adv_std=29.2989 m_kl_max=0.0095 m_ratio_max=0.443 w_ax@goal=+0.90 w_v@goal=19.25 return=989.2 length=81 success_rate=1.00 collisions/ep=0.46 (n=26)
update=29 global_step=59392 SPS=522 w_ev=0.907 m_ev=0.922 m_v_bias=14.4 m_adv_std=50.9040 m_kl_max=0.0166 m_ratio_max=0.708 w_ax@goal=+0.85 w_v@goal=19.24 return=943.7 length=80 success_rate=1.00 collisions/ep=1.38 (n=24)
update=30 global_step=61440 SPS=529 w_ev=0.899 m_ev=0.933 m_v_bias=-5.6 m_adv_std=47.3436 m_kl_max=0.0089 m_ratio_max=0.482 w_ax@goal=+0.88 w_v@goal=19.09 return=962.3 length=79 success_rate=1.00 collisions/ep=1.00 (n=27)
Evaluation at update 30: return=1011.55, length=79.30, success_rate=1.00, collisions/ep=0.00
Solved-check at update 30: solved=True worst_gap=1.67 at p_x0=0.00 p_y0=1.00 (consecutive=0)
update=31 global_step=63488 SPS=503 w_ev=0.929 m_ev=0.976 m_v_bias=-6.3 m_adv_std=26.5809 m_kl_max=0.0340 m_ratio_max=1.176 w_ax@goal=+0.82 w_v@goal=19.27 return=973.2 length=82 success_rate=1.00 collisions/ep=0.83 (n=24)
update=32 global_step=65536 SPS=509 w_ev=0.911 m_ev=0.966 m_v_bias=-1.7 m_adv_std=33.0606 m_kl_max=0.0056 m_ratio_max=0.301 w_ax@goal=+0.88 w_v@goal=19.28 return=964.1 length=80 success_rate=1.00 collisions/ep=0.92 (n=25)
update=33 global_step=67584 SPS=514 w_ev=0.922 m_ev=0.979 m_v_bias=-2.7 m_adv_std=25.1916 m_kl_max=0.0100 m_ratio_max=0.524 w_ax@goal=+0.91 w_v@goal=19.47 return=983.2 length=82 success_rate=1.00 collisions/ep=0.56 (n=27)
update=34 global_step=69632 SPS=520 w_ev=0.908 m_ev=0.992 m_v_bias=-7.8 m_adv_std=14.8120 m_kl_max=0.0099 m_ratio_max=0.437 w_ax@goal=+0.95 w_v@goal=19.25 return=999.8 length=80 success_rate=1.00 collisions/ep=0.21 (n=24)
update=35 global_step=71680 SPS=525 w_ev=0.901 m_ev=0.974 m_v_bias=6.4 m_adv_std=28.2709 m_kl_max=0.0108 m_ratio_max=0.463 w_ax@goal=+0.88 w_v@goal=19.33 return=979.4 length=79 success_rate=1.00 collisions/ep=0.63 (n=27)
Evaluation at update 35: return=1012.00, length=78.95, success_rate=1.00, collisions/ep=0.00
Solved-check at update 35: solved=True worst_gap=1.35 at p_x0=2.00 p_y0=1.00 (consecutive=1)
Solved criterion held for 2 consecutive evals (tolerance=5.0) at global_step=71680.
update=36 global_step=73728 SPS=504 w_ev=0.914 m_ev=0.974 m_v_bias=0.6 m_adv_std=28.3370 m_kl_max=0.0250 m_ratio_max=0.694 w_ax@goal=+0.88 w_v@goal=19.32 return=978.5 length=82 success_rate=1.00 collisions/ep=0.67 (n=24)
update=37 global_step=75776 SPS=509 w_ev=0.907 m_ev=0.961 m_v_bias=8.7 m_adv_std=35.2961 m_kl_max=0.0092 m_ratio_max=0.576 w_ax@goal=+0.89 w_v@goal=19.35 return=980.3 length=80 success_rate=1.00 collisions/ep=0.62 (n=26)
update=38 global_step=77824 SPS=515 w_ev=0.881 m_ev=0.973 m_v_bias=1.5 m_adv_std=28.5135 m_kl_max=0.0066 m_ratio_max=0.319 w_ax@goal=+0.76 w_v@goal=19.55 return=969.8 length=80 success_rate=1.00 collisions/ep=0.81 (n=27)
update=39 global_step=79872 SPS=520 w_ev=0.913 m_ev=0.986 m_v_bias=-8.1 m_adv_std=20.1747 m_kl_max=0.0035 m_ratio_max=0.294 w_ax@goal=+0.77 w_v@goal=19.37 return=994.2 length=82 success_rate=1.00 collisions/ep=0.33 (n=24)
update=40 global_step=81920 SPS=525 w_ev=0.889 m_ev=0.912 m_v_bias=16.9 m_adv_std=56.4489 m_kl_max=0.0130 m_ratio_max=0.446 w_ax@goal=+0.98 w_v@goal=19.36 return=938.9 length=79 success_rate=1.00 collisions/ep=1.48 (n=27)
Evaluation at update 40: return=1011.91, length=78.95, success_rate=1.00, collisions/ep=0.00
Solved-check at update 40: solved=False worst_gap=51.14 at p_x0=0.00 p_y0=0.00 (consecutive=2)
update=41 global_step=83968 SPS=502 w_ev=0.892 m_ev=0.970 m_v_bias=-10.8 m_adv_std=30.3772 m_kl_max=0.0140 m_ratio_max=0.620 w_ax@goal=+1.03 w_v@goal=19.44 return=974.9 length=78 success_rate=1.00 collisions/ep=0.72 (n=25)
update=42 global_step=86016 SPS=508 w_ev=0.896 m_ev=0.967 m_v_bias=-1.5 m_adv_std=32.3077 m_kl_max=0.0204 m_ratio_max=0.639 w_ax@goal=+0.84 w_v@goal=19.40 return=972.5 length=80 success_rate=1.00 collisions/ep=0.77 (n=26)
update=43 global_step=88064 SPS=513 w_ev=0.902 m_ev=0.983 m_v_bias=-6.0 m_adv_std=22.2722 m_kl_max=0.0105 m_ratio_max=0.424 w_ax@goal=+0.88 w_v@goal=19.42 return=973.9 length=81 success_rate=1.00 collisions/ep=0.75 (n=24)
update=44 global_step=90112 SPS=519 w_ev=0.899 m_ev=0.955 m_v_bias=7.0 m_adv_std=39.5448 m_kl_max=0.0174 m_ratio_max=0.938 w_ax@goal=+0.88 w_v@goal=19.48 return=957.4 length=80 success_rate=1.00 collisions/ep=1.11 (n=27)
update=45 global_step=92160 SPS=524 w_ev=0.902 m_ev=0.967 m_v_bias=-4.8 m_adv_std=33.4339 m_kl_max=0.0149 m_ratio_max=0.591 w_ax@goal=+0.86 w_v@goal=19.31 return=967.0 length=80 success_rate=1.00 collisions/ep=0.88 (n=26)
Evaluation at update 45: return=1006.93, length=78.95, success_rate=1.00, collisions/ep=0.10
Solved-check at update 45: solved=False worst_gap=101.46 at p_x0=0.00 p_y0=1.00 (consecutive=0)
update=46 global_step=94208 SPS=507 w_ev=0.871 m_ev=0.931 m_v_bias=7.1 m_adv_std=49.9478 m_kl_max=0.0142 m_ratio_max=0.620 w_ax@goal=+0.76 w_v@goal=19.45 return=955.3 length=81 success_rate=1.00 collisions/ep=1.16 (n=25)
update=47 global_step=96256 SPS=512 w_ev=0.907 m_ev=0.965 m_v_bias=-6.1 m_adv_std=32.6902 m_kl_max=0.0172 m_ratio_max=0.757 w_ax@goal=+0.75 w_v@goal=19.40 return=955.2 length=83 success_rate=1.00 collisions/ep=1.17 (n=24)
update=48 global_step=98304 SPS=517 w_ev=0.918 m_ev=0.964 m_v_bias=4.3 m_adv_std=34.2457 m_kl_max=0.0116 m_ratio_max=0.479 w_ax@goal=+1.00 w_v@goal=19.31 return=961.2 length=80 success_rate=1.00 collisions/ep=1.04 (n=25)
update=49 global_step=100352 SPS=520 w_ev=0.908 m_ev=0.975 m_v_bias=-5.1 m_adv_std=28.8769 m_kl_max=0.0114 m_ratio_max=0.613 w_ax@goal=+0.68 w_v@goal=19.35 return=970.0 length=81 success_rate=1.00 collisions/ep=0.81 (n=27)
update=50 global_step=102400 SPS=524 w_ev=0.865 m_ev=0.928 m_v_bias=6.8 m_adv_std=50.9150 m_kl_max=0.0079 m_ratio_max=0.464 w_ax@goal=+0.84 w_v@goal=19.29 return=960.9 length=80 success_rate=1.00 collisions/ep=1.00 (n=25)
Evaluation at update 50: return=1012.13, length=78.95, success_rate=1.00, collisions/ep=0.00
Solved-check at update 50: solved=True worst_gap=1.19 at p_x0=0.00 p_y0=1.00 (consecutive=0)
update=51 global_step=104448 SPS=506 w_ev=0.917 m_ev=0.974 m_v_bias=-12.3 m_adv_std=27.7150 m_kl_max=0.0139 m_ratio_max=0.478 w_ax@goal=+0.92 w_v@goal=19.27 return=977.8 length=81 success_rate=1.00 collisions/ep=0.68 (n=25)
update=52 global_step=106496 SPS=510 w_ev=0.905 m_ev=0.989 m_v_bias=-1.4 m_adv_std=18.2053 m_kl_max=0.0159 m_ratio_max=0.736 w_ax@goal=+0.93 w_v@goal=19.38 return=986.2 length=80 success_rate=1.00 collisions/ep=0.50 (n=26)
update=53 global_step=108544 SPS=514 w_ev=0.864 m_ev=0.960 m_v_bias=9.3 m_adv_std=36.2253 m_kl_max=0.0083 m_ratio_max=0.678 w_ax@goal=+0.99 w_v@goal=19.28 return=967.1 length=79 success_rate=1.00 collisions/ep=0.88 (n=26)
update=54 global_step=110592 SPS=517 w_ev=0.915 m_ev=0.988 m_v_bias=-9.4 m_adv_std=18.5490 m_kl_max=0.0260 m_ratio_max=0.780 w_ax@goal=+0.76 w_v@goal=19.52 return=986.4 length=80 success_rate=1.00 collisions/ep=0.50 (n=26)
update=55 global_step=112640 SPS=520 w_ev=0.918 m_ev=0.991 m_v_bias=-5.7 m_adv_std=16.5059 m_kl_max=0.0167 m_ratio_max=0.762 w_ax@goal=+0.93 w_v@goal=19.47 return=991.0 length=80 success_rate=1.00 collisions/ep=0.44 (n=27)
Evaluation at update 55: return=1012.31, length=78.50, success_rate=1.00, collisions/ep=0.00
Solved-check at update 55: solved=True worst_gap=0.99 at p_x0=0.50 p_y0=1.00 (consecutive=1)
update=56 global_step=114688 SPS=507 w_ev=0.920 m_ev=0.973 m_v_bias=0.5 m_adv_std=28.7315 m_kl_max=0.0082 m_ratio_max=0.560 w_ax@goal=+0.81 w_v@goal=19.33 return=981.2 length=79 success_rate=1.00 collisions/ep=0.65 (n=26)
update=57 global_step=116736 SPS=511 w_ev=0.908 m_ev=0.981 m_v_bias=1.8 m_adv_std=22.8621 m_kl_max=0.0114 m_ratio_max=0.688 w_ax@goal=+0.84 w_v@goal=19.50 return=982.2 length=78 success_rate=1.00 collisions/ep=0.58 (n=24)
update=58 global_step=118784 SPS=514 w_ev=0.889 m_ev=0.982 m_v_bias=-1.1 m_adv_std=21.9029 m_kl_max=0.0163 m_ratio_max=0.450 w_ax@goal=+0.67 w_v@goal=19.39 return=987.0 length=81 success_rate=1.00 collisions/ep=0.50 (n=24)
update=59 global_step=120832 SPS=518 w_ev=0.911 m_ev=0.968 m_v_bias=2.8 m_adv_std=31.9334 m_kl_max=0.0153 m_ratio_max=0.596 w_ax@goal=+0.74 w_v@goal=19.32 return=991.9 length=78 success_rate=1.00 collisions/ep=0.43 (n=28)
update=60 global_step=122880 SPS=521 w_ev=0.915 m_ev=0.979 m_v_bias=-1.3 m_adv_std=25.2642 m_kl_max=0.0087 m_ratio_max=0.365 w_ax@goal=+0.84 w_v@goal=19.30 return=982.0 length=80 success_rate=1.00 collisions/ep=0.59 (n=27)
Evaluation at update 60: return=1012.39, length=78.40, success_rate=1.00, collisions/ep=0.00
Solved-check at update 60: solved=True worst_gap=0.97 at p_x0=0.00 p_y0=1.00 (consecutive=2)
update=61 global_step=124928 SPS=510 w_ev=0.904 m_ev=0.994 m_v_bias=-6.1 m_adv_std=13.1264 m_kl_max=0.0164 m_ratio_max=0.408 w_ax@goal=+0.80 w_v@goal=19.17 return=1002.1 length=80 success_rate=1.00 collisions/ep=0.24 (n=25)
update=62 global_step=126976 SPS=512 w_ev=0.904 m_ev=0.977 m_v_bias=1.0 m_adv_std=25.6247 m_kl_max=0.0424 m_ratio_max=2.041 w_ax@goal=+0.99 w_v@goal=19.35 return=991.4 length=80 success_rate=1.00 collisions/ep=0.42 (n=24)
update=63 global_step=129024 SPS=515 w_ev=0.924 m_ev=0.952 m_v_bias=12.5 m_adv_std=40.5603 m_kl_max=0.0182 m_ratio_max=0.586 w_ax@goal=+0.95 w_v@goal=19.34 return=975.9 length=80 success_rate=1.00 collisions/ep=0.73 (n=26)
update=64 global_step=131072 SPS=518 w_ev=0.919 m_ev=0.978 m_v_bias=-4.0 m_adv_std=25.4513 m_kl_max=0.0138 m_ratio_max=0.574 w_ax@goal=+0.85 w_v@goal=19.48 return=978.7 length=79 success_rate=1.00 collisions/ep=0.67 (n=27)
update=65 global_step=133120 SPS=522 w_ev=0.913 m_ev=0.979 m_v_bias=1.3 m_adv_std=25.0515 m_kl_max=0.0147 m_ratio_max=0.605 w_ax@goal=+0.96 w_v@goal=19.41 return=987.5 length=80 success_rate=1.00 collisions/ep=0.58 (n=26)
Evaluation at update 65: return=1012.55, length=78.35, success_rate=1.00, collisions/ep=0.00
Solved-check at update 65: solved=True worst_gap=0.77 at p_x0=0.00 p_y0=1.00 (consecutive=3)
update=66 global_step=135168 SPS=512 w_ev=0.931 m_ev=0.993 m_v_bias=-9.2 m_adv_std=13.3379 m_kl_max=0.0195 m_ratio_max=0.584 w_ax@goal=+1.06 w_v@goal=19.48 return=1006.4 length=79 success_rate=1.00 collisions/ep=0.16 (n=25)
update=67 global_step=137216 SPS=515 w_ev=0.929 m_ev=0.989 m_v_bias=1.5 m_adv_std=17.5697 m_kl_max=0.0200 m_ratio_max=0.669 w_ax@goal=+1.09 w_v@goal=19.30 return=1004.7 length=79 success_rate=1.00 collisions/ep=0.20 (n=25)
update=68 global_step=139264 SPS=518 w_ev=0.915 m_ev=0.991 m_v_bias=0.4 m_adv_std=16.2692 m_kl_max=0.0218 m_ratio_max=0.633 w_ax@goal=+1.12 w_v@goal=19.34 return=990.4 length=79 success_rate=1.00 collisions/ep=0.48 (n=27)
update=69 global_step=141312 SPS=521 w_ev=0.899 m_ev=0.961 m_v_bias=4.8 m_adv_std=33.4983 m_kl_max=0.0153 m_ratio_max=0.458 w_ax@goal=+1.05 w_v@goal=19.28 return=992.0 length=79 success_rate=1.00 collisions/ep=0.48 (n=27)
update=70 global_step=143360 SPS=524 w_ev=0.931 m_ev=0.987 m_v_bias=0.5 m_adv_std=19.2000 m_kl_max=0.0124 m_ratio_max=0.443 w_ax@goal=+1.09 w_v@goal=19.30 return=990.2 length=78 success_rate=1.00 collisions/ep=0.48 (n=25)
Evaluation at update 70: return=1012.62, length=78.20, success_rate=1.00, collisions/ep=0.00
Solved-check at update 70: solved=True worst_gap=0.64 at p_x0=0.00 p_y0=1.00 (consecutive=4)
update=71 global_step=145408 SPS=513 w_ev=0.928 m_ev=0.988 m_v_bias=-4.1 m_adv_std=18.2211 m_kl_max=0.0061 m_ratio_max=0.442 w_ax@goal=+0.93 w_v@goal=19.62 return=987.8 length=80 success_rate=1.00 collisions/ep=0.50 (n=24)
update=72 global_step=147456 SPS=515 w_ev=0.917 m_ev=0.983 m_v_bias=-2.1 m_adv_std=22.2237 m_kl_max=0.0113 m_ratio_max=0.646 w_ax@goal=+0.83 w_v@goal=19.47 return=1008.8 length=80 success_rate=1.00 collisions/ep=0.08 (n=26)
update=73 global_step=149504 SPS=518 w_ev=0.917 m_ev=0.988 m_v_bias=-0.4 m_adv_std=18.8105 m_kl_max=0.0233 m_ratio_max=0.517 w_ax@goal=+0.88 w_v@goal=19.39 return=991.6 length=80 success_rate=1.00 collisions/ep=0.42 (n=26)
update=74 global_step=151552 SPS=521 w_ev=0.919 m_ev=0.990 m_v_bias=0.8 m_adv_std=17.0675 m_kl_max=0.0116 m_ratio_max=0.557 w_ax@goal=+0.94 w_v@goal=19.42 return=997.9 length=80 success_rate=1.00 collisions/ep=0.41 (n=27)
update=75 global_step=153600 SPS=524 w_ev=0.916 m_ev=0.980 m_v_bias=1.9 m_adv_std=24.1259 m_kl_max=0.0069 m_ratio_max=0.484 w_ax@goal=+0.86 w_v@goal=19.45 return=992.7 length=80 success_rate=1.00 collisions/ep=0.40 (n=25)
Evaluation at update 75: return=1012.70, length=78.15, success_rate=1.00, collisions/ep=0.00
Solved-check at update 75: solved=True worst_gap=0.56 at p_x0=0.00 p_y0=-1.00 (consecutive=5)
update=76 global_step=155648 SPS=513 w_ev=0.902 m_ev=0.997 m_v_bias=-6.4 m_adv_std=8.7239 m_kl_max=0.0182 m_ratio_max=0.687 w_ax@goal=+0.84 w_v@goal=19.36 return=1008.9 length=80 success_rate=1.00 collisions/ep=0.08 (n=26)
update=77 global_step=157696 SPS=516 w_ev=0.908 m_ev=0.973 m_v_bias=4.1 m_adv_std=28.2934 m_kl_max=0.0163 m_ratio_max=0.534 w_ax@goal=+0.83 w_v@goal=19.47 return=993.5 length=80 success_rate=1.00 collisions/ep=0.38 (n=26)
update=78 global_step=159744 SPS=518 w_ev=0.927 m_ev=0.995 m_v_bias=-2.5 m_adv_std=12.1948 m_kl_max=0.0157 m_ratio_max=0.540 w_ax@goal=+0.84 w_v@goal=19.64 return=1008.7 length=79 success_rate=1.00 collisions/ep=0.08 (n=26)
update=79 global_step=161792 SPS=521 w_ev=0.894 m_ev=0.963 m_v_bias=6.2 m_adv_std=33.1838 m_kl_max=0.0227 m_ratio_max=0.651 w_ax@goal=+0.81 w_v@goal=19.61 return=994.0 length=80 success_rate=1.00 collisions/ep=0.38 (n=24)
update=80 global_step=163840 SPS=524 w_ev=0.919 m_ev=0.991 m_v_bias=-5.1 m_adv_std=15.8975 m_kl_max=0.0172 m_ratio_max=0.594 w_ax@goal=+0.66 w_v@goal=19.68 return=998.1 length=79 success_rate=1.00 collisions/ep=0.33 (n=27)
Evaluation at update 80: return=1012.79, length=78.10, success_rate=1.00, collisions/ep=0.00
Solved-check at update 80: solved=True worst_gap=0.45 at p_x0=0.00 p_y0=-1.00 (consecutive=6)
update=81 global_step=165888 SPS=514 w_ev=0.906 m_ev=0.988 m_v_bias=-1.2 m_adv_std=18.0764 m_kl_max=0.0283 m_ratio_max=0.710 w_ax@goal=+0.87 w_v@goal=19.48 return=1006.4 length=78 success_rate=1.00 collisions/ep=0.12 (n=25)
update=82 global_step=167936 SPS=517 w_ev=0.915 m_ev=0.983 m_v_bias=6.9 m_adv_std=22.4226 m_kl_max=0.0145 m_ratio_max=0.530 w_ax@goal=+0.78 w_v@goal=19.54 return=989.5 length=78 success_rate=1.00 collisions/ep=0.50 (n=26)
update=83 global_step=169984 SPS=519 w_ev=0.935 m_ev=0.993 m_v_bias=-6.9 m_adv_std=14.5848 m_kl_max=0.0148 m_ratio_max=0.727 w_ax@goal=+0.74 w_v@goal=19.56 return=1007.4 length=80 success_rate=1.00 collisions/ep=0.14 (n=28)
update=84 global_step=172032 SPS=522 w_ev=0.939 m_ev=0.991 m_v_bias=0.3 m_adv_std=16.2201 m_kl_max=0.0170 m_ratio_max=0.590 w_ax@goal=+0.82 w_v@goal=19.56 return=996.7 length=79 success_rate=1.00 collisions/ep=0.32 (n=25)
update=85 global_step=174080 SPS=524 w_ev=0.939 m_ev=0.991 m_v_bias=-1.1 m_adv_std=15.8082 m_kl_max=0.0081 m_ratio_max=0.730 w_ax@goal=+0.84 w_v@goal=19.70 return=1001.0 length=78 success_rate=1.00 collisions/ep=0.23 (n=26)
Evaluation at update 85: return=1012.85, length=78.05, success_rate=1.00, collisions/ep=0.00
Solved-check at update 85: solved=True worst_gap=0.38 at p_x0=0.00 p_y0=1.00 (consecutive=7)
update=86 global_step=176128 SPS=515 w_ev=0.921 m_ev=0.993 m_v_bias=-1.0 m_adv_std=13.3508 m_kl_max=0.0119 m_ratio_max=0.664 w_ax@goal=+0.85 w_v@goal=19.69 return=1004.4 length=77 success_rate=1.00 collisions/ep=0.16 (n=25)
update=87 global_step=178176 SPS=517 w_ev=0.901 m_ev=0.995 m_v_bias=2.0 m_adv_std=12.0088 m_kl_max=0.0220 m_ratio_max=1.077 w_ax@goal=+0.74 w_v@goal=19.50 return=1010.7 length=79 success_rate=1.00 collisions/ep=0.04 (n=26)
update=88 global_step=180224 SPS=519 w_ev=0.919 m_ev=0.988 m_v_bias=0.4 m_adv_std=18.5119 m_kl_max=0.0080 m_ratio_max=0.463 w_ax@goal=+0.62 w_v@goal=19.40 return=998.0 length=78 success_rate=1.00 collisions/ep=0.29 (n=28)
update=89 global_step=182272 SPS=521 w_ev=0.903 m_ev=0.983 m_v_bias=-0.3 m_adv_std=22.0818 m_kl_max=0.0089 m_ratio_max=0.445 w_ax@goal=+0.66 w_v@goal=19.23 return=992.7 length=80 success_rate=1.00 collisions/ep=0.40 (n=25)
update=90 global_step=184320 SPS=523 w_ev=0.921 m_ev=0.993 m_v_bias=-1.3 m_adv_std=14.2514 m_kl_max=0.0129 m_ratio_max=0.478 w_ax@goal=+0.55 w_v@goal=19.37 return=1002.6 length=79 success_rate=1.00 collisions/ep=0.20 (n=25)
Evaluation at update 90: return=1012.85, length=78.05, success_rate=1.00, collisions/ep=0.00
Solved-check at update 90: solved=True worst_gap=0.39 at p_x0=0.00 p_y0=-1.00 (consecutive=8)
update=91 global_step=186368 SPS=515 w_ev=0.775 m_ev=0.526 m_v_bias=30.7 m_adv_std=130.0938 m_kl_max=0.0151 m_ratio_max=0.882 w_ax@goal=+0.38 w_v@goal=19.50 return=985.1 length=81 success_rate=1.00 collisions/ep=0.46 (n=26)
update=92 global_step=188416 SPS=517 w_ev=0.900 m_ev=0.923 m_v_bias=-10.4 m_adv_std=46.6670 m_kl_max=0.0121 m_ratio_max=0.531 w_ax@goal=+0.80 w_v@goal=18.95 return=993.3 length=79 success_rate=1.00 collisions/ep=0.38 (n=26)
update=93 global_step=190464 SPS=519 w_ev=0.916 m_ev=0.984 m_v_bias=-7.9 m_adv_std=20.2664 m_kl_max=0.0135 m_ratio_max=1.015 w_ax@goal=+0.66 w_v@goal=19.34 return=1002.6 length=77 success_rate=1.00 collisions/ep=0.19 (n=26)
update=94 global_step=192512 SPS=522 w_ev=0.920 m_ev=0.993 m_v_bias=-3.3 m_adv_std=14.1613 m_kl_max=0.0171 m_ratio_max=0.884 w_ax@goal=+0.84 w_v@goal=19.40 return=1005.2 length=79 success_rate=1.00 collisions/ep=0.15 (n=26)
update=95 global_step=194560 SPS=524 w_ev=0.914 m_ev=0.974 m_v_bias=3.6 m_adv_std=27.5569 m_kl_max=0.0140 m_ratio_max=0.551 w_ax@goal=+0.88 w_v@goal=19.43 return=994.8 length=79 success_rate=1.00 collisions/ep=0.36 (n=25)
Evaluation at update 95: return=1012.85, length=78.05, success_rate=1.00, collisions/ep=0.00
Solved-check at update 95: solved=True worst_gap=0.39 at p_x0=0.00 p_y0=1.00 (consecutive=9)
update=96 global_step=196608 SPS=515 w_ev=0.916 m_ev=0.983 m_v_bias=-0.9 m_adv_std=22.6706 m_kl_max=0.0194 m_ratio_max=0.767 w_ax@goal=+0.94 w_v@goal=19.53 return=989.0 length=80 success_rate=1.00 collisions/ep=0.48 (n=27)
update=97 global_step=198656 SPS=517 w_ev=0.903 m_ev=0.972 m_v_bias=1.1 m_adv_std=29.4615 m_kl_max=0.0374 m_ratio_max=1.076 w_ax@goal=+0.91 w_v@goal=19.42 return=992.0 length=80 success_rate=1.00 collisions/ep=0.42 (n=26)
update=98 global_step=200704 SPS=519 w_ev=0.898 m_ev=0.984 m_v_bias=0.6 m_adv_std=21.6062 m_kl_max=0.0228 m_ratio_max=1.338 w_ax@goal=+1.00 w_v@goal=19.40 return=995.3 length=78 success_rate=1.00 collisions/ep=0.35 (n=26)
update=99 global_step=202752 SPS=522 w_ev=0.909 m_ev=0.970 m_v_bias=2.5 m_adv_std=28.6194 m_kl_max=0.0117 m_ratio_max=0.866 w_ax@goal=+0.90 w_v@goal=19.43 return=994.1 length=78 success_rate=1.00 collisions/ep=0.38 (n=24)
update=100 global_step=204800 SPS=523 w_ev=0.878 m_ev=0.940 m_v_bias=4.7 m_adv_std=43.7561 m_kl_max=0.0149 m_ratio_max=0.498 w_ax@goal=+0.86 w_v@goal=19.40 return=975.1 length=78 success_rate=1.00 collisions/ep=0.75 (n=28)
Evaluation at update 100: return=1012.83, length=78.05, success_rate=1.00, collisions/ep=0.00
Solved-check at update 100: solved=True worst_gap=0.42 at p_x0=0.00 p_y0=1.00 (consecutive=10)
Saved checkpoints to C:\Users\loren\Desktop\MASTER THESIS\5_CODE\scenarios\slalom\studies\init_sampler_hppo_rep\hppo_uniform\runs\hppo_slalom_31_1791042797
