Using device: cpu
Solved-check: precomputed optimal returns for 25 fixed initial conditions (mean=1013.0, min=1011.0, max=1015.0); solved-tolerance=5.0
num_envs=8 num_steps_per_env=256 worker_batch_size=2048 worker_minibatch_size=256 num_updates=100 timesteps=204800
update=1 global_step=2048 SPS=572 w_ev=0.017 m_ev=0.000 m_v_bias=83.8 m_adv_std=221.2843 m_kl_max=0.0010 m_ratio_max=0.183 w_ax@goal=+0.27 w_v@goal=0.23 return=-261.6 length=180 success_rate=0.25 collisions/ep=7.12 (n=8)
update=2 global_step=4096 SPS=675 w_ev=0.342 m_ev=0.460 m_v_bias=-2.6 m_adv_std=196.6325 m_kl_max=0.0033 m_ratio_max=0.368 w_ax@goal=+0.21 w_v@goal=1.75 return=-206.3 length=180 success_rate=0.30 collisions/ep=6.90 (n=10)
update=3 global_step=6144 SPS=757 w_ev=0.642 m_ev=0.716 m_v_bias=-84.0 m_adv_std=190.4839 m_kl_max=0.0046 m_ratio_max=0.578 w_ax@goal=+0.07 w_v@goal=5.53 return=178.4 length=153 success_rate=0.64 collisions/ep=7.43 (n=14)
update=4 global_step=8192 SPS=681 w_ev=0.894 m_ev=0.688 m_v_bias=-75.7 m_adv_std=164.8167 m_kl_max=0.0040 m_ratio_max=0.323 w_ax@goal=+0.01 w_v@goal=11.65 return=48.4 length=167 success_rate=0.45 collisions/ep=6.09 (n=11)
update=5 global_step=10240 SPS=631 w_ev=0.930 m_ev=0.846 m_v_bias=-76.0 m_adv_std=118.9358 m_kl_max=0.0190 m_ratio_max=0.594 w_ax@goal=+0.39 w_v@goal=13.71 return=628.6 length=133 success_rate=0.88 collisions/ep=4.12 (n=17)
Evaluation at update 5: return=493.58, length=91.15, success_rate=1.00, collisions/ep=10.15
Solved-check at update 5: solved=False worst_gap=712.82 at p_x0=0.50 p_y0=-1.00 (consecutive=0)
update=6 global_step=12288 SPS=396 w_ev=0.960 m_ev=0.821 m_v_bias=-47.3 m_adv_std=112.3879 m_kl_max=0.0062 m_ratio_max=0.526 w_ax@goal=+0.49 w_v@goal=17.36 return=630.1 length=122 success_rate=0.90 collisions/ep=4.80 (n=20)
update=7 global_step=14336 SPS=430 w_ev=0.963 m_ev=0.879 m_v_bias=-36.9 m_adv_std=87.2532 m_kl_max=0.0046 m_ratio_max=0.300 w_ax@goal=+0.52 w_v@goal=19.18 return=813.2 length=98 success_rate=1.00 collisions/ep=3.65 (n=20)
update=8 global_step=16384 SPS=462 w_ev=0.963 m_ev=0.903 m_v_bias=-3.0 m_adv_std=74.0905 m_kl_max=0.0088 m_ratio_max=0.397 w_ax@goal=+0.51 w_v@goal=19.02 return=777.9 length=97 success_rate=1.00 collisions/ep=4.41 (n=22)
update=9 global_step=18432 SPS=488 w_ev=0.951 m_ev=0.905 m_v_bias=-2.8 m_adv_std=73.6035 m_kl_max=0.0063 m_ratio_max=0.347 w_ax@goal=+0.46 w_v@goal=19.16 return=775.4 length=90 success_rate=1.00 collisions/ep=4.57 (n=23)
update=10 global_step=20480 SPS=494 w_ev=0.958 m_ev=0.899 m_v_bias=-12.0 m_adv_std=71.1441 m_kl_max=0.0071 m_ratio_max=0.547 w_ax@goal=+0.66 w_v@goal=19.37 return=845.2 length=88 success_rate=1.00 collisions/ep=3.17 (n=23)
Evaluation at update 10: return=944.24, length=83.00, success_rate=1.00, collisions/ep=1.30
Solved-check at update 10: solved=False worst_gap=205.27 at p_x0=2.00 p_y0=1.00 (consecutive=0)
update=11 global_step=22528 SPS=367 w_ev=0.948 m_ev=0.898 m_v_bias=-8.8 m_adv_std=72.0679 m_kl_max=0.0038 m_ratio_max=0.461 w_ax@goal=+0.73 w_v@goal=19.44 return=832.8 length=89 success_rate=1.00 collisions/ep=3.42 (n=24)
update=12 global_step=24576 SPS=371 w_ev=0.947 m_ev=0.913 m_v_bias=-0.8 m_adv_std=66.7744 m_kl_max=0.0050 m_ratio_max=0.650 w_ax@goal=+0.81 w_v@goal=19.24 return=853.2 length=86 success_rate=1.00 collisions/ep=3.08 (n=24)
update=13 global_step=26624 SPS=375 w_ev=0.942 m_ev=0.918 m_v_bias=1.8 m_adv_std=63.1209 m_kl_max=0.0060 m_ratio_max=0.433 w_ax@goal=+0.91 w_v@goal=19.39 return=856.5 length=86 success_rate=1.00 collisions/ep=3.00 (n=24)
update=14 global_step=28672 SPS=378 w_ev=0.942 m_ev=0.922 m_v_bias=-4.0 m_adv_std=57.9405 m_kl_max=0.0099 m_ratio_max=0.579 w_ax@goal=+0.85 w_v@goal=19.57 return=857.6 length=84 success_rate=1.00 collisions/ep=3.00 (n=24)
update=15 global_step=30720 SPS=381 w_ev=0.962 m_ev=0.941 m_v_bias=-24.0 m_adv_std=47.1552 m_kl_max=0.0008 m_ratio_max=0.150 w_ax@goal=+0.81 w_v@goal=19.23 return=926.0 length=83 success_rate=1.00 collisions/ep=1.62 (n=24)
Evaluation at update 15: return=1005.60, length=81.65, success_rate=1.00, collisions/ep=0.10
Solved-check at update 15: solved=False worst_gap=103.04 at p_x0=2.00 p_y0=1.00 (consecutive=0)
update=16 global_step=32768 SPS=327 w_ev=0.935 m_ev=0.909 m_v_bias=6.8 m_adv_std=60.2401 m_kl_max=0.0024 m_ratio_max=0.211 w_ax@goal=+0.76 w_v@goal=19.31 return=896.1 length=84 success_rate=1.00 collisions/ep=2.25 (n=24)
update=17 global_step=34816 SPS=332 w_ev=0.935 m_ev=0.889 m_v_bias=-6.7 m_adv_std=68.0482 m_kl_max=0.0079 m_ratio_max=0.522 w_ax@goal=+1.00 w_v@goal=19.26 return=909.3 length=84 success_rate=1.00 collisions/ep=2.00 (n=26)
update=18 global_step=36864 SPS=336 w_ev=0.940 m_ev=0.948 m_v_bias=-15.2 m_adv_std=40.9068 m_kl_max=0.0073 m_ratio_max=0.497 w_ax@goal=+0.96 w_v@goal=19.08 return=946.6 length=82 success_rate=1.00 collisions/ep=1.25 (n=24)
update=19 global_step=38912 SPS=340 w_ev=0.940 m_ev=0.932 m_v_bias=3.1 m_adv_std=50.1790 m_kl_max=0.0201 m_ratio_max=0.706 w_ax@goal=+1.08 w_v@goal=19.15 return=936.1 length=82 success_rate=1.00 collisions/ep=1.54 (n=26)
update=20 global_step=40960 SPS=344 w_ev=0.940 m_ev=0.971 m_v_bias=-22.9 m_adv_std=28.4268 m_kl_max=0.0118 m_ratio_max=0.422 w_ax@goal=+1.09 w_v@goal=19.16 return=995.0 length=82 success_rate=1.00 collisions/ep=0.29 (n=24)
Evaluation at update 20: return=1011.22, length=81.05, success_rate=1.00, collisions/ep=0.00
Solved-check at update 20: solved=True worst_gap=2.60 at p_x0=2.00 p_y0=1.00 (consecutive=0)
update=21 global_step=43008 SPS=310 w_ev=0.943 m_ev=0.964 m_v_bias=6.9 m_adv_std=34.6406 m_kl_max=0.0079 m_ratio_max=0.405 w_ax@goal=+1.03 w_v@goal=19.16 return=963.4 length=83 success_rate=1.00 collisions/ep=0.96 (n=24)
update=22 global_step=45056 SPS=314 w_ev=0.945 m_ev=0.967 m_v_bias=-0.6 m_adv_std=32.7593 m_kl_max=0.0082 m_ratio_max=0.570 w_ax@goal=+1.07 w_v@goal=19.28 return=971.4 length=81 success_rate=1.00 collisions/ep=0.78 (n=27)
update=23 global_step=47104 SPS=318 w_ev=0.953 m_ev=0.953 m_v_bias=4.3 m_adv_std=37.9983 m_kl_max=0.0118 m_ratio_max=0.614 w_ax@goal=+1.04 w_v@goal=19.32 return=966.4 length=80 success_rate=1.00 collisions/ep=0.88 (n=24)
update=24 global_step=49152 SPS=321 w_ev=0.955 m_ev=0.984 m_v_bias=-9.0 m_adv_std=22.0389 m_kl_max=0.0026 m_ratio_max=0.242 w_ax@goal=+1.05 w_v@goal=19.44 return=984.2 length=83 success_rate=1.00 collisions/ep=0.56 (n=25)
update=25 global_step=51200 SPS=324 w_ev=0.936 m_ev=0.952 m_v_bias=8.4 m_adv_std=39.6480 m_kl_max=0.0052 m_ratio_max=0.361 w_ax@goal=+1.04 w_v@goal=19.43 return=973.6 length=79 success_rate=1.00 collisions/ep=0.74 (n=27)
Evaluation at update 25: return=1001.82, length=80.45, success_rate=1.00, collisions/ep=0.20
Solved-check at update 25: solved=False worst_gap=151.62 at p_x0=0.00 p_y0=1.00 (consecutive=1)
update=26 global_step=53248 SPS=300 w_ev=0.936 m_ev=0.954 m_v_bias=-1.9 m_adv_std=39.0137 m_kl_max=0.0022 m_ratio_max=0.283 w_ax@goal=+1.09 w_v@goal=19.23 return=965.3 length=81 success_rate=1.00 collisions/ep=0.92 (n=25)
update=27 global_step=55296 SPS=303 w_ev=0.947 m_ev=0.975 m_v_bias=-9.2 m_adv_std=27.6137 m_kl_max=0.0050 m_ratio_max=0.601 w_ax@goal=+1.24 w_v@goal=19.36 return=981.3 length=81 success_rate=1.00 collisions/ep=0.60 (n=25)
update=28 global_step=57344 SPS=306 w_ev=0.933 m_ev=0.966 m_v_bias=3.1 m_adv_std=31.6836 m_kl_max=0.0078 m_ratio_max=0.443 w_ax@goal=+1.17 w_v@goal=19.46 return=985.6 length=80 success_rate=1.00 collisions/ep=0.50 (n=26)
update=29 global_step=59392 SPS=311 w_ev=0.939 m_ev=0.984 m_v_bias=-0.7 m_adv_std=21.2428 m_kl_max=0.0086 m_ratio_max=0.530 w_ax@goal=+1.14 w_v@goal=19.37 return=986.2 length=81 success_rate=1.00 collisions/ep=0.54 (n=24)
update=30 global_step=61440 SPS=320 w_ev=0.928 m_ev=0.980 m_v_bias=1.7 m_adv_std=24.5587 m_kl_max=0.0133 m_ratio_max=0.477 w_ax@goal=+1.21 w_v@goal=19.24 return=994.4 length=79 success_rate=1.00 collisions/ep=0.37 (n=27)
Evaluation at update 30: return=1009.43, length=80.35, success_rate=1.00, collisions/ep=0.05
Solved-check at update 30: solved=False worst_gap=51.50 at p_x0=0.00 p_y0=1.00 (consecutive=0)
update=31 global_step=63488 SPS=308 w_ev=0.928 m_ev=0.947 m_v_bias=14.0 m_adv_std=41.8016 m_kl_max=0.0151 m_ratio_max=0.597 w_ax@goal=+1.37 w_v@goal=19.29 return=963.1 length=80 success_rate=1.00 collisions/ep=1.00 (n=27)
update=32 global_step=65536 SPS=310 w_ev=0.938 m_ev=0.977 m_v_bias=-6.0 m_adv_std=24.8430 m_kl_max=0.0182 m_ratio_max=0.967 w_ax@goal=+1.28 w_v@goal=19.39 return=969.8 length=80 success_rate=1.00 collisions/ep=1.00 (n=24)
update=33 global_step=67584 SPS=314 w_ev=0.945 m_ev=0.973 m_v_bias=-6.2 m_adv_std=28.6374 m_kl_max=0.0083 m_ratio_max=0.377 w_ax@goal=+1.19 w_v@goal=19.28 return=989.4 length=81 success_rate=1.00 collisions/ep=0.48 (n=25)
update=34 global_step=69632 SPS=319 w_ev=0.941 m_ev=0.984 m_v_bias=-3.9 m_adv_std=21.6462 m_kl_max=0.0145 m_ratio_max=0.515 w_ax@goal=+1.23 w_v@goal=19.20 return=986.5 length=80 success_rate=1.00 collisions/ep=0.50 (n=26)
update=35 global_step=71680 SPS=323 w_ev=0.934 m_ev=0.983 m_v_bias=1.7 m_adv_std=22.4250 m_kl_max=0.0057 m_ratio_max=0.320 w_ax@goal=+1.31 w_v@goal=19.31 return=984.3 length=80 success_rate=1.00 collisions/ep=0.54 (n=26)
Evaluation at update 35: return=1012.10, length=80.20, success_rate=1.00, collisions/ep=0.00
Solved-check at update 35: solved=True worst_gap=1.45 at p_x0=0.00 p_y0=1.00 (consecutive=0)
update=36 global_step=73728 SPS=311 w_ev=0.944 m_ev=0.963 m_v_bias=6.4 m_adv_std=33.8987 m_kl_max=0.0161 m_ratio_max=0.629 w_ax@goal=+1.27 w_v@goal=19.23 return=973.3 length=81 success_rate=1.00 collisions/ep=0.80 (n=25)
update=37 global_step=75776 SPS=318 w_ev=0.934 m_ev=0.981 m_v_bias=-4.5 m_adv_std=22.9335 m_kl_max=0.0135 m_ratio_max=0.410 w_ax@goal=+1.18 w_v@goal=19.18 return=993.1 length=81 success_rate=1.00 collisions/ep=0.40 (n=25)
update=38 global_step=77824 SPS=324 w_ev=0.929 m_ev=0.991 m_v_bias=-8.5 m_adv_std=15.4208 m_kl_max=0.0017 m_ratio_max=0.215 w_ax@goal=+1.20 w_v@goal=19.27 return=991.0 length=78 success_rate=1.00 collisions/ep=0.40 (n=25)
update=39 global_step=79872 SPS=331 w_ev=0.932 m_ev=0.958 m_v_bias=3.9 m_adv_std=36.6021 m_kl_max=0.0084 m_ratio_max=0.569 w_ax@goal=+1.21 w_v@goal=19.25 return=988.9 length=79 success_rate=1.00 collisions/ep=0.45 (n=29)
update=40 global_step=81920 SPS=337 w_ev=0.951 m_ev=0.991 m_v_bias=-8.3 m_adv_std=16.0757 m_kl_max=0.0072 m_ratio_max=0.481 w_ax@goal=+1.28 w_v@goal=19.42 return=1001.4 length=78 success_rate=1.00 collisions/ep=0.20 (n=25)
Evaluation at update 40: return=1012.24, length=80.10, success_rate=1.00, collisions/ep=0.00
Solved-check at update 40: solved=True worst_gap=1.30 at p_x0=0.00 p_y0=1.00 (consecutive=1)
Solved criterion held for 2 consecutive evals (tolerance=5.0) at global_step=81920.
update=41 global_step=83968 SPS=326 w_ev=0.932 m_ev=0.979 m_v_bias=7.3 m_adv_std=24.2778 m_kl_max=0.0038 m_ratio_max=0.419 w_ax@goal=+1.41 w_v@goal=19.35 return=982.7 length=82 success_rate=1.00 collisions/ep=0.58 (n=24)
update=42 global_step=86016 SPS=328 w_ev=0.947 m_ev=0.984 m_v_bias=-3.2 m_adv_std=22.0894 m_kl_max=0.0201 m_ratio_max=0.648 w_ax@goal=+1.36 w_v@goal=19.42 return=993.1 length=80 success_rate=1.00 collisions/ep=0.37 (n=27)
update=43 global_step=88064 SPS=330 w_ev=0.936 m_ev=0.988 m_v_bias=0.2 m_adv_std=18.1724 m_kl_max=0.0146 m_ratio_max=0.440 w_ax@goal=+1.36 w_v@goal=19.42 return=991.0 length=81 success_rate=1.00 collisions/ep=0.50 (n=24)
update=44 global_step=90112 SPS=332 w_ev=0.939 m_ev=0.987 m_v_bias=-0.3 m_adv_std=19.1414 m_kl_max=0.0189 m_ratio_max=0.843 w_ax@goal=+1.38 w_v@goal=19.29 return=993.4 length=79 success_rate=1.00 collisions/ep=0.40 (n=25)
update=45 global_step=92160 SPS=335 w_ev=0.941 m_ev=0.964 m_v_bias=5.4 m_adv_std=33.9640 m_kl_max=0.0035 m_ratio_max=0.264 w_ax@goal=+1.42 w_v@goal=19.14 return=980.2 length=79 success_rate=1.00 collisions/ep=0.63 (n=27)
Evaluation at update 45: return=1012.46, length=79.85, success_rate=1.00, collisions/ep=0.00
Solved-check at update 45: solved=True worst_gap=1.05 at p_x0=0.00 p_y0=1.00 (consecutive=2)
update=46 global_step=94208 SPS=326 w_ev=0.947 m_ev=0.983 m_v_bias=-8.1 m_adv_std=22.4299 m_kl_max=0.0210 m_ratio_max=0.477 w_ax@goal=+1.23 w_v@goal=19.44 return=996.3 length=81 success_rate=1.00 collisions/ep=0.31 (n=26)
update=47 global_step=96256 SPS=330 w_ev=0.938 m_ev=0.985 m_v_bias=3.1 m_adv_std=21.1742 m_kl_max=0.0050 m_ratio_max=0.363 w_ax@goal=+1.23 w_v@goal=19.39 return=993.3 length=80 success_rate=1.00 collisions/ep=0.40 (n=25)
update=48 global_step=98304 SPS=335 w_ev=0.933 m_ev=0.984 m_v_bias=-0.1 m_adv_std=21.5923 m_kl_max=0.0143 m_ratio_max=0.531 w_ax@goal=+1.35 w_v@goal=19.14 return=989.2 length=81 success_rate=1.00 collisions/ep=0.50 (n=26)
update=49 global_step=100352 SPS=340 w_ev=0.946 m_ev=0.997 m_v_bias=-5.6 m_adv_std=9.3893 m_kl_max=0.0066 m_ratio_max=0.409 w_ax@goal=+1.43 w_v@goal=19.13 return=1007.6 length=80 success_rate=1.00 collisions/ep=0.08 (n=25)
update=50 global_step=102400 SPS=344 w_ev=0.947 m_ev=0.971 m_v_bias=10.0 m_adv_std=28.8304 m_kl_max=0.0120 m_ratio_max=0.448 w_ax@goal=+1.32 w_v@goal=19.41 return=986.5 length=82 success_rate=1.00 collisions/ep=0.58 (n=26)
Evaluation at update 50: return=1012.59, length=79.65, success_rate=1.00, collisions/ep=0.00
Solved-check at update 50: solved=True worst_gap=1.16 at p_x0=2.00 p_y0=1.00 (consecutive=3)
update=51 global_step=104448 SPS=341 w_ev=0.954 m_ev=0.993 m_v_bias=-4.9 m_adv_std=14.3492 m_kl_max=0.0180 m_ratio_max=0.543 w_ax@goal=+1.31 w_v@goal=19.31 return=1003.1 length=79 success_rate=1.00 collisions/ep=0.20 (n=25)
update=52 global_step=106496 SPS=345 w_ev=0.962 m_ev=0.989 m_v_bias=0.6 m_adv_std=17.8950 m_kl_max=0.0050 m_ratio_max=0.474 w_ax@goal=+1.13 w_v@goal=19.40 return=994.3 length=79 success_rate=1.00 collisions/ep=0.35 (n=26)
update=53 global_step=108544 SPS=349 w_ev=0.950 m_ev=0.992 m_v_bias=-0.0 m_adv_std=14.9800 m_kl_max=0.0075 m_ratio_max=0.714 w_ax@goal=+1.30 w_v@goal=19.60 return=994.6 length=80 success_rate=1.00 collisions/ep=0.38 (n=26)
update=54 global_step=110592 SPS=354 w_ev=0.951 m_ev=0.987 m_v_bias=3.1 m_adv_std=18.9394 m_kl_max=0.0074 m_ratio_max=0.359 w_ax@goal=+1.28 w_v@goal=19.41 return=992.5 length=80 success_rate=1.00 collisions/ep=0.42 (n=26)
update=55 global_step=112640 SPS=358 w_ev=0.958 m_ev=0.990 m_v_bias=-3.1 m_adv_std=17.1237 m_kl_max=0.0242 m_ratio_max=1.385 w_ax@goal=+1.48 w_v@goal=19.44 return=998.1 length=79 success_rate=1.00 collisions/ep=0.28 (n=25)
Evaluation at update 55: return=1012.81, length=79.60, success_rate=1.00, collisions/ep=0.00
Solved-check at update 55: solved=True worst_gap=0.99 at p_x0=2.00 p_y0=1.00 (consecutive=4)
update=56 global_step=114688 SPS=354 w_ev=0.936 m_ev=0.985 m_v_bias=3.9 m_adv_std=21.7057 m_kl_max=0.0211 m_ratio_max=0.562 w_ax@goal=+1.49 w_v@goal=19.42 return=991.8 length=81 success_rate=1.00 collisions/ep=0.40 (n=25)
update=57 global_step=116736 SPS=358 w_ev=0.947 m_ev=0.995 m_v_bias=-7.6 m_adv_std=12.2115 m_kl_max=0.0089 m_ratio_max=0.390 w_ax@goal=+1.25 w_v@goal=19.48 return=1006.1 length=80 success_rate=1.00 collisions/ep=0.12 (n=25)
update=58 global_step=118784 SPS=361 w_ev=0.949 m_ev=0.991 m_v_bias=2.0 m_adv_std=16.2336 m_kl_max=0.0103 m_ratio_max=0.576 w_ax@goal=+1.36 w_v@goal=19.12 return=1000.6 length=78 success_rate=1.00 collisions/ep=0.26 (n=27)
update=59 global_step=120832 SPS=365 w_ev=0.943 m_ev=0.991 m_v_bias=-2.7 m_adv_std=16.2444 m_kl_max=0.0087 m_ratio_max=0.432 w_ax@goal=+1.29 w_v@goal=19.31 return=1000.9 length=81 success_rate=1.00 collisions/ep=0.22 (n=27)
update=60 global_step=122880 SPS=369 w_ev=0.935 m_ev=0.978 m_v_bias=6.1 m_adv_std=24.7363 m_kl_max=0.0090 m_ratio_max=0.527 w_ax@goal=+1.38 w_v@goal=19.26 return=993.5 length=79 success_rate=1.00 collisions/ep=0.44 (n=25)
Evaluation at update 60: return=1012.85, length=79.45, success_rate=1.00, collisions/ep=0.00
Solved-check at update 60: solved=True worst_gap=0.90 at p_x0=1.50 p_y0=1.00 (consecutive=5)
update=61 global_step=124928 SPS=362 w_ev=0.952 m_ev=0.988 m_v_bias=-0.0 m_adv_std=17.7442 m_kl_max=0.0255 m_ratio_max=1.229 w_ax@goal=+1.33 w_v@goal=19.18 return=992.1 length=78 success_rate=1.00 collisions/ep=0.58 (n=26)
update=62 global_step=126976 SPS=364 w_ev=0.953 m_ev=0.997 m_v_bias=-4.2 m_adv_std=9.6555 m_kl_max=0.0135 m_ratio_max=0.469 w_ax@goal=+1.14 w_v@goal=19.20 return=1008.5 length=81 success_rate=1.00 collisions/ep=0.08 (n=26)
update=63 global_step=129024 SPS=366 w_ev=0.958 m_ev=0.997 m_v_bias=-3.2 m_adv_std=9.2505 m_kl_max=0.0162 m_ratio_max=0.675 w_ax@goal=+1.31 w_v@goal=19.36 return=1006.0 length=78 success_rate=1.00 collisions/ep=0.12 (n=26)
update=64 global_step=131072 SPS=368 w_ev=0.948 m_ev=0.989 m_v_bias=2.2 m_adv_std=17.8536 m_kl_max=0.0098 m_ratio_max=0.429 w_ax@goal=+1.42 w_v@goal=19.37 return=1000.6 length=79 success_rate=1.00 collisions/ep=0.32 (n=25)
update=65 global_step=133120 SPS=369 w_ev=0.933 m_ev=0.989 m_v_bias=-3.1 m_adv_std=17.3712 m_kl_max=0.0105 m_ratio_max=0.485 w_ax@goal=+1.25 w_v@goal=19.24 return=1008.5 length=80 success_rate=1.00 collisions/ep=0.12 (n=26)
Evaluation at update 65: return=1012.86, length=79.45, success_rate=1.00, collisions/ep=0.00
Solved-check at update 65: solved=True worst_gap=0.75 at p_x0=0.00 p_y0=1.00 (consecutive=6)
update=66 global_step=135168 SPS=363 w_ev=0.923 m_ev=0.979 m_v_bias=7.7 m_adv_std=23.9175 m_kl_max=0.0220 m_ratio_max=1.156 w_ax@goal=+1.39 w_v@goal=19.27 return=985.4 length=80 success_rate=1.00 collisions/ep=0.85 (n=26)
update=67 global_step=137216 SPS=365 w_ev=0.940 m_ev=0.997 m_v_bias=-8.2 m_adv_std=9.9265 m_kl_max=0.0165 m_ratio_max=0.583 w_ax@goal=+1.29 w_v@goal=19.18 return=1006.5 length=78 success_rate=1.00 collisions/ep=0.19 (n=27)
update=68 global_step=139264 SPS=367 w_ev=0.944 m_ev=0.989 m_v_bias=2.7 m_adv_std=17.3344 m_kl_max=0.0178 m_ratio_max=0.631 w_ax@goal=+1.39 w_v@goal=19.30 return=1000.2 length=78 success_rate=1.00 collisions/ep=0.32 (n=25)
update=69 global_step=141312 SPS=369 w_ev=0.950 m_ev=0.998 m_v_bias=-5.9 m_adv_std=7.4378 m_kl_max=0.0088 m_ratio_max=0.581 w_ax@goal=+1.14 w_v@goal=19.28 return=1010.3 length=81 success_rate=1.00 collisions/ep=0.04 (n=25)
update=70 global_step=143360 SPS=371 w_ev=0.950 m_ev=0.987 m_v_bias=1.8 m_adv_std=19.3615 m_kl_max=0.0182 m_ratio_max=0.539 w_ax@goal=+1.18 w_v@goal=19.10 return=1010.7 length=82 success_rate=1.00 collisions/ep=0.12 (n=24)
Evaluation at update 70: return=1012.87, length=79.40, success_rate=1.00, collisions/ep=0.00
Solved-check at update 70: solved=True worst_gap=0.71 at p_x0=0.00 p_y0=1.00 (consecutive=7)
update=71 global_step=145408 SPS=362 w_ev=0.932 m_ev=0.995 m_v_bias=-4.0 m_adv_std=12.4470 m_kl_max=0.0150 m_ratio_max=0.646 w_ax@goal=+1.10 w_v@goal=19.16 return=998.6 length=79 success_rate=1.00 collisions/ep=0.28 (n=29)
update=72 global_step=147456 SPS=363 w_ev=0.950 m_ev=0.989 m_v_bias=-0.7 m_adv_std=17.2716 m_kl_max=0.0125 m_ratio_max=0.517 w_ax@goal=+1.17 w_v@goal=18.99 return=1003.6 length=78 success_rate=1.00 collisions/ep=0.21 (n=24)
update=73 global_step=149504 SPS=365 w_ev=0.947 m_ev=0.996 m_v_bias=1.1 m_adv_std=10.8510 m_kl_max=0.0240 m_ratio_max=1.009 w_ax@goal=+1.05 w_v@goal=18.97 return=1006.3 length=79 success_rate=1.00 collisions/ep=0.19 (n=26)
update=74 global_step=151552 SPS=368 w_ev=0.944 m_ev=0.996 m_v_bias=0.6 m_adv_std=10.9354 m_kl_max=0.0190 m_ratio_max=0.519 w_ax@goal=+1.10 w_v@goal=19.24 return=1006.7 length=80 success_rate=1.00 collisions/ep=0.12 (n=26)
update=75 global_step=153600 SPS=371 w_ev=0.935 m_ev=0.991 m_v_bias=1.3 m_adv_std=15.5265 m_kl_max=0.0132 m_ratio_max=0.761 w_ax@goal=+1.08 w_v@goal=19.25 return=1004.9 length=80 success_rate=1.00 collisions/ep=0.23 (n=26)
Evaluation at update 75: return=1012.95, length=79.30, success_rate=1.00, collisions/ep=0.00
Solved-check at update 75: solved=True worst_gap=0.61 at p_x0=0.00 p_y0=1.00 (consecutive=8)
update=76 global_step=155648 SPS=366 w_ev=0.942 m_ev=0.990 m_v_bias=-0.3 m_adv_std=17.1960 m_kl_max=0.0052 m_ratio_max=0.695 w_ax@goal=+1.23 w_v@goal=19.14 return=1002.9 length=79 success_rate=1.00 collisions/ep=0.19 (n=26)
update=77 global_step=157696 SPS=369 w_ev=0.935 m_ev=0.988 m_v_bias=0.2 m_adv_std=18.0318 m_kl_max=0.0069 m_ratio_max=0.592 w_ax@goal=+1.30 w_v@goal=19.28 return=1006.5 length=77 success_rate=1.00 collisions/ep=0.18 (n=28)
update=78 global_step=159744 SPS=372 w_ev=0.931 m_ev=0.982 m_v_bias=4.5 m_adv_std=22.2539 m_kl_max=0.0363 m_ratio_max=1.935 w_ax@goal=+1.29 w_v@goal=19.24 return=989.3 length=78 success_rate=1.00 collisions/ep=0.58 (n=24)
update=79 global_step=161792 SPS=375 w_ev=0.923 m_ev=0.996 m_v_bias=-5.9 m_adv_std=10.1438 m_kl_max=0.0206 m_ratio_max=0.442 w_ax@goal=+1.21 w_v@goal=19.05 return=1004.9 length=80 success_rate=1.00 collisions/ep=0.20 (n=25)
update=80 global_step=163840 SPS=377 w_ev=0.941 m_ev=0.999 m_v_bias=-2.9 m_adv_std=4.6313 m_kl_max=0.0056 m_ratio_max=0.365 w_ax@goal=+1.25 w_v@goal=19.16 return=1012.6 length=80 success_rate=1.00 collisions/ep=0.00 (n=27)
Evaluation at update 80: return=1012.87, length=79.45, success_rate=1.00, collisions/ep=0.00
Solved-check at update 80: solved=True worst_gap=0.69 at p_x0=0.00 p_y0=1.00 (consecutive=9)
update=81 global_step=165888 SPS=374 w_ev=0.947 m_ev=0.994 m_v_bias=1.9 m_adv_std=12.9061 m_kl_max=0.0108 m_ratio_max=0.616 w_ax@goal=+1.14 w_v@goal=19.14 return=1008.7 length=80 success_rate=1.00 collisions/ep=0.07 (n=27)
update=82 global_step=167936 SPS=377 w_ev=0.944 m_ev=0.996 m_v_bias=-0.6 m_adv_std=10.1109 m_kl_max=0.0066 m_ratio_max=0.370 w_ax@goal=+1.08 w_v@goal=18.98 return=1002.4 length=80 success_rate=1.00 collisions/ep=0.21 (n=24)
update=83 global_step=169984 SPS=380 w_ev=0.941 m_ev=0.984 m_v_bias=0.6 m_adv_std=21.0680 m_kl_max=0.0279 m_ratio_max=1.464 w_ax@goal=+1.16 w_v@goal=19.17 return=1001.5 length=81 success_rate=1.00 collisions/ep=0.27 (n=26)
update=84 global_step=172032 SPS=382 w_ev=0.940 m_ev=0.997 m_v_bias=-2.9 m_adv_std=9.4364 m_kl_max=0.0147 m_ratio_max=0.494 w_ax@goal=+1.01 w_v@goal=19.03 return=1008.1 length=80 success_rate=1.00 collisions/ep=0.08 (n=24)
update=85 global_step=174080 SPS=385 w_ev=0.938 m_ev=0.994 m_v_bias=4.6 m_adv_std=13.2196 m_kl_max=0.0133 m_ratio_max=0.430 w_ax@goal=+0.90 w_v@goal=19.01 return=1003.0 length=79 success_rate=1.00 collisions/ep=0.19 (n=27)
Evaluation at update 85: return=1012.82, length=79.50, success_rate=1.00, collisions/ep=0.00
Solved-check at update 85: solved=True worst_gap=0.78 at p_x0=0.00 p_y0=1.00 (consecutive=10)
update=86 global_step=176128 SPS=379 w_ev=0.945 m_ev=0.996 m_v_bias=-4.2 m_adv_std=10.9198 m_kl_max=0.0105 m_ratio_max=0.349 w_ax@goal=+1.01 w_v@goal=19.02 return=1004.5 length=79 success_rate=1.00 collisions/ep=0.19 (n=26)
update=87 global_step=178176 SPS=381 w_ev=0.938 m_ev=0.997 m_v_bias=2.1 m_adv_std=9.7321 m_kl_max=0.0169 m_ratio_max=0.622 w_ax@goal=+1.06 w_v@goal=19.21 return=1008.1 length=79 success_rate=1.00 collisions/ep=0.08 (n=25)
update=88 global_step=180224 SPS=382 w_ev=0.937 m_ev=0.999 m_v_bias=-1.1 m_adv_std=5.0972 m_kl_max=0.0079 m_ratio_max=0.555 w_ax@goal=+0.99 w_v@goal=19.17 return=1010.3 length=80 success_rate=1.00 collisions/ep=0.08 (n=26)
update=89 global_step=182272 SPS=384 w_ev=0.938 m_ev=0.991 m_v_bias=4.7 m_adv_std=16.0040 m_kl_max=0.0318 m_ratio_max=1.060 w_ax@goal=+1.07 w_v@goal=19.06 return=1002.7 length=79 success_rate=1.00 collisions/ep=0.27 (n=26)
update=90 global_step=184320 SPS=385 w_ev=0.950 m_ev=0.993 m_v_bias=-0.4 m_adv_std=14.1643 m_kl_max=0.0225 m_ratio_max=0.761 w_ax@goal=+0.97 w_v@goal=19.12 return=1002.7 length=82 success_rate=1.00 collisions/ep=0.24 (n=25)
Evaluation at update 90: return=1012.93, length=79.30, success_rate=1.00, collisions/ep=0.00
Solved-check at update 90: solved=True worst_gap=0.60 at p_x0=0.00 p_y0=1.00 (consecutive=11)
update=91 global_step=186368 SPS=378 w_ev=0.951 m_ev=0.996 m_v_bias=-2.5 m_adv_std=10.2663 m_kl_max=0.0172 m_ratio_max=0.555 w_ax@goal=+0.93 w_v@goal=19.03 return=1006.8 length=79 success_rate=1.00 collisions/ep=0.11 (n=27)
update=92 global_step=188416 SPS=380 w_ev=0.951 m_ev=0.985 m_v_bias=2.7 m_adv_std=20.4537 m_kl_max=0.0340 m_ratio_max=1.297 w_ax@goal=+1.05 w_v@goal=19.03 return=1002.5 length=79 success_rate=1.00 collisions/ep=0.24 (n=25)
update=93 global_step=190464 SPS=381 w_ev=0.945 m_ev=0.983 m_v_bias=2.8 m_adv_std=20.8489 m_kl_max=0.0218 m_ratio_max=0.942 w_ax@goal=+1.00 w_v@goal=18.96 return=1006.3 length=78 success_rate=1.00 collisions/ep=0.12 (n=26)
update=94 global_step=192512 SPS=382 w_ev=0.954 m_ev=0.996 m_v_bias=-1.8 m_adv_std=11.1453 m_kl_max=0.0082 m_ratio_max=0.479 w_ax@goal=+1.19 w_v@goal=19.07 return=1002.0 length=79 success_rate=1.00 collisions/ep=0.21 (n=28)
update=95 global_step=194560 SPS=384 w_ev=0.946 m_ev=0.997 m_v_bias=1.1 m_adv_std=9.5644 m_kl_max=0.0169 m_ratio_max=1.001 w_ax@goal=+0.92 w_v@goal=19.08 return=1006.3 length=80 success_rate=1.00 collisions/ep=0.12 (n=24)
Evaluation at update 95: return=1012.92, length=79.30, success_rate=1.00, collisions/ep=0.00
Solved-check at update 95: solved=True worst_gap=0.62 at p_x0=0.00 p_y0=1.00 (consecutive=12)
update=96 global_step=196608 SPS=380 w_ev=0.946 m_ev=0.997 m_v_bias=-1.6 m_adv_std=9.4913 m_kl_max=0.0165 m_ratio_max=0.887 w_ax@goal=+1.14 w_v@goal=19.08 return=1007.1 length=80 success_rate=1.00 collisions/ep=0.12 (n=26)
update=97 global_step=198656 SPS=382 w_ev=0.945 m_ev=0.994 m_v_bias=0.3 m_adv_std=13.1315 m_kl_max=0.0078 m_ratio_max=0.397 w_ax@goal=+1.11 w_v@goal=19.12 return=1006.6 length=80 success_rate=1.00 collisions/ep=0.12 (n=24)
update=98 global_step=200704 SPS=383 w_ev=0.966 m_ev=0.998 m_v_bias=-1.7 m_adv_std=6.8134 m_kl_max=0.0081 m_ratio_max=0.721 w_ax@goal=+1.14 w_v@goal=19.11 return=1008.7 length=80 success_rate=1.00 collisions/ep=0.08 (n=25)
update=99 global_step=202752 SPS=385 w_ev=0.957 m_ev=0.964 m_v_bias=7.3 m_adv_std=33.4563 m_kl_max=0.0179 m_ratio_max=0.475 w_ax@goal=+0.77 w_v@goal=19.31 return=994.7 length=81 success_rate=1.00 collisions/ep=0.36 (n=28)
update=100 global_step=204800 SPS=387 w_ev=0.959 m_ev=0.995 m_v_bias=-0.8 m_adv_std=11.4352 m_kl_max=0.0138 m_ratio_max=1.055 w_ax@goal=+0.70 w_v@goal=19.29 return=998.7 length=82 success_rate=1.00 collisions/ep=0.28 (n=25)
Evaluation at update 100: return=1012.95, length=79.30, success_rate=1.00, collisions/ep=0.00
Solved-check at update 100: solved=True worst_gap=0.59 at p_x0=0.00 p_y0=1.00 (consecutive=13)
Saved checkpoints to C:\Users\loren\Desktop\MASTER THESIS\5_CODE\scenarios\slalom\studies\init_sampler_hppo_rep\hppo_uniform\runs\hppo_slalom_22_1791039800
