Using device: cpu
Solved-check: precomputed optimal returns for 25 fixed initial conditions (mean=1013.0, min=1011.0, max=1015.0); solved-tolerance=5.0
num_envs=8 num_steps_per_env=256 worker_batch_size=2048 worker_minibatch_size=256 num_updates=100 timesteps=204800
update=1 global_step=2048 SPS=2458 w_ev=0.019 m_ev=-0.000 m_v_bias=110.7 m_adv_std=195.5676 m_kl_max=0.0020 m_ratio_max=0.290 w_ax@goal=+0.19 w_v@goal=0.16 return=-494.3 length=197 success_rate=0.12 collisions/ep=9.00 (n=8)
update=2 global_step=4096 SPS=2694 w_ev=0.232 m_ev=0.118 m_v_bias=25.1 m_adv_std=207.3559 m_kl_max=0.0016 m_ratio_max=0.205 w_ax@goal=-0.11 w_v@goal=0.82 return=-260.1 length=180 success_rate=0.22 collisions/ep=6.89 (n=9)
update=3 global_step=6144 SPS=2797 w_ev=0.493 m_ev=0.469 m_v_bias=-164.2 m_adv_std=240.7227 m_kl_max=0.0012 m_ratio_max=0.234 w_ax@goal=+0.31 w_v@goal=3.01 return=55.8 length=161 success_rate=0.50 collisions/ep=6.79 (n=14)
update=4 global_step=8192 SPS=2729 w_ev=0.845 m_ev=0.835 m_v_bias=-78.0 m_adv_std=152.5121 m_kl_max=0.0039 m_ratio_max=0.293 w_ax@goal=-0.01 w_v@goal=9.70 return=235.8 length=143 success_rate=0.64 collisions/ep=6.57 (n=14)
update=5 global_step=10240 SPS=2676 w_ev=0.935 m_ev=0.902 m_v_bias=-67.4 m_adv_std=113.6613 m_kl_max=0.0018 m_ratio_max=0.185 w_ax@goal=+0.23 w_v@goal=13.93 return=370.4 length=150 success_rate=0.69 collisions/ep=4.62 (n=13)
Evaluation at update 5: return=400.93, length=141.50, success_rate=1.00, collisions/ep=11.55
Solved-check at update 5: solved=False worst_gap=1628.95 at p_x0=1.00 p_y0=-1.00 (consecutive=0)
update=6 global_step=12288 SPS=1382 w_ev=0.963 m_ev=0.903 m_v_bias=-12.9 m_adv_std=114.4521 m_kl_max=0.0057 m_ratio_max=0.354 w_ax@goal=+0.24 w_v@goal=17.31 return=95.4 length=162 success_rate=0.50 collisions/ep=5.86 (n=14)
update=7 global_step=14336 SPS=1476 w_ev=0.965 m_ev=0.832 m_v_bias=-77.9 m_adv_std=137.8707 m_kl_max=0.0059 m_ratio_max=0.394 w_ax@goal=+0.31 w_v@goal=19.19 return=381.3 length=147 success_rate=0.69 collisions/ep=4.62 (n=13)
update=8 global_step=16384 SPS=1556 w_ev=0.916 m_ev=0.642 m_v_bias=8.6 m_adv_std=185.0389 m_kl_max=0.0020 m_ratio_max=0.480 w_ax@goal=+0.47 w_v@goal=19.80 return=481.0 length=126 success_rate=0.76 collisions/ep=4.88 (n=17)
update=9 global_step=18432 SPS=1614 w_ev=0.944 m_ev=0.855 m_v_bias=-54.7 m_adv_std=100.3114 m_kl_max=0.0030 m_ratio_max=0.223 w_ax@goal=+0.57 w_v@goal=19.04 return=729.7 length=113 success_rate=0.95 collisions/ep=3.90 (n=20)
update=10 global_step=20480 SPS=1667 w_ev=0.909 m_ev=0.893 m_v_bias=-35.7 m_adv_std=71.5655 m_kl_max=0.0031 m_ratio_max=0.282 w_ax@goal=+0.69 w_v@goal=19.40 return=829.7 length=91 success_rate=1.00 collisions/ep=3.39 (n=23)
Evaluation at update 10: return=937.57, length=82.30, success_rate=1.00, collisions/ep=1.40
Solved-check at update 10: solved=False worst_gap=505.65 at p_x0=2.00 p_y0=-1.00 (consecutive=0)
update=11 global_step=22528 SPS=1466 w_ev=0.936 m_ev=0.915 m_v_bias=-15.4 m_adv_std=63.3665 m_kl_max=0.0017 m_ratio_max=0.237 w_ax@goal=+0.57 w_v@goal=19.15 return=858.1 length=87 success_rate=1.00 collisions/ep=2.91 (n=22)
update=12 global_step=24576 SPS=1513 w_ev=0.945 m_ev=0.915 m_v_bias=-2.5 m_adv_std=61.8448 m_kl_max=0.0043 m_ratio_max=0.291 w_ax@goal=+0.68 w_v@goal=19.36 return=859.0 length=88 success_rate=1.00 collisions/ep=2.92 (n=24)
update=13 global_step=26624 SPS=1563 w_ev=0.945 m_ev=0.904 m_v_bias=-19.5 m_adv_std=63.9832 m_kl_max=0.0024 m_ratio_max=0.369 w_ax@goal=+0.73 w_v@goal=19.56 return=885.5 length=86 success_rate=1.00 collisions/ep=2.44 (n=25)
update=14 global_step=28672 SPS=1604 w_ev=0.928 m_ev=0.912 m_v_bias=-5.6 m_adv_std=58.3151 m_kl_max=0.0043 m_ratio_max=0.298 w_ax@goal=+0.45 w_v@goal=19.16 return=917.8 length=88 success_rate=1.00 collisions/ep=1.76 (n=25)
update=15 global_step=30720 SPS=1636 w_ev=0.950 m_ev=0.931 m_v_bias=-2.4 m_adv_std=51.3241 m_kl_max=0.0022 m_ratio_max=0.181 w_ax@goal=+0.46 w_v@goal=19.14 return=900.6 length=84 success_rate=1.00 collisions/ep=2.14 (n=22)
Evaluation at update 15: return=979.59, length=80.15, success_rate=1.00, collisions/ep=0.60
Solved-check at update 15: solved=False worst_gap=53.19 at p_x0=0.00 p_y0=-1.00 (consecutive=0)
update=16 global_step=32768 SPS=1498 w_ev=0.944 m_ev=0.935 m_v_bias=-7.1 m_adv_std=48.7357 m_kl_max=0.0042 m_ratio_max=0.274 w_ax@goal=+0.38 w_v@goal=19.40 return=921.4 length=88 success_rate=1.00 collisions/ep=1.71 (n=24)
update=17 global_step=34816 SPS=1531 w_ev=0.958 m_ev=0.978 m_v_bias=-15.8 m_adv_std=26.8839 m_kl_max=0.0060 m_ratio_max=0.441 w_ax@goal=+0.41 w_v@goal=19.25 return=956.8 length=84 success_rate=1.00 collisions/ep=1.00 (n=23)
update=18 global_step=36864 SPS=1568 w_ev=0.942 m_ev=0.947 m_v_bias=-3.1 m_adv_std=43.5376 m_kl_max=0.0041 m_ratio_max=0.321 w_ax@goal=+0.64 w_v@goal=19.46 return=958.4 length=85 success_rate=1.00 collisions/ep=1.04 (n=25)
update=19 global_step=38912 SPS=1600 w_ev=0.953 m_ev=0.944 m_v_bias=10.8 m_adv_std=44.9697 m_kl_max=0.0038 m_ratio_max=0.280 w_ax@goal=+0.61 w_v@goal=19.58 return=929.9 length=84 success_rate=1.00 collisions/ep=1.56 (n=25)
update=20 global_step=40960 SPS=1627 w_ev=0.948 m_ev=0.964 m_v_bias=-7.9 m_adv_std=34.8468 m_kl_max=0.0083 m_ratio_max=0.406 w_ax@goal=+0.75 w_v@goal=19.65 return=943.3 length=82 success_rate=1.00 collisions/ep=1.32 (n=25)
Evaluation at update 20: return=1002.55, length=79.70, success_rate=1.00, collisions/ep=0.15
Solved-check at update 20: solved=False worst_gap=52.49 at p_x0=1.50 p_y0=-1.00 (consecutive=0)
update=21 global_step=43008 SPS=1521 w_ev=0.948 m_ev=0.979 m_v_bias=-17.1 m_adv_std=25.2725 m_kl_max=0.0145 m_ratio_max=0.546 w_ax@goal=+0.76 w_v@goal=19.70 return=979.1 length=84 success_rate=1.00 collisions/ep=0.58 (n=24)
update=22 global_step=45056 SPS=1551 w_ev=0.932 m_ev=0.950 m_v_bias=-2.3 m_adv_std=39.9522 m_kl_max=0.0154 m_ratio_max=0.746 w_ax@goal=+0.63 w_v@goal=19.52 return=981.3 length=81 success_rate=1.00 collisions/ep=0.56 (n=25)
update=23 global_step=47104 SPS=1577 w_ev=0.941 m_ev=0.957 m_v_bias=7.9 m_adv_std=36.8459 m_kl_max=0.0018 m_ratio_max=0.305 w_ax@goal=+0.60 w_v@goal=19.39 return=964.7 length=83 success_rate=1.00 collisions/ep=1.04 (n=25)
update=24 global_step=49152 SPS=1603 w_ev=0.931 m_ev=0.956 m_v_bias=-1.8 m_adv_std=37.0102 m_kl_max=0.0167 m_ratio_max=0.661 w_ax@goal=+0.71 w_v@goal=19.42 return=977.8 length=82 success_rate=1.00 collisions/ep=0.68 (n=25)
update=25 global_step=51200 SPS=1619 w_ev=0.939 m_ev=0.956 m_v_bias=-10.0 m_adv_std=38.1334 m_kl_max=0.0038 m_ratio_max=0.433 w_ax@goal=+0.86 w_v@goal=19.24 return=969.5 length=81 success_rate=1.00 collisions/ep=0.81 (n=26)
Evaluation at update 25: return=1011.31, length=78.40, success_rate=1.00, collisions/ep=0.00
Solved-check at update 25: solved=True worst_gap=1.69 at p_x0=0.00 p_y0=-1.00 (consecutive=0)
update=26 global_step=53248 SPS=1542 w_ev=0.933 m_ev=0.979 m_v_bias=-8.0 m_adv_std=24.9192 m_kl_max=0.0058 m_ratio_max=0.461 w_ax@goal=+0.70 w_v@goal=19.38 return=993.2 length=82 success_rate=1.00 collisions/ep=0.36 (n=25)
update=27 global_step=55296 SPS=1564 w_ev=0.920 m_ev=0.981 m_v_bias=4.8 m_adv_std=23.5411 m_kl_max=0.0119 m_ratio_max=0.626 w_ax@goal=+0.82 w_v@goal=19.23 return=985.7 length=80 success_rate=1.00 collisions/ep=0.54 (n=26)
update=28 global_step=57344 SPS=1585 w_ev=0.928 m_ev=0.955 m_v_bias=5.2 m_adv_std=37.4046 m_kl_max=0.0275 m_ratio_max=0.643 w_ax@goal=+0.74 w_v@goal=19.30 return=962.7 length=81 success_rate=1.00 collisions/ep=0.96 (n=24)
update=29 global_step=59392 SPS=1604 w_ev=0.934 m_ev=0.983 m_v_bias=-2.1 m_adv_std=21.7922 m_kl_max=0.0162 m_ratio_max=0.634 w_ax@goal=+0.76 w_v@goal=19.45 return=993.0 length=81 success_rate=1.00 collisions/ep=0.40 (n=25)
update=30 global_step=61440 SPS=1620 w_ev=0.946 m_ev=0.992 m_v_bias=-2.3 m_adv_std=15.6314 m_kl_max=0.0054 m_ratio_max=0.377 w_ax@goal=+0.93 w_v@goal=19.67 return=1000.2 length=81 success_rate=1.00 collisions/ep=0.26 (n=27)
Evaluation at update 30: return=1011.42, length=78.40, success_rate=1.00, collisions/ep=0.00
Solved-check at update 30: solved=True worst_gap=1.62 at p_x0=0.00 p_y0=1.00 (consecutive=1)
Solved criterion held for 2 consecutive evals (tolerance=5.0) at global_step=61440.
update=31 global_step=63488 SPS=1549 w_ev=0.945 m_ev=0.990 m_v_bias=3.1 m_adv_std=17.0790 m_kl_max=0.0251 m_ratio_max=0.667 w_ax@goal=+1.04 w_v@goal=19.37 return=997.0 length=82 success_rate=1.00 collisions/ep=0.28 (n=25)
update=32 global_step=65536 SPS=1567 w_ev=0.937 m_ev=0.976 m_v_bias=11.0 m_adv_std=26.0621 m_kl_max=0.0147 m_ratio_max=0.907 w_ax@goal=+0.94 w_v@goal=19.16 return=974.8 length=79 success_rate=1.00 collisions/ep=0.84 (n=25)
update=33 global_step=67584 SPS=1584 w_ev=0.924 m_ev=0.965 m_v_bias=-1.4 m_adv_std=32.9933 m_kl_max=0.0213 m_ratio_max=0.713 w_ax@goal=+0.86 w_v@goal=19.14 return=985.1 length=81 success_rate=1.00 collisions/ep=0.52 (n=25)
update=34 global_step=69632 SPS=1602 w_ev=0.939 m_ev=0.989 m_v_bias=-3.4 m_adv_std=18.3256 m_kl_max=0.0109 m_ratio_max=0.413 w_ax@goal=+0.91 w_v@goal=19.32 return=988.6 length=82 success_rate=1.00 collisions/ep=0.44 (n=25)
update=35 global_step=71680 SPS=1617 w_ev=0.946 m_ev=0.991 m_v_bias=-3.0 m_adv_std=15.8575 m_kl_max=0.0202 m_ratio_max=0.967 w_ax@goal=+1.04 w_v@goal=19.37 return=1001.3 length=80 success_rate=1.00 collisions/ep=0.19 (n=26)
Evaluation at update 35: return=1011.45, length=78.30, success_rate=1.00, collisions/ep=0.00
Solved-check at update 35: solved=True worst_gap=1.58 at p_x0=0.00 p_y0=-1.00 (consecutive=2)
update=36 global_step=73728 SPS=1555 w_ev=0.947 m_ev=0.991 m_v_bias=-0.3 m_adv_std=16.3556 m_kl_max=0.0066 m_ratio_max=0.390 w_ax@goal=+1.04 w_v@goal=19.37 return=995.0 length=81 success_rate=1.00 collisions/ep=0.32 (n=25)
update=37 global_step=75776 SPS=1572 w_ev=0.947 m_ev=0.992 m_v_bias=0.6 m_adv_std=15.2140 m_kl_max=0.0170 m_ratio_max=0.635 w_ax@goal=+1.08 w_v@goal=19.30 return=997.1 length=79 success_rate=1.00 collisions/ep=0.27 (n=26)
update=38 global_step=77824 SPS=1589 w_ev=0.929 m_ev=0.993 m_v_bias=-1.4 m_adv_std=14.2867 m_kl_max=0.0108 m_ratio_max=0.494 w_ax@goal=+1.16 w_v@goal=19.20 return=1001.6 length=80 success_rate=1.00 collisions/ep=0.23 (n=26)
update=39 global_step=79872 SPS=1604 w_ev=0.926 m_ev=0.990 m_v_bias=5.0 m_adv_std=16.5373 m_kl_max=0.0146 m_ratio_max=0.511 w_ax@goal=+1.10 w_v@goal=19.37 return=994.2 length=80 success_rate=1.00 collisions/ep=0.38 (n=24)
update=40 global_step=81920 SPS=1617 w_ev=0.941 m_ev=0.993 m_v_bias=-1.3 m_adv_std=13.7210 m_kl_max=0.0236 m_ratio_max=0.460 w_ax@goal=+1.09 w_v@goal=19.51 return=989.8 length=81 success_rate=1.00 collisions/ep=0.42 (n=24)
Evaluation at update 40: return=1008.86, length=78.45, success_rate=1.00, collisions/ep=0.05
Solved-check at update 40: solved=False worst_gap=51.46 at p_x0=0.00 p_y0=0.50 (consecutive=3)
update=41 global_step=83968 SPS=1562 w_ev=0.927 m_ev=0.972 m_v_bias=6.7 m_adv_std=30.3407 m_kl_max=0.0141 m_ratio_max=0.557 w_ax@goal=+1.12 w_v@goal=19.63 return=977.1 length=81 success_rate=1.00 collisions/ep=0.68 (n=28)
update=42 global_step=86016 SPS=1577 w_ev=0.935 m_ev=0.979 m_v_bias=-2.9 m_adv_std=24.4749 m_kl_max=0.0072 m_ratio_max=0.359 w_ax@goal=+1.03 w_v@goal=19.64 return=992.5 length=81 success_rate=1.00 collisions/ep=0.42 (n=24)
update=43 global_step=88064 SPS=1591 w_ev=0.949 m_ev=0.992 m_v_bias=1.1 m_adv_std=14.8051 m_kl_max=0.0063 m_ratio_max=0.600 w_ax@goal=+0.87 w_v@goal=19.49 return=991.7 length=82 success_rate=1.00 collisions/ep=0.41 (n=27)
update=44 global_step=90112 SPS=1604 w_ev=0.913 m_ev=0.976 m_v_bias=3.5 m_adv_std=27.2702 m_kl_max=0.0110 m_ratio_max=0.498 w_ax@goal=+1.01 w_v@goal=19.50 return=984.9 length=81 success_rate=1.00 collisions/ep=0.52 (n=25)
update=45 global_step=92160 SPS=1615 w_ev=0.914 m_ev=0.972 m_v_bias=5.9 m_adv_std=29.5206 m_kl_max=0.0268 m_ratio_max=1.039 w_ax@goal=+0.96 w_v@goal=19.37 return=977.5 length=82 success_rate=1.00 collisions/ep=0.67 (n=24)
Evaluation at update 45: return=1011.50, length=78.30, success_rate=1.00, collisions/ep=0.00
Solved-check at update 45: solved=True worst_gap=1.90 at p_x0=0.00 p_y0=-1.00 (consecutive=0)
update=46 global_step=94208 SPS=1568 w_ev=0.922 m_ev=0.984 m_v_bias=-6.8 m_adv_std=21.3100 m_kl_max=0.0056 m_ratio_max=0.372 w_ax@goal=+0.83 w_v@goal=19.31 return=991.9 length=82 success_rate=1.00 collisions/ep=0.38 (n=24)
update=47 global_step=96256 SPS=1579 w_ev=0.915 m_ev=0.964 m_v_bias=3.8 m_adv_std=32.7137 m_kl_max=0.0186 m_ratio_max=0.961 w_ax@goal=+0.94 w_v@goal=19.28 return=983.7 length=81 success_rate=1.00 collisions/ep=0.62 (n=26)
update=48 global_step=98304 SPS=1591 w_ev=0.902 m_ev=0.989 m_v_bias=-5.6 m_adv_std=17.3108 m_kl_max=0.0070 m_ratio_max=0.346 w_ax@goal=+0.88 w_v@goal=19.36 return=996.6 length=80 success_rate=1.00 collisions/ep=0.28 (n=25)
update=49 global_step=100352 SPS=1603 w_ev=0.915 m_ev=0.990 m_v_bias=0.7 m_adv_std=17.0610 m_kl_max=0.0204 m_ratio_max=0.542 w_ax@goal=+0.88 w_v@goal=19.34 return=995.1 length=82 success_rate=1.00 collisions/ep=0.33 (n=24)
update=50 global_step=102400 SPS=1612 w_ev=0.917 m_ev=0.987 m_v_bias=-2.7 m_adv_std=19.5197 m_kl_max=0.0164 m_ratio_max=0.497 w_ax@goal=+1.10 w_v@goal=19.47 return=996.2 length=80 success_rate=1.00 collisions/ep=0.30 (n=27)
Evaluation at update 50: return=1011.75, length=78.05, success_rate=1.00, collisions/ep=0.00
Solved-check at update 50: solved=True worst_gap=1.43 at p_x0=0.00 p_y0=-1.00 (consecutive=1)
update=51 global_step=104448 SPS=1565 w_ev=0.946 m_ev=0.988 m_v_bias=0.6 m_adv_std=18.7024 m_kl_max=0.0325 m_ratio_max=0.644 w_ax@goal=+1.13 w_v@goal=19.51 return=1000.1 length=81 success_rate=1.00 collisions/ep=0.23 (n=26)
update=52 global_step=106496 SPS=1577 w_ev=0.927 m_ev=0.963 m_v_bias=5.3 m_adv_std=32.5992 m_kl_max=0.0151 m_ratio_max=0.656 w_ax@goal=+1.16 w_v@goal=19.55 return=985.4 length=79 success_rate=1.00 collisions/ep=0.59 (n=27)
update=53 global_step=108544 SPS=1587 w_ev=0.916 m_ev=0.982 m_v_bias=2.3 m_adv_std=22.8172 m_kl_max=0.0178 m_ratio_max=0.760 w_ax@goal=+1.04 w_v@goal=19.30 return=990.4 length=80 success_rate=1.00 collisions/ep=0.46 (n=24)
update=54 global_step=110592 SPS=1597 w_ev=0.921 m_ev=0.991 m_v_bias=-2.9 m_adv_std=16.1755 m_kl_max=0.0046 m_ratio_max=0.447 w_ax@goal=+0.92 w_v@goal=19.28 return=998.9 length=81 success_rate=1.00 collisions/ep=0.32 (n=25)
update=55 global_step=112640 SPS=1604 w_ev=0.928 m_ev=0.991 m_v_bias=-0.9 m_adv_std=15.6926 m_kl_max=0.0161 m_ratio_max=0.564 w_ax@goal=+0.81 w_v@goal=19.56 return=997.3 length=81 success_rate=1.00 collisions/ep=0.28 (n=25)
Evaluation at update 55: return=1011.72, length=78.05, success_rate=1.00, collisions/ep=0.00
Solved-check at update 55: solved=True worst_gap=1.32 at p_x0=2.00 p_y0=1.00 (consecutive=2)
update=56 global_step=114688 SPS=1560 w_ev=0.929 m_ev=0.980 m_v_bias=4.0 m_adv_std=23.6063 m_kl_max=0.0146 m_ratio_max=0.566 w_ax@goal=+0.79 w_v@goal=19.29 return=989.2 length=80 success_rate=1.00 collisions/ep=0.44 (n=25)
update=57 global_step=116736 SPS=1568 w_ev=0.932 m_ev=0.993 m_v_bias=0.4 m_adv_std=13.5394 m_kl_max=0.0125 m_ratio_max=0.458 w_ax@goal=+0.68 w_v@goal=19.47 return=999.9 length=78 success_rate=1.00 collisions/ep=0.25 (n=28)
update=58 global_step=118784 SPS=1576 w_ev=0.932 m_ev=0.979 m_v_bias=6.5 m_adv_std=24.9575 m_kl_max=0.0121 m_ratio_max=0.625 w_ax@goal=+0.54 w_v@goal=19.35 return=985.9 length=80 success_rate=1.00 collisions/ep=0.54 (n=24)
update=59 global_step=120832 SPS=1584 w_ev=0.929 m_ev=0.993 m_v_bias=-0.1 m_adv_std=14.3772 m_kl_max=0.0248 m_ratio_max=0.754 w_ax@goal=+0.66 w_v@goal=19.36 return=1006.7 length=81 success_rate=1.00 collisions/ep=0.15 (n=26)
update=60 global_step=122880 SPS=1590 w_ev=0.924 m_ev=0.976 m_v_bias=2.2 m_adv_std=25.3435 m_kl_max=0.0395 m_ratio_max=1.204 w_ax@goal=+0.90 w_v@goal=19.37 return=993.4 length=79 success_rate=1.00 collisions/ep=0.44 (n=25)
Evaluation at update 60: return=1011.80, length=78.00, success_rate=1.00, collisions/ep=0.00
Solved-check at update 60: solved=True worst_gap=1.26 at p_x0=0.00 p_y0=-1.00 (consecutive=3)
update=61 global_step=124928 SPS=1545 w_ev=0.915 m_ev=0.992 m_v_bias=-2.0 m_adv_std=15.2599 m_kl_max=0.0183 m_ratio_max=1.024 w_ax@goal=+0.80 w_v@goal=19.22 return=1005.0 length=81 success_rate=1.00 collisions/ep=0.23 (n=26)
update=62 global_step=126976 SPS=1554 w_ev=0.925 m_ev=0.996 m_v_bias=-0.3 m_adv_std=10.6280 m_kl_max=0.0179 m_ratio_max=0.480 w_ax@goal=+0.73 w_v@goal=19.47 return=1005.7 length=82 success_rate=1.00 collisions/ep=0.12 (n=26)
update=63 global_step=129024 SPS=1564 w_ev=0.940 m_ev=0.993 m_v_bias=1.5 m_adv_std=14.6017 m_kl_max=0.0108 m_ratio_max=0.534 w_ax@goal=+0.83 w_v@goal=19.54 return=1001.3 length=81 success_rate=1.00 collisions/ep=0.19 (n=26)
update=64 global_step=131072 SPS=1572 w_ev=0.929 m_ev=0.984 m_v_bias=3.1 m_adv_std=21.4991 m_kl_max=0.0121 m_ratio_max=0.543 w_ax@goal=+0.91 w_v@goal=19.62 return=996.6 length=82 success_rate=1.00 collisions/ep=0.29 (n=24)
update=65 global_step=133120 SPS=1582 w_ev=0.948 m_ev=0.995 m_v_bias=-0.7 m_adv_std=11.4892 m_kl_max=0.0091 m_ratio_max=0.570 w_ax@goal=+0.91 w_v@goal=19.49 return=1006.7 length=81 success_rate=1.00 collisions/ep=0.12 (n=24)
Evaluation at update 65: return=1011.60, length=78.15, success_rate=1.00, collisions/ep=0.00
Solved-check at update 65: solved=True worst_gap=1.57 at p_x0=0.00 p_y0=-1.00 (consecutive=4)
update=66 global_step=135168 SPS=1550 w_ev=0.944 m_ev=0.997 m_v_bias=-1.9 m_adv_std=8.5287 m_kl_max=0.0065 m_ratio_max=0.954 w_ax@goal=+0.96 w_v@goal=19.67 return=1006.5 length=81 success_rate=1.00 collisions/ep=0.08 (n=26)
update=67 global_step=137216 SPS=1560 w_ev=0.952 m_ev=0.998 m_v_bias=-0.7 m_adv_std=7.8381 m_kl_max=0.0164 m_ratio_max=0.571 w_ax@goal=+0.94 w_v@goal=19.58 return=1007.3 length=79 success_rate=1.00 collisions/ep=0.07 (n=27)
update=68 global_step=139264 SPS=1568 w_ev=0.961 m_ev=0.996 m_v_bias=1.5 m_adv_std=10.9852 m_kl_max=0.0078 m_ratio_max=0.419 w_ax@goal=+0.73 w_v@goal=19.56 return=1004.5 length=80 success_rate=1.00 collisions/ep=0.12 (n=24)
update=69 global_step=141312 SPS=1577 w_ev=0.961 m_ev=0.997 m_v_bias=-2.3 m_adv_std=8.9248 m_kl_max=0.0090 m_ratio_max=0.686 w_ax@goal=+1.02 w_v@goal=19.61 return=1009.1 length=81 success_rate=1.00 collisions/ep=0.12 (n=25)
update=70 global_step=143360 SPS=1587 w_ev=0.948 m_ev=0.995 m_v_bias=-1.9 m_adv_std=11.7323 m_kl_max=0.0153 m_ratio_max=0.645 w_ax@goal=+1.10 w_v@goal=19.60 return=1009.0 length=80 success_rate=1.00 collisions/ep=0.08 (n=25)
Evaluation at update 70: return=1011.53, length=78.20, success_rate=1.00, collisions/ep=0.00
Solved-check at update 70: solved=True worst_gap=1.72 at p_x0=0.00 p_y0=-1.00 (consecutive=5)
update=71 global_step=145408 SPS=1559 w_ev=0.964 m_ev=0.995 m_v_bias=2.5 m_adv_std=11.2177 m_kl_max=0.0054 m_ratio_max=0.359 w_ax@goal=+1.16 w_v@goal=19.69 return=1001.9 length=81 success_rate=1.00 collisions/ep=0.33 (n=27)
update=72 global_step=147456 SPS=1567 w_ev=0.948 m_ev=0.984 m_v_bias=4.2 m_adv_std=20.9334 m_kl_max=0.0149 m_ratio_max=0.695 w_ax@goal=+1.00 w_v@goal=19.74 return=997.2 length=81 success_rate=1.00 collisions/ep=0.48 (n=25)
update=73 global_step=149504 SPS=1575 w_ev=0.921 m_ev=0.997 m_v_bias=-0.9 m_adv_std=9.0325 m_kl_max=0.0175 m_ratio_max=0.501 w_ax@goal=+0.99 w_v@goal=19.55 return=1006.9 length=79 success_rate=1.00 collisions/ep=0.16 (n=25)
update=74 global_step=151552 SPS=1583 w_ev=0.945 m_ev=0.990 m_v_bias=0.7 m_adv_std=16.6241 m_kl_max=0.0055 m_ratio_max=0.310 w_ax@goal=+0.88 w_v@goal=19.68 return=999.4 length=81 success_rate=1.00 collisions/ep=0.28 (n=25)
update=75 global_step=153600 SPS=1590 w_ev=0.943 m_ev=0.986 m_v_bias=-0.2 m_adv_std=19.4879 m_kl_max=0.0244 m_ratio_max=0.702 w_ax@goal=+1.07 w_v@goal=19.64 return=999.9 length=79 success_rate=1.00 collisions/ep=0.27 (n=26)
Evaluation at update 75: return=1012.00, length=77.70, success_rate=1.00, collisions/ep=0.00
Solved-check at update 75: solved=True worst_gap=1.00 at p_x0=1.00 p_y0=1.00 (consecutive=6)
update=76 global_step=155648 SPS=1563 w_ev=0.938 m_ev=0.997 m_v_bias=2.1 m_adv_std=9.0846 m_kl_max=0.0099 m_ratio_max=0.556 w_ax@goal=+1.11 w_v@goal=19.59 return=1007.8 length=79 success_rate=1.00 collisions/ep=0.11 (n=27)
update=77 global_step=157696 SPS=1571 w_ev=0.956 m_ev=0.997 m_v_bias=2.4 m_adv_std=9.8014 m_kl_max=0.0364 m_ratio_max=0.924 w_ax@goal=+1.04 w_v@goal=19.73 return=1007.5 length=78 success_rate=1.00 collisions/ep=0.23 (n=26)
update=78 global_step=159744 SPS=1577 w_ev=0.925 m_ev=0.984 m_v_bias=5.9 m_adv_std=21.1988 m_kl_max=0.0100 m_ratio_max=0.638 w_ax@goal=+1.08 w_v@goal=19.76 return=1001.7 length=79 success_rate=1.00 collisions/ep=0.20 (n=25)
update=79 global_step=161792 SPS=1585 w_ev=0.942 m_ev=0.997 m_v_bias=0.8 m_adv_std=8.7046 m_kl_max=0.0091 m_ratio_max=0.420 w_ax@goal=+1.04 w_v@goal=19.74 return=1003.9 length=80 success_rate=1.00 collisions/ep=0.19 (n=26)
update=80 global_step=163840 SPS=1592 w_ev=0.936 m_ev=0.998 m_v_bias=0.5 m_adv_std=7.0189 m_kl_max=0.0095 m_ratio_max=0.406 w_ax@goal=+0.96 w_v@goal=19.58 return=1009.6 length=80 success_rate=1.00 collisions/ep=0.16 (n=25)
Evaluation at update 80: return=1012.09, length=77.60, success_rate=1.00, collisions/ep=0.00
Solved-check at update 80: solved=True worst_gap=1.00 at p_x0=0.50 p_y0=1.00 (consecutive=7)
update=81 global_step=165888 SPS=1566 w_ev=0.910 m_ev=0.998 m_v_bias=-0.5 m_adv_std=7.6691 m_kl_max=0.0221 m_ratio_max=0.619 w_ax@goal=+0.94 w_v@goal=19.68 return=1009.5 length=79 success_rate=1.00 collisions/ep=0.04 (n=26)
update=82 global_step=167936 SPS=1573 w_ev=0.948 m_ev=0.999 m_v_bias=-1.0 m_adv_std=6.1017 m_kl_max=0.0063 m_ratio_max=0.379 w_ax@goal=+1.20 w_v@goal=19.78 return=1010.0 length=80 success_rate=1.00 collisions/ep=0.08 (n=25)
update=83 global_step=169984 SPS=1579 w_ev=0.954 m_ev=0.999 m_v_bias=-1.5 m_adv_std=3.7512 m_kl_max=0.0104 m_ratio_max=0.404 w_ax@goal=+1.27 w_v@goal=19.92 return=1011.6 length=78 success_rate=1.00 collisions/ep=0.00 (n=27)
update=84 global_step=172032 SPS=1586 w_ev=0.967 m_ev=0.998 m_v_bias=1.0 m_adv_std=8.1888 m_kl_max=0.0116 m_ratio_max=0.566 w_ax@goal=+1.13 w_v@goal=19.80 return=1010.4 length=80 success_rate=1.00 collisions/ep=0.04 (n=26)
update=85 global_step=174080 SPS=1592 w_ev=0.952 m_ev=0.997 m_v_bias=0.3 m_adv_std=8.4280 m_kl_max=0.0115 m_ratio_max=0.538 w_ax@goal=+1.17 w_v@goal=19.83 return=1004.4 length=81 success_rate=1.00 collisions/ep=0.20 (n=25)
Evaluation at update 85: return=1012.18, length=77.50, success_rate=1.00, collisions/ep=0.00
Solved-check at update 85: solved=True worst_gap=0.97 at p_x0=0.50 p_y0=1.00 (consecutive=8)
update=86 global_step=176128 SPS=1567 w_ev=0.955 m_ev=0.997 m_v_bias=0.5 m_adv_std=8.5222 m_kl_max=0.0165 m_ratio_max=0.525 w_ax@goal=+1.10 w_v@goal=19.93 return=1008.1 length=80 success_rate=1.00 collisions/ep=0.08 (n=25)
update=87 global_step=178176 SPS=1574 w_ev=0.949 m_ev=0.992 m_v_bias=3.2 m_adv_std=15.2171 m_kl_max=0.0223 m_ratio_max=1.448 w_ax@goal=+1.13 w_v@goal=19.88 return=1001.0 length=80 success_rate=1.00 collisions/ep=0.22 (n=27)
update=88 global_step=180224 SPS=1580 w_ev=0.943 m_ev=0.998 m_v_bias=-3.5 m_adv_std=6.8917 m_kl_max=0.0126 m_ratio_max=0.627 w_ax@goal=+1.10 w_v@goal=19.82 return=1012.4 length=80 success_rate=1.00 collisions/ep=0.00 (n=24)
update=89 global_step=182272 SPS=1586 w_ev=0.945 m_ev=0.998 m_v_bias=-0.7 m_adv_std=7.3998 m_kl_max=0.0157 m_ratio_max=0.524 w_ax@goal=+1.18 w_v@goal=19.83 return=1008.2 length=80 success_rate=1.00 collisions/ep=0.15 (n=26)
update=90 global_step=184320 SPS=1593 w_ev=0.960 m_ev=0.998 m_v_bias=-0.6 m_adv_std=6.5780 m_kl_max=0.0088 m_ratio_max=0.462 w_ax@goal=+1.17 w_v@goal=19.77 return=1009.8 length=79 success_rate=1.00 collisions/ep=0.04 (n=26)
Evaluation at update 90: return=1012.24, length=77.50, success_rate=1.00, collisions/ep=0.00
Solved-check at update 90: solved=True worst_gap=0.97 at p_x0=0.00 p_y0=1.00 (consecutive=9)
update=91 global_step=186368 SPS=1569 w_ev=0.962 m_ev=0.993 m_v_bias=3.9 m_adv_std=14.0504 m_kl_max=0.0076 m_ratio_max=0.910 w_ax@goal=+1.08 w_v@goal=19.87 return=1002.4 length=80 success_rate=1.00 collisions/ep=0.19 (n=26)
update=92 global_step=188416 SPS=1575 w_ev=0.973 m_ev=0.998 m_v_bias=-1.2 m_adv_std=6.3870 m_kl_max=0.0243 m_ratio_max=0.838 w_ax@goal=+1.32 w_v@goal=19.87 return=1010.0 length=80 success_rate=1.00 collisions/ep=0.08 (n=25)
update=93 global_step=190464 SPS=1580 w_ev=0.972 m_ev=1.000 m_v_bias=0.0 m_adv_std=3.4239 m_kl_max=0.0247 m_ratio_max=0.840 w_ax@goal=+1.24 w_v@goal=19.85 return=1012.0 length=79 success_rate=1.00 collisions/ep=0.04 (n=27)
update=94 global_step=192512 SPS=1587 w_ev=0.937 m_ev=0.984 m_v_bias=3.3 m_adv_std=21.1578 m_kl_max=0.0265 m_ratio_max=1.424 w_ax@goal=+1.33 w_v@goal=19.92 return=1010.6 length=79 success_rate=1.00 collisions/ep=0.04 (n=25)
update=95 global_step=194560 SPS=1593 w_ev=0.952 m_ev=0.999 m_v_bias=-1.7 m_adv_std=6.2085 m_kl_max=0.0077 m_ratio_max=0.436 w_ax@goal=+1.16 w_v@goal=19.86 return=1002.8 length=79 success_rate=1.00 collisions/ep=0.19 (n=26)
Evaluation at update 95: return=1012.41, length=77.35, success_rate=1.00, collisions/ep=0.00
Solved-check at update 95: solved=True worst_gap=0.71 at p_x0=0.00 p_y0=1.00 (consecutive=10)
update=96 global_step=196608 SPS=1570 w_ev=0.965 m_ev=0.997 m_v_bias=-0.5 m_adv_std=8.7079 m_kl_max=0.0101 m_ratio_max=0.470 w_ax@goal=+1.35 w_v@goal=19.87 return=1008.6 length=80 success_rate=1.00 collisions/ep=0.27 (n=26)
update=97 global_step=198656 SPS=1576 w_ev=0.966 m_ev=0.998 m_v_bias=-0.6 m_adv_std=6.5381 m_kl_max=0.0053 m_ratio_max=0.284 w_ax@goal=+1.19 w_v@goal=19.85 return=1010.6 length=79 success_rate=1.00 collisions/ep=0.23 (n=26)
update=98 global_step=200704 SPS=1581 w_ev=0.955 m_ev=0.992 m_v_bias=1.8 m_adv_std=14.6014 m_kl_max=0.0122 m_ratio_max=0.499 w_ax@goal=+1.31 w_v@goal=19.84 return=1004.7 length=80 success_rate=1.00 collisions/ep=0.24 (n=25)
update=99 global_step=202752 SPS=1587 w_ev=0.969 m_ev=1.000 m_v_bias=-3.7 m_adv_std=3.1926 m_kl_max=0.0112 m_ratio_max=0.518 w_ax@goal=+1.34 w_v@goal=19.83 return=1012.4 length=79 success_rate=1.00 collisions/ep=0.04 (n=25)
update=100 global_step=204800 SPS=1593 w_ev=0.975 m_ev=0.998 m_v_bias=1.7 m_adv_std=8.3670 m_kl_max=0.0069 m_ratio_max=0.818 w_ax@goal=+1.32 w_v@goal=19.81 return=1010.7 length=79 success_rate=1.00 collisions/ep=0.11 (n=28)
Evaluation at update 100: return=1012.50, length=77.25, success_rate=1.00, collisions/ep=0.00
Solved-check at update 100: solved=True worst_gap=0.60 at p_x0=0.00 p_y0=1.00 (consecutive=11)
Saved checkpoints to C:\Users\loren\Desktop\MASTER THESIS\5_CODE\scenarios\slalom\studies\init_sampler_hppo_rep\hppo_uniform\runs\hppo_slalom_39_1791044563
