Using device: cpu
Solved-check: precomputed optimal returns for 25 fixed initial conditions (mean=1013.0, min=1011.0, max=1015.0); solved-tolerance=5.0
num_envs=8 num_steps_per_env=256 worker_batch_size=2048 worker_minibatch_size=256 num_updates=100 timesteps=204800
update=1 global_step=2048 SPS=905 w_ev=-0.028 m_ev=-0.000 m_v_bias=163.7 m_adv_std=209.2889 m_kl_max=0.0007 m_ratio_max=0.116 w_ax@goal=-0.15 w_v@goal=0.16 return=-722.1 length=189 success_rate=0.12 collisions/ep=13.62 (n=8)
update=2 global_step=4096 SPS=959 w_ev=0.224 m_ev=0.081 m_v_bias=-15.3 m_adv_std=169.3219 m_kl_max=0.0011 m_ratio_max=0.151 w_ax@goal=-0.18 w_v@goal=-0.15 return=-373.6 length=193 success_rate=0.12 collisions/ep=6.25 (n=8)
update=3 global_step=6144 SPS=921 w_ev=0.333 m_ev=0.292 m_v_bias=-85.8 m_adv_std=260.4641 m_kl_max=0.0049 m_ratio_max=0.372 w_ax@goal=-0.14 w_v@goal=1.49 return=68.2 length=172 success_rate=0.43 collisions/ep=4.79 (n=14)
update=4 global_step=8192 SPS=900 w_ev=0.594 m_ev=0.537 m_v_bias=-84.6 m_adv_std=189.2743 m_kl_max=0.0045 m_ratio_max=0.304 w_ax@goal=-0.05 w_v@goal=4.73 return=226.0 length=159 success_rate=0.55 collisions/ep=4.64 (n=11)
update=5 global_step=10240 SPS=891 w_ev=0.746 m_ev=0.486 m_v_bias=-74.0 m_adv_std=231.1766 m_kl_max=0.0063 m_ratio_max=0.418 w_ax@goal=+0.08 w_v@goal=8.26 return=319.2 length=167 success_rate=0.67 collisions/ep=5.13 (n=15)
Evaluation at update 5: return=578.75, length=91.95, success_rate=1.00, collisions/ep=8.40
Solved-check at update 5: solved=False worst_gap=464.66 at p_x0=1.50 p_y0=-0.50 (consecutive=0)
update=6 global_step=12288 SPS=550 w_ev=0.914 m_ev=0.660 m_v_bias=-106.8 m_adv_std=170.9503 m_kl_max=0.0097 m_ratio_max=0.418 w_ax@goal=+0.28 w_v@goal=14.10 return=607.5 length=131 success_rate=0.88 collisions/ep=4.65 (n=17)
update=7 global_step=14336 SPS=577 w_ev=0.933 m_ev=0.668 m_v_bias=-38.9 m_adv_std=146.1912 m_kl_max=0.0061 m_ratio_max=0.484 w_ax@goal=+0.29 w_v@goal=16.78 return=832.8 length=102 success_rate=1.00 collisions/ep=3.17 (n=18)
update=8 global_step=16384 SPS=600 w_ev=0.938 m_ev=0.888 m_v_bias=-44.1 m_adv_std=81.2554 m_kl_max=0.0052 m_ratio_max=0.291 w_ax@goal=+0.29 w_v@goal=17.55 return=793.1 length=100 success_rate=1.00 collisions/ep=4.00 (n=22)
update=9 global_step=18432 SPS=615 w_ev=0.951 m_ev=0.884 m_v_bias=-9.8 m_adv_std=81.0863 m_kl_max=0.0059 m_ratio_max=0.346 w_ax@goal=+0.76 w_v@goal=19.81 return=823.2 length=94 success_rate=1.00 collisions/ep=3.57 (n=23)
update=10 global_step=20480 SPS=621 w_ev=0.942 m_ev=0.895 m_v_bias=2.2 m_adv_std=72.5292 m_kl_max=0.0106 m_ratio_max=0.646 w_ax@goal=+0.48 w_v@goal=19.75 return=830.1 length=91 success_rate=1.00 collisions/ep=3.48 (n=23)
Evaluation at update 10: return=939.48, length=81.30, success_rate=1.00, collisions/ep=1.40
Solved-check at update 10: solved=False worst_gap=453.03 at p_x0=2.00 p_y0=-1.00 (consecutive=0)
update=11 global_step=22528 SPS=514 w_ev=0.911 m_ev=0.913 m_v_bias=3.6 m_adv_std=64.7929 m_kl_max=0.0134 m_ratio_max=0.645 w_ax@goal=+0.74 w_v@goal=19.94 return=842.2 length=84 success_rate=1.00 collisions/ep=3.29 (n=24)
update=12 global_step=24576 SPS=535 w_ev=0.927 m_ev=0.915 m_v_bias=-4.7 m_adv_std=63.1142 m_kl_max=0.0090 m_ratio_max=0.384 w_ax@goal=+0.63 w_v@goal=19.95 return=836.6 length=84 success_rate=1.00 collisions/ep=3.42 (n=24)
update=13 global_step=26624 SPS=555 w_ev=0.943 m_ev=0.925 m_v_bias=-3.4 m_adv_std=57.9149 m_kl_max=0.0107 m_ratio_max=0.599 w_ax@goal=+0.61 w_v@goal=19.39 return=868.3 length=84 success_rate=1.00 collisions/ep=2.79 (n=24)
update=14 global_step=28672 SPS=571 w_ev=0.924 m_ev=0.881 m_v_bias=16.3 m_adv_std=77.6223 m_kl_max=0.0041 m_ratio_max=0.252 w_ax@goal=+0.74 w_v@goal=19.50 return=812.3 length=83 success_rate=1.00 collisions/ep=3.92 (n=24)
update=15 global_step=30720 SPS=582 w_ev=0.930 m_ev=0.885 m_v_bias=-0.3 m_adv_std=70.8906 m_kl_max=0.0089 m_ratio_max=0.495 w_ax@goal=+0.66 w_v@goal=19.61 return=860.8 length=83 success_rate=1.00 collisions/ep=2.92 (n=24)
Evaluation at update 15: return=961.06, length=79.90, success_rate=1.00, collisions/ep=1.00
Solved-check at update 15: solved=False worst_gap=101.63 at p_x0=2.00 p_y0=-1.00 (consecutive=0)
update=16 global_step=32768 SPS=521 w_ev=0.932 m_ev=0.929 m_v_bias=-10.2 m_adv_std=56.4086 m_kl_max=0.0038 m_ratio_max=0.241 w_ax@goal=+0.65 w_v@goal=19.51 return=848.9 length=84 success_rate=1.00 collisions/ep=3.21 (n=24)
update=17 global_step=34816 SPS=533 w_ev=0.937 m_ev=0.945 m_v_bias=-8.5 m_adv_std=46.5951 m_kl_max=0.0021 m_ratio_max=0.256 w_ax@goal=+0.61 w_v@goal=19.53 return=867.2 length=83 success_rate=1.00 collisions/ep=2.85 (n=26)
update=18 global_step=36864 SPS=542 w_ev=0.948 m_ev=0.968 m_v_bias=-18.3 m_adv_std=34.1934 m_kl_max=0.0179 m_ratio_max=0.604 w_ax@goal=+0.94 w_v@goal=19.47 return=917.7 length=84 success_rate=1.00 collisions/ep=1.84 (n=25)
update=19 global_step=38912 SPS=552 w_ev=0.944 m_ev=0.910 m_v_bias=20.1 m_adv_std=64.4849 m_kl_max=0.0048 m_ratio_max=0.538 w_ax@goal=+0.72 w_v@goal=19.45 return=859.7 length=80 success_rate=1.00 collisions/ep=3.00 (n=26)
update=20 global_step=40960 SPS=562 w_ev=0.950 m_ev=0.953 m_v_bias=-12.4 m_adv_std=43.4468 m_kl_max=0.0105 m_ratio_max=0.513 w_ax@goal=+0.93 w_v@goal=19.51 return=892.5 length=81 success_rate=1.00 collisions/ep=2.36 (n=25)
Evaluation at update 20: return=948.89, length=79.45, success_rate=1.00, collisions/ep=1.25
Solved-check at update 20: solved=False worst_gap=351.35 at p_x0=1.50 p_y0=-1.00 (consecutive=0)
update=21 global_step=43008 SPS=519 w_ev=0.962 m_ev=0.980 m_v_bias=-18.5 m_adv_std=26.4990 m_kl_max=0.0107 m_ratio_max=0.453 w_ax@goal=+0.77 w_v@goal=19.41 return=932.2 length=80 success_rate=1.00 collisions/ep=1.56 (n=27)
update=22 global_step=45056 SPS=529 w_ev=0.950 m_ev=0.948 m_v_bias=2.7 m_adv_std=44.2100 m_kl_max=0.0026 m_ratio_max=0.253 w_ax@goal=+1.03 w_v@goal=19.32 return=912.3 length=78 success_rate=1.00 collisions/ep=1.96 (n=25)
update=23 global_step=47104 SPS=537 w_ev=0.957 m_ev=0.961 m_v_bias=-11.2 m_adv_std=35.2274 m_kl_max=0.0027 m_ratio_max=0.423 w_ax@goal=+0.87 w_v@goal=19.21 return=930.6 length=81 success_rate=1.00 collisions/ep=1.60 (n=25)
update=24 global_step=49152 SPS=546 w_ev=0.935 m_ev=0.943 m_v_bias=11.1 m_adv_std=46.3407 m_kl_max=0.0028 m_ratio_max=0.370 w_ax@goal=+0.93 w_v@goal=19.28 return=916.2 length=81 success_rate=1.00 collisions/ep=1.88 (n=25)
update=25 global_step=51200 SPS=555 w_ev=0.963 m_ev=0.978 m_v_bias=-11.8 m_adv_std=27.7547 m_kl_max=0.0024 m_ratio_max=0.233 w_ax@goal=+1.02 w_v@goal=19.37 return=930.0 length=80 success_rate=1.00 collisions/ep=1.65 (n=26)
Evaluation at update 25: return=941.69, length=79.10, success_rate=1.00, collisions/ep=1.40
Solved-check at update 25: solved=False worst_gap=450.85 at p_x0=2.00 p_y0=-1.00 (consecutive=0)
update=26 global_step=53248 SPS=521 w_ev=0.945 m_ev=0.951 m_v_bias=2.3 m_adv_std=41.3588 m_kl_max=0.0156 m_ratio_max=0.735 w_ax@goal=+0.95 w_v@goal=19.30 return=936.4 length=82 success_rate=1.00 collisions/ep=1.48 (n=27)
update=27 global_step=55296 SPS=529 w_ev=0.948 m_ev=0.954 m_v_bias=-1.9 m_adv_std=40.9016 m_kl_max=0.0137 m_ratio_max=0.538 w_ax@goal=+1.06 w_v@goal=19.29 return=934.6 length=78 success_rate=1.00 collisions/ep=1.52 (n=25)
update=28 global_step=57344 SPS=537 w_ev=0.945 m_ev=0.959 m_v_bias=-3.4 m_adv_std=38.8505 m_kl_max=0.0168 m_ratio_max=0.560 w_ax@goal=+1.07 w_v@goal=19.29 return=939.1 length=81 success_rate=1.00 collisions/ep=1.44 (n=25)
update=29 global_step=59392 SPS=542 w_ev=0.912 m_ev=0.902 m_v_bias=11.5 m_adv_std=64.3164 m_kl_max=0.0103 m_ratio_max=0.444 w_ax@goal=+0.91 w_v@goal=19.24 return=887.4 length=81 success_rate=1.00 collisions/ep=2.56 (n=25)
update=30 global_step=61440 SPS=548 w_ev=0.936 m_ev=0.925 m_v_bias=-11.9 m_adv_std=54.1202 m_kl_max=0.0079 m_ratio_max=0.343 w_ax@goal=+0.81 w_v@goal=19.17 return=955.0 length=82 success_rate=1.00 collisions/ep=1.12 (n=24)
Evaluation at update 30: return=962.02, length=78.90, success_rate=1.00, collisions/ep=1.00
Solved-check at update 30: solved=False worst_gap=450.60 at p_x0=2.00 p_y0=-1.00 (consecutive=0)
update=31 global_step=63488 SPS=523 w_ev=0.947 m_ev=0.967 m_v_bias=-11.1 m_adv_std=33.5681 m_kl_max=0.0133 m_ratio_max=0.613 w_ax@goal=+1.04 w_v@goal=19.04 return=942.9 length=80 success_rate=1.00 collisions/ep=1.44 (n=27)
update=32 global_step=65536 SPS=528 w_ev=0.956 m_ev=0.975 m_v_bias=-0.5 m_adv_std=28.6691 m_kl_max=0.0122 m_ratio_max=0.555 w_ax@goal=+0.84 w_v@goal=19.27 return=968.6 length=80 success_rate=1.00 collisions/ep=0.88 (n=26)
update=33 global_step=67584 SPS=533 w_ev=0.950 m_ev=0.970 m_v_bias=3.8 m_adv_std=31.0583 m_kl_max=0.0095 m_ratio_max=0.437 w_ax@goal=+0.97 w_v@goal=19.34 return=936.4 length=78 success_rate=1.00 collisions/ep=1.62 (n=26)
update=34 global_step=69632 SPS=539 w_ev=0.928 m_ev=0.917 m_v_bias=8.5 m_adv_std=51.8801 m_kl_max=0.0154 m_ratio_max=0.885 w_ax@goal=+0.93 w_v@goal=19.20 return=935.1 length=80 success_rate=1.00 collisions/ep=1.68 (n=25)
update=35 global_step=71680 SPS=544 w_ev=0.953 m_ev=0.976 m_v_bias=-8.5 m_adv_std=27.3954 m_kl_max=0.0193 m_ratio_max=0.964 w_ax@goal=+1.05 w_v@goal=19.17 return=964.0 length=81 success_rate=1.00 collisions/ep=0.96 (n=25)
Evaluation at update 35: return=1012.24, length=78.70, success_rate=1.00, collisions/ep=0.00
Solved-check at update 35: solved=True worst_gap=0.91 at p_x0=0.50 p_y0=-1.00 (consecutive=0)
update=36 global_step=73728 SPS=517 w_ev=0.940 m_ev=0.934 m_v_bias=4.2 m_adv_std=46.5722 m_kl_max=0.0066 m_ratio_max=0.326 w_ax@goal=+0.96 w_v@goal=19.29 return=953.5 length=81 success_rate=1.00 collisions/ep=1.21 (n=24)
update=37 global_step=75776 SPS=522 w_ev=0.915 m_ev=0.896 m_v_bias=3.9 m_adv_std=60.5928 m_kl_max=0.0136 m_ratio_max=0.576 w_ax@goal=+1.03 w_v@goal=19.35 return=962.1 length=81 success_rate=1.00 collisions/ep=1.04 (n=28)
update=38 global_step=77824 SPS=527 w_ev=0.942 m_ev=0.985 m_v_bias=-14.5 m_adv_std=22.0488 m_kl_max=0.0206 m_ratio_max=0.695 w_ax@goal=+0.86 w_v@goal=19.25 return=978.5 length=80 success_rate=1.00 collisions/ep=0.65 (n=26)
update=39 global_step=79872 SPS=533 w_ev=0.933 m_ev=0.956 m_v_bias=2.0 m_adv_std=35.5575 m_kl_max=0.0387 m_ratio_max=0.909 w_ax@goal=+0.92 w_v@goal=19.18 return=976.6 length=81 success_rate=1.00 collisions/ep=0.79 (n=24)
update=40 global_step=81920 SPS=538 w_ev=0.954 m_ev=0.986 m_v_bias=-3.6 m_adv_std=20.4185 m_kl_max=0.0070 m_ratio_max=0.446 w_ax@goal=+0.69 w_v@goal=19.11 return=986.0 length=80 success_rate=1.00 collisions/ep=0.54 (n=26)
Evaluation at update 40: return=1012.18, length=78.75, success_rate=1.00, collisions/ep=0.00
Solved-check at update 40: solved=False worst_gap=50.51 at p_x0=2.00 p_y0=-1.00 (consecutive=1)
update=41 global_step=83968 SPS=519 w_ev=0.952 m_ev=0.984 m_v_bias=1.5 m_adv_std=21.6283 m_kl_max=0.0078 m_ratio_max=0.565 w_ax@goal=+0.82 w_v@goal=19.16 return=980.3 length=80 success_rate=1.00 collisions/ep=0.62 (n=24)
update=42 global_step=86016 SPS=524 w_ev=0.961 m_ev=0.990 m_v_bias=-8.5 m_adv_std=16.4877 m_kl_max=0.0244 m_ratio_max=0.710 w_ax@goal=+0.82 w_v@goal=19.19 return=991.9 length=79 success_rate=1.00 collisions/ep=0.46 (n=28)
update=43 global_step=88064 SPS=529 w_ev=0.942 m_ev=0.910 m_v_bias=11.1 m_adv_std=54.0169 m_kl_max=0.0155 m_ratio_max=0.615 w_ax@goal=+1.02 w_v@goal=19.32 return=973.1 length=78 success_rate=1.00 collisions/ep=0.77 (n=26)
update=44 global_step=90112 SPS=534 w_ev=0.941 m_ev=0.962 m_v_bias=3.3 m_adv_std=33.6472 m_kl_max=0.0142 m_ratio_max=0.537 w_ax@goal=+0.89 w_v@goal=19.27 return=975.6 length=81 success_rate=1.00 collisions/ep=0.72 (n=25)
update=45 global_step=92160 SPS=539 w_ev=0.958 m_ev=0.981 m_v_bias=-4.8 m_adv_std=23.1572 m_kl_max=0.0090 m_ratio_max=0.453 w_ax@goal=+0.72 w_v@goal=19.26 return=990.4 length=81 success_rate=1.00 collisions/ep=0.46 (n=24)
Evaluation at update 45: return=1012.12, length=78.85, success_rate=1.00, collisions/ep=0.00
Solved-check at update 45: solved=True worst_gap=1.15 at p_x0=0.00 p_y0=-1.00 (consecutive=0)
update=46 global_step=94208 SPS=521 w_ev=0.950 m_ev=0.954 m_v_bias=9.6 m_adv_std=38.9475 m_kl_max=0.0105 m_ratio_max=0.515 w_ax@goal=+0.94 w_v@goal=19.24 return=960.0 length=82 success_rate=1.00 collisions/ep=1.12 (n=25)
update=47 global_step=96256 SPS=525 w_ev=0.953 m_ev=0.986 m_v_bias=-7.5 m_adv_std=20.1283 m_kl_max=0.0081 m_ratio_max=0.535 w_ax@goal=+0.82 w_v@goal=19.03 return=997.1 length=81 success_rate=1.00 collisions/ep=0.33 (n=27)
update=48 global_step=98304 SPS=530 w_ev=0.937 m_ev=0.957 m_v_bias=7.0 m_adv_std=36.1889 m_kl_max=0.0184 m_ratio_max=0.724 w_ax@goal=+0.96 w_v@goal=19.30 return=973.7 length=80 success_rate=1.00 collisions/ep=0.80 (n=25)
update=49 global_step=100352 SPS=534 w_ev=0.952 m_ev=0.988 m_v_bias=-5.3 m_adv_std=18.4511 m_kl_max=0.0117 m_ratio_max=0.476 w_ax@goal=+0.79 w_v@goal=19.28 return=997.4 length=81 success_rate=1.00 collisions/ep=0.36 (n=25)
update=50 global_step=102400 SPS=538 w_ev=0.942 m_ev=0.956 m_v_bias=6.0 m_adv_std=36.8409 m_kl_max=0.0064 m_ratio_max=0.394 w_ax@goal=+0.94 w_v@goal=19.10 return=987.5 length=79 success_rate=1.00 collisions/ep=0.60 (n=25)
Evaluation at update 50: return=1011.92, length=78.90, success_rate=1.00, collisions/ep=0.00
Solved-check at update 50: solved=True worst_gap=1.23 at p_x0=0.00 p_y0=-1.00 (consecutive=1)
Solved criterion held for 2 consecutive evals (tolerance=5.0) at global_step=102400.
update=51 global_step=104448 SPS=522 w_ev=0.944 m_ev=0.975 m_v_bias=0.3 m_adv_std=27.3062 m_kl_max=0.0308 m_ratio_max=1.327 w_ax@goal=+1.09 w_v@goal=19.11 return=967.3 length=81 success_rate=1.00 collisions/ep=0.96 (n=26)
update=52 global_step=106496 SPS=526 w_ev=0.956 m_ev=0.986 m_v_bias=1.0 m_adv_std=20.2972 m_kl_max=0.0128 m_ratio_max=0.481 w_ax@goal=+0.90 w_v@goal=19.15 return=992.0 length=81 success_rate=1.00 collisions/ep=0.38 (n=26)
update=53 global_step=108544 SPS=529 w_ev=0.950 m_ev=0.985 m_v_bias=-1.3 m_adv_std=21.2370 m_kl_max=0.0188 m_ratio_max=0.748 w_ax@goal=+0.94 w_v@goal=19.02 return=992.9 length=81 success_rate=1.00 collisions/ep=0.36 (n=25)
update=54 global_step=110592 SPS=533 w_ev=0.946 m_ev=0.937 m_v_bias=11.8 m_adv_std=44.7112 m_kl_max=0.0429 m_ratio_max=1.741 w_ax@goal=+0.92 w_v@goal=19.22 return=971.6 length=82 success_rate=1.00 collisions/ep=0.84 (n=25)
update=55 global_step=112640 SPS=537 w_ev=0.956 m_ev=0.975 m_v_bias=-7.2 m_adv_std=26.7979 m_kl_max=0.0284 m_ratio_max=0.641 w_ax@goal=+0.91 w_v@goal=19.16 return=984.1 length=79 success_rate=1.00 collisions/ep=0.58 (n=24)
Evaluation at update 55: return=1011.70, length=79.10, success_rate=1.00, collisions/ep=0.00
Solved-check at update 55: solved=False worst_gap=51.49 at p_x0=0.00 p_y0=1.00 (consecutive=2)
update=56 global_step=114688 SPS=523 w_ev=0.953 m_ev=0.980 m_v_bias=-4.6 m_adv_std=23.5756 m_kl_max=0.0241 m_ratio_max=1.064 w_ax@goal=+0.94 w_v@goal=19.14 return=979.9 length=80 success_rate=1.00 collisions/ep=0.78 (n=27)
update=57 global_step=116736 SPS=526 w_ev=0.957 m_ev=0.988 m_v_bias=-0.7 m_adv_std=19.6695 m_kl_max=0.0140 m_ratio_max=0.597 w_ax@goal=+0.94 w_v@goal=19.11 return=992.1 length=82 success_rate=1.00 collisions/ep=0.38 (n=26)
update=58 global_step=118784 SPS=530 w_ev=0.936 m_ev=0.962 m_v_bias=2.2 m_adv_std=33.4412 m_kl_max=0.0125 m_ratio_max=0.671 w_ax@goal=+0.81 w_v@goal=19.25 return=985.3 length=81 success_rate=1.00 collisions/ep=0.54 (n=26)
update=59 global_step=120832 SPS=533 w_ev=0.955 m_ev=0.984 m_v_bias=-1.6 m_adv_std=21.7865 m_kl_max=0.0118 m_ratio_max=0.511 w_ax@goal=+0.94 w_v@goal=19.20 return=990.4 length=79 success_rate=1.00 collisions/ep=0.40 (n=25)
update=60 global_step=122880 SPS=536 w_ev=0.929 m_ev=0.930 m_v_bias=16.9 m_adv_std=47.6507 m_kl_max=0.0080 m_ratio_max=0.491 w_ax@goal=+0.72 w_v@goal=19.25 return=962.6 length=82 success_rate=1.00 collisions/ep=0.96 (n=25)
Evaluation at update 60: return=1003.96, length=79.40, success_rate=1.00, collisions/ep=0.15
Solved-check at update 60: solved=False worst_gap=151.71 at p_x0=0.00 p_y0=1.00 (consecutive=0)
update=61 global_step=124928 SPS=524 w_ev=0.931 m_ev=0.964 m_v_bias=-3.8 m_adv_std=32.8968 m_kl_max=0.0107 m_ratio_max=0.478 w_ax@goal=+0.87 w_v@goal=19.32 return=975.0 length=81 success_rate=1.00 collisions/ep=0.75 (n=24)
update=62 global_step=126976 SPS=527 w_ev=0.947 m_ev=0.947 m_v_bias=6.9 m_adv_std=42.4334 m_kl_max=0.0263 m_ratio_max=0.671 w_ax@goal=+0.85 w_v@goal=19.31 return=951.2 length=80 success_rate=1.00 collisions/ep=1.19 (n=26)
update=63 global_step=129024 SPS=530 w_ev=0.948 m_ev=0.958 m_v_bias=7.1 m_adv_std=38.4400 m_kl_max=0.0047 m_ratio_max=0.318 w_ax@goal=+0.96 w_v@goal=19.28 return=946.6 length=81 success_rate=1.00 collisions/ep=1.32 (n=25)
update=64 global_step=131072 SPS=533 w_ev=0.952 m_ev=0.962 m_v_bias=-8.3 m_adv_std=34.2334 m_kl_max=0.0167 m_ratio_max=0.544 w_ax@goal=+0.95 w_v@goal=19.31 return=966.7 length=79 success_rate=1.00 collisions/ep=0.88 (n=26)
update=65 global_step=133120 SPS=536 w_ev=0.945 m_ev=0.965 m_v_bias=-0.7 m_adv_std=34.4081 m_kl_max=0.0283 m_ratio_max=0.922 w_ax@goal=+0.93 w_v@goal=19.31 return=971.1 length=81 success_rate=1.00 collisions/ep=0.80 (n=25)
Evaluation at update 65: return=1007.02, length=78.90, success_rate=1.00, collisions/ep=0.10
Solved-check at update 65: solved=False worst_gap=101.26 at p_x0=0.00 p_y0=1.00 (consecutive=0)
update=66 global_step=135168 SPS=523 w_ev=0.942 m_ev=0.944 m_v_bias=13.2 m_adv_std=44.1506 m_kl_max=0.0182 m_ratio_max=0.537 w_ax@goal=+0.95 w_v@goal=19.24 return=932.1 length=81 success_rate=1.00 collisions/ep=1.59 (n=27)
update=67 global_step=137216 SPS=526 w_ev=0.943 m_ev=0.969 m_v_bias=-9.8 m_adv_std=30.9304 m_kl_max=0.0167 m_ratio_max=0.545 w_ax@goal=+1.04 w_v@goal=19.29 return=973.1 length=79 success_rate=1.00 collisions/ep=0.76 (n=25)
update=68 global_step=139264 SPS=529 w_ev=0.931 m_ev=0.958 m_v_bias=-3.3 m_adv_std=38.2331 m_kl_max=0.0171 m_ratio_max=0.712 w_ax@goal=+0.99 w_v@goal=19.20 return=957.2 length=81 success_rate=1.00 collisions/ep=1.08 (n=24)
update=69 global_step=141312 SPS=532 w_ev=0.935 m_ev=0.953 m_v_bias=-3.7 m_adv_std=38.8013 m_kl_max=0.0084 m_ratio_max=0.522 w_ax@goal=+0.78 w_v@goal=19.19 return=964.9 length=80 success_rate=1.00 collisions/ep=1.04 (n=26)
update=70 global_step=143360 SPS=535 w_ev=0.919 m_ev=0.940 m_v_bias=3.4 m_adv_std=45.6786 m_kl_max=0.0170 m_ratio_max=0.592 w_ax@goal=+0.98 w_v@goal=19.55 return=961.3 length=81 success_rate=1.00 collisions/ep=1.08 (n=26)
Evaluation at update 70: return=1012.15, length=78.70, success_rate=1.00, collisions/ep=0.00
Solved-check at update 70: solved=True worst_gap=1.15 at p_x0=0.00 p_y0=1.00 (consecutive=0)
update=71 global_step=145408 SPS=524 w_ev=0.923 m_ev=0.954 m_v_bias=-1.9 m_adv_std=38.6096 m_kl_max=0.0067 m_ratio_max=0.393 w_ax@goal=+1.05 w_v@goal=19.27 return=976.2 length=82 success_rate=1.00 collisions/ep=0.69 (n=26)
update=72 global_step=147456 SPS=526 w_ev=0.932 m_ev=0.985 m_v_bias=-4.0 m_adv_std=20.5963 m_kl_max=0.0242 m_ratio_max=1.330 w_ax@goal=+1.04 w_v@goal=19.09 return=986.1 length=80 success_rate=1.00 collisions/ep=0.54 (n=26)
update=73 global_step=149504 SPS=529 w_ev=0.939 m_ev=0.982 m_v_bias=-2.4 m_adv_std=23.3312 m_kl_max=0.0159 m_ratio_max=0.789 w_ax@goal=+1.00 w_v@goal=19.22 return=980.5 length=81 success_rate=1.00 collisions/ep=0.62 (n=24)
update=74 global_step=151552 SPS=532 w_ev=0.938 m_ev=0.984 m_v_bias=2.3 m_adv_std=21.4196 m_kl_max=0.0080 m_ratio_max=0.533 w_ax@goal=+1.13 w_v@goal=19.17 return=989.5 length=80 success_rate=1.00 collisions/ep=0.44 (n=25)
update=75 global_step=153600 SPS=534 w_ev=0.931 m_ev=0.986 m_v_bias=1.9 m_adv_std=20.7264 m_kl_max=0.0142 m_ratio_max=0.478 w_ax@goal=+1.14 w_v@goal=19.30 return=984.1 length=79 success_rate=1.00 collisions/ep=0.54 (n=26)
Evaluation at update 75: return=1012.18, length=78.70, success_rate=1.00, collisions/ep=0.00
Solved-check at update 75: solved=True worst_gap=1.04 at p_x0=0.00 p_y0=1.00 (consecutive=1)
update=76 global_step=155648 SPS=523 w_ev=0.928 m_ev=0.945 m_v_bias=9.7 m_adv_std=42.9050 m_kl_max=0.0055 m_ratio_max=0.386 w_ax@goal=+1.08 w_v@goal=19.29 return=959.6 length=82 success_rate=1.00 collisions/ep=1.07 (n=27)
update=77 global_step=157696 SPS=526 w_ev=0.943 m_ev=0.976 m_v_bias=-1.4 m_adv_std=27.9330 m_kl_max=0.0235 m_ratio_max=0.924 w_ax@goal=+0.86 w_v@goal=19.25 return=973.3 length=82 success_rate=1.00 collisions/ep=0.76 (n=25)
update=78 global_step=159744 SPS=528 w_ev=0.957 m_ev=0.984 m_v_bias=-3.7 m_adv_std=22.1193 m_kl_max=0.0293 m_ratio_max=1.007 w_ax@goal=+0.87 w_v@goal=19.12 return=985.1 length=81 success_rate=1.00 collisions/ep=0.60 (n=25)
update=79 global_step=161792 SPS=531 w_ev=0.936 m_ev=0.944 m_v_bias=3.7 m_adv_std=42.5997 m_kl_max=0.0206 m_ratio_max=0.813 w_ax@goal=+0.82 w_v@goal=19.10 return=981.8 length=79 success_rate=1.00 collisions/ep=0.58 (n=24)
update=80 global_step=163840 SPS=534 w_ev=0.952 m_ev=0.975 m_v_bias=-5.1 m_adv_std=26.2323 m_kl_max=0.0093 m_ratio_max=0.729 w_ax@goal=+0.92 w_v@goal=19.18 return=976.7 length=79 success_rate=1.00 collisions/ep=0.73 (n=26)
Evaluation at update 80: return=1012.20, length=78.75, success_rate=1.00, collisions/ep=0.00
Solved-check at update 80: solved=True worst_gap=0.99 at p_x0=0.00 p_y0=1.00 (consecutive=2)
update=81 global_step=165888 SPS=523 w_ev=0.955 m_ev=0.978 m_v_bias=1.3 m_adv_std=25.6139 m_kl_max=0.0100 m_ratio_max=0.593 w_ax@goal=+0.83 w_v@goal=19.08 return=986.3 length=79 success_rate=1.00 collisions/ep=0.50 (n=28)
update=82 global_step=167936 SPS=525 w_ev=0.951 m_ev=0.982 m_v_bias=3.0 m_adv_std=22.8009 m_kl_max=0.0236 m_ratio_max=1.009 w_ax@goal=+0.77 w_v@goal=19.21 return=982.2 length=80 success_rate=1.00 collisions/ep=0.65 (n=26)
update=83 global_step=169984 SPS=527 w_ev=0.933 m_ev=0.980 m_v_bias=-2.9 m_adv_std=24.0893 m_kl_max=0.0091 m_ratio_max=0.594 w_ax@goal=+0.79 w_v@goal=19.41 return=993.7 length=81 success_rate=1.00 collisions/ep=0.36 (n=25)
update=84 global_step=172032 SPS=530 w_ev=0.925 m_ev=0.951 m_v_bias=9.0 m_adv_std=38.3983 m_kl_max=0.0106 m_ratio_max=0.409 w_ax@goal=+0.90 w_v@goal=19.34 return=961.8 length=80 success_rate=1.00 collisions/ep=1.00 (n=24)
update=85 global_step=174080 SPS=531 w_ev=0.953 m_ev=0.978 m_v_bias=-12.3 m_adv_std=25.9643 m_kl_max=0.0130 m_ratio_max=0.529 w_ax@goal=+0.91 w_v@goal=19.23 return=989.0 length=80 success_rate=1.00 collisions/ep=0.46 (n=24)
Evaluation at update 85: return=1012.32, length=78.50, success_rate=1.00, collisions/ep=0.00
Solved-check at update 85: solved=True worst_gap=0.96 at p_x0=0.00 p_y0=0.50 (consecutive=3)
update=86 global_step=176128 SPS=522 w_ev=0.953 m_ev=0.990 m_v_bias=-0.9 m_adv_std=17.1408 m_kl_max=0.0095 m_ratio_max=0.429 w_ax@goal=+0.90 w_v@goal=19.27 return=996.9 length=81 success_rate=1.00 collisions/ep=0.29 (n=28)
update=87 global_step=178176 SPS=524 w_ev=0.959 m_ev=0.986 m_v_bias=-1.1 m_adv_std=20.0033 m_kl_max=0.0072 m_ratio_max=0.436 w_ax@goal=+0.79 w_v@goal=19.41 return=992.1 length=80 success_rate=1.00 collisions/ep=0.38 (n=26)
update=88 global_step=180224 SPS=527 w_ev=0.952 m_ev=0.989 m_v_bias=-2.3 m_adv_std=17.5005 m_kl_max=0.0080 m_ratio_max=0.748 w_ax@goal=+0.96 w_v@goal=19.26 return=1001.8 length=80 success_rate=1.00 collisions/ep=0.20 (n=25)
update=89 global_step=182272 SPS=529 w_ev=0.937 m_ev=0.973 m_v_bias=4.8 m_adv_std=26.9518 m_kl_max=0.0207 m_ratio_max=0.978 w_ax@goal=+0.92 w_v@goal=19.22 return=985.3 length=77 success_rate=1.00 collisions/ep=0.52 (n=25)
update=90 global_step=184320 SPS=531 w_ev=0.946 m_ev=0.989 m_v_bias=1.8 m_adv_std=17.8598 m_kl_max=0.0127 m_ratio_max=0.595 w_ax@goal=+0.87 w_v@goal=19.06 return=993.7 length=79 success_rate=1.00 collisions/ep=0.39 (n=28)
Evaluation at update 90: return=1012.45, length=78.35, success_rate=1.00, collisions/ep=0.00
Solved-check at update 90: solved=True worst_gap=0.89 at p_x0=0.00 p_y0=1.00 (consecutive=4)
update=91 global_step=186368 SPS=521 w_ev=0.951 m_ev=0.996 m_v_bias=-2.8 m_adv_std=10.9326 m_kl_max=0.0140 m_ratio_max=0.779 w_ax@goal=+0.86 w_v@goal=19.10 return=1003.9 length=82 success_rate=1.00 collisions/ep=0.17 (n=24)
update=92 global_step=188416 SPS=523 w_ev=0.949 m_ev=0.992 m_v_bias=0.4 m_adv_std=15.1266 m_kl_max=0.0199 m_ratio_max=0.636 w_ax@goal=+0.92 w_v@goal=18.97 return=1004.3 length=79 success_rate=1.00 collisions/ep=0.19 (n=26)
update=93 global_step=190464 SPS=524 w_ev=0.954 m_ev=0.988 m_v_bias=0.4 m_adv_std=18.5121 m_kl_max=0.0147 m_ratio_max=0.647 w_ax@goal=+0.78 w_v@goal=19.00 return=992.3 length=81 success_rate=1.00 collisions/ep=0.40 (n=25)
update=94 global_step=192512 SPS=525 w_ev=0.958 m_ev=0.998 m_v_bias=-4.4 m_adv_std=6.8426 m_kl_max=0.0159 m_ratio_max=0.489 w_ax@goal=+1.02 w_v@goal=19.09 return=1011.8 length=78 success_rate=1.00 collisions/ep=0.00 (n=25)
update=95 global_step=194560 SPS=526 w_ev=0.952 m_ev=0.968 m_v_bias=10.4 m_adv_std=30.4743 m_kl_max=0.0112 m_ratio_max=1.036 w_ax@goal=+0.92 w_v@goal=19.30 return=991.9 length=78 success_rate=1.00 collisions/ep=0.43 (n=28)
Evaluation at update 95: return=1012.58, length=78.30, success_rate=1.00, collisions/ep=0.00
Solved-check at update 95: solved=True worst_gap=0.72 at p_x0=0.00 p_y0=1.00 (consecutive=5)
update=96 global_step=196608 SPS=516 w_ev=0.947 m_ev=0.935 m_v_bias=0.6 m_adv_std=46.0454 m_kl_max=0.0194 m_ratio_max=1.246 w_ax@goal=+0.88 w_v@goal=19.18 return=989.8 length=80 success_rate=1.00 collisions/ep=0.44 (n=25)
update=97 global_step=198656 SPS=518 w_ev=0.965 m_ev=0.990 m_v_bias=-3.8 m_adv_std=17.3459 m_kl_max=0.0058 m_ratio_max=0.356 w_ax@goal=+0.94 w_v@goal=19.06 return=993.0 length=80 success_rate=1.00 collisions/ep=0.38 (n=26)
update=98 global_step=200704 SPS=520 w_ev=0.959 m_ev=0.989 m_v_bias=-1.1 m_adv_std=18.1940 m_kl_max=0.0305 m_ratio_max=1.022 w_ax@goal=+0.80 w_v@goal=19.17 return=1001.6 length=79 success_rate=1.00 collisions/ep=0.21 (n=24)
update=99 global_step=202752 SPS=522 w_ev=0.955 m_ev=0.975 m_v_bias=5.4 m_adv_std=27.8801 m_kl_max=0.0105 m_ratio_max=0.582 w_ax@goal=+0.73 w_v@goal=19.18 return=984.6 length=79 success_rate=1.00 collisions/ep=0.56 (n=27)
update=100 global_step=204800 SPS=524 w_ev=0.956 m_ev=0.989 m_v_bias=-3.7 m_adv_std=17.9631 m_kl_max=0.0101 m_ratio_max=0.458 w_ax@goal=+0.91 w_v@goal=19.30 return=986.7 length=79 success_rate=1.00 collisions/ep=0.50 (n=28)
Evaluation at update 100: return=1012.56, length=78.35, success_rate=1.00, collisions/ep=0.00
Solved-check at update 100: solved=True worst_gap=0.80 at p_x0=0.00 p_y0=1.00 (consecutive=6)
Saved checkpoints to C:\Users\loren\Desktop\MASTER THESIS\5_CODE\scenarios\slalom\studies\init_sampler_hppo_rep\hppo_uniform\runs\hppo_slalom_32_1791043101
