Using device: cpu
Solved-check: precomputed optimal returns for 25 fixed initial conditions (mean=1013.0, min=1011.0, max=1015.0); solved-tolerance=5.0
num_envs=8 num_steps_per_env=256 worker_batch_size=2048 worker_minibatch_size=256 num_updates=100 timesteps=204800
update=1 global_step=2048 SPS=1182 w_ev=-0.005 m_ev=0.000 m_v_bias=146.8 m_adv_std=197.2990 m_kl_max=0.0014 m_ratio_max=0.172 w_ax@goal=-0.06 w_v@goal=0.13 return=-707.6 length=199 success_rate=0.12 collisions/ep=12.75 (n=8)
update=2 global_step=4096 SPS=1174 w_ev=0.086 m_ev=0.161 m_v_bias=-33.9 m_adv_std=230.2797 m_kl_max=0.0007 m_ratio_max=0.135 w_ax@goal=+0.01 w_v@goal=-0.40 return=-214.7 length=179 success_rate=0.33 collisions/ep=7.89 (n=9)
update=3 global_step=6144 SPS=1129 w_ev=0.676 m_ev=0.619 m_v_bias=-88.4 m_adv_std=180.9231 m_kl_max=0.0015 m_ratio_max=0.282 w_ax@goal=-0.12 w_v@goal=5.34 return=-36.2 length=181 success_rate=0.36 collisions/ep=5.45 (n=11)
update=4 global_step=8192 SPS=1101 w_ev=0.794 m_ev=0.658 m_v_bias=-5.9 m_adv_std=159.7784 m_kl_max=0.0024 m_ratio_max=0.355 w_ax@goal=+0.28 w_v@goal=7.02 return=-103.9 length=185 success_rate=0.23 collisions/ep=3.46 (n=13)
update=5 global_step=10240 SPS=1092 w_ev=0.893 m_ev=0.789 m_v_bias=-55.1 m_adv_std=131.9189 m_kl_max=0.0005 m_ratio_max=0.103 w_ax@goal=+0.12 w_v@goal=9.53 return=85.5 length=170 success_rate=0.36 collisions/ep=2.64 (n=11)
Evaluation at update 5: return=512.62, length=111.00, success_rate=1.00, collisions/ep=9.35
Solved-check at update 5: solved=False worst_gap=537.80 at p_x0=0.00 p_y0=0.50 (consecutive=0)
update=6 global_step=12288 SPS=624 w_ev=0.941 m_ev=0.882 m_v_bias=-92.3 m_adv_std=112.4029 m_kl_max=0.0026 m_ratio_max=0.236 w_ax@goal=+0.24 w_v@goal=14.47 return=259.4 length=159 success_rate=0.50 collisions/ep=2.36 (n=14)
update=7 global_step=14336 SPS=664 w_ev=0.965 m_ev=0.866 m_v_bias=-69.9 m_adv_std=106.8123 m_kl_max=0.0042 m_ratio_max=0.299 w_ax@goal=+0.33 w_v@goal=17.52 return=656.9 length=120 success_rate=0.90 collisions/ep=4.20 (n=20)
update=8 global_step=16384 SPS=694 w_ev=0.951 m_ev=0.791 m_v_bias=-31.2 m_adv_std=116.5061 m_kl_max=0.0101 m_ratio_max=0.402 w_ax@goal=+0.46 w_v@goal=19.49 return=713.8 length=98 success_rate=1.00 collisions/ep=5.59 (n=17)
update=9 global_step=18432 SPS=719 w_ev=0.957 m_ev=0.853 m_v_bias=-3.9 m_adv_std=95.8202 m_kl_max=0.0053 m_ratio_max=0.512 w_ax@goal=+0.65 w_v@goal=19.93 return=793.4 length=100 success_rate=1.00 collisions/ep=4.00 (n=24)
update=10 global_step=20480 SPS=744 w_ev=0.950 m_ev=0.884 m_v_bias=9.9 m_adv_std=78.9062 m_kl_max=0.0081 m_ratio_max=0.332 w_ax@goal=+0.36 w_v@goal=20.22 return=802.9 length=89 success_rate=1.00 collisions/ep=4.00 (n=23)
Evaluation at update 10: return=957.81, length=83.05, success_rate=1.00, collisions/ep=1.00
Solved-check at update 10: solved=False worst_gap=105.29 at p_x0=2.00 p_y0=-1.00 (consecutive=0)
update=11 global_step=22528 SPS=635 w_ev=0.954 m_ev=0.945 m_v_bias=-19.6 m_adv_std=50.2316 m_kl_max=0.0045 m_ratio_max=0.389 w_ax@goal=+0.68 w_v@goal=20.10 return=844.8 length=87 success_rate=1.00 collisions/ep=3.21 (n=24)
update=12 global_step=24576 SPS=657 w_ev=0.947 m_ev=0.903 m_v_bias=-20.2 m_adv_std=64.2285 m_kl_max=0.0155 m_ratio_max=0.536 w_ax@goal=+0.54 w_v@goal=20.00 return=893.4 length=88 success_rate=1.00 collisions/ep=2.23 (n=22)
update=13 global_step=26624 SPS=677 w_ev=0.946 m_ev=0.965 m_v_bias=-12.9 m_adv_std=38.1289 m_kl_max=0.0167 m_ratio_max=1.105 w_ax@goal=+0.60 w_v@goal=19.73 return=892.7 length=85 success_rate=1.00 collisions/ep=2.28 (n=25)
update=14 global_step=28672 SPS=695 w_ev=0.945 m_ev=0.931 m_v_bias=6.1 m_adv_std=54.1068 m_kl_max=0.0082 m_ratio_max=0.558 w_ax@goal=+0.61 w_v@goal=19.56 return=896.3 length=85 success_rate=1.00 collisions/ep=2.25 (n=24)
update=15 global_step=30720 SPS=711 w_ev=0.958 m_ev=0.970 m_v_bias=-10.5 m_adv_std=32.7746 m_kl_max=0.0024 m_ratio_max=0.250 w_ax@goal=+0.56 w_v@goal=19.42 return=919.8 length=84 success_rate=1.00 collisions/ep=1.75 (n=24)
Evaluation at update 15: return=959.66, length=81.25, success_rate=1.00, collisions/ep=1.00
Solved-check at update 15: solved=False worst_gap=103.44 at p_x0=2.00 p_y0=-1.00 (consecutive=0)
update=16 global_step=32768 SPS=645 w_ev=0.952 m_ev=0.952 m_v_bias=12.1 m_adv_std=44.3059 m_kl_max=0.0022 m_ratio_max=0.213 w_ax@goal=+0.61 w_v@goal=19.51 return=888.1 length=86 success_rate=1.00 collisions/ep=2.38 (n=24)
update=17 global_step=34816 SPS=660 w_ev=0.951 m_ev=0.959 m_v_bias=-13.2 m_adv_std=38.3940 m_kl_max=0.0130 m_ratio_max=0.602 w_ax@goal=+0.79 w_v@goal=19.36 return=919.1 length=83 success_rate=1.00 collisions/ep=1.79 (n=24)
update=18 global_step=36864 SPS=674 w_ev=0.936 m_ev=0.938 m_v_bias=1.6 m_adv_std=47.9582 m_kl_max=0.0108 m_ratio_max=0.524 w_ax@goal=+0.77 w_v@goal=19.50 return=909.1 length=81 success_rate=1.00 collisions/ep=2.00 (n=24)
update=19 global_step=38912 SPS=686 w_ev=0.934 m_ev=0.948 m_v_bias=0.2 m_adv_std=43.8847 m_kl_max=0.0082 m_ratio_max=0.684 w_ax@goal=+0.72 w_v@goal=19.49 return=912.1 length=83 success_rate=1.00 collisions/ep=2.00 (n=25)
update=20 global_step=40960 SPS=698 w_ev=0.938 m_ev=0.899 m_v_bias=2.2 m_adv_std=64.1981 m_kl_max=0.0100 m_ratio_max=0.426 w_ax@goal=+0.86 w_v@goal=19.41 return=903.2 length=82 success_rate=1.00 collisions/ep=2.15 (n=26)
Evaluation at update 20: return=960.77, length=80.05, success_rate=1.00, collisions/ep=1.00
Solved-check at update 20: solved=False worst_gap=201.93 at p_x0=2.00 p_y0=-1.00 (consecutive=0)
update=21 global_step=43008 SPS=649 w_ev=0.951 m_ev=0.936 m_v_bias=2.1 m_adv_std=48.4235 m_kl_max=0.0111 m_ratio_max=0.488 w_ax@goal=+0.95 w_v@goal=19.28 return=915.4 length=81 success_rate=1.00 collisions/ep=1.88 (n=26)
update=22 global_step=45056 SPS=660 w_ev=0.958 m_ev=0.964 m_v_bias=-12.1 m_adv_std=34.7347 m_kl_max=0.0100 m_ratio_max=0.503 w_ax@goal=+0.81 w_v@goal=19.28 return=936.4 length=83 success_rate=1.00 collisions/ep=1.48 (n=25)
update=23 global_step=47104 SPS=669 w_ev=0.956 m_ev=0.969 m_v_bias=-7.7 m_adv_std=32.0581 m_kl_max=0.0203 m_ratio_max=0.792 w_ax@goal=+0.99 w_v@goal=19.49 return=963.9 length=83 success_rate=1.00 collisions/ep=0.92 (n=24)
update=24 global_step=49152 SPS=680 w_ev=0.945 m_ev=0.965 m_v_bias=-1.3 m_adv_std=34.6151 m_kl_max=0.0165 m_ratio_max=0.643 w_ax@goal=+1.00 w_v@goal=19.46 return=957.1 length=80 success_rate=1.00 collisions/ep=1.04 (n=27)
update=25 global_step=51200 SPS=689 w_ev=0.949 m_ev=0.968 m_v_bias=0.9 m_adv_std=31.5797 m_kl_max=0.0087 m_ratio_max=0.598 w_ax@goal=+1.01 w_v@goal=19.49 return=955.0 length=82 success_rate=1.00 collisions/ep=1.08 (n=24)
Evaluation at update 25: return=993.02, length=80.45, success_rate=1.00, collisions/ep=0.35
Solved-check at update 25: solved=False worst_gap=52.77 at p_x0=1.00 p_y0=-1.00 (consecutive=0)
update=26 global_step=53248 SPS=650 w_ev=0.948 m_ev=0.991 m_v_bias=-15.8 m_adv_std=15.9640 m_kl_max=0.0118 m_ratio_max=0.511 w_ax@goal=+1.10 w_v@goal=19.36 return=987.6 length=83 success_rate=1.00 collisions/ep=0.52 (n=25)
update=27 global_step=55296 SPS=659 w_ev=0.937 m_ev=0.958 m_v_bias=10.6 m_adv_std=36.7106 m_kl_max=0.0083 m_ratio_max=0.447 w_ax@goal=+1.14 w_v@goal=19.16 return=949.1 length=81 success_rate=1.00 collisions/ep=1.20 (n=25)
update=28 global_step=57344 SPS=667 w_ev=0.943 m_ev=0.966 m_v_bias=0.0 m_adv_std=31.1724 m_kl_max=0.0111 m_ratio_max=0.471 w_ax@goal=+1.12 w_v@goal=19.19 return=957.9 length=81 success_rate=1.00 collisions/ep=1.08 (n=24)
update=29 global_step=59392 SPS=676 w_ev=0.950 m_ev=0.991 m_v_bias=-16.3 m_adv_std=16.5298 m_kl_max=0.0167 m_ratio_max=0.667 w_ax@goal=+1.18 w_v@goal=19.35 return=994.5 length=81 success_rate=1.00 collisions/ep=0.30 (n=27)
update=30 global_step=61440 SPS=685 w_ev=0.925 m_ev=0.981 m_v_bias=1.0 m_adv_std=23.3116 m_kl_max=0.0164 m_ratio_max=0.598 w_ax@goal=+1.09 w_v@goal=19.27 return=986.8 length=84 success_rate=1.00 collisions/ep=0.48 (n=25)
Evaluation at update 30: return=1011.06, length=79.90, success_rate=1.00, collisions/ep=0.00
Solved-check at update 30: solved=True worst_gap=2.76 at p_x0=0.00 p_y0=-1.00 (consecutive=0)
update=31 global_step=63488 SPS=652 w_ev=0.933 m_ev=0.982 m_v_bias=0.5 m_adv_std=22.7067 m_kl_max=0.0118 m_ratio_max=0.452 w_ax@goal=+1.15 w_v@goal=19.39 return=988.1 length=82 success_rate=1.00 collisions/ep=0.50 (n=24)
update=32 global_step=65536 SPS=659 w_ev=0.929 m_ev=0.977 m_v_bias=2.1 m_adv_std=25.8818 m_kl_max=0.0128 m_ratio_max=0.514 w_ax@goal=+1.21 w_v@goal=19.36 return=977.0 length=81 success_rate=1.00 collisions/ep=0.68 (n=25)
update=33 global_step=67584 SPS=667 w_ev=0.922 m_ev=0.961 m_v_bias=9.9 m_adv_std=35.5534 m_kl_max=0.0152 m_ratio_max=0.673 w_ax@goal=+1.16 w_v@goal=19.35 return=968.9 length=79 success_rate=1.00 collisions/ep=0.84 (n=25)
update=34 global_step=69632 SPS=674 w_ev=0.920 m_ev=0.969 m_v_bias=-6.5 m_adv_std=30.7548 m_kl_max=0.0188 m_ratio_max=0.714 w_ax@goal=+1.20 w_v@goal=19.30 return=979.0 length=81 success_rate=1.00 collisions/ep=0.63 (n=27)
update=35 global_step=71680 SPS=681 w_ev=0.912 m_ev=0.955 m_v_bias=4.1 m_adv_std=35.9128 m_kl_max=0.0198 m_ratio_max=0.666 w_ax@goal=+1.08 w_v@goal=19.25 return=963.1 length=80 success_rate=1.00 collisions/ep=1.00 (n=24)
Evaluation at update 35: return=1011.41, length=79.60, success_rate=1.00, collisions/ep=0.00
Solved-check at update 35: solved=False worst_gap=51.74 at p_x0=0.00 p_y0=1.00 (consecutive=1)
update=36 global_step=73728 SPS=654 w_ev=0.927 m_ev=0.949 m_v_bias=-5.6 m_adv_std=41.4138 m_kl_max=0.0089 m_ratio_max=0.409 w_ax@goal=+1.19 w_v@goal=19.13 return=982.8 length=81 success_rate=1.00 collisions/ep=0.59 (n=27)
update=37 global_step=75776 SPS=661 w_ev=0.928 m_ev=0.985 m_v_bias=-7.4 m_adv_std=20.4672 m_kl_max=0.0102 m_ratio_max=0.383 w_ax@goal=+1.22 w_v@goal=19.51 return=990.2 length=82 success_rate=1.00 collisions/ep=0.42 (n=24)
update=38 global_step=77824 SPS=667 w_ev=0.937 m_ev=0.986 m_v_bias=0.3 m_adv_std=20.1813 m_kl_max=0.0116 m_ratio_max=0.471 w_ax@goal=+1.16 w_v@goal=19.12 return=991.5 length=80 success_rate=1.00 collisions/ep=0.46 (n=26)
update=39 global_step=79872 SPS=673 w_ev=0.923 m_ev=0.974 m_v_bias=5.3 m_adv_std=28.9047 m_kl_max=0.0071 m_ratio_max=0.306 w_ax@goal=+1.07 w_v@goal=19.26 return=979.7 length=81 success_rate=1.00 collisions/ep=0.62 (n=26)
update=40 global_step=81920 SPS=678 w_ev=0.939 m_ev=0.981 m_v_bias=-6.2 m_adv_std=23.0835 m_kl_max=0.0050 m_ratio_max=0.311 w_ax@goal=+1.23 w_v@goal=19.33 return=982.2 length=81 success_rate=1.00 collisions/ep=0.58 (n=24)
Evaluation at update 40: return=1011.40, length=79.60, success_rate=1.00, collisions/ep=0.00
Solved-check at update 40: solved=True worst_gap=2.06 at p_x0=0.00 p_y0=-1.00 (consecutive=0)
update=41 global_step=83968 SPS=654 w_ev=0.947 m_ev=0.981 m_v_bias=-0.1 m_adv_std=23.9084 m_kl_max=0.0171 m_ratio_max=0.475 w_ax@goal=+1.18 w_v@goal=19.28 return=987.4 length=80 success_rate=1.00 collisions/ep=0.46 (n=26)
update=42 global_step=86016 SPS=661 w_ev=0.935 m_ev=0.986 m_v_bias=-1.7 m_adv_std=19.8267 m_kl_max=0.0121 m_ratio_max=0.478 w_ax@goal=+1.12 w_v@goal=19.20 return=992.7 length=80 success_rate=1.00 collisions/ep=0.36 (n=25)
update=43 global_step=88064 SPS=667 w_ev=0.942 m_ev=0.986 m_v_bias=-0.3 m_adv_std=20.1660 m_kl_max=0.0315 m_ratio_max=0.820 w_ax@goal=+1.21 w_v@goal=19.07 return=1000.7 length=81 success_rate=1.00 collisions/ep=0.21 (n=24)
update=44 global_step=90112 SPS=672 w_ev=0.942 m_ev=0.982 m_v_bias=-1.2 m_adv_std=22.4273 m_kl_max=0.0071 m_ratio_max=0.301 w_ax@goal=+1.36 w_v@goal=19.19 return=994.7 length=80 success_rate=1.00 collisions/ep=0.39 (n=28)
update=45 global_step=92160 SPS=677 w_ev=0.948 m_ev=0.997 m_v_bias=-4.7 m_adv_std=9.0168 m_kl_max=0.0059 m_ratio_max=0.359 w_ax@goal=+1.20 w_v@goal=19.13 return=1007.0 length=80 success_rate=1.00 collisions/ep=0.08 (n=26)
Evaluation at update 45: return=1011.64, length=79.30, success_rate=1.00, collisions/ep=0.00
Solved-check at update 45: solved=True worst_gap=1.71 at p_x0=0.00 p_y0=-1.00 (consecutive=1)
Solved criterion held for 2 consecutive evals (tolerance=5.0) at global_step=92160.
update=46 global_step=94208 SPS=656 w_ev=0.950 m_ev=0.989 m_v_bias=3.9 m_adv_std=17.5402 m_kl_max=0.0117 m_ratio_max=0.420 w_ax@goal=+1.03 w_v@goal=19.31 return=999.1 length=81 success_rate=1.00 collisions/ep=0.36 (n=25)
update=47 global_step=96256 SPS=661 w_ev=0.934 m_ev=0.994 m_v_bias=-2.4 m_adv_std=12.7400 m_kl_max=0.0107 m_ratio_max=0.608 w_ax@goal=+1.31 w_v@goal=19.42 return=1000.7 length=81 success_rate=1.00 collisions/ep=0.21 (n=24)
update=48 global_step=98304 SPS=666 w_ev=0.937 m_ev=0.985 m_v_bias=3.2 m_adv_std=19.9035 m_kl_max=0.0324 m_ratio_max=0.701 w_ax@goal=+1.07 w_v@goal=19.46 return=988.5 length=81 success_rate=1.00 collisions/ep=0.54 (n=24)
update=49 global_step=100352 SPS=671 w_ev=0.928 m_ev=0.997 m_v_bias=-3.5 m_adv_std=9.5601 m_kl_max=0.0084 m_ratio_max=0.384 w_ax@goal=+1.09 w_v@goal=19.29 return=1005.8 length=80 success_rate=1.00 collisions/ep=0.10 (n=29)
update=50 global_step=102400 SPS=676 w_ev=0.939 m_ev=0.995 m_v_bias=0.2 m_adv_std=12.0491 m_kl_max=0.0065 m_ratio_max=0.361 w_ax@goal=+1.08 w_v@goal=19.24 return=1001.4 length=81 success_rate=1.00 collisions/ep=0.24 (n=25)
Evaluation at update 50: return=1009.52, length=79.00, success_rate=1.00, collisions/ep=0.05
Solved-check at update 50: solved=False worst_gap=51.19 at p_x0=0.00 p_y0=1.00 (consecutive=2)
update=51 global_step=104448 SPS=657 w_ev=0.908 m_ev=0.993 m_v_bias=-0.6 m_adv_std=14.4108 m_kl_max=0.0122 m_ratio_max=0.517 w_ax@goal=+1.08 w_v@goal=19.27 return=1003.7 length=80 success_rate=1.00 collisions/ep=0.27 (n=26)
update=52 global_step=106496 SPS=661 w_ev=0.922 m_ev=0.990 m_v_bias=2.7 m_adv_std=16.8083 m_kl_max=0.0121 m_ratio_max=0.478 w_ax@goal=+0.93 w_v@goal=19.27 return=1001.3 length=82 success_rate=1.00 collisions/ep=0.24 (n=25)
update=53 global_step=108544 SPS=666 w_ev=0.936 m_ev=0.987 m_v_bias=2.7 m_adv_std=18.8183 m_kl_max=0.0140 m_ratio_max=0.668 w_ax@goal=+0.93 w_v@goal=19.05 return=988.8 length=82 success_rate=1.00 collisions/ep=0.58 (n=24)
update=54 global_step=110592 SPS=671 w_ev=0.944 m_ev=0.985 m_v_bias=1.0 m_adv_std=20.8383 m_kl_max=0.0051 m_ratio_max=0.330 w_ax@goal=+0.96 w_v@goal=19.35 return=989.0 length=83 success_rate=1.00 collisions/ep=0.46 (n=24)
update=55 global_step=112640 SPS=676 w_ev=0.933 m_ev=0.992 m_v_bias=-3.8 m_adv_std=14.6091 m_kl_max=0.0251 m_ratio_max=0.911 w_ax@goal=+0.82 w_v@goal=19.11 return=1003.4 length=80 success_rate=1.00 collisions/ep=0.15 (n=26)
Evaluation at update 55: return=1009.54, length=79.00, success_rate=1.00, collisions/ep=0.05
Solved-check at update 55: solved=False worst_gap=51.04 at p_x0=0.00 p_y0=0.50 (consecutive=0)
update=56 global_step=114688 SPS=659 w_ev=0.941 m_ev=0.992 m_v_bias=-0.9 m_adv_std=15.2504 m_kl_max=0.0091 m_ratio_max=0.842 w_ax@goal=+0.65 w_v@goal=18.93 return=995.1 length=83 success_rate=1.00 collisions/ep=0.32 (n=25)
update=57 global_step=116736 SPS=663 w_ev=0.943 m_ev=0.995 m_v_bias=-1.2 m_adv_std=11.6495 m_kl_max=0.0080 m_ratio_max=0.472 w_ax@goal=+0.52 w_v@goal=19.06 return=1003.2 length=82 success_rate=1.00 collisions/ep=0.15 (n=26)
update=58 global_step=118784 SPS=667 w_ev=0.954 m_ev=0.996 m_v_bias=0.1 m_adv_std=10.8325 m_kl_max=0.0120 m_ratio_max=0.558 w_ax@goal=+0.71 w_v@goal=19.08 return=1005.0 length=80 success_rate=1.00 collisions/ep=0.16 (n=25)
update=59 global_step=120832 SPS=671 w_ev=0.942 m_ev=0.998 m_v_bias=0.4 m_adv_std=7.3698 m_kl_max=0.0139 m_ratio_max=0.632 w_ax@goal=+0.62 w_v@goal=19.06 return=1008.5 length=81 success_rate=1.00 collisions/ep=0.04 (n=25)
update=60 global_step=122880 SPS=676 w_ev=0.939 m_ev=0.998 m_v_bias=-1.2 m_adv_std=6.5047 m_kl_max=0.0183 m_ratio_max=0.793 w_ax@goal=+0.66 w_v@goal=19.03 return=1008.9 length=79 success_rate=1.00 collisions/ep=0.04 (n=26)
Evaluation at update 60: return=1012.29, length=78.75, success_rate=1.00, collisions/ep=0.00
Solved-check at update 60: solved=True worst_gap=1.09 at p_x0=2.00 p_y0=1.00 (consecutive=0)
update=61 global_step=124928 SPS=659 w_ev=0.936 m_ev=0.998 m_v_bias=-1.6 m_adv_std=7.9540 m_kl_max=0.0203 m_ratio_max=1.166 w_ax@goal=+0.81 w_v@goal=19.13 return=1008.8 length=80 success_rate=1.00 collisions/ep=0.04 (n=25)
update=62 global_step=126976 SPS=663 w_ev=0.954 m_ev=0.997 m_v_bias=0.6 m_adv_std=9.1537 m_kl_max=0.0082 m_ratio_max=0.590 w_ax@goal=+0.87 w_v@goal=19.19 return=1005.3 length=80 success_rate=1.00 collisions/ep=0.11 (n=27)
update=63 global_step=129024 SPS=667 w_ev=0.952 m_ev=0.999 m_v_bias=-1.5 m_adv_std=5.4830 m_kl_max=0.0185 m_ratio_max=0.661 w_ax@goal=+0.82 w_v@goal=19.06 return=1009.8 length=81 success_rate=1.00 collisions/ep=0.04 (n=24)
update=64 global_step=131072 SPS=671 w_ev=0.945 m_ev=0.997 m_v_bias=1.0 m_adv_std=8.8149 m_kl_max=0.0051 m_ratio_max=0.404 w_ax@goal=+0.87 w_v@goal=19.21 return=1007.8 length=80 success_rate=1.00 collisions/ep=0.07 (n=27)
update=65 global_step=133120 SPS=675 w_ev=0.933 m_ev=0.998 m_v_bias=-1.1 m_adv_std=6.8084 m_kl_max=0.0061 m_ratio_max=0.406 w_ax@goal=+1.03 w_v@goal=19.27 return=1009.5 length=79 success_rate=1.00 collisions/ep=0.04 (n=25)
Evaluation at update 65: return=1012.43, length=78.60, success_rate=1.00, collisions/ep=0.00
Solved-check at update 65: solved=True worst_gap=0.98 at p_x0=0.00 p_y0=1.00 (consecutive=1)
update=66 global_step=135168 SPS=660 w_ev=0.943 m_ev=0.997 m_v_bias=0.9 m_adv_std=8.5471 m_kl_max=0.0168 m_ratio_max=1.109 w_ax@goal=+1.15 w_v@goal=19.44 return=1008.0 length=79 success_rate=1.00 collisions/ep=0.08 (n=26)
update=67 global_step=137216 SPS=663 w_ev=0.949 m_ev=0.996 m_v_bias=0.9 m_adv_std=10.7241 m_kl_max=0.0153 m_ratio_max=0.815 w_ax@goal=+0.96 w_v@goal=19.35 return=1004.4 length=81 success_rate=1.00 collisions/ep=0.15 (n=27)
update=68 global_step=139264 SPS=667 w_ev=0.946 m_ev=0.999 m_v_bias=-1.3 m_adv_std=4.4489 m_kl_max=0.0058 m_ratio_max=0.440 w_ax@goal=+0.86 w_v@goal=19.30 return=1011.8 length=81 success_rate=1.00 collisions/ep=0.00 (n=24)
update=69 global_step=141312 SPS=670 w_ev=0.916 m_ev=0.996 m_v_bias=3.4 m_adv_std=10.9073 m_kl_max=0.0244 m_ratio_max=0.616 w_ax@goal=+1.10 w_v@goal=19.16 return=1007.7 length=79 success_rate=1.00 collisions/ep=0.08 (n=25)
update=70 global_step=143360 SPS=674 w_ev=0.928 m_ev=0.999 m_v_bias=-3.3 m_adv_std=3.8752 m_kl_max=0.0065 m_ratio_max=0.385 w_ax@goal=+1.31 w_v@goal=19.19 return=1009.7 length=79 success_rate=1.00 collisions/ep=0.04 (n=26)
Evaluation at update 70: return=1012.42, length=78.60, success_rate=1.00, collisions/ep=0.00
Solved-check at update 70: solved=True worst_gap=0.98 at p_x0=0.00 p_y0=1.00 (consecutive=2)
update=71 global_step=145408 SPS=661 w_ev=0.944 m_ev=0.997 m_v_bias=1.4 m_adv_std=9.3902 m_kl_max=0.0181 m_ratio_max=0.615 w_ax@goal=+1.12 w_v@goal=19.36 return=1006.2 length=79 success_rate=1.00 collisions/ep=0.11 (n=27)
update=72 global_step=147456 SPS=664 w_ev=0.961 m_ev=0.998 m_v_bias=-1.2 m_adv_std=7.4912 m_kl_max=0.0098 m_ratio_max=0.669 w_ax@goal=+1.26 w_v@goal=19.44 return=1007.8 length=78 success_rate=1.00 collisions/ep=0.12 (n=26)
update=73 global_step=149504 SPS=667 w_ev=0.938 m_ev=0.997 m_v_bias=0.9 m_adv_std=9.0638 m_kl_max=0.0128 m_ratio_max=0.666 w_ax@goal=+1.24 w_v@goal=19.32 return=1009.5 length=78 success_rate=1.00 collisions/ep=0.08 (n=25)
update=74 global_step=151552 SPS=671 w_ev=0.931 m_ev=0.982 m_v_bias=3.2 m_adv_std=22.4596 m_kl_max=0.0161 m_ratio_max=1.292 w_ax@goal=+1.16 w_v@goal=19.45 return=998.8 length=78 success_rate=1.00 collisions/ep=0.26 (n=27)
update=75 global_step=153600 SPS=674 w_ev=0.947 m_ev=0.995 m_v_bias=-1.4 m_adv_std=12.1476 m_kl_max=0.0227 m_ratio_max=0.691 w_ax@goal=+1.31 w_v@goal=19.33 return=1007.9 length=79 success_rate=1.00 collisions/ep=0.07 (n=27)
Evaluation at update 75: return=1012.43, length=78.60, success_rate=1.00, collisions/ep=0.00
Solved-check at update 75: solved=True worst_gap=0.98 at p_x0=0.00 p_y0=1.00 (consecutive=3)
update=76 global_step=155648 SPS=662 w_ev=0.945 m_ev=0.997 m_v_bias=1.1 m_adv_std=8.3527 m_kl_max=0.0249 m_ratio_max=1.092 w_ax@goal=+1.10 w_v@goal=19.21 return=1005.7 length=80 success_rate=1.00 collisions/ep=0.12 (n=24)
update=77 global_step=157696 SPS=665 w_ev=0.937 m_ev=0.994 m_v_bias=1.0 m_adv_std=13.1858 m_kl_max=0.0053 m_ratio_max=0.332 w_ax@goal=+1.01 w_v@goal=19.18 return=1003.9 length=79 success_rate=1.00 collisions/ep=0.19 (n=26)
update=78 global_step=159744 SPS=668 w_ev=0.937 m_ev=0.997 m_v_bias=-1.3 m_adv_std=9.3180 m_kl_max=0.0222 m_ratio_max=0.941 w_ax@goal=+1.19 w_v@goal=19.18 return=1006.4 length=80 success_rate=1.00 collisions/ep=0.12 (n=26)
update=79 global_step=161792 SPS=671 w_ev=0.944 m_ev=0.992 m_v_bias=3.3 m_adv_std=14.9105 m_kl_max=0.0130 m_ratio_max=0.754 w_ax@goal=+1.17 w_v@goal=19.08 return=1000.3 length=79 success_rate=1.00 collisions/ep=0.23 (n=26)
update=80 global_step=163840 SPS=674 w_ev=0.949 m_ev=0.993 m_v_bias=0.3 m_adv_std=14.1039 m_kl_max=0.0165 m_ratio_max=0.518 w_ax@goal=+1.11 w_v@goal=19.32 return=1005.0 length=81 success_rate=1.00 collisions/ep=0.15 (n=27)
Evaluation at update 80: return=1012.47, length=78.50, success_rate=1.00, collisions/ep=0.00
Solved-check at update 80: solved=True worst_gap=0.92 at p_x0=0.00 p_y0=1.00 (consecutive=4)
update=81 global_step=165888 SPS=661 w_ev=0.936 m_ev=0.994 m_v_bias=0.8 m_adv_std=12.6632 m_kl_max=0.0050 m_ratio_max=0.408 w_ax@goal=+1.23 w_v@goal=19.21 return=1002.1 length=81 success_rate=1.00 collisions/ep=0.20 (n=25)
update=82 global_step=167936 SPS=664 w_ev=0.944 m_ev=0.998 m_v_bias=-4.6 m_adv_std=7.7296 m_kl_max=0.0135 m_ratio_max=0.793 w_ax@goal=+1.34 w_v@goal=19.14 return=1008.1 length=80 success_rate=1.00 collisions/ep=0.12 (n=24)
update=83 global_step=169984 SPS=667 w_ev=0.952 m_ev=0.999 m_v_bias=-2.6 m_adv_std=5.9051 m_kl_max=0.0091 m_ratio_max=0.609 w_ax@goal=+1.21 w_v@goal=19.09 return=1012.1 length=80 success_rate=1.00 collisions/ep=0.00 (n=25)
update=84 global_step=172032 SPS=670 w_ev=0.952 m_ev=0.997 m_v_bias=2.4 m_adv_std=9.3212 m_kl_max=0.0144 m_ratio_max=0.740 w_ax@goal=+1.17 w_v@goal=19.18 return=1006.7 length=81 success_rate=1.00 collisions/ep=0.11 (n=27)
update=85 global_step=174080 SPS=673 w_ev=0.956 m_ev=0.996 m_v_bias=-0.7 m_adv_std=10.0398 m_kl_max=0.0133 m_ratio_max=0.681 w_ax@goal=+1.09 w_v@goal=19.24 return=1003.9 length=80 success_rate=1.00 collisions/ep=0.16 (n=25)
Evaluation at update 85: return=1012.57, length=78.35, success_rate=1.00, collisions/ep=0.00
Solved-check at update 85: solved=True worst_gap=0.78 at p_x0=0.00 p_y0=1.00 (consecutive=5)
update=86 global_step=176128 SPS=662 w_ev=0.965 m_ev=0.999 m_v_bias=-3.5 m_adv_std=4.3835 m_kl_max=0.0255 m_ratio_max=0.865 w_ax@goal=+1.06 w_v@goal=19.21 return=1012.5 length=80 success_rate=1.00 collisions/ep=0.00 (n=27)
update=87 global_step=178176 SPS=665 w_ev=0.962 m_ev=1.000 m_v_bias=-0.9 m_adv_std=3.6428 m_kl_max=0.0116 m_ratio_max=0.558 w_ax@goal=+1.12 w_v@goal=19.17 return=1012.4 length=79 success_rate=1.00 collisions/ep=0.00 (n=24)
update=88 global_step=180224 SPS=667 w_ev=0.959 m_ev=0.996 m_v_bias=2.4 m_adv_std=10.7690 m_kl_max=0.0147 m_ratio_max=0.790 w_ax@goal=+1.14 w_v@goal=19.10 return=1005.9 length=78 success_rate=1.00 collisions/ep=0.12 (n=26)
update=89 global_step=182272 SPS=670 w_ev=0.967 m_ev=1.000 m_v_bias=-1.4 m_adv_std=3.5352 m_kl_max=0.0097 m_ratio_max=0.403 w_ax@goal=+1.10 w_v@goal=19.18 return=1012.4 length=81 success_rate=1.00 collisions/ep=0.00 (n=27)
update=90 global_step=184320 SPS=673 w_ev=0.962 m_ev=1.000 m_v_bias=-0.8 m_adv_std=3.3297 m_kl_max=0.0025 m_ratio_max=0.285 w_ax@goal=+1.18 w_v@goal=19.02 return=1011.9 length=80 success_rate=1.00 collisions/ep=0.00 (n=25)
Evaluation at update 90: return=1012.63, length=78.25, success_rate=1.00, collisions/ep=0.00
Solved-check at update 90: solved=True worst_gap=0.73 at p_x0=0.00 p_y0=1.00 (consecutive=6)
update=91 global_step=186368 SPS=661 w_ev=0.968 m_ev=0.995 m_v_bias=1.4 m_adv_std=11.8744 m_kl_max=0.0168 m_ratio_max=0.805 w_ax@goal=+1.25 w_v@goal=19.16 return=1006.2 length=80 success_rate=1.00 collisions/ep=0.12 (n=24)
update=92 global_step=188416 SPS=663 w_ev=0.969 m_ev=0.996 m_v_bias=-1.8 m_adv_std=10.6405 m_kl_max=0.0071 m_ratio_max=0.468 w_ax@goal=+1.26 w_v@goal=19.30 return=1008.8 length=80 success_rate=1.00 collisions/ep=0.07 (n=27)
update=93 global_step=190464 SPS=666 w_ev=0.965 m_ev=0.994 m_v_bias=0.1 m_adv_std=13.3818 m_kl_max=0.0171 m_ratio_max=0.620 w_ax@goal=+1.12 w_v@goal=19.29 return=1004.5 length=81 success_rate=1.00 collisions/ep=0.20 (n=25)
update=94 global_step=192512 SPS=669 w_ev=0.963 m_ev=0.997 m_v_bias=-0.9 m_adv_std=9.5168 m_kl_max=0.0366 m_ratio_max=0.872 w_ax@goal=+1.26 w_v@goal=19.24 return=1008.4 length=80 success_rate=1.00 collisions/ep=0.07 (n=27)
update=95 global_step=194560 SPS=672 w_ev=0.966 m_ev=0.998 m_v_bias=0.2 m_adv_std=7.9769 m_kl_max=0.0073 m_ratio_max=0.403 w_ax@goal=+1.11 w_v@goal=19.36 return=1005.8 length=78 success_rate=1.00 collisions/ep=0.12 (n=25)
Evaluation at update 95: return=1012.63, length=78.25, success_rate=1.00, collisions/ep=0.00
Solved-check at update 95: solved=True worst_gap=0.72 at p_x0=0.00 p_y0=1.00 (consecutive=7)
update=96 global_step=196608 SPS=661 w_ev=0.955 m_ev=0.988 m_v_bias=4.8 m_adv_std=18.1581 m_kl_max=0.0143 m_ratio_max=0.735 w_ax@goal=+1.28 w_v@goal=19.29 return=996.8 length=78 success_rate=1.00 collisions/ep=0.31 (n=26)
update=97 global_step=198656 SPS=664 w_ev=0.965 m_ev=0.996 m_v_bias=-6.7 m_adv_std=9.8781 m_kl_max=0.0112 m_ratio_max=0.619 w_ax@goal=+1.19 w_v@goal=19.20 return=1008.2 length=77 success_rate=1.00 collisions/ep=0.11 (n=28)
update=98 global_step=200704 SPS=666 w_ev=0.956 m_ev=0.991 m_v_bias=2.0 m_adv_std=16.1881 m_kl_max=0.0139 m_ratio_max=0.716 w_ax@goal=+1.10 w_v@goal=19.22 return=1002.4 length=79 success_rate=1.00 collisions/ep=0.19 (n=26)
update=99 global_step=202752 SPS=669 w_ev=0.959 m_ev=0.999 m_v_bias=-0.9 m_adv_std=5.6676 m_kl_max=0.0089 m_ratio_max=0.412 w_ax@goal=+1.01 w_v@goal=19.25 return=1011.9 length=80 success_rate=1.00 collisions/ep=0.00 (n=24)
update=100 global_step=204800 SPS=671 w_ev=0.960 m_ev=0.999 m_v_bias=0.0 m_adv_std=6.3853 m_kl_max=0.0082 m_ratio_max=0.347 w_ax@goal=+1.15 w_v@goal=19.19 return=1012.1 length=80 success_rate=1.00 collisions/ep=0.00 (n=25)
Evaluation at update 100: return=1012.63, length=78.25, success_rate=1.00, collisions/ep=0.00
Solved-check at update 100: solved=True worst_gap=0.71 at p_x0=0.00 p_y0=1.00 (consecutive=8)
Saved checkpoints to C:\Users\loren\Desktop\MASTER THESIS\5_CODE\scenarios\slalom\studies\init_sampler\hppo_uniform\runs\hppo_slalom_13_1791036236
