Using device: cpu
Solved-check: precomputed optimal returns for 25 fixed initial conditions (mean=1013.0, min=1011.0, max=1015.0); solved-tolerance=5.0
num_envs=8 num_steps_per_env=256 worker_batch_size=2048 worker_minibatch_size=256 num_updates=100 timesteps=204800
update=1 global_step=2048 SPS=1187 w_ev=0.029 m_ev=0.000 m_v_bias=123.1 m_adv_std=250.6302 m_kl_max=0.0007 m_ratio_max=0.151 w_ax@goal=-0.10 w_v@goal=0.09 return=-477.9 length=186 success_rate=0.25 collisions/ep=12.00 (n=8)
update=2 global_step=4096 SPS=1126 w_ev=0.154 m_ev=0.190 m_v_bias=-33.3 m_adv_std=240.3566 m_kl_max=0.0027 m_ratio_max=0.271 w_ax@goal=+0.27 w_v@goal=0.20 return=-181.5 length=187 success_rate=0.33 collisions/ep=7.33 (n=9)
update=3 global_step=6144 SPS=1132 w_ev=0.623 m_ev=0.671 m_v_bias=-112.3 m_adv_std=196.8979 m_kl_max=0.0034 m_ratio_max=0.441 w_ax@goal=+0.04 w_v@goal=4.59 return=104.3 length=168 success_rate=0.50 collisions/ep=5.29 (n=14)
update=4 global_step=8192 SPS=1119 w_ev=0.813 m_ev=0.576 m_v_bias=29.1 m_adv_std=209.7243 m_kl_max=0.0012 m_ratio_max=0.295 w_ax@goal=+0.22 w_v@goal=9.72 return=28.8 length=175 success_rate=0.45 collisions/ep=5.82 (n=11)
update=5 global_step=10240 SPS=1113 w_ev=0.913 m_ev=0.793 m_v_bias=-64.3 m_adv_std=152.0932 m_kl_max=0.0046 m_ratio_max=0.338 w_ax@goal=+0.36 w_v@goal=12.54 return=133.5 length=177 success_rate=0.42 collisions/ep=2.67 (n=12)
Evaluation at update 5: return=164.72, length=102.45, success_rate=1.00, collisions/ep=16.50
Solved-check at update 5: solved=False worst_gap=925.85 at p_x0=0.00 p_y0=0.50 (consecutive=0)
update=6 global_step=12288 SPS=674 w_ev=0.955 m_ev=0.889 m_v_bias=-107.5 m_adv_std=115.2035 m_kl_max=0.0168 m_ratio_max=0.578 w_ax@goal=+0.37 w_v@goal=15.87 return=502.0 length=130 success_rate=0.76 collisions/ep=4.00 (n=17)
update=7 global_step=14336 SPS=714 w_ev=0.943 m_ev=0.821 m_v_bias=-54.1 m_adv_std=123.7424 m_kl_max=0.0016 m_ratio_max=0.241 w_ax@goal=+0.39 w_v@goal=19.18 return=664.6 length=116 success_rate=0.94 collisions/ep=5.06 (n=18)
update=8 global_step=16384 SPS=743 w_ev=0.949 m_ev=0.857 m_v_bias=1.1 m_adv_std=96.0210 m_kl_max=0.0138 m_ratio_max=0.537 w_ax@goal=+0.50 w_v@goal=19.85 return=683.1 length=98 success_rate=0.95 collisions/ep=5.19 (n=21)
update=9 global_step=18432 SPS=767 w_ev=0.948 m_ev=0.899 m_v_bias=-34.0 m_adv_std=77.6762 m_kl_max=0.0081 m_ratio_max=0.387 w_ax@goal=+0.56 w_v@goal=19.67 return=798.4 length=91 success_rate=1.00 collisions/ep=4.04 (n=24)
update=10 global_step=20480 SPS=794 w_ev=0.928 m_ev=0.874 m_v_bias=-4.1 m_adv_std=81.9717 m_kl_max=0.0007 m_ratio_max=0.165 w_ax@goal=+0.91 w_v@goal=20.58 return=783.4 length=86 success_rate=1.00 collisions/ep=4.41 (n=22)
Evaluation at update 10: return=919.11, length=83.10, success_rate=1.00, collisions/ep=1.80
Solved-check at update 10: solved=False worst_gap=503.72 at p_x0=2.00 p_y0=-0.50 (consecutive=0)
update=11 global_step=22528 SPS=675 w_ev=0.925 m_ev=0.927 m_v_bias=-5.7 m_adv_std=62.7979 m_kl_max=0.0205 m_ratio_max=0.546 w_ax@goal=+0.65 w_v@goal=19.95 return=841.0 length=87 success_rate=1.00 collisions/ep=3.28 (n=25)
update=12 global_step=24576 SPS=695 w_ev=0.928 m_ev=0.906 m_v_bias=-23.9 m_adv_std=64.8713 m_kl_max=0.0037 m_ratio_max=0.480 w_ax@goal=+0.81 w_v@goal=20.04 return=868.9 length=84 success_rate=1.00 collisions/ep=2.77 (n=26)
update=13 global_step=26624 SPS=714 w_ev=0.912 m_ev=0.931 m_v_bias=-5.5 m_adv_std=52.2008 m_kl_max=0.0185 m_ratio_max=0.480 w_ax@goal=+0.74 w_v@goal=19.85 return=887.1 length=83 success_rate=1.00 collisions/ep=2.39 (n=23)
update=14 global_step=28672 SPS=733 w_ev=0.895 m_ev=0.859 m_v_bias=18.3 m_adv_std=79.9140 m_kl_max=0.0068 m_ratio_max=0.372 w_ax@goal=+0.92 w_v@goal=19.71 return=850.8 length=82 success_rate=1.00 collisions/ep=3.16 (n=25)
update=15 global_step=30720 SPS=749 w_ev=0.927 m_ev=0.886 m_v_bias=-33.3 m_adv_std=67.7732 m_kl_max=0.0118 m_ratio_max=0.629 w_ax@goal=+0.94 w_v@goal=19.53 return=909.6 length=85 success_rate=1.00 collisions/ep=2.00 (n=23)
Evaluation at update 15: return=986.11, length=81.15, success_rate=1.00, collisions/ep=0.50
Solved-check at update 15: solved=False worst_gap=252.77 at p_x0=2.00 p_y0=1.00 (consecutive=0)
update=16 global_step=32768 SPS=675 w_ev=0.897 m_ev=0.857 m_v_bias=12.8 m_adv_std=81.8089 m_kl_max=0.0067 m_ratio_max=0.425 w_ax@goal=+0.85 w_v@goal=19.59 return=874.2 length=83 success_rate=1.00 collisions/ep=2.69 (n=26)
update=17 global_step=34816 SPS=689 w_ev=0.925 m_ev=0.951 m_v_bias=-24.8 m_adv_std=41.9948 m_kl_max=0.0172 m_ratio_max=0.504 w_ax@goal=+1.01 w_v@goal=19.56 return=946.5 length=83 success_rate=1.00 collisions/ep=1.27 (n=26)
update=18 global_step=36864 SPS=701 w_ev=0.911 m_ev=0.927 m_v_bias=0.7 m_adv_std=54.2003 m_kl_max=0.0073 m_ratio_max=0.313 w_ax@goal=+1.05 w_v@goal=19.37 return=945.1 length=82 success_rate=1.00 collisions/ep=1.29 (n=24)
update=19 global_step=38912 SPS=715 w_ev=0.910 m_ev=0.954 m_v_bias=-15.6 m_adv_std=38.8584 m_kl_max=0.0078 m_ratio_max=0.540 w_ax@goal=+1.01 w_v@goal=19.26 return=945.2 length=83 success_rate=1.00 collisions/ep=1.29 (n=24)
update=20 global_step=40960 SPS=724 w_ev=0.911 m_ev=0.941 m_v_bias=0.6 m_adv_std=45.2245 m_kl_max=0.0099 m_ratio_max=0.425 w_ax@goal=+1.02 w_v@goal=19.29 return=974.7 length=82 success_rate=1.00 collisions/ep=0.71 (n=24)
Evaluation at update 20: return=1006.65, length=80.60, success_rate=1.00, collisions/ep=0.10
Solved-check at update 20: solved=False worst_gap=51.19 at p_x0=2.00 p_y0=0.00 (consecutive=0)
update=21 global_step=43008 SPS=670 w_ev=0.927 m_ev=0.972 m_v_bias=-9.7 m_adv_std=29.8605 m_kl_max=0.0329 m_ratio_max=0.993 w_ax@goal=+1.10 w_v@goal=19.46 return=966.5 length=82 success_rate=1.00 collisions/ep=0.89 (n=27)
update=22 global_step=45056 SPS=681 w_ev=0.911 m_ev=0.964 m_v_bias=2.5 m_adv_std=32.5366 m_kl_max=0.0209 m_ratio_max=0.898 w_ax@goal=+0.94 w_v@goal=19.57 return=981.4 length=83 success_rate=1.00 collisions/ep=0.58 (n=24)
update=23 global_step=47104 SPS=689 w_ev=0.910 m_ev=0.973 m_v_bias=-1.1 m_adv_std=28.1168 m_kl_max=0.0097 m_ratio_max=0.384 w_ax@goal=+1.16 w_v@goal=19.54 return=981.9 length=81 success_rate=1.00 collisions/ep=0.62 (n=26)
update=24 global_step=49152 SPS=699 w_ev=0.903 m_ev=0.955 m_v_bias=4.8 m_adv_std=37.6036 m_kl_max=0.0167 m_ratio_max=0.672 w_ax@goal=+1.15 w_v@goal=19.34 return=977.8 length=79 success_rate=1.00 collisions/ep=0.73 (n=26)
update=25 global_step=51200 SPS=708 w_ev=0.909 m_ev=0.983 m_v_bias=-4.9 m_adv_std=21.9204 m_kl_max=0.0191 m_ratio_max=0.559 w_ax@goal=+1.26 w_v@goal=19.22 return=969.4 length=81 success_rate=1.00 collisions/ep=0.88 (n=24)
Evaluation at update 25: return=1012.12, length=80.05, success_rate=1.00, collisions/ep=0.00
Solved-check at update 25: solved=False worst_gap=50.55 at p_x0=2.00 p_y0=-1.00 (consecutive=0)
update=26 global_step=53248 SPS=666 w_ev=0.923 m_ev=0.977 m_v_bias=3.2 m_adv_std=25.9586 m_kl_max=0.0067 m_ratio_max=0.390 w_ax@goal=+1.21 w_v@goal=19.44 return=978.0 length=80 success_rate=1.00 collisions/ep=0.67 (n=27)
update=27 global_step=55296 SPS=676 w_ev=0.917 m_ev=0.983 m_v_bias=-4.0 m_adv_std=21.9639 m_kl_max=0.0029 m_ratio_max=0.300 w_ax@goal=+1.30 w_v@goal=19.54 return=986.7 length=78 success_rate=1.00 collisions/ep=0.48 (n=27)
update=28 global_step=57344 SPS=683 w_ev=0.906 m_ev=0.962 m_v_bias=8.0 m_adv_std=34.7284 m_kl_max=0.0204 m_ratio_max=0.614 w_ax@goal=+1.25 w_v@goal=19.23 return=967.5 length=79 success_rate=1.00 collisions/ep=0.92 (n=24)
update=29 global_step=59392 SPS=691 w_ev=0.892 m_ev=0.949 m_v_bias=6.3 m_adv_std=39.3167 m_kl_max=0.0324 m_ratio_max=0.685 w_ax@goal=+1.27 w_v@goal=19.37 return=958.0 length=81 success_rate=1.00 collisions/ep=1.12 (n=26)
update=30 global_step=61440 SPS=699 w_ev=0.921 m_ev=0.983 m_v_bias=-12.6 m_adv_std=21.7774 m_kl_max=0.0180 m_ratio_max=0.713 w_ax@goal=+1.33 w_v@goal=19.32 return=989.3 length=79 success_rate=1.00 collisions/ep=0.44 (n=25)
Evaluation at update 30: return=1012.41, length=79.80, success_rate=1.00, collisions/ep=0.00
Solved-check at update 30: solved=True worst_gap=1.12 at p_x0=0.00 p_y0=1.00 (consecutive=0)
update=31 global_step=63488 SPS=666 w_ev=0.921 m_ev=0.981 m_v_bias=-2.9 m_adv_std=23.5757 m_kl_max=0.0166 m_ratio_max=0.572 w_ax@goal=+1.40 w_v@goal=19.46 return=992.1 length=80 success_rate=1.00 collisions/ep=0.43 (n=28)
update=32 global_step=65536 SPS=673 w_ev=0.897 m_ev=0.985 m_v_bias=2.3 m_adv_std=20.8647 m_kl_max=0.0095 m_ratio_max=0.371 w_ax@goal=+1.28 w_v@goal=19.56 return=992.3 length=80 success_rate=1.00 collisions/ep=0.38 (n=26)
update=33 global_step=67584 SPS=680 w_ev=0.906 m_ev=0.978 m_v_bias=1.8 m_adv_std=24.3690 m_kl_max=0.0116 m_ratio_max=0.498 w_ax@goal=+1.38 w_v@goal=19.52 return=990.9 length=79 success_rate=1.00 collisions/ep=0.46 (n=24)
update=34 global_step=69632 SPS=687 w_ev=0.917 m_ev=0.975 m_v_bias=1.2 m_adv_std=26.7545 m_kl_max=0.0126 m_ratio_max=0.447 w_ax@goal=+1.37 w_v@goal=19.58 return=992.5 length=79 success_rate=1.00 collisions/ep=0.38 (n=26)
update=35 global_step=71680 SPS=694 w_ev=0.924 m_ev=0.988 m_v_bias=-0.4 m_adv_std=18.9167 m_kl_max=0.0121 m_ratio_max=0.513 w_ax@goal=+1.42 w_v@goal=19.50 return=985.0 length=79 success_rate=1.00 collisions/ep=0.54 (n=28)
Evaluation at update 35: return=1012.49, length=79.80, success_rate=1.00, collisions/ep=0.00
Solved-check at update 35: solved=True worst_gap=1.02 at p_x0=0.00 p_y0=1.00 (consecutive=1)
Solved criterion held for 2 consecutive evals (tolerance=5.0) at global_step=71680.
update=36 global_step=73728 SPS=665 w_ev=0.897 m_ev=0.982 m_v_bias=-1.0 m_adv_std=22.6155 m_kl_max=0.0098 m_ratio_max=0.498 w_ax@goal=+1.26 w_v@goal=19.46 return=986.8 length=79 success_rate=1.00 collisions/ep=0.54 (n=24)
update=37 global_step=75776 SPS=672 w_ev=0.930 m_ev=0.981 m_v_bias=0.4 m_adv_std=23.8997 m_kl_max=0.0393 m_ratio_max=1.529 w_ax@goal=+1.44 w_v@goal=19.44 return=991.7 length=80 success_rate=1.00 collisions/ep=0.41 (n=27)
update=38 global_step=77824 SPS=678 w_ev=0.912 m_ev=0.974 m_v_bias=5.6 m_adv_std=28.2865 m_kl_max=0.0067 m_ratio_max=0.523 w_ax@goal=+1.44 w_v@goal=19.57 return=985.4 length=82 success_rate=1.00 collisions/ep=0.58 (n=24)
update=39 global_step=79872 SPS=685 w_ev=0.921 m_ev=0.985 m_v_bias=-3.1 m_adv_std=20.2172 m_kl_max=0.0108 m_ratio_max=0.627 w_ax@goal=+1.25 w_v@goal=19.63 return=996.4 length=80 success_rate=1.00 collisions/ep=0.38 (n=26)
update=40 global_step=81920 SPS=691 w_ev=0.900 m_ev=0.982 m_v_bias=-0.4 m_adv_std=23.1534 m_kl_max=0.0189 m_ratio_max=0.976 w_ax@goal=+1.39 w_v@goal=19.41 return=996.3 length=82 success_rate=1.00 collisions/ep=0.48 (n=25)
Evaluation at update 40: return=1012.53, length=79.75, success_rate=1.00, collisions/ep=0.00
Solved-check at update 40: solved=True worst_gap=0.98 at p_x0=0.00 p_y0=0.50 (consecutive=2)
update=41 global_step=83968 SPS=665 w_ev=0.911 m_ev=0.975 m_v_bias=2.4 m_adv_std=27.6193 m_kl_max=0.0497 m_ratio_max=0.900 w_ax@goal=+1.41 w_v@goal=19.67 return=988.1 length=79 success_rate=1.00 collisions/ep=0.56 (n=27)
update=42 global_step=86016 SPS=670 w_ev=0.922 m_ev=0.992 m_v_bias=-1.2 m_adv_std=14.4209 m_kl_max=0.0154 m_ratio_max=0.638 w_ax@goal=+1.51 w_v@goal=19.59 return=1001.7 length=78 success_rate=1.00 collisions/ep=0.21 (n=24)
update=43 global_step=88064 SPS=676 w_ev=0.918 m_ev=0.990 m_v_bias=2.0 m_adv_std=16.6584 m_kl_max=0.0119 m_ratio_max=0.498 w_ax@goal=+1.48 w_v@goal=19.54 return=996.9 length=79 success_rate=1.00 collisions/ep=0.30 (n=27)
update=44 global_step=90112 SPS=681 w_ev=0.912 m_ev=0.979 m_v_bias=-1.1 m_adv_std=24.0094 m_kl_max=0.0284 m_ratio_max=1.284 w_ax@goal=+1.32 w_v@goal=19.53 return=993.9 length=79 success_rate=1.00 collisions/ep=0.36 (n=25)
update=45 global_step=92160 SPS=687 w_ev=0.922 m_ev=0.998 m_v_bias=-9.0 m_adv_std=7.9280 m_kl_max=0.0072 m_ratio_max=0.423 w_ax@goal=+1.28 w_v@goal=19.31 return=1011.9 length=80 success_rate=1.00 collisions/ep=0.00 (n=25)
Evaluation at update 45: return=1012.45, length=79.90, success_rate=1.00, collisions/ep=0.00
Solved-check at update 45: solved=True worst_gap=0.96 at p_x0=0.00 p_y0=1.00 (consecutive=3)
update=46 global_step=94208 SPS=665 w_ev=0.904 m_ev=0.971 m_v_bias=10.7 m_adv_std=29.6200 m_kl_max=0.0177 m_ratio_max=1.146 w_ax@goal=+1.40 w_v@goal=19.24 return=986.7 length=79 success_rate=1.00 collisions/ep=0.50 (n=28)
update=47 global_step=96256 SPS=670 w_ev=0.930 m_ev=0.993 m_v_bias=-9.9 m_adv_std=13.8124 m_kl_max=0.0086 m_ratio_max=0.561 w_ax@goal=+1.40 w_v@goal=19.58 return=1005.3 length=78 success_rate=1.00 collisions/ep=0.12 (n=26)
update=48 global_step=98304 SPS=675 w_ev=0.924 m_ev=0.992 m_v_bias=0.5 m_adv_std=14.9048 m_kl_max=0.0311 m_ratio_max=0.700 w_ax@goal=+1.27 w_v@goal=19.47 return=1007.9 length=80 success_rate=1.00 collisions/ep=0.08 (n=25)
update=49 global_step=100352 SPS=679 w_ev=0.920 m_ev=0.994 m_v_bias=1.5 m_adv_std=13.4602 m_kl_max=0.0258 m_ratio_max=0.776 w_ax@goal=+1.29 w_v@goal=19.57 return=1001.6 length=81 success_rate=1.00 collisions/ep=0.25 (n=24)
update=50 global_step=102400 SPS=684 w_ev=0.907 m_ev=0.983 m_v_bias=4.2 m_adv_std=21.2386 m_kl_max=0.0383 m_ratio_max=0.962 w_ax@goal=+1.24 w_v@goal=19.62 return=996.0 length=80 success_rate=1.00 collisions/ep=0.38 (n=26)
Evaluation at update 50: return=1012.54, length=79.65, success_rate=1.00, collisions/ep=0.00
Solved-check at update 50: solved=True worst_gap=0.97 at p_x0=0.00 p_y0=1.00 (consecutive=4)
update=51 global_step=104448 SPS=664 w_ev=0.934 m_ev=0.990 m_v_bias=-2.9 m_adv_std=17.1392 m_kl_max=0.0076 m_ratio_max=0.381 w_ax@goal=+1.31 w_v@goal=19.52 return=996.8 length=80 success_rate=1.00 collisions/ep=0.31 (n=26)
update=52 global_step=106496 SPS=668 w_ev=0.913 m_ev=0.969 m_v_bias=1.1 m_adv_std=29.6416 m_kl_max=0.0135 m_ratio_max=0.584 w_ax@goal=+1.11 w_v@goal=19.42 return=994.9 length=81 success_rate=1.00 collisions/ep=0.35 (n=26)
update=53 global_step=108544 SPS=673 w_ev=0.923 m_ev=0.994 m_v_bias=-6.1 m_adv_std=12.3601 m_kl_max=0.0110 m_ratio_max=0.495 w_ax@goal=+1.22 w_v@goal=19.60 return=1006.2 length=80 success_rate=1.00 collisions/ep=0.12 (n=25)
update=54 global_step=110592 SPS=678 w_ev=0.915 m_ev=0.984 m_v_bias=-0.3 m_adv_std=22.1689 m_kl_max=0.0170 m_ratio_max=0.603 w_ax@goal=+1.20 w_v@goal=19.52 return=1000.6 length=79 success_rate=1.00 collisions/ep=0.26 (n=27)
update=55 global_step=112640 SPS=682 w_ev=0.918 m_ev=0.992 m_v_bias=0.4 m_adv_std=14.3471 m_kl_max=0.0108 m_ratio_max=0.443 w_ax@goal=+1.26 w_v@goal=19.47 return=1000.2 length=79 success_rate=1.00 collisions/ep=0.28 (n=25)
Evaluation at update 55: return=1012.67, length=79.50, success_rate=1.00, collisions/ep=0.00
Solved-check at update 55: solved=True worst_gap=0.91 at p_x0=0.00 p_y0=1.00 (consecutive=5)
update=56 global_step=114688 SPS=664 w_ev=0.918 m_ev=0.986 m_v_bias=1.1 m_adv_std=19.6016 m_kl_max=0.0081 m_ratio_max=0.370 w_ax@goal=+1.17 w_v@goal=19.49 return=1002.0 length=80 success_rate=1.00 collisions/ep=0.28 (n=25)
update=57 global_step=116736 SPS=667 w_ev=0.901 m_ev=0.974 m_v_bias=9.1 m_adv_std=27.0713 m_kl_max=0.0240 m_ratio_max=0.710 w_ax@goal=+1.40 w_v@goal=19.54 return=983.4 length=78 success_rate=1.00 collisions/ep=0.68 (n=28)
update=58 global_step=118784 SPS=672 w_ev=0.903 m_ev=0.988 m_v_bias=-6.8 m_adv_std=18.3728 m_kl_max=0.0085 m_ratio_max=0.485 w_ax@goal=+1.36 w_v@goal=19.20 return=999.8 length=79 success_rate=1.00 collisions/ep=0.24 (n=25)
update=59 global_step=120832 SPS=675 w_ev=0.912 m_ev=0.976 m_v_bias=1.0 m_adv_std=25.1815 m_kl_max=0.0340 m_ratio_max=2.115 w_ax@goal=+1.43 w_v@goal=19.37 return=994.8 length=81 success_rate=1.00 collisions/ep=0.42 (n=26)
update=60 global_step=122880 SPS=679 w_ev=0.909 m_ev=0.962 m_v_bias=-1.4 m_adv_std=32.3352 m_kl_max=0.0147 m_ratio_max=0.805 w_ax@goal=+1.46 w_v@goal=19.24 return=996.7 length=78 success_rate=1.00 collisions/ep=0.38 (n=26)
Evaluation at update 60: return=1012.67, length=79.50, success_rate=1.00, collisions/ep=0.00
Solved-check at update 60: solved=True worst_gap=0.92 at p_x0=0.00 p_y0=1.00 (consecutive=6)
update=61 global_step=124928 SPS=662 w_ev=0.923 m_ev=0.995 m_v_bias=-4.7 m_adv_std=11.1517 m_kl_max=0.0112 m_ratio_max=0.452 w_ax@goal=+1.34 w_v@goal=19.38 return=1005.7 length=79 success_rate=1.00 collisions/ep=0.21 (n=24)
update=62 global_step=126976 SPS=665 w_ev=0.882 m_ev=0.988 m_v_bias=2.9 m_adv_std=18.7055 m_kl_max=0.0098 m_ratio_max=0.558 w_ax@goal=+1.27 w_v@goal=19.31 return=1001.1 length=79 success_rate=1.00 collisions/ep=0.21 (n=28)
update=63 global_step=129024 SPS=669 w_ev=0.909 m_ev=0.992 m_v_bias=-1.5 m_adv_std=14.7664 m_kl_max=0.0235 m_ratio_max=0.816 w_ax@goal=+1.31 w_v@goal=19.45 return=999.7 length=80 success_rate=1.00 collisions/ep=0.25 (n=24)
update=64 global_step=131072 SPS=672 w_ev=0.897 m_ev=0.973 m_v_bias=3.0 m_adv_std=28.1609 m_kl_max=0.0120 m_ratio_max=0.627 w_ax@goal=+1.34 w_v@goal=19.55 return=998.7 length=80 success_rate=1.00 collisions/ep=0.38 (n=26)
update=65 global_step=133120 SPS=676 w_ev=0.899 m_ev=0.986 m_v_bias=5.6 m_adv_std=19.7705 m_kl_max=0.0097 m_ratio_max=0.569 w_ax@goal=+1.25 w_v@goal=19.42 return=983.1 length=79 success_rate=1.00 collisions/ep=0.65 (n=26)
Evaluation at update 65: return=1012.61, length=79.65, success_rate=1.00, collisions/ep=0.00
Solved-check at update 65: solved=True worst_gap=0.95 at p_x0=0.50 p_y0=1.00 (consecutive=7)
update=66 global_step=135168 SPS=662 w_ev=0.885 m_ev=0.945 m_v_bias=7.8 m_adv_std=38.1301 m_kl_max=0.0195 m_ratio_max=0.675 w_ax@goal=+1.35 w_v@goal=19.50 return=969.7 length=80 success_rate=1.00 collisions/ep=1.12 (n=26)
update=67 global_step=137216 SPS=665 w_ev=0.911 m_ev=0.974 m_v_bias=-5.5 m_adv_std=27.1192 m_kl_max=0.0106 m_ratio_max=0.501 w_ax@goal=+1.27 w_v@goal=19.29 return=1000.3 length=79 success_rate=1.00 collisions/ep=0.38 (n=26)
update=68 global_step=139264 SPS=668 w_ev=0.907 m_ev=0.998 m_v_bias=-11.3 m_adv_std=7.1872 m_kl_max=0.0134 m_ratio_max=0.962 w_ax@goal=+1.23 w_v@goal=19.52 return=1009.9 length=79 success_rate=1.00 collisions/ep=0.04 (n=25)
update=69 global_step=141312 SPS=672 w_ev=0.915 m_ev=0.996 m_v_bias=-0.4 m_adv_std=10.1935 m_kl_max=0.0242 m_ratio_max=0.643 w_ax@goal=+1.45 w_v@goal=19.52 return=1006.4 length=79 success_rate=1.00 collisions/ep=0.16 (n=25)
update=70 global_step=143360 SPS=675 w_ev=0.906 m_ev=0.983 m_v_bias=3.2 m_adv_std=21.7009 m_kl_max=0.0368 m_ratio_max=1.904 w_ax@goal=+1.43 w_v@goal=19.66 return=1002.0 length=79 success_rate=1.00 collisions/ep=0.24 (n=29)
Evaluation at update 70: return=1012.83, length=79.35, success_rate=1.00, collisions/ep=0.00
Solved-check at update 70: solved=True worst_gap=0.72 at p_x0=0.00 p_y0=1.00 (consecutive=8)
update=71 global_step=145408 SPS=658 w_ev=0.900 m_ev=0.977 m_v_bias=4.3 m_adv_std=25.1543 m_kl_max=0.0274 m_ratio_max=1.024 w_ax@goal=+1.32 w_v@goal=19.51 return=993.0 length=79 success_rate=1.00 collisions/ep=0.42 (n=26)
update=72 global_step=147456 SPS=661 w_ev=0.890 m_ev=0.978 m_v_bias=-3.1 m_adv_std=24.4857 m_kl_max=0.0236 m_ratio_max=0.765 w_ax@goal=+1.43 w_v@goal=19.57 return=1000.3 length=79 success_rate=1.00 collisions/ep=0.24 (n=25)
update=73 global_step=149504 SPS=664 w_ev=0.895 m_ev=0.983 m_v_bias=2.4 m_adv_std=22.2781 m_kl_max=0.0267 m_ratio_max=0.786 w_ax@goal=+1.33 w_v@goal=19.67 return=987.6 length=80 success_rate=1.00 collisions/ep=0.50 (n=24)
update=74 global_step=151552 SPS=667 w_ev=0.909 m_ev=0.994 m_v_bias=-2.9 m_adv_std=13.0313 m_kl_max=0.0136 m_ratio_max=0.547 w_ax@goal=+1.32 w_v@goal=19.54 return=998.8 length=79 success_rate=1.00 collisions/ep=0.31 (n=26)
update=75 global_step=153600 SPS=669 w_ev=0.873 m_ev=0.960 m_v_bias=6.7 m_adv_std=34.0449 m_kl_max=0.0429 m_ratio_max=1.703 w_ax@goal=+1.45 w_v@goal=19.31 return=985.5 length=80 success_rate=1.00 collisions/ep=0.62 (n=26)
Evaluation at update 75: return=1012.84, length=79.35, success_rate=1.00, collisions/ep=0.00
Solved-check at update 75: solved=True worst_gap=0.73 at p_x0=0.00 p_y0=1.00 (consecutive=9)
update=76 global_step=155648 SPS=653 w_ev=0.903 m_ev=0.993 m_v_bias=-9.7 m_adv_std=14.6118 m_kl_max=0.0099 m_ratio_max=0.505 w_ax@goal=+1.42 w_v@goal=19.45 return=1005.3 length=79 success_rate=1.00 collisions/ep=0.15 (n=27)
update=77 global_step=157696 SPS=656 w_ev=0.890 m_ev=0.983 m_v_bias=3.1 m_adv_std=21.6683 m_kl_max=0.0050 m_ratio_max=0.268 w_ax@goal=+1.31 w_v@goal=19.62 return=1002.1 length=78 success_rate=1.00 collisions/ep=0.24 (n=25)
update=78 global_step=159744 SPS=659 w_ev=0.935 m_ev=0.996 m_v_bias=-5.7 m_adv_std=10.2685 m_kl_max=0.0064 m_ratio_max=0.332 w_ax@goal=+1.28 w_v@goal=19.59 return=994.9 length=79 success_rate=1.00 collisions/ep=0.35 (n=26)
update=79 global_step=161792 SPS=662 w_ev=0.925 m_ev=0.993 m_v_bias=0.9 m_adv_std=14.1584 m_kl_max=0.0158 m_ratio_max=0.697 w_ax@goal=+1.37 w_v@goal=19.56 return=1003.0 length=81 success_rate=1.00 collisions/ep=0.19 (n=26)
update=80 global_step=163840 SPS=665 w_ev=0.926 m_ev=0.987 m_v_bias=3.0 m_adv_std=19.1916 m_kl_max=0.0060 m_ratio_max=0.403 w_ax@goal=+1.24 w_v@goal=19.59 return=996.1 length=79 success_rate=1.00 collisions/ep=0.36 (n=28)
Evaluation at update 80: return=1010.32, length=79.45, success_rate=1.00, collisions/ep=0.05
Solved-check at update 80: solved=False worst_gap=50.77 at p_x0=0.00 p_y0=1.00 (consecutive=10)
update=81 global_step=165888 SPS=653 w_ev=0.926 m_ev=0.997 m_v_bias=-5.4 m_adv_std=9.1374 m_kl_max=0.0129 m_ratio_max=0.714 w_ax@goal=+1.31 w_v@goal=19.68 return=1004.2 length=80 success_rate=1.00 collisions/ep=0.17 (n=24)
update=82 global_step=167936 SPS=656 w_ev=0.914 m_ev=0.987 m_v_bias=3.9 m_adv_std=18.9179 m_kl_max=0.0136 m_ratio_max=0.393 w_ax@goal=+1.25 w_v@goal=19.70 return=995.0 length=78 success_rate=1.00 collisions/ep=0.38 (n=26)
update=83 global_step=169984 SPS=659 w_ev=0.924 m_ev=0.991 m_v_bias=-1.2 m_adv_std=15.3400 m_kl_max=0.0115 m_ratio_max=0.568 w_ax@goal=+1.19 w_v@goal=19.61 return=998.4 length=80 success_rate=1.00 collisions/ep=0.28 (n=25)
update=84 global_step=172032 SPS=662 w_ev=0.909 m_ev=0.990 m_v_bias=1.0 m_adv_std=16.5593 m_kl_max=0.0153 m_ratio_max=0.619 w_ax@goal=+1.21 w_v@goal=19.46 return=999.0 length=80 success_rate=1.00 collisions/ep=0.27 (n=26)
update=85 global_step=174080 SPS=665 w_ev=0.894 m_ev=0.995 m_v_bias=0.5 m_adv_std=11.7248 m_kl_max=0.0105 m_ratio_max=0.723 w_ax@goal=+1.12 w_v@goal=19.50 return=1000.8 length=79 success_rate=1.00 collisions/ep=0.23 (n=26)
Evaluation at update 85: return=1010.37, length=79.30, success_rate=1.00, collisions/ep=0.05
Solved-check at update 85: solved=False worst_gap=100.71 at p_x0=0.00 p_y0=1.00 (consecutive=0)
update=86 global_step=176128 SPS=653 w_ev=0.903 m_ev=0.990 m_v_bias=1.1 m_adv_std=16.7507 m_kl_max=0.0248 m_ratio_max=0.815 w_ax@goal=+1.17 w_v@goal=19.60 return=997.0 length=77 success_rate=1.00 collisions/ep=0.30 (n=27)
update=87 global_step=178176 SPS=655 w_ev=0.886 m_ev=0.966 m_v_bias=-1.7 m_adv_std=30.9136 m_kl_max=0.0127 m_ratio_max=0.560 w_ax@goal=+1.14 w_v@goal=19.68 return=988.5 length=79 success_rate=1.00 collisions/ep=0.48 (n=25)
update=88 global_step=180224 SPS=658 w_ev=0.915 m_ev=0.982 m_v_bias=3.6 m_adv_std=23.3443 m_kl_max=0.0123 m_ratio_max=0.592 w_ax@goal=+1.21 w_v@goal=19.78 return=985.5 length=80 success_rate=1.00 collisions/ep=0.54 (n=26)
update=89 global_step=182272 SPS=661 w_ev=0.891 m_ev=0.984 m_v_bias=0.7 m_adv_std=21.4359 m_kl_max=0.0095 m_ratio_max=0.670 w_ax@goal=+1.20 w_v@goal=19.60 return=993.6 length=78 success_rate=1.00 collisions/ep=0.37 (n=27)
update=90 global_step=184320 SPS=663 w_ev=0.815 m_ev=0.964 m_v_bias=2.1 m_adv_std=32.6429 m_kl_max=0.0072 m_ratio_max=0.350 w_ax@goal=+1.16 w_v@goal=19.42 return=980.5 length=78 success_rate=1.00 collisions/ep=0.67 (n=27)
Evaluation at update 90: return=1007.90, length=79.25, success_rate=1.00, collisions/ep=0.10
Solved-check at update 90: solved=False worst_gap=50.63 at p_x0=0.00 p_y0=1.00 (consecutive=0)
update=91 global_step=186368 SPS=652 w_ev=0.875 m_ev=0.988 m_v_bias=-5.1 m_adv_std=17.9207 m_kl_max=0.0060 m_ratio_max=0.412 w_ax@goal=+1.14 w_v@goal=19.37 return=1002.0 length=77 success_rate=1.00 collisions/ep=0.20 (n=25)
update=92 global_step=188416 SPS=654 w_ev=0.900 m_ev=0.981 m_v_bias=6.7 m_adv_std=24.6031 m_kl_max=0.0156 m_ratio_max=0.717 w_ax@goal=+1.25 w_v@goal=19.26 return=986.1 length=82 success_rate=1.00 collisions/ep=0.54 (n=26)
update=93 global_step=190464 SPS=657 w_ev=0.905 m_ev=0.975 m_v_bias=3.2 m_adv_std=26.4971 m_kl_max=0.0332 m_ratio_max=0.966 w_ax@goal=+1.23 w_v@goal=19.62 return=980.4 length=81 success_rate=1.00 collisions/ep=0.64 (n=25)
update=94 global_step=192512 SPS=659 w_ev=0.903 m_ev=0.976 m_v_bias=-0.4 m_adv_std=26.5398 m_kl_max=0.0304 m_ratio_max=1.156 w_ax@goal=+1.09 w_v@goal=19.54 return=995.3 length=80 success_rate=1.00 collisions/ep=0.35 (n=26)
update=95 global_step=194560 SPS=662 w_ev=0.904 m_ev=0.991 m_v_bias=-1.6 m_adv_std=15.9746 m_kl_max=0.0113 m_ratio_max=0.525 w_ax@goal=+1.13 w_v@goal=19.40 return=997.3 length=78 success_rate=1.00 collisions/ep=0.28 (n=25)
Evaluation at update 95: return=1012.89, length=79.30, success_rate=1.00, collisions/ep=0.00
Solved-check at update 95: solved=False worst_gap=50.70 at p_x0=0.00 p_y0=1.00 (consecutive=0)
update=96 global_step=196608 SPS=652 w_ev=0.909 m_ev=0.956 m_v_bias=2.3 m_adv_std=35.9340 m_kl_max=0.0172 m_ratio_max=0.722 w_ax@goal=+1.29 w_v@goal=19.44 return=991.4 length=80 success_rate=1.00 collisions/ep=0.42 (n=26)
update=97 global_step=198656 SPS=655 w_ev=0.920 m_ev=0.992 m_v_bias=-2.5 m_adv_std=15.1767 m_kl_max=0.0142 m_ratio_max=0.723 w_ax@goal=+1.09 w_v@goal=19.69 return=1006.6 length=80 success_rate=1.00 collisions/ep=0.12 (n=26)
update=98 global_step=200704 SPS=657 w_ev=0.879 m_ev=0.986 m_v_bias=3.8 m_adv_std=19.7419 m_kl_max=0.0119 m_ratio_max=0.586 w_ax@goal=+0.95 w_v@goal=19.54 return=1000.6 length=79 success_rate=1.00 collisions/ep=0.27 (n=26)
update=99 global_step=202752 SPS=660 w_ev=0.889 m_ev=0.996 m_v_bias=-3.7 m_adv_std=10.1956 m_kl_max=0.0121 m_ratio_max=0.469 w_ax@goal=+1.04 w_v@goal=19.51 return=1006.4 length=79 success_rate=1.00 collisions/ep=0.12 (n=26)
update=100 global_step=204800 SPS=662 w_ev=0.925 m_ev=0.991 m_v_bias=2.8 m_adv_std=15.3776 m_kl_max=0.0183 m_ratio_max=0.619 w_ax@goal=+1.20 w_v@goal=19.63 return=1002.6 length=79 success_rate=1.00 collisions/ep=0.19 (n=26)
Evaluation at update 100: return=1012.79, length=79.45, success_rate=1.00, collisions/ep=0.00
Solved-check at update 100: solved=True worst_gap=0.81 at p_x0=0.00 p_y0=1.00 (consecutive=0)
Saved checkpoints to C:\Users\loren\Desktop\MASTER THESIS\5_CODE\scenarios\slalom\studies\init_sampler\hppo_uniform\runs\hppo_slalom_15_1791036332
