Using device: cpu
Solved-check: precomputed optimal returns for 25 fixed initial conditions (mean=1013.0, min=1011.0, max=1015.0); solved-tolerance=5.0
num_envs=8 num_steps_per_env=256 worker_batch_size=2048 worker_minibatch_size=256 num_updates=100 timesteps=204800
update=1 global_step=2048 SPS=973 w_ev=-0.063 m_ev=0.002 m_v_bias=68.9 m_adv_std=276.2195 m_kl_max=0.0006 m_ratio_max=0.094 w_ax@goal=-0.03 w_v@goal=-0.20 return=-247.3 length=170 success_rate=0.38 collisions/ep=10.00 (n=8)
update=2 global_step=4096 SPS=1007 w_ev=0.413 m_ev=0.605 m_v_bias=-10.6 m_adv_std=151.6001 m_kl_max=0.0011 m_ratio_max=0.178 w_ax@goal=+0.56 w_v@goal=2.90 return=-301.7 length=181 success_rate=0.20 collisions/ep=6.90 (n=10)
update=3 global_step=6144 SPS=999 w_ev=0.668 m_ev=0.743 m_v_bias=-21.2 m_adv_std=163.2492 m_kl_max=0.0040 m_ratio_max=0.301 w_ax@goal=+0.10 w_v@goal=5.13 return=-211.9 length=179 success_rate=0.33 collisions/ep=7.92 (n=12)
update=4 global_step=8192 SPS=984 w_ev=0.843 m_ev=0.714 m_v_bias=-44.3 m_adv_std=120.6853 m_kl_max=0.0013 m_ratio_max=0.168 w_ax@goal=+0.18 w_v@goal=8.47 return=-321.1 length=198 success_rate=0.10 collisions/ep=4.80 (n=10)
update=5 global_step=10240 SPS=983 w_ev=0.884 m_ev=0.847 m_v_bias=-55.7 m_adv_std=126.0799 m_kl_max=0.0010 m_ratio_max=0.147 w_ax@goal=-0.02 w_v@goal=9.23 return=10.6 length=185 success_rate=0.42 collisions/ep=5.17 (n=12)
Evaluation at update 5: return=472.73, length=109.65, success_rate=1.00, collisions/ep=10.15
Solved-check at update 5: solved=False worst_gap=732.56 at p_x0=0.50 p_y0=0.00 (consecutive=0)
update=6 global_step=12288 SPS=651 w_ev=0.918 m_ev=0.838 m_v_bias=-77.7 m_adv_std=128.6962 m_kl_max=0.0007 m_ratio_max=0.179 w_ax@goal=+0.24 w_v@goal=13.72 return=284.7 length=147 success_rate=0.57 collisions/ep=3.93 (n=14)
update=7 global_step=14336 SPS=713 w_ev=0.957 m_ev=0.795 m_v_bias=-70.5 m_adv_std=141.5304 m_kl_max=0.0013 m_ratio_max=0.235 w_ax@goal=+0.46 w_v@goal=17.28 return=481.6 length=134 success_rate=0.81 collisions/ep=5.56 (n=16)
update=8 global_step=16384 SPS=775 w_ev=0.962 m_ev=0.877 m_v_bias=-76.7 m_adv_std=87.7869 m_kl_max=0.0021 m_ratio_max=0.204 w_ax@goal=+0.58 w_v@goal=19.14 return=707.6 length=108 success_rate=0.90 collisions/ep=3.40 (n=20)
update=9 global_step=18432 SPS=827 w_ev=0.945 m_ev=0.870 m_v_bias=2.4 m_adv_std=87.4113 m_kl_max=0.0016 m_ratio_max=0.180 w_ax@goal=+0.68 w_v@goal=19.66 return=781.3 length=95 success_rate=1.00 collisions/ep=4.32 (n=22)
update=10 global_step=20480 SPS=875 w_ev=0.951 m_ev=0.916 m_v_bias=-13.0 m_adv_std=67.5314 m_kl_max=0.0060 m_ratio_max=0.455 w_ax@goal=+0.56 w_v@goal=19.51 return=786.2 length=90 success_rate=1.00 collisions/ep=4.29 (n=24)
Evaluation at update 10: return=876.19, length=81.35, success_rate=1.00, collisions/ep=2.65
Solved-check at update 10: solved=False worst_gap=503.90 at p_x0=0.50 p_y0=-1.00 (consecutive=0)
update=11 global_step=22528 SPS=675 w_ev=0.947 m_ev=0.909 m_v_bias=-13.7 m_adv_std=66.7078 m_kl_max=0.0022 m_ratio_max=0.295 w_ax@goal=+0.65 w_v@goal=19.30 return=800.5 length=87 success_rate=1.00 collisions/ep=4.13 (n=23)
update=12 global_step=24576 SPS=673 w_ev=0.955 m_ev=0.916 m_v_bias=-13.5 m_adv_std=63.9161 m_kl_max=0.0007 m_ratio_max=0.128 w_ax@goal=+0.63 w_v@goal=19.23 return=875.0 length=85 success_rate=1.00 collisions/ep=2.62 (n=24)
update=13 global_step=26624 SPS=671 w_ev=0.960 m_ev=0.960 m_v_bias=-3.4 m_adv_std=40.5344 m_kl_max=0.0029 m_ratio_max=0.309 w_ax@goal=+0.78 w_v@goal=19.30 return=853.1 length=86 success_rate=1.00 collisions/ep=3.08 (n=24)
update=14 global_step=28672 SPS=669 w_ev=0.947 m_ev=0.924 m_v_bias=7.5 m_adv_std=59.0181 m_kl_max=0.0010 m_ratio_max=0.193 w_ax@goal=+0.76 w_v@goal=19.24 return=853.8 length=83 success_rate=1.00 collisions/ep=3.08 (n=24)
update=15 global_step=30720 SPS=667 w_ev=0.966 m_ev=0.968 m_v_bias=-21.8 m_adv_std=35.3011 m_kl_max=0.0013 m_ratio_max=0.131 w_ax@goal=+0.92 w_v@goal=19.21 return=871.4 length=82 success_rate=1.00 collisions/ep=2.76 (n=25)
Evaluation at update 15: return=955.62, length=79.45, success_rate=1.00, collisions/ep=1.10
Solved-check at update 15: solved=False worst_gap=101.98 at p_x0=1.50 p_y0=-1.00 (consecutive=0)
update=16 global_step=32768 SPS=608 w_ev=0.944 m_ev=0.937 m_v_bias=6.5 m_adv_std=52.2640 m_kl_max=0.0003 m_ratio_max=0.121 w_ax@goal=+0.74 w_v@goal=19.21 return=877.2 length=83 success_rate=1.00 collisions/ep=2.64 (n=25)
update=17 global_step=34816 SPS=634 w_ev=0.955 m_ev=0.960 m_v_bias=-11.3 m_adv_std=40.3444 m_kl_max=0.0011 m_ratio_max=0.166 w_ax@goal=+0.75 w_v@goal=19.36 return=891.5 length=83 success_rate=1.00 collisions/ep=2.36 (n=25)
update=18 global_step=36864 SPS=657 w_ev=0.955 m_ev=0.949 m_v_bias=-20.6 m_adv_std=43.7187 m_kl_max=0.0059 m_ratio_max=0.515 w_ax@goal=+0.80 w_v@goal=19.53 return=925.9 length=84 success_rate=1.00 collisions/ep=1.68 (n=25)
update=19 global_step=38912 SPS=681 w_ev=0.936 m_ev=0.936 m_v_bias=8.4 m_adv_std=50.6927 m_kl_max=0.0058 m_ratio_max=0.388 w_ax@goal=+0.89 w_v@goal=19.33 return=907.8 length=82 success_rate=1.00 collisions/ep=2.04 (n=26)
update=20 global_step=40960 SPS=704 w_ev=0.937 m_ev=0.965 m_v_bias=-1.8 m_adv_std=36.8651 m_kl_max=0.0023 m_ratio_max=0.212 w_ax@goal=+0.80 w_v@goal=19.33 return=907.7 length=82 success_rate=1.00 collisions/ep=2.04 (n=26)
Evaluation at update 20: return=960.97, length=79.10, success_rate=1.00, collisions/ep=1.00
Solved-check at update 20: solved=False worst_gap=101.36 at p_x0=2.00 p_y0=-1.00 (consecutive=0)
update=21 global_step=43008 SPS=638 w_ev=0.941 m_ev=0.976 m_v_bias=-10.3 m_adv_std=29.1135 m_kl_max=0.0038 m_ratio_max=0.350 w_ax@goal=+0.89 w_v@goal=19.32 return=924.8 length=81 success_rate=1.00 collisions/ep=1.71 (n=24)
update=22 global_step=45056 SPS=651 w_ev=0.939 m_ev=0.967 m_v_bias=-0.9 m_adv_std=34.5468 m_kl_max=0.0217 m_ratio_max=0.786 w_ax@goal=+0.87 w_v@goal=19.36 return=933.6 length=82 success_rate=1.00 collisions/ep=1.54 (n=24)
update=23 global_step=47104 SPS=663 w_ev=0.946 m_ev=0.963 m_v_bias=-3.5 m_adv_std=35.8525 m_kl_max=0.0134 m_ratio_max=0.657 w_ax@goal=+0.80 w_v@goal=19.31 return=914.4 length=81 success_rate=1.00 collisions/ep=1.92 (n=24)
update=24 global_step=49152 SPS=673 w_ev=0.951 m_ev=0.963 m_v_bias=7.0 m_adv_std=36.7016 m_kl_max=0.0059 m_ratio_max=0.430 w_ax@goal=+0.73 w_v@goal=19.31 return=922.4 length=80 success_rate=1.00 collisions/ep=1.75 (n=28)
update=25 global_step=51200 SPS=683 w_ev=0.949 m_ev=0.988 m_v_bias=-15.7 m_adv_std=20.7144 m_kl_max=0.0219 m_ratio_max=0.505 w_ax@goal=+0.75 w_v@goal=19.21 return=939.4 length=82 success_rate=1.00 collisions/ep=1.42 (n=26)
Evaluation at update 25: return=961.22, length=78.75, success_rate=1.00, collisions/ep=1.00
Solved-check at update 25: solved=False worst_gap=100.93 at p_x0=2.00 p_y0=-1.00 (consecutive=0)
update=26 global_step=53248 SPS=646 w_ev=0.948 m_ev=0.989 m_v_bias=-0.4 m_adv_std=18.7076 m_kl_max=0.0045 m_ratio_max=0.330 w_ax@goal=+0.80 w_v@goal=19.04 return=945.7 length=81 success_rate=1.00 collisions/ep=1.28 (n=25)
update=27 global_step=55296 SPS=655 w_ev=0.948 m_ev=0.981 m_v_bias=9.3 m_adv_std=25.5281 m_kl_max=0.0051 m_ratio_max=0.306 w_ax@goal=+0.98 w_v@goal=19.37 return=925.2 length=80 success_rate=1.00 collisions/ep=1.68 (n=25)
update=28 global_step=57344 SPS=663 w_ev=0.949 m_ev=0.977 m_v_bias=-6.7 m_adv_std=28.1567 m_kl_max=0.0067 m_ratio_max=0.371 w_ax@goal=+1.06 w_v@goal=19.47 return=931.6 length=80 success_rate=1.00 collisions/ep=1.58 (n=24)
update=29 global_step=59392 SPS=672 w_ev=0.936 m_ev=0.979 m_v_bias=1.4 m_adv_std=27.3806 m_kl_max=0.0066 m_ratio_max=0.344 w_ax@goal=+1.07 w_v@goal=19.36 return=931.4 length=81 success_rate=1.00 collisions/ep=1.58 (n=26)
update=30 global_step=61440 SPS=680 w_ev=0.946 m_ev=0.974 m_v_bias=1.7 m_adv_std=29.6195 m_kl_max=0.0237 m_ratio_max=0.789 w_ax@goal=+1.19 w_v@goal=19.30 return=936.0 length=80 success_rate=1.00 collisions/ep=1.50 (n=26)
Evaluation at update 30: return=961.41, length=78.60, success_rate=1.00, collisions/ep=1.00
Solved-check at update 30: solved=False worst_gap=100.93 at p_x0=2.00 p_y0=-1.00 (consecutive=0)
update=31 global_step=63488 SPS=649 w_ev=0.955 m_ev=0.991 m_v_bias=-5.3 m_adv_std=16.3262 m_kl_max=0.0029 m_ratio_max=0.276 w_ax@goal=+1.01 w_v@goal=19.46 return=943.4 length=79 success_rate=1.00 collisions/ep=1.32 (n=25)
update=32 global_step=65536 SPS=656 w_ev=0.959 m_ev=0.994 m_v_bias=-2.3 m_adv_std=14.1933 m_kl_max=0.0078 m_ratio_max=0.366 w_ax@goal=+0.84 w_v@goal=19.30 return=956.2 length=83 success_rate=1.00 collisions/ep=1.08 (n=25)
update=33 global_step=67584 SPS=664 w_ev=0.954 m_ev=0.984 m_v_bias=4.5 m_adv_std=22.5717 m_kl_max=0.0055 m_ratio_max=0.314 w_ax@goal=+0.81 w_v@goal=19.29 return=943.1 length=81 success_rate=1.00 collisions/ep=1.35 (n=23)
update=34 global_step=69632 SPS=671 w_ev=0.956 m_ev=0.993 m_v_bias=-3.8 m_adv_std=14.8723 m_kl_max=0.0225 m_ratio_max=0.588 w_ax@goal=+0.92 w_v@goal=19.38 return=951.3 length=81 success_rate=1.00 collisions/ep=1.18 (n=28)
update=35 global_step=71680 SPS=678 w_ev=0.962 m_ev=0.991 m_v_bias=2.1 m_adv_std=17.3967 m_kl_max=0.0063 m_ratio_max=0.353 w_ax@goal=+0.81 w_v@goal=19.23 return=942.3 length=81 success_rate=1.00 collisions/ep=1.36 (n=25)
Evaluation at update 35: return=961.38, length=78.60, success_rate=1.00, collisions/ep=1.00
Solved-check at update 35: solved=False worst_gap=101.00 at p_x0=2.00 p_y0=-1.00 (consecutive=0)
update=36 global_step=73728 SPS=650 w_ev=0.954 m_ev=0.989 m_v_bias=-1.2 m_adv_std=19.1886 m_kl_max=0.0088 m_ratio_max=0.375 w_ax@goal=+0.77 w_v@goal=19.24 return=950.4 length=83 success_rate=1.00 collisions/ep=1.20 (n=25)
update=37 global_step=75776 SPS=658 w_ev=0.959 m_ev=0.995 m_v_bias=-1.3 m_adv_std=12.9773 m_kl_max=0.0044 m_ratio_max=0.423 w_ax@goal=+0.82 w_v@goal=19.36 return=953.9 length=82 success_rate=1.00 collisions/ep=1.12 (n=25)
update=38 global_step=77824 SPS=663 w_ev=0.963 m_ev=0.991 m_v_bias=0.4 m_adv_std=17.5612 m_kl_max=0.0109 m_ratio_max=0.582 w_ax@goal=+0.84 w_v@goal=19.41 return=952.5 length=84 success_rate=1.00 collisions/ep=1.17 (n=24)
update=39 global_step=79872 SPS=669 w_ev=0.960 m_ev=0.995 m_v_bias=0.9 m_adv_std=13.4696 m_kl_max=0.0194 m_ratio_max=0.549 w_ax@goal=+0.75 w_v@goal=19.30 return=956.1 length=82 success_rate=1.00 collisions/ep=1.08 (n=26)
update=40 global_step=81920 SPS=675 w_ev=0.949 m_ev=0.966 m_v_bias=-0.5 m_adv_std=33.7063 m_kl_max=0.0042 m_ratio_max=0.369 w_ax@goal=+1.01 w_v@goal=19.29 return=951.1 length=81 success_rate=1.00 collisions/ep=1.23 (n=26)
Evaluation at update 40: return=961.42, length=78.60, success_rate=1.00, collisions/ep=1.00
Solved-check at update 40: solved=False worst_gap=100.90 at p_x0=2.00 p_y0=-1.00 (consecutive=0)
update=41 global_step=83968 SPS=651 w_ev=0.959 m_ev=0.995 m_v_bias=-2.8 m_adv_std=12.7467 m_kl_max=0.0147 m_ratio_max=0.466 w_ax@goal=+0.86 w_v@goal=19.50 return=954.6 length=82 success_rate=1.00 collisions/ep=1.12 (n=24)
update=42 global_step=86016 SPS=657 w_ev=0.958 m_ev=0.996 m_v_bias=-0.2 m_adv_std=10.9089 m_kl_max=0.0186 m_ratio_max=1.036 w_ax@goal=+0.76 w_v@goal=19.47 return=955.8 length=82 success_rate=1.00 collisions/ep=1.08 (n=25)
update=43 global_step=88064 SPS=661 w_ev=0.936 m_ev=0.979 m_v_bias=3.5 m_adv_std=25.5641 m_kl_max=0.0183 m_ratio_max=0.675 w_ax@goal=+0.81 w_v@goal=19.43 return=952.1 length=82 success_rate=1.00 collisions/ep=1.21 (n=24)
update=44 global_step=90112 SPS=667 w_ev=0.942 m_ev=0.987 m_v_bias=0.5 m_adv_std=21.0701 m_kl_max=0.0187 m_ratio_max=0.846 w_ax@goal=+0.67 w_v@goal=19.39 return=948.4 length=82 success_rate=1.00 collisions/ep=1.24 (n=25)
update=45 global_step=92160 SPS=671 w_ev=0.943 m_ev=0.997 m_v_bias=-5.6 m_adv_std=9.8560 m_kl_max=0.0198 m_ratio_max=0.759 w_ax@goal=+0.73 w_v@goal=19.53 return=958.4 length=81 success_rate=1.00 collisions/ep=1.04 (n=27)
Evaluation at update 45: return=961.52, length=78.50, success_rate=1.00, collisions/ep=1.00
Solved-check at update 45: solved=False worst_gap=51.60 at p_x0=2.00 p_y0=1.00 (consecutive=0)
update=46 global_step=94208 SPS=650 w_ev=0.940 m_ev=0.991 m_v_bias=1.5 m_adv_std=17.5171 m_kl_max=0.0151 m_ratio_max=0.591 w_ax@goal=+0.95 w_v@goal=19.39 return=948.9 length=82 success_rate=1.00 collisions/ep=1.24 (n=25)
update=47 global_step=96256 SPS=655 w_ev=0.944 m_ev=0.995 m_v_bias=-0.4 m_adv_std=12.0027 m_kl_max=0.0171 m_ratio_max=0.971 w_ax@goal=+1.02 w_v@goal=19.47 return=957.6 length=81 success_rate=1.00 collisions/ep=1.12 (n=24)
update=48 global_step=98304 SPS=660 w_ev=0.946 m_ev=0.993 m_v_bias=1.2 m_adv_std=14.7881 m_kl_max=0.0085 m_ratio_max=0.421 w_ax@goal=+1.01 w_v@goal=19.28 return=951.1 length=81 success_rate=1.00 collisions/ep=1.20 (n=25)
update=49 global_step=100352 SPS=665 w_ev=0.942 m_ev=0.995 m_v_bias=-1.4 m_adv_std=13.1245 m_kl_max=0.0161 m_ratio_max=0.468 w_ax@goal=+0.97 w_v@goal=19.28 return=954.4 length=79 success_rate=1.00 collisions/ep=1.12 (n=25)
update=50 global_step=102400 SPS=671 w_ev=0.943 m_ev=0.995 m_v_bias=-3.3 m_adv_std=12.5856 m_kl_max=0.0329 m_ratio_max=1.591 w_ax@goal=+0.87 w_v@goal=19.59 return=963.3 length=81 success_rate=1.00 collisions/ep=0.96 (n=26)
Evaluation at update 50: return=961.38, length=78.65, success_rate=1.00, collisions/ep=1.00
Solved-check at update 50: solved=False worst_gap=51.89 at p_x0=2.00 p_y0=1.00 (consecutive=0)
update=51 global_step=104448 SPS=652 w_ev=0.954 m_ev=0.993 m_v_bias=-1.7 m_adv_std=14.6219 m_kl_max=0.0102 m_ratio_max=0.470 w_ax@goal=+0.86 w_v@goal=19.47 return=968.3 length=82 success_rate=1.00 collisions/ep=0.85 (n=26)
update=52 global_step=106496 SPS=655 w_ev=0.950 m_ev=0.969 m_v_bias=2.6 m_adv_std=31.3891 m_kl_max=0.0113 m_ratio_max=0.588 w_ax@goal=+0.73 w_v@goal=19.42 return=962.7 length=82 success_rate=1.00 collisions/ep=0.96 (n=25)
update=53 global_step=108544 SPS=659 w_ev=0.958 m_ev=0.989 m_v_bias=-5.1 m_adv_std=17.6715 m_kl_max=0.0233 m_ratio_max=0.559 w_ax@goal=+0.98 w_v@goal=19.52 return=983.0 length=81 success_rate=1.00 collisions/ep=0.58 (n=24)
update=54 global_step=110592 SPS=662 w_ev=0.961 m_ev=0.993 m_v_bias=-0.5 m_adv_std=14.8017 m_kl_max=0.0126 m_ratio_max=0.656 w_ax@goal=+1.04 w_v@goal=19.64 return=981.7 length=81 success_rate=1.00 collisions/ep=0.59 (n=27)
update=55 global_step=112640 SPS=667 w_ev=0.941 m_ev=0.979 m_v_bias=-1.0 m_adv_std=25.3990 m_kl_max=0.0305 m_ratio_max=1.041 w_ax@goal=+0.80 w_v@goal=19.60 return=978.8 length=81 success_rate=1.00 collisions/ep=0.64 (n=25)
Evaluation at update 55: return=1011.50, length=78.35, success_rate=1.00, collisions/ep=0.00
Solved-check at update 55: solved=False worst_gap=51.77 at p_x0=0.00 p_y0=1.00 (consecutive=0)
update=56 global_step=114688 SPS=648 w_ev=0.941 m_ev=0.986 m_v_bias=-4.0 m_adv_std=20.7442 m_kl_max=0.0151 m_ratio_max=1.152 w_ax@goal=+0.77 w_v@goal=19.29 return=992.8 length=80 success_rate=1.00 collisions/ep=0.40 (n=25)
update=57 global_step=116736 SPS=653 w_ev=0.925 m_ev=0.946 m_v_bias=-0.1 m_adv_std=39.7510 m_kl_max=0.0117 m_ratio_max=0.459 w_ax@goal=+0.87 w_v@goal=19.07 return=984.5 length=82 success_rate=1.00 collisions/ep=0.64 (n=25)
update=58 global_step=118784 SPS=657 w_ev=0.945 m_ev=0.989 m_v_bias=-6.0 m_adv_std=17.8018 m_kl_max=0.0134 m_ratio_max=0.805 w_ax@goal=+0.84 w_v@goal=19.41 return=996.1 length=82 success_rate=1.00 collisions/ep=0.46 (n=24)
update=59 global_step=120832 SPS=661 w_ev=0.938 m_ev=0.989 m_v_bias=-2.3 m_adv_std=17.7936 m_kl_max=0.0180 m_ratio_max=0.595 w_ax@goal=+0.85 w_v@goal=19.32 return=1003.3 length=81 success_rate=1.00 collisions/ep=0.23 (n=26)
update=60 global_step=122880 SPS=666 w_ev=0.954 m_ev=0.994 m_v_bias=0.1 m_adv_std=13.2589 m_kl_max=0.0321 m_ratio_max=0.955 w_ax@goal=+0.86 w_v@goal=19.40 return=997.8 length=82 success_rate=1.00 collisions/ep=0.44 (n=25)
Evaluation at update 60: return=1011.70, length=78.25, success_rate=1.00, collisions/ep=0.00
Solved-check at update 60: solved=True worst_gap=1.98 at p_x0=2.00 p_y0=1.00 (consecutive=0)
update=61 global_step=124928 SPS=650 w_ev=0.943 m_ev=0.976 m_v_bias=5.3 m_adv_std=27.0816 m_kl_max=0.0171 m_ratio_max=0.611 w_ax@goal=+1.05 w_v@goal=19.50 return=989.2 length=79 success_rate=1.00 collisions/ep=0.50 (n=28)
update=62 global_step=126976 SPS=653 w_ev=0.932 m_ev=0.995 m_v_bias=-7.8 m_adv_std=11.3210 m_kl_max=0.0620 m_ratio_max=1.492 w_ax@goal=+0.93 w_v@goal=19.61 return=1004.3 length=82 success_rate=1.00 collisions/ep=0.29 (n=24)
update=63 global_step=129024 SPS=657 w_ev=0.920 m_ev=0.988 m_v_bias=3.3 m_adv_std=18.5929 m_kl_max=0.0191 m_ratio_max=0.785 w_ax@goal=+1.09 w_v@goal=19.61 return=996.7 length=80 success_rate=1.00 collisions/ep=0.33 (n=24)
update=64 global_step=131072 SPS=661 w_ev=0.929 m_ev=0.996 m_v_bias=-5.2 m_adv_std=10.2056 m_kl_max=0.0144 m_ratio_max=0.521 w_ax@goal=+1.09 w_v@goal=19.65 return=1001.7 length=80 success_rate=1.00 collisions/ep=0.23 (n=26)
update=65 global_step=133120 SPS=664 w_ev=0.941 m_ev=0.993 m_v_bias=0.4 m_adv_std=13.5817 m_kl_max=0.0144 m_ratio_max=1.165 w_ax@goal=+1.02 w_v@goal=19.60 return=1000.3 length=79 success_rate=1.00 collisions/ep=0.22 (n=27)
Evaluation at update 65: return=1012.14, length=77.85, success_rate=1.00, collisions/ep=0.00
Solved-check at update 65: solved=True worst_gap=1.18 at p_x0=2.00 p_y0=1.00 (consecutive=1)
Solved criterion held for 2 consecutive evals (tolerance=5.0) at global_step=133120.
update=66 global_step=135168 SPS=650 w_ev=0.927 m_ev=0.988 m_v_bias=3.9 m_adv_std=18.4070 m_kl_max=0.0137 m_ratio_max=0.726 w_ax@goal=+1.02 w_v@goal=19.62 return=997.8 length=81 success_rate=1.00 collisions/ep=0.28 (n=25)
update=67 global_step=137216 SPS=653 w_ev=0.935 m_ev=0.995 m_v_bias=-0.7 m_adv_std=11.8443 m_kl_max=0.0201 m_ratio_max=0.725 w_ax@goal=+1.17 w_v@goal=19.52 return=996.2 length=78 success_rate=1.00 collisions/ep=0.31 (n=26)
update=68 global_step=139264 SPS=657 w_ev=0.917 m_ev=0.971 m_v_bias=6.5 m_adv_std=28.4148 m_kl_max=0.0198 m_ratio_max=0.650 w_ax@goal=+1.15 w_v@goal=19.70 return=985.0 length=81 success_rate=1.00 collisions/ep=0.71 (n=24)
update=69 global_step=141312 SPS=660 w_ev=0.943 m_ev=0.996 m_v_bias=-8.7 m_adv_std=10.3188 m_kl_max=0.0066 m_ratio_max=0.577 w_ax@goal=+1.30 w_v@goal=19.54 return=1004.8 length=81 success_rate=1.00 collisions/ep=0.27 (n=26)
update=70 global_step=143360 SPS=664 w_ev=0.928 m_ev=0.991 m_v_bias=-0.1 m_adv_std=16.1510 m_kl_max=0.0317 m_ratio_max=0.914 w_ax@goal=+0.99 w_v@goal=19.36 return=1002.9 length=79 success_rate=1.00 collisions/ep=0.19 (n=27)
Evaluation at update 70: return=1012.45, length=77.55, success_rate=1.00, collisions/ep=0.00
Solved-check at update 70: solved=True worst_gap=0.79 at p_x0=2.00 p_y0=1.00 (consecutive=2)
update=71 global_step=145408 SPS=650 w_ev=0.932 m_ev=0.995 m_v_bias=-2.2 m_adv_std=11.4288 m_kl_max=0.0212 m_ratio_max=1.565 w_ax@goal=+1.18 w_v@goal=19.53 return=1008.2 length=78 success_rate=1.00 collisions/ep=0.08 (n=26)
update=72 global_step=147456 SPS=653 w_ev=0.915 m_ev=0.997 m_v_bias=-0.1 m_adv_std=8.7558 m_kl_max=0.0159 m_ratio_max=0.900 w_ax@goal=+1.17 w_v@goal=19.39 return=1008.6 length=80 success_rate=1.00 collisions/ep=0.08 (n=24)
update=73 global_step=149504 SPS=656 w_ev=0.927 m_ev=0.993 m_v_bias=3.5 m_adv_std=13.9862 m_kl_max=0.0182 m_ratio_max=1.082 w_ax@goal=+1.08 w_v@goal=19.32 return=1002.6 length=78 success_rate=1.00 collisions/ep=0.26 (n=27)
update=74 global_step=151552 SPS=659 w_ev=0.909 m_ev=0.999 m_v_bias=-3.7 m_adv_std=5.9067 m_kl_max=0.0143 m_ratio_max=0.920 w_ax@goal=+1.12 w_v@goal=19.28 return=1006.2 length=78 success_rate=1.00 collisions/ep=0.12 (n=26)
update=75 global_step=153600 SPS=663 w_ev=0.921 m_ev=0.998 m_v_bias=0.0 m_adv_std=6.7872 m_kl_max=0.0166 m_ratio_max=0.675 w_ax@goal=+1.14 w_v@goal=19.45 return=1010.3 length=80 success_rate=1.00 collisions/ep=0.12 (n=26)
Evaluation at update 75: return=1012.53, length=77.50, success_rate=1.00, collisions/ep=0.00
Solved-check at update 75: solved=True worst_gap=0.61 at p_x0=2.00 p_y0=1.00 (consecutive=3)
update=76 global_step=155648 SPS=652 w_ev=0.944 m_ev=0.998 m_v_bias=0.1 m_adv_std=6.9624 m_kl_max=0.0190 m_ratio_max=0.725 w_ax@goal=+1.26 w_v@goal=19.64 return=1010.7 length=81 success_rate=1.00 collisions/ep=0.04 (n=24)
update=77 global_step=157696 SPS=655 w_ev=0.937 m_ev=0.999 m_v_bias=-0.1 m_adv_std=5.8811 m_kl_max=0.0165 m_ratio_max=0.640 w_ax@goal=+1.07 w_v@goal=19.54 return=1010.3 length=80 success_rate=1.00 collisions/ep=0.07 (n=28)
update=78 global_step=159744 SPS=658 w_ev=0.949 m_ev=1.000 m_v_bias=-1.5 m_adv_std=3.6246 m_kl_max=0.0093 m_ratio_max=0.510 w_ax@goal=+1.11 w_v@goal=19.42 return=1012.2 length=78 success_rate=1.00 collisions/ep=0.11 (n=27)
update=79 global_step=161792 SPS=661 w_ev=0.906 m_ev=0.975 m_v_bias=8.6 m_adv_std=25.6032 m_kl_max=0.0147 m_ratio_max=0.749 w_ax@goal=+1.08 w_v@goal=19.34 return=997.8 length=78 success_rate=1.00 collisions/ep=0.44 (n=25)
update=80 global_step=163840 SPS=664 w_ev=0.919 m_ev=0.997 m_v_bias=-0.8 m_adv_std=9.7905 m_kl_max=0.0154 m_ratio_max=0.887 w_ax@goal=+1.08 w_v@goal=19.22 return=1008.4 length=78 success_rate=1.00 collisions/ep=0.15 (n=26)
Evaluation at update 80: return=1012.48, length=77.50, success_rate=1.00, collisions/ep=0.00
Solved-check at update 80: solved=True worst_gap=0.76 at p_x0=2.00 p_y0=1.00 (consecutive=4)
update=81 global_step=165888 SPS=652 w_ev=0.930 m_ev=0.999 m_v_bias=-2.2 m_adv_std=3.6822 m_kl_max=0.0219 m_ratio_max=0.574 w_ax@goal=+1.21 w_v@goal=19.50 return=1012.7 length=80 success_rate=1.00 collisions/ep=0.04 (n=26)
update=82 global_step=167936 SPS=655 w_ev=0.947 m_ev=0.999 m_v_bias=0.5 m_adv_std=6.0294 m_kl_max=0.0157 m_ratio_max=0.672 w_ax@goal=+1.09 w_v@goal=19.52 return=1010.0 length=78 success_rate=1.00 collisions/ep=0.15 (n=26)
update=83 global_step=169984 SPS=657 w_ev=0.939 m_ev=0.993 m_v_bias=2.4 m_adv_std=14.0605 m_kl_max=0.0058 m_ratio_max=0.397 w_ax@goal=+1.23 w_v@goal=19.56 return=1004.5 length=79 success_rate=1.00 collisions/ep=0.38 (n=26)
update=84 global_step=172032 SPS=660 w_ev=0.932 m_ev=0.997 m_v_bias=-2.7 m_adv_std=8.6021 m_kl_max=0.0091 m_ratio_max=0.457 w_ax@goal=+1.05 w_v@goal=19.55 return=1010.2 length=81 success_rate=1.00 collisions/ep=0.12 (n=24)
update=85 global_step=174080 SPS=663 w_ev=0.939 m_ev=0.994 m_v_bias=0.7 m_adv_std=12.8144 m_kl_max=0.0199 m_ratio_max=0.651 w_ax@goal=+1.09 w_v@goal=19.61 return=1001.2 length=79 success_rate=1.00 collisions/ep=0.29 (n=28)
Evaluation at update 85: return=1012.43, length=77.60, success_rate=1.00, collisions/ep=0.00
Solved-check at update 85: solved=True worst_gap=0.81 at p_x0=2.00 p_y0=1.00 (consecutive=5)
update=86 global_step=176128 SPS=652 w_ev=0.947 m_ev=0.994 m_v_bias=-0.4 m_adv_std=12.6252 m_kl_max=0.0053 m_ratio_max=0.419 w_ax@goal=+1.10 w_v@goal=19.54 return=1001.8 length=79 success_rate=1.00 collisions/ep=0.38 (n=26)
update=87 global_step=178176 SPS=655 w_ev=0.942 m_ev=0.997 m_v_bias=-0.8 m_adv_std=9.0310 m_kl_max=0.0146 m_ratio_max=0.786 w_ax@goal=+0.98 w_v@goal=19.73 return=1005.2 length=79 success_rate=1.00 collisions/ep=0.25 (n=24)
update=88 global_step=180224 SPS=658 w_ev=0.933 m_ev=0.998 m_v_bias=-1.4 m_adv_std=6.9005 m_kl_max=0.0158 m_ratio_max=0.778 w_ax@goal=+0.99 w_v@goal=19.57 return=1010.2 length=81 success_rate=1.00 collisions/ep=0.04 (n=26)
update=89 global_step=182272 SPS=660 w_ev=0.940 m_ev=0.999 m_v_bias=-0.3 m_adv_std=3.6832 m_kl_max=0.0237 m_ratio_max=0.763 w_ax@goal=+1.07 w_v@goal=19.67 return=1011.7 length=80 success_rate=1.00 collisions/ep=0.00 (n=26)
update=90 global_step=184320 SPS=663 w_ev=0.908 m_ev=0.992 m_v_bias=4.7 m_adv_std=15.2557 m_kl_max=0.0278 m_ratio_max=0.988 w_ax@goal=+0.96 w_v@goal=19.64 return=1004.0 length=79 success_rate=1.00 collisions/ep=0.24 (n=25)
Evaluation at update 90: return=1012.48, length=77.50, success_rate=1.00, collisions/ep=0.00
Solved-check at update 90: solved=True worst_gap=0.79 at p_x0=2.00 p_y0=1.00 (consecutive=6)
update=91 global_step=186368 SPS=653 w_ev=0.930 m_ev=0.997 m_v_bias=-1.9 m_adv_std=8.9996 m_kl_max=0.0144 m_ratio_max=0.519 w_ax@goal=+0.97 w_v@goal=19.52 return=1006.0 length=80 success_rate=1.00 collisions/ep=0.12 (n=26)
update=92 global_step=188416 SPS=656 w_ev=0.931 m_ev=0.993 m_v_bias=4.0 m_adv_std=13.8330 m_kl_max=0.0096 m_ratio_max=0.763 w_ax@goal=+1.00 w_v@goal=19.49 return=997.9 length=80 success_rate=1.00 collisions/ep=0.35 (n=26)
update=93 global_step=190464 SPS=659 w_ev=0.947 m_ev=0.996 m_v_bias=-2.4 m_adv_std=10.0628 m_kl_max=0.0133 m_ratio_max=0.648 w_ax@goal=+0.88 w_v@goal=19.53 return=1002.9 length=79 success_rate=1.00 collisions/ep=0.16 (n=25)
update=94 global_step=192512 SPS=661 w_ev=0.955 m_ev=0.992 m_v_bias=0.7 m_adv_std=15.3029 m_kl_max=0.0206 m_ratio_max=0.750 w_ax@goal=+0.99 w_v@goal=19.64 return=1000.9 length=80 success_rate=1.00 collisions/ep=0.22 (n=27)
update=95 global_step=194560 SPS=664 w_ev=0.921 m_ev=0.989 m_v_bias=-0.1 m_adv_std=18.0102 m_kl_max=0.0154 m_ratio_max=0.601 w_ax@goal=+0.92 w_v@goal=19.73 return=1009.9 length=82 success_rate=1.00 collisions/ep=0.04 (n=24)
Evaluation at update 95: return=1012.48, length=77.50, success_rate=1.00, collisions/ep=0.00
Solved-check at update 95: solved=True worst_gap=0.91 at p_x0=2.00 p_y0=1.00 (consecutive=7)
update=96 global_step=196608 SPS=655 w_ev=0.948 m_ev=0.998 m_v_bias=-1.6 m_adv_std=7.1969 m_kl_max=0.0086 m_ratio_max=0.517 w_ax@goal=+0.85 w_v@goal=19.64 return=1004.0 length=81 success_rate=1.00 collisions/ep=0.20 (n=25)
update=97 global_step=198656 SPS=657 w_ev=0.935 m_ev=0.992 m_v_bias=2.0 m_adv_std=15.7470 m_kl_max=0.0285 m_ratio_max=0.989 w_ax@goal=+1.06 w_v@goal=19.64 return=996.9 length=79 success_rate=1.00 collisions/ep=0.30 (n=27)
update=98 global_step=200704 SPS=660 w_ev=0.960 m_ev=0.999 m_v_bias=-1.7 m_adv_std=3.7586 m_kl_max=0.0138 m_ratio_max=0.685 w_ax@goal=+1.19 w_v@goal=19.73 return=1012.2 length=81 success_rate=1.00 collisions/ep=0.00 (n=24)
update=99 global_step=202752 SPS=662 w_ev=0.940 m_ev=0.998 m_v_bias=1.0 m_adv_std=8.1366 m_kl_max=0.0228 m_ratio_max=0.739 w_ax@goal=+1.07 w_v@goal=19.67 return=1008.6 length=80 success_rate=1.00 collisions/ep=0.11 (n=27)
update=100 global_step=204800 SPS=664 w_ev=0.946 m_ev=0.998 m_v_bias=-1.0 m_adv_std=7.3769 m_kl_max=0.0207 m_ratio_max=0.684 w_ax@goal=+1.08 w_v@goal=19.68 return=1012.3 length=80 success_rate=1.00 collisions/ep=0.04 (n=25)
Evaluation at update 100: return=1012.54, length=77.50, success_rate=1.00, collisions/ep=0.00
Solved-check at update 100: solved=True worst_gap=0.71 at p_x0=2.00 p_y0=1.00 (consecutive=8)
Saved checkpoints to C:\Users\loren\Desktop\MASTER THESIS\5_CODE\scenarios\slalom\studies\init_sampler\hppo_uniform\runs\hppo_slalom_3_1791035894
