Using device: cpu
Solved-check: precomputed optimal returns for 25 fixed initial conditions (mean=1013.0, min=1011.0, max=1015.0); solved-tolerance=5.0
num_envs=8 num_steps_per_env=256 worker_batch_size=2048 worker_minibatch_size=256 num_updates=100 timesteps=204800
update=1 global_step=2048 SPS=1173 w_ev=-0.097 m_ev=-0.001 m_v_bias=167.2 m_adv_std=110.7937 m_kl_max=0.0017 m_ratio_max=0.319 return=-696.3 length=200 success_rate=0.00 collisions/ep=9.88 (n=8)
update=2 global_step=4096 SPS=1136 w_ev=-0.063 m_ev=-0.111 m_v_bias=-22.1 m_adv_std=276.0928 m_kl_max=0.0007 m_ratio_max=0.145 w_ax@goal=+0.12 w_v@goal=-1.85 return=-243.7 length=173 success_rate=0.33 collisions/ep=9.22 (n=9)
update=3 global_step=6144 SPS=1099 w_ev=0.508 m_ev=-0.050 m_v_bias=-62.4 m_adv_std=161.8415 m_kl_max=0.0047 m_ratio_max=0.498 w_ax@goal=-0.18 w_v@goal=2.20 return=-332.3 length=193 success_rate=0.09 collisions/ep=5.00 (n=11)
update=4 global_step=8192 SPS=1088 w_ev=0.502 m_ev=0.320 m_v_bias=-66.3 m_adv_std=146.3223 m_kl_max=0.0020 m_ratio_max=0.226 w_ax@goal=+0.06 w_v@goal=1.96 return=-155.5 length=191 success_rate=0.15 collisions/ep=3.00 (n=13)
update=5 global_step=10240 SPS=1064 w_ev=0.652 m_ev=0.284 m_v_bias=-27.3 m_adv_std=145.0952 m_kl_max=0.0027 m_ratio_max=0.400 w_ax@goal=+0.12 w_v@goal=4.16 return=-107.4 length=190 success_rate=0.12 collisions/ep=1.50 (n=8)
Evaluation at update 5: return=-1561.46, length=200.00, success_rate=0.00, collisions/ep=28.15
Solved-check at update 5: solved=False worst_gap=2767.72 at p_x0=2.00 p_y0=0.50 (consecutive=0)
update=6 global_step=12288 SPS=474 w_ev=0.712 m_ev=0.494 m_v_bias=-60.3 m_adv_std=210.0509 m_kl_max=0.0018 m_ratio_max=0.277 w_ax@goal=-0.05 w_v@goal=5.24 return=54.9 length=181 success_rate=0.38 collisions/ep=4.00 (n=13)
update=7 global_step=14336 SPS=515 w_ev=0.781 m_ev=0.385 m_v_bias=-36.1 m_adv_std=187.6245 m_kl_max=0.0031 m_ratio_max=0.345 w_ax@goal=-0.18 w_v@goal=8.35 return=-48.3 length=184 success_rate=0.27 collisions/ep=3.45 (n=11)
update=8 global_step=16384 SPS=549 w_ev=0.880 m_ev=0.535 m_v_bias=-135.1 m_adv_std=204.8001 m_kl_max=0.0044 m_ratio_max=0.313 w_ax@goal=+0.20 w_v@goal=12.29 return=471.0 length=157 success_rate=0.69 collisions/ep=2.85 (n=13)
update=9 global_step=18432 SPS=580 w_ev=0.938 m_ev=0.818 m_v_bias=-137.9 m_adv_std=117.2900 m_kl_max=0.0044 m_ratio_max=0.363 w_ax@goal=+0.19 w_v@goal=16.38 return=739.6 length=127 success_rate=0.94 collisions/ep=3.24 (n=17)
update=10 global_step=20480 SPS=608 w_ev=0.955 m_ev=0.878 m_v_bias=-21.3 m_adv_std=93.5985 m_kl_max=0.0036 m_ratio_max=0.349 w_ax@goal=+0.40 w_v@goal=19.05 return=728.0 length=115 success_rate=1.00 collisions/ep=5.00 (n=20)
Evaluation at update 10: return=679.10, length=85.05, success_rate=1.00, collisions/ep=6.55
Solved-check at update 10: solved=False worst_gap=407.60 at p_x0=1.00 p_y0=1.00 (consecutive=0)
update=11 global_step=22528 SPS=541 w_ev=0.940 m_ev=0.867 m_v_bias=-74.8 m_adv_std=83.0416 m_kl_max=0.0082 m_ratio_max=0.589 w_ax@goal=+0.49 w_v@goal=19.59 return=830.1 length=99 success_rate=1.00 collisions/ep=3.25 (n=20)
update=12 global_step=24576 SPS=564 w_ev=0.948 m_ev=0.914 m_v_bias=-23.9 m_adv_std=64.8979 m_kl_max=0.0080 m_ratio_max=0.433 w_ax@goal=+0.51 w_v@goal=19.66 return=869.7 length=92 success_rate=1.00 collisions/ep=2.64 (n=22)
update=13 global_step=26624 SPS=584 w_ev=0.948 m_ev=0.932 m_v_bias=1.4 m_adv_std=55.5386 m_kl_max=0.0228 m_ratio_max=0.621 w_ax@goal=+0.59 w_v@goal=19.59 return=848.4 length=87 success_rate=1.00 collisions/ep=3.12 (n=24)
update=14 global_step=28672 SPS=603 w_ev=0.932 m_ev=0.895 m_v_bias=-0.3 m_adv_std=67.7500 m_kl_max=0.0055 m_ratio_max=0.340 w_ax@goal=+0.52 w_v@goal=19.42 return=877.3 length=84 success_rate=1.00 collisions/ep=2.58 (n=24)
update=15 global_step=30720 SPS=620 w_ev=0.951 m_ev=0.951 m_v_bias=-12.0 m_adv_std=44.6226 m_kl_max=0.0147 m_ratio_max=0.525 w_ax@goal=+0.62 w_v@goal=19.45 return=881.1 length=83 success_rate=1.00 collisions/ep=2.52 (n=25)
Evaluation at update 15: return=960.49, length=81.15, success_rate=1.00, collisions/ep=1.00
Solved-check at update 15: solved=False worst_gap=102.51 at p_x0=2.00 p_y0=-1.00 (consecutive=0)
update=16 global_step=32768 SPS=572 w_ev=0.944 m_ev=0.943 m_v_bias=3.2 m_adv_std=47.9736 m_kl_max=0.0263 m_ratio_max=0.935 w_ax@goal=+0.32 w_v@goal=19.27 return=891.1 length=86 success_rate=1.00 collisions/ep=2.29 (n=24)
update=17 global_step=34816 SPS=589 w_ev=0.949 m_ev=0.959 m_v_bias=-7.9 m_adv_std=39.2554 m_kl_max=0.0101 m_ratio_max=0.630 w_ax@goal=+0.54 w_v@goal=19.35 return=909.6 length=84 success_rate=1.00 collisions/ep=1.96 (n=24)
update=18 global_step=36864 SPS=603 w_ev=0.947 m_ev=0.957 m_v_bias=-0.0 m_adv_std=40.1293 m_kl_max=0.0085 m_ratio_max=0.566 w_ax@goal=+0.46 w_v@goal=19.13 return=902.9 length=84 success_rate=1.00 collisions/ep=2.12 (n=24)
update=19 global_step=38912 SPS=614 w_ev=0.940 m_ev=0.937 m_v_bias=9.0 m_adv_std=49.7861 m_kl_max=0.0038 m_ratio_max=0.395 w_ax@goal=+0.44 w_v@goal=19.42 return=890.3 length=83 success_rate=1.00 collisions/ep=2.38 (n=26)
update=20 global_step=40960 SPS=628 w_ev=0.924 m_ev=0.937 m_v_bias=6.1 m_adv_std=49.9722 m_kl_max=0.0121 m_ratio_max=0.547 w_ax@goal=+0.68 w_v@goal=19.30 return=875.4 length=83 success_rate=1.00 collisions/ep=2.67 (n=24)
Evaluation at update 20: return=948.49, length=80.60, success_rate=1.00, collisions/ep=1.25
Solved-check at update 20: solved=False worst_gap=401.85 at p_x0=1.50 p_y0=-1.00 (consecutive=0)
update=21 global_step=43008 SPS=591 w_ev=0.946 m_ev=0.962 m_v_bias=-14.2 m_adv_std=36.8381 m_kl_max=0.0088 m_ratio_max=0.400 w_ax@goal=+0.51 w_v@goal=19.46 return=929.3 length=87 success_rate=1.00 collisions/ep=1.57 (n=23)
update=22 global_step=45056 SPS=602 w_ev=0.949 m_ev=0.964 m_v_bias=-2.2 m_adv_std=37.4556 m_kl_max=0.0009 m_ratio_max=0.133 w_ax@goal=+0.67 w_v@goal=19.69 return=931.2 length=86 success_rate=1.00 collisions/ep=1.58 (n=24)
update=23 global_step=47104 SPS=614 w_ev=0.903 m_ev=0.896 m_v_bias=2.5 m_adv_std=65.9895 m_kl_max=0.0162 m_ratio_max=0.621 w_ax@goal=+0.69 w_v@goal=19.35 return=926.4 length=84 success_rate=1.00 collisions/ep=1.64 (n=25)
update=24 global_step=49152 SPS=625 w_ev=0.932 m_ev=0.967 m_v_bias=-7.4 m_adv_std=33.7808 m_kl_max=0.0038 m_ratio_max=0.486 w_ax@goal=+0.80 w_v@goal=19.05 return=911.8 length=81 success_rate=1.00 collisions/ep=2.00 (n=24)
update=25 global_step=51200 SPS=634 w_ev=0.943 m_ev=0.986 m_v_bias=-11.5 m_adv_std=21.9866 m_kl_max=0.0135 m_ratio_max=0.398 w_ax@goal=+0.69 w_v@goal=19.22 return=964.5 length=84 success_rate=1.00 collisions/ep=0.92 (n=25)
Evaluation at update 25: return=961.20, length=80.55, success_rate=1.00, collisions/ep=1.00
Solved-check at update 25: solved=False worst_gap=52.29 at p_x0=0.00 p_y0=1.00 (consecutive=0)
update=26 global_step=53248 SPS=601 w_ev=0.929 m_ev=0.955 m_v_bias=6.3 m_adv_std=39.0988 m_kl_max=0.0047 m_ratio_max=0.331 w_ax@goal=+0.73 w_v@goal=19.47 return=940.3 length=81 success_rate=1.00 collisions/ep=1.37 (n=27)
update=27 global_step=55296 SPS=611 w_ev=0.925 m_ev=0.967 m_v_bias=1.9 m_adv_std=35.0656 m_kl_max=0.0309 m_ratio_max=0.614 w_ax@goal=+0.80 w_v@goal=19.38 return=938.0 length=83 success_rate=1.00 collisions/ep=1.42 (n=24)
update=28 global_step=57344 SPS=621 w_ev=0.905 m_ev=0.951 m_v_bias=-7.7 m_adv_std=38.6913 m_kl_max=0.0133 m_ratio_max=0.571 w_ax@goal=+0.73 w_v@goal=19.64 return=956.8 length=84 success_rate=1.00 collisions/ep=1.21 (n=24)
update=29 global_step=59392 SPS=630 w_ev=0.893 m_ev=0.981 m_v_bias=-8.4 m_adv_std=23.7714 m_kl_max=0.0148 m_ratio_max=0.479 w_ax@goal=+0.76 w_v@goal=19.18 return=975.5 length=81 success_rate=1.00 collisions/ep=0.85 (n=27)
update=30 global_step=61440 SPS=637 w_ev=0.914 m_ev=0.926 m_v_bias=6.4 m_adv_std=46.7904 m_kl_max=0.0128 m_ratio_max=0.716 w_ax@goal=+0.89 w_v@goal=19.60 return=938.8 length=82 success_rate=1.00 collisions/ep=1.58 (n=24)
Evaluation at update 30: return=999.30, length=79.75, success_rate=1.00, collisions/ep=0.25
Solved-check at update 30: solved=False worst_gap=50.84 at p_x0=2.00 p_y0=-1.00 (consecutive=0)
update=31 global_step=63488 SPS=609 w_ev=0.893 m_ev=0.945 m_v_bias=13.0 m_adv_std=42.0228 m_kl_max=0.0189 m_ratio_max=0.656 w_ax@goal=+0.75 w_v@goal=19.11 return=928.6 length=80 success_rate=1.00 collisions/ep=1.81 (n=26)
update=32 global_step=65536 SPS=617 w_ev=0.920 m_ev=0.947 m_v_bias=-18.6 m_adv_std=40.3093 m_kl_max=0.0105 m_ratio_max=0.438 w_ax@goal=+0.85 w_v@goal=19.06 return=966.1 length=82 success_rate=1.00 collisions/ep=0.92 (n=25)
update=33 global_step=67584 SPS=624 w_ev=0.913 m_ev=0.955 m_v_bias=1.2 m_adv_std=38.3593 m_kl_max=0.0268 m_ratio_max=0.753 w_ax@goal=+0.95 w_v@goal=19.20 return=966.2 length=82 success_rate=1.00 collisions/ep=0.88 (n=26)
update=34 global_step=69632 SPS=631 w_ev=0.914 m_ev=0.973 m_v_bias=-4.6 m_adv_std=29.3131 m_kl_max=0.0097 m_ratio_max=0.413 w_ax@goal=+0.87 w_v@goal=19.33 return=972.1 length=83 success_rate=1.00 collisions/ep=0.84 (n=25)
update=35 global_step=71680 SPS=639 w_ev=0.905 m_ev=0.956 m_v_bias=3.0 m_adv_std=37.7843 m_kl_max=0.0210 m_ratio_max=0.719 w_ax@goal=+0.82 w_v@goal=19.35 return=964.1 length=81 success_rate=1.00 collisions/ep=0.92 (n=24)
Evaluation at update 35: return=1011.87, length=79.65, success_rate=1.00, collisions/ep=0.00
Solved-check at update 35: solved=True worst_gap=1.73 at p_x0=0.00 p_y0=1.00 (consecutive=0)
update=36 global_step=73728 SPS=615 w_ev=0.922 m_ev=0.974 m_v_bias=-6.2 m_adv_std=27.2102 m_kl_max=0.0076 m_ratio_max=0.475 w_ax@goal=+0.98 w_v@goal=19.46 return=989.5 length=81 success_rate=1.00 collisions/ep=0.46 (n=24)
update=37 global_step=75776 SPS=622 w_ev=0.929 m_ev=0.972 m_v_bias=4.8 m_adv_std=29.2594 m_kl_max=0.0217 m_ratio_max=0.881 w_ax@goal=+1.16 w_v@goal=19.60 return=965.1 length=80 success_rate=1.00 collisions/ep=1.00 (n=26)
update=38 global_step=77824 SPS=629 w_ev=0.911 m_ev=0.957 m_v_bias=3.0 m_adv_std=35.9066 m_kl_max=0.0383 m_ratio_max=0.891 w_ax@goal=+0.88 w_v@goal=19.40 return=971.6 length=82 success_rate=1.00 collisions/ep=0.83 (n=24)
update=39 global_step=79872 SPS=635 w_ev=0.923 m_ev=0.975 m_v_bias=-8.9 m_adv_std=26.8586 m_kl_max=0.0224 m_ratio_max=0.621 w_ax@goal=+1.03 w_v@goal=19.63 return=984.3 length=80 success_rate=1.00 collisions/ep=0.64 (n=28)
update=40 global_step=81920 SPS=642 w_ev=0.927 m_ev=0.987 m_v_bias=-0.5 m_adv_std=19.2043 m_kl_max=0.0109 m_ratio_max=0.656 w_ax@goal=+0.92 w_v@goal=19.58 return=991.6 length=81 success_rate=1.00 collisions/ep=0.44 (n=25)
Evaluation at update 40: return=1012.12, length=79.60, success_rate=1.00, collisions/ep=0.00
Solved-check at update 40: solved=True worst_gap=1.37 at p_x0=0.00 p_y0=-1.00 (consecutive=1)
Solved criterion held for 2 consecutive evals (tolerance=5.0) at global_step=81920.
update=41 global_step=83968 SPS=620 w_ev=0.880 m_ev=0.958 m_v_bias=1.9 m_adv_std=36.0898 m_kl_max=0.0073 m_ratio_max=0.437 w_ax@goal=+1.10 w_v@goal=19.43 return=972.7 length=79 success_rate=1.00 collisions/ep=0.77 (n=26)
update=42 global_step=86016 SPS=626 w_ev=0.924 m_ev=0.987 m_v_bias=-1.5 m_adv_std=19.5884 m_kl_max=0.0091 m_ratio_max=0.323 w_ax@goal=+1.24 w_v@goal=19.55 return=985.1 length=81 success_rate=1.00 collisions/ep=0.60 (n=25)
update=43 global_step=88064 SPS=632 w_ev=0.909 m_ev=0.966 m_v_bias=5.6 m_adv_std=31.5928 m_kl_max=0.0238 m_ratio_max=0.561 w_ax@goal=+1.15 w_v@goal=19.49 return=977.3 length=81 success_rate=1.00 collisions/ep=0.68 (n=25)
update=44 global_step=90112 SPS=637 w_ev=0.918 m_ev=0.976 m_v_bias=-8.1 m_adv_std=26.2041 m_kl_max=0.0069 m_ratio_max=0.364 w_ax@goal=+1.09 w_v@goal=19.39 return=981.6 length=81 success_rate=1.00 collisions/ep=0.61 (n=23)
update=45 global_step=92160 SPS=643 w_ev=0.932 m_ev=0.990 m_v_bias=-8.6 m_adv_std=17.1500 m_kl_max=0.0074 m_ratio_max=0.601 w_ax@goal=+1.27 w_v@goal=19.44 return=993.8 length=80 success_rate=1.00 collisions/ep=0.43 (n=28)
Evaluation at update 45: return=1012.28, length=79.50, success_rate=1.00, collisions/ep=0.00
Solved-check at update 45: solved=True worst_gap=1.24 at p_x0=0.00 p_y0=1.00 (consecutive=2)
update=46 global_step=94208 SPS=624 w_ev=0.911 m_ev=0.952 m_v_bias=8.2 m_adv_std=39.1988 m_kl_max=0.0337 m_ratio_max=0.893 w_ax@goal=+1.35 w_v@goal=19.32 return=972.1 length=81 success_rate=1.00 collisions/ep=0.84 (n=25)
update=47 global_step=96256 SPS=629 w_ev=0.918 m_ev=0.993 m_v_bias=-6.5 m_adv_std=14.7221 m_kl_max=0.0143 m_ratio_max=0.523 w_ax@goal=+1.31 w_v@goal=19.53 return=998.7 length=80 success_rate=1.00 collisions/ep=0.27 (n=26)
update=48 global_step=98304 SPS=634 w_ev=0.917 m_ev=0.978 m_v_bias=2.2 m_adv_std=24.8087 m_kl_max=0.0328 m_ratio_max=1.418 w_ax@goal=+1.28 w_v@goal=19.41 return=993.2 length=82 success_rate=1.00 collisions/ep=0.42 (n=24)
update=49 global_step=100352 SPS=640 w_ev=0.938 m_ev=0.990 m_v_bias=-3.5 m_adv_std=16.7277 m_kl_max=0.0038 m_ratio_max=0.308 w_ax@goal=+1.32 w_v@goal=19.46 return=996.8 length=79 success_rate=1.00 collisions/ep=0.30 (n=27)
update=50 global_step=102400 SPS=644 w_ev=0.898 m_ev=0.974 m_v_bias=3.5 m_adv_std=27.7635 m_kl_max=0.0113 m_ratio_max=0.383 w_ax@goal=+1.23 w_v@goal=19.49 return=990.4 length=79 success_rate=1.00 collisions/ep=0.42 (n=26)
Evaluation at update 50: return=1012.45, length=79.25, success_rate=1.00, collisions/ep=0.00
Solved-check at update 50: solved=True worst_gap=1.03 at p_x0=0.00 p_y0=1.00 (consecutive=3)
update=51 global_step=104448 SPS=627 w_ev=0.890 m_ev=0.981 m_v_bias=-0.4 m_adv_std=22.9608 m_kl_max=0.0133 m_ratio_max=0.685 w_ax@goal=+1.19 w_v@goal=19.43 return=997.8 length=77 success_rate=1.00 collisions/ep=0.27 (n=26)
update=52 global_step=106496 SPS=632 w_ev=0.946 m_ev=0.996 m_v_bias=-5.0 m_adv_std=10.6503 m_kl_max=0.0252 m_ratio_max=0.579 w_ax@goal=+1.35 w_v@goal=19.47 return=1000.3 length=78 success_rate=1.00 collisions/ep=0.22 (n=27)
update=53 global_step=108544 SPS=637 w_ev=0.939 m_ev=0.989 m_v_bias=1.7 m_adv_std=17.0411 m_kl_max=0.0212 m_ratio_max=0.971 w_ax@goal=+1.29 w_v@goal=19.40 return=1002.1 length=80 success_rate=1.00 collisions/ep=0.19 (n=26)
update=54 global_step=110592 SPS=642 w_ev=0.925 m_ev=0.995 m_v_bias=-3.6 m_adv_std=11.0544 m_kl_max=0.0172 m_ratio_max=0.562 w_ax@goal=+1.26 w_v@goal=19.49 return=1003.7 length=80 success_rate=1.00 collisions/ep=0.21 (n=24)
update=55 global_step=112640 SPS=646 w_ev=0.939 m_ev=0.982 m_v_bias=4.2 m_adv_std=23.5338 m_kl_max=0.0099 m_ratio_max=0.840 w_ax@goal=+1.24 w_v@goal=19.44 return=996.2 length=80 success_rate=1.00 collisions/ep=0.32 (n=25)
Evaluation at update 55: return=1012.50, length=79.20, success_rate=1.00, collisions/ep=0.00
Solved-check at update 55: solved=True worst_gap=0.96 at p_x0=1.00 p_y0=1.00 (consecutive=4)
update=56 global_step=114688 SPS=630 w_ev=0.944 m_ev=0.997 m_v_bias=-7.5 m_adv_std=9.5499 m_kl_max=0.0204 m_ratio_max=1.027 w_ax@goal=+1.19 w_v@goal=19.45 return=1004.7 length=82 success_rate=1.00 collisions/ep=0.23 (n=26)
update=57 global_step=116736 SPS=634 w_ev=0.935 m_ev=0.988 m_v_bias=4.5 m_adv_std=18.4241 m_kl_max=0.0112 m_ratio_max=0.420 w_ax@goal=+1.26 w_v@goal=19.61 return=998.7 length=80 success_rate=1.00 collisions/ep=0.31 (n=26)
update=58 global_step=118784 SPS=639 w_ev=0.917 m_ev=0.988 m_v_bias=-0.3 m_adv_std=18.7852 m_kl_max=0.0314 m_ratio_max=0.635 w_ax@goal=+1.15 w_v@goal=19.47 return=1006.1 length=80 success_rate=1.00 collisions/ep=0.12 (n=26)
update=59 global_step=120832 SPS=643 w_ev=0.897 m_ev=0.994 m_v_bias=-3.0 m_adv_std=12.8436 m_kl_max=0.0227 m_ratio_max=0.730 w_ax@goal=+1.04 w_v@goal=19.29 return=995.9 length=80 success_rate=1.00 collisions/ep=0.32 (n=25)
update=60 global_step=122880 SPS=647 w_ev=0.928 m_ev=0.996 m_v_bias=-1.3 m_adv_std=10.8426 m_kl_max=0.0074 m_ratio_max=0.366 w_ax@goal=+1.10 w_v@goal=19.40 return=1006.6 length=79 success_rate=1.00 collisions/ep=0.15 (n=26)
Evaluation at update 60: return=1012.72, length=79.00, success_rate=1.00, collisions/ep=0.00
Solved-check at update 60: solved=True worst_gap=0.74 at p_x0=0.00 p_y0=1.00 (consecutive=5)
update=61 global_step=124928 SPS=632 w_ev=0.933 m_ev=0.977 m_v_bias=2.5 m_adv_std=25.5948 m_kl_max=0.0165 m_ratio_max=1.005 w_ax@goal=+1.20 w_v@goal=19.59 return=1000.8 length=79 success_rate=1.00 collisions/ep=0.23 (n=26)
update=62 global_step=126976 SPS=637 w_ev=0.945 m_ev=0.996 m_v_bias=-8.1 m_adv_std=10.6669 m_kl_max=0.0146 m_ratio_max=0.767 w_ax@goal=+1.23 w_v@goal=19.44 return=1006.1 length=78 success_rate=1.00 collisions/ep=0.12 (n=25)
update=63 global_step=129024 SPS=641 w_ev=0.929 m_ev=0.984 m_v_bias=5.1 m_adv_std=20.8731 m_kl_max=0.0079 m_ratio_max=0.486 w_ax@goal=+1.05 w_v@goal=19.52 return=997.1 length=80 success_rate=1.00 collisions/ep=0.31 (n=26)
update=64 global_step=131072 SPS=645 w_ev=0.939 m_ev=0.996 m_v_bias=-2.8 m_adv_std=10.1187 m_kl_max=0.0128 m_ratio_max=0.753 w_ax@goal=+1.11 w_v@goal=19.55 return=1008.2 length=78 success_rate=1.00 collisions/ep=0.08 (n=26)
update=65 global_step=133120 SPS=649 w_ev=0.912 m_ev=0.998 m_v_bias=-1.9 m_adv_std=7.8969 m_kl_max=0.0405 m_ratio_max=1.556 w_ax@goal=+1.11 w_v@goal=19.43 return=1008.6 length=80 success_rate=1.00 collisions/ep=0.07 (n=27)
Evaluation at update 65: return=1012.77, length=78.85, success_rate=1.00, collisions/ep=0.00
Solved-check at update 65: solved=True worst_gap=0.65 at p_x0=0.00 p_y0=1.00 (consecutive=6)
update=66 global_step=135168 SPS=635 w_ev=0.906 m_ev=0.968 m_v_bias=6.7 m_adv_std=31.2069 m_kl_max=0.0106 m_ratio_max=0.427 w_ax@goal=+0.96 w_v@goal=19.40 return=992.9 length=79 success_rate=1.00 collisions/ep=0.38 (n=26)
update=67 global_step=137216 SPS=639 w_ev=0.914 m_ev=0.992 m_v_bias=-2.6 m_adv_std=15.3557 m_kl_max=0.0121 m_ratio_max=0.470 w_ax@goal=+0.88 w_v@goal=19.40 return=997.9 length=78 success_rate=1.00 collisions/ep=0.28 (n=25)
update=68 global_step=139264 SPS=642 w_ev=0.914 m_ev=0.988 m_v_bias=1.9 m_adv_std=18.5153 m_kl_max=0.0216 m_ratio_max=0.978 w_ax@goal=+0.88 w_v@goal=19.43 return=997.1 length=80 success_rate=1.00 collisions/ep=0.31 (n=26)
update=69 global_step=141312 SPS=646 w_ev=0.923 m_ev=0.982 m_v_bias=-2.5 m_adv_std=22.5055 m_kl_max=0.0331 m_ratio_max=1.137 w_ax@goal=+1.07 w_v@goal=19.43 return=987.6 length=80 success_rate=1.00 collisions/ep=0.50 (n=24)
update=70 global_step=143360 SPS=650 w_ev=0.949 m_ev=0.992 m_v_bias=-1.8 m_adv_std=15.2798 m_kl_max=0.0133 m_ratio_max=0.634 w_ax@goal=+1.04 w_v@goal=19.50 return=1002.4 length=81 success_rate=1.00 collisions/ep=0.20 (n=25)
Evaluation at update 70: return=1012.87, length=78.80, success_rate=1.00, collisions/ep=0.00
Solved-check at update 70: solved=True worst_gap=0.53 at p_x0=0.00 p_y0=-1.00 (consecutive=7)
update=71 global_step=145408 SPS=637 w_ev=0.921 m_ev=0.973 m_v_bias=5.0 m_adv_std=28.3951 m_kl_max=0.0391 m_ratio_max=1.293 w_ax@goal=+0.91 w_v@goal=19.58 return=1007.1 length=81 success_rate=1.00 collisions/ep=0.11 (n=27)
update=72 global_step=147456 SPS=641 w_ev=0.938 m_ev=0.996 m_v_bias=-2.6 m_adv_std=10.7074 m_kl_max=0.0059 m_ratio_max=0.470 w_ax@goal=+0.75 w_v@goal=19.45 return=995.3 length=79 success_rate=1.00 collisions/ep=0.33 (n=27)
update=73 global_step=149504 SPS=644 w_ev=0.920 m_ev=0.997 m_v_bias=0.5 m_adv_std=9.4109 m_kl_max=0.0125 m_ratio_max=0.590 w_ax@goal=+0.68 w_v@goal=19.34 return=1008.0 length=79 success_rate=1.00 collisions/ep=0.08 (n=25)
update=74 global_step=151552 SPS=648 w_ev=0.913 m_ev=0.996 m_v_bias=0.7 m_adv_std=11.0189 m_kl_max=0.0128 m_ratio_max=0.515 w_ax@goal=+0.74 w_v@goal=19.51 return=1009.9 length=80 success_rate=1.00 collisions/ep=0.08 (n=26)
update=75 global_step=153600 SPS=651 w_ev=0.871 m_ev=0.976 m_v_bias=1.3 m_adv_std=25.7981 m_kl_max=0.0211 m_ratio_max=0.664 w_ax@goal=+0.98 w_v@goal=19.56 return=998.4 length=80 success_rate=1.00 collisions/ep=0.28 (n=25)
Evaluation at update 75: return=1012.95, length=78.70, success_rate=1.00, collisions/ep=0.00
Solved-check at update 75: solved=True worst_gap=0.44 at p_x0=0.00 p_y0=1.00 (consecutive=8)
update=76 global_step=155648 SPS=639 w_ev=0.897 m_ev=0.983 m_v_bias=-4.2 m_adv_std=20.9161 m_kl_max=0.0124 m_ratio_max=0.524 w_ax@goal=+0.87 w_v@goal=19.54 return=1004.8 length=77 success_rate=1.00 collisions/ep=0.22 (n=27)
update=77 global_step=157696 SPS=642 w_ev=0.934 m_ev=0.989 m_v_bias=1.3 m_adv_std=17.8313 m_kl_max=0.0231 m_ratio_max=1.080 w_ax@goal=+1.27 w_v@goal=19.39 return=999.0 length=79 success_rate=1.00 collisions/ep=0.31 (n=26)
update=78 global_step=159744 SPS=645 w_ev=0.922 m_ev=0.990 m_v_bias=1.1 m_adv_std=16.8705 m_kl_max=0.0301 m_ratio_max=1.369 w_ax@goal=+1.10 w_v@goal=19.54 return=1001.1 length=79 success_rate=1.00 collisions/ep=0.23 (n=26)
update=79 global_step=161792 SPS=648 w_ev=0.910 m_ev=0.990 m_v_bias=-0.9 m_adv_std=16.1885 m_kl_max=0.0043 m_ratio_max=0.392 w_ax@goal=+1.31 w_v@goal=19.58 return=1001.3 length=80 success_rate=1.00 collisions/ep=0.23 (n=26)
update=80 global_step=163840 SPS=651 w_ev=0.888 m_ev=0.971 m_v_bias=4.7 m_adv_std=28.6453 m_kl_max=0.0099 m_ratio_max=0.511 w_ax@goal=+1.53 w_v@goal=19.58 return=989.9 length=79 success_rate=1.00 collisions/ep=0.46 (n=24)
Evaluation at update 80: return=1012.97, length=78.60, success_rate=1.00, collisions/ep=0.00
Solved-check at update 80: solved=True worst_gap=0.40 at p_x0=0.00 p_y0=-1.00 (consecutive=9)
update=81 global_step=165888 SPS=640 w_ev=0.897 m_ev=0.994 m_v_bias=-4.6 m_adv_std=13.0782 m_kl_max=0.0106 m_ratio_max=0.801 w_ax@goal=+1.42 w_v@goal=19.69 return=1005.3 length=78 success_rate=1.00 collisions/ep=0.15 (n=27)
update=82 global_step=167936 SPS=643 w_ev=0.945 m_ev=0.997 m_v_bias=-3.1 m_adv_std=8.1249 m_kl_max=0.0076 m_ratio_max=0.383 w_ax@goal=+1.42 w_v@goal=19.66 return=1010.5 length=78 success_rate=1.00 collisions/ep=0.04 (n=26)
update=83 global_step=169984 SPS=646 w_ev=0.931 m_ev=0.987 m_v_bias=3.1 m_adv_std=18.8381 m_kl_max=0.0240 m_ratio_max=1.100 w_ax@goal=+1.19 w_v@goal=19.44 return=1005.0 length=79 success_rate=1.00 collisions/ep=0.15 (n=27)
update=84 global_step=172032 SPS=649 w_ev=0.934 m_ev=0.993 m_v_bias=-0.6 m_adv_std=13.8339 m_kl_max=0.0176 m_ratio_max=1.053 w_ax@goal=+1.42 w_v@goal=19.62 return=1003.5 length=80 success_rate=1.00 collisions/ep=0.19 (n=26)
update=85 global_step=174080 SPS=652 w_ev=0.948 m_ev=0.999 m_v_bias=-4.0 m_adv_std=5.5352 m_kl_max=0.0169 m_ratio_max=0.462 w_ax@goal=+1.37 w_v@goal=19.72 return=1010.6 length=78 success_rate=1.00 collisions/ep=0.04 (n=25)
Evaluation at update 85: return=1013.01, length=78.60, success_rate=1.00, collisions/ep=0.00
Solved-check at update 85: solved=True worst_gap=0.37 at p_x0=0.00 p_y0=1.00 (consecutive=10)
update=86 global_step=176128 SPS=641 w_ev=0.930 m_ev=0.980 m_v_bias=4.2 m_adv_std=23.4302 m_kl_max=0.0188 m_ratio_max=1.731 w_ax@goal=+1.34 w_v@goal=19.67 return=1006.9 length=78 success_rate=1.00 collisions/ep=0.12 (n=26)
update=87 global_step=178176 SPS=644 w_ev=0.933 m_ev=0.994 m_v_bias=-4.2 m_adv_std=12.7986 m_kl_max=0.0102 m_ratio_max=0.436 w_ax@goal=+1.32 w_v@goal=19.54 return=997.5 length=78 success_rate=1.00 collisions/ep=0.30 (n=27)
update=88 global_step=180224 SPS=647 w_ev=0.902 m_ev=0.997 m_v_bias=-0.1 m_adv_std=8.3242 m_kl_max=0.0211 m_ratio_max=0.521 w_ax@goal=+1.03 w_v@goal=19.45 return=1012.5 length=80 success_rate=1.00 collisions/ep=0.00 (n=25)
update=89 global_step=182272 SPS=649 w_ev=0.933 m_ev=0.997 m_v_bias=-1.1 m_adv_std=9.4350 m_kl_max=0.0251 m_ratio_max=1.149 w_ax@goal=+1.38 w_v@goal=19.68 return=1004.7 length=77 success_rate=1.00 collisions/ep=0.15 (n=26)
update=90 global_step=184320 SPS=652 w_ev=0.918 m_ev=0.993 m_v_bias=3.3 m_adv_std=13.4986 m_kl_max=0.0146 m_ratio_max=0.855 w_ax@goal=+1.38 w_v@goal=19.71 return=1002.4 length=81 success_rate=1.00 collisions/ep=0.21 (n=24)
Evaluation at update 90: return=1012.93, length=78.65, success_rate=1.00, collisions/ep=0.00
Solved-check at update 90: solved=True worst_gap=0.46 at p_x0=0.00 p_y0=-1.00 (consecutive=11)
update=91 global_step=186368 SPS=642 w_ev=0.931 m_ev=0.994 m_v_bias=-3.4 m_adv_std=12.6291 m_kl_max=0.0108 m_ratio_max=0.482 w_ax@goal=+1.39 w_v@goal=19.50 return=1003.8 length=79 success_rate=1.00 collisions/ep=0.18 (n=28)
update=92 global_step=188416 SPS=645 w_ev=0.918 m_ev=0.992 m_v_bias=-0.2 m_adv_std=15.1930 m_kl_max=0.0071 m_ratio_max=0.496 w_ax@goal=+1.30 w_v@goal=19.55 return=1004.7 length=79 success_rate=1.00 collisions/ep=0.15 (n=26)
update=93 global_step=190464 SPS=648 w_ev=0.938 m_ev=0.998 m_v_bias=-1.5 m_adv_std=7.0701 m_kl_max=0.0134 m_ratio_max=0.677 w_ax@goal=+1.27 w_v@goal=19.49 return=1008.3 length=78 success_rate=1.00 collisions/ep=0.08 (n=26)
update=94 global_step=192512 SPS=650 w_ev=0.938 m_ev=0.985 m_v_bias=1.7 m_adv_std=20.4680 m_kl_max=0.0064 m_ratio_max=0.384 w_ax@goal=+1.43 w_v@goal=19.55 return=1002.6 length=80 success_rate=1.00 collisions/ep=0.20 (n=25)
update=95 global_step=194560 SPS=653 w_ev=0.953 m_ev=0.998 m_v_bias=-0.8 m_adv_std=7.5438 m_kl_max=0.0179 m_ratio_max=1.008 w_ax@goal=+1.43 w_v@goal=19.66 return=1010.6 length=79 success_rate=1.00 collisions/ep=0.04 (n=25)
Evaluation at update 95: return=1012.84, length=78.80, success_rate=1.00, collisions/ep=0.00
Solved-check at update 95: solved=True worst_gap=0.72 at p_x0=0.00 p_y0=-1.00 (consecutive=12)
update=96 global_step=196608 SPS=644 w_ev=0.893 m_ev=0.967 m_v_bias=6.6 m_adv_std=31.6104 m_kl_max=0.0079 m_ratio_max=0.456 w_ax@goal=+1.30 w_v@goal=19.65 return=996.6 length=78 success_rate=1.00 collisions/ep=0.31 (n=29)
update=97 global_step=198656 SPS=646 w_ev=0.911 m_ev=0.983 m_v_bias=6.0 m_adv_std=21.6861 m_kl_max=0.0051 m_ratio_max=0.324 w_ax@goal=+1.32 w_v@goal=19.57 return=995.2 length=79 success_rate=1.00 collisions/ep=0.38 (n=26)
update=98 global_step=200704 SPS=648 w_ev=0.900 m_ev=0.972 m_v_bias=-0.3 m_adv_std=28.3020 m_kl_max=0.0139 m_ratio_max=0.699 w_ax@goal=+1.31 w_v@goal=19.55 return=1000.4 length=79 success_rate=1.00 collisions/ep=0.24 (n=25)
update=99 global_step=202752 SPS=651 w_ev=0.909 m_ev=0.987 m_v_bias=2.8 m_adv_std=18.9366 m_kl_max=0.0261 m_ratio_max=0.836 w_ax@goal=+1.26 w_v@goal=19.59 return=996.3 length=79 success_rate=1.00 collisions/ep=0.32 (n=25)
update=100 global_step=204800 SPS=653 w_ev=0.950 m_ev=0.994 m_v_bias=-5.5 m_adv_std=12.5768 m_kl_max=0.0252 m_ratio_max=0.688 w_ax@goal=+1.36 w_v@goal=19.49 return=1006.5 length=79 success_rate=1.00 collisions/ep=0.12 (n=26)
Evaluation at update 100: return=1012.82, length=78.80, success_rate=1.00, collisions/ep=0.00
Solved-check at update 100: solved=True worst_gap=0.61 at p_x0=0.00 p_y0=1.00 (consecutive=13)
Saved checkpoints to C:\Users\loren\Desktop\MASTER THESIS\5_CODE\scenarios\slalom\studies\init_sampler\hppo_uniform\runs\hppo_slalom_11_1791036230
