Using device: cpu
Solved-check: precomputed optimal returns for 25 fixed initial conditions (mean=1013.0, min=1011.0, max=1015.0); solved-tolerance=5.0
num_envs=8 num_steps_per_env=256 worker_batch_size=2048 worker_minibatch_size=256 num_updates=100 timesteps=204800
update=1 global_step=2048 SPS=1177 w_ev=-0.023 m_ev=-0.000 m_v_bias=68.7 m_adv_std=293.6749 m_kl_max=0.0008 m_ratio_max=0.207 w_ax@goal=+0.25 w_v@goal=-0.16 return=-255.2 length=174 success_rate=0.50 collisions/ep=12.75 (n=8)
update=2 global_step=4096 SPS=1115 w_ev=0.395 m_ev=0.456 m_v_bias=-14.1 m_adv_std=212.4534 m_kl_max=0.0006 m_ratio_max=0.154 w_ax@goal=+0.08 w_v@goal=2.67 return=-132.8 length=178 success_rate=0.36 collisions/ep=6.91 (n=11)
update=3 global_step=6144 SPS=1128 w_ev=0.687 m_ev=0.656 m_v_bias=-27.5 m_adv_std=175.2962 m_kl_max=0.0024 m_ratio_max=0.310 w_ax@goal=+0.34 w_v@goal=5.57 return=-232.3 length=187 success_rate=0.27 collisions/ep=7.27 (n=11)
update=4 global_step=8192 SPS=1114 w_ev=0.856 m_ev=0.765 m_v_bias=-62.1 m_adv_std=111.4864 m_kl_max=0.0039 m_ratio_max=0.277 w_ax@goal=+0.44 w_v@goal=9.19 return=-183.1 length=181 success_rate=0.18 collisions/ep=3.73 (n=11)
update=5 global_step=10240 SPS=1101 w_ev=0.934 m_ev=0.896 m_v_bias=-104.9 m_adv_std=112.3955 m_kl_max=0.0021 m_ratio_max=0.252 w_ax@goal=+0.29 w_v@goal=13.27 return=175.1 length=162 success_rate=0.46 collisions/ep=3.31 (n=13)
Evaluation at update 5: return=560.27, length=106.15, success_rate=1.00, collisions/ep=8.50
Solved-check at update 5: solved=False worst_gap=541.68 at p_x0=0.00 p_y0=1.00 (consecutive=0)
update=6 global_step=12288 SPS=651 w_ev=0.965 m_ev=0.860 m_v_bias=-65.3 m_adv_std=123.7756 m_kl_max=0.0066 m_ratio_max=0.493 w_ax@goal=+0.62 w_v@goal=16.63 return=502.9 length=132 success_rate=0.75 collisions/ep=3.69 (n=16)
update=7 global_step=14336 SPS=686 w_ev=0.964 m_ev=0.797 m_v_bias=-43.0 m_adv_std=119.9977 m_kl_max=0.0151 m_ratio_max=0.625 w_ax@goal=+0.55 w_v@goal=18.70 return=667.5 length=113 success_rate=0.89 collisions/ep=4.05 (n=19)
update=8 global_step=16384 SPS=716 w_ev=0.946 m_ev=0.834 m_v_bias=-11.6 m_adv_std=102.2376 m_kl_max=0.0060 m_ratio_max=0.367 w_ax@goal=+0.59 w_v@goal=19.68 return=697.3 length=103 success_rate=0.95 collisions/ep=4.91 (n=22)
update=9 global_step=18432 SPS=741 w_ev=0.952 m_ev=0.875 m_v_bias=-13.3 m_adv_std=83.4936 m_kl_max=0.0009 m_ratio_max=0.160 w_ax@goal=+0.60 w_v@goal=19.64 return=819.6 length=95 success_rate=1.00 collisions/ep=3.55 (n=22)
update=10 global_step=20480 SPS=762 w_ev=0.951 m_ev=0.925 m_v_bias=-6.9 m_adv_std=60.1168 m_kl_max=0.0116 m_ratio_max=0.682 w_ax@goal=+0.76 w_v@goal=19.60 return=830.7 length=87 success_rate=1.00 collisions/ep=3.46 (n=24)
Evaluation at update 10: return=919.10, length=82.25, success_rate=1.00, collisions/ep=1.80
Solved-check at update 10: solved=False worst_gap=453.55 at p_x0=1.50 p_y0=-1.00 (consecutive=0)
update=11 global_step=22528 SPS=655 w_ev=0.953 m_ev=0.916 m_v_bias=-14.1 m_adv_std=61.0631 m_kl_max=0.0086 m_ratio_max=0.785 w_ax@goal=+0.81 w_v@goal=19.66 return=847.5 length=86 success_rate=1.00 collisions/ep=3.17 (n=23)
update=12 global_step=24576 SPS=676 w_ev=0.928 m_ev=0.865 m_v_bias=10.0 m_adv_std=80.6631 m_kl_max=0.0057 m_ratio_max=0.253 w_ax@goal=+0.69 w_v@goal=19.62 return=878.1 length=84 success_rate=1.00 collisions/ep=2.58 (n=24)
update=13 global_step=26624 SPS=697 w_ev=0.940 m_ev=0.893 m_v_bias=-2.4 m_adv_std=71.3111 m_kl_max=0.0078 m_ratio_max=0.400 w_ax@goal=+0.89 w_v@goal=19.48 return=819.7 length=84 success_rate=1.00 collisions/ep=3.76 (n=25)
update=14 global_step=28672 SPS=715 w_ev=0.958 m_ev=0.966 m_v_bias=-27.3 m_adv_std=35.9114 m_kl_max=0.0179 m_ratio_max=0.913 w_ax@goal=+0.84 w_v@goal=19.32 return=915.7 length=84 success_rate=1.00 collisions/ep=1.84 (n=25)
update=15 global_step=30720 SPS=729 w_ev=0.938 m_ev=0.908 m_v_bias=13.3 m_adv_std=60.4742 m_kl_max=0.0166 m_ratio_max=1.153 w_ax@goal=+0.69 w_v@goal=19.59 return=895.8 length=82 success_rate=1.00 collisions/ep=2.25 (n=24)
Evaluation at update 15: return=959.94, length=81.45, success_rate=1.00, collisions/ep=1.00
Solved-check at update 15: solved=False worst_gap=502.61 at p_x0=2.00 p_y0=-1.00 (consecutive=0)
update=16 global_step=32768 SPS=658 w_ev=0.948 m_ev=0.969 m_v_bias=-17.4 m_adv_std=33.6570 m_kl_max=0.0086 m_ratio_max=0.310 w_ax@goal=+0.93 w_v@goal=19.50 return=932.3 length=85 success_rate=1.00 collisions/ep=1.52 (n=25)
update=17 global_step=34816 SPS=673 w_ev=0.935 m_ev=0.928 m_v_bias=6.9 m_adv_std=49.7766 m_kl_max=0.0090 m_ratio_max=0.414 w_ax@goal=+0.79 w_v@goal=19.25 return=921.7 length=82 success_rate=1.00 collisions/ep=1.76 (n=25)
update=18 global_step=36864 SPS=685 w_ev=0.953 m_ev=0.957 m_v_bias=-7.7 m_adv_std=39.3144 m_kl_max=0.0291 m_ratio_max=0.996 w_ax@goal=+0.83 w_v@goal=19.31 return=932.8 length=81 success_rate=1.00 collisions/ep=1.50 (n=24)
update=19 global_step=38912 SPS=698 w_ev=0.932 m_ev=0.912 m_v_bias=5.5 m_adv_std=58.7936 m_kl_max=0.0177 m_ratio_max=0.640 w_ax@goal=+0.73 w_v@goal=19.43 return=906.5 length=82 success_rate=1.00 collisions/ep=2.04 (n=25)
update=20 global_step=40960 SPS=712 w_ev=0.946 m_ev=0.956 m_v_bias=-20.6 m_adv_std=37.4676 m_kl_max=0.0188 m_ratio_max=1.081 w_ax@goal=+0.84 w_v@goal=19.37 return=940.1 length=83 success_rate=1.00 collisions/ep=1.52 (n=25)
Evaluation at update 20: return=993.11, length=80.80, success_rate=1.00, collisions/ep=0.35
Solved-check at update 20: solved=False worst_gap=52.63 at p_x0=0.00 p_y0=-1.00 (consecutive=0)
update=21 global_step=43008 SPS=657 w_ev=0.929 m_ev=0.925 m_v_bias=7.2 m_adv_std=53.4721 m_kl_max=0.0156 m_ratio_max=0.618 w_ax@goal=+0.75 w_v@goal=19.22 return=929.4 length=81 success_rate=1.00 collisions/ep=1.64 (n=25)
update=22 global_step=45056 SPS=667 w_ev=0.953 m_ev=0.972 m_v_bias=-9.3 m_adv_std=30.9938 m_kl_max=0.0022 m_ratio_max=0.239 w_ax@goal=+0.97 w_v@goal=19.37 return=948.3 length=84 success_rate=1.00 collisions/ep=1.21 (n=24)
update=23 global_step=47104 SPS=680 w_ev=0.914 m_ev=0.953 m_v_bias=11.5 m_adv_std=39.5870 m_kl_max=0.0242 m_ratio_max=1.314 w_ax@goal=+0.76 w_v@goal=19.24 return=926.7 length=83 success_rate=1.00 collisions/ep=1.75 (n=28)
update=24 global_step=49152 SPS=692 w_ev=0.937 m_ev=0.961 m_v_bias=-13.2 m_adv_std=36.2843 m_kl_max=0.0069 m_ratio_max=0.480 w_ax@goal=+0.90 w_v@goal=18.91 return=953.5 length=84 success_rate=1.00 collisions/ep=1.17 (n=23)
update=25 global_step=51200 SPS=700 w_ev=0.949 m_ev=0.969 m_v_bias=-3.4 m_adv_std=31.8618 m_kl_max=0.0140 m_ratio_max=0.483 w_ax@goal=+0.94 w_v@goal=19.01 return=950.5 length=81 success_rate=1.00 collisions/ep=1.20 (n=25)
Evaluation at update 25: return=1009.19, length=79.65, success_rate=1.00, collisions/ep=0.05
Solved-check at update 25: solved=False worst_gap=50.87 at p_x0=2.00 p_y0=-1.00 (consecutive=0)
update=26 global_step=53248 SPS=657 w_ev=0.948 m_ev=0.975 m_v_bias=-9.6 m_adv_std=28.0807 m_kl_max=0.0203 m_ratio_max=0.920 w_ax@goal=+1.02 w_v@goal=19.11 return=968.5 length=79 success_rate=1.00 collisions/ep=0.84 (n=25)
update=27 global_step=55296 SPS=666 w_ev=0.940 m_ev=0.947 m_v_bias=3.3 m_adv_std=41.5472 m_kl_max=0.0256 m_ratio_max=0.742 w_ax@goal=+1.22 w_v@goal=19.55 return=969.8 length=82 success_rate=1.00 collisions/ep=0.92 (n=24)
update=28 global_step=57344 SPS=674 w_ev=0.943 m_ev=0.972 m_v_bias=-9.4 m_adv_std=28.9281 m_kl_max=0.0082 m_ratio_max=0.363 w_ax@goal=+1.02 w_v@goal=19.40 return=978.4 length=82 success_rate=1.00 collisions/ep=0.69 (n=26)
update=29 global_step=59392 SPS=682 w_ev=0.949 m_ev=0.984 m_v_bias=-2.1 m_adv_std=21.1789 m_kl_max=0.0065 m_ratio_max=0.326 w_ax@goal=+1.19 w_v@goal=19.08 return=987.1 length=81 success_rate=1.00 collisions/ep=0.48 (n=25)
update=30 global_step=61440 SPS=690 w_ev=0.954 m_ev=0.993 m_v_bias=-5.7 m_adv_std=14.2131 m_kl_max=0.0152 m_ratio_max=0.627 w_ax@goal=+1.19 w_v@goal=19.25 return=991.5 length=82 success_rate=1.00 collisions/ep=0.40 (n=25)
Evaluation at update 30: return=1011.70, length=79.70, success_rate=1.00, collisions/ep=0.00
Solved-check at update 30: solved=True worst_gap=1.68 at p_x0=0.00 p_y0=-1.00 (consecutive=0)
update=31 global_step=63488 SPS=657 w_ev=0.943 m_ev=0.975 m_v_bias=1.3 m_adv_std=27.2818 m_kl_max=0.0060 m_ratio_max=0.503 w_ax@goal=+1.17 w_v@goal=19.15 return=988.0 length=80 success_rate=1.00 collisions/ep=0.46 (n=26)
update=32 global_step=65536 SPS=665 w_ev=0.929 m_ev=0.963 m_v_bias=2.9 m_adv_std=32.6493 m_kl_max=0.0418 m_ratio_max=1.250 w_ax@goal=+1.24 w_v@goal=19.24 return=999.6 length=81 success_rate=1.00 collisions/ep=0.32 (n=25)
update=33 global_step=67584 SPS=671 w_ev=0.947 m_ev=0.983 m_v_bias=-1.9 m_adv_std=22.8260 m_kl_max=0.0030 m_ratio_max=0.383 w_ax@goal=+1.21 w_v@goal=19.31 return=991.9 length=80 success_rate=1.00 collisions/ep=0.38 (n=26)
update=34 global_step=69632 SPS=678 w_ev=0.942 m_ev=0.989 m_v_bias=1.7 m_adv_std=17.5702 m_kl_max=0.0285 m_ratio_max=0.817 w_ax@goal=+1.28 w_v@goal=19.39 return=986.4 length=80 success_rate=1.00 collisions/ep=0.50 (n=26)
update=35 global_step=71680 SPS=686 w_ev=0.936 m_ev=0.986 m_v_bias=0.4 m_adv_std=20.5282 m_kl_max=0.0120 m_ratio_max=0.484 w_ax@goal=+1.20 w_v@goal=19.21 return=990.4 length=81 success_rate=1.00 collisions/ep=0.46 (n=26)
Evaluation at update 35: return=1012.07, length=79.30, success_rate=1.00, collisions/ep=0.00
Solved-check at update 35: solved=False worst_gap=51.11 at p_x0=0.00 p_y0=1.00 (consecutive=1)
update=36 global_step=73728 SPS=659 w_ev=0.920 m_ev=0.943 m_v_bias=11.4 m_adv_std=40.4347 m_kl_max=0.0128 m_ratio_max=0.533 w_ax@goal=+1.25 w_v@goal=19.24 return=971.8 length=80 success_rate=1.00 collisions/ep=0.83 (n=24)
update=37 global_step=75776 SPS=667 w_ev=0.933 m_ev=0.991 m_v_bias=-13.1 m_adv_std=15.9597 m_kl_max=0.0083 m_ratio_max=0.492 w_ax@goal=+1.28 w_v@goal=19.10 return=997.6 length=79 success_rate=1.00 collisions/ep=0.32 (n=25)
update=38 global_step=77824 SPS=674 w_ev=0.937 m_ev=0.973 m_v_bias=2.6 m_adv_std=28.4420 m_kl_max=0.0124 m_ratio_max=0.446 w_ax@goal=+1.30 w_v@goal=19.20 return=986.1 length=79 success_rate=1.00 collisions/ep=0.54 (n=28)
update=39 global_step=79872 SPS=680 w_ev=0.911 m_ev=0.886 m_v_bias=16.9 m_adv_std=63.6456 m_kl_max=0.0151 m_ratio_max=0.447 w_ax@goal=+1.31 w_v@goal=19.28 return=952.1 length=80 success_rate=1.00 collisions/ep=1.23 (n=26)
update=40 global_step=81920 SPS=686 w_ev=0.927 m_ev=0.967 m_v_bias=-7.8 m_adv_std=32.4755 m_kl_max=0.0244 m_ratio_max=0.564 w_ax@goal=+1.19 w_v@goal=19.30 return=987.3 length=78 success_rate=1.00 collisions/ep=0.48 (n=25)
Evaluation at update 40: return=1012.20, length=79.30, success_rate=1.00, collisions/ep=0.00
Solved-check at update 40: solved=True worst_gap=1.13 at p_x0=0.00 p_y0=-1.00 (consecutive=0)
update=41 global_step=83968 SPS=661 w_ev=0.946 m_ev=0.978 m_v_bias=-6.6 m_adv_std=24.3420 m_kl_max=0.0213 m_ratio_max=0.578 w_ax@goal=+1.20 w_v@goal=19.53 return=985.8 length=80 success_rate=1.00 collisions/ep=0.52 (n=25)
update=42 global_step=86016 SPS=667 w_ev=0.957 m_ev=0.993 m_v_bias=-3.2 m_adv_std=14.4295 m_kl_max=0.0108 m_ratio_max=0.511 w_ax@goal=+1.27 w_v@goal=19.54 return=1001.9 length=79 success_rate=1.00 collisions/ep=0.19 (n=26)
update=43 global_step=88064 SPS=672 w_ev=0.962 m_ev=0.982 m_v_bias=3.3 m_adv_std=23.6259 m_kl_max=0.0090 m_ratio_max=0.536 w_ax@goal=+1.09 w_v@goal=19.58 return=985.6 length=81 success_rate=1.00 collisions/ep=0.52 (n=27)
update=44 global_step=90112 SPS=678 w_ev=0.965 m_ev=0.988 m_v_bias=-2.6 m_adv_std=18.6701 m_kl_max=0.0149 m_ratio_max=0.652 w_ax@goal=+1.04 w_v@goal=19.48 return=1001.6 length=81 success_rate=1.00 collisions/ep=0.25 (n=24)
update=45 global_step=92160 SPS=684 w_ev=0.951 m_ev=0.975 m_v_bias=6.7 m_adv_std=27.2959 m_kl_max=0.0031 m_ratio_max=0.289 w_ax@goal=+1.08 w_v@goal=19.60 return=974.8 length=81 success_rate=1.00 collisions/ep=0.77 (n=26)
Evaluation at update 45: return=1012.27, length=79.25, success_rate=1.00, collisions/ep=0.00
Solved-check at update 45: solved=False worst_gap=50.90 at p_x0=0.00 p_y0=0.50 (consecutive=1)
update=46 global_step=94208 SPS=662 w_ev=0.961 m_ev=0.985 m_v_bias=-3.8 m_adv_std=21.2102 m_kl_max=0.0186 m_ratio_max=0.608 w_ax@goal=+1.10 w_v@goal=19.56 return=991.4 length=79 success_rate=1.00 collisions/ep=0.48 (n=25)
update=47 global_step=96256 SPS=666 w_ev=0.950 m_ev=0.961 m_v_bias=-3.7 m_adv_std=34.0558 m_kl_max=0.0198 m_ratio_max=1.019 w_ax@goal=+1.10 w_v@goal=19.39 return=985.1 length=80 success_rate=1.00 collisions/ep=0.58 (n=26)
update=48 global_step=98304 SPS=671 w_ev=0.953 m_ev=0.989 m_v_bias=-1.7 m_adv_std=17.8258 m_kl_max=0.0027 m_ratio_max=0.225 w_ax@goal=+1.17 w_v@goal=19.52 return=997.8 length=79 success_rate=1.00 collisions/ep=0.28 (n=25)
update=49 global_step=100352 SPS=675 w_ev=0.963 m_ev=0.992 m_v_bias=-0.1 m_adv_std=15.1849 m_kl_max=0.0128 m_ratio_max=0.449 w_ax@goal=+1.09 w_v@goal=19.46 return=996.7 length=80 success_rate=1.00 collisions/ep=0.33 (n=27)
update=50 global_step=102400 SPS=680 w_ev=0.958 m_ev=0.989 m_v_bias=-0.7 m_adv_std=17.1126 m_kl_max=0.0083 m_ratio_max=0.474 w_ax@goal=+1.02 w_v@goal=19.64 return=998.7 length=79 success_rate=1.00 collisions/ep=0.26 (n=27)
Evaluation at update 50: return=1012.08, length=79.30, success_rate=1.00, collisions/ep=0.00
Solved-check at update 50: solved=True worst_gap=1.23 at p_x0=0.00 p_y0=-1.00 (consecutive=0)
update=51 global_step=104448 SPS=661 w_ev=0.958 m_ev=0.976 m_v_bias=2.9 m_adv_std=27.3220 m_kl_max=0.0114 m_ratio_max=0.342 w_ax@goal=+1.05 w_v@goal=19.72 return=988.5 length=80 success_rate=1.00 collisions/ep=0.46 (n=26)
update=52 global_step=106496 SPS=666 w_ev=0.966 m_ev=0.978 m_v_bias=3.0 m_adv_std=26.0065 m_kl_max=0.0150 m_ratio_max=0.505 w_ax@goal=+1.00 w_v@goal=19.65 return=988.7 length=82 success_rate=1.00 collisions/ep=0.46 (n=24)
update=53 global_step=108544 SPS=671 w_ev=0.958 m_ev=0.974 m_v_bias=6.6 m_adv_std=27.8217 m_kl_max=0.0111 m_ratio_max=0.528 w_ax@goal=+1.01 w_v@goal=19.64 return=979.6 length=80 success_rate=1.00 collisions/ep=0.68 (n=25)
update=54 global_step=110592 SPS=675 w_ev=0.947 m_ev=0.978 m_v_bias=0.7 m_adv_std=25.3731 m_kl_max=0.0180 m_ratio_max=0.631 w_ax@goal=+1.19 w_v@goal=19.85 return=986.3 length=80 success_rate=1.00 collisions/ep=0.50 (n=24)
update=55 global_step=112640 SPS=679 w_ev=0.956 m_ev=0.972 m_v_bias=0.5 m_adv_std=28.2213 m_kl_max=0.0401 m_ratio_max=1.042 w_ax@goal=+1.10 w_v@goal=19.68 return=989.5 length=80 success_rate=1.00 collisions/ep=0.48 (n=25)
Evaluation at update 55: return=1012.22, length=79.25, success_rate=1.00, collisions/ep=0.00
Solved-check at update 55: solved=True worst_gap=1.06 at p_x0=0.00 p_y0=1.00 (consecutive=1)
Solved criterion held for 2 consecutive evals (tolerance=5.0) at global_step=112640.
update=56 global_step=114688 SPS=661 w_ev=0.947 m_ev=0.983 m_v_bias=2.8 m_adv_std=22.3105 m_kl_max=0.0088 m_ratio_max=0.369 w_ax@goal=+0.92 w_v@goal=19.36 return=991.6 length=80 success_rate=1.00 collisions/ep=0.39 (n=28)
update=57 global_step=116736 SPS=666 w_ev=0.956 m_ev=0.990 m_v_bias=-5.2 m_adv_std=16.7145 m_kl_max=0.0157 m_ratio_max=0.939 w_ax@goal=+0.94 w_v@goal=19.42 return=988.5 length=81 success_rate=1.00 collisions/ep=0.46 (n=26)
update=58 global_step=118784 SPS=670 w_ev=0.955 m_ev=0.988 m_v_bias=-0.9 m_adv_std=18.0302 m_kl_max=0.0108 m_ratio_max=0.429 w_ax@goal=+0.85 w_v@goal=19.56 return=999.6 length=79 success_rate=1.00 collisions/ep=0.24 (n=25)
update=59 global_step=120832 SPS=674 w_ev=0.961 m_ev=0.993 m_v_bias=-0.3 m_adv_std=13.7044 m_kl_max=0.0088 m_ratio_max=0.457 w_ax@goal=+1.07 w_v@goal=19.63 return=1000.4 length=79 success_rate=1.00 collisions/ep=0.25 (n=24)
update=60 global_step=122880 SPS=678 w_ev=0.946 m_ev=0.936 m_v_bias=15.0 m_adv_std=45.8635 m_kl_max=0.0111 m_ratio_max=0.460 w_ax@goal=+0.86 w_v@goal=19.52 return=961.6 length=81 success_rate=1.00 collisions/ep=1.04 (n=27)
Evaluation at update 60: return=1012.42, length=79.05, success_rate=1.00, collisions/ep=0.00
Solved-check at update 60: solved=True worst_gap=0.97 at p_x0=2.00 p_y0=1.00 (consecutive=2)
update=61 global_step=124928 SPS=662 w_ev=0.962 m_ev=0.985 m_v_bias=-1.9 m_adv_std=20.4487 m_kl_max=0.0053 m_ratio_max=0.287 w_ax@goal=+0.79 w_v@goal=19.52 return=998.4 length=82 success_rate=1.00 collisions/ep=0.24 (n=25)
update=62 global_step=126976 SPS=666 w_ev=0.965 m_ev=0.989 m_v_bias=-4.1 m_adv_std=18.0463 m_kl_max=0.0142 m_ratio_max=0.563 w_ax@goal=+0.90 w_v@goal=19.44 return=998.2 length=81 success_rate=1.00 collisions/ep=0.31 (n=26)
update=63 global_step=129024 SPS=669 w_ev=0.955 m_ev=0.975 m_v_bias=-0.1 m_adv_std=26.4392 m_kl_max=0.0187 m_ratio_max=1.187 w_ax@goal=+0.92 w_v@goal=19.52 return=987.2 length=79 success_rate=1.00 collisions/ep=0.48 (n=25)
update=64 global_step=131072 SPS=673 w_ev=0.954 m_ev=0.948 m_v_bias=4.5 m_adv_std=39.4830 m_kl_max=0.0064 m_ratio_max=0.382 w_ax@goal=+0.80 w_v@goal=19.30 return=991.1 length=80 success_rate=1.00 collisions/ep=0.40 (n=25)
update=65 global_step=133120 SPS=677 w_ev=0.951 m_ev=0.967 m_v_bias=1.0 m_adv_std=32.7309 m_kl_max=0.0109 m_ratio_max=0.463 w_ax@goal=+0.90 w_v@goal=19.32 return=972.8 length=81 success_rate=1.00 collisions/ep=0.81 (n=27)
Evaluation at update 65: return=1012.47, length=79.00, success_rate=1.00, collisions/ep=0.00
Solved-check at update 65: solved=False worst_gap=50.90 at p_x0=0.00 p_y0=0.50 (consecutive=3)
update=66 global_step=135168 SPS=662 w_ev=0.896 m_ev=0.868 m_v_bias=8.6 m_adv_std=64.0250 m_kl_max=0.0245 m_ratio_max=1.348 w_ax@goal=+0.83 w_v@goal=19.43 return=957.0 length=80 success_rate=1.00 collisions/ep=1.17 (n=24)
update=67 global_step=137216 SPS=666 w_ev=0.944 m_ev=0.984 m_v_bias=-20.0 m_adv_std=21.4695 m_kl_max=0.0055 m_ratio_max=0.313 w_ax@goal=+0.93 w_v@goal=19.41 return=1002.5 length=81 success_rate=1.00 collisions/ep=0.22 (n=27)
update=68 global_step=139264 SPS=669 w_ev=0.952 m_ev=0.990 m_v_bias=-0.9 m_adv_std=16.8700 m_kl_max=0.0149 m_ratio_max=0.486 w_ax@goal=+0.88 w_v@goal=19.70 return=993.1 length=81 success_rate=1.00 collisions/ep=0.38 (n=24)
update=69 global_step=141312 SPS=673 w_ev=0.955 m_ev=0.986 m_v_bias=-1.4 m_adv_std=19.6512 m_kl_max=0.0123 m_ratio_max=0.764 w_ax@goal=+1.10 w_v@goal=19.72 return=997.7 length=80 success_rate=1.00 collisions/ep=0.28 (n=25)
update=70 global_step=143360 SPS=676 w_ev=0.927 m_ev=0.936 m_v_bias=5.9 m_adv_std=43.4990 m_kl_max=0.0111 m_ratio_max=0.497 w_ax@goal=+1.10 w_v@goal=19.61 return=987.8 length=78 success_rate=1.00 collisions/ep=0.52 (n=27)
Evaluation at update 70: return=1012.54, length=78.80, success_rate=1.00, collisions/ep=0.00
Solved-check at update 70: solved=True worst_gap=0.86 at p_x0=0.00 p_y0=1.00 (consecutive=0)
update=71 global_step=145408 SPS=662 w_ev=0.885 m_ev=0.888 m_v_bias=7.9 m_adv_std=61.8434 m_kl_max=0.0109 m_ratio_max=0.457 w_ax@goal=+0.87 w_v@goal=19.30 return=982.6 length=80 success_rate=1.00 collisions/ep=0.62 (n=26)
update=72 global_step=147456 SPS=665 w_ev=0.949 m_ev=0.996 m_v_bias=-13.2 m_adv_std=10.6235 m_kl_max=0.0126 m_ratio_max=0.705 w_ax@goal=+0.97 w_v@goal=19.39 return=996.8 length=80 success_rate=1.00 collisions/ep=0.31 (n=26)
update=73 global_step=149504 SPS=668 w_ev=0.946 m_ev=0.992 m_v_bias=-2.7 m_adv_std=14.7193 m_kl_max=0.0177 m_ratio_max=0.826 w_ax@goal=+0.93 w_v@goal=19.59 return=1003.9 length=78 success_rate=1.00 collisions/ep=0.16 (n=25)
update=74 global_step=151552 SPS=672 w_ev=0.935 m_ev=0.996 m_v_bias=-1.0 m_adv_std=9.9388 m_kl_max=0.0244 m_ratio_max=0.788 w_ax@goal=+1.00 w_v@goal=19.77 return=1006.1 length=80 success_rate=1.00 collisions/ep=0.12 (n=25)
update=75 global_step=153600 SPS=675 w_ev=0.951 m_ev=0.995 m_v_bias=-0.5 m_adv_std=11.5190 m_kl_max=0.0322 m_ratio_max=0.868 w_ax@goal=+1.14 w_v@goal=19.64 return=1008.4 length=79 success_rate=1.00 collisions/ep=0.07 (n=28)
Evaluation at update 75: return=1012.51, length=78.90, success_rate=1.00, collisions/ep=0.00
Solved-check at update 75: solved=True worst_gap=0.96 at p_x0=0.00 p_y0=1.00 (consecutive=1)
update=76 global_step=155648 SPS=662 w_ev=0.958 m_ev=0.998 m_v_bias=-1.3 m_adv_std=7.0789 m_kl_max=0.0052 m_ratio_max=0.318 w_ax@goal=+0.95 w_v@goal=19.70 return=1009.8 length=78 success_rate=1.00 collisions/ep=0.04 (n=26)
update=77 global_step=157696 SPS=665 w_ev=0.947 m_ev=0.964 m_v_bias=5.8 m_adv_std=32.7538 m_kl_max=0.0066 m_ratio_max=0.345 w_ax@goal=+1.18 w_v@goal=19.60 return=993.5 length=79 success_rate=1.00 collisions/ep=0.38 (n=24)
update=78 global_step=159744 SPS=668 w_ev=0.941 m_ev=0.994 m_v_bias=-0.9 m_adv_std=12.6359 m_kl_max=0.0244 m_ratio_max=0.645 w_ax@goal=+1.16 w_v@goal=19.68 return=1000.5 length=79 success_rate=1.00 collisions/ep=0.23 (n=26)
update=79 global_step=161792 SPS=670 w_ev=0.950 m_ev=0.997 m_v_bias=-1.5 m_adv_std=9.3839 m_kl_max=0.0142 m_ratio_max=0.520 w_ax@goal=+1.14 w_v@goal=19.49 return=1005.0 length=80 success_rate=1.00 collisions/ep=0.15 (n=27)
update=80 global_step=163840 SPS=673 w_ev=0.946 m_ev=0.988 m_v_bias=6.2 m_adv_std=18.1677 m_kl_max=0.0100 m_ratio_max=0.617 w_ax@goal=+1.05 w_v@goal=19.56 return=994.8 length=79 success_rate=1.00 collisions/ep=0.35 (n=26)
Evaluation at update 80: return=1012.66, length=78.80, success_rate=1.00, collisions/ep=0.00
Solved-check at update 80: solved=True worst_gap=0.77 at p_x0=0.00 p_y0=1.00 (consecutive=2)
update=81 global_step=165888 SPS=661 w_ev=0.941 m_ev=0.980 m_v_bias=1.8 m_adv_std=24.4046 m_kl_max=0.0117 m_ratio_max=0.566 w_ax@goal=+1.26 w_v@goal=19.50 return=994.2 length=80 success_rate=1.00 collisions/ep=0.36 (n=25)
update=82 global_step=167936 SPS=664 w_ev=0.943 m_ev=0.995 m_v_bias=-8.1 m_adv_std=11.4699 m_kl_max=0.0067 m_ratio_max=0.531 w_ax@goal=+1.06 w_v@goal=19.61 return=1002.6 length=81 success_rate=1.00 collisions/ep=0.19 (n=26)
update=83 global_step=169984 SPS=667 w_ev=0.953 m_ev=0.993 m_v_bias=-0.6 m_adv_std=14.5613 m_kl_max=0.0126 m_ratio_max=0.448 w_ax@goal=+1.22 w_v@goal=19.69 return=1000.5 length=80 success_rate=1.00 collisions/ep=0.24 (n=25)
update=84 global_step=172032 SPS=670 w_ev=0.925 m_ev=0.972 m_v_bias=3.6 m_adv_std=28.3022 m_kl_max=0.0147 m_ratio_max=0.653 w_ax@goal=+1.14 w_v@goal=19.71 return=989.5 length=80 success_rate=1.00 collisions/ep=0.46 (n=24)
update=85 global_step=174080 SPS=673 w_ev=0.948 m_ev=0.993 m_v_bias=-6.0 m_adv_std=14.3177 m_kl_max=0.0072 m_ratio_max=0.432 w_ax@goal=+1.13 w_v@goal=19.59 return=1003.3 length=79 success_rate=1.00 collisions/ep=0.18 (n=28)
Evaluation at update 85: return=1012.63, length=78.80, success_rate=1.00, collisions/ep=0.00
Solved-check at update 85: solved=True worst_gap=0.80 at p_x0=0.00 p_y0=1.00 (consecutive=3)
update=86 global_step=176128 SPS=660 w_ev=0.944 m_ev=0.993 m_v_bias=-0.7 m_adv_std=14.2940 m_kl_max=0.0159 m_ratio_max=0.916 w_ax@goal=+1.16 w_v@goal=19.41 return=993.6 length=79 success_rate=1.00 collisions/ep=0.37 (n=27)
update=87 global_step=178176 SPS=663 w_ev=0.933 m_ev=0.984 m_v_bias=1.1 m_adv_std=21.2552 m_kl_max=0.0313 m_ratio_max=0.701 w_ax@goal=+1.41 w_v@goal=19.67 return=995.9 length=80 success_rate=1.00 collisions/ep=0.33 (n=24)
update=88 global_step=180224 SPS=666 w_ev=0.939 m_ev=0.988 m_v_bias=-0.8 m_adv_std=18.0801 m_kl_max=0.0247 m_ratio_max=0.704 w_ax@goal=+1.22 w_v@goal=19.64 return=988.7 length=79 success_rate=1.00 collisions/ep=0.48 (n=25)
update=89 global_step=182272 SPS=668 w_ev=0.946 m_ev=0.986 m_v_bias=-0.7 m_adv_std=20.4610 m_kl_max=0.0192 m_ratio_max=0.508 w_ax@goal=+1.14 w_v@goal=19.60 return=1003.3 length=79 success_rate=1.00 collisions/ep=0.18 (n=28)
update=90 global_step=184320 SPS=671 w_ev=0.948 m_ev=0.993 m_v_bias=-1.9 m_adv_std=13.9150 m_kl_max=0.0087 m_ratio_max=0.682 w_ax@goal=+1.11 w_v@goal=19.53 return=1000.3 length=81 success_rate=1.00 collisions/ep=0.24 (n=25)
Evaluation at update 90: return=1012.64, length=78.80, success_rate=1.00, collisions/ep=0.00
Solved-check at update 90: solved=True worst_gap=0.81 at p_x0=0.00 p_y0=1.00 (consecutive=4)
update=91 global_step=186368 SPS=661 w_ev=0.908 m_ev=0.979 m_v_bias=4.3 m_adv_std=24.5879 m_kl_max=0.0098 m_ratio_max=0.642 w_ax@goal=+1.08 w_v@goal=19.46 return=989.5 length=79 success_rate=1.00 collisions/ep=0.44 (n=27)
update=92 global_step=188416 SPS=664 w_ev=0.906 m_ev=0.925 m_v_bias=5.6 m_adv_std=47.2163 m_kl_max=0.0152 m_ratio_max=0.969 w_ax@goal=+0.96 w_v@goal=19.52 return=989.1 length=79 success_rate=1.00 collisions/ep=0.46 (n=24)
update=93 global_step=190464 SPS=667 w_ev=0.930 m_ev=0.990 m_v_bias=-3.8 m_adv_std=16.7188 m_kl_max=0.0135 m_ratio_max=0.622 w_ax@goal=+0.99 w_v@goal=19.40 return=984.1 length=80 success_rate=1.00 collisions/ep=0.56 (n=25)
update=94 global_step=192512 SPS=669 w_ev=0.942 m_ev=0.991 m_v_bias=-0.1 m_adv_std=16.1434 m_kl_max=0.0107 m_ratio_max=0.906 w_ax@goal=+1.10 w_v@goal=19.64 return=1001.2 length=80 success_rate=1.00 collisions/ep=0.22 (n=27)
update=95 global_step=194560 SPS=672 w_ev=0.940 m_ev=0.998 m_v_bias=-3.0 m_adv_std=7.4308 m_kl_max=0.0224 m_ratio_max=0.482 w_ax@goal=+1.39 w_v@goal=19.62 return=1007.0 length=78 success_rate=1.00 collisions/ep=0.11 (n=27)
Evaluation at update 95: return=1012.66, length=78.80, success_rate=1.00, collisions/ep=0.00
Solved-check at update 95: solved=True worst_gap=0.73 at p_x0=0.00 p_y0=1.00 (consecutive=5)
update=96 global_step=196608 SPS=662 w_ev=0.936 m_ev=0.980 m_v_bias=6.2 m_adv_std=23.6208 m_kl_max=0.0189 m_ratio_max=0.763 w_ax@goal=+1.05 w_v@goal=19.48 return=993.6 length=80 success_rate=1.00 collisions/ep=0.38 (n=24)
update=97 global_step=198656 SPS=664 w_ev=0.936 m_ev=0.996 m_v_bias=-4.3 m_adv_std=9.9410 m_kl_max=0.0090 m_ratio_max=0.525 w_ax@goal=+1.06 w_v@goal=19.65 return=1004.5 length=79 success_rate=1.00 collisions/ep=0.16 (n=25)
update=98 global_step=200704 SPS=666 w_ev=0.921 m_ev=0.987 m_v_bias=0.9 m_adv_std=19.3683 m_kl_max=0.0218 m_ratio_max=0.685 w_ax@goal=+1.18 w_v@goal=19.58 return=1003.1 length=77 success_rate=1.00 collisions/ep=0.19 (n=27)
update=99 global_step=202752 SPS=668 w_ev=0.935 m_ev=0.997 m_v_bias=-1.6 m_adv_std=8.6436 m_kl_max=0.0110 m_ratio_max=0.963 w_ax@goal=+1.25 w_v@goal=19.64 return=1008.7 length=79 success_rate=1.00 collisions/ep=0.08 (n=26)
update=100 global_step=204800 SPS=671 w_ev=0.920 m_ev=0.991 m_v_bias=1.4 m_adv_std=16.3917 m_kl_max=0.0181 m_ratio_max=0.977 w_ax@goal=+1.06 w_v@goal=19.58 return=1004.5 length=80 success_rate=1.00 collisions/ep=0.15 (n=26)
Evaluation at update 100: return=1012.71, length=78.70, success_rate=1.00, collisions/ep=0.00
Solved-check at update 100: solved=True worst_gap=0.65 at p_x0=0.00 p_y0=1.00 (consecutive=6)
Saved checkpoints to C:\Users\loren\Desktop\MASTER THESIS\5_CODE\scenarios\slalom\studies\init_sampler\hppo_uniform\runs\hppo_slalom_14_1791036244
