Using device: cpu
Solved-check: precomputed optimal returns for 25 fixed initial conditions (mean=1013.0, min=1011.0, max=1015.0); solved-tolerance=5.0
num_envs=8 num_steps_per_env=256 worker_batch_size=2048 worker_minibatch_size=256 num_updates=244 timesteps=499712 (requested 500000; 288 dropped by integer division)
update=1 global_step=2048 SPS=1208 w_ev=0.013 m_ev=0.000 m_v_bias=67.3 m_adv_std=234.0044 m_kl_max=0.0004 m_ratio_max=0.108 w_ax@goal=+0.02 w_v@goal=-0.17 return=-322.5 length=183 success_rate=0.25 collisions/ep=8.38 (n=8)
update=2 global_step=4096 SPS=1141 w_ev=0.433 m_ev=0.516 m_v_bias=-1.3 m_adv_std=211.6338 m_kl_max=0.0022 m_ratio_max=0.198 w_ax@goal=+0.08 w_v@goal=2.90 return=-180.2 length=178 success_rate=0.36 collisions/ep=8.00 (n=11)
update=3 global_step=6144 SPS=1132 w_ev=0.661 m_ev=0.574 m_v_bias=-12.3 m_adv_std=208.1337 m_kl_max=0.0007 m_ratio_max=0.151 w_ax@goal=+0.41 w_v@goal=5.54 return=-39.2 length=178 success_rate=0.38 collisions/ep=5.69 (n=13)
update=4 global_step=8192 SPS=1135 w_ev=0.830 m_ev=0.528 m_v_bias=-50.8 m_adv_std=140.4643 m_kl_max=0.0046 m_ratio_max=0.469 w_ax@goal=+0.23 w_v@goal=8.74 return=-217.9 length=190 success_rate=0.11 collisions/ep=2.78 (n=9)
update=5 global_step=10240 SPS=1135 w_ev=0.857 m_ev=0.747 m_v_bias=-132.0 m_adv_std=174.0799 m_kl_max=0.0013 m_ratio_max=0.250 w_ax@goal=+0.31 w_v@goal=9.93 return=391.1 length=144 success_rate=0.67 collisions/ep=3.93 (n=15)
Evaluation at update 5: return=541.22, length=99.40, success_rate=1.00, collisions/ep=9.00
Solved-check at update 5: solved=False worst_gap=527.00 at p_x0=1.50 p_y0=1.00 (consecutive=0)
update=6 global_step=12288 SPS=699 w_ev=0.950 m_ev=0.821 m_v_bias=-47.9 m_adv_std=139.0220 m_kl_max=0.0020 m_ratio_max=0.306 w_ax@goal=+0.27 w_v@goal=15.51 return=360.4 length=152 success_rate=0.73 collisions/ep=5.87 (n=15)
update=7 global_step=14336 SPS=738 w_ev=0.962 m_ev=0.869 m_v_bias=-73.3 m_adv_std=105.7615 m_kl_max=0.0073 m_ratio_max=0.370 w_ax@goal=+0.54 w_v@goal=18.57 return=762.2 length=105 success_rate=1.00 collisions/ep=4.47 (n=17)
update=8 global_step=16384 SPS=766 w_ev=0.945 m_ev=0.876 m_v_bias=-30.5 m_adv_std=90.3005 m_kl_max=0.0218 m_ratio_max=0.848 w_ax@goal=+0.39 w_v@goal=18.96 return=729.8 length=100 success_rate=0.96 collisions/ep=4.33 (n=24)
update=9 global_step=18432 SPS=790 w_ev=0.935 m_ev=0.897 m_v_bias=-33.4 m_adv_std=72.6013 m_kl_max=0.0184 m_ratio_max=0.697 w_ax@goal=+0.39 w_v@goal=18.88 return=818.8 length=91 success_rate=1.00 collisions/ep=3.64 (n=22)
update=10 global_step=20480 SPS=813 w_ev=0.906 m_ev=0.674 m_v_bias=20.4 m_adv_std=134.3908 m_kl_max=0.0150 m_ratio_max=0.477 w_ax@goal=+0.53 w_v@goal=19.52 return=777.3 length=95 success_rate=0.95 collisions/ep=3.45 (n=22)
Evaluation at update 10: return=948.65, length=81.95, success_rate=1.00, collisions/ep=1.20
Solved-check at update 10: solved=False worst_gap=103.99 at p_x0=1.50 p_y0=-1.00 (consecutive=0)
update=11 global_step=22528 SPS=693 w_ev=0.929 m_ev=0.896 m_v_bias=-13.4 m_adv_std=70.1608 m_kl_max=0.0071 m_ratio_max=0.433 w_ax@goal=+0.64 w_v@goal=19.45 return=844.6 length=87 success_rate=1.00 collisions/ep=3.21 (n=24)
update=12 global_step=24576 SPS=716 w_ev=0.915 m_ev=0.888 m_v_bias=-8.6 m_adv_std=70.7393 m_kl_max=0.0066 m_ratio_max=0.376 w_ax@goal=+0.50 w_v@goal=19.53 return=854.9 length=83 success_rate=1.00 collisions/ep=3.04 (n=24)
update=13 global_step=26624 SPS=735 w_ev=0.906 m_ev=0.910 m_v_bias=-0.7 m_adv_std=62.5634 m_kl_max=0.0154 m_ratio_max=0.550 w_ax@goal=+0.84 w_v@goal=19.34 return=879.1 length=84 success_rate=1.00 collisions/ep=2.58 (n=24)
update=14 global_step=28672 SPS=751 w_ev=0.937 m_ev=0.925 m_v_bias=-13.7 m_adv_std=57.2164 m_kl_max=0.0249 m_ratio_max=1.680 w_ax@goal=+0.82 w_v@goal=19.55 return=882.0 length=82 success_rate=1.00 collisions/ep=2.52 (n=25)
update=15 global_step=30720 SPS=766 w_ev=0.943 m_ev=0.947 m_v_bias=-29.5 m_adv_std=45.0235 m_kl_max=0.0070 m_ratio_max=0.284 w_ax@goal=+1.02 w_v@goal=19.71 return=941.3 length=84 success_rate=1.00 collisions/ep=1.36 (n=25)
Evaluation at update 15: return=990.58, length=80.10, success_rate=1.00, collisions/ep=0.40
Solved-check at update 15: solved=False worst_gap=452.18 at p_x0=2.00 p_y0=-1.00 (consecutive=0)
update=16 global_step=32768 SPS=691 w_ev=0.916 m_ev=0.904 m_v_bias=18.9 m_adv_std=62.5329 m_kl_max=0.0086 m_ratio_max=0.473 w_ax@goal=+0.90 w_v@goal=19.31 return=896.9 length=83 success_rate=1.00 collisions/ep=2.28 (n=25)
update=17 global_step=34816 SPS=705 w_ev=0.919 m_ev=0.932 m_v_bias=-12.3 m_adv_std=49.1901 m_kl_max=0.0096 m_ratio_max=0.550 w_ax@goal=+0.87 w_v@goal=19.14 return=939.7 length=82 success_rate=1.00 collisions/ep=1.48 (n=25)
update=18 global_step=36864 SPS=720 w_ev=0.915 m_ev=0.906 m_v_bias=11.1 m_adv_std=60.0103 m_kl_max=0.0255 m_ratio_max=0.574 w_ax@goal=+0.66 w_v@goal=19.17 return=889.6 length=86 success_rate=1.00 collisions/ep=2.41 (n=22)
update=19 global_step=38912 SPS=733 w_ev=0.928 m_ev=0.959 m_v_bias=-14.6 m_adv_std=39.3532 m_kl_max=0.0104 m_ratio_max=0.427 w_ax@goal=+0.86 w_v@goal=19.22 return=939.8 length=84 success_rate=1.00 collisions/ep=1.46 (n=26)
update=20 global_step=40960 SPS=744 w_ev=0.931 m_ev=0.949 m_v_bias=1.7 m_adv_std=44.1943 m_kl_max=0.0109 m_ratio_max=0.420 w_ax@goal=+0.83 w_v@goal=19.39 return=923.9 length=84 success_rate=1.00 collisions/ep=1.78 (n=23)
Evaluation at update 20: return=1010.77, length=79.85, success_rate=1.00, collisions/ep=0.00
Solved-check at update 20: solved=False worst_gap=52.25 at p_x0=0.00 p_y0=1.00 (consecutive=0)
update=21 global_step=43008 SPS=687 w_ev=0.936 m_ev=0.972 m_v_bias=-20.9 m_adv_std=30.5582 m_kl_max=0.0101 m_ratio_max=0.497 w_ax@goal=+0.84 w_v@goal=19.46 return=975.0 length=84 success_rate=1.00 collisions/ep=0.68 (n=25)
update=22 global_step=45056 SPS=699 w_ev=0.916 m_ev=0.941 m_v_bias=7.3 m_adv_std=44.4822 m_kl_max=0.0105 m_ratio_max=0.396 w_ax@goal=+0.78 w_v@goal=19.40 return=956.0 length=80 success_rate=1.00 collisions/ep=1.12 (n=26)
update=23 global_step=47104 SPS=710 w_ev=0.924 m_ev=0.985 m_v_bias=-12.9 m_adv_std=21.2292 m_kl_max=0.0100 m_ratio_max=0.446 w_ax@goal=+0.74 w_v@goal=19.13 return=984.0 length=85 success_rate=1.00 collisions/ep=0.60 (n=25)
update=24 global_step=49152 SPS=720 w_ev=0.931 m_ev=0.974 m_v_bias=-1.3 m_adv_std=28.4653 m_kl_max=0.0108 m_ratio_max=0.427 w_ax@goal=+0.85 w_v@goal=19.17 return=981.2 length=82 success_rate=1.00 collisions/ep=0.62 (n=24)
update=25 global_step=51200 SPS=730 w_ev=0.904 m_ev=0.972 m_v_bias=-0.9 m_adv_std=29.1315 m_kl_max=0.0045 m_ratio_max=0.410 w_ax@goal=+0.70 w_v@goal=19.18 return=980.8 length=81 success_rate=1.00 collisions/ep=0.60 (n=25)
Evaluation at update 25: return=1011.49, length=79.15, success_rate=1.00, collisions/ep=0.00
Solved-check at update 25: solved=False worst_gap=50.86 at p_x0=2.00 p_y0=-1.00 (consecutive=0)
update=26 global_step=53248 SPS=687 w_ev=0.928 m_ev=0.978 m_v_bias=-7.0 m_adv_std=25.1200 m_kl_max=0.0227 m_ratio_max=0.746 w_ax@goal=+0.96 w_v@goal=19.22 return=978.7 length=82 success_rate=1.00 collisions/ep=0.68 (n=25)
update=27 global_step=55296 SPS=697 w_ev=0.917 m_ev=0.976 m_v_bias=-0.9 m_adv_std=27.1157 m_kl_max=0.0033 m_ratio_max=0.290 w_ax@goal=+1.00 w_v@goal=19.21 return=986.7 length=82 success_rate=1.00 collisions/ep=0.48 (n=25)
update=28 global_step=57344 SPS=706 w_ev=0.905 m_ev=0.950 m_v_bias=9.0 m_adv_std=39.4499 m_kl_max=0.0042 m_ratio_max=0.324 w_ax@goal=+0.99 w_v@goal=19.32 return=970.6 length=81 success_rate=1.00 collisions/ep=0.80 (n=25)
update=29 global_step=59392 SPS=715 w_ev=0.915 m_ev=0.958 m_v_bias=-6.1 m_adv_std=35.3569 m_kl_max=0.0050 m_ratio_max=0.320 w_ax@goal=+0.99 w_v@goal=19.43 return=974.1 length=81 success_rate=1.00 collisions/ep=0.81 (n=26)
update=30 global_step=61440 SPS=724 w_ev=0.909 m_ev=0.986 m_v_bias=-6.4 m_adv_std=20.2791 m_kl_max=0.0152 m_ratio_max=0.548 w_ax@goal=+0.92 w_v@goal=19.37 return=990.9 length=78 success_rate=1.00 collisions/ep=0.38 (n=26)
Evaluation at update 30: return=1001.50, length=79.10, success_rate=1.00, collisions/ep=0.20
Solved-check at update 30: solved=False worst_gap=101.99 at p_x0=0.00 p_y0=1.00 (consecutive=0)
update=31 global_step=63488 SPS=690 w_ev=0.926 m_ev=0.978 m_v_bias=3.9 m_adv_std=25.8816 m_kl_max=0.0032 m_ratio_max=0.281 w_ax@goal=+1.06 w_v@goal=19.53 return=985.2 length=81 success_rate=1.00 collisions/ep=0.59 (n=27)
update=32 global_step=65536 SPS=697 w_ev=0.910 m_ev=0.954 m_v_bias=1.7 m_adv_std=37.7030 m_kl_max=0.0092 m_ratio_max=0.409 w_ax@goal=+1.02 w_v@goal=19.61 return=986.1 length=80 success_rate=1.00 collisions/ep=0.50 (n=24)
update=33 global_step=67584 SPS=704 w_ev=0.905 m_ev=0.971 m_v_bias=-4.0 m_adv_std=28.4387 m_kl_max=0.0113 m_ratio_max=0.505 w_ax@goal=+1.01 w_v@goal=19.51 return=978.2 length=80 success_rate=1.00 collisions/ep=0.68 (n=25)
update=34 global_step=69632 SPS=710 w_ev=0.893 m_ev=0.960 m_v_bias=4.2 m_adv_std=35.5378 m_kl_max=0.0081 m_ratio_max=0.392 w_ax@goal=+1.04 w_v@goal=19.32 return=979.7 length=81 success_rate=1.00 collisions/ep=0.63 (n=27)
update=35 global_step=71680 SPS=717 w_ev=0.887 m_ev=0.948 m_v_bias=8.8 m_adv_std=39.7598 m_kl_max=0.0179 m_ratio_max=0.896 w_ax@goal=+1.13 w_v@goal=19.45 return=957.2 length=81 success_rate=1.00 collisions/ep=1.17 (n=24)
Evaluation at update 35: return=1011.81, length=78.80, success_rate=1.00, collisions/ep=0.00
Solved-check at update 35: solved=False worst_gap=51.61 at p_x0=0.00 p_y0=1.00 (consecutive=0)
update=36 global_step=73728 SPS=686 w_ev=0.893 m_ev=0.926 m_v_bias=1.3 m_adv_std=49.1971 m_kl_max=0.0090 m_ratio_max=0.359 w_ax@goal=+1.09 w_v@goal=19.38 return=962.8 length=80 success_rate=1.00 collisions/ep=0.96 (n=26)
update=37 global_step=75776 SPS=693 w_ev=0.907 m_ev=0.984 m_v_bias=-11.2 m_adv_std=22.0040 m_kl_max=0.0261 m_ratio_max=0.781 w_ax@goal=+1.19 w_v@goal=19.25 return=993.8 length=81 success_rate=1.00 collisions/ep=0.36 (n=25)
update=38 global_step=77824 SPS=699 w_ev=0.929 m_ev=0.977 m_v_bias=-1.4 m_adv_std=25.7554 m_kl_max=0.0083 m_ratio_max=0.518 w_ax@goal=+1.15 w_v@goal=19.66 return=984.1 length=79 success_rate=1.00 collisions/ep=0.54 (n=26)
update=39 global_step=79872 SPS=705 w_ev=0.911 m_ev=0.967 m_v_bias=1.3 m_adv_std=31.0816 m_kl_max=0.0133 m_ratio_max=0.574 w_ax@goal=+1.18 w_v@goal=19.59 return=978.9 length=80 success_rate=1.00 collisions/ep=0.81 (n=26)
update=40 global_step=81920 SPS=711 w_ev=0.886 m_ev=0.952 m_v_bias=4.4 m_adv_std=39.4094 m_kl_max=0.0106 m_ratio_max=0.552 w_ax@goal=+1.31 w_v@goal=19.29 return=978.5 length=78 success_rate=1.00 collisions/ep=0.69 (n=26)
Evaluation at update 40: return=1012.25, length=78.45, success_rate=1.00, collisions/ep=0.00
Solved-check at update 40: solved=True worst_gap=1.01 at p_x0=0.00 p_y0=0.50 (consecutive=0)
update=41 global_step=83968 SPS=683 w_ev=0.919 m_ev=0.966 m_v_bias=-4.8 m_adv_std=31.7939 m_kl_max=0.0080 m_ratio_max=0.510 w_ax@goal=+1.19 w_v@goal=19.54 return=973.3 length=79 success_rate=1.00 collisions/ep=0.85 (n=26)
update=42 global_step=86016 SPS=689 w_ev=0.905 m_ev=0.995 m_v_bias=-9.7 m_adv_std=12.1096 m_kl_max=0.0112 m_ratio_max=0.452 w_ax@goal=+1.19 w_v@goal=19.50 return=1009.9 length=79 success_rate=1.00 collisions/ep=0.04 (n=27)
update=43 global_step=88064 SPS=695 w_ev=0.918 m_ev=0.994 m_v_bias=0.4 m_adv_std=12.8132 m_kl_max=0.0092 m_ratio_max=0.375 w_ax@goal=+1.28 w_v@goal=19.61 return=1000.6 length=80 success_rate=1.00 collisions/ep=0.23 (n=26)
update=44 global_step=90112 SPS=700 w_ev=0.898 m_ev=0.979 m_v_bias=3.7 m_adv_std=23.8319 m_kl_max=0.0399 m_ratio_max=2.110 w_ax@goal=+1.29 w_v@goal=19.62 return=997.8 length=81 success_rate=1.00 collisions/ep=0.29 (n=24)
update=45 global_step=92160 SPS=706 w_ev=0.917 m_ev=0.991 m_v_bias=-0.8 m_adv_std=15.0289 m_kl_max=0.0094 m_ratio_max=0.558 w_ax@goal=+1.27 w_v@goal=19.65 return=999.6 length=79 success_rate=1.00 collisions/ep=0.25 (n=24)
Evaluation at update 45: return=1012.39, length=78.25, success_rate=1.00, collisions/ep=0.00
Solved-check at update 45: solved=True worst_gap=0.99 at p_x0=0.00 p_y0=1.00 (consecutive=1)
Solved criterion held for 2 consecutive evals (tolerance=5.0) at global_step=92160.
update=46 global_step=94208 SPS=683 w_ev=0.916 m_ev=0.986 m_v_bias=-0.6 m_adv_std=19.7821 m_kl_max=0.0098 m_ratio_max=0.477 w_ax@goal=+1.24 w_v@goal=19.56 return=1001.0 length=79 success_rate=1.00 collisions/ep=0.22 (n=27)
update=47 global_step=96256 SPS=688 w_ev=0.926 m_ev=0.983 m_v_bias=4.9 m_adv_std=22.5882 m_kl_max=0.0142 m_ratio_max=0.534 w_ax@goal=+1.27 w_v@goal=19.80 return=983.5 length=80 success_rate=1.00 collisions/ep=0.61 (n=28)
update=48 global_step=98304 SPS=693 w_ev=0.950 m_ev=0.993 m_v_bias=-6.4 m_adv_std=13.9162 m_kl_max=0.0080 m_ratio_max=0.375 w_ax@goal=+1.26 w_v@goal=19.60 return=1002.0 length=80 success_rate=1.00 collisions/ep=0.20 (n=25)
update=49 global_step=100352 SPS=698 w_ev=0.936 m_ev=0.989 m_v_bias=0.6 m_adv_std=17.1813 m_kl_max=0.0152 m_ratio_max=0.856 w_ax@goal=+1.15 w_v@goal=19.74 return=995.6 length=81 success_rate=1.00 collisions/ep=0.46 (n=24)
update=50 global_step=102400 SPS=703 w_ev=0.948 m_ev=0.997 m_v_bias=-6.2 m_adv_std=9.4865 m_kl_max=0.0154 m_ratio_max=0.604 w_ax@goal=+1.06 w_v@goal=19.83 return=1008.0 length=79 success_rate=1.00 collisions/ep=0.08 (n=25)
Evaluation at update 50: return=1012.41, length=78.25, success_rate=1.00, collisions/ep=0.00
Solved-check at update 50: solved=True worst_gap=1.00 at p_x0=0.00 p_y0=1.00 (consecutive=2)
update=51 global_step=104448 SPS=682 w_ev=0.915 m_ev=0.994 m_v_bias=0.5 m_adv_std=12.4386 m_kl_max=0.0200 m_ratio_max=0.619 w_ax@goal=+1.31 w_v@goal=19.75 return=1006.3 length=81 success_rate=1.00 collisions/ep=0.16 (n=25)
update=52 global_step=106496 SPS=687 w_ev=0.942 m_ev=0.996 m_v_bias=-2.2 m_adv_std=10.0408 m_kl_max=0.0247 m_ratio_max=0.540 w_ax@goal=+1.29 w_v@goal=19.62 return=1003.4 length=80 success_rate=1.00 collisions/ep=0.18 (n=28)
update=53 global_step=108544 SPS=692 w_ev=0.938 m_ev=0.998 m_v_bias=-0.8 m_adv_std=6.9653 m_kl_max=0.0124 m_ratio_max=0.530 w_ax@goal=+1.09 w_v@goal=19.52 return=1009.8 length=80 success_rate=1.00 collisions/ep=0.04 (n=25)
update=54 global_step=110592 SPS=697 w_ev=0.935 m_ev=0.989 m_v_bias=4.1 m_adv_std=17.6989 m_kl_max=0.0069 m_ratio_max=0.345 w_ax@goal=+1.26 w_v@goal=19.63 return=999.8 length=80 success_rate=1.00 collisions/ep=0.24 (n=25)
update=55 global_step=112640 SPS=702 w_ev=0.964 m_ev=0.999 m_v_bias=-2.7 m_adv_std=5.1636 m_kl_max=0.0024 m_ratio_max=0.404 w_ax@goal=+1.18 w_v@goal=19.64 return=1012.1 length=79 success_rate=1.00 collisions/ep=0.08 (n=26)
Evaluation at update 55: return=1012.54, length=78.10, success_rate=1.00, collisions/ep=0.00
Solved-check at update 55: solved=True worst_gap=0.83 at p_x0=2.00 p_y0=1.00 (consecutive=3)
update=56 global_step=114688 SPS=683 w_ev=0.935 m_ev=0.984 m_v_bias=6.5 m_adv_std=20.6335 m_kl_max=0.0151 m_ratio_max=0.574 w_ax@goal=+1.21 w_v@goal=19.72 return=1000.3 length=81 success_rate=1.00 collisions/ep=0.28 (n=25)
update=57 global_step=116736 SPS=687 w_ev=0.940 m_ev=0.994 m_v_bias=-1.6 m_adv_std=12.6588 m_kl_max=0.0170 m_ratio_max=0.815 w_ax@goal=+1.16 w_v@goal=19.74 return=1006.4 length=78 success_rate=1.00 collisions/ep=0.21 (n=28)
update=58 global_step=118784 SPS=692 w_ev=0.910 m_ev=0.995 m_v_bias=-0.2 m_adv_std=11.3033 m_kl_max=0.0207 m_ratio_max=0.618 w_ax@goal=+1.24 w_v@goal=19.74 return=1005.9 length=78 success_rate=1.00 collisions/ep=0.20 (n=25)
update=59 global_step=120832 SPS=696 w_ev=0.931 m_ev=0.997 m_v_bias=-0.5 m_adv_std=8.3104 m_kl_max=0.0130 m_ratio_max=0.446 w_ax@goal=+1.21 w_v@goal=19.73 return=1008.1 length=78 success_rate=1.00 collisions/ep=0.12 (n=26)
update=60 global_step=122880 SPS=700 w_ev=0.950 m_ev=0.987 m_v_bias=6.3 m_adv_std=19.1335 m_kl_max=0.0106 m_ratio_max=0.513 w_ax@goal=+1.16 w_v@goal=19.71 return=995.0 length=79 success_rate=1.00 collisions/ep=0.42 (n=26)
Evaluation at update 60: return=1012.70, length=77.95, success_rate=1.00, collisions/ep=0.00
Solved-check at update 60: solved=True worst_gap=0.58 at p_x0=0.00 p_y0=1.00 (consecutive=4)
update=61 global_step=124928 SPS=684 w_ev=0.924 m_ev=0.995 m_v_bias=-5.6 m_adv_std=12.3614 m_kl_max=0.0162 m_ratio_max=0.545 w_ax@goal=+1.08 w_v@goal=19.62 return=1006.3 length=79 success_rate=1.00 collisions/ep=0.15 (n=26)
update=62 global_step=126976 SPS=688 w_ev=0.936 m_ev=0.995 m_v_bias=-2.8 m_adv_std=12.0925 m_kl_max=0.0131 m_ratio_max=0.432 w_ax@goal=+1.16 w_v@goal=19.50 return=1006.9 length=79 success_rate=1.00 collisions/ep=0.15 (n=27)
update=63 global_step=129024 SPS=692 w_ev=0.925 m_ev=0.994 m_v_bias=3.0 m_adv_std=12.4108 m_kl_max=0.0084 m_ratio_max=0.372 w_ax@goal=+1.35 w_v@goal=19.66 return=1002.1 length=79 success_rate=1.00 collisions/ep=0.20 (n=25)
update=64 global_step=131072 SPS=696 w_ev=0.921 m_ev=0.988 m_v_bias=2.8 m_adv_std=17.7931 m_kl_max=0.0115 m_ratio_max=0.502 w_ax@goal=+1.20 w_v@goal=19.54 return=1004.1 length=80 success_rate=1.00 collisions/ep=0.21 (n=24)
update=65 global_step=133120 SPS=700 w_ev=0.948 m_ev=0.989 m_v_bias=-2.9 m_adv_std=17.8493 m_kl_max=0.0069 m_ratio_max=0.424 w_ax@goal=+1.33 w_v@goal=19.51 return=999.8 length=80 success_rate=1.00 collisions/ep=0.32 (n=28)
Evaluation at update 65: return=1012.73, length=77.90, success_rate=1.00, collisions/ep=0.00
Solved-check at update 65: solved=True worst_gap=0.54 at p_x0=0.00 p_y0=1.00 (consecutive=5)
update=66 global_step=135168 SPS=684 w_ev=0.941 m_ev=0.998 m_v_bias=-5.2 m_adv_std=8.0130 m_kl_max=0.0056 m_ratio_max=0.291 w_ax@goal=+1.34 w_v@goal=19.63 return=1008.2 length=78 success_rate=1.00 collisions/ep=0.12 (n=26)
update=67 global_step=137216 SPS=688 w_ev=0.970 m_ev=0.997 m_v_bias=-1.2 m_adv_std=9.4909 m_kl_max=0.0085 m_ratio_max=0.358 w_ax@goal=+1.36 w_v@goal=19.68 return=1008.1 length=77 success_rate=1.00 collisions/ep=0.15 (n=26)
update=68 global_step=139264 SPS=692 w_ev=0.928 m_ev=0.990 m_v_bias=0.9 m_adv_std=16.6114 m_kl_max=0.0181 m_ratio_max=0.904 w_ax@goal=+1.40 w_v@goal=19.67 return=1002.8 length=79 success_rate=1.00 collisions/ep=0.27 (n=26)
update=69 global_step=141312 SPS=695 w_ev=0.955 m_ev=0.993 m_v_bias=-1.4 m_adv_std=13.9460 m_kl_max=0.0066 m_ratio_max=0.590 w_ax@goal=+1.38 w_v@goal=19.79 return=998.8 length=80 success_rate=1.00 collisions/ep=0.32 (n=25)
update=70 global_step=143360 SPS=699 w_ev=0.943 m_ev=0.993 m_v_bias=-1.0 m_adv_std=14.1985 m_kl_max=0.0068 m_ratio_max=0.594 w_ax@goal=+1.26 w_v@goal=19.70 return=1009.0 length=80 success_rate=1.00 collisions/ep=0.11 (n=27)
Evaluation at update 70: return=1012.80, length=77.80, success_rate=1.00, collisions/ep=0.00
Solved-check at update 70: solved=True worst_gap=0.43 at p_x0=0.00 p_y0=1.00 (consecutive=6)
update=71 global_step=145408 SPS=684 w_ev=0.948 m_ev=0.991 m_v_bias=1.2 m_adv_std=15.5400 m_kl_max=0.0083 m_ratio_max=0.444 w_ax@goal=+1.37 w_v@goal=19.63 return=1000.1 length=79 success_rate=1.00 collisions/ep=0.25 (n=24)
update=72 global_step=147456 SPS=688 w_ev=0.926 m_ev=0.999 m_v_bias=-5.3 m_adv_std=4.6657 m_kl_max=0.0229 m_ratio_max=1.752 w_ax@goal=+1.43 w_v@goal=19.66 return=1013.0 length=80 success_rate=1.00 collisions/ep=0.00 (n=26)
update=73 global_step=149504 SPS=691 w_ev=0.926 m_ev=0.981 m_v_bias=6.8 m_adv_std=23.8386 m_kl_max=0.0217 m_ratio_max=0.763 w_ax@goal=+1.40 w_v@goal=19.75 return=995.7 length=79 success_rate=1.00 collisions/ep=0.41 (n=29)
update=74 global_step=151552 SPS=695 w_ev=0.903 m_ev=0.997 m_v_bias=-4.5 m_adv_std=8.3636 m_kl_max=0.0128 m_ratio_max=0.502 w_ax@goal=+1.44 w_v@goal=19.53 return=1012.9 length=80 success_rate=1.00 collisions/ep=0.08 (n=24)
update=75 global_step=153600 SPS=698 w_ev=0.918 m_ev=0.995 m_v_bias=0.6 m_adv_std=11.9628 m_kl_max=0.0088 m_ratio_max=0.450 w_ax@goal=+1.36 w_v@goal=19.33 return=1004.4 length=79 success_rate=1.00 collisions/ep=0.24 (n=25)
Evaluation at update 75: return=1012.75, length=77.85, success_rate=1.00, collisions/ep=0.00
Solved-check at update 75: solved=True worst_gap=0.51 at p_x0=0.00 p_y0=1.00 (consecutive=7)
update=76 global_step=155648 SPS=685 w_ev=0.920 m_ev=0.993 m_v_bias=0.1 m_adv_std=13.4878 m_kl_max=0.0147 m_ratio_max=0.450 w_ax@goal=+1.31 w_v@goal=19.31 return=998.7 length=79 success_rate=1.00 collisions/ep=0.32 (n=25)
update=77 global_step=157696 SPS=687 w_ev=0.948 m_ev=0.994 m_v_bias=0.0 m_adv_std=13.2168 m_kl_max=0.0137 m_ratio_max=0.698 w_ax@goal=+1.45 w_v@goal=19.65 return=1000.7 length=79 success_rate=1.00 collisions/ep=0.24 (n=29)
update=78 global_step=159744 SPS=691 w_ev=0.906 m_ev=0.998 m_v_bias=-3.8 m_adv_std=7.1116 m_kl_max=0.0156 m_ratio_max=0.538 w_ax@goal=+1.36 w_v@goal=19.53 return=1010.4 length=79 success_rate=1.00 collisions/ep=0.12 (n=24)
update=79 global_step=161792 SPS=694 w_ev=0.924 m_ev=0.990 m_v_bias=2.5 m_adv_std=16.3617 m_kl_max=0.0251 m_ratio_max=1.516 w_ax@goal=+1.33 w_v@goal=19.27 return=1004.9 length=79 success_rate=1.00 collisions/ep=0.19 (n=26)
update=80 global_step=163840 SPS=697 w_ev=0.915 m_ev=0.999 m_v_bias=-2.5 m_adv_std=4.0780 m_kl_max=0.0062 m_ratio_max=0.388 w_ax@goal=+1.32 w_v@goal=19.37 return=1008.8 length=79 success_rate=1.00 collisions/ep=0.07 (n=27)
Evaluation at update 80: return=1012.84, length=77.75, success_rate=1.00, collisions/ep=0.00
Solved-check at update 80: solved=True worst_gap=0.38 at p_x0=0.00 p_y0=1.00 (consecutive=8)
update=81 global_step=165888 SPS=685 w_ev=0.907 m_ev=1.000 m_v_bias=-1.5 m_adv_std=2.8200 m_kl_max=0.0097 m_ratio_max=0.435 w_ax@goal=+1.36 w_v@goal=19.19 return=1012.9 length=79 success_rate=1.00 collisions/ep=0.00 (n=25)
update=82 global_step=167936 SPS=688 w_ev=0.899 m_ev=0.992 m_v_bias=3.6 m_adv_std=14.6167 m_kl_max=0.0088 m_ratio_max=0.470 w_ax@goal=+1.36 w_v@goal=19.31 return=1003.6 length=79 success_rate=1.00 collisions/ep=0.22 (n=27)
update=83 global_step=169984 SPS=691 w_ev=0.909 m_ev=0.994 m_v_bias=1.1 m_adv_std=12.9505 m_kl_max=0.0229 m_ratio_max=0.592 w_ax@goal=+1.34 w_v@goal=19.45 return=1004.7 length=78 success_rate=1.00 collisions/ep=0.24 (n=25)
update=84 global_step=172032 SPS=694 w_ev=0.933 m_ev=0.993 m_v_bias=-2.2 m_adv_std=13.8720 m_kl_max=0.0061 m_ratio_max=0.357 w_ax@goal=+1.28 w_v@goal=19.45 return=1005.2 length=78 success_rate=1.00 collisions/ep=0.19 (n=27)
update=85 global_step=174080 SPS=697 w_ev=0.880 m_ev=0.979 m_v_bias=3.5 m_adv_std=24.6462 m_kl_max=0.0293 m_ratio_max=0.669 w_ax@goal=+1.30 w_v@goal=19.29 return=992.8 length=79 success_rate=1.00 collisions/ep=0.44 (n=25)
Evaluation at update 85: return=1012.85, length=77.75, success_rate=1.00, collisions/ep=0.00
Solved-check at update 85: solved=True worst_gap=0.37 at p_x0=0.00 p_y0=1.00 (consecutive=9)
update=86 global_step=176128 SPS=685 w_ev=0.902 m_ev=0.992 m_v_bias=-2.5 m_adv_std=15.2035 m_kl_max=0.0073 m_ratio_max=0.351 w_ax@goal=+1.43 w_v@goal=19.53 return=999.3 length=78 success_rate=1.00 collisions/ep=0.38 (n=26)
update=87 global_step=178176 SPS=688 w_ev=0.931 m_ev=0.996 m_v_bias=-4.9 m_adv_std=9.9857 m_kl_max=0.0218 m_ratio_max=0.691 w_ax@goal=+1.29 w_v@goal=19.60 return=1010.5 length=79 success_rate=1.00 collisions/ep=0.08 (n=26)
update=88 global_step=180224 SPS=691 w_ev=0.917 m_ev=0.986 m_v_bias=0.2 m_adv_std=20.6121 m_kl_max=0.0080 m_ratio_max=0.404 w_ax@goal=+1.28 w_v@goal=19.69 return=996.6 length=79 success_rate=1.00 collisions/ep=0.36 (n=28)
update=89 global_step=182272 SPS=693 w_ev=0.927 m_ev=0.994 m_v_bias=-0.8 m_adv_std=12.7627 m_kl_max=0.0131 m_ratio_max=0.475 w_ax@goal=+1.40 w_v@goal=19.64 return=999.7 length=77 success_rate=1.00 collisions/ep=0.33 (n=24)
update=90 global_step=184320 SPS=695 w_ev=0.941 m_ev=0.984 m_v_bias=0.9 m_adv_std=21.3039 m_kl_max=0.0081 m_ratio_max=0.354 w_ax@goal=+1.36 w_v@goal=19.67 return=997.0 length=78 success_rate=1.00 collisions/ep=0.35 (n=26)
Evaluation at update 90: return=1012.89, length=77.75, success_rate=1.00, collisions/ep=0.00
Solved-check at update 90: solved=True worst_gap=0.33 at p_x0=0.00 p_y0=1.00 (consecutive=10)
update=91 global_step=186368 SPS=685 w_ev=0.933 m_ev=0.996 m_v_bias=-2.5 m_adv_std=10.1083 m_kl_max=0.0112 m_ratio_max=0.616 w_ax@goal=+1.34 w_v@goal=19.55 return=1007.5 length=78 success_rate=1.00 collisions/ep=0.21 (n=28)
update=92 global_step=188416 SPS=687 w_ev=0.950 m_ev=0.993 m_v_bias=-0.3 m_adv_std=13.7789 m_kl_max=0.0257 m_ratio_max=1.265 w_ax@goal=+1.49 w_v@goal=19.66 return=1005.1 length=81 success_rate=1.00 collisions/ep=0.28 (n=25)
update=93 global_step=190464 SPS=690 w_ev=0.919 m_ev=0.994 m_v_bias=0.6 m_adv_std=12.9389 m_kl_max=0.0253 m_ratio_max=1.227 w_ax@goal=+1.33 w_v@goal=19.67 return=1002.8 length=79 success_rate=1.00 collisions/ep=0.20 (n=25)
update=94 global_step=192512 SPS=693 w_ev=0.926 m_ev=0.997 m_v_bias=-4.0 m_adv_std=8.3253 m_kl_max=0.0069 m_ratio_max=0.453 w_ax@goal=+1.35 w_v@goal=19.49 return=1010.6 length=78 success_rate=1.00 collisions/ep=0.04 (n=27)
update=95 global_step=194560 SPS=696 w_ev=0.954 m_ev=0.994 m_v_bias=1.1 m_adv_std=13.0772 m_kl_max=0.0175 m_ratio_max=0.882 w_ax@goal=+1.33 w_v@goal=19.55 return=1008.4 length=77 success_rate=1.00 collisions/ep=0.12 (n=26)
Evaluation at update 95: return=1012.84, length=77.75, success_rate=1.00, collisions/ep=0.00
Solved-check at update 95: solved=True worst_gap=0.37 at p_x0=0.00 p_y0=1.00 (consecutive=11)
update=96 global_step=196608 SPS=685 w_ev=0.899 m_ev=0.970 m_v_bias=5.6 m_adv_std=29.5092 m_kl_max=0.0214 m_ratio_max=1.219 w_ax@goal=+1.28 w_v@goal=19.62 return=993.3 length=78 success_rate=1.00 collisions/ep=0.42 (n=26)
update=97 global_step=198656 SPS=688 w_ev=0.918 m_ev=0.990 m_v_bias=-1.5 m_adv_std=16.3158 m_kl_max=0.0142 m_ratio_max=1.234 w_ax@goal=+1.30 w_v@goal=19.52 return=993.4 length=79 success_rate=1.00 collisions/ep=0.38 (n=26)
update=98 global_step=200704 SPS=691 w_ev=0.892 m_ev=0.986 m_v_bias=-0.6 m_adv_std=19.6299 m_kl_max=0.0129 m_ratio_max=0.416 w_ax@goal=+1.42 w_v@goal=19.50 return=999.1 length=80 success_rate=1.00 collisions/ep=0.28 (n=25)
update=99 global_step=202752 SPS=693 w_ev=0.919 m_ev=0.988 m_v_bias=4.6 m_adv_std=18.7456 m_kl_max=0.0108 m_ratio_max=0.474 w_ax@goal=+1.43 w_v@goal=19.62 return=998.0 length=79 success_rate=1.00 collisions/ep=0.30 (n=27)
update=100 global_step=204800 SPS=695 w_ev=0.932 m_ev=0.984 m_v_bias=-2.4 m_adv_std=20.9462 m_kl_max=0.0086 m_ratio_max=0.431 w_ax@goal=+1.47 w_v@goal=19.78 return=989.1 length=80 success_rate=1.00 collisions/ep=0.52 (n=25)
Evaluation at update 100: return=1012.84, length=77.75, success_rate=1.00, collisions/ep=0.00
Solved-check at update 100: solved=True worst_gap=0.38 at p_x0=0.00 p_y0=1.00 (consecutive=12)
update=101 global_step=206848 SPS=682 w_ev=0.892 m_ev=0.993 m_v_bias=-1.0 m_adv_std=14.1651 m_kl_max=0.0242 m_ratio_max=0.635 w_ax@goal=+1.52 w_v@goal=19.57 return=997.9 length=79 success_rate=1.00 collisions/ep=0.30 (n=27)
update=102 global_step=208896 SPS=684 w_ev=0.902 m_ev=0.980 m_v_bias=2.8 m_adv_std=23.3599 m_kl_max=0.0086 m_ratio_max=0.462 w_ax@goal=+1.46 w_v@goal=19.63 return=990.6 length=78 success_rate=1.00 collisions/ep=0.52 (n=25)
update=103 global_step=210944 SPS=686 w_ev=0.891 m_ev=0.988 m_v_bias=-5.4 m_adv_std=18.8698 m_kl_max=0.0190 m_ratio_max=0.447 w_ax@goal=+1.46 w_v@goal=19.60 return=1000.0 length=77 success_rate=1.00 collisions/ep=0.25 (n=28)
update=104 global_step=212992 SPS=689 w_ev=0.902 m_ev=0.975 m_v_bias=3.0 m_adv_std=26.9470 m_kl_max=0.0243 m_ratio_max=0.715 w_ax@goal=+1.58 w_v@goal=19.57 return=987.6 length=78 success_rate=1.00 collisions/ep=0.54 (n=26)
update=105 global_step=215040 SPS=691 w_ev=0.919 m_ev=0.994 m_v_bias=-2.6 m_adv_std=12.9368 m_kl_max=0.0235 m_ratio_max=0.969 w_ax@goal=+1.52 w_v@goal=19.52 return=1002.8 length=79 success_rate=1.00 collisions/ep=0.24 (n=25)
Evaluation at update 105: return=1012.86, length=77.75, success_rate=1.00, collisions/ep=0.00
Solved-check at update 105: solved=True worst_gap=0.36 at p_x0=0.00 p_y0=1.00 (consecutive=13)
update=106 global_step=217088 SPS=682 w_ev=0.923 m_ev=0.990 m_v_bias=1.2 m_adv_std=16.3269 m_kl_max=0.0085 m_ratio_max=0.539 w_ax@goal=+1.58 w_v@goal=19.57 return=993.6 length=79 success_rate=1.00 collisions/ep=0.46 (n=26)
update=107 global_step=219136 SPS=684 w_ev=0.936 m_ev=0.999 m_v_bias=-2.9 m_adv_std=6.3003 m_kl_max=0.0238 m_ratio_max=0.993 w_ax@goal=+1.48 w_v@goal=19.58 return=1012.6 length=78 success_rate=1.00 collisions/ep=0.08 (n=26)
update=108 global_step=221184 SPS=687 w_ev=0.914 m_ev=0.982 m_v_bias=5.7 m_adv_std=23.1593 m_kl_max=0.0054 m_ratio_max=0.383 w_ax@goal=+1.44 w_v@goal=19.53 return=989.7 length=79 success_rate=1.00 collisions/ep=0.50 (n=26)
update=109 global_step=223232 SPS=690 w_ev=0.925 m_ev=0.988 m_v_bias=-0.8 m_adv_std=17.9390 m_kl_max=0.0144 m_ratio_max=0.582 w_ax@goal=+1.47 w_v@goal=19.56 return=997.6 length=80 success_rate=1.00 collisions/ep=0.38 (n=26)
update=110 global_step=225280 SPS=691 w_ev=0.918 m_ev=0.978 m_v_bias=-0.1 m_adv_std=25.3196 m_kl_max=0.0353 m_ratio_max=0.982 w_ax@goal=+1.50 w_v@goal=19.47 return=995.5 length=78 success_rate=1.00 collisions/ep=0.38 (n=26)
Evaluation at update 110: return=1012.93, length=77.75, success_rate=1.00, collisions/ep=0.00
Solved-check at update 110: solved=True worst_gap=0.28 at p_x0=0.00 p_y0=1.00 (consecutive=14)
update=111 global_step=227328 SPS=683 w_ev=0.916 m_ev=0.995 m_v_bias=-2.1 m_adv_std=11.4086 m_kl_max=0.0077 m_ratio_max=0.343 w_ax@goal=+1.56 w_v@goal=19.56 return=1007.4 length=80 success_rate=1.00 collisions/ep=0.15 (n=26)
update=112 global_step=229376 SPS=685 w_ev=0.922 m_ev=0.997 m_v_bias=-0.4 m_adv_std=8.5169 m_kl_max=0.0227 m_ratio_max=0.943 w_ax@goal=+1.36 w_v@goal=19.67 return=1011.0 length=78 success_rate=1.00 collisions/ep=0.04 (n=27)
update=113 global_step=231424 SPS=687 w_ev=0.922 m_ev=0.998 m_v_bias=-0.3 m_adv_std=6.6753 m_kl_max=0.0178 m_ratio_max=0.500 w_ax@goal=+1.59 w_v@goal=19.63 return=1009.0 length=80 success_rate=1.00 collisions/ep=0.12 (n=24)
update=114 global_step=233472 SPS=689 w_ev=0.923 m_ev=0.993 m_v_bias=3.2 m_adv_std=13.7603 m_kl_max=0.0091 m_ratio_max=0.395 w_ax@goal=+1.58 w_v@goal=19.47 return=1003.3 length=79 success_rate=1.00 collisions/ep=0.19 (n=26)
update=115 global_step=235520 SPS=692 w_ev=0.937 m_ev=0.996 m_v_bias=1.3 m_adv_std=11.1901 m_kl_max=0.0155 m_ratio_max=0.434 w_ax@goal=+1.63 w_v@goal=19.47 return=1005.5 length=79 success_rate=1.00 collisions/ep=0.19 (n=27)
Evaluation at update 115: return=1012.94, length=77.70, success_rate=1.00, collisions/ep=0.00
Solved-check at update 115: solved=True worst_gap=0.25 at p_x0=0.00 p_y0=1.00 (consecutive=15)
update=116 global_step=237568 SPS=683 w_ev=0.926 m_ev=0.998 m_v_bias=-1.3 m_adv_std=7.9099 m_kl_max=0.0096 m_ratio_max=0.503 w_ax@goal=+1.63 w_v@goal=19.40 return=1007.3 length=78 success_rate=1.00 collisions/ep=0.11 (n=27)
update=117 global_step=239616 SPS=685 w_ev=0.925 m_ev=0.987 m_v_bias=3.4 m_adv_std=19.2523 m_kl_max=0.0176 m_ratio_max=1.217 w_ax@goal=+1.71 w_v@goal=19.47 return=998.9 length=78 success_rate=1.00 collisions/ep=0.36 (n=25)
update=118 global_step=241664 SPS=687 w_ev=0.883 m_ev=0.988 m_v_bias=-0.6 m_adv_std=18.1309 m_kl_max=0.0068 m_ratio_max=0.337 w_ax@goal=+1.52 w_v@goal=19.39 return=1003.6 length=78 success_rate=1.00 collisions/ep=0.19 (n=27)
update=119 global_step=243712 SPS=690 w_ev=0.900 m_ev=0.994 m_v_bias=-0.3 m_adv_std=12.5280 m_kl_max=0.0106 m_ratio_max=0.570 w_ax@goal=+1.61 w_v@goal=19.43 return=1009.0 length=79 success_rate=1.00 collisions/ep=0.08 (n=25)
update=120 global_step=245760 SPS=692 w_ev=0.914 m_ev=0.997 m_v_bias=-1.2 m_adv_std=8.8542 m_kl_max=0.0054 m_ratio_max=0.297 w_ax@goal=+1.47 w_v@goal=19.64 return=1005.5 length=80 success_rate=1.00 collisions/ep=0.15 (n=26)
Evaluation at update 120: return=1012.93, length=77.75, success_rate=1.00, collisions/ep=0.00
Solved-check at update 120: solved=True worst_gap=0.29 at p_x0=0.00 p_y0=1.00 (consecutive=16)
update=121 global_step=247808 SPS=683 w_ev=0.920 m_ev=0.998 m_v_bias=-1.1 m_adv_std=7.7367 m_kl_max=0.0128 m_ratio_max=0.450 w_ax@goal=+1.52 w_v@goal=19.50 return=1009.0 length=79 success_rate=1.00 collisions/ep=0.08 (n=26)
update=122 global_step=249856 SPS=685 w_ev=0.901 m_ev=0.998 m_v_bias=-0.8 m_adv_std=7.9068 m_kl_max=0.0116 m_ratio_max=0.679 w_ax@goal=+1.55 w_v@goal=19.43 return=1009.1 length=79 success_rate=1.00 collisions/ep=0.07 (n=27)
update=123 global_step=251904 SPS=687 w_ev=0.906 m_ev=0.988 m_v_bias=1.6 m_adv_std=17.8571 m_kl_max=0.0131 m_ratio_max=0.549 w_ax@goal=+1.61 w_v@goal=19.32 return=1002.7 length=79 success_rate=1.00 collisions/ep=0.21 (n=24)
update=124 global_step=253952 SPS=689 w_ev=0.908 m_ev=0.997 m_v_bias=-2.2 m_adv_std=9.0906 m_kl_max=0.0095 m_ratio_max=0.522 w_ax@goal=+1.53 w_v@goal=19.16 return=1008.8 length=78 success_rate=1.00 collisions/ep=0.11 (n=27)
update=125 global_step=256000 SPS=691 w_ev=0.922 m_ev=0.998 m_v_bias=-0.3 m_adv_std=7.8272 m_kl_max=0.0046 m_ratio_max=0.253 w_ax@goal=+1.54 w_v@goal=19.34 return=1011.2 length=79 success_rate=1.00 collisions/ep=0.04 (n=26)
Evaluation at update 125: return=1012.92, length=77.75, success_rate=1.00, collisions/ep=0.00
Solved-check at update 125: solved=True worst_gap=0.33 at p_x0=0.00 p_y0=1.00 (consecutive=17)
update=126 global_step=258048 SPS=683 w_ev=0.939 m_ev=0.997 m_v_bias=1.9 m_adv_std=8.9639 m_kl_max=0.0214 m_ratio_max=0.993 w_ax@goal=+1.50 w_v@goal=19.43 return=1007.1 length=78 success_rate=1.00 collisions/ep=0.19 (n=27)
update=127 global_step=260096 SPS=685 w_ev=0.911 m_ev=0.997 m_v_bias=1.0 m_adv_std=9.5857 m_kl_max=0.0321 m_ratio_max=1.703 w_ax@goal=+1.55 w_v@goal=19.51 return=1006.8 length=78 success_rate=1.00 collisions/ep=0.16 (n=25)
update=128 global_step=262144 SPS=686 w_ev=0.933 m_ev=1.000 m_v_bias=-1.5 m_adv_std=3.5894 m_kl_max=0.0177 m_ratio_max=0.663 w_ax@goal=+1.52 w_v@goal=19.51 return=1012.9 length=79 success_rate=1.00 collisions/ep=0.00 (n=25)
update=129 global_step=264192 SPS=688 w_ev=0.935 m_ev=0.986 m_v_bias=3.0 m_adv_std=19.8279 m_kl_max=0.0177 m_ratio_max=0.443 w_ax@goal=+1.65 w_v@goal=19.63 return=1003.0 length=78 success_rate=1.00 collisions/ep=0.19 (n=26)
update=130 global_step=266240 SPS=690 w_ev=0.947 m_ev=0.994 m_v_bias=-2.2 m_adv_std=13.5137 m_kl_max=0.0058 m_ratio_max=0.417 w_ax@goal=+1.69 w_v@goal=19.74 return=1005.6 length=79 success_rate=1.00 collisions/ep=0.19 (n=27)
Evaluation at update 130: return=1012.90, length=77.75, success_rate=1.00, collisions/ep=0.00
Solved-check at update 130: solved=True worst_gap=0.39 at p_x0=0.00 p_y0=1.00 (consecutive=18)
update=131 global_step=268288 SPS=683 w_ev=0.951 m_ev=0.999 m_v_bias=-7.0 m_adv_std=5.0650 m_kl_max=0.0189 m_ratio_max=0.875 w_ax@goal=+1.65 w_v@goal=19.63 return=1010.9 length=79 success_rate=1.00 collisions/ep=0.04 (n=26)
update=132 global_step=270336 SPS=684 w_ev=0.927 m_ev=0.997 m_v_bias=0.5 m_adv_std=9.3052 m_kl_max=0.0192 m_ratio_max=0.853 w_ax@goal=+1.61 w_v@goal=19.51 return=1006.9 length=77 success_rate=1.00 collisions/ep=0.11 (n=27)
update=133 global_step=272384 SPS=686 w_ev=0.920 m_ev=0.994 m_v_bias=3.8 m_adv_std=12.5685 m_kl_max=0.0189 m_ratio_max=0.595 w_ax@goal=+1.60 w_v@goal=19.55 return=1002.7 length=80 success_rate=1.00 collisions/ep=0.20 (n=25)
update=134 global_step=274432 SPS=688 w_ev=0.936 m_ev=0.989 m_v_bias=-1.1 m_adv_std=17.5990 m_kl_max=0.0249 m_ratio_max=1.611 w_ax@goal=+1.60 w_v@goal=19.62 return=1005.3 length=79 success_rate=1.00 collisions/ep=0.15 (n=26)
update=135 global_step=276480 SPS=690 w_ev=0.929 m_ev=0.993 m_v_bias=-1.9 m_adv_std=14.2724 m_kl_max=0.0042 m_ratio_max=0.433 w_ax@goal=+1.68 w_v@goal=19.51 return=1002.9 length=79 success_rate=1.00 collisions/ep=0.20 (n=25)
Evaluation at update 135: return=1012.90, length=77.75, success_rate=1.00, collisions/ep=0.00
Solved-check at update 135: solved=True worst_gap=0.37 at p_x0=0.00 p_y0=1.00 (consecutive=19)
update=136 global_step=278528 SPS=682 w_ev=0.943 m_ev=0.999 m_v_bias=-2.4 m_adv_std=4.0858 m_kl_max=0.0352 m_ratio_max=0.926 w_ax@goal=+1.61 w_v@goal=19.61 return=1012.7 length=79 success_rate=1.00 collisions/ep=0.00 (n=27)
update=137 global_step=280576 SPS=684 w_ev=0.908 m_ev=0.999 m_v_bias=0.1 m_adv_std=6.0295 m_kl_max=0.0075 m_ratio_max=0.401 w_ax@goal=+1.51 w_v@goal=19.40 return=1010.9 length=79 success_rate=1.00 collisions/ep=0.04 (n=25)
update=138 global_step=282624 SPS=686 w_ev=0.894 m_ev=0.998 m_v_bias=0.6 m_adv_std=7.9348 m_kl_max=0.0128 m_ratio_max=0.729 w_ax@goal=+1.48 w_v@goal=19.45 return=1009.0 length=79 success_rate=1.00 collisions/ep=0.07 (n=27)
update=139 global_step=284672 SPS=688 w_ev=0.928 m_ev=0.998 m_v_bias=-0.2 m_adv_std=7.7264 m_kl_max=0.0099 m_ratio_max=0.643 w_ax@goal=+1.68 w_v@goal=19.54 return=1011.1 length=80 success_rate=1.00 collisions/ep=0.04 (n=25)
update=140 global_step=286720 SPS=690 w_ev=0.930 m_ev=0.996 m_v_bias=-0.7 m_adv_std=10.8905 m_kl_max=0.0216 m_ratio_max=1.574 w_ax@goal=+1.50 w_v@goal=19.43 return=1007.2 length=79 success_rate=1.00 collisions/ep=0.15 (n=27)
Evaluation at update 140: return=1012.90, length=77.75, success_rate=1.00, collisions/ep=0.00
Solved-check at update 140: solved=True worst_gap=0.39 at p_x0=0.00 p_y0=1.00 (consecutive=20)
update=141 global_step=288768 SPS=683 w_ev=0.905 m_ev=0.995 m_v_bias=0.9 m_adv_std=11.3947 m_kl_max=0.0128 m_ratio_max=0.509 w_ax@goal=+1.45 w_v@goal=19.35 return=1008.9 length=79 success_rate=1.00 collisions/ep=0.12 (n=26)
update=142 global_step=290816 SPS=685 w_ev=0.912 m_ev=1.000 m_v_bias=-1.4 m_adv_std=2.9944 m_kl_max=0.0059 m_ratio_max=0.498 w_ax@goal=+1.55 w_v@goal=19.40 return=1010.8 length=79 success_rate=1.00 collisions/ep=0.04 (n=25)
update=143 global_step=292864 SPS=686 w_ev=0.918 m_ev=0.996 m_v_bias=1.2 m_adv_std=10.0536 m_kl_max=0.0217 m_ratio_max=1.475 w_ax@goal=+1.55 w_v@goal=19.46 return=1007.5 length=79 success_rate=1.00 collisions/ep=0.11 (n=27)
update=144 global_step=294912 SPS=688 w_ev=0.925 m_ev=0.998 m_v_bias=-0.5 m_adv_std=7.6529 m_kl_max=0.0101 m_ratio_max=0.419 w_ax@goal=+1.34 w_v@goal=19.48 return=1010.8 length=79 success_rate=1.00 collisions/ep=0.04 (n=25)
update=145 global_step=296960 SPS=690 w_ev=0.931 m_ev=0.997 m_v_bias=0.8 m_adv_std=9.5377 m_kl_max=0.0223 m_ratio_max=1.187 w_ax@goal=+1.48 w_v@goal=19.57 return=1005.1 length=77 success_rate=1.00 collisions/ep=0.15 (n=27)
Evaluation at update 145: return=1012.85, length=77.75, success_rate=1.00, collisions/ep=0.00
Solved-check at update 145: solved=True worst_gap=0.41 at p_x0=0.00 p_y0=1.00 (consecutive=21)
update=146 global_step=299008 SPS=683 w_ev=0.921 m_ev=1.000 m_v_bias=-2.4 m_adv_std=2.3925 m_kl_max=0.0199 m_ratio_max=0.814 w_ax@goal=+1.50 w_v@goal=19.47 return=1012.7 length=78 success_rate=1.00 collisions/ep=0.00 (n=26)
update=147 global_step=301056 SPS=685 w_ev=0.890 m_ev=0.995 m_v_bias=3.9 m_adv_std=11.9307 m_kl_max=0.0206 m_ratio_max=0.727 w_ax@goal=+1.47 w_v@goal=19.34 return=1003.0 length=78 success_rate=1.00 collisions/ep=0.19 (n=26)
update=148 global_step=303104 SPS=686 w_ev=0.867 m_ev=0.970 m_v_bias=7.3 m_adv_std=29.8856 m_kl_max=0.0299 m_ratio_max=0.651 w_ax@goal=+1.40 w_v@goal=19.33 return=984.9 length=79 success_rate=1.00 collisions/ep=0.60 (n=25)
update=149 global_step=305152 SPS=688 w_ev=0.917 m_ev=0.993 m_v_bias=-5.6 m_adv_std=14.0817 m_kl_max=0.0131 m_ratio_max=0.699 w_ax@goal=+1.49 w_v@goal=19.53 return=1001.6 length=79 success_rate=1.00 collisions/ep=0.22 (n=27)
update=150 global_step=307200 SPS=689 w_ev=0.935 m_ev=0.997 m_v_bias=-2.5 m_adv_std=8.5712 m_kl_max=0.0083 m_ratio_max=0.435 w_ax@goal=+1.41 w_v@goal=19.46 return=1008.9 length=79 success_rate=1.00 collisions/ep=0.07 (n=27)
Evaluation at update 150: return=1012.89, length=77.75, success_rate=1.00, collisions/ep=0.00
Solved-check at update 150: solved=True worst_gap=0.37 at p_x0=0.00 p_y0=1.00 (consecutive=22)
update=151 global_step=309248 SPS=682 w_ev=0.914 m_ev=0.997 m_v_bias=-1.5 m_adv_std=9.3831 m_kl_max=0.0057 m_ratio_max=0.458 w_ax@goal=+1.57 w_v@goal=19.35 return=1008.3 length=76 success_rate=1.00 collisions/ep=0.08 (n=26)
update=152 global_step=311296 SPS=684 w_ev=0.935 m_ev=0.999 m_v_bias=-0.2 m_adv_std=6.1520 m_kl_max=0.0137 m_ratio_max=0.556 w_ax@goal=+1.48 w_v@goal=19.41 return=1011.0 length=79 success_rate=1.00 collisions/ep=0.04 (n=25)
update=153 global_step=313344 SPS=686 w_ev=0.921 m_ev=0.998 m_v_bias=1.2 m_adv_std=8.1790 m_kl_max=0.0118 m_ratio_max=0.518 w_ax@goal=+1.59 w_v@goal=19.54 return=1007.5 length=79 success_rate=1.00 collisions/ep=0.11 (n=28)
update=154 global_step=315392 SPS=687 w_ev=0.898 m_ev=0.989 m_v_bias=1.6 m_adv_std=17.4246 m_kl_max=0.0274 m_ratio_max=0.905 w_ax@goal=+1.52 w_v@goal=19.54 return=1006.9 length=79 success_rate=1.00 collisions/ep=0.12 (n=25)
update=155 global_step=317440 SPS=689 w_ev=0.904 m_ev=0.997 m_v_bias=-2.6 m_adv_std=8.4072 m_kl_max=0.0425 m_ratio_max=1.104 w_ax@goal=+1.49 w_v@goal=19.50 return=1001.7 length=80 success_rate=1.00 collisions/ep=0.31 (n=26)
Evaluation at update 155: return=1012.95, length=77.70, success_rate=1.00, collisions/ep=0.00
Solved-check at update 155: solved=True worst_gap=0.26 at p_x0=0.00 p_y0=1.00 (consecutive=23)
update=156 global_step=319488 SPS=683 w_ev=0.869 m_ev=0.976 m_v_bias=2.8 m_adv_std=25.8277 m_kl_max=0.0200 m_ratio_max=0.673 w_ax@goal=+1.46 w_v@goal=19.39 return=997.9 length=78 success_rate=1.00 collisions/ep=0.30 (n=27)
update=157 global_step=321536 SPS=684 w_ev=0.906 m_ev=0.997 m_v_bias=-6.1 m_adv_std=8.7865 m_kl_max=0.0091 m_ratio_max=0.420 w_ax@goal=+1.47 w_v@goal=19.45 return=1009.1 length=78 success_rate=1.00 collisions/ep=0.08 (n=26)
update=158 global_step=323584 SPS=686 w_ev=0.902 m_ev=0.991 m_v_bias=0.6 m_adv_std=15.8520 m_kl_max=0.0133 m_ratio_max=0.509 w_ax@goal=+1.42 w_v@goal=19.44 return=1002.7 length=79 success_rate=1.00 collisions/ep=0.25 (n=24)
update=159 global_step=325632 SPS=688 w_ev=0.933 m_ev=0.998 m_v_bias=-1.8 m_adv_std=7.3055 m_kl_max=0.0142 m_ratio_max=0.532 w_ax@goal=+1.49 w_v@goal=19.53 return=1010.7 length=77 success_rate=1.00 collisions/ep=0.04 (n=27)
update=160 global_step=327680 SPS=689 w_ev=0.924 m_ev=0.990 m_v_bias=4.4 m_adv_std=16.3692 m_kl_max=0.0166 m_ratio_max=0.703 w_ax@goal=+1.47 w_v@goal=19.52 return=1003.5 length=78 success_rate=1.00 collisions/ep=0.30 (n=27)
Evaluation at update 160: return=1012.96, length=77.70, success_rate=1.00, collisions/ep=0.00
Solved-check at update 160: solved=True worst_gap=0.22 at p_x0=0.00 p_y0=1.00 (consecutive=24)
update=161 global_step=329728 SPS=683 w_ev=0.910 m_ev=0.997 m_v_bias=-2.6 m_adv_std=9.7329 m_kl_max=0.0093 m_ratio_max=0.876 w_ax@goal=+1.39 w_v@goal=19.43 return=1007.2 length=77 success_rate=1.00 collisions/ep=0.15 (n=27)
update=162 global_step=331776 SPS=684 w_ev=0.906 m_ev=0.999 m_v_bias=-3.2 m_adv_std=5.9600 m_kl_max=0.0166 m_ratio_max=0.635 w_ax@goal=+1.43 w_v@goal=19.43 return=1011.0 length=79 success_rate=1.00 collisions/ep=0.12 (n=24)
update=163 global_step=333824 SPS=686 w_ev=0.909 m_ev=0.993 m_v_bias=1.2 m_adv_std=14.3495 m_kl_max=0.0168 m_ratio_max=0.943 w_ax@goal=+1.27 w_v@goal=19.45 return=1007.4 length=78 success_rate=1.00 collisions/ep=0.11 (n=28)
update=164 global_step=335872 SPS=687 w_ev=0.901 m_ev=0.995 m_v_bias=1.6 m_adv_std=11.6585 m_kl_max=0.0252 m_ratio_max=0.975 w_ax@goal=+1.34 w_v@goal=19.34 return=1005.2 length=80 success_rate=1.00 collisions/ep=0.16 (n=25)
update=165 global_step=337920 SPS=688 w_ev=0.873 m_ev=0.983 m_v_bias=-0.3 m_adv_std=21.7373 m_kl_max=0.0135 m_ratio_max=0.674 w_ax@goal=+1.25 w_v@goal=19.41 return=1011.0 length=78 success_rate=1.00 collisions/ep=0.08 (n=26)
Evaluation at update 165: return=1012.89, length=77.70, success_rate=1.00, collisions/ep=0.00
Solved-check at update 165: solved=True worst_gap=0.28 at p_x0=0.00 p_y0=1.00 (consecutive=25)
update=166 global_step=339968 SPS=682 w_ev=0.934 m_ev=0.998 m_v_bias=-2.2 m_adv_std=6.8380 m_kl_max=0.0137 m_ratio_max=0.559 w_ax@goal=+1.32 w_v@goal=19.42 return=1001.6 length=80 success_rate=1.00 collisions/ep=0.23 (n=26)
update=167 global_step=342016 SPS=684 w_ev=0.902 m_ev=0.997 m_v_bias=0.5 m_adv_std=9.0663 m_kl_max=0.0215 m_ratio_max=0.615 w_ax@goal=+1.19 w_v@goal=19.57 return=1008.7 length=78 success_rate=1.00 collisions/ep=0.08 (n=25)
update=168 global_step=344064 SPS=685 w_ev=0.927 m_ev=0.996 m_v_bias=1.8 m_adv_std=9.9720 m_kl_max=0.0214 m_ratio_max=0.902 w_ax@goal=+1.29 w_v@goal=19.48 return=1009.2 length=79 success_rate=1.00 collisions/ep=0.11 (n=27)
update=169 global_step=346112 SPS=687 w_ev=0.938 m_ev=0.997 m_v_bias=-0.1 m_adv_std=9.6922 m_kl_max=0.0074 m_ratio_max=0.389 w_ax@goal=+1.43 w_v@goal=19.49 return=1005.8 length=79 success_rate=1.00 collisions/ep=0.21 (n=28)
update=170 global_step=348160 SPS=688 w_ev=0.933 m_ev=0.997 m_v_bias=0.5 m_adv_std=8.4334 m_kl_max=0.0093 m_ratio_max=0.462 w_ax@goal=+1.29 w_v@goal=19.53 return=1008.7 length=79 success_rate=1.00 collisions/ep=0.12 (n=24)
Evaluation at update 170: return=1012.93, length=77.70, success_rate=1.00, collisions/ep=0.00
Solved-check at update 170: solved=True worst_gap=0.23 at p_x0=0.00 p_y0=1.00 (consecutive=26)
update=171 global_step=350208 SPS=681 w_ev=0.915 m_ev=0.994 m_v_bias=1.9 m_adv_std=13.0892 m_kl_max=0.0178 m_ratio_max=0.743 w_ax@goal=+1.16 w_v@goal=19.44 return=1003.0 length=79 success_rate=1.00 collisions/ep=0.27 (n=26)
update=172 global_step=352256 SPS=683 w_ev=0.906 m_ev=0.999 m_v_bias=-2.5 m_adv_std=6.3062 m_kl_max=0.0192 m_ratio_max=0.559 w_ax@goal=+1.17 w_v@goal=19.40 return=1010.8 length=78 success_rate=1.00 collisions/ep=0.04 (n=28)
update=173 global_step=354304 SPS=684 w_ev=0.944 m_ev=1.000 m_v_bias=-1.9 m_adv_std=2.6024 m_kl_max=0.0216 m_ratio_max=0.929 w_ax@goal=+1.10 w_v@goal=19.52 return=1012.9 length=79 success_rate=1.00 collisions/ep=0.00 (n=25)
update=174 global_step=356352 SPS=686 w_ev=0.912 m_ev=0.997 m_v_bias=0.2 m_adv_std=9.0640 m_kl_max=0.0181 m_ratio_max=0.596 w_ax@goal=+1.03 w_v@goal=19.48 return=1008.9 length=79 success_rate=1.00 collisions/ep=0.08 (n=25)
update=175 global_step=358400 SPS=687 w_ev=0.929 m_ev=0.998 m_v_bias=1.1 m_adv_std=6.5498 m_kl_max=0.0150 m_ratio_max=0.966 w_ax@goal=+1.14 w_v@goal=19.51 return=1011.0 length=79 success_rate=1.00 collisions/ep=0.08 (n=26)
Evaluation at update 175: return=1012.95, length=77.70, success_rate=1.00, collisions/ep=0.00
Solved-check at update 175: solved=True worst_gap=0.23 at p_x0=0.00 p_y0=1.00 (consecutive=27)
update=176 global_step=360448 SPS=681 w_ev=0.916 m_ev=0.999 m_v_bias=0.9 m_adv_std=5.6327 m_kl_max=0.0108 m_ratio_max=0.480 w_ax@goal=+0.96 w_v@goal=19.52 return=1010.9 length=78 success_rate=1.00 collisions/ep=0.04 (n=27)
update=177 global_step=362496 SPS=682 w_ev=0.918 m_ev=0.993 m_v_bias=1.3 m_adv_std=13.8665 m_kl_max=0.0060 m_ratio_max=0.388 w_ax@goal=+0.94 w_v@goal=19.56 return=1006.8 length=78 success_rate=1.00 collisions/ep=0.12 (n=25)
update=178 global_step=364544 SPS=684 w_ev=0.937 m_ev=0.995 m_v_bias=-0.2 m_adv_std=11.1915 m_kl_max=0.0100 m_ratio_max=0.796 w_ax@goal=+0.93 w_v@goal=19.53 return=1008.8 length=77 success_rate=1.00 collisions/ep=0.15 (n=27)
update=179 global_step=366592 SPS=685 w_ev=0.943 m_ev=0.996 m_v_bias=-0.1 m_adv_std=10.9532 m_kl_max=0.0163 m_ratio_max=0.463 w_ax@goal=+0.92 w_v@goal=19.69 return=1009.0 length=78 success_rate=1.00 collisions/ep=0.12 (n=26)
update=180 global_step=368640 SPS=686 w_ev=0.941 m_ev=1.000 m_v_bias=-1.1 m_adv_std=2.7270 m_kl_max=0.0098 m_ratio_max=0.460 w_ax@goal=+1.01 w_v@goal=19.58 return=1012.8 length=78 success_rate=1.00 collisions/ep=0.00 (n=27)
Evaluation at update 180: return=1012.93, length=77.75, success_rate=1.00, collisions/ep=0.00
Solved-check at update 180: solved=True worst_gap=0.28 at p_x0=0.00 p_y0=1.00 (consecutive=28)
update=181 global_step=370688 SPS=681 w_ev=0.942 m_ev=0.986 m_v_bias=4.0 m_adv_std=18.6126 m_kl_max=0.0256 m_ratio_max=1.459 w_ax@goal=+1.03 w_v@goal=19.62 return=1004.9 length=79 success_rate=1.00 collisions/ep=0.24 (n=25)
update=182 global_step=372736 SPS=682 w_ev=0.950 m_ev=0.998 m_v_bias=-1.8 m_adv_std=6.4938 m_kl_max=0.0223 m_ratio_max=0.601 w_ax@goal=+0.83 w_v@goal=19.68 return=1012.5 length=78 success_rate=1.00 collisions/ep=0.00 (n=26)
update=183 global_step=374784 SPS=684 w_ev=0.942 m_ev=0.993 m_v_bias=1.4 m_adv_std=13.5093 m_kl_max=0.0133 m_ratio_max=0.580 w_ax@goal=+0.90 w_v@goal=19.64 return=1005.4 length=79 success_rate=1.00 collisions/ep=0.22 (n=27)
update=184 global_step=376832 SPS=685 w_ev=0.945 m_ev=1.000 m_v_bias=-1.8 m_adv_std=3.5768 m_kl_max=0.0081 m_ratio_max=0.557 w_ax@goal=+0.79 w_v@goal=19.78 return=1012.5 length=78 success_rate=1.00 collisions/ep=0.00 (n=27)
update=185 global_step=378880 SPS=687 w_ev=0.961 m_ev=0.998 m_v_bias=0.9 m_adv_std=7.9260 m_kl_max=0.0134 m_ratio_max=0.627 w_ax@goal=+0.99 w_v@goal=19.69 return=1010.2 length=76 success_rate=1.00 collisions/ep=0.08 (n=25)
Evaluation at update 185: return=1012.92, length=77.75, success_rate=1.00, collisions/ep=0.00
Solved-check at update 185: solved=True worst_gap=0.28 at p_x0=0.00 p_y0=1.00 (consecutive=29)
update=186 global_step=380928 SPS=682 w_ev=0.950 m_ev=1.000 m_v_bias=-0.7 m_adv_std=2.9499 m_kl_max=0.0078 m_ratio_max=0.588 w_ax@goal=+0.80 w_v@goal=19.62 return=1010.5 length=79 success_rate=1.00 collisions/ep=0.04 (n=26)
update=187 global_step=382976 SPS=682 w_ev=0.954 m_ev=1.000 m_v_bias=-0.8 m_adv_std=2.8326 m_kl_max=0.0106 m_ratio_max=0.579 w_ax@goal=+0.88 w_v@goal=19.60 return=1013.1 length=80 success_rate=1.00 collisions/ep=0.00 (n=25)
update=188 global_step=385024 SPS=683 w_ev=0.935 m_ev=0.995 m_v_bias=2.4 m_adv_std=11.7610 m_kl_max=0.0161 m_ratio_max=1.408 w_ax@goal=+0.97 w_v@goal=19.64 return=1005.2 length=79 success_rate=1.00 collisions/ep=0.15 (n=26)
update=189 global_step=387072 SPS=684 w_ev=0.965 m_ev=0.999 m_v_bias=-3.3 m_adv_std=3.9598 m_kl_max=0.0130 m_ratio_max=0.746 w_ax@goal=+0.90 w_v@goal=19.66 return=1012.9 length=80 success_rate=1.00 collisions/ep=0.00 (n=27)
update=190 global_step=389120 SPS=685 w_ev=0.941 m_ev=0.999 m_v_bias=-0.1 m_adv_std=6.2887 m_kl_max=0.0277 m_ratio_max=0.772 w_ax@goal=+0.90 w_v@goal=19.53 return=1011.0 length=80 success_rate=1.00 collisions/ep=0.04 (n=25)
Evaluation at update 190: return=1012.91, length=77.70, success_rate=1.00, collisions/ep=0.00
Solved-check at update 190: solved=True worst_gap=0.27 at p_x0=0.00 p_y0=1.00 (consecutive=30)
update=191 global_step=391168 SPS=680 w_ev=0.939 m_ev=0.990 m_v_bias=3.8 m_adv_std=16.6079 m_kl_max=0.0281 m_ratio_max=0.965 w_ax@goal=+0.84 w_v@goal=19.49 return=1002.7 length=79 success_rate=1.00 collisions/ep=0.24 (n=25)
update=192 global_step=393216 SPS=681 w_ev=0.935 m_ev=0.998 m_v_bias=-4.3 m_adv_std=7.6440 m_kl_max=0.0156 m_ratio_max=0.601 w_ax@goal=+0.92 w_v@goal=19.55 return=1010.9 length=80 success_rate=1.00 collisions/ep=0.04 (n=25)
update=193 global_step=395264 SPS=683 w_ev=0.951 m_ev=0.999 m_v_bias=-0.9 m_adv_std=6.3573 m_kl_max=0.0110 m_ratio_max=0.841 w_ax@goal=+0.75 w_v@goal=19.67 return=1010.9 length=79 success_rate=1.00 collisions/ep=0.04 (n=28)
update=194 global_step=397312 SPS=684 w_ev=0.949 m_ev=0.995 m_v_bias=1.6 m_adv_std=11.3740 m_kl_max=0.0230 m_ratio_max=0.696 w_ax@goal=+1.05 w_v@goal=19.67 return=1007.0 length=78 success_rate=1.00 collisions/ep=0.19 (n=27)
update=195 global_step=399360 SPS=685 w_ev=0.964 m_ev=0.999 m_v_bias=-3.1 m_adv_std=3.8750 m_kl_max=0.0144 m_ratio_max=0.457 w_ax@goal=+0.87 w_v@goal=19.69 return=1012.5 length=78 success_rate=1.00 collisions/ep=0.00 (n=24)
Evaluation at update 195: return=1012.89, length=77.75, success_rate=1.00, collisions/ep=0.00
Solved-check at update 195: solved=True worst_gap=0.34 at p_x0=0.00 p_y0=1.00 (consecutive=31)
update=196 global_step=401408 SPS=680 w_ev=0.967 m_ev=0.998 m_v_bias=1.1 m_adv_std=6.5478 m_kl_max=0.0144 m_ratio_max=0.535 w_ax@goal=+0.85 w_v@goal=19.71 return=1010.7 length=79 success_rate=1.00 collisions/ep=0.04 (n=28)
update=197 global_step=403456 SPS=681 w_ev=0.952 m_ev=0.998 m_v_bias=-0.4 m_adv_std=7.4225 m_kl_max=0.0163 m_ratio_max=0.851 w_ax@goal=+0.92 w_v@goal=19.62 return=1008.5 length=78 success_rate=1.00 collisions/ep=0.16 (n=25)
update=198 global_step=405504 SPS=682 w_ev=0.933 m_ev=0.998 m_v_bias=-0.0 m_adv_std=7.2128 m_kl_max=0.0041 m_ratio_max=0.356 w_ax@goal=+1.06 w_v@goal=19.60 return=1011.0 length=80 success_rate=1.00 collisions/ep=0.04 (n=26)
update=199 global_step=407552 SPS=683 w_ev=0.940 m_ev=0.997 m_v_bias=0.2 m_adv_std=8.5903 m_kl_max=0.0172 m_ratio_max=0.661 w_ax@goal=+0.92 w_v@goal=19.66 return=1008.8 length=79 success_rate=1.00 collisions/ep=0.07 (n=27)
update=200 global_step=409600 SPS=685 w_ev=0.966 m_ev=1.000 m_v_bias=-2.7 m_adv_std=2.7280 m_kl_max=0.0205 m_ratio_max=1.069 w_ax@goal=+0.95 w_v@goal=19.72 return=1012.5 length=78 success_rate=1.00 collisions/ep=0.04 (n=25)
Evaluation at update 200: return=1012.92, length=77.75, success_rate=1.00, collisions/ep=0.00
Solved-check at update 200: solved=True worst_gap=0.31 at p_x0=0.00 p_y0=1.00 (consecutive=32)
update=201 global_step=411648 SPS=680 w_ev=0.953 m_ev=0.999 m_v_bias=-0.1 m_adv_std=5.2900 m_kl_max=0.0157 m_ratio_max=0.727 w_ax@goal=+1.00 w_v@goal=19.73 return=1010.8 length=78 success_rate=1.00 collisions/ep=0.19 (n=27)
update=202 global_step=413696 SPS=681 w_ev=0.904 m_ev=0.980 m_v_bias=6.2 m_adv_std=23.8533 m_kl_max=0.0320 m_ratio_max=1.657 w_ax@goal=+0.99 w_v@goal=19.61 return=997.0 length=80 success_rate=1.00 collisions/ep=0.44 (n=25)
update=203 global_step=415744 SPS=682 w_ev=0.931 m_ev=0.999 m_v_bias=-6.5 m_adv_std=6.0870 m_kl_max=0.0129 m_ratio_max=0.574 w_ax@goal=+1.00 w_v@goal=19.65 return=1012.5 length=78 success_rate=1.00 collisions/ep=0.00 (n=26)
update=204 global_step=417792 SPS=683 w_ev=0.916 m_ev=0.996 m_v_bias=0.5 m_adv_std=9.9025 m_kl_max=0.0264 m_ratio_max=0.931 w_ax@goal=+1.05 w_v@goal=19.67 return=1009.2 length=79 success_rate=1.00 collisions/ep=0.07 (n=27)
update=205 global_step=419840 SPS=685 w_ev=0.933 m_ev=1.000 m_v_bias=-3.8 m_adv_std=3.2586 m_kl_max=0.0255 m_ratio_max=1.009 w_ax@goal=+1.17 w_v@goal=19.61 return=1011.0 length=78 success_rate=1.00 collisions/ep=0.04 (n=26)
Evaluation at update 205: return=1012.96, length=77.70, success_rate=1.00, collisions/ep=0.00
Solved-check at update 205: solved=True worst_gap=0.24 at p_x0=0.00 p_y0=1.00 (consecutive=33)
update=206 global_step=421888 SPS=680 w_ev=0.922 m_ev=0.998 m_v_bias=0.1 m_adv_std=6.2921 m_kl_max=0.0116 m_ratio_max=0.460 w_ax@goal=+1.02 w_v@goal=19.64 return=1010.8 length=78 success_rate=1.00 collisions/ep=0.04 (n=26)
update=207 global_step=423936 SPS=681 w_ev=0.923 m_ev=1.000 m_v_bias=-1.2 m_adv_std=2.8780 m_kl_max=0.0157 m_ratio_max=0.996 w_ax@goal=+1.06 w_v@goal=19.75 return=1012.5 length=77 success_rate=1.00 collisions/ep=0.00 (n=27)
update=208 global_step=425984 SPS=682 w_ev=0.917 m_ev=1.000 m_v_bias=-0.1 m_adv_std=2.2768 m_kl_max=0.0120 m_ratio_max=0.718 w_ax@goal=+1.01 w_v@goal=19.61 return=1012.7 length=77 success_rate=1.00 collisions/ep=0.00 (n=25)
update=209 global_step=428032 SPS=683 w_ev=0.951 m_ev=1.000 m_v_bias=-0.3 m_adv_std=2.0185 m_kl_max=0.0186 m_ratio_max=0.893 w_ax@goal=+1.12 w_v@goal=19.66 return=1013.2 length=80 success_rate=1.00 collisions/ep=0.00 (n=25)
update=210 global_step=430080 SPS=684 w_ev=0.933 m_ev=0.999 m_v_bias=0.2 m_adv_std=5.6311 m_kl_max=0.0241 m_ratio_max=1.055 w_ax@goal=+1.05 w_v@goal=19.67 return=1011.0 length=78 success_rate=1.00 collisions/ep=0.07 (n=28)
Evaluation at update 210: return=1012.97, length=77.70, success_rate=1.00, collisions/ep=0.00
Solved-check at update 210: solved=True worst_gap=0.22 at p_x0=0.00 p_y0=1.00 (consecutive=34)
update=211 global_step=432128 SPS=680 w_ev=0.925 m_ev=0.999 m_v_bias=0.8 m_adv_std=6.2627 m_kl_max=0.0108 m_ratio_max=0.542 w_ax@goal=+1.03 w_v@goal=19.63 return=1013.2 length=80 success_rate=1.00 collisions/ep=0.00 (n=24)
update=212 global_step=434176 SPS=681 w_ev=0.932 m_ev=1.000 m_v_bias=-1.6 m_adv_std=2.2302 m_kl_max=0.0126 m_ratio_max=0.708 w_ax@goal=+0.94 w_v@goal=19.73 return=1011.0 length=78 success_rate=1.00 collisions/ep=0.04 (n=27)
update=213 global_step=436224 SPS=682 w_ev=0.926 m_ev=0.998 m_v_bias=0.7 m_adv_std=6.7412 m_kl_max=0.0168 m_ratio_max=0.688 w_ax@goal=+1.04 w_v@goal=19.66 return=1011.2 length=79 success_rate=1.00 collisions/ep=0.04 (n=26)
update=214 global_step=438272 SPS=683 w_ev=0.914 m_ev=0.997 m_v_bias=1.3 m_adv_std=9.8752 m_kl_max=0.0131 m_ratio_max=0.498 w_ax@goal=+1.15 w_v@goal=19.62 return=1009.1 length=80 success_rate=1.00 collisions/ep=0.08 (n=25)
update=215 global_step=440320 SPS=685 w_ev=0.943 m_ev=1.000 m_v_bias=-1.4 m_adv_std=2.8074 m_kl_max=0.0131 m_ratio_max=0.519 w_ax@goal=+0.87 w_v@goal=19.76 return=1011.0 length=79 success_rate=1.00 collisions/ep=0.04 (n=26)
Evaluation at update 215: return=1012.96, length=77.70, success_rate=1.00, collisions/ep=0.00
Solved-check at update 215: solved=True worst_gap=0.22 at p_x0=0.00 p_y0=1.00 (consecutive=35)
update=216 global_step=442368 SPS=680 w_ev=0.925 m_ev=1.000 m_v_bias=0.2 m_adv_std=3.2325 m_kl_max=0.0136 m_ratio_max=0.701 w_ax@goal=+0.89 w_v@goal=19.64 return=1013.1 length=80 success_rate=1.00 collisions/ep=0.00 (n=27)
update=217 global_step=444416 SPS=681 w_ev=0.912 m_ev=0.991 m_v_bias=3.3 m_adv_std=16.0471 m_kl_max=0.0120 m_ratio_max=0.408 w_ax@goal=+1.11 w_v@goal=19.51 return=1005.1 length=80 success_rate=1.00 collisions/ep=0.16 (n=25)
update=218 global_step=446464 SPS=682 w_ev=0.935 m_ev=0.994 m_v_bias=-2.1 m_adv_std=12.8982 m_kl_max=0.0167 m_ratio_max=1.162 w_ax@goal=+0.99 w_v@goal=19.50 return=1007.0 length=79 success_rate=1.00 collisions/ep=0.12 (n=26)
update=219 global_step=448512 SPS=684 w_ev=0.942 m_ev=0.999 m_v_bias=-1.6 m_adv_std=6.1870 m_kl_max=0.0132 m_ratio_max=0.733 w_ax@goal=+1.03 w_v@goal=19.64 return=1010.9 length=78 success_rate=1.00 collisions/ep=0.04 (n=26)
update=220 global_step=450560 SPS=685 w_ev=0.941 m_ev=1.000 m_v_bias=-0.1 m_adv_std=2.9925 m_kl_max=0.0098 m_ratio_max=0.519 w_ax@goal=+1.24 w_v@goal=19.65 return=1013.0 length=78 success_rate=1.00 collisions/ep=0.00 (n=24)
Evaluation at update 220: return=1013.04, length=77.65, success_rate=1.00, collisions/ep=0.00
Solved-check at update 220: solved=True worst_gap=0.12 at p_x0=0.00 p_y0=1.00 (consecutive=36)
update=221 global_step=452608 SPS=681 w_ev=0.937 m_ev=0.991 m_v_bias=2.8 m_adv_std=15.7707 m_kl_max=0.0175 m_ratio_max=0.691 w_ax@goal=+1.16 w_v@goal=19.65 return=1002.7 length=79 success_rate=1.00 collisions/ep=0.24 (n=29)
update=222 global_step=454656 SPS=682 w_ev=0.936 m_ev=0.998 m_v_bias=0.5 m_adv_std=7.4108 m_kl_max=0.0179 m_ratio_max=0.777 w_ax@goal=+1.05 w_v@goal=19.70 return=1009.1 length=78 success_rate=1.00 collisions/ep=0.08 (n=26)
update=223 global_step=456704 SPS=683 w_ev=0.912 m_ev=0.997 m_v_bias=1.9 m_adv_std=8.9390 m_kl_max=0.0186 m_ratio_max=0.484 w_ax@goal=+0.79 w_v@goal=19.59 return=1010.5 length=79 success_rate=1.00 collisions/ep=0.04 (n=25)
update=224 global_step=458752 SPS=684 w_ev=0.933 m_ev=1.000 m_v_bias=-4.0 m_adv_std=3.2686 m_kl_max=0.0124 m_ratio_max=0.621 w_ax@goal=+1.01 w_v@goal=19.59 return=1011.1 length=79 success_rate=1.00 collisions/ep=0.04 (n=26)
update=225 global_step=460800 SPS=685 w_ev=0.931 m_ev=0.993 m_v_bias=3.0 m_adv_std=13.5229 m_kl_max=0.0223 m_ratio_max=0.829 w_ax@goal=+0.88 w_v@goal=19.78 return=1007.3 length=81 success_rate=1.00 collisions/ep=0.12 (n=25)
Evaluation at update 225: return=1013.06, length=77.65, success_rate=1.00, collisions/ep=0.00
Solved-check at update 225: solved=True worst_gap=0.09 at p_x0=0.00 p_y0=1.00 (consecutive=37)
update=226 global_step=462848 SPS=681 w_ev=0.919 m_ev=0.996 m_v_bias=-0.3 m_adv_std=10.1414 m_kl_max=0.0164 m_ratio_max=0.617 w_ax@goal=+1.02 w_v@goal=19.75 return=1012.6 length=78 success_rate=1.00 collisions/ep=0.00 (n=27)
update=227 global_step=464896 SPS=682 w_ev=0.908 m_ev=0.998 m_v_bias=-2.8 m_adv_std=6.8767 m_kl_max=0.0265 m_ratio_max=0.518 w_ax@goal=+1.00 w_v@goal=19.79 return=1011.0 length=78 success_rate=1.00 collisions/ep=0.04 (n=25)
update=228 global_step=466944 SPS=683 w_ev=0.930 m_ev=0.995 m_v_bias=1.6 m_adv_std=11.5474 m_kl_max=0.0293 m_ratio_max=1.028 w_ax@goal=+1.05 w_v@goal=19.89 return=1005.3 length=78 success_rate=1.00 collisions/ep=0.15 (n=27)
update=229 global_step=468992 SPS=684 w_ev=0.935 m_ev=0.995 m_v_bias=-0.4 m_adv_std=12.2711 m_kl_max=0.0046 m_ratio_max=0.316 w_ax@goal=+1.12 w_v@goal=19.80 return=1005.2 length=78 success_rate=1.00 collisions/ep=0.15 (n=26)
update=230 global_step=471040 SPS=685 w_ev=0.947 m_ev=0.996 m_v_bias=-2.1 m_adv_std=9.7878 m_kl_max=0.0048 m_ratio_max=0.291 w_ax@goal=+1.17 w_v@goal=19.86 return=1013.2 length=79 success_rate=1.00 collisions/ep=0.00 (n=25)
Evaluation at update 230: return=1013.07, length=77.60, success_rate=1.00, collisions/ep=0.00
Solved-check at update 230: solved=True worst_gap=0.09 at p_x0=0.00 p_y0=1.00 (consecutive=38)
update=231 global_step=473088 SPS=681 w_ev=0.926 m_ev=0.988 m_v_bias=2.7 m_adv_std=18.4374 m_kl_max=0.0275 m_ratio_max=0.576 w_ax@goal=+1.16 w_v@goal=19.85 return=997.9 length=77 success_rate=1.00 collisions/ep=0.30 (n=27)
update=232 global_step=475136 SPS=682 w_ev=0.923 m_ev=0.999 m_v_bias=-4.8 m_adv_std=5.4268 m_kl_max=0.0119 m_ratio_max=0.595 w_ax@goal=+1.28 w_v@goal=19.73 return=1013.0 length=79 success_rate=1.00 collisions/ep=0.04 (n=27)
update=233 global_step=477184 SPS=683 w_ev=0.904 m_ev=0.987 m_v_bias=3.8 m_adv_std=19.3994 m_kl_max=0.0110 m_ratio_max=0.542 w_ax@goal=+1.22 w_v@goal=19.70 return=997.6 length=79 success_rate=1.00 collisions/ep=0.31 (n=26)
update=234 global_step=479232 SPS=684 w_ev=0.940 m_ev=0.996 m_v_bias=-6.2 m_adv_std=10.2154 m_kl_max=0.0215 m_ratio_max=1.170 w_ax@goal=+1.22 w_v@goal=19.74 return=1009.3 length=80 success_rate=1.00 collisions/ep=0.08 (n=26)
update=235 global_step=481280 SPS=685 w_ev=0.948 m_ev=0.997 m_v_bias=0.6 m_adv_std=8.5821 m_kl_max=0.0175 m_ratio_max=1.247 w_ax@goal=+1.10 w_v@goal=19.77 return=1009.5 length=81 success_rate=1.00 collisions/ep=0.08 (n=25)
Evaluation at update 235: return=1013.08, length=77.60, success_rate=1.00, collisions/ep=0.00
Solved-check at update 235: solved=True worst_gap=0.08 at p_x0=0.00 p_y0=1.00 (consecutive=39)
update=236 global_step=483328 SPS=681 w_ev=0.941 m_ev=1.000 m_v_bias=-0.8 m_adv_std=3.0003 m_kl_max=0.0212 m_ratio_max=0.772 w_ax@goal=+1.12 w_v@goal=19.79 return=1011.1 length=79 success_rate=1.00 collisions/ep=0.04 (n=26)
update=237 global_step=485376 SPS=682 w_ev=0.946 m_ev=1.000 m_v_bias=-0.6 m_adv_std=2.7844 m_kl_max=0.0168 m_ratio_max=1.165 w_ax@goal=+1.10 w_v@goal=19.84 return=1012.9 length=78 success_rate=1.00 collisions/ep=0.00 (n=25)
update=238 global_step=487424 SPS=683 w_ev=0.936 m_ev=0.993 m_v_bias=3.7 m_adv_std=14.4989 m_kl_max=0.0246 m_ratio_max=1.066 w_ax@goal=+0.91 w_v@goal=19.77 return=1009.3 length=80 success_rate=1.00 collisions/ep=0.08 (n=26)
update=239 global_step=489472 SPS=684 w_ev=0.933 m_ev=0.990 m_v_bias=1.7 m_adv_std=16.4146 m_kl_max=0.0146 m_ratio_max=0.600 w_ax@goal=+1.02 w_v@goal=19.79 return=1003.1 length=77 success_rate=1.00 collisions/ep=0.19 (n=26)
update=240 global_step=491520 SPS=685 w_ev=0.954 m_ev=0.997 m_v_bias=-0.8 m_adv_std=9.9131 m_kl_max=0.0086 m_ratio_max=0.407 w_ax@goal=+1.11 w_v@goal=19.89 return=1007.7 length=79 success_rate=1.00 collisions/ep=0.11 (n=28)
Evaluation at update 240: return=1013.07, length=77.60, success_rate=1.00, collisions/ep=0.00
Solved-check at update 240: solved=True worst_gap=0.11 at p_x0=0.00 p_y0=1.00 (consecutive=40)
update=241 global_step=493568 SPS=681 w_ev=0.935 m_ev=0.998 m_v_bias=0.4 m_adv_std=6.6364 m_kl_max=0.0111 m_ratio_max=0.540 w_ax@goal=+0.95 w_v@goal=19.86 return=1011.3 length=80 success_rate=1.00 collisions/ep=0.04 (n=25)
update=242 global_step=495616 SPS=682 w_ev=0.947 m_ev=0.998 m_v_bias=-0.1 m_adv_std=7.7706 m_kl_max=0.0114 m_ratio_max=0.516 w_ax@goal=+0.67 w_v@goal=19.81 return=1009.1 length=79 success_rate=1.00 collisions/ep=0.08 (n=26)
update=243 global_step=497664 SPS=683 w_ev=0.957 m_ev=0.999 m_v_bias=-1.1 m_adv_std=4.8325 m_kl_max=0.0131 m_ratio_max=0.616 w_ax@goal=+0.86 w_v@goal=19.73 return=1013.1 length=79 success_rate=1.00 collisions/ep=0.00 (n=24)
update=244 global_step=499712 SPS=684 w_ev=0.930 m_ev=0.998 m_v_bias=0.3 m_adv_std=7.7064 m_kl_max=0.0153 m_ratio_max=0.589 w_ax@goal=+1.00 w_v@goal=19.75 return=1007.8 length=79 success_rate=1.00 collisions/ep=0.11 (n=27)
Saved checkpoints to C:\Users\loren\Desktop\MASTER THESIS\5_CODE\scenarios\slalom\studies\extrinsic_sweep\coef_0.02\runs\hppo_slalom_8_1790268020
