Using device: cpu
Solved-check: precomputed optimal returns for 25 fixed initial conditions (mean=1013.0, min=1011.0, max=1015.0); solved-tolerance=5.0
num_envs=8 num_steps_per_env=256 worker_batch_size=2048 worker_minibatch_size=256 num_updates=244 timesteps=499712 (requested 500000; 288 dropped by integer division)
update=1 global_step=2048 SPS=1116 w_ev=-0.009 m_ev=0.000 m_v_bias=68.1 m_adv_std=208.1302 m_kl_max=0.0012 m_ratio_max=0.198 w_ax@goal=-0.06 w_v@goal=0.06 return=-323.0 length=183 success_rate=0.22 collisions/ep=7.56 (n=9)
update=2 global_step=4096 SPS=1158 w_ev=0.052 m_ev=0.303 m_v_bias=-4.5 m_adv_std=232.4926 m_kl_max=0.0025 m_ratio_max=0.175 w_ax@goal=+0.09 w_v@goal=-0.06 return=-89.3 length=173 success_rate=0.40 collisions/ep=7.30 (n=10)
update=3 global_step=6144 SPS=1126 w_ev=0.051 m_ev=0.272 m_v_bias=72.5 m_adv_std=186.0932 m_kl_max=0.0018 m_ratio_max=0.380 w_ax@goal=-0.18 w_v@goal=-0.40 return=-508.3 length=189 success_rate=0.11 collisions/ep=9.22 (n=9)
update=4 global_step=8192 SPS=1108 w_ev=0.105 m_ev=0.322 m_v_bias=24.8 m_adv_std=225.6214 m_kl_max=0.0014 m_ratio_max=0.187 w_ax@goal=-0.22 w_v@goal=-0.10 return=-519.0 length=188 success_rate=0.21 collisions/ep=11.93 (n=14)
update=5 global_step=10240 SPS=1108 w_ev=0.203 m_ev=0.419 m_v_bias=7.3 m_adv_std=231.6114 m_kl_max=0.0021 m_ratio_max=0.193 w_ax@goal=+0.16 w_v@goal=0.07 return=-361.0 length=191 success_rate=0.30 collisions/ep=10.30 (n=10)
Evaluation at update 5: return=-1944.20, length=200.00, success_rate=0.00, collisions/ep=35.55
Solved-check at update 5: solved=False worst_gap=4937.74 at p_x0=2.00 p_y0=-1.00 (consecutive=0)
update=6 global_step=12288 SPS=487 w_ev=0.064 m_ev=0.599 m_v_bias=-34.2 m_adv_std=180.9881 m_kl_max=0.0035 m_ratio_max=0.310 w_ax@goal=-0.09 w_v@goal=0.21 return=-248.0 length=180 success_rate=0.33 collisions/ep=9.44 (n=9)
update=7 global_step=14336 SPS=530 w_ev=0.119 m_ev=-0.302 m_v_bias=95.2 m_adv_std=185.1252 m_kl_max=0.0088 m_ratio_max=0.495 w_ax@goal=-0.17 w_v@goal=0.34 return=-570.0 length=200 success_rate=0.00 collisions/ep=7.82 (n=11)
update=8 global_step=16384 SPS=564 w_ev=0.165 m_ev=-0.094 m_v_bias=37.9 m_adv_std=138.4438 m_kl_max=0.0059 m_ratio_max=0.561 w_ax@goal=-0.91 w_v@goal=0.47 return=-594.4 length=200 success_rate=0.08 collisions/ep=9.92 (n=12)
update=9 global_step=18432 SPS=598 w_ev=0.181 m_ev=-0.351 m_v_bias=45.1 m_adv_std=117.2140 m_kl_max=0.0065 m_ratio_max=0.485 w_ax@goal=-0.23 w_v@goal=0.78 return=-568.7 length=200 success_rate=0.00 collisions/ep=8.12 (n=8)
update=10 global_step=20480 SPS=626 w_ev=0.130 m_ev=0.019 m_v_bias=59.1 m_adv_std=181.1048 m_kl_max=0.0089 m_ratio_max=0.461 w_ax@goal=-0.53 w_v@goal=1.04 return=-811.3 length=200 success_rate=0.00 collisions/ep=13.10 (n=10)
Evaluation at update 10: return=-143.83, length=200.00, success_rate=0.00, collisions/ep=0.00
Solved-check at update 10: solved=False worst_gap=1163.47 at p_x0=2.00 p_y0=1.00 (consecutive=0)
update=11 global_step=22528 SPS=469 w_ev=0.235 m_ev=-0.065 m_v_bias=17.2 m_adv_std=134.4830 m_kl_max=0.0105 m_ratio_max=0.415 return=-702.1 length=200 success_rate=0.00 collisions/ep=10.77 (n=13)
update=12 global_step=24576 SPS=492 w_ev=0.240 m_ev=0.325 m_v_bias=80.5 m_adv_std=174.4719 m_kl_max=0.0111 m_ratio_max=0.524 w_ax@goal=-0.48 w_v@goal=1.32 return=-873.8 length=200 success_rate=0.00 collisions/ep=14.56 (n=9)
update=13 global_step=26624 SPS=511 w_ev=0.459 m_ev=0.414 m_v_bias=-49.5 m_adv_std=91.3026 m_kl_max=0.0158 m_ratio_max=0.768 return=-470.2 length=200 success_rate=0.00 collisions/ep=6.22 (n=9)
update=14 global_step=28672 SPS=532 w_ev=0.368 m_ev=-0.087 m_v_bias=-54.9 m_adv_std=251.2847 m_kl_max=0.0167 m_ratio_max=0.557 w_ax@goal=-0.48 w_v@goal=1.25 return=-368.3 length=199 success_rate=0.09 collisions/ep=6.18 (n=11)
update=15 global_step=30720 SPS=551 w_ev=0.218 m_ev=-0.135 m_v_bias=-41.5 m_adv_std=163.5776 m_kl_max=0.0215 m_ratio_max=0.930 w_ax@goal=+0.13 w_v@goal=1.98 return=-361.0 length=197 success_rate=0.08 collisions/ep=5.50 (n=12)
Evaluation at update 15: return=-172.23, length=200.00, success_rate=0.00, collisions/ep=0.00
Solved-check at update 15: solved=False worst_gap=1191.91 at p_x0=2.00 p_y0=1.00 (consecutive=0)
update=16 global_step=32768 SPS=460 w_ev=0.204 m_ev=0.126 m_v_bias=-14.0 m_adv_std=90.4130 m_kl_max=0.0082 m_ratio_max=0.385 w_ax@goal=-0.49 w_v@goal=1.79 return=-560.4 length=200 success_rate=0.00 collisions/ep=7.75 (n=8)
update=17 global_step=34816 SPS=477 w_ev=0.309 m_ev=0.492 m_v_bias=-33.3 m_adv_std=54.5682 m_kl_max=0.0173 m_ratio_max=0.737 return=-288.1 length=200 success_rate=0.00 collisions/ep=2.30 (n=10)
update=18 global_step=36864 SPS=492 w_ev=0.133 m_ev=-0.048 m_v_bias=-21.5 m_adv_std=160.7837 m_kl_max=0.0079 m_ratio_max=0.549 w_ax@goal=+0.01 w_v@goal=2.26 return=-273.6 length=199 success_rate=0.07 collisions/ep=3.36 (n=14)
update=19 global_step=38912 SPS=507 w_ev=0.223 m_ev=0.128 m_v_bias=-11.2 m_adv_std=93.4264 m_kl_max=0.0115 m_ratio_max=0.489 return=-263.0 length=200 success_rate=0.00 collisions/ep=1.62 (n=8)
update=20 global_step=40960 SPS=520 w_ev=0.396 m_ev=-0.033 m_v_bias=-55.4 m_adv_std=161.7031 m_kl_max=0.0060 m_ratio_max=0.521 w_ax@goal=+0.20 w_v@goal=1.84 return=-307.7 length=199 success_rate=0.11 collisions/ep=5.00 (n=9)
Evaluation at update 20: return=-220.93, length=200.00, success_rate=0.00, collisions/ep=0.00
Solved-check at update 20: solved=False worst_gap=1241.01 at p_x0=2.00 p_y0=0.00 (consecutive=0)
update=21 global_step=43008 SPS=456 w_ev=0.210 m_ev=-0.117 m_v_bias=6.4 m_adv_std=83.7215 m_kl_max=0.0400 m_ratio_max=0.942 return=-345.2 length=200 success_rate=0.00 collisions/ep=2.80 (n=10)
update=22 global_step=45056 SPS=469 w_ev=0.540 m_ev=0.184 m_v_bias=2.1 m_adv_std=84.3813 m_kl_max=0.0148 m_ratio_max=0.653 return=-341.5 length=200 success_rate=0.00 collisions/ep=2.69 (n=13)
update=23 global_step=47104 SPS=481 w_ev=0.435 m_ev=0.184 m_v_bias=14.8 m_adv_std=99.5151 m_kl_max=0.0101 m_ratio_max=0.445 return=-327.0 length=200 success_rate=0.00 collisions/ep=2.38 (n=8)
update=24 global_step=49152 SPS=492 w_ev=0.626 m_ev=0.498 m_v_bias=-17.3 m_adv_std=27.7821 m_kl_max=0.0221 m_ratio_max=0.597 return=-308.3 length=200 success_rate=0.00 collisions/ep=2.00 (n=10)
update=25 global_step=51200 SPS=502 w_ev=0.565 m_ev=0.091 m_v_bias=-13.0 m_adv_std=26.8826 m_kl_max=0.0228 m_ratio_max=0.683 return=-251.3 length=200 success_rate=0.00 collisions/ep=0.71 (n=14)
Evaluation at update 25: return=-220.93, length=200.00, success_rate=0.00, collisions/ep=0.00
Solved-check at update 25: solved=False worst_gap=1241.01 at p_x0=2.00 p_y0=-1.00 (consecutive=0)
update=26 global_step=53248 SPS=453 w_ev=0.559 m_ev=0.296 m_v_bias=0.7 m_adv_std=51.0874 m_kl_max=0.0341 m_ratio_max=0.845 return=-259.7 length=200 success_rate=0.00 collisions/ep=1.12 (n=8)
update=27 global_step=55296 SPS=463 w_ev=0.648 m_ev=-1.766 m_v_bias=-10.5 m_adv_std=18.2662 m_kl_max=0.0103 m_ratio_max=0.647 return=-214.8 length=200 success_rate=0.00 collisions/ep=0.00 (n=8)
update=28 global_step=57344 SPS=473 w_ev=0.639 m_ev=0.151 m_v_bias=-4.5 m_adv_std=8.8921 m_kl_max=0.0210 m_ratio_max=0.620 return=-215.8 length=200 success_rate=0.00 collisions/ep=0.00 (n=11)
update=29 global_step=59392 SPS=483 w_ev=0.814 m_ev=0.471 m_v_bias=-3.0 m_adv_std=16.1312 m_kl_max=0.0094 m_ratio_max=0.592 return=-225.5 length=200 success_rate=0.00 collisions/ep=0.23 (n=13)
update=30 global_step=61440 SPS=492 w_ev=0.864 m_ev=0.591 m_v_bias=3.3 m_adv_std=22.2329 m_kl_max=0.0096 m_ratio_max=0.466 return=-216.3 length=200 success_rate=0.00 collisions/ep=0.00 (n=8)
Evaluation at update 30: return=-220.93, length=200.00, success_rate=0.00, collisions/ep=0.00
Solved-check at update 30: solved=False worst_gap=1241.01 at p_x0=2.00 p_y0=1.00 (consecutive=0)
update=31 global_step=63488 SPS=453 w_ev=0.880 m_ev=0.758 m_v_bias=-3.2 m_adv_std=7.8995 m_kl_max=0.0082 m_ratio_max=0.437 return=-246.4 length=200 success_rate=0.00 collisions/ep=0.56 (n=9)
update=32 global_step=65536 SPS=461 w_ev=0.820 m_ev=0.455 m_v_bias=3.3 m_adv_std=11.2583 m_kl_max=0.0227 m_ratio_max=0.665 return=-227.4 length=200 success_rate=0.00 collisions/ep=0.15 (n=13)
update=33 global_step=67584 SPS=470 w_ev=0.869 m_ev=0.719 m_v_bias=-0.4 m_adv_std=4.5424 m_kl_max=0.0174 m_ratio_max=0.630 return=-217.9 length=200 success_rate=0.00 collisions/ep=0.00 (n=10)
update=34 global_step=69632 SPS=478 w_ev=0.838 m_ev=0.406 m_v_bias=-1.4 m_adv_std=6.0393 m_kl_max=0.0214 m_ratio_max=0.733 return=-217.2 length=200 success_rate=0.00 collisions/ep=0.00 (n=8)
update=35 global_step=71680 SPS=485 w_ev=0.812 m_ev=0.413 m_v_bias=-2.8 m_adv_std=6.4325 m_kl_max=0.0255 m_ratio_max=0.683 return=-212.2 length=200 success_rate=0.00 collisions/ep=0.00 (n=10)
Evaluation at update 35: return=-220.93, length=200.00, success_rate=0.00, collisions/ep=0.00
Solved-check at update 35: solved=False worst_gap=1241.01 at p_x0=2.00 p_y0=-0.50 (consecutive=0)
update=36 global_step=73728 SPS=451 w_ev=0.769 m_ev=0.513 m_v_bias=0.3 m_adv_std=7.0554 m_kl_max=0.0136 m_ratio_max=0.846 return=-212.1 length=200 success_rate=0.00 collisions/ep=0.07 (n=14)
update=37 global_step=75776 SPS=459 w_ev=0.773 m_ev=0.176 m_v_bias=8.7 m_adv_std=57.0342 m_kl_max=0.0048 m_ratio_max=0.318 return=-269.6 length=200 success_rate=0.00 collisions/ep=1.25 (n=8)
update=38 global_step=77824 SPS=466 w_ev=0.714 m_ev=0.252 m_v_bias=-4.2 m_adv_std=12.3121 m_kl_max=0.0141 m_ratio_max=0.495 return=-198.8 length=200 success_rate=0.00 collisions/ep=0.00 (n=9)
update=39 global_step=79872 SPS=473 w_ev=0.776 m_ev=0.516 m_v_bias=-1.4 m_adv_std=17.1354 m_kl_max=0.0066 m_ratio_max=0.359 return=-203.6 length=200 success_rate=0.00 collisions/ep=0.09 (n=11)
update=40 global_step=81920 SPS=480 w_ev=0.770 m_ev=0.619 m_v_bias=-2.3 m_adv_std=9.8242 m_kl_max=0.0080 m_ratio_max=0.575 return=-231.9 length=200 success_rate=0.00 collisions/ep=0.42 (n=12)
Evaluation at update 40: return=-220.93, length=200.00, success_rate=0.00, collisions/ep=0.00
Solved-check at update 40: solved=False worst_gap=1241.01 at p_x0=2.00 p_y0=-0.50 (consecutive=0)
update=41 global_step=83968 SPS=452 w_ev=0.801 m_ev=0.749 m_v_bias=-2.3 m_adv_std=6.9187 m_kl_max=0.0248 m_ratio_max=1.079 return=-210.6 length=200 success_rate=0.00 collisions/ep=0.00 (n=8)
update=42 global_step=86016 SPS=457 w_ev=0.793 m_ev=0.167 m_v_bias=4.9 m_adv_std=65.6244 m_kl_max=0.0275 m_ratio_max=1.551 return=-284.9 length=200 success_rate=0.00 collisions/ep=1.60 (n=10)
update=43 global_step=88064 SPS=464 w_ev=0.702 m_ev=0.235 m_v_bias=-1.7 m_adv_std=29.6442 m_kl_max=0.0058 m_ratio_max=0.386 return=-197.1 length=200 success_rate=0.00 collisions/ep=0.00 (n=14)
update=44 global_step=90112 SPS=470 w_ev=0.540 m_ev=0.390 m_v_bias=3.4 m_adv_std=40.0103 m_kl_max=0.0159 m_ratio_max=0.716 return=-286.1 length=200 success_rate=0.00 collisions/ep=1.75 (n=8)
update=45 global_step=92160 SPS=476 w_ev=0.699 m_ev=0.492 m_v_bias=0.9 m_adv_std=19.4429 m_kl_max=0.0151 m_ratio_max=0.439 return=-203.1 length=200 success_rate=0.00 collisions/ep=0.00 (n=9)
Evaluation at update 45: return=-218.08, length=200.00, success_rate=0.00, collisions/ep=0.00
Solved-check at update 45: solved=False worst_gap=1237.68 at p_x0=2.00 p_y0=1.00 (consecutive=0)
update=46 global_step=94208 SPS=451 w_ev=0.615 m_ev=0.366 m_v_bias=1.8 m_adv_std=25.1769 m_kl_max=0.0245 m_ratio_max=0.588 return=-255.3 length=200 success_rate=0.00 collisions/ep=1.00 (n=10)
update=47 global_step=96256 SPS=457 w_ev=0.626 m_ev=0.454 m_v_bias=-2.3 m_adv_std=7.6785 m_kl_max=0.0195 m_ratio_max=0.669 return=-218.0 length=200 success_rate=0.00 collisions/ep=0.23 (n=13)
update=48 global_step=98304 SPS=462 w_ev=0.516 m_ev=0.612 m_v_bias=-0.1 m_adv_std=7.0263 m_kl_max=0.0265 m_ratio_max=1.026 return=-205.0 length=200 success_rate=0.00 collisions/ep=0.00 (n=8)
update=49 global_step=100352 SPS=468 w_ev=0.443 m_ev=0.465 m_v_bias=-1.0 m_adv_std=13.9051 m_kl_max=0.0295 m_ratio_max=1.124 return=-218.8 length=200 success_rate=0.00 collisions/ep=0.40 (n=10)
update=50 global_step=102400 SPS=473 w_ev=0.554 m_ev=0.596 m_v_bias=-5.9 m_adv_std=9.1606 m_kl_max=0.0080 m_ratio_max=0.524 return=-203.1 length=200 success_rate=0.00 collisions/ep=0.07 (n=14)
Evaluation at update 50: return=-184.33, length=200.00, success_rate=0.00, collisions/ep=0.00
Solved-check at update 50: solved=False worst_gap=1204.15 at p_x0=2.00 p_y0=1.00 (consecutive=0)
update=51 global_step=104448 SPS=449 w_ev=0.169 m_ev=0.131 m_v_bias=35.1 m_adv_std=132.1137 m_kl_max=0.0132 m_ratio_max=0.466 w_ax@goal=-0.95 w_v@goal=4.20 return=-378.0 length=200 success_rate=0.00 collisions/ep=4.00 (n=8)
update=52 global_step=106496 SPS=454 w_ev=0.376 m_ev=-0.009 m_v_bias=26.0 m_adv_std=118.2918 m_kl_max=0.0144 m_ratio_max=0.572 return=-318.9 length=200 success_rate=0.00 collisions/ep=2.62 (n=8)
update=53 global_step=108544 SPS=460 w_ev=0.328 m_ev=0.127 m_v_bias=7.9 m_adv_std=157.7621 m_kl_max=0.0268 m_ratio_max=0.843 return=-454.8 length=200 success_rate=0.00 collisions/ep=5.27 (n=11)
update=54 global_step=110592 SPS=465 w_ev=0.503 m_ev=-0.437 m_v_bias=-28.7 m_adv_std=37.6850 m_kl_max=0.0156 m_ratio_max=0.525 return=-214.6 length=200 success_rate=0.00 collisions/ep=0.08 (n=13)
update=55 global_step=112640 SPS=470 w_ev=0.502 m_ev=0.209 m_v_bias=-8.9 m_adv_std=34.9562 m_kl_max=0.0145 m_ratio_max=0.446 return=-207.3 length=200 success_rate=0.00 collisions/ep=0.00 (n=8)
Evaluation at update 55: return=-220.93, length=200.00, success_rate=0.00, collisions/ep=0.00
Solved-check at update 55: solved=False worst_gap=1241.01 at p_x0=2.00 p_y0=-0.50 (consecutive=0)
update=56 global_step=114688 SPS=449 w_ev=0.570 m_ev=0.392 m_v_bias=-6.6 m_adv_std=11.1650 m_kl_max=0.0201 m_ratio_max=0.802 return=-242.8 length=200 success_rate=0.00 collisions/ep=0.67 (n=9)
update=57 global_step=116736 SPS=454 w_ev=0.561 m_ev=0.517 m_v_bias=-2.6 m_adv_std=5.7751 m_kl_max=0.0353 m_ratio_max=1.071 return=-217.7 length=200 success_rate=0.00 collisions/ep=0.08 (n=13)
update=58 global_step=118784 SPS=458 w_ev=0.470 m_ev=0.065 m_v_bias=-6.2 m_adv_std=10.1629 m_kl_max=0.0217 m_ratio_max=1.207 return=-202.4 length=200 success_rate=0.00 collisions/ep=0.00 (n=10)
update=59 global_step=120832 SPS=463 w_ev=0.368 m_ev=0.251 m_v_bias=2.2 m_adv_std=38.7228 m_kl_max=0.0141 m_ratio_max=0.559 return=-246.5 length=200 success_rate=0.00 collisions/ep=1.12 (n=8)
update=60 global_step=122880 SPS=467 w_ev=0.485 m_ev=0.457 m_v_bias=10.0 m_adv_std=45.4773 m_kl_max=0.0352 m_ratio_max=0.731 return=-216.4 length=200 success_rate=0.00 collisions/ep=0.50 (n=10)
Evaluation at update 60: return=-198.76, length=200.00, success_rate=0.00, collisions/ep=0.00
Solved-check at update 60: solved=False worst_gap=1217.92 at p_x0=2.00 p_y0=1.00 (consecutive=0)
update=61 global_step=124928 SPS=449 w_ev=0.479 m_ev=0.146 m_v_bias=14.1 m_adv_std=62.6319 m_kl_max=0.0234 m_ratio_max=0.526 return=-267.3 length=200 success_rate=0.00 collisions/ep=1.57 (n=14)
update=62 global_step=126976 SPS=453 w_ev=0.512 m_ev=0.540 m_v_bias=-4.9 m_adv_std=11.9860 m_kl_max=0.0348 m_ratio_max=1.053 return=-220.1 length=200 success_rate=0.00 collisions/ep=0.25 (n=8)
update=63 global_step=129024 SPS=457 w_ev=0.569 m_ev=0.294 m_v_bias=-2.4 m_adv_std=10.7346 m_kl_max=0.0559 m_ratio_max=1.503 return=-218.8 length=200 success_rate=0.00 collisions/ep=0.22 (n=9)
update=64 global_step=131072 SPS=462 w_ev=0.628 m_ev=0.392 m_v_bias=-3.1 m_adv_std=12.8049 m_kl_max=0.0349 m_ratio_max=0.736 return=-213.9 length=200 success_rate=0.00 collisions/ep=0.09 (n=11)
update=65 global_step=133120 SPS=466 w_ev=0.381 m_ev=0.539 m_v_bias=-0.2 m_adv_std=39.1489 m_kl_max=0.0072 m_ratio_max=0.378 return=-234.3 length=200 success_rate=0.00 collisions/ep=0.83 (n=12)
Evaluation at update 65: return=-192.96, length=200.00, success_rate=0.00, collisions/ep=0.00
Solved-check at update 65: solved=False worst_gap=1213.08 at p_x0=2.00 p_y0=1.00 (consecutive=0)
update=66 global_step=135168 SPS=448 w_ev=0.376 m_ev=0.113 m_v_bias=-0.8 m_adv_std=10.1401 m_kl_max=0.0078 m_ratio_max=0.506 return=-198.8 length=200 success_rate=0.00 collisions/ep=0.00 (n=8)
update=67 global_step=137216 SPS=452 w_ev=0.354 m_ev=0.241 m_v_bias=8.4 m_adv_std=58.1292 m_kl_max=0.0147 m_ratio_max=0.541 return=-245.6 length=200 success_rate=0.00 collisions/ep=1.00 (n=10)
update=68 global_step=139264 SPS=456 w_ev=0.270 m_ev=0.300 m_v_bias=1.5 m_adv_std=21.7591 m_kl_max=0.0298 m_ratio_max=0.772 return=-190.3 length=200 success_rate=0.00 collisions/ep=0.00 (n=14)
update=69 global_step=141312 SPS=460 w_ev=0.380 m_ev=-0.411 m_v_bias=-7.9 m_adv_std=22.2020 m_kl_max=0.0299 m_ratio_max=0.729 return=-218.4 length=200 success_rate=0.00 collisions/ep=0.25 (n=8)
update=70 global_step=143360 SPS=464 w_ev=0.357 m_ev=0.341 m_v_bias=-1.5 m_adv_std=15.6235 m_kl_max=0.0091 m_ratio_max=0.514 return=-183.7 length=200 success_rate=0.00 collisions/ep=0.00 (n=9)
Evaluation at update 70: return=-191.88, length=200.00, success_rate=0.00, collisions/ep=0.00
Solved-check at update 70: solved=False worst_gap=1212.78 at p_x0=2.00 p_y0=1.00 (consecutive=0)
update=71 global_step=145408 SPS=445 w_ev=0.295 m_ev=0.477 m_v_bias=-2.3 m_adv_std=8.0587 m_kl_max=0.0221 m_ratio_max=0.854 return=-213.0 length=200 success_rate=0.00 collisions/ep=0.30 (n=10)
update=72 global_step=147456 SPS=449 w_ev=0.396 m_ev=0.344 m_v_bias=5.2 m_adv_std=23.5629 m_kl_max=0.0149 m_ratio_max=0.991 return=-220.1 length=200 success_rate=0.00 collisions/ep=0.54 (n=13)
update=73 global_step=149504 SPS=452 w_ev=0.361 m_ev=0.341 m_v_bias=-1.5 m_adv_std=19.7886 m_kl_max=0.0167 m_ratio_max=0.545 return=-206.6 length=200 success_rate=0.00 collisions/ep=0.38 (n=8)
update=74 global_step=151552 SPS=456 w_ev=0.395 m_ev=0.215 m_v_bias=2.9 m_adv_std=38.7106 m_kl_max=0.0152 m_ratio_max=0.565 return=-248.4 length=200 success_rate=0.00 collisions/ep=1.30 (n=10)
update=75 global_step=153600 SPS=460 w_ev=0.385 m_ev=0.080 m_v_bias=0.9 m_adv_std=14.0684 m_kl_max=0.0255 m_ratio_max=0.848 return=-211.6 length=200 success_rate=0.00 collisions/ep=0.36 (n=14)
Evaluation at update 75: return=-190.61, length=200.00, success_rate=0.00, collisions/ep=0.00
Solved-check at update 75: solved=False worst_gap=1211.87 at p_x0=2.00 p_y0=1.00 (consecutive=0)
update=76 global_step=155648 SPS=445 w_ev=0.222 m_ev=0.573 m_v_bias=-4.3 m_adv_std=5.0380 m_kl_max=0.0565 m_ratio_max=1.019 return=-198.3 length=200 success_rate=0.00 collisions/ep=0.00 (n=8)
update=77 global_step=157696 SPS=448 w_ev=0.239 m_ev=0.451 m_v_bias=-2.4 m_adv_std=13.4705 m_kl_max=0.0210 m_ratio_max=0.650 return=-201.1 length=200 success_rate=0.00 collisions/ep=0.50 (n=8)
update=78 global_step=159744 SPS=452 w_ev=0.303 m_ev=0.264 m_v_bias=-0.5 m_adv_std=21.5243 m_kl_max=0.0215 m_ratio_max=0.862 return=-206.8 length=200 success_rate=0.00 collisions/ep=0.45 (n=11)
update=79 global_step=161792 SPS=455 w_ev=0.369 m_ev=0.503 m_v_bias=-1.3 m_adv_std=13.8793 m_kl_max=0.0145 m_ratio_max=0.501 return=-210.6 length=200 success_rate=0.00 collisions/ep=0.54 (n=13)
update=80 global_step=163840 SPS=458 w_ev=0.355 m_ev=0.578 m_v_bias=-0.2 m_adv_std=9.0062 m_kl_max=0.0154 m_ratio_max=1.041 return=-190.7 length=200 success_rate=0.00 collisions/ep=0.25 (n=8)
Evaluation at update 80: return=-181.76, length=200.00, success_rate=0.00, collisions/ep=0.00
Solved-check at update 80: solved=False worst_gap=1202.33 at p_x0=2.00 p_y0=0.50 (consecutive=0)
update=81 global_step=165888 SPS=446 w_ev=0.266 m_ev=0.831 m_v_bias=-4.6 m_adv_std=6.0010 m_kl_max=0.0349 m_ratio_max=1.157 return=-182.5 length=200 success_rate=0.00 collisions/ep=0.00 (n=9)
update=82 global_step=167936 SPS=449 w_ev=0.376 m_ev=0.338 m_v_bias=-0.3 m_adv_std=15.2213 m_kl_max=0.0485 m_ratio_max=1.866 return=-191.4 length=200 success_rate=0.00 collisions/ep=0.31 (n=13)
update=83 global_step=169984 SPS=452 w_ev=0.370 m_ev=0.608 m_v_bias=-3.0 m_adv_std=8.8238 m_kl_max=0.0301 m_ratio_max=1.238 return=-188.5 length=200 success_rate=0.00 collisions/ep=0.30 (n=10)
update=84 global_step=172032 SPS=455 w_ev=0.292 m_ev=0.047 m_v_bias=55.8 m_adv_std=133.1124 m_kl_max=0.0429 m_ratio_max=1.273 return=-356.2 length=200 success_rate=0.00 collisions/ep=3.62 (n=8)
update=85 global_step=174080 SPS=458 w_ev=0.368 m_ev=-0.086 m_v_bias=-11.3 m_adv_std=36.5481 m_kl_max=0.0280 m_ratio_max=0.692 return=-343.6 length=200 success_rate=0.00 collisions/ep=3.50 (n=10)
Evaluation at update 85: return=-184.52, length=200.00, success_rate=0.00, collisions/ep=0.00
Solved-check at update 85: solved=False worst_gap=1204.78 at p_x0=2.00 p_y0=0.50 (consecutive=0)
update=86 global_step=176128 SPS=445 w_ev=0.365 m_ev=0.301 m_v_bias=-7.2 m_adv_std=17.7330 m_kl_max=0.0165 m_ratio_max=0.720 return=-213.3 length=200 success_rate=0.00 collisions/ep=0.64 (n=14)
update=87 global_step=178176 SPS=448 w_ev=0.353 m_ev=0.556 m_v_bias=-7.6 m_adv_std=9.0923 m_kl_max=0.0216 m_ratio_max=0.656 return=-192.1 length=200 success_rate=0.00 collisions/ep=0.12 (n=8)
update=88 global_step=180224 SPS=451 w_ev=0.243 m_ev=0.520 m_v_bias=-5.2 m_adv_std=9.4289 m_kl_max=0.0395 m_ratio_max=0.972 return=-197.6 length=200 success_rate=0.00 collisions/ep=0.33 (n=9)
update=89 global_step=182272 SPS=454 w_ev=0.378 m_ev=0.533 m_v_bias=-7.8 m_adv_std=7.7886 m_kl_max=0.0119 m_ratio_max=0.787 return=-181.2 length=200 success_rate=0.00 collisions/ep=0.09 (n=11)
update=90 global_step=184320 SPS=457 w_ev=0.497 m_ev=0.819 m_v_bias=-5.8 m_adv_std=4.0941 m_kl_max=0.0219 m_ratio_max=0.727 return=-177.9 length=200 success_rate=0.00 collisions/ep=0.08 (n=12)
Evaluation at update 90: return=-176.31, length=200.00, success_rate=0.00, collisions/ep=0.00
Solved-check at update 90: solved=False worst_gap=1196.81 at p_x0=2.00 p_y0=0.50 (consecutive=0)
update=91 global_step=186368 SPS=445 w_ev=0.358 m_ev=0.570 m_v_bias=-2.9 m_adv_std=7.1658 m_kl_max=0.0344 m_ratio_max=0.796 return=-176.9 length=200 success_rate=0.00 collisions/ep=0.12 (n=8)
update=92 global_step=188416 SPS=447 w_ev=0.452 m_ev=0.441 m_v_bias=0.5 m_adv_std=11.1311 m_kl_max=0.0164 m_ratio_max=0.660 return=-192.1 length=200 success_rate=0.00 collisions/ep=0.40 (n=10)
update=93 global_step=190464 SPS=450 w_ev=0.482 m_ev=0.028 m_v_bias=2.5 m_adv_std=29.4392 m_kl_max=0.0048 m_ratio_max=0.345 return=-197.2 length=200 success_rate=0.00 collisions/ep=0.50 (n=14)
update=94 global_step=192512 SPS=453 w_ev=0.506 m_ev=0.199 m_v_bias=1.2 m_adv_std=21.9606 m_kl_max=0.0172 m_ratio_max=0.514 return=-210.0 length=200 success_rate=0.00 collisions/ep=0.75 (n=8)
update=95 global_step=194560 SPS=456 w_ev=0.568 m_ev=0.580 m_v_bias=-6.3 m_adv_std=10.0171 m_kl_max=0.0127 m_ratio_max=0.509 return=-189.6 length=200 success_rate=0.00 collisions/ep=0.44 (n=9)
Evaluation at update 95: return=-169.77, length=200.00, success_rate=0.00, collisions/ep=0.00
Solved-check at update 95: solved=False worst_gap=1190.05 at p_x0=2.00 p_y0=0.50 (consecutive=0)
update=96 global_step=196608 SPS=445 w_ev=0.449 m_ev=0.422 m_v_bias=1.3 m_adv_std=15.0042 m_kl_max=0.0218 m_ratio_max=1.010 return=-186.2 length=200 success_rate=0.00 collisions/ep=0.40 (n=10)
update=97 global_step=198656 SPS=448 w_ev=0.510 m_ev=0.329 m_v_bias=1.2 m_adv_std=14.9208 m_kl_max=0.0117 m_ratio_max=0.563 return=-192.7 length=200 success_rate=0.00 collisions/ep=0.46 (n=13)
update=98 global_step=200704 SPS=450 w_ev=0.424 m_ev=0.129 m_v_bias=8.8 m_adv_std=52.5156 m_kl_max=0.0398 m_ratio_max=1.275 return=-183.0 length=200 success_rate=0.00 collisions/ep=0.38 (n=8)
update=99 global_step=202752 SPS=453 w_ev=0.492 m_ev=0.001 m_v_bias=-0.3 m_adv_std=16.5100 m_kl_max=0.0291 m_ratio_max=0.913 return=-216.9 length=200 success_rate=0.00 collisions/ep=0.90 (n=10)
update=100 global_step=204800 SPS=456 w_ev=0.577 m_ev=0.548 m_v_bias=-4.1 m_adv_std=8.3902 m_kl_max=0.0279 m_ratio_max=0.974 return=-187.0 length=200 success_rate=0.00 collisions/ep=0.21 (n=14)
Evaluation at update 100: return=-172.00, length=200.00, success_rate=0.00, collisions/ep=0.00
Solved-check at update 100: solved=False worst_gap=1192.08 at p_x0=2.00 p_y0=0.50 (consecutive=0)
update=101 global_step=206848 SPS=445 w_ev=0.485 m_ev=0.863 m_v_bias=-4.6 m_adv_std=3.1279 m_kl_max=0.0281 m_ratio_max=0.845 return=-168.8 length=200 success_rate=0.00 collisions/ep=0.00 (n=8)
update=102 global_step=208896 SPS=448 w_ev=0.410 m_ev=0.386 m_v_bias=0.5 m_adv_std=11.8796 m_kl_max=0.0165 m_ratio_max=0.767 return=-174.2 length=200 success_rate=0.00 collisions/ep=0.12 (n=8)
update=103 global_step=210944 SPS=450 w_ev=0.487 m_ev=0.575 m_v_bias=-0.3 m_adv_std=9.6494 m_kl_max=0.0147 m_ratio_max=0.540 return=-185.6 length=200 success_rate=0.00 collisions/ep=0.45 (n=11)
update=104 global_step=212992 SPS=453 w_ev=0.579 m_ev=0.842 m_v_bias=-4.7 m_adv_std=4.5661 m_kl_max=0.0303 m_ratio_max=1.396 return=-170.5 length=200 success_rate=0.00 collisions/ep=0.08 (n=13)
update=105 global_step=215040 SPS=455 w_ev=0.555 m_ev=0.381 m_v_bias=0.6 m_adv_std=13.5474 m_kl_max=0.0312 m_ratio_max=1.362 return=-186.0 length=200 success_rate=0.00 collisions/ep=0.50 (n=8)
Evaluation at update 105: return=-162.07, length=200.00, success_rate=0.00, collisions/ep=0.00
Solved-check at update 105: solved=False worst_gap=1182.29 at p_x0=2.00 p_y0=0.50 (consecutive=0)
update=106 global_step=217088 SPS=445 w_ev=0.571 m_ev=0.552 m_v_bias=-3.1 m_adv_std=8.9363 m_kl_max=0.0275 m_ratio_max=1.081 return=-161.4 length=200 success_rate=0.00 collisions/ep=0.00 (n=9)
update=107 global_step=219136 SPS=447 w_ev=0.684 m_ev=0.313 m_v_bias=4.6 m_adv_std=30.6204 m_kl_max=0.0171 m_ratio_max=0.711 return=-189.0 length=200 success_rate=0.00 collisions/ep=0.69 (n=13)
update=108 global_step=221184 SPS=450 w_ev=0.674 m_ev=0.402 m_v_bias=0.9 m_adv_std=19.4372 m_kl_max=0.0129 m_ratio_max=0.429 return=-174.8 length=200 success_rate=0.00 collisions/ep=0.40 (n=10)
update=109 global_step=223232 SPS=452 w_ev=0.711 m_ev=0.773 m_v_bias=-3.2 m_adv_std=6.3012 m_kl_max=0.0180 m_ratio_max=0.513 return=-164.8 length=200 success_rate=0.00 collisions/ep=0.12 (n=8)
update=110 global_step=225280 SPS=455 w_ev=0.660 m_ev=0.720 m_v_bias=-3.3 m_adv_std=7.7060 m_kl_max=0.0422 m_ratio_max=0.727 return=-159.1 length=200 success_rate=0.00 collisions/ep=0.00 (n=10)
Evaluation at update 110: return=-157.45, length=200.00, success_rate=0.00, collisions/ep=0.00
Solved-check at update 110: solved=False worst_gap=1177.55 at p_x0=2.00 p_y0=0.50 (consecutive=0)
update=111 global_step=227328 SPS=445 w_ev=0.702 m_ev=0.427 m_v_bias=-2.0 m_adv_std=25.9823 m_kl_max=0.0103 m_ratio_max=0.691 return=-181.8 length=200 success_rate=0.00 collisions/ep=0.50 (n=14)
update=112 global_step=229376 SPS=447 w_ev=0.621 m_ev=0.175 m_v_bias=39.5 m_adv_std=101.5023 m_kl_max=0.0262 m_ratio_max=0.713 return=-271.6 length=200 success_rate=0.00 collisions/ep=2.38 (n=8)
update=113 global_step=231424 SPS=449 w_ev=0.684 m_ev=0.061 m_v_bias=-3.5 m_adv_std=65.4665 m_kl_max=0.0152 m_ratio_max=0.526 return=-297.5 length=200 success_rate=0.00 collisions/ep=2.78 (n=9)
update=114 global_step=233472 SPS=452 w_ev=0.642 m_ev=0.309 m_v_bias=12.7 m_adv_std=69.6260 m_kl_max=0.0225 m_ratio_max=0.811 return=-231.7 length=200 success_rate=0.00 collisions/ep=1.45 (n=11)
update=115 global_step=235520 SPS=454 w_ev=0.727 m_ev=0.148 m_v_bias=-5.6 m_adv_std=15.0966 m_kl_max=0.0093 m_ratio_max=0.421 return=-159.4 length=200 success_rate=0.00 collisions/ep=0.00 (n=12)
Evaluation at update 115: return=-163.70, length=200.00, success_rate=0.00, collisions/ep=0.00
Solved-check at update 115: solved=False worst_gap=1183.92 at p_x0=2.00 p_y0=0.50 (consecutive=0)
update=116 global_step=237568 SPS=444 w_ev=0.605 m_ev=0.359 m_v_bias=-1.6 m_adv_std=21.0854 m_kl_max=0.0228 m_ratio_max=1.394 return=-158.9 length=200 success_rate=0.00 collisions/ep=0.00 (n=8)
update=117 global_step=239616 SPS=447 w_ev=0.752 m_ev=0.498 m_v_bias=0.2 m_adv_std=59.2835 m_kl_max=0.0066 m_ratio_max=0.534 return=-247.9 length=200 success_rate=0.00 collisions/ep=1.80 (n=10)
update=118 global_step=241664 SPS=449 w_ev=0.669 m_ev=0.241 m_v_bias=24.0 m_adv_std=121.8393 m_kl_max=0.0296 m_ratio_max=1.148 return=-251.0 length=200 success_rate=0.00 collisions/ep=1.79 (n=14)
update=119 global_step=243712 SPS=451 w_ev=0.646 m_ev=-0.343 m_v_bias=-1.4 m_adv_std=49.2437 m_kl_max=0.0212 m_ratio_max=0.680 return=-194.1 length=200 success_rate=0.00 collisions/ep=0.62 (n=8)
update=120 global_step=245760 SPS=453 w_ev=0.604 m_ev=0.383 m_v_bias=-5.8 m_adv_std=9.4346 m_kl_max=0.0142 m_ratio_max=0.476 return=-173.1 length=200 success_rate=0.00 collisions/ep=0.11 (n=9)
Evaluation at update 120: return=-169.63, length=200.00, success_rate=0.00, collisions/ep=0.00
Solved-check at update 120: solved=False worst_gap=1190.14 at p_x0=2.00 p_y0=-1.00 (consecutive=0)
update=121 global_step=247808 SPS=444 w_ev=0.678 m_ev=0.636 m_v_bias=-3.2 m_adv_std=6.5480 m_kl_max=0.0153 m_ratio_max=0.631 return=-175.9 length=200 success_rate=0.00 collisions/ep=0.10 (n=10)
update=122 global_step=249856 SPS=446 w_ev=0.692 m_ev=0.881 m_v_bias=-2.2 m_adv_std=3.4215 m_kl_max=0.0428 m_ratio_max=1.751 return=-167.4 length=200 success_rate=0.00 collisions/ep=0.00 (n=13)
update=123 global_step=251904 SPS=448 w_ev=0.653 m_ev=0.264 m_v_bias=2.0 m_adv_std=13.7318 m_kl_max=0.0241 m_ratio_max=0.581 return=-187.7 length=200 success_rate=0.00 collisions/ep=0.38 (n=8)
update=124 global_step=253952 SPS=450 w_ev=0.611 m_ev=0.513 m_v_bias=-3.4 m_adv_std=7.4001 m_kl_max=0.0303 m_ratio_max=0.872 return=-171.1 length=200 success_rate=0.00 collisions/ep=0.10 (n=10)
update=125 global_step=256000 SPS=453 w_ev=0.667 m_ev=0.834 m_v_bias=-4.2 m_adv_std=4.5502 m_kl_max=0.0165 m_ratio_max=0.530 return=-163.3 length=200 success_rate=0.00 collisions/ep=0.00 (n=14)
Evaluation at update 125: return=-162.12, length=200.00, success_rate=0.00, collisions/ep=0.00
Solved-check at update 125: solved=False worst_gap=1183.27 at p_x0=2.00 p_y0=-1.00 (consecutive=0)
update=126 global_step=258048 SPS=443 w_ev=0.702 m_ev=0.849 m_v_bias=-2.5 m_adv_std=4.2684 m_kl_max=0.0476 m_ratio_max=0.883 return=-159.4 length=200 success_rate=0.00 collisions/ep=0.00 (n=8)
update=127 global_step=260096 SPS=445 w_ev=0.648 m_ev=0.265 m_v_bias=4.0 m_adv_std=15.7352 m_kl_max=0.0265 m_ratio_max=0.984 return=-165.8 length=200 success_rate=0.00 collisions/ep=0.12 (n=8)
update=128 global_step=262144 SPS=448 w_ev=0.774 m_ev=0.856 m_v_bias=-5.0 m_adv_std=4.5418 m_kl_max=0.0241 m_ratio_max=0.661 return=-174.7 length=200 success_rate=0.00 collisions/ep=0.36 (n=11)
update=129 global_step=264192 SPS=450 w_ev=0.788 m_ev=0.297 m_v_bias=4.7 m_adv_std=35.7433 m_kl_max=0.0174 m_ratio_max=0.499 return=-184.0 length=200 success_rate=0.00 collisions/ep=0.62 (n=13)
update=130 global_step=266240 SPS=452 w_ev=0.804 m_ev=0.497 m_v_bias=-2.6 m_adv_std=8.3887 m_kl_max=0.0165 m_ratio_max=0.617 return=-155.3 length=200 success_rate=0.00 collisions/ep=0.00 (n=8)
Evaluation at update 130: return=-159.21, length=200.00, success_rate=0.00, collisions/ep=0.00
Solved-check at update 130: solved=False worst_gap=1179.41 at p_x0=2.00 p_y0=-0.50 (consecutive=0)
update=131 global_step=268288 SPS=443 w_ev=0.843 m_ev=0.504 m_v_bias=-1.0 m_adv_std=8.6240 m_kl_max=0.0160 m_ratio_max=0.526 return=-159.9 length=200 success_rate=0.00 collisions/ep=0.11 (n=9)
update=132 global_step=270336 SPS=445 w_ev=0.864 m_ev=0.360 m_v_bias=-1.9 m_adv_std=10.2000 m_kl_max=0.0291 m_ratio_max=0.935 return=-170.5 length=200 success_rate=0.00 collisions/ep=0.23 (n=13)
update=133 global_step=272384 SPS=447 w_ev=0.864 m_ev=0.396 m_v_bias=0.8 m_adv_std=17.0335 m_kl_max=0.0195 m_ratio_max=1.010 return=-165.5 length=200 success_rate=0.00 collisions/ep=0.20 (n=10)
update=134 global_step=274432 SPS=449 w_ev=0.830 m_ev=0.167 m_v_bias=16.4 m_adv_std=71.7946 m_kl_max=0.0147 m_ratio_max=0.511 return=-256.2 length=200 success_rate=0.00 collisions/ep=2.12 (n=8)
update=135 global_step=276480 SPS=451 w_ev=0.862 m_ev=0.174 m_v_bias=23.8 m_adv_std=135.5557 m_kl_max=0.0227 m_ratio_max=0.701 return=-255.8 length=200 success_rate=0.00 collisions/ep=2.20 (n=10)
Evaluation at update 135: return=-155.93, length=200.00, success_rate=0.00, collisions/ep=0.00
Solved-check at update 135: solved=False worst_gap=1177.65 at p_x0=2.00 p_y0=-1.00 (consecutive=0)
update=136 global_step=278528 SPS=443 w_ev=0.924 m_ev=-0.991 m_v_bias=-9.8 m_adv_std=28.9343 m_kl_max=0.0284 m_ratio_max=1.171 return=-154.2 length=200 success_rate=0.00 collisions/ep=0.00 (n=14)
update=137 global_step=280576 SPS=445 w_ev=0.850 m_ev=0.688 m_v_bias=-4.9 m_adv_std=6.6444 m_kl_max=0.0357 m_ratio_max=1.055 return=-156.7 length=200 success_rate=0.00 collisions/ep=0.00 (n=8)
update=138 global_step=282624 SPS=447 w_ev=0.848 m_ev=0.254 m_v_bias=17.5 m_adv_std=90.8190 m_kl_max=0.0238 m_ratio_max=1.110 return=-155.9 length=200 success_rate=0.00 collisions/ep=0.00 (n=9)
update=139 global_step=284672 SPS=449 w_ev=0.854 m_ev=-0.280 m_v_bias=-8.5 m_adv_std=16.6193 m_kl_max=0.0185 m_ratio_max=0.534 return=-236.1 length=200 success_rate=0.00 collisions/ep=1.64 (n=11)
update=140 global_step=286720 SPS=451 w_ev=0.850 m_ev=0.571 m_v_bias=-4.1 m_adv_std=8.5021 m_kl_max=0.0245 m_ratio_max=0.582 return=-159.1 length=200 success_rate=0.00 collisions/ep=0.00 (n=12)
Evaluation at update 140: return=-158.52, length=200.00, success_rate=0.00, collisions/ep=0.00
Solved-check at update 140: solved=False worst_gap=1180.56 at p_x0=2.00 p_y0=-1.00 (consecutive=0)
update=141 global_step=288768 SPS=443 w_ev=0.860 m_ev=0.168 m_v_bias=26.2 m_adv_std=120.3956 m_kl_max=0.0123 m_ratio_max=0.408 return=-314.3 length=200 success_rate=0.00 collisions/ep=3.12 (n=8)
update=142 global_step=290816 SPS=445 w_ev=0.859 m_ev=-0.106 m_v_bias=-7.2 m_adv_std=19.2493 m_kl_max=0.0156 m_ratio_max=0.612 return=-158.3 length=200 success_rate=0.00 collisions/ep=0.10 (n=10)
update=143 global_step=292864 SPS=447 w_ev=0.872 m_ev=0.586 m_v_bias=-9.0 m_adv_std=9.2264 m_kl_max=0.0243 m_ratio_max=0.725 return=-161.0 length=200 success_rate=0.00 collisions/ep=0.07 (n=14)
update=144 global_step=294912 SPS=449 w_ev=0.807 m_ev=0.190 m_v_bias=8.7 m_adv_std=64.8485 m_kl_max=0.0205 m_ratio_max=0.812 return=-231.6 length=200 success_rate=0.00 collisions/ep=1.38 (n=8)
update=145 global_step=296960 SPS=451 w_ev=0.850 m_ev=0.454 m_v_bias=-6.2 m_adv_std=10.8421 m_kl_max=0.0208 m_ratio_max=0.568 return=-164.8 length=200 success_rate=0.00 collisions/ep=0.11 (n=9)
Evaluation at update 145: return=-159.90, length=200.00, success_rate=0.00, collisions/ep=0.00
Solved-check at update 145: solved=False worst_gap=1181.17 at p_x0=2.00 p_y0=1.00 (consecutive=0)
update=146 global_step=299008 SPS=444 w_ev=0.860 m_ev=0.213 m_v_bias=17.5 m_adv_std=65.3466 m_kl_max=0.0236 m_ratio_max=0.792 return=-197.5 length=200 success_rate=0.00 collisions/ep=0.80 (n=10)
update=147 global_step=301056 SPS=445 w_ev=0.896 m_ev=-0.647 m_v_bias=-10.9 m_adv_std=18.4671 m_kl_max=0.0172 m_ratio_max=0.755 return=-182.8 length=200 success_rate=0.00 collisions/ep=0.46 (n=13)
update=148 global_step=303104 SPS=447 w_ev=0.881 m_ev=0.763 m_v_bias=-5.4 m_adv_std=5.9078 m_kl_max=0.0123 m_ratio_max=0.388 return=-156.2 length=200 success_rate=0.00 collisions/ep=0.00 (n=8)
update=149 global_step=305152 SPS=449 w_ev=0.870 m_ev=0.911 m_v_bias=-4.8 m_adv_std=3.6306 m_kl_max=0.0328 m_ratio_max=0.713 return=-155.1 length=200 success_rate=0.00 collisions/ep=0.00 (n=10)
update=150 global_step=307200 SPS=451 w_ev=0.903 m_ev=0.959 m_v_bias=-3.5 m_adv_std=2.4862 m_kl_max=0.0114 m_ratio_max=0.521 return=-156.8 length=200 success_rate=0.00 collisions/ep=0.00 (n=14)
Evaluation at update 150: return=-158.77, length=200.00, success_rate=0.00, collisions/ep=0.00
Solved-check at update 150: solved=False worst_gap=1179.64 at p_x0=2.00 p_y0=-1.00 (consecutive=0)
update=151 global_step=309248 SPS=444 w_ev=0.865 m_ev=0.962 m_v_bias=-1.7 m_adv_std=2.3465 m_kl_max=0.0323 m_ratio_max=0.947 return=-161.3 length=200 success_rate=0.00 collisions/ep=0.00 (n=8)
update=152 global_step=311296 SPS=445 w_ev=0.843 m_ev=0.950 m_v_bias=-1.6 m_adv_std=2.4451 m_kl_max=0.0242 m_ratio_max=1.004 return=-154.2 length=200 success_rate=0.00 collisions/ep=0.00 (n=8)
update=153 global_step=313344 SPS=447 w_ev=0.884 m_ev=0.968 m_v_bias=-0.8 m_adv_std=2.0690 m_kl_max=0.0310 m_ratio_max=0.889 return=-155.9 length=200 success_rate=0.00 collisions/ep=0.00 (n=11)
update=154 global_step=315392 SPS=449 w_ev=0.890 m_ev=0.810 m_v_bias=-1.0 m_adv_std=5.7463 m_kl_max=0.0295 m_ratio_max=1.179 return=-159.4 length=200 success_rate=0.00 collisions/ep=0.08 (n=13)
update=155 global_step=317440 SPS=451 w_ev=0.895 m_ev=0.291 m_v_bias=2.7 m_adv_std=18.9694 m_kl_max=0.0347 m_ratio_max=1.217 return=-170.5 length=200 success_rate=0.00 collisions/ep=0.38 (n=8)
Evaluation at update 155: return=-152.70, length=200.00, success_rate=0.00, collisions/ep=0.00
Solved-check at update 155: solved=False worst_gap=1173.40 at p_x0=2.00 p_y0=1.00 (consecutive=0)
update=156 global_step=319488 SPS=444 w_ev=0.885 m_ev=0.228 m_v_bias=10.1 m_adv_std=43.2566 m_kl_max=0.0128 m_ratio_max=0.678 return=-195.1 length=200 success_rate=0.00 collisions/ep=0.89 (n=9)
update=157 global_step=321536 SPS=446 w_ev=0.925 m_ev=0.242 m_v_bias=9.2 m_adv_std=59.1550 m_kl_max=0.0224 m_ratio_max=0.682 return=-209.3 length=200 success_rate=0.00 collisions/ep=1.15 (n=13)
update=158 global_step=323584 SPS=447 w_ev=0.936 m_ev=0.575 m_v_bias=-4.4 m_adv_std=10.0743 m_kl_max=0.0164 m_ratio_max=0.831 return=-153.1 length=200 success_rate=0.00 collisions/ep=0.00 (n=10)
update=159 global_step=325632 SPS=449 w_ev=0.898 m_ev=0.823 m_v_bias=-6.4 m_adv_std=5.0925 m_kl_max=0.0287 m_ratio_max=0.898 return=-158.1 length=200 success_rate=0.00 collisions/ep=0.12 (n=8)
update=160 global_step=327680 SPS=451 w_ev=0.878 m_ev=0.268 m_v_bias=14.0 m_adv_std=56.9604 m_kl_max=0.0227 m_ratio_max=1.031 return=-214.8 length=200 success_rate=0.00 collisions/ep=1.30 (n=10)
Evaluation at update 160: return=-155.37, length=200.00, success_rate=0.00, collisions/ep=0.00
Solved-check at update 160: solved=False worst_gap=1176.03 at p_x0=2.00 p_y0=-1.00 (consecutive=0)
update=161 global_step=329728 SPS=444 w_ev=0.926 m_ev=0.165 m_v_bias=4.7 m_adv_std=54.8641 m_kl_max=0.0389 m_ratio_max=1.352 return=-216.2 length=200 success_rate=0.00 collisions/ep=1.21 (n=14)
update=162 global_step=331776 SPS=446 w_ev=0.892 m_ev=0.204 m_v_bias=-7.7 m_adv_std=12.1163 m_kl_max=0.0272 m_ratio_max=1.177 return=-153.7 length=200 success_rate=0.00 collisions/ep=0.00 (n=8)
update=163 global_step=333824 SPS=447 w_ev=0.894 m_ev=0.667 m_v_bias=-6.2 m_adv_std=7.0869 m_kl_max=0.0407 m_ratio_max=1.444 return=-155.9 length=200 success_rate=0.00 collisions/ep=0.00 (n=9)
update=164 global_step=335872 SPS=449 w_ev=0.927 m_ev=0.121 m_v_bias=11.4 m_adv_std=54.2451 m_kl_max=0.0340 m_ratio_max=2.137 return=-158.1 length=200 success_rate=0.00 collisions/ep=0.09 (n=11)
update=165 global_step=337920 SPS=450 w_ev=0.948 m_ev=0.465 m_v_bias=-4.9 m_adv_std=10.7847 m_kl_max=0.0057 m_ratio_max=0.444 return=-201.2 length=200 success_rate=0.00 collisions/ep=1.00 (n=12)
Evaluation at update 165: return=-157.99, length=200.00, success_rate=0.00, collisions/ep=0.00
Solved-check at update 165: solved=False worst_gap=1178.60 at p_x0=2.00 p_y0=1.00 (consecutive=0)
update=166 global_step=339968 SPS=444 w_ev=0.908 m_ev=0.708 m_v_bias=-4.9 m_adv_std=7.1644 m_kl_max=0.0253 m_ratio_max=1.150 return=-162.7 length=200 success_rate=0.00 collisions/ep=0.12 (n=8)
update=167 global_step=342016 SPS=445 w_ev=0.924 m_ev=0.956 m_v_bias=-3.5 m_adv_std=2.5609 m_kl_max=0.0327 m_ratio_max=0.704 return=-158.0 length=200 success_rate=0.00 collisions/ep=0.00 (n=10)
update=168 global_step=344064 SPS=447 w_ev=0.933 m_ev=0.971 m_v_bias=-1.8 m_adv_std=2.2482 m_kl_max=0.0327 m_ratio_max=1.054 return=-156.5 length=200 success_rate=0.00 collisions/ep=0.00 (n=14)
update=169 global_step=346112 SPS=448 w_ev=0.907 m_ev=0.526 m_v_bias=1.7 m_adv_std=11.6756 m_kl_max=0.0233 m_ratio_max=0.669 return=-152.6 length=200 success_rate=0.00 collisions/ep=0.00 (n=8)
update=170 global_step=348160 SPS=450 w_ev=0.889 m_ev=0.052 m_v_bias=7.2 m_adv_std=53.7586 m_kl_max=0.0377 m_ratio_max=1.040 return=-167.8 length=200 success_rate=0.00 collisions/ep=0.22 (n=9)
Evaluation at update 170: return=-157.44, length=200.00, success_rate=0.00, collisions/ep=0.00
Solved-check at update 170: solved=False worst_gap=1178.38 at p_x0=2.00 p_y0=0.50 (consecutive=0)
update=171 global_step=350208 SPS=443 w_ev=0.935 m_ev=0.548 m_v_bias=-6.7 m_adv_std=7.8483 m_kl_max=0.0151 m_ratio_max=0.899 return=-200.8 length=200 success_rate=0.00 collisions/ep=0.90 (n=10)
update=172 global_step=352256 SPS=445 w_ev=0.890 m_ev=0.934 m_v_bias=-2.0 m_adv_std=3.1501 m_kl_max=0.0378 m_ratio_max=0.684 return=-157.1 length=200 success_rate=0.00 collisions/ep=0.00 (n=13)
update=173 global_step=354304 SPS=446 w_ev=0.860 m_ev=0.955 m_v_bias=-1.4 m_adv_std=2.2774 m_kl_max=0.0194 m_ratio_max=0.809 return=-158.1 length=200 success_rate=0.00 collisions/ep=0.00 (n=8)
update=174 global_step=356352 SPS=448 w_ev=0.922 m_ev=0.977 m_v_bias=-1.6 m_adv_std=1.8762 m_kl_max=0.0356 m_ratio_max=1.078 return=-156.2 length=200 success_rate=0.00 collisions/ep=0.00 (n=10)
update=175 global_step=358400 SPS=449 w_ev=0.935 m_ev=0.785 m_v_bias=-0.1 m_adv_std=5.7479 m_kl_max=0.0205 m_ratio_max=1.096 return=-152.3 length=200 success_rate=0.00 collisions/ep=0.07 (n=14)
Evaluation at update 175: return=-154.53, length=200.00, success_rate=0.00, collisions/ep=0.00
Solved-check at update 175: solved=False worst_gap=1175.79 at p_x0=2.00 p_y0=1.00 (consecutive=0)
update=176 global_step=360448 SPS=443 w_ev=0.936 m_ev=0.973 m_v_bias=-1.7 m_adv_std=2.1337 m_kl_max=0.0358 m_ratio_max=0.946 return=-153.8 length=200 success_rate=0.00 collisions/ep=0.00 (n=8)
update=177 global_step=362496 SPS=445 w_ev=0.928 m_ev=0.980 m_v_bias=-0.4 m_adv_std=1.5802 m_kl_max=0.0438 m_ratio_max=0.910 return=-147.5 length=200 success_rate=0.00 collisions/ep=0.00 (n=8)
update=178 global_step=364544 SPS=446 w_ev=0.921 m_ev=0.045 m_v_bias=19.1 m_adv_std=61.8135 m_kl_max=0.0165 m_ratio_max=0.810 return=-148.6 length=200 success_rate=0.00 collisions/ep=0.00 (n=11)
update=179 global_step=366592 SPS=448 w_ev=0.894 m_ev=0.143 m_v_bias=13.1 m_adv_std=70.1662 m_kl_max=0.0191 m_ratio_max=0.697 return=-276.1 length=200 success_rate=0.00 collisions/ep=2.38 (n=13)
update=180 global_step=368640 SPS=449 w_ev=0.863 m_ev=0.170 m_v_bias=-3.4 m_adv_std=68.1833 m_kl_max=0.0283 m_ratio_max=0.950 return=-264.5 length=200 success_rate=0.00 collisions/ep=2.25 (n=8)
Evaluation at update 180: return=-152.82, length=200.00, success_rate=0.00, collisions/ep=0.00
Solved-check at update 180: solved=False worst_gap=1173.93 at p_x0=2.00 p_y0=0.50 (consecutive=0)
update=181 global_step=370688 SPS=443 w_ev=0.888 m_ev=0.306 m_v_bias=-8.1 m_adv_std=25.3529 m_kl_max=0.0201 m_ratio_max=0.814 return=-159.1 length=200 success_rate=0.00 collisions/ep=0.11 (n=9)
update=182 global_step=372736 SPS=444 w_ev=0.937 m_ev=0.804 m_v_bias=-9.8 m_adv_std=6.4249 m_kl_max=0.0136 m_ratio_max=0.548 return=-169.6 length=200 success_rate=0.00 collisions/ep=0.31 (n=13)
update=183 global_step=374784 SPS=446 w_ev=0.955 m_ev=0.904 m_v_bias=-6.3 m_adv_std=4.5050 m_kl_max=0.0178 m_ratio_max=0.703 return=-155.0 length=200 success_rate=0.00 collisions/ep=0.00 (n=10)
update=184 global_step=376832 SPS=447 w_ev=0.927 m_ev=0.723 m_v_bias=-3.5 m_adv_std=6.4401 m_kl_max=0.0389 m_ratio_max=1.518 return=-148.9 length=200 success_rate=0.00 collisions/ep=0.00 (n=8)
update=185 global_step=378880 SPS=449 w_ev=0.933 m_ev=0.965 m_v_bias=-3.2 m_adv_std=2.3015 m_kl_max=0.0803 m_ratio_max=1.092 return=-159.8 length=200 success_rate=0.00 collisions/ep=0.10 (n=10)
Evaluation at update 185: return=-151.35, length=200.00, success_rate=0.00, collisions/ep=0.00
Solved-check at update 185: solved=False worst_gap=1171.27 at p_x0=2.00 p_y0=0.50 (consecutive=0)
update=186 global_step=380928 SPS=443 w_ev=0.882 m_ev=0.215 m_v_bias=23.0 m_adv_std=77.8661 m_kl_max=0.0255 m_ratio_max=0.677 return=-187.3 length=200 success_rate=0.00 collisions/ep=0.71 (n=14)
update=187 global_step=382976 SPS=444 w_ev=0.862 m_ev=0.101 m_v_bias=-1.6 m_adv_std=35.7681 m_kl_max=0.0520 m_ratio_max=2.487 return=-208.7 length=200 success_rate=0.00 collisions/ep=1.12 (n=8)
update=188 global_step=385024 SPS=446 w_ev=0.884 m_ev=0.120 m_v_bias=10.9 m_adv_std=84.1418 m_kl_max=0.0190 m_ratio_max=0.584 return=-218.4 length=200 success_rate=0.00 collisions/ep=1.33 (n=9)
update=189 global_step=387072 SPS=447 w_ev=0.874 m_ev=0.209 m_v_bias=18.8 m_adv_std=80.6479 m_kl_max=0.0187 m_ratio_max=0.636 return=-331.0 length=200 success_rate=0.00 collisions/ep=3.55 (n=11)
update=190 global_step=389120 SPS=449 w_ev=0.917 m_ev=-0.760 m_v_bias=-17.0 m_adv_std=34.2924 m_kl_max=0.0382 m_ratio_max=1.226 return=-192.9 length=200 success_rate=0.00 collisions/ep=0.83 (n=12)
Evaluation at update 190: return=-153.14, length=200.00, success_rate=0.00, collisions/ep=0.00
Solved-check at update 190: solved=False worst_gap=1173.98 at p_x0=2.00 p_y0=1.00 (consecutive=0)
update=191 global_step=391168 SPS=443 w_ev=0.931 m_ev=0.728 m_v_bias=-13.1 m_adv_std=6.9899 m_kl_max=0.0414 m_ratio_max=0.934 return=-153.6 length=200 success_rate=0.00 collisions/ep=0.00 (n=8)
update=192 global_step=393216 SPS=444 w_ev=0.942 m_ev=0.789 m_v_bias=-6.2 m_adv_std=7.6567 m_kl_max=0.0164 m_ratio_max=0.919 return=-153.4 length=200 success_rate=0.00 collisions/ep=0.10 (n=10)
update=193 global_step=395264 SPS=446 w_ev=0.962 m_ev=0.117 m_v_bias=17.4 m_adv_std=70.7980 m_kl_max=0.0171 m_ratio_max=0.594 return=-203.8 length=200 success_rate=0.00 collisions/ep=1.14 (n=14)
update=194 global_step=397312 SPS=447 w_ev=0.943 m_ev=0.693 m_v_bias=-10.1 m_adv_std=7.8948 m_kl_max=0.0234 m_ratio_max=0.647 return=-149.1 length=200 success_rate=0.00 collisions/ep=0.00 (n=8)
update=195 global_step=399360 SPS=448 w_ev=0.910 m_ev=0.775 m_v_bias=-7.0 m_adv_std=6.8671 m_kl_max=0.0445 m_ratio_max=1.896 return=-156.6 length=200 success_rate=0.00 collisions/ep=0.11 (n=9)
Evaluation at update 195: return=-152.45, length=200.00, success_rate=0.00, collisions/ep=0.00
Solved-check at update 195: solved=False worst_gap=1173.62 at p_x0=2.00 p_y0=0.50 (consecutive=0)
update=196 global_step=401408 SPS=443 w_ev=0.948 m_ev=0.928 m_v_bias=-5.2 m_adv_std=3.5085 m_kl_max=0.0155 m_ratio_max=0.867 return=-153.3 length=200 success_rate=0.00 collisions/ep=0.00 (n=10)
update=197 global_step=403456 SPS=444 w_ev=0.952 m_ev=0.403 m_v_bias=1.0 m_adv_std=14.3566 m_kl_max=0.0247 m_ratio_max=0.828 return=-166.5 length=200 success_rate=0.00 collisions/ep=0.31 (n=13)
update=198 global_step=405504 SPS=446 w_ev=0.945 m_ev=0.481 m_v_bias=-0.8 m_adv_std=14.6708 m_kl_max=0.0118 m_ratio_max=0.756 return=-179.0 length=200 success_rate=0.00 collisions/ep=0.50 (n=8)
update=199 global_step=407552 SPS=447 w_ev=0.934 m_ev=0.936 m_v_bias=-2.7 m_adv_std=3.4147 m_kl_max=0.0227 m_ratio_max=0.746 return=-152.6 length=200 success_rate=0.00 collisions/ep=0.00 (n=10)
update=200 global_step=409600 SPS=448 w_ev=0.960 m_ev=0.264 m_v_bias=1.4 m_adv_std=27.8613 m_kl_max=0.0224 m_ratio_max=1.155 return=-167.4 length=200 success_rate=0.00 collisions/ep=0.36 (n=14)
Evaluation at update 200: return=-151.55, length=200.00, success_rate=0.00, collisions/ep=0.00
Solved-check at update 200: solved=False worst_gap=1173.12 at p_x0=2.00 p_y0=-0.50 (consecutive=0)
update=201 global_step=411648 SPS=442 w_ev=0.950 m_ev=0.846 m_v_bias=0.7 m_adv_std=5.9991 m_kl_max=0.0253 m_ratio_max=0.863 return=-155.5 length=200 success_rate=0.00 collisions/ep=0.12 (n=8)
update=202 global_step=413696 SPS=443 w_ev=0.882 m_ev=0.176 m_v_bias=11.2 m_adv_std=49.5323 m_kl_max=0.0452 m_ratio_max=1.174 return=-204.1 length=200 success_rate=0.00 collisions/ep=1.12 (n=8)
update=203 global_step=415744 SPS=444 w_ev=0.937 m_ev=0.271 m_v_bias=7.7 m_adv_std=31.7965 m_kl_max=0.0114 m_ratio_max=0.473 return=-165.0 length=200 success_rate=0.00 collisions/ep=0.18 (n=11)
update=204 global_step=417792 SPS=446 w_ev=0.930 m_ev=0.595 m_v_bias=0.6 m_adv_std=17.9620 m_kl_max=0.0195 m_ratio_max=0.632 return=-202.4 length=200 success_rate=0.00 collisions/ep=1.00 (n=13)
update=205 global_step=419840 SPS=447 w_ev=0.931 m_ev=0.745 m_v_bias=-5.3 m_adv_std=5.9570 m_kl_max=0.0277 m_ratio_max=0.918 return=-155.4 length=200 success_rate=0.00 collisions/ep=0.00 (n=8)
Evaluation at update 205: return=-155.35, length=200.00, success_rate=0.00, collisions/ep=0.00
Solved-check at update 205: solved=False worst_gap=1175.76 at p_x0=2.00 p_y0=1.00 (consecutive=0)
update=206 global_step=421888 SPS=442 w_ev=0.931 m_ev=0.914 m_v_bias=-3.8 m_adv_std=3.5167 m_kl_max=0.0425 m_ratio_max=1.323 return=-152.3 length=200 success_rate=0.00 collisions/ep=0.00 (n=9)
update=207 global_step=423936 SPS=443 w_ev=0.949 m_ev=0.968 m_v_bias=-2.8 m_adv_std=2.2381 m_kl_max=0.0227 m_ratio_max=0.611 return=-154.9 length=200 success_rate=0.00 collisions/ep=0.00 (n=13)
update=208 global_step=425984 SPS=444 w_ev=0.950 m_ev=0.289 m_v_bias=6.4 m_adv_std=47.8319 m_kl_max=0.0344 m_ratio_max=0.970 return=-197.8 length=200 success_rate=0.00 collisions/ep=0.90 (n=10)
update=209 global_step=428032 SPS=446 w_ev=0.954 m_ev=0.634 m_v_bias=-3.7 m_adv_std=7.8219 m_kl_max=0.0358 m_ratio_max=0.960 return=-153.5 length=200 success_rate=0.00 collisions/ep=0.00 (n=8)
update=210 global_step=430080 SPS=447 w_ev=0.944 m_ev=0.247 m_v_bias=2.4 m_adv_std=24.9963 m_kl_max=0.0172 m_ratio_max=0.526 return=-151.9 length=200 success_rate=0.00 collisions/ep=0.00 (n=10)
Evaluation at update 210: return=-155.20, length=200.00, success_rate=0.00, collisions/ep=0.00
Solved-check at update 210: solved=False worst_gap=1175.72 at p_x0=2.00 p_y0=1.00 (consecutive=0)
update=211 global_step=432128 SPS=442 w_ev=0.958 m_ev=0.892 m_v_bias=-3.9 m_adv_std=4.6681 m_kl_max=0.0258 m_ratio_max=0.966 return=-166.0 length=200 success_rate=0.00 collisions/ep=0.29 (n=14)
update=212 global_step=434176 SPS=443 w_ev=0.922 m_ev=-0.171 m_v_bias=2.4 m_adv_std=28.7045 m_kl_max=0.0133 m_ratio_max=0.650 return=-154.5 length=200 success_rate=0.00 collisions/ep=0.00 (n=8)
update=213 global_step=436224 SPS=444 w_ev=0.936 m_ev=0.058 m_v_bias=2.4 m_adv_std=46.0985 m_kl_max=0.0217 m_ratio_max=0.649 return=-245.9 length=200 success_rate=0.00 collisions/ep=1.78 (n=9)
update=214 global_step=438272 SPS=446 w_ev=0.957 m_ev=0.561 m_v_bias=-3.9 m_adv_std=8.1829 m_kl_max=0.0140 m_ratio_max=0.683 return=-155.7 length=200 success_rate=0.00 collisions/ep=0.09 (n=11)
update=215 global_step=440320 SPS=447 w_ev=0.940 m_ev=0.951 m_v_bias=-1.5 m_adv_std=2.6897 m_kl_max=0.0143 m_ratio_max=0.640 return=-155.5 length=200 success_rate=0.00 collisions/ep=0.00 (n=12)
Evaluation at update 215: return=-153.65, length=200.00, success_rate=0.00, collisions/ep=0.00
Solved-check at update 215: solved=False worst_gap=1174.30 at p_x0=2.00 p_y0=1.00 (consecutive=0)
update=216 global_step=442368 SPS=442 w_ev=0.945 m_ev=0.970 m_v_bias=-1.4 m_adv_std=1.9250 m_kl_max=0.0269 m_ratio_max=1.025 return=-157.4 length=200 success_rate=0.00 collisions/ep=0.00 (n=8)
update=217 global_step=444416 SPS=443 w_ev=0.956 m_ev=0.624 m_v_bias=2.1 m_adv_std=10.3980 m_kl_max=0.0174 m_ratio_max=0.772 return=-159.5 length=200 success_rate=0.00 collisions/ep=0.20 (n=10)
update=218 global_step=446464 SPS=444 w_ev=0.966 m_ev=0.855 m_v_bias=0.0 m_adv_std=6.2816 m_kl_max=0.0185 m_ratio_max=1.058 return=-155.8 length=200 success_rate=0.00 collisions/ep=0.07 (n=14)
update=219 global_step=448512 SPS=446 w_ev=0.963 m_ev=0.976 m_v_bias=-1.4 m_adv_std=2.0001 m_kl_max=0.0691 m_ratio_max=1.274 return=-147.2 length=200 success_rate=0.00 collisions/ep=0.00 (n=8)
update=220 global_step=450560 SPS=447 w_ev=0.952 m_ev=0.980 m_v_bias=-1.0 m_adv_std=1.4769 m_kl_max=0.0516 m_ratio_max=0.760 return=-147.5 length=200 success_rate=0.00 collisions/ep=0.00 (n=9)
Evaluation at update 220: return=-151.72, length=200.00, success_rate=0.00, collisions/ep=0.00
Solved-check at update 220: solved=False worst_gap=1172.76 at p_x0=2.00 p_y0=0.50 (consecutive=0)
update=221 global_step=452608 SPS=442 w_ev=0.950 m_ev=0.827 m_v_bias=-0.7 m_adv_std=6.2660 m_kl_max=0.0124 m_ratio_max=0.756 return=-157.7 length=200 success_rate=0.00 collisions/ep=0.10 (n=10)
update=222 global_step=454656 SPS=443 w_ev=0.962 m_ev=0.349 m_v_bias=5.7 m_adv_std=24.8779 m_kl_max=0.0231 m_ratio_max=0.874 return=-170.5 length=200 success_rate=0.00 collisions/ep=0.38 (n=13)
update=223 global_step=456704 SPS=445 w_ev=0.951 m_ev=0.197 m_v_bias=5.8 m_adv_std=37.0762 m_kl_max=0.0293 m_ratio_max=1.474 return=-188.0 length=200 success_rate=0.00 collisions/ep=0.88 (n=8)
update=224 global_step=458752 SPS=446 w_ev=0.950 m_ev=0.766 m_v_bias=-5.2 m_adv_std=7.0104 m_kl_max=0.0323 m_ratio_max=0.736 return=-151.5 length=200 success_rate=0.00 collisions/ep=0.00 (n=10)
update=225 global_step=460800 SPS=447 w_ev=0.957 m_ev=0.570 m_v_bias=-0.3 m_adv_std=10.9458 m_kl_max=0.0160 m_ratio_max=0.685 return=-163.4 length=200 success_rate=0.00 collisions/ep=0.21 (n=14)
Evaluation at update 225: return=-154.34, length=200.00, success_rate=0.00, collisions/ep=0.00
Solved-check at update 225: solved=False worst_gap=1175.31 at p_x0=2.00 p_y0=1.00 (consecutive=0)
update=226 global_step=462848 SPS=442 w_ev=0.956 m_ev=0.806 m_v_bias=-1.8 m_adv_std=6.5988 m_kl_max=0.0167 m_ratio_max=0.773 return=-157.9 length=200 success_rate=0.00 collisions/ep=0.12 (n=8)
update=227 global_step=464896 SPS=443 w_ev=0.956 m_ev=0.855 m_v_bias=-1.6 m_adv_std=5.3134 m_kl_max=0.0069 m_ratio_max=0.396 return=-158.8 length=200 success_rate=0.00 collisions/ep=0.12 (n=8)
update=228 global_step=466944 SPS=445 w_ev=0.949 m_ev=0.864 m_v_bias=-1.2 m_adv_std=5.1333 m_kl_max=0.0125 m_ratio_max=0.689 return=-152.3 length=200 success_rate=0.00 collisions/ep=0.09 (n=11)
update=229 global_step=468992 SPS=446 w_ev=0.970 m_ev=0.781 m_v_bias=0.3 m_adv_std=8.2622 m_kl_max=0.0543 m_ratio_max=1.703 return=-159.9 length=200 success_rate=0.00 collisions/ep=0.15 (n=13)
update=230 global_step=471040 SPS=447 w_ev=0.953 m_ev=0.499 m_v_bias=0.0 m_adv_std=11.7110 m_kl_max=0.0139 m_ratio_max=0.793 return=-159.9 length=200 success_rate=0.00 collisions/ep=0.25 (n=8)
Evaluation at update 230: return=-152.65, length=200.00, success_rate=0.00, collisions/ep=0.00
Solved-check at update 230: solved=False worst_gap=1174.05 at p_x0=2.00 p_y0=-0.50 (consecutive=0)
update=231 global_step=473088 SPS=443 w_ev=0.944 m_ev=0.065 m_v_bias=23.2 m_adv_std=99.4501 m_kl_max=0.0191 m_ratio_max=1.002 return=-152.1 length=200 success_rate=0.00 collisions/ep=0.00 (n=9)
update=232 global_step=475136 SPS=444 w_ev=0.963 m_ev=0.098 m_v_bias=1.3 m_adv_std=33.3624 m_kl_max=0.0268 m_ratio_max=0.694 return=-238.4 length=200 success_rate=0.00 collisions/ep=1.69 (n=13)
update=233 global_step=477184 SPS=445 w_ev=0.969 m_ev=0.288 m_v_bias=-1.3 m_adv_std=32.7982 m_kl_max=0.0211 m_ratio_max=0.974 return=-186.9 length=200 success_rate=0.00 collisions/ep=0.70 (n=10)
update=234 global_step=479232 SPS=446 w_ev=0.937 m_ev=0.136 m_v_bias=4.3 m_adv_std=40.2245 m_kl_max=0.0165 m_ratio_max=0.731 return=-206.3 length=200 success_rate=0.00 collisions/ep=1.12 (n=8)
update=235 global_step=481280 SPS=447 w_ev=0.957 m_ev=0.730 m_v_bias=-8.0 m_adv_std=7.3646 m_kl_max=0.0086 m_ratio_max=0.564 return=-156.4 length=200 success_rate=0.00 collisions/ep=0.00 (n=10)
Evaluation at update 235: return=-154.71, length=200.00, success_rate=0.00, collisions/ep=0.00
Solved-check at update 235: solved=False worst_gap=1176.05 at p_x0=2.00 p_y0=-1.00 (consecutive=0)
update=236 global_step=483328 SPS=443 w_ev=0.970 m_ev=0.916 m_v_bias=-5.2 m_adv_std=4.1147 m_kl_max=0.0141 m_ratio_max=0.667 return=-153.3 length=200 success_rate=0.00 collisions/ep=0.00 (n=14)
update=237 global_step=485376 SPS=445 w_ev=0.958 m_ev=0.967 m_v_bias=-3.1 m_adv_std=2.1180 m_kl_max=0.0274 m_ratio_max=1.409 return=-154.1 length=200 success_rate=0.00 collisions/ep=0.00 (n=8)
update=238 global_step=487424 SPS=446 w_ev=0.967 m_ev=0.978 m_v_bias=-2.1 m_adv_std=1.8421 m_kl_max=0.0578 m_ratio_max=2.237 return=-153.6 length=200 success_rate=0.00 collisions/ep=0.00 (n=9)
update=239 global_step=489472 SPS=447 w_ev=0.957 m_ev=0.984 m_v_bias=-1.7 m_adv_std=1.5063 m_kl_max=0.0325 m_ratio_max=0.746 return=-148.6 length=200 success_rate=0.00 collisions/ep=0.00 (n=11)
update=240 global_step=491520 SPS=448 w_ev=0.964 m_ev=0.819 m_v_bias=0.0 m_adv_std=6.1318 m_kl_max=0.0345 m_ratio_max=0.919 return=-153.2 length=200 success_rate=0.00 collisions/ep=0.08 (n=12)
Evaluation at update 240: return=-152.19, length=200.00, success_rate=0.00, collisions/ep=0.00
Solved-check at update 240: solved=False worst_gap=1173.77 at p_x0=2.00 p_y0=-0.50 (consecutive=0)
update=241 global_step=493568 SPS=444 w_ev=0.944 m_ev=0.500 m_v_bias=0.9 m_adv_std=12.0475 m_kl_max=0.0421 m_ratio_max=2.028 return=-150.6 length=200 success_rate=0.00 collisions/ep=0.00 (n=8)
update=242 global_step=495616 SPS=445 w_ev=0.965 m_ev=0.848 m_v_bias=-2.0 m_adv_std=5.6889 m_kl_max=0.0118 m_ratio_max=0.509 return=-157.0 length=200 success_rate=0.00 collisions/ep=0.20 (n=10)
update=243 global_step=497664 SPS=446 w_ev=0.958 m_ev=0.253 m_v_bias=4.8 m_adv_std=21.6975 m_kl_max=0.0119 m_ratio_max=0.524 return=-167.5 length=200 success_rate=0.00 collisions/ep=0.36 (n=14)
update=244 global_step=499712 SPS=447 w_ev=0.945 m_ev=0.818 m_v_bias=-3.1 m_adv_std=5.4225 m_kl_max=0.0089 m_ratio_max=0.500 return=-164.6 length=200 success_rate=0.00 collisions/ep=0.12 (n=8)
Saved checkpoints to C:\Users\loren\Desktop\MASTER THESIS\5_CODE\scenarios\slalom\studies\extrinsic_sweep\coef_0\runs\hppo_slalom_6_1790268004
