Using device: cpu
Solved-check: precomputed optimal returns for 25 fixed initial conditions (mean=1013.0, min=1011.0, max=1015.0); solved-tolerance=5.0
num_envs=8 num_steps_per_env=256 worker_batch_size=2048 worker_minibatch_size=256 num_updates=244 timesteps=499712 (requested 500000; 288 dropped by integer division)
update=1 global_step=2048 SPS=1100 w_ev=0.116 m_ev=0.002 m_v_bias=68.9 m_adv_std=276.2195 m_kl_max=0.0006 m_ratio_max=0.094 w_ax@goal=-0.03 w_v@goal=-0.20 return=-247.3 length=170 success_rate=0.38 collisions/ep=10.00 (n=8)
update=2 global_step=4096 SPS=1157 w_ev=0.232 m_ev=0.514 m_v_bias=56.9 m_adv_std=188.8684 m_kl_max=0.0013 m_ratio_max=0.180 w_ax@goal=+0.48 w_v@goal=-0.27 return=-259.4 length=192 success_rate=0.22 collisions/ep=6.11 (n=9)
update=3 global_step=6144 SPS=1116 w_ev=0.193 m_ev=-0.489 m_v_bias=167.1 m_adv_std=176.7970 m_kl_max=0.0075 m_ratio_max=0.462 return=-1108.8 length=200 success_rate=0.00 collisions/ep=17.73 (n=11)
update=4 global_step=8192 SPS=1102 w_ev=0.073 m_ev=0.513 m_v_bias=2.4 m_adv_std=245.7349 m_kl_max=0.0349 m_ratio_max=1.285 w_ax@goal=+0.09 w_v@goal=-0.29 return=-845.9 length=196 success_rate=0.17 collisions/ep=16.33 (n=12)
update=5 global_step=10240 SPS=1105 w_ev=0.103 m_ev=-0.980 m_v_bias=123.1 m_adv_std=213.8741 m_kl_max=0.0135 m_ratio_max=0.622 return=-1031.2 length=200 success_rate=0.00 collisions/ep=16.25 (n=8)
Evaluation at update 5: return=-2399.08, length=200.00, success_rate=0.00, collisions/ep=43.55
Solved-check at update 5: solved=False worst_gap=7725.01 at p_x0=0.00 p_y0=1.00 (consecutive=0)
update=6 global_step=12288 SPS=484 w_ev=0.166 m_ev=0.369 m_v_bias=-45.8 m_adv_std=114.7484 m_kl_max=0.0145 m_ratio_max=0.494 w_ax@goal=-0.86 w_v@goal=-0.11 return=-907.1 length=200 success_rate=0.00 collisions/ep=14.09 (n=11)
update=7 global_step=14336 SPS=525 w_ev=0.214 m_ev=-0.068 m_v_bias=-51.5 m_adv_std=127.5428 m_kl_max=0.0304 m_ratio_max=0.803 return=-721.8 length=200 success_rate=0.00 collisions/ep=10.30 (n=10)
update=8 global_step=16384 SPS=562 w_ev=0.241 m_ev=0.217 m_v_bias=-62.2 m_adv_std=90.9054 m_kl_max=0.0284 m_ratio_max=0.863 return=-398.3 length=200 success_rate=0.00 collisions/ep=3.82 (n=11)
update=9 global_step=18432 SPS=598 w_ev=0.213 m_ev=-0.674 m_v_bias=27.0 m_adv_std=169.7276 m_kl_max=0.0249 m_ratio_max=1.344 w_ax@goal=-0.56 w_v@goal=-0.22 return=-542.5 length=200 success_rate=0.00 collisions/ep=7.00 (n=10)
update=10 global_step=20480 SPS=626 w_ev=0.250 m_ev=-0.239 m_v_bias=-36.5 m_adv_std=108.1848 m_kl_max=0.0154 m_ratio_max=0.711 return=-466.1 length=200 success_rate=0.00 collisions/ep=5.50 (n=10)
Evaluation at update 10: return=-220.77, length=200.00, success_rate=0.00, collisions/ep=0.00
Solved-check at update 10: solved=False worst_gap=1241.01 at p_x0=2.00 p_y0=-1.00 (consecutive=0)
update=11 global_step=22528 SPS=467 w_ev=0.211 m_ev=0.160 m_v_bias=-5.0 m_adv_std=87.7868 m_kl_max=0.0224 m_ratio_max=0.539 return=-414.1 length=200 success_rate=0.00 collisions/ep=4.42 (n=12)
update=12 global_step=24576 SPS=492 w_ev=-0.052 m_ev=0.156 m_v_bias=-21.6 m_adv_std=95.5497 m_kl_max=0.0048 m_ratio_max=0.423 return=-392.1 length=200 success_rate=0.00 collisions/ep=4.00 (n=8)
update=13 global_step=26624 SPS=514 w_ev=0.246 m_ev=-0.477 m_v_bias=-32.5 m_adv_std=37.5637 m_kl_max=0.0045 m_ratio_max=0.297 return=-233.6 length=200 success_rate=0.00 collisions/ep=0.64 (n=11)
update=14 global_step=28672 SPS=533 w_ev=0.235 m_ev=0.288 m_v_bias=1.5 m_adv_std=40.9506 m_kl_max=0.0182 m_ratio_max=0.635 return=-259.5 length=200 success_rate=0.00 collisions/ep=1.00 (n=9)
update=15 global_step=30720 SPS=551 w_ev=0.232 m_ev=0.278 m_v_bias=6.8 m_adv_std=77.3609 m_kl_max=0.0095 m_ratio_max=0.535 return=-332.4 length=200 success_rate=0.00 collisions/ep=2.67 (n=12)
Evaluation at update 15: return=-213.67, length=200.00, success_rate=0.00, collisions/ep=0.00
Solved-check at update 15: solved=False worst_gap=1232.52 at p_x0=2.00 p_y0=-1.00 (consecutive=0)
update=16 global_step=32768 SPS=455 w_ev=0.219 m_ev=0.367 m_v_bias=21.8 m_adv_std=96.2935 m_kl_max=0.0129 m_ratio_max=0.468 return=-216.7 length=200 success_rate=0.00 collisions/ep=0.33 (n=9)
update=17 global_step=34816 SPS=471 w_ev=0.113 m_ev=0.483 m_v_bias=-15.9 m_adv_std=46.2423 m_kl_max=0.0169 m_ratio_max=0.805 return=-350.4 length=200 success_rate=0.00 collisions/ep=3.09 (n=11)
update=18 global_step=36864 SPS=486 w_ev=0.183 m_ev=0.679 m_v_bias=-8.9 m_adv_std=39.3797 m_kl_max=0.0274 m_ratio_max=0.528 return=-219.0 length=200 success_rate=0.00 collisions/ep=0.67 (n=12)
update=19 global_step=38912 SPS=501 w_ev=0.202 m_ev=0.473 m_v_bias=8.2 m_adv_std=71.9552 m_kl_max=0.0221 m_ratio_max=0.814 return=-380.4 length=200 success_rate=0.00 collisions/ep=4.00 (n=8)
update=20 global_step=40960 SPS=515 w_ev=0.222 m_ev=0.499 m_v_bias=-13.2 m_adv_std=34.0471 m_kl_max=0.0189 m_ratio_max=0.892 return=-277.4 length=200 success_rate=0.00 collisions/ep=1.45 (n=11)
Evaluation at update 20: return=-221.58, length=200.00, success_rate=0.00, collisions/ep=0.00
Solved-check at update 20: solved=False worst_gap=1241.01 at p_x0=2.00 p_y0=1.00 (consecutive=0)
update=21 global_step=43008 SPS=453 w_ev=0.417 m_ev=-0.106 m_v_bias=-7.7 m_adv_std=18.4887 m_kl_max=0.0169 m_ratio_max=0.477 return=-214.8 length=200 success_rate=0.00 collisions/ep=0.00 (n=9)
update=22 global_step=45056 SPS=465 w_ev=0.474 m_ev=0.100 m_v_bias=-3.5 m_adv_std=13.5467 m_kl_max=0.0123 m_ratio_max=0.407 return=-223.4 length=200 success_rate=0.00 collisions/ep=0.17 (n=12)
update=23 global_step=47104 SPS=477 w_ev=0.612 m_ev=0.722 m_v_bias=2.5 m_adv_std=12.9348 m_kl_max=0.0086 m_ratio_max=0.486 return=-223.9 length=200 success_rate=0.00 collisions/ep=0.12 (n=8)
update=24 global_step=49152 SPS=488 w_ev=0.542 m_ev=0.288 m_v_bias=1.5 m_adv_std=8.9524 m_kl_max=0.0122 m_ratio_max=0.622 return=-232.6 length=200 success_rate=0.00 collisions/ep=0.33 (n=12)
update=25 global_step=51200 SPS=499 w_ev=0.619 m_ev=0.594 m_v_bias=0.2 m_adv_std=5.1798 m_kl_max=0.0172 m_ratio_max=0.814 return=-216.4 length=200 success_rate=0.00 collisions/ep=0.00 (n=12)
Evaluation at update 25: return=-221.58, length=200.00, success_rate=0.00, collisions/ep=0.00
Solved-check at update 25: solved=False worst_gap=1241.01 at p_x0=2.00 p_y0=0.00 (consecutive=0)
update=26 global_step=53248 SPS=452 w_ev=0.697 m_ev=0.650 m_v_bias=-0.6 m_adv_std=6.0249 m_kl_max=0.0158 m_ratio_max=0.568 return=-218.5 length=200 success_rate=0.00 collisions/ep=0.00 (n=8)
update=27 global_step=55296 SPS=462 w_ev=0.685 m_ev=0.351 m_v_bias=-1.6 m_adv_std=6.5186 m_kl_max=0.0187 m_ratio_max=0.633 return=-210.7 length=200 success_rate=0.00 collisions/ep=0.00 (n=10)
update=28 global_step=57344 SPS=471 w_ev=0.545 m_ev=0.609 m_v_bias=-3.0 m_adv_std=5.3871 m_kl_max=0.0218 m_ratio_max=0.886 return=-211.0 length=200 success_rate=0.00 collisions/ep=0.00 (n=10)
update=29 global_step=59392 SPS=481 w_ev=0.583 m_ev=0.155 m_v_bias=7.0 m_adv_std=36.8181 m_kl_max=0.0130 m_ratio_max=0.510 return=-224.6 length=200 success_rate=0.00 collisions/ep=0.50 (n=12)
update=30 global_step=61440 SPS=490 w_ev=0.545 m_ev=-0.130 m_v_bias=-5.5 m_adv_std=11.6128 m_kl_max=0.0237 m_ratio_max=0.959 return=-205.1 length=200 success_rate=0.00 collisions/ep=0.00 (n=8)
Evaluation at update 30: return=-206.11, length=200.00, success_rate=0.00, collisions/ep=0.00
Solved-check at update 30: solved=False worst_gap=1222.53 at p_x0=2.00 p_y0=-1.00 (consecutive=0)
update=31 global_step=63488 SPS=449 w_ev=0.565 m_ev=0.197 m_v_bias=8.7 m_adv_std=47.5931 m_kl_max=0.0244 m_ratio_max=0.996 return=-220.1 length=200 success_rate=0.00 collisions/ep=0.36 (n=11)
update=32 global_step=65536 SPS=457 w_ev=0.434 m_ev=-0.736 m_v_bias=-4.2 m_adv_std=18.2427 m_kl_max=0.0296 m_ratio_max=1.372 return=-233.4 length=200 success_rate=0.00 collisions/ep=0.90 (n=10)
update=33 global_step=67584 SPS=465 w_ev=0.552 m_ev=0.771 m_v_bias=1.3 m_adv_std=10.2464 m_kl_max=0.0100 m_ratio_max=0.452 return=-198.4 length=200 success_rate=0.00 collisions/ep=0.09 (n=11)
update=34 global_step=69632 SPS=473 w_ev=0.586 m_ev=0.223 m_v_bias=17.7 m_adv_std=66.2444 m_kl_max=0.0145 m_ratio_max=0.669 return=-214.6 length=200 success_rate=0.00 collisions/ep=0.30 (n=10)
update=35 global_step=71680 SPS=481 w_ev=0.341 m_ev=0.334 m_v_bias=15.0 m_adv_std=74.6964 m_kl_max=0.0141 m_ratio_max=0.674 return=-343.8 length=200 success_rate=0.00 collisions/ep=3.00 (n=10)
Evaluation at update 35: return=-213.80, length=200.00, success_rate=0.00, collisions/ep=0.00
Solved-check at update 35: solved=False worst_gap=1229.55 at p_x0=2.00 p_y0=-1.00 (consecutive=0)
update=36 global_step=73728 SPS=448 w_ev=0.391 m_ev=0.541 m_v_bias=3.9 m_adv_std=33.6482 m_kl_max=0.0232 m_ratio_max=0.536 return=-252.4 length=200 success_rate=0.00 collisions/ep=1.08 (n=12)
update=37 global_step=75776 SPS=456 w_ev=0.495 m_ev=-0.330 m_v_bias=-10.4 m_adv_std=19.4072 m_kl_max=0.0136 m_ratio_max=0.475 return=-228.0 length=200 success_rate=0.00 collisions/ep=0.38 (n=8)
update=38 global_step=77824 SPS=463 w_ev=0.548 m_ev=0.164 m_v_bias=-3.5 m_adv_std=11.6125 m_kl_max=0.0140 m_ratio_max=0.895 return=-219.5 length=200 success_rate=0.00 collisions/ep=0.09 (n=11)
update=39 global_step=79872 SPS=470 w_ev=0.386 m_ev=0.599 m_v_bias=0.5 m_adv_std=4.2845 m_kl_max=0.0314 m_ratio_max=1.410 return=-213.8 length=200 success_rate=0.00 collisions/ep=0.00 (n=9)
update=40 global_step=81920 SPS=476 w_ev=0.469 m_ev=0.583 m_v_bias=-2.6 m_adv_std=6.1101 m_kl_max=0.0210 m_ratio_max=0.664 return=-205.3 length=200 success_rate=0.00 collisions/ep=0.00 (n=12)
Evaluation at update 40: return=-202.02, length=200.00, success_rate=0.00, collisions/ep=0.00
Solved-check at update 40: solved=False worst_gap=1218.20 at p_x0=2.00 p_y0=0.00 (consecutive=0)
update=41 global_step=83968 SPS=448 w_ev=0.434 m_ev=0.611 m_v_bias=-0.6 m_adv_std=4.6110 m_kl_max=0.0375 m_ratio_max=1.261 return=-210.2 length=200 success_rate=0.00 collisions/ep=0.00 (n=9)
update=42 global_step=86016 SPS=455 w_ev=0.477 m_ev=0.313 m_v_bias=14.1 m_adv_std=41.2759 m_kl_max=0.0089 m_ratio_max=0.370 return=-230.7 length=200 success_rate=0.00 collisions/ep=0.82 (n=11)
update=43 global_step=88064 SPS=461 w_ev=0.533 m_ev=0.230 m_v_bias=-4.0 m_adv_std=27.5774 m_kl_max=0.0201 m_ratio_max=0.628 return=-228.6 length=200 success_rate=0.00 collisions/ep=0.75 (n=12)
update=44 global_step=90112 SPS=467 w_ev=0.585 m_ev=0.318 m_v_bias=-4.3 m_adv_std=8.1524 m_kl_max=0.0175 m_ratio_max=0.599 return=-211.8 length=200 success_rate=0.00 collisions/ep=0.25 (n=8)
update=45 global_step=92160 SPS=473 w_ev=0.426 m_ev=0.472 m_v_bias=4.2 m_adv_std=38.0662 m_kl_max=0.0137 m_ratio_max=0.461 return=-193.7 length=200 success_rate=0.00 collisions/ep=0.00 (n=11)
Evaluation at update 45: return=-199.14, length=200.00, success_rate=0.00, collisions/ep=0.00
Solved-check at update 45: solved=False worst_gap=1216.33 at p_x0=2.00 p_y0=1.00 (consecutive=0)
update=46 global_step=94208 SPS=447 w_ev=0.373 m_ev=0.588 m_v_bias=3.0 m_adv_std=11.9707 m_kl_max=0.0161 m_ratio_max=0.481 return=-228.1 length=200 success_rate=0.00 collisions/ep=0.78 (n=9)
update=47 global_step=96256 SPS=453 w_ev=0.411 m_ev=0.427 m_v_bias=-2.7 m_adv_std=13.3104 m_kl_max=0.0073 m_ratio_max=0.610 return=-215.4 length=200 success_rate=0.00 collisions/ep=0.25 (n=12)
update=48 global_step=98304 SPS=458 w_ev=0.355 m_ev=0.397 m_v_bias=-1.0 m_adv_std=8.0946 m_kl_max=0.0179 m_ratio_max=0.624 return=-217.8 length=200 success_rate=0.00 collisions/ep=0.25 (n=8)
update=49 global_step=100352 SPS=464 w_ev=0.368 m_ev=0.478 m_v_bias=-2.0 m_adv_std=4.8510 m_kl_max=0.0308 m_ratio_max=0.652 return=-202.6 length=200 success_rate=0.00 collisions/ep=0.00 (n=12)
update=50 global_step=102400 SPS=470 w_ev=0.448 m_ev=0.681 m_v_bias=-2.1 m_adv_std=7.6582 m_kl_max=0.0152 m_ratio_max=0.778 return=-188.5 length=200 success_rate=0.00 collisions/ep=0.08 (n=12)
Evaluation at update 50: return=-182.24, length=200.00, success_rate=0.00, collisions/ep=0.00
Solved-check at update 50: solved=False worst_gap=1200.83 at p_x0=2.00 p_y0=0.50 (consecutive=0)
update=51 global_step=104448 SPS=448 w_ev=0.352 m_ev=0.766 m_v_bias=-1.9 m_adv_std=5.9211 m_kl_max=0.0351 m_ratio_max=1.929 return=-192.2 length=200 success_rate=0.00 collisions/ep=0.12 (n=8)
update=52 global_step=106496 SPS=453 w_ev=0.311 m_ev=0.375 m_v_bias=5.3 m_adv_std=20.9406 m_kl_max=0.0175 m_ratio_max=0.719 return=-189.0 length=200 success_rate=0.00 collisions/ep=0.20 (n=10)
update=53 global_step=108544 SPS=458 w_ev=0.367 m_ev=0.441 m_v_bias=-0.0 m_adv_std=13.0026 m_kl_max=0.0203 m_ratio_max=0.483 return=-224.4 length=200 success_rate=0.00 collisions/ep=0.80 (n=10)
update=54 global_step=110592 SPS=463 w_ev=0.466 m_ev=0.595 m_v_bias=-5.6 m_adv_std=6.9024 m_kl_max=0.0174 m_ratio_max=0.706 return=-184.6 length=200 success_rate=0.00 collisions/ep=0.00 (n=12)
update=55 global_step=112640 SPS=468 w_ev=0.545 m_ev=0.088 m_v_bias=17.5 m_adv_std=97.4821 m_kl_max=0.0206 m_ratio_max=0.640 return=-188.6 length=200 success_rate=0.00 collisions/ep=0.12 (n=8)
Evaluation at update 55: return=-181.60, length=200.00, success_rate=0.00, collisions/ep=0.00
Solved-check at update 55: solved=False worst_gap=1200.95 at p_x0=2.00 p_y0=0.50 (consecutive=0)
update=56 global_step=114688 SPS=446 w_ev=0.397 m_ev=0.520 m_v_bias=2.4 m_adv_std=23.0382 m_kl_max=0.0271 m_ratio_max=1.144 return=-302.7 length=200 success_rate=0.00 collisions/ep=2.36 (n=11)
update=57 global_step=116736 SPS=450 w_ev=0.417 m_ev=0.243 m_v_bias=-6.6 m_adv_std=14.2796 m_kl_max=0.0139 m_ratio_max=0.514 return=-186.0 length=200 success_rate=0.00 collisions/ep=0.10 (n=10)
update=58 global_step=118784 SPS=455 w_ev=0.386 m_ev=0.641 m_v_bias=-2.5 m_adv_std=4.1409 m_kl_max=0.0265 m_ratio_max=0.832 return=-197.4 length=200 success_rate=0.00 collisions/ep=0.09 (n=11)
update=59 global_step=120832 SPS=459 w_ev=0.341 m_ev=0.401 m_v_bias=-2.0 m_adv_std=7.0371 m_kl_max=0.0330 m_ratio_max=1.020 return=-190.9 length=200 success_rate=0.00 collisions/ep=0.00 (n=10)
update=60 global_step=122880 SPS=464 w_ev=0.330 m_ev=0.371 m_v_bias=2.7 m_adv_std=19.3246 m_kl_max=0.0142 m_ratio_max=0.663 return=-196.5 length=200 success_rate=0.00 collisions/ep=0.10 (n=10)
Evaluation at update 60: return=-188.31, length=200.00, success_rate=0.00, collisions/ep=0.00
Solved-check at update 60: solved=False worst_gap=1207.98 at p_x0=2.00 p_y0=1.00 (consecutive=0)
update=61 global_step=124928 SPS=446 w_ev=0.365 m_ev=0.676 m_v_bias=-3.7 m_adv_std=8.2130 m_kl_max=0.0237 m_ratio_max=0.864 return=-204.5 length=200 success_rate=0.00 collisions/ep=0.50 (n=12)
update=62 global_step=126976 SPS=450 w_ev=0.362 m_ev=0.506 m_v_bias=0.1 m_adv_std=12.6013 m_kl_max=0.0153 m_ratio_max=0.935 return=-197.6 length=200 success_rate=0.00 collisions/ep=0.25 (n=8)
update=63 global_step=129024 SPS=455 w_ev=0.261 m_ev=0.291 m_v_bias=-1.8 m_adv_std=7.6118 m_kl_max=0.0229 m_ratio_max=0.598 return=-188.9 length=200 success_rate=0.00 collisions/ep=0.09 (n=11)
update=64 global_step=131072 SPS=459 w_ev=0.263 m_ev=0.176 m_v_bias=3.5 m_adv_std=28.2873 m_kl_max=0.0220 m_ratio_max=0.818 return=-211.8 length=200 success_rate=0.00 collisions/ep=0.56 (n=9)
update=65 global_step=133120 SPS=463 w_ev=0.330 m_ev=0.211 m_v_bias=-0.6 m_adv_std=14.8537 m_kl_max=0.0147 m_ratio_max=0.710 return=-204.6 length=200 success_rate=0.00 collisions/ep=0.42 (n=12)
Evaluation at update 65: return=-185.20, length=200.00, success_rate=0.00, collisions/ep=0.00
Solved-check at update 65: solved=False worst_gap=1204.49 at p_x0=2.00 p_y0=-0.50 (consecutive=0)
update=66 global_step=135168 SPS=446 w_ev=0.290 m_ev=0.565 m_v_bias=-4.3 m_adv_std=6.8716 m_kl_max=0.0124 m_ratio_max=0.489 return=-189.0 length=200 success_rate=0.00 collisions/ep=0.11 (n=9)
update=67 global_step=137216 SPS=450 w_ev=0.418 m_ev=0.244 m_v_bias=2.4 m_adv_std=23.8885 m_kl_max=0.0214 m_ratio_max=1.086 return=-202.9 length=200 success_rate=0.00 collisions/ep=0.45 (n=11)
update=68 global_step=139264 SPS=454 w_ev=0.330 m_ev=0.328 m_v_bias=2.8 m_adv_std=25.0748 m_kl_max=0.0126 m_ratio_max=0.582 return=-200.8 length=200 success_rate=0.00 collisions/ep=0.42 (n=12)
update=69 global_step=141312 SPS=457 w_ev=0.400 m_ev=0.412 m_v_bias=-1.5 m_adv_std=8.2673 m_kl_max=0.0061 m_ratio_max=0.402 return=-191.8 length=200 success_rate=0.00 collisions/ep=0.12 (n=8)
update=70 global_step=143360 SPS=461 w_ev=0.320 m_ev=0.710 m_v_bias=-1.5 m_adv_std=4.7046 m_kl_max=0.0247 m_ratio_max=0.653 return=-187.2 length=200 success_rate=0.00 collisions/ep=0.00 (n=11)
Evaluation at update 70: return=-183.33, length=200.00, success_rate=0.00, collisions/ep=0.00
Solved-check at update 70: solved=False worst_gap=1204.19 at p_x0=2.00 p_y0=0.50 (consecutive=0)
update=71 global_step=145408 SPS=445 w_ev=0.297 m_ev=0.648 m_v_bias=-2.7 m_adv_std=6.1618 m_kl_max=0.0185 m_ratio_max=0.824 return=-186.4 length=200 success_rate=0.00 collisions/ep=0.11 (n=9)
update=72 global_step=147456 SPS=449 w_ev=0.377 m_ev=0.653 m_v_bias=-1.1 m_adv_std=7.9828 m_kl_max=0.0229 m_ratio_max=0.658 return=-179.6 length=200 success_rate=0.00 collisions/ep=0.08 (n=12)
update=73 global_step=149504 SPS=452 w_ev=0.402 m_ev=0.641 m_v_bias=-0.5 m_adv_std=6.1548 m_kl_max=0.0237 m_ratio_max=1.098 return=-192.6 length=200 success_rate=0.00 collisions/ep=0.25 (n=8)
update=74 global_step=151552 SPS=456 w_ev=0.435 m_ev=0.415 m_v_bias=0.1 m_adv_std=10.6140 m_kl_max=0.0122 m_ratio_max=1.243 return=-189.5 length=200 success_rate=0.00 collisions/ep=0.25 (n=12)
update=75 global_step=153600 SPS=460 w_ev=0.454 m_ev=0.273 m_v_bias=4.9 m_adv_std=24.0638 m_kl_max=0.0284 m_ratio_max=0.796 return=-211.2 length=200 success_rate=0.00 collisions/ep=0.67 (n=12)
Evaluation at update 75: return=-179.79, length=200.00, success_rate=0.00, collisions/ep=0.00
Solved-check at update 75: solved=False worst_gap=1199.55 at p_x0=2.00 p_y0=1.00 (consecutive=0)
update=76 global_step=155648 SPS=445 w_ev=0.468 m_ev=0.488 m_v_bias=3.2 m_adv_std=13.9814 m_kl_max=0.0273 m_ratio_max=0.993 return=-204.9 length=200 success_rate=0.00 collisions/ep=0.50 (n=8)
update=77 global_step=157696 SPS=448 w_ev=0.220 m_ev=0.444 m_v_bias=-1.5 m_adv_std=12.1879 m_kl_max=0.0163 m_ratio_max=0.917 return=-196.9 length=200 success_rate=0.00 collisions/ep=0.40 (n=10)
update=78 global_step=159744 SPS=452 w_ev=0.392 m_ev=0.433 m_v_bias=-2.2 m_adv_std=12.2085 m_kl_max=0.0208 m_ratio_max=0.580 return=-189.5 length=200 success_rate=0.00 collisions/ep=0.20 (n=10)
update=79 global_step=161792 SPS=455 w_ev=0.343 m_ev=0.472 m_v_bias=3.1 m_adv_std=16.1845 m_kl_max=0.0290 m_ratio_max=0.653 return=-204.2 length=200 success_rate=0.00 collisions/ep=0.50 (n=12)
update=80 global_step=163840 SPS=459 w_ev=0.356 m_ev=0.465 m_v_bias=-1.3 m_adv_std=8.9076 m_kl_max=0.0102 m_ratio_max=0.554 return=-187.1 length=200 success_rate=0.00 collisions/ep=0.12 (n=8)
Evaluation at update 80: return=-187.16, length=200.00, success_rate=0.00, collisions/ep=0.00
Solved-check at update 80: solved=False worst_gap=1206.61 at p_x0=2.00 p_y0=1.00 (consecutive=0)
update=81 global_step=165888 SPS=445 w_ev=0.319 m_ev=0.636 m_v_bias=-2.5 m_adv_std=4.6866 m_kl_max=0.0437 m_ratio_max=1.332 return=-190.4 length=200 success_rate=0.00 collisions/ep=0.09 (n=11)
update=82 global_step=167936 SPS=449 w_ev=0.513 m_ev=0.500 m_v_bias=-2.1 m_adv_std=6.0345 m_kl_max=0.0538 m_ratio_max=0.825 return=-186.4 length=200 success_rate=0.00 collisions/ep=0.10 (n=10)
update=83 global_step=169984 SPS=452 w_ev=0.349 m_ev=0.193 m_v_bias=4.2 m_adv_std=17.5974 m_kl_max=0.0152 m_ratio_max=0.627 return=-206.7 length=200 success_rate=0.00 collisions/ep=0.55 (n=11)
update=84 global_step=172032 SPS=455 w_ev=0.498 m_ev=0.533 m_v_bias=-4.1 m_adv_std=8.1854 m_kl_max=0.0056 m_ratio_max=0.339 return=-179.8 length=200 success_rate=0.00 collisions/ep=0.10 (n=10)
update=85 global_step=174080 SPS=458 w_ev=0.510 m_ev=0.679 m_v_bias=-0.9 m_adv_std=6.6295 m_kl_max=0.0266 m_ratio_max=1.148 return=-193.4 length=200 success_rate=0.00 collisions/ep=0.30 (n=10)
Evaluation at update 85: return=-178.38, length=200.00, success_rate=0.00, collisions/ep=0.00
Solved-check at update 85: solved=False worst_gap=1197.79 at p_x0=2.00 p_y0=1.00 (consecutive=0)
update=86 global_step=176128 SPS=445 w_ev=0.251 m_ev=0.358 m_v_bias=4.2 m_adv_std=21.2320 m_kl_max=0.0183 m_ratio_max=0.650 return=-202.3 length=200 success_rate=0.00 collisions/ep=0.50 (n=12)
update=87 global_step=178176 SPS=448 w_ev=0.401 m_ev=0.334 m_v_bias=9.0 m_adv_std=31.0322 m_kl_max=0.0175 m_ratio_max=0.993 return=-246.5 length=200 success_rate=0.00 collisions/ep=1.38 (n=8)
update=88 global_step=180224 SPS=451 w_ev=0.356 m_ev=0.209 m_v_bias=-2.9 m_adv_std=15.2403 m_kl_max=0.0290 m_ratio_max=1.112 return=-185.5 length=200 success_rate=0.00 collisions/ep=0.18 (n=11)
update=89 global_step=182272 SPS=454 w_ev=0.379 m_ev=0.654 m_v_bias=-2.9 m_adv_std=7.1242 m_kl_max=0.0105 m_ratio_max=0.675 return=-198.1 length=200 success_rate=0.00 collisions/ep=0.33 (n=9)
update=90 global_step=184320 SPS=457 w_ev=0.407 m_ev=0.619 m_v_bias=-2.3 m_adv_std=7.1742 m_kl_max=0.0096 m_ratio_max=0.456 return=-183.9 length=200 success_rate=0.00 collisions/ep=0.08 (n=12)
Evaluation at update 90: return=-185.65, length=200.00, success_rate=0.00, collisions/ep=0.00
Solved-check at update 90: solved=False worst_gap=1205.12 at p_x0=2.00 p_y0=1.00 (consecutive=0)
update=91 global_step=186368 SPS=445 w_ev=0.248 m_ev=0.247 m_v_bias=2.8 m_adv_std=23.1099 m_kl_max=0.0081 m_ratio_max=0.441 return=-217.5 length=200 success_rate=0.00 collisions/ep=0.67 (n=9)
update=92 global_step=188416 SPS=448 w_ev=0.355 m_ev=0.292 m_v_bias=-3.8 m_adv_std=5.9382 m_kl_max=0.0326 m_ratio_max=0.937 return=-186.2 length=200 success_rate=0.00 collisions/ep=0.00 (n=11)
update=93 global_step=190464 SPS=451 w_ev=0.359 m_ev=0.199 m_v_bias=1.1 m_adv_std=12.8323 m_kl_max=0.0287 m_ratio_max=1.368 return=-192.9 length=200 success_rate=0.00 collisions/ep=0.17 (n=12)
update=94 global_step=192512 SPS=454 w_ev=0.300 m_ev=0.832 m_v_bias=-2.8 m_adv_std=3.1110 m_kl_max=0.0175 m_ratio_max=0.591 return=-190.7 length=200 success_rate=0.00 collisions/ep=0.00 (n=8)
update=95 global_step=194560 SPS=456 w_ev=0.387 m_ev=0.630 m_v_bias=-1.0 m_adv_std=6.5399 m_kl_max=0.0168 m_ratio_max=0.590 return=-185.3 length=200 success_rate=0.00 collisions/ep=0.09 (n=11)
Evaluation at update 95: return=-183.35, length=200.00, success_rate=0.00, collisions/ep=0.00
Solved-check at update 95: solved=False worst_gap=1203.49 at p_x0=2.00 p_y0=1.00 (consecutive=0)
update=96 global_step=196608 SPS=445 w_ev=0.337 m_ev=0.537 m_v_bias=-0.4 m_adv_std=8.2295 m_kl_max=0.0193 m_ratio_max=0.602 return=-191.6 length=200 success_rate=0.00 collisions/ep=0.22 (n=9)
update=97 global_step=198656 SPS=447 w_ev=0.435 m_ev=0.211 m_v_bias=2.1 m_adv_std=11.9040 m_kl_max=0.0140 m_ratio_max=0.500 return=-191.1 length=200 success_rate=0.00 collisions/ep=0.17 (n=12)
update=98 global_step=200704 SPS=450 w_ev=0.316 m_ev=0.285 m_v_bias=5.6 m_adv_std=19.6475 m_kl_max=0.0101 m_ratio_max=0.544 return=-213.8 length=200 success_rate=0.00 collisions/ep=0.75 (n=8)
update=99 global_step=202752 SPS=453 w_ev=0.444 m_ev=0.471 m_v_bias=-0.3 m_adv_std=8.9599 m_kl_max=0.0136 m_ratio_max=0.597 return=-191.6 length=200 success_rate=0.00 collisions/ep=0.17 (n=12)
update=100 global_step=204800 SPS=456 w_ev=0.398 m_ev=0.822 m_v_bias=-3.2 m_adv_std=2.9850 m_kl_max=0.0316 m_ratio_max=0.744 return=-184.9 length=200 success_rate=0.00 collisions/ep=0.00 (n=12)
Evaluation at update 100: return=-183.17, length=200.00, success_rate=0.00, collisions/ep=0.00
Solved-check at update 100: solved=False worst_gap=1202.79 at p_x0=2.00 p_y0=1.00 (consecutive=0)
update=101 global_step=206848 SPS=445 w_ev=0.409 m_ev=0.914 m_v_bias=-3.1 m_adv_std=2.2588 m_kl_max=0.0322 m_ratio_max=0.779 return=-173.5 length=200 success_rate=0.00 collisions/ep=0.00 (n=8)
update=102 global_step=208896 SPS=446 w_ev=0.416 m_ev=0.600 m_v_bias=-1.4 m_adv_std=6.0335 m_kl_max=0.0183 m_ratio_max=1.681 return=-181.1 length=200 success_rate=0.00 collisions/ep=0.10 (n=10)
update=103 global_step=210944 SPS=448 w_ev=0.500 m_ev=0.183 m_v_bias=4.5 m_adv_std=29.7483 m_kl_max=0.0263 m_ratio_max=0.708 return=-205.5 length=200 success_rate=0.00 collisions/ep=0.50 (n=10)
update=104 global_step=212992 SPS=451 w_ev=0.432 m_ev=0.559 m_v_bias=-0.2 m_adv_std=7.0858 m_kl_max=0.0189 m_ratio_max=0.623 return=-180.0 length=200 success_rate=0.00 collisions/ep=0.08 (n=12)
update=105 global_step=215040 SPS=453 w_ev=0.337 m_ev=0.163 m_v_bias=4.0 m_adv_std=29.1726 m_kl_max=0.0184 m_ratio_max=0.728 return=-223.9 length=200 success_rate=0.00 collisions/ep=0.88 (n=8)
Evaluation at update 105: return=-184.70, length=200.00, success_rate=0.00, collisions/ep=0.00
Solved-check at update 105: solved=False worst_gap=1204.24 at p_x0=2.00 p_y0=-0.50 (consecutive=0)
update=106 global_step=217088 SPS=443 w_ev=0.421 m_ev=0.241 m_v_bias=-0.5 m_adv_std=9.0471 m_kl_max=0.0240 m_ratio_max=1.012 return=-189.1 length=200 success_rate=0.00 collisions/ep=0.09 (n=11)
update=107 global_step=219136 SPS=446 w_ev=0.285 m_ev=0.614 m_v_bias=-0.6 m_adv_std=5.9175 m_kl_max=0.0213 m_ratio_max=0.524 return=-188.5 length=200 success_rate=0.00 collisions/ep=0.10 (n=10)
update=108 global_step=221184 SPS=448 w_ev=0.423 m_ev=0.843 m_v_bias=-1.5 m_adv_std=2.4225 m_kl_max=0.0504 m_ratio_max=1.856 return=-186.6 length=200 success_rate=0.00 collisions/ep=0.00 (n=11)
update=109 global_step=223232 SPS=451 w_ev=0.355 m_ev=0.878 m_v_bias=-2.1 m_adv_std=2.2012 m_kl_max=0.0544 m_ratio_max=0.938 return=-181.1 length=200 success_rate=0.00 collisions/ep=0.00 (n=10)
update=110 global_step=225280 SPS=453 w_ev=0.477 m_ev=0.637 m_v_bias=-1.1 m_adv_std=6.4759 m_kl_max=0.0239 m_ratio_max=0.858 return=-188.0 length=200 success_rate=0.00 collisions/ep=0.10 (n=10)
Evaluation at update 110: return=-178.68, length=200.00, success_rate=0.00, collisions/ep=0.00
Solved-check at update 110: solved=False worst_gap=1198.87 at p_x0=2.00 p_y0=0.50 (consecutive=0)
update=111 global_step=227328 SPS=443 w_ev=0.376 m_ev=0.403 m_v_bias=1.9 m_adv_std=10.6938 m_kl_max=0.0224 m_ratio_max=0.578 return=-194.2 length=200 success_rate=0.00 collisions/ep=0.33 (n=12)
update=112 global_step=229376 SPS=446 w_ev=0.398 m_ev=-0.051 m_v_bias=16.8 m_adv_std=55.2826 m_kl_max=0.0263 m_ratio_max=1.187 return=-252.9 length=200 success_rate=0.00 collisions/ep=1.50 (n=8)
update=113 global_step=231424 SPS=448 w_ev=0.462 m_ev=0.038 m_v_bias=-4.1 m_adv_std=15.9867 m_kl_max=0.0148 m_ratio_max=0.463 return=-223.4 length=200 success_rate=0.00 collisions/ep=1.00 (n=11)
update=114 global_step=233472 SPS=451 w_ev=0.459 m_ev=0.507 m_v_bias=-5.3 m_adv_std=7.3302 m_kl_max=0.0152 m_ratio_max=0.642 return=-186.9 length=200 success_rate=0.00 collisions/ep=0.11 (n=9)
update=115 global_step=235520 SPS=453 w_ev=0.571 m_ev=0.109 m_v_bias=8.6 m_adv_std=34.3406 m_kl_max=0.0127 m_ratio_max=0.687 return=-219.6 length=200 success_rate=0.00 collisions/ep=0.92 (n=12)
Evaluation at update 115: return=-179.87, length=200.00, success_rate=0.00, collisions/ep=0.00
Solved-check at update 115: solved=False worst_gap=1200.36 at p_x0=2.00 p_y0=-0.50 (consecutive=0)
update=116 global_step=237568 SPS=444 w_ev=0.505 m_ev=0.351 m_v_bias=2.8 m_adv_std=20.8503 m_kl_max=0.0132 m_ratio_max=0.597 return=-225.1 length=200 success_rate=0.00 collisions/ep=0.89 (n=9)
update=117 global_step=239616 SPS=446 w_ev=0.453 m_ev=0.438 m_v_bias=-3.2 m_adv_std=10.6305 m_kl_max=0.0319 m_ratio_max=0.769 return=-202.1 length=200 success_rate=0.00 collisions/ep=0.55 (n=11)
update=118 global_step=241664 SPS=449 w_ev=0.437 m_ev=0.609 m_v_bias=-6.2 m_adv_std=4.8149 m_kl_max=0.0343 m_ratio_max=0.909 return=-183.3 length=200 success_rate=0.00 collisions/ep=0.00 (n=12)
update=119 global_step=243712 SPS=451 w_ev=0.306 m_ev=0.586 m_v_bias=-1.8 m_adv_std=5.7016 m_kl_max=0.0168 m_ratio_max=0.630 return=-180.4 length=200 success_rate=0.00 collisions/ep=0.00 (n=8)
update=120 global_step=245760 SPS=453 w_ev=0.442 m_ev=0.169 m_v_bias=4.5 m_adv_std=19.3726 m_kl_max=0.0218 m_ratio_max=0.677 return=-215.1 length=200 success_rate=0.00 collisions/ep=0.64 (n=11)
Evaluation at update 120: return=-181.06, length=200.00, success_rate=0.00, collisions/ep=0.00
Solved-check at update 120: solved=False worst_gap=1200.97 at p_x0=2.00 p_y0=-0.50 (consecutive=0)
update=121 global_step=247808 SPS=444 w_ev=0.560 m_ev=0.468 m_v_bias=-3.8 m_adv_std=6.8161 m_kl_max=0.0115 m_ratio_max=0.664 return=-176.5 length=200 success_rate=0.00 collisions/ep=0.00 (n=9)
update=122 global_step=249856 SPS=446 w_ev=0.479 m_ev=0.129 m_v_bias=1.8 m_adv_std=18.2899 m_kl_max=0.0124 m_ratio_max=0.477 return=-206.1 length=200 success_rate=0.00 collisions/ep=0.50 (n=12)
update=123 global_step=251904 SPS=448 w_ev=0.440 m_ev=0.625 m_v_bias=-3.6 m_adv_std=4.6564 m_kl_max=0.0216 m_ratio_max=1.116 return=-185.8 length=200 success_rate=0.00 collisions/ep=0.12 (n=8)
update=124 global_step=253952 SPS=450 w_ev=0.508 m_ev=0.467 m_v_bias=-1.5 m_adv_std=8.4797 m_kl_max=0.0337 m_ratio_max=1.340 return=-184.5 length=200 success_rate=0.00 collisions/ep=0.17 (n=12)
update=125 global_step=256000 SPS=452 w_ev=0.425 m_ev=0.258 m_v_bias=1.7 m_adv_std=16.4133 m_kl_max=0.0402 m_ratio_max=2.339 return=-195.4 length=200 success_rate=0.00 collisions/ep=0.42 (n=12)
Evaluation at update 125: return=-179.05, length=200.00, success_rate=0.00, collisions/ep=0.00
Solved-check at update 125: solved=False worst_gap=1200.00 at p_x0=2.00 p_y0=1.00 (consecutive=0)
update=126 global_step=258048 SPS=444 w_ev=0.502 m_ev=0.857 m_v_bias=-4.4 m_adv_std=3.0956 m_kl_max=0.0161 m_ratio_max=0.554 return=-180.9 length=200 success_rate=0.00 collisions/ep=0.00 (n=8)
update=127 global_step=260096 SPS=446 w_ev=0.447 m_ev=0.924 m_v_bias=-2.3 m_adv_std=2.0413 m_kl_max=0.0342 m_ratio_max=0.768 return=-172.4 length=200 success_rate=0.00 collisions/ep=0.00 (n=10)
update=128 global_step=262144 SPS=448 w_ev=0.515 m_ev=0.918 m_v_bias=-1.9 m_adv_std=2.0163 m_kl_max=0.0381 m_ratio_max=1.052 return=-177.3 length=200 success_rate=0.00 collisions/ep=0.00 (n=10)
update=129 global_step=264192 SPS=450 w_ev=0.558 m_ev=0.489 m_v_bias=-0.0 m_adv_std=8.1182 m_kl_max=0.0118 m_ratio_max=0.660 return=-178.9 length=200 success_rate=0.00 collisions/ep=0.08 (n=12)
update=130 global_step=266240 SPS=452 w_ev=0.472 m_ev=0.468 m_v_bias=1.6 m_adv_std=9.8147 m_kl_max=0.0120 m_ratio_max=0.512 return=-189.9 length=200 success_rate=0.00 collisions/ep=0.38 (n=8)
Evaluation at update 130: return=-175.21, length=200.00, success_rate=0.00, collisions/ep=0.00
Solved-check at update 130: solved=False worst_gap=1194.96 at p_x0=2.00 p_y0=-0.50 (consecutive=0)
update=131 global_step=268288 SPS=444 w_ev=0.521 m_ev=0.261 m_v_bias=3.7 m_adv_std=18.3520 m_kl_max=0.0182 m_ratio_max=1.117 return=-202.5 length=200 success_rate=0.00 collisions/ep=0.64 (n=11)
update=132 global_step=270336 SPS=446 w_ev=0.457 m_ev=0.484 m_v_bias=0.0 m_adv_std=11.3002 m_kl_max=0.0136 m_ratio_max=0.645 return=-197.9 length=200 success_rate=0.00 collisions/ep=0.40 (n=10)
update=133 global_step=272384 SPS=448 w_ev=0.546 m_ev=0.517 m_v_bias=0.7 m_adv_std=8.2709 m_kl_max=0.0309 m_ratio_max=1.097 return=-189.0 length=200 success_rate=0.00 collisions/ep=0.27 (n=11)
update=134 global_step=274432 SPS=450 w_ev=0.613 m_ev=0.197 m_v_bias=9.6 m_adv_std=32.1477 m_kl_max=0.0161 m_ratio_max=0.762 return=-207.9 length=200 success_rate=0.00 collisions/ep=0.70 (n=10)
update=135 global_step=276480 SPS=452 w_ev=0.634 m_ev=0.580 m_v_bias=-1.8 m_adv_std=7.8832 m_kl_max=0.0285 m_ratio_max=0.804 return=-189.1 length=200 success_rate=0.00 collisions/ep=0.20 (n=10)
Evaluation at update 135: return=-180.88, length=200.00, success_rate=0.00, collisions/ep=0.00
Solved-check at update 135: solved=False worst_gap=1200.56 at p_x0=2.00 p_y0=0.50 (consecutive=0)
update=136 global_step=278528 SPS=444 w_ev=0.651 m_ev=0.850 m_v_bias=-3.9 m_adv_std=3.0637 m_kl_max=0.0158 m_ratio_max=0.663 return=-179.7 length=200 success_rate=0.00 collisions/ep=0.08 (n=12)
update=137 global_step=280576 SPS=446 w_ev=0.544 m_ev=0.463 m_v_bias=-1.3 m_adv_std=6.2833 m_kl_max=0.0200 m_ratio_max=0.665 return=-181.9 length=200 success_rate=0.00 collisions/ep=0.12 (n=8)
update=138 global_step=282624 SPS=447 w_ev=0.537 m_ev=0.520 m_v_bias=-0.9 m_adv_std=6.4568 m_kl_max=0.0533 m_ratio_max=1.494 return=-185.3 length=200 success_rate=0.00 collisions/ep=0.09 (n=11)
update=139 global_step=284672 SPS=449 w_ev=0.401 m_ev=0.485 m_v_bias=-0.7 m_adv_std=7.7685 m_kl_max=0.0094 m_ratio_max=0.455 return=-183.1 length=200 success_rate=0.00 collisions/ep=0.11 (n=9)
update=140 global_step=286720 SPS=451 w_ev=0.609 m_ev=0.582 m_v_bias=-1.0 m_adv_std=6.1697 m_kl_max=0.0200 m_ratio_max=0.873 return=-184.7 length=200 success_rate=0.00 collisions/ep=0.17 (n=12)
Evaluation at update 140: return=-177.70, length=200.00, success_rate=0.00, collisions/ep=0.00
Solved-check at update 140: solved=False worst_gap=1197.54 at p_x0=2.00 p_y0=0.50 (consecutive=0)
update=141 global_step=288768 SPS=444 w_ev=0.643 m_ev=0.328 m_v_bias=2.2 m_adv_std=12.2754 m_kl_max=0.0175 m_ratio_max=0.836 return=-185.8 length=200 success_rate=0.00 collisions/ep=0.22 (n=9)
update=142 global_step=290816 SPS=446 w_ev=0.479 m_ev=0.533 m_v_bias=2.4 m_adv_std=10.4330 m_kl_max=0.0316 m_ratio_max=0.801 return=-193.3 length=200 success_rate=0.00 collisions/ep=0.36 (n=11)
update=143 global_step=292864 SPS=448 w_ev=0.666 m_ev=0.770 m_v_bias=-1.8 m_adv_std=4.2078 m_kl_max=0.0457 m_ratio_max=1.037 return=-181.6 length=200 success_rate=0.00 collisions/ep=0.08 (n=12)
update=144 global_step=294912 SPS=449 w_ev=0.572 m_ev=0.580 m_v_bias=0.1 m_adv_std=7.6657 m_kl_max=0.0108 m_ratio_max=0.823 return=-185.1 length=200 success_rate=0.00 collisions/ep=0.12 (n=8)
update=145 global_step=296960 SPS=451 w_ev=0.657 m_ev=0.895 m_v_bias=-1.8 m_adv_std=2.3584 m_kl_max=0.0302 m_ratio_max=0.698 return=-180.0 length=200 success_rate=0.00 collisions/ep=0.09 (n=11)
Evaluation at update 145: return=-177.34, length=200.00, success_rate=0.00, collisions/ep=0.00
Solved-check at update 145: solved=False worst_gap=1198.92 at p_x0=2.00 p_y0=-1.00 (consecutive=0)
update=146 global_step=299008 SPS=444 w_ev=0.590 m_ev=0.478 m_v_bias=0.9 m_adv_std=8.1127 m_kl_max=0.0181 m_ratio_max=0.902 return=-184.9 length=200 success_rate=0.00 collisions/ep=0.22 (n=9)
update=147 global_step=301056 SPS=446 w_ev=0.591 m_ev=0.173 m_v_bias=4.6 m_adv_std=17.9450 m_kl_max=0.0111 m_ratio_max=0.641 return=-194.9 length=200 success_rate=0.00 collisions/ep=0.42 (n=12)
update=148 global_step=303104 SPS=447 w_ev=0.472 m_ev=0.337 m_v_bias=-1.9 m_adv_std=8.5377 m_kl_max=0.0365 m_ratio_max=1.169 return=-189.2 length=200 success_rate=0.00 collisions/ep=0.25 (n=8)
update=149 global_step=305152 SPS=449 w_ev=0.462 m_ev=0.285 m_v_bias=0.7 m_adv_std=11.4235 m_kl_max=0.0309 m_ratio_max=0.656 return=-196.9 length=200 success_rate=0.00 collisions/ep=0.42 (n=12)
update=150 global_step=307200 SPS=451 w_ev=0.536 m_ev=0.131 m_v_bias=-0.3 m_adv_std=18.3782 m_kl_max=0.0129 m_ratio_max=0.793 return=-200.6 length=200 success_rate=0.00 collisions/ep=0.42 (n=12)
Evaluation at update 150: return=-176.06, length=200.00, success_rate=0.00, collisions/ep=0.00
Solved-check at update 150: solved=False worst_gap=1198.00 at p_x0=2.00 p_y0=-1.00 (consecutive=0)
update=151 global_step=309248 SPS=444 w_ev=0.588 m_ev=0.657 m_v_bias=-3.0 m_adv_std=6.1917 m_kl_max=0.0315 m_ratio_max=1.415 return=-182.4 length=200 success_rate=0.00 collisions/ep=0.12 (n=8)
update=152 global_step=311296 SPS=446 w_ev=0.550 m_ev=0.463 m_v_bias=-0.0 m_adv_std=8.7681 m_kl_max=0.0169 m_ratio_max=0.881 return=-181.4 length=200 success_rate=0.00 collisions/ep=0.20 (n=10)
update=153 global_step=313344 SPS=447 w_ev=0.609 m_ev=0.594 m_v_bias=-2.0 m_adv_std=6.9181 m_kl_max=0.0094 m_ratio_max=0.474 return=-180.1 length=200 success_rate=0.00 collisions/ep=0.10 (n=10)
update=154 global_step=315392 SPS=449 w_ev=0.621 m_ev=0.526 m_v_bias=-1.2 m_adv_std=7.9155 m_kl_max=0.0234 m_ratio_max=0.589 return=-182.5 length=200 success_rate=0.00 collisions/ep=0.17 (n=12)
update=155 global_step=317440 SPS=451 w_ev=0.533 m_ev=0.115 m_v_bias=4.9 m_adv_std=24.8667 m_kl_max=0.0108 m_ratio_max=0.445 return=-208.2 length=200 success_rate=0.00 collisions/ep=0.62 (n=8)
Evaluation at update 155: return=-174.61, length=200.00, success_rate=0.00, collisions/ep=0.00
Solved-check at update 155: solved=False worst_gap=1195.66 at p_x0=2.00 p_y0=-0.50 (consecutive=0)
update=156 global_step=319488 SPS=444 w_ev=0.571 m_ev=0.268 m_v_bias=-1.3 m_adv_std=10.7832 m_kl_max=0.0094 m_ratio_max=0.473 return=-190.2 length=200 success_rate=0.00 collisions/ep=0.36 (n=11)
update=157 global_step=321536 SPS=445 w_ev=0.639 m_ev=0.351 m_v_bias=0.2 m_adv_std=11.3818 m_kl_max=0.0154 m_ratio_max=0.697 return=-203.7 length=200 success_rate=0.00 collisions/ep=0.60 (n=10)
update=158 global_step=323584 SPS=447 w_ev=0.633 m_ev=0.418 m_v_bias=-1.3 m_adv_std=11.0114 m_kl_max=0.0168 m_ratio_max=0.671 return=-189.1 length=200 success_rate=0.00 collisions/ep=0.36 (n=11)
update=159 global_step=325632 SPS=449 w_ev=0.636 m_ev=0.308 m_v_bias=2.1 m_adv_std=12.1833 m_kl_max=0.0209 m_ratio_max=0.816 return=-189.6 length=200 success_rate=0.00 collisions/ep=0.30 (n=10)
update=160 global_step=327680 SPS=450 w_ev=0.584 m_ev=0.440 m_v_bias=1.0 m_adv_std=11.3658 m_kl_max=0.0175 m_ratio_max=0.691 return=-200.7 length=200 success_rate=0.00 collisions/ep=0.50 (n=10)
Evaluation at update 160: return=-176.21, length=200.00, success_rate=0.00, collisions/ep=0.00
Solved-check at update 160: solved=False worst_gap=1197.35 at p_x0=2.00 p_y0=-1.00 (consecutive=0)
update=161 global_step=329728 SPS=444 w_ev=0.655 m_ev=0.596 m_v_bias=-1.6 m_adv_std=8.4055 m_kl_max=0.0165 m_ratio_max=0.848 return=-186.7 length=200 success_rate=0.00 collisions/ep=0.25 (n=12)
update=162 global_step=331776 SPS=445 w_ev=0.539 m_ev=0.541 m_v_bias=1.8 m_adv_std=11.3034 m_kl_max=0.0244 m_ratio_max=0.946 return=-198.0 length=200 success_rate=0.00 collisions/ep=0.50 (n=8)
update=163 global_step=333824 SPS=447 w_ev=0.630 m_ev=0.477 m_v_bias=2.8 m_adv_std=11.6096 m_kl_max=0.0326 m_ratio_max=1.863 return=-197.7 length=200 success_rate=0.00 collisions/ep=0.45 (n=11)
update=164 global_step=335872 SPS=448 w_ev=0.520 m_ev=0.307 m_v_bias=0.4 m_adv_std=10.5088 m_kl_max=0.0165 m_ratio_max=0.577 return=-196.3 length=200 success_rate=0.00 collisions/ep=0.44 (n=9)
update=165 global_step=337920 SPS=450 w_ev=0.663 m_ev=0.862 m_v_bias=-3.9 m_adv_std=2.7834 m_kl_max=0.0143 m_ratio_max=0.581 return=-180.1 length=200 success_rate=0.00 collisions/ep=0.00 (n=12)
Evaluation at update 165: return=-178.45, length=200.00, success_rate=0.00, collisions/ep=0.00
Solved-check at update 165: solved=False worst_gap=1199.50 at p_x0=2.00 p_y0=-1.00 (consecutive=0)
update=166 global_step=339968 SPS=443 w_ev=0.527 m_ev=0.505 m_v_bias=-1.4 m_adv_std=7.1072 m_kl_max=0.0372 m_ratio_max=1.799 return=-188.1 length=200 success_rate=0.00 collisions/ep=0.22 (n=9)
update=167 global_step=342016 SPS=445 w_ev=0.562 m_ev=0.527 m_v_bias=0.2 m_adv_std=7.9062 m_kl_max=0.0051 m_ratio_max=0.351 return=-183.9 length=200 success_rate=0.00 collisions/ep=0.18 (n=11)
update=168 global_step=344064 SPS=446 w_ev=0.573 m_ev=0.926 m_v_bias=-1.7 m_adv_std=1.9638 m_kl_max=0.0201 m_ratio_max=0.536 return=-179.9 length=200 success_rate=0.00 collisions/ep=0.00 (n=12)
update=169 global_step=346112 SPS=448 w_ev=0.498 m_ev=0.386 m_v_bias=0.9 m_adv_std=11.3301 m_kl_max=0.0353 m_ratio_max=1.173 return=-173.1 length=200 success_rate=0.00 collisions/ep=0.00 (n=8)
update=170 global_step=348160 SPS=450 w_ev=0.524 m_ev=0.398 m_v_bias=0.3 m_adv_std=7.9950 m_kl_max=0.0095 m_ratio_max=0.493 return=-196.8 length=200 success_rate=0.00 collisions/ep=0.36 (n=11)
Evaluation at update 170: return=-178.40, length=200.00, success_rate=0.00, collisions/ep=0.00
Solved-check at update 170: solved=False worst_gap=1199.47 at p_x0=2.00 p_y0=-1.00 (consecutive=0)
update=171 global_step=350208 SPS=443 w_ev=0.529 m_ev=0.922 m_v_bias=-2.2 m_adv_std=1.9364 m_kl_max=0.0232 m_ratio_max=0.892 return=-175.9 length=200 success_rate=0.00 collisions/ep=0.00 (n=9)
update=172 global_step=352256 SPS=445 w_ev=0.609 m_ev=0.546 m_v_bias=0.8 m_adv_std=8.6689 m_kl_max=0.0148 m_ratio_max=0.570 return=-180.1 length=200 success_rate=0.00 collisions/ep=0.08 (n=12)
update=173 global_step=354304 SPS=446 w_ev=0.583 m_ev=0.600 m_v_bias=-0.5 m_adv_std=6.1158 m_kl_max=0.0056 m_ratio_max=0.434 return=-186.8 length=200 success_rate=0.00 collisions/ep=0.25 (n=8)
update=174 global_step=356352 SPS=448 w_ev=0.586 m_ev=0.413 m_v_bias=0.8 m_adv_std=8.0996 m_kl_max=0.0242 m_ratio_max=1.197 return=-179.4 length=200 success_rate=0.00 collisions/ep=0.00 (n=12)
update=175 global_step=358400 SPS=449 w_ev=0.633 m_ev=0.628 m_v_bias=-1.3 m_adv_std=6.1028 m_kl_max=0.0327 m_ratio_max=1.371 return=-188.1 length=200 success_rate=0.00 collisions/ep=0.25 (n=12)
Evaluation at update 175: return=-176.76, length=200.00, success_rate=0.00, collisions/ep=0.00
Solved-check at update 175: solved=False worst_gap=1197.81 at p_x0=2.00 p_y0=-1.00 (consecutive=0)
update=176 global_step=360448 SPS=443 w_ev=0.577 m_ev=0.443 m_v_bias=0.8 m_adv_std=9.0989 m_kl_max=0.0166 m_ratio_max=0.787 return=-170.6 length=200 success_rate=0.00 collisions/ep=0.00 (n=8)
update=177 global_step=362496 SPS=445 w_ev=0.658 m_ev=0.485 m_v_bias=-0.0 m_adv_std=7.9857 m_kl_max=0.0115 m_ratio_max=0.625 return=-197.5 length=200 success_rate=0.00 collisions/ep=0.40 (n=10)
update=178 global_step=364544 SPS=446 w_ev=0.573 m_ev=0.426 m_v_bias=-0.5 m_adv_std=7.8056 m_kl_max=0.0160 m_ratio_max=0.568 return=-176.4 length=200 success_rate=0.00 collisions/ep=0.10 (n=10)
update=179 global_step=366592 SPS=448 w_ev=0.646 m_ev=0.613 m_v_bias=-0.9 m_adv_std=5.9744 m_kl_max=0.0188 m_ratio_max=0.825 return=-185.2 length=200 success_rate=0.00 collisions/ep=0.17 (n=12)
update=180 global_step=368640 SPS=449 w_ev=0.554 m_ev=0.057 m_v_bias=3.6 m_adv_std=18.2716 m_kl_max=0.0174 m_ratio_max=0.633 return=-193.3 length=200 success_rate=0.00 collisions/ep=0.38 (n=8)
Evaluation at update 180: return=-174.90, length=200.00, success_rate=0.00, collisions/ep=0.00
Solved-check at update 180: solved=False worst_gap=1195.99 at p_x0=2.00 p_y0=-0.50 (consecutive=0)
update=181 global_step=370688 SPS=443 w_ev=0.626 m_ev=0.124 m_v_bias=3.9 m_adv_std=20.4334 m_kl_max=0.0243 m_ratio_max=1.129 return=-215.8 length=200 success_rate=0.00 collisions/ep=0.82 (n=11)
update=182 global_step=372736 SPS=445 w_ev=0.704 m_ev=0.454 m_v_bias=-0.8 m_adv_std=9.8230 m_kl_max=0.0087 m_ratio_max=0.346 return=-184.9 length=200 success_rate=0.00 collisions/ep=0.20 (n=10)
update=183 global_step=374784 SPS=446 w_ev=0.627 m_ev=0.881 m_v_bias=-4.3 m_adv_std=2.6812 m_kl_max=0.0221 m_ratio_max=1.065 return=-178.3 length=200 success_rate=0.00 collisions/ep=0.09 (n=11)
update=184 global_step=376832 SPS=448 w_ev=0.680 m_ev=0.454 m_v_bias=1.0 m_adv_std=10.4889 m_kl_max=0.0436 m_ratio_max=1.123 return=-193.9 length=200 success_rate=0.00 collisions/ep=0.30 (n=10)
update=185 global_step=378880 SPS=449 w_ev=0.618 m_ev=0.365 m_v_bias=1.3 m_adv_std=10.1931 m_kl_max=0.0122 m_ratio_max=0.625 return=-198.8 length=200 success_rate=0.00 collisions/ep=0.50 (n=10)
Evaluation at update 185: return=-174.69, length=200.00, success_rate=0.00, collisions/ep=0.00
Solved-check at update 185: solved=False worst_gap=1195.87 at p_x0=2.00 p_y0=-1.00 (consecutive=0)
update=186 global_step=380928 SPS=443 w_ev=0.666 m_ev=0.808 m_v_bias=-3.7 m_adv_std=3.6839 m_kl_max=0.0312 m_ratio_max=0.695 return=-180.6 length=200 success_rate=0.00 collisions/ep=0.08 (n=12)
update=187 global_step=382976 SPS=445 w_ev=0.604 m_ev=0.462 m_v_bias=0.1 m_adv_std=9.9445 m_kl_max=0.0286 m_ratio_max=1.114 return=-186.2 length=200 success_rate=0.00 collisions/ep=0.25 (n=8)
update=188 global_step=385024 SPS=446 w_ev=0.740 m_ev=0.328 m_v_bias=-0.9 m_adv_std=10.1661 m_kl_max=0.0265 m_ratio_max=0.777 return=-177.5 length=200 success_rate=0.00 collisions/ep=0.18 (n=11)
update=189 global_step=387072 SPS=448 w_ev=0.688 m_ev=0.897 m_v_bias=-3.8 m_adv_std=2.6111 m_kl_max=0.0308 m_ratio_max=0.677 return=-180.4 length=200 success_rate=0.00 collisions/ep=0.22 (n=9)
update=190 global_step=389120 SPS=449 w_ev=0.748 m_ev=0.410 m_v_bias=4.1 m_adv_std=12.6256 m_kl_max=0.0126 m_ratio_max=0.600 return=-175.6 length=200 success_rate=0.00 collisions/ep=0.17 (n=12)
Evaluation at update 190: return=-170.99, length=200.00, success_rate=0.00, collisions/ep=0.00
Solved-check at update 190: solved=False worst_gap=1192.24 at p_x0=2.00 p_y0=-1.00 (consecutive=0)
update=191 global_step=391168 SPS=444 w_ev=0.637 m_ev=0.055 m_v_bias=10.1 m_adv_std=47.4289 m_kl_max=0.0243 m_ratio_max=1.486 return=-194.0 length=200 success_rate=0.00 collisions/ep=0.44 (n=9)
update=192 global_step=393216 SPS=445 w_ev=0.732 m_ev=0.080 m_v_bias=7.9 m_adv_std=49.1883 m_kl_max=0.0343 m_ratio_max=1.490 return=-262.8 length=200 success_rate=0.00 collisions/ep=1.73 (n=11)
update=193 global_step=395264 SPS=446 w_ev=0.759 m_ev=0.484 m_v_bias=-7.0 m_adv_std=10.2084 m_kl_max=0.0262 m_ratio_max=0.746 return=-172.7 length=200 success_rate=0.00 collisions/ep=0.17 (n=12)
update=194 global_step=397312 SPS=448 w_ev=0.704 m_ev=0.289 m_v_bias=-2.1 m_adv_std=11.2256 m_kl_max=0.0167 m_ratio_max=0.617 return=-182.6 length=200 success_rate=0.00 collisions/ep=0.25 (n=8)
update=195 global_step=399360 SPS=449 w_ev=0.701 m_ev=0.548 m_v_bias=-3.0 m_adv_std=9.1584 m_kl_max=0.0170 m_ratio_max=0.578 return=-185.5 length=200 success_rate=0.00 collisions/ep=0.36 (n=11)
Evaluation at update 195: return=-171.43, length=200.00, success_rate=0.00, collisions/ep=0.00
Solved-check at update 195: solved=False worst_gap=1192.96 at p_x0=2.00 p_y0=-1.00 (consecutive=0)
update=196 global_step=401408 SPS=444 w_ev=0.646 m_ev=0.525 m_v_bias=1.8 m_adv_std=11.3941 m_kl_max=0.0385 m_ratio_max=1.006 return=-181.4 length=200 success_rate=0.00 collisions/ep=0.22 (n=9)
update=197 global_step=403456 SPS=445 w_ev=0.629 m_ev=0.544 m_v_bias=1.4 m_adv_std=10.3920 m_kl_max=0.0082 m_ratio_max=0.731 return=-192.3 length=200 success_rate=0.00 collisions/ep=0.42 (n=12)
update=198 global_step=405504 SPS=446 w_ev=0.608 m_ev=0.643 m_v_bias=-2.8 m_adv_std=6.8384 m_kl_max=0.0311 m_ratio_max=0.773 return=-187.5 length=200 success_rate=0.00 collisions/ep=0.25 (n=8)
update=199 global_step=407552 SPS=448 w_ev=0.709 m_ev=0.901 m_v_bias=-3.1 m_adv_std=2.8732 m_kl_max=0.0335 m_ratio_max=1.125 return=-171.4 length=200 success_rate=0.00 collisions/ep=0.00 (n=12)
update=200 global_step=409600 SPS=449 w_ev=0.624 m_ev=0.685 m_v_bias=-0.7 m_adv_std=7.2764 m_kl_max=0.0089 m_ratio_max=0.556 return=-179.0 length=200 success_rate=0.00 collisions/ep=0.17 (n=12)
Evaluation at update 200: return=-170.64, length=200.00, success_rate=0.00, collisions/ep=0.00
Solved-check at update 200: solved=False worst_gap=1192.14 at p_x0=2.00 p_y0=-1.00 (consecutive=0)
update=201 global_step=411648 SPS=444 w_ev=0.693 m_ev=0.413 m_v_bias=1.9 m_adv_std=10.6462 m_kl_max=0.0161 m_ratio_max=0.535 return=-176.5 length=200 success_rate=0.00 collisions/ep=0.12 (n=8)
update=202 global_step=413696 SPS=445 w_ev=0.657 m_ev=0.574 m_v_bias=-1.2 m_adv_std=8.2638 m_kl_max=0.0454 m_ratio_max=0.949 return=-189.1 length=200 success_rate=0.00 collisions/ep=0.30 (n=10)
update=203 global_step=415744 SPS=446 w_ev=0.719 m_ev=-0.006 m_v_bias=0.1 m_adv_std=25.0793 m_kl_max=0.0251 m_ratio_max=0.886 return=-173.4 length=200 success_rate=0.00 collisions/ep=0.10 (n=10)
update=204 global_step=417792 SPS=448 w_ev=0.704 m_ev=0.841 m_v_bias=-3.1 m_adv_std=4.2049 m_kl_max=0.0209 m_ratio_max=0.778 return=-191.1 length=200 success_rate=0.00 collisions/ep=0.42 (n=12)
update=205 global_step=419840 SPS=449 w_ev=0.681 m_ev=0.579 m_v_bias=-0.3 m_adv_std=8.4362 m_kl_max=0.0411 m_ratio_max=1.328 return=-175.2 length=200 success_rate=0.00 collisions/ep=0.12 (n=8)
Evaluation at update 205: return=-164.85, length=200.00, success_rate=0.00, collisions/ep=0.00
Solved-check at update 205: solved=False worst_gap=1186.24 at p_x0=2.00 p_y0=1.00 (consecutive=0)
update=206 global_step=421888 SPS=444 w_ev=0.744 m_ev=0.957 m_v_bias=-2.3 m_adv_std=2.1870 m_kl_max=0.0397 m_ratio_max=0.866 return=-167.8 length=200 success_rate=0.00 collisions/ep=0.09 (n=11)
update=207 global_step=423936 SPS=445 w_ev=0.732 m_ev=0.727 m_v_bias=-2.4 m_adv_std=6.0862 m_kl_max=0.0470 m_ratio_max=1.301 return=-171.2 length=200 success_rate=0.00 collisions/ep=0.10 (n=10)
update=208 global_step=425984 SPS=446 w_ev=0.708 m_ev=0.161 m_v_bias=8.1 m_adv_std=46.0309 m_kl_max=0.0203 m_ratio_max=0.824 return=-210.9 length=200 success_rate=0.00 collisions/ep=1.00 (n=11)
update=209 global_step=428032 SPS=448 w_ev=0.787 m_ev=0.246 m_v_bias=3.3 m_adv_std=17.2219 m_kl_max=0.0154 m_ratio_max=0.779 return=-186.0 length=200 success_rate=0.00 collisions/ep=0.50 (n=10)
update=210 global_step=430080 SPS=449 w_ev=0.641 m_ev=0.078 m_v_bias=9.6 m_adv_std=61.6935 m_kl_max=0.0191 m_ratio_max=0.606 return=-218.9 length=200 success_rate=0.00 collisions/ep=1.30 (n=10)
Evaluation at update 210: return=-160.75, length=200.00, success_rate=0.00, collisions/ep=0.00
Solved-check at update 210: solved=False worst_gap=1181.95 at p_x0=2.00 p_y0=-1.00 (consecutive=0)
update=211 global_step=432128 SPS=444 w_ev=0.771 m_ev=0.102 m_v_bias=22.4 m_adv_std=96.4884 m_kl_max=0.0266 m_ratio_max=1.696 return=-272.4 length=200 success_rate=0.00 collisions/ep=2.25 (n=12)
update=212 global_step=434176 SPS=445 w_ev=0.755 m_ev=-0.223 m_v_bias=-9.1 m_adv_std=20.2444 m_kl_max=0.0450 m_ratio_max=1.518 return=-176.5 length=200 success_rate=0.00 collisions/ep=0.38 (n=8)
update=213 global_step=436224 SPS=446 w_ev=0.820 m_ev=0.662 m_v_bias=-10.3 m_adv_std=8.7127 m_kl_max=0.0055 m_ratio_max=0.406 return=-161.7 length=200 success_rate=0.00 collisions/ep=0.09 (n=11)
update=214 global_step=438272 SPS=448 w_ev=0.743 m_ev=0.471 m_v_bias=-2.7 m_adv_std=12.8742 m_kl_max=0.0133 m_ratio_max=0.619 return=-173.7 length=200 success_rate=0.00 collisions/ep=0.22 (n=9)
update=215 global_step=440320 SPS=449 w_ev=0.794 m_ev=0.716 m_v_bias=-4.7 m_adv_std=7.1423 m_kl_max=0.0076 m_ratio_max=0.710 return=-160.2 length=200 success_rate=0.00 collisions/ep=0.08 (n=12)
Evaluation at update 215: return=-159.89, length=200.00, success_rate=0.00, collisions/ep=0.00
Solved-check at update 215: solved=False worst_gap=1180.97 at p_x0=2.00 p_y0=1.00 (consecutive=0)
update=216 global_step=442368 SPS=444 w_ev=0.603 m_ev=0.061 m_v_bias=9.6 m_adv_std=52.2057 m_kl_max=0.0383 m_ratio_max=1.027 return=-178.9 length=200 success_rate=0.00 collisions/ep=0.33 (n=9)
update=217 global_step=444416 SPS=445 w_ev=0.709 m_ev=0.233 m_v_bias=3.5 m_adv_std=41.3568 m_kl_max=0.0211 m_ratio_max=0.877 return=-242.3 length=200 success_rate=0.00 collisions/ep=1.64 (n=11)
update=218 global_step=446464 SPS=446 w_ev=0.781 m_ev=0.674 m_v_bias=-7.0 m_adv_std=7.2540 m_kl_max=0.0178 m_ratio_max=0.454 return=-159.5 length=200 success_rate=0.00 collisions/ep=0.00 (n=12)
update=219 global_step=448512 SPS=448 w_ev=0.708 m_ev=0.872 m_v_bias=-6.2 m_adv_std=4.5876 m_kl_max=0.0069 m_ratio_max=0.399 return=-158.8 length=200 success_rate=0.00 collisions/ep=0.00 (n=8)
update=220 global_step=450560 SPS=449 w_ev=0.754 m_ev=0.933 m_v_bias=-4.1 m_adv_std=3.1066 m_kl_max=0.0179 m_ratio_max=0.642 return=-164.0 length=200 success_rate=0.00 collisions/ep=0.00 (n=11)
Evaluation at update 220: return=-161.37, length=200.00, success_rate=0.00, collisions/ep=0.00
Solved-check at update 220: solved=False worst_gap=1182.51 at p_x0=2.00 p_y0=-1.00 (consecutive=0)
update=221 global_step=452608 SPS=444 w_ev=0.757 m_ev=0.619 m_v_bias=0.1 m_adv_std=8.6600 m_kl_max=0.0285 m_ratio_max=1.080 return=-171.7 length=200 success_rate=0.00 collisions/ep=0.11 (n=9)
update=222 global_step=454656 SPS=445 w_ev=0.788 m_ev=0.680 m_v_bias=0.6 m_adv_std=8.9452 m_kl_max=0.0244 m_ratio_max=0.771 return=-169.8 length=200 success_rate=0.00 collisions/ep=0.17 (n=12)
update=223 global_step=456704 SPS=446 w_ev=0.747 m_ev=0.068 m_v_bias=3.6 m_adv_std=41.6890 m_kl_max=0.0345 m_ratio_max=1.280 return=-160.6 length=200 success_rate=0.00 collisions/ep=0.12 (n=8)
update=224 global_step=458752 SPS=448 w_ev=0.826 m_ev=0.136 m_v_bias=3.3 m_adv_std=45.3051 m_kl_max=0.0314 m_ratio_max=1.299 return=-223.4 length=200 success_rate=0.00 collisions/ep=1.25 (n=12)
update=225 global_step=460800 SPS=449 w_ev=0.734 m_ev=0.257 m_v_bias=6.5 m_adv_std=39.7894 m_kl_max=0.0279 m_ratio_max=0.754 return=-178.0 length=200 success_rate=0.00 collisions/ep=0.33 (n=12)
Evaluation at update 225: return=-162.31, length=200.00, success_rate=0.00, collisions/ep=0.00
Solved-check at update 225: solved=False worst_gap=1183.51 at p_x0=2.00 p_y0=1.00 (consecutive=0)
update=226 global_step=462848 SPS=444 w_ev=0.784 m_ev=0.483 m_v_bias=-5.6 m_adv_std=11.0363 m_kl_max=0.0137 m_ratio_max=0.935 return=-215.5 length=200 success_rate=0.00 collisions/ep=1.12 (n=8)
update=227 global_step=464896 SPS=445 w_ev=0.781 m_ev=0.521 m_v_bias=-2.0 m_adv_std=9.1792 m_kl_max=0.0093 m_ratio_max=0.874 return=-177.7 length=200 success_rate=0.00 collisions/ep=0.30 (n=10)
update=228 global_step=466944 SPS=446 w_ev=0.692 m_ev=0.597 m_v_bias=-1.5 m_adv_std=9.3620 m_kl_max=0.0121 m_ratio_max=0.754 return=-173.6 length=200 success_rate=0.00 collisions/ep=0.20 (n=10)
update=229 global_step=468992 SPS=448 w_ev=0.729 m_ev=0.509 m_v_bias=1.8 m_adv_std=11.1878 m_kl_max=0.0226 m_ratio_max=0.798 return=-175.4 length=200 success_rate=0.00 collisions/ep=0.25 (n=12)
update=230 global_step=471040 SPS=449 w_ev=0.778 m_ev=0.701 m_v_bias=-1.9 m_adv_std=7.8868 m_kl_max=0.0362 m_ratio_max=0.742 return=-176.0 length=200 success_rate=0.00 collisions/ep=0.25 (n=8)
Evaluation at update 230: return=-159.85, length=200.00, success_rate=0.00, collisions/ep=0.00
Solved-check at update 230: solved=False worst_gap=1180.99 at p_x0=2.00 p_y0=1.00 (consecutive=0)
update=231 global_step=473088 SPS=444 w_ev=0.812 m_ev=0.959 m_v_bias=-3.8 m_adv_std=2.5379 m_kl_max=0.0375 m_ratio_max=1.131 return=-150.7 length=200 success_rate=0.00 collisions/ep=0.00 (n=11)
update=232 global_step=475136 SPS=445 w_ev=0.835 m_ev=0.971 m_v_bias=-3.4 m_adv_std=2.1203 m_kl_max=0.0152 m_ratio_max=0.864 return=-157.9 length=200 success_rate=0.00 collisions/ep=0.00 (n=10)
update=233 global_step=477184 SPS=446 w_ev=0.774 m_ev=0.612 m_v_bias=0.6 m_adv_std=9.2737 m_kl_max=0.0231 m_ratio_max=0.853 return=-161.5 length=200 success_rate=0.00 collisions/ep=0.09 (n=11)
update=234 global_step=479232 SPS=447 w_ev=0.795 m_ev=0.381 m_v_bias=4.3 m_adv_std=18.2861 m_kl_max=0.0158 m_ratio_max=1.017 return=-190.2 length=200 success_rate=0.00 collisions/ep=0.60 (n=10)
update=235 global_step=481280 SPS=448 w_ev=0.836 m_ev=0.412 m_v_bias=0.6 m_adv_std=18.3421 m_kl_max=0.0105 m_ratio_max=0.490 return=-173.0 length=200 success_rate=0.00 collisions/ep=0.30 (n=10)
Evaluation at update 235: return=-156.70, length=200.00, success_rate=0.00, collisions/ep=0.00
Solved-check at update 235: solved=False worst_gap=1178.52 at p_x0=2.00 p_y0=1.00 (consecutive=0)
update=236 global_step=483328 SPS=444 w_ev=0.814 m_ev=0.478 m_v_bias=0.5 m_adv_std=13.9593 m_kl_max=0.0233 m_ratio_max=0.802 return=-165.3 length=200 success_rate=0.00 collisions/ep=0.17 (n=12)
update=237 global_step=485376 SPS=445 w_ev=0.855 m_ev=0.638 m_v_bias=-1.4 m_adv_std=10.3881 m_kl_max=0.0572 m_ratio_max=1.236 return=-185.8 length=200 success_rate=0.00 collisions/ep=0.50 (n=8)
update=238 global_step=487424 SPS=446 w_ev=0.789 m_ev=0.283 m_v_bias=3.8 m_adv_std=27.3533 m_kl_max=0.0990 m_ratio_max=4.373 return=-184.0 length=200 success_rate=0.00 collisions/ep=0.73 (n=11)
update=239 global_step=489472 SPS=447 w_ev=0.691 m_ev=0.092 m_v_bias=20.5 m_adv_std=81.8707 m_kl_max=0.0209 m_ratio_max=0.954 return=-198.0 length=200 success_rate=0.00 collisions/ep=0.89 (n=9)
update=240 global_step=491520 SPS=448 w_ev=0.776 m_ev=0.130 m_v_bias=7.4 m_adv_std=72.6411 m_kl_max=0.0243 m_ratio_max=0.978 return=-299.0 length=200 success_rate=0.00 collisions/ep=2.83 (n=12)
Evaluation at update 240: return=-156.15, length=200.00, success_rate=0.00, collisions/ep=0.00
Solved-check at update 240: solved=False worst_gap=1177.17 at p_x0=2.00 p_y0=-1.00 (consecutive=0)
update=241 global_step=493568 SPS=444 w_ev=0.647 m_ev=0.135 m_v_bias=3.1 m_adv_std=71.3455 m_kl_max=0.0096 m_ratio_max=0.437 return=-228.8 length=200 success_rate=0.00 collisions/ep=1.44 (n=9)
update=242 global_step=495616 SPS=445 w_ev=0.774 m_ev=0.595 m_v_bias=-15.0 m_adv_std=9.8154 m_kl_max=0.0118 m_ratio_max=0.503 return=-160.3 length=200 success_rate=0.00 collisions/ep=0.00 (n=11)
update=243 global_step=497664 SPS=446 w_ev=0.793 m_ev=0.159 m_v_bias=17.4 m_adv_std=70.2115 m_kl_max=0.0198 m_ratio_max=0.846 return=-196.6 length=200 success_rate=0.00 collisions/ep=0.83 (n=12)
update=244 global_step=499712 SPS=447 w_ev=0.777 m_ev=0.258 m_v_bias=-7.4 m_adv_std=45.9507 m_kl_max=0.0082 m_ratio_max=0.474 return=-273.5 length=200 success_rate=0.00 collisions/ep=2.38 (n=8)
Saved checkpoints to C:\Users\loren\Desktop\MASTER THESIS\5_CODE\scenarios\slalom\studies\extrinsic_sweep\coef_0\runs\hppo_slalom_3_1790267254
