Using device: cpu
Solved-check: precomputed optimal returns for 25 fixed initial conditions (mean=1013.0, min=1011.0, max=1015.0); solved-tolerance=5.0
num_envs=8 num_steps_per_env=256 worker_batch_size=2048 worker_minibatch_size=256 num_updates=244 timesteps=499712 (requested 500000; 288 dropped by integer division)
update=1 global_step=2048 SPS=1315 w_ev=0.083 m_ev=0.000 m_v_bias=72.0 m_adv_std=210.0789 m_kl_max=0.0013 m_ratio_max=0.155 w_ax@goal=-0.12 w_v@goal=0.33 return=-362.4 length=194 success_rate=0.25 collisions/ep=9.12 (n=8)
update=2 global_step=4096 SPS=1259 w_ev=0.075 m_ev=0.292 m_v_bias=41.4 m_adv_std=145.9776 m_kl_max=0.0039 m_ratio_max=0.385 w_ax@goal=-0.54 w_v@goal=0.11 return=-300.7 length=190 success_rate=0.11 collisions/ep=4.67 (n=9)
update=3 global_step=6144 SPS=1188 w_ev=0.263 m_ev=0.542 m_v_bias=-34.6 m_adv_std=189.5586 m_kl_max=0.0052 m_ratio_max=0.413 w_ax@goal=-0.00 w_v@goal=0.24 return=-184.0 length=187 success_rate=0.36 collisions/ep=7.73 (n=11)
update=4 global_step=8192 SPS=1149 w_ev=0.223 m_ev=-0.470 m_v_bias=82.1 m_adv_std=175.2649 m_kl_max=0.0089 m_ratio_max=0.844 return=-621.7 length=200 success_rate=0.00 collisions/ep=8.33 (n=12)
update=5 global_step=10240 SPS=1128 w_ev=0.142 m_ev=0.437 m_v_bias=14.9 m_adv_std=138.7695 m_kl_max=0.0160 m_ratio_max=0.524 w_ax@goal=-0.30 w_v@goal=0.36 return=-436.4 length=191 success_rate=0.11 collisions/ep=7.11 (n=9)
Evaluation at update 5: return=-221.57, length=200.00, success_rate=0.00, collisions/ep=0.00
Solved-check at update 5: solved=False worst_gap=1241.01 at p_x0=2.00 p_y0=0.00 (consecutive=0)
update=6 global_step=12288 SPS=500 w_ev=0.144 m_ev=0.414 m_v_bias=-10.6 m_adv_std=160.3974 m_kl_max=0.0320 m_ratio_max=0.973 w_ax@goal=+0.11 w_v@goal=-0.19 return=-414.2 length=192 success_rate=0.11 collisions/ep=6.56 (n=9)
update=7 global_step=14336 SPS=539 w_ev=0.188 m_ev=0.502 m_v_bias=-45.1 m_adv_std=134.0364 m_kl_max=0.0125 m_ratio_max=0.617 w_ax@goal=-0.06 w_v@goal=0.20 return=-328.2 length=194 success_rate=0.08 collisions/ep=4.15 (n=13)
update=8 global_step=16384 SPS=578 w_ev=0.138 m_ev=0.199 m_v_bias=3.6 m_adv_std=78.4315 m_kl_max=0.0128 m_ratio_max=0.456 w_ax@goal=-0.77 w_v@goal=0.07 return=-356.6 length=200 success_rate=0.00 collisions/ep=3.20 (n=10)
update=9 global_step=18432 SPS=606 w_ev=0.159 m_ev=-0.139 m_v_bias=-32.8 m_adv_std=32.6284 m_kl_max=0.0205 m_ratio_max=0.534 return=-258.8 length=200 success_rate=0.00 collisions/ep=0.75 (n=8)
update=10 global_step=20480 SPS=634 w_ev=0.170 m_ev=-0.389 m_v_bias=-26.7 m_adv_std=24.2811 m_kl_max=0.0077 m_ratio_max=0.407 return=-247.1 length=200 success_rate=0.00 collisions/ep=0.54 (n=13)
Evaluation at update 10: return=-221.57, length=200.00, success_rate=0.00, collisions/ep=0.00
Solved-check at update 10: solved=False worst_gap=1241.01 at p_x0=2.00 p_y0=0.50 (consecutive=0)
update=11 global_step=22528 SPS=471 w_ev=0.129 m_ev=-1.910 m_v_bias=-1.8 m_adv_std=34.6863 m_kl_max=0.0167 m_ratio_max=0.695 return=-240.0 length=200 success_rate=0.00 collisions/ep=0.45 (n=11)
update=12 global_step=24576 SPS=495 w_ev=0.217 m_ev=0.197 m_v_bias=-44.4 m_adv_std=128.8031 m_kl_max=0.0167 m_ratio_max=0.871 w_ax@goal=-0.58 w_v@goal=0.97 return=-75.2 length=192 success_rate=0.12 collisions/ep=0.38 (n=8)
update=13 global_step=26624 SPS=518 w_ev=0.280 m_ev=-0.759 m_v_bias=6.7 m_adv_std=78.6708 m_kl_max=0.0093 m_ratio_max=0.415 return=-286.7 length=200 success_rate=0.00 collisions/ep=1.88 (n=8)
update=14 global_step=28672 SPS=538 w_ev=0.212 m_ev=-0.160 m_v_bias=19.3 m_adv_std=98.6941 m_kl_max=0.0155 m_ratio_max=0.430 return=-263.6 length=200 success_rate=0.00 collisions/ep=1.27 (n=15)
update=15 global_step=30720 SPS=556 w_ev=0.283 m_ev=0.037 m_v_bias=45.0 m_adv_std=219.7137 m_kl_max=0.0069 m_ratio_max=0.380 w_ax@goal=-0.35 w_v@goal=0.88 return=-477.9 length=197 success_rate=0.11 collisions/ep=8.11 (n=9)
Evaluation at update 15: return=-176.06, length=200.00, success_rate=0.00, collisions/ep=0.00
Solved-check at update 15: solved=False worst_gap=1195.53 at p_x0=2.00 p_y0=-1.00 (consecutive=0)
update=16 global_step=32768 SPS=462 w_ev=0.349 m_ev=-0.078 m_v_bias=82.1 m_adv_std=132.4331 m_kl_max=0.0138 m_ratio_max=0.521 return=-418.1 length=200 success_rate=0.00 collisions/ep=5.12 (n=8)
update=17 global_step=34816 SPS=478 w_ev=0.325 m_ev=0.120 m_v_bias=-23.0 m_adv_std=93.3583 m_kl_max=0.0446 m_ratio_max=1.988 return=-515.0 length=200 success_rate=0.00 collisions/ep=6.87 (n=15)
update=18 global_step=36864 SPS=493 w_ev=0.095 m_ev=0.166 m_v_bias=14.8 m_adv_std=96.7583 m_kl_max=0.0145 m_ratio_max=0.723 return=-443.9 length=200 success_rate=0.00 collisions/ep=5.78 (n=9)
update=19 global_step=38912 SPS=507 w_ev=0.277 m_ev=0.264 m_v_bias=48.5 m_adv_std=162.9730 m_kl_max=0.0183 m_ratio_max=0.674 w_ax@goal=-2.06 w_v@goal=1.86 return=-657.8 length=200 success_rate=0.00 collisions/ep=9.62 (n=8)
update=20 global_step=40960 SPS=521 w_ev=0.212 m_ev=0.324 m_v_bias=-28.7 m_adv_std=85.4149 m_kl_max=0.0096 m_ratio_max=0.603 return=-366.6 length=200 success_rate=0.00 collisions/ep=3.88 (n=8)
Evaluation at update 20: return=-190.18, length=200.00, success_rate=0.00, collisions/ep=0.00
Solved-check at update 20: solved=False worst_gap=1208.19 at p_x0=2.00 p_y0=1.00 (consecutive=0)
update=21 global_step=43008 SPS=458 w_ev=0.167 m_ev=0.511 m_v_bias=-14.8 m_adv_std=61.7317 m_kl_max=0.0164 m_ratio_max=0.473 return=-327.1 length=200 success_rate=0.00 collisions/ep=2.87 (n=15)
update=22 global_step=45056 SPS=469 w_ev=0.183 m_ev=0.257 m_v_bias=-3.4 m_adv_std=113.0032 m_kl_max=0.0100 m_ratio_max=0.444 return=-355.1 length=200 success_rate=0.00 collisions/ep=3.56 (n=9)
update=23 global_step=47104 SPS=481 w_ev=0.112 m_ev=0.350 m_v_bias=-0.1 m_adv_std=94.0070 m_kl_max=0.0177 m_ratio_max=0.617 return=-312.0 length=200 success_rate=0.00 collisions/ep=2.50 (n=8)
update=24 global_step=49152 SPS=493 w_ev=0.222 m_ev=0.436 m_v_bias=-23.1 m_adv_std=41.3615 m_kl_max=0.0189 m_ratio_max=0.449 return=-248.0 length=200 success_rate=0.00 collisions/ep=0.92 (n=12)
update=25 global_step=51200 SPS=504 w_ev=0.283 m_ev=-0.104 m_v_bias=-11.4 m_adv_std=54.8886 m_kl_max=0.0223 m_ratio_max=0.589 return=-270.8 length=200 success_rate=0.00 collisions/ep=1.42 (n=12)
Evaluation at update 25: return=-221.57, length=200.00, success_rate=0.00, collisions/ep=0.00
Solved-check at update 25: solved=False worst_gap=1241.01 at p_x0=2.00 p_y0=-1.00 (consecutive=0)
update=26 global_step=53248 SPS=455 w_ev=0.184 m_ev=0.373 m_v_bias=-6.9 m_adv_std=11.8035 m_kl_max=0.0284 m_ratio_max=0.996 return=-231.1 length=200 success_rate=0.00 collisions/ep=0.38 (n=8)
update=27 global_step=55296 SPS=465 w_ev=0.407 m_ev=0.016 m_v_bias=-10.7 m_adv_std=10.6258 m_kl_max=0.0066 m_ratio_max=0.497 return=-213.2 length=200 success_rate=0.00 collisions/ep=0.12 (n=8)
update=28 global_step=57344 SPS=475 w_ev=0.489 m_ev=0.323 m_v_bias=13.4 m_adv_std=75.4833 m_kl_max=0.0056 m_ratio_max=0.360 return=-259.7 length=200 success_rate=0.00 collisions/ep=1.07 (n=15)
update=29 global_step=59392 SPS=485 w_ev=0.473 m_ev=0.591 m_v_bias=-2.7 m_adv_std=32.8040 m_kl_max=0.0245 m_ratio_max=1.014 return=-236.6 length=200 success_rate=0.00 collisions/ep=0.67 (n=9)
update=30 global_step=61440 SPS=494 w_ev=0.603 m_ev=0.379 m_v_bias=15.6 m_adv_std=83.8725 m_kl_max=0.0119 m_ratio_max=0.753 return=-369.9 length=200 success_rate=0.00 collisions/ep=3.50 (n=8)
Evaluation at update 30: return=-221.57, length=200.00, success_rate=0.00, collisions/ep=0.00
Solved-check at update 30: solved=False worst_gap=1241.01 at p_x0=2.00 p_y0=-0.50 (consecutive=0)
update=31 global_step=63488 SPS=455 w_ev=0.456 m_ev=0.016 m_v_bias=1.9 m_adv_std=51.0732 m_kl_max=0.0137 m_ratio_max=0.493 return=-256.8 length=200 success_rate=0.00 collisions/ep=1.00 (n=9)
update=32 global_step=65536 SPS=463 w_ev=0.295 m_ev=0.431 m_v_bias=-0.1 m_adv_std=39.8529 m_kl_max=0.0204 m_ratio_max=0.557 return=-257.2 length=200 success_rate=0.00 collisions/ep=1.14 (n=14)
update=33 global_step=67584 SPS=471 w_ev=0.332 m_ev=-0.134 m_v_bias=-5.7 m_adv_std=16.5965 m_kl_max=0.0162 m_ratio_max=0.574 return=-223.6 length=200 success_rate=0.00 collisions/ep=0.22 (n=9)
update=34 global_step=69632 SPS=479 w_ev=0.479 m_ev=-0.098 m_v_bias=-0.9 m_adv_std=21.7555 m_kl_max=0.0105 m_ratio_max=0.472 return=-220.0 length=200 success_rate=0.00 collisions/ep=0.12 (n=8)
update=35 global_step=71680 SPS=487 w_ev=0.636 m_ev=0.161 m_v_bias=-4.2 m_adv_std=8.1119 m_kl_max=0.0128 m_ratio_max=0.481 return=-223.5 length=200 success_rate=0.00 collisions/ep=0.20 (n=15)
Evaluation at update 35: return=-221.57, length=200.00, success_rate=0.00, collisions/ep=0.00
Solved-check at update 35: solved=False worst_gap=1241.01 at p_x0=2.00 p_y0=-1.00 (consecutive=0)
update=36 global_step=73728 SPS=452 w_ev=0.636 m_ev=0.061 m_v_bias=-5.6 m_adv_std=9.2799 m_kl_max=0.0042 m_ratio_max=0.310 return=-215.3 length=200 success_rate=0.00 collisions/ep=0.00 (n=9)
update=37 global_step=75776 SPS=460 w_ev=0.675 m_ev=0.487 m_v_bias=-2.6 m_adv_std=6.4177 m_kl_max=0.0125 m_ratio_max=0.626 return=-213.3 length=200 success_rate=0.00 collisions/ep=0.00 (n=8)
update=38 global_step=77824 SPS=467 w_ev=0.704 m_ev=0.534 m_v_bias=-3.9 m_adv_std=6.7647 m_kl_max=0.0158 m_ratio_max=0.590 return=-214.5 length=200 success_rate=0.00 collisions/ep=0.00 (n=8)
update=39 global_step=79872 SPS=474 w_ev=0.570 m_ev=0.693 m_v_bias=-1.7 m_adv_std=5.4421 m_kl_max=0.0189 m_ratio_max=0.955 return=-206.2 length=200 success_rate=0.00 collisions/ep=0.00 (n=15)
update=40 global_step=81920 SPS=481 w_ev=0.581 m_ev=0.622 m_v_bias=1.2 m_adv_std=13.5287 m_kl_max=0.0170 m_ratio_max=0.965 return=-212.3 length=200 success_rate=0.00 collisions/ep=0.11 (n=9)
Evaluation at update 40: return=-189.55, length=200.00, success_rate=0.00, collisions/ep=0.00
Solved-check at update 40: solved=False worst_gap=1208.04 at p_x0=2.00 p_y0=0.00 (consecutive=0)
update=41 global_step=83968 SPS=452 w_ev=0.612 m_ev=0.314 m_v_bias=6.3 m_adv_std=40.5337 m_kl_max=0.0102 m_ratio_max=0.810 return=-224.3 length=200 success_rate=0.00 collisions/ep=0.75 (n=8)
update=42 global_step=86016 SPS=459 w_ev=0.470 m_ev=0.111 m_v_bias=31.1 m_adv_std=91.7534 m_kl_max=0.0062 m_ratio_max=0.331 return=-270.0 length=200 success_rate=0.00 collisions/ep=1.73 (n=15)
update=43 global_step=88064 SPS=465 w_ev=0.586 m_ev=0.148 m_v_bias=-4.6 m_adv_std=78.1434 m_kl_max=0.0153 m_ratio_max=0.892 return=-369.1 length=200 success_rate=0.00 collisions/ep=3.56 (n=9)
update=44 global_step=90112 SPS=471 w_ev=0.323 m_ev=-1.027 m_v_bias=-22.0 m_adv_std=25.0713 m_kl_max=0.0385 m_ratio_max=1.264 return=-199.6 length=200 success_rate=0.00 collisions/ep=0.12 (n=8)
update=45 global_step=92160 SPS=477 w_ev=0.310 m_ev=-0.217 m_v_bias=-4.6 m_adv_std=12.4497 m_kl_max=0.0230 m_ratio_max=0.829 return=-198.4 length=200 success_rate=0.00 collisions/ep=0.00 (n=8)
Evaluation at update 45: return=-194.69, length=200.00, success_rate=0.00, collisions/ep=0.00
Solved-check at update 45: solved=False worst_gap=1213.01 at p_x0=2.00 p_y0=0.50 (consecutive=0)
update=46 global_step=94208 SPS=452 w_ev=0.326 m_ev=-0.003 m_v_bias=15.5 m_adv_std=65.8355 m_kl_max=0.0203 m_ratio_max=0.777 return=-241.0 length=200 success_rate=0.00 collisions/ep=0.87 (n=15)
update=47 global_step=96256 SPS=458 w_ev=0.283 m_ev=0.385 m_v_bias=-9.0 m_adv_std=14.3172 m_kl_max=0.0050 m_ratio_max=0.439 return=-185.0 length=200 success_rate=0.00 collisions/ep=0.00 (n=9)
update=48 global_step=98304 SPS=463 w_ev=0.258 m_ev=0.738 m_v_bias=-9.6 m_adv_std=7.7879 m_kl_max=0.0091 m_ratio_max=0.430 return=-203.1 length=200 success_rate=0.00 collisions/ep=0.38 (n=8)
update=49 global_step=100352 SPS=469 w_ev=0.281 m_ev=0.143 m_v_bias=18.0 m_adv_std=161.7897 m_kl_max=0.0060 m_ratio_max=0.411 return=-365.8 length=200 success_rate=0.00 collisions/ep=3.83 (n=12)
update=50 global_step=102400 SPS=474 w_ev=0.258 m_ev=-0.156 m_v_bias=-0.8 m_adv_std=48.9312 m_kl_max=0.0121 m_ratio_max=0.421 return=-203.2 length=200 success_rate=0.00 collisions/ep=0.50 (n=12)
Evaluation at update 50: return=-185.64, length=200.00, success_rate=0.00, collisions/ep=0.00
Solved-check at update 50: solved=False worst_gap=1203.39 at p_x0=2.00 p_y0=0.50 (consecutive=0)
update=51 global_step=104448 SPS=451 w_ev=0.065 m_ev=0.211 m_v_bias=-5.6 m_adv_std=12.9307 m_kl_max=0.0016 m_ratio_max=0.261 return=-234.0 length=200 success_rate=0.00 collisions/ep=0.88 (n=8)
update=52 global_step=106496 SPS=456 w_ev=0.228 m_ev=0.572 m_v_bias=-2.3 m_adv_std=16.7392 m_kl_max=0.0084 m_ratio_max=0.486 return=-230.6 length=200 success_rate=0.00 collisions/ep=1.12 (n=8)
update=53 global_step=108544 SPS=461 w_ev=0.193 m_ev=0.612 m_v_bias=-3.0 m_adv_std=9.2638 m_kl_max=0.0126 m_ratio_max=0.688 return=-184.2 length=200 success_rate=0.00 collisions/ep=0.07 (n=15)
update=54 global_step=110592 SPS=466 w_ev=0.317 m_ev=0.466 m_v_bias=-2.2 m_adv_std=13.9467 m_kl_max=0.0102 m_ratio_max=0.602 return=-192.4 length=200 success_rate=0.00 collisions/ep=0.22 (n=9)
update=55 global_step=112640 SPS=471 w_ev=0.123 m_ev=0.293 m_v_bias=12.7 m_adv_std=83.6341 m_kl_max=0.0070 m_ratio_max=0.470 return=-285.9 length=200 success_rate=0.00 collisions/ep=2.25 (n=8)
Evaluation at update 55: return=-182.24, length=200.00, success_rate=0.00, collisions/ep=0.00
Solved-check at update 55: solved=False worst_gap=1201.03 at p_x0=2.00 p_y0=0.50 (consecutive=0)
update=56 global_step=114688 SPS=450 w_ev=0.261 m_ev=0.509 m_v_bias=-0.2 m_adv_std=22.2708 m_kl_max=0.0119 m_ratio_max=0.860 return=-194.5 length=200 success_rate=0.00 collisions/ep=0.00 (n=9)
update=57 global_step=116736 SPS=455 w_ev=0.228 m_ev=0.383 m_v_bias=4.8 m_adv_std=24.9357 m_kl_max=0.0108 m_ratio_max=0.783 return=-214.8 length=200 success_rate=0.00 collisions/ep=0.57 (n=14)
update=58 global_step=118784 SPS=460 w_ev=0.263 m_ev=-0.300 m_v_bias=-6.7 m_adv_std=19.4720 m_kl_max=0.0111 m_ratio_max=0.470 return=-195.2 length=200 success_rate=0.00 collisions/ep=0.11 (n=9)
update=59 global_step=120832 SPS=464 w_ev=0.283 m_ev=0.364 m_v_bias=1.2 m_adv_std=20.1020 m_kl_max=0.0238 m_ratio_max=0.601 return=-216.4 length=200 success_rate=0.00 collisions/ep=0.50 (n=8)
update=60 global_step=122880 SPS=469 w_ev=0.220 m_ev=0.377 m_v_bias=-1.3 m_adv_std=13.9815 m_kl_max=0.0352 m_ratio_max=1.573 return=-197.3 length=200 success_rate=0.00 collisions/ep=0.27 (n=15)
Evaluation at update 60: return=-180.59, length=200.00, success_rate=0.00, collisions/ep=0.00
Solved-check at update 60: solved=False worst_gap=1199.61 at p_x0=2.00 p_y0=0.50 (consecutive=0)
update=61 global_step=124928 SPS=450 w_ev=0.321 m_ev=0.156 m_v_bias=9.7 m_adv_std=43.0439 m_kl_max=0.0128 m_ratio_max=0.857 return=-228.9 length=200 success_rate=0.00 collisions/ep=1.00 (n=9)
update=62 global_step=126976 SPS=454 w_ev=0.395 m_ev=0.559 m_v_bias=-6.5 m_adv_std=9.4649 m_kl_max=0.0140 m_ratio_max=0.513 return=-183.5 length=200 success_rate=0.00 collisions/ep=0.00 (n=8)
update=63 global_step=129024 SPS=458 w_ev=0.333 m_ev=0.737 m_v_bias=-1.1 m_adv_std=10.0258 m_kl_max=0.0150 m_ratio_max=1.187 return=-179.2 length=200 success_rate=0.00 collisions/ep=0.00 (n=8)
update=64 global_step=131072 SPS=463 w_ev=0.386 m_ev=0.525 m_v_bias=-1.8 m_adv_std=24.1474 m_kl_max=0.0036 m_ratio_max=0.282 return=-205.2 length=200 success_rate=0.00 collisions/ep=0.60 (n=15)
update=65 global_step=133120 SPS=467 w_ev=0.367 m_ev=0.617 m_v_bias=-1.6 m_adv_std=6.0023 m_kl_max=0.0347 m_ratio_max=1.841 return=-184.9 length=200 success_rate=0.00 collisions/ep=0.00 (n=9)
Evaluation at update 65: return=-171.52, length=200.00, success_rate=0.00, collisions/ep=0.00
Solved-check at update 65: solved=False worst_gap=1191.30 at p_x0=2.00 p_y0=0.50 (consecutive=0)
update=66 global_step=135168 SPS=449 w_ev=0.295 m_ev=0.520 m_v_bias=1.7 m_adv_std=21.2940 m_kl_max=0.0149 m_ratio_max=1.029 return=-200.2 length=200 success_rate=0.00 collisions/ep=0.50 (n=8)
update=67 global_step=137216 SPS=453 w_ev=0.381 m_ev=0.326 m_v_bias=-0.4 m_adv_std=16.7685 m_kl_max=0.0209 m_ratio_max=0.777 return=-182.4 length=200 success_rate=0.00 collisions/ep=0.33 (n=15)
update=68 global_step=139264 SPS=457 w_ev=0.378 m_ev=0.572 m_v_bias=-2.4 m_adv_std=8.5556 m_kl_max=0.0312 m_ratio_max=0.753 return=-187.7 length=200 success_rate=0.00 collisions/ep=0.11 (n=9)
update=69 global_step=141312 SPS=461 w_ev=0.291 m_ev=0.297 m_v_bias=-0.5 m_adv_std=14.8305 m_kl_max=0.0360 m_ratio_max=1.138 return=-176.3 length=200 success_rate=0.00 collisions/ep=0.25 (n=8)
update=70 global_step=143360 SPS=465 w_ev=0.268 m_ev=0.174 m_v_bias=27.9 m_adv_std=163.8318 m_kl_max=0.0151 m_ratio_max=0.763 return=-389.1 length=200 success_rate=0.00 collisions/ep=4.50 (n=8)
Evaluation at update 70: return=-167.05, length=200.00, success_rate=0.00, collisions/ep=0.00
Solved-check at update 70: solved=False worst_gap=1187.51 at p_x0=2.00 p_y0=0.50 (consecutive=0)
update=71 global_step=145408 SPS=450 w_ev=0.445 m_ev=0.206 m_v_bias=7.7 m_adv_std=45.7885 m_kl_max=0.0226 m_ratio_max=0.571 return=-198.7 length=200 success_rate=0.00 collisions/ep=0.67 (n=15)
update=72 global_step=147456 SPS=453 w_ev=0.353 m_ev=-0.027 m_v_bias=2.7 m_adv_std=54.8985 m_kl_max=0.0327 m_ratio_max=1.177 return=-249.6 length=200 success_rate=0.00 collisions/ep=1.44 (n=9)
update=73 global_step=149504 SPS=457 w_ev=0.388 m_ev=0.071 m_v_bias=-5.4 m_adv_std=9.3825 m_kl_max=0.0199 m_ratio_max=0.552 return=-182.2 length=200 success_rate=0.00 collisions/ep=0.00 (n=8)
update=74 global_step=151552 SPS=461 w_ev=0.394 m_ev=0.703 m_v_bias=-3.2 m_adv_std=5.1473 m_kl_max=0.0455 m_ratio_max=1.303 return=-182.7 length=200 success_rate=0.00 collisions/ep=0.00 (n=12)
update=75 global_step=153600 SPS=464 w_ev=0.436 m_ev=0.246 m_v_bias=56.3 m_adv_std=169.9079 m_kl_max=0.0152 m_ratio_max=0.679 return=-385.8 length=200 success_rate=0.00 collisions/ep=4.50 (n=12)
Evaluation at update 75: return=-169.30, length=200.00, success_rate=0.00, collisions/ep=0.00
Solved-check at update 75: solved=False worst_gap=1189.54 at p_x0=2.00 p_y0=0.50 (consecutive=0)
update=76 global_step=155648 SPS=449 w_ev=0.450 m_ev=0.218 m_v_bias=0.2 m_adv_std=48.5779 m_kl_max=0.0291 m_ratio_max=1.421 return=-184.0 length=200 success_rate=0.00 collisions/ep=0.38 (n=8)
update=77 global_step=157696 SPS=453 w_ev=0.390 m_ev=0.550 m_v_bias=55.7 m_adv_std=192.3670 m_kl_max=0.0317 m_ratio_max=1.299 return=-331.1 length=200 success_rate=0.00 collisions/ep=3.12 (n=8)
update=78 global_step=159744 SPS=456 w_ev=0.449 m_ev=0.657 m_v_bias=-5.8 m_adv_std=88.3025 m_kl_max=0.0205 m_ratio_max=1.027 return=-378.7 length=200 success_rate=0.00 collisions/ep=4.00 (n=15)
update=79 global_step=161792 SPS=460 w_ev=0.454 m_ev=-0.992 m_v_bias=-8.3 m_adv_std=25.2287 m_kl_max=0.0179 m_ratio_max=0.752 return=-179.7 length=200 success_rate=0.00 collisions/ep=0.00 (n=9)
update=80 global_step=163840 SPS=463 w_ev=0.324 m_ev=-0.274 m_v_bias=-3.2 m_adv_std=30.4196 m_kl_max=0.0408 m_ratio_max=0.779 return=-179.5 length=200 success_rate=0.00 collisions/ep=0.00 (n=8)
Evaluation at update 80: return=-187.26, length=200.00, success_rate=0.00, collisions/ep=0.00
Solved-check at update 80: solved=False worst_gap=1207.01 at p_x0=2.00 p_y0=1.00 (consecutive=0)
update=81 global_step=165888 SPS=448 w_ev=0.305 m_ev=-0.199 m_v_bias=-3.9 m_adv_std=18.7791 m_kl_max=0.0190 m_ratio_max=0.734 return=-206.7 length=200 success_rate=0.00 collisions/ep=0.56 (n=9)
update=82 global_step=167936 SPS=451 w_ev=0.376 m_ev=0.528 m_v_bias=-3.5 m_adv_std=10.6881 m_kl_max=0.0187 m_ratio_max=0.599 return=-187.8 length=200 success_rate=0.00 collisions/ep=0.21 (n=14)
update=83 global_step=169984 SPS=454 w_ev=0.299 m_ev=0.676 m_v_bias=-3.3 m_adv_std=4.5482 m_kl_max=0.0547 m_ratio_max=1.665 return=-179.1 length=200 success_rate=0.00 collisions/ep=0.00 (n=9)
update=84 global_step=172032 SPS=458 w_ev=0.434 m_ev=0.566 m_v_bias=-2.9 m_adv_std=9.1764 m_kl_max=0.0275 m_ratio_max=1.324 return=-191.1 length=200 success_rate=0.00 collisions/ep=0.38 (n=8)
update=85 global_step=174080 SPS=461 w_ev=0.394 m_ev=0.114 m_v_bias=-2.7 m_adv_std=30.4925 m_kl_max=0.0131 m_ratio_max=0.900 return=-187.9 length=200 success_rate=0.00 collisions/ep=0.40 (n=15)
Evaluation at update 85: return=-178.63, length=200.00, success_rate=0.00, collisions/ep=0.00
Solved-check at update 85: solved=False worst_gap=1198.24 at p_x0=2.00 p_y0=1.00 (consecutive=0)
update=86 global_step=176128 SPS=448 w_ev=0.392 m_ev=0.553 m_v_bias=-3.9 m_adv_std=5.3100 m_kl_max=0.0275 m_ratio_max=0.765 return=-180.7 length=200 success_rate=0.00 collisions/ep=0.00 (n=9)
update=87 global_step=178176 SPS=451 w_ev=0.487 m_ev=0.170 m_v_bias=1.2 m_adv_std=13.8284 m_kl_max=0.0235 m_ratio_max=1.033 return=-189.8 length=200 success_rate=0.00 collisions/ep=0.38 (n=8)
update=88 global_step=180224 SPS=454 w_ev=0.515 m_ev=0.557 m_v_bias=-2.1 m_adv_std=10.8090 m_kl_max=0.0317 m_ratio_max=1.205 return=-162.7 length=200 success_rate=0.00 collisions/ep=0.12 (n=8)
update=89 global_step=182272 SPS=457 w_ev=0.612 m_ev=0.600 m_v_bias=-3.2 m_adv_std=8.3462 m_kl_max=0.0242 m_ratio_max=0.603 return=-177.0 length=200 success_rate=0.00 collisions/ep=0.13 (n=15)
update=90 global_step=184320 SPS=460 w_ev=0.632 m_ev=0.563 m_v_bias=-4.1 m_adv_std=7.6856 m_kl_max=0.0272 m_ratio_max=0.904 return=-165.7 length=200 success_rate=0.00 collisions/ep=0.00 (n=9)
Evaluation at update 90: return=-164.48, length=200.00, success_rate=0.00, collisions/ep=0.00
Solved-check at update 90: solved=False worst_gap=1184.20 at p_x0=2.00 p_y0=0.50 (consecutive=0)
update=91 global_step=186368 SPS=448 w_ev=0.525 m_ev=0.274 m_v_bias=-1.8 m_adv_std=13.7186 m_kl_max=0.0256 m_ratio_max=1.119 return=-173.3 length=200 success_rate=0.00 collisions/ep=0.25 (n=8)
update=92 global_step=188416 SPS=451 w_ev=0.699 m_ev=-0.852 m_v_bias=-2.7 m_adv_std=35.8346 m_kl_max=0.0282 m_ratio_max=1.172 return=-196.0 length=200 success_rate=0.00 collisions/ep=0.67 (n=15)
update=93 global_step=190464 SPS=453 w_ev=0.586 m_ev=0.190 m_v_bias=3.7 m_adv_std=29.4281 m_kl_max=0.0270 m_ratio_max=0.954 return=-198.0 length=200 success_rate=0.00 collisions/ep=0.67 (n=9)
update=94 global_step=192512 SPS=456 w_ev=0.630 m_ev=0.138 m_v_bias=10.8 m_adv_std=48.3445 m_kl_max=0.0259 m_ratio_max=0.701 return=-183.7 length=200 success_rate=0.00 collisions/ep=0.50 (n=8)
update=95 global_step=194560 SPS=459 w_ev=0.748 m_ev=0.406 m_v_bias=6.8 m_adv_std=80.3653 m_kl_max=0.0315 m_ratio_max=0.846 return=-356.3 length=200 success_rate=0.00 collisions/ep=3.88 (n=8)
Evaluation at update 95: return=-167.57, length=200.00, success_rate=0.00, collisions/ep=0.00
Solved-check at update 95: solved=False worst_gap=1187.93 at p_x0=2.00 p_y0=0.50 (consecutive=0)
update=96 global_step=196608 SPS=447 w_ev=0.727 m_ev=0.473 m_v_bias=4.9 m_adv_std=19.3664 m_kl_max=0.0245 m_ratio_max=0.695 return=-168.9 length=200 success_rate=0.00 collisions/ep=0.13 (n=15)
update=97 global_step=198656 SPS=450 w_ev=0.544 m_ev=0.312 m_v_bias=-3.2 m_adv_std=11.6576 m_kl_max=0.0106 m_ratio_max=0.777 return=-175.1 length=200 success_rate=0.00 collisions/ep=0.11 (n=9)
update=98 global_step=200704 SPS=453 w_ev=0.628 m_ev=0.772 m_v_bias=-2.9 m_adv_std=5.6288 m_kl_max=0.0317 m_ratio_max=0.611 return=-180.3 length=200 success_rate=0.00 collisions/ep=0.12 (n=8)
update=99 global_step=202752 SPS=455 w_ev=0.571 m_ev=0.278 m_v_bias=4.8 m_adv_std=16.4501 m_kl_max=0.0136 m_ratio_max=0.545 return=-189.6 length=200 success_rate=0.00 collisions/ep=0.50 (n=12)
update=100 global_step=204800 SPS=456 w_ev=0.578 m_ev=0.857 m_v_bias=-5.4 m_adv_std=4.0260 m_kl_max=0.0433 m_ratio_max=1.747 return=-169.8 length=200 success_rate=0.00 collisions/ep=0.00 (n=12)
Evaluation at update 100: return=-166.64, length=200.00, success_rate=0.00, collisions/ep=0.00
Solved-check at update 100: solved=False worst_gap=1186.31 at p_x0=2.00 p_y0=0.50 (consecutive=0)
update=101 global_step=206848 SPS=446 w_ev=0.518 m_ev=0.344 m_v_bias=-0.3 m_adv_std=16.0683 m_kl_max=0.0468 m_ratio_max=0.835 return=-190.7 length=200 success_rate=0.00 collisions/ep=0.50 (n=8)
update=102 global_step=208896 SPS=448 w_ev=0.568 m_ev=0.525 m_v_bias=-1.1 m_adv_std=10.5726 m_kl_max=0.0127 m_ratio_max=0.598 return=-175.3 length=200 success_rate=0.00 collisions/ep=0.12 (n=8)
update=103 global_step=210944 SPS=451 w_ev=0.716 m_ev=0.726 m_v_bias=-3.0 m_adv_std=7.1051 m_kl_max=0.0144 m_ratio_max=0.534 return=-172.4 length=200 success_rate=0.00 collisions/ep=0.13 (n=15)
update=104 global_step=212992 SPS=453 w_ev=0.699 m_ev=0.900 m_v_bias=-3.7 m_adv_std=3.3415 m_kl_max=0.0308 m_ratio_max=0.700 return=-164.1 length=200 success_rate=0.00 collisions/ep=0.00 (n=9)
update=105 global_step=215040 SPS=455 w_ev=0.714 m_ev=0.591 m_v_bias=-1.5 m_adv_std=7.1738 m_kl_max=0.0233 m_ratio_max=0.706 return=-161.0 length=200 success_rate=0.00 collisions/ep=0.00 (n=8)
Evaluation at update 105: return=-162.15, length=200.00, success_rate=0.00, collisions/ep=0.00
Solved-check at update 105: solved=False worst_gap=1182.11 at p_x0=2.00 p_y0=0.00 (consecutive=0)
update=106 global_step=217088 SPS=445 w_ev=0.762 m_ev=0.942 m_v_bias=-3.8 m_adv_std=2.3250 m_kl_max=0.0313 m_ratio_max=0.628 return=-164.4 length=200 success_rate=0.00 collisions/ep=0.11 (n=9)
update=107 global_step=219136 SPS=448 w_ev=0.820 m_ev=0.262 m_v_bias=7.2 m_adv_std=41.7280 m_kl_max=0.0349 m_ratio_max=0.611 return=-183.3 length=200 success_rate=0.00 collisions/ep=0.50 (n=14)
update=108 global_step=221184 SPS=451 w_ev=0.782 m_ev=0.545 m_v_bias=1.0 m_adv_std=15.2858 m_kl_max=0.0157 m_ratio_max=0.624 return=-165.8 length=200 success_rate=0.00 collisions/ep=0.33 (n=9)
update=109 global_step=223232 SPS=453 w_ev=0.717 m_ev=0.197 m_v_bias=17.3 m_adv_std=110.9823 m_kl_max=0.0209 m_ratio_max=0.733 return=-253.5 length=200 success_rate=0.00 collisions/ep=2.00 (n=8)
update=110 global_step=225280 SPS=455 w_ev=0.778 m_ev=-1.351 m_v_bias=-7.2 m_adv_std=25.1166 m_kl_max=0.0174 m_ratio_max=0.818 return=-161.4 length=200 success_rate=0.00 collisions/ep=0.00 (n=15)
Evaluation at update 110: return=-163.72, length=200.00, success_rate=0.00, collisions/ep=0.00
Solved-check at update 110: solved=False worst_gap=1183.66 at p_x0=2.00 p_y0=0.50 (consecutive=0)
update=111 global_step=227328 SPS=445 w_ev=0.785 m_ev=0.617 m_v_bias=-2.3 m_adv_std=8.8704 m_kl_max=0.0212 m_ratio_max=0.600 return=-170.8 length=200 success_rate=0.00 collisions/ep=0.22 (n=9)
update=112 global_step=229376 SPS=448 w_ev=0.732 m_ev=0.712 m_v_bias=-2.2 m_adv_std=6.9239 m_kl_max=0.0315 m_ratio_max=0.858 return=-165.1 length=200 success_rate=0.00 collisions/ep=0.12 (n=8)
update=113 global_step=231424 SPS=450 w_ev=0.802 m_ev=0.903 m_v_bias=-3.5 m_adv_std=3.7499 m_kl_max=0.0333 m_ratio_max=0.781 return=-162.0 length=200 success_rate=0.00 collisions/ep=0.00 (n=8)
update=114 global_step=233472 SPS=453 w_ev=0.867 m_ev=0.951 m_v_bias=-2.6 m_adv_std=3.0241 m_kl_max=0.0218 m_ratio_max=1.148 return=-154.5 length=200 success_rate=0.00 collisions/ep=0.00 (n=15)
update=115 global_step=235520 SPS=455 w_ev=0.800 m_ev=0.173 m_v_bias=81.0 m_adv_std=169.3137 m_kl_max=0.0238 m_ratio_max=0.742 return=-511.1 length=200 success_rate=0.00 collisions/ep=7.11 (n=9)
Evaluation at update 115: return=-156.97, length=200.00, success_rate=0.00, collisions/ep=0.00
Solved-check at update 115: solved=False worst_gap=1176.85 at p_x0=2.00 p_y0=0.00 (consecutive=0)
update=116 global_step=237568 SPS=445 w_ev=0.769 m_ev=-0.213 m_v_bias=-22.5 m_adv_std=37.5813 m_kl_max=0.0198 m_ratio_max=0.826 return=-181.5 length=200 success_rate=0.00 collisions/ep=0.62 (n=8)
update=117 global_step=239616 SPS=448 w_ev=0.836 m_ev=0.231 m_v_bias=13.2 m_adv_std=126.9141 m_kl_max=0.0198 m_ratio_max=0.885 return=-223.4 length=200 success_rate=0.00 collisions/ep=1.33 (n=15)
update=118 global_step=241664 SPS=450 w_ev=0.880 m_ev=0.158 m_v_bias=-1.4 m_adv_std=82.0024 m_kl_max=0.0222 m_ratio_max=1.646 return=-234.5 length=200 success_rate=0.00 collisions/ep=1.56 (n=9)
update=119 global_step=243712 SPS=452 w_ev=0.774 m_ev=0.137 m_v_bias=-10.7 m_adv_std=69.4564 m_kl_max=0.0189 m_ratio_max=0.546 return=-219.3 length=200 success_rate=0.00 collisions/ep=1.38 (n=8)
update=120 global_step=245760 SPS=454 w_ev=0.835 m_ev=0.169 m_v_bias=-2.5 m_adv_std=90.1747 m_kl_max=0.0459 m_ratio_max=1.272 return=-153.4 length=200 success_rate=0.00 collisions/ep=0.00 (n=8)
Evaluation at update 120: return=-159.92, length=200.00, success_rate=0.00, collisions/ep=0.00
Solved-check at update 120: solved=False worst_gap=1179.80 at p_x0=2.00 p_y0=0.00 (consecutive=0)
update=121 global_step=247808 SPS=445 w_ev=0.915 m_ev=0.075 m_v_bias=-19.6 m_adv_std=17.7613 m_kl_max=0.0169 m_ratio_max=0.696 return=-209.7 length=200 success_rate=0.00 collisions/ep=1.07 (n=15)
update=122 global_step=249856 SPS=448 w_ev=0.855 m_ev=0.652 m_v_bias=-12.7 m_adv_std=8.4082 m_kl_max=0.0202 m_ratio_max=1.175 return=-152.3 length=200 success_rate=0.00 collisions/ep=0.00 (n=9)
update=123 global_step=251904 SPS=450 w_ev=0.849 m_ev=0.727 m_v_bias=-6.3 m_adv_std=7.2849 m_kl_max=0.0216 m_ratio_max=0.709 return=-162.4 length=200 success_rate=0.00 collisions/ep=0.12 (n=8)
update=124 global_step=253952 SPS=452 w_ev=0.882 m_ev=0.504 m_v_bias=-3.6 m_adv_std=8.6352 m_kl_max=0.0200 m_ratio_max=0.634 return=-157.2 length=200 success_rate=0.00 collisions/ep=0.08 (n=12)
update=125 global_step=256000 SPS=454 w_ev=0.925 m_ev=0.925 m_v_bias=-4.9 m_adv_std=3.4791 m_kl_max=0.0230 m_ratio_max=1.505 return=-160.1 length=200 success_rate=0.00 collisions/ep=0.08 (n=12)
Evaluation at update 125: return=-158.14, length=200.00, success_rate=0.00, collisions/ep=0.00
Solved-check at update 125: solved=False worst_gap=1177.96 at p_x0=2.00 p_y0=-1.00 (consecutive=0)
update=126 global_step=258048 SPS=446 w_ev=0.863 m_ev=0.649 m_v_bias=-0.2 m_adv_std=7.2562 m_kl_max=0.0242 m_ratio_max=0.844 return=-158.0 length=200 success_rate=0.00 collisions/ep=0.00 (n=8)
update=127 global_step=260096 SPS=448 w_ev=0.879 m_ev=0.948 m_v_bias=-1.8 m_adv_std=2.4772 m_kl_max=0.0458 m_ratio_max=1.115 return=-161.5 length=200 success_rate=0.00 collisions/ep=0.12 (n=8)
update=128 global_step=262144 SPS=450 w_ev=0.906 m_ev=0.160 m_v_bias=5.5 m_adv_std=37.6935 m_kl_max=0.0232 m_ratio_max=0.999 return=-172.1 length=200 success_rate=0.00 collisions/ep=0.40 (n=15)
update=129 global_step=264192 SPS=452 w_ev=0.911 m_ev=0.841 m_v_bias=-2.1 m_adv_std=4.7577 m_kl_max=0.0254 m_ratio_max=1.488 return=-156.3 length=200 success_rate=0.00 collisions/ep=0.00 (n=9)
update=130 global_step=266240 SPS=454 w_ev=0.848 m_ev=0.935 m_v_bias=-1.4 m_adv_std=2.4812 m_kl_max=0.0397 m_ratio_max=0.817 return=-156.1 length=200 success_rate=0.00 collisions/ep=0.00 (n=8)
Evaluation at update 130: return=-155.27, length=200.00, success_rate=0.00, collisions/ep=0.00
Solved-check at update 130: solved=False worst_gap=1174.88 at p_x0=2.00 p_y0=-1.00 (consecutive=0)
update=131 global_step=268288 SPS=446 w_ev=0.891 m_ev=0.961 m_v_bias=-1.9 m_adv_std=2.0791 m_kl_max=0.0482 m_ratio_max=0.802 return=-157.8 length=200 success_rate=0.00 collisions/ep=0.00 (n=9)
update=132 global_step=270336 SPS=448 w_ev=0.937 m_ev=0.968 m_v_bias=-2.2 m_adv_std=2.4610 m_kl_max=0.0377 m_ratio_max=0.928 return=-152.9 length=200 success_rate=0.00 collisions/ep=0.00 (n=14)
update=133 global_step=272384 SPS=450 w_ev=0.887 m_ev=0.950 m_v_bias=-1.2 m_adv_std=2.7114 m_kl_max=0.0109 m_ratio_max=0.817 return=-154.3 length=200 success_rate=0.00 collisions/ep=0.00 (n=9)
update=134 global_step=274432 SPS=452 w_ev=0.829 m_ev=0.270 m_v_bias=50.4 m_adv_std=155.5512 m_kl_max=0.0285 m_ratio_max=1.045 return=-249.5 length=200 success_rate=0.00 collisions/ep=2.00 (n=8)
update=135 global_step=276480 SPS=454 w_ev=0.898 m_ev=0.183 m_v_bias=10.0 m_adv_std=70.8396 m_kl_max=0.0230 m_ratio_max=0.864 return=-270.0 length=200 success_rate=0.00 collisions/ep=2.40 (n=15)
Evaluation at update 135: return=-153.66, length=200.00, success_rate=0.00, collisions/ep=0.00
Solved-check at update 135: solved=False worst_gap=1174.13 at p_x0=2.00 p_y0=-0.50 (consecutive=0)
update=136 global_step=278528 SPS=446 w_ev=0.898 m_ev=0.268 m_v_bias=-11.7 m_adv_std=12.8319 m_kl_max=0.0073 m_ratio_max=0.388 return=-205.2 length=200 success_rate=0.00 collisions/ep=1.00 (n=9)
update=137 global_step=280576 SPS=448 w_ev=0.877 m_ev=0.081 m_v_bias=13.2 m_adv_std=79.2725 m_kl_max=0.0113 m_ratio_max=0.496 return=-204.2 length=200 success_rate=0.00 collisions/ep=1.00 (n=8)
update=138 global_step=282624 SPS=450 w_ev=0.901 m_ev=0.366 m_v_bias=-12.0 m_adv_std=16.3467 m_kl_max=0.0169 m_ratio_max=0.787 return=-221.9 length=200 success_rate=0.00 collisions/ep=1.38 (n=8)
update=139 global_step=284672 SPS=451 w_ev=0.903 m_ev=0.883 m_v_bias=-7.7 m_adv_std=5.4645 m_kl_max=0.0429 m_ratio_max=2.077 return=-157.5 length=200 success_rate=0.00 collisions/ep=0.07 (n=15)
update=140 global_step=286720 SPS=453 w_ev=0.903 m_ev=0.488 m_v_bias=-3.5 m_adv_std=14.5021 m_kl_max=0.0152 m_ratio_max=0.765 return=-168.0 length=200 success_rate=0.00 collisions/ep=0.33 (n=9)
Evaluation at update 140: return=-154.26, length=200.00, success_rate=0.00, collisions/ep=0.00
Solved-check at update 140: solved=False worst_gap=1174.81 at p_x0=2.00 p_y0=-0.50 (consecutive=0)
update=141 global_step=288768 SPS=446 w_ev=0.880 m_ev=0.907 m_v_bias=-2.8 m_adv_std=3.2703 m_kl_max=0.0188 m_ratio_max=0.746 return=-154.5 length=200 success_rate=0.00 collisions/ep=0.00 (n=8)
update=142 global_step=290816 SPS=448 w_ev=0.924 m_ev=0.968 m_v_bias=-1.9 m_adv_std=2.1896 m_kl_max=0.0214 m_ratio_max=0.637 return=-154.8 length=200 success_rate=0.00 collisions/ep=0.00 (n=15)
update=143 global_step=292864 SPS=450 w_ev=0.926 m_ev=0.538 m_v_bias=2.2 m_adv_std=13.6966 m_kl_max=0.0086 m_ratio_max=0.432 return=-166.6 length=200 success_rate=0.00 collisions/ep=0.33 (n=9)
update=144 global_step=294912 SPS=451 w_ev=0.905 m_ev=0.165 m_v_bias=7.2 m_adv_std=43.3958 m_kl_max=0.0171 m_ratio_max=0.586 return=-193.5 length=200 success_rate=0.00 collisions/ep=0.88 (n=8)
update=145 global_step=296960 SPS=453 w_ev=0.889 m_ev=0.731 m_v_bias=-1.8 m_adv_std=6.5203 m_kl_max=0.0137 m_ratio_max=0.781 return=-147.2 length=200 success_rate=0.00 collisions/ep=0.00 (n=8)
Evaluation at update 145: return=-153.04, length=200.00, success_rate=0.00, collisions/ep=0.00
Solved-check at update 145: solved=False worst_gap=1173.97 at p_x0=2.00 p_y0=-1.00 (consecutive=0)
update=146 global_step=299008 SPS=446 w_ev=0.940 m_ev=0.342 m_v_bias=3.0 m_adv_std=24.9850 m_kl_max=0.0325 m_ratio_max=1.256 return=-168.0 length=200 success_rate=0.00 collisions/ep=0.27 (n=15)
update=147 global_step=301056 SPS=448 w_ev=0.941 m_ev=0.883 m_v_bias=-3.0 m_adv_std=4.6463 m_kl_max=0.0225 m_ratio_max=1.101 return=-150.8 length=200 success_rate=0.00 collisions/ep=0.00 (n=9)
update=148 global_step=303104 SPS=449 w_ev=0.932 m_ev=0.701 m_v_bias=-1.7 m_adv_std=6.4059 m_kl_max=0.0058 m_ratio_max=0.466 return=-149.1 length=200 success_rate=0.00 collisions/ep=0.00 (n=8)
update=149 global_step=305152 SPS=451 w_ev=0.894 m_ev=0.963 m_v_bias=-2.2 m_adv_std=2.1764 m_kl_max=0.0617 m_ratio_max=1.158 return=-160.8 length=200 success_rate=0.00 collisions/ep=0.08 (n=12)
update=150 global_step=307200 SPS=453 w_ev=0.944 m_ev=0.887 m_v_bias=-1.2 m_adv_std=4.8760 m_kl_max=0.0289 m_ratio_max=0.744 return=-152.0 length=200 success_rate=0.00 collisions/ep=0.08 (n=12)
Evaluation at update 150: return=-151.30, length=200.00, success_rate=0.00, collisions/ep=0.00
Solved-check at update 150: solved=False worst_gap=1172.20 at p_x0=2.00 p_y0=-0.50 (consecutive=0)
update=151 global_step=309248 SPS=445 w_ev=0.880 m_ev=0.196 m_v_bias=31.0 m_adv_std=102.8908 m_kl_max=0.0241 m_ratio_max=0.791 return=-316.4 length=200 success_rate=0.00 collisions/ep=3.25 (n=8)
update=152 global_step=311296 SPS=447 w_ev=0.923 m_ev=0.041 m_v_bias=-4.3 m_adv_std=23.4399 m_kl_max=0.0147 m_ratio_max=0.606 return=-151.9 length=200 success_rate=0.00 collisions/ep=0.12 (n=8)
update=153 global_step=313344 SPS=449 w_ev=0.956 m_ev=0.241 m_v_bias=-4.7 m_adv_std=41.1196 m_kl_max=0.0164 m_ratio_max=1.144 return=-197.3 length=200 success_rate=0.00 collisions/ep=0.93 (n=15)
update=154 global_step=315392 SPS=451 w_ev=0.906 m_ev=0.248 m_v_bias=26.3 m_adv_std=94.5924 m_kl_max=0.0263 m_ratio_max=1.023 return=-312.4 length=200 success_rate=0.00 collisions/ep=3.22 (n=9)
update=155 global_step=317440 SPS=452 w_ev=0.848 m_ev=0.293 m_v_bias=-3.8 m_adv_std=55.1105 m_kl_max=0.0237 m_ratio_max=1.058 return=-225.5 length=200 success_rate=0.00 collisions/ep=1.50 (n=8)
Evaluation at update 155: return=-155.20, length=200.00, success_rate=0.00, collisions/ep=0.00
Solved-check at update 155: solved=False worst_gap=1174.91 at p_x0=2.00 p_y0=1.00 (consecutive=0)
update=156 global_step=319488 SPS=445 w_ev=0.891 m_ev=0.768 m_v_bias=-10.6 m_adv_std=6.9450 m_kl_max=0.0238 m_ratio_max=0.707 return=-165.6 length=200 success_rate=0.00 collisions/ep=0.33 (n=9)
update=157 global_step=321536 SPS=447 w_ev=0.944 m_ev=0.924 m_v_bias=-6.5 m_adv_std=4.1762 m_kl_max=0.0268 m_ratio_max=0.685 return=-151.2 length=200 success_rate=0.00 collisions/ep=0.00 (n=14)
update=158 global_step=323584 SPS=448 w_ev=0.914 m_ev=0.929 m_v_bias=-4.6 m_adv_std=3.3739 m_kl_max=0.0214 m_ratio_max=0.559 return=-154.7 length=200 success_rate=0.00 collisions/ep=0.00 (n=9)
update=159 global_step=325632 SPS=450 w_ev=0.916 m_ev=0.761 m_v_bias=-1.2 m_adv_std=6.8039 m_kl_max=0.0302 m_ratio_max=1.046 return=-156.5 length=200 success_rate=0.00 collisions/ep=0.12 (n=8)
update=160 global_step=327680 SPS=452 w_ev=0.912 m_ev=0.192 m_v_bias=11.6 m_adv_std=45.2869 m_kl_max=0.0296 m_ratio_max=1.069 return=-167.9 length=200 success_rate=0.00 collisions/ep=0.33 (n=15)
Evaluation at update 160: return=-153.18, length=200.00, success_rate=0.00, collisions/ep=0.00
Solved-check at update 160: solved=False worst_gap=1174.06 at p_x0=2.00 p_y0=0.00 (consecutive=0)
update=161 global_step=329728 SPS=445 w_ev=0.912 m_ev=0.337 m_v_bias=-3.9 m_adv_std=19.2434 m_kl_max=0.0188 m_ratio_max=0.727 return=-201.8 length=200 success_rate=0.00 collisions/ep=1.00 (n=9)
update=162 global_step=331776 SPS=446 w_ev=0.857 m_ev=0.180 m_v_bias=3.9 m_adv_std=40.9082 m_kl_max=0.0167 m_ratio_max=0.685 return=-195.0 length=200 success_rate=0.00 collisions/ep=0.88 (n=8)
update=163 global_step=333824 SPS=448 w_ev=0.900 m_ev=0.153 m_v_bias=21.7 m_adv_std=115.3280 m_kl_max=0.0188 m_ratio_max=0.878 return=-186.0 length=200 success_rate=0.00 collisions/ep=0.75 (n=8)
update=164 global_step=335872 SPS=449 w_ev=0.942 m_ev=0.126 m_v_bias=-12.6 m_adv_std=19.7220 m_kl_max=0.0251 m_ratio_max=0.994 return=-220.7 length=200 success_rate=0.00 collisions/ep=1.40 (n=15)
update=165 global_step=337920 SPS=451 w_ev=0.911 m_ev=0.757 m_v_bias=-11.7 m_adv_std=6.5961 m_kl_max=0.0182 m_ratio_max=0.748 return=-155.0 length=200 success_rate=0.00 collisions/ep=0.00 (n=9)
Evaluation at update 165: return=-153.46, length=200.00, success_rate=0.00, collisions/ep=0.00
Solved-check at update 165: solved=False worst_gap=1174.93 at p_x0=2.00 p_y0=-0.50 (consecutive=0)
update=166 global_step=339968 SPS=445 w_ev=0.918 m_ev=0.901 m_v_bias=-7.0 m_adv_std=3.9933 m_kl_max=0.0355 m_ratio_max=0.773 return=-149.9 length=200 success_rate=0.00 collisions/ep=0.00 (n=8)
update=167 global_step=342016 SPS=446 w_ev=0.913 m_ev=0.906 m_v_bias=-3.9 m_adv_std=3.8469 m_kl_max=0.0260 m_ratio_max=1.056 return=-152.2 length=200 success_rate=0.00 collisions/ep=0.00 (n=15)
update=168 global_step=344064 SPS=448 w_ev=0.905 m_ev=0.965 m_v_bias=-1.9 m_adv_std=2.4750 m_kl_max=0.0210 m_ratio_max=1.128 return=-154.3 length=200 success_rate=0.00 collisions/ep=0.00 (n=9)
update=169 global_step=346112 SPS=449 w_ev=0.907 m_ev=0.416 m_v_bias=-0.5 m_adv_std=16.0431 m_kl_max=0.0360 m_ratio_max=1.685 return=-185.6 length=200 success_rate=0.00 collisions/ep=0.62 (n=8)
update=170 global_step=348160 SPS=451 w_ev=0.900 m_ev=0.053 m_v_bias=15.5 m_adv_std=64.7106 m_kl_max=0.0202 m_ratio_max=0.792 return=-154.3 length=200 success_rate=0.00 collisions/ep=0.00 (n=8)
Evaluation at update 170: return=-151.88, length=200.00, success_rate=0.00, collisions/ep=0.00
Solved-check at update 170: solved=False worst_gap=1173.59 at p_x0=2.00 p_y0=-0.50 (consecutive=0)
update=171 global_step=350208 SPS=445 w_ev=0.927 m_ev=0.125 m_v_bias=1.1 m_adv_std=44.5986 m_kl_max=0.0247 m_ratio_max=0.902 return=-220.6 length=200 success_rate=0.00 collisions/ep=1.40 (n=15)
update=172 global_step=352256 SPS=446 w_ev=0.887 m_ev=0.609 m_v_bias=-8.5 m_adv_std=8.6291 m_kl_max=0.0181 m_ratio_max=0.638 return=-151.0 length=200 success_rate=0.00 collisions/ep=0.00 (n=9)
update=173 global_step=354304 SPS=448 w_ev=0.899 m_ev=0.216 m_v_bias=38.7 m_adv_std=127.5204 m_kl_max=0.0306 m_ratio_max=1.031 return=-282.4 length=200 success_rate=0.00 collisions/ep=2.62 (n=8)
update=174 global_step=356352 SPS=449 w_ev=0.935 m_ev=0.074 m_v_bias=2.2 m_adv_std=73.3973 m_kl_max=0.0189 m_ratio_max=0.951 return=-223.4 length=200 success_rate=0.00 collisions/ep=1.50 (n=12)
update=175 global_step=358400 SPS=451 w_ev=0.944 m_ev=0.473 m_v_bias=-14.2 m_adv_std=13.6215 m_kl_max=0.0075 m_ratio_max=0.430 return=-149.1 length=200 success_rate=0.00 collisions/ep=0.00 (n=12)
Evaluation at update 175: return=-153.47, length=200.00, success_rate=0.00, collisions/ep=0.00
Solved-check at update 175: solved=False worst_gap=1175.19 at p_x0=2.00 p_y0=-1.00 (consecutive=0)
update=176 global_step=360448 SPS=445 w_ev=0.906 m_ev=0.708 m_v_bias=-11.9 m_adv_std=7.7057 m_kl_max=0.0178 m_ratio_max=0.597 return=-154.3 length=200 success_rate=0.00 collisions/ep=0.00 (n=8)
update=177 global_step=362496 SPS=446 w_ev=0.911 m_ev=0.894 m_v_bias=-8.0 m_adv_std=4.2948 m_kl_max=0.0421 m_ratio_max=0.944 return=-153.3 length=200 success_rate=0.00 collisions/ep=0.00 (n=8)
update=178 global_step=364544 SPS=448 w_ev=0.939 m_ev=0.955 m_v_bias=-5.4 m_adv_std=3.0259 m_kl_max=0.0317 m_ratio_max=0.895 return=-152.6 length=200 success_rate=0.00 collisions/ep=0.00 (n=15)
update=179 global_step=366592 SPS=449 w_ev=0.933 m_ev=0.965 m_v_bias=-2.7 m_adv_std=2.3761 m_kl_max=0.0192 m_ratio_max=0.925 return=-154.1 length=200 success_rate=0.00 collisions/ep=0.00 (n=9)
update=180 global_step=368640 SPS=451 w_ev=0.933 m_ev=0.975 m_v_bias=-2.0 m_adv_std=1.8284 m_kl_max=0.0228 m_ratio_max=0.651 return=-151.9 length=200 success_rate=0.00 collisions/ep=0.00 (n=8)
Evaluation at update 180: return=-150.72, length=200.00, success_rate=0.00, collisions/ep=0.00
Solved-check at update 180: solved=False worst_gap=1172.56 at p_x0=2.00 p_y0=-1.00 (consecutive=0)
update=181 global_step=370688 SPS=445 w_ev=0.935 m_ev=0.139 m_v_bias=5.2 m_adv_std=45.7738 m_kl_max=0.0349 m_ratio_max=0.905 return=-195.4 length=200 success_rate=0.00 collisions/ep=0.89 (n=9)
update=182 global_step=372736 SPS=446 w_ev=0.959 m_ev=0.126 m_v_bias=-1.7 m_adv_std=18.8109 m_kl_max=0.0273 m_ratio_max=1.934 return=-150.1 length=200 success_rate=0.00 collisions/ep=0.00 (n=14)
update=183 global_step=374784 SPS=448 w_ev=0.918 m_ev=0.719 m_v_bias=-4.1 m_adv_std=6.4581 m_kl_max=0.0181 m_ratio_max=0.955 return=-149.1 length=200 success_rate=0.00 collisions/ep=0.00 (n=9)
update=184 global_step=376832 SPS=449 w_ev=0.919 m_ev=0.212 m_v_bias=11.5 m_adv_std=48.8085 m_kl_max=0.0349 m_ratio_max=0.937 return=-154.6 length=200 success_rate=0.00 collisions/ep=0.00 (n=8)
update=185 global_step=378880 SPS=451 w_ev=0.932 m_ev=0.730 m_v_bias=-4.5 m_adv_std=7.3497 m_kl_max=0.0224 m_ratio_max=0.771 return=-190.3 length=200 success_rate=0.00 collisions/ep=0.80 (n=15)
Evaluation at update 185: return=-152.50, length=200.00, success_rate=0.00, collisions/ep=0.00
Solved-check at update 185: solved=False worst_gap=1173.82 at p_x0=2.00 p_y0=1.00 (consecutive=0)
update=186 global_step=380928 SPS=445 w_ev=0.937 m_ev=0.572 m_v_bias=-1.0 m_adv_std=12.5695 m_kl_max=0.0221 m_ratio_max=0.995 return=-162.4 length=200 success_rate=0.00 collisions/ep=0.22 (n=9)
update=187 global_step=382976 SPS=446 w_ev=0.911 m_ev=0.938 m_v_bias=-2.9 m_adv_std=2.8870 m_kl_max=0.0225 m_ratio_max=0.649 return=-153.1 length=200 success_rate=0.00 collisions/ep=0.00 (n=8)
update=188 global_step=385024 SPS=448 w_ev=0.935 m_ev=0.077 m_v_bias=8.1 m_adv_std=55.0692 m_kl_max=0.0086 m_ratio_max=0.487 return=-152.8 length=200 success_rate=0.00 collisions/ep=0.00 (n=8)
update=189 global_step=387072 SPS=449 w_ev=0.946 m_ev=0.329 m_v_bias=-6.1 m_adv_std=11.1179 m_kl_max=0.0201 m_ratio_max=0.552 return=-183.9 length=200 success_rate=0.00 collisions/ep=0.60 (n=15)
update=190 global_step=389120 SPS=450 w_ev=0.926 m_ev=0.198 m_v_bias=2.6 m_adv_std=30.1200 m_kl_max=0.0332 m_ratio_max=0.914 return=-179.5 length=200 success_rate=0.00 collisions/ep=0.56 (n=9)
Evaluation at update 190: return=-153.68, length=200.00, success_rate=0.00, collisions/ep=0.00
Solved-check at update 190: solved=False worst_gap=1173.00 at p_x0=2.00 p_y0=0.00 (consecutive=0)
update=191 global_step=391168 SPS=445 w_ev=0.918 m_ev=0.216 m_v_bias=7.5 m_adv_std=51.3158 m_kl_max=0.0175 m_ratio_max=0.590 return=-210.0 length=200 success_rate=0.00 collisions/ep=1.12 (n=8)
update=192 global_step=393216 SPS=446 w_ev=0.949 m_ev=0.816 m_v_bias=-5.0 m_adv_std=6.3823 m_kl_max=0.0143 m_ratio_max=0.702 return=-151.3 length=200 success_rate=0.00 collisions/ep=0.00 (n=15)
update=193 global_step=395264 SPS=447 w_ev=0.952 m_ev=0.783 m_v_bias=-2.4 m_adv_std=6.6561 m_kl_max=0.0171 m_ratio_max=0.761 return=-151.8 length=200 success_rate=0.00 collisions/ep=0.00 (n=9)
update=194 global_step=397312 SPS=449 w_ev=0.945 m_ev=0.964 m_v_bias=-2.6 m_adv_std=2.2374 m_kl_max=0.0108 m_ratio_max=0.532 return=-157.3 length=200 success_rate=0.00 collisions/ep=0.12 (n=8)
update=195 global_step=399360 SPS=450 w_ev=0.929 m_ev=0.728 m_v_bias=-0.6 m_adv_std=5.7601 m_kl_max=0.0369 m_ratio_max=1.732 return=-151.0 length=200 success_rate=0.00 collisions/ep=0.00 (n=8)
Evaluation at update 195: return=-153.04, length=200.00, success_rate=0.00, collisions/ep=0.00
Solved-check at update 195: solved=False worst_gap=1174.58 at p_x0=2.00 p_y0=-1.00 (consecutive=0)
update=196 global_step=401408 SPS=445 w_ev=0.969 m_ev=0.980 m_v_bias=-2.2 m_adv_std=2.0075 m_kl_max=0.0534 m_ratio_max=1.419 return=-155.3 length=200 success_rate=0.00 collisions/ep=0.07 (n=15)
update=197 global_step=403456 SPS=446 w_ev=0.939 m_ev=0.990 m_v_bias=-1.5 m_adv_std=1.2775 m_kl_max=0.0216 m_ratio_max=0.670 return=-150.9 length=200 success_rate=0.00 collisions/ep=0.00 (n=9)
update=198 global_step=405504 SPS=447 w_ev=0.919 m_ev=0.122 m_v_bias=3.1 m_adv_std=23.6598 m_kl_max=0.0454 m_ratio_max=1.310 return=-151.9 length=200 success_rate=0.00 collisions/ep=0.00 (n=8)
update=199 global_step=407552 SPS=449 w_ev=0.937 m_ev=0.253 m_v_bias=0.5 m_adv_std=18.2240 m_kl_max=0.0188 m_ratio_max=1.114 return=-183.7 length=200 success_rate=0.00 collisions/ep=0.58 (n=12)
update=200 global_step=409600 SPS=450 w_ev=0.950 m_ev=0.977 m_v_bias=-1.3 m_adv_std=2.1319 m_kl_max=0.0215 m_ratio_max=1.253 return=-151.3 length=200 success_rate=0.00 collisions/ep=0.00 (n=12)
Evaluation at update 200: return=-152.73, length=200.00, success_rate=0.00, collisions/ep=0.00
Solved-check at update 200: solved=False worst_gap=1172.59 at p_x0=2.00 p_y0=-1.00 (consecutive=0)
update=201 global_step=411648 SPS=445 w_ev=0.917 m_ev=0.559 m_v_bias=1.3 m_adv_std=9.5732 m_kl_max=0.0435 m_ratio_max=1.363 return=-150.3 length=200 success_rate=0.00 collisions/ep=0.00 (n=8)
update=202 global_step=413696 SPS=446 w_ev=0.913 m_ev=0.384 m_v_bias=0.8 m_adv_std=17.9520 m_kl_max=0.0134 m_ratio_max=0.600 return=-179.2 length=200 success_rate=0.00 collisions/ep=0.62 (n=8)
update=203 global_step=415744 SPS=447 w_ev=0.963 m_ev=0.325 m_v_bias=4.7 m_adv_std=25.7140 m_kl_max=0.0236 m_ratio_max=0.785 return=-162.1 length=200 success_rate=0.00 collisions/ep=0.27 (n=15)
update=204 global_step=417792 SPS=449 w_ev=0.955 m_ev=0.908 m_v_bias=-1.6 m_adv_std=4.0475 m_kl_max=0.0130 m_ratio_max=0.531 return=-152.0 length=200 success_rate=0.00 collisions/ep=0.00 (n=9)
update=205 global_step=419840 SPS=450 w_ev=0.946 m_ev=0.761 m_v_bias=-1.6 m_adv_std=6.7047 m_kl_max=0.0227 m_ratio_max=1.156 return=-156.5 length=200 success_rate=0.00 collisions/ep=0.12 (n=8)
Evaluation at update 205: return=-152.16, length=200.00, success_rate=0.00, collisions/ep=0.00
Solved-check at update 205: solved=False worst_gap=1171.59 at p_x0=2.00 p_y0=1.00 (consecutive=0)
update=206 global_step=421888 SPS=445 w_ev=0.948 m_ev=0.277 m_v_bias=1.0 m_adv_std=24.3937 m_kl_max=0.0155 m_ratio_max=0.816 return=-177.6 length=200 success_rate=0.00 collisions/ep=0.56 (n=9)
update=207 global_step=423936 SPS=446 w_ev=0.967 m_ev=0.158 m_v_bias=9.4 m_adv_std=48.4780 m_kl_max=0.0517 m_ratio_max=1.310 return=-180.9 length=200 success_rate=0.00 collisions/ep=0.64 (n=14)
update=208 global_step=425984 SPS=448 w_ev=0.933 m_ev=0.098 m_v_bias=5.8 m_adv_std=62.0460 m_kl_max=0.0822 m_ratio_max=4.052 return=-207.6 length=200 success_rate=0.00 collisions/ep=1.11 (n=9)
update=209 global_step=428032 SPS=449 w_ev=0.904 m_ev=0.229 m_v_bias=0.6 m_adv_std=36.0281 m_kl_max=0.0380 m_ratio_max=1.116 return=-185.2 length=200 success_rate=0.00 collisions/ep=0.75 (n=8)
update=210 global_step=430080 SPS=450 w_ev=0.942 m_ev=0.132 m_v_bias=-7.8 m_adv_std=24.9514 m_kl_max=0.0271 m_ratio_max=0.487 return=-172.4 length=200 success_rate=0.00 collisions/ep=0.40 (n=15)
Evaluation at update 210: return=-152.19, length=200.00, success_rate=0.00, collisions/ep=0.00
Solved-check at update 210: solved=False worst_gap=1172.49 at p_x0=2.00 p_y0=0.00 (consecutive=0)
update=211 global_step=432128 SPS=445 w_ev=0.946 m_ev=0.143 m_v_bias=15.4 m_adv_std=59.4373 m_kl_max=0.0294 m_ratio_max=0.941 return=-231.6 length=200 success_rate=0.00 collisions/ep=1.67 (n=9)
update=212 global_step=434176 SPS=446 w_ev=0.954 m_ev=0.542 m_v_bias=-6.9 m_adv_std=10.1616 m_kl_max=0.0211 m_ratio_max=0.510 return=-150.2 length=200 success_rate=0.00 collisions/ep=0.00 (n=8)
update=213 global_step=436224 SPS=447 w_ev=0.920 m_ev=0.731 m_v_bias=-5.3 m_adv_std=7.2140 m_kl_max=0.0100 m_ratio_max=0.520 return=-147.5 length=200 success_rate=0.00 collisions/ep=0.00 (n=8)
update=214 global_step=438272 SPS=449 w_ev=0.946 m_ev=0.841 m_v_bias=-3.4 m_adv_std=7.1914 m_kl_max=0.0098 m_ratio_max=0.543 return=-154.8 length=200 success_rate=0.00 collisions/ep=0.07 (n=15)
update=215 global_step=440320 SPS=450 w_ev=0.929 m_ev=0.638 m_v_bias=-0.8 m_adv_std=8.4560 m_kl_max=0.0110 m_ratio_max=0.649 return=-155.3 length=200 success_rate=0.00 collisions/ep=0.11 (n=9)
Evaluation at update 215: return=-152.71, length=200.00, success_rate=0.00, collisions/ep=0.00
Solved-check at update 215: solved=False worst_gap=1172.53 at p_x0=2.00 p_y0=0.50 (consecutive=0)
update=216 global_step=442368 SPS=445 w_ev=0.935 m_ev=0.268 m_v_bias=8.3 m_adv_std=45.8708 m_kl_max=0.0244 m_ratio_max=0.790 return=-211.0 length=200 success_rate=0.00 collisions/ep=1.25 (n=8)
update=217 global_step=444416 SPS=446 w_ev=0.960 m_ev=0.654 m_v_bias=-3.4 m_adv_std=8.8699 m_kl_max=0.0151 m_ratio_max=0.846 return=-152.6 length=200 success_rate=0.00 collisions/ep=0.07 (n=15)
update=218 global_step=446464 SPS=447 w_ev=0.907 m_ev=0.626 m_v_bias=1.3 m_adv_std=13.5511 m_kl_max=0.0418 m_ratio_max=1.375 return=-165.3 length=200 success_rate=0.00 collisions/ep=0.33 (n=9)
update=219 global_step=448512 SPS=449 w_ev=0.945 m_ev=0.947 m_v_bias=-3.5 m_adv_std=3.0691 m_kl_max=0.0191 m_ratio_max=0.728 return=-148.5 length=200 success_rate=0.00 collisions/ep=0.00 (n=8)
update=220 global_step=450560 SPS=450 w_ev=0.926 m_ev=0.922 m_v_bias=-2.8 m_adv_std=3.2845 m_kl_max=0.0126 m_ratio_max=0.849 return=-149.5 length=200 success_rate=0.00 collisions/ep=0.00 (n=8)
Evaluation at update 220: return=-152.34, length=200.00, success_rate=0.00, collisions/ep=0.00
Solved-check at update 220: solved=False worst_gap=1172.77 at p_x0=2.00 p_y0=0.50 (consecutive=0)
update=221 global_step=452608 SPS=445 w_ev=0.952 m_ev=0.804 m_v_bias=0.6 m_adv_std=7.5970 m_kl_max=0.0180 m_ratio_max=0.590 return=-153.0 length=200 success_rate=0.00 collisions/ep=0.07 (n=15)
update=222 global_step=454656 SPS=446 w_ev=0.929 m_ev=0.111 m_v_bias=9.4 m_adv_std=54.4511 m_kl_max=0.0144 m_ratio_max=0.855 return=-206.4 length=200 success_rate=0.00 collisions/ep=1.11 (n=9)
update=223 global_step=456704 SPS=447 w_ev=0.941 m_ev=0.598 m_v_bias=-4.7 m_adv_std=8.5486 m_kl_max=0.0123 m_ratio_max=0.590 return=-154.1 length=200 success_rate=0.00 collisions/ep=0.00 (n=8)
update=224 global_step=458752 SPS=448 w_ev=0.954 m_ev=0.906 m_v_bias=-4.5 m_adv_std=3.7973 m_kl_max=0.0166 m_ratio_max=0.560 return=-151.6 length=200 success_rate=0.00 collisions/ep=0.00 (n=12)
update=225 global_step=460800 SPS=450 w_ev=0.953 m_ev=0.950 m_v_bias=-2.5 m_adv_std=3.1408 m_kl_max=0.0175 m_ratio_max=0.689 return=-150.1 length=200 success_rate=0.00 collisions/ep=0.00 (n=12)
Evaluation at update 225: return=-151.95, length=200.00, success_rate=0.00, collisions/ep=0.00
Solved-check at update 225: solved=False worst_gap=1171.63 at p_x0=2.00 p_y0=-0.50 (consecutive=0)
update=226 global_step=462848 SPS=445 w_ev=0.950 m_ev=0.152 m_v_bias=4.1 m_adv_std=39.6720 m_kl_max=0.0208 m_ratio_max=0.873 return=-192.5 length=200 success_rate=0.00 collisions/ep=0.88 (n=8)
update=227 global_step=464896 SPS=446 w_ev=0.938 m_ev=0.792 m_v_bias=-2.1 m_adv_std=5.6393 m_kl_max=0.0190 m_ratio_max=0.724 return=-147.3 length=200 success_rate=0.00 collisions/ep=0.00 (n=8)
update=228 global_step=466944 SPS=447 w_ev=0.948 m_ev=0.746 m_v_bias=-0.9 m_adv_std=7.9850 m_kl_max=0.0148 m_ratio_max=0.852 return=-156.0 length=200 success_rate=0.00 collisions/ep=0.13 (n=15)
update=229 global_step=468992 SPS=448 w_ev=0.952 m_ev=0.967 m_v_bias=-1.9 m_adv_std=2.3409 m_kl_max=0.0610 m_ratio_max=1.766 return=-145.9 length=200 success_rate=0.00 collisions/ep=0.00 (n=9)
update=230 global_step=471040 SPS=449 w_ev=0.913 m_ev=0.330 m_v_bias=6.0 m_adv_std=29.3597 m_kl_max=0.0367 m_ratio_max=1.547 return=-183.2 length=200 success_rate=0.00 collisions/ep=0.75 (n=8)
Evaluation at update 230: return=-151.03, length=200.00, success_rate=0.00, collisions/ep=0.00
Solved-check at update 230: solved=False worst_gap=1170.94 at p_x0=2.00 p_y0=-1.00 (consecutive=0)
update=231 global_step=473088 SPS=444 w_ev=0.921 m_ev=0.278 m_v_bias=4.9 m_adv_std=47.5638 m_kl_max=0.0325 m_ratio_max=1.395 return=-207.4 length=200 success_rate=0.00 collisions/ep=1.11 (n=9)
update=232 global_step=475136 SPS=445 w_ev=0.938 m_ev=0.400 m_v_bias=6.1 m_adv_std=27.4559 m_kl_max=0.0320 m_ratio_max=1.479 return=-178.5 length=200 success_rate=0.00 collisions/ep=0.57 (n=14)
update=233 global_step=477184 SPS=446 w_ev=0.939 m_ev=0.255 m_v_bias=15.5 m_adv_std=61.0721 m_kl_max=0.0218 m_ratio_max=0.820 return=-232.8 length=200 success_rate=0.00 collisions/ep=1.67 (n=9)
update=234 global_step=479232 SPS=447 w_ev=0.929 m_ev=0.126 m_v_bias=-6.6 m_adv_std=24.9061 m_kl_max=0.0131 m_ratio_max=0.621 return=-155.7 length=200 success_rate=0.00 collisions/ep=0.12 (n=8)
update=235 global_step=481280 SPS=449 w_ev=0.936 m_ev=0.220 m_v_bias=-8.4 m_adv_std=15.3074 m_kl_max=0.0147 m_ratio_max=0.522 return=-154.3 length=200 success_rate=0.00 collisions/ep=0.07 (n=15)
Evaluation at update 235: return=-152.13, length=200.00, success_rate=0.00, collisions/ep=0.00
Solved-check at update 235: solved=False worst_gap=1172.04 at p_x0=2.00 p_y0=0.50 (consecutive=0)
update=236 global_step=483328 SPS=444 w_ev=0.943 m_ev=0.305 m_v_bias=4.2 m_adv_std=45.5430 m_kl_max=0.0119 m_ratio_max=0.592 return=-193.8 length=200 success_rate=0.00 collisions/ep=0.89 (n=9)
update=237 global_step=485376 SPS=445 w_ev=0.950 m_ev=0.819 m_v_bias=-7.4 m_adv_std=5.9128 m_kl_max=0.0090 m_ratio_max=0.564 return=-151.3 length=200 success_rate=0.00 collisions/ep=0.00 (n=8)
update=238 global_step=487424 SPS=446 w_ev=0.949 m_ev=0.944 m_v_bias=-6.0 m_adv_std=3.1430 m_kl_max=0.0116 m_ratio_max=0.587 return=-152.3 length=200 success_rate=0.00 collisions/ep=0.00 (n=8)
update=239 global_step=489472 SPS=447 w_ev=0.950 m_ev=0.964 m_v_bias=-3.4 m_adv_std=2.6714 m_kl_max=0.0181 m_ratio_max=0.504 return=-152.2 length=200 success_rate=0.00 collisions/ep=0.00 (n=15)
update=240 global_step=491520 SPS=448 w_ev=0.942 m_ev=-0.052 m_v_bias=2.0 m_adv_std=34.8911 m_kl_max=0.0128 m_ratio_max=0.954 return=-153.4 length=200 success_rate=0.00 collisions/ep=0.00 (n=9)
Evaluation at update 240: return=-152.54, length=200.00, success_rate=0.00, collisions/ep=0.00
Solved-check at update 240: solved=False worst_gap=1172.28 at p_x0=2.00 p_y0=0.50 (consecutive=0)
update=241 global_step=493568 SPS=444 w_ev=0.944 m_ev=0.663 m_v_bias=-3.9 m_adv_std=6.4778 m_kl_max=0.0714 m_ratio_max=1.555 return=-196.2 length=200 success_rate=0.00 collisions/ep=0.88 (n=8)
update=242 global_step=495616 SPS=445 w_ev=0.948 m_ev=0.451 m_v_bias=0.6 m_adv_std=12.4506 m_kl_max=0.0489 m_ratio_max=1.335 return=-156.2 length=200 success_rate=0.00 collisions/ep=0.13 (n=15)
update=243 global_step=497664 SPS=446 w_ev=0.955 m_ev=0.270 m_v_bias=5.5 m_adv_std=32.4169 m_kl_max=0.0188 m_ratio_max=0.845 return=-175.3 length=200 success_rate=0.00 collisions/ep=0.56 (n=9)
update=244 global_step=499712 SPS=447 w_ev=0.944 m_ev=0.879 m_v_bias=-2.8 m_adv_std=4.7779 m_kl_max=0.0118 m_ratio_max=0.615 return=-150.2 length=200 success_rate=0.00 collisions/ep=0.00 (n=8)
Saved checkpoints to C:\Users\loren\Desktop\MASTER THESIS\5_CODE\scenarios\slalom\studies\extrinsic_sweep\coef_0\runs\hppo_slalom_5_1790267276
