Using device: cpu
Solved-check: precomputed optimal returns for 25 fixed initial conditions (mean=1013.0, min=1011.0, max=1015.0); solved-tolerance=5.0
num_envs=8 num_steps_per_env=256 worker_batch_size=2048 worker_minibatch_size=256 num_updates=244 timesteps=499712 (requested 500000; 288 dropped by integer division)
update=1 global_step=2048 SPS=975 w_ev=-0.005 m_ev=0.001 m_v_bias=55.9 m_adv_std=200.6018 m_kl_max=0.0022 m_ratio_max=0.270 w_ax@goal=-0.12 w_v@goal=0.31 return=-253.0 length=186 success_rate=0.25 collisions/ep=6.75 (n=8)
update=2 global_step=4096 SPS=995 w_ev=0.030 m_ev=0.332 m_v_bias=48.1 m_adv_std=183.8852 m_kl_max=0.0007 m_ratio_max=0.191 w_ax@goal=-0.10 w_v@goal=-0.34 return=-223.9 length=181 success_rate=0.25 collisions/ep=6.12 (n=8)
update=3 global_step=6144 SPS=1046 w_ev=0.037 m_ev=0.581 m_v_bias=-0.7 m_adv_std=228.7727 m_kl_max=0.0013 m_ratio_max=0.300 w_ax@goal=+0.18 w_v@goal=-0.14 return=-161.2 length=186 success_rate=0.36 collisions/ep=7.43 (n=14)
update=4 global_step=8192 SPS=1059 w_ev=0.040 m_ev=0.661 m_v_bias=77.9 m_adv_std=238.7438 m_kl_max=0.0009 m_ratio_max=0.133 w_ax@goal=+0.04 w_v@goal=-0.06 return=-430.2 length=162 success_rate=0.46 collisions/ep=15.77 (n=13)
update=5 global_step=10240 SPS=1073 w_ev=0.158 m_ev=0.669 m_v_bias=-9.5 m_adv_std=213.7509 m_kl_max=0.0030 m_ratio_max=0.228 w_ax@goal=-0.04 w_v@goal=-0.09 return=-412.3 length=172 success_rate=0.45 collisions/ep=15.27 (n=11)
Evaluation at update 5: return=-1139.45, length=154.45, success_rate=1.00, collisions/ep=42.50
Solved-check at update 5: solved=False worst_gap=3161.86 at p_x0=2.00 p_y0=0.50 (consecutive=0)
update=6 global_step=12288 SPS=577 w_ev=0.159 m_ev=0.108 m_v_bias=49.9 m_adv_std=302.6212 m_kl_max=0.0017 m_ratio_max=0.183 w_ax@goal=-0.28 w_v@goal=-0.24 return=-510.4 length=189 success_rate=0.22 collisions/ep=11.78 (n=9)
update=7 global_step=14336 SPS=614 w_ev=0.131 m_ev=0.363 m_v_bias=48.7 m_adv_std=251.7274 m_kl_max=0.0086 m_ratio_max=0.371 w_ax@goal=-0.18 w_v@goal=-0.10 return=-309.6 length=185 success_rate=0.36 collisions/ep=10.86 (n=14)
update=8 global_step=16384 SPS=648 w_ev=0.290 m_ev=-0.008 m_v_bias=101.4 m_adv_std=232.0210 m_kl_max=0.0052 m_ratio_max=0.547 w_ax@goal=-0.24 w_v@goal=0.00 return=-466.5 length=199 success_rate=0.22 collisions/ep=11.00 (n=9)
update=9 global_step=18432 SPS=674 w_ev=0.232 m_ev=0.115 m_v_bias=-55.9 m_adv_std=282.4022 m_kl_max=0.0066 m_ratio_max=0.352 w_ax@goal=-0.24 w_v@goal=0.02 return=-77.7 length=177 success_rate=0.45 collisions/ep=8.45 (n=11)
update=10 global_step=20480 SPS=700 w_ev=0.228 m_ev=0.326 m_v_bias=-48.5 m_adv_std=263.0854 m_kl_max=0.0192 m_ratio_max=0.850 w_ax@goal=+0.05 w_v@goal=0.30 return=-6.2 length=166 success_rate=0.46 collisions/ep=7.38 (n=13)
Evaluation at update 10: return=-4908.45, length=200.00, success_rate=0.00, collisions/ep=95.35
Solved-check at update 10: solved=False worst_gap=7906.52 at p_x0=2.00 p_y0=-1.00 (consecutive=0)
update=11 global_step=22528 SPS=502 w_ev=0.291 m_ev=0.005 m_v_bias=112.0 m_adv_std=278.5390 m_kl_max=0.0325 m_ratio_max=1.156 w_ax@goal=+0.22 w_v@goal=0.58 return=-577.0 length=190 success_rate=0.18 collisions/ep=12.64 (n=11)
update=12 global_step=24576 SPS=526 w_ev=0.392 m_ev=0.019 m_v_bias=96.1 m_adv_std=223.7521 m_kl_max=0.0122 m_ratio_max=0.615 w_ax@goal=-0.36 w_v@goal=0.65 return=-602.4 length=190 success_rate=0.11 collisions/ep=11.67 (n=9)
update=13 global_step=26624 SPS=547 w_ev=0.576 m_ev=0.140 m_v_bias=-166.3 m_adv_std=404.8818 m_kl_max=0.0201 m_ratio_max=0.505 w_ax@goal=-0.24 w_v@goal=0.75 return=-71.0 length=166 success_rate=0.62 collisions/ep=12.00 (n=16)
update=14 global_step=28672 SPS=567 w_ev=0.516 m_ev=0.296 m_v_bias=-54.6 m_adv_std=287.8319 m_kl_max=0.0338 m_ratio_max=0.856 w_ax@goal=-0.04 w_v@goal=0.93 return=-6.6 length=165 success_rate=0.55 collisions/ep=9.27 (n=11)
update=15 global_step=30720 SPS=586 w_ev=0.786 m_ev=0.450 m_v_bias=-107.3 m_adv_std=272.6881 m_kl_max=0.0236 m_ratio_max=0.681 w_ax@goal=+0.00 w_v@goal=0.94 return=206.3 length=157 success_rate=0.71 collisions/ep=8.64 (n=14)
Evaluation at update 15: return=586.34, length=96.30, success_rate=1.00, collisions/ep=8.15
Solved-check at update 15: solved=False worst_gap=468.92 at p_x0=0.50 p_y0=0.50 (consecutive=0)
update=16 global_step=32768 SPS=538 w_ev=0.860 m_ev=0.755 m_v_bias=-195.9 m_adv_std=161.8898 m_kl_max=0.0405 m_ratio_max=0.769 w_ax@goal=+0.08 w_v@goal=0.76 return=543.6 length=126 success_rate=0.94 collisions/ep=7.31 (n=16)
update=17 global_step=34816 SPS=554 w_ev=0.928 m_ev=0.769 m_v_bias=-91.7 m_adv_std=144.1571 m_kl_max=0.0180 m_ratio_max=0.598 w_ax@goal=+0.03 w_v@goal=0.64 return=713.7 length=109 success_rate=1.00 collisions/ep=5.40 (n=20)
update=18 global_step=36864 SPS=570 w_ev=0.940 m_ev=0.830 m_v_bias=-29.9 m_adv_std=120.5032 m_kl_max=0.0127 m_ratio_max=0.458 w_ax@goal=-0.10 w_v@goal=0.70 return=628.3 length=102 success_rate=0.95 collisions/ep=6.16 (n=19)
update=19 global_step=38912 SPS=584 w_ev=0.958 m_ev=0.871 m_v_bias=-29.7 m_adv_std=107.9588 m_kl_max=0.0110 m_ratio_max=0.422 w_ax@goal=+0.19 w_v@goal=0.63 return=625.7 length=100 success_rate=0.96 collisions/ep=6.43 (n=23)
update=20 global_step=40960 SPS=597 w_ev=0.976 m_ev=0.835 m_v_bias=-15.6 m_adv_std=103.7813 m_kl_max=0.0178 m_ratio_max=0.509 w_ax@goal=+0.08 w_v@goal=0.63 return=792.0 length=97 success_rate=1.00 collisions/ep=4.05 (n=20)
Evaluation at update 20: return=712.83, length=80.00, success_rate=1.00, collisions/ep=5.95
Solved-check at update 20: solved=False worst_gap=502.79 at p_x0=0.00 p_y0=0.50 (consecutive=0)
update=21 global_step=43008 SPS=565 w_ev=0.971 m_ev=0.739 m_v_bias=7.5 m_adv_std=142.5652 m_kl_max=0.0428 m_ratio_max=0.827 w_ax@goal=+0.07 w_v@goal=0.57 return=680.4 length=99 success_rate=1.00 collisions/ep=6.37 (n=19)
update=22 global_step=45056 SPS=577 w_ev=0.973 m_ev=0.823 m_v_bias=23.8 m_adv_std=120.5159 m_kl_max=0.0086 m_ratio_max=0.401 w_ax@goal=-0.16 w_v@goal=0.65 return=684.7 length=94 success_rate=1.00 collisions/ep=6.21 (n=24)
update=23 global_step=47104 SPS=588 w_ev=0.986 m_ev=0.878 m_v_bias=-27.5 m_adv_std=90.1812 m_kl_max=0.0056 m_ratio_max=0.407 w_ax@goal=+0.10 w_v@goal=0.58 return=777.9 length=94 success_rate=1.00 collisions/ep=4.38 (n=21)
update=24 global_step=49152 SPS=599 w_ev=0.964 m_ev=0.785 m_v_bias=1.5 m_adv_std=122.2637 m_kl_max=0.0174 m_ratio_max=0.877 w_ax@goal=+0.04 w_v@goal=0.54 return=723.9 length=93 success_rate=1.00 collisions/ep=5.50 (n=22)
update=25 global_step=51200 SPS=611 w_ev=0.982 m_ev=0.847 m_v_bias=2.1 m_adv_std=101.2731 m_kl_max=0.0168 m_ratio_max=0.601 w_ax@goal=-0.02 w_v@goal=0.52 return=757.5 length=89 success_rate=1.00 collisions/ep=4.87 (n=23)
Evaluation at update 25: return=952.29, length=80.35, success_rate=1.00, collisions/ep=1.15
Solved-check at update 25: solved=False worst_gap=503.21 at p_x0=1.00 p_y0=-1.00 (consecutive=0)
update=26 global_step=53248 SPS=582 w_ev=0.982 m_ev=0.870 m_v_bias=-23.7 m_adv_std=93.1441 m_kl_max=0.0133 m_ratio_max=0.631 w_ax@goal=+0.14 w_v@goal=0.62 return=766.8 length=89 success_rate=1.00 collisions/ep=4.71 (n=24)
update=27 global_step=55296 SPS=592 w_ev=0.990 m_ev=0.670 m_v_bias=42.7 m_adv_std=163.0453 m_kl_max=0.0038 m_ratio_max=0.353 w_ax@goal=+0.08 w_v@goal=0.62 return=706.0 length=94 success_rate=1.00 collisions/ep=5.82 (n=22)
update=28 global_step=57344 SPS=602 w_ev=0.987 m_ev=0.877 m_v_bias=-34.3 m_adv_std=86.6012 m_kl_max=0.0124 m_ratio_max=0.474 w_ax@goal=+0.08 w_v@goal=0.63 return=816.1 length=94 success_rate=1.00 collisions/ep=3.67 (n=21)
update=29 global_step=59392 SPS=611 w_ev=0.983 m_ev=0.748 m_v_bias=13.4 m_adv_std=129.7657 m_kl_max=0.0228 m_ratio_max=0.632 w_ax@goal=-0.09 w_v@goal=0.52 return=746.7 length=89 success_rate=1.00 collisions/ep=5.09 (n=22)
update=30 global_step=61440 SPS=620 w_ev=0.992 m_ev=0.842 m_v_bias=-18.4 m_adv_std=101.8975 m_kl_max=0.0124 m_ratio_max=0.753 w_ax@goal=+0.02 w_v@goal=0.58 return=794.0 length=92 success_rate=1.00 collisions/ep=4.09 (n=23)
Evaluation at update 30: return=955.62, length=84.50, success_rate=1.00, collisions/ep=1.00
Solved-check at update 30: solved=False worst_gap=106.89 at p_x0=2.00 p_y0=-1.00 (consecutive=0)
update=31 global_step=63488 SPS=595 w_ev=0.989 m_ev=0.803 m_v_bias=23.0 m_adv_std=113.4491 m_kl_max=0.0080 m_ratio_max=0.357 w_ax@goal=+0.04 w_v@goal=0.61 return=810.7 length=97 success_rate=1.00 collisions/ep=3.67 (n=21)
update=32 global_step=65536 SPS=603 w_ev=0.989 m_ev=0.799 m_v_bias=0.6 m_adv_std=116.6161 m_kl_max=0.0188 m_ratio_max=0.477 w_ax@goal=+0.02 w_v@goal=0.61 return=732.3 length=94 success_rate=1.00 collisions/ep=5.27 (n=22)
update=33 global_step=67584 SPS=611 w_ev=0.993 m_ev=0.880 m_v_bias=-47.6 m_adv_std=82.6683 m_kl_max=0.0162 m_ratio_max=0.668 w_ax@goal=+0.09 w_v@goal=0.59 return=857.1 length=95 success_rate=1.00 collisions/ep=2.77 (n=22)
update=34 global_step=69632 SPS=619 w_ev=0.994 m_ev=0.830 m_v_bias=-9.8 m_adv_std=96.1737 m_kl_max=0.0556 m_ratio_max=0.993 w_ax@goal=-0.16 w_v@goal=0.59 return=860.2 length=93 success_rate=1.00 collisions/ep=2.80 (n=20)
update=35 global_step=71680 SPS=626 w_ev=0.991 m_ev=0.844 m_v_bias=2.4 m_adv_std=94.1171 m_kl_max=0.0084 m_ratio_max=0.422 w_ax@goal=-0.08 w_v@goal=0.63 return=852.8 length=90 success_rate=1.00 collisions/ep=3.00 (n=23)
Evaluation at update 35: return=956.79, length=83.35, success_rate=1.00, collisions/ep=1.00
Solved-check at update 35: solved=False worst_gap=455.76 at p_x0=2.00 p_y0=-1.00 (consecutive=0)
update=36 global_step=73728 SPS=605 w_ev=0.995 m_ev=0.824 m_v_bias=16.1 m_adv_std=101.4135 m_kl_max=0.0125 m_ratio_max=0.475 w_ax@goal=-0.06 w_v@goal=0.52 return=793.7 length=92 success_rate=1.00 collisions/ep=4.12 (n=24)
update=37 global_step=75776 SPS=611 w_ev=0.994 m_ev=0.847 m_v_bias=17.6 m_adv_std=98.4488 m_kl_max=0.0169 m_ratio_max=0.723 w_ax@goal=-0.07 w_v@goal=0.54 return=797.0 length=93 success_rate=1.00 collisions/ep=4.04 (n=24)
update=38 global_step=77824 SPS=619 w_ev=0.994 m_ev=0.796 m_v_bias=20.3 m_adv_std=120.7887 m_kl_max=0.0108 m_ratio_max=1.020 w_ax@goal=-0.03 w_v@goal=0.61 return=744.2 length=89 success_rate=1.00 collisions/ep=5.14 (n=21)
update=39 global_step=79872 SPS=626 w_ev=0.993 m_ev=0.850 m_v_bias=-41.8 m_adv_std=90.2705 m_kl_max=0.0138 m_ratio_max=0.504 w_ax@goal=-0.15 w_v@goal=0.62 return=854.3 length=91 success_rate=1.00 collisions/ep=2.95 (n=21)
update=40 global_step=81920 SPS=633 w_ev=0.994 m_ev=0.889 m_v_bias=2.4 m_adv_std=78.4421 m_kl_max=0.0236 m_ratio_max=0.530 w_ax@goal=-0.07 w_v@goal=0.58 return=765.5 length=92 success_rate=1.00 collisions/ep=4.71 (n=24)
Evaluation at update 40: return=954.74, length=85.30, success_rate=1.00, collisions/ep=1.00
Solved-check at update 40: solved=False worst_gap=207.78 at p_x0=2.00 p_y0=-1.00 (consecutive=0)
update=41 global_step=83968 SPS=612 w_ev=0.996 m_ev=0.841 m_v_bias=4.0 m_adv_std=94.0282 m_kl_max=0.0141 m_ratio_max=0.582 w_ax@goal=-0.02 w_v@goal=0.59 return=850.5 length=94 success_rate=1.00 collisions/ep=2.95 (n=21)
update=42 global_step=86016 SPS=618 w_ev=0.991 m_ev=0.883 m_v_bias=-34.0 m_adv_std=73.9510 m_kl_max=0.0077 m_ratio_max=0.386 w_ax@goal=-0.03 w_v@goal=0.56 return=930.3 length=91 success_rate=1.00 collisions/ep=1.41 (n=22)
update=43 global_step=88064 SPS=625 w_ev=0.992 m_ev=0.878 m_v_bias=6.0 m_adv_std=79.2831 m_kl_max=0.0209 m_ratio_max=0.520 w_ax@goal=+0.00 w_v@goal=0.63 return=842.5 length=93 success_rate=1.00 collisions/ep=3.18 (n=22)
update=44 global_step=90112 SPS=631 w_ev=0.993 m_ev=0.899 m_v_bias=-9.7 m_adv_std=69.0093 m_kl_max=0.0014 m_ratio_max=0.246 w_ax@goal=+0.01 w_v@goal=0.55 return=869.0 length=88 success_rate=1.00 collisions/ep=2.71 (n=24)
update=45 global_step=92160 SPS=637 w_ev=0.996 m_ev=0.777 m_v_bias=0.6 m_adv_std=112.5285 m_kl_max=0.0132 m_ratio_max=0.540 w_ax@goal=-0.05 w_v@goal=0.61 return=857.5 length=86 success_rate=1.00 collisions/ep=2.96 (n=24)
Evaluation at update 45: return=958.63, length=81.45, success_rate=1.00, collisions/ep=1.00
Solved-check at update 45: solved=False worst_gap=54.63 at p_x0=0.00 p_y0=-1.00 (consecutive=0)
update=46 global_step=94208 SPS=620 w_ev=0.996 m_ev=0.847 m_v_bias=14.4 m_adv_std=91.2204 m_kl_max=0.0254 m_ratio_max=0.656 w_ax@goal=-0.02 w_v@goal=0.55 return=815.4 length=88 success_rate=1.00 collisions/ep=3.79 (n=24)
update=47 global_step=96256 SPS=626 w_ev=0.995 m_ev=0.868 m_v_bias=-13.0 m_adv_std=77.5041 m_kl_max=0.0150 m_ratio_max=0.733 w_ax@goal=-0.05 w_v@goal=0.58 return=894.0 length=87 success_rate=1.00 collisions/ep=2.26 (n=23)
update=48 global_step=98304 SPS=631 w_ev=0.996 m_ev=0.855 m_v_bias=-15.5 m_adv_std=83.0661 m_kl_max=0.0111 m_ratio_max=0.563 w_ax@goal=-0.00 w_v@goal=0.59 return=896.7 length=87 success_rate=1.00 collisions/ep=2.21 (n=24)
update=49 global_step=100352 SPS=637 w_ev=0.996 m_ev=0.894 m_v_bias=-5.8 m_adv_std=69.7857 m_kl_max=0.0127 m_ratio_max=0.920 w_ax@goal=+0.03 w_v@goal=0.59 return=886.6 length=84 success_rate=1.00 collisions/ep=2.39 (n=23)
update=50 global_step=102400 SPS=642 w_ev=0.997 m_ev=0.894 m_v_bias=-9.1 m_adv_std=66.8751 m_kl_max=0.0228 m_ratio_max=0.724 w_ax@goal=-0.06 w_v@goal=0.56 return=882.6 length=86 success_rate=1.00 collisions/ep=2.50 (n=24)
Evaluation at update 50: return=1006.43, length=81.25, success_rate=1.00, collisions/ep=0.05
Solved-check at update 50: solved=False worst_gap=54.30 at p_x0=0.00 p_y0=1.00 (consecutive=0)
update=51 global_step=104448 SPS=625 w_ev=0.997 m_ev=0.928 m_v_bias=-5.0 m_adv_std=54.8120 m_kl_max=0.0163 m_ratio_max=0.953 w_ax@goal=-0.03 w_v@goal=0.57 return=932.9 length=86 success_rate=1.00 collisions/ep=1.48 (n=25)
update=52 global_step=106496 SPS=630 w_ev=0.997 m_ev=0.860 m_v_bias=3.8 m_adv_std=81.2800 m_kl_max=0.0234 m_ratio_max=0.954 w_ax@goal=+0.03 w_v@goal=0.59 return=886.2 length=84 success_rate=1.00 collisions/ep=2.44 (n=25)
update=53 global_step=108544 SPS=635 w_ev=0.997 m_ev=0.882 m_v_bias=-4.9 m_adv_std=70.6914 m_kl_max=0.0226 m_ratio_max=1.661 w_ax@goal=-0.07 w_v@goal=0.56 return=891.1 length=85 success_rate=1.00 collisions/ep=2.30 (n=23)
update=54 global_step=110592 SPS=640 w_ev=0.998 m_ev=0.963 m_v_bias=-25.8 m_adv_std=36.2847 m_kl_max=0.0098 m_ratio_max=0.539 w_ax@goal=-0.11 w_v@goal=0.50 return=947.4 length=85 success_rate=1.00 collisions/ep=1.19 (n=26)
update=55 global_step=112640 SPS=644 w_ev=0.997 m_ev=0.941 m_v_bias=11.6 m_adv_std=46.1687 m_kl_max=0.0082 m_ratio_max=0.605 w_ax@goal=-0.13 w_v@goal=0.52 return=932.8 length=87 success_rate=1.00 collisions/ep=1.45 (n=22)
Evaluation at update 55: return=978.95, length=81.25, success_rate=1.00, collisions/ep=0.60
Solved-check at update 55: solved=False worst_gap=103.80 at p_x0=1.00 p_y0=1.00 (consecutive=0)
update=56 global_step=114688 SPS=629 w_ev=0.997 m_ev=0.905 m_v_bias=5.5 m_adv_std=61.9518 m_kl_max=0.0149 m_ratio_max=0.597 w_ax@goal=-0.04 w_v@goal=0.54 return=937.5 length=87 success_rate=1.00 collisions/ep=1.42 (n=24)
update=57 global_step=116736 SPS=634 w_ev=0.997 m_ev=0.940 m_v_bias=6.7 m_adv_std=46.9912 m_kl_max=0.0146 m_ratio_max=0.569 w_ax@goal=-0.14 w_v@goal=0.56 return=938.9 length=86 success_rate=1.00 collisions/ep=1.38 (n=24)
update=58 global_step=118784 SPS=639 w_ev=0.997 m_ev=0.827 m_v_bias=12.8 m_adv_std=85.2284 m_kl_max=0.0133 m_ratio_max=0.645 w_ax@goal=-0.04 w_v@goal=0.55 return=896.1 length=87 success_rate=1.00 collisions/ep=2.21 (n=24)
update=59 global_step=120832 SPS=643 w_ev=0.997 m_ev=0.923 m_v_bias=2.5 m_adv_std=55.0285 m_kl_max=0.0188 m_ratio_max=0.594 w_ax@goal=-0.06 w_v@goal=0.55 return=932.5 length=87 success_rate=1.00 collisions/ep=1.46 (n=24)
update=60 global_step=122880 SPS=647 w_ev=0.998 m_ev=0.973 m_v_bias=-23.7 m_adv_std=31.2714 m_kl_max=0.0155 m_ratio_max=0.801 w_ax@goal=-0.03 w_v@goal=0.57 return=940.4 length=84 success_rate=1.00 collisions/ep=1.33 (n=24)
Evaluation at update 60: return=999.29, length=81.00, success_rate=1.00, collisions/ep=0.20
Solved-check at update 60: solved=False worst_gap=53.75 at p_x0=0.00 p_y0=1.00 (consecutive=0)
update=61 global_step=124928 SPS=632 w_ev=0.997 m_ev=0.823 m_v_bias=15.5 m_adv_std=86.2702 m_kl_max=0.0131 m_ratio_max=0.500 w_ax@goal=+0.01 w_v@goal=0.58 return=886.2 length=85 success_rate=1.00 collisions/ep=2.42 (n=24)
update=62 global_step=126976 SPS=636 w_ev=0.998 m_ev=0.957 m_v_bias=-4.8 m_adv_std=40.0024 m_kl_max=0.0155 m_ratio_max=0.560 w_ax@goal=-0.03 w_v@goal=0.57 return=943.4 length=87 success_rate=1.00 collisions/ep=1.25 (n=24)
update=63 global_step=129024 SPS=640 w_ev=0.998 m_ev=0.918 m_v_bias=-6.6 m_adv_std=57.7662 m_kl_max=0.0246 m_ratio_max=0.673 w_ax@goal=+0.02 w_v@goal=0.58 return=922.5 length=85 success_rate=1.00 collisions/ep=1.68 (n=22)
update=64 global_step=131072 SPS=644 w_ev=0.998 m_ev=0.907 m_v_bias=-3.5 m_adv_std=59.6147 m_kl_max=0.0148 m_ratio_max=1.223 w_ax@goal=-0.02 w_v@goal=0.59 return=926.3 length=85 success_rate=1.00 collisions/ep=1.65 (n=26)
update=65 global_step=133120 SPS=648 w_ev=0.997 m_ev=0.938 m_v_bias=5.2 m_adv_std=48.6500 m_kl_max=0.0076 m_ratio_max=0.481 w_ax@goal=-0.02 w_v@goal=0.62 return=922.6 length=85 success_rate=1.00 collisions/ep=1.65 (n=23)
Evaluation at update 65: return=996.69, length=81.10, success_rate=1.00, collisions/ep=0.25
Solved-check at update 65: solved=False worst_gap=54.24 at p_x0=0.00 p_y0=1.00 (consecutive=0)
update=66 global_step=135168 SPS=634 w_ev=0.997 m_ev=0.908 m_v_bias=12.7 m_adv_std=63.5804 m_kl_max=0.0214 m_ratio_max=0.852 w_ax@goal=-0.06 w_v@goal=0.56 return=890.4 length=88 success_rate=1.00 collisions/ep=2.29 (n=24)
update=67 global_step=137216 SPS=636 w_ev=0.998 m_ev=0.938 m_v_bias=-17.6 m_adv_std=48.7130 m_kl_max=0.0114 m_ratio_max=0.496 w_ax@goal=+0.02 w_v@goal=0.56 return=942.4 length=84 success_rate=1.00 collisions/ep=1.32 (n=25)
update=68 global_step=139264 SPS=639 w_ev=0.998 m_ev=0.960 m_v_bias=-1.5 m_adv_std=37.8612 m_kl_max=0.0139 m_ratio_max=0.760 w_ax@goal=+0.05 w_v@goal=0.58 return=949.1 length=87 success_rate=1.00 collisions/ep=1.12 (n=24)
update=69 global_step=141312 SPS=643 w_ev=0.998 m_ev=0.936 m_v_bias=-11.3 m_adv_std=48.0201 m_kl_max=0.0176 m_ratio_max=0.667 w_ax@goal=+0.13 w_v@goal=0.61 return=949.4 length=84 success_rate=1.00 collisions/ep=1.21 (n=24)
update=70 global_step=143360 SPS=647 w_ev=0.998 m_ev=0.904 m_v_bias=1.4 m_adv_std=58.7788 m_kl_max=0.0157 m_ratio_max=0.670 w_ax@goal=-0.06 w_v@goal=0.57 return=927.4 length=84 success_rate=1.00 collisions/ep=1.62 (n=24)
Evaluation at update 70: return=998.32, length=79.35, success_rate=1.00, collisions/ep=0.25
Solved-check at update 70: solved=False worst_gap=52.35 at p_x0=0.00 p_y0=1.00 (consecutive=0)
update=71 global_step=145408 SPS=635 w_ev=0.998 m_ev=0.958 m_v_bias=-1.7 m_adv_std=38.8667 m_kl_max=0.0234 m_ratio_max=1.097 w_ax@goal=+0.10 w_v@goal=0.53 return=932.3 length=85 success_rate=1.00 collisions/ep=1.52 (n=25)
update=72 global_step=147456 SPS=639 w_ev=0.998 m_ev=0.962 m_v_bias=-8.6 m_adv_std=35.2958 m_kl_max=0.0145 m_ratio_max=0.986 w_ax@goal=+0.05 w_v@goal=0.55 return=957.7 length=84 success_rate=1.00 collisions/ep=1.00 (n=24)
update=73 global_step=149504 SPS=642 w_ev=0.998 m_ev=0.891 m_v_bias=12.4 m_adv_std=61.5561 m_kl_max=0.0106 m_ratio_max=0.645 w_ax@goal=+0.02 w_v@goal=0.54 return=939.6 length=84 success_rate=1.00 collisions/ep=1.43 (n=23)
update=74 global_step=151552 SPS=646 w_ev=0.998 m_ev=0.972 m_v_bias=-8.8 m_adv_std=30.5255 m_kl_max=0.0107 m_ratio_max=0.460 w_ax@goal=-0.01 w_v@goal=0.59 return=971.0 length=82 success_rate=1.00 collisions/ep=0.77 (n=26)
update=75 global_step=153600 SPS=649 w_ev=0.998 m_ev=0.851 m_v_bias=29.3 m_adv_std=76.7450 m_kl_max=0.0116 m_ratio_max=0.515 w_ax@goal=+0.02 w_v@goal=0.53 return=881.8 length=82 success_rate=1.00 collisions/ep=2.61 (n=23)
Evaluation at update 75: return=998.56, length=79.25, success_rate=1.00, collisions/ep=0.25
Solved-check at update 75: solved=False worst_gap=52.00 at p_x0=0.00 p_y0=1.00 (consecutive=0)
update=76 global_step=155648 SPS=638 w_ev=0.998 m_ev=0.933 m_v_bias=-3.0 m_adv_std=49.4624 m_kl_max=0.0196 m_ratio_max=0.679 w_ax@goal=+0.04 w_v@goal=0.53 return=938.7 length=85 success_rate=1.00 collisions/ep=1.36 (n=25)
update=77 global_step=157696 SPS=642 w_ev=0.998 m_ev=0.918 m_v_bias=-8.7 m_adv_std=53.0867 m_kl_max=0.0170 m_ratio_max=0.564 w_ax@goal=+0.01 w_v@goal=0.56 return=952.5 length=85 success_rate=1.00 collisions/ep=1.12 (n=24)
update=78 global_step=159744 SPS=645 w_ev=0.999 m_ev=0.971 m_v_bias=-19.6 m_adv_std=30.9126 m_kl_max=0.0082 m_ratio_max=0.507 w_ax@goal=-0.01 w_v@goal=0.56 return=963.0 length=83 success_rate=1.00 collisions/ep=1.00 (n=24)
update=79 global_step=161792 SPS=649 w_ev=0.998 m_ev=0.909 m_v_bias=13.2 m_adv_std=59.2775 m_kl_max=0.0093 m_ratio_max=0.462 w_ax@goal=-0.04 w_v@goal=0.55 return=921.1 length=85 success_rate=1.00 collisions/ep=1.83 (n=24)
update=80 global_step=163840 SPS=652 w_ev=0.998 m_ev=0.930 m_v_bias=-1.3 m_adv_std=52.9520 m_kl_max=0.0253 m_ratio_max=0.881 w_ax@goal=-0.02 w_v@goal=0.57 return=936.6 length=84 success_rate=1.00 collisions/ep=1.42 (n=26)
Evaluation at update 80: return=998.14, length=79.55, success_rate=1.00, collisions/ep=0.25
Solved-check at update 80: solved=False worst_gap=52.56 at p_x0=0.00 p_y0=1.00 (consecutive=0)
update=81 global_step=165888 SPS=640 w_ev=0.998 m_ev=0.784 m_v_bias=13.5 m_adv_std=89.0322 m_kl_max=0.0371 m_ratio_max=0.965 w_ax@goal=-0.03 w_v@goal=0.58 return=902.7 length=83 success_rate=1.00 collisions/ep=2.21 (n=24)
update=82 global_step=167936 SPS=643 w_ev=0.998 m_ev=0.920 m_v_bias=-5.2 m_adv_std=54.8242 m_kl_max=0.0108 m_ratio_max=0.510 w_ax@goal=+0.03 w_v@goal=0.54 return=930.7 length=84 success_rate=1.00 collisions/ep=1.52 (n=25)
update=83 global_step=169984 SPS=647 w_ev=0.998 m_ev=0.978 m_v_bias=-18.1 m_adv_std=26.5442 m_kl_max=0.0080 m_ratio_max=0.389 w_ax@goal=-0.03 w_v@goal=0.58 return=955.8 length=84 success_rate=1.00 collisions/ep=1.04 (n=24)
update=84 global_step=172032 SPS=649 w_ev=0.998 m_ev=0.967 m_v_bias=-4.4 m_adv_std=32.7035 m_kl_max=0.0124 m_ratio_max=0.477 w_ax@goal=-0.09 w_v@goal=0.53 return=955.6 length=82 success_rate=1.00 collisions/ep=1.08 (n=24)
update=85 global_step=174080 SPS=652 w_ev=0.998 m_ev=0.908 m_v_bias=12.8 m_adv_std=58.1675 m_kl_max=0.0150 m_ratio_max=0.603 w_ax@goal=+0.06 w_v@goal=0.61 return=948.1 length=82 success_rate=1.00 collisions/ep=1.24 (n=25)
Evaluation at update 85: return=998.60, length=79.20, success_rate=1.00, collisions/ep=0.25
Solved-check at update 85: solved=False worst_gap=52.00 at p_x0=0.00 p_y0=1.00 (consecutive=0)
update=86 global_step=176128 SPS=640 w_ev=0.999 m_ev=0.967 m_v_bias=-15.2 m_adv_std=34.2083 m_kl_max=0.0131 m_ratio_max=0.495 w_ax@goal=-0.02 w_v@goal=0.54 return=935.8 length=82 success_rate=1.00 collisions/ep=1.46 (n=26)
update=87 global_step=178176 SPS=643 w_ev=0.998 m_ev=0.940 m_v_bias=3.5 m_adv_std=46.3789 m_kl_max=0.0178 m_ratio_max=0.971 w_ax@goal=-0.01 w_v@goal=0.53 return=948.5 length=83 success_rate=1.00 collisions/ep=1.20 (n=25)
update=88 global_step=180224 SPS=646 w_ev=0.998 m_ev=0.969 m_v_bias=-10.0 m_adv_std=31.6758 m_kl_max=0.0113 m_ratio_max=0.431 w_ax@goal=+0.11 w_v@goal=0.57 return=962.6 length=83 success_rate=1.00 collisions/ep=0.92 (n=24)
update=89 global_step=182272 SPS=649 w_ev=0.998 m_ev=0.953 m_v_bias=7.8 m_adv_std=40.3718 m_kl_max=0.0286 m_ratio_max=1.236 w_ax@goal=-0.07 w_v@goal=0.55 return=940.6 length=83 success_rate=1.00 collisions/ep=1.40 (n=25)
update=90 global_step=184320 SPS=652 w_ev=0.999 m_ev=0.904 m_v_bias=-2.9 m_adv_std=56.4863 m_kl_max=0.0090 m_ratio_max=0.776 w_ax@goal=-0.01 w_v@goal=0.59 return=960.5 length=82 success_rate=1.00 collisions/ep=1.00 (n=23)
Evaluation at update 90: return=1000.52, length=79.75, success_rate=1.00, collisions/ep=0.20
Solved-check at update 90: solved=False worst_gap=52.55 at p_x0=0.00 p_y0=1.00 (consecutive=0)
update=91 global_step=186368 SPS=642 w_ev=0.998 m_ev=0.925 m_v_bias=8.8 m_adv_std=51.4044 m_kl_max=0.0091 m_ratio_max=0.412 w_ax@goal=-0.02 w_v@goal=0.58 return=946.3 length=83 success_rate=1.00 collisions/ep=1.27 (n=26)
update=92 global_step=188416 SPS=645 w_ev=0.998 m_ev=0.909 m_v_bias=9.9 m_adv_std=57.9983 m_kl_max=0.0219 m_ratio_max=0.835 w_ax@goal=-0.06 w_v@goal=0.56 return=917.0 length=84 success_rate=1.00 collisions/ep=1.84 (n=25)
update=93 global_step=190464 SPS=648 w_ev=0.999 m_ev=0.964 m_v_bias=-11.6 m_adv_std=34.9784 m_kl_max=0.0093 m_ratio_max=0.393 w_ax@goal=-0.02 w_v@goal=0.59 return=965.3 length=84 success_rate=1.00 collisions/ep=0.84 (n=25)
update=94 global_step=192512 SPS=650 w_ev=0.998 m_ev=0.937 m_v_bias=5.3 m_adv_std=46.8374 m_kl_max=0.0158 m_ratio_max=0.534 w_ax@goal=+0.06 w_v@goal=0.56 return=944.7 length=85 success_rate=1.00 collisions/ep=1.30 (n=23)
update=95 global_step=194560 SPS=653 w_ev=0.998 m_ev=0.882 m_v_bias=8.0 m_adv_std=64.8317 m_kl_max=0.0209 m_ratio_max=1.246 w_ax@goal=-0.11 w_v@goal=0.54 return=940.5 length=84 success_rate=1.00 collisions/ep=1.44 (n=25)
Evaluation at update 95: return=997.32, length=80.25, success_rate=1.00, collisions/ep=0.25
Solved-check at update 95: solved=False worst_gap=53.35 at p_x0=0.00 p_y0=1.00 (consecutive=0)
update=96 global_step=196608 SPS=644 w_ev=0.999 m_ev=0.944 m_v_bias=-18.0 m_adv_std=43.9574 m_kl_max=0.0193 m_ratio_max=0.549 w_ax@goal=-0.10 w_v@goal=0.55 return=959.7 length=81 success_rate=1.00 collisions/ep=1.00 (n=26)
update=97 global_step=198656 SPS=647 w_ev=0.999 m_ev=0.748 m_v_bias=20.0 m_adv_std=99.0868 m_kl_max=0.0089 m_ratio_max=0.425 w_ax@goal=-0.09 w_v@goal=0.52 return=934.7 length=84 success_rate=1.00 collisions/ep=1.46 (n=24)
update=98 global_step=200704 SPS=649 w_ev=0.998 m_ev=0.893 m_v_bias=17.8 m_adv_std=65.5929 m_kl_max=0.0065 m_ratio_max=0.351 w_ax@goal=-0.10 w_v@goal=0.55 return=922.4 length=84 success_rate=1.00 collisions/ep=1.71 (n=24)
update=99 global_step=202752 SPS=652 w_ev=0.999 m_ev=0.854 m_v_bias=-9.3 m_adv_std=72.2570 m_kl_max=0.0350 m_ratio_max=0.790 w_ax@goal=-0.13 w_v@goal=0.56 return=929.6 length=85 success_rate=1.00 collisions/ep=1.56 (n=25)
update=100 global_step=204800 SPS=654 w_ev=0.999 m_ev=0.945 m_v_bias=-3.6 m_adv_std=44.6162 m_kl_max=0.0101 m_ratio_max=0.446 w_ax@goal=-0.00 w_v@goal=0.54 return=948.8 length=85 success_rate=1.00 collisions/ep=1.17 (n=23)
Evaluation at update 100: return=999.92, length=80.25, success_rate=1.00, collisions/ep=0.20
Solved-check at update 100: solved=False worst_gap=53.30 at p_x0=0.00 p_y0=1.00 (consecutive=0)
update=101 global_step=206848 SPS=646 w_ev=0.999 m_ev=0.915 m_v_bias=3.8 m_adv_std=56.1428 m_kl_max=0.0075 m_ratio_max=0.376 w_ax@goal=-0.08 w_v@goal=0.52 return=942.3 length=84 success_rate=1.00 collisions/ep=1.32 (n=25)
update=102 global_step=208896 SPS=648 w_ev=0.998 m_ev=0.890 m_v_bias=7.4 m_adv_std=64.5549 m_kl_max=0.0129 m_ratio_max=0.482 w_ax@goal=-0.08 w_v@goal=0.54 return=916.8 length=84 success_rate=1.00 collisions/ep=1.83 (n=24)
update=103 global_step=210944 SPS=650 w_ev=0.999 m_ev=0.974 m_v_bias=-18.3 m_adv_std=29.3759 m_kl_max=0.0128 m_ratio_max=0.648 w_ax@goal=-0.06 w_v@goal=0.52 return=963.9 length=81 success_rate=1.00 collisions/ep=0.88 (n=25)
update=104 global_step=212992 SPS=653 w_ev=0.998 m_ev=0.848 m_v_bias=18.3 m_adv_std=79.0604 m_kl_max=0.0100 m_ratio_max=0.925 w_ax@goal=-0.02 w_v@goal=0.51 return=905.4 length=83 success_rate=1.00 collisions/ep=2.08 (n=24)
update=105 global_step=215040 SPS=655 w_ev=0.999 m_ev=0.960 m_v_bias=-12.3 m_adv_std=38.0314 m_kl_max=0.0057 m_ratio_max=0.317 w_ax@goal=-0.03 w_v@goal=0.58 return=929.9 length=84 success_rate=1.00 collisions/ep=1.58 (n=24)
Evaluation at update 105: return=999.96, length=80.25, success_rate=1.00, collisions/ep=0.20
Solved-check at update 105: solved=False worst_gap=53.24 at p_x0=0.00 p_y0=1.00 (consecutive=0)
update=106 global_step=217088 SPS=646 w_ev=0.999 m_ev=0.972 m_v_bias=-12.2 m_adv_std=29.2255 m_kl_max=0.0068 m_ratio_max=0.370 w_ax@goal=-0.17 w_v@goal=0.55 return=960.7 length=83 success_rate=1.00 collisions/ep=1.00 (n=24)
update=107 global_step=219136 SPS=649 w_ev=0.999 m_ev=0.968 m_v_bias=-2.4 m_adv_std=31.1404 m_kl_max=0.0084 m_ratio_max=0.659 w_ax@goal=-0.06 w_v@goal=0.56 return=978.6 length=82 success_rate=1.00 collisions/ep=0.68 (n=25)
update=108 global_step=221184 SPS=651 w_ev=0.999 m_ev=0.944 m_v_bias=2.2 m_adv_std=44.3076 m_kl_max=0.0090 m_ratio_max=0.406 w_ax@goal=+0.05 w_v@goal=0.53 return=960.7 length=81 success_rate=1.00 collisions/ep=0.96 (n=27)
update=109 global_step=223232 SPS=654 w_ev=0.999 m_ev=0.954 m_v_bias=-3.4 m_adv_std=39.0692 m_kl_max=0.0092 m_ratio_max=0.432 w_ax@goal=+0.04 w_v@goal=0.52 return=974.8 length=83 success_rate=1.00 collisions/ep=0.68 (n=25)
update=110 global_step=225280 SPS=656 w_ev=0.999 m_ev=0.966 m_v_bias=9.0 m_adv_std=33.2402 m_kl_max=0.0137 m_ratio_max=0.610 w_ax@goal=-0.00 w_v@goal=0.58 return=958.3 length=85 success_rate=1.00 collisions/ep=1.00 (n=24)
Evaluation at update 110: return=1001.38, length=79.00, success_rate=1.00, collisions/ep=0.20
Solved-check at update 110: solved=False worst_gap=51.66 at p_x0=0.00 p_y0=1.00 (consecutive=0)
update=111 global_step=227328 SPS=648 w_ev=0.999 m_ev=0.935 m_v_bias=-4.8 m_adv_std=47.5353 m_kl_max=0.0149 m_ratio_max=0.545 w_ax@goal=+0.07 w_v@goal=0.60 return=961.2 length=82 success_rate=1.00 collisions/ep=0.96 (n=25)
update=112 global_step=229376 SPS=651 w_ev=0.999 m_ev=0.902 m_v_bias=10.6 m_adv_std=60.7058 m_kl_max=0.0191 m_ratio_max=0.566 w_ax@goal=-0.01 w_v@goal=0.59 return=928.1 length=83 success_rate=1.00 collisions/ep=1.62 (n=26)
update=113 global_step=231424 SPS=653 w_ev=0.999 m_ev=0.904 m_v_bias=-9.5 m_adv_std=60.3400 m_kl_max=0.0200 m_ratio_max=0.843 w_ax@goal=+0.01 w_v@goal=0.63 return=950.1 length=81 success_rate=1.00 collisions/ep=1.17 (n=23)
update=114 global_step=233472 SPS=655 w_ev=0.999 m_ev=0.964 m_v_bias=-3.2 m_adv_std=34.0855 m_kl_max=0.0065 m_ratio_max=0.309 w_ax@goal=-0.05 w_v@goal=0.53 return=968.3 length=84 success_rate=1.00 collisions/ep=0.81 (n=27)
update=115 global_step=235520 SPS=657 w_ev=0.999 m_ev=0.981 m_v_bias=-0.5 m_adv_std=24.2929 m_kl_max=0.0074 m_ratio_max=0.416 w_ax@goal=-0.08 w_v@goal=0.58 return=974.8 length=82 success_rate=1.00 collisions/ep=0.67 (n=24)
Evaluation at update 115: return=1000.77, length=79.35, success_rate=1.00, collisions/ep=0.20
Solved-check at update 115: solved=False worst_gap=52.40 at p_x0=0.00 p_y0=1.00 (consecutive=0)
update=116 global_step=237568 SPS=650 w_ev=0.999 m_ev=0.935 m_v_bias=8.9 m_adv_std=46.9816 m_kl_max=0.0204 m_ratio_max=0.831 w_ax@goal=-0.10 w_v@goal=0.57 return=960.4 length=82 success_rate=1.00 collisions/ep=0.96 (n=24)
update=117 global_step=239616 SPS=651 w_ev=0.999 m_ev=0.987 m_v_bias=-15.8 m_adv_std=20.4321 m_kl_max=0.0216 m_ratio_max=0.841 w_ax@goal=+0.00 w_v@goal=0.56 return=980.0 length=82 success_rate=1.00 collisions/ep=0.58 (n=26)
update=118 global_step=241664 SPS=654 w_ev=0.999 m_ev=0.940 m_v_bias=13.1 m_adv_std=46.3687 m_kl_max=0.0349 m_ratio_max=0.624 w_ax@goal=-0.08 w_v@goal=0.52 return=940.5 length=82 success_rate=1.00 collisions/ep=1.38 (n=24)
update=119 global_step=243712 SPS=656 w_ev=0.998 m_ev=0.975 m_v_bias=2.2 m_adv_std=28.2923 m_kl_max=0.0113 m_ratio_max=0.597 w_ax@goal=-0.13 w_v@goal=0.55 return=963.2 length=84 success_rate=1.00 collisions/ep=0.92 (n=24)
update=120 global_step=245760 SPS=658 w_ev=0.999 m_ev=0.970 m_v_bias=-5.4 m_adv_std=30.8024 m_kl_max=0.0099 m_ratio_max=0.479 w_ax@goal=-0.05 w_v@goal=0.56 return=962.9 length=82 success_rate=1.00 collisions/ep=0.92 (n=25)
Evaluation at update 120: return=1000.97, length=79.25, success_rate=1.00, collisions/ep=0.20
Solved-check at update 120: solved=False worst_gap=52.24 at p_x0=0.00 p_y0=1.00 (consecutive=0)
update=121 global_step=247808 SPS=651 w_ev=0.999 m_ev=0.899 m_v_bias=12.1 m_adv_std=64.1966 m_kl_max=0.0106 m_ratio_max=0.624 w_ax@goal=-0.07 w_v@goal=0.56 return=946.1 length=81 success_rate=1.00 collisions/ep=1.30 (n=23)
update=122 global_step=249856 SPS=653 w_ev=0.999 m_ev=0.938 m_v_bias=-12.4 m_adv_std=44.8690 m_kl_max=0.0147 m_ratio_max=0.462 w_ax@goal=+0.04 w_v@goal=0.57 return=953.2 length=83 success_rate=1.00 collisions/ep=1.11 (n=27)
update=123 global_step=251904 SPS=655 w_ev=0.999 m_ev=0.920 m_v_bias=2.7 m_adv_std=54.2304 m_kl_max=0.0218 m_ratio_max=0.792 w_ax@goal=+0.02 w_v@goal=0.56 return=929.0 length=83 success_rate=1.00 collisions/ep=1.64 (n=25)
update=124 global_step=253952 SPS=657 w_ev=0.999 m_ev=0.967 m_v_bias=-15.3 m_adv_std=32.9094 m_kl_max=0.0131 m_ratio_max=0.495 w_ax@goal=+0.00 w_v@goal=0.56 return=970.4 length=81 success_rate=1.00 collisions/ep=0.80 (n=25)
update=125 global_step=256000 SPS=660 w_ev=0.999 m_ev=0.972 m_v_bias=6.7 m_adv_std=30.1182 m_kl_max=0.0187 m_ratio_max=0.685 w_ax@goal=-0.16 w_v@goal=0.54 return=965.7 length=82 success_rate=1.00 collisions/ep=0.88 (n=24)
Evaluation at update 125: return=1000.26, length=80.00, success_rate=1.00, collisions/ep=0.20
Solved-check at update 125: solved=False worst_gap=52.77 at p_x0=0.00 p_y0=1.00 (consecutive=0)
update=126 global_step=258048 SPS=653 w_ev=0.999 m_ev=0.919 m_v_bias=10.6 m_adv_std=53.9512 m_kl_max=0.0047 m_ratio_max=0.345 w_ax@goal=-0.25 w_v@goal=0.53 return=947.6 length=84 success_rate=1.00 collisions/ep=1.28 (n=25)
update=127 global_step=260096 SPS=655 w_ev=0.999 m_ev=0.958 m_v_bias=-1.1 m_adv_std=36.8406 m_kl_max=0.0066 m_ratio_max=0.500 w_ax@goal=-0.09 w_v@goal=0.58 return=944.5 length=82 success_rate=1.00 collisions/ep=1.32 (n=25)
update=128 global_step=262144 SPS=657 w_ev=0.999 m_ev=0.958 m_v_bias=0.7 m_adv_std=37.4110 m_kl_max=0.0080 m_ratio_max=0.371 w_ax@goal=-0.16 w_v@goal=0.53 return=966.1 length=83 success_rate=1.00 collisions/ep=0.84 (n=25)
update=129 global_step=264192 SPS=659 w_ev=0.999 m_ev=0.924 m_v_bias=7.0 m_adv_std=54.4959 m_kl_max=0.0196 m_ratio_max=0.802 w_ax@goal=-0.08 w_v@goal=0.52 return=936.2 length=83 success_rate=1.00 collisions/ep=1.46 (n=24)
update=130 global_step=266240 SPS=661 w_ev=0.999 m_ev=0.880 m_v_bias=6.9 m_adv_std=69.6262 m_kl_max=0.0118 m_ratio_max=0.589 w_ax@goal=-0.03 w_v@goal=0.54 return=940.8 length=83 success_rate=1.00 collisions/ep=1.36 (n=25)
Evaluation at update 130: return=1008.43, length=79.25, success_rate=1.00, collisions/ep=0.05
Solved-check at update 130: solved=False worst_gap=52.28 at p_x0=0.00 p_y0=1.00 (consecutive=0)
update=131 global_step=268288 SPS=654 w_ev=0.999 m_ev=0.965 m_v_bias=-16.8 m_adv_std=33.8482 m_kl_max=0.0094 m_ratio_max=0.430 w_ax@goal=+0.03 w_v@goal=0.57 return=954.4 length=84 success_rate=1.00 collisions/ep=1.08 (n=24)
update=132 global_step=270336 SPS=656 w_ev=0.999 m_ev=0.963 m_v_bias=-4.9 m_adv_std=34.2328 m_kl_max=0.0182 m_ratio_max=0.669 w_ax@goal=-0.13 w_v@goal=0.55 return=965.0 length=81 success_rate=1.00 collisions/ep=0.88 (n=25)
update=133 global_step=272384 SPS=658 w_ev=0.999 m_ev=0.979 m_v_bias=1.1 m_adv_std=25.5874 m_kl_max=0.0089 m_ratio_max=0.451 w_ax@goal=+0.02 w_v@goal=0.59 return=974.8 length=82 success_rate=1.00 collisions/ep=0.67 (n=27)
update=134 global_step=274432 SPS=660 w_ev=0.999 m_ev=0.966 m_v_bias=3.4 m_adv_std=34.3323 m_kl_max=0.0138 m_ratio_max=0.650 w_ax@goal=-0.04 w_v@goal=0.57 return=956.0 length=81 success_rate=1.00 collisions/ep=1.12 (n=25)
update=135 global_step=276480 SPS=662 w_ev=0.999 m_ev=0.913 m_v_bias=4.8 m_adv_std=55.2666 m_kl_max=0.0053 m_ratio_max=0.441 w_ax@goal=-0.01 w_v@goal=0.58 return=957.5 length=81 success_rate=1.00 collisions/ep=1.04 (n=25)
Evaluation at update 135: return=1002.06, length=78.20, success_rate=1.00, collisions/ep=0.20
Solved-check at update 135: solved=False worst_gap=51.05 at p_x0=0.00 p_y0=1.00 (consecutive=0)
update=136 global_step=278528 SPS=656 w_ev=0.999 m_ev=0.985 m_v_bias=-16.0 m_adv_std=21.2219 m_kl_max=0.0150 m_ratio_max=0.661 w_ax@goal=-0.06 w_v@goal=0.56 return=964.9 length=80 success_rate=1.00 collisions/ep=0.92 (n=24)
update=137 global_step=280576 SPS=657 w_ev=0.999 m_ev=0.922 m_v_bias=3.3 m_adv_std=52.0610 m_kl_max=0.0092 m_ratio_max=0.502 w_ax@goal=+0.12 w_v@goal=0.52 return=974.7 length=79 success_rate=1.00 collisions/ep=0.70 (n=27)
update=138 global_step=282624 SPS=659 w_ev=0.999 m_ev=0.958 m_v_bias=-2.4 m_adv_std=36.3249 m_kl_max=0.0099 m_ratio_max=0.451 w_ax@goal=+0.00 w_v@goal=0.51 return=966.8 length=82 success_rate=1.00 collisions/ep=0.96 (n=25)
update=139 global_step=284672 SPS=661 w_ev=0.999 m_ev=0.961 m_v_bias=1.8 m_adv_std=35.5449 m_kl_max=0.0129 m_ratio_max=0.519 w_ax@goal=+0.03 w_v@goal=0.54 return=979.8 length=79 success_rate=1.00 collisions/ep=0.62 (n=26)
update=140 global_step=286720 SPS=662 w_ev=0.999 m_ev=0.965 m_v_bias=0.6 m_adv_std=33.3087 m_kl_max=0.0119 m_ratio_max=0.738 w_ax@goal=-0.00 w_v@goal=0.57 return=968.8 length=82 success_rate=1.00 collisions/ep=0.88 (n=25)
Evaluation at update 140: return=1012.12, length=78.20, success_rate=1.00, collisions/ep=0.00
Solved-check at update 140: solved=False worst_gap=50.95 at p_x0=0.00 p_y0=1.00 (consecutive=0)
update=141 global_step=288768 SPS=656 w_ev=0.999 m_ev=0.896 m_v_bias=6.8 m_adv_std=61.1174 m_kl_max=0.0491 m_ratio_max=2.381 w_ax@goal=-0.02 w_v@goal=0.58 return=958.0 length=81 success_rate=1.00 collisions/ep=1.04 (n=26)
update=142 global_step=290816 SPS=658 w_ev=0.999 m_ev=0.985 m_v_bias=-5.0 m_adv_std=21.3664 m_kl_max=0.0073 m_ratio_max=0.498 w_ax@goal=+0.09 w_v@goal=0.59 return=995.4 length=83 success_rate=1.00 collisions/ep=0.28 (n=25)
update=143 global_step=292864 SPS=660 w_ev=0.999 m_ev=0.954 m_v_bias=6.2 m_adv_std=37.7664 m_kl_max=0.0071 m_ratio_max=0.531 w_ax@goal=-0.03 w_v@goal=0.55 return=975.7 length=82 success_rate=1.00 collisions/ep=0.68 (n=25)
update=144 global_step=294912 SPS=662 w_ev=0.999 m_ev=0.874 m_v_bias=17.3 m_adv_std=66.9366 m_kl_max=0.0070 m_ratio_max=0.322 w_ax@goal=+0.00 w_v@goal=0.59 return=944.0 length=81 success_rate=1.00 collisions/ep=1.33 (n=24)
update=145 global_step=296960 SPS=663 w_ev=0.999 m_ev=0.976 m_v_bias=-16.7 m_adv_std=25.4965 m_kl_max=0.0225 m_ratio_max=1.122 w_ax@goal=-0.08 w_v@goal=0.60 return=986.1 length=80 success_rate=1.00 collisions/ep=0.50 (n=24)
Evaluation at update 145: return=1010.74, length=79.40, success_rate=1.00, collisions/ep=0.00
Solved-check at update 145: solved=True worst_gap=2.67 at p_x0=2.00 p_y0=-1.00 (consecutive=0)
update=146 global_step=299008 SPS=657 w_ev=0.999 m_ev=0.977 m_v_bias=0.8 m_adv_std=27.2708 m_kl_max=0.0030 m_ratio_max=0.424 w_ax@goal=-0.03 w_v@goal=0.59 return=992.4 length=82 success_rate=1.00 collisions/ep=0.33 (n=27)
update=147 global_step=301056 SPS=659 w_ev=0.999 m_ev=0.982 m_v_bias=3.1 m_adv_std=23.8269 m_kl_max=0.0146 m_ratio_max=0.455 w_ax@goal=-0.02 w_v@goal=0.53 return=974.1 length=83 success_rate=1.00 collisions/ep=0.68 (n=25)
update=148 global_step=303104 SPS=661 w_ev=0.999 m_ev=0.963 m_v_bias=-5.2 m_adv_std=34.2867 m_kl_max=0.0061 m_ratio_max=0.412 w_ax@goal=-0.11 w_v@goal=0.51 return=981.9 length=82 success_rate=1.00 collisions/ep=0.58 (n=24)
update=149 global_step=305152 SPS=662 w_ev=0.999 m_ev=0.968 m_v_bias=-1.2 m_adv_std=31.4047 m_kl_max=0.0098 m_ratio_max=0.738 w_ax@goal=+0.01 w_v@goal=0.57 return=987.4 length=84 success_rate=1.00 collisions/ep=0.48 (n=25)
update=150 global_step=307200 SPS=664 w_ev=0.999 m_ev=0.985 m_v_bias=2.4 m_adv_std=21.0821 m_kl_max=0.0058 m_ratio_max=0.450 w_ax@goal=-0.05 w_v@goal=0.56 return=988.7 length=82 success_rate=1.00 collisions/ep=0.40 (n=25)
Evaluation at update 150: return=1010.89, length=79.25, success_rate=1.00, collisions/ep=0.00
Solved-check at update 150: solved=True worst_gap=2.36 at p_x0=0.00 p_y0=-1.00 (consecutive=1)
Solved criterion held for 2 consecutive evals (tolerance=5.0) at global_step=307200.
update=151 global_step=309248 SPS=658 w_ev=0.999 m_ev=0.960 m_v_bias=3.3 m_adv_std=35.7257 m_kl_max=0.0095 m_ratio_max=0.416 w_ax@goal=-0.01 w_v@goal=0.56 return=990.3 length=85 success_rate=1.00 collisions/ep=0.38 (n=24)
update=152 global_step=311296 SPS=660 w_ev=0.999 m_ev=0.970 m_v_bias=-3.5 m_adv_std=31.2637 m_kl_max=0.0149 m_ratio_max=0.503 w_ax@goal=-0.07 w_v@goal=0.55 return=975.9 length=84 success_rate=1.00 collisions/ep=0.67 (n=24)
update=153 global_step=313344 SPS=662 w_ev=0.999 m_ev=0.945 m_v_bias=1.7 m_adv_std=42.5186 m_kl_max=0.0193 m_ratio_max=1.216 w_ax@goal=-0.03 w_v@goal=0.54 return=968.1 length=82 success_rate=1.00 collisions/ep=0.88 (n=25)
update=154 global_step=315392 SPS=663 w_ev=0.999 m_ev=0.909 m_v_bias=1.1 m_adv_std=54.9885 m_kl_max=0.0229 m_ratio_max=0.735 w_ax@goal=+0.01 w_v@goal=0.60 return=963.7 length=82 success_rate=1.00 collisions/ep=0.92 (n=26)
update=155 global_step=317440 SPS=665 w_ev=0.999 m_ev=0.909 m_v_bias=5.9 m_adv_std=56.7887 m_kl_max=0.0122 m_ratio_max=0.598 w_ax@goal=-0.00 w_v@goal=0.54 return=972.5 length=84 success_rate=1.00 collisions/ep=0.75 (n=24)
Evaluation at update 155: return=1010.96, length=79.25, success_rate=1.00, collisions/ep=0.00
Solved-check at update 155: solved=True worst_gap=2.32 at p_x0=0.00 p_y0=-1.00 (consecutive=2)
update=156 global_step=319488 SPS=659 w_ev=0.999 m_ev=0.977 m_v_bias=-6.9 m_adv_std=26.4525 m_kl_max=0.0082 m_ratio_max=0.389 w_ax@goal=-0.04 w_v@goal=0.56 return=969.8 length=84 success_rate=1.00 collisions/ep=0.78 (n=23)
update=157 global_step=321536 SPS=661 w_ev=0.999 m_ev=0.969 m_v_bias=5.7 m_adv_std=30.6412 m_kl_max=0.0118 m_ratio_max=0.476 w_ax@goal=-0.05 w_v@goal=0.58 return=985.3 length=85 success_rate=1.00 collisions/ep=0.46 (n=24)
update=158 global_step=323584 SPS=663 w_ev=0.999 m_ev=0.966 m_v_bias=-8.5 m_adv_std=32.7211 m_kl_max=0.0105 m_ratio_max=0.555 w_ax@goal=-0.13 w_v@goal=0.57 return=986.6 length=82 success_rate=1.00 collisions/ep=0.46 (n=26)
update=159 global_step=325632 SPS=664 w_ev=0.999 m_ev=0.963 m_v_bias=0.2 m_adv_std=34.2511 m_kl_max=0.0100 m_ratio_max=0.633 w_ax@goal=-0.06 w_v@goal=0.55 return=959.8 length=81 success_rate=1.00 collisions/ep=1.00 (n=27)
update=160 global_step=327680 SPS=666 w_ev=0.999 m_ev=0.960 m_v_bias=1.9 m_adv_std=35.4133 m_kl_max=0.0105 m_ratio_max=0.483 w_ax@goal=-0.18 w_v@goal=0.56 return=978.7 length=82 success_rate=1.00 collisions/ep=0.62 (n=24)
Evaluation at update 160: return=1011.33, length=79.00, success_rate=1.00, collisions/ep=0.00
Solved-check at update 160: solved=True worst_gap=1.78 at p_x0=0.00 p_y0=-1.00 (consecutive=3)
update=161 global_step=329728 SPS=661 w_ev=0.999 m_ev=0.982 m_v_bias=-4.1 m_adv_std=23.8101 m_kl_max=0.0081 m_ratio_max=0.553 w_ax@goal=-0.03 w_v@goal=0.61 return=968.3 length=81 success_rate=1.00 collisions/ep=0.83 (n=24)
update=162 global_step=331776 SPS=662 w_ev=0.999 m_ev=0.982 m_v_bias=-2.4 m_adv_std=23.0581 m_kl_max=0.0158 m_ratio_max=0.774 w_ax@goal=-0.11 w_v@goal=0.57 return=982.4 length=82 success_rate=1.00 collisions/ep=0.54 (n=26)
update=163 global_step=333824 SPS=664 w_ev=0.999 m_ev=0.984 m_v_bias=5.3 m_adv_std=22.5832 m_kl_max=0.0124 m_ratio_max=0.627 w_ax@goal=-0.09 w_v@goal=0.58 return=975.1 length=80 success_rate=1.00 collisions/ep=0.68 (n=25)
update=164 global_step=335872 SPS=665 w_ev=0.999 m_ev=0.971 m_v_bias=5.3 m_adv_std=29.0106 m_kl_max=0.0056 m_ratio_max=0.414 w_ax@goal=-0.18 w_v@goal=0.54 return=986.7 length=83 success_rate=1.00 collisions/ep=0.44 (n=25)
update=165 global_step=337920 SPS=667 w_ev=0.999 m_ev=0.973 m_v_bias=-4.2 m_adv_std=29.1482 m_kl_max=0.0086 m_ratio_max=0.373 w_ax@goal=-0.16 w_v@goal=0.55 return=987.9 length=83 success_rate=1.00 collisions/ep=0.42 (n=24)
Evaluation at update 165: return=1010.94, length=79.25, success_rate=1.00, collisions/ep=0.00
Solved-check at update 165: solved=True worst_gap=2.36 at p_x0=2.00 p_y0=-1.00 (consecutive=4)
update=166 global_step=339968 SPS=661 w_ev=0.999 m_ev=0.988 m_v_bias=-3.8 m_adv_std=18.2121 m_kl_max=0.0077 m_ratio_max=0.383 w_ax@goal=-0.17 w_v@goal=0.53 return=994.4 length=82 success_rate=1.00 collisions/ep=0.29 (n=24)
update=167 global_step=342016 SPS=663 w_ev=0.999 m_ev=0.962 m_v_bias=6.0 m_adv_std=34.0713 m_kl_max=0.0148 m_ratio_max=0.875 w_ax@goal=-0.12 w_v@goal=0.55 return=981.8 length=83 success_rate=1.00 collisions/ep=0.54 (n=26)
update=168 global_step=344064 SPS=664 w_ev=0.999 m_ev=0.987 m_v_bias=-3.4 m_adv_std=19.7996 m_kl_max=0.0230 m_ratio_max=0.694 w_ax@goal=-0.21 w_v@goal=0.57 return=991.0 length=81 success_rate=1.00 collisions/ep=0.35 (n=26)
update=169 global_step=346112 SPS=666 w_ev=0.998 m_ev=0.944 m_v_bias=3.3 m_adv_std=41.0574 m_kl_max=0.0119 m_ratio_max=0.421 w_ax@goal=-0.12 w_v@goal=0.58 return=980.2 length=84 success_rate=1.00 collisions/ep=0.57 (n=23)
update=170 global_step=348160 SPS=667 w_ev=0.999 m_ev=0.990 m_v_bias=-2.6 m_adv_std=16.7760 m_kl_max=0.0061 m_ratio_max=0.377 w_ax@goal=-0.07 w_v@goal=0.58 return=998.8 length=82 success_rate=1.00 collisions/ep=0.19 (n=26)
Evaluation at update 170: return=1011.45, length=78.90, success_rate=1.00, collisions/ep=0.00
Solved-check at update 170: solved=True worst_gap=1.80 at p_x0=2.00 p_y0=-1.00 (consecutive=5)
update=171 global_step=350208 SPS=661 w_ev=0.999 m_ev=0.975 m_v_bias=6.4 m_adv_std=27.7405 m_kl_max=0.0060 m_ratio_max=0.394 w_ax@goal=-0.15 w_v@goal=0.57 return=974.9 length=82 success_rate=1.00 collisions/ep=0.69 (n=26)
update=172 global_step=352256 SPS=663 w_ev=0.999 m_ev=0.963 m_v_bias=-2.5 m_adv_std=33.8296 m_kl_max=0.0268 m_ratio_max=0.933 w_ax@goal=-0.11 w_v@goal=0.56 return=980.0 length=82 success_rate=1.00 collisions/ep=0.60 (n=25)
update=173 global_step=354304 SPS=665 w_ev=0.999 m_ev=0.965 m_v_bias=-7.5 m_adv_std=32.1466 m_kl_max=0.0153 m_ratio_max=0.667 w_ax@goal=+0.02 w_v@goal=0.60 return=991.7 length=83 success_rate=1.00 collisions/ep=0.38 (n=24)
update=174 global_step=356352 SPS=666 w_ev=0.999 m_ev=0.981 m_v_bias=1.7 m_adv_std=23.1821 m_kl_max=0.0092 m_ratio_max=0.609 w_ax@goal=-0.03 w_v@goal=0.56 return=990.4 length=82 success_rate=1.00 collisions/ep=0.38 (n=26)
update=175 global_step=358400 SPS=667 w_ev=0.999 m_ev=0.963 m_v_bias=1.3 m_adv_std=32.6320 m_kl_max=0.0112 m_ratio_max=0.524 w_ax@goal=-0.05 w_v@goal=0.57 return=989.3 length=82 success_rate=1.00 collisions/ep=0.42 (n=24)
Evaluation at update 175: return=1012.46, length=77.90, success_rate=1.00, collisions/ep=0.00
Solved-check at update 175: solved=True worst_gap=0.99 at p_x0=2.00 p_y0=-1.00 (consecutive=6)
update=176 global_step=360448 SPS=662 w_ev=0.999 m_ev=0.991 m_v_bias=-6.1 m_adv_std=16.5310 m_kl_max=0.0067 m_ratio_max=0.446 w_ax@goal=+0.02 w_v@goal=0.58 return=1004.2 length=82 success_rate=1.00 collisions/ep=0.12 (n=25)
update=177 global_step=362496 SPS=663 w_ev=0.999 m_ev=0.904 m_v_bias=22.6 m_adv_std=57.6330 m_kl_max=0.0260 m_ratio_max=0.754 w_ax@goal=-0.05 w_v@goal=0.56 return=964.9 length=83 success_rate=1.00 collisions/ep=0.88 (n=26)
update=178 global_step=364544 SPS=665 w_ev=0.999 m_ev=0.975 m_v_bias=-18.9 m_adv_std=26.2568 m_kl_max=0.0046 m_ratio_max=0.441 w_ax@goal=-0.04 w_v@goal=0.60 return=991.4 length=80 success_rate=1.00 collisions/ep=0.38 (n=24)
update=179 global_step=366592 SPS=666 w_ev=0.999 m_ev=0.924 m_v_bias=9.7 m_adv_std=47.6749 m_kl_max=0.0109 m_ratio_max=0.438 w_ax@goal=-0.15 w_v@goal=0.57 return=983.8 length=81 success_rate=1.00 collisions/ep=0.50 (n=26)
update=180 global_step=368640 SPS=667 w_ev=0.999 m_ev=0.945 m_v_bias=14.0 m_adv_std=42.6714 m_kl_max=0.0078 m_ratio_max=0.581 w_ax@goal=-0.13 w_v@goal=0.59 return=981.8 length=85 success_rate=1.00 collisions/ep=0.50 (n=24)
Evaluation at update 180: return=1011.23, length=79.10, success_rate=1.00, collisions/ep=0.00
Solved-check at update 180: solved=True worst_gap=3.27 at p_x0=2.00 p_y0=-1.00 (consecutive=7)
update=181 global_step=370688 SPS=662 w_ev=0.999 m_ev=0.963 m_v_bias=-14.3 m_adv_std=34.5202 m_kl_max=0.0185 m_ratio_max=0.585 w_ax@goal=-0.09 w_v@goal=0.54 return=986.3 length=82 success_rate=1.00 collisions/ep=0.46 (n=24)
update=182 global_step=372736 SPS=664 w_ev=0.999 m_ev=0.983 m_v_bias=-2.7 m_adv_std=22.0776 m_kl_max=0.0189 m_ratio_max=0.601 w_ax@goal=-0.21 w_v@goal=0.55 return=988.4 length=84 success_rate=1.00 collisions/ep=0.40 (n=25)
update=183 global_step=374784 SPS=665 w_ev=0.999 m_ev=0.988 m_v_bias=0.1 m_adv_std=18.6281 m_kl_max=0.0229 m_ratio_max=1.102 w_ax@goal=-0.13 w_v@goal=0.57 return=996.3 length=83 success_rate=1.00 collisions/ep=0.24 (n=25)
update=184 global_step=376832 SPS=666 w_ev=0.999 m_ev=0.917 m_v_bias=12.3 m_adv_std=53.6785 m_kl_max=0.0185 m_ratio_max=0.795 w_ax@goal=-0.09 w_v@goal=0.60 return=964.7 length=86 success_rate=1.00 collisions/ep=0.88 (n=24)
update=185 global_step=378880 SPS=668 w_ev=0.999 m_ev=0.958 m_v_bias=2.4 m_adv_std=36.5341 m_kl_max=0.0224 m_ratio_max=0.652 w_ax@goal=-0.05 w_v@goal=0.55 return=985.2 length=85 success_rate=1.00 collisions/ep=0.44 (n=25)
Evaluation at update 185: return=1009.94, length=80.25, success_rate=1.00, collisions/ep=0.00
Solved-check at update 185: solved=True worst_gap=3.83 at p_x0=2.00 p_y0=-1.00 (consecutive=8)
update=186 global_step=380928 SPS=663 w_ev=0.999 m_ev=0.979 m_v_bias=1.4 m_adv_std=25.6416 m_kl_max=0.0112 m_ratio_max=0.504 w_ax@goal=-0.04 w_v@goal=0.56 return=981.2 length=82 success_rate=1.00 collisions/ep=0.52 (n=25)
update=187 global_step=382976 SPS=664 w_ev=0.999 m_ev=0.913 m_v_bias=2.6 m_adv_std=54.5216 m_kl_max=0.0155 m_ratio_max=0.735 w_ax@goal=-0.19 w_v@goal=0.53 return=963.8 length=86 success_rate=1.00 collisions/ep=0.88 (n=24)
update=188 global_step=385024 SPS=666 w_ev=0.999 m_ev=0.955 m_v_bias=-9.9 m_adv_std=38.7449 m_kl_max=0.0138 m_ratio_max=0.658 w_ax@goal=-0.21 w_v@goal=0.53 return=977.3 length=85 success_rate=1.00 collisions/ep=0.62 (n=24)
update=189 global_step=387072 SPS=667 w_ev=0.999 m_ev=0.934 m_v_bias=6.3 m_adv_std=47.9215 m_kl_max=0.0228 m_ratio_max=1.273 w_ax@goal=-0.13 w_v@goal=0.57 return=960.2 length=84 success_rate=1.00 collisions/ep=0.96 (n=24)
update=190 global_step=389120 SPS=668 w_ev=0.999 m_ev=0.908 m_v_bias=5.3 m_adv_std=55.6062 m_kl_max=0.0213 m_ratio_max=0.736 w_ax@goal=-0.10 w_v@goal=0.59 return=976.6 length=84 success_rate=1.00 collisions/ep=0.61 (n=23)
Evaluation at update 190: return=1010.63, length=79.50, success_rate=1.00, collisions/ep=0.00
Solved-check at update 190: solved=True worst_gap=2.90 at p_x0=2.00 p_y0=-1.00 (consecutive=9)
update=191 global_step=391168 SPS=663 w_ev=0.999 m_ev=0.968 m_v_bias=-12.5 m_adv_std=32.0755 m_kl_max=0.0197 m_ratio_max=0.623 w_ax@goal=-0.15 w_v@goal=0.56 return=978.6 length=82 success_rate=1.00 collisions/ep=0.60 (n=25)
update=192 global_step=393216 SPS=664 w_ev=0.999 m_ev=0.972 m_v_bias=-4.0 m_adv_std=29.3548 m_kl_max=0.0127 m_ratio_max=0.740 w_ax@goal=-0.16 w_v@goal=0.55 return=984.4 length=82 success_rate=1.00 collisions/ep=0.48 (n=25)
update=193 global_step=395264 SPS=666 w_ev=0.999 m_ev=0.976 m_v_bias=3.9 m_adv_std=26.5186 m_kl_max=0.0138 m_ratio_max=0.667 w_ax@goal=-0.14 w_v@goal=0.54 return=991.1 length=83 success_rate=1.00 collisions/ep=0.33 (n=24)
update=194 global_step=397312 SPS=667 w_ev=0.999 m_ev=0.985 m_v_bias=-8.4 m_adv_std=20.6178 m_kl_max=0.0153 m_ratio_max=0.596 w_ax@goal=-0.06 w_v@goal=0.58 return=987.2 length=82 success_rate=1.00 collisions/ep=0.44 (n=25)
update=195 global_step=399360 SPS=668 w_ev=0.999 m_ev=0.983 m_v_bias=4.3 m_adv_std=22.8970 m_kl_max=0.0049 m_ratio_max=0.350 w_ax@goal=-0.14 w_v@goal=0.51 return=986.9 length=82 success_rate=1.00 collisions/ep=0.42 (n=26)
Evaluation at update 195: return=1011.12, length=79.10, success_rate=1.00, collisions/ep=0.00
Solved-check at update 195: solved=True worst_gap=2.54 at p_x0=2.00 p_y0=-1.00 (consecutive=10)
update=196 global_step=401408 SPS=663 w_ev=0.999 m_ev=0.971 m_v_bias=5.7 m_adv_std=29.5138 m_kl_max=0.0081 m_ratio_max=0.635 w_ax@goal=-0.20 w_v@goal=0.52 return=974.3 length=84 success_rate=1.00 collisions/ep=0.71 (n=24)
update=197 global_step=403456 SPS=665 w_ev=0.999 m_ev=0.979 m_v_bias=-5.1 m_adv_std=24.6186 m_kl_max=0.0146 m_ratio_max=0.704 w_ax@goal=-0.21 w_v@goal=0.56 return=998.0 length=84 success_rate=1.00 collisions/ep=0.21 (n=24)
update=198 global_step=405504 SPS=666 w_ev=0.999 m_ev=0.980 m_v_bias=1.0 m_adv_std=25.3790 m_kl_max=0.0410 m_ratio_max=1.057 w_ax@goal=-0.11 w_v@goal=0.58 return=996.9 length=84 success_rate=1.00 collisions/ep=0.24 (n=25)
update=199 global_step=407552 SPS=666 w_ev=0.999 m_ev=0.887 m_v_bias=15.8 m_adv_std=62.7476 m_kl_max=0.0240 m_ratio_max=0.707 w_ax@goal=-0.13 w_v@goal=0.59 return=948.6 length=83 success_rate=1.00 collisions/ep=1.20 (n=25)
update=200 global_step=409600 SPS=667 w_ev=0.999 m_ev=0.913 m_v_bias=0.1 m_adv_std=55.1711 m_kl_max=0.0148 m_ratio_max=0.971 w_ax@goal=-0.18 w_v@goal=0.59 return=989.2 length=82 success_rate=1.00 collisions/ep=0.38 (n=24)
Evaluation at update 200: return=1010.13, length=80.10, success_rate=1.00, collisions/ep=0.00
Solved-check at update 200: solved=True worst_gap=3.34 at p_x0=2.00 p_y0=-1.00 (consecutive=11)
update=201 global_step=411648 SPS=662 w_ev=0.999 m_ev=0.915 m_v_bias=0.2 m_adv_std=52.5708 m_kl_max=0.0078 m_ratio_max=0.561 w_ax@goal=-0.26 w_v@goal=0.52 return=947.4 length=85 success_rate=1.00 collisions/ep=1.21 (n=24)
update=202 global_step=413696 SPS=663 w_ev=0.999 m_ev=0.971 m_v_bias=3.5 m_adv_std=29.8682 m_kl_max=0.0212 m_ratio_max=0.625 w_ax@goal=-0.17 w_v@goal=0.55 return=987.8 length=86 success_rate=1.00 collisions/ep=0.38 (n=24)
update=203 global_step=415744 SPS=665 w_ev=0.999 m_ev=0.976 m_v_bias=-5.0 m_adv_std=26.9873 m_kl_max=0.0211 m_ratio_max=0.634 w_ax@goal=-0.13 w_v@goal=0.59 return=979.9 length=84 success_rate=1.00 collisions/ep=0.56 (n=25)
update=204 global_step=417792 SPS=666 w_ev=0.999 m_ev=0.860 m_v_bias=13.2 m_adv_std=72.4658 m_kl_max=0.0137 m_ratio_max=0.618 w_ax@goal=-0.21 w_v@goal=0.58 return=961.7 length=83 success_rate=1.00 collisions/ep=0.92 (n=25)
update=205 global_step=419840 SPS=667 w_ev=0.999 m_ev=0.940 m_v_bias=-15.2 m_adv_std=45.6430 m_kl_max=0.0163 m_ratio_max=0.794 w_ax@goal=-0.19 w_v@goal=0.55 return=973.5 length=84 success_rate=1.00 collisions/ep=0.67 (n=24)
Evaluation at update 205: return=1009.74, length=80.40, success_rate=1.00, collisions/ep=0.00
Solved-check at update 205: solved=True worst_gap=3.77 at p_x0=2.00 p_y0=-1.00 (consecutive=12)
update=206 global_step=421888 SPS=662 w_ev=0.999 m_ev=0.961 m_v_bias=5.2 m_adv_std=36.1216 m_kl_max=0.0065 m_ratio_max=0.453 w_ax@goal=-0.23 w_v@goal=0.56 return=972.4 length=85 success_rate=1.00 collisions/ep=0.68 (n=25)
update=207 global_step=423936 SPS=664 w_ev=0.999 m_ev=0.945 m_v_bias=-5.9 m_adv_std=41.6130 m_kl_max=0.0103 m_ratio_max=0.472 w_ax@goal=-0.17 w_v@goal=0.58 return=979.0 length=84 success_rate=1.00 collisions/ep=0.57 (n=23)
update=208 global_step=425984 SPS=665 w_ev=0.999 m_ev=0.889 m_v_bias=16.7 m_adv_std=63.6508 m_kl_max=0.0118 m_ratio_max=0.404 w_ax@goal=-0.21 w_v@goal=0.53 return=959.1 length=85 success_rate=1.00 collisions/ep=0.96 (n=25)
update=209 global_step=428032 SPS=666 w_ev=0.999 m_ev=0.950 m_v_bias=-4.5 m_adv_std=41.2149 m_kl_max=0.0301 m_ratio_max=1.520 w_ax@goal=-0.18 w_v@goal=0.59 return=963.2 length=86 success_rate=1.00 collisions/ep=0.86 (n=22)
update=210 global_step=430080 SPS=667 w_ev=0.999 m_ev=0.910 m_v_bias=19.0 m_adv_std=59.4715 m_kl_max=0.0183 m_ratio_max=0.835 w_ax@goal=-0.20 w_v@goal=0.54 return=961.6 length=90 success_rate=1.00 collisions/ep=0.83 (n=24)
Evaluation at update 210: return=1005.64, length=84.50, success_rate=1.00, collisions/ep=0.00
Solved-check at update 210: solved=False worst_gap=7.76 at p_x0=2.00 p_y0=-1.00 (consecutive=13)
update=211 global_step=432128 SPS=662 w_ev=0.998 m_ev=0.914 m_v_bias=7.5 m_adv_std=56.1294 m_kl_max=0.0092 m_ratio_max=0.544 w_ax@goal=-0.20 w_v@goal=0.61 return=942.6 length=88 success_rate=1.00 collisions/ep=1.17 (n=23)
update=212 global_step=434176 SPS=664 w_ev=0.998 m_ev=0.946 m_v_bias=2.6 m_adv_std=43.8043 m_kl_max=0.0084 m_ratio_max=0.400 w_ax@goal=-0.20 w_v@goal=0.62 return=964.4 length=91 success_rate=1.00 collisions/ep=0.73 (n=22)
update=213 global_step=436224 SPS=665 w_ev=0.998 m_ev=0.939 m_v_bias=16.4 m_adv_std=46.5828 m_kl_max=0.0234 m_ratio_max=0.698 w_ax@goal=-0.13 w_v@goal=0.62 return=967.9 length=95 success_rate=1.00 collisions/ep=0.59 (n=22)
update=214 global_step=438272 SPS=666 w_ev=0.998 m_ev=0.904 m_v_bias=-3.8 m_adv_std=59.5904 m_kl_max=0.0212 m_ratio_max=1.675 w_ax@goal=-0.22 w_v@goal=0.55 return=959.0 length=92 success_rate=1.00 collisions/ep=0.86 (n=21)
update=215 global_step=440320 SPS=667 w_ev=0.998 m_ev=0.926 m_v_bias=13.8 m_adv_std=52.1245 m_kl_max=0.0143 m_ratio_max=0.486 w_ax@goal=-0.11 w_v@goal=0.67 return=966.1 length=97 success_rate=1.00 collisions/ep=0.62 (n=21)
Evaluation at update 215: return=999.15, length=90.80, success_rate=1.00, collisions/ep=0.00
Solved-check at update 215: solved=False worst_gap=14.79 at p_x0=2.00 p_y0=-1.00 (consecutive=0)
update=216 global_step=442368 SPS=662 w_ev=0.998 m_ev=0.884 m_v_bias=17.2 m_adv_std=66.3971 m_kl_max=0.0078 m_ratio_max=0.301 w_ax@goal=-0.07 w_v@goal=0.62 return=960.0 length=98 success_rate=1.00 collisions/ep=0.67 (n=21)
update=217 global_step=444416 SPS=663 w_ev=0.998 m_ev=0.918 m_v_bias=5.3 m_adv_std=54.2999 m_kl_max=0.0167 m_ratio_max=0.617 w_ax@goal=-0.11 w_v@goal=0.59 return=973.0 length=100 success_rate=1.00 collisions/ep=0.35 (n=20)
update=218 global_step=446464 SPS=665 w_ev=0.997 m_ev=0.790 m_v_bias=42.8 m_adv_std=96.8548 m_kl_max=0.0281 m_ratio_max=1.034 w_ax@goal=-0.12 w_v@goal=0.60 return=925.3 length=106 success_rate=1.00 collisions/ep=1.19 (n=21)
update=219 global_step=448512 SPS=665 w_ev=0.996 m_ev=0.849 m_v_bias=23.5 m_adv_std=81.3476 m_kl_max=0.0094 m_ratio_max=0.644 w_ax@goal=-0.07 w_v@goal=0.70 return=930.8 length=110 success_rate=1.00 collisions/ep=1.00 (n=18)
update=220 global_step=450560 SPS=667 w_ev=0.996 m_ev=0.545 m_v_bias=95.5 m_adv_std=149.4393 m_kl_max=0.0328 m_ratio_max=1.747 w_ax@goal=-0.07 w_v@goal=0.64 return=871.7 length=132 success_rate=0.93 collisions/ep=0.36 (n=14)
Evaluation at update 220: return=-111.30, length=200.00, success_rate=0.00, collisions/ep=0.00
Solved-check at update 220: solved=False worst_gap=1131.11 at p_x0=2.00 p_y0=-1.00 (consecutive=0)
update=221 global_step=452608 SPS=654 w_ev=0.996 m_ev=0.453 m_v_bias=71.4 m_adv_std=163.8375 m_kl_max=0.0265 m_ratio_max=0.647 w_ax@goal=-0.05 w_v@goal=0.70 return=748.6 length=152 success_rate=0.86 collisions/ep=0.93 (n=14)
update=222 global_step=454656 SPS=656 w_ev=0.995 m_ev=0.371 m_v_bias=56.6 m_adv_std=179.6134 m_kl_max=0.0130 m_ratio_max=0.586 w_ax@goal=-0.04 w_v@goal=0.84 return=654.6 length=150 success_rate=0.77 collisions/ep=1.08 (n=13)
update=223 global_step=456704 SPS=656 w_ev=0.993 m_ev=0.429 m_v_bias=48.9 m_adv_std=166.3690 m_kl_max=0.0166 m_ratio_max=0.944 w_ax@goal=-0.02 w_v@goal=0.88 return=653.5 length=171 success_rate=0.75 collisions/ep=0.33 (n=12)
update=224 global_step=458752 SPS=657 w_ev=0.994 m_ev=0.213 m_v_bias=53.6 m_adv_std=183.8167 m_kl_max=0.0130 m_ratio_max=0.731 w_ax@goal=-0.07 w_v@goal=0.92 return=369.4 length=165 success_rate=0.46 collisions/ep=0.31 (n=13)
update=225 global_step=460800 SPS=659 w_ev=0.992 m_ev=0.232 m_v_bias=24.9 m_adv_std=206.6792 m_kl_max=0.0090 m_ratio_max=0.358 w_ax@goal=-0.06 w_v@goal=1.05 return=442.0 length=160 success_rate=0.58 collisions/ep=1.42 (n=12)
Evaluation at update 225: return=-113.98, length=200.00, success_rate=0.00, collisions/ep=0.00
Solved-check at update 225: solved=False worst_gap=1133.91 at p_x0=2.00 p_y0=-1.00 (consecutive=0)
update=226 global_step=462848 SPS=647 w_ev=0.991 m_ev=-0.042 m_v_bias=146.7 m_adv_std=86.3620 m_kl_max=0.0169 m_ratio_max=0.990 w_ax@goal=-0.05 w_v@goal=1.13 return=-165.3 length=200 success_rate=0.00 collisions/ep=1.00 (n=9)
update=227 global_step=464896 SPS=648 w_ev=0.993 m_ev=0.061 m_v_bias=55.9 m_adv_std=122.4135 m_kl_max=0.0027 m_ratio_max=0.295 w_ax@goal=-0.04 w_v@goal=1.26 return=-91.1 length=196 success_rate=0.08 collisions/ep=1.25 (n=12)
update=228 global_step=466944 SPS=649 w_ev=0.993 m_ev=0.076 m_v_bias=-25.8 m_adv_std=209.7954 m_kl_max=0.0072 m_ratio_max=0.343 w_ax@goal=-0.05 w_v@goal=1.30 return=206.1 length=177 success_rate=0.33 collisions/ep=0.75 (n=12)
update=229 global_step=468992 SPS=650 w_ev=0.993 m_ev=-1.316 m_v_bias=63.1 m_adv_std=75.1493 m_kl_max=0.0157 m_ratio_max=0.594 w_ax@goal=-0.04 w_v@goal=1.41 return=-143.9 length=200 success_rate=0.00 collisions/ep=0.56 (n=9)
update=230 global_step=471040 SPS=651 w_ev=0.992 m_ev=-1.161 m_v_bias=48.1 m_adv_std=39.8460 m_kl_max=0.0052 m_ratio_max=0.515 w_ax@goal=-0.08 w_v@goal=1.53 return=-124.1 length=200 success_rate=0.00 collisions/ep=0.22 (n=9)
Evaluation at update 230: return=-116.92, length=200.00, success_rate=0.00, collisions/ep=0.00
Solved-check at update 230: solved=False worst_gap=1137.18 at p_x0=2.00 p_y0=-1.00 (consecutive=0)
update=231 global_step=473088 SPS=640 w_ev=0.990 m_ev=-0.110 m_v_bias=50.6 m_adv_std=46.1705 m_kl_max=0.0107 m_ratio_max=0.664 w_ax@goal=-0.04 w_v@goal=1.74 return=-154.6 length=200 success_rate=0.00 collisions/ep=0.75 (n=12)
update=232 global_step=475136 SPS=641 w_ev=0.990 m_ev=0.030 m_v_bias=-9.3 m_adv_std=133.4598 m_kl_max=0.0223 m_ratio_max=0.671 w_ax@goal=-0.08 w_v@goal=1.77 return=-35.4 length=195 success_rate=0.10 collisions/ep=0.50 (n=10)
update=233 global_step=477184 SPS=642 w_ev=0.983 m_ev=0.088 m_v_bias=-70.1 m_adv_std=202.9504 m_kl_max=0.0163 m_ratio_max=1.094 w_ax@goal=-0.03 w_v@goal=1.87 return=154.0 length=190 success_rate=0.33 collisions/ep=1.56 (n=9)
update=234 global_step=479232 SPS=643 w_ev=0.985 m_ev=0.226 m_v_bias=-128.0 m_adv_std=236.5639 m_kl_max=0.0173 m_ratio_max=0.671 w_ax@goal=-0.05 w_v@goal=1.85 return=387.1 length=177 success_rate=0.54 collisions/ep=1.23 (n=13)
update=235 global_step=481280 SPS=644 w_ev=0.987 m_ev=0.255 m_v_bias=-32.0 m_adv_std=191.8248 m_kl_max=0.0093 m_ratio_max=0.435 w_ax@goal=-0.03 w_v@goal=1.79 return=234.7 length=181 success_rate=0.36 collisions/ep=0.73 (n=11)
Evaluation at update 235: return=-116.14, length=200.00, success_rate=0.00, collisions/ep=0.00
Solved-check at update 235: solved=False worst_gap=1138.86 at p_x0=2.00 p_y0=-0.50 (consecutive=0)
update=236 global_step=483328 SPS=634 w_ev=0.987 m_ev=-0.111 m_v_bias=52.4 m_adv_std=133.3933 m_kl_max=0.0105 m_ratio_max=0.547 w_ax@goal=-0.08 w_v@goal=1.83 return=-90.7 length=192 success_rate=0.09 collisions/ep=1.45 (n=11)
update=237 global_step=485376 SPS=635 w_ev=0.990 m_ev=-0.555 m_v_bias=68.0 m_adv_std=57.7334 m_kl_max=0.0137 m_ratio_max=0.561 w_ax@goal=-0.07 w_v@goal=2.08 return=-135.8 length=200 success_rate=0.00 collisions/ep=0.33 (n=9)
update=238 global_step=487424 SPS=636 w_ev=0.991 m_ev=-0.016 m_v_bias=37.7 m_adv_std=135.8596 m_kl_max=0.0307 m_ratio_max=2.106 w_ax@goal=-0.10 w_v@goal=2.10 return=-58.5 length=195 success_rate=0.08 collisions/ep=0.46 (n=13)
update=239 global_step=489472 SPS=637 w_ev=0.986 m_ev=-0.007 m_v_bias=41.6 m_adv_std=36.1481 m_kl_max=0.0101 m_ratio_max=0.776 w_ax@goal=-0.08 w_v@goal=2.18 return=-206.4 length=200 success_rate=0.00 collisions/ep=1.88 (n=8)
update=240 global_step=491520 SPS=638 w_ev=0.993 m_ev=0.019 m_v_bias=33.2 m_adv_std=41.8398 m_kl_max=0.0280 m_ratio_max=0.876 w_ax@goal=-0.10 w_v@goal=2.21 return=-182.9 length=200 success_rate=0.00 collisions/ep=1.36 (n=11)
Evaluation at update 240: return=-115.92, length=200.00, success_rate=0.00, collisions/ep=0.00
Solved-check at update 240: solved=False worst_gap=1135.04 at p_x0=2.00 p_y0=0.00 (consecutive=0)
update=241 global_step=493568 SPS=628 w_ev=0.993 m_ev=-1.270 m_v_bias=11.4 m_adv_std=26.0175 m_kl_max=0.0080 m_ratio_max=0.499 w_ax@goal=-0.12 w_v@goal=2.20 return=-153.0 length=200 success_rate=0.00 collisions/ep=0.69 (n=13)
update=242 global_step=495616 SPS=630 w_ev=0.994 m_ev=-0.080 m_v_bias=14.4 m_adv_std=31.2921 m_kl_max=0.0077 m_ratio_max=0.393 w_ax@goal=-0.16 w_v@goal=2.31 return=-143.2 length=200 success_rate=0.00 collisions/ep=0.50 (n=8)
update=243 global_step=497664 SPS=631 w_ev=0.986 m_ev=0.034 m_v_bias=-11.6 m_adv_std=131.9441 m_kl_max=0.0083 m_ratio_max=0.387 w_ax@goal=-0.13 w_v@goal=2.40 return=-75.8 length=196 success_rate=0.09 collisions/ep=1.00 (n=11)
update=244 global_step=499712 SPS=632 w_ev=0.982 m_ev=0.072 m_v_bias=-83.3 m_adv_std=205.5646 m_kl_max=0.0549 m_ratio_max=2.265 w_ax@goal=-0.16 w_v@goal=2.40 return=176.4 length=185 success_rate=0.30 collisions/ep=0.50 (n=10)
Saved checkpoints to C:\Users\loren\Desktop\MASTER THESIS\5_CODE\scenarios\slalom\studies\extrinsic_sweep\coef_0\runs\hppo_slalom_1_1790266510
