Using device: cpu
Solved-check: precomputed optimal returns for 25 fixed initial conditions (mean=1013.0, min=1011.0, max=1015.0); solved-tolerance=5.0
num_envs=8 num_steps_per_env=256 worker_batch_size=2048 worker_minibatch_size=256 num_updates=244 timesteps=499712 (requested 500000; 288 dropped by integer division)
update=1 global_step=2048 SPS=1111 w_ev=0.059 m_ev=-0.000 m_v_bias=16.9 m_adv_std=237.1955 m_kl_max=0.0006 m_ratio_max=0.111 w_ax@goal=-0.13 w_v@goal=-0.07 return=-109.3 length=182 success_rate=0.38 collisions/ep=6.88 (n=8)
update=2 global_step=4096 SPS=1103 w_ev=-0.019 m_ev=0.455 m_v_bias=31.3 m_adv_std=220.1647 m_kl_max=0.0007 m_ratio_max=0.166 w_ax@goal=+0.32 w_v@goal=-0.08 return=-191.5 length=181 success_rate=0.44 collisions/ep=10.22 (n=9)
update=3 global_step=6144 SPS=1109 w_ev=-0.023 m_ev=0.705 m_v_bias=40.3 m_adv_std=174.0706 m_kl_max=0.0010 m_ratio_max=0.141 w_ax@goal=+0.02 w_v@goal=-0.03 return=-376.3 length=180 success_rate=0.23 collisions/ep=9.23 (n=13)
update=4 global_step=8192 SPS=1121 w_ev=0.054 m_ev=0.431 m_v_bias=59.3 m_adv_std=219.1521 m_kl_max=0.0031 m_ratio_max=0.251 w_ax@goal=+0.53 w_v@goal=0.10 return=-510.0 length=191 success_rate=0.18 collisions/ep=10.45 (n=11)
update=5 global_step=10240 SPS=1124 w_ev=-0.057 m_ev=0.520 m_v_bias=2.1 m_adv_std=206.6033 m_kl_max=0.0031 m_ratio_max=0.267 w_ax@goal=+0.07 w_v@goal=0.06 return=-411.0 length=189 success_rate=0.18 collisions/ep=8.18 (n=11)
Evaluation at update 5: return=-2975.88, length=200.00, success_rate=0.00, collisions/ep=55.10
Solved-check at update 5: solved=False worst_gap=7425.01 at p_x0=0.00 p_y0=-1.00 (consecutive=0)
update=6 global_step=12288 SPS=489 w_ev=0.113 m_ev=-0.103 m_v_bias=69.7 m_adv_std=159.6000 m_kl_max=0.0160 m_ratio_max=0.624 return=-873.0 length=200 success_rate=0.00 collisions/ep=13.10 (n=10)
update=7 global_step=14336 SPS=532 w_ev=0.129 m_ev=0.290 m_v_bias=-43.3 m_adv_std=166.1209 m_kl_max=0.0110 m_ratio_max=0.473 w_ax@goal=+0.07 w_v@goal=0.41 return=-559.6 length=196 success_rate=0.11 collisions/ep=9.33 (n=9)
update=8 global_step=16384 SPS=563 w_ev=0.255 m_ev=0.441 m_v_bias=-42.8 m_adv_std=196.9421 m_kl_max=0.0054 m_ratio_max=0.304 w_ax@goal=+0.38 w_v@goal=0.50 return=-382.5 length=189 success_rate=0.25 collisions/ep=9.42 (n=12)
update=9 global_step=18432 SPS=596 w_ev=0.385 m_ev=0.599 m_v_bias=-86.6 m_adv_std=144.1611 m_kl_max=0.0126 m_ratio_max=0.600 w_ax@goal=+0.09 w_v@goal=0.50 return=-292.7 length=199 success_rate=0.20 collisions/ep=6.10 (n=10)
update=10 global_step=20480 SPS=625 w_ev=0.409 m_ev=0.403 m_v_bias=-51.6 m_adv_std=271.7545 m_kl_max=0.0043 m_ratio_max=0.360 w_ax@goal=+0.17 w_v@goal=0.30 return=66.0 length=162 success_rate=0.54 collisions/ep=7.54 (n=13)
Evaluation at update 10: return=546.20, length=96.95, success_rate=1.00, collisions/ep=8.95
Solved-check at update 10: solved=False worst_gap=769.32 at p_x0=2.00 p_y0=0.00 (consecutive=0)
update=11 global_step=22528 SPS=545 w_ev=0.414 m_ev=0.557 m_v_bias=-44.7 m_adv_std=224.2115 m_kl_max=0.0213 m_ratio_max=0.779 w_ax@goal=+0.39 w_v@goal=0.42 return=254.4 length=161 success_rate=0.64 collisions/ep=5.93 (n=14)
update=12 global_step=24576 SPS=570 w_ev=0.549 m_ev=0.325 m_v_bias=6.1 m_adv_std=273.1892 m_kl_max=0.0180 m_ratio_max=0.464 w_ax@goal=+0.04 w_v@goal=0.46 return=246.9 length=164 success_rate=0.67 collisions/ep=6.67 (n=12)
update=13 global_step=26624 SPS=592 w_ev=0.552 m_ev=0.611 m_v_bias=-51.4 m_adv_std=220.3629 m_kl_max=0.0293 m_ratio_max=0.556 w_ax@goal=+0.10 w_v@goal=0.61 return=407.0 length=149 success_rate=0.73 collisions/ep=5.07 (n=15)
update=14 global_step=28672 SPS=611 w_ev=0.696 m_ev=0.706 m_v_bias=-112.6 m_adv_std=167.1931 m_kl_max=0.0192 m_ratio_max=0.508 w_ax@goal=+0.31 w_v@goal=0.74 return=656.8 length=120 success_rate=0.94 collisions/ep=4.88 (n=16)
update=15 global_step=30720 SPS=629 w_ev=0.816 m_ev=0.865 m_v_bias=-50.5 m_adv_std=106.0209 m_kl_max=0.0256 m_ratio_max=0.691 w_ax@goal=+0.29 w_v@goal=0.74 return=722.9 length=110 success_rate=1.00 collisions/ep=5.20 (n=20)
Evaluation at update 15: return=583.34, length=82.40, success_rate=1.00, collisions/ep=8.50
Solved-check at update 15: solved=False worst_gap=504.00 at p_x0=2.00 p_y0=-1.00 (consecutive=0)
update=16 global_step=32768 SPS=578 w_ev=0.842 m_ev=0.834 m_v_bias=-2.2 m_adv_std=113.2685 m_kl_max=0.0186 m_ratio_max=0.509 w_ax@goal=+0.44 w_v@goal=0.62 return=685.0 length=106 success_rate=1.00 collisions/ep=6.00 (n=20)
update=17 global_step=34816 SPS=594 w_ev=0.901 m_ev=0.814 m_v_bias=-5.3 m_adv_std=124.6448 m_kl_max=0.0293 m_ratio_max=0.833 w_ax@goal=+0.33 w_v@goal=0.59 return=739.8 length=99 success_rate=1.00 collisions/ep=5.05 (n=21)
update=18 global_step=36864 SPS=609 w_ev=0.954 m_ev=0.728 m_v_bias=38.8 m_adv_std=144.7943 m_kl_max=0.0075 m_ratio_max=0.399 w_ax@goal=+0.17 w_v@goal=0.58 return=622.7 length=96 success_rate=1.00 collisions/ep=7.48 (n=21)
update=19 global_step=38912 SPS=624 w_ev=0.959 m_ev=0.840 m_v_bias=4.9 m_adv_std=106.0371 m_kl_max=0.0179 m_ratio_max=0.463 w_ax@goal=+0.24 w_v@goal=0.61 return=740.2 length=97 success_rate=1.00 collisions/ep=5.15 (n=20)
update=20 global_step=40960 SPS=637 w_ev=0.968 m_ev=0.854 m_v_bias=-24.2 m_adv_std=101.6930 m_kl_max=0.0145 m_ratio_max=0.857 w_ax@goal=+0.19 w_v@goal=0.51 return=741.0 length=94 success_rate=1.00 collisions/ep=5.13 (n=23)
Evaluation at update 20: return=715.58, length=80.15, success_rate=1.00, collisions/ep=5.90
Solved-check at update 20: solved=False worst_gap=452.70 at p_x0=0.00 p_y0=-0.50 (consecutive=0)
update=21 global_step=43008 SPS=600 w_ev=0.968 m_ev=0.789 m_v_bias=-4.9 m_adv_std=120.3232 m_kl_max=0.0155 m_ratio_max=0.588 w_ax@goal=+0.18 w_v@goal=0.57 return=784.3 length=90 success_rate=1.00 collisions/ep=4.33 (n=24)
update=22 global_step=45056 SPS=612 w_ev=0.979 m_ev=0.839 m_v_bias=11.6 m_adv_std=103.8122 m_kl_max=0.0148 m_ratio_max=0.499 w_ax@goal=+0.17 w_v@goal=0.54 return=801.6 length=93 success_rate=1.00 collisions/ep=3.95 (n=20)
update=23 global_step=47104 SPS=624 w_ev=0.981 m_ev=0.846 m_v_bias=-0.1 m_adv_std=98.1688 m_kl_max=0.0314 m_ratio_max=0.938 w_ax@goal=+0.10 w_v@goal=0.56 return=752.5 length=95 success_rate=1.00 collisions/ep=4.95 (n=21)
update=24 global_step=49152 SPS=633 w_ev=0.983 m_ev=0.807 m_v_bias=-3.2 m_adv_std=108.8790 m_kl_max=0.0070 m_ratio_max=0.399 w_ax@goal=+0.38 w_v@goal=0.56 return=789.2 length=89 success_rate=1.00 collisions/ep=4.25 (n=24)
update=25 global_step=51200 SPS=644 w_ev=0.985 m_ev=0.856 m_v_bias=-2.3 m_adv_std=94.4434 m_kl_max=0.0212 m_ratio_max=0.706 w_ax@goal=+0.18 w_v@goal=0.56 return=805.2 length=88 success_rate=1.00 collisions/ep=4.00 (n=24)
Evaluation at update 25: return=859.20, length=79.05, success_rate=1.00, collisions/ep=3.05
Solved-check at update 25: solved=False worst_gap=451.00 at p_x0=1.50 p_y0=0.50 (consecutive=0)
update=26 global_step=53248 SPS=612 w_ev=0.984 m_ev=0.843 m_v_bias=-11.8 m_adv_std=96.5937 m_kl_max=0.0065 m_ratio_max=0.330 w_ax@goal=+0.24 w_v@goal=0.65 return=841.9 length=86 success_rate=1.00 collisions/ep=3.25 (n=24)
update=27 global_step=55296 SPS=622 w_ev=0.989 m_ev=0.856 m_v_bias=-4.9 m_adv_std=88.9427 m_kl_max=0.0085 m_ratio_max=0.544 w_ax@goal=+0.40 w_v@goal=0.65 return=842.3 length=89 success_rate=1.00 collisions/ep=3.23 (n=22)
update=28 global_step=57344 SPS=630 w_ev=0.991 m_ev=0.895 m_v_bias=-14.1 m_adv_std=69.0666 m_kl_max=0.0084 m_ratio_max=0.400 w_ax@goal=+0.21 w_v@goal=0.64 return=891.8 length=89 success_rate=1.00 collisions/ep=2.22 (n=23)
update=29 global_step=59392 SPS=639 w_ev=0.991 m_ev=0.826 m_v_bias=45.4 m_adv_std=102.4506 m_kl_max=0.0066 m_ratio_max=0.355 w_ax@goal=+0.13 w_v@goal=0.62 return=794.1 length=89 success_rate=1.00 collisions/ep=4.17 (n=24)
update=30 global_step=61440 SPS=646 w_ev=0.994 m_ev=0.857 m_v_bias=-8.3 m_adv_std=90.2110 m_kl_max=0.0180 m_ratio_max=0.717 w_ax@goal=+0.11 w_v@goal=0.55 return=809.7 length=87 success_rate=1.00 collisions/ep=3.87 (n=23)
Evaluation at update 30: return=923.61, length=79.50, success_rate=1.00, collisions/ep=1.75
Solved-check at update 30: solved=False worst_gap=451.68 at p_x0=1.50 p_y0=0.00 (consecutive=0)
update=31 global_step=63488 SPS=620 w_ev=0.988 m_ev=0.841 m_v_bias=0.1 m_adv_std=92.7976 m_kl_max=0.0171 m_ratio_max=0.642 w_ax@goal=+0.23 w_v@goal=0.65 return=803.2 length=86 success_rate=1.00 collisions/ep=4.09 (n=23)
update=32 global_step=65536 SPS=628 w_ev=0.992 m_ev=0.837 m_v_bias=20.6 m_adv_std=93.5608 m_kl_max=0.0085 m_ratio_max=0.385 w_ax@goal=+0.05 w_v@goal=0.58 return=819.0 length=87 success_rate=1.00 collisions/ep=3.71 (n=24)
update=33 global_step=67584 SPS=636 w_ev=0.992 m_ev=0.818 m_v_bias=1.7 m_adv_std=99.6323 m_kl_max=0.0335 m_ratio_max=1.744 w_ax@goal=-0.05 w_v@goal=0.57 return=834.6 length=90 success_rate=1.00 collisions/ep=3.35 (n=23)
update=34 global_step=69632 SPS=643 w_ev=0.989 m_ev=0.790 m_v_bias=6.7 m_adv_std=106.5001 m_kl_max=0.0286 m_ratio_max=2.555 w_ax@goal=+0.04 w_v@goal=0.61 return=829.8 length=92 success_rate=1.00 collisions/ep=3.38 (n=21)
update=35 global_step=71680 SPS=650 w_ev=0.994 m_ev=0.531 m_v_bias=20.0 m_adv_std=177.3500 m_kl_max=0.0332 m_ratio_max=0.937 w_ax@goal=-0.09 w_v@goal=0.58 return=857.6 length=96 success_rate=1.00 collisions/ep=2.74 (n=23)
Evaluation at update 35: return=960.29, length=80.35, success_rate=1.00, collisions/ep=1.00
Solved-check at update 35: solved=False worst_gap=53.25 at p_x0=0.00 p_y0=-1.00 (consecutive=0)
update=36 global_step=73728 SPS=626 w_ev=0.995 m_ev=0.840 m_v_bias=-7.0 m_adv_std=91.1154 m_kl_max=0.0105 m_ratio_max=0.576 w_ax@goal=-0.16 w_v@goal=0.65 return=859.8 length=88 success_rate=1.00 collisions/ep=2.91 (n=22)
update=37 global_step=75776 SPS=633 w_ev=0.996 m_ev=0.846 m_v_bias=-8.7 m_adv_std=88.3597 m_kl_max=0.0024 m_ratio_max=0.386 w_ax@goal=-0.04 w_v@goal=0.65 return=863.4 length=90 success_rate=1.00 collisions/ep=2.78 (n=23)
update=38 global_step=77824 SPS=640 w_ev=0.993 m_ev=0.842 m_v_bias=4.7 m_adv_std=90.3869 m_kl_max=0.0108 m_ratio_max=0.770 w_ax@goal=-0.01 w_v@goal=0.61 return=841.8 length=89 success_rate=1.00 collisions/ep=3.22 (n=23)
update=39 global_step=79872 SPS=647 w_ev=0.994 m_ev=0.809 m_v_bias=12.6 m_adv_std=106.8889 m_kl_max=0.0196 m_ratio_max=0.662 w_ax@goal=-0.09 w_v@goal=0.58 return=825.4 length=88 success_rate=1.00 collisions/ep=3.54 (n=24)
update=40 global_step=81920 SPS=654 w_ev=0.994 m_ev=0.893 m_v_bias=-36.8 m_adv_std=71.8396 m_kl_max=0.0131 m_ratio_max=0.569 w_ax@goal=-0.13 w_v@goal=0.58 return=879.3 length=89 success_rate=1.00 collisions/ep=2.48 (n=23)
Evaluation at update 40: return=961.13, length=79.50, success_rate=1.00, collisions/ep=1.00
Solved-check at update 40: solved=False worst_gap=102.20 at p_x0=0.00 p_y0=1.00 (consecutive=0)
update=41 global_step=83968 SPS=631 w_ev=0.991 m_ev=0.904 m_v_bias=12.7 m_adv_std=66.1587 m_kl_max=0.0084 m_ratio_max=0.457 w_ax@goal=-0.06 w_v@goal=0.56 return=878.1 length=91 success_rate=1.00 collisions/ep=2.46 (n=24)
update=42 global_step=86016 SPS=637 w_ev=0.995 m_ev=0.851 m_v_bias=14.7 m_adv_std=88.2869 m_kl_max=0.0062 m_ratio_max=0.328 w_ax@goal=+0.00 w_v@goal=0.55 return=841.3 length=89 success_rate=1.00 collisions/ep=3.22 (n=23)
update=43 global_step=88064 SPS=643 w_ev=0.995 m_ev=0.888 m_v_bias=-7.5 m_adv_std=76.5681 m_kl_max=0.0028 m_ratio_max=0.264 w_ax@goal=-0.00 w_v@goal=0.62 return=837.9 length=87 success_rate=1.00 collisions/ep=3.33 (n=24)
update=44 global_step=90112 SPS=649 w_ev=0.996 m_ev=0.859 m_v_bias=-11.8 m_adv_std=83.9818 m_kl_max=0.0081 m_ratio_max=0.405 w_ax@goal=-0.10 w_v@goal=0.61 return=883.8 length=88 success_rate=1.00 collisions/ep=2.41 (n=22)
update=45 global_step=92160 SPS=654 w_ev=0.995 m_ev=0.861 m_v_bias=-2.6 m_adv_std=76.3512 m_kl_max=0.0053 m_ratio_max=0.432 w_ax@goal=-0.04 w_v@goal=0.58 return=872.7 length=89 success_rate=1.00 collisions/ep=2.65 (n=20)
Evaluation at update 45: return=961.17, length=79.40, success_rate=1.00, collisions/ep=1.00
Solved-check at update 45: solved=False worst_gap=52.29 at p_x0=0.00 p_y0=1.00 (consecutive=0)
update=46 global_step=94208 SPS=634 w_ev=0.995 m_ev=0.867 m_v_bias=-5.0 m_adv_std=77.3395 m_kl_max=0.0166 m_ratio_max=1.083 w_ax@goal=-0.01 w_v@goal=0.63 return=901.2 length=91 success_rate=1.00 collisions/ep=2.00 (n=24)
update=47 global_step=96256 SPS=639 w_ev=0.996 m_ev=0.847 m_v_bias=24.5 m_adv_std=90.9849 m_kl_max=0.0160 m_ratio_max=0.714 w_ax@goal=-0.15 w_v@goal=0.52 return=823.5 length=88 success_rate=1.00 collisions/ep=3.59 (n=22)
update=48 global_step=98304 SPS=645 w_ev=0.996 m_ev=0.842 m_v_bias=-21.8 m_adv_std=86.7078 m_kl_max=0.0203 m_ratio_max=0.942 w_ax@goal=+0.04 w_v@goal=0.55 return=893.8 length=86 success_rate=1.00 collisions/ep=2.19 (n=26)
update=49 global_step=100352 SPS=650 w_ev=0.996 m_ev=0.929 m_v_bias=6.0 m_adv_std=54.8306 m_kl_max=0.0404 m_ratio_max=2.660 w_ax@goal=+0.01 w_v@goal=0.55 return=869.9 length=90 success_rate=1.00 collisions/ep=2.59 (n=22)
update=50 global_step=102400 SPS=655 w_ev=0.995 m_ev=0.861 m_v_bias=21.0 m_adv_std=84.2922 m_kl_max=0.0133 m_ratio_max=0.794 w_ax@goal=+0.11 w_v@goal=0.61 return=825.5 length=87 success_rate=1.00 collisions/ep=3.54 (n=24)
Evaluation at update 50: return=954.74, length=80.75, success_rate=1.00, collisions/ep=1.10
Solved-check at update 50: solved=False worst_gap=103.67 at p_x0=0.00 p_y0=1.00 (consecutive=0)
update=51 global_step=104448 SPS=638 w_ev=0.996 m_ev=0.621 m_v_bias=13.1 m_adv_std=139.6098 m_kl_max=0.0127 m_ratio_max=0.658 w_ax@goal=-0.03 w_v@goal=0.57 return=903.2 length=92 success_rate=1.00 collisions/ep=1.91 (n=22)
update=52 global_step=106496 SPS=644 w_ev=0.996 m_ev=0.811 m_v_bias=10.0 m_adv_std=90.7634 m_kl_max=0.0117 m_ratio_max=0.490 w_ax@goal=-0.07 w_v@goal=0.58 return=868.4 length=96 success_rate=1.00 collisions/ep=2.57 (n=21)
update=53 global_step=108544 SPS=649 w_ev=0.997 m_ev=0.704 m_v_bias=8.3 m_adv_std=123.5266 m_kl_max=0.0277 m_ratio_max=0.810 w_ax@goal=-0.05 w_v@goal=0.62 return=857.1 length=93 success_rate=1.00 collisions/ep=2.83 (n=24)
update=54 global_step=110592 SPS=653 w_ev=0.997 m_ev=0.799 m_v_bias=-11.4 m_adv_std=99.8189 m_kl_max=0.0069 m_ratio_max=0.503 w_ax@goal=-0.11 w_v@goal=0.57 return=885.5 length=88 success_rate=1.00 collisions/ep=2.35 (n=23)
update=55 global_step=112640 SPS=658 w_ev=0.996 m_ev=0.877 m_v_bias=-21.1 m_adv_std=75.3335 m_kl_max=0.0131 m_ratio_max=0.985 w_ax@goal=-0.04 w_v@goal=0.60 return=871.4 length=86 success_rate=1.00 collisions/ep=2.67 (n=24)
Evaluation at update 55: return=954.88, length=80.65, success_rate=1.00, collisions/ep=1.10
Solved-check at update 55: solved=False worst_gap=103.39 at p_x0=0.00 p_y0=1.00 (consecutive=0)
update=56 global_step=114688 SPS=642 w_ev=0.997 m_ev=0.810 m_v_bias=16.7 m_adv_std=91.7472 m_kl_max=0.0144 m_ratio_max=1.002 w_ax@goal=+0.01 w_v@goal=0.58 return=896.7 length=89 success_rate=1.00 collisions/ep=2.10 (n=21)
update=57 global_step=116736 SPS=647 w_ev=0.997 m_ev=0.803 m_v_bias=17.8 m_adv_std=93.6016 m_kl_max=0.0154 m_ratio_max=0.862 w_ax@goal=-0.18 w_v@goal=0.55 return=889.1 length=95 success_rate=1.00 collisions/ep=2.18 (n=22)
update=58 global_step=118784 SPS=652 w_ev=0.997 m_ev=0.718 m_v_bias=15.1 m_adv_std=116.2954 m_kl_max=0.0103 m_ratio_max=0.983 w_ax@goal=-0.13 w_v@goal=0.56 return=919.3 length=94 success_rate=1.00 collisions/ep=1.57 (n=23)
update=59 global_step=120832 SPS=656 w_ev=0.996 m_ev=0.761 m_v_bias=2.6 m_adv_std=104.1020 m_kl_max=0.0056 m_ratio_max=0.377 w_ax@goal=-0.13 w_v@goal=0.68 return=858.3 length=98 success_rate=1.00 collisions/ep=2.68 (n=19)
update=60 global_step=122880 SPS=660 w_ev=0.994 m_ev=0.391 m_v_bias=127.2 m_adv_std=201.0513 m_kl_max=0.0080 m_ratio_max=0.522 w_ax@goal=-0.18 w_v@goal=0.67 return=707.7 length=116 success_rate=0.88 collisions/ep=3.00 (n=17)
Evaluation at update 60: return=955.75, length=87.00, success_rate=1.00, collisions/ep=0.95
Solved-check at update 60: solved=False worst_gap=109.94 at p_x0=0.50 p_y0=1.00 (consecutive=0)
update=61 global_step=124928 SPS=643 w_ev=0.996 m_ev=0.720 m_v_bias=-70.7 m_adv_std=120.8734 m_kl_max=0.0143 m_ratio_max=0.555 w_ax@goal=-0.15 w_v@goal=0.72 return=895.4 length=105 success_rate=1.00 collisions/ep=1.80 (n=20)
update=62 global_step=126976 SPS=647 w_ev=0.995 m_ev=0.442 m_v_bias=37.6 m_adv_std=173.1263 m_kl_max=0.0241 m_ratio_max=0.918 w_ax@goal=-0.13 w_v@goal=0.76 return=848.0 length=108 success_rate=0.94 collisions/ep=1.56 (n=18)
update=63 global_step=129024 SPS=652 w_ev=0.995 m_ev=0.209 m_v_bias=124.2 m_adv_std=193.9709 m_kl_max=0.0086 m_ratio_max=0.591 w_ax@goal=-0.12 w_v@goal=0.75 return=482.6 length=149 success_rate=0.64 collisions/ep=1.82 (n=11)
update=64 global_step=131072 SPS=656 w_ev=0.995 m_ev=0.314 m_v_bias=51.6 m_adv_std=210.1035 m_kl_max=0.0121 m_ratio_max=0.851 w_ax@goal=-0.18 w_v@goal=0.79 return=494.4 length=154 success_rate=0.69 collisions/ep=2.50 (n=16)
update=65 global_step=133120 SPS=660 w_ev=0.994 m_ev=0.345 m_v_bias=-15.6 m_adv_std=226.6525 m_kl_max=0.0295 m_ratio_max=1.167 w_ax@goal=-0.12 w_v@goal=0.78 return=667.4 length=127 success_rate=0.87 collisions/ep=3.20 (n=15)
Evaluation at update 65: return=-164.39, length=200.00, success_rate=0.00, collisions/ep=1.00
Solved-check at update 65: solved=False worst_gap=1218.52 at p_x0=0.00 p_y0=1.00 (consecutive=0)
update=66 global_step=135168 SPS=623 w_ev=0.994 m_ev=0.341 m_v_bias=-8.4 m_adv_std=207.1606 m_kl_max=0.0218 m_ratio_max=1.294 w_ax@goal=-0.08 w_v@goal=0.89 return=537.8 length=137 success_rate=0.71 collisions/ep=2.50 (n=14)
update=67 global_step=137216 SPS=627 w_ev=0.994 m_ev=0.397 m_v_bias=14.6 m_adv_std=214.5217 m_kl_max=0.0100 m_ratio_max=0.438 w_ax@goal=-0.12 w_v@goal=0.82 return=547.8 length=155 success_rate=0.80 collisions/ep=3.73 (n=15)
update=68 global_step=139264 SPS=631 w_ev=0.995 m_ev=0.382 m_v_bias=43.5 m_adv_std=223.6197 m_kl_max=0.0136 m_ratio_max=0.620 w_ax@goal=-0.09 w_v@goal=0.87 return=626.9 length=153 success_rate=0.83 collisions/ep=2.83 (n=12)
update=69 global_step=141312 SPS=635 w_ev=0.996 m_ev=0.222 m_v_bias=64.1 m_adv_std=201.5297 m_kl_max=0.0204 m_ratio_max=0.942 w_ax@goal=-0.18 w_v@goal=0.91 return=14.1 length=180 success_rate=0.31 collisions/ep=4.00 (n=13)
update=70 global_step=143360 SPS=638 w_ev=0.991 m_ev=0.233 m_v_bias=30.5 m_adv_std=219.5811 m_kl_max=0.0151 m_ratio_max=0.848 w_ax@goal=-0.12 w_v@goal=0.87 return=284.5 length=166 success_rate=0.60 collisions/ep=4.80 (n=10)
Evaluation at update 70: return=-235.49, length=200.00, success_rate=0.00, collisions/ep=2.40
Solved-check at update 70: solved=False worst_gap=1581.62 at p_x0=1.50 p_y0=0.00 (consecutive=0)
update=71 global_step=145408 SPS=605 w_ev=0.993 m_ev=0.272 m_v_bias=34.0 m_adv_std=188.0405 m_kl_max=0.0191 m_ratio_max=0.542 w_ax@goal=-0.14 w_v@goal=0.94 return=62.9 length=179 success_rate=0.33 collisions/ep=3.58 (n=12)
update=72 global_step=147456 SPS=609 w_ev=0.986 m_ev=0.305 m_v_bias=-35.5 m_adv_std=309.4703 m_kl_max=0.0117 m_ratio_max=0.540 w_ax@goal=-0.13 w_v@goal=1.02 return=482.4 length=151 success_rate=0.85 collisions/ep=6.08 (n=13)
update=73 global_step=149504 SPS=613 w_ev=0.993 m_ev=0.176 m_v_bias=86.6 m_adv_std=210.5353 m_kl_max=0.0109 m_ratio_max=0.452 w_ax@goal=-0.15 w_v@goal=1.01 return=-21.0 length=186 success_rate=0.33 collisions/ep=5.08 (n=12)
update=74 global_step=151552 SPS=616 w_ev=0.993 m_ev=0.403 m_v_bias=-107.2 m_adv_std=246.8618 m_kl_max=0.0100 m_ratio_max=0.606 w_ax@goal=-0.06 w_v@goal=1.03 return=390.0 length=157 success_rate=0.67 collisions/ep=4.13 (n=15)
update=75 global_step=153600 SPS=620 w_ev=0.993 m_ev=0.228 m_v_bias=102.6 m_adv_std=204.8251 m_kl_max=0.0147 m_ratio_max=1.117 w_ax@goal=-0.13 w_v@goal=1.07 return=-211.5 length=170 success_rate=0.27 collisions/ep=8.00 (n=11)
Evaluation at update 75: return=-332.16, length=200.00, success_rate=0.00, collisions/ep=4.35
Solved-check at update 75: solved=False worst_gap=1630.78 at p_x0=1.50 p_y0=0.50 (consecutive=0)
update=76 global_step=155648 SPS=592 w_ev=0.990 m_ev=0.266 m_v_bias=-78.2 m_adv_std=266.4286 m_kl_max=0.0211 m_ratio_max=0.635 w_ax@goal=-0.07 w_v@goal=1.14 return=362.4 length=158 success_rate=0.69 collisions/ep=5.23 (n=13)
update=77 global_step=157696 SPS=595 w_ev=0.991 m_ev=0.470 m_v_bias=-56.5 m_adv_std=234.4800 m_kl_max=0.0301 m_ratio_max=0.794 w_ax@goal=-0.09 w_v@goal=1.10 return=560.0 length=149 success_rate=0.83 collisions/ep=4.25 (n=12)
update=78 global_step=159744 SPS=599 w_ev=0.993 m_ev=0.251 m_v_bias=72.4 m_adv_std=282.7448 m_kl_max=0.0222 m_ratio_max=1.380 w_ax@goal=-0.18 w_v@goal=1.14 return=-91.5 length=177 success_rate=0.42 collisions/ep=8.42 (n=12)
update=79 global_step=161792 SPS=602 w_ev=0.992 m_ev=0.341 m_v_bias=65.4 m_adv_std=215.9443 m_kl_max=0.0125 m_ratio_max=0.685 w_ax@goal=-0.17 w_v@goal=1.13 return=32.3 length=181 success_rate=0.42 collisions/ep=5.83 (n=12)
update=80 global_step=163840 SPS=605 w_ev=0.994 m_ev=0.438 m_v_bias=-5.2 m_adv_std=280.3562 m_kl_max=0.0143 m_ratio_max=0.568 w_ax@goal=-0.12 w_v@goal=1.16 return=156.9 length=164 success_rate=0.67 collisions/ep=8.75 (n=12)
Evaluation at update 80: return=-330.83, length=200.00, success_rate=0.00, collisions/ep=4.35
Solved-check at update 80: solved=False worst_gap=1629.45 at p_x0=1.50 p_y0=-0.50 (consecutive=0)
update=81 global_step=165888 SPS=579 w_ev=0.993 m_ev=0.569 m_v_bias=-100.3 m_adv_std=226.5739 m_kl_max=0.0127 m_ratio_max=0.541 w_ax@goal=-0.10 w_v@goal=1.12 return=187.3 length=155 success_rate=0.73 collisions/ep=9.60 (n=15)
update=82 global_step=167936 SPS=582 w_ev=0.993 m_ev=0.477 m_v_bias=-32.8 m_adv_std=220.4422 m_kl_max=0.0170 m_ratio_max=0.477 w_ax@goal=-0.18 w_v@goal=1.12 return=365.0 length=158 success_rate=0.64 collisions/ep=4.00 (n=11)
update=83 global_step=169984 SPS=585 w_ev=0.992 m_ev=0.562 m_v_bias=-26.1 m_adv_std=200.8688 m_kl_max=0.0141 m_ratio_max=0.740 w_ax@goal=-0.16 w_v@goal=1.07 return=304.8 length=158 success_rate=0.71 collisions/ep=6.86 (n=14)
update=84 global_step=172032 SPS=589 w_ev=0.993 m_ev=0.436 m_v_bias=111.4 m_adv_std=200.6202 m_kl_max=0.0131 m_ratio_max=0.454 w_ax@goal=-0.17 w_v@goal=1.16 return=-231.5 length=182 success_rate=0.30 collisions/ep=8.70 (n=10)
update=85 global_step=174080 SPS=592 w_ev=0.992 m_ev=0.457 m_v_bias=-9.5 m_adv_std=223.3270 m_kl_max=0.0236 m_ratio_max=0.920 w_ax@goal=-0.17 w_v@goal=1.21 return=160.6 length=167 success_rate=0.57 collisions/ep=6.57 (n=14)
Evaluation at update 85: return=-241.10, length=200.00, success_rate=0.00, collisions/ep=2.50
Solved-check at update 85: solved=False worst_gap=1582.23 at p_x0=1.50 p_y0=-1.00 (consecutive=0)
update=86 global_step=176128 SPS=570 w_ev=0.991 m_ev=0.291 m_v_bias=104.1 m_adv_std=424.8079 m_kl_max=0.0124 m_ratio_max=0.549 w_ax@goal=-0.19 w_v@goal=1.20 return=-360.0 length=174 success_rate=0.50 collisions/ep=15.50 (n=10)
update=87 global_step=178176 SPS=573 w_ev=0.992 m_ev=0.382 m_v_bias=-24.5 m_adv_std=226.3849 m_kl_max=0.0271 m_ratio_max=0.718 w_ax@goal=-0.17 w_v@goal=1.20 return=109.0 length=178 success_rate=0.45 collisions/ep=5.09 (n=11)
update=88 global_step=180224 SPS=576 w_ev=0.990 m_ev=0.478 m_v_bias=22.6 m_adv_std=229.8335 m_kl_max=0.0082 m_ratio_max=0.484 w_ax@goal=-0.17 w_v@goal=1.10 return=-31.9 length=174 success_rate=0.46 collisions/ep=8.15 (n=13)
update=89 global_step=182272 SPS=578 w_ev=0.994 m_ev=0.467 m_v_bias=-62.1 m_adv_std=226.9792 m_kl_max=0.0127 m_ratio_max=0.589 w_ax@goal=-0.13 w_v@goal=1.12 return=224.7 length=172 success_rate=0.54 collisions/ep=4.62 (n=13)
update=90 global_step=184320 SPS=581 w_ev=0.995 m_ev=0.434 m_v_bias=97.5 m_adv_std=160.6064 m_kl_max=0.0196 m_ratio_max=0.962 w_ax@goal=-0.15 w_v@goal=1.18 return=-440.8 length=196 success_rate=0.10 collisions/ep=8.60 (n=10)
Evaluation at update 90: return=-338.47, length=200.00, success_rate=0.00, collisions/ep=4.45
Solved-check at update 90: solved=False worst_gap=1582.09 at p_x0=1.50 p_y0=-1.00 (consecutive=0)
update=91 global_step=186368 SPS=561 w_ev=0.994 m_ev=0.086 m_v_bias=85.8 m_adv_std=129.3922 m_kl_max=0.0113 m_ratio_max=0.455 w_ax@goal=-0.14 w_v@goal=1.07 return=-367.9 length=200 success_rate=0.00 collisions/ep=5.00 (n=8)
update=92 global_step=188416 SPS=564 w_ev=0.994 m_ev=0.149 m_v_bias=84.0 m_adv_std=169.4387 m_kl_max=0.0138 m_ratio_max=0.783 w_ax@goal=-0.11 w_v@goal=1.12 return=-363.9 length=196 success_rate=0.08 collisions/ep=6.75 (n=12)
update=93 global_step=190464 SPS=567 w_ev=0.989 m_ev=0.055 m_v_bias=222.5 m_adv_std=551.9797 m_kl_max=0.0255 m_ratio_max=0.743 w_ax@goal=-0.20 w_v@goal=1.24 return=-1320.5 length=200 success_rate=0.00 collisions/ep=24.00 (n=11)
update=94 global_step=192512 SPS=570 w_ev=0.992 m_ev=0.249 m_v_bias=-91.3 m_adv_std=218.2518 m_kl_max=0.0190 m_ratio_max=0.900 w_ax@goal=-0.16 w_v@goal=1.38 return=-30.0 length=194 success_rate=0.22 collisions/ep=2.89 (n=9)
update=95 global_step=194560 SPS=573 w_ev=0.992 m_ev=0.273 m_v_bias=5.4 m_adv_std=210.1554 m_kl_max=0.0158 m_ratio_max=1.206 w_ax@goal=-0.23 w_v@goal=1.43 return=-426.4 length=194 success_rate=0.09 collisions/ep=8.18 (n=11)
Evaluation at update 95: return=-166.61, length=200.00, success_rate=0.00, collisions/ep=1.00
Solved-check at update 95: solved=False worst_gap=1186.73 at p_x0=2.00 p_y0=-1.00 (consecutive=0)
update=96 global_step=196608 SPS=553 w_ev=0.993 m_ev=0.258 m_v_bias=-41.7 m_adv_std=166.3299 m_kl_max=0.0117 m_ratio_max=0.496 w_ax@goal=-0.10 w_v@goal=1.30 return=-345.4 length=196 success_rate=0.09 collisions/ep=6.45 (n=11)
update=97 global_step=198656 SPS=556 w_ev=0.993 m_ev=0.110 m_v_bias=-44.5 m_adv_std=191.8307 m_kl_max=0.0030 m_ratio_max=0.442 w_ax@goal=-0.17 w_v@goal=1.32 return=-135.4 length=191 success_rate=0.20 collisions/ep=4.60 (n=10)
update=98 global_step=200704 SPS=559 w_ev=0.992 m_ev=0.091 m_v_bias=9.1 m_adv_std=208.5048 m_kl_max=0.0042 m_ratio_max=0.331 w_ax@goal=-0.14 w_v@goal=1.28 return=-166.9 length=189 success_rate=0.20 collisions/ep=5.20 (n=10)
update=99 global_step=202752 SPS=562 w_ev=0.994 m_ev=0.201 m_v_bias=46.9 m_adv_std=102.1091 m_kl_max=0.0155 m_ratio_max=0.528 w_ax@goal=-0.12 w_v@goal=1.28 return=-319.9 length=200 success_rate=0.00 collisions/ep=4.00 (n=12)
update=100 global_step=204800 SPS=565 w_ev=0.992 m_ev=-0.197 m_v_bias=12.0 m_adv_std=88.1965 m_kl_max=0.0160 m_ratio_max=0.519 w_ax@goal=-0.17 w_v@goal=1.25 return=-495.2 length=200 success_rate=0.00 collisions/ep=7.56 (n=9)
Evaluation at update 100: return=-166.65, length=200.00, success_rate=0.00, collisions/ep=1.00
Solved-check at update 100: solved=False worst_gap=1186.78 at p_x0=2.00 p_y0=-0.50 (consecutive=0)
update=101 global_step=206848 SPS=546 w_ev=0.993 m_ev=0.075 m_v_bias=-42.3 m_adv_std=187.5287 m_kl_max=0.0087 m_ratio_max=0.411 w_ax@goal=-0.14 w_v@goal=1.25 return=-65.5 length=189 success_rate=0.18 collisions/ep=2.82 (n=11)
update=102 global_step=208896 SPS=549 w_ev=0.994 m_ev=0.116 m_v_bias=7.6 m_adv_std=161.9091 m_kl_max=0.0152 m_ratio_max=0.674 w_ax@goal=-0.09 w_v@goal=1.26 return=-232.3 length=193 success_rate=0.08 collisions/ep=4.08 (n=12)
update=103 global_step=210944 SPS=551 w_ev=0.991 m_ev=0.019 m_v_bias=18.4 m_adv_std=85.1970 m_kl_max=0.0226 m_ratio_max=0.841 w_ax@goal=-0.17 w_v@goal=1.33 return=-397.3 length=200 success_rate=0.00 collisions/ep=5.67 (n=9)
update=104 global_step=212992 SPS=553 w_ev=0.989 m_ev=0.175 m_v_bias=10.9 m_adv_std=143.5186 m_kl_max=0.0059 m_ratio_max=0.385 w_ax@goal=-0.15 w_v@goal=1.37 return=-201.4 length=198 success_rate=0.09 collisions/ep=3.55 (n=11)
update=105 global_step=215040 SPS=556 w_ev=0.994 m_ev=0.361 m_v_bias=11.6 m_adv_std=93.9906 m_kl_max=0.0329 m_ratio_max=0.905 w_ax@goal=-0.08 w_v@goal=1.39 return=-417.2 length=200 success_rate=0.00 collisions/ep=6.00 (n=10)
Evaluation at update 105: return=-169.37, length=200.00, success_rate=0.00, collisions/ep=1.05
Solved-check at update 105: solved=False worst_gap=1186.98 at p_x0=2.00 p_y0=-1.00 (consecutive=0)
update=106 global_step=217088 SPS=539 w_ev=0.994 m_ev=0.172 m_v_bias=5.3 m_adv_std=75.6445 m_kl_max=0.0135 m_ratio_max=0.641 w_ax@goal=-0.19 w_v@goal=1.48 return=-363.0 length=200 success_rate=0.00 collisions/ep=4.91 (n=11)
update=107 global_step=219136 SPS=542 w_ev=0.990 m_ev=0.026 m_v_bias=-61.4 m_adv_std=194.7169 m_kl_max=0.0325 m_ratio_max=0.890 w_ax@goal=-0.16 w_v@goal=1.51 return=23.8 length=185 success_rate=0.22 collisions/ep=1.89 (n=9)
update=108 global_step=221184 SPS=545 w_ev=0.993 m_ev=0.045 m_v_bias=38.4 m_adv_std=73.2174 m_kl_max=0.0204 m_ratio_max=0.640 w_ax@goal=-0.18 w_v@goal=1.57 return=-270.0 length=200 success_rate=0.00 collisions/ep=3.09 (n=11)
update=109 global_step=223232 SPS=547 w_ev=0.992 m_ev=0.070 m_v_bias=-1.3 m_adv_std=100.9355 m_kl_max=0.0044 m_ratio_max=0.480 w_ax@goal=-0.16 w_v@goal=1.57 return=-177.2 length=197 success_rate=0.08 collisions/ep=2.92 (n=12)
update=110 global_step=225280 SPS=550 w_ev=0.992 m_ev=0.115 m_v_bias=-54.4 m_adv_std=190.6871 m_kl_max=0.0065 m_ratio_max=0.462 w_ax@goal=-0.15 w_v@goal=1.63 return=-37.6 length=190 success_rate=0.25 collisions/ep=3.62 (n=8)
Evaluation at update 110: return=-166.56, length=200.00, success_rate=0.00, collisions/ep=1.00
Solved-check at update 110: solved=False worst_gap=1236.68 at p_x0=2.00 p_y0=1.00 (consecutive=0)
update=111 global_step=227328 SPS=534 w_ev=0.991 m_ev=0.126 m_v_bias=-4.3 m_adv_std=164.7040 m_kl_max=0.0281 m_ratio_max=1.489 w_ax@goal=-0.17 w_v@goal=1.65 return=-143.9 length=193 success_rate=0.15 collisions/ep=3.77 (n=13)
update=112 global_step=229376 SPS=537 w_ev=0.985 m_ev=0.165 m_v_bias=-25.0 m_adv_std=216.2270 m_kl_max=0.0277 m_ratio_max=0.704 w_ax@goal=-0.19 w_v@goal=1.67 return=-49.2 length=188 success_rate=0.27 collisions/ep=4.27 (n=11)
update=113 global_step=231424 SPS=539 w_ev=0.991 m_ev=0.082 m_v_bias=-8.8 m_adv_std=148.4649 m_kl_max=0.0184 m_ratio_max=0.614 w_ax@goal=-0.22 w_v@goal=1.67 return=-194.9 length=194 success_rate=0.09 collisions/ep=3.45 (n=11)
update=114 global_step=233472 SPS=542 w_ev=0.992 m_ev=-0.525 m_v_bias=22.8 m_adv_std=63.2587 m_kl_max=0.0196 m_ratio_max=0.518 w_ax@goal=-0.29 w_v@goal=1.74 return=-247.1 length=200 success_rate=0.00 collisions/ep=2.62 (n=8)
update=115 global_step=235520 SPS=544 w_ev=0.991 m_ev=0.133 m_v_bias=-5.9 m_adv_std=137.1861 m_kl_max=0.0128 m_ratio_max=0.392 w_ax@goal=-0.18 w_v@goal=1.70 return=-162.6 length=199 success_rate=0.10 collisions/ep=2.90 (n=10)
Evaluation at update 115: return=-166.45, length=200.00, success_rate=0.00, collisions/ep=1.00
Solved-check at update 115: solved=False worst_gap=1236.53 at p_x0=2.00 p_y0=1.00 (consecutive=0)
update=116 global_step=237568 SPS=530 w_ev=0.992 m_ev=0.060 m_v_bias=-60.3 m_adv_std=203.8472 m_kl_max=0.0163 m_ratio_max=0.678 w_ax@goal=-0.17 w_v@goal=1.67 return=72.8 length=183 success_rate=0.25 collisions/ep=1.58 (n=12)
update=117 global_step=239616 SPS=532 w_ev=0.991 m_ev=0.185 m_v_bias=35.6 m_adv_std=145.5425 m_kl_max=0.0150 m_ratio_max=0.647 w_ax@goal=-0.17 w_v@goal=1.59 return=-146.5 length=200 success_rate=0.09 collisions/ep=2.45 (n=11)
update=118 global_step=241664 SPS=534 w_ev=0.988 m_ev=0.165 m_v_bias=22.8 m_adv_std=133.9674 m_kl_max=0.0168 m_ratio_max=1.259 w_ax@goal=-0.18 w_v@goal=1.63 return=-241.3 length=198 success_rate=0.10 collisions/ep=4.60 (n=10)
update=119 global_step=243712 SPS=536 w_ev=0.992 m_ev=-0.036 m_v_bias=38.5 m_adv_std=74.1209 m_kl_max=0.0086 m_ratio_max=0.392 w_ax@goal=-0.20 w_v@goal=1.68 return=-298.6 length=200 success_rate=0.00 collisions/ep=3.60 (n=10)
update=120 global_step=245760 SPS=538 w_ev=0.991 m_ev=0.225 m_v_bias=15.5 m_adv_std=95.1750 m_kl_max=0.0160 m_ratio_max=0.721 w_ax@goal=-0.23 w_v@goal=1.67 return=-180.5 length=196 success_rate=0.08 collisions/ep=3.00 (n=12)
Evaluation at update 120: return=-142.56, length=200.00, success_rate=0.00, collisions/ep=0.50
Solved-check at update 120: solved=False worst_gap=1236.96 at p_x0=2.00 p_y0=1.00 (consecutive=0)
update=121 global_step=247808 SPS=525 w_ev=0.991 m_ev=0.095 m_v_bias=-12.2 m_adv_std=140.2259 m_kl_max=0.0037 m_ratio_max=0.295 w_ax@goal=-0.34 w_v@goal=1.78 return=-108.1 length=200 success_rate=0.12 collisions/ep=2.38 (n=8)
update=122 global_step=249856 SPS=527 w_ev=0.988 m_ev=0.024 m_v_bias=-79.1 m_adv_std=214.7212 m_kl_max=0.0154 m_ratio_max=0.613 w_ax@goal=-0.33 w_v@goal=1.84 return=59.3 length=179 success_rate=0.27 collisions/ep=2.45 (n=11)
update=123 global_step=251904 SPS=529 w_ev=0.990 m_ev=0.096 m_v_bias=-35.3 m_adv_std=211.3270 m_kl_max=0.0150 m_ratio_max=0.500 w_ax@goal=-0.15 w_v@goal=1.80 return=-3.7 length=184 success_rate=0.21 collisions/ep=2.36 (n=14)
update=124 global_step=253952 SPS=531 w_ev=0.984 m_ev=0.012 m_v_bias=46.1 m_adv_std=241.1523 m_kl_max=0.0096 m_ratio_max=0.417 w_ax@goal=-0.33 w_v@goal=1.74 return=9.6 length=178 success_rate=0.27 collisions/ep=3.45 (n=11)
update=125 global_step=256000 SPS=533 w_ev=0.984 m_ev=-0.002 m_v_bias=-26.9 m_adv_std=250.3514 m_kl_max=0.0242 m_ratio_max=0.898 w_ax@goal=-0.26 w_v@goal=1.81 return=111.8 length=168 success_rate=0.40 collisions/ep=4.20 (n=10)
Evaluation at update 125: return=-174.19, length=200.00, success_rate=0.00, collisions/ep=1.15
Solved-check at update 125: solved=False worst_gap=1236.67 at p_x0=2.00 p_y0=1.00 (consecutive=0)
update=126 global_step=258048 SPS=520 w_ev=0.993 m_ev=0.095 m_v_bias=-14.2 m_adv_std=234.6684 m_kl_max=0.0110 m_ratio_max=0.555 w_ax@goal=-0.23 w_v@goal=1.67 return=-61.4 length=182 success_rate=0.31 collisions/ep=5.46 (n=13)
update=127 global_step=260096 SPS=522 w_ev=0.987 m_ev=0.051 m_v_bias=-33.7 m_adv_std=219.5527 m_kl_max=0.0122 m_ratio_max=0.556 w_ax@goal=-0.28 w_v@goal=1.61 return=161.2 length=170 success_rate=0.33 collisions/ep=1.75 (n=12)
update=128 global_step=262144 SPS=524 w_ev=0.988 m_ev=-0.025 m_v_bias=65.5 m_adv_std=164.3214 m_kl_max=0.0052 m_ratio_max=0.372 w_ax@goal=-0.39 w_v@goal=1.62 return=-266.3 length=198 success_rate=0.11 collisions/ep=5.33 (n=9)
update=129 global_step=264192 SPS=526 w_ev=0.992 m_ev=0.029 m_v_bias=35.1 m_adv_std=182.7817 m_kl_max=0.0139 m_ratio_max=0.723 w_ax@goal=-0.36 w_v@goal=1.69 return=-211.5 length=199 success_rate=0.09 collisions/ep=3.73 (n=11)
update=130 global_step=266240 SPS=528 w_ev=0.993 m_ev=-0.160 m_v_bias=58.5 m_adv_std=65.7575 m_kl_max=0.0122 m_ratio_max=0.715 w_ax@goal=-0.33 w_v@goal=1.66 return=-208.4 length=200 success_rate=0.00 collisions/ep=1.82 (n=11)
Evaluation at update 130: return=-169.63, length=200.00, success_rate=0.00, collisions/ep=1.05
Solved-check at update 130: solved=False worst_gap=1236.24 at p_x0=2.00 p_y0=1.00 (consecutive=0)
update=131 global_step=268288 SPS=516 w_ev=0.990 m_ev=0.055 m_v_bias=-67.7 m_adv_std=222.1266 m_kl_max=0.0135 m_ratio_max=1.104 w_ax@goal=-0.29 w_v@goal=1.69 return=37.5 length=180 success_rate=0.27 collisions/ep=2.82 (n=11)
update=132 global_step=270336 SPS=518 w_ev=0.990 m_ev=0.111 m_v_bias=-12.7 m_adv_std=184.8582 m_kl_max=0.0136 m_ratio_max=1.246 w_ax@goal=-0.32 w_v@goal=1.66 return=37.5 length=194 success_rate=0.30 collisions/ep=3.10 (n=10)
update=133 global_step=272384 SPS=521 w_ev=0.989 m_ev=0.073 m_v_bias=-18.2 m_adv_std=211.6232 m_kl_max=0.0131 m_ratio_max=0.640 w_ax@goal=-0.40 w_v@goal=1.79 return=139.2 length=187 success_rate=0.27 collisions/ep=0.64 (n=11)
update=134 global_step=274432 SPS=523 w_ev=0.993 m_ev=0.046 m_v_bias=25.7 m_adv_std=96.2383 m_kl_max=0.0064 m_ratio_max=0.584 w_ax@goal=-0.22 w_v@goal=1.85 return=-128.1 length=195 success_rate=0.09 collisions/ep=2.18 (n=11)
update=135 global_step=276480 SPS=525 w_ev=0.992 m_ev=0.065 m_v_bias=9.3 m_adv_std=125.3087 m_kl_max=0.0104 m_ratio_max=0.624 w_ax@goal=-0.21 w_v@goal=1.83 return=-58.5 length=194 success_rate=0.10 collisions/ep=1.00 (n=10)
Evaluation at update 135: return=-125.95, length=200.00, success_rate=0.00, collisions/ep=0.15
Solved-check at update 135: solved=False worst_gap=1236.47 at p_x0=2.00 p_y0=1.00 (consecutive=0)
update=136 global_step=278528 SPS=513 w_ev=0.989 m_ev=0.083 m_v_bias=4.9 m_adv_std=194.9792 m_kl_max=0.0130 m_ratio_max=0.610 w_ax@goal=-0.32 w_v@goal=1.89 return=-47.5 length=184 success_rate=0.20 collisions/ep=2.90 (n=10)
update=137 global_step=280576 SPS=515 w_ev=0.991 m_ev=-0.306 m_v_bias=47.5 m_adv_std=74.4917 m_kl_max=0.0138 m_ratio_max=0.617 w_ax@goal=-0.32 w_v@goal=1.90 return=-263.5 length=200 success_rate=0.00 collisions/ep=2.91 (n=11)
update=138 global_step=282624 SPS=516 w_ev=0.989 m_ev=-0.123 m_v_bias=47.3 m_adv_std=128.1198 m_kl_max=0.0132 m_ratio_max=0.547 w_ax@goal=-0.43 w_v@goal=2.11 return=-291.5 length=200 success_rate=0.00 collisions/ep=3.50 (n=12)
update=139 global_step=284672 SPS=518 w_ev=0.976 m_ev=0.015 m_v_bias=-66.3 m_adv_std=231.7970 m_kl_max=0.0134 m_ratio_max=0.553 w_ax@goal=-0.31 w_v@goal=2.16 return=104.8 length=186 success_rate=0.30 collisions/ep=1.90 (n=10)
update=140 global_step=286720 SPS=520 w_ev=0.986 m_ev=0.097 m_v_bias=-80.0 m_adv_std=205.5523 m_kl_max=0.0152 m_ratio_max=0.737 w_ax@goal=-0.30 w_v@goal=2.14 return=105.6 length=188 success_rate=0.30 collisions/ep=1.80 (n=10)
Evaluation at update 140: return=-122.01, length=200.00, success_rate=0.00, collisions/ep=0.05
Solved-check at update 140: solved=False worst_gap=1187.45 at p_x0=2.00 p_y0=0.50 (consecutive=0)
update=141 global_step=288768 SPS=508 w_ev=0.987 m_ev=-0.146 m_v_bias=31.2 m_adv_std=147.6730 m_kl_max=0.0100 m_ratio_max=0.466 w_ax@goal=-0.35 w_v@goal=2.18 return=-112.5 length=190 success_rate=0.09 collisions/ep=2.00 (n=11)
update=142 global_step=290816 SPS=510 w_ev=0.991 m_ev=-0.504 m_v_bias=44.5 m_adv_std=43.8345 m_kl_max=0.0040 m_ratio_max=0.369 w_ax@goal=-0.32 w_v@goal=2.32 return=-223.5 length=200 success_rate=0.00 collisions/ep=2.09 (n=11)
update=143 global_step=292864 SPS=512 w_ev=0.989 m_ev=-0.011 m_v_bias=53.5 m_adv_std=101.0405 m_kl_max=0.0056 m_ratio_max=0.515 w_ax@goal=-0.25 w_v@goal=2.33 return=-199.1 length=200 success_rate=0.00 collisions/ep=1.67 (n=9)
update=144 global_step=294912 SPS=514 w_ev=0.987 m_ev=0.017 m_v_bias=-11.7 m_adv_std=140.9152 m_kl_max=0.0080 m_ratio_max=0.466 w_ax@goal=-0.27 w_v@goal=2.31 return=-152.3 length=193 success_rate=0.09 collisions/ep=2.64 (n=11)
update=145 global_step=296960 SPS=516 w_ev=0.988 m_ev=-0.007 m_v_bias=-15.9 m_adv_std=143.5138 m_kl_max=0.0090 m_ratio_max=0.443 w_ax@goal=-0.24 w_v@goal=2.29 return=-92.7 length=195 success_rate=0.08 collisions/ep=1.25 (n=12)
Evaluation at update 145: return=-118.98, length=200.00, success_rate=0.00, collisions/ep=0.05
Solved-check at update 145: solved=False worst_gap=1135.62 at p_x0=2.00 p_y0=-0.50 (consecutive=0)
update=146 global_step=299008 SPS=505 w_ev=0.982 m_ev=0.054 m_v_bias=-9.6 m_adv_std=139.9572 m_kl_max=0.0172 m_ratio_max=0.577 w_ax@goal=-0.29 w_v@goal=2.32 return=-53.2 length=193 success_rate=0.11 collisions/ep=1.11 (n=9)
update=147 global_step=301056 SPS=507 w_ev=0.989 m_ev=-1.265 m_v_bias=13.0 m_adv_std=35.4698 m_kl_max=0.0107 m_ratio_max=1.066 w_ax@goal=-0.18 w_v@goal=2.38 return=-232.0 length=200 success_rate=0.00 collisions/ep=2.30 (n=10)
update=148 global_step=303104 SPS=509 w_ev=0.990 m_ev=-0.001 m_v_bias=7.4 m_adv_std=149.5072 m_kl_max=0.0109 m_ratio_max=0.491 w_ax@goal=-0.20 w_v@goal=2.34 return=-126.1 length=195 success_rate=0.08 collisions/ep=1.85 (n=13)
update=149 global_step=305152 SPS=510 w_ev=0.990 m_ev=-0.159 m_v_bias=18.1 m_adv_std=53.6740 m_kl_max=0.0086 m_ratio_max=0.577 w_ax@goal=-0.20 w_v@goal=2.41 return=-271.6 length=200 success_rate=0.00 collisions/ep=3.11 (n=9)
update=150 global_step=307200 SPS=512 w_ev=0.984 m_ev=-0.030 m_v_bias=-12.1 m_adv_std=124.3171 m_kl_max=0.0083 m_ratio_max=0.439 w_ax@goal=-0.21 w_v@goal=2.48 return=-62.4 length=187 success_rate=0.11 collisions/ep=1.44 (n=9)
Evaluation at update 150: return=-159.44, length=200.00, success_rate=0.00, collisions/ep=0.80
Solved-check at update 150: solved=False worst_gap=1284.80 at p_x0=1.50 p_y0=-0.50 (consecutive=0)
update=151 global_step=309248 SPS=502 w_ev=0.982 m_ev=-0.008 m_v_bias=-47.5 m_adv_std=212.8597 m_kl_max=0.0102 m_ratio_max=0.677 w_ax@goal=-0.23 w_v@goal=2.39 return=67.0 length=190 success_rate=0.25 collisions/ep=1.58 (n=12)
update=152 global_step=311296 SPS=504 w_ev=0.991 m_ev=-0.457 m_v_bias=20.9 m_adv_std=72.2993 m_kl_max=0.0214 m_ratio_max=0.797 w_ax@goal=-0.27 w_v@goal=2.31 return=-164.1 length=200 success_rate=0.00 collisions/ep=1.00 (n=12)
update=153 global_step=313344 SPS=506 w_ev=0.989 m_ev=-0.019 m_v_bias=31.1 m_adv_std=59.5494 m_kl_max=0.0050 m_ratio_max=0.417 w_ax@goal=-0.25 w_v@goal=2.41 return=-194.9 length=200 success_rate=0.00 collisions/ep=1.62 (n=8)
update=154 global_step=315392 SPS=508 w_ev=0.989 m_ev=-0.024 m_v_bias=7.6 m_adv_std=43.0795 m_kl_max=0.0221 m_ratio_max=0.743 w_ax@goal=-0.25 w_v@goal=2.33 return=-236.8 length=200 success_rate=0.00 collisions/ep=2.40 (n=10)
update=155 global_step=317440 SPS=509 w_ev=0.986 m_ev=0.025 m_v_bias=-17.3 m_adv_std=138.7876 m_kl_max=0.0156 m_ratio_max=0.542 w_ax@goal=-0.28 w_v@goal=2.32 return=-85.6 length=193 success_rate=0.09 collisions/ep=1.36 (n=11)
Evaluation at update 155: return=-122.97, length=200.00, success_rate=0.00, collisions/ep=0.05
Solved-check at update 155: solved=False worst_gap=1139.09 at p_x0=2.00 p_y0=-0.50 (consecutive=0)
update=156 global_step=319488 SPS=500 w_ev=0.980 m_ev=0.052 m_v_bias=-23.1 m_adv_std=179.3238 m_kl_max=0.0237 m_ratio_max=0.693 w_ax@goal=-0.36 w_v@goal=2.26 return=-37.3 length=192 success_rate=0.18 collisions/ep=2.18 (n=11)
update=157 global_step=321536 SPS=502 w_ev=0.986 m_ev=-0.079 m_v_bias=-7.6 m_adv_std=121.7958 m_kl_max=0.0098 m_ratio_max=0.443 w_ax@goal=-0.42 w_v@goal=2.35 return=-172.3 length=198 success_rate=0.09 collisions/ep=2.91 (n=11)
update=158 global_step=323584 SPS=504 w_ev=0.990 m_ev=-0.006 m_v_bias=15.0 m_adv_std=94.6528 m_kl_max=0.0165 m_ratio_max=1.056 w_ax@goal=-0.28 w_v@goal=2.39 return=-31.7 length=192 success_rate=0.10 collisions/ep=0.40 (n=10)
update=159 global_step=325632 SPS=506 w_ev=0.988 m_ev=0.018 m_v_bias=1.9 m_adv_std=115.3534 m_kl_max=0.0123 m_ratio_max=0.831 w_ax@goal=-0.39 w_v@goal=2.34 return=-132.8 length=199 success_rate=0.09 collisions/ep=2.09 (n=11)
update=160 global_step=327680 SPS=507 w_ev=0.993 m_ev=-0.553 m_v_bias=16.9 m_adv_std=26.1846 m_kl_max=0.0108 m_ratio_max=0.469 w_ax@goal=-0.37 w_v@goal=2.34 return=-133.8 length=200 success_rate=0.00 collisions/ep=0.22 (n=9)
Evaluation at update 160: return=-129.17, length=200.00, success_rate=0.00, collisions/ep=0.15
Solved-check at update 160: solved=False worst_gap=1190.03 at p_x0=2.00 p_y0=1.00 (consecutive=0)
update=161 global_step=329728 SPS=499 w_ev=0.990 m_ev=-0.034 m_v_bias=23.1 m_adv_std=33.2004 m_kl_max=0.0179 m_ratio_max=0.746 w_ax@goal=-0.39 w_v@goal=2.40 return=-188.3 length=200 success_rate=0.00 collisions/ep=1.45 (n=11)
update=162 global_step=331776 SPS=500 w_ev=0.991 m_ev=0.003 m_v_bias=32.8 m_adv_std=83.9548 m_kl_max=0.0125 m_ratio_max=0.624 w_ax@goal=-0.42 w_v@goal=2.46 return=-330.3 length=200 success_rate=0.00 collisions/ep=4.20 (n=10)
update=163 global_step=333824 SPS=502 w_ev=0.985 m_ev=0.023 m_v_bias=-25.1 m_adv_std=140.2038 m_kl_max=0.0089 m_ratio_max=0.651 w_ax@goal=-0.42 w_v@goal=2.46 return=-98.3 length=196 success_rate=0.10 collisions/ep=1.70 (n=10)
update=164 global_step=335872 SPS=503 w_ev=0.980 m_ev=0.042 m_v_bias=-70.5 m_adv_std=180.9697 m_kl_max=0.0038 m_ratio_max=0.228 w_ax@goal=-0.28 w_v@goal=2.46 return=-16.1 length=198 success_rate=0.17 collisions/ep=1.42 (n=12)
update=165 global_step=337920 SPS=505 w_ev=0.990 m_ev=-0.814 m_v_bias=25.4 m_adv_std=44.7520 m_kl_max=0.0433 m_ratio_max=2.653 w_ax@goal=-0.34 w_v@goal=2.53 return=-161.8 length=200 success_rate=0.00 collisions/ep=0.89 (n=9)
Evaluation at update 165: return=-126.80, length=200.00, success_rate=0.00, collisions/ep=0.10
Solved-check at update 165: solved=False worst_gap=1190.90 at p_x0=2.00 p_y0=1.00 (consecutive=0)
update=166 global_step=339968 SPS=497 w_ev=0.987 m_ev=0.065 m_v_bias=31.6 m_adv_std=58.1751 m_kl_max=0.0192 m_ratio_max=0.701 w_ax@goal=-0.33 w_v@goal=2.50 return=-223.6 length=200 success_rate=0.00 collisions/ep=2.10 (n=10)
update=167 global_step=342016 SPS=498 w_ev=0.982 m_ev=0.046 m_v_bias=-35.7 m_adv_std=189.8396 m_kl_max=0.0205 m_ratio_max=0.834 w_ax@goal=-0.39 w_v@goal=2.45 return=-57.2 length=189 success_rate=0.17 collisions/ep=2.33 (n=12)
update=168 global_step=344064 SPS=500 w_ev=0.985 m_ev=-0.030 m_v_bias=21.8 m_adv_std=75.3524 m_kl_max=0.0190 m_ratio_max=0.617 w_ax@goal=-0.34 w_v@goal=2.49 return=-240.4 length=200 success_rate=0.00 collisions/ep=2.40 (n=10)
update=169 global_step=346112 SPS=502 w_ev=0.986 m_ev=-0.056 m_v_bias=25.0 m_adv_std=62.5257 m_kl_max=0.0161 m_ratio_max=0.539 w_ax@goal=-0.27 w_v@goal=2.57 return=-233.6 length=200 success_rate=0.00 collisions/ep=2.22 (n=9)
update=170 global_step=348160 SPS=503 w_ev=0.986 m_ev=0.031 m_v_bias=-5.5 m_adv_std=124.7784 m_kl_max=0.0164 m_ratio_max=1.035 w_ax@goal=-0.35 w_v@goal=2.42 return=-157.2 length=200 success_rate=0.09 collisions/ep=2.73 (n=11)
Evaluation at update 170: return=-122.21, length=200.00, success_rate=0.00, collisions/ep=0.00
Solved-check at update 170: solved=False worst_gap=1140.33 at p_x0=2.00 p_y0=-0.50 (consecutive=0)
update=171 global_step=350208 SPS=495 w_ev=0.991 m_ev=-0.097 m_v_bias=19.7 m_adv_std=50.5877 m_kl_max=0.0191 m_ratio_max=0.652 w_ax@goal=-0.44 w_v@goal=2.42 return=-206.3 length=200 success_rate=0.00 collisions/ep=1.73 (n=11)
update=172 global_step=352256 SPS=497 w_ev=0.986 m_ev=0.027 m_v_bias=-24.4 m_adv_std=140.6808 m_kl_max=0.0259 m_ratio_max=1.656 w_ax@goal=-0.48 w_v@goal=2.48 return=-90.8 length=193 success_rate=0.11 collisions/ep=1.89 (n=9)
update=173 global_step=354304 SPS=498 w_ev=0.987 m_ev=0.090 m_v_bias=0.1 m_adv_std=110.0860 m_kl_max=0.0473 m_ratio_max=0.939 w_ax@goal=-0.35 w_v@goal=2.46 return=-123.5 length=197 success_rate=0.10 collisions/ep=2.20 (n=10)
update=174 global_step=356352 SPS=500 w_ev=0.988 m_ev=0.081 m_v_bias=-20.0 m_adv_std=138.4613 m_kl_max=0.0102 m_ratio_max=0.950 w_ax@goal=-0.29 w_v@goal=2.45 return=-124.3 length=196 success_rate=0.08 collisions/ep=1.77 (n=13)
update=175 global_step=358400 SPS=502 w_ev=0.991 m_ev=-0.421 m_v_bias=12.4 m_adv_std=42.8649 m_kl_max=0.0265 m_ratio_max=1.626 w_ax@goal=-0.35 w_v@goal=2.50 return=-179.8 length=200 success_rate=0.00 collisions/ep=1.22 (n=9)
Evaluation at update 175: return=-120.23, length=200.00, success_rate=0.00, collisions/ep=0.00
Solved-check at update 175: solved=False worst_gap=1136.71 at p_x0=2.00 p_y0=-1.00 (consecutive=0)
update=176 global_step=360448 SPS=494 w_ev=0.989 m_ev=0.047 m_v_bias=18.6 m_adv_std=44.7467 m_kl_max=0.0185 m_ratio_max=0.687 w_ax@goal=-0.33 w_v@goal=2.52 return=-225.8 length=200 success_rate=0.00 collisions/ep=2.20 (n=10)
update=177 global_step=362496 SPS=495 w_ev=0.984 m_ev=0.009 m_v_bias=-26.0 m_adv_std=139.2382 m_kl_max=0.0272 m_ratio_max=1.760 w_ax@goal=-0.24 w_v@goal=2.46 return=-117.1 length=193 success_rate=0.09 collisions/ep=1.91 (n=11)
update=178 global_step=364544 SPS=497 w_ev=0.985 m_ev=-0.007 m_v_bias=-17.9 m_adv_std=137.6540 m_kl_max=0.0114 m_ratio_max=0.705 w_ax@goal=-0.24 w_v@goal=2.59 return=-76.8 length=199 success_rate=0.10 collisions/ep=1.20 (n=10)
update=179 global_step=366592 SPS=499 w_ev=0.987 m_ev=0.046 m_v_bias=-15.7 m_adv_std=127.6513 m_kl_max=0.0100 m_ratio_max=0.542 w_ax@goal=-0.29 w_v@goal=2.50 return=-60.2 length=193 success_rate=0.10 collisions/ep=0.90 (n=10)
update=180 global_step=368640 SPS=500 w_ev=0.988 m_ev=-0.212 m_v_bias=26.5 m_adv_std=38.2427 m_kl_max=0.0078 m_ratio_max=0.398 w_ax@goal=-0.24 w_v@goal=2.50 return=-185.8 length=200 success_rate=0.00 collisions/ep=1.40 (n=10)
Evaluation at update 180: return=-119.85, length=200.00, success_rate=0.00, collisions/ep=0.00
Solved-check at update 180: solved=False worst_gap=1136.88 at p_x0=2.00 p_y0=0.00 (consecutive=0)
update=181 global_step=370688 SPS=492 w_ev=0.980 m_ev=0.025 m_v_bias=-20.2 m_adv_std=172.9201 m_kl_max=0.0182 m_ratio_max=0.699 w_ax@goal=-0.21 w_v@goal=2.42 return=-9.4 length=193 success_rate=0.15 collisions/ep=1.08 (n=13)
update=182 global_step=372736 SPS=493 w_ev=0.988 m_ev=-0.056 m_v_bias=34.3 m_adv_std=61.7208 m_kl_max=0.0113 m_ratio_max=0.663 w_ax@goal=-0.26 w_v@goal=2.40 return=-279.2 length=200 success_rate=0.00 collisions/ep=3.22 (n=9)
update=183 global_step=374784 SPS=495 w_ev=0.982 m_ev=0.035 m_v_bias=-39.2 m_adv_std=189.7225 m_kl_max=0.0070 m_ratio_max=0.613 w_ax@goal=-0.23 w_v@goal=2.46 return=3.6 length=193 success_rate=0.20 collisions/ep=1.80 (n=10)
update=184 global_step=376832 SPS=496 w_ev=0.991 m_ev=-0.099 m_v_bias=26.1 m_adv_std=47.4241 m_kl_max=0.0104 m_ratio_max=0.595 w_ax@goal=-0.20 w_v@goal=2.46 return=-226.7 length=200 success_rate=0.00 collisions/ep=2.18 (n=11)
update=185 global_step=378880 SPS=497 w_ev=0.991 m_ev=0.154 m_v_bias=21.9 m_adv_std=53.6152 m_kl_max=0.0109 m_ratio_max=0.580 w_ax@goal=-0.34 w_v@goal=2.50 return=-217.5 length=200 success_rate=0.00 collisions/ep=2.09 (n=11)
Evaluation at update 185: return=-118.09, length=200.00, success_rate=0.00, collisions/ep=0.00
Solved-check at update 185: solved=False worst_gap=1186.02 at p_x0=2.00 p_y0=0.50 (consecutive=0)
update=186 global_step=380928 SPS=490 w_ev=0.984 m_ev=0.080 m_v_bias=5.3 m_adv_std=141.8000 m_kl_max=0.0111 m_ratio_max=0.516 w_ax@goal=-0.30 w_v@goal=2.51 return=-142.0 length=196 success_rate=0.11 collisions/ep=2.78 (n=9)
update=187 global_step=382976 SPS=491 w_ev=0.986 m_ev=0.063 m_v_bias=3.2 m_adv_std=134.1331 m_kl_max=0.0218 m_ratio_max=0.661 w_ax@goal=-0.16 w_v@goal=2.41 return=-126.3 length=196 success_rate=0.09 collisions/ep=2.09 (n=11)
update=188 global_step=385024 SPS=493 w_ev=0.991 m_ev=-0.499 m_v_bias=3.1 m_adv_std=38.0093 m_kl_max=0.0121 m_ratio_max=0.753 w_ax@goal=-0.31 w_v@goal=2.49 return=-243.8 length=200 success_rate=0.00 collisions/ep=2.55 (n=11)
update=189 global_step=387072 SPS=494 w_ev=0.988 m_ev=0.050 m_v_bias=11.2 m_adv_std=38.2926 m_kl_max=0.0084 m_ratio_max=0.426 w_ax@goal=-0.27 w_v@goal=2.46 return=-183.9 length=200 success_rate=0.00 collisions/ep=1.33 (n=9)
update=190 global_step=389120 SPS=496 w_ev=0.986 m_ev=-0.051 m_v_bias=10.9 m_adv_std=68.8885 m_kl_max=0.0370 m_ratio_max=0.789 w_ax@goal=-0.30 w_v@goal=2.50 return=-305.4 length=200 success_rate=0.00 collisions/ep=3.70 (n=10)
Evaluation at update 190: return=-122.79, length=200.00, success_rate=0.00, collisions/ep=0.10
Solved-check at update 190: solved=False worst_gap=1185.39 at p_x0=2.00 p_y0=0.50 (consecutive=0)
update=191 global_step=391168 SPS=488 w_ev=0.991 m_ev=0.027 m_v_bias=32.4 m_adv_std=116.7697 m_kl_max=0.0205 m_ratio_max=1.730 w_ax@goal=-0.27 w_v@goal=2.47 return=-155.6 length=200 success_rate=0.00 collisions/ep=0.70 (n=10)
update=192 global_step=393216 SPS=489 w_ev=0.988 m_ev=0.024 m_v_bias=-26.4 m_adv_std=184.4966 m_kl_max=0.0288 m_ratio_max=0.650 w_ax@goal=-0.35 w_v@goal=2.52 return=-229.3 length=194 success_rate=0.08 collisions/ep=3.92 (n=13)
update=193 global_step=395264 SPS=491 w_ev=0.987 m_ev=0.073 m_v_bias=-30.2 m_adv_std=130.5188 m_kl_max=0.0168 m_ratio_max=0.481 w_ax@goal=-0.33 w_v@goal=2.49 return=-245.0 length=196 success_rate=0.11 collisions/ep=4.78 (n=9)
update=194 global_step=397312 SPS=492 w_ev=0.981 m_ev=0.031 m_v_bias=-86.9 m_adv_std=227.6117 m_kl_max=0.0081 m_ratio_max=0.458 w_ax@goal=-0.23 w_v@goal=2.37 return=168.8 length=186 success_rate=0.33 collisions/ep=1.25 (n=12)
update=195 global_step=399360 SPS=493 w_ev=0.989 m_ev=-0.106 m_v_bias=52.9 m_adv_std=97.1034 m_kl_max=0.0095 m_ratio_max=0.620 w_ax@goal=-0.31 w_v@goal=2.28 return=-307.1 length=200 success_rate=0.00 collisions/ep=3.78 (n=9)
Evaluation at update 195: return=-115.29, length=200.00, success_rate=0.00, collisions/ep=0.00
Solved-check at update 195: solved=False worst_gap=1135.51 at p_x0=2.00 p_y0=0.50 (consecutive=0)
update=196 global_step=401408 SPS=487 w_ev=0.985 m_ev=-0.079 m_v_bias=38.6 m_adv_std=46.6313 m_kl_max=0.0087 m_ratio_max=0.637 w_ax@goal=-0.24 w_v@goal=2.21 return=-162.9 length=200 success_rate=0.00 collisions/ep=0.90 (n=10)
update=197 global_step=403456 SPS=488 w_ev=0.982 m_ev=0.029 m_v_bias=-48.2 m_adv_std=178.3886 m_kl_max=0.0112 m_ratio_max=0.834 w_ax@goal=-0.33 w_v@goal=2.29 return=-0.9 length=189 success_rate=0.20 collisions/ep=2.00 (n=10)
update=198 global_step=405504 SPS=489 w_ev=0.988 m_ev=0.028 m_v_bias=-20.4 m_adv_std=160.7339 m_kl_max=0.0046 m_ratio_max=0.345 w_ax@goal=-0.22 w_v@goal=2.24 return=-24.6 length=192 success_rate=0.17 collisions/ep=1.67 (n=12)
update=199 global_step=407552 SPS=491 w_ev=0.988 m_ev=0.160 m_v_bias=36.3 m_adv_std=117.1816 m_kl_max=0.0070 m_ratio_max=0.454 w_ax@goal=-0.23 w_v@goal=2.24 return=-100.1 length=197 success_rate=0.10 collisions/ep=1.70 (n=10)
update=200 global_step=409600 SPS=492 w_ev=0.992 m_ev=0.046 m_v_bias=25.1 m_adv_std=64.1332 m_kl_max=0.0158 m_ratio_max=0.709 w_ax@goal=-0.23 w_v@goal=2.20 return=-294.6 length=200 success_rate=0.00 collisions/ep=3.60 (n=10)
Evaluation at update 200: return=-117.23, length=200.00, success_rate=0.00, collisions/ep=0.00
Solved-check at update 200: solved=False worst_gap=1135.61 at p_x0=2.00 p_y0=1.00 (consecutive=0)
update=201 global_step=411648 SPS=485 w_ev=0.990 m_ev=0.171 m_v_bias=29.3 m_adv_std=58.8097 m_kl_max=0.0123 m_ratio_max=0.497 w_ax@goal=-0.30 w_v@goal=2.22 return=-202.0 length=200 success_rate=0.00 collisions/ep=1.73 (n=11)
update=202 global_step=413696 SPS=487 w_ev=0.993 m_ev=-0.066 m_v_bias=12.7 m_adv_std=57.3989 m_kl_max=0.0243 m_ratio_max=1.407 w_ax@goal=-0.39 w_v@goal=2.25 return=-247.7 length=200 success_rate=0.00 collisions/ep=2.64 (n=11)
update=203 global_step=415744 SPS=488 w_ev=0.990 m_ev=-0.018 m_v_bias=-30.1 m_adv_std=144.1311 m_kl_max=0.0131 m_ratio_max=0.559 w_ax@goal=-0.28 w_v@goal=2.24 return=-104.5 length=188 success_rate=0.10 collisions/ep=2.00 (n=10)
update=204 global_step=417792 SPS=489 w_ev=0.987 m_ev=-0.010 m_v_bias=-65.1 m_adv_std=237.2664 m_kl_max=0.0079 m_ratio_max=0.531 w_ax@goal=-0.28 w_v@goal=2.19 return=130.9 length=187 success_rate=0.27 collisions/ep=0.82 (n=11)
update=205 global_step=419840 SPS=491 w_ev=0.991 m_ev=-0.777 m_v_bias=35.1 m_adv_std=57.6445 m_kl_max=0.0088 m_ratio_max=0.851 w_ax@goal=-0.29 w_v@goal=2.14 return=-224.9 length=200 success_rate=0.00 collisions/ep=2.20 (n=10)
Evaluation at update 205: return=-117.98, length=200.00, success_rate=0.00, collisions/ep=0.00
Solved-check at update 205: solved=False worst_gap=1136.03 at p_x0=2.00 p_y0=1.00 (consecutive=0)
update=206 global_step=421888 SPS=484 w_ev=0.992 m_ev=0.110 m_v_bias=36.5 m_adv_std=53.1107 m_kl_max=0.0101 m_ratio_max=0.492 w_ax@goal=-0.37 w_v@goal=2.14 return=-202.6 length=200 success_rate=0.00 collisions/ep=1.67 (n=9)
update=207 global_step=423936 SPS=485 w_ev=0.991 m_ev=-0.301 m_v_bias=17.0 m_adv_std=62.5264 m_kl_max=0.0126 m_ratio_max=0.757 w_ax@goal=-0.42 w_v@goal=2.20 return=-231.3 length=200 success_rate=0.00 collisions/ep=2.23 (n=13)
update=208 global_step=425984 SPS=487 w_ev=0.994 m_ev=-0.035 m_v_bias=10.7 m_adv_std=31.6346 m_kl_max=0.0129 m_ratio_max=1.274 w_ax@goal=-0.34 w_v@goal=2.23 return=-189.4 length=200 success_rate=0.00 collisions/ep=1.44 (n=9)
update=209 global_step=428032 SPS=488 w_ev=0.990 m_ev=0.026 m_v_bias=8.6 m_adv_std=36.8992 m_kl_max=0.0100 m_ratio_max=0.634 w_ax@goal=-0.37 w_v@goal=2.14 return=-197.9 length=200 success_rate=0.00 collisions/ep=1.67 (n=9)
update=210 global_step=430080 SPS=489 w_ev=0.990 m_ev=-0.048 m_v_bias=6.0 m_adv_std=38.8847 m_kl_max=0.0079 m_ratio_max=0.535 w_ax@goal=-0.26 w_v@goal=2.18 return=-166.9 length=200 success_rate=0.00 collisions/ep=0.90 (n=10)
Evaluation at update 210: return=-116.44, length=200.00, success_rate=0.00, collisions/ep=0.00
Solved-check at update 210: solved=False worst_gap=1135.60 at p_x0=2.00 p_y0=-1.00 (consecutive=0)
update=211 global_step=432128 SPS=483 w_ev=0.994 m_ev=0.104 m_v_bias=-3.7 m_adv_std=15.7571 m_kl_max=0.0213 m_ratio_max=0.893 w_ax@goal=-0.33 w_v@goal=2.17 return=-174.8 length=200 success_rate=0.00 collisions/ep=1.08 (n=12)
update=212 global_step=434176 SPS=484 w_ev=0.990 m_ev=-0.115 m_v_bias=16.4 m_adv_std=51.5821 m_kl_max=0.0101 m_ratio_max=0.612 w_ax@goal=-0.34 w_v@goal=2.14 return=-194.9 length=200 success_rate=0.00 collisions/ep=1.50 (n=10)
update=213 global_step=436224 SPS=486 w_ev=0.991 m_ev=-0.024 m_v_bias=-2.4 m_adv_std=41.3135 m_kl_max=0.0057 m_ratio_max=0.433 w_ax@goal=-0.34 w_v@goal=2.12 return=-201.4 length=200 success_rate=0.00 collisions/ep=1.67 (n=9)
update=214 global_step=438272 SPS=487 w_ev=0.989 m_ev=-0.066 m_v_bias=-5.1 m_adv_std=27.4594 m_kl_max=0.0226 m_ratio_max=1.552 w_ax@goal=-0.21 w_v@goal=2.13 return=-187.7 length=200 success_rate=0.00 collisions/ep=1.45 (n=11)
update=215 global_step=440320 SPS=488 w_ev=0.993 m_ev=0.280 m_v_bias=-2.1 m_adv_std=14.5331 m_kl_max=0.0167 m_ratio_max=0.712 w_ax@goal=-0.38 w_v@goal=2.12 return=-167.5 length=200 success_rate=0.00 collisions/ep=1.00 (n=11)
Evaluation at update 215: return=-116.25, length=200.00, success_rate=0.00, collisions/ep=0.00
Solved-check at update 215: solved=False worst_gap=1136.09 at p_x0=2.00 p_y0=-1.00 (consecutive=0)
update=216 global_step=442368 SPS=481 w_ev=0.992 m_ev=-0.033 m_v_bias=14.0 m_adv_std=57.0144 m_kl_max=0.0158 m_ratio_max=0.678 w_ax@goal=-0.46 w_v@goal=2.18 return=-185.5 length=200 success_rate=0.00 collisions/ep=1.33 (n=9)
update=217 global_step=444416 SPS=482 w_ev=0.991 m_ev=0.016 m_v_bias=5.0 m_adv_std=62.8665 m_kl_max=0.0220 m_ratio_max=0.736 w_ax@goal=-0.25 w_v@goal=2.17 return=-184.4 length=200 success_rate=0.00 collisions/ep=1.33 (n=9)
update=218 global_step=446464 SPS=483 w_ev=0.992 m_ev=0.003 m_v_bias=-44.9 m_adv_std=138.0558 m_kl_max=0.0026 m_ratio_max=0.369 w_ax@goal=-0.25 w_v@goal=2.01 return=-106.8 length=198 success_rate=0.08 collisions/ep=1.38 (n=13)
update=219 global_step=448512 SPS=484 w_ev=0.981 m_ev=0.023 m_v_bias=-166.4 m_adv_std=282.3449 m_kl_max=0.0092 m_ratio_max=0.494 w_ax@goal=-0.40 w_v@goal=2.04 return=434.7 length=166 success_rate=0.55 collisions/ep=0.64 (n=11)
update=220 global_step=450560 SPS=486 w_ev=0.988 m_ev=0.024 m_v_bias=2.2 m_adv_std=157.9142 m_kl_max=0.0168 m_ratio_max=0.770 w_ax@goal=-0.25 w_v@goal=1.93 return=68.8 length=194 success_rate=0.22 collisions/ep=0.89 (n=9)
Evaluation at update 220: return=-115.87, length=200.00, success_rate=0.00, collisions/ep=0.00
Solved-check at update 220: solved=False worst_gap=1136.44 at p_x0=2.00 p_y0=1.00 (consecutive=0)
update=221 global_step=452608 SPS=480 w_ev=0.990 m_ev=0.006 m_v_bias=22.4 m_adv_std=160.1546 m_kl_max=0.0176 m_ratio_max=0.873 w_ax@goal=-0.32 w_v@goal=1.95 return=-17.5 length=188 success_rate=0.13 collisions/ep=0.93 (n=15)
update=222 global_step=454656 SPS=481 w_ev=0.995 m_ev=-0.361 m_v_bias=56.3 m_adv_std=41.1024 m_kl_max=0.0154 m_ratio_max=0.825 w_ax@goal=-0.42 w_v@goal=1.99 return=-157.1 length=200 success_rate=0.00 collisions/ep=0.78 (n=9)
update=223 global_step=456704 SPS=482 w_ev=0.994 m_ev=-0.032 m_v_bias=55.2 m_adv_std=52.1748 m_kl_max=0.0124 m_ratio_max=0.920 w_ax@goal=-0.30 w_v@goal=2.02 return=-160.7 length=200 success_rate=0.00 collisions/ep=0.89 (n=9)
update=224 global_step=458752 SPS=483 w_ev=0.994 m_ev=0.010 m_v_bias=36.5 m_adv_std=43.6147 m_kl_max=0.0081 m_ratio_max=0.496 w_ax@goal=-0.28 w_v@goal=1.91 return=-215.1 length=200 success_rate=0.00 collisions/ep=2.00 (n=10)
update=225 global_step=460800 SPS=485 w_ev=0.994 m_ev=0.081 m_v_bias=22.5 m_adv_std=55.5212 m_kl_max=0.0281 m_ratio_max=0.922 w_ax@goal=-0.25 w_v@goal=1.87 return=-247.4 length=200 success_rate=0.00 collisions/ep=2.58 (n=12)
Evaluation at update 225: return=-115.23, length=200.00, success_rate=0.00, collisions/ep=0.00
Solved-check at update 225: solved=False worst_gap=1135.36 at p_x0=2.00 p_y0=-1.00 (consecutive=0)
update=226 global_step=462848 SPS=479 w_ev=0.993 m_ev=0.041 m_v_bias=-16.8 m_adv_std=146.0004 m_kl_max=0.0090 m_ratio_max=0.701 w_ax@goal=-0.19 w_v@goal=1.86 return=-120.1 length=194 success_rate=0.11 collisions/ep=2.44 (n=9)
update=227 global_step=464896 SPS=480 w_ev=0.994 m_ev=-0.029 m_v_bias=-26.7 m_adv_std=139.4456 m_kl_max=0.0037 m_ratio_max=0.381 w_ax@goal=-0.17 w_v@goal=1.80 return=-84.7 length=192 success_rate=0.09 collisions/ep=1.36 (n=11)
update=228 global_step=466944 SPS=481 w_ev=0.994 m_ev=-0.782 m_v_bias=20.9 m_adv_std=30.1701 m_kl_max=0.0101 m_ratio_max=0.585 w_ax@goal=-0.29 w_v@goal=1.77 return=-160.9 length=200 success_rate=0.00 collisions/ep=0.80 (n=10)
update=229 global_step=468992 SPS=482 w_ev=0.995 m_ev=-0.041 m_v_bias=19.0 m_adv_std=25.3919 m_kl_max=0.0217 m_ratio_max=0.811 w_ax@goal=-0.28 w_v@goal=1.81 return=-131.4 length=200 success_rate=0.00 collisions/ep=0.27 (n=11)
update=230 global_step=471040 SPS=484 w_ev=0.994 m_ev=0.004 m_v_bias=8.9 m_adv_std=22.5630 m_kl_max=0.0064 m_ratio_max=0.464 w_ax@goal=-0.22 w_v@goal=1.76 return=-187.4 length=200 success_rate=0.00 collisions/ep=1.40 (n=10)
Evaluation at update 230: return=-114.85, length=200.00, success_rate=0.00, collisions/ep=0.00
Solved-check at update 230: solved=False worst_gap=1135.44 at p_x0=2.00 p_y0=-1.00 (consecutive=0)
update=231 global_step=473088 SPS=478 w_ev=0.991 m_ev=-0.011 m_v_bias=-41.4 m_adv_std=193.0429 m_kl_max=0.0150 m_ratio_max=0.518 w_ax@goal=-0.30 w_v@goal=1.75 return=51.0 length=194 success_rate=0.20 collisions/ep=0.80 (n=10)
update=232 global_step=475136 SPS=479 w_ev=0.992 m_ev=0.067 m_v_bias=-32.7 m_adv_std=172.9254 m_kl_max=0.0181 m_ratio_max=0.638 w_ax@goal=-0.39 w_v@goal=1.78 return=-25.5 length=195 success_rate=0.17 collisions/ep=1.67 (n=12)
update=233 global_step=477184 SPS=480 w_ev=0.991 m_ev=0.020 m_v_bias=3.2 m_adv_std=132.9164 m_kl_max=0.0119 m_ratio_max=0.616 w_ax@goal=-0.38 w_v@goal=1.81 return=-11.5 length=192 success_rate=0.12 collisions/ep=0.62 (n=8)
update=234 global_step=479232 SPS=481 w_ev=0.993 m_ev=0.011 m_v_bias=28.9 m_adv_std=88.5052 m_kl_max=0.0225 m_ratio_max=0.632 w_ax@goal=-0.37 w_v@goal=1.81 return=-68.1 length=195 success_rate=0.08 collisions/ep=0.62 (n=13)
update=235 global_step=481280 SPS=483 w_ev=0.991 m_ev=0.009 m_v_bias=-2.6 m_adv_std=138.3708 m_kl_max=0.0208 m_ratio_max=0.567 w_ax@goal=-0.29 w_v@goal=1.90 return=-27.0 length=190 success_rate=0.11 collisions/ep=0.67 (n=9)
Evaluation at update 235: return=-115.92, length=200.00, success_rate=0.00, collisions/ep=0.00
Solved-check at update 235: solved=False worst_gap=1135.06 at p_x0=2.00 p_y0=0.50 (consecutive=0)
update=236 global_step=483328 SPS=477 w_ev=0.989 m_ev=-0.032 m_v_bias=43.7 m_adv_std=57.0626 m_kl_max=0.0225 m_ratio_max=0.988 w_ax@goal=-0.42 w_v@goal=2.00 return=-172.9 length=200 success_rate=0.00 collisions/ep=1.09 (n=11)
update=237 global_step=485376 SPS=479 w_ev=0.992 m_ev=-1.448 m_v_bias=5.0 m_adv_std=22.7285 m_kl_max=0.0184 m_ratio_max=0.934 w_ax@goal=-0.30 w_v@goal=2.06 return=-243.2 length=200 success_rate=0.00 collisions/ep=2.50 (n=10)
update=238 global_step=487424 SPS=480 w_ev=0.994 m_ev=0.149 m_v_bias=13.2 m_adv_std=29.1015 m_kl_max=0.0120 m_ratio_max=0.588 w_ax@goal=-0.30 w_v@goal=2.07 return=-168.6 length=200 success_rate=0.00 collisions/ep=1.00 (n=10)
update=239 global_step=489472 SPS=481 w_ev=0.990 m_ev=-0.012 m_v_bias=-24.8 m_adv_std=149.4928 m_kl_max=0.0137 m_ratio_max=0.763 w_ax@goal=-0.25 w_v@goal=2.01 return=-81.2 length=198 success_rate=0.09 collisions/ep=1.18 (n=11)
update=240 global_step=491520 SPS=482 w_ev=0.984 m_ev=0.043 m_v_bias=-61.2 m_adv_std=185.7431 m_kl_max=0.0081 m_ratio_max=0.461 w_ax@goal=-0.36 w_v@goal=2.02 return=42.7 length=191 success_rate=0.20 collisions/ep=1.00 (n=10)
Evaluation at update 240: return=-116.98, length=200.00, success_rate=0.00, collisions/ep=0.00
Solved-check at update 240: solved=False worst_gap=1135.19 at p_x0=2.00 p_y0=-1.00 (consecutive=0)
update=241 global_step=493568 SPS=477 w_ev=0.987 m_ev=-0.309 m_v_bias=32.9 m_adv_std=65.4470 m_kl_max=0.0200 m_ratio_max=0.731 w_ax@goal=-0.36 w_v@goal=2.05 return=-153.4 length=200 success_rate=0.00 collisions/ep=0.73 (n=11)
update=242 global_step=495616 SPS=478 w_ev=0.991 m_ev=-0.463 m_v_bias=22.0 m_adv_std=27.9859 m_kl_max=0.0148 m_ratio_max=0.789 w_ax@goal=-0.38 w_v@goal=2.00 return=-162.7 length=200 success_rate=0.00 collisions/ep=0.90 (n=10)
update=243 global_step=497664 SPS=479 w_ev=0.994 m_ev=0.012 m_v_bias=27.2 m_adv_std=31.5455 m_kl_max=0.0168 m_ratio_max=0.545 w_ax@goal=-0.37 w_v@goal=2.04 return=-175.6 length=200 success_rate=0.00 collisions/ep=1.18 (n=11)
update=244 global_step=499712 SPS=480 w_ev=0.991 m_ev=0.004 m_v_bias=-19.1 m_adv_std=147.8262 m_kl_max=0.0181 m_ratio_max=0.746 w_ax@goal=-0.45 w_v@goal=2.06 return=-114.4 length=198 success_rate=0.10 collisions/ep=2.00 (n=10)
Saved checkpoints to C:\Users\loren\Desktop\MASTER THESIS\5_CODE\scenarios\slalom\studies\extrinsic_sweep\coef_0\runs\hppo_slalom_7_1790268016
