Using device: cpu
Solved-check: precomputed optimal returns for 25 fixed initial conditions (mean=1013.0, min=1011.0, max=1015.0); solved-tolerance=5.0
num_envs=8 num_steps_per_env=256 worker_batch_size=2048 worker_minibatch_size=256 num_updates=244 timesteps=499712 (requested 500000; 288 dropped by integer division)
update=1 global_step=2048 SPS=1084 w_ev=-0.163 m_ev=-0.000 m_v_bias=57.9 m_adv_std=254.3682 m_kl_max=0.0013 m_ratio_max=0.205 w_ax@goal=-0.09 w_v@goal=-0.07 return=-203.1 length=176 success_rate=0.38 collisions/ep=8.88 (n=8)
update=2 global_step=4096 SPS=1113 w_ev=0.065 m_ev=0.365 m_v_bias=-19.1 m_adv_std=230.4495 m_kl_max=0.0013 m_ratio_max=0.161 w_ax@goal=+0.02 w_v@goal=0.09 return=-187.4 length=180 success_rate=0.36 collisions/ep=8.45 (n=11)
update=3 global_step=6144 SPS=1110 w_ev=0.089 m_ev=0.607 m_v_bias=90.4 m_adv_std=189.4811 m_kl_max=0.0046 m_ratio_max=0.295 w_ax@goal=+0.06 w_v@goal=0.04 return=-417.5 length=185 success_rate=0.30 collisions/ep=11.80 (n=10)
update=4 global_step=8192 SPS=1111 w_ev=0.083 m_ev=0.420 m_v_bias=97.0 m_adv_std=288.7366 m_kl_max=0.0073 m_ratio_max=0.472 w_ax@goal=-0.19 w_v@goal=0.18 return=-877.3 length=190 success_rate=0.23 collisions/ep=19.62 (n=13)
update=5 global_step=10240 SPS=1099 w_ev=0.111 m_ev=0.468 m_v_bias=5.9 m_adv_std=252.1166 m_kl_max=0.0127 m_ratio_max=0.562 w_ax@goal=-0.13 w_v@goal=0.19 return=-506.1 length=193 success_rate=0.33 collisions/ep=13.78 (n=9)
Evaluation at update 5: return=-1956.81, length=200.00, success_rate=0.00, collisions/ep=36.00
Solved-check at update 5: solved=False worst_gap=7437.69 at p_x0=0.00 p_y0=1.00 (consecutive=0)
update=6 global_step=12288 SPS=495 w_ev=0.140 m_ev=0.319 m_v_bias=44.3 m_adv_std=283.0049 m_kl_max=0.0368 m_ratio_max=2.111 w_ax@goal=+0.24 w_v@goal=0.19 return=-717.9 length=192 success_rate=0.20 collisions/ep=15.40 (n=10)
update=7 global_step=14336 SPS=536 w_ev=0.181 m_ev=0.335 m_v_bias=-5.7 m_adv_std=235.3200 m_kl_max=0.0218 m_ratio_max=0.836 w_ax@goal=+0.08 w_v@goal=0.32 return=-961.8 length=198 success_rate=0.08 collisions/ep=17.58 (n=12)
update=8 global_step=16384 SPS=573 w_ev=0.226 m_ev=0.400 m_v_bias=-55.8 m_adv_std=208.1987 m_kl_max=0.0240 m_ratio_max=0.753 w_ax@goal=-0.02 w_v@goal=0.58 return=-507.6 length=187 success_rate=0.22 collisions/ep=12.00 (n=9)
update=9 global_step=18432 SPS=607 w_ev=0.150 m_ev=0.374 m_v_bias=-5.4 m_adv_std=182.5366 m_kl_max=0.0202 m_ratio_max=0.650 w_ax@goal=-0.21 w_v@goal=0.74 return=-455.8 length=191 success_rate=0.17 collisions/ep=10.00 (n=12)
update=10 global_step=20480 SPS=636 w_ev=0.339 m_ev=0.474 m_v_bias=-181.2 m_adv_std=279.4088 m_kl_max=0.0215 m_ratio_max=0.669 w_ax@goal=-0.08 w_v@goal=0.86 return=309.1 length=159 success_rate=0.77 collisions/ep=7.62 (n=13)
Evaluation at update 10: return=340.90, length=104.10, success_rate=1.00, collisions/ep=12.90
Solved-check at update 10: solved=False worst_gap=1035.92 at p_x0=2.00 p_y0=-0.50 (consecutive=0)
update=11 global_step=22528 SPS=544 w_ev=0.423 m_ev=0.679 m_v_bias=-66.3 m_adv_std=176.0858 m_kl_max=0.0162 m_ratio_max=0.637 w_ax@goal=-0.18 w_v@goal=0.82 return=49.0 length=167 success_rate=0.50 collisions/ep=6.90 (n=10)
update=12 global_step=24576 SPS=565 w_ev=0.639 m_ev=0.814 m_v_bias=-110.6 m_adv_std=137.0415 m_kl_max=0.0397 m_ratio_max=0.786 w_ax@goal=+0.14 w_v@goal=0.54 return=187.2 length=158 success_rate=0.59 collisions/ep=6.41 (n=17)
update=13 global_step=26624 SPS=586 w_ev=0.700 m_ev=0.658 m_v_bias=-46.6 m_adv_std=183.9393 m_kl_max=0.0318 m_ratio_max=0.986 w_ax@goal=+0.25 w_v@goal=0.64 return=390.6 length=142 success_rate=0.79 collisions/ep=6.79 (n=14)
update=14 global_step=28672 SPS=606 w_ev=0.830 m_ev=0.668 m_v_bias=-15.9 m_adv_std=158.7429 m_kl_max=0.0287 m_ratio_max=0.715 w_ax@goal=+0.26 w_v@goal=0.71 return=717.2 length=116 success_rate=0.94 collisions/ep=4.11 (n=18)
update=15 global_step=30720 SPS=623 w_ev=0.883 m_ev=0.796 m_v_bias=-3.3 m_adv_std=129.5512 m_kl_max=0.0298 m_ratio_max=0.672 w_ax@goal=+0.21 w_v@goal=0.62 return=661.9 length=116 success_rate=1.00 collisions/ep=6.24 (n=17)
Evaluation at update 15: return=617.81, length=79.95, success_rate=1.00, collisions/ep=7.85
Solved-check at update 15: solved=False worst_gap=453.92 at p_x0=0.50 p_y0=-1.00 (consecutive=0)
update=16 global_step=32768 SPS=568 w_ev=0.914 m_ev=0.871 m_v_bias=-44.4 m_adv_std=93.5192 m_kl_max=0.0161 m_ratio_max=0.919 w_ax@goal=+0.71 w_v@goal=0.60 return=756.9 length=101 success_rate=1.00 collisions/ep=4.73 (n=22)
update=17 global_step=34816 SPS=585 w_ev=0.946 m_ev=0.846 m_v_bias=4.5 m_adv_std=99.6364 m_kl_max=0.0209 m_ratio_max=0.500 w_ax@goal=+0.43 w_v@goal=0.59 return=730.2 length=93 success_rate=1.00 collisions/ep=5.36 (n=22)
update=18 global_step=36864 SPS=600 w_ev=0.950 m_ev=0.828 m_v_bias=-6.4 m_adv_std=105.1908 m_kl_max=0.0090 m_ratio_max=0.354 w_ax@goal=+0.57 w_v@goal=0.55 return=771.2 length=92 success_rate=1.00 collisions/ep=4.57 (n=23)
update=19 global_step=38912 SPS=614 w_ev=0.969 m_ev=0.851 m_v_bias=-0.7 m_adv_std=99.8500 m_kl_max=0.0205 m_ratio_max=0.787 w_ax@goal=+0.61 w_v@goal=0.52 return=750.1 length=88 success_rate=1.00 collisions/ep=5.13 (n=23)
update=20 global_step=40960 SPS=627 w_ev=0.974 m_ev=0.874 m_v_bias=-33.0 m_adv_std=85.7381 m_kl_max=0.0117 m_ratio_max=0.545 w_ax@goal=+0.79 w_v@goal=0.55 return=808.1 length=87 success_rate=1.00 collisions/ep=3.92 (n=24)
Evaluation at update 20: return=924.10, length=78.50, success_rate=1.00, collisions/ep=1.75
Solved-check at update 20: solved=False worst_gap=450.84 at p_x0=2.00 p_y0=-1.00 (consecutive=0)
update=21 global_step=43008 SPS=590 w_ev=0.978 m_ev=0.866 m_v_bias=-19.6 m_adv_std=83.2910 m_kl_max=0.0118 m_ratio_max=0.596 w_ax@goal=+0.68 w_v@goal=0.61 return=857.3 length=83 success_rate=1.00 collisions/ep=3.00 (n=23)
update=22 global_step=45056 SPS=600 w_ev=0.982 m_ev=0.826 m_v_bias=5.2 m_adv_std=96.3707 m_kl_max=0.0077 m_ratio_max=0.464 w_ax@goal=+0.80 w_v@goal=0.60 return=801.1 length=86 success_rate=1.00 collisions/ep=4.12 (n=24)
update=23 global_step=47104 SPS=611 w_ev=0.981 m_ev=0.886 m_v_bias=2.8 m_adv_std=75.9017 m_kl_max=0.0081 m_ratio_max=0.381 w_ax@goal=+0.90 w_v@goal=0.55 return=865.3 length=83 success_rate=1.00 collisions/ep=2.84 (n=25)
update=24 global_step=49152 SPS=623 w_ev=0.986 m_ev=0.812 m_v_bias=43.5 m_adv_std=104.9768 m_kl_max=0.0120 m_ratio_max=0.469 w_ax@goal=+0.56 w_v@goal=0.47 return=769.9 length=84 success_rate=1.00 collisions/ep=4.76 (n=25)
update=25 global_step=51200 SPS=633 w_ev=0.988 m_ev=0.864 m_v_bias=-13.1 m_adv_std=88.1584 m_kl_max=0.0096 m_ratio_max=0.577 w_ax@goal=+0.78 w_v@goal=0.51 return=822.4 length=85 success_rate=1.00 collisions/ep=3.68 (n=25)
Evaluation at update 25: return=961.96, length=78.20, success_rate=1.00, collisions/ep=1.00
Solved-check at update 25: solved=False worst_gap=51.24 at p_x0=0.00 p_y0=-1.00 (consecutive=0)
update=26 global_step=53248 SPS=603 w_ev=0.984 m_ev=0.848 m_v_bias=-10.0 m_adv_std=87.2732 m_kl_max=0.0261 m_ratio_max=1.208 w_ax@goal=+0.66 w_v@goal=0.49 return=850.1 length=82 success_rate=1.00 collisions/ep=3.21 (n=24)
update=27 global_step=55296 SPS=612 w_ev=0.991 m_ev=0.872 m_v_bias=-8.7 m_adv_std=79.9834 m_kl_max=0.0099 m_ratio_max=0.453 w_ax@goal=+0.95 w_v@goal=0.49 return=845.5 length=84 success_rate=1.00 collisions/ep=3.25 (n=24)
update=28 global_step=57344 SPS=622 w_ev=0.987 m_ev=0.928 m_v_bias=-12.1 m_adv_std=55.0189 m_kl_max=0.0024 m_ratio_max=0.261 w_ax@goal=+0.97 w_v@goal=0.49 return=895.1 length=82 success_rate=1.00 collisions/ep=2.28 (n=25)
update=29 global_step=59392 SPS=632 w_ev=0.989 m_ev=0.919 m_v_bias=-6.9 m_adv_std=57.0638 m_kl_max=0.0138 m_ratio_max=0.579 w_ax@goal=+1.07 w_v@goal=0.56 return=921.4 length=85 success_rate=1.00 collisions/ep=1.71 (n=24)
update=30 global_step=61440 SPS=640 w_ev=0.988 m_ev=0.880 m_v_bias=9.6 m_adv_std=71.8609 m_kl_max=0.0309 m_ratio_max=0.928 w_ax@goal=+0.95 w_v@goal=0.55 return=891.9 length=82 success_rate=1.00 collisions/ep=2.35 (n=26)
Evaluation at update 30: return=962.11, length=78.00, success_rate=1.00, collisions/ep=1.00
Solved-check at update 30: solved=False worst_gap=51.01 at p_x0=0.50 p_y0=-1.00 (consecutive=0)
update=31 global_step=63488 SPS=614 w_ev=0.990 m_ev=0.858 m_v_bias=12.5 m_adv_std=81.9877 m_kl_max=0.0086 m_ratio_max=0.667 w_ax@goal=+0.85 w_v@goal=0.54 return=855.9 length=85 success_rate=1.00 collisions/ep=3.04 (n=24)
update=32 global_step=65536 SPS=622 w_ev=0.988 m_ev=0.915 m_v_bias=-15.9 m_adv_std=59.5147 m_kl_max=0.0338 m_ratio_max=1.189 w_ax@goal=+0.73 w_v@goal=0.54 return=916.7 length=84 success_rate=1.00 collisions/ep=1.84 (n=25)
update=33 global_step=67584 SPS=630 w_ev=0.992 m_ev=0.877 m_v_bias=14.9 m_adv_std=75.6570 m_kl_max=0.0119 m_ratio_max=0.567 w_ax@goal=+0.81 w_v@goal=0.57 return=868.9 length=84 success_rate=1.00 collisions/ep=2.79 (n=24)
update=34 global_step=69632 SPS=637 w_ev=0.993 m_ev=0.919 m_v_bias=-1.7 m_adv_std=58.2182 m_kl_max=0.0223 m_ratio_max=1.094 w_ax@goal=+0.65 w_v@goal=0.50 return=879.4 length=85 success_rate=1.00 collisions/ep=2.58 (n=24)
update=35 global_step=71680 SPS=645 w_ev=0.992 m_ev=0.930 m_v_bias=-16.5 m_adv_std=53.6540 m_kl_max=0.0197 m_ratio_max=0.619 w_ax@goal=+0.70 w_v@goal=0.52 return=938.3 length=81 success_rate=1.00 collisions/ep=1.50 (n=24)
Evaluation at update 35: return=999.82, length=77.80, success_rate=1.00, collisions/ep=0.25
Solved-check at update 35: solved=False worst_gap=50.84 at p_x0=0.00 p_y0=0.00 (consecutive=0)
update=36 global_step=73728 SPS=622 w_ev=0.992 m_ev=0.922 m_v_bias=9.8 m_adv_std=56.1521 m_kl_max=0.0141 m_ratio_max=0.643 w_ax@goal=+0.73 w_v@goal=0.53 return=895.4 length=84 success_rate=1.00 collisions/ep=2.25 (n=24)
update=37 global_step=75776 SPS=629 w_ev=0.992 m_ev=0.929 m_v_bias=-2.2 m_adv_std=55.3008 m_kl_max=0.0174 m_ratio_max=0.862 w_ax@goal=+0.87 w_v@goal=0.53 return=923.1 length=84 success_rate=1.00 collisions/ep=1.71 (n=24)
update=38 global_step=77824 SPS=636 w_ev=0.992 m_ev=0.900 m_v_bias=12.0 m_adv_std=68.4551 m_kl_max=0.0101 m_ratio_max=0.452 w_ax@goal=+0.76 w_v@goal=0.51 return=845.1 length=83 success_rate=1.00 collisions/ep=3.32 (n=25)
update=39 global_step=79872 SPS=643 w_ev=0.992 m_ev=0.896 m_v_bias=-22.8 m_adv_std=65.4055 m_kl_max=0.0109 m_ratio_max=0.503 w_ax@goal=+0.55 w_v@goal=0.57 return=921.5 length=80 success_rate=1.00 collisions/ep=1.77 (n=26)
update=40 global_step=81920 SPS=649 w_ev=0.992 m_ev=0.842 m_v_bias=15.2 m_adv_std=86.7120 m_kl_max=0.0230 m_ratio_max=0.750 w_ax@goal=+0.62 w_v@goal=0.58 return=882.7 length=82 success_rate=1.00 collisions/ep=2.54 (n=26)
Evaluation at update 40: return=1009.82, length=77.80, success_rate=1.00, collisions/ep=0.05
Solved-check at update 40: solved=False worst_gap=50.76 at p_x0=0.00 p_y0=1.00 (consecutive=0)
update=41 global_step=83968 SPS=629 w_ev=0.994 m_ev=0.944 m_v_bias=-22.9 m_adv_std=45.4362 m_kl_max=0.0295 m_ratio_max=0.898 w_ax@goal=+0.71 w_v@goal=0.56 return=936.8 length=81 success_rate=1.00 collisions/ep=1.54 (n=26)
update=42 global_step=86016 SPS=635 w_ev=0.995 m_ev=0.899 m_v_bias=14.2 m_adv_std=63.6425 m_kl_max=0.0100 m_ratio_max=0.372 w_ax@goal=+0.62 w_v@goal=0.64 return=899.9 length=80 success_rate=1.00 collisions/ep=2.24 (n=25)
update=43 global_step=88064 SPS=641 w_ev=0.993 m_ev=0.963 m_v_bias=-11.0 m_adv_std=35.7160 m_kl_max=0.0135 m_ratio_max=0.591 w_ax@goal=+0.58 w_v@goal=0.58 return=946.5 length=83 success_rate=1.00 collisions/ep=1.29 (n=24)
update=44 global_step=90112 SPS=648 w_ev=0.996 m_ev=0.980 m_v_bias=-8.2 m_adv_std=25.4753 m_kl_max=0.0122 m_ratio_max=0.381 w_ax@goal=+0.78 w_v@goal=0.58 return=952.2 length=82 success_rate=1.00 collisions/ep=1.17 (n=24)
update=45 global_step=92160 SPS=653 w_ev=0.997 m_ev=0.944 m_v_bias=0.1 m_adv_std=42.9691 m_kl_max=0.0256 m_ratio_max=0.928 w_ax@goal=+0.77 w_v@goal=0.60 return=934.3 length=80 success_rate=1.00 collisions/ep=1.52 (n=25)
Evaluation at update 45: return=1004.67, length=77.90, success_rate=1.00, collisions/ep=0.15
Solved-check at update 45: solved=False worst_gap=50.93 at p_x0=0.00 p_y0=1.00 (consecutive=0)
update=46 global_step=94208 SPS=637 w_ev=0.996 m_ev=0.782 m_v_bias=35.7 m_adv_std=97.8265 m_kl_max=0.0226 m_ratio_max=1.689 w_ax@goal=+0.64 w_v@goal=0.58 return=888.6 length=83 success_rate=1.00 collisions/ep=2.48 (n=25)
update=47 global_step=96256 SPS=642 w_ev=0.996 m_ev=0.972 m_v_bias=-24.6 m_adv_std=30.6735 m_kl_max=0.0154 m_ratio_max=0.694 w_ax@goal=+0.59 w_v@goal=0.59 return=938.1 length=83 success_rate=1.00 collisions/ep=1.52 (n=25)
update=48 global_step=98304 SPS=647 w_ev=0.996 m_ev=0.966 m_v_bias=-6.9 m_adv_std=34.8637 m_kl_max=0.0188 m_ratio_max=0.593 w_ax@goal=+0.87 w_v@goal=0.54 return=936.0 length=83 success_rate=1.00 collisions/ep=1.52 (n=27)
update=49 global_step=100352 SPS=652 w_ev=0.995 m_ev=0.921 m_v_bias=6.8 m_adv_std=54.9657 m_kl_max=0.0146 m_ratio_max=0.821 w_ax@goal=+0.81 w_v@goal=0.56 return=925.3 length=82 success_rate=1.00 collisions/ep=1.73 (n=26)
update=50 global_step=102400 SPS=654 w_ev=0.996 m_ev=0.898 m_v_bias=4.8 m_adv_std=60.6319 m_kl_max=0.0233 m_ratio_max=1.188 w_ax@goal=+0.45 w_v@goal=0.68 return=916.2 length=80 success_rate=1.00 collisions/ep=1.96 (n=23)
Evaluation at update 50: return=1009.66, length=77.85, success_rate=1.00, collisions/ep=0.05
Solved-check at update 50: solved=False worst_gap=50.91 at p_x0=0.00 p_y0=1.00 (consecutive=0)
update=51 global_step=104448 SPS=634 w_ev=0.996 m_ev=0.946 m_v_bias=-9.4 m_adv_std=44.5389 m_kl_max=0.0136 m_ratio_max=0.497 w_ax@goal=+0.58 w_v@goal=0.56 return=942.1 length=82 success_rate=1.00 collisions/ep=1.36 (n=25)
update=52 global_step=106496 SPS=638 w_ev=0.997 m_ev=0.928 m_v_bias=2.2 m_adv_std=50.7788 m_kl_max=0.0132 m_ratio_max=0.476 w_ax@goal=+0.63 w_v@goal=0.54 return=940.6 length=81 success_rate=1.00 collisions/ep=1.50 (n=26)
update=53 global_step=108544 SPS=643 w_ev=0.996 m_ev=0.945 m_v_bias=-11.3 m_adv_std=43.9626 m_kl_max=0.0144 m_ratio_max=0.485 w_ax@goal=+0.54 w_v@goal=0.57 return=944.8 length=82 success_rate=1.00 collisions/ep=1.31 (n=26)
update=54 global_step=110592 SPS=648 w_ev=0.997 m_ev=0.960 m_v_bias=-4.6 m_adv_std=36.6383 m_kl_max=0.0024 m_ratio_max=0.229 w_ax@goal=+0.69 w_v@goal=0.52 return=952.7 length=80 success_rate=1.00 collisions/ep=1.16 (n=25)
update=55 global_step=112640 SPS=653 w_ev=0.997 m_ev=0.924 m_v_bias=3.0 m_adv_std=51.0063 m_kl_max=0.0035 m_ratio_max=0.392 w_ax@goal=+0.81 w_v@goal=0.54 return=944.7 length=80 success_rate=1.00 collisions/ep=1.38 (n=24)
Evaluation at update 55: return=1007.34, length=77.80, success_rate=1.00, collisions/ep=0.10
Solved-check at update 55: solved=False worst_gap=50.82 at p_x0=0.00 p_y0=0.00 (consecutive=0)
update=56 global_step=114688 SPS=638 w_ev=0.996 m_ev=0.959 m_v_bias=-2.5 m_adv_std=37.2725 m_kl_max=0.0102 m_ratio_max=0.506 w_ax@goal=+0.74 w_v@goal=0.57 return=939.7 length=81 success_rate=1.00 collisions/ep=1.46 (n=26)
update=57 global_step=116736 SPS=643 w_ev=0.997 m_ev=0.953 m_v_bias=0.6 m_adv_std=40.4866 m_kl_max=0.0087 m_ratio_max=0.468 w_ax@goal=+0.77 w_v@goal=0.62 return=949.8 length=80 success_rate=1.00 collisions/ep=1.37 (n=27)
update=58 global_step=118784 SPS=648 w_ev=0.997 m_ev=0.949 m_v_bias=-2.1 m_adv_std=41.6725 m_kl_max=0.0110 m_ratio_max=0.440 w_ax@goal=+0.95 w_v@goal=0.59 return=949.5 length=82 success_rate=1.00 collisions/ep=1.32 (n=25)
update=59 global_step=120832 SPS=653 w_ev=0.996 m_ev=0.886 m_v_bias=15.9 m_adv_std=64.3202 m_kl_max=0.0141 m_ratio_max=0.852 w_ax@goal=+0.89 w_v@goal=0.60 return=911.1 length=83 success_rate=1.00 collisions/ep=2.04 (n=24)
update=60 global_step=122880 SPS=657 w_ev=0.997 m_ev=0.981 m_v_bias=-20.0 m_adv_std=24.3819 m_kl_max=0.0032 m_ratio_max=0.317 w_ax@goal=+0.77 w_v@goal=0.53 return=969.3 length=81 success_rate=1.00 collisions/ep=0.83 (n=24)
Evaluation at update 60: return=999.92, length=77.75, success_rate=1.00, collisions/ep=0.25
Solved-check at update 60: solved=False worst_gap=50.75 at p_x0=0.00 p_y0=0.00 (consecutive=0)
update=61 global_step=124928 SPS=643 w_ev=0.996 m_ev=0.882 m_v_bias=23.3 m_adv_std=68.1438 m_kl_max=0.0114 m_ratio_max=0.615 w_ax@goal=+0.71 w_v@goal=0.52 return=908.3 length=80 success_rate=1.00 collisions/ep=2.12 (n=26)
update=62 global_step=126976 SPS=648 w_ev=0.996 m_ev=0.887 m_v_bias=22.0 m_adv_std=70.7676 m_kl_max=0.0107 m_ratio_max=0.489 w_ax@goal=+0.43 w_v@goal=0.46 return=886.2 length=80 success_rate=1.00 collisions/ep=2.46 (n=26)
update=63 global_step=129024 SPS=653 w_ev=0.996 m_ev=0.918 m_v_bias=-20.5 m_adv_std=55.6203 m_kl_max=0.0109 m_ratio_max=0.443 w_ax@goal=+0.63 w_v@goal=0.57 return=916.0 length=81 success_rate=1.00 collisions/ep=1.88 (n=25)
update=64 global_step=131072 SPS=656 w_ev=0.997 m_ev=0.912 m_v_bias=-1.9 m_adv_std=57.1431 m_kl_max=0.0286 m_ratio_max=0.782 w_ax@goal=+0.46 w_v@goal=0.52 return=933.0 length=82 success_rate=1.00 collisions/ep=1.58 (n=26)
update=65 global_step=133120 SPS=660 w_ev=0.996 m_ev=0.966 m_v_bias=-16.7 m_adv_std=33.9648 m_kl_max=0.0056 m_ratio_max=0.369 w_ax@goal=+0.63 w_v@goal=0.66 return=958.1 length=82 success_rate=1.00 collisions/ep=1.08 (n=25)
Evaluation at update 65: return=994.90, length=77.75, success_rate=1.00, collisions/ep=0.35
Solved-check at update 65: solved=False worst_gap=50.82 at p_x0=0.00 p_y0=-1.00 (consecutive=0)
update=66 global_step=135168 SPS=647 w_ev=0.997 m_ev=0.957 m_v_bias=2.3 m_adv_std=38.2167 m_kl_max=0.0224 m_ratio_max=1.164 w_ax@goal=+0.71 w_v@goal=0.61 return=955.1 length=81 success_rate=1.00 collisions/ep=1.12 (n=26)
update=67 global_step=137216 SPS=651 w_ev=0.996 m_ev=0.959 m_v_bias=9.2 m_adv_std=37.6918 m_kl_max=0.0098 m_ratio_max=0.606 w_ax@goal=+0.88 w_v@goal=0.54 return=925.3 length=81 success_rate=1.00 collisions/ep=1.71 (n=24)
update=68 global_step=139264 SPS=655 w_ev=0.996 m_ev=0.973 m_v_bias=-9.7 m_adv_std=30.0860 m_kl_max=0.0225 m_ratio_max=0.727 w_ax@goal=+0.71 w_v@goal=0.58 return=956.8 length=79 success_rate=1.00 collisions/ep=1.15 (n=26)
update=69 global_step=141312 SPS=659 w_ev=0.996 m_ev=0.946 m_v_bias=-2.2 m_adv_std=43.0452 m_kl_max=0.0026 m_ratio_max=0.221 w_ax@goal=+0.66 w_v@goal=0.60 return=953.0 length=82 success_rate=1.00 collisions/ep=1.21 (n=24)
update=70 global_step=143360 SPS=662 w_ev=0.998 m_ev=0.940 m_v_bias=6.3 m_adv_std=45.8381 m_kl_max=0.0100 m_ratio_max=0.740 w_ax@goal=+0.52 w_v@goal=0.60 return=947.5 length=81 success_rate=1.00 collisions/ep=1.27 (n=26)
Evaluation at update 70: return=1005.08, length=77.65, success_rate=1.00, collisions/ep=0.15
Solved-check at update 70: solved=False worst_gap=50.56 at p_x0=0.00 p_y0=0.00 (consecutive=0)
update=71 global_step=145408 SPS=650 w_ev=0.997 m_ev=0.943 m_v_bias=-0.6 m_adv_std=45.7214 m_kl_max=0.0094 m_ratio_max=0.417 w_ax@goal=+0.57 w_v@goal=0.60 return=946.2 length=82 success_rate=1.00 collisions/ep=1.31 (n=26)
update=72 global_step=147456 SPS=653 w_ev=0.997 m_ev=0.950 m_v_bias=-7.9 m_adv_std=41.1597 m_kl_max=0.0185 m_ratio_max=0.736 w_ax@goal=+0.52 w_v@goal=0.58 return=937.3 length=79 success_rate=1.00 collisions/ep=1.48 (n=25)
update=73 global_step=149504 SPS=657 w_ev=0.996 m_ev=0.952 m_v_bias=6.8 m_adv_std=39.4118 m_kl_max=0.0067 m_ratio_max=0.380 w_ax@goal=+0.71 w_v@goal=0.52 return=933.2 length=81 success_rate=1.00 collisions/ep=1.54 (n=24)
update=74 global_step=151552 SPS=660 w_ev=0.998 m_ev=0.971 m_v_bias=-8.8 m_adv_std=30.7165 m_kl_max=0.0133 m_ratio_max=0.613 w_ax@goal=+0.73 w_v@goal=0.60 return=957.6 length=80 success_rate=1.00 collisions/ep=1.12 (n=26)
update=75 global_step=153600 SPS=664 w_ev=0.998 m_ev=0.964 m_v_bias=-0.6 m_adv_std=35.2370 m_kl_max=0.0111 m_ratio_max=0.508 w_ax@goal=+0.71 w_v@goal=0.52 return=949.4 length=79 success_rate=1.00 collisions/ep=1.26 (n=27)
Evaluation at update 75: return=1007.58, length=77.55, success_rate=1.00, collisions/ep=0.10
Solved-check at update 75: solved=False worst_gap=50.53 at p_x0=0.00 p_y0=0.00 (consecutive=0)
update=76 global_step=155648 SPS=653 w_ev=0.998 m_ev=0.946 m_v_bias=4.5 m_adv_std=43.1223 m_kl_max=0.0116 m_ratio_max=0.480 w_ax@goal=+0.61 w_v@goal=0.62 return=956.5 length=82 success_rate=1.00 collisions/ep=1.15 (n=26)
update=77 global_step=157696 SPS=655 w_ev=0.998 m_ev=0.942 m_v_bias=-3.2 m_adv_std=42.7948 m_kl_max=0.0083 m_ratio_max=0.434 w_ax@goal=+0.73 w_v@goal=0.61 return=954.5 length=80 success_rate=1.00 collisions/ep=1.20 (n=25)
update=78 global_step=159744 SPS=659 w_ev=0.998 m_ev=0.961 m_v_bias=-2.9 m_adv_std=34.7513 m_kl_max=0.0206 m_ratio_max=0.818 w_ax@goal=+0.57 w_v@goal=0.64 return=960.5 length=81 success_rate=1.00 collisions/ep=1.04 (n=24)
update=79 global_step=161792 SPS=662 w_ev=0.997 m_ev=0.890 m_v_bias=18.4 m_adv_std=61.9680 m_kl_max=0.0236 m_ratio_max=0.852 w_ax@goal=+0.36 w_v@goal=0.59 return=948.3 length=81 success_rate=1.00 collisions/ep=1.31 (n=26)
update=80 global_step=163840 SPS=665 w_ev=0.998 m_ev=0.959 m_v_bias=-8.6 m_adv_std=37.2495 m_kl_max=0.0051 m_ratio_max=0.378 w_ax@goal=+0.51 w_v@goal=0.61 return=921.2 length=80 success_rate=1.00 collisions/ep=1.92 (n=25)
Evaluation at update 80: return=1007.61, length=77.45, success_rate=1.00, collisions/ep=0.10
Solved-check at update 80: solved=False worst_gap=50.48 at p_x0=0.00 p_y0=0.00 (consecutive=0)
update=81 global_step=165888 SPS=655 w_ev=0.998 m_ev=0.958 m_v_bias=-2.2 m_adv_std=36.3909 m_kl_max=0.0313 m_ratio_max=0.807 w_ax@goal=+0.60 w_v@goal=0.60 return=952.9 length=81 success_rate=1.00 collisions/ep=1.22 (n=27)
update=82 global_step=167936 SPS=658 w_ev=0.998 m_ev=0.955 m_v_bias=-3.4 m_adv_std=39.5892 m_kl_max=0.0190 m_ratio_max=0.651 w_ax@goal=+0.70 w_v@goal=0.58 return=955.0 length=80 success_rate=1.00 collisions/ep=1.15 (n=26)
update=83 global_step=169984 SPS=661 w_ev=0.998 m_ev=0.922 m_v_bias=10.3 m_adv_std=53.0722 m_kl_max=0.0227 m_ratio_max=1.141 w_ax@goal=+0.81 w_v@goal=0.63 return=925.9 length=82 success_rate=1.00 collisions/ep=1.71 (n=24)
update=84 global_step=172032 SPS=664 w_ev=0.998 m_ev=0.955 m_v_bias=-5.0 m_adv_std=39.6055 m_kl_max=0.0139 m_ratio_max=0.525 w_ax@goal=+0.64 w_v@goal=0.58 return=942.4 length=81 success_rate=1.00 collisions/ep=1.38 (n=24)
update=85 global_step=174080 SPS=668 w_ev=0.998 m_ev=0.933 m_v_bias=5.6 m_adv_std=48.6866 m_kl_max=0.0271 m_ratio_max=0.973 w_ax@goal=+0.63 w_v@goal=0.56 return=931.9 length=80 success_rate=1.00 collisions/ep=1.62 (n=26)
Evaluation at update 85: return=1007.59, length=77.55, success_rate=1.00, collisions/ep=0.10
Solved-check at update 85: solved=False worst_gap=50.48 at p_x0=0.00 p_y0=1.00 (consecutive=0)
update=86 global_step=176128 SPS=657 w_ev=0.998 m_ev=0.938 m_v_bias=12.2 m_adv_std=46.4264 m_kl_max=0.0134 m_ratio_max=0.731 w_ax@goal=+0.41 w_v@goal=0.55 return=933.4 length=83 success_rate=1.00 collisions/ep=1.68 (n=25)
update=87 global_step=178176 SPS=660 w_ev=0.998 m_ev=0.912 m_v_bias=1.1 m_adv_std=56.9712 m_kl_max=0.0152 m_ratio_max=0.576 w_ax@goal=+0.35 w_v@goal=0.61 return=925.5 length=81 success_rate=1.00 collisions/ep=1.76 (n=25)
update=88 global_step=180224 SPS=663 w_ev=0.999 m_ev=0.953 m_v_bias=-17.4 m_adv_std=39.3873 m_kl_max=0.0395 m_ratio_max=1.327 w_ax@goal=+0.58 w_v@goal=0.60 return=962.1 length=80 success_rate=1.00 collisions/ep=0.96 (n=26)
update=89 global_step=182272 SPS=667 w_ev=0.999 m_ev=0.860 m_v_bias=9.5 m_adv_std=70.3234 m_kl_max=0.0129 m_ratio_max=0.605 w_ax@goal=+0.59 w_v@goal=0.56 return=929.1 length=83 success_rate=1.00 collisions/ep=1.68 (n=25)
update=90 global_step=184320 SPS=669 w_ev=0.999 m_ev=0.974 m_v_bias=-13.2 m_adv_std=29.1906 m_kl_max=0.0228 m_ratio_max=0.614 w_ax@goal=+0.41 w_v@goal=0.59 return=978.2 length=81 success_rate=1.00 collisions/ep=0.64 (n=25)
Evaluation at update 90: return=1007.69, length=77.35, success_rate=1.00, collisions/ep=0.10
Solved-check at update 90: solved=False worst_gap=50.38 at p_x0=0.00 p_y0=0.00 (consecutive=0)
update=91 global_step=186368 SPS=660 w_ev=0.999 m_ev=0.977 m_v_bias=-2.3 m_adv_std=27.3845 m_kl_max=0.0204 m_ratio_max=0.875 w_ax@goal=+0.55 w_v@goal=0.59 return=963.9 length=82 success_rate=1.00 collisions/ep=1.08 (n=26)
update=92 global_step=188416 SPS=663 w_ev=0.999 m_ev=0.985 m_v_bias=-4.3 m_adv_std=21.6367 m_kl_max=0.0204 m_ratio_max=0.679 w_ax@goal=+0.69 w_v@goal=0.58 return=984.5 length=79 success_rate=1.00 collisions/ep=0.54 (n=26)
update=93 global_step=190464 SPS=666 w_ev=0.998 m_ev=0.917 m_v_bias=19.4 m_adv_std=51.7697 m_kl_max=0.0168 m_ratio_max=0.944 w_ax@goal=+0.54 w_v@goal=0.62 return=931.7 length=81 success_rate=1.00 collisions/ep=1.62 (n=24)
update=94 global_step=192512 SPS=669 w_ev=0.999 m_ev=0.924 m_v_bias=2.9 m_adv_std=52.2531 m_kl_max=0.0072 m_ratio_max=0.407 w_ax@goal=+0.43 w_v@goal=0.58 return=936.6 length=82 success_rate=1.00 collisions/ep=1.56 (n=25)
update=95 global_step=194560 SPS=671 w_ev=0.999 m_ev=0.932 m_v_bias=-15.5 m_adv_std=49.4454 m_kl_max=0.0052 m_ratio_max=0.416 w_ax@goal=+0.55 w_v@goal=0.57 return=943.7 length=81 success_rate=1.00 collisions/ep=1.35 (n=26)
Evaluation at update 95: return=1012.74, length=77.30, success_rate=1.00, collisions/ep=0.00
Solved-check at update 95: solved=False worst_gap=50.27 at p_x0=0.00 p_y0=1.00 (consecutive=0)
update=96 global_step=196608 SPS=662 w_ev=0.999 m_ev=0.945 m_v_bias=3.3 m_adv_std=41.7726 m_kl_max=0.0118 m_ratio_max=0.562 w_ax@goal=+0.27 w_v@goal=0.57 return=962.8 length=80 success_rate=1.00 collisions/ep=1.00 (n=24)
update=97 global_step=198656 SPS=665 w_ev=0.999 m_ev=0.960 m_v_bias=-10.1 m_adv_std=34.0439 m_kl_max=0.0048 m_ratio_max=0.409 w_ax@goal=+0.46 w_v@goal=0.62 return=969.1 length=82 success_rate=1.00 collisions/ep=0.88 (n=25)
update=98 global_step=200704 SPS=667 w_ev=0.999 m_ev=0.908 m_v_bias=19.6 m_adv_std=60.0146 m_kl_max=0.0442 m_ratio_max=1.546 w_ax@goal=+0.38 w_v@goal=0.56 return=912.6 length=81 success_rate=1.00 collisions/ep=2.12 (n=26)
update=99 global_step=202752 SPS=669 w_ev=0.999 m_ev=0.940 m_v_bias=-1.5 m_adv_std=46.2357 m_kl_max=0.0084 m_ratio_max=0.545 w_ax@goal=+0.41 w_v@goal=0.60 return=947.2 length=82 success_rate=1.00 collisions/ep=1.38 (n=26)
update=100 global_step=204800 SPS=672 w_ev=0.999 m_ev=0.880 m_v_bias=1.9 m_adv_std=62.8359 m_kl_max=0.0209 m_ratio_max=0.678 w_ax@goal=+0.33 w_v@goal=0.60 return=951.4 length=82 success_rate=1.00 collisions/ep=1.24 (n=25)
Evaluation at update 100: return=1012.73, length=77.30, success_rate=1.00, collisions/ep=0.00
Solved-check at update 100: solved=False worst_gap=49.97 at p_x0=1.50 p_y0=-1.00 (consecutive=0)
update=101 global_step=206848 SPS=664 w_ev=0.999 m_ev=0.936 m_v_bias=-6.1 m_adv_std=45.0126 m_kl_max=0.0277 m_ratio_max=1.002 w_ax@goal=+0.57 w_v@goal=0.57 return=957.1 length=79 success_rate=1.00 collisions/ep=1.15 (n=26)
update=102 global_step=208896 SPS=667 w_ev=0.999 m_ev=0.902 m_v_bias=7.9 m_adv_std=60.9628 m_kl_max=0.0155 m_ratio_max=0.621 w_ax@goal=+0.57 w_v@goal=0.58 return=946.9 length=81 success_rate=1.00 collisions/ep=1.29 (n=24)
update=103 global_step=210944 SPS=670 w_ev=0.999 m_ev=0.951 m_v_bias=1.5 m_adv_std=41.3209 m_kl_max=0.0287 m_ratio_max=0.692 w_ax@goal=+0.62 w_v@goal=0.60 return=914.4 length=78 success_rate=1.00 collisions/ep=2.00 (n=26)
update=104 global_step=212992 SPS=672 w_ev=0.999 m_ev=0.939 m_v_bias=-9.4 m_adv_std=46.8153 m_kl_max=0.0140 m_ratio_max=0.576 w_ax@goal=+0.48 w_v@goal=0.57 return=952.2 length=80 success_rate=1.00 collisions/ep=1.18 (n=28)
update=105 global_step=215040 SPS=675 w_ev=0.999 m_ev=0.946 m_v_bias=1.1 m_adv_std=41.8276 m_kl_max=0.0085 m_ratio_max=0.563 w_ax@goal=+0.49 w_v@goal=0.56 return=965.4 length=80 success_rate=1.00 collisions/ep=0.96 (n=26)
Evaluation at update 105: return=1012.76, length=77.30, success_rate=1.00, collisions/ep=0.00
Solved-check at update 105: solved=False worst_gap=49.78 at p_x0=2.00 p_y0=-1.00 (consecutive=0)
update=106 global_step=217088 SPS=666 w_ev=0.998 m_ev=0.897 m_v_bias=12.5 m_adv_std=59.8527 m_kl_max=0.0094 m_ratio_max=0.537 w_ax@goal=+0.48 w_v@goal=0.58 return=946.0 length=82 success_rate=1.00 collisions/ep=1.29 (n=24)
update=107 global_step=219136 SPS=669 w_ev=0.999 m_ev=0.980 m_v_bias=-10.1 m_adv_std=25.4607 m_kl_max=0.0088 m_ratio_max=0.373 w_ax@goal=+0.42 w_v@goal=0.59 return=970.6 length=78 success_rate=1.00 collisions/ep=0.83 (n=24)
update=108 global_step=221184 SPS=672 w_ev=0.999 m_ev=0.982 m_v_bias=-3.2 m_adv_std=23.8208 m_kl_max=0.0167 m_ratio_max=0.590 w_ax@goal=+0.58 w_v@goal=0.62 return=969.4 length=80 success_rate=1.00 collisions/ep=0.88 (n=26)
update=109 global_step=223232 SPS=674 w_ev=0.999 m_ev=0.966 m_v_bias=-2.8 m_adv_std=33.2291 m_kl_max=0.0136 m_ratio_max=0.427 w_ax@goal=+0.63 w_v@goal=0.58 return=956.2 length=80 success_rate=1.00 collisions/ep=1.15 (n=26)
update=110 global_step=225280 SPS=677 w_ev=0.999 m_ev=0.974 m_v_bias=6.4 m_adv_std=29.5348 m_kl_max=0.0119 m_ratio_max=1.172 w_ax@goal=+0.62 w_v@goal=0.60 return=961.3 length=80 success_rate=1.00 collisions/ep=1.00 (n=27)
Evaluation at update 110: return=1012.79, length=77.25, success_rate=1.00, collisions/ep=0.00
Solved-check at update 110: solved=True worst_gap=0.31 at p_x0=0.00 p_y0=-1.00 (consecutive=0)
update=111 global_step=227328 SPS=669 w_ev=0.998 m_ev=0.852 m_v_bias=14.1 m_adv_std=76.8996 m_kl_max=0.0108 m_ratio_max=0.625 w_ax@goal=+0.54 w_v@goal=0.57 return=941.1 length=80 success_rate=1.00 collisions/ep=1.44 (n=25)
update=112 global_step=229376 SPS=672 w_ev=0.998 m_ev=0.868 m_v_bias=4.1 m_adv_std=71.9431 m_kl_max=0.0066 m_ratio_max=0.442 w_ax@goal=+0.36 w_v@goal=0.60 return=912.8 length=82 success_rate=1.00 collisions/ep=1.96 (n=24)
update=113 global_step=231424 SPS=674 w_ev=0.999 m_ev=0.966 m_v_bias=-18.6 m_adv_std=32.2344 m_kl_max=0.0144 m_ratio_max=0.608 w_ax@goal=+0.39 w_v@goal=0.58 return=967.1 length=81 success_rate=1.00 collisions/ep=0.88 (n=25)
update=114 global_step=233472 SPS=676 w_ev=0.999 m_ev=0.872 m_v_bias=16.3 m_adv_std=69.7234 m_kl_max=0.0096 m_ratio_max=0.535 w_ax@goal=+0.45 w_v@goal=0.55 return=946.4 length=81 success_rate=1.00 collisions/ep=1.31 (n=26)
update=115 global_step=235520 SPS=678 w_ev=0.999 m_ev=0.885 m_v_bias=-3.3 m_adv_std=65.2422 m_kl_max=0.0231 m_ratio_max=1.024 w_ax@goal=+0.52 w_v@goal=0.58 return=921.0 length=83 success_rate=1.00 collisions/ep=1.79 (n=24)
Evaluation at update 115: return=1012.67, length=77.40, success_rate=1.00, collisions/ep=0.00
Solved-check at update 115: solved=True worst_gap=0.50 at p_x0=0.00 p_y0=-1.00 (consecutive=1)
Solved criterion held for 2 consecutive evals (tolerance=5.0) at global_step=235520.
update=116 global_step=237568 SPS=671 w_ev=0.999 m_ev=0.942 m_v_bias=-0.3 m_adv_std=47.2738 m_kl_max=0.0168 m_ratio_max=0.577 w_ax@goal=+0.21 w_v@goal=0.60 return=936.5 length=82 success_rate=1.00 collisions/ep=1.50 (n=26)
update=117 global_step=239616 SPS=673 w_ev=0.999 m_ev=0.936 m_v_bias=-13.3 m_adv_std=46.8105 m_kl_max=0.0199 m_ratio_max=0.886 w_ax@goal=+0.55 w_v@goal=0.55 return=964.7 length=82 success_rate=1.00 collisions/ep=0.92 (n=24)
update=118 global_step=241664 SPS=676 w_ev=0.999 m_ev=0.907 m_v_bias=1.8 m_adv_std=58.2102 m_kl_max=0.0077 m_ratio_max=0.923 w_ax@goal=+0.60 w_v@goal=0.59 return=951.8 length=80 success_rate=1.00 collisions/ep=1.18 (n=28)
update=119 global_step=243712 SPS=679 w_ev=0.999 m_ev=0.960 m_v_bias=-6.0 m_adv_std=36.0750 m_kl_max=0.0252 m_ratio_max=0.669 w_ax@goal=+0.38 w_v@goal=0.54 return=959.1 length=81 success_rate=1.00 collisions/ep=1.04 (n=24)
update=120 global_step=245760 SPS=681 w_ev=0.999 m_ev=0.953 m_v_bias=6.7 m_adv_std=38.8902 m_kl_max=0.0104 m_ratio_max=0.838 w_ax@goal=+0.36 w_v@goal=0.60 return=976.1 length=82 success_rate=1.00 collisions/ep=0.80 (n=25)
Evaluation at update 120: return=1012.59, length=77.45, success_rate=1.00, collisions/ep=0.00
Solved-check at update 120: solved=True worst_gap=0.56 at p_x0=0.00 p_y0=-1.00 (consecutive=2)
update=121 global_step=247808 SPS=676 w_ev=0.999 m_ev=0.973 m_v_bias=-4.2 m_adv_std=28.9773 m_kl_max=0.0250 m_ratio_max=0.786 w_ax@goal=+0.44 w_v@goal=0.58 return=956.2 length=82 success_rate=1.00 collisions/ep=1.12 (n=25)
update=122 global_step=249856 SPS=679 w_ev=0.999 m_ev=0.963 m_v_bias=-1.7 m_adv_std=33.7733 m_kl_max=0.0114 m_ratio_max=0.411 w_ax@goal=+0.38 w_v@goal=0.52 return=974.3 length=82 success_rate=1.00 collisions/ep=0.72 (n=25)
update=123 global_step=251904 SPS=682 w_ev=0.999 m_ev=0.968 m_v_bias=4.1 m_adv_std=32.0860 m_kl_max=0.0120 m_ratio_max=0.443 w_ax@goal=+0.32 w_v@goal=0.58 return=962.2 length=79 success_rate=1.00 collisions/ep=0.96 (n=25)
update=124 global_step=253952 SPS=685 w_ev=0.999 m_ev=0.913 m_v_bias=8.9 m_adv_std=56.6841 m_kl_max=0.0400 m_ratio_max=1.543 w_ax@goal=+0.39 w_v@goal=0.58 return=955.5 length=83 success_rate=1.00 collisions/ep=1.08 (n=25)
update=125 global_step=256000 SPS=688 w_ev=0.999 m_ev=0.942 m_v_bias=-0.9 m_adv_std=45.0488 m_kl_max=0.0153 m_ratio_max=1.603 w_ax@goal=+0.35 w_v@goal=0.56 return=945.0 length=82 success_rate=1.00 collisions/ep=1.31 (n=26)
Evaluation at update 125: return=1012.59, length=77.45, success_rate=1.00, collisions/ep=0.00
Solved-check at update 125: solved=True worst_gap=0.52 at p_x0=0.00 p_y0=-1.00 (consecutive=3)
update=126 global_step=258048 SPS=683 w_ev=0.999 m_ev=0.969 m_v_bias=-11.2 m_adv_std=31.1242 m_kl_max=0.0234 m_ratio_max=0.920 w_ax@goal=+0.42 w_v@goal=0.60 return=966.4 length=80 success_rate=1.00 collisions/ep=0.88 (n=25)
update=127 global_step=260096 SPS=686 w_ev=0.999 m_ev=0.928 m_v_bias=4.4 m_adv_std=50.0928 m_kl_max=0.0070 m_ratio_max=0.393 w_ax@goal=+0.29 w_v@goal=0.62 return=960.5 length=82 success_rate=1.00 collisions/ep=1.00 (n=26)
update=128 global_step=262144 SPS=689 w_ev=0.999 m_ev=0.947 m_v_bias=4.7 m_adv_std=41.6416 m_kl_max=0.0118 m_ratio_max=0.607 w_ax@goal=+0.15 w_v@goal=0.57 return=965.7 length=83 success_rate=1.00 collisions/ep=0.88 (n=25)
update=129 global_step=264192 SPS=692 w_ev=0.999 m_ev=0.941 m_v_bias=8.1 m_adv_std=46.5962 m_kl_max=0.0316 m_ratio_max=0.756 w_ax@goal=+0.09 w_v@goal=0.58 return=941.4 length=82 success_rate=1.00 collisions/ep=1.40 (n=25)
update=130 global_step=266240 SPS=695 w_ev=0.999 m_ev=0.928 m_v_bias=-3.7 m_adv_std=49.1322 m_kl_max=0.0097 m_ratio_max=0.568 w_ax@goal=+0.08 w_v@goal=0.58 return=959.1 length=82 success_rate=1.00 collisions/ep=1.00 (n=24)
Evaluation at update 130: return=1012.01, length=78.05, success_rate=1.00, collisions/ep=0.00
Solved-check at update 130: solved=False worst_gap=50.46 at p_x0=2.00 p_y0=-1.00 (consecutive=4)
update=131 global_step=268288 SPS=691 w_ev=0.999 m_ev=0.970 m_v_bias=-2.5 m_adv_std=30.7547 m_kl_max=0.0173 m_ratio_max=0.514 w_ax@goal=+0.18 w_v@goal=0.60 return=979.7 length=83 success_rate=1.00 collisions/ep=0.58 (n=24)
update=132 global_step=270336 SPS=694 w_ev=0.999 m_ev=0.932 m_v_bias=-0.0 m_adv_std=44.4753 m_kl_max=0.0162 m_ratio_max=0.515 w_ax@goal=+0.12 w_v@goal=0.59 return=948.4 length=83 success_rate=1.00 collisions/ep=1.21 (n=24)
update=133 global_step=272384 SPS=696 w_ev=0.999 m_ev=0.971 m_v_bias=-0.4 m_adv_std=29.7444 m_kl_max=0.0274 m_ratio_max=0.921 w_ax@goal=+0.13 w_v@goal=0.61 return=967.8 length=82 success_rate=1.00 collisions/ep=0.85 (n=27)
update=134 global_step=274432 SPS=699 w_ev=0.999 m_ev=0.942 m_v_bias=-0.9 m_adv_std=44.4866 m_kl_max=0.0117 m_ratio_max=0.667 w_ax@goal=+0.13 w_v@goal=0.65 return=961.6 length=83 success_rate=1.00 collisions/ep=0.96 (n=24)
update=135 global_step=276480 SPS=702 w_ev=0.999 m_ev=0.945 m_v_bias=-1.6 m_adv_std=42.1616 m_kl_max=0.0094 m_ratio_max=0.408 w_ax@goal=+0.16 w_v@goal=0.60 return=979.5 length=83 success_rate=1.00 collisions/ep=0.58 (n=24)
Evaluation at update 135: return=1011.73, length=78.20, success_rate=1.00, collisions/ep=0.00
Solved-check at update 135: solved=False worst_gap=50.75 at p_x0=2.00 p_y0=-1.00 (consecutive=0)
update=136 global_step=278528 SPS=699 w_ev=0.999 m_ev=0.963 m_v_bias=-2.7 m_adv_std=34.7676 m_kl_max=0.0078 m_ratio_max=0.555 w_ax@goal=+0.15 w_v@goal=0.59 return=959.7 length=82 success_rate=1.00 collisions/ep=1.00 (n=26)
update=137 global_step=280576 SPS=701 w_ev=0.999 m_ev=0.975 m_v_bias=-3.3 m_adv_std=28.2736 m_kl_max=0.0098 m_ratio_max=0.510 w_ax@goal=+0.02 w_v@goal=0.57 return=982.6 length=83 success_rate=1.00 collisions/ep=0.52 (n=25)
update=138 global_step=282624 SPS=704 w_ev=0.999 m_ev=0.847 m_v_bias=19.9 m_adv_std=79.0797 m_kl_max=0.0195 m_ratio_max=0.976 w_ax@goal=-0.04 w_v@goal=0.60 return=931.7 length=84 success_rate=1.00 collisions/ep=1.58 (n=24)
update=139 global_step=284672 SPS=707 w_ev=0.999 m_ev=0.949 m_v_bias=-10.1 m_adv_std=40.6764 m_kl_max=0.0123 m_ratio_max=0.570 w_ax@goal=+0.12 w_v@goal=0.56 return=980.7 length=82 success_rate=1.00 collisions/ep=0.56 (n=25)
update=140 global_step=286720 SPS=709 w_ev=0.998 m_ev=0.927 m_v_bias=6.3 m_adv_std=52.3295 m_kl_max=0.0126 m_ratio_max=0.621 w_ax@goal=-0.08 w_v@goal=0.55 return=943.1 length=83 success_rate=1.00 collisions/ep=1.31 (n=26)
Evaluation at update 140: return=1010.86, length=79.05, success_rate=1.00, collisions/ep=0.00
Solved-check at update 140: solved=True worst_gap=2.42 at p_x0=0.00 p_y0=-1.00 (consecutive=0)
update=141 global_step=288768 SPS=705 w_ev=0.999 m_ev=0.844 m_v_bias=28.9 m_adv_std=82.6730 m_kl_max=0.0075 m_ratio_max=0.379 w_ax@goal=-0.08 w_v@goal=0.54 return=904.7 length=87 success_rate=1.00 collisions/ep=2.04 (n=23)
update=142 global_step=290816 SPS=708 w_ev=0.999 m_ev=0.939 m_v_bias=-31.3 m_adv_std=44.3038 m_kl_max=0.0201 m_ratio_max=0.659 w_ax@goal=+0.06 w_v@goal=0.61 return=973.8 length=86 success_rate=1.00 collisions/ep=0.67 (n=24)
update=143 global_step=292864 SPS=710 w_ev=0.999 m_ev=0.939 m_v_bias=4.0 m_adv_std=47.2529 m_kl_max=0.0229 m_ratio_max=0.907 w_ax@goal=+0.02 w_v@goal=0.57 return=949.0 length=84 success_rate=1.00 collisions/ep=1.17 (n=24)
update=144 global_step=294912 SPS=713 w_ev=0.999 m_ev=0.871 m_v_bias=1.0 m_adv_std=68.8440 m_kl_max=0.0143 m_ratio_max=0.573 w_ax@goal=-0.02 w_v@goal=0.57 return=941.2 length=82 success_rate=1.00 collisions/ep=1.32 (n=25)
update=145 global_step=296960 SPS=715 w_ev=0.999 m_ev=0.926 m_v_bias=-14.2 m_adv_std=50.5903 m_kl_max=0.0145 m_ratio_max=0.515 w_ax@goal=+0.01 w_v@goal=0.57 return=956.6 length=84 success_rate=1.00 collisions/ep=1.04 (n=23)
Evaluation at update 145: return=1011.92, length=78.20, success_rate=1.00, collisions/ep=0.00
Solved-check at update 145: solved=True worst_gap=1.15 at p_x0=0.00 p_y0=-1.00 (consecutive=1)
update=146 global_step=299008 SPS=712 w_ev=0.999 m_ev=0.949 m_v_bias=-5.3 m_adv_std=38.6671 m_kl_max=0.0151 m_ratio_max=0.775 w_ax@goal=+0.05 w_v@goal=0.55 return=974.5 length=83 success_rate=1.00 collisions/ep=0.68 (n=25)
update=147 global_step=301056 SPS=714 w_ev=0.999 m_ev=0.938 m_v_bias=9.1 m_adv_std=45.1502 m_kl_max=0.0097 m_ratio_max=0.456 w_ax@goal=+0.06 w_v@goal=0.50 return=969.2 length=87 success_rate=1.00 collisions/ep=0.74 (n=23)
update=148 global_step=303104 SPS=717 w_ev=0.998 m_ev=0.958 m_v_bias=-9.6 m_adv_std=35.5668 m_kl_max=0.0114 m_ratio_max=0.616 w_ax@goal=-0.02 w_v@goal=0.61 return=971.2 length=83 success_rate=1.00 collisions/ep=0.76 (n=25)
update=149 global_step=305152 SPS=719 w_ev=0.998 m_ev=0.960 m_v_bias=-1.4 m_adv_std=35.8429 m_kl_max=0.0098 m_ratio_max=0.472 w_ax@goal=+0.17 w_v@goal=0.63 return=982.0 length=82 success_rate=1.00 collisions/ep=0.52 (n=25)
update=150 global_step=307200 SPS=722 w_ev=0.999 m_ev=0.962 m_v_bias=2.5 m_adv_std=34.9730 m_kl_max=0.0136 m_ratio_max=0.483 w_ax@goal=-0.06 w_v@goal=0.60 return=955.6 length=84 success_rate=1.00 collisions/ep=1.04 (n=24)
Evaluation at update 150: return=1011.63, length=78.25, success_rate=1.00, collisions/ep=0.00
Solved-check at update 150: solved=False worst_gap=51.07 at p_x0=2.00 p_y0=-1.00 (consecutive=2)
update=151 global_step=309248 SPS=718 w_ev=0.999 m_ev=0.977 m_v_bias=-8.5 m_adv_std=26.4264 m_kl_max=0.0103 m_ratio_max=0.516 w_ax@goal=+0.20 w_v@goal=0.62 return=979.8 length=84 success_rate=1.00 collisions/ep=0.58 (n=24)
update=152 global_step=311296 SPS=720 w_ev=0.998 m_ev=0.939 m_v_bias=11.8 m_adv_std=45.9633 m_kl_max=0.0087 m_ratio_max=0.626 w_ax@goal=+0.17 w_v@goal=0.61 return=957.3 length=86 success_rate=1.00 collisions/ep=1.00 (n=24)
update=153 global_step=313344 SPS=722 w_ev=0.999 m_ev=0.960 m_v_bias=-5.9 m_adv_std=35.4941 m_kl_max=0.0077 m_ratio_max=0.422 w_ax@goal=+0.03 w_v@goal=0.55 return=963.9 length=84 success_rate=1.00 collisions/ep=0.88 (n=24)
update=154 global_step=315392 SPS=725 w_ev=0.999 m_ev=0.939 m_v_bias=5.9 m_adv_std=45.5181 m_kl_max=0.0074 m_ratio_max=0.407 w_ax@goal=+0.08 w_v@goal=0.55 return=960.1 length=85 success_rate=1.00 collisions/ep=0.96 (n=25)
update=155 global_step=317440 SPS=727 w_ev=0.999 m_ev=0.958 m_v_bias=1.6 m_adv_std=36.0285 m_kl_max=0.0140 m_ratio_max=0.829 w_ax@goal=+0.18 w_v@goal=0.61 return=960.8 length=87 success_rate=1.00 collisions/ep=0.91 (n=23)
Evaluation at update 155: return=1009.36, length=80.50, success_rate=1.00, collisions/ep=0.00
Solved-check at update 155: solved=False worst_gap=52.97 at p_x0=2.00 p_y0=-1.00 (consecutive=0)
update=156 global_step=319488 SPS=722 w_ev=0.999 m_ev=0.958 m_v_bias=-6.6 m_adv_std=35.8522 m_kl_max=0.0166 m_ratio_max=1.520 w_ax@goal=+0.04 w_v@goal=0.58 return=985.5 length=83 success_rate=1.00 collisions/ep=0.42 (n=24)
update=157 global_step=321536 SPS=724 w_ev=0.999 m_ev=0.958 m_v_bias=7.9 m_adv_std=37.1349 m_kl_max=0.0189 m_ratio_max=0.805 w_ax@goal=+0.04 w_v@goal=0.61 return=982.2 length=89 success_rate=1.00 collisions/ep=0.42 (n=24)
update=158 global_step=323584 SPS=727 w_ev=0.999 m_ev=0.865 m_v_bias=16.4 m_adv_std=72.3245 m_kl_max=0.0228 m_ratio_max=0.597 w_ax@goal=-0.14 w_v@goal=0.57 return=985.0 length=85 success_rate=1.00 collisions/ep=0.39 (n=23)
update=159 global_step=325632 SPS=729 w_ev=0.998 m_ev=0.932 m_v_bias=8.6 m_adv_std=48.1592 m_kl_max=0.0095 m_ratio_max=0.399 w_ax@goal=-0.03 w_v@goal=0.57 return=927.7 length=89 success_rate=1.00 collisions/ep=1.50 (n=24)
update=160 global_step=327680 SPS=731 w_ev=0.999 m_ev=0.897 m_v_bias=-1.7 m_adv_std=62.5293 m_kl_max=0.0097 m_ratio_max=0.591 w_ax@goal=-0.07 w_v@goal=0.54 return=955.0 length=88 success_rate=1.00 collisions/ep=0.96 (n=23)
Evaluation at update 160: return=1007.82, length=81.90, success_rate=1.00, collisions/ep=0.00
Solved-check at update 160: solved=False worst_gap=55.70 at p_x0=2.00 p_y0=-1.00 (consecutive=0)
update=161 global_step=329728 SPS=727 w_ev=0.998 m_ev=0.941 m_v_bias=-0.1 m_adv_std=45.8641 m_kl_max=0.0199 m_ratio_max=0.719 w_ax@goal=-0.18 w_v@goal=0.54 return=970.1 length=90 success_rate=1.00 collisions/ep=0.65 (n=23)
update=162 global_step=331776 SPS=730 w_ev=0.999 m_ev=0.900 m_v_bias=4.4 m_adv_std=60.3209 m_kl_max=0.0117 m_ratio_max=0.647 w_ax@goal=-0.17 w_v@goal=0.58 return=954.7 length=91 success_rate=1.00 collisions/ep=0.96 (n=23)
update=163 global_step=333824 SPS=732 w_ev=0.998 m_ev=0.848 m_v_bias=8.7 m_adv_std=72.2720 m_kl_max=0.0139 m_ratio_max=0.560 w_ax@goal=-0.12 w_v@goal=0.62 return=965.7 length=93 success_rate=1.00 collisions/ep=0.67 (n=21)
update=164 global_step=335872 SPS=735 w_ev=0.996 m_ev=0.667 m_v_bias=31.1 m_adv_std=126.0940 m_kl_max=0.0178 m_ratio_max=0.908 w_ax@goal=-0.08 w_v@goal=0.74 return=934.2 length=96 success_rate=1.00 collisions/ep=1.23 (n=22)
update=165 global_step=337920 SPS=737 w_ev=0.997 m_ev=0.827 m_v_bias=-7.8 m_adv_std=82.1171 m_kl_max=0.0173 m_ratio_max=0.669 w_ax@goal=-0.27 w_v@goal=0.68 return=947.8 length=92 success_rate=1.00 collisions/ep=1.00 (n=21)
Evaluation at update 165: return=993.65, length=95.95, success_rate=1.00, collisions/ep=0.00
Solved-check at update 165: solved=False worst_gap=22.94 at p_x0=0.50 p_y0=-1.00 (consecutive=0)
update=166 global_step=339968 SPS=732 w_ev=0.997 m_ev=0.769 m_v_bias=16.6 m_adv_std=100.5469 m_kl_max=0.0141 m_ratio_max=0.502 w_ax@goal=+0.00 w_v@goal=0.75 return=936.5 length=103 success_rate=1.00 collisions/ep=1.05 (n=21)
update=167 global_step=342016 SPS=734 w_ev=0.997 m_ev=0.645 m_v_bias=18.6 m_adv_std=117.7810 m_kl_max=0.0114 m_ratio_max=0.809 w_ax@goal=-0.10 w_v@goal=0.75 return=945.4 length=106 success_rate=1.00 collisions/ep=0.79 (n=19)
update=168 global_step=344064 SPS=736 w_ev=0.995 m_ev=0.646 m_v_bias=41.3 m_adv_std=134.2091 m_kl_max=0.0278 m_ratio_max=0.834 w_ax@goal=-0.12 w_v@goal=0.91 return=909.5 length=109 success_rate=1.00 collisions/ep=1.44 (n=18)
update=169 global_step=346112 SPS=738 w_ev=0.980 m_ev=0.523 m_v_bias=13.5 m_adv_std=154.9799 m_kl_max=0.0186 m_ratio_max=1.184 w_ax@goal=-0.08 w_v@goal=1.03 return=844.5 length=114 success_rate=0.95 collisions/ep=1.53 (n=19)
update=170 global_step=348160 SPS=741 w_ev=0.980 m_ev=0.176 m_v_bias=102.0 m_adv_std=202.7724 m_kl_max=0.0380 m_ratio_max=1.635 w_ax@goal=-0.26 w_v@goal=1.26 return=699.3 length=132 success_rate=0.77 collisions/ep=0.54 (n=13)
Evaluation at update 170: return=-115.18, length=200.00, success_rate=0.00, collisions/ep=0.00
Solved-check at update 170: solved=False worst_gap=1184.99 at p_x0=2.00 p_y0=-1.00 (consecutive=0)
update=171 global_step=350208 SPS=729 w_ev=0.986 m_ev=0.342 m_v_bias=-17.3 m_adv_std=193.5660 m_kl_max=0.0185 m_ratio_max=0.714 w_ax@goal=-0.13 w_v@goal=1.37 return=744.1 length=130 success_rate=0.82 collisions/ep=0.76 (n=17)
update=172 global_step=352256 SPS=731 w_ev=0.989 m_ev=0.276 m_v_bias=46.6 m_adv_std=189.8415 m_kl_max=0.0355 m_ratio_max=2.198 w_ax@goal=-0.19 w_v@goal=1.41 return=733.5 length=150 success_rate=0.83 collisions/ep=0.75 (n=12)
update=173 global_step=354304 SPS=733 w_ev=0.986 m_ev=0.236 m_v_bias=84.3 m_adv_std=219.9472 m_kl_max=0.0334 m_ratio_max=1.298 w_ax@goal=-0.19 w_v@goal=1.49 return=502.9 length=156 success_rate=0.69 collisions/ep=2.46 (n=13)
update=174 global_step=356352 SPS=735 w_ev=0.986 m_ev=0.249 m_v_bias=83.5 m_adv_std=186.9314 m_kl_max=0.0219 m_ratio_max=1.819 w_ax@goal=-0.19 w_v@goal=1.59 return=291.0 length=179 success_rate=0.42 collisions/ep=0.67 (n=12)
update=175 global_step=358400 SPS=737 w_ev=0.984 m_ev=0.348 m_v_bias=-160.8 m_adv_std=228.9221 m_kl_max=0.0327 m_ratio_max=1.470 w_ax@goal=-0.26 w_v@goal=1.61 return=716.0 length=139 success_rate=0.82 collisions/ep=1.24 (n=17)
Evaluation at update 175: return=-125.19, length=200.00, success_rate=0.00, collisions/ep=0.15
Solved-check at update 175: solved=False worst_gap=1187.59 at p_x0=2.00 p_y0=-1.00 (consecutive=0)
update=176 global_step=360448 SPS=725 w_ev=0.984 m_ev=-0.407 m_v_bias=162.1 m_adv_std=159.5487 m_kl_max=0.0073 m_ratio_max=0.457 w_ax@goal=-0.24 w_v@goal=1.79 return=-46.0 length=187 success_rate=0.11 collisions/ep=1.00 (n=9)
update=177 global_step=362496 SPS=727 w_ev=0.983 m_ev=0.013 m_v_bias=68.5 m_adv_std=180.0681 m_kl_max=0.0166 m_ratio_max=0.676 w_ax@goal=-0.22 w_v@goal=1.97 return=132.0 length=184 success_rate=0.27 collisions/ep=0.82 (n=11)
update=178 global_step=364544 SPS=729 w_ev=0.983 m_ev=0.195 m_v_bias=61.0 m_adv_std=161.8721 m_kl_max=0.0169 m_ratio_max=0.768 w_ax@goal=-0.19 w_v@goal=2.16 return=124.6 length=190 success_rate=0.27 collisions/ep=0.82 (n=11)
update=179 global_step=366592 SPS=731 w_ev=0.987 m_ev=0.153 m_v_bias=24.4 m_adv_std=115.5407 m_kl_max=0.0091 m_ratio_max=0.594 w_ax@goal=-0.16 w_v@goal=2.19 return=-77.0 length=197 success_rate=0.10 collisions/ep=1.30 (n=10)
update=180 global_step=368640 SPS=733 w_ev=0.986 m_ev=-1.241 m_v_bias=63.9 m_adv_std=65.1977 m_kl_max=0.0263 m_ratio_max=1.094 w_ax@goal=-0.26 w_v@goal=2.28 return=-172.5 length=200 success_rate=0.00 collisions/ep=1.00 (n=9)
Evaluation at update 180: return=-120.00, length=200.00, success_rate=0.00, collisions/ep=0.00
Solved-check at update 180: solved=False worst_gap=1189.43 at p_x0=2.00 p_y0=-1.00 (consecutive=0)
update=181 global_step=370688 SPS=721 w_ev=0.988 m_ev=0.125 m_v_bias=47.3 m_adv_std=113.8218 m_kl_max=0.0133 m_ratio_max=0.710 w_ax@goal=-0.23 w_v@goal=2.38 return=-88.9 length=197 success_rate=0.08 collisions/ep=1.00 (n=13)
update=182 global_step=372736 SPS=723 w_ev=0.986 m_ev=-0.113 m_v_bias=68.6 m_adv_std=140.8192 m_kl_max=0.0078 m_ratio_max=0.538 w_ax@goal=-0.30 w_v@goal=2.46 return=-381.7 length=200 success_rate=0.00 collisions/ep=5.20 (n=10)
update=183 global_step=374784 SPS=725 w_ev=0.989 m_ev=-0.143 m_v_bias=25.9 m_adv_std=64.4273 m_kl_max=0.0123 m_ratio_max=0.615 w_ax@goal=-0.24 w_v@goal=2.64 return=-228.2 length=200 success_rate=0.00 collisions/ep=2.12 (n=8)
update=184 global_step=376832 SPS=727 w_ev=0.983 m_ev=0.014 m_v_bias=-27.4 m_adv_std=153.9922 m_kl_max=0.0092 m_ratio_max=0.731 w_ax@goal=-0.19 w_v@goal=2.79 return=-122.6 length=195 success_rate=0.08 collisions/ep=1.83 (n=12)
update=185 global_step=378880 SPS=729 w_ev=0.979 m_ev=0.097 m_v_bias=-27.8 m_adv_std=140.1693 m_kl_max=0.0372 m_ratio_max=0.916 w_ax@goal=-0.28 w_v@goal=2.95 return=-43.7 length=199 success_rate=0.10 collisions/ep=0.50 (n=10)
Evaluation at update 185: return=-120.76, length=200.00, success_rate=0.00, collisions/ep=0.00
Solved-check at update 185: solved=False worst_gap=1189.69 at p_x0=2.00 p_y0=-1.00 (consecutive=0)
update=186 global_step=380928 SPS=718 w_ev=0.978 m_ev=-0.022 m_v_bias=-12.7 m_adv_std=145.6955 m_kl_max=0.0120 m_ratio_max=0.777 w_ax@goal=-0.30 w_v@goal=2.93 return=-108.6 length=192 success_rate=0.10 collisions/ep=2.00 (n=10)
update=187 global_step=382976 SPS=720 w_ev=0.988 m_ev=-1.199 m_v_bias=38.5 m_adv_std=53.6104 m_kl_max=0.0133 m_ratio_max=0.656 w_ax@goal=-0.29 w_v@goal=3.00 return=-145.3 length=200 success_rate=0.00 collisions/ep=0.56 (n=9)
update=188 global_step=385024 SPS=722 w_ev=0.990 m_ev=-1.270 m_v_bias=1.5 m_adv_std=32.4428 m_kl_max=0.0360 m_ratio_max=0.915 w_ax@goal=-0.21 w_v@goal=3.09 return=-183.3 length=200 success_rate=0.00 collisions/ep=1.29 (n=14)
update=189 global_step=387072 SPS=723 w_ev=0.977 m_ev=0.034 m_v_bias=-14.4 m_adv_std=140.6835 m_kl_max=0.0055 m_ratio_max=0.823 w_ax@goal=-0.32 w_v@goal=3.16 return=-84.2 length=197 success_rate=0.12 collisions/ep=1.88 (n=8)
update=190 global_step=389120 SPS=725 w_ev=0.988 m_ev=-0.103 m_v_bias=15.9 m_adv_std=79.7250 m_kl_max=0.0113 m_ratio_max=0.502 w_ax@goal=-0.27 w_v@goal=3.20 return=-222.4 length=200 success_rate=0.00 collisions/ep=2.00 (n=9)
Evaluation at update 190: return=-121.16, length=200.00, success_rate=0.00, collisions/ep=0.00
Solved-check at update 190: solved=False worst_gap=1189.65 at p_x0=2.00 p_y0=-1.00 (consecutive=0)
update=191 global_step=391168 SPS=714 w_ev=0.979 m_ev=-0.016 m_v_bias=-24.5 m_adv_std=137.4311 m_kl_max=0.0099 m_ratio_max=0.395 w_ax@goal=-0.27 w_v@goal=3.28 return=-148.9 length=195 success_rate=0.07 collisions/ep=2.21 (n=14)
update=192 global_step=393216 SPS=716 w_ev=0.963 m_ev=0.045 m_v_bias=-40.4 m_adv_std=184.0446 m_kl_max=0.0085 m_ratio_max=0.517 w_ax@goal=-0.20 w_v@goal=3.29 return=79.4 length=185 success_rate=0.22 collisions/ep=0.78 (n=9)
update=193 global_step=395264 SPS=718 w_ev=0.965 m_ev=0.056 m_v_bias=6.8 m_adv_std=175.0857 m_kl_max=0.0069 m_ratio_max=0.430 w_ax@goal=-0.26 w_v@goal=3.26 return=5.9 length=185 success_rate=0.18 collisions/ep=1.45 (n=11)
update=194 global_step=397312 SPS=720 w_ev=0.983 m_ev=-0.008 m_v_bias=1.4 m_adv_std=130.0148 m_kl_max=0.0055 m_ratio_max=0.409 w_ax@goal=-0.25 w_v@goal=3.30 return=-122.6 length=193 success_rate=0.09 collisions/ep=2.09 (n=11)
update=195 global_step=399360 SPS=722 w_ev=0.982 m_ev=0.065 m_v_bias=17.7 m_adv_std=134.3017 m_kl_max=0.0095 m_ratio_max=0.517 w_ax@goal=-0.37 w_v@goal=3.32 return=-89.6 length=192 success_rate=0.09 collisions/ep=1.36 (n=11)
Evaluation at update 195: return=-122.37, length=200.00, success_rate=0.00, collisions/ep=0.00
Solved-check at update 195: solved=False worst_gap=1197.00 at p_x0=2.00 p_y0=-1.00 (consecutive=0)
update=196 global_step=401408 SPS=712 w_ev=0.985 m_ev=-1.492 m_v_bias=14.4 m_adv_std=35.6707 m_kl_max=0.0210 m_ratio_max=1.228 w_ax@goal=-0.27 w_v@goal=3.40 return=-154.5 length=200 success_rate=0.00 collisions/ep=0.67 (n=9)
update=197 global_step=403456 SPS=714 w_ev=0.988 m_ev=-0.307 m_v_bias=25.4 m_adv_std=25.6711 m_kl_max=0.0132 m_ratio_max=1.013 w_ax@goal=-0.35 w_v@goal=3.35 return=-158.5 length=200 success_rate=0.00 collisions/ep=0.73 (n=11)
update=198 global_step=405504 SPS=716 w_ev=0.989 m_ev=-0.317 m_v_bias=16.2 m_adv_std=28.6779 m_kl_max=0.0162 m_ratio_max=0.858 w_ax@goal=-0.35 w_v@goal=3.21 return=-149.3 length=200 success_rate=0.00 collisions/ep=0.50 (n=10)
update=199 global_step=407552 SPS=718 w_ev=0.972 m_ev=0.012 m_v_bias=-58.8 m_adv_std=182.6604 m_kl_max=0.0244 m_ratio_max=0.679 w_ax@goal=-0.38 w_v@goal=3.22 return=-33.8 length=196 success_rate=0.18 collisions/ep=2.00 (n=11)
update=200 global_step=409600 SPS=720 w_ev=0.953 m_ev=0.083 m_v_bias=-43.9 m_adv_std=202.6301 m_kl_max=0.0244 m_ratio_max=0.548 w_ax@goal=-0.33 w_v@goal=3.16 return=84.3 length=186 success_rate=0.27 collisions/ep=1.73 (n=11)
Evaluation at update 200: return=-125.65, length=200.00, success_rate=0.00, collisions/ep=0.05
Solved-check at update 200: solved=False worst_gap=1193.78 at p_x0=2.00 p_y0=-1.00 (consecutive=0)
update=201 global_step=411648 SPS=710 w_ev=0.976 m_ev=0.094 m_v_bias=-10.6 m_adv_std=190.5381 m_kl_max=0.0136 m_ratio_max=0.559 w_ax@goal=-0.30 w_v@goal=3.02 return=-66.2 length=192 success_rate=0.18 collisions/ep=2.73 (n=11)
update=202 global_step=413696 SPS=712 w_ev=0.978 m_ev=0.085 m_v_bias=21.4 m_adv_std=135.1415 m_kl_max=0.0270 m_ratio_max=1.175 w_ax@goal=-0.37 w_v@goal=2.94 return=-112.2 length=194 success_rate=0.10 collisions/ep=2.00 (n=10)
update=203 global_step=415744 SPS=714 w_ev=0.987 m_ev=-0.106 m_v_bias=40.1 m_adv_std=55.4032 m_kl_max=0.0190 m_ratio_max=0.630 w_ax@goal=-0.45 w_v@goal=2.98 return=-176.6 length=200 success_rate=0.00 collisions/ep=1.10 (n=10)
update=204 global_step=417792 SPS=716 w_ev=0.990 m_ev=-0.553 m_v_bias=21.2 m_adv_std=52.0725 m_kl_max=0.0161 m_ratio_max=0.995 w_ax@goal=-0.45 w_v@goal=3.07 return=-223.5 length=200 success_rate=0.00 collisions/ep=2.09 (n=11)
update=205 global_step=419840 SPS=718 w_ev=0.987 m_ev=-0.031 m_v_bias=25.7 m_adv_std=61.9956 m_kl_max=0.0325 m_ratio_max=0.717 w_ax@goal=-0.36 w_v@goal=3.14 return=-232.7 length=200 success_rate=0.00 collisions/ep=2.20 (n=10)
Evaluation at update 205: return=-124.51, length=200.00, success_rate=0.00, collisions/ep=0.00
Solved-check at update 205: solved=False worst_gap=1147.91 at p_x0=2.00 p_y0=-0.50 (consecutive=0)
update=206 global_step=421888 SPS=708 w_ev=0.987 m_ev=0.039 m_v_bias=26.6 m_adv_std=47.6962 m_kl_max=0.0189 m_ratio_max=0.769 w_ax@goal=-0.51 w_v@goal=3.24 return=-209.5 length=200 success_rate=0.00 collisions/ep=1.70 (n=10)
update=207 global_step=423936 SPS=710 w_ev=0.974 m_ev=0.040 m_v_bias=-5.9 m_adv_std=152.1786 m_kl_max=0.0092 m_ratio_max=0.315 w_ax@goal=-0.56 w_v@goal=3.26 return=-151.0 length=198 success_rate=0.10 collisions/ep=2.70 (n=10)
update=208 global_step=425984 SPS=712 w_ev=0.990 m_ev=-0.769 m_v_bias=-8.9 m_adv_std=30.5165 m_kl_max=0.0183 m_ratio_max=0.607 w_ax@goal=-0.43 w_v@goal=3.33 return=-169.4 length=200 success_rate=0.00 collisions/ep=0.91 (n=11)
update=209 global_step=428032 SPS=713 w_ev=0.989 m_ev=-0.113 m_v_bias=0.7 m_adv_std=28.1652 m_kl_max=0.0084 m_ratio_max=0.547 w_ax@goal=-0.33 w_v@goal=3.37 return=-181.4 length=200 success_rate=0.00 collisions/ep=1.22 (n=9)
update=210 global_step=430080 SPS=715 w_ev=0.991 m_ev=-0.010 m_v_bias=7.7 m_adv_std=52.5733 m_kl_max=0.0121 m_ratio_max=0.776 w_ax@goal=-0.28 w_v@goal=3.35 return=-201.2 length=200 success_rate=0.00 collisions/ep=1.73 (n=11)
Evaluation at update 210: return=-120.02, length=200.00, success_rate=0.00, collisions/ep=0.00
Solved-check at update 210: solved=False worst_gap=1140.96 at p_x0=2.00 p_y0=-1.00 (consecutive=0)
update=211 global_step=432128 SPS=706 w_ev=0.991 m_ev=-0.067 m_v_bias=-7.2 m_adv_std=20.0404 m_kl_max=0.0083 m_ratio_max=0.449 w_ax@goal=-0.34 w_v@goal=3.44 return=-179.0 length=200 success_rate=0.00 collisions/ep=1.27 (n=11)
update=212 global_step=434176 SPS=707 w_ev=0.995 m_ev=0.100 m_v_bias=12.2 m_adv_std=49.0062 m_kl_max=0.0181 m_ratio_max=0.708 w_ax@goal=-0.36 w_v@goal=3.52 return=-185.6 length=200 success_rate=0.00 collisions/ep=1.33 (n=9)
update=213 global_step=436224 SPS=709 w_ev=0.940 m_ev=-0.009 m_v_bias=-117.7 m_adv_std=261.2206 m_kl_max=0.0246 m_ratio_max=0.565 w_ax@goal=-0.25 w_v@goal=3.53 return=175.0 length=186 success_rate=0.31 collisions/ep=0.62 (n=13)
update=214 global_step=438272 SPS=711 w_ev=0.975 m_ev=-0.113 m_v_bias=3.5 m_adv_std=136.6008 m_kl_max=0.0136 m_ratio_max=0.904 w_ax@goal=-0.29 w_v@goal=3.33 return=-49.5 length=191 success_rate=0.11 collisions/ep=1.00 (n=9)
update=215 global_step=440320 SPS=712 w_ev=0.973 m_ev=0.048 m_v_bias=37.1 m_adv_std=148.9761 m_kl_max=0.0146 m_ratio_max=0.553 w_ax@goal=-0.35 w_v@goal=3.49 return=-102.5 length=197 success_rate=0.10 collisions/ep=1.70 (n=10)
Evaluation at update 215: return=-119.49, length=200.00, success_rate=0.00, collisions/ep=0.00
Solved-check at update 215: solved=False worst_gap=1188.72 at p_x0=2.00 p_y0=-1.00 (consecutive=0)
update=216 global_step=442368 SPS=706 w_ev=0.976 m_ev=0.006 m_v_bias=-5.0 m_adv_std=146.2485 m_kl_max=0.0114 m_ratio_max=0.998 w_ax@goal=-0.32 w_v@goal=3.49 return=-163.2 length=193 success_rate=0.09 collisions/ep=2.82 (n=11)
update=217 global_step=444416 SPS=709 w_ev=0.976 m_ev=0.062 m_v_bias=-12.9 m_adv_std=122.5530 m_kl_max=0.0230 m_ratio_max=1.100 w_ax@goal=-0.30 w_v@goal=3.45 return=-74.5 length=195 success_rate=0.09 collisions/ep=1.09 (n=11)
update=218 global_step=446464 SPS=711 w_ev=0.987 m_ev=-0.338 m_v_bias=25.3 m_adv_std=31.0098 m_kl_max=0.0152 m_ratio_max=0.546 w_ax@goal=-0.30 w_v@goal=3.43 return=-164.4 length=200 success_rate=0.00 collisions/ep=1.00 (n=8)
update=219 global_step=448512 SPS=714 w_ev=0.990 m_ev=-0.388 m_v_bias=15.6 m_adv_std=26.4524 m_kl_max=0.0090 m_ratio_max=0.657 w_ax@goal=-0.31 w_v@goal=3.45 return=-178.4 length=200 success_rate=0.00 collisions/ep=1.23 (n=13)
update=220 global_step=450560 SPS=716 w_ev=0.991 m_ev=0.016 m_v_bias=8.2 m_adv_std=17.5296 m_kl_max=0.0100 m_ratio_max=0.756 w_ax@goal=-0.27 w_v@goal=3.51 return=-128.2 length=200 success_rate=0.00 collisions/ep=0.20 (n=10)
Evaluation at update 220: return=-118.63, length=200.00, success_rate=0.00, collisions/ep=0.00
Solved-check at update 220: solved=False worst_gap=1139.81 at p_x0=2.00 p_y0=0.00 (consecutive=0)
update=221 global_step=452608 SPS=713 w_ev=0.991 m_ev=0.544 m_v_bias=5.1 m_adv_std=11.6166 m_kl_max=0.0129 m_ratio_max=0.558 w_ax@goal=-0.30 w_v@goal=3.31 return=-133.0 length=200 success_rate=0.00 collisions/ep=0.33 (n=9)
update=222 global_step=454656 SPS=715 w_ev=0.976 m_ev=-0.019 m_v_bias=-13.3 m_adv_std=143.1704 m_kl_max=0.0307 m_ratio_max=0.722 w_ax@goal=-0.31 w_v@goal=3.42 return=-87.5 length=194 success_rate=0.08 collisions/ep=1.17 (n=12)
update=223 global_step=456704 SPS=717 w_ev=0.975 m_ev=0.033 m_v_bias=-48.7 m_adv_std=179.2821 m_kl_max=0.0175 m_ratio_max=0.927 w_ax@goal=-0.25 w_v@goal=3.32 return=9.7 length=188 success_rate=0.17 collisions/ep=1.08 (n=12)
update=224 global_step=458752 SPS=720 w_ev=0.985 m_ev=-1.019 m_v_bias=19.1 m_adv_std=65.8143 m_kl_max=0.0131 m_ratio_max=1.095 w_ax@goal=-0.25 w_v@goal=3.26 return=-156.9 length=200 success_rate=0.00 collisions/ep=0.88 (n=8)
update=225 global_step=460800 SPS=722 w_ev=0.988 m_ev=-0.722 m_v_bias=18.6 m_adv_std=25.5689 m_kl_max=0.0127 m_ratio_max=0.700 w_ax@goal=-0.27 w_v@goal=3.28 return=-203.1 length=200 success_rate=0.00 collisions/ep=1.78 (n=9)
Evaluation at update 225: return=-116.68, length=200.00, success_rate=0.00, collisions/ep=0.00
Solved-check at update 225: solved=False worst_gap=1138.08 at p_x0=2.00 p_y0=-0.50 (consecutive=0)
update=226 global_step=462848 SPS=719 w_ev=0.983 m_ev=0.007 m_v_bias=-24.2 m_adv_std=131.1846 m_kl_max=0.0060 m_ratio_max=0.516 w_ax@goal=-0.23 w_v@goal=3.17 return=-70.8 length=199 success_rate=0.07 collisions/ep=0.57 (n=14)
update=227 global_step=464896 SPS=721 w_ev=0.990 m_ev=-0.043 m_v_bias=18.3 m_adv_std=36.8274 m_kl_max=0.0147 m_ratio_max=0.602 w_ax@goal=-0.24 w_v@goal=3.16 return=-196.6 length=200 success_rate=0.00 collisions/ep=1.56 (n=9)
update=228 global_step=466944 SPS=723 w_ev=0.989 m_ev=-0.217 m_v_bias=8.8 m_adv_std=23.8775 m_kl_max=0.0334 m_ratio_max=1.996 w_ax@goal=-0.20 w_v@goal=3.23 return=-128.8 length=200 success_rate=0.00 collisions/ep=0.25 (n=8)
update=229 global_step=468992 SPS=726 w_ev=0.944 m_ev=-0.012 m_v_bias=-121.6 m_adv_std=289.3716 m_kl_max=0.0121 m_ratio_max=0.503 w_ax@goal=-0.24 w_v@goal=3.10 return=265.9 length=179 success_rate=0.43 collisions/ep=1.50 (n=14)
update=230 global_step=471040 SPS=728 w_ev=0.975 m_ev=0.020 m_v_bias=-23.0 m_adv_std=187.8989 m_kl_max=0.0100 m_ratio_max=0.626 w_ax@goal=-0.22 w_v@goal=3.03 return=98.6 length=178 success_rate=0.25 collisions/ep=1.17 (n=12)
Evaluation at update 230: return=-117.50, length=200.00, success_rate=0.00, collisions/ep=0.00
Solved-check at update 230: solved=False worst_gap=1186.72 at p_x0=2.00 p_y0=-1.00 (consecutive=0)
update=231 global_step=473088 SPS=725 w_ev=0.981 m_ev=-0.864 m_v_bias=54.1 m_adv_std=51.2863 m_kl_max=0.0223 m_ratio_max=0.737 w_ax@goal=-0.30 w_v@goal=3.00 return=-153.2 length=200 success_rate=0.00 collisions/ep=0.78 (n=9)
update=232 global_step=475136 SPS=727 w_ev=0.990 m_ev=-0.975 m_v_bias=46.1 m_adv_std=30.3568 m_kl_max=0.0073 m_ratio_max=0.410 w_ax@goal=-0.26 w_v@goal=3.01 return=-143.2 length=200 success_rate=0.00 collisions/ep=0.44 (n=9)
update=233 global_step=477184 SPS=729 w_ev=0.991 m_ev=0.004 m_v_bias=44.3 m_adv_std=66.7435 m_kl_max=0.0098 m_ratio_max=0.543 w_ax@goal=-0.23 w_v@goal=3.02 return=-182.5 length=200 success_rate=0.00 collisions/ep=1.27 (n=11)
update=234 global_step=479232 SPS=732 w_ev=0.991 m_ev=-1.900 m_v_bias=4.6 m_adv_std=25.4390 m_kl_max=0.0217 m_ratio_max=0.592 w_ax@goal=-0.22 w_v@goal=3.01 return=-186.9 length=200 success_rate=0.00 collisions/ep=1.33 (n=12)
update=235 global_step=481280 SPS=734 w_ev=0.982 m_ev=0.005 m_v_bias=-22.8 m_adv_std=137.3997 m_kl_max=0.0260 m_ratio_max=0.579 w_ax@goal=-0.23 w_v@goal=3.05 return=-36.0 length=193 success_rate=0.11 collisions/ep=0.78 (n=9)
Evaluation at update 235: return=-120.66, length=200.00, success_rate=0.00, collisions/ep=0.00
Solved-check at update 235: solved=False worst_gap=1141.52 at p_x0=2.00 p_y0=0.00 (consecutive=0)
update=236 global_step=483328 SPS=730 w_ev=0.987 m_ev=-0.026 m_v_bias=20.1 m_adv_std=36.4595 m_kl_max=0.0317 m_ratio_max=0.783 w_ax@goal=-0.26 w_v@goal=3.05 return=-192.1 length=200 success_rate=0.00 collisions/ep=1.50 (n=10)
update=237 global_step=485376 SPS=732 w_ev=0.993 m_ev=0.027 m_v_bias=21.2 m_adv_std=60.5985 m_kl_max=0.0586 m_ratio_max=2.056 w_ax@goal=-0.23 w_v@goal=3.08 return=-229.0 length=200 success_rate=0.00 collisions/ep=2.15 (n=13)
update=238 global_step=487424 SPS=735 w_ev=0.991 m_ev=-0.171 m_v_bias=-4.8 m_adv_std=19.9356 m_kl_max=0.0179 m_ratio_max=1.300 w_ax@goal=-0.25 w_v@goal=3.09 return=-142.8 length=200 success_rate=0.00 collisions/ep=0.50 (n=8)
update=239 global_step=489472 SPS=737 w_ev=0.961 m_ev=-0.008 m_v_bias=-83.6 m_adv_std=222.4887 m_kl_max=0.0073 m_ratio_max=0.576 w_ax@goal=-0.19 w_v@goal=3.09 return=195.1 length=196 success_rate=0.33 collisions/ep=0.67 (n=9)
update=240 global_step=491520 SPS=739 w_ev=0.992 m_ev=-5.515 m_v_bias=20.4 m_adv_std=52.2766 m_kl_max=0.0098 m_ratio_max=0.689 w_ax@goal=-0.29 w_v@goal=3.02 return=-130.6 length=200 success_rate=0.00 collisions/ep=0.23 (n=13)
Evaluation at update 240: return=-118.40, length=200.00, success_rate=0.00, collisions/ep=0.00
Solved-check at update 240: solved=False worst_gap=1139.39 at p_x0=2.00 p_y0=-0.50 (consecutive=0)
update=241 global_step=493568 SPS=736 w_ev=0.989 m_ev=0.018 m_v_bias=-15.8 m_adv_std=135.8584 m_kl_max=0.0106 m_ratio_max=0.585 w_ax@goal=-0.27 w_v@goal=3.01 return=-50.8 length=199 success_rate=0.10 collisions/ep=0.80 (n=10)
update=242 global_step=495616 SPS=738 w_ev=0.990 m_ev=-1.702 m_v_bias=17.1 m_adv_std=32.6086 m_kl_max=0.0135 m_ratio_max=0.578 w_ax@goal=-0.24 w_v@goal=3.04 return=-127.6 length=200 success_rate=0.00 collisions/ep=0.25 (n=8)
update=243 global_step=497664 SPS=740 w_ev=0.977 m_ev=0.003 m_v_bias=-27.5 m_adv_std=201.3986 m_kl_max=0.0381 m_ratio_max=1.385 w_ax@goal=-0.25 w_v@goal=3.01 return=21.0 length=192 success_rate=0.18 collisions/ep=1.09 (n=11)
update=244 global_step=499712 SPS=742 w_ev=0.991 m_ev=-0.936 m_v_bias=23.7 m_adv_std=52.1271 m_kl_max=0.0219 m_ratio_max=0.756 w_ax@goal=-0.22 w_v@goal=3.03 return=-166.5 length=200 success_rate=0.00 collisions/ep=1.00 (n=13)
Saved checkpoints to C:\Users\loren\Desktop\MASTER THESIS\5_CODE\scenarios\slalom\studies\extrinsic_sweep\coef_0\runs\hppo_slalom_9_1790268764
