Using device: cpu
Solved-check: precomputed optimal returns for 25 fixed initial conditions (mean=1013.0, min=1011.0, max=1015.0); solved-tolerance=5.0
num_envs=8 num_steps_per_env=256 worker_batch_size=2048 worker_minibatch_size=256 num_updates=244 timesteps=499712 (requested 500000; 288 dropped by integer division)
update=1 global_step=2048 SPS=1187 w_ev=-0.024 m_ev=0.001 m_v_bias=119.8 m_adv_std=96.1659 m_kl_max=0.0027 m_ratio_max=0.428 return=-551.1 length=200 success_rate=0.00 collisions/ep=6.88 (n=8)
update=2 global_step=4096 SPS=1130 w_ev=-0.062 m_ev=-0.199 m_v_bias=5.0 m_adv_std=293.1203 m_kl_max=0.0016 m_ratio_max=0.251 w_ax@goal=+0.20 w_v@goal=-0.17 return=-347.2 length=189 success_rate=0.33 collisions/ep=10.44 (n=9)
update=3 global_step=6144 SPS=1115 w_ev=-0.013 m_ev=0.290 m_v_bias=211.6 m_adv_std=333.6436 m_kl_max=0.0013 m_ratio_max=0.162 w_ax@goal=-0.04 w_v@goal=0.07 return=-546.2 length=185 success_rate=0.22 collisions/ep=12.00 (n=9)
update=4 global_step=8192 SPS=1119 w_ev=0.155 m_ev=0.621 m_v_bias=215.6 m_adv_std=270.8243 m_kl_max=0.0046 m_ratio_max=0.362 w_ax@goal=+0.22 w_v@goal=0.59 return=-1755.3 length=195 success_rate=0.07 collisions/ep=32.71 (n=14)
update=5 global_step=10240 SPS=1109 w_ev=0.171 m_ev=0.443 m_v_bias=-15.7 m_adv_std=285.3787 m_kl_max=0.0134 m_ratio_max=0.807 w_ax@goal=+0.28 w_v@goal=0.61 return=-968.0 length=190 success_rate=0.25 collisions/ep=21.25 (n=8)
Evaluation at update 5: return=-5263.66, length=200.00, success_rate=0.00, collisions/ep=101.05
Solved-check at update 5: solved=False worst_gap=8525.01 at p_x0=0.00 p_y0=1.00 (consecutive=0)
update=6 global_step=12288 SPS=492 w_ev=0.159 m_ev=0.185 m_v_bias=-59.5 m_adv_std=290.8086 m_kl_max=0.0116 m_ratio_max=0.578 w_ax@goal=-0.11 w_v@goal=0.49 return=-884.4 length=194 success_rate=0.08 collisions/ep=15.58 (n=12)
update=7 global_step=14336 SPS=536 w_ev=0.313 m_ev=-0.163 m_v_bias=-20.9 m_adv_std=218.4837 m_kl_max=0.0159 m_ratio_max=0.592 w_ax@goal=+1.08 w_v@goal=0.56 return=-1008.2 length=200 success_rate=0.00 collisions/ep=16.11 (n=9)
update=8 global_step=16384 SPS=574 w_ev=0.188 m_ev=-0.194 m_v_bias=-72.0 m_adv_std=124.1885 m_kl_max=0.0318 m_ratio_max=0.969 return=-751.9 length=200 success_rate=0.00 collisions/ep=11.00 (n=11)
update=9 global_step=18432 SPS=606 w_ev=0.135 m_ev=0.254 m_v_bias=-116.6 m_adv_std=296.5821 m_kl_max=0.0205 m_ratio_max=0.845 w_ax@goal=+0.19 w_v@goal=0.51 return=-268.8 length=180 success_rate=0.36 collisions/ep=9.82 (n=11)
update=10 global_step=20480 SPS=634 w_ev=0.127 m_ev=0.731 m_v_bias=-144.9 m_adv_std=214.1022 m_kl_max=0.0276 m_ratio_max=0.702 w_ax@goal=+0.16 w_v@goal=0.66 return=-191.1 length=179 success_rate=0.50 collisions/ep=11.17 (n=12)
Evaluation at update 10: return=-131.37, length=181.35, success_rate=0.30, collisions/ep=5.35
Solved-check at update 10: solved=False worst_gap=1241.01 at p_x0=2.00 p_y0=1.00 (consecutive=0)
update=11 global_step=22528 SPS=493 w_ev=0.288 m_ev=0.563 m_v_bias=54.3 m_adv_std=244.5942 m_kl_max=0.0114 m_ratio_max=0.547 w_ax@goal=+0.27 w_v@goal=0.31 return=-490.8 length=185 success_rate=0.27 collisions/ep=12.09 (n=11)
update=12 global_step=24576 SPS=515 w_ev=0.359 m_ev=0.223 m_v_bias=15.0 m_adv_std=280.3173 m_kl_max=0.0105 m_ratio_max=0.454 w_ax@goal=+0.42 w_v@goal=0.44 return=-473.9 length=193 success_rate=0.18 collisions/ep=9.82 (n=11)
update=13 global_step=26624 SPS=536 w_ev=0.439 m_ev=0.390 m_v_bias=-29.1 m_adv_std=246.1139 m_kl_max=0.0128 m_ratio_max=0.675 w_ax@goal=-0.03 w_v@goal=0.68 return=-298.7 length=175 success_rate=0.33 collisions/ep=10.08 (n=12)
update=14 global_step=28672 SPS=557 w_ev=0.437 m_ev=0.433 m_v_bias=-73.0 m_adv_std=250.5437 m_kl_max=0.0180 m_ratio_max=0.548 w_ax@goal=-0.10 w_v@goal=0.37 return=-16.4 length=173 success_rate=0.38 collisions/ep=5.54 (n=13)
update=15 global_step=30720 SPS=576 w_ev=0.667 m_ev=0.581 m_v_bias=-85.7 m_adv_std=232.4454 m_kl_max=0.0222 m_ratio_max=0.576 w_ax@goal=+0.10 w_v@goal=0.69 return=419.4 length=150 success_rate=0.83 collisions/ep=7.00 (n=12)
Evaluation at update 15: return=531.79, length=85.00, success_rate=1.00, collisions/ep=9.45
Solved-check at update 15: solved=False worst_gap=510.32 at p_x0=2.00 p_y0=0.50 (consecutive=0)
update=16 global_step=32768 SPS=536 w_ev=0.764 m_ev=0.519 m_v_bias=2.2 m_adv_std=254.8666 m_kl_max=0.0220 m_ratio_max=0.610 w_ax@goal=-0.16 w_v@goal=0.75 return=149.8 length=165 success_rate=0.60 collisions/ep=7.20 (n=15)
update=17 global_step=34816 SPS=553 w_ev=0.700 m_ev=0.441 m_v_bias=-16.1 m_adv_std=242.4766 m_kl_max=0.0181 m_ratio_max=0.491 w_ax@goal=-0.24 w_v@goal=0.81 return=169.7 length=153 success_rate=0.67 collisions/ep=8.50 (n=12)
update=18 global_step=36864 SPS=566 w_ev=0.767 m_ev=0.536 m_v_bias=17.1 m_adv_std=256.7528 m_kl_max=0.0199 m_ratio_max=0.581 w_ax@goal=-0.09 w_v@goal=1.12 return=230.3 length=142 success_rate=0.79 collisions/ep=9.79 (n=14)
update=19 global_step=38912 SPS=579 w_ev=0.851 m_ev=0.418 m_v_bias=3.6 m_adv_std=293.3061 m_kl_max=0.0319 m_ratio_max=1.329 w_ax@goal=-0.18 w_v@goal=1.04 return=409.1 length=123 success_rate=0.82 collisions/ep=7.53 (n=17)
update=20 global_step=40960 SPS=592 w_ev=0.908 m_ev=0.421 m_v_bias=-51.5 m_adv_std=275.0022 m_kl_max=0.0212 m_ratio_max=0.579 w_ax@goal=-0.18 w_v@goal=1.19 return=429.6 length=130 success_rate=0.78 collisions/ep=6.06 (n=18)
Evaluation at update 20: return=-978.65, length=200.00, success_rate=0.00, collisions/ep=17.15
Solved-check at update 20: solved=False worst_gap=2039.39 at p_x0=2.00 p_y0=0.00 (consecutive=0)
update=21 global_step=43008 SPS=507 w_ev=0.941 m_ev=0.422 m_v_bias=-50.7 m_adv_std=252.2771 m_kl_max=0.0220 m_ratio_max=0.673 w_ax@goal=-0.20 w_v@goal=1.16 return=499.3 length=126 success_rate=0.86 collisions/ep=6.43 (n=14)
update=22 global_step=45056 SPS=518 w_ev=0.948 m_ev=0.566 m_v_bias=-40.7 m_adv_std=199.1552 m_kl_max=0.0157 m_ratio_max=0.430 w_ax@goal=-0.14 w_v@goal=1.05 return=528.9 length=134 success_rate=0.88 collisions/ep=6.06 (n=16)
update=23 global_step=47104 SPS=531 w_ev=0.970 m_ev=0.350 m_v_bias=6.8 m_adv_std=245.8086 m_kl_max=0.0137 m_ratio_max=0.492 w_ax@goal=-0.29 w_v@goal=0.98 return=479.7 length=123 success_rate=0.80 collisions/ep=5.73 (n=15)
update=24 global_step=49152 SPS=544 w_ev=0.954 m_ev=0.363 m_v_bias=67.8 m_adv_std=243.2443 m_kl_max=0.0135 m_ratio_max=0.576 w_ax@goal=-0.26 w_v@goal=0.98 return=230.2 length=140 success_rate=0.67 collisions/ep=7.60 (n=15)
update=25 global_step=51200 SPS=555 w_ev=0.972 m_ev=0.238 m_v_bias=48.3 m_adv_std=303.1565 m_kl_max=0.0150 m_ratio_max=0.414 w_ax@goal=-0.19 w_v@goal=1.06 return=506.9 length=126 success_rate=0.87 collisions/ep=6.53 (n=15)
Evaluation at update 25: return=-902.63, length=200.00, success_rate=0.00, collisions/ep=15.65
Solved-check at update 25: solved=False worst_gap=2038.95 at p_x0=2.00 p_y0=0.50 (consecutive=0)
update=26 global_step=53248 SPS=494 w_ev=0.954 m_ev=0.147 m_v_bias=64.8 m_adv_std=259.3436 m_kl_max=0.0107 m_ratio_max=0.512 w_ax@goal=-0.31 w_v@goal=1.35 return=16.2 length=161 success_rate=0.50 collisions/ep=8.07 (n=14)
update=27 global_step=55296 SPS=504 w_ev=0.952 m_ev=0.326 m_v_bias=-23.9 m_adv_std=270.8034 m_kl_max=0.0140 m_ratio_max=0.656 w_ax@goal=-0.25 w_v@goal=1.21 return=311.5 length=147 success_rate=0.73 collisions/ep=7.27 (n=15)
update=28 global_step=57344 SPS=513 w_ev=0.969 m_ev=0.205 m_v_bias=51.0 m_adv_std=247.9047 m_kl_max=0.0139 m_ratio_max=0.619 w_ax@goal=-0.27 w_v@goal=1.20 return=102.8 length=163 success_rate=0.55 collisions/ep=7.18 (n=11)
update=29 global_step=59392 SPS=522 w_ev=0.980 m_ev=0.339 m_v_bias=-76.2 m_adv_std=263.2824 m_kl_max=0.0111 m_ratio_max=0.573 w_ax@goal=-0.25 w_v@goal=1.16 return=566.9 length=140 success_rate=0.79 collisions/ep=3.36 (n=14)
update=30 global_step=61440 SPS=531 w_ev=0.986 m_ev=0.379 m_v_bias=62.8 m_adv_std=238.9656 m_kl_max=0.0055 m_ratio_max=0.357 w_ax@goal=-0.12 w_v@goal=1.06 return=70.1 length=166 success_rate=0.50 collisions/ep=7.00 (n=14)
Evaluation at update 30: return=-583.97, length=200.00, success_rate=0.00, collisions/ep=9.30
Solved-check at update 30: solved=False worst_gap=1629.79 at p_x0=1.00 p_y0=1.00 (consecutive=0)
update=31 global_step=63488 SPS=484 w_ev=0.984 m_ev=0.265 m_v_bias=-8.2 m_adv_std=260.4676 m_kl_max=0.0147 m_ratio_max=0.774 w_ax@goal=-0.18 w_v@goal=0.98 return=196.9 length=163 success_rate=0.67 collisions/ep=7.83 (n=12)
update=32 global_step=65536 SPS=492 w_ev=0.989 m_ev=0.084 m_v_bias=75.7 m_adv_std=253.1648 m_kl_max=0.0052 m_ratio_max=0.318 w_ax@goal=-0.21 w_v@goal=0.90 return=186.8 length=148 success_rate=0.58 collisions/ep=6.67 (n=12)
update=33 global_step=67584 SPS=500 w_ev=0.990 m_ev=0.189 m_v_bias=21.8 m_adv_std=238.9939 m_kl_max=0.0272 m_ratio_max=0.732 w_ax@goal=-0.18 w_v@goal=0.98 return=-36.8 length=174 success_rate=0.38 collisions/ep=6.62 (n=13)
update=34 global_step=69632 SPS=508 w_ev=0.993 m_ev=0.303 m_v_bias=-60.5 m_adv_std=286.8367 m_kl_max=0.0042 m_ratio_max=0.308 w_ax@goal=-0.13 w_v@goal=0.86 return=448.7 length=148 success_rate=0.75 collisions/ep=4.83 (n=12)
update=35 global_step=71680 SPS=516 w_ev=0.993 m_ev=0.415 m_v_bias=-43.9 m_adv_std=228.1467 m_kl_max=0.0170 m_ratio_max=0.736 w_ax@goal=-0.17 w_v@goal=0.86 return=44.1 length=171 success_rate=0.50 collisions/ep=7.50 (n=14)
Evaluation at update 35: return=-217.83, length=200.00, success_rate=0.00, collisions/ep=2.00
Solved-check at update 35: solved=False worst_gap=1570.67 at p_x0=0.00 p_y0=-0.50 (consecutive=0)
update=36 global_step=73728 SPS=478 w_ev=0.992 m_ev=0.261 m_v_bias=47.7 m_adv_std=203.6281 m_kl_max=0.0202 m_ratio_max=0.738 w_ax@goal=-0.22 w_v@goal=0.86 return=3.9 length=167 success_rate=0.44 collisions/ep=7.22 (n=9)
update=37 global_step=75776 SPS=486 w_ev=0.993 m_ev=0.289 m_v_bias=-0.9 m_adv_std=248.2536 m_kl_max=0.0120 m_ratio_max=0.416 w_ax@goal=-0.07 w_v@goal=0.77 return=17.9 length=184 success_rate=0.40 collisions/ep=5.73 (n=15)
update=38 global_step=77824 SPS=493 w_ev=0.996 m_ev=0.345 m_v_bias=-57.9 m_adv_std=243.6970 m_kl_max=0.0121 m_ratio_max=0.607 w_ax@goal=-0.13 w_v@goal=0.81 return=358.3 length=152 success_rate=0.67 collisions/ep=4.92 (n=12)
update=39 global_step=79872 SPS=499 w_ev=0.997 m_ev=0.433 m_v_bias=-28.9 m_adv_std=251.4603 m_kl_max=0.0165 m_ratio_max=0.474 w_ax@goal=-0.10 w_v@goal=0.66 return=428.2 length=146 success_rate=0.79 collisions/ep=6.00 (n=14)
update=40 global_step=81920 SPS=506 w_ev=0.995 m_ev=0.305 m_v_bias=36.7 m_adv_std=194.4647 m_kl_max=0.0068 m_ratio_max=0.484 w_ax@goal=-0.08 w_v@goal=0.74 return=49.8 length=170 success_rate=0.45 collisions/ep=6.45 (n=11)
Evaluation at update 40: return=-168.69, length=200.00, success_rate=0.00, collisions/ep=1.10
Solved-check at update 40: solved=False worst_gap=1632.50 at p_x0=2.00 p_y0=-1.00 (consecutive=0)
update=41 global_step=83968 SPS=473 w_ev=0.996 m_ev=0.499 m_v_bias=-38.1 m_adv_std=208.7946 m_kl_max=0.0088 m_ratio_max=0.374 w_ax@goal=-0.05 w_v@goal=0.81 return=481.4 length=169 success_rate=0.75 collisions/ep=3.92 (n=12)
update=42 global_step=86016 SPS=480 w_ev=0.995 m_ev=0.516 m_v_bias=-35.3 m_adv_std=183.9449 m_kl_max=0.0086 m_ratio_max=0.362 w_ax@goal=-0.06 w_v@goal=0.74 return=385.4 length=171 success_rate=0.69 collisions/ep=4.46 (n=13)
update=43 global_step=88064 SPS=486 w_ev=0.995 m_ev=0.529 m_v_bias=39.6 m_adv_std=182.5904 m_kl_max=0.0190 m_ratio_max=0.820 w_ax@goal=-0.04 w_v@goal=0.74 return=388.0 length=177 success_rate=0.73 collisions/ep=5.00 (n=11)
update=44 global_step=90112 SPS=492 w_ev=0.994 m_ev=0.499 m_v_bias=48.7 m_adv_std=189.0953 m_kl_max=0.0037 m_ratio_max=0.378 w_ax@goal=-0.04 w_v@goal=0.84 return=188.6 length=177 success_rate=0.50 collisions/ep=4.42 (n=12)
update=45 global_step=92160 SPS=497 w_ev=0.994 m_ev=0.300 m_v_bias=-35.7 m_adv_std=195.9261 m_kl_max=0.0183 m_ratio_max=0.951 w_ax@goal=-0.05 w_v@goal=0.87 return=323.7 length=175 success_rate=0.55 collisions/ep=2.73 (n=11)
Evaluation at update 45: return=-165.83, length=200.00, success_rate=0.00, collisions/ep=1.00
Solved-check at update 45: solved=False worst_gap=1184.64 at p_x0=2.00 p_y0=-1.00 (consecutive=0)
update=46 global_step=94208 SPS=469 w_ev=0.993 m_ev=0.406 m_v_bias=92.1 m_adv_std=153.2361 m_kl_max=0.0064 m_ratio_max=0.430 w_ax@goal=-0.04 w_v@goal=0.89 return=9.1 length=196 success_rate=0.22 collisions/ep=2.11 (n=9)
update=47 global_step=96256 SPS=475 w_ev=0.992 m_ev=0.438 m_v_bias=44.6 m_adv_std=165.8361 m_kl_max=0.0118 m_ratio_max=0.658 w_ax@goal=-0.07 w_v@goal=0.96 return=-141.9 length=196 success_rate=0.23 collisions/ep=5.31 (n=13)
update=48 global_step=98304 SPS=481 w_ev=0.992 m_ev=0.371 m_v_bias=-8.9 m_adv_std=173.9024 m_kl_max=0.0032 m_ratio_max=0.312 w_ax@goal=-0.08 w_v@goal=1.02 return=62.0 length=184 success_rate=0.40 collisions/ep=4.80 (n=10)
update=49 global_step=100352 SPS=486 w_ev=0.993 m_ev=0.452 m_v_bias=53.9 m_adv_std=130.1346 m_kl_max=0.0376 m_ratio_max=0.942 w_ax@goal=-0.10 w_v@goal=1.08 return=-194.1 length=199 success_rate=0.10 collisions/ep=3.60 (n=10)
update=50 global_step=102400 SPS=492 w_ev=0.994 m_ev=0.372 m_v_bias=-0.5 m_adv_std=195.5678 m_kl_max=0.0151 m_ratio_max=0.571 w_ax@goal=-0.03 w_v@goal=1.04 return=-16.2 length=193 success_rate=0.30 collisions/ep=4.20 (n=10)
Evaluation at update 50: return=-202.86, length=200.00, success_rate=0.00, collisions/ep=1.75
Solved-check at update 50: solved=False worst_gap=1518.26 at p_x0=0.00 p_y0=1.00 (consecutive=0)
update=51 global_step=104448 SPS=467 w_ev=0.995 m_ev=0.464 m_v_bias=-30.6 m_adv_std=176.4605 m_kl_max=0.0019 m_ratio_max=0.228 w_ax@goal=-0.04 w_v@goal=1.00 return=-154.9 length=195 success_rate=0.25 collisions/ep=5.92 (n=12)
update=52 global_step=106496 SPS=472 w_ev=0.995 m_ev=0.524 m_v_bias=-17.2 m_adv_std=182.7370 m_kl_max=0.0147 m_ratio_max=0.576 w_ax@goal=-0.04 w_v@goal=1.03 return=160.1 length=192 success_rate=0.40 collisions/ep=2.70 (n=10)
update=53 global_step=108544 SPS=477 w_ev=0.994 m_ev=0.489 m_v_bias=-4.0 m_adv_std=148.0235 m_kl_max=0.0082 m_ratio_max=0.372 w_ax@goal=-0.06 w_v@goal=1.03 return=-189.3 length=199 success_rate=0.20 collisions/ep=5.60 (n=10)
update=54 global_step=110592 SPS=482 w_ev=0.995 m_ev=0.471 m_v_bias=58.5 m_adv_std=138.5892 m_kl_max=0.0087 m_ratio_max=0.515 w_ax@goal=-0.04 w_v@goal=1.02 return=-198.9 length=199 success_rate=0.09 collisions/ep=3.55 (n=11)
update=55 global_step=112640 SPS=487 w_ev=0.995 m_ev=0.395 m_v_bias=48.1 m_adv_std=100.3244 m_kl_max=0.0087 m_ratio_max=0.582 w_ax@goal=-0.07 w_v@goal=1.16 return=-368.9 length=200 success_rate=0.00 collisions/ep=5.00 (n=10)
Evaluation at update 55: return=-164.87, length=200.00, success_rate=0.00, collisions/ep=1.00
Solved-check at update 55: solved=False worst_gap=1333.65 at p_x0=2.00 p_y0=-1.00 (consecutive=0)
update=56 global_step=114688 SPS=464 w_ev=0.994 m_ev=0.358 m_v_bias=-72.0 m_adv_std=208.1857 m_kl_max=0.0098 m_ratio_max=0.561 w_ax@goal=-0.07 w_v@goal=1.08 return=70.8 length=189 success_rate=0.40 collisions/ep=4.60 (n=10)
update=57 global_step=116736 SPS=468 w_ev=0.991 m_ev=0.462 m_v_bias=-8.2 m_adv_std=180.8744 m_kl_max=0.0126 m_ratio_max=0.449 w_ax@goal=-0.03 w_v@goal=1.12 return=-114.9 length=193 success_rate=0.27 collisions/ep=5.64 (n=11)
update=58 global_step=118784 SPS=473 w_ev=0.994 m_ev=0.519 m_v_bias=-19.6 m_adv_std=167.2152 m_kl_max=0.0249 m_ratio_max=0.927 w_ax@goal=-0.05 w_v@goal=1.12 return=-29.9 length=191 success_rate=0.30 collisions/ep=4.50 (n=10)
update=59 global_step=120832 SPS=478 w_ev=0.993 m_ev=0.375 m_v_bias=10.1 m_adv_std=211.6068 m_kl_max=0.0042 m_ratio_max=0.333 w_ax@goal=-0.04 w_v@goal=1.04 return=4.9 length=187 success_rate=0.29 collisions/ep=3.57 (n=14)
update=60 global_step=122880 SPS=483 w_ev=0.993 m_ev=0.222 m_v_bias=1.2 m_adv_std=118.9803 m_kl_max=0.0077 m_ratio_max=0.633 w_ax@goal=-0.07 w_v@goal=1.13 return=-251.2 length=194 success_rate=0.12 collisions/ep=5.38 (n=8)
Evaluation at update 60: return=-165.49, length=200.00, success_rate=0.00, collisions/ep=1.00
Solved-check at update 60: solved=False worst_gap=1334.28 at p_x0=2.00 p_y0=-1.00 (consecutive=0)
update=61 global_step=124928 SPS=463 w_ev=0.995 m_ev=0.172 m_v_bias=30.3 m_adv_std=141.1764 m_kl_max=0.0060 m_ratio_max=0.557 w_ax@goal=-0.06 w_v@goal=1.10 return=-90.5 length=192 success_rate=0.09 collisions/ep=1.55 (n=11)
update=62 global_step=126976 SPS=467 w_ev=0.995 m_ev=0.249 m_v_bias=-5.1 m_adv_std=171.0269 m_kl_max=0.0074 m_ratio_max=0.589 w_ax@goal=-0.00 w_v@goal=1.04 return=-2.1 length=193 success_rate=0.27 collisions/ep=3.36 (n=11)
update=63 global_step=129024 SPS=471 w_ev=0.992 m_ev=0.307 m_v_bias=35.8 m_adv_std=226.1172 m_kl_max=0.0175 m_ratio_max=0.502 w_ax@goal=-0.07 w_v@goal=1.11 return=-101.5 length=188 success_rate=0.30 collisions/ep=6.00 (n=10)
update=64 global_step=131072 SPS=476 w_ev=0.994 m_ev=0.254 m_v_bias=-7.5 m_adv_std=142.9242 m_kl_max=0.0093 m_ratio_max=0.451 w_ax@goal=-0.04 w_v@goal=1.15 return=-310.3 length=200 success_rate=0.09 collisions/ep=5.73 (n=11)
update=65 global_step=133120 SPS=480 w_ev=0.993 m_ev=0.366 m_v_bias=-30.6 m_adv_std=213.6677 m_kl_max=0.0075 m_ratio_max=0.539 w_ax@goal=-0.03 w_v@goal=1.20 return=-10.9 length=192 success_rate=0.33 collisions/ep=4.83 (n=12)
Evaluation at update 65: return=-165.71, length=200.00, success_rate=0.00, collisions/ep=1.00
Solved-check at update 65: solved=False worst_gap=1184.50 at p_x0=2.00 p_y0=0.50 (consecutive=0)
update=66 global_step=135168 SPS=461 w_ev=0.994 m_ev=-0.162 m_v_bias=22.3 m_adv_std=110.9969 m_kl_max=0.0132 m_ratio_max=0.539 w_ax@goal=-0.05 w_v@goal=1.24 return=-376.8 length=200 success_rate=0.00 collisions/ep=5.22 (n=9)
update=67 global_step=137216 SPS=465 w_ev=0.994 m_ev=0.181 m_v_bias=-5.4 m_adv_std=145.2252 m_kl_max=0.0039 m_ratio_max=0.354 w_ax@goal=-0.02 w_v@goal=1.11 return=47.2 length=195 success_rate=0.22 collisions/ep=1.33 (n=9)
update=68 global_step=139264 SPS=468 w_ev=0.993 m_ev=0.275 m_v_bias=-6.1 m_adv_std=207.9008 m_kl_max=0.0137 m_ratio_max=0.471 w_ax@goal=-0.04 w_v@goal=1.16 return=67.7 length=195 success_rate=0.29 collisions/ep=2.21 (n=14)
update=69 global_step=141312 SPS=472 w_ev=0.995 m_ev=0.271 m_v_bias=-17.3 m_adv_std=159.3477 m_kl_max=0.0130 m_ratio_max=0.706 w_ax@goal=-0.03 w_v@goal=1.24 return=-89.1 length=187 success_rate=0.25 collisions/ep=4.75 (n=8)
update=70 global_step=143360 SPS=476 w_ev=0.995 m_ev=0.293 m_v_bias=52.7 m_adv_std=143.7800 m_kl_max=0.0074 m_ratio_max=0.781 w_ax@goal=-0.06 w_v@goal=1.20 return=-146.3 length=195 success_rate=0.10 collisions/ep=2.70 (n=10)
Evaluation at update 70: return=-165.83, length=200.00, success_rate=0.00, collisions/ep=1.00
Solved-check at update 70: solved=False worst_gap=1184.63 at p_x0=2.00 p_y0=0.50 (consecutive=0)
update=71 global_step=145408 SPS=459 w_ev=0.995 m_ev=0.318 m_v_bias=37.1 m_adv_std=143.3968 m_kl_max=0.0094 m_ratio_max=0.644 w_ax@goal=-0.04 w_v@goal=1.19 return=-296.6 length=196 success_rate=0.08 collisions/ep=5.42 (n=12)
update=72 global_step=147456 SPS=463 w_ev=0.996 m_ev=0.185 m_v_bias=-0.1 m_adv_std=145.9765 m_kl_max=0.0214 m_ratio_max=0.537 w_ax@goal=-0.06 w_v@goal=1.21 return=-123.2 length=196 success_rate=0.10 collisions/ep=2.30 (n=10)
update=73 global_step=149504 SPS=467 w_ev=0.995 m_ev=0.231 m_v_bias=33.1 m_adv_std=76.8766 m_kl_max=0.0115 m_ratio_max=0.563 w_ax@goal=-0.03 w_v@goal=1.26 return=-364.8 length=200 success_rate=0.00 collisions/ep=5.00 (n=10)
update=74 global_step=151552 SPS=470 w_ev=0.993 m_ev=-0.000 m_v_bias=5.9 m_adv_std=151.5978 m_kl_max=0.0100 m_ratio_max=0.415 w_ax@goal=-0.03 w_v@goal=1.25 return=-131.1 length=196 success_rate=0.10 collisions/ep=2.50 (n=10)
update=75 global_step=153600 SPS=474 w_ev=0.994 m_ev=0.097 m_v_bias=-39.0 m_adv_std=171.0510 m_kl_max=0.0070 m_ratio_max=0.352 w_ax@goal=-0.04 w_v@goal=1.21 return=-103.7 length=198 success_rate=0.17 collisions/ep=3.17 (n=12)
Evaluation at update 75: return=-115.06, length=200.00, success_rate=0.00, collisions/ep=0.00
Solved-check at update 75: solved=False worst_gap=1183.87 at p_x0=2.00 p_y0=-1.00 (consecutive=0)
update=76 global_step=155648 SPS=458 w_ev=0.994 m_ev=0.154 m_v_bias=-39.8 m_adv_std=207.1287 m_kl_max=0.0241 m_ratio_max=0.875 w_ax@goal=-0.03 w_v@goal=1.19 return=144.6 length=196 success_rate=0.30 collisions/ep=1.00 (n=10)
update=77 global_step=157696 SPS=462 w_ev=0.997 m_ev=0.018 m_v_bias=36.3 m_adv_std=70.2430 m_kl_max=0.0387 m_ratio_max=1.981 w_ax@goal=-0.05 w_v@goal=1.19 return=-276.3 length=200 success_rate=0.00 collisions/ep=3.33 (n=9)
update=78 global_step=159744 SPS=465 w_ev=0.996 m_ev=0.153 m_v_bias=-26.5 m_adv_std=174.6703 m_kl_max=0.0098 m_ratio_max=0.612 w_ax@goal=-0.03 w_v@goal=1.17 return=-100.9 length=190 success_rate=0.17 collisions/ep=3.33 (n=12)
update=79 global_step=161792 SPS=468 w_ev=0.994 m_ev=0.104 m_v_bias=-11.0 m_adv_std=176.7463 m_kl_max=0.0083 m_ratio_max=0.379 w_ax@goal=-0.03 w_v@goal=1.17 return=-94.8 length=188 success_rate=0.18 collisions/ep=3.55 (n=11)
update=80 global_step=163840 SPS=472 w_ev=0.996 m_ev=-0.245 m_v_bias=29.2 m_adv_std=56.7087 m_kl_max=0.0097 m_ratio_max=0.591 w_ax@goal=-0.04 w_v@goal=1.25 return=-227.3 length=200 success_rate=0.00 collisions/ep=2.30 (n=10)
Evaluation at update 80: return=-117.57, length=200.00, success_rate=0.00, collisions/ep=0.05
Solved-check at update 80: solved=False worst_gap=1283.88 at p_x0=2.00 p_y0=-1.00 (consecutive=0)
update=81 global_step=165888 SPS=457 w_ev=0.995 m_ev=0.108 m_v_bias=4.8 m_adv_std=141.3547 m_kl_max=0.0128 m_ratio_max=0.520 w_ax@goal=-0.05 w_v@goal=1.25 return=-141.5 length=199 success_rate=0.09 collisions/ep=2.36 (n=11)
update=82 global_step=167936 SPS=460 w_ev=0.995 m_ev=0.101 m_v_bias=-61.0 m_adv_std=210.9186 m_kl_max=0.0041 m_ratio_max=0.454 w_ax@goal=-0.03 w_v@goal=1.22 return=83.8 length=187 success_rate=0.27 collisions/ep=1.82 (n=11)
update=83 global_step=169984 SPS=464 w_ev=0.994 m_ev=0.190 m_v_bias=-37.0 m_adv_std=205.0051 m_kl_max=0.0043 m_ratio_max=0.324 w_ax@goal=-0.06 w_v@goal=1.15 return=67.9 length=182 success_rate=0.36 collisions/ep=4.00 (n=11)
update=84 global_step=172032 SPS=467 w_ev=0.994 m_ev=-0.013 m_v_bias=29.3 m_adv_std=125.2948 m_kl_max=0.0057 m_ratio_max=0.453 w_ax@goal=-0.04 w_v@goal=1.12 return=-126.5 length=194 success_rate=0.12 collisions/ep=2.88 (n=8)
update=85 global_step=174080 SPS=470 w_ev=0.996 m_ev=0.179 m_v_bias=39.7 m_adv_std=161.0012 m_kl_max=0.0111 m_ratio_max=0.448 w_ax@goal=-0.03 w_v@goal=1.19 return=-181.4 length=199 success_rate=0.08 collisions/ep=2.92 (n=13)
Evaluation at update 85: return=-115.29, length=200.00, success_rate=0.00, collisions/ep=0.00
Solved-check at update 85: solved=False worst_gap=1184.10 at p_x0=2.00 p_y0=0.50 (consecutive=0)
update=86 global_step=176128 SPS=455 w_ev=0.993 m_ev=0.250 m_v_bias=-55.8 m_adv_std=195.1385 m_kl_max=0.0165 m_ratio_max=0.658 w_ax@goal=-0.03 w_v@goal=1.27 return=-18.4 length=191 success_rate=0.27 collisions/ep=3.73 (n=11)
update=87 global_step=178176 SPS=458 w_ev=0.996 m_ev=-1.029 m_v_bias=24.9 m_adv_std=78.7736 m_kl_max=0.0291 m_ratio_max=1.171 w_ax@goal=-0.04 w_v@goal=1.21 return=-207.4 length=200 success_rate=0.00 collisions/ep=1.88 (n=8)
update=88 global_step=180224 SPS=461 w_ev=0.994 m_ev=-0.148 m_v_bias=46.4 m_adv_std=52.9594 m_kl_max=0.0081 m_ratio_max=0.517 w_ax@goal=-0.02 w_v@goal=1.33 return=-183.0 length=200 success_rate=0.00 collisions/ep=1.33 (n=12)
update=89 global_step=182272 SPS=464 w_ev=0.996 m_ev=0.103 m_v_bias=32.9 m_adv_std=53.9028 m_kl_max=0.0074 m_ratio_max=0.449 w_ax@goal=-0.04 w_v@goal=1.33 return=-187.4 length=200 success_rate=0.00 collisions/ep=1.56 (n=9)
update=90 global_step=184320 SPS=467 w_ev=0.993 m_ev=0.043 m_v_bias=-1.0 m_adv_std=137.6185 m_kl_max=0.0302 m_ratio_max=0.645 w_ax@goal=-0.05 w_v@goal=1.44 return=-95.3 length=195 success_rate=0.09 collisions/ep=1.55 (n=11)
Evaluation at update 90: return=-116.12, length=200.00, success_rate=0.00, collisions/ep=0.00
Solved-check at update 90: solved=False worst_gap=1134.94 at p_x0=2.00 p_y0=-0.50 (consecutive=0)
update=91 global_step=186368 SPS=455 w_ev=0.994 m_ev=-0.672 m_v_bias=-0.3 m_adv_std=38.7583 m_kl_max=0.0183 m_ratio_max=0.598 w_ax@goal=-0.05 w_v@goal=1.44 return=-242.5 length=200 success_rate=0.00 collisions/ep=2.56 (n=9)
update=92 global_step=188416 SPS=457 w_ev=0.991 m_ev=0.130 m_v_bias=-9.1 m_adv_std=143.0007 m_kl_max=0.0369 m_ratio_max=1.108 w_ax@goal=-0.04 w_v@goal=1.47 return=-69.0 length=196 success_rate=0.08 collisions/ep=0.77 (n=13)
update=93 global_step=190464 SPS=460 w_ev=0.993 m_ev=0.008 m_v_bias=-16.4 m_adv_std=133.4014 m_kl_max=0.0109 m_ratio_max=0.485 w_ax@goal=-0.05 w_v@goal=1.46 return=-124.2 length=195 success_rate=0.10 collisions/ep=2.30 (n=10)
update=94 global_step=192512 SPS=463 w_ev=0.993 m_ev=0.098 m_v_bias=30.0 m_adv_std=48.5726 m_kl_max=0.0208 m_ratio_max=0.757 w_ax@goal=-0.06 w_v@goal=1.50 return=-207.2 length=200 success_rate=0.00 collisions/ep=1.89 (n=9)
update=95 global_step=194560 SPS=466 w_ev=0.995 m_ev=0.101 m_v_bias=36.9 m_adv_std=78.4890 m_kl_max=0.0077 m_ratio_max=0.457 w_ax@goal=-0.06 w_v@goal=1.42 return=-223.9 length=200 success_rate=0.00 collisions/ep=2.18 (n=11)
Evaluation at update 95: return=-115.87, length=200.00, success_rate=0.00, collisions/ep=0.00
Solved-check at update 95: solved=False worst_gap=1134.69 at p_x0=2.00 p_y0=-0.50 (consecutive=0)
update=96 global_step=196608 SPS=454 w_ev=0.993 m_ev=0.083 m_v_bias=-43.4 m_adv_std=165.7726 m_kl_max=0.0088 m_ratio_max=0.547 w_ax@goal=-0.04 w_v@goal=1.43 return=-32.7 length=197 success_rate=0.20 collisions/ep=2.40 (n=10)
update=97 global_step=198656 SPS=457 w_ev=0.995 m_ev=-0.198 m_v_bias=14.2 m_adv_std=39.1084 m_kl_max=0.0102 m_ratio_max=0.589 w_ax@goal=-0.04 w_v@goal=1.46 return=-224.1 length=200 success_rate=0.00 collisions/ep=2.18 (n=11)
update=98 global_step=200704 SPS=460 w_ev=0.994 m_ev=0.174 m_v_bias=21.4 m_adv_std=57.6563 m_kl_max=0.0162 m_ratio_max=0.643 w_ax@goal=-0.05 w_v@goal=1.47 return=-213.1 length=200 success_rate=0.00 collisions/ep=2.00 (n=9)
update=99 global_step=202752 SPS=463 w_ev=0.993 m_ev=0.033 m_v_bias=-69.3 m_adv_std=207.1340 m_kl_max=0.0063 m_ratio_max=0.429 w_ax@goal=-0.06 w_v@goal=1.54 return=34.9 length=189 success_rate=0.23 collisions/ep=1.85 (n=13)
update=100 global_step=204800 SPS=465 w_ev=0.995 m_ev=-0.168 m_v_bias=35.7 m_adv_std=60.0261 m_kl_max=0.0066 m_ratio_max=0.514 w_ax@goal=-0.08 w_v@goal=1.52 return=-247.3 length=200 success_rate=0.00 collisions/ep=2.67 (n=9)
Evaluation at update 100: return=-119.72, length=200.00, success_rate=0.00, collisions/ep=0.05
Solved-check at update 100: solved=False worst_gap=1136.04 at p_x0=2.00 p_y0=0.00 (consecutive=0)
update=101 global_step=206848 SPS=454 w_ev=0.994 m_ev=0.111 m_v_bias=23.4 m_adv_std=51.1629 m_kl_max=0.0165 m_ratio_max=0.633 w_ax@goal=-0.06 w_v@goal=1.54 return=-187.0 length=200 success_rate=0.00 collisions/ep=1.44 (n=9)
update=102 global_step=208896 SPS=457 w_ev=0.994 m_ev=0.062 m_v_bias=23.9 m_adv_std=49.2410 m_kl_max=0.0185 m_ratio_max=1.061 w_ax@goal=-0.06 w_v@goal=1.59 return=-252.8 length=200 success_rate=0.00 collisions/ep=2.73 (n=11)
update=103 global_step=210944 SPS=459 w_ev=0.994 m_ev=0.022 m_v_bias=-53.2 m_adv_std=181.0209 m_kl_max=0.0124 m_ratio_max=0.670 w_ax@goal=-0.06 w_v@goal=1.55 return=-6.1 length=190 success_rate=0.17 collisions/ep=1.33 (n=12)
update=104 global_step=212992 SPS=461 w_ev=0.993 m_ev=0.056 m_v_bias=-30.2 m_adv_std=187.8661 m_kl_max=0.0116 m_ratio_max=0.774 w_ax@goal=-0.08 w_v@goal=1.51 return=59.4 length=190 success_rate=0.22 collisions/ep=1.22 (n=9)
update=105 global_step=215040 SPS=463 w_ev=0.993 m_ev=0.070 m_v_bias=10.8 m_adv_std=98.8628 m_kl_max=0.0162 m_ratio_max=0.717 w_ax@goal=-0.06 w_v@goal=1.58 return=-158.1 length=196 success_rate=0.08 collisions/ep=2.67 (n=12)
Evaluation at update 105: return=-117.35, length=200.00, success_rate=0.00, collisions/ep=0.00
Solved-check at update 105: solved=False worst_gap=1136.16 at p_x0=2.00 p_y0=0.50 (consecutive=0)
update=106 global_step=217088 SPS=452 w_ev=0.992 m_ev=0.013 m_v_bias=-6.3 m_adv_std=134.3054 m_kl_max=0.0183 m_ratio_max=1.270 w_ax@goal=-0.09 w_v@goal=1.65 return=-42.8 length=191 success_rate=0.10 collisions/ep=0.70 (n=10)
update=107 global_step=219136 SPS=455 w_ev=0.989 m_ev=0.089 m_v_bias=-124.5 m_adv_std=269.3161 m_kl_max=0.0093 m_ratio_max=0.408 w_ax@goal=-0.03 w_v@goal=1.56 return=291.0 length=182 success_rate=0.46 collisions/ep=1.46 (n=13)
update=108 global_step=221184 SPS=457 w_ev=0.993 m_ev=0.164 m_v_bias=30.7 m_adv_std=124.4587 m_kl_max=0.0128 m_ratio_max=0.653 w_ax@goal=-0.05 w_v@goal=1.60 return=-37.0 length=196 success_rate=0.12 collisions/ep=1.00 (n=8)
update=109 global_step=223232 SPS=460 w_ev=0.992 m_ev=0.133 m_v_bias=50.4 m_adv_std=117.2716 m_kl_max=0.0056 m_ratio_max=0.459 w_ax@goal=-0.09 w_v@goal=1.65 return=-154.5 length=199 success_rate=0.08 collisions/ep=2.50 (n=12)
update=110 global_step=225280 SPS=462 w_ev=0.990 m_ev=0.023 m_v_bias=-7.3 m_adv_std=166.5857 m_kl_max=0.0081 m_ratio_max=0.527 w_ax@goal=-0.06 w_v@goal=1.73 return=63.3 length=183 success_rate=0.20 collisions/ep=0.70 (n=10)
Evaluation at update 110: return=-123.75, length=200.00, success_rate=0.00, collisions/ep=0.15
Solved-check at update 110: solved=False worst_gap=1181.73 at p_x0=1.50 p_y0=1.00 (consecutive=0)
update=111 global_step=227328 SPS=452 w_ev=0.991 m_ev=0.013 m_v_bias=40.8 m_adv_std=55.3834 m_kl_max=0.0036 m_ratio_max=0.300 w_ax@goal=-0.08 w_v@goal=1.79 return=-202.9 length=200 success_rate=0.00 collisions/ep=1.73 (n=11)
update=112 global_step=229376 SPS=454 w_ev=0.987 m_ev=-0.005 m_v_bias=14.6 m_adv_std=134.7862 m_kl_max=0.0061 m_ratio_max=0.327 w_ax@goal=-0.08 w_v@goal=1.98 return=-74.9 length=191 success_rate=0.11 collisions/ep=1.67 (n=9)
update=113 global_step=231424 SPS=456 w_ev=0.988 m_ev=0.069 m_v_bias=-21.3 m_adv_std=200.9126 m_kl_max=0.0200 m_ratio_max=0.621 w_ax@goal=-0.09 w_v@goal=2.08 return=54.4 length=192 success_rate=0.23 collisions/ep=1.38 (n=13)
update=114 global_step=233472 SPS=458 w_ev=0.986 m_ev=0.143 m_v_bias=-6.3 m_adv_std=169.7913 m_kl_max=0.0088 m_ratio_max=0.743 w_ax@goal=-0.10 w_v@goal=2.18 return=-149.5 length=195 success_rate=0.22 collisions/ep=5.22 (n=9)
update=115 global_step=235520 SPS=461 w_ev=0.990 m_ev=0.066 m_v_bias=38.5 m_adv_std=68.6013 m_kl_max=0.0354 m_ratio_max=2.390 w_ax@goal=-0.12 w_v@goal=2.25 return=-189.0 length=200 success_rate=0.00 collisions/ep=1.44 (n=9)
Evaluation at update 115: return=-123.95, length=200.00, success_rate=0.00, collisions/ep=0.15
Solved-check at update 115: solved=False worst_gap=1181.38 at p_x0=1.50 p_y0=1.00 (consecutive=0)
update=116 global_step=237568 SPS=451 w_ev=0.993 m_ev=0.335 m_v_bias=28.6 m_adv_std=53.3661 m_kl_max=0.0266 m_ratio_max=1.691 w_ax@goal=-0.04 w_v@goal=2.38 return=-237.7 length=200 success_rate=0.00 collisions/ep=2.46 (n=13)
update=117 global_step=239616 SPS=453 w_ev=0.988 m_ev=0.100 m_v_bias=-7.9 m_adv_std=134.4742 m_kl_max=0.0100 m_ratio_max=0.474 w_ax@goal=-0.10 w_v@goal=2.41 return=-160.7 length=198 success_rate=0.11 collisions/ep=3.22 (n=9)
update=118 global_step=241664 SPS=456 w_ev=0.991 m_ev=-5.371 m_v_bias=4.3 m_adv_std=48.1113 m_kl_max=0.0185 m_ratio_max=0.907 w_ax@goal=-0.05 w_v@goal=2.53 return=-182.3 length=200 success_rate=0.00 collisions/ep=1.30 (n=10)
update=119 global_step=243712 SPS=458 w_ev=0.992 m_ev=-0.029 m_v_bias=32.3 m_adv_std=56.5943 m_kl_max=0.0263 m_ratio_max=0.949 w_ax@goal=-0.05 w_v@goal=2.52 return=-170.5 length=200 success_rate=0.00 collisions/ep=1.09 (n=11)
update=120 global_step=245760 SPS=460 w_ev=0.978 m_ev=0.060 m_v_bias=-75.6 m_adv_std=225.2435 m_kl_max=0.0187 m_ratio_max=0.606 w_ax@goal=-0.07 w_v@goal=2.54 return=141.7 length=182 success_rate=0.33 collisions/ep=1.92 (n=12)
Evaluation at update 120: return=-123.61, length=200.00, success_rate=0.00, collisions/ep=0.15
Solved-check at update 120: solved=False worst_gap=1185.34 at p_x0=2.00 p_y0=1.00 (consecutive=0)
update=121 global_step=247808 SPS=451 w_ev=0.984 m_ev=0.005 m_v_bias=30.7 m_adv_std=76.3678 m_kl_max=0.0251 m_ratio_max=0.660 w_ax@goal=-0.08 w_v@goal=2.47 return=-256.1 length=200 success_rate=0.00 collisions/ep=2.89 (n=9)
update=122 global_step=249856 SPS=453 w_ev=0.989 m_ev=0.250 m_v_bias=40.3 m_adv_std=57.6589 m_kl_max=0.0165 m_ratio_max=0.859 w_ax@goal=-0.05 w_v@goal=2.48 return=-271.8 length=200 success_rate=0.00 collisions/ep=3.11 (n=9)
update=123 global_step=251904 SPS=455 w_ev=0.988 m_ev=0.106 m_v_bias=6.8 m_adv_std=115.0857 m_kl_max=0.0198 m_ratio_max=0.560 w_ax@goal=-0.09 w_v@goal=2.50 return=-162.8 length=200 success_rate=0.07 collisions/ep=2.43 (n=14)
update=124 global_step=253952 SPS=457 w_ev=0.976 m_ev=0.076 m_v_bias=-119.9 m_adv_std=236.2915 m_kl_max=0.0122 m_ratio_max=0.825 w_ax@goal=-0.07 w_v@goal=2.48 return=328.2 length=171 success_rate=0.50 collisions/ep=1.88 (n=8)
update=125 global_step=256000 SPS=459 w_ev=0.984 m_ev=0.055 m_v_bias=7.3 m_adv_std=177.7127 m_kl_max=0.0275 m_ratio_max=0.720 w_ax@goal=-0.06 w_v@goal=2.31 return=-58.4 length=188 success_rate=0.15 collisions/ep=2.23 (n=13)
Evaluation at update 125: return=-129.29, length=200.00, success_rate=0.00, collisions/ep=0.25
Solved-check at update 125: solved=False worst_gap=1185.63 at p_x0=2.00 p_y0=1.00 (consecutive=0)
update=126 global_step=258048 SPS=450 w_ev=0.987 m_ev=0.052 m_v_bias=40.5 m_adv_std=138.8668 m_kl_max=0.0186 m_ratio_max=0.623 w_ax@goal=-0.13 w_v@goal=2.39 return=-136.3 length=197 success_rate=0.10 collisions/ep=2.50 (n=10)
update=127 global_step=260096 SPS=452 w_ev=0.987 m_ev=0.055 m_v_bias=49.9 m_adv_std=55.3880 m_kl_max=0.0043 m_ratio_max=0.324 w_ax@goal=-0.06 w_v@goal=2.44 return=-163.9 length=200 success_rate=0.00 collisions/ep=0.89 (n=9)
update=128 global_step=262144 SPS=454 w_ev=0.990 m_ev=-0.030 m_v_bias=32.5 m_adv_std=46.0352 m_kl_max=0.0158 m_ratio_max=0.516 w_ax@goal=-0.07 w_v@goal=2.48 return=-218.9 length=200 success_rate=0.00 collisions/ep=2.10 (n=10)
update=129 global_step=264192 SPS=456 w_ev=0.989 m_ev=0.032 m_v_bias=-11.1 m_adv_std=129.1385 m_kl_max=0.0389 m_ratio_max=1.218 w_ax@goal=-0.08 w_v@goal=2.41 return=-124.0 length=198 success_rate=0.08 collisions/ep=1.77 (n=13)
update=130 global_step=266240 SPS=458 w_ev=0.985 m_ev=0.037 m_v_bias=-14.2 m_adv_std=136.7465 m_kl_max=0.0050 m_ratio_max=0.525 w_ax@goal=-0.05 w_v@goal=2.50 return=-33.7 length=195 success_rate=0.12 collisions/ep=1.00 (n=8)
Evaluation at update 130: return=-123.73, length=200.00, success_rate=0.00, collisions/ep=0.15
Solved-check at update 130: solved=False worst_gap=1184.75 at p_x0=2.00 p_y0=1.00 (consecutive=0)
update=131 global_step=268288 SPS=450 w_ev=0.992 m_ev=-0.190 m_v_bias=30.7 m_adv_std=44.7769 m_kl_max=0.0107 m_ratio_max=0.551 w_ax@goal=-0.06 w_v@goal=2.37 return=-176.0 length=200 success_rate=0.00 collisions/ep=1.22 (n=9)
update=132 global_step=270336 SPS=452 w_ev=0.994 m_ev=-1.124 m_v_bias=16.3 m_adv_std=22.8983 m_kl_max=0.0075 m_ratio_max=0.450 w_ax@goal=-0.09 w_v@goal=2.43 return=-159.3 length=200 success_rate=0.00 collisions/ep=0.93 (n=14)
update=133 global_step=272384 SPS=454 w_ev=0.991 m_ev=-0.011 m_v_bias=29.7 m_adv_std=48.3040 m_kl_max=0.0211 m_ratio_max=0.790 w_ax@goal=-0.08 w_v@goal=2.58 return=-235.7 length=200 success_rate=0.00 collisions/ep=2.44 (n=9)
update=134 global_step=274432 SPS=456 w_ev=0.976 m_ev=0.031 m_v_bias=-83.8 m_adv_std=228.4079 m_kl_max=0.0125 m_ratio_max=0.784 w_ax@goal=-0.20 w_v@goal=2.53 return=103.7 length=188 success_rate=0.30 collisions/ep=1.90 (n=10)
update=135 global_step=276480 SPS=458 w_ev=0.984 m_ev=-0.056 m_v_bias=-9.0 m_adv_std=137.4806 m_kl_max=0.0101 m_ratio_max=0.482 w_ax@goal=-0.14 w_v@goal=2.58 return=-83.8 length=193 success_rate=0.09 collisions/ep=1.27 (n=11)
Evaluation at update 135: return=-126.72, length=200.00, success_rate=0.00, collisions/ep=0.15
Solved-check at update 135: solved=False worst_gap=1182.71 at p_x0=1.50 p_y0=1.00 (consecutive=0)
update=136 global_step=278528 SPS=450 w_ev=0.989 m_ev=0.027 m_v_bias=32.4 m_adv_std=123.4173 m_kl_max=0.0073 m_ratio_max=0.415 w_ax@goal=-0.17 w_v@goal=2.60 return=-97.2 length=194 success_rate=0.08 collisions/ep=1.31 (n=13)
update=137 global_step=280576 SPS=452 w_ev=0.989 m_ev=-0.143 m_v_bias=29.7 m_adv_std=48.6515 m_kl_max=0.0283 m_ratio_max=0.911 w_ax@goal=-0.16 w_v@goal=2.62 return=-252.2 length=200 success_rate=0.00 collisions/ep=2.75 (n=8)
update=138 global_step=282624 SPS=454 w_ev=0.982 m_ev=0.021 m_v_bias=2.6 m_adv_std=126.9226 m_kl_max=0.0270 m_ratio_max=0.820 w_ax@goal=-0.19 w_v@goal=2.59 return=-77.0 length=196 success_rate=0.12 collisions/ep=1.75 (n=8)
update=139 global_step=284672 SPS=456 w_ev=0.991 m_ev=-0.393 m_v_bias=16.9 m_adv_std=33.1477 m_kl_max=0.0186 m_ratio_max=0.635 w_ax@goal=-0.19 w_v@goal=2.55 return=-198.8 length=200 success_rate=0.00 collisions/ep=1.64 (n=14)
update=140 global_step=286720 SPS=458 w_ev=0.991 m_ev=-0.110 m_v_bias=13.9 m_adv_std=32.6249 m_kl_max=0.0096 m_ratio_max=0.469 w_ax@goal=-0.21 w_v@goal=2.62 return=-194.6 length=200 success_rate=0.00 collisions/ep=1.60 (n=10)
Evaluation at update 140: return=-130.97, length=200.00, success_rate=0.00, collisions/ep=0.25
Solved-check at update 140: solved=False worst_gap=1236.36 at p_x0=2.00 p_y0=1.00 (consecutive=0)
update=141 global_step=288768 SPS=450 w_ev=0.990 m_ev=-0.041 m_v_bias=12.3 m_adv_std=27.2980 m_kl_max=0.0101 m_ratio_max=0.421 w_ax@goal=-0.14 w_v@goal=2.59 return=-174.8 length=200 success_rate=0.00 collisions/ep=1.12 (n=8)
update=142 global_step=290816 SPS=452 w_ev=0.989 m_ev=-0.001 m_v_bias=5.0 m_adv_std=19.9935 m_kl_max=0.0068 m_ratio_max=0.436 w_ax@goal=-0.13 w_v@goal=2.55 return=-204.6 length=200 success_rate=0.00 collisions/ep=1.75 (n=8)
update=143 global_step=292864 SPS=454 w_ev=0.986 m_ev=0.014 m_v_bias=-53.6 m_adv_std=186.6709 m_kl_max=0.0045 m_ratio_max=0.364 w_ax@goal=-0.16 w_v@goal=2.50 return=-69.4 length=191 success_rate=0.12 collisions/ep=1.75 (n=16)
update=144 global_step=294912 SPS=455 w_ev=0.985 m_ev=0.070 m_v_bias=-17.0 m_adv_std=171.0452 m_kl_max=0.0102 m_ratio_max=0.684 w_ax@goal=-0.14 w_v@goal=2.46 return=5.8 length=194 success_rate=0.22 collisions/ep=2.22 (n=9)
update=145 global_step=296960 SPS=457 w_ev=0.990 m_ev=0.077 m_v_bias=26.2 m_adv_std=52.4630 m_kl_max=0.0081 m_ratio_max=0.527 w_ax@goal=-0.13 w_v@goal=2.50 return=-224.5 length=200 success_rate=0.00 collisions/ep=2.22 (n=9)
Evaluation at update 145: return=-158.72, length=200.00, success_rate=0.00, collisions/ep=0.80
Solved-check at update 145: solved=False worst_gap=1236.93 at p_x0=2.00 p_y0=1.00 (consecutive=0)
update=146 global_step=299008 SPS=450 w_ev=0.989 m_ev=0.173 m_v_bias=36.1 m_adv_std=60.7791 m_kl_max=0.0078 m_ratio_max=0.540 w_ax@goal=-0.15 w_v@goal=2.44 return=-259.6 length=200 success_rate=0.00 collisions/ep=2.83 (n=12)
update=147 global_step=301056 SPS=452 w_ev=0.988 m_ev=0.050 m_v_bias=-17.6 m_adv_std=144.4739 m_kl_max=0.0129 m_ratio_max=0.609 w_ax@goal=-0.17 w_v@goal=2.37 return=-104.5 length=196 success_rate=0.09 collisions/ep=1.64 (n=11)
update=148 global_step=303104 SPS=453 w_ev=0.988 m_ev=0.170 m_v_bias=34.7 m_adv_std=67.6919 m_kl_max=0.0155 m_ratio_max=0.622 w_ax@goal=-0.18 w_v@goal=2.37 return=-282.8 length=200 success_rate=0.00 collisions/ep=3.25 (n=8)
update=149 global_step=305152 SPS=455 w_ev=0.984 m_ev=0.056 m_v_bias=-46.6 m_adv_std=200.1966 m_kl_max=0.0114 m_ratio_max=0.485 w_ax@goal=-0.14 w_v@goal=2.35 return=-90.5 length=192 success_rate=0.18 collisions/ep=3.36 (n=11)
update=150 global_step=307200 SPS=457 w_ev=0.991 m_ev=-0.012 m_v_bias=23.6 m_adv_std=69.5705 m_kl_max=0.0043 m_ratio_max=0.365 w_ax@goal=-0.23 w_v@goal=2.38 return=-253.2 length=200 success_rate=0.00 collisions/ep=2.82 (n=11)
Evaluation at update 150: return=-127.79, length=200.00, success_rate=0.00, collisions/ep=0.15
Solved-check at update 150: solved=False worst_gap=1189.07 at p_x0=2.00 p_y0=1.00 (consecutive=0)
update=151 global_step=309248 SPS=450 w_ev=0.988 m_ev=0.093 m_v_bias=-23.3 m_adv_std=177.0666 m_kl_max=0.0079 m_ratio_max=0.575 w_ax@goal=-0.19 w_v@goal=2.33 return=-91.5 length=193 success_rate=0.18 collisions/ep=3.27 (n=11)
update=152 global_step=311296 SPS=451 w_ev=0.988 m_ev=-0.542 m_v_bias=7.8 m_adv_std=74.3536 m_kl_max=0.0109 m_ratio_max=0.445 w_ax@goal=-0.20 w_v@goal=2.25 return=-278.6 length=200 success_rate=0.00 collisions/ep=3.25 (n=8)
update=153 global_step=313344 SPS=453 w_ev=0.992 m_ev=0.082 m_v_bias=52.1 m_adv_std=114.4257 m_kl_max=0.0105 m_ratio_max=0.401 w_ax@goal=-0.17 w_v@goal=2.11 return=-203.2 length=200 success_rate=0.00 collisions/ep=1.67 (n=12)
update=154 global_step=315392 SPS=455 w_ev=0.985 m_ev=-0.035 m_v_bias=-63.7 m_adv_std=190.4023 m_kl_max=0.0059 m_ratio_max=0.465 w_ax@goal=-0.20 w_v@goal=2.16 return=-120.9 length=182 success_rate=0.20 collisions/ep=4.50 (n=10)
update=155 global_step=317440 SPS=456 w_ev=0.993 m_ev=-0.595 m_v_bias=25.5 m_adv_std=47.8152 m_kl_max=0.0121 m_ratio_max=0.705 w_ax@goal=-0.28 w_v@goal=2.22 return=-165.8 length=200 success_rate=0.00 collisions/ep=1.00 (n=12)
Evaluation at update 155: return=-147.39, length=200.00, success_rate=0.00, collisions/ep=0.55
Solved-check at update 155: solved=False worst_gap=1238.54 at p_x0=2.00 p_y0=1.00 (consecutive=0)
update=156 global_step=319488 SPS=449 w_ev=0.992 m_ev=-0.821 m_v_bias=9.5 m_adv_std=23.0388 m_kl_max=0.0105 m_ratio_max=0.600 w_ax@goal=-0.23 w_v@goal=2.17 return=-201.0 length=200 success_rate=0.00 collisions/ep=1.67 (n=9)
update=157 global_step=321536 SPS=451 w_ev=0.992 m_ev=0.015 m_v_bias=3.7 m_adv_std=108.5418 m_kl_max=0.0161 m_ratio_max=0.444 w_ax@goal=-0.18 w_v@goal=2.13 return=-45.8 length=193 success_rate=0.09 collisions/ep=0.55 (n=11)
update=158 global_step=323584 SPS=453 w_ev=0.989 m_ev=0.007 m_v_bias=-6.9 m_adv_std=128.3595 m_kl_max=0.0041 m_ratio_max=0.406 w_ax@goal=-0.19 w_v@goal=2.09 return=-98.4 length=190 success_rate=0.09 collisions/ep=1.64 (n=11)
update=159 global_step=325632 SPS=454 w_ev=0.992 m_ev=-0.116 m_v_bias=24.9 m_adv_std=54.0306 m_kl_max=0.0101 m_ratio_max=0.581 w_ax@goal=-0.22 w_v@goal=2.05 return=-299.9 length=200 success_rate=0.00 collisions/ep=3.70 (n=10)
update=160 global_step=327680 SPS=456 w_ev=0.990 m_ev=0.029 m_v_bias=-64.3 m_adv_std=184.8834 m_kl_max=0.0062 m_ratio_max=0.296 w_ax@goal=-0.17 w_v@goal=2.03 return=7.1 length=195 success_rate=0.18 collisions/ep=1.36 (n=11)
Evaluation at update 160: return=-126.71, length=200.00, success_rate=0.00, collisions/ep=0.15
Solved-check at update 160: solved=False worst_gap=1237.75 at p_x0=2.00 p_y0=1.00 (consecutive=0)
update=161 global_step=329728 SPS=449 w_ev=0.989 m_ev=0.055 m_v_bias=-76.1 m_adv_std=224.8649 m_kl_max=0.0214 m_ratio_max=0.826 w_ax@goal=-0.23 w_v@goal=1.92 return=183.3 length=184 success_rate=0.33 collisions/ep=1.00 (n=12)
update=162 global_step=331776 SPS=451 w_ev=0.993 m_ev=-1.686 m_v_bias=46.6 m_adv_std=65.9891 m_kl_max=0.0203 m_ratio_max=1.625 w_ax@goal=-0.21 w_v@goal=1.91 return=-162.5 length=200 success_rate=0.00 collisions/ep=0.90 (n=10)
update=163 global_step=333824 SPS=452 w_ev=0.991 m_ev=0.071 m_v_bias=39.2 m_adv_std=117.0968 m_kl_max=0.0045 m_ratio_max=0.646 w_ax@goal=-0.18 w_v@goal=1.95 return=-64.5 length=193 success_rate=0.11 collisions/ep=1.33 (n=9)
update=164 global_step=335872 SPS=454 w_ev=0.993 m_ev=0.078 m_v_bias=-7.1 m_adv_std=132.7778 m_kl_max=0.0114 m_ratio_max=0.671 w_ax@goal=-0.08 w_v@goal=1.94 return=-139.3 length=199 success_rate=0.08 collisions/ep=2.17 (n=12)
update=165 global_step=337920 SPS=455 w_ev=0.994 m_ev=-0.084 m_v_bias=35.3 m_adv_std=76.4445 m_kl_max=0.0199 m_ratio_max=0.749 w_ax@goal=-0.16 w_v@goal=1.86 return=-228.3 length=200 success_rate=0.00 collisions/ep=2.20 (n=10)
Evaluation at update 165: return=-124.24, length=200.00, success_rate=0.00, collisions/ep=0.15
Solved-check at update 165: solved=False worst_gap=1185.41 at p_x0=2.00 p_y0=1.00 (consecutive=0)
update=166 global_step=339968 SPS=448 w_ev=0.991 m_ev=0.008 m_v_bias=-13.0 m_adv_std=127.8985 m_kl_max=0.0229 m_ratio_max=0.634 w_ax@goal=-0.16 w_v@goal=1.92 return=-78.7 length=193 success_rate=0.11 collisions/ep=1.67 (n=9)
update=167 global_step=342016 SPS=450 w_ev=0.990 m_ev=0.030 m_v_bias=-40.9 m_adv_std=174.6370 m_kl_max=0.0192 m_ratio_max=0.556 w_ax@goal=-0.09 w_v@goal=1.85 return=24.6 length=193 success_rate=0.17 collisions/ep=0.67 (n=12)
update=168 global_step=344064 SPS=451 w_ev=0.993 m_ev=-1.081 m_v_bias=34.7 m_adv_std=36.1959 m_kl_max=0.0234 m_ratio_max=0.602 w_ax@goal=-0.12 w_v@goal=1.89 return=-173.3 length=200 success_rate=0.00 collisions/ep=1.10 (n=10)
update=169 global_step=346112 SPS=453 w_ev=0.992 m_ev=-0.018 m_v_bias=31.0 m_adv_std=42.0926 m_kl_max=0.0080 m_ratio_max=0.564 w_ax@goal=-0.17 w_v@goal=1.92 return=-186.8 length=200 success_rate=0.00 collisions/ep=1.40 (n=10)
update=170 global_step=348160 SPS=455 w_ev=0.993 m_ev=0.062 m_v_bias=26.8 m_adv_std=53.6422 m_kl_max=0.0081 m_ratio_max=0.743 w_ax@goal=-0.16 w_v@goal=1.90 return=-240.1 length=200 success_rate=0.00 collisions/ep=2.50 (n=10)
Evaluation at update 170: return=-126.80, length=200.00, success_rate=0.00, collisions/ep=0.20
Solved-check at update 170: solved=False worst_gap=1185.49 at p_x0=2.00 p_y0=1.00 (consecutive=0)
update=171 global_step=350208 SPS=448 w_ev=0.995 m_ev=-0.399 m_v_bias=0.6 m_adv_std=26.2579 m_kl_max=0.0300 m_ratio_max=1.030 w_ax@goal=-0.12 w_v@goal=1.93 return=-182.3 length=200 success_rate=0.00 collisions/ep=1.36 (n=11)
update=172 global_step=352256 SPS=450 w_ev=0.994 m_ev=0.044 m_v_bias=5.0 m_adv_std=16.4687 m_kl_max=0.0178 m_ratio_max=1.005 w_ax@goal=-0.17 w_v@goal=1.91 return=-192.1 length=200 success_rate=0.00 collisions/ep=1.56 (n=9)
update=173 global_step=354304 SPS=451 w_ev=0.992 m_ev=0.025 m_v_bias=7.5 m_adv_std=22.9435 m_kl_max=0.0126 m_ratio_max=0.713 w_ax@goal=-0.18 w_v@goal=1.97 return=-175.5 length=200 success_rate=0.00 collisions/ep=1.20 (n=10)
update=174 global_step=356352 SPS=453 w_ev=0.987 m_ev=0.005 m_v_bias=-38.6 m_adv_std=179.0150 m_kl_max=0.0144 m_ratio_max=0.543 w_ax@goal=-0.18 w_v@goal=2.07 return=4.8 length=195 success_rate=0.15 collisions/ep=0.77 (n=13)
update=175 global_step=358400 SPS=454 w_ev=0.990 m_ev=-1.783 m_v_bias=4.7 m_adv_std=38.0312 m_kl_max=0.0287 m_ratio_max=0.694 w_ax@goal=-0.24 w_v@goal=2.08 return=-182.8 length=200 success_rate=0.00 collisions/ep=1.33 (n=9)
Evaluation at update 175: return=-124.11, length=200.00, success_rate=0.00, collisions/ep=0.15
Solved-check at update 175: solved=False worst_gap=1181.13 at p_x0=1.50 p_y0=1.00 (consecutive=0)
update=176 global_step=360448 SPS=448 w_ev=0.992 m_ev=-0.102 m_v_bias=19.7 m_adv_std=29.8417 m_kl_max=0.0112 m_ratio_max=0.373 w_ax@goal=-0.34 w_v@goal=2.21 return=-165.0 length=200 success_rate=0.00 collisions/ep=0.89 (n=9)
update=177 global_step=362496 SPS=449 w_ev=0.990 m_ev=0.015 m_v_bias=-10.4 m_adv_std=116.6323 m_kl_max=0.0384 m_ratio_max=0.745 w_ax@goal=-0.30 w_v@goal=2.29 return=-87.3 length=199 success_rate=0.09 collisions/ep=1.27 (n=11)
update=178 global_step=364544 SPS=451 w_ev=0.994 m_ev=-0.073 m_v_bias=24.1 m_adv_std=42.9864 m_kl_max=0.0060 m_ratio_max=0.386 w_ax@goal=-0.29 w_v@goal=2.23 return=-175.6 length=200 success_rate=0.00 collisions/ep=1.18 (n=11)
update=179 global_step=366592 SPS=452 w_ev=0.991 m_ev=0.020 m_v_bias=20.5 m_adv_std=78.8203 m_kl_max=0.0190 m_ratio_max=0.545 w_ax@goal=-0.21 w_v@goal=2.24 return=-243.3 length=200 success_rate=0.00 collisions/ep=2.60 (n=10)
update=180 global_step=368640 SPS=454 w_ev=0.984 m_ev=0.036 m_v_bias=-58.0 m_adv_std=188.6381 m_kl_max=0.0152 m_ratio_max=0.783 w_ax@goal=-0.29 w_v@goal=2.22 return=98.9 length=182 success_rate=0.30 collisions/ep=2.10 (n=10)
Evaluation at update 180: return=-125.10, length=200.00, success_rate=0.00, collisions/ep=0.15
Solved-check at update 180: solved=False worst_gap=1179.10 at p_x0=1.00 p_y0=1.00 (consecutive=0)
update=181 global_step=370688 SPS=448 w_ev=0.992 m_ev=-0.333 m_v_bias=24.0 m_adv_std=67.0303 m_kl_max=0.0169 m_ratio_max=0.515 w_ax@goal=-0.26 w_v@goal=2.21 return=-176.6 length=200 success_rate=0.00 collisions/ep=1.20 (n=10)
update=182 global_step=372736 SPS=449 w_ev=0.992 m_ev=-0.254 m_v_bias=16.4 m_adv_std=34.0117 m_kl_max=0.0037 m_ratio_max=0.338 w_ax@goal=-0.32 w_v@goal=2.32 return=-226.9 length=200 success_rate=0.00 collisions/ep=2.17 (n=12)
update=183 global_step=374784 SPS=451 w_ev=0.993 m_ev=-0.156 m_v_bias=19.7 m_adv_std=60.3900 m_kl_max=0.0186 m_ratio_max=0.722 w_ax@goal=-0.23 w_v@goal=2.29 return=-229.2 length=200 success_rate=0.00 collisions/ep=2.30 (n=10)
update=184 global_step=376832 SPS=452 w_ev=0.992 m_ev=-0.129 m_v_bias=8.4 m_adv_std=30.3228 m_kl_max=0.0242 m_ratio_max=0.820 w_ax@goal=-0.28 w_v@goal=2.27 return=-204.8 length=200 success_rate=0.00 collisions/ep=1.78 (n=9)
update=185 global_step=378880 SPS=453 w_ev=0.992 m_ev=0.048 m_v_bias=3.6 m_adv_std=15.4987 m_kl_max=0.0085 m_ratio_max=0.907 w_ax@goal=-0.18 w_v@goal=2.22 return=-189.3 length=200 success_rate=0.00 collisions/ep=1.36 (n=11)
Evaluation at update 185: return=-122.63, length=200.00, success_rate=0.00, collisions/ep=0.15
Solved-check at update 185: solved=False worst_gap=1179.73 at p_x0=1.50 p_y0=1.00 (consecutive=0)
update=186 global_step=380928 SPS=447 w_ev=0.992 m_ev=0.068 m_v_bias=-2.6 m_adv_std=15.7931 m_kl_max=0.0068 m_ratio_max=0.400 w_ax@goal=-0.14 w_v@goal=2.18 return=-164.4 length=200 success_rate=0.00 collisions/ep=0.91 (n=11)
update=187 global_step=382976 SPS=449 w_ev=0.989 m_ev=-0.009 m_v_bias=-34.7 m_adv_std=146.2773 m_kl_max=0.0111 m_ratio_max=0.497 w_ax@goal=-0.15 w_v@goal=2.15 return=-47.4 length=199 success_rate=0.11 collisions/ep=1.00 (n=9)
update=188 global_step=385024 SPS=450 w_ev=0.980 m_ev=0.018 m_v_bias=-184.1 m_adv_std=300.1035 m_kl_max=0.0136 m_ratio_max=0.860 w_ax@goal=-0.16 w_v@goal=2.11 return=365.9 length=171 success_rate=0.50 collisions/ep=1.00 (n=14)
update=189 global_step=387072 SPS=452 w_ev=0.989 m_ev=-0.772 m_v_bias=73.2 m_adv_std=59.3746 m_kl_max=0.0163 m_ratio_max=1.070 w_ax@goal=-0.16 w_v@goal=2.06 return=-143.7 length=200 success_rate=0.00 collisions/ep=0.50 (n=8)
update=190 global_step=389120 SPS=453 w_ev=0.990 m_ev=0.057 m_v_bias=22.7 m_adv_std=148.5192 m_kl_max=0.0228 m_ratio_max=0.817 w_ax@goal=-0.17 w_v@goal=2.03 return=-1.3 length=197 success_rate=0.17 collisions/ep=1.17 (n=12)
Evaluation at update 190: return=-115.23, length=200.00, success_rate=0.00, collisions/ep=0.00
Solved-check at update 190: solved=False worst_gap=1135.29 at p_x0=2.00 p_y0=0.00 (consecutive=0)
update=191 global_step=391168 SPS=447 w_ev=0.993 m_ev=-0.696 m_v_bias=45.0 m_adv_std=38.1498 m_kl_max=0.0090 m_ratio_max=0.499 w_ax@goal=-0.14 w_v@goal=2.09 return=-139.5 length=200 success_rate=0.00 collisions/ep=0.45 (n=11)
update=192 global_step=393216 SPS=449 w_ev=0.994 m_ev=-0.399 m_v_bias=32.6 m_adv_std=26.0023 m_kl_max=0.0099 m_ratio_max=0.745 w_ax@goal=-0.10 w_v@goal=2.13 return=-135.8 length=200 success_rate=0.00 collisions/ep=0.44 (n=9)
update=193 global_step=395264 SPS=450 w_ev=0.991 m_ev=0.063 m_v_bias=19.7 m_adv_std=90.3324 m_kl_max=0.0052 m_ratio_max=0.367 w_ax@goal=-0.15 w_v@goal=2.13 return=-51.5 length=197 success_rate=0.10 collisions/ep=0.80 (n=10)
update=194 global_step=397312 SPS=451 w_ev=0.989 m_ev=0.056 m_v_bias=-37.0 m_adv_std=187.1089 m_kl_max=0.0192 m_ratio_max=0.910 w_ax@goal=-0.15 w_v@goal=2.17 return=35.7 length=191 success_rate=0.18 collisions/ep=0.82 (n=11)
update=195 global_step=399360 SPS=453 w_ev=0.989 m_ev=0.173 m_v_bias=-47.4 m_adv_std=193.4402 m_kl_max=0.0474 m_ratio_max=3.247 w_ax@goal=-0.08 w_v@goal=2.06 return=35.4 length=190 success_rate=0.25 collisions/ep=2.25 (n=12)
Evaluation at update 195: return=-114.61, length=200.00, success_rate=0.00, collisions/ep=0.00
Solved-check at update 195: solved=False worst_gap=1133.54 at p_x0=2.00 p_y0=-1.00 (consecutive=0)
update=196 global_step=401408 SPS=447 w_ev=0.982 m_ev=0.152 m_v_bias=-81.3 m_adv_std=247.6605 m_kl_max=0.0206 m_ratio_max=1.045 w_ax@goal=-0.11 w_v@goal=2.12 return=323.4 length=170 success_rate=0.50 collisions/ep=1.92 (n=12)
update=197 global_step=403456 SPS=449 w_ev=0.993 m_ev=-1.499 m_v_bias=39.2 m_adv_std=99.7806 m_kl_max=0.0045 m_ratio_max=0.380 w_ax@goal=-0.15 w_v@goal=2.09 return=-170.0 length=200 success_rate=0.00 collisions/ep=1.10 (n=10)
update=198 global_step=405504 SPS=450 w_ev=0.992 m_ev=0.022 m_v_bias=33.9 m_adv_std=127.3348 m_kl_max=0.0095 m_ratio_max=0.451 w_ax@goal=-0.12 w_v@goal=2.15 return=-72.0 length=198 success_rate=0.11 collisions/ep=1.44 (n=9)
update=199 global_step=407552 SPS=451 w_ev=0.986 m_ev=-0.000 m_v_bias=5.2 m_adv_std=173.6391 m_kl_max=0.0176 m_ratio_max=0.585 w_ax@goal=-0.12 w_v@goal=2.19 return=36.1 length=184 success_rate=0.20 collisions/ep=1.30 (n=10)
update=200 global_step=409600 SPS=452 w_ev=0.992 m_ev=-0.293 m_v_bias=42.8 m_adv_std=54.0486 m_kl_max=0.0133 m_ratio_max=1.039 w_ax@goal=-0.16 w_v@goal=2.29 return=-207.8 length=200 success_rate=0.00 collisions/ep=1.77 (n=13)
Evaluation at update 200: return=-118.56, length=200.00, success_rate=0.00, collisions/ep=0.05
Solved-check at update 200: solved=False worst_gap=1134.98 at p_x0=2.00 p_y0=-1.00 (consecutive=0)
update=201 global_step=411648 SPS=447 w_ev=0.991 m_ev=-0.120 m_v_bias=26.3 m_adv_std=30.4175 m_kl_max=0.0204 m_ratio_max=1.183 w_ax@goal=-0.14 w_v@goal=2.33 return=-148.4 length=200 success_rate=0.00 collisions/ep=0.67 (n=9)
update=202 global_step=413696 SPS=448 w_ev=0.985 m_ev=0.004 m_v_bias=-14.4 m_adv_std=141.5246 m_kl_max=0.0186 m_ratio_max=0.527 w_ax@goal=-0.10 w_v@goal=2.32 return=-50.1 length=194 success_rate=0.11 collisions/ep=1.00 (n=9)
update=203 global_step=415744 SPS=450 w_ev=0.991 m_ev=-0.001 m_v_bias=23.4 m_adv_std=35.8252 m_kl_max=0.0106 m_ratio_max=0.591 w_ax@goal=-0.07 w_v@goal=2.26 return=-196.1 length=200 success_rate=0.00 collisions/ep=1.58 (n=12)
update=204 global_step=417792 SPS=451 w_ev=0.989 m_ev=0.012 m_v_bias=-26.9 m_adv_std=137.0683 m_kl_max=0.0085 m_ratio_max=0.496 w_ax@goal=-0.09 w_v@goal=2.37 return=-49.3 length=199 success_rate=0.09 collisions/ep=0.45 (n=11)
update=205 global_step=419840 SPS=452 w_ev=0.989 m_ev=-0.004 m_v_bias=10.9 m_adv_std=135.8442 m_kl_max=0.0218 m_ratio_max=0.721 w_ax@goal=-0.16 w_v@goal=2.37 return=-104.8 length=194 success_rate=0.10 collisions/ep=1.90 (n=10)
Evaluation at update 205: return=-120.27, length=200.00, success_rate=0.00, collisions/ep=0.05
Solved-check at update 205: solved=False worst_gap=1136.61 at p_x0=2.00 p_y0=-1.00 (consecutive=0)
update=206 global_step=421888 SPS=447 w_ev=0.985 m_ev=0.014 m_v_bias=-10.1 m_adv_std=131.0224 m_kl_max=0.0405 m_ratio_max=3.003 w_ax@goal=-0.09 w_v@goal=2.38 return=-5.6 length=197 success_rate=0.12 collisions/ep=0.38 (n=8)
update=207 global_step=423936 SPS=448 w_ev=0.994 m_ev=-0.348 m_v_bias=16.1 m_adv_std=29.6566 m_kl_max=0.0114 m_ratio_max=0.570 w_ax@goal=-0.11 w_v@goal=2.38 return=-166.3 length=200 success_rate=0.00 collisions/ep=1.00 (n=13)
update=208 global_step=425984 SPS=449 w_ev=0.984 m_ev=-0.013 m_v_bias=-24.7 m_adv_std=190.6485 m_kl_max=0.0244 m_ratio_max=0.676 w_ax@goal=-0.16 w_v@goal=2.42 return=-0.2 length=187 success_rate=0.18 collisions/ep=1.64 (n=11)
update=209 global_step=428032 SPS=451 w_ev=0.993 m_ev=-2.621 m_v_bias=23.0 m_adv_std=39.0997 m_kl_max=0.0181 m_ratio_max=0.902 w_ax@goal=-0.16 w_v@goal=2.50 return=-224.7 length=200 success_rate=0.00 collisions/ep=2.22 (n=9)
update=210 global_step=430080 SPS=452 w_ev=0.993 m_ev=-0.033 m_v_bias=25.0 m_adv_std=31.4243 m_kl_max=0.0056 m_ratio_max=0.425 w_ax@goal=-0.15 w_v@goal=2.56 return=-135.0 length=200 success_rate=0.00 collisions/ep=0.36 (n=11)
Evaluation at update 210: return=-115.90, length=200.00, success_rate=0.00, collisions/ep=0.00
Solved-check at update 210: solved=False worst_gap=1134.69 at p_x0=2.00 p_y0=0.50 (consecutive=0)
update=211 global_step=432128 SPS=447 w_ev=0.985 m_ev=-0.005 m_v_bias=-11.5 m_adv_std=149.9953 m_kl_max=0.0459 m_ratio_max=3.476 w_ax@goal=-0.11 w_v@goal=2.60 return=-90.6 length=192 success_rate=0.10 collisions/ep=1.70 (n=10)
update=212 global_step=434176 SPS=448 w_ev=0.989 m_ev=-0.110 m_v_bias=13.9 m_adv_std=36.5226 m_kl_max=0.0247 m_ratio_max=0.619 w_ax@goal=-0.13 w_v@goal=2.59 return=-205.6 length=200 success_rate=0.00 collisions/ep=1.73 (n=11)
update=213 global_step=436224 SPS=449 w_ev=0.990 m_ev=-0.179 m_v_bias=16.1 m_adv_std=32.4337 m_kl_max=0.0115 m_ratio_max=0.511 w_ax@goal=-0.14 w_v@goal=2.49 return=-223.8 length=200 success_rate=0.00 collisions/ep=2.20 (n=10)
update=214 global_step=438272 SPS=450 w_ev=0.991 m_ev=0.003 m_v_bias=7.3 m_adv_std=39.7786 m_kl_max=0.0152 m_ratio_max=1.011 w_ax@goal=-0.08 w_v@goal=2.54 return=-159.5 length=200 success_rate=0.00 collisions/ep=0.80 (n=10)
update=215 global_step=440320 SPS=452 w_ev=0.972 m_ev=-0.003 m_v_bias=-106.6 m_adv_std=248.0679 m_kl_max=0.0111 m_ratio_max=0.593 w_ax@goal=-0.10 w_v@goal=2.50 return=168.7 length=189 success_rate=0.33 collisions/ep=1.33 (n=12)
Evaluation at update 215: return=-114.24, length=200.00, success_rate=0.00, collisions/ep=0.00
Solved-check at update 215: solved=False worst_gap=1183.28 at p_x0=2.00 p_y0=-1.00 (consecutive=0)
update=216 global_step=442368 SPS=447 w_ev=0.982 m_ev=0.020 m_v_bias=-41.7 m_adv_std=222.9397 m_kl_max=0.0095 m_ratio_max=0.379 w_ax@goal=-0.05 w_v@goal=2.36 return=174.1 length=185 success_rate=0.36 collisions/ep=1.82 (n=11)
update=217 global_step=444416 SPS=448 w_ev=0.991 m_ev=0.053 m_v_bias=3.6 m_adv_std=122.8449 m_kl_max=0.0133 m_ratio_max=0.617 w_ax@goal=-0.10 w_v@goal=2.38 return=-52.9 length=198 success_rate=0.11 collisions/ep=1.00 (n=9)
update=218 global_step=446464 SPS=449 w_ev=0.987 m_ev=-0.106 m_v_bias=17.4 m_adv_std=126.5972 m_kl_max=0.0080 m_ratio_max=0.689 w_ax@goal=-0.15 w_v@goal=2.46 return=-45.9 length=192 success_rate=0.10 collisions/ep=0.80 (n=10)
update=219 global_step=448512 SPS=450 w_ev=0.980 m_ev=0.009 m_v_bias=-28.0 m_adv_std=201.9844 m_kl_max=0.0095 m_ratio_max=0.692 w_ax@goal=-0.13 w_v@goal=2.50 return=116.5 length=181 success_rate=0.25 collisions/ep=0.75 (n=12)
update=220 global_step=450560 SPS=452 w_ev=0.992 m_ev=-0.205 m_v_bias=67.7 m_adv_std=60.7342 m_kl_max=0.0078 m_ratio_max=0.483 w_ax@goal=-0.12 w_v@goal=2.44 return=-165.8 length=200 success_rate=0.00 collisions/ep=1.00 (n=11)
Evaluation at update 220: return=-116.28, length=200.00, success_rate=0.00, collisions/ep=0.00
Solved-check at update 220: solved=False worst_gap=1135.32 at p_x0=2.00 p_y0=-1.00 (consecutive=0)
update=221 global_step=452608 SPS=447 w_ev=0.993 m_ev=-0.585 m_v_bias=36.0 m_adv_std=31.8791 m_kl_max=0.0116 m_ratio_max=0.762 w_ax@goal=-0.19 w_v@goal=2.52 return=-180.2 length=200 success_rate=0.00 collisions/ep=1.22 (n=9)
update=222 global_step=454656 SPS=448 w_ev=0.989 m_ev=0.028 m_v_bias=-3.7 m_adv_std=139.9654 m_kl_max=0.0082 m_ratio_max=0.396 w_ax@goal=-0.20 w_v@goal=2.55 return=-69.9 length=199 success_rate=0.09 collisions/ep=0.91 (n=11)
update=223 global_step=456704 SPS=449 w_ev=0.994 m_ev=-1.234 m_v_bias=18.1 m_adv_std=36.9830 m_kl_max=0.0128 m_ratio_max=0.530 w_ax@goal=-0.18 w_v@goal=2.52 return=-197.4 length=200 success_rate=0.00 collisions/ep=1.64 (n=11)
update=224 global_step=458752 SPS=450 w_ev=0.990 m_ev=-0.076 m_v_bias=20.0 m_adv_std=47.0452 m_kl_max=0.0086 m_ratio_max=0.426 w_ax@goal=-0.18 w_v@goal=2.54 return=-156.6 length=200 success_rate=0.00 collisions/ep=0.80 (n=10)
update=225 global_step=460800 SPS=452 w_ev=0.989 m_ev=-0.130 m_v_bias=8.9 m_adv_std=18.5049 m_kl_max=0.0044 m_ratio_max=0.527 w_ax@goal=-0.23 w_v@goal=2.54 return=-171.0 length=200 success_rate=0.00 collisions/ep=1.11 (n=9)
Evaluation at update 225: return=-116.49, length=200.00, success_rate=0.00, collisions/ep=0.00
Solved-check at update 225: solved=False worst_gap=1185.41 at p_x0=2.00 p_y0=-1.00 (consecutive=0)
update=226 global_step=462848 SPS=446 w_ev=0.990 m_ev=0.129 m_v_bias=11.6 m_adv_std=19.1413 m_kl_max=0.0223 m_ratio_max=0.945 w_ax@goal=-0.20 w_v@goal=2.55 return=-175.1 length=200 success_rate=0.00 collisions/ep=1.18 (n=11)
update=227 global_step=464896 SPS=448 w_ev=0.989 m_ev=0.023 m_v_bias=7.5 m_adv_std=37.0450 m_kl_max=0.0294 m_ratio_max=0.878 w_ax@goal=-0.22 w_v@goal=2.53 return=-194.1 length=200 success_rate=0.00 collisions/ep=1.50 (n=10)
update=228 global_step=466944 SPS=449 w_ev=0.992 m_ev=0.075 m_v_bias=0.1 m_adv_std=18.7515 m_kl_max=0.0068 m_ratio_max=0.392 w_ax@goal=-0.27 w_v@goal=2.56 return=-154.1 length=200 success_rate=0.00 collisions/ep=0.70 (n=10)
update=229 global_step=468992 SPS=450 w_ev=0.989 m_ev=-0.002 m_v_bias=-8.7 m_adv_std=117.7024 m_kl_max=0.0468 m_ratio_max=1.194 w_ax@goal=-0.20 w_v@goal=2.49 return=-105.4 length=193 success_rate=0.08 collisions/ep=1.58 (n=12)
update=230 global_step=471040 SPS=451 w_ev=0.989 m_ev=0.005 m_v_bias=-40.4 m_adv_std=143.9243 m_kl_max=0.0557 m_ratio_max=0.959 w_ax@goal=-0.20 w_v@goal=2.48 return=-25.2 length=193 success_rate=0.10 collisions/ep=0.40 (n=10)
Evaluation at update 230: return=-115.58, length=200.00, success_rate=0.00, collisions/ep=0.00
Solved-check at update 230: solved=False worst_gap=1134.95 at p_x0=2.00 p_y0=-1.00 (consecutive=0)
update=231 global_step=473088 SPS=446 w_ev=0.983 m_ev=0.034 m_v_bias=-41.1 m_adv_std=187.5930 m_kl_max=0.0114 m_ratio_max=0.778 w_ax@goal=-0.26 w_v@goal=2.41 return=-1.8 length=190 success_rate=0.18 collisions/ep=1.55 (n=11)
update=232 global_step=475136 SPS=448 w_ev=0.991 m_ev=-1.506 m_v_bias=15.9 m_adv_std=46.9513 m_kl_max=0.0090 m_ratio_max=0.422 w_ax@goal=-0.33 w_v@goal=2.53 return=-140.2 length=200 success_rate=0.00 collisions/ep=0.45 (n=11)
update=233 global_step=477184 SPS=449 w_ev=0.992 m_ev=-0.073 m_v_bias=23.1 m_adv_std=36.7027 m_kl_max=0.0204 m_ratio_max=1.293 w_ax@goal=-0.26 w_v@goal=2.62 return=-165.4 length=200 success_rate=0.00 collisions/ep=0.89 (n=9)
update=234 global_step=479232 SPS=450 w_ev=0.993 m_ev=-0.152 m_v_bias=11.3 m_adv_std=26.1695 m_kl_max=0.0166 m_ratio_max=0.635 w_ax@goal=-0.24 w_v@goal=2.57 return=-197.3 length=200 success_rate=0.00 collisions/ep=1.60 (n=10)
update=235 global_step=481280 SPS=451 w_ev=0.993 m_ev=0.001 m_v_bias=8.0 m_adv_std=18.7540 m_kl_max=0.0137 m_ratio_max=0.502 w_ax@goal=-0.26 w_v@goal=2.59 return=-154.4 length=200 success_rate=0.00 collisions/ep=0.70 (n=10)
Evaluation at update 235: return=-118.67, length=200.00, success_rate=0.00, collisions/ep=0.00
Solved-check at update 235: solved=False worst_gap=1139.75 at p_x0=2.00 p_y0=-1.00 (consecutive=0)
update=236 global_step=483328 SPS=447 w_ev=0.987 m_ev=-0.008 m_v_bias=-16.8 m_adv_std=133.1026 m_kl_max=0.0219 m_ratio_max=0.685 w_ax@goal=-0.25 w_v@goal=2.59 return=-103.5 length=192 success_rate=0.08 collisions/ep=1.38 (n=13)
update=237 global_step=485376 SPS=448 w_ev=0.990 m_ev=-0.042 m_v_bias=13.7 m_adv_std=55.9786 m_kl_max=0.0311 m_ratio_max=0.623 w_ax@goal=-0.23 w_v@goal=2.59 return=-242.8 length=200 success_rate=0.00 collisions/ep=2.50 (n=8)
update=238 global_step=487424 SPS=449 w_ev=0.992 m_ev=-0.175 m_v_bias=13.0 m_adv_std=30.4468 m_kl_max=0.0267 m_ratio_max=0.860 w_ax@goal=-0.27 w_v@goal=2.61 return=-138.4 length=200 success_rate=0.00 collisions/ep=0.40 (n=10)
update=239 global_step=489472 SPS=450 w_ev=0.988 m_ev=0.001 m_v_bias=-31.9 m_adv_std=139.1868 m_kl_max=0.0159 m_ratio_max=0.656 w_ax@goal=-0.30 w_v@goal=2.63 return=-118.8 length=196 success_rate=0.08 collisions/ep=1.75 (n=12)
update=240 global_step=491520 SPS=451 w_ev=0.987 m_ev=0.010 m_v_bias=-18.3 m_adv_std=148.5508 m_kl_max=0.0334 m_ratio_max=0.885 w_ax@goal=-0.31 w_v@goal=2.64 return=-80.1 length=192 success_rate=0.10 collisions/ep=1.40 (n=10)
Evaluation at update 240: return=-118.66, length=200.00, success_rate=0.00, collisions/ep=0.00
Solved-check at update 240: solved=False worst_gap=1138.83 at p_x0=2.00 p_y0=-1.00 (consecutive=0)
update=241 global_step=493568 SPS=446 w_ev=0.989 m_ev=-0.119 m_v_bias=23.2 m_adv_std=31.7829 m_kl_max=0.0092 m_ratio_max=0.583 w_ax@goal=-0.16 w_v@goal=2.66 return=-206.6 length=200 success_rate=0.00 collisions/ep=1.78 (n=9)
update=242 global_step=495616 SPS=448 w_ev=0.992 m_ev=0.022 m_v_bias=18.0 m_adv_std=58.7363 m_kl_max=0.0207 m_ratio_max=0.950 w_ax@goal=-0.26 w_v@goal=2.71 return=-152.4 length=200 success_rate=0.00 collisions/ep=0.67 (n=12)
update=243 global_step=497664 SPS=449 w_ev=0.984 m_ev=0.010 m_v_bias=-32.7 m_adv_std=135.9050 m_kl_max=0.0196 m_ratio_max=0.684 w_ax@goal=-0.18 w_v@goal=2.83 return=-128.9 length=196 success_rate=0.10 collisions/ep=2.30 (n=10)
update=244 global_step=499712 SPS=450 w_ev=0.991 m_ev=-0.638 m_v_bias=11.3 m_adv_std=33.9886 m_kl_max=0.0221 m_ratio_max=0.711 w_ax@goal=-0.14 w_v@goal=2.80 return=-145.5 length=200 success_rate=0.00 collisions/ep=0.60 (n=10)
Saved checkpoints to C:\Users\loren\Desktop\MASTER THESIS\5_CODE\scenarios\slalom\studies\extrinsic_sweep\coef_0\runs\hppo_slalom_4_1790267260
