Using device: cpu
Solved-check: precomputed optimal returns for 25 fixed initial conditions (mean=1013.0, min=1011.0, max=1015.0); solved-tolerance=5.0
Goal box: +-1.800 m (1.5x segment-reachable; segment-reachable displacement = 1.200 m)
tube MPC: W half-widths [0.005 0.005 0.05  0.05 ], RPI s=17 alpha=0.0281; Z half-widths (p_x, p_y, v_x, v_y) = [0.0833 0.0833 0.2107 0.2107]
  X0 (-) Z: p_x [-0.917, 10.917], p_y [-1.916, 1.916], |v| <= 0.989; V = U (-) KZ: |u| <= 1.692; K = [-7.613 -4.585] per axis
  4 obstacles, 132 binaries before fixing, max big-M 9.00; horizon N=10, stopping time 6 steps
num_envs=8 num_steps_per_env=256 batch_size=2048 num_updates=244 timesteps=499712 (requested 500000)
update=1 global_step=2048 SPS=84 m_ev=-0.001 m_v_bias=42.0 m_kl_max=0.0033 mpc_ms=11.6/75 cand=0.000 return=-195.5 length=200 success_rate=0.00 collisions/ep=0.00 (n=8)
update=2 global_step=4096 SPS=86 m_ev=-0.515 m_v_bias=23.6 m_kl_max=0.0131 mpc_ms=10.9/48 cand=0.000 return=-186.8 length=200 success_rate=0.00 collisions/ep=0.00 (n=8)
update=3 global_step=6144 SPS=87 m_ev=-0.238 m_v_bias=11.1 m_kl_max=0.0455 mpc_ms=10.9/36 cand=0.000 return=-188.4 length=200 success_rate=0.00 collisions/ep=0.00 (n=8)
update=4 global_step=8192 SPS=85 m_ev=0.100 m_v_bias=6.3 m_kl_max=0.0553 mpc_ms=12.1/128 cand=0.000 return=-171.6 length=200 success_rate=0.00 collisions/ep=0.00 (n=16)
update=5 global_step=10240 SPS=84 m_ev=0.221 m_v_bias=2.8 m_kl_max=0.0707 mpc_ms=12.0/61 cand=0.000 return=-167.6 length=200 success_rate=0.00 collisions/ep=0.00 (n=8)
Evaluation at update 5: return=-142.74, length=200.00, success_rate=0.00, collisions/ep=0.00
Solved-check at update 5: solved=False worst_gap=1174.61 at p_x0=2.00 p_y0=-1.00 (consecutive=0)
update=6 global_step=12288 SPS=44 m_ev=0.608 m_v_bias=-0.2 m_kl_max=0.0156 mpc_ms=13.3/102 cand=0.000 return=-149.6 length=200 success_rate=0.00 collisions/ep=0.00 (n=8)
update=7 global_step=14336 SPS=47 m_ev=0.774 m_v_bias=-0.6 m_kl_max=0.0303 mpc_ms=12.0/92 cand=0.000 w_ax@goal=-0.84 return=-143.0 length=200 success_rate=0.00 collisions/ep=0.00 (n=8)
update=8 global_step=16384 SPS=50 m_ev=0.907 m_v_bias=0.1 m_kl_max=0.0214 mpc_ms=11.7/59 cand=0.000 w_ax@goal=-1.89 return=-145.3 length=200 success_rate=0.00 collisions/ep=0.00 (n=16)
update=9 global_step=18432 SPS=52 m_ev=0.920 m_v_bias=-0.2 m_kl_max=0.0386 mpc_ms=12.5/74 cand=0.000 return=-138.8 length=200 success_rate=0.00 collisions/ep=0.00 (n=8)
update=10 global_step=20480 SPS=54 m_ev=-0.026 m_v_bias=-51.7 m_kl_max=0.0150 mpc_ms=11.8/69 cand=0.000 w_ax@goal=+0.01 return=124.4 length=194 success_rate=0.25 collisions/ep=0.00 (n=8)
Evaluation at update 10: return=-142.33, length=200.00, success_rate=0.00, collisions/ep=0.00
Solved-check at update 10: solved=False worst_gap=1161.90 at p_x0=2.00 p_y0=-0.50 (consecutive=0)
update=11 global_step=22528 SPS=44 m_ev=0.018 m_v_bias=-25.6 m_kl_max=0.0190 mpc_ms=11.7/68 cand=0.000 w_ax@goal=+0.08 return=-69.9 length=198 success_rate=0.06 collisions/ep=0.00 (n=16)
update=12 global_step=24576 SPS=46 m_ev=0.103 m_v_bias=-53.1 m_kl_max=0.0057 mpc_ms=12.0/89 cand=0.000 w_ax@goal=-0.07 return=124.8 length=195 success_rate=0.25 collisions/ep=0.00 (n=8)
update=13 global_step=26624 SPS=48 m_ev=0.191 m_v_bias=-30.1 m_kl_max=0.0179 mpc_ms=12.0/67 cand=0.000 w_ax@goal=-0.64 return=136.2 length=190 success_rate=0.25 collisions/ep=0.00 (n=8)
update=14 global_step=28672 SPS=49 m_ev=0.233 m_v_bias=-55.4 m_kl_max=0.0186 mpc_ms=12.5/83 cand=0.000 w_ax@goal=-0.43 return=217.1 length=190 success_rate=0.33 collisions/ep=0.00 (n=15)
update=15 global_step=30720 SPS=50 m_ev=0.467 m_v_bias=-91.8 m_kl_max=0.0182 mpc_ms=12.1/68 cand=0.000 w_ax@goal=+0.25 return=511.1 length=163 success_rate=0.60 collisions/ep=0.00 (n=10)
Evaluation at update 15: return=174.15, length=172.15, success_rate=0.30, collisions/ep=0.00
Solved-check at update 15: solved=False worst_gap=1191.90 at p_x0=2.00 p_y0=-0.50 (consecutive=0)
update=16 global_step=32768 SPS=45 m_ev=0.566 m_v_bias=-35.4 m_kl_max=0.0202 mpc_ms=12.6/61 cand=0.000 w_ax@goal=-0.05 return=272.4 length=184 success_rate=0.38 collisions/ep=0.00 (n=13)
update=17 global_step=34816 SPS=46 m_ev=0.659 m_v_bias=3.4 m_kl_max=0.0107 mpc_ms=12.0/90 cand=0.000 w_ax@goal=-0.08 return=253.0 length=175 success_rate=0.36 collisions/ep=0.00 (n=11)
update=18 global_step=36864 SPS=47 m_ev=0.770 m_v_bias=-110.2 m_kl_max=0.0112 mpc_ms=12.9/76 cand=0.000 w_ax@goal=+0.12 return=647.4 length=152 success_rate=0.71 collisions/ep=0.00 (n=14)
update=19 global_step=38912 SPS=48 m_ev=0.769 m_v_bias=-17.3 m_kl_max=0.0083 mpc_ms=12.4/100 cand=0.000 w_ax@goal=-0.06 return=593.6 length=156 success_rate=0.67 collisions/ep=0.00 (n=12)
update=20 global_step=40960 SPS=48 m_ev=0.683 m_v_bias=42.7 m_kl_max=0.0130 mpc_ms=14.0/95 cand=0.000 w_ax@goal=-0.06 return=448.2 length=164 success_rate=0.54 collisions/ep=0.00 (n=13)
Evaluation at update 20: return=121.21, length=172.05, success_rate=0.25, collisions/ep=0.00
Solved-check at update 20: solved=False worst_gap=1191.90 at p_x0=2.00 p_y0=-0.50 (consecutive=0)
update=21 global_step=43008 SPS=45 m_ev=0.820 m_v_bias=-52.0 m_kl_max=0.0087 mpc_ms=12.2/77 cand=0.000 w_ax@goal=-0.15 return=651.1 length=143 success_rate=0.71 collisions/ep=0.00 (n=14)
update=22 global_step=45056 SPS=46 m_ev=0.869 m_v_bias=-37.0 m_kl_max=0.0161 mpc_ms=13.2/74 cand=0.000 w_ax@goal=-0.07 return=838.3 length=129 success_rate=0.88 collisions/ep=0.00 (n=17)
update=23 global_step=47104 SPS=46 m_ev=0.826 m_v_bias=-24.5 m_kl_max=0.0239 mpc_ms=12.6/87 cand=0.000 w_ax@goal=+0.01 return=956.9 length=133 success_rate=1.00 collisions/ep=0.00 (n=16)
update=24 global_step=49152 SPS=47 m_ev=0.826 m_v_bias=-5.4 m_kl_max=0.0201 mpc_ms=12.5/76 cand=0.000 w_ax@goal=-0.02 return=975.8 length=114 success_rate=1.00 collisions/ep=0.00 (n=15)
update=25 global_step=51200 SPS=48 m_ev=0.872 m_v_bias=-18.3 m_kl_max=0.0104 mpc_ms=12.6/60 cand=0.000 w_ax@goal=-0.05 return=912.4 length=126 success_rate=0.95 collisions/ep=0.00 (n=19)
Evaluation at update 25: return=1004.56, length=85.45, success_rate=1.00, collisions/ep=0.00
Solved-check at update 25: solved=False worst_gap=10.17 at p_x0=2.00 p_y0=-1.00 (consecutive=0)
update=26 global_step=53248 SPS=46 m_ev=0.912 m_v_bias=12.6 m_kl_max=0.0090 mpc_ms=12.7/92 cand=0.000 w_ax@goal=-0.10 return=985.9 length=106 success_rate=1.00 collisions/ep=0.00 (n=20)
update=27 global_step=55296 SPS=47 m_ev=0.932 m_v_bias=-15.1 m_kl_max=0.0071 mpc_ms=13.3/66 cand=0.000 w_ax@goal=-0.09 return=984.9 length=108 success_rate=1.00 collisions/ep=0.00 (n=19)
update=28 global_step=57344 SPS=48 m_ev=0.936 m_v_bias=-0.1 m_kl_max=0.0108 mpc_ms=12.4/78 cand=0.000 w_ax@goal=+0.04 return=988.2 length=102 success_rate=1.00 collisions/ep=0.00 (n=19)
update=29 global_step=59392 SPS=48 m_ev=0.945 m_v_bias=4.5 m_kl_max=0.0121 mpc_ms=12.5/74 cand=0.000 w_ax@goal=-0.00 return=989.9 length=103 success_rate=1.00 collisions/ep=0.00 (n=20)
update=30 global_step=61440 SPS=49 m_ev=0.940 m_v_bias=-13.7 m_kl_max=0.0111 mpc_ms=12.5/76 cand=0.000 w_ax@goal=-0.09 return=991.9 length=98 success_rate=1.00 collisions/ep=0.00 (n=21)
Evaluation at update 30: return=1006.23, length=83.75, success_rate=1.00, collisions/ep=0.00
Solved-check at update 30: solved=False worst_gap=8.36 at p_x0=0.00 p_y0=0.00 (consecutive=0)
update=31 global_step=63488 SPS=48 m_ev=0.959 m_v_bias=-2.5 m_kl_max=0.0065 mpc_ms=12.0/70 cand=0.000 w_ax@goal=+0.02 return=993.7 length=96 success_rate=1.00 collisions/ep=0.00 (n=23)
update=32 global_step=65536 SPS=48 m_ev=0.954 m_v_bias=-8.0 m_kl_max=0.0098 mpc_ms=12.0/79 cand=0.000 w_ax@goal=-0.02 return=1000.2 length=92 success_rate=1.00 collisions/ep=0.00 (n=22)
update=33 global_step=67584 SPS=49 m_ev=0.953 m_v_bias=4.7 m_kl_max=0.0104 mpc_ms=12.2/94 cand=0.000 w_ax@goal=+0.07 return=995.9 length=94 success_rate=1.00 collisions/ep=0.00 (n=22)
update=34 global_step=69632 SPS=50 m_ev=0.948 m_v_bias=-5.4 m_kl_max=0.0108 mpc_ms=12.2/69 cand=0.000 w_ax@goal=+0.05 return=998.5 length=93 success_rate=1.00 collisions/ep=0.00 (n=20)
update=35 global_step=71680 SPS=50 m_ev=0.959 m_v_bias=-4.0 m_kl_max=0.0071 mpc_ms=12.0/78 cand=0.000 w_ax@goal=+0.01 return=1001.3 length=89 success_rate=1.00 collisions/ep=0.00 (n=23)
Evaluation at update 35: return=1007.14, length=82.85, success_rate=1.00, collisions/ep=0.00
Solved-check at update 35: solved=False worst_gap=7.30 at p_x0=0.00 p_y0=0.00 (consecutive=0)
update=36 global_step=73728 SPS=49 m_ev=0.964 m_v_bias=4.1 m_kl_max=0.0069 mpc_ms=11.6/69 cand=0.000 w_ax@goal=+0.00 return=998.2 length=94 success_rate=1.00 collisions/ep=0.00 (n=22)
update=37 global_step=75776 SPS=50 m_ev=0.936 m_v_bias=3.0 m_kl_max=0.0246 mpc_ms=12.5/65 cand=0.000 w_ax@goal=+0.03 return=1000.2 length=93 success_rate=1.00 collisions/ep=0.00 (n=22)
update=38 global_step=77824 SPS=50 m_ev=0.977 m_v_bias=-4.9 m_kl_max=0.0196 mpc_ms=11.7/59 cand=0.000 w_ax@goal=-0.03 return=1000.9 length=90 success_rate=1.00 collisions/ep=0.00 (n=23)
update=39 global_step=79872 SPS=51 m_ev=0.964 m_v_bias=11.3 m_kl_max=0.0158 mpc_ms=12.1/69 cand=0.000 w_ax@goal=+0.05 return=998.1 length=94 success_rate=1.00 collisions/ep=0.00 (n=23)
update=40 global_step=81920 SPS=51 m_ev=0.984 m_v_bias=-14.2 m_kl_max=0.0071 mpc_ms=12.1/77 cand=0.000 w_ax@goal=+0.02 return=1001.9 length=89 success_rate=1.00 collisions/ep=0.00 (n=23)
Evaluation at update 40: return=1007.32, length=82.70, success_rate=1.00, collisions/ep=0.00
Solved-check at update 40: solved=False worst_gap=7.09 at p_x0=0.00 p_y0=0.00 (consecutive=0)
update=41 global_step=83968 SPS=50 m_ev=0.985 m_v_bias=-6.4 m_kl_max=0.0172 mpc_ms=11.6/52 cand=0.000 w_ax@goal=+0.01 return=1003.5 length=89 success_rate=1.00 collisions/ep=0.00 (n=24)
update=42 global_step=86016 SPS=51 m_ev=0.989 m_v_bias=-3.3 m_kl_max=0.0353 mpc_ms=11.7/92 cand=0.000 w_ax@goal=-0.04 return=1004.0 length=88 success_rate=1.00 collisions/ep=0.00 (n=23)
update=43 global_step=88064 SPS=51 m_ev=0.993 m_v_bias=-7.1 m_kl_max=0.0124 mpc_ms=11.5/56 cand=0.000 w_ax@goal=+0.02 return=1006.8 length=87 success_rate=1.00 collisions/ep=0.00 (n=23)
update=44 global_step=90112 SPS=52 m_ev=0.991 m_v_bias=2.3 m_kl_max=0.0124 mpc_ms=11.4/53 cand=0.000 w_ax@goal=+0.07 return=1005.2 length=87 success_rate=1.00 collisions/ep=0.00 (n=22)
update=45 global_step=92160 SPS=52 m_ev=0.982 m_v_bias=1.6 m_kl_max=0.0237 mpc_ms=11.8/60 cand=0.000 w_ax@goal=+0.01 return=1005.1 length=87 success_rate=1.00 collisions/ep=0.00 (n=25)
Evaluation at update 45: return=1007.67, length=82.50, success_rate=1.00, collisions/ep=0.00
Solved-check at update 45: solved=False worst_gap=6.74 at p_x0=0.00 p_y0=0.00 (consecutive=0)
update=46 global_step=94208 SPS=51 m_ev=0.980 m_v_bias=4.2 m_kl_max=0.0239 mpc_ms=11.8/76 cand=0.000 w_ax@goal=-0.03 return=1002.3 length=88 success_rate=1.00 collisions/ep=0.00 (n=23)
update=47 global_step=96256 SPS=52 m_ev=0.985 m_v_bias=-4.5 m_kl_max=0.0079 mpc_ms=11.4/57 cand=0.000 w_ax@goal=+0.02 return=1004.5 length=88 success_rate=1.00 collisions/ep=0.00 (n=25)
update=48 global_step=98304 SPS=52 m_ev=0.990 m_v_bias=-4.7 m_kl_max=0.0063 mpc_ms=11.9/88 cand=0.000 w_ax@goal=+0.03 return=1006.3 length=85 success_rate=1.00 collisions/ep=0.00 (n=22)
update=49 global_step=100352 SPS=52 m_ev=0.992 m_v_bias=0.9 m_kl_max=0.0126 mpc_ms=11.6/75 cand=0.000 w_ax@goal=-0.03 return=1003.9 length=86 success_rate=1.00 collisions/ep=0.00 (n=23)
update=50 global_step=102400 SPS=53 m_ev=0.990 m_v_bias=1.8 m_kl_max=0.0111 mpc_ms=11.6/66 cand=0.000 w_ax@goal=-0.03 return=1005.7 length=87 success_rate=1.00 collisions/ep=0.00 (n=23)
Evaluation at update 50: return=1007.91, length=82.35, success_rate=1.00, collisions/ep=0.00
Solved-check at update 50: solved=False worst_gap=6.44 at p_x0=0.00 p_y0=0.00 (consecutive=0)
update=51 global_step=104448 SPS=52 m_ev=0.991 m_v_bias=-1.1 m_kl_max=0.0102 mpc_ms=11.9/65 cand=0.000 w_ax@goal=+0.00 return=1004.8 length=88 success_rate=1.00 collisions/ep=0.00 (n=24)
update=52 global_step=106496 SPS=52 m_ev=0.988 m_v_bias=0.4 m_kl_max=0.0143 mpc_ms=11.8/69 cand=0.000 w_ax@goal=-0.04 return=1005.2 length=86 success_rate=1.00 collisions/ep=0.00 (n=24)
update=53 global_step=108544 SPS=53 m_ev=0.996 m_v_bias=-4.6 m_kl_max=0.0252 mpc_ms=11.7/56 cand=0.000 w_ax@goal=+0.03 return=1006.4 length=84 success_rate=1.00 collisions/ep=0.00 (n=24)
update=54 global_step=110592 SPS=53 m_ev=0.989 m_v_bias=1.4 m_kl_max=0.0069 mpc_ms=11.7/97 cand=0.000 w_ax@goal=+0.02 return=1006.9 length=85 success_rate=1.00 collisions/ep=0.00 (n=24)
update=55 global_step=112640 SPS=53 m_ev=0.956 m_v_bias=10.0 m_kl_max=0.0316 mpc_ms=12.1/72 cand=0.000 w_ax@goal=+0.02 return=1000.6 length=92 success_rate=1.00 collisions/ep=0.00 (n=23)
Evaluation at update 55: return=1007.98, length=82.20, success_rate=1.00, collisions/ep=0.00
Solved-check at update 55: solved=False worst_gap=6.32 at p_x0=0.00 p_y0=0.00 (consecutive=0)
update=56 global_step=114688 SPS=53 m_ev=0.993 m_v_bias=-12.2 m_kl_max=0.0084 mpc_ms=11.5/75 cand=0.000 w_ax@goal=+0.01 return=1005.7 length=85 success_rate=1.00 collisions/ep=0.00 (n=24)
update=57 global_step=116736 SPS=53 m_ev=0.994 m_v_bias=-1.8 m_kl_max=0.0048 mpc_ms=11.6/79 cand=0.000 w_ax@goal=-0.02 return=1006.1 length=84 success_rate=1.00 collisions/ep=0.00 (n=25)
update=58 global_step=118784 SPS=53 m_ev=0.997 m_v_bias=-1.7 m_kl_max=0.0095 mpc_ms=11.4/67 cand=0.000 w_ax@goal=-0.01 return=1006.9 length=86 success_rate=1.00 collisions/ep=0.00 (n=23)
update=59 global_step=120832 SPS=54 m_ev=0.985 m_v_bias=6.5 m_kl_max=0.0127 mpc_ms=11.3/56 cand=0.000 w_ax@goal=+0.01 return=1005.9 length=85 success_rate=1.00 collisions/ep=0.00 (n=23)
update=60 global_step=122880 SPS=54 m_ev=0.995 m_v_bias=0.3 m_kl_max=0.0056 mpc_ms=11.4/71 cand=0.000 w_ax@goal=+0.00 return=1005.1 length=85 success_rate=1.00 collisions/ep=0.00 (n=26)
Evaluation at update 60: return=1008.05, length=82.10, success_rate=1.00, collisions/ep=0.00
Solved-check at update 60: solved=False worst_gap=6.20 at p_x0=0.00 p_y0=0.00 (consecutive=0)
update=61 global_step=124928 SPS=53 m_ev=0.996 m_v_bias=0.7 m_kl_max=0.0083 mpc_ms=11.4/59 cand=0.000 w_ax@goal=-0.03 return=1006.6 length=85 success_rate=1.00 collisions/ep=0.00 (n=22)
update=62 global_step=126976 SPS=54 m_ev=0.998 m_v_bias=-2.5 m_kl_max=0.0154 mpc_ms=11.7/65 cand=0.000 w_ax@goal=-0.01 return=1007.3 length=84 success_rate=1.00 collisions/ep=0.00 (n=25)
update=63 global_step=129024 SPS=54 m_ev=0.996 m_v_bias=1.1 m_kl_max=0.0077 mpc_ms=11.4/77 cand=0.000 w_ax@goal=-0.03 return=1006.5 length=84 success_rate=1.00 collisions/ep=0.00 (n=25)
update=64 global_step=131072 SPS=54 m_ev=0.997 m_v_bias=0.4 m_kl_max=0.0148 mpc_ms=11.5/58 cand=0.000 w_ax@goal=-0.01 return=1006.5 length=85 success_rate=1.00 collisions/ep=0.00 (n=24)
update=65 global_step=133120 SPS=54 m_ev=0.998 m_v_bias=-0.5 m_kl_max=0.0084 mpc_ms=11.5/60 cand=0.000 w_ax@goal=-0.01 return=1007.2 length=84 success_rate=1.00 collisions/ep=0.00 (n=25)
Evaluation at update 65: return=1008.10, length=81.85, success_rate=1.00, collisions/ep=0.00
Solved-check at update 65: solved=False worst_gap=6.09 at p_x0=0.00 p_y0=0.00 (consecutive=0)
update=66 global_step=135168 SPS=54 m_ev=0.999 m_v_bias=0.2 m_kl_max=0.0074 mpc_ms=11.2/60 cand=0.000 w_ax@goal=-0.00 return=1007.2 length=83 success_rate=1.00 collisions/ep=0.00 (n=25)
update=67 global_step=137216 SPS=54 m_ev=0.997 m_v_bias=0.5 m_kl_max=0.0161 mpc_ms=11.5/58 cand=0.000 w_ax@goal=+0.03 return=1007.3 length=86 success_rate=1.00 collisions/ep=0.00 (n=24)
update=68 global_step=139264 SPS=54 m_ev=0.996 m_v_bias=-0.0 m_kl_max=0.0158 mpc_ms=11.5/60 cand=0.000 w_ax@goal=-0.05 return=1006.9 length=85 success_rate=1.00 collisions/ep=0.00 (n=24)
update=69 global_step=141312 SPS=55 m_ev=0.999 m_v_bias=-3.5 m_kl_max=0.0131 mpc_ms=11.7/54 cand=0.000 w_ax@goal=-0.02 return=1007.7 length=85 success_rate=1.00 collisions/ep=0.00 (n=24)
update=70 global_step=143360 SPS=55 m_ev=0.995 m_v_bias=0.7 m_kl_max=0.0123 mpc_ms=12.4/93 cand=0.000 w_ax@goal=+0.02 return=1006.4 length=85 success_rate=1.00 collisions/ep=0.00 (n=25)
Evaluation at update 70: return=1008.17, length=81.80, success_rate=1.00, collisions/ep=0.00
Solved-check at update 70: solved=False worst_gap=6.00 at p_x0=0.00 p_y0=0.00 (consecutive=0)
update=71 global_step=145408 SPS=54 m_ev=0.999 m_v_bias=-3.3 m_kl_max=0.0122 mpc_ms=11.3/55 cand=0.000 w_ax@goal=+0.01 return=1007.7 length=83 success_rate=1.00 collisions/ep=0.00 (n=25)
update=72 global_step=147456 SPS=54 m_ev=0.992 m_v_bias=3.6 m_kl_max=0.0355 mpc_ms=11.6/70 cand=0.000 w_ax@goal=+0.01 return=1005.9 length=86 success_rate=1.00 collisions/ep=0.00 (n=24)
update=73 global_step=149504 SPS=55 m_ev=0.995 m_v_bias=0.1 m_kl_max=0.0180 mpc_ms=11.6/73 cand=0.000 w_ax@goal=-0.04 return=1007.1 length=84 success_rate=1.00 collisions/ep=0.00 (n=23)
update=74 global_step=151552 SPS=55 m_ev=0.998 m_v_bias=-2.4 m_kl_max=0.0074 mpc_ms=11.3/78 cand=0.000 w_ax@goal=+0.03 return=1006.6 length=84 success_rate=1.00 collisions/ep=0.00 (n=23)
update=75 global_step=153600 SPS=55 m_ev=0.999 m_v_bias=-3.1 m_kl_max=0.0115 mpc_ms=11.5/63 cand=0.000 w_ax@goal=+0.02 return=1007.5 length=84 success_rate=1.00 collisions/ep=0.00 (n=26)
Evaluation at update 75: return=1008.20, length=81.75, success_rate=1.00, collisions/ep=0.00
Solved-check at update 75: solved=False worst_gap=5.96 at p_x0=0.00 p_y0=0.00 (consecutive=0)
update=76 global_step=155648 SPS=55 m_ev=0.997 m_v_bias=1.8 m_kl_max=0.0150 mpc_ms=11.8/94 cand=0.000 w_ax@goal=+0.01 return=1006.9 length=83 success_rate=1.00 collisions/ep=0.00 (n=24)
update=77 global_step=157696 SPS=55 m_ev=0.995 m_v_bias=1.8 m_kl_max=0.0057 mpc_ms=11.7/59 cand=0.000 w_ax@goal=+0.00 return=1006.2 length=83 success_rate=1.00 collisions/ep=0.00 (n=24)
update=78 global_step=159744 SPS=55 m_ev=0.999 m_v_bias=-1.8 m_kl_max=0.0128 mpc_ms=11.3/52 cand=0.000 w_ax@goal=-0.01 return=1007.6 length=83 success_rate=1.00 collisions/ep=0.00 (n=24)
update=79 global_step=161792 SPS=55 m_ev=0.999 m_v_bias=-0.5 m_kl_max=0.0074 mpc_ms=11.7/91 cand=0.000 w_ax@goal=+0.02 return=1007.9 length=85 success_rate=1.00 collisions/ep=0.00 (n=24)
update=80 global_step=163840 SPS=55 m_ev=0.999 m_v_bias=-0.2 m_kl_max=0.0147 mpc_ms=11.4/101 cand=0.000 w_ax@goal=-0.04 return=1007.7 length=84 success_rate=1.00 collisions/ep=0.00 (n=25)
Evaluation at update 80: return=1008.22, length=81.75, success_rate=1.00, collisions/ep=0.00
Solved-check at update 80: solved=False worst_gap=6.00 at p_x0=0.00 p_y0=0.50 (consecutive=0)
update=81 global_step=165888 SPS=55 m_ev=0.998 m_v_bias=1.0 m_kl_max=0.0134 mpc_ms=11.2/50 cand=0.000 w_ax@goal=+0.00 return=1007.6 length=82 success_rate=1.00 collisions/ep=0.00 (n=26)
update=82 global_step=167936 SPS=55 m_ev=0.999 m_v_bias=0.2 m_kl_max=0.0173 mpc_ms=11.3/65 cand=0.000 w_ax@goal=+0.01 return=1006.9 length=83 success_rate=1.00 collisions/ep=0.00 (n=24)
update=83 global_step=169984 SPS=55 m_ev=0.991 m_v_bias=1.9 m_kl_max=0.0156 mpc_ms=11.6/87 cand=0.000 w_ax@goal=-0.01 return=1007.0 length=84 success_rate=1.00 collisions/ep=0.00 (n=25)
update=84 global_step=172032 SPS=56 m_ev=0.992 m_v_bias=1.1 m_kl_max=0.0095 mpc_ms=11.7/74 cand=0.000 w_ax@goal=+0.00 return=1005.6 length=85 success_rate=1.00 collisions/ep=0.00 (n=24)
update=85 global_step=174080 SPS=56 m_ev=0.992 m_v_bias=0.3 m_kl_max=0.0086 mpc_ms=11.4/57 cand=0.000 w_ax@goal=-0.01 return=1007.1 length=86 success_rate=1.00 collisions/ep=0.00 (n=24)
Evaluation at update 85: return=1008.24, length=81.75, success_rate=1.00, collisions/ep=0.00
Solved-check at update 85: solved=False worst_gap=5.97 at p_x0=0.00 p_y0=0.50 (consecutive=0)
update=86 global_step=176128 SPS=55 m_ev=0.995 m_v_bias=0.7 m_kl_max=0.0206 mpc_ms=12.0/83 cand=0.000 w_ax@goal=-0.01 return=1006.5 length=81 success_rate=1.00 collisions/ep=0.00 (n=26)
update=87 global_step=178176 SPS=55 m_ev=0.999 m_v_bias=0.6 m_kl_max=0.0165 mpc_ms=11.6/74 cand=0.000 w_ax@goal=-0.04 return=1007.3 length=83 success_rate=1.00 collisions/ep=0.00 (n=25)
update=88 global_step=180224 SPS=56 m_ev=0.991 m_v_bias=3.1 m_kl_max=0.0219 mpc_ms=11.5/67 cand=0.000 w_ax@goal=+0.01 return=1006.7 length=87 success_rate=1.00 collisions/ep=0.00 (n=22)
update=89 global_step=182272 SPS=56 m_ev=0.995 m_v_bias=-2.8 m_kl_max=0.0237 mpc_ms=11.4/74 cand=0.000 w_ax@goal=-0.00 return=1006.7 length=85 success_rate=1.00 collisions/ep=0.00 (n=24)
update=90 global_step=184320 SPS=56 m_ev=0.995 m_v_bias=-3.6 m_kl_max=0.0026 mpc_ms=11.5/59 cand=0.000 w_ax@goal=-0.00 return=1007.6 length=85 success_rate=1.00 collisions/ep=0.00 (n=24)
Evaluation at update 90: return=1008.24, length=81.75, success_rate=1.00, collisions/ep=0.00
Solved-check at update 90: solved=False worst_gap=5.97 at p_x0=0.00 p_y0=0.50 (consecutive=0)
update=91 global_step=186368 SPS=56 m_ev=0.996 m_v_bias=-1.1 m_kl_max=0.0094 mpc_ms=11.3/52 cand=0.000 w_ax@goal=-0.01 return=1007.4 length=84 success_rate=1.00 collisions/ep=0.00 (n=23)
update=92 global_step=188416 SPS=56 m_ev=0.999 m_v_bias=0.4 m_kl_max=0.0042 mpc_ms=11.4/47 cand=0.000 w_ax@goal=+0.01 return=1007.8 length=84 success_rate=1.00 collisions/ep=0.00 (n=26)
update=93 global_step=190464 SPS=56 m_ev=0.999 m_v_bias=0.2 m_kl_max=0.0133 mpc_ms=11.1/56 cand=0.000 w_ax@goal=+0.02 return=1008.0 length=84 success_rate=1.00 collisions/ep=0.00 (n=24)
update=94 global_step=192512 SPS=56 m_ev=0.996 m_v_bias=0.3 m_kl_max=0.0155 mpc_ms=11.6/76 cand=0.000 w_ax@goal=+0.01 return=1006.8 length=84 success_rate=1.00 collisions/ep=0.00 (n=24)
update=95 global_step=194560 SPS=56 m_ev=0.999 m_v_bias=-4.7 m_kl_max=0.0193 mpc_ms=11.0/57 cand=0.000 w_ax@goal=+0.01 return=1008.1 length=84 success_rate=1.00 collisions/ep=0.00 (n=25)
Evaluation at update 95: return=1008.25, length=81.75, success_rate=1.00, collisions/ep=0.00
Solved-check at update 95: solved=False worst_gap=5.97 at p_x0=0.00 p_y0=0.50 (consecutive=0)
update=96 global_step=196608 SPS=56 m_ev=0.997 m_v_bias=0.6 m_kl_max=0.0093 mpc_ms=11.2/52 cand=0.000 w_ax@goal=-0.00 return=1007.5 length=83 success_rate=1.00 collisions/ep=0.00 (n=27)
update=97 global_step=198656 SPS=56 m_ev=0.984 m_v_bias=3.6 m_kl_max=0.0165 mpc_ms=12.0/71 cand=0.000 w_ax@goal=+0.02 return=1004.8 length=84 success_rate=1.00 collisions/ep=0.00 (n=23)
update=98 global_step=200704 SPS=56 m_ev=0.998 m_v_bias=-6.0 m_kl_max=0.0043 mpc_ms=11.4/49 cand=0.000 w_ax@goal=-0.01 return=1007.5 length=84 success_rate=1.00 collisions/ep=0.00 (n=25)
update=99 global_step=202752 SPS=56 m_ev=0.996 m_v_bias=1.0 m_kl_max=0.0098 mpc_ms=11.0/56 cand=0.000 w_ax@goal=-0.02 return=1007.0 length=84 success_rate=1.00 collisions/ep=0.00 (n=24)
update=100 global_step=204800 SPS=57 m_ev=0.999 m_v_bias=-0.8 m_kl_max=0.0048 mpc_ms=10.6/103 cand=0.000 w_ax@goal=+0.02 return=1007.4 length=84 success_rate=1.00 collisions/ep=0.00 (n=24)
Evaluation at update 100: return=1008.25, length=81.75, success_rate=1.00, collisions/ep=0.00
Solved-check at update 100: solved=False worst_gap=5.96 at p_x0=0.00 p_y0=0.50 (consecutive=0)
update=101 global_step=206848 SPS=56 m_ev=0.999 m_v_bias=-2.1 m_kl_max=0.0181 mpc_ms=10.2/57 cand=0.000 w_ax@goal=-0.02 return=1007.5 length=82 success_rate=1.00 collisions/ep=0.00 (n=24)
update=102 global_step=208896 SPS=56 m_ev=0.988 m_v_bias=3.3 m_kl_max=0.0063 mpc_ms=9.9/46 cand=0.000 w_ax@goal=-0.03 return=1006.4 length=85 success_rate=1.00 collisions/ep=0.00 (n=24)
update=103 global_step=210944 SPS=57 m_ev=0.986 m_v_bias=1.8 m_kl_max=0.0186 mpc_ms=10.5/75 cand=0.000 w_ax@goal=+0.04 return=1007.2 length=85 success_rate=1.00 collisions/ep=0.00 (n=23)
update=104 global_step=212992 SPS=57 m_ev=0.998 m_v_bias=-2.5 m_kl_max=0.0103 mpc_ms=10.4/53 cand=0.000 w_ax@goal=+0.02 return=1007.0 length=85 success_rate=1.00 collisions/ep=0.00 (n=24)
update=105 global_step=215040 SPS=57 m_ev=0.999 m_v_bias=0.0 m_kl_max=0.0236 mpc_ms=9.5/47 cand=0.000 w_ax@goal=-0.01 return=1008.1 length=85 success_rate=1.00 collisions/ep=0.00 (n=26)
Evaluation at update 105: return=1008.25, length=81.75, success_rate=1.00, collisions/ep=0.00
Solved-check at update 105: solved=False worst_gap=5.96 at p_x0=0.00 p_y0=0.50 (consecutive=0)
update=106 global_step=217088 SPS=57 m_ev=0.999 m_v_bias=2.1 m_kl_max=0.0104 mpc_ms=8.9/57 cand=0.000 w_ax@goal=+0.04 return=1007.8 length=84 success_rate=1.00 collisions/ep=0.00 (n=24)
update=107 global_step=219136 SPS=57 m_ev=0.999 m_v_bias=-1.4 m_kl_max=0.0125 mpc_ms=9.1/50 cand=0.000 w_ax@goal=-0.01 return=1007.3 length=82 success_rate=1.00 collisions/ep=0.00 (n=26)
update=108 global_step=221184 SPS=57 m_ev=0.996 m_v_bias=0.6 m_kl_max=0.0177 mpc_ms=9.4/52 cand=0.000 w_ax@goal=-0.00 return=1007.4 length=86 success_rate=1.00 collisions/ep=0.00 (n=24)
update=109 global_step=223232 SPS=58 m_ev=0.997 m_v_bias=0.6 m_kl_max=0.0091 mpc_ms=8.8/56 cand=0.000 w_ax@goal=+0.04 return=1007.3 length=83 success_rate=1.00 collisions/ep=0.00 (n=24)
update=110 global_step=225280 SPS=58 m_ev=0.996 m_v_bias=0.7 m_kl_max=0.0089 mpc_ms=8.9/57 cand=0.000 w_ax@goal=-0.00 return=1007.4 length=84 success_rate=1.00 collisions/ep=0.00 (n=26)
Evaluation at update 110: return=1008.25, length=81.75, success_rate=1.00, collisions/ep=0.00
Solved-check at update 110: solved=False worst_gap=5.95 at p_x0=0.00 p_y0=0.50 (consecutive=0)
update=111 global_step=227328 SPS=58 m_ev=0.999 m_v_bias=-1.6 m_kl_max=0.0279 mpc_ms=8.8/46 cand=0.000 w_ax@goal=-0.00 return=1008.0 length=82 success_rate=1.00 collisions/ep=0.00 (n=23)
update=112 global_step=229376 SPS=58 m_ev=0.996 m_v_bias=2.4 m_kl_max=0.0133 mpc_ms=8.6/38 cand=0.000 w_ax@goal=+0.04 return=1007.4 length=86 success_rate=1.00 collisions/ep=0.00 (n=26)
update=113 global_step=231424 SPS=58 m_ev=0.999 m_v_bias=-1.9 m_kl_max=0.0102 mpc_ms=8.6/45 cand=0.000 w_ax@goal=-0.01 return=1008.0 length=84 success_rate=1.00 collisions/ep=0.00 (n=23)
update=114 global_step=233472 SPS=58 m_ev=0.999 m_v_bias=0.1 m_kl_max=0.0174 mpc_ms=8.9/46 cand=0.000 w_ax@goal=-0.00 return=1008.1 length=84 success_rate=1.00 collisions/ep=0.00 (n=23)
update=115 global_step=235520 SPS=59 m_ev=1.000 m_v_bias=-0.2 m_kl_max=0.0069 mpc_ms=8.9/59 cand=0.000 w_ax@goal=-0.00 return=1007.8 length=84 success_rate=1.00 collisions/ep=0.00 (n=25)
Evaluation at update 115: return=1008.25, length=81.75, success_rate=1.00, collisions/ep=0.00
Solved-check at update 115: solved=False worst_gap=5.95 at p_x0=0.00 p_y0=0.00 (consecutive=0)
update=116 global_step=237568 SPS=58 m_ev=1.000 m_v_bias=-0.7 m_kl_max=0.0187 mpc_ms=8.8/37 cand=0.000 w_ax@goal=+0.03 return=1008.3 length=84 success_rate=1.00 collisions/ep=0.00 (n=24)
update=117 global_step=239616 SPS=59 m_ev=0.997 m_v_bias=0.6 m_kl_max=0.0062 mpc_ms=8.8/53 cand=0.000 w_ax@goal=+0.01 return=1007.4 length=81 success_rate=1.00 collisions/ep=0.00 (n=25)
update=118 global_step=241664 SPS=59 m_ev=0.997 m_v_bias=1.2 m_kl_max=0.0159 mpc_ms=9.1/34 cand=0.000 w_ax@goal=+0.03 return=1008.0 length=84 success_rate=1.00 collisions/ep=0.00 (n=26)
update=119 global_step=243712 SPS=59 m_ev=0.999 m_v_bias=-0.3 m_kl_max=0.0123 mpc_ms=9.0/66 cand=0.000 w_ax@goal=-0.01 return=1007.7 length=84 success_rate=1.00 collisions/ep=0.00 (n=24)
update=120 global_step=245760 SPS=59 m_ev=1.000 m_v_bias=-1.4 m_kl_max=0.0265 mpc_ms=8.9/48 cand=0.000 w_ax@goal=-0.01 return=1007.9 length=83 success_rate=1.00 collisions/ep=0.00 (n=23)
Evaluation at update 120: return=1008.25, length=81.75, success_rate=1.00, collisions/ep=0.00
Solved-check at update 120: solved=False worst_gap=5.95 at p_x0=0.00 p_y0=0.00 (consecutive=0)
update=121 global_step=247808 SPS=59 m_ev=1.000 m_v_bias=-0.6 m_kl_max=0.0087 mpc_ms=8.8/43 cand=0.000 w_ax@goal=-0.05 return=1008.3 length=84 success_rate=1.00 collisions/ep=0.00 (n=24)
update=122 global_step=249856 SPS=59 m_ev=0.988 m_v_bias=2.5 m_kl_max=0.0111 mpc_ms=8.8/44 cand=0.000 w_ax@goal=-0.01 return=1008.0 length=83 success_rate=1.00 collisions/ep=0.00 (n=26)
update=123 global_step=251904 SPS=59 m_ev=0.999 m_v_bias=-1.5 m_kl_max=0.0033 mpc_ms=8.8/37 cand=0.000 w_ax@goal=+0.03 return=1006.8 length=84 success_rate=1.00 collisions/ep=0.00 (n=24)
update=124 global_step=253952 SPS=60 m_ev=0.999 m_v_bias=0.9 m_kl_max=0.0159 mpc_ms=9.0/58 cand=0.000 w_ax@goal=+0.00 return=1008.0 length=83 success_rate=1.00 collisions/ep=0.00 (n=25)
update=125 global_step=256000 SPS=60 m_ev=1.000 m_v_bias=-0.6 m_kl_max=0.0054 mpc_ms=9.2/53 cand=0.000 w_ax@goal=+0.02 return=1008.4 length=85 success_rate=1.00 collisions/ep=0.00 (n=24)
Evaluation at update 125: return=1008.25, length=81.75, success_rate=1.00, collisions/ep=0.00
Solved-check at update 125: solved=False worst_gap=5.95 at p_x0=0.00 p_y0=0.00 (consecutive=0)
update=126 global_step=258048 SPS=60 m_ev=0.988 m_v_bias=2.7 m_kl_max=0.0392 mpc_ms=9.0/50 cand=0.000 w_ax@goal=-0.01 return=1007.5 length=83 success_rate=1.00 collisions/ep=0.00 (n=25)
update=127 global_step=260096 SPS=60 m_ev=0.992 m_v_bias=0.4 m_kl_max=0.0118 mpc_ms=8.9/47 cand=0.000 w_ax@goal=-0.01 return=1006.6 length=84 success_rate=1.00 collisions/ep=0.00 (n=24)
update=128 global_step=262144 SPS=60 m_ev=0.999 m_v_bias=-3.3 m_kl_max=0.0101 mpc_ms=8.9/40 cand=0.000 w_ax@goal=-0.03 return=1007.8 length=84 success_rate=1.00 collisions/ep=0.00 (n=24)
update=129 global_step=264192 SPS=60 m_ev=0.999 m_v_bias=-0.7 m_kl_max=0.0120 mpc_ms=9.0/65 cand=0.000 w_ax@goal=-0.03 return=1008.1 length=85 success_rate=1.00 collisions/ep=0.00 (n=23)
update=130 global_step=266240 SPS=60 m_ev=1.000 m_v_bias=-0.7 m_kl_max=0.0072 mpc_ms=9.2/42 cand=0.000 w_ax@goal=+0.00 return=1007.9 length=82 success_rate=1.00 collisions/ep=0.00 (n=27)
Evaluation at update 130: return=1008.25, length=81.75, success_rate=1.00, collisions/ep=0.00
Solved-check at update 130: solved=False worst_gap=5.95 at p_x0=0.00 p_y0=0.00 (consecutive=0)
update=131 global_step=268288 SPS=60 m_ev=0.991 m_v_bias=3.9 m_kl_max=0.0156 mpc_ms=9.2/50 cand=0.000 w_ax@goal=+0.02 return=1007.5 length=84 success_rate=1.00 collisions/ep=0.00 (n=24)
update=132 global_step=270336 SPS=60 m_ev=0.999 m_v_bias=-2.5 m_kl_max=0.0111 mpc_ms=9.3/49 cand=0.000 w_ax@goal=+0.01 return=1007.3 length=85 success_rate=1.00 collisions/ep=0.00 (n=23)
update=133 global_step=272384 SPS=60 m_ev=0.996 m_v_bias=1.3 m_kl_max=0.0200 mpc_ms=8.9/69 cand=0.000 w_ax@goal=+0.03 return=1008.1 length=83 success_rate=1.00 collisions/ep=0.00 (n=25)
update=134 global_step=274432 SPS=61 m_ev=1.000 m_v_bias=-1.2 m_kl_max=0.0135 mpc_ms=8.8/39 cand=0.000 w_ax@goal=-0.01 return=1007.6 length=84 success_rate=1.00 collisions/ep=0.00 (n=26)
update=135 global_step=276480 SPS=61 m_ev=1.000 m_v_bias=0.8 m_kl_max=0.0123 mpc_ms=8.7/40 cand=0.000 w_ax@goal=-0.01 return=1008.2 length=83 success_rate=1.00 collisions/ep=0.00 (n=24)
Evaluation at update 135: return=1008.25, length=81.75, success_rate=1.00, collisions/ep=0.00
Solved-check at update 135: solved=False worst_gap=5.95 at p_x0=0.00 p_y0=0.00 (consecutive=0)
update=136 global_step=278528 SPS=61 m_ev=1.000 m_v_bias=0.9 m_kl_max=0.0060 mpc_ms=8.5/51 cand=0.000 w_ax@goal=+0.01 return=1008.1 length=83 success_rate=1.00 collisions/ep=0.00 (n=24)
update=137 global_step=280576 SPS=61 m_ev=1.000 m_v_bias=-0.2 m_kl_max=0.0310 mpc_ms=8.7/32 cand=0.000 w_ax@goal=-0.01 return=1008.4 length=84 success_rate=1.00 collisions/ep=0.00 (n=25)
update=138 global_step=282624 SPS=61 m_ev=1.000 m_v_bias=-0.6 m_kl_max=0.0056 mpc_ms=8.7/34 cand=0.000 w_ax@goal=-0.00 return=1008.1 length=83 success_rate=1.00 collisions/ep=0.00 (n=25)
update=139 global_step=284672 SPS=61 m_ev=1.000 m_v_bias=-0.5 m_kl_max=0.0078 mpc_ms=8.7/43 cand=0.000 w_ax@goal=-0.03 return=1008.3 length=83 success_rate=1.00 collisions/ep=0.00 (n=24)
update=140 global_step=286720 SPS=61 m_ev=1.000 m_v_bias=1.3 m_kl_max=0.0159 mpc_ms=8.8/51 cand=0.000 w_ax@goal=+0.01 return=1008.0 length=82 success_rate=1.00 collisions/ep=0.00 (n=25)
Evaluation at update 140: return=1008.25, length=81.75, success_rate=1.00, collisions/ep=0.00
Solved-check at update 140: solved=False worst_gap=5.95 at p_x0=0.00 p_y0=0.00 (consecutive=0)
update=141 global_step=288768 SPS=61 m_ev=0.998 m_v_bias=1.7 m_kl_max=0.0099 mpc_ms=9.3/55 cand=0.000 w_ax@goal=-0.02 return=1007.6 length=84 success_rate=1.00 collisions/ep=0.00 (n=25)
update=142 global_step=290816 SPS=61 m_ev=0.999 m_v_bias=-0.6 m_kl_max=0.0080 mpc_ms=8.5/34 cand=0.000 w_ax@goal=+0.02 return=1008.0 length=82 success_rate=1.00 collisions/ep=0.00 (n=26)
update=143 global_step=292864 SPS=61 m_ev=0.998 m_v_bias=0.7 m_kl_max=0.0062 mpc_ms=8.8/54 cand=0.000 w_ax@goal=-0.02 return=1008.4 length=85 success_rate=1.00 collisions/ep=0.00 (n=23)
update=144 global_step=294912 SPS=62 m_ev=0.999 m_v_bias=-0.7 m_kl_max=0.0154 mpc_ms=8.5/49 cand=0.000 w_ax@goal=-0.01 return=1007.9 length=84 success_rate=1.00 collisions/ep=0.00 (n=25)
update=145 global_step=296960 SPS=62 m_ev=0.999 m_v_bias=2.2 m_kl_max=0.0033 mpc_ms=8.7/52 cand=0.000 w_ax@goal=+0.01 return=1008.1 length=84 success_rate=1.00 collisions/ep=0.00 (n=23)
Evaluation at update 145: return=1008.25, length=81.75, success_rate=1.00, collisions/ep=0.00
Solved-check at update 145: solved=False worst_gap=5.95 at p_x0=0.00 p_y0=0.00 (consecutive=0)
update=146 global_step=299008 SPS=62 m_ev=1.000 m_v_bias=-0.2 m_kl_max=0.0133 mpc_ms=8.7/31 cand=0.000 w_ax@goal=+0.03 return=1008.0 length=85 success_rate=1.00 collisions/ep=0.00 (n=26)
update=147 global_step=301056 SPS=62 m_ev=0.998 m_v_bias=-1.6 m_kl_max=0.0143 mpc_ms=9.0/44 cand=0.000 w_ax@goal=-0.03 return=1007.8 length=82 success_rate=1.00 collisions/ep=0.00 (n=25)
update=148 global_step=303104 SPS=62 m_ev=1.000 m_v_bias=0.8 m_kl_max=0.0199 mpc_ms=9.0/67 cand=0.000 w_ax@goal=+0.01 return=1008.3 length=84 success_rate=1.00 collisions/ep=0.00 (n=25)
update=149 global_step=305152 SPS=62 m_ev=1.000 m_v_bias=-0.4 m_kl_max=0.0133 mpc_ms=9.0/49 cand=0.000 w_ax@goal=-0.00 return=1008.3 length=84 success_rate=1.00 collisions/ep=0.00 (n=22)
update=150 global_step=307200 SPS=62 m_ev=1.000 m_v_bias=-0.0 m_kl_max=0.0082 mpc_ms=8.9/39 cand=0.000 w_ax@goal=-0.00 return=1008.1 length=83 success_rate=1.00 collisions/ep=0.00 (n=24)
Evaluation at update 150: return=1008.25, length=81.75, success_rate=1.00, collisions/ep=0.00
Solved-check at update 150: solved=False worst_gap=5.95 at p_x0=0.00 p_y0=0.00 (consecutive=0)
update=151 global_step=309248 SPS=62 m_ev=1.000 m_v_bias=-0.2 m_kl_max=0.0060 mpc_ms=9.0/62 cand=0.000 w_ax@goal=-0.01 return=1008.1 length=83 success_rate=1.00 collisions/ep=0.00 (n=26)
update=152 global_step=311296 SPS=62 m_ev=1.000 m_v_bias=0.3 m_kl_max=0.0203 mpc_ms=8.8/38 cand=0.000 w_ax@goal=-0.00 return=1007.9 length=82 success_rate=1.00 collisions/ep=0.00 (n=25)
update=153 global_step=313344 SPS=62 m_ev=0.994 m_v_bias=3.7 m_kl_max=0.0200 mpc_ms=9.0/51 cand=0.000 w_ax@goal=-0.02 return=1007.6 length=84 success_rate=1.00 collisions/ep=0.00 (n=25)
update=154 global_step=315392 SPS=63 m_ev=0.995 m_v_bias=-2.8 m_kl_max=0.0066 mpc_ms=9.0/55 cand=0.000 w_ax@goal=-0.04 return=1007.4 length=83 success_rate=1.00 collisions/ep=0.00 (n=24)
update=155 global_step=317440 SPS=63 m_ev=0.999 m_v_bias=-3.1 m_kl_max=0.0211 mpc_ms=9.1/47 cand=0.000 w_ax@goal=-0.02 return=1008.1 length=83 success_rate=1.00 collisions/ep=0.00 (n=25)
Evaluation at update 155: return=1008.25, length=81.75, success_rate=1.00, collisions/ep=0.00
Solved-check at update 155: solved=False worst_gap=5.95 at p_x0=0.00 p_y0=0.00 (consecutive=0)
update=156 global_step=319488 SPS=62 m_ev=1.000 m_v_bias=-1.4 m_kl_max=0.0125 mpc_ms=9.0/32 cand=0.000 w_ax@goal=+0.02 return=1007.8 length=82 success_rate=1.00 collisions/ep=0.00 (n=25)
update=157 global_step=321536 SPS=63 m_ev=1.000 m_v_bias=0.2 m_kl_max=0.0071 mpc_ms=8.8/27 cand=0.000 w_ax@goal=-0.01 return=1008.3 length=82 success_rate=1.00 collisions/ep=0.00 (n=26)
update=158 global_step=323584 SPS=63 m_ev=1.000 m_v_bias=1.1 m_kl_max=0.0116 mpc_ms=8.5/34 cand=0.000 w_ax@goal=+0.01 return=1008.4 length=84 success_rate=1.00 collisions/ep=0.00 (n=24)
update=159 global_step=325632 SPS=63 m_ev=1.000 m_v_bias=-0.7 m_kl_max=0.0046 mpc_ms=9.0/47 cand=0.000 w_ax@goal=-0.01 return=1008.1 length=82 success_rate=1.00 collisions/ep=0.00 (n=24)
update=160 global_step=327680 SPS=63 m_ev=0.994 m_v_bias=2.0 m_kl_max=0.0232 mpc_ms=8.8/46 cand=0.000 w_ax@goal=-0.02 return=1007.3 length=85 success_rate=1.00 collisions/ep=0.00 (n=24)
Evaluation at update 160: return=1008.25, length=81.75, success_rate=1.00, collisions/ep=0.00
Solved-check at update 160: solved=False worst_gap=5.95 at p_x0=0.00 p_y0=0.00 (consecutive=0)
update=161 global_step=329728 SPS=63 m_ev=0.999 m_v_bias=-2.1 m_kl_max=0.0092 mpc_ms=8.4/35 cand=0.000 w_ax@goal=-0.02 return=1008.1 length=82 success_rate=1.00 collisions/ep=0.00 (n=24)
update=162 global_step=331776 SPS=63 m_ev=1.000 m_v_bias=-1.6 m_kl_max=0.0066 mpc_ms=8.6/37 cand=0.000 w_ax@goal=+0.03 return=1008.2 length=84 success_rate=1.00 collisions/ep=0.00 (n=25)
update=163 global_step=333824 SPS=63 m_ev=0.998 m_v_bias=1.9 m_kl_max=0.0180 mpc_ms=9.0/48 cand=0.000 w_ax@goal=+0.02 return=1007.7 length=84 success_rate=1.00 collisions/ep=0.00 (n=25)
update=164 global_step=335872 SPS=63 m_ev=1.000 m_v_bias=-1.7 m_kl_max=0.0081 mpc_ms=8.8/45 cand=0.000 w_ax@goal=+0.01 return=1008.1 length=83 success_rate=1.00 collisions/ep=0.00 (n=24)
update=165 global_step=337920 SPS=64 m_ev=0.999 m_v_bias=0.0 m_kl_max=0.0064 mpc_ms=8.8/46 cand=0.000 w_ax@goal=-0.01 return=1008.3 length=83 success_rate=1.00 collisions/ep=0.00 (n=24)
Evaluation at update 165: return=1008.25, length=81.75, success_rate=1.00, collisions/ep=0.00
Solved-check at update 165: solved=False worst_gap=5.95 at p_x0=0.00 p_y0=0.00 (consecutive=0)
update=166 global_step=339968 SPS=63 m_ev=0.999 m_v_bias=-0.6 m_kl_max=0.0160 mpc_ms=8.8/34 cand=0.000 w_ax@goal=+0.00 return=1007.7 length=81 success_rate=1.00 collisions/ep=0.00 (n=27)
update=167 global_step=342016 SPS=63 m_ev=1.000 m_v_bias=-1.1 m_kl_max=0.0077 mpc_ms=8.9/42 cand=0.000 w_ax@goal=-0.01 return=1008.4 length=84 success_rate=1.00 collisions/ep=0.00 (n=24)
update=168 global_step=344064 SPS=64 m_ev=1.000 m_v_bias=0.1 m_kl_max=0.0059 mpc_ms=8.9/42 cand=0.000 w_ax@goal=+0.03 return=1008.3 length=84 success_rate=1.00 collisions/ep=0.00 (n=25)
update=169 global_step=346112 SPS=64 m_ev=0.999 m_v_bias=0.7 m_kl_max=0.0110 mpc_ms=8.4/42 cand=0.000 w_ax@goal=+0.01 return=1007.9 length=83 success_rate=1.00 collisions/ep=0.00 (n=24)
update=170 global_step=348160 SPS=64 m_ev=1.000 m_v_bias=-2.3 m_kl_max=0.0129 mpc_ms=8.7/33 cand=0.000 w_ax@goal=-0.01 return=1008.6 length=85 success_rate=1.00 collisions/ep=0.00 (n=24)
Evaluation at update 170: return=1008.25, length=81.75, success_rate=1.00, collisions/ep=0.00
Solved-check at update 170: solved=False worst_gap=5.95 at p_x0=0.00 p_y0=0.00 (consecutive=0)
update=171 global_step=350208 SPS=64 m_ev=0.999 m_v_bias=0.5 m_kl_max=0.0067 mpc_ms=8.8/34 cand=0.000 w_ax@goal=-0.00 return=1008.1 length=84 success_rate=1.00 collisions/ep=0.00 (n=24)
update=172 global_step=352256 SPS=64 m_ev=1.000 m_v_bias=-2.2 m_kl_max=0.0190 mpc_ms=8.9/62 cand=0.000 w_ax@goal=-0.01 return=1008.3 length=82 success_rate=1.00 collisions/ep=0.00 (n=24)
update=173 global_step=354304 SPS=64 m_ev=0.999 m_v_bias=0.2 m_kl_max=0.0083 mpc_ms=8.9/36 cand=0.000 w_ax@goal=-0.01 return=1008.1 length=83 success_rate=1.00 collisions/ep=0.00 (n=25)
update=174 global_step=356352 SPS=64 m_ev=1.000 m_v_bias=0.8 m_kl_max=0.0112 mpc_ms=8.6/32 cand=0.000 w_ax@goal=+0.00 return=1008.1 length=81 success_rate=1.00 collisions/ep=0.00 (n=27)
update=175 global_step=358400 SPS=64 m_ev=1.000 m_v_bias=0.4 m_kl_max=0.0255 mpc_ms=8.9/45 cand=0.000 w_ax@goal=+0.01 return=1007.8 length=83 success_rate=1.00 collisions/ep=0.00 (n=24)
Evaluation at update 175: return=1008.25, length=81.75, success_rate=1.00, collisions/ep=0.00
Solved-check at update 175: solved=False worst_gap=5.95 at p_x0=0.00 p_y0=0.00 (consecutive=0)
update=176 global_step=360448 SPS=64 m_ev=1.000 m_v_bias=-0.8 m_kl_max=0.0137 mpc_ms=8.8/31 cand=0.000 w_ax@goal=-0.01 return=1008.4 length=84 success_rate=1.00 collisions/ep=0.00 (n=25)
update=177 global_step=362496 SPS=64 m_ev=1.000 m_v_bias=-0.6 m_kl_max=0.0195 mpc_ms=8.7/34 cand=0.000 w_ax@goal=-0.00 return=1008.2 length=83 success_rate=1.00 collisions/ep=0.00 (n=24)
update=178 global_step=364544 SPS=64 m_ev=1.000 m_v_bias=0.1 m_kl_max=0.0121 mpc_ms=9.0/54 cand=0.000 w_ax@goal=-0.01 return=1008.1 length=83 success_rate=1.00 collisions/ep=0.00 (n=26)
update=179 global_step=366592 SPS=65 m_ev=1.000 m_v_bias=-1.5 m_kl_max=0.0107 mpc_ms=8.7/40 cand=0.000 w_ax@goal=-0.00 return=1008.3 length=83 success_rate=1.00 collisions/ep=0.00 (n=24)
update=180 global_step=368640 SPS=65 m_ev=1.000 m_v_bias=1.6 m_kl_max=0.0087 mpc_ms=8.8/57 cand=0.000 w_ax@goal=+0.03 return=1008.1 length=83 success_rate=1.00 collisions/ep=0.00 (n=24)
Evaluation at update 180: return=1008.25, length=81.75, success_rate=1.00, collisions/ep=0.00
Solved-check at update 180: solved=False worst_gap=5.95 at p_x0=0.00 p_y0=0.00 (consecutive=0)
update=181 global_step=370688 SPS=64 m_ev=0.999 m_v_bias=1.0 m_kl_max=0.0087 mpc_ms=9.0/56 cand=0.000 w_ax@goal=-0.02 return=1008.0 length=83 success_rate=1.00 collisions/ep=0.00 (n=25)
update=182 global_step=372736 SPS=65 m_ev=0.999 m_v_bias=-3.3 m_kl_max=0.0088 mpc_ms=8.7/32 cand=0.000 w_ax@goal=-0.00 return=1008.0 length=85 success_rate=1.00 collisions/ep=0.00 (n=24)
update=183 global_step=374784 SPS=65 m_ev=1.000 m_v_bias=-2.8 m_kl_max=0.0111 mpc_ms=8.8/31 cand=0.000 w_ax@goal=-0.01 return=1008.5 length=86 success_rate=1.00 collisions/ep=0.00 (n=24)
update=184 global_step=376832 SPS=65 m_ev=0.999 m_v_bias=0.4 m_kl_max=0.0107 mpc_ms=8.7/33 cand=0.000 w_ax@goal=-0.01 return=1008.2 length=83 success_rate=1.00 collisions/ep=0.00 (n=24)
update=185 global_step=378880 SPS=65 m_ev=1.000 m_v_bias=0.1 m_kl_max=0.0084 mpc_ms=8.7/39 cand=0.000 w_ax@goal=-0.00 return=1008.5 length=83 success_rate=1.00 collisions/ep=0.00 (n=25)
Evaluation at update 185: return=1008.25, length=81.75, success_rate=1.00, collisions/ep=0.00
Solved-check at update 185: solved=False worst_gap=5.95 at p_x0=0.00 p_y0=0.00 (consecutive=0)
update=186 global_step=380928 SPS=65 m_ev=1.000 m_v_bias=-0.0 m_kl_max=0.0151 mpc_ms=9.0/50 cand=0.000 w_ax@goal=+0.02 return=1008.2 length=83 success_rate=1.00 collisions/ep=0.00 (n=24)
update=187 global_step=382976 SPS=65 m_ev=1.000 m_v_bias=0.9 m_kl_max=0.0073 mpc_ms=9.0/47 cand=0.000 w_ax@goal=-0.01 return=1008.3 length=83 success_rate=1.00 collisions/ep=0.00 (n=25)
update=188 global_step=385024 SPS=65 m_ev=0.992 m_v_bias=4.0 m_kl_max=0.0179 mpc_ms=9.0/69 cand=0.000 w_ax@goal=+0.01 return=1007.5 length=84 success_rate=1.00 collisions/ep=0.00 (n=24)
update=189 global_step=387072 SPS=65 m_ev=0.999 m_v_bias=0.9 m_kl_max=0.0066 mpc_ms=8.7/52 cand=0.000 w_ax@goal=+0.00 return=1007.8 length=83 success_rate=1.00 collisions/ep=0.00 (n=25)
update=190 global_step=389120 SPS=65 m_ev=1.000 m_v_bias=1.3 m_kl_max=0.0034 mpc_ms=8.8/33 cand=0.000 w_ax@goal=+0.03 return=1008.0 length=83 success_rate=1.00 collisions/ep=0.00 (n=24)
Evaluation at update 190: return=1008.25, length=81.75, success_rate=1.00, collisions/ep=0.00
Solved-check at update 190: solved=False worst_gap=5.95 at p_x0=0.00 p_y0=0.00 (consecutive=0)
update=191 global_step=391168 SPS=65 m_ev=1.000 m_v_bias=-0.2 m_kl_max=0.0228 mpc_ms=8.8/40 cand=0.000 w_ax@goal=-0.00 return=1008.5 length=84 success_rate=1.00 collisions/ep=0.00 (n=24)
update=192 global_step=393216 SPS=65 m_ev=1.000 m_v_bias=-0.7 m_kl_max=0.0081 mpc_ms=8.7/43 cand=0.000 w_ax@goal=+0.03 return=1008.4 length=84 success_rate=1.00 collisions/ep=0.00 (n=24)
update=193 global_step=395264 SPS=65 m_ev=1.000 m_v_bias=0.5 m_kl_max=0.0086 mpc_ms=8.7/30 cand=0.000 w_ax@goal=-0.00 return=1008.2 length=83 success_rate=1.00 collisions/ep=0.00 (n=26)
update=194 global_step=397312 SPS=65 m_ev=1.000 m_v_bias=-0.7 m_kl_max=0.0143 mpc_ms=8.9/48 cand=0.000 w_ax@goal=+0.03 return=1008.4 length=85 success_rate=1.00 collisions/ep=0.00 (n=24)
update=195 global_step=399360 SPS=66 m_ev=0.999 m_v_bias=1.1 m_kl_max=0.0100 mpc_ms=9.1/61 cand=0.000 w_ax@goal=+0.03 return=1007.9 length=81 success_rate=1.00 collisions/ep=0.00 (n=25)
Evaluation at update 195: return=1008.25, length=81.75, success_rate=1.00, collisions/ep=0.00
Solved-check at update 195: solved=False worst_gap=5.95 at p_x0=0.00 p_y0=0.00 (consecutive=0)
update=196 global_step=401408 SPS=65 m_ev=1.000 m_v_bias=0.5 m_kl_max=0.0072 mpc_ms=8.9/31 cand=0.000 w_ax@goal=+0.01 return=1008.2 length=83 success_rate=1.00 collisions/ep=0.00 (n=27)
update=197 global_step=403456 SPS=65 m_ev=1.000 m_v_bias=-0.7 m_kl_max=0.0048 mpc_ms=8.9/34 cand=0.000 w_ax@goal=-0.02 return=1008.4 length=84 success_rate=1.00 collisions/ep=0.00 (n=23)
update=198 global_step=405504 SPS=66 m_ev=0.999 m_v_bias=2.2 m_kl_max=0.0201 mpc_ms=9.0/49 cand=0.000 w_ax@goal=+0.02 return=1008.4 length=85 success_rate=1.00 collisions/ep=0.00 (n=24)
update=199 global_step=407552 SPS=66 m_ev=0.999 m_v_bias=-0.1 m_kl_max=0.0055 mpc_ms=9.0/37 cand=0.000 w_ax@goal=-0.01 return=1007.5 length=83 success_rate=1.00 collisions/ep=0.00 (n=25)
update=200 global_step=409600 SPS=66 m_ev=1.000 m_v_bias=1.7 m_kl_max=0.0172 mpc_ms=9.1/46 cand=0.000 w_ax@goal=-0.00 return=1008.2 length=82 success_rate=1.00 collisions/ep=0.00 (n=26)
Evaluation at update 200: return=1008.25, length=81.75, success_rate=1.00, collisions/ep=0.00
Solved-check at update 200: solved=False worst_gap=5.95 at p_x0=0.00 p_y0=0.00 (consecutive=0)
update=201 global_step=411648 SPS=66 m_ev=1.000 m_v_bias=0.9 m_kl_max=0.0168 mpc_ms=8.9/31 cand=0.000 w_ax@goal=+0.00 return=1008.2 length=82 success_rate=1.00 collisions/ep=0.00 (n=23)
update=202 global_step=413696 SPS=66 m_ev=1.000 m_v_bias=2.3 m_kl_max=0.0257 mpc_ms=9.2/41 cand=0.000 w_ax@goal=+0.03 return=1008.4 length=85 success_rate=1.00 collisions/ep=0.00 (n=24)
update=203 global_step=415744 SPS=66 m_ev=1.000 m_v_bias=0.7 m_kl_max=0.0104 mpc_ms=9.2/60 cand=0.000 w_ax@goal=+0.01 return=1008.5 length=85 success_rate=1.00 collisions/ep=0.00 (n=24)
update=204 global_step=417792 SPS=66 m_ev=1.000 m_v_bias=0.0 m_kl_max=0.0094 mpc_ms=8.9/37 cand=0.000 w_ax@goal=-0.01 return=1008.4 length=84 success_rate=1.00 collisions/ep=0.00 (n=24)
update=205 global_step=419840 SPS=66 m_ev=1.000 m_v_bias=-0.0 m_kl_max=0.0128 mpc_ms=9.0/55 cand=0.000 w_ax@goal=+0.01 return=1008.4 length=84 success_rate=1.00 collisions/ep=0.00 (n=24)
Evaluation at update 205: return=1008.25, length=81.75, success_rate=1.00, collisions/ep=0.00
Solved-check at update 205: solved=False worst_gap=5.95 at p_x0=0.00 p_y0=0.00 (consecutive=0)
update=206 global_step=421888 SPS=66 m_ev=1.000 m_v_bias=-0.1 m_kl_max=0.0335 mpc_ms=8.7/39 cand=0.000 w_ax@goal=-0.00 return=1008.7 length=86 success_rate=1.00 collisions/ep=0.00 (n=24)
update=207 global_step=423936 SPS=66 m_ev=1.000 m_v_bias=0.8 m_kl_max=0.0085 mpc_ms=9.1/60 cand=0.000 w_ax@goal=-0.01 return=1008.3 length=83 success_rate=1.00 collisions/ep=0.00 (n=24)
update=208 global_step=425984 SPS=66 m_ev=0.999 m_v_bias=0.7 m_kl_max=0.0074 mpc_ms=9.3/66 cand=0.000 w_ax@goal=-0.03 return=1007.8 length=82 success_rate=1.00 collisions/ep=0.00 (n=25)
update=209 global_step=428032 SPS=66 m_ev=0.986 m_v_bias=3.0 m_kl_max=0.0279 mpc_ms=9.3/52 cand=0.000 w_ax@goal=+0.00 return=1006.4 length=85 success_rate=1.00 collisions/ep=0.00 (n=25)
update=210 global_step=430080 SPS=66 m_ev=0.998 m_v_bias=-4.9 m_kl_max=0.0154 mpc_ms=9.0/40 cand=0.000 w_ax@goal=-0.01 return=1008.1 length=83 success_rate=1.00 collisions/ep=0.00 (n=25)
Evaluation at update 210: return=1008.25, length=81.75, success_rate=1.00, collisions/ep=0.00
Solved-check at update 210: solved=False worst_gap=5.95 at p_x0=0.00 p_y0=0.00 (consecutive=0)
update=211 global_step=432128 SPS=66 m_ev=1.000 m_v_bias=-1.9 m_kl_max=0.0036 mpc_ms=9.0/37 cand=0.000 w_ax@goal=+0.00 return=1008.4 length=84 success_rate=1.00 collisions/ep=0.00 (n=25)
update=212 global_step=434176 SPS=66 m_ev=0.999 m_v_bias=-1.2 m_kl_max=0.0128 mpc_ms=9.0/56 cand=0.000 w_ax@goal=+0.06 return=1008.0 length=83 success_rate=1.00 collisions/ep=0.00 (n=25)
update=213 global_step=436224 SPS=66 m_ev=0.999 m_v_bias=-0.0 m_kl_max=0.0208 mpc_ms=9.0/56 cand=0.000 w_ax@goal=-0.02 return=1007.9 length=82 success_rate=1.00 collisions/ep=0.00 (n=26)
update=214 global_step=438272 SPS=66 m_ev=0.995 m_v_bias=0.9 m_kl_max=0.0201 mpc_ms=9.1/69 cand=0.000 w_ax@goal=-0.02 return=1008.3 length=83 success_rate=1.00 collisions/ep=0.00 (n=24)
update=215 global_step=440320 SPS=67 m_ev=0.999 m_v_bias=1.6 m_kl_max=0.0127 mpc_ms=8.5/58 cand=0.000 w_ax@goal=+0.01 return=1007.3 length=84 success_rate=1.00 collisions/ep=0.00 (n=24)
Evaluation at update 215: return=1008.25, length=81.75, success_rate=1.00, collisions/ep=0.00
Solved-check at update 215: solved=False worst_gap=5.95 at p_x0=0.00 p_y0=0.00 (consecutive=0)
update=216 global_step=442368 SPS=66 m_ev=0.999 m_v_bias=0.9 m_kl_max=0.0062 mpc_ms=8.7/43 cand=0.000 w_ax@goal=+0.04 return=1007.9 length=82 success_rate=1.00 collisions/ep=0.00 (n=24)
update=217 global_step=444416 SPS=66 m_ev=1.000 m_v_bias=0.1 m_kl_max=0.0088 mpc_ms=9.1/50 cand=0.000 w_ax@goal=-0.01 return=1008.3 length=84 success_rate=1.00 collisions/ep=0.00 (n=24)
update=218 global_step=446464 SPS=67 m_ev=1.000 m_v_bias=-2.1 m_kl_max=0.0087 mpc_ms=9.2/53 cand=0.000 w_ax@goal=-0.02 return=1008.4 length=85 success_rate=1.00 collisions/ep=0.00 (n=26)
update=219 global_step=448512 SPS=67 m_ev=0.999 m_v_bias=-0.9 m_kl_max=0.0121 mpc_ms=8.9/37 cand=0.000 w_ax@goal=+0.00 return=1008.3 length=84 success_rate=1.00 collisions/ep=0.00 (n=24)
update=220 global_step=450560 SPS=67 m_ev=1.000 m_v_bias=-0.9 m_kl_max=0.0103 mpc_ms=9.0/36 cand=0.000 w_ax@goal=-0.00 return=1008.3 length=85 success_rate=1.00 collisions/ep=0.00 (n=24)
Evaluation at update 220: return=1008.25, length=81.75, success_rate=1.00, collisions/ep=0.00
Solved-check at update 220: solved=False worst_gap=5.95 at p_x0=0.00 p_y0=0.00 (consecutive=0)
update=221 global_step=452608 SPS=67 m_ev=1.000 m_v_bias=0.7 m_kl_max=0.0144 mpc_ms=8.7/30 cand=0.000 w_ax@goal=+0.00 return=1008.2 length=84 success_rate=1.00 collisions/ep=0.00 (n=24)
update=222 global_step=454656 SPS=67 m_ev=0.999 m_v_bias=-0.4 m_kl_max=0.0057 mpc_ms=8.7/62 cand=0.000 w_ax@goal=-0.02 return=1008.0 length=83 success_rate=1.00 collisions/ep=0.00 (n=26)
update=223 global_step=456704 SPS=67 m_ev=1.000 m_v_bias=2.2 m_kl_max=0.0155 mpc_ms=8.6/33 cand=0.000 w_ax@goal=-0.01 return=1007.9 length=80 success_rate=1.00 collisions/ep=0.00 (n=24)
update=224 global_step=458752 SPS=67 m_ev=0.999 m_v_bias=1.2 m_kl_max=0.0068 mpc_ms=8.9/45 cand=0.000 w_ax@goal=-0.02 return=1007.8 length=82 success_rate=1.00 collisions/ep=0.00 (n=25)
update=225 global_step=460800 SPS=67 m_ev=1.000 m_v_bias=-0.7 m_kl_max=0.0137 mpc_ms=9.0/34 cand=0.000 w_ax@goal=+0.03 return=1008.3 length=84 success_rate=1.00 collisions/ep=0.00 (n=26)
Evaluation at update 225: return=1008.25, length=81.75, success_rate=1.00, collisions/ep=0.00
Solved-check at update 225: solved=False worst_gap=5.95 at p_x0=0.00 p_y0=0.00 (consecutive=0)
update=226 global_step=462848 SPS=67 m_ev=1.000 m_v_bias=0.2 m_kl_max=0.0090 mpc_ms=8.4/46 cand=0.000 w_ax@goal=+0.04 return=1008.2 length=83 success_rate=1.00 collisions/ep=0.00 (n=24)
update=227 global_step=464896 SPS=67 m_ev=1.000 m_v_bias=-0.9 m_kl_max=0.0167 mpc_ms=9.0/49 cand=0.000 w_ax@goal=+0.01 return=1008.2 length=82 success_rate=1.00 collisions/ep=0.00 (n=24)
update=228 global_step=466944 SPS=67 m_ev=1.000 m_v_bias=0.1 m_kl_max=0.0194 mpc_ms=8.7/32 cand=0.000 w_ax@goal=+0.01 return=1008.5 length=84 success_rate=1.00 collisions/ep=0.00 (n=24)
update=229 global_step=468992 SPS=67 m_ev=1.000 m_v_bias=-0.0 m_kl_max=0.0087 mpc_ms=8.9/40 cand=0.000 w_ax@goal=-0.02 return=1008.0 length=82 success_rate=1.00 collisions/ep=0.00 (n=24)
update=230 global_step=471040 SPS=67 m_ev=1.000 m_v_bias=0.7 m_kl_max=0.0226 mpc_ms=8.8/43 cand=0.000 w_ax@goal=-0.01 return=1008.0 length=82 success_rate=1.00 collisions/ep=0.00 (n=24)
Evaluation at update 230: return=1008.25, length=81.75, success_rate=1.00, collisions/ep=0.00
Solved-check at update 230: solved=False worst_gap=5.95 at p_x0=0.00 p_y0=0.00 (consecutive=0)
update=231 global_step=473088 SPS=67 m_ev=0.994 m_v_bias=2.7 m_kl_max=0.0133 mpc_ms=8.8/40 cand=0.000 w_ax@goal=+0.03 return=1008.3 length=84 success_rate=1.00 collisions/ep=0.00 (n=27)
update=232 global_step=475136 SPS=67 m_ev=0.999 m_v_bias=1.4 m_kl_max=0.0193 mpc_ms=8.7/37 cand=0.000 w_ax@goal=+0.02 return=1007.7 length=85 success_rate=1.00 collisions/ep=0.00 (n=24)
update=233 global_step=477184 SPS=67 m_ev=0.998 m_v_bias=1.1 m_kl_max=0.0146 mpc_ms=9.1/39 cand=0.000 w_ax@goal=-0.01 return=1007.8 length=85 success_rate=1.00 collisions/ep=0.00 (n=25)
update=234 global_step=479232 SPS=67 m_ev=1.000 m_v_bias=-1.0 m_kl_max=0.0279 mpc_ms=8.6/33 cand=0.000 w_ax@goal=+0.01 return=1008.5 length=85 success_rate=1.00 collisions/ep=0.00 (n=24)
update=235 global_step=481280 SPS=67 m_ev=0.999 m_v_bias=-0.9 m_kl_max=0.0030 mpc_ms=9.1/36 cand=0.000 w_ax@goal=+0.00 return=1008.0 length=83 success_rate=1.00 collisions/ep=0.00 (n=24)
Evaluation at update 235: return=1008.25, length=81.75, success_rate=1.00, collisions/ep=0.00
Solved-check at update 235: solved=False worst_gap=5.95 at p_x0=0.00 p_y0=0.00 (consecutive=0)
update=236 global_step=483328 SPS=67 m_ev=0.999 m_v_bias=0.3 m_kl_max=0.0194 mpc_ms=9.2/35 cand=0.000 w_ax@goal=-0.03 return=1008.3 length=85 success_rate=1.00 collisions/ep=0.00 (n=25)
update=237 global_step=485376 SPS=67 m_ev=0.995 m_v_bias=0.4 m_kl_max=0.0217 mpc_ms=9.0/46 cand=0.000 w_ax@goal=+0.01 return=1007.4 length=84 success_rate=1.00 collisions/ep=0.00 (n=25)
update=238 global_step=487424 SPS=67 m_ev=1.000 m_v_bias=-0.3 m_kl_max=0.0116 mpc_ms=8.7/44 cand=0.000 w_ax@goal=+0.05 return=1008.3 length=84 success_rate=1.00 collisions/ep=0.00 (n=24)
update=239 global_step=489472 SPS=68 m_ev=1.000 m_v_bias=-1.3 m_kl_max=0.0156 mpc_ms=8.8/44 cand=0.000 w_ax@goal=-0.00 return=1008.4 length=84 success_rate=1.00 collisions/ep=0.00 (n=24)
update=240 global_step=491520 SPS=68 m_ev=1.000 m_v_bias=-0.4 m_kl_max=0.0196 mpc_ms=8.8/37 cand=0.000 w_ax@goal=+0.01 return=1008.2 length=82 success_rate=1.00 collisions/ep=0.00 (n=25)
Evaluation at update 240: return=1008.25, length=81.75, success_rate=1.00, collisions/ep=0.00
Solved-check at update 240: solved=False worst_gap=5.95 at p_x0=0.00 p_y0=0.00 (consecutive=0)
update=241 global_step=493568 SPS=67 m_ev=1.000 m_v_bias=-0.2 m_kl_max=0.0095 mpc_ms=7.5/35 cand=0.000 w_ax@goal=+0.00 return=1008.3 length=83 success_rate=1.00 collisions/ep=0.00 (n=24)
update=242 global_step=495616 SPS=68 m_ev=1.000 m_v_bias=0.7 m_kl_max=0.0272 mpc_ms=6.6/29 cand=0.000 w_ax@goal=-0.00 return=1008.1 length=82 success_rate=1.00 collisions/ep=0.00 (n=25)
update=243 global_step=497664 SPS=68 m_ev=0.998 m_v_bias=2.6 m_kl_max=0.0290 mpc_ms=5.7/26 cand=0.000 w_ax@goal=-0.01 return=1008.0 length=84 success_rate=1.00 collisions/ep=0.00 (n=24)
update=244 global_step=499712 SPS=68 m_ev=1.000 m_v_bias=-1.4 m_kl_max=0.0131 mpc_ms=5.4/33 cand=0.000 w_ax@goal=-0.02 return=1007.9 length=82 success_rate=1.00 collisions/ep=0.00 (n=26)
Saved checkpoints to C:\Users\loren\Desktop\MASTER THESIS\5_CODE\scenarios\slalom\studies\disturbed_0.005_0.05\ppo_mpc\runs\ppo_mpc_slalom_9_1790614350
