Using device: cpu
Solved-check: precomputed optimal returns for 25 fixed initial conditions (mean=1013.0, min=1011.0, max=1015.0); solved-tolerance=5.0
Goal box: +-1.800 m (1.5x segment-reachable; segment-reachable displacement = 1.200 m)
tube MPC: W half-widths [0.005 0.005 0.05  0.05 ], RPI s=17 alpha=0.0281; Z half-widths (p_x, p_y, v_x, v_y) = [0.0833 0.0833 0.2107 0.2107]
  X0 (-) Z: p_x [-0.917, 10.917], p_y [-1.916, 1.916], |v| <= 0.989; V = U (-) KZ: |u| <= 1.692; K = [-7.613 -4.585] per axis
  4 obstacles, 132 binaries before fixing, max big-M 9.00; horizon N=10, stopping time 6 steps
num_envs=8 num_steps_per_env=256 batch_size=2048 num_updates=244 timesteps=499712 (requested 500000)
update=1 global_step=2048 SPS=89 m_ev=0.000 m_v_bias=40.2 m_kl_max=0.0064 mpc_ms=10.9/45 cand=0.000 return=-189.4 length=200 success_rate=0.00 collisions/ep=0.00 (n=8)
update=2 global_step=4096 SPS=90 m_ev=-0.748 m_v_bias=23.0 m_kl_max=0.0157 mpc_ms=10.6/35 cand=0.000 return=-196.2 length=200 success_rate=0.00 collisions/ep=0.00 (n=8)
update=3 global_step=6144 SPS=89 m_ev=-0.284 m_v_bias=14.9 m_kl_max=0.0429 mpc_ms=11.0/62 cand=0.000 return=-182.4 length=200 success_rate=0.00 collisions/ep=0.00 (n=8)
update=4 global_step=8192 SPS=86 m_ev=-0.159 m_v_bias=4.7 m_kl_max=0.0374 mpc_ms=12.4/74 cand=0.000 return=-166.3 length=200 success_rate=0.00 collisions/ep=0.00 (n=16)
update=5 global_step=10240 SPS=84 m_ev=0.485 m_v_bias=1.2 m_kl_max=0.0526 mpc_ms=12.8/79 cand=0.000 return=-149.3 length=200 success_rate=0.00 collisions/ep=0.00 (n=8)
Evaluation at update 5: return=-144.55, length=200.00, success_rate=0.00, collisions/ep=0.00
Solved-check at update 5: solved=False worst_gap=1179.91 at p_x0=0.50 p_y0=1.00 (consecutive=0)
update=6 global_step=12288 SPS=44 m_ev=0.690 m_v_bias=4.0 m_kl_max=0.0373 mpc_ms=13.9/94 cand=0.000 return=-157.3 length=200 success_rate=0.00 collisions/ep=0.00 (n=8)
update=7 global_step=14336 SPS=47 m_ev=0.857 m_v_bias=-0.4 m_kl_max=0.0226 mpc_ms=12.4/87 cand=0.000 w_ax@goal=-1.17 return=-149.4 length=200 success_rate=0.00 collisions/ep=0.00 (n=8)
update=8 global_step=16384 SPS=49 m_ev=0.928 m_v_bias=-0.0 m_kl_max=0.0386 mpc_ms=11.7/80 cand=0.000 w_ax@goal=+0.15 return=-139.3 length=200 success_rate=0.00 collisions/ep=0.00 (n=16)
update=9 global_step=18432 SPS=52 m_ev=0.940 m_v_bias=0.3 m_kl_max=0.0479 mpc_ms=11.9/71 cand=0.000 return=-140.6 length=200 success_rate=0.00 collisions/ep=0.00 (n=8)
update=10 global_step=20480 SPS=54 m_ev=0.975 m_v_bias=0.3 m_kl_max=0.0287 mpc_ms=11.3/72 cand=0.000 return=-142.1 length=200 success_rate=0.00 collisions/ep=0.00 (n=8)
Evaluation at update 10: return=-149.05, length=200.00, success_rate=0.00, collisions/ep=0.00
Solved-check at update 10: solved=False worst_gap=1191.73 at p_x0=2.00 p_y0=1.00 (consecutive=0)
update=11 global_step=22528 SPS=37 m_ev=0.977 m_v_bias=0.3 m_kl_max=0.0355 mpc_ms=12.3/76 cand=0.000 return=-138.5 length=200 success_rate=0.00 collisions/ep=0.00 (n=16)
update=12 global_step=24576 SPS=38 m_ev=-0.042 m_v_bias=-69.3 m_kl_max=0.0291 mpc_ms=13.3/71 cand=0.000 w_ax@goal=-0.29 return=126.2 length=196 success_rate=0.25 collisions/ep=0.00 (n=8)
update=13 global_step=26624 SPS=40 m_ev=0.168 m_v_bias=-13.6 m_kl_max=0.0315 mpc_ms=11.9/63 cand=0.000 w_ax@goal=-0.52 return=-14.1 length=191 success_rate=0.11 collisions/ep=0.00 (n=9)
update=14 global_step=28672 SPS=41 m_ev=0.261 m_v_bias=-91.7 m_kl_max=0.0362 mpc_ms=11.9/74 cand=0.000 w_ax@goal=-0.27 return=321.1 length=178 success_rate=0.42 collisions/ep=0.00 (n=12)
update=15 global_step=30720 SPS=43 m_ev=0.285 m_v_bias=-46.1 m_kl_max=0.0121 mpc_ms=12.2/148 cand=0.000 w_ax@goal=-0.21 return=233.6 length=186 success_rate=0.36 collisions/ep=0.00 (n=14)
Evaluation at update 15: return=176.58, length=169.00, success_rate=0.30, collisions/ep=0.00
Solved-check at update 15: solved=False worst_gap=1191.89 at p_x0=2.00 p_y0=0.50 (consecutive=0)
update=16 global_step=32768 SPS=39 m_ev=0.570 m_v_bias=-36.8 m_kl_max=0.0159 mpc_ms=11.9/71 cand=0.000 w_ax@goal=+0.04 return=461.0 length=169 success_rate=0.56 collisions/ep=0.00 (n=9)
update=17 global_step=34816 SPS=40 m_ev=0.688 m_v_bias=4.3 m_kl_max=0.0070 mpc_ms=12.3/84 cand=0.000 w_ax@goal=+0.11 return=233.0 length=185 success_rate=0.36 collisions/ep=0.00 (n=11)
update=18 global_step=36864 SPS=42 m_ev=0.796 m_v_bias=-17.8 m_kl_max=0.0281 mpc_ms=11.8/63 cand=0.000 w_ax@goal=-0.28 return=266.7 length=174 success_rate=0.38 collisions/ep=0.00 (n=13)
update=19 global_step=38912 SPS=43 m_ev=0.808 m_v_bias=-17.5 m_kl_max=0.0270 mpc_ms=11.4/72 cand=0.000 w_ax@goal=-0.10 return=452.4 length=160 success_rate=0.55 collisions/ep=0.00 (n=11)
update=20 global_step=40960 SPS=44 m_ev=0.693 m_v_bias=21.2 m_kl_max=0.0133 mpc_ms=12.0/66 cand=0.000 w_ax@goal=+0.04 return=296.4 length=179 success_rate=0.42 collisions/ep=0.00 (n=12)
Evaluation at update 20: return=-143.05, length=200.00, success_rate=0.00, collisions/ep=0.00
Solved-check at update 20: solved=False worst_gap=1161.89 at p_x0=2.00 p_y0=0.50 (consecutive=0)
update=21 global_step=43008 SPS=40 m_ev=0.506 m_v_bias=53.7 m_kl_max=0.0171 mpc_ms=12.6/124 cand=0.000 w_ax@goal=-0.44 return=196.1 length=184 success_rate=0.31 collisions/ep=0.00 (n=13)
update=22 global_step=45056 SPS=41 m_ev=0.731 m_v_bias=-16.5 m_kl_max=0.0111 mpc_ms=13.1/97 cand=0.000 w_ax@goal=+0.12 return=455.6 length=162 success_rate=0.54 collisions/ep=0.00 (n=13)
update=23 global_step=47104 SPS=42 m_ev=0.785 m_v_bias=-12.4 m_kl_max=0.0215 mpc_ms=12.7/112 cand=0.000 w_ax@goal=+0.11 return=768.3 length=148 success_rate=0.83 collisions/ep=0.00 (n=12)
update=24 global_step=49152 SPS=42 m_ev=0.727 m_v_bias=-13.6 m_kl_max=0.0059 mpc_ms=12.9/74 cand=0.000 w_ax@goal=-0.11 return=499.7 length=163 success_rate=0.58 collisions/ep=0.00 (n=12)
update=25 global_step=51200 SPS=43 m_ev=0.779 m_v_bias=40.4 m_kl_max=0.0074 mpc_ms=12.3/70 cand=0.000 w_ax@goal=-0.00 return=374.9 length=162 success_rate=0.46 collisions/ep=0.00 (n=13)
Evaluation at update 25: return=238.52, length=160.30, success_rate=0.35, collisions/ep=0.00
Solved-check at update 25: solved=False worst_gap=1191.82 at p_x0=2.00 p_y0=0.00 (consecutive=0)
update=26 global_step=53248 SPS=41 m_ev=0.766 m_v_bias=-55.7 m_kl_max=0.0219 mpc_ms=13.5/74 cand=0.000 w_ax@goal=-0.08 return=446.6 length=170 success_rate=0.54 collisions/ep=0.00 (n=13)
update=27 global_step=55296 SPS=42 m_ev=0.856 m_v_bias=-23.5 m_kl_max=0.0244 mpc_ms=12.8/72 cand=0.000 w_ax@goal=-0.03 return=528.9 length=160 success_rate=0.62 collisions/ep=0.00 (n=13)
update=28 global_step=57344 SPS=42 m_ev=0.818 m_v_bias=-48.4 m_kl_max=0.0098 mpc_ms=12.6/79 cand=0.000 w_ax@goal=-0.01 return=805.1 length=141 success_rate=0.86 collisions/ep=0.00 (n=14)
update=29 global_step=59392 SPS=43 m_ev=0.839 m_v_bias=-0.8 m_kl_max=0.0180 mpc_ms=13.3/86 cand=0.000 w_ax@goal=-0.07 return=820.3 length=137 success_rate=0.87 collisions/ep=0.00 (n=15)
update=30 global_step=61440 SPS=44 m_ev=0.812 m_v_bias=-15.4 m_kl_max=0.0155 mpc_ms=12.9/73 cand=0.000 w_ax@goal=-0.10 return=890.8 length=136 success_rate=0.94 collisions/ep=0.00 (n=16)
Evaluation at update 30: return=1004.09, length=85.35, success_rate=1.00, collisions/ep=0.00
Solved-check at update 30: solved=False worst_gap=18.87 at p_x0=1.50 p_y0=-1.00 (consecutive=0)
update=31 global_step=63488 SPS=42 m_ev=0.837 m_v_bias=-3.9 m_kl_max=0.0206 mpc_ms=12.4/83 cand=0.000 w_ax@goal=-0.05 return=974.9 length=116 success_rate=1.00 collisions/ep=0.00 (n=18)
update=32 global_step=65536 SPS=43 m_ev=0.908 m_v_bias=-14.1 m_kl_max=0.0305 mpc_ms=12.7/70 cand=0.000 w_ax@goal=-0.03 return=926.4 length=113 success_rate=0.95 collisions/ep=0.00 (n=19)
update=33 global_step=67584 SPS=44 m_ev=0.933 m_v_bias=-11.7 m_kl_max=0.0099 mpc_ms=12.5/66 cand=0.000 w_ax@goal=-0.02 return=990.0 length=102 success_rate=1.00 collisions/ep=0.00 (n=21)
update=34 global_step=69632 SPS=44 m_ev=0.938 m_v_bias=-14.1 m_kl_max=0.0074 mpc_ms=12.9/75 cand=0.000 w_ax@goal=+0.03 return=993.4 length=98 success_rate=1.00 collisions/ep=0.00 (n=19)
update=35 global_step=71680 SPS=45 m_ev=0.949 m_v_bias=0.1 m_kl_max=0.0110 mpc_ms=12.4/79 cand=0.000 w_ax@goal=+0.04 return=992.0 length=100 success_rate=1.00 collisions/ep=0.00 (n=21)
Evaluation at update 35: return=1006.25, length=83.00, success_rate=1.00, collisions/ep=0.00
Solved-check at update 35: solved=False worst_gap=7.97 at p_x0=0.00 p_y0=0.50 (consecutive=0)
update=36 global_step=73728 SPS=44 m_ev=0.951 m_v_bias=-2.0 m_kl_max=0.0049 mpc_ms=12.4/110 cand=0.000 w_ax@goal=+0.02 return=993.7 length=99 success_rate=1.00 collisions/ep=0.00 (n=19)
update=37 global_step=75776 SPS=45 m_ev=0.950 m_v_bias=-0.5 m_kl_max=0.0176 mpc_ms=12.3/62 cand=0.000 w_ax@goal=+0.09 return=994.1 length=97 success_rate=1.00 collisions/ep=0.00 (n=23)
update=38 global_step=77824 SPS=45 m_ev=0.980 m_v_bias=-16.7 m_kl_max=0.0145 mpc_ms=11.9/75 cand=0.000 w_ax@goal=-0.02 return=1002.8 length=88 success_rate=1.00 collisions/ep=0.00 (n=23)
update=39 global_step=79872 SPS=46 m_ev=0.973 m_v_bias=3.8 m_kl_max=0.0236 mpc_ms=12.1/76 cand=0.000 w_ax@goal=+0.03 return=999.7 length=94 success_rate=1.00 collisions/ep=0.00 (n=22)
update=40 global_step=81920 SPS=46 m_ev=0.976 m_v_bias=-4.8 m_kl_max=0.0031 mpc_ms=11.8/58 cand=0.000 w_ax@goal=-0.03 return=1001.5 length=92 success_rate=1.00 collisions/ep=0.00 (n=22)
Evaluation at update 40: return=1007.05, length=82.20, success_rate=1.00, collisions/ep=0.00
Solved-check at update 40: solved=False worst_gap=7.05 at p_x0=0.00 p_y0=-0.50 (consecutive=0)
update=41 global_step=83968 SPS=45 m_ev=0.982 m_v_bias=0.4 m_kl_max=0.0074 mpc_ms=12.2/64 cand=0.000 w_ax@goal=-0.02 return=999.3 length=94 success_rate=1.00 collisions/ep=0.00 (n=22)
update=42 global_step=86016 SPS=46 m_ev=0.981 m_v_bias=-6.0 m_kl_max=0.0078 mpc_ms=12.0/83 cand=0.000 w_ax@goal=+0.04 return=1001.2 length=89 success_rate=1.00 collisions/ep=0.00 (n=24)
update=43 global_step=88064 SPS=46 m_ev=0.975 m_v_bias=2.1 m_kl_max=0.0062 mpc_ms=12.4/108 cand=0.000 w_ax@goal=+0.01 return=1001.2 length=92 success_rate=1.00 collisions/ep=0.00 (n=21)
update=44 global_step=90112 SPS=47 m_ev=0.982 m_v_bias=-3.2 m_kl_max=0.0161 mpc_ms=11.8/56 cand=0.000 w_ax@goal=+0.02 return=1001.7 length=89 success_rate=1.00 collisions/ep=0.00 (n=23)
update=45 global_step=92160 SPS=47 m_ev=0.987 m_v_bias=-3.7 m_kl_max=0.0050 mpc_ms=12.3/79 cand=0.000 w_ax@goal=-0.03 return=1002.1 length=89 success_rate=1.00 collisions/ep=0.00 (n=23)
Evaluation at update 45: return=1007.43, length=81.90, success_rate=1.00, collisions/ep=0.00
Solved-check at update 45: solved=False worst_gap=6.68 at p_x0=0.00 p_y0=-0.50 (consecutive=0)
update=46 global_step=94208 SPS=47 m_ev=0.979 m_v_bias=-2.0 m_kl_max=0.0219 mpc_ms=12.1/71 cand=0.000 w_ax@goal=-0.01 return=1000.9 length=89 success_rate=1.00 collisions/ep=0.00 (n=24)
update=47 global_step=96256 SPS=47 m_ev=0.980 m_v_bias=1.9 m_kl_max=0.0172 mpc_ms=12.5/96 cand=0.000 w_ax@goal=+0.02 return=1001.5 length=91 success_rate=1.00 collisions/ep=0.00 (n=21)
update=48 global_step=98304 SPS=47 m_ev=0.993 m_v_bias=-8.6 m_kl_max=0.0074 mpc_ms=11.7/60 cand=0.000 w_ax@goal=+0.05 return=1005.1 length=88 success_rate=1.00 collisions/ep=0.00 (n=24)
update=49 global_step=100352 SPS=48 m_ev=0.991 m_v_bias=-1.9 m_kl_max=0.0137 mpc_ms=11.7/58 cand=0.000 w_ax@goal=+0.03 return=1004.0 length=88 success_rate=1.00 collisions/ep=0.00 (n=24)
update=50 global_step=102400 SPS=48 m_ev=0.992 m_v_bias=-1.7 m_kl_max=0.0044 mpc_ms=11.6/70 cand=0.000 w_ax@goal=+0.03 return=1004.6 length=86 success_rate=1.00 collisions/ep=0.00 (n=24)
Evaluation at update 50: return=1007.67, length=81.85, success_rate=1.00, collisions/ep=0.00
Solved-check at update 50: solved=False worst_gap=6.39 at p_x0=0.00 p_y0=-0.50 (consecutive=0)
update=51 global_step=104448 SPS=48 m_ev=0.995 m_v_bias=-4.5 m_kl_max=0.0213 mpc_ms=11.6/63 cand=0.000 w_ax@goal=-0.03 return=1005.5 length=85 success_rate=1.00 collisions/ep=0.00 (n=23)
update=52 global_step=106496 SPS=48 m_ev=0.994 m_v_bias=5.4 m_kl_max=0.0063 mpc_ms=11.7/69 cand=0.000 w_ax@goal=+0.04 return=1005.3 length=86 success_rate=1.00 collisions/ep=0.00 (n=25)
update=53 global_step=108544 SPS=48 m_ev=0.989 m_v_bias=-0.8 m_kl_max=0.0087 mpc_ms=11.7/58 cand=0.000 w_ax@goal=-0.03 return=1005.5 length=86 success_rate=1.00 collisions/ep=0.00 (n=23)
update=54 global_step=110592 SPS=49 m_ev=0.990 m_v_bias=5.2 m_kl_max=0.0059 mpc_ms=11.8/68 cand=0.000 w_ax@goal=+0.01 return=1005.2 length=88 success_rate=1.00 collisions/ep=0.00 (n=22)
update=55 global_step=112640 SPS=49 m_ev=0.994 m_v_bias=-5.7 m_kl_max=0.0258 mpc_ms=11.6/54 cand=0.000 w_ax@goal=-0.03 return=1006.1 length=86 success_rate=1.00 collisions/ep=0.00 (n=24)
Evaluation at update 55: return=1007.82, length=81.65, success_rate=1.00, collisions/ep=0.00
Solved-check at update 55: solved=False worst_gap=6.19 at p_x0=0.00 p_y0=-0.50 (consecutive=0)
update=56 global_step=114688 SPS=49 m_ev=0.981 m_v_bias=3.2 m_kl_max=0.0171 mpc_ms=11.5/62 cand=0.000 w_ax@goal=+0.01 return=1003.8 length=87 success_rate=1.00 collisions/ep=0.00 (n=23)
update=57 global_step=116736 SPS=49 m_ev=0.995 m_v_bias=-4.7 m_kl_max=0.0092 mpc_ms=11.5/58 cand=0.000 w_ax@goal=+0.01 return=1006.7 length=86 success_rate=1.00 collisions/ep=0.00 (n=25)
update=58 global_step=118784 SPS=49 m_ev=0.990 m_v_bias=4.8 m_kl_max=0.0067 mpc_ms=11.4/56 cand=0.000 w_ax@goal=-0.05 return=1005.8 length=86 success_rate=1.00 collisions/ep=0.00 (n=24)
update=59 global_step=120832 SPS=50 m_ev=0.992 m_v_bias=-0.5 m_kl_max=0.0219 mpc_ms=11.6/68 cand=0.000 w_ax@goal=-0.01 return=1005.2 length=87 success_rate=1.00 collisions/ep=0.00 (n=24)
update=60 global_step=122880 SPS=50 m_ev=0.994 m_v_bias=-1.7 m_kl_max=0.0071 mpc_ms=11.4/63 cand=0.000 w_ax@goal=+0.02 return=1006.9 length=85 success_rate=1.00 collisions/ep=0.00 (n=23)
Evaluation at update 60: return=1007.93, length=81.45, success_rate=1.00, collisions/ep=0.00
Solved-check at update 60: solved=False worst_gap=6.01 at p_x0=0.00 p_y0=-0.50 (consecutive=0)
update=61 global_step=124928 SPS=49 m_ev=0.997 m_v_bias=-2.2 m_kl_max=0.0134 mpc_ms=11.7/81 cand=0.000 w_ax@goal=+0.02 return=1006.8 length=86 success_rate=1.00 collisions/ep=0.00 (n=25)
update=62 global_step=126976 SPS=50 m_ev=0.992 m_v_bias=3.0 m_kl_max=0.0097 mpc_ms=11.5/81 cand=0.000 w_ax@goal=+0.02 return=1006.4 length=86 success_rate=1.00 collisions/ep=0.00 (n=22)
update=63 global_step=129024 SPS=50 m_ev=0.986 m_v_bias=2.0 m_kl_max=0.0150 mpc_ms=12.1/72 cand=0.000 w_ax@goal=-0.04 return=1006.5 length=87 success_rate=1.00 collisions/ep=0.00 (n=25)
update=64 global_step=131072 SPS=50 m_ev=0.996 m_v_bias=-2.8 m_kl_max=0.0039 mpc_ms=11.5/50 cand=0.000 w_ax@goal=+0.03 return=1005.3 length=87 success_rate=1.00 collisions/ep=0.00 (n=23)
update=65 global_step=133120 SPS=51 m_ev=0.996 m_v_bias=-1.1 m_kl_max=0.0084 mpc_ms=11.3/60 cand=0.000 w_ax@goal=-0.01 return=1006.8 length=85 success_rate=1.00 collisions/ep=0.00 (n=25)
Evaluation at update 65: return=1007.99, length=81.35, success_rate=1.00, collisions/ep=0.00
Solved-check at update 65: solved=False worst_gap=5.91 at p_x0=0.00 p_y0=0.00 (consecutive=0)
update=66 global_step=135168 SPS=50 m_ev=0.984 m_v_bias=1.1 m_kl_max=0.0107 mpc_ms=11.6/87 cand=0.000 w_ax@goal=-0.01 return=1007.2 length=84 success_rate=1.00 collisions/ep=0.00 (n=24)
update=67 global_step=137216 SPS=50 m_ev=0.991 m_v_bias=-1.5 m_kl_max=0.0062 mpc_ms=11.6/55 cand=0.000 w_ax@goal=-0.02 return=1005.7 length=85 success_rate=1.00 collisions/ep=0.00 (n=24)
update=68 global_step=139264 SPS=51 m_ev=0.997 m_v_bias=-0.6 m_kl_max=0.0066 mpc_ms=11.5/69 cand=0.000 w_ax@goal=+0.00 return=1005.6 length=86 success_rate=1.00 collisions/ep=0.00 (n=24)
update=69 global_step=141312 SPS=51 m_ev=0.997 m_v_bias=1.2 m_kl_max=0.0102 mpc_ms=11.4/42 cand=0.000 w_ax@goal=-0.05 return=1006.7 length=85 success_rate=1.00 collisions/ep=0.00 (n=24)
update=70 global_step=143360 SPS=51 m_ev=0.996 m_v_bias=0.1 m_kl_max=0.0301 mpc_ms=11.4/64 cand=0.000 w_ax@goal=+0.02 return=1006.9 length=85 success_rate=1.00 collisions/ep=0.00 (n=24)
Evaluation at update 70: return=1008.02, length=81.20, success_rate=1.00, collisions/ep=0.00
Solved-check at update 70: solved=False worst_gap=5.97 at p_x0=0.00 p_y0=-0.50 (consecutive=0)
update=71 global_step=145408 SPS=51 m_ev=0.997 m_v_bias=-1.7 m_kl_max=0.0319 mpc_ms=11.5/87 cand=0.000 w_ax@goal=-0.04 return=1007.2 length=86 success_rate=1.00 collisions/ep=0.00 (n=25)
update=72 global_step=147456 SPS=51 m_ev=0.998 m_v_bias=-1.2 m_kl_max=0.0163 mpc_ms=11.5/66 cand=0.000 w_ax@goal=+0.01 return=1007.2 length=83 success_rate=1.00 collisions/ep=0.00 (n=23)
update=73 global_step=149504 SPS=51 m_ev=0.993 m_v_bias=1.7 m_kl_max=0.0195 mpc_ms=11.5/64 cand=0.000 w_ax@goal=-0.01 return=1007.2 length=85 success_rate=1.00 collisions/ep=0.00 (n=25)
update=74 global_step=151552 SPS=52 m_ev=0.990 m_v_bias=4.1 m_kl_max=0.0189 mpc_ms=11.6/61 cand=0.000 w_ax@goal=-0.02 return=1006.1 length=87 success_rate=1.00 collisions/ep=0.00 (n=24)
update=75 global_step=153600 SPS=52 m_ev=0.998 m_v_bias=-3.2 m_kl_max=0.0194 mpc_ms=11.4/67 cand=0.000 w_ax@goal=-0.03 return=1006.9 length=84 success_rate=1.00 collisions/ep=0.00 (n=25)
Evaluation at update 75: return=1008.05, length=81.15, success_rate=1.00, collisions/ep=0.00
Solved-check at update 75: solved=False worst_gap=5.91 at p_x0=0.00 p_y0=-0.50 (consecutive=0)
update=76 global_step=155648 SPS=51 m_ev=0.994 m_v_bias=2.8 m_kl_max=0.0069 mpc_ms=11.4/46 cand=0.000 w_ax@goal=-0.02 return=1007.1 length=85 success_rate=1.00 collisions/ep=0.00 (n=24)
update=77 global_step=157696 SPS=52 m_ev=0.998 m_v_bias=-1.5 m_kl_max=0.0096 mpc_ms=11.4/57 cand=0.000 w_ax@goal=-0.01 return=1007.2 length=84 success_rate=1.00 collisions/ep=0.00 (n=24)
update=78 global_step=159744 SPS=52 m_ev=0.999 m_v_bias=-1.3 m_kl_max=0.0056 mpc_ms=11.5/72 cand=0.000 w_ax@goal=+0.01 return=1007.4 length=85 success_rate=1.00 collisions/ep=0.00 (n=25)
update=79 global_step=161792 SPS=52 m_ev=0.999 m_v_bias=-1.9 m_kl_max=0.0076 mpc_ms=11.5/50 cand=0.000 w_ax@goal=-0.03 return=1007.9 length=85 success_rate=1.00 collisions/ep=0.00 (n=23)
update=80 global_step=163840 SPS=52 m_ev=0.995 m_v_bias=3.8 m_kl_max=0.0100 mpc_ms=11.4/60 cand=0.000 w_ax@goal=-0.00 return=1006.7 length=85 success_rate=1.00 collisions/ep=0.00 (n=24)
Evaluation at update 80: return=1008.10, length=81.15, success_rate=1.00, collisions/ep=0.00
Solved-check at update 80: solved=False worst_gap=5.87 at p_x0=0.00 p_y0=-0.50 (consecutive=0)
update=81 global_step=165888 SPS=52 m_ev=0.995 m_v_bias=-1.5 m_kl_max=0.0092 mpc_ms=11.8/58 cand=0.000 w_ax@goal=+0.02 return=1007.4 length=86 success_rate=1.00 collisions/ep=0.00 (n=24)
update=82 global_step=167936 SPS=52 m_ev=0.996 m_v_bias=-0.1 m_kl_max=0.0032 mpc_ms=11.4/58 cand=0.000 w_ax@goal=-0.03 return=1006.6 length=84 success_rate=1.00 collisions/ep=0.00 (n=24)
update=83 global_step=169984 SPS=52 m_ev=0.993 m_v_bias=-1.7 m_kl_max=0.0234 mpc_ms=11.5/67 cand=0.000 w_ax@goal=-0.01 return=1007.2 length=85 success_rate=1.00 collisions/ep=0.00 (n=25)
update=84 global_step=172032 SPS=53 m_ev=0.996 m_v_bias=2.7 m_kl_max=0.0119 mpc_ms=11.6/54 cand=0.000 w_ax@goal=+0.03 return=1006.8 length=85 success_rate=1.00 collisions/ep=0.00 (n=24)
update=85 global_step=174080 SPS=53 m_ev=0.999 m_v_bias=-0.7 m_kl_max=0.0112 mpc_ms=11.3/55 cand=0.000 w_ax@goal=+0.01 return=1008.1 length=85 success_rate=1.00 collisions/ep=0.00 (n=24)
Evaluation at update 85: return=1008.12, length=81.15, success_rate=1.00, collisions/ep=0.00
Solved-check at update 85: solved=False worst_gap=5.86 at p_x0=0.00 p_y0=-0.50 (consecutive=0)
update=86 global_step=176128 SPS=52 m_ev=0.999 m_v_bias=0.2 m_kl_max=0.0177 mpc_ms=11.7/50 cand=0.000 w_ax@goal=-0.03 return=1007.7 length=86 success_rate=1.00 collisions/ep=0.00 (n=24)
update=87 global_step=178176 SPS=53 m_ev=0.999 m_v_bias=0.2 m_kl_max=0.0149 mpc_ms=11.5/44 cand=0.000 w_ax@goal=+0.00 return=1007.8 length=84 success_rate=1.00 collisions/ep=0.00 (n=24)
update=88 global_step=180224 SPS=53 m_ev=0.999 m_v_bias=-0.4 m_kl_max=0.0110 mpc_ms=11.2/55 cand=0.000 w_ax@goal=-0.02 return=1008.0 length=84 success_rate=1.00 collisions/ep=0.00 (n=24)
update=89 global_step=182272 SPS=53 m_ev=0.999 m_v_bias=0.4 m_kl_max=0.0254 mpc_ms=11.2/62 cand=0.000 w_ax@goal=-0.02 return=1007.8 length=85 success_rate=1.00 collisions/ep=0.00 (n=24)
update=90 global_step=184320 SPS=53 m_ev=0.999 m_v_bias=-0.6 m_kl_max=0.0079 mpc_ms=11.7/55 cand=0.000 w_ax@goal=-0.02 return=1007.5 length=84 success_rate=1.00 collisions/ep=0.00 (n=24)
Evaluation at update 90: return=1008.14, length=81.15, success_rate=1.00, collisions/ep=0.00
Solved-check at update 90: solved=False worst_gap=5.85 at p_x0=0.00 p_y0=-0.50 (consecutive=0)
update=91 global_step=186368 SPS=53 m_ev=0.999 m_v_bias=-0.5 m_kl_max=0.0103 mpc_ms=11.2/72 cand=0.000 w_ax@goal=-0.01 return=1007.9 length=83 success_rate=1.00 collisions/ep=0.00 (n=24)
update=92 global_step=188416 SPS=53 m_ev=0.999 m_v_bias=0.8 m_kl_max=0.0087 mpc_ms=11.5/46 cand=0.000 w_ax@goal=-0.01 return=1007.6 length=84 success_rate=1.00 collisions/ep=0.00 (n=25)
update=93 global_step=190464 SPS=53 m_ev=0.997 m_v_bias=0.1 m_kl_max=0.0203 mpc_ms=11.6/67 cand=0.000 w_ax@goal=+0.01 return=1007.0 length=84 success_rate=1.00 collisions/ep=0.00 (n=25)
update=94 global_step=192512 SPS=53 m_ev=0.998 m_v_bias=0.4 m_kl_max=0.0100 mpc_ms=10.5/57 cand=0.000 w_ax@goal=+0.03 return=1007.8 length=85 success_rate=1.00 collisions/ep=0.00 (n=25)
update=95 global_step=194560 SPS=54 m_ev=0.999 m_v_bias=0.1 m_kl_max=0.0115 mpc_ms=10.4/64 cand=0.000 w_ax@goal=+0.01 return=1007.6 length=83 success_rate=1.00 collisions/ep=0.00 (n=24)
Evaluation at update 95: return=1008.15, length=81.15, success_rate=1.00, collisions/ep=0.00
Solved-check at update 95: solved=False worst_gap=5.84 at p_x0=0.00 p_y0=-0.50 (consecutive=0)
update=96 global_step=196608 SPS=53 m_ev=0.999 m_v_bias=-1.2 m_kl_max=0.0167 mpc_ms=9.9/39 cand=0.000 w_ax@goal=+0.00 return=1007.8 length=83 success_rate=1.00 collisions/ep=0.00 (n=25)
update=97 global_step=198656 SPS=54 m_ev=0.997 m_v_bias=0.8 m_kl_max=0.0163 mpc_ms=10.4/53 cand=0.000 w_ax@goal=+0.02 return=1007.8 length=85 success_rate=1.00 collisions/ep=0.00 (n=25)
update=98 global_step=200704 SPS=54 m_ev=0.994 m_v_bias=2.2 m_kl_max=0.0176 mpc_ms=10.6/65 cand=0.000 w_ax@goal=+0.00 return=1006.9 length=86 success_rate=1.00 collisions/ep=0.00 (n=22)
update=99 global_step=202752 SPS=54 m_ev=0.999 m_v_bias=-1.8 m_kl_max=0.0267 mpc_ms=10.1/58 cand=0.000 w_ax@goal=+0.02 return=1007.6 length=84 success_rate=1.00 collisions/ep=0.00 (n=25)
update=100 global_step=204800 SPS=54 m_ev=1.000 m_v_bias=-0.9 m_kl_max=0.0072 mpc_ms=9.1/54 cand=0.000 w_ax@goal=-0.01 return=1007.7 length=83 success_rate=1.00 collisions/ep=0.00 (n=24)
Evaluation at update 100: return=1008.16, length=81.15, success_rate=1.00, collisions/ep=0.00
Solved-check at update 100: solved=False worst_gap=5.84 at p_x0=0.00 p_y0=-0.50 (consecutive=0)
update=101 global_step=206848 SPS=54 m_ev=0.991 m_v_bias=1.2 m_kl_max=0.0217 mpc_ms=8.9/41 cand=0.000 w_ax@goal=+0.01 return=1007.7 length=83 success_rate=1.00 collisions/ep=0.00 (n=25)
update=102 global_step=208896 SPS=54 m_ev=0.999 m_v_bias=-2.2 m_kl_max=0.0104 mpc_ms=9.1/46 cand=0.000 w_ax@goal=-0.03 return=1007.0 length=83 success_rate=1.00 collisions/ep=0.00 (n=24)
update=103 global_step=210944 SPS=55 m_ev=0.999 m_v_bias=-1.6 m_kl_max=0.0071 mpc_ms=9.1/45 cand=0.000 w_ax@goal=-0.01 return=1007.9 length=83 success_rate=1.00 collisions/ep=0.00 (n=25)
update=104 global_step=212992 SPS=55 m_ev=1.000 m_v_bias=0.6 m_kl_max=0.0149 mpc_ms=8.8/33 cand=0.000 w_ax@goal=-0.01 return=1008.3 length=84 success_rate=1.00 collisions/ep=0.00 (n=25)
update=105 global_step=215040 SPS=55 m_ev=0.999 m_v_bias=1.1 m_kl_max=0.0055 mpc_ms=8.8/62 cand=0.000 w_ax@goal=+0.01 return=1007.8 length=84 success_rate=1.00 collisions/ep=0.00 (n=24)
Evaluation at update 105: return=1008.16, length=81.15, success_rate=1.00, collisions/ep=0.00
Solved-check at update 105: solved=False worst_gap=5.84 at p_x0=0.00 p_y0=-0.50 (consecutive=0)
update=106 global_step=217088 SPS=55 m_ev=0.999 m_v_bias=0.1 m_kl_max=0.0182 mpc_ms=8.8/55 cand=0.000 w_ax@goal=+0.02 return=1007.9 length=82 success_rate=1.00 collisions/ep=0.00 (n=26)
update=107 global_step=219136 SPS=55 m_ev=1.000 m_v_bias=-0.4 m_kl_max=0.0037 mpc_ms=8.6/48 cand=0.000 w_ax@goal=-0.01 return=1008.4 length=85 success_rate=1.00 collisions/ep=0.00 (n=23)
update=108 global_step=221184 SPS=55 m_ev=1.000 m_v_bias=0.6 m_kl_max=0.0066 mpc_ms=9.0/50 cand=0.000 w_ax@goal=+0.01 return=1008.0 length=83 success_rate=1.00 collisions/ep=0.00 (n=26)
update=109 global_step=223232 SPS=56 m_ev=0.998 m_v_bias=1.8 m_kl_max=0.0159 mpc_ms=8.8/32 cand=0.000 w_ax@goal=-0.02 return=1007.5 length=84 success_rate=1.00 collisions/ep=0.00 (n=23)
update=110 global_step=225280 SPS=56 m_ev=0.999 m_v_bias=-0.6 m_kl_max=0.0023 mpc_ms=8.8/31 cand=0.000 w_ax@goal=+0.02 return=1008.0 length=83 success_rate=1.00 collisions/ep=0.00 (n=24)
Evaluation at update 110: return=1008.16, length=81.15, success_rate=1.00, collisions/ep=0.00
Solved-check at update 110: solved=False worst_gap=5.84 at p_x0=0.00 p_y0=-0.50 (consecutive=0)
update=111 global_step=227328 SPS=56 m_ev=1.000 m_v_bias=-0.6 m_kl_max=0.0136 mpc_ms=9.0/64 cand=0.000 w_ax@goal=-0.03 return=1008.1 length=85 success_rate=1.00 collisions/ep=0.00 (n=25)
update=112 global_step=229376 SPS=56 m_ev=1.000 m_v_bias=-0.6 m_kl_max=0.0153 mpc_ms=8.8/43 cand=0.000 w_ax@goal=-0.01 return=1008.2 length=84 success_rate=1.00 collisions/ep=0.00 (n=24)
update=113 global_step=231424 SPS=56 m_ev=1.000 m_v_bias=1.7 m_kl_max=0.0064 mpc_ms=9.2/43 cand=0.000 w_ax@goal=+0.05 return=1008.0 length=84 success_rate=1.00 collisions/ep=0.00 (n=25)
update=114 global_step=233472 SPS=56 m_ev=1.000 m_v_bias=-0.7 m_kl_max=0.0050 mpc_ms=8.7/69 cand=0.000 w_ax@goal=-0.01 return=1008.1 length=85 success_rate=1.00 collisions/ep=0.00 (n=25)
update=115 global_step=235520 SPS=57 m_ev=1.000 m_v_bias=-1.3 m_kl_max=0.0136 mpc_ms=9.0/49 cand=0.000 w_ax@goal=+0.04 return=1008.3 length=84 success_rate=1.00 collisions/ep=0.00 (n=24)
Evaluation at update 115: return=1008.16, length=81.15, success_rate=1.00, collisions/ep=0.00
Solved-check at update 115: solved=False worst_gap=5.84 at p_x0=0.00 p_y0=-0.50 (consecutive=0)
update=116 global_step=237568 SPS=56 m_ev=1.000 m_v_bias=0.6 m_kl_max=0.0066 mpc_ms=9.0/39 cand=0.000 w_ax@goal=+0.01 return=1008.1 length=84 success_rate=1.00 collisions/ep=0.00 (n=24)
update=117 global_step=239616 SPS=57 m_ev=0.999 m_v_bias=1.1 m_kl_max=0.0072 mpc_ms=8.7/37 cand=0.000 w_ax@goal=+0.03 return=1008.1 length=83 success_rate=1.00 collisions/ep=0.00 (n=26)
update=118 global_step=241664 SPS=57 m_ev=0.995 m_v_bias=1.1 m_kl_max=0.0066 mpc_ms=9.0/73 cand=0.000 w_ax@goal=+0.03 return=1007.4 length=84 success_rate=1.00 collisions/ep=0.00 (n=23)
update=119 global_step=243712 SPS=57 m_ev=1.000 m_v_bias=-1.4 m_kl_max=0.0095 mpc_ms=9.1/33 cand=0.000 w_ax@goal=-0.00 return=1008.1 length=82 success_rate=1.00 collisions/ep=0.00 (n=26)
update=120 global_step=245760 SPS=57 m_ev=0.999 m_v_bias=1.3 m_kl_max=0.0083 mpc_ms=8.9/34 cand=0.000 w_ax@goal=+0.03 return=1007.6 length=84 success_rate=1.00 collisions/ep=0.00 (n=24)
Evaluation at update 120: return=1008.16, length=81.15, success_rate=1.00, collisions/ep=0.00
Solved-check at update 120: solved=False worst_gap=5.84 at p_x0=0.00 p_y0=-0.50 (consecutive=0)
update=121 global_step=247808 SPS=57 m_ev=0.999 m_v_bias=-0.2 m_kl_max=0.0156 mpc_ms=9.0/47 cand=0.000 w_ax@goal=-0.03 return=1008.1 length=83 success_rate=1.00 collisions/ep=0.00 (n=25)
update=122 global_step=249856 SPS=57 m_ev=0.997 m_v_bias=0.5 m_kl_max=0.0236 mpc_ms=8.9/46 cand=0.000 w_ax@goal=-0.00 return=1006.9 length=85 success_rate=1.00 collisions/ep=0.00 (n=24)
update=123 global_step=251904 SPS=57 m_ev=0.998 m_v_bias=0.7 m_kl_max=0.0065 mpc_ms=9.1/60 cand=0.000 w_ax@goal=+0.01 return=1007.5 length=83 success_rate=1.00 collisions/ep=0.00 (n=24)
update=124 global_step=253952 SPS=58 m_ev=0.999 m_v_bias=-1.4 m_kl_max=0.0104 mpc_ms=8.9/34 cand=0.000 w_ax@goal=+0.04 return=1007.8 length=83 success_rate=1.00 collisions/ep=0.00 (n=24)
update=125 global_step=256000 SPS=58 m_ev=1.000 m_v_bias=-2.4 m_kl_max=0.0145 mpc_ms=8.9/46 cand=0.000 w_ax@goal=+0.00 return=1008.4 length=84 success_rate=1.00 collisions/ep=0.00 (n=24)
Evaluation at update 125: return=1008.16, length=81.15, success_rate=1.00, collisions/ep=0.00
Solved-check at update 125: solved=False worst_gap=5.84 at p_x0=0.00 p_y0=-0.50 (consecutive=0)
update=126 global_step=258048 SPS=58 m_ev=1.000 m_v_bias=-0.2 m_kl_max=0.0062 mpc_ms=8.8/39 cand=0.000 w_ax@goal=+0.02 return=1008.1 length=84 success_rate=1.00 collisions/ep=0.00 (n=24)
update=127 global_step=260096 SPS=58 m_ev=0.999 m_v_bias=0.7 m_kl_max=0.0016 mpc_ms=9.2/55 cand=0.000 w_ax@goal=-0.01 return=1008.2 length=83 success_rate=1.00 collisions/ep=0.00 (n=24)
update=128 global_step=262144 SPS=58 m_ev=1.000 m_v_bias=-1.0 m_kl_max=0.0134 mpc_ms=8.7/60 cand=0.000 w_ax@goal=+0.01 return=1008.0 length=84 success_rate=1.00 collisions/ep=0.00 (n=25)
update=129 global_step=264192 SPS=58 m_ev=1.000 m_v_bias=-0.7 m_kl_max=0.0036 mpc_ms=9.1/48 cand=0.000 w_ax@goal=+0.00 return=1008.0 length=82 success_rate=1.00 collisions/ep=0.00 (n=25)
update=130 global_step=266240 SPS=58 m_ev=0.994 m_v_bias=1.7 m_kl_max=0.0338 mpc_ms=9.3/72 cand=0.000 w_ax@goal=-0.00 return=1007.3 length=83 success_rate=1.00 collisions/ep=0.00 (n=27)
Evaluation at update 130: return=1008.16, length=81.15, success_rate=1.00, collisions/ep=0.00
Solved-check at update 130: solved=False worst_gap=5.84 at p_x0=0.00 p_y0=-0.50 (consecutive=0)
update=131 global_step=268288 SPS=58 m_ev=0.999 m_v_bias=-0.9 m_kl_max=0.0193 mpc_ms=9.1/39 cand=0.000 w_ax@goal=+0.01 return=1008.4 length=86 success_rate=1.00 collisions/ep=0.00 (n=23)
update=132 global_step=270336 SPS=58 m_ev=0.998 m_v_bias=3.0 m_kl_max=0.0064 mpc_ms=8.8/38 cand=0.000 w_ax@goal=+0.03 return=1007.7 length=84 success_rate=1.00 collisions/ep=0.00 (n=25)
update=133 global_step=272384 SPS=59 m_ev=0.999 m_v_bias=-2.4 m_kl_max=0.0213 mpc_ms=8.5/40 cand=0.000 w_ax@goal=+0.00 return=1007.9 length=82 success_rate=1.00 collisions/ep=0.00 (n=25)
update=134 global_step=274432 SPS=59 m_ev=1.000 m_v_bias=-1.4 m_kl_max=0.0160 mpc_ms=8.8/57 cand=0.000 w_ax@goal=-0.00 return=1008.0 length=81 success_rate=1.00 collisions/ep=0.00 (n=24)
update=135 global_step=276480 SPS=59 m_ev=1.000 m_v_bias=1.1 m_kl_max=0.0163 mpc_ms=8.9/52 cand=0.000 w_ax@goal=+0.04 return=1008.6 length=86 success_rate=1.00 collisions/ep=0.00 (n=25)
Evaluation at update 135: return=1008.16, length=81.15, success_rate=1.00, collisions/ep=0.00
Solved-check at update 135: solved=False worst_gap=5.84 at p_x0=0.00 p_y0=-0.50 (consecutive=0)
update=136 global_step=278528 SPS=59 m_ev=1.000 m_v_bias=-0.4 m_kl_max=0.0200 mpc_ms=8.9/52 cand=0.000 w_ax@goal=-0.00 return=1008.0 length=82 success_rate=1.00 collisions/ep=0.00 (n=24)
update=137 global_step=280576 SPS=59 m_ev=1.000 m_v_bias=0.1 m_kl_max=0.0063 mpc_ms=8.7/41 cand=0.000 w_ax@goal=+0.02 return=1008.2 length=84 success_rate=1.00 collisions/ep=0.00 (n=24)
update=138 global_step=282624 SPS=59 m_ev=1.000 m_v_bias=0.3 m_kl_max=0.0184 mpc_ms=9.1/32 cand=0.000 w_ax@goal=+0.01 return=1008.0 length=83 success_rate=1.00 collisions/ep=0.00 (n=25)
update=139 global_step=284672 SPS=59 m_ev=1.000 m_v_bias=0.7 m_kl_max=0.0155 mpc_ms=8.9/44 cand=0.000 w_ax@goal=-0.01 return=1008.0 length=82 success_rate=1.00 collisions/ep=0.00 (n=26)
update=140 global_step=286720 SPS=60 m_ev=0.999 m_v_bias=0.5 m_kl_max=0.0116 mpc_ms=9.0/55 cand=0.000 w_ax@goal=-0.01 return=1007.6 length=81 success_rate=1.00 collisions/ep=0.00 (n=24)
Evaluation at update 140: return=1008.16, length=81.15, success_rate=1.00, collisions/ep=0.00
Solved-check at update 140: solved=False worst_gap=5.84 at p_x0=0.00 p_y0=-0.50 (consecutive=0)
update=141 global_step=288768 SPS=59 m_ev=0.999 m_v_bias=0.9 m_kl_max=0.0037 mpc_ms=9.0/38 cand=0.000 w_ax@goal=+0.01 return=1008.1 length=83 success_rate=1.00 collisions/ep=0.00 (n=25)
update=142 global_step=290816 SPS=60 m_ev=1.000 m_v_bias=1.1 m_kl_max=0.0101 mpc_ms=8.7/48 cand=0.000 w_ax@goal=-0.01 return=1008.0 length=83 success_rate=1.00 collisions/ep=0.00 (n=25)
update=143 global_step=292864 SPS=60 m_ev=1.000 m_v_bias=-0.9 m_kl_max=0.0077 mpc_ms=8.9/40 cand=0.000 w_ax@goal=-0.02 return=1008.6 length=86 success_rate=1.00 collisions/ep=0.00 (n=23)
update=144 global_step=294912 SPS=60 m_ev=1.000 m_v_bias=0.7 m_kl_max=0.0197 mpc_ms=8.7/37 cand=0.000 w_ax@goal=-0.01 return=1008.0 length=82 success_rate=1.00 collisions/ep=0.00 (n=27)
update=145 global_step=296960 SPS=60 m_ev=1.000 m_v_bias=0.0 m_kl_max=0.0142 mpc_ms=9.1/41 cand=0.000 w_ax@goal=+0.03 return=1008.2 length=84 success_rate=1.00 collisions/ep=0.00 (n=23)
Evaluation at update 145: return=1008.16, length=81.15, success_rate=1.00, collisions/ep=0.00
Solved-check at update 145: solved=False worst_gap=5.84 at p_x0=0.00 p_y0=-0.50 (consecutive=0)
update=146 global_step=299008 SPS=60 m_ev=1.000 m_v_bias=-1.6 m_kl_max=0.0046 mpc_ms=8.9/48 cand=0.000 w_ax@goal=-0.00 return=1008.2 length=83 success_rate=1.00 collisions/ep=0.00 (n=26)
update=147 global_step=301056 SPS=60 m_ev=1.000 m_v_bias=-0.2 m_kl_max=0.0161 mpc_ms=8.9/52 cand=0.000 w_ax@goal=+0.00 return=1008.1 length=83 success_rate=1.00 collisions/ep=0.00 (n=24)
update=148 global_step=303104 SPS=60 m_ev=1.000 m_v_bias=-0.8 m_kl_max=0.0052 mpc_ms=9.1/51 cand=0.000 w_ax@goal=+0.01 return=1007.8 length=81 success_rate=1.00 collisions/ep=0.00 (n=24)
update=149 global_step=305152 SPS=60 m_ev=1.000 m_v_bias=-0.6 m_kl_max=0.0140 mpc_ms=9.2/32 cand=0.000 w_ax@goal=-0.00 return=1008.4 length=84 success_rate=1.00 collisions/ep=0.00 (n=25)
update=150 global_step=307200 SPS=61 m_ev=1.000 m_v_bias=0.9 m_kl_max=0.0064 mpc_ms=9.1/40 cand=0.000 w_ax@goal=+0.04 return=1008.2 length=83 success_rate=1.00 collisions/ep=0.00 (n=24)
Evaluation at update 150: return=1008.16, length=81.15, success_rate=1.00, collisions/ep=0.00
Solved-check at update 150: solved=False worst_gap=5.84 at p_x0=0.00 p_y0=-0.50 (consecutive=0)
update=151 global_step=309248 SPS=60 m_ev=0.999 m_v_bias=1.0 m_kl_max=0.0104 mpc_ms=9.0/46 cand=0.000 w_ax@goal=-0.00 return=1007.7 length=82 success_rate=1.00 collisions/ep=0.00 (n=27)
update=152 global_step=311296 SPS=60 m_ev=0.991 m_v_bias=2.3 m_kl_max=0.0239 mpc_ms=9.2/59 cand=0.000 w_ax@goal=-0.02 return=1007.1 length=84 success_rate=1.00 collisions/ep=0.00 (n=24)
update=153 global_step=313344 SPS=61 m_ev=0.999 m_v_bias=-0.3 m_kl_max=0.0094 mpc_ms=9.1/47 cand=0.000 w_ax@goal=+0.02 return=1008.2 length=82 success_rate=1.00 collisions/ep=0.00 (n=24)
update=154 global_step=315392 SPS=61 m_ev=0.999 m_v_bias=1.3 m_kl_max=0.0060 mpc_ms=8.9/57 cand=0.000 w_ax@goal=-0.02 return=1008.0 length=84 success_rate=1.00 collisions/ep=0.00 (n=24)
update=155 global_step=317440 SPS=61 m_ev=1.000 m_v_bias=-1.9 m_kl_max=0.0086 mpc_ms=8.9/56 cand=0.000 w_ax@goal=-0.01 return=1008.2 length=84 success_rate=1.00 collisions/ep=0.00 (n=24)
Evaluation at update 155: return=1008.16, length=81.15, success_rate=1.00, collisions/ep=0.00
Solved-check at update 155: solved=False worst_gap=5.84 at p_x0=0.00 p_y0=-0.50 (consecutive=0)
update=156 global_step=319488 SPS=61 m_ev=1.000 m_v_bias=-0.4 m_kl_max=0.0112 mpc_ms=9.2/43 cand=0.000 w_ax@goal=+0.01 return=1007.9 length=82 success_rate=1.00 collisions/ep=0.00 (n=25)
update=157 global_step=321536 SPS=61 m_ev=1.000 m_v_bias=-0.5 m_kl_max=0.0129 mpc_ms=8.8/36 cand=0.000 w_ax@goal=-0.00 return=1008.5 length=84 success_rate=1.00 collisions/ep=0.00 (n=24)
update=158 global_step=323584 SPS=61 m_ev=0.999 m_v_bias=0.4 m_kl_max=0.0315 mpc_ms=9.1/53 cand=0.000 w_ax@goal=-0.01 return=1008.1 length=83 success_rate=1.00 collisions/ep=0.00 (n=25)
update=159 global_step=325632 SPS=61 m_ev=0.996 m_v_bias=1.0 m_kl_max=0.0191 mpc_ms=9.0/44 cand=0.000 w_ax@goal=-0.01 return=1007.4 length=84 success_rate=1.00 collisions/ep=0.00 (n=24)
update=160 global_step=327680 SPS=61 m_ev=0.999 m_v_bias=-1.0 m_kl_max=0.0057 mpc_ms=8.9/39 cand=0.000 w_ax@goal=-0.02 return=1007.9 length=82 success_rate=1.00 collisions/ep=0.00 (n=26)
Evaluation at update 160: return=1008.16, length=81.15, success_rate=1.00, collisions/ep=0.00
Solved-check at update 160: solved=False worst_gap=5.84 at p_x0=0.00 p_y0=-0.50 (consecutive=0)
update=161 global_step=329728 SPS=61 m_ev=1.000 m_v_bias=0.6 m_kl_max=0.0116 mpc_ms=8.8/46 cand=0.000 w_ax@goal=+0.01 return=1008.1 length=83 success_rate=1.00 collisions/ep=0.00 (n=26)
update=162 global_step=331776 SPS=61 m_ev=1.000 m_v_bias=0.3 m_kl_max=0.0153 mpc_ms=9.0/43 cand=0.000 w_ax@goal=+0.01 return=1008.0 length=82 success_rate=1.00 collisions/ep=0.00 (n=24)
update=163 global_step=333824 SPS=62 m_ev=0.997 m_v_bias=0.2 m_kl_max=0.0168 mpc_ms=9.1/67 cand=0.000 w_ax@goal=-0.01 return=1008.3 length=83 success_rate=1.00 collisions/ep=0.00 (n=24)
update=164 global_step=335872 SPS=62 m_ev=0.999 m_v_bias=-1.7 m_kl_max=0.0144 mpc_ms=8.8/57 cand=0.000 w_ax@goal=-0.00 return=1007.2 length=84 success_rate=1.00 collisions/ep=0.00 (n=24)
update=165 global_step=337920 SPS=62 m_ev=0.999 m_v_bias=-0.9 m_kl_max=0.0146 mpc_ms=9.2/61 cand=0.000 w_ax@goal=+0.02 return=1008.1 length=84 success_rate=1.00 collisions/ep=0.00 (n=24)
Evaluation at update 165: return=1008.16, length=81.15, success_rate=1.00, collisions/ep=0.00
Solved-check at update 165: solved=False worst_gap=5.84 at p_x0=0.00 p_y0=-0.50 (consecutive=0)
update=166 global_step=339968 SPS=62 m_ev=1.000 m_v_bias=-0.1 m_kl_max=0.0057 mpc_ms=9.0/36 cand=0.000 w_ax@goal=-0.01 return=1008.2 length=83 success_rate=1.00 collisions/ep=0.00 (n=27)
update=167 global_step=342016 SPS=62 m_ev=1.000 m_v_bias=0.5 m_kl_max=0.0052 mpc_ms=9.1/41 cand=0.000 w_ax@goal=-0.01 return=1008.2 length=83 success_rate=1.00 collisions/ep=0.00 (n=24)
update=168 global_step=344064 SPS=62 m_ev=1.000 m_v_bias=0.6 m_kl_max=0.0147 mpc_ms=9.0/49 cand=0.000 w_ax@goal=+0.00 return=1008.1 length=83 success_rate=1.00 collisions/ep=0.00 (n=25)
update=169 global_step=346112 SPS=62 m_ev=0.991 m_v_bias=2.4 m_kl_max=0.0089 mpc_ms=9.1/55 cand=0.000 w_ax@goal=+0.00 return=1007.2 length=84 success_rate=1.00 collisions/ep=0.00 (n=23)
update=170 global_step=348160 SPS=62 m_ev=0.993 m_v_bias=-2.9 m_kl_max=0.0050 mpc_ms=8.9/68 cand=0.000 w_ax@goal=+0.01 return=1007.9 length=83 success_rate=1.00 collisions/ep=0.00 (n=25)
Evaluation at update 170: return=1008.16, length=81.15, success_rate=1.00, collisions/ep=0.00
Solved-check at update 170: solved=False worst_gap=5.84 at p_x0=0.00 p_y0=-0.50 (consecutive=0)
update=171 global_step=350208 SPS=62 m_ev=0.999 m_v_bias=-0.2 m_kl_max=0.0081 mpc_ms=9.2/60 cand=0.000 w_ax@goal=-0.01 return=1007.4 length=83 success_rate=1.00 collisions/ep=0.00 (n=24)
update=172 global_step=352256 SPS=62 m_ev=1.000 m_v_bias=1.9 m_kl_max=0.0089 mpc_ms=9.0/48 cand=0.000 w_ax@goal=+0.00 return=1008.2 length=83 success_rate=1.00 collisions/ep=0.00 (n=26)
update=173 global_step=354304 SPS=62 m_ev=1.000 m_v_bias=0.9 m_kl_max=0.0038 mpc_ms=9.0/50 cand=0.000 w_ax@goal=+0.03 return=1008.3 length=84 success_rate=1.00 collisions/ep=0.00 (n=24)
update=174 global_step=356352 SPS=62 m_ev=0.996 m_v_bias=0.6 m_kl_max=0.0351 mpc_ms=8.7/74 cand=0.000 w_ax@goal=+0.00 return=1007.6 length=83 success_rate=1.00 collisions/ep=0.00 (n=24)
update=175 global_step=358400 SPS=63 m_ev=0.999 m_v_bias=-0.7 m_kl_max=0.0149 mpc_ms=8.8/32 cand=0.000 w_ax@goal=-0.01 return=1008.1 length=83 success_rate=1.00 collisions/ep=0.00 (n=24)
Evaluation at update 175: return=1008.16, length=81.15, success_rate=1.00, collisions/ep=0.00
Solved-check at update 175: solved=False worst_gap=5.84 at p_x0=0.00 p_y0=-0.50 (consecutive=0)
update=176 global_step=360448 SPS=62 m_ev=0.999 m_v_bias=0.2 m_kl_max=0.0181 mpc_ms=8.9/38 cand=0.000 w_ax@goal=+0.00 return=1008.1 length=84 success_rate=1.00 collisions/ep=0.00 (n=24)
update=177 global_step=362496 SPS=63 m_ev=0.999 m_v_bias=-0.3 m_kl_max=0.0094 mpc_ms=8.9/46 cand=0.000 w_ax@goal=-0.01 return=1008.0 length=85 success_rate=1.00 collisions/ep=0.00 (n=25)
update=178 global_step=364544 SPS=63 m_ev=1.000 m_v_bias=-0.1 m_kl_max=0.0114 mpc_ms=8.9/44 cand=0.000 w_ax@goal=+0.04 return=1008.4 length=84 success_rate=1.00 collisions/ep=0.00 (n=23)
update=179 global_step=366592 SPS=63 m_ev=1.000 m_v_bias=-0.2 m_kl_max=0.0070 mpc_ms=8.7/39 cand=0.000 w_ax@goal=-0.04 return=1008.3 length=82 success_rate=1.00 collisions/ep=0.00 (n=26)
update=180 global_step=368640 SPS=63 m_ev=1.000 m_v_bias=-0.1 m_kl_max=0.0037 mpc_ms=8.6/29 cand=0.000 w_ax@goal=+0.04 return=1008.3 length=85 success_rate=1.00 collisions/ep=0.00 (n=23)
Evaluation at update 180: return=1008.16, length=81.15, success_rate=1.00, collisions/ep=0.00
Solved-check at update 180: solved=False worst_gap=5.84 at p_x0=0.00 p_y0=-0.50 (consecutive=0)
update=181 global_step=370688 SPS=63 m_ev=1.000 m_v_bias=-0.3 m_kl_max=0.0180 mpc_ms=8.9/40 cand=0.000 w_ax@goal=-0.02 return=1008.4 length=85 success_rate=1.00 collisions/ep=0.00 (n=26)
update=182 global_step=372736 SPS=63 m_ev=0.999 m_v_bias=0.9 m_kl_max=0.0117 mpc_ms=8.9/33 cand=0.000 w_ax@goal=+0.02 return=1008.2 length=83 success_rate=1.00 collisions/ep=0.00 (n=26)
update=183 global_step=374784 SPS=63 m_ev=1.000 m_v_bias=0.2 m_kl_max=0.0128 mpc_ms=8.8/54 cand=0.000 w_ax@goal=-0.02 return=1008.0 length=83 success_rate=1.00 collisions/ep=0.00 (n=24)
update=184 global_step=376832 SPS=63 m_ev=1.000 m_v_bias=0.6 m_kl_max=0.0088 mpc_ms=8.6/66 cand=0.000 w_ax@goal=-0.03 return=1008.1 length=83 success_rate=1.00 collisions/ep=0.00 (n=25)
update=185 global_step=378880 SPS=63 m_ev=1.000 m_v_bias=-0.5 m_kl_max=0.0350 mpc_ms=8.9/43 cand=0.000 w_ax@goal=+0.03 return=1008.0 length=82 success_rate=1.00 collisions/ep=0.00 (n=24)
Evaluation at update 185: return=1008.16, length=81.15, success_rate=1.00, collisions/ep=0.00
Solved-check at update 185: solved=False worst_gap=5.84 at p_x0=0.00 p_y0=-0.50 (consecutive=0)
update=186 global_step=380928 SPS=63 m_ev=1.000 m_v_bias=0.9 m_kl_max=0.0118 mpc_ms=8.8/45 cand=0.000 w_ax@goal=-0.02 return=1008.2 length=83 success_rate=1.00 collisions/ep=0.00 (n=24)
update=187 global_step=382976 SPS=63 m_ev=1.000 m_v_bias=0.9 m_kl_max=0.0102 mpc_ms=8.7/43 cand=0.000 w_ax@goal=+0.02 return=1008.0 length=83 success_rate=1.00 collisions/ep=0.00 (n=24)
update=188 global_step=385024 SPS=63 m_ev=0.998 m_v_bias=-0.6 m_kl_max=0.0193 mpc_ms=8.9/62 cand=0.000 w_ax@goal=+0.01 return=1007.9 length=81 success_rate=1.00 collisions/ep=0.00 (n=26)
update=189 global_step=387072 SPS=64 m_ev=0.999 m_v_bias=2.0 m_kl_max=0.0073 mpc_ms=8.8/34 cand=0.000 w_ax@goal=-0.03 return=1007.7 length=82 success_rate=1.00 collisions/ep=0.00 (n=26)
update=190 global_step=389120 SPS=64 m_ev=0.999 m_v_bias=0.8 m_kl_max=0.0213 mpc_ms=8.8/50 cand=0.000 w_ax@goal=-0.01 return=1008.0 length=84 success_rate=1.00 collisions/ep=0.00 (n=24)
Evaluation at update 190: return=1008.16, length=81.15, success_rate=1.00, collisions/ep=0.00
Solved-check at update 190: solved=False worst_gap=5.84 at p_x0=0.00 p_y0=-0.50 (consecutive=0)
update=191 global_step=391168 SPS=63 m_ev=1.000 m_v_bias=-0.6 m_kl_max=0.0082 mpc_ms=9.0/45 cand=0.000 w_ax@goal=+0.03 return=1008.5 length=84 success_rate=1.00 collisions/ep=0.00 (n=23)
update=192 global_step=393216 SPS=64 m_ev=1.000 m_v_bias=-0.0 m_kl_max=0.0079 mpc_ms=9.0/41 cand=0.000 w_ax@goal=-0.01 return=1008.3 length=82 success_rate=1.00 collisions/ep=0.00 (n=26)
update=193 global_step=395264 SPS=64 m_ev=1.000 m_v_bias=0.3 m_kl_max=0.0042 mpc_ms=8.8/33 cand=0.000 w_ax@goal=-0.01 return=1008.1 length=82 success_rate=1.00 collisions/ep=0.00 (n=26)
update=194 global_step=397312 SPS=64 m_ev=1.000 m_v_bias=0.7 m_kl_max=0.0134 mpc_ms=8.6/30 cand=0.000 w_ax@goal=-0.01 return=1008.4 length=84 success_rate=1.00 collisions/ep=0.00 (n=24)
update=195 global_step=399360 SPS=64 m_ev=1.000 m_v_bias=0.0 m_kl_max=0.0078 mpc_ms=9.0/37 cand=0.000 w_ax@goal=-0.02 return=1008.2 length=83 success_rate=1.00 collisions/ep=0.00 (n=26)
Evaluation at update 195: return=1008.16, length=81.15, success_rate=1.00, collisions/ep=0.00
Solved-check at update 195: solved=False worst_gap=5.84 at p_x0=0.00 p_y0=-0.50 (consecutive=0)
update=196 global_step=401408 SPS=64 m_ev=1.000 m_v_bias=-0.5 m_kl_max=0.0208 mpc_ms=9.1/39 cand=0.000 w_ax@goal=-0.00 return=1008.4 length=83 success_rate=1.00 collisions/ep=0.00 (n=24)
update=197 global_step=403456 SPS=64 m_ev=1.000 m_v_bias=-1.0 m_kl_max=0.0108 mpc_ms=8.8/39 cand=0.000 w_ax@goal=-0.01 return=1008.2 length=83 success_rate=1.00 collisions/ep=0.00 (n=24)
update=198 global_step=405504 SPS=64 m_ev=1.000 m_v_bias=0.1 m_kl_max=0.0062 mpc_ms=8.9/49 cand=0.000 w_ax@goal=-0.01 return=1008.1 length=83 success_rate=1.00 collisions/ep=0.00 (n=24)
update=199 global_step=407552 SPS=64 m_ev=1.000 m_v_bias=-0.2 m_kl_max=0.0035 mpc_ms=8.8/26 cand=0.000 w_ax@goal=+0.01 return=1008.2 length=84 success_rate=1.00 collisions/ep=0.00 (n=24)
update=200 global_step=409600 SPS=64 m_ev=1.000 m_v_bias=1.9 m_kl_max=0.0072 mpc_ms=8.7/41 cand=0.000 w_ax@goal=+0.01 return=1008.1 length=83 success_rate=1.00 collisions/ep=0.00 (n=24)
Evaluation at update 200: return=1008.16, length=81.15, success_rate=1.00, collisions/ep=0.00
Solved-check at update 200: solved=False worst_gap=5.84 at p_x0=0.00 p_y0=-0.50 (consecutive=0)
update=201 global_step=411648 SPS=64 m_ev=1.000 m_v_bias=1.4 m_kl_max=0.0131 mpc_ms=8.6/37 cand=0.000 w_ax@goal=-0.01 return=1008.1 length=83 success_rate=1.00 collisions/ep=0.00 (n=25)
update=202 global_step=413696 SPS=64 m_ev=1.000 m_v_bias=0.0 m_kl_max=0.0071 mpc_ms=8.7/55 cand=0.000 w_ax@goal=+0.02 return=1008.0 length=82 success_rate=1.00 collisions/ep=0.00 (n=27)
update=203 global_step=415744 SPS=64 m_ev=1.000 m_v_bias=-1.3 m_kl_max=0.0203 mpc_ms=8.8/41 cand=0.000 w_ax@goal=+0.01 return=1008.2 length=83 success_rate=1.00 collisions/ep=0.00 (n=24)
update=204 global_step=417792 SPS=64 m_ev=1.000 m_v_bias=-1.8 m_kl_max=0.0131 mpc_ms=9.1/36 cand=0.000 w_ax@goal=-0.02 return=1008.4 length=83 success_rate=1.00 collisions/ep=0.00 (n=24)
update=205 global_step=419840 SPS=65 m_ev=1.000 m_v_bias=1.5 m_kl_max=0.0170 mpc_ms=8.6/28 cand=0.000 w_ax@goal=-0.01 return=1008.3 length=84 success_rate=1.00 collisions/ep=0.00 (n=25)
Evaluation at update 205: return=1008.16, length=81.15, success_rate=1.00, collisions/ep=0.00
Solved-check at update 205: solved=False worst_gap=5.84 at p_x0=0.00 p_y0=-0.50 (consecutive=0)
update=206 global_step=421888 SPS=64 m_ev=1.000 m_v_bias=0.8 m_kl_max=0.0187 mpc_ms=8.6/37 cand=0.000 w_ax@goal=-0.01 return=1008.2 length=82 success_rate=1.00 collisions/ep=0.00 (n=23)
update=207 global_step=423936 SPS=64 m_ev=1.000 m_v_bias=1.3 m_kl_max=0.0277 mpc_ms=8.8/34 cand=0.000 w_ax@goal=+0.01 return=1008.4 length=84 success_rate=1.00 collisions/ep=0.00 (n=24)
update=208 global_step=425984 SPS=65 m_ev=1.000 m_v_bias=-0.2 m_kl_max=0.0086 mpc_ms=8.8/36 cand=0.000 w_ax@goal=+0.03 return=1008.3 length=83 success_rate=1.00 collisions/ep=0.00 (n=25)
update=209 global_step=428032 SPS=65 m_ev=1.000 m_v_bias=0.4 m_kl_max=0.0124 mpc_ms=8.9/32 cand=0.000 w_ax@goal=-0.01 return=1008.1 length=83 success_rate=1.00 collisions/ep=0.00 (n=25)
update=210 global_step=430080 SPS=65 m_ev=0.996 m_v_bias=2.7 m_kl_max=0.0220 mpc_ms=9.2/40 cand=0.000 w_ax@goal=+0.02 return=1007.6 length=83 success_rate=1.00 collisions/ep=0.00 (n=24)
Evaluation at update 210: return=1008.16, length=81.15, success_rate=1.00, collisions/ep=0.00
Solved-check at update 210: solved=False worst_gap=5.84 at p_x0=0.00 p_y0=-0.50 (consecutive=0)
update=211 global_step=432128 SPS=65 m_ev=0.994 m_v_bias=1.5 m_kl_max=0.0114 mpc_ms=8.9/44 cand=0.000 w_ax@goal=-0.01 return=1007.4 length=83 success_rate=1.00 collisions/ep=0.00 (n=24)
update=212 global_step=434176 SPS=65 m_ev=1.000 m_v_bias=-2.9 m_kl_max=0.0152 mpc_ms=9.4/68 cand=0.000 w_ax@goal=-0.00 return=1008.1 length=83 success_rate=1.00 collisions/ep=0.00 (n=25)
update=213 global_step=436224 SPS=65 m_ev=1.000 m_v_bias=-1.5 m_kl_max=0.0033 mpc_ms=9.1/45 cand=0.000 w_ax@goal=+0.01 return=1008.1 length=83 success_rate=1.00 collisions/ep=0.00 (n=26)
update=214 global_step=438272 SPS=65 m_ev=1.000 m_v_bias=-1.4 m_kl_max=0.0144 mpc_ms=8.5/26 cand=0.000 w_ax@goal=-0.00 return=1008.4 length=84 success_rate=1.00 collisions/ep=0.00 (n=26)
update=215 global_step=440320 SPS=65 m_ev=1.000 m_v_bias=0.1 m_kl_max=0.0091 mpc_ms=8.9/55 cand=0.000 w_ax@goal=-0.01 return=1008.1 length=82 success_rate=1.00 collisions/ep=0.00 (n=25)
Evaluation at update 215: return=1008.16, length=81.15, success_rate=1.00, collisions/ep=0.00
Solved-check at update 215: solved=False worst_gap=5.84 at p_x0=0.00 p_y0=-0.50 (consecutive=0)
update=216 global_step=442368 SPS=65 m_ev=1.000 m_v_bias=-0.3 m_kl_max=0.0096 mpc_ms=8.8/43 cand=0.000 w_ax@goal=+0.01 return=1008.2 length=84 success_rate=1.00 collisions/ep=0.00 (n=24)
update=217 global_step=444416 SPS=65 m_ev=1.000 m_v_bias=1.0 m_kl_max=0.0061 mpc_ms=8.8/45 cand=0.000 w_ax@goal=+0.00 return=1008.2 length=82 success_rate=1.00 collisions/ep=0.00 (n=26)
update=218 global_step=446464 SPS=65 m_ev=1.000 m_v_bias=-1.4 m_kl_max=0.0048 mpc_ms=8.8/33 cand=0.000 w_ax@goal=-0.00 return=1008.0 length=82 success_rate=1.00 collisions/ep=0.00 (n=24)
update=219 global_step=448512 SPS=65 m_ev=1.000 m_v_bias=-0.9 m_kl_max=0.0066 mpc_ms=9.3/36 cand=0.000 w_ax@goal=+0.00 return=1008.4 length=84 success_rate=1.00 collisions/ep=0.00 (n=23)
update=220 global_step=450560 SPS=65 m_ev=1.000 m_v_bias=-0.1 m_kl_max=0.0129 mpc_ms=8.9/41 cand=0.000 w_ax@goal=-0.01 return=1008.4 length=83 success_rate=1.00 collisions/ep=0.00 (n=25)
Evaluation at update 220: return=1008.16, length=81.15, success_rate=1.00, collisions/ep=0.00
Solved-check at update 220: solved=False worst_gap=5.84 at p_x0=0.00 p_y0=-0.50 (consecutive=0)
update=221 global_step=452608 SPS=65 m_ev=1.000 m_v_bias=-0.2 m_kl_max=0.0219 mpc_ms=8.9/33 cand=0.000 w_ax@goal=-0.02 return=1008.4 length=84 success_rate=1.00 collisions/ep=0.00 (n=24)
update=222 global_step=454656 SPS=65 m_ev=1.000 m_v_bias=0.6 m_kl_max=0.0269 mpc_ms=9.1/46 cand=0.000 w_ax@goal=+0.00 return=1008.6 length=85 success_rate=1.00 collisions/ep=0.00 (n=24)
update=223 global_step=456704 SPS=65 m_ev=1.000 m_v_bias=-0.9 m_kl_max=0.0067 mpc_ms=9.2/42 cand=0.000 w_ax@goal=+0.02 return=1008.4 length=84 success_rate=1.00 collisions/ep=0.00 (n=24)
update=224 global_step=458752 SPS=66 m_ev=1.000 m_v_bias=0.0 m_kl_max=0.0057 mpc_ms=8.9/46 cand=0.000 w_ax@goal=+0.05 return=1008.3 length=83 success_rate=1.00 collisions/ep=0.00 (n=25)
update=225 global_step=460800 SPS=66 m_ev=1.000 m_v_bias=0.7 m_kl_max=0.0135 mpc_ms=8.9/34 cand=0.000 w_ax@goal=-0.01 return=1008.5 length=84 success_rate=1.00 collisions/ep=0.00 (n=24)
Evaluation at update 225: return=1008.16, length=81.15, success_rate=1.00, collisions/ep=0.00
Solved-check at update 225: solved=False worst_gap=5.84 at p_x0=0.00 p_y0=-0.50 (consecutive=0)
update=226 global_step=462848 SPS=65 m_ev=0.999 m_v_bias=3.4 m_kl_max=0.0016 mpc_ms=9.2/55 cand=0.000 w_ax@goal=-0.02 return=1007.8 length=84 success_rate=1.00 collisions/ep=0.00 (n=26)
update=227 global_step=464896 SPS=66 m_ev=1.000 m_v_bias=-0.5 m_kl_max=0.0066 mpc_ms=9.2/52 cand=0.000 w_ax@goal=+0.01 return=1008.6 length=86 success_rate=1.00 collisions/ep=0.00 (n=24)
update=228 global_step=466944 SPS=66 m_ev=1.000 m_v_bias=0.4 m_kl_max=0.0074 mpc_ms=9.0/43 cand=0.000 w_ax@goal=+0.01 return=1008.4 length=84 success_rate=1.00 collisions/ep=0.00 (n=24)
update=229 global_step=468992 SPS=66 m_ev=1.000 m_v_bias=0.6 m_kl_max=0.0051 mpc_ms=9.1/45 cand=0.000 w_ax@goal=+0.01 return=1008.3 length=84 success_rate=1.00 collisions/ep=0.00 (n=24)
update=230 global_step=471040 SPS=66 m_ev=1.000 m_v_bias=-1.1 m_kl_max=0.0107 mpc_ms=9.0/33 cand=0.000 w_ax@goal=-0.03 return=1008.3 length=83 success_rate=1.00 collisions/ep=0.00 (n=25)
Evaluation at update 230: return=1008.16, length=81.15, success_rate=1.00, collisions/ep=0.00
Solved-check at update 230: solved=False worst_gap=5.84 at p_x0=0.00 p_y0=-0.50 (consecutive=0)
update=231 global_step=473088 SPS=66 m_ev=1.000 m_v_bias=-0.6 m_kl_max=0.0143 mpc_ms=8.7/37 cand=0.000 w_ax@goal=+0.01 return=1008.3 length=83 success_rate=1.00 collisions/ep=0.00 (n=24)
update=232 global_step=475136 SPS=66 m_ev=1.000 m_v_bias=0.7 m_kl_max=0.0163 mpc_ms=8.8/48 cand=0.000 w_ax@goal=+0.02 return=1008.1 length=83 success_rate=1.00 collisions/ep=0.00 (n=25)
update=233 global_step=477184 SPS=66 m_ev=1.000 m_v_bias=-1.1 m_kl_max=0.0050 mpc_ms=9.1/45 cand=0.000 w_ax@goal=+0.02 return=1008.5 length=85 success_rate=1.00 collisions/ep=0.00 (n=24)
update=234 global_step=479232 SPS=66 m_ev=1.000 m_v_bias=0.2 m_kl_max=0.0036 mpc_ms=8.7/33 cand=0.000 w_ax@goal=-0.00 return=1008.4 length=85 success_rate=1.00 collisions/ep=0.00 (n=24)
update=235 global_step=481280 SPS=66 m_ev=1.000 m_v_bias=-0.5 m_kl_max=0.0042 mpc_ms=9.2/37 cand=0.000 w_ax@goal=+0.01 return=1007.9 length=82 success_rate=1.00 collisions/ep=0.00 (n=24)
Evaluation at update 235: return=1008.16, length=81.15, success_rate=1.00, collisions/ep=0.00
Solved-check at update 235: solved=False worst_gap=5.84 at p_x0=0.00 p_y0=-0.50 (consecutive=0)
update=236 global_step=483328 SPS=66 m_ev=0.993 m_v_bias=1.1 m_kl_max=0.0063 mpc_ms=7.0/61 cand=0.000 w_ax@goal=-0.00 return=1007.3 length=83 success_rate=1.00 collisions/ep=0.00 (n=25)
update=237 global_step=485376 SPS=66 m_ev=0.999 m_v_bias=0.2 m_kl_max=0.0125 mpc_ms=5.9/34 cand=0.000 w_ax@goal=+0.00 return=1008.0 length=82 success_rate=1.00 collisions/ep=0.00 (n=26)
update=238 global_step=487424 SPS=66 m_ev=1.000 m_v_bias=-0.3 m_kl_max=0.0058 mpc_ms=5.4/23 cand=0.000 w_ax@goal=-0.04 return=1008.2 length=82 success_rate=1.00 collisions/ep=0.00 (n=24)
update=239 global_step=489472 SPS=66 m_ev=1.000 m_v_bias=-0.0 m_kl_max=0.0039 mpc_ms=4.6/23 cand=0.000 w_ax@goal=-0.01 return=1008.1 length=83 success_rate=1.00 collisions/ep=0.00 (n=25)
update=240 global_step=491520 SPS=67 m_ev=0.996 m_v_bias=0.9 m_kl_max=0.0139 mpc_ms=4.7/26 cand=0.000 w_ax@goal=+0.02 return=1007.6 length=84 success_rate=1.00 collisions/ep=0.00 (n=27)
Evaluation at update 240: return=1008.16, length=81.15, success_rate=1.00, collisions/ep=0.00
Solved-check at update 240: solved=False worst_gap=5.84 at p_x0=0.00 p_y0=-0.50 (consecutive=0)
update=241 global_step=493568 SPS=67 m_ev=0.999 m_v_bias=2.1 m_kl_max=0.0203 mpc_ms=6.3/42 cand=0.000 w_ax@goal=+0.04 return=1008.2 length=83 success_rate=1.00 collisions/ep=0.00 (n=24)
update=242 global_step=495616 SPS=67 m_ev=1.000 m_v_bias=1.7 m_kl_max=0.0233 mpc_ms=5.1/32 cand=0.000 w_ax@goal=+0.01 return=1008.4 length=84 success_rate=1.00 collisions/ep=0.00 (n=24)
update=243 global_step=497664 SPS=67 m_ev=1.000 m_v_bias=0.0 m_kl_max=0.0157 mpc_ms=4.9/26 cand=0.000 w_ax@goal=+0.01 return=1008.4 length=85 success_rate=1.00 collisions/ep=0.00 (n=24)
update=244 global_step=499712 SPS=67 m_ev=1.000 m_v_bias=1.2 m_kl_max=0.0151 mpc_ms=4.9/30 cand=0.000 w_ax@goal=+0.01 return=1008.2 length=85 success_rate=1.00 collisions/ep=0.00 (n=24)
Saved checkpoints to C:\Users\loren\Desktop\MASTER THESIS\5_CODE\scenarios\slalom\studies\disturbed_0.005_0.05\ppo_mpc\runs\ppo_mpc_slalom_4_1790614349
