Using device: cpu
Solved-check: precomputed optimal returns for 25 fixed initial conditions (mean=1013.0, min=1011.0, max=1015.0); solved-tolerance=5.0
batch_size=1024 minibatch_size=256 num_updates=200 timesteps=204800
update=1 global_step=1024 SPS=1252 ev=0.000 v_bias=29.5 return=768.0 length=127 success_rate=1.00 collisions/ep=4.00 (n=1)
update=2 global_step=2048 SPS=1308 ev=0.274 v_bias=12.4 return=-419.8 length=196 success_rate=0.14 collisions/ep=7.86 (n=7)
update=3 global_step=3072 SPS=1320 ev=0.500 v_bias=-24.0 return=372.7 length=138 success_rate=0.80 collisions/ep=7.20 (n=5)
update=4 global_step=4096 SPS=1329 ev=0.807 v_bias=0.4 return=-249.2 length=185 success_rate=0.17 collisions/ep=4.83 (n=6)
update=5 global_step=5120 SPS=1342 ev=0.900 v_bias=5.9 return=-291.3 length=198 success_rate=0.17 collisions/ep=5.17 (n=6)
update=6 global_step=6144 SPS=1316 ev=0.859 v_bias=-3.7 return=-127.6 length=174 success_rate=0.25 collisions/ep=4.25 (n=4)
update=7 global_step=7168 SPS=1351 ev=0.928 v_bias=-23.0 return=-52.0 length=181 success_rate=0.29 collisions/ep=3.71 (n=7)
update=8 global_step=8192 SPS=1390 ev=0.964 v_bias=-14.8 return=229.7 length=158 success_rate=0.57 collisions/ep=4.57 (n=7)
update=9 global_step=9216 SPS=1398 ev=0.972 v_bias=-36.5 return=251.9 length=142 success_rate=0.67 collisions/ep=6.50 (n=6)
update=10 global_step=10240 SPS=1406 ev=0.963 v_bias=-59.4 return=614.1 length=150 success_rate=0.80 collisions/ep=2.50 (n=10)
Evaluation at update 10: return=563.73, length=84.50, success_rate=1.00, collisions/ep=8.85
Solved-check at update 10: solved=False worst_gap=506.97 at p_x0=1.50 p_y0=-1.00 (consecutive=0)
update=11 global_step=11264 SPS=796 ev=0.949 v_bias=-36.8 return=811.4 length=103 success_rate=1.00 collisions/ep=3.50 (n=10)
update=12 global_step=12288 SPS=831 ev=0.969 v_bias=-28.7 return=778.2 length=87 success_rate=1.00 collisions/ep=4.55 (n=11)
update=13 global_step=13312 SPS=859 ev=0.979 v_bias=-20.5 return=810.1 length=87 success_rate=1.00 collisions/ep=3.85 (n=13)
update=14 global_step=14336 SPS=885 ev=0.960 v_bias=-4.8 return=754.2 length=83 success_rate=1.00 collisions/ep=5.09 (n=11)
update=15 global_step=15360 SPS=914 ev=0.980 v_bias=-18.2 return=783.8 length=84 success_rate=1.00 collisions/ep=4.46 (n=13)
update=16 global_step=16384 SPS=936 ev=0.979 v_bias=-10.1 return=811.6 length=83 success_rate=1.00 collisions/ep=3.92 (n=12)
update=17 global_step=17408 SPS=959 ev=0.975 v_bias=-9.6 return=862.3 length=83 success_rate=1.00 collisions/ep=2.93 (n=14)
update=18 global_step=18432 SPS=981 ev=0.942 v_bias=-0.8 return=840.3 length=85 success_rate=1.00 collisions/ep=3.36 (n=11)
update=19 global_step=19456 SPS=1002 ev=0.982 v_bias=-5.5 return=892.9 length=83 success_rate=1.00 collisions/ep=2.38 (n=13)
update=20 global_step=20480 SPS=1019 ev=0.980 v_bias=-5.2 return=884.6 length=86 success_rate=1.00 collisions/ep=2.45 (n=11)
Evaluation at update 20: return=963.41, length=79.85, success_rate=1.00, collisions/ep=0.95
Solved-check at update 20: solved=False worst_gap=451.60 at p_x0=2.00 p_y0=-1.00 (consecutive=0)
update=21 global_step=21504 SPS=835 ev=0.982 v_bias=-13.9 return=913.1 length=82 success_rate=1.00 collisions/ep=1.91 (n=11)
update=22 global_step=22528 SPS=854 ev=0.972 v_bias=0.7 return=929.5 length=83 success_rate=1.00 collisions/ep=1.62 (n=13)
update=23 global_step=23552 SPS=871 ev=0.972 v_bias=-2.5 return=880.0 length=81 success_rate=1.00 collisions/ep=2.60 (n=15)
update=24 global_step=24576 SPS=885 ev=0.970 v_bias=1.9 return=922.9 length=79 success_rate=1.00 collisions/ep=1.75 (n=12)
update=25 global_step=25600 SPS=901 ev=0.990 v_bias=-10.2 return=931.0 length=78 success_rate=1.00 collisions/ep=1.67 (n=12)
update=26 global_step=26624 SPS=910 ev=0.987 v_bias=-3.6 return=957.4 length=80 success_rate=1.00 collisions/ep=1.14 (n=14)
update=27 global_step=27648 SPS=914 ev=0.991 v_bias=-13.0 return=983.9 length=81 success_rate=1.00 collisions/ep=0.55 (n=11)
update=28 global_step=28672 SPS=924 ev=0.992 v_bias=-7.2 return=981.6 length=81 success_rate=1.00 collisions/ep=0.67 (n=15)
update=29 global_step=29696 SPS=937 ev=0.944 v_bias=4.5 return=952.7 length=82 success_rate=1.00 collisions/ep=1.17 (n=12)
update=30 global_step=30720 SPS=952 ev=0.982 v_bias=-2.1 return=949.5 length=81 success_rate=1.00 collisions/ep=1.25 (n=12)
Evaluation at update 30: return=1011.84, length=78.85, success_rate=1.00, collisions/ep=0.00
Solved-check at update 30: solved=False worst_gap=50.82 at p_x0=2.00 p_y0=-1.00 (consecutive=0)
update=31 global_step=31744 SPS=817 ev=0.993 v_bias=-4.4 return=989.1 length=78 success_rate=1.00 collisions/ep=0.50 (n=14)
update=32 global_step=32768 SPS=829 ev=0.991 v_bias=-2.3 return=992.8 length=80 success_rate=1.00 collisions/ep=0.45 (n=11)
update=33 global_step=33792 SPS=838 ev=0.985 v_bias=0.7 return=961.3 length=81 success_rate=1.00 collisions/ep=1.00 (n=13)
update=34 global_step=34816 SPS=846 ev=0.997 v_bias=-1.9 return=1011.4 length=83 success_rate=1.00 collisions/ep=0.00 (n=12)
update=35 global_step=35840 SPS=855 ev=0.998 v_bias=-2.8 return=1003.7 length=82 success_rate=1.00 collisions/ep=0.15 (n=13)
update=36 global_step=36864 SPS=861 ev=0.998 v_bias=-2.6 return=1004.2 length=81 success_rate=1.00 collisions/ep=0.14 (n=14)
update=37 global_step=37888 SPS=867 ev=0.999 v_bias=-2.3 return=1012.3 length=81 success_rate=1.00 collisions/ep=0.00 (n=12)
update=38 global_step=38912 SPS=873 ev=0.997 v_bias=0.8 return=1004.0 length=81 success_rate=1.00 collisions/ep=0.25 (n=12)
update=39 global_step=39936 SPS=879 ev=0.993 v_bias=2.8 return=988.8 length=79 success_rate=1.00 collisions/ep=0.47 (n=15)
update=40 global_step=40960 SPS=891 ev=0.998 v_bias=-1.4 return=1002.3 length=81 success_rate=1.00 collisions/ep=0.20 (n=10)
Evaluation at update 40: return=1012.34, length=78.30, success_rate=1.00, collisions/ep=0.00
Solved-check at update 40: solved=True worst_gap=0.97 at p_x0=0.00 p_y0=1.00 (consecutive=0)
update=41 global_step=41984 SPS=797 ev=0.999 v_bias=-2.0 return=1011.9 length=78 success_rate=1.00 collisions/ep=0.00 (n=15)
update=42 global_step=43008 SPS=805 ev=0.999 v_bias=-2.0 return=1011.4 length=76 success_rate=1.00 collisions/ep=0.00 (n=14)
update=43 global_step=44032 SPS=814 ev=0.997 v_bias=1.4 return=998.3 length=80 success_rate=1.00 collisions/ep=0.27 (n=11)
update=44 global_step=45056 SPS=823 ev=0.998 v_bias=-0.2 return=1002.3 length=80 success_rate=1.00 collisions/ep=0.20 (n=15)
update=45 global_step=46080 SPS=832 ev=0.997 v_bias=-0.1 return=1001.7 length=76 success_rate=1.00 collisions/ep=0.20 (n=10)
update=46 global_step=47104 SPS=841 ev=0.994 v_bias=2.5 return=997.6 length=79 success_rate=1.00 collisions/ep=0.29 (n=14)
update=47 global_step=48128 SPS=849 ev=0.999 v_bias=-1.8 return=1005.1 length=79 success_rate=1.00 collisions/ep=0.13 (n=15)
update=48 global_step=49152 SPS=855 ev=0.999 v_bias=-1.6 return=1006.5 length=79 success_rate=1.00 collisions/ep=0.10 (n=10)
update=49 global_step=50176 SPS=860 ev=1.000 v_bias=-0.7 return=1012.1 length=80 success_rate=1.00 collisions/ep=0.00 (n=15)
update=50 global_step=51200 SPS=865 ev=0.999 v_bias=-0.7 return=1011.4 length=78 success_rate=1.00 collisions/ep=0.00 (n=12)
Evaluation at update 50: return=1012.57, length=78.10, success_rate=1.00, collisions/ep=0.00
Solved-check at update 50: solved=True worst_gap=0.67 at p_x0=0.00 p_y0=1.00 (consecutive=1)
Solved criterion held for 2 consecutive evals (tolerance=5.0) at global_step=51200.
update=51 global_step=52224 SPS=791 ev=0.999 v_bias=0.5 return=1008.3 length=79 success_rate=1.00 collisions/ep=0.08 (n=13)
update=52 global_step=53248 SPS=798 ev=0.996 v_bias=2.1 return=1001.9 length=77 success_rate=1.00 collisions/ep=0.20 (n=15)
update=53 global_step=54272 SPS=805 ev=1.000 v_bias=-0.7 return=1012.3 length=78 success_rate=1.00 collisions/ep=0.00 (n=11)
update=54 global_step=55296 SPS=811 ev=0.996 v_bias=1.6 return=1009.7 length=82 success_rate=1.00 collisions/ep=0.07 (n=14)
update=55 global_step=56320 SPS=818 ev=1.000 v_bias=-1.5 return=1004.9 length=82 success_rate=1.00 collisions/ep=0.17 (n=12)
update=56 global_step=57344 SPS=826 ev=0.993 v_bias=0.7 return=999.9 length=78 success_rate=1.00 collisions/ep=0.25 (n=12)
update=57 global_step=58368 SPS=832 ev=0.996 v_bias=0.0 return=1009.3 length=76 success_rate=1.00 collisions/ep=0.07 (n=15)
update=58 global_step=59392 SPS=839 ev=0.999 v_bias=-0.9 return=1000.5 length=79 success_rate=1.00 collisions/ep=0.25 (n=12)
update=59 global_step=60416 SPS=846 ev=0.994 v_bias=0.8 return=997.6 length=79 success_rate=1.00 collisions/ep=0.31 (n=13)
update=60 global_step=61440 SPS=852 ev=1.000 v_bias=-1.7 return=1012.7 length=78 success_rate=1.00 collisions/ep=0.00 (n=14)
Evaluation at update 60: return=1012.81, length=77.80, success_rate=1.00, collisions/ep=0.00
Solved-check at update 60: solved=True worst_gap=0.36 at p_x0=0.00 p_y0=1.00 (consecutive=2)
update=61 global_step=62464 SPS=802 ev=0.998 v_bias=0.5 return=1008.4 length=77 success_rate=1.00 collisions/ep=0.08 (n=13)
update=62 global_step=63488 SPS=808 ev=1.000 v_bias=-0.8 return=1009.0 length=79 success_rate=1.00 collisions/ep=0.08 (n=13)
update=63 global_step=64512 SPS=814 ev=1.000 v_bias=-0.8 return=1012.6 length=78 success_rate=1.00 collisions/ep=0.00 (n=13)
update=64 global_step=65536 SPS=821 ev=0.998 v_bias=0.9 return=1009.4 length=79 success_rate=1.00 collisions/ep=0.08 (n=13)
update=65 global_step=66560 SPS=827 ev=0.996 v_bias=2.0 return=997.7 length=78 success_rate=1.00 collisions/ep=0.31 (n=13)
update=66 global_step=67584 SPS=833 ev=1.000 v_bias=-0.6 return=1012.8 length=79 success_rate=1.00 collisions/ep=0.00 (n=12)
update=67 global_step=68608 SPS=838 ev=0.999 v_bias=-0.2 return=1008.9 length=77 success_rate=1.00 collisions/ep=0.07 (n=14)
update=68 global_step=69632 SPS=844 ev=1.000 v_bias=-0.7 return=1012.6 length=77 success_rate=1.00 collisions/ep=0.00 (n=14)
update=69 global_step=70656 SPS=850 ev=0.999 v_bias=0.1 return=1008.4 length=77 success_rate=1.00 collisions/ep=0.08 (n=12)
update=70 global_step=71680 SPS=857 ev=0.999 v_bias=0.4 return=1009.7 length=80 success_rate=1.00 collisions/ep=0.29 (n=14)
Evaluation at update 70: return=1012.86, length=77.75, success_rate=1.00, collisions/ep=0.00
Solved-check at update 70: solved=True worst_gap=0.29 at p_x0=0.00 p_y0=1.00 (consecutive=3)
update=71 global_step=72704 SPS=811 ev=0.998 v_bias=0.8 return=1004.5 length=78 success_rate=1.00 collisions/ep=0.17 (n=12)
update=72 global_step=73728 SPS=817 ev=1.000 v_bias=-0.4 return=1012.6 length=77 success_rate=1.00 collisions/ep=0.00 (n=14)
update=73 global_step=74752 SPS=822 ev=1.000 v_bias=-0.8 return=1013.0 length=80 success_rate=1.00 collisions/ep=0.00 (n=13)
update=74 global_step=75776 SPS=827 ev=1.000 v_bias=-0.8 return=1012.7 length=78 success_rate=1.00 collisions/ep=0.00 (n=12)
update=75 global_step=76800 SPS=832 ev=1.000 v_bias=-0.5 return=1012.5 length=76 success_rate=1.00 collisions/ep=0.00 (n=15)
update=76 global_step=77824 SPS=837 ev=1.000 v_bias=-0.3 return=1012.8 length=78 success_rate=1.00 collisions/ep=0.00 (n=13)
update=77 global_step=78848 SPS=841 ev=1.000 v_bias=-0.1 return=1013.1 length=79 success_rate=1.00 collisions/ep=0.00 (n=11)
update=78 global_step=79872 SPS=846 ev=1.000 v_bias=-0.1 return=1013.5 length=80 success_rate=1.00 collisions/ep=0.00 (n=15)
update=79 global_step=80896 SPS=852 ev=0.997 v_bias=2.4 return=1000.5 length=79 success_rate=1.00 collisions/ep=0.58 (n=12)
update=80 global_step=81920 SPS=855 ev=0.999 v_bias=-0.5 return=1009.4 length=78 success_rate=1.00 collisions/ep=0.07 (n=14)
Evaluation at update 80: return=1012.96, length=77.70, success_rate=1.00, collisions/ep=0.00
Solved-check at update 80: solved=True worst_gap=0.18 at p_x0=0.00 p_y0=1.00 (consecutive=4)
update=81 global_step=82944 SPS=815 ev=1.000 v_bias=-0.3 return=1013.5 length=81 success_rate=1.00 collisions/ep=0.08 (n=12)
update=82 global_step=83968 SPS=820 ev=0.999 v_bias=0.3 return=1009.5 length=79 success_rate=1.00 collisions/ep=0.08 (n=13)
update=83 global_step=84992 SPS=824 ev=1.000 v_bias=-0.3 return=1013.2 length=78 success_rate=1.00 collisions/ep=0.00 (n=12)
update=84 global_step=86016 SPS=828 ev=1.000 v_bias=-0.0 return=1013.5 length=81 success_rate=1.00 collisions/ep=0.00 (n=12)
update=85 global_step=87040 SPS=833 ev=1.000 v_bias=-0.4 return=1012.9 length=79 success_rate=1.00 collisions/ep=0.00 (n=15)
update=86 global_step=88064 SPS=836 ev=1.000 v_bias=-0.2 return=1012.9 length=78 success_rate=1.00 collisions/ep=0.00 (n=14)
update=87 global_step=89088 SPS=841 ev=1.000 v_bias=0.1 return=1012.6 length=77 success_rate=1.00 collisions/ep=0.00 (n=12)
update=88 global_step=90112 SPS=846 ev=1.000 v_bias=0.1 return=1013.2 length=80 success_rate=1.00 collisions/ep=0.00 (n=14)
update=89 global_step=91136 SPS=850 ev=1.000 v_bias=-0.6 return=1013.0 length=79 success_rate=1.00 collisions/ep=0.00 (n=11)
update=90 global_step=92160 SPS=854 ev=1.000 v_bias=0.2 return=1013.5 length=81 success_rate=1.00 collisions/ep=0.00 (n=13)
Evaluation at update 90: return=1013.01, length=77.65, success_rate=1.00, collisions/ep=0.00
Solved-check at update 90: solved=True worst_gap=0.13 at p_x0=0.00 p_y0=1.00 (consecutive=5)
update=91 global_step=93184 SPS=817 ev=0.999 v_bias=0.6 return=1009.9 length=79 success_rate=1.00 collisions/ep=0.07 (n=15)
update=92 global_step=94208 SPS=821 ev=1.000 v_bias=-0.4 return=1013.3 length=80 success_rate=1.00 collisions/ep=0.00 (n=12)
update=93 global_step=95232 SPS=825 ev=1.000 v_bias=-0.3 return=1013.6 length=81 success_rate=1.00 collisions/ep=0.00 (n=13)
update=94 global_step=96256 SPS=829 ev=0.998 v_bias=1.2 return=1013.3 length=78 success_rate=1.00 collisions/ep=0.00 (n=12)
update=95 global_step=97280 SPS=833 ev=1.000 v_bias=-0.6 return=1005.9 length=81 success_rate=1.00 collisions/ep=0.15 (n=13)
update=96 global_step=98304 SPS=837 ev=1.000 v_bias=-0.5 return=1012.9 length=77 success_rate=1.00 collisions/ep=0.00 (n=14)
update=97 global_step=99328 SPS=840 ev=1.000 v_bias=-0.6 return=1013.2 length=79 success_rate=1.00 collisions/ep=0.00 (n=12)
update=98 global_step=100352 SPS=844 ev=0.999 v_bias=0.7 return=1009.2 length=80 success_rate=1.00 collisions/ep=0.08 (n=12)
update=99 global_step=101376 SPS=847 ev=0.999 v_bias=0.4 return=1010.0 length=80 success_rate=1.00 collisions/ep=0.07 (n=15)
update=100 global_step=102400 SPS=850 ev=1.000 v_bias=-0.6 return=1012.5 length=76 success_rate=1.00 collisions/ep=0.00 (n=11)
Evaluation at update 100: return=1013.02, length=77.65, success_rate=1.00, collisions/ep=0.00
Solved-check at update 100: solved=True worst_gap=0.13 at p_x0=0.00 p_y0=1.00 (consecutive=6)
update=101 global_step=103424 SPS=818 ev=0.998 v_bias=1.2 return=1005.7 length=78 success_rate=1.00 collisions/ep=0.14 (n=14)
update=102 global_step=104448 SPS=821 ev=0.999 v_bias=0.1 return=1009.6 length=78 success_rate=1.00 collisions/ep=0.07 (n=15)
update=103 global_step=105472 SPS=825 ev=0.998 v_bias=0.6 return=1008.8 length=80 success_rate=1.00 collisions/ep=0.18 (n=11)
update=104 global_step=106496 SPS=829 ev=0.999 v_bias=-0.0 return=1006.0 length=78 success_rate=1.00 collisions/ep=0.14 (n=14)
update=105 global_step=107520 SPS=832 ev=1.000 v_bias=-1.0 return=1013.1 length=78 success_rate=1.00 collisions/ep=0.00 (n=15)
update=106 global_step=108544 SPS=836 ev=1.000 v_bias=-0.9 return=1013.3 length=79 success_rate=1.00 collisions/ep=0.10 (n=10)
update=107 global_step=109568 SPS=839 ev=1.000 v_bias=-0.6 return=1013.1 length=78 success_rate=1.00 collisions/ep=0.00 (n=14)
update=108 global_step=110592 SPS=842 ev=1.000 v_bias=-0.6 return=1012.9 length=77 success_rate=1.00 collisions/ep=0.00 (n=13)
update=109 global_step=111616 SPS=843 ev=0.998 v_bias=1.2 return=1009.5 length=81 success_rate=1.00 collisions/ep=0.17 (n=12)
update=110 global_step=112640 SPS=846 ev=0.999 v_bias=0.5 return=1009.9 length=80 success_rate=1.00 collisions/ep=0.21 (n=14)
Evaluation at update 110: return=1013.05, length=77.65, success_rate=1.00, collisions/ep=0.00
Solved-check at update 110: solved=True worst_gap=0.10 at p_x0=0.00 p_y0=1.00 (consecutive=7)
update=111 global_step=113664 SPS=817 ev=1.000 v_bias=-0.7 return=1009.1 length=76 success_rate=1.00 collisions/ep=0.14 (n=14)
update=112 global_step=114688 SPS=820 ev=1.000 v_bias=-0.4 return=1013.3 length=79 success_rate=1.00 collisions/ep=0.00 (n=12)
update=113 global_step=115712 SPS=823 ev=1.000 v_bias=0.1 return=1013.9 length=82 success_rate=1.00 collisions/ep=0.00 (n=12)
update=114 global_step=116736 SPS=827 ev=1.000 v_bias=-0.2 return=1013.4 length=79 success_rate=1.00 collisions/ep=0.08 (n=13)
update=115 global_step=117760 SPS=830 ev=0.999 v_bias=1.0 return=1009.7 length=78 success_rate=1.00 collisions/ep=0.27 (n=15)
update=116 global_step=118784 SPS=833 ev=1.000 v_bias=-0.6 return=1013.7 length=82 success_rate=1.00 collisions/ep=0.09 (n=11)
update=117 global_step=119808 SPS=835 ev=0.998 v_bias=0.9 return=1013.3 length=78 success_rate=1.00 collisions/ep=0.00 (n=13)
update=118 global_step=120832 SPS=839 ev=0.999 v_bias=-0.3 return=1001.9 length=79 success_rate=1.00 collisions/ep=0.23 (n=13)
update=119 global_step=121856 SPS=842 ev=0.999 v_bias=-0.1 return=1009.5 length=79 success_rate=1.00 collisions/ep=0.15 (n=13)
update=120 global_step=122880 SPS=845 ev=1.000 v_bias=-0.8 return=1013.0 length=77 success_rate=1.00 collisions/ep=0.07 (n=14)
Evaluation at update 120: return=1013.08, length=77.65, success_rate=1.00, collisions/ep=0.00
Solved-check at update 120: solved=True worst_gap=0.07 at p_x0=0.00 p_y0=1.00 (consecutive=8)
update=121 global_step=123904 SPS=816 ev=1.000 v_bias=-0.3 return=1012.9 length=77 success_rate=1.00 collisions/ep=0.00 (n=13)
update=122 global_step=124928 SPS=820 ev=0.999 v_bias=0.7 return=1009.1 length=78 success_rate=1.00 collisions/ep=0.08 (n=12)
update=123 global_step=125952 SPS=823 ev=1.000 v_bias=-0.0 return=1013.0 length=78 success_rate=1.00 collisions/ep=0.00 (n=14)
update=124 global_step=126976 SPS=826 ev=0.999 v_bias=0.9 return=1010.1 length=82 success_rate=1.00 collisions/ep=0.08 (n=13)
update=125 global_step=128000 SPS=829 ev=0.999 v_bias=0.3 return=1009.4 length=81 success_rate=1.00 collisions/ep=0.25 (n=12)
update=126 global_step=129024 SPS=832 ev=0.997 v_bias=0.2 return=1005.9 length=78 success_rate=1.00 collisions/ep=0.14 (n=14)
update=127 global_step=130048 SPS=836 ev=1.000 v_bias=-0.9 return=1013.3 length=79 success_rate=1.00 collisions/ep=0.00 (n=12)
update=128 global_step=131072 SPS=839 ev=1.000 v_bias=-1.1 return=1013.2 length=78 success_rate=1.00 collisions/ep=0.00 (n=14)
update=129 global_step=132096 SPS=841 ev=1.000 v_bias=-0.5 return=1013.1 length=78 success_rate=1.00 collisions/ep=0.00 (n=12)
update=130 global_step=133120 SPS=843 ev=1.000 v_bias=-0.6 return=1013.2 length=78 success_rate=1.00 collisions/ep=0.00 (n=14)
Evaluation at update 130: return=1013.07, length=77.65, success_rate=1.00, collisions/ep=0.00
Solved-check at update 130: solved=True worst_gap=0.07 at p_x0=0.00 p_y0=1.00 (consecutive=9)
update=131 global_step=134144 SPS=818 ev=1.000 v_bias=0.0 return=1013.4 length=80 success_rate=1.00 collisions/ep=0.00 (n=12)
update=132 global_step=135168 SPS=821 ev=1.000 v_bias=-0.0 return=1013.6 length=81 success_rate=1.00 collisions/ep=0.00 (n=13)
update=133 global_step=136192 SPS=824 ev=1.000 v_bias=0.0 return=1013.2 length=78 success_rate=1.00 collisions/ep=0.00 (n=14)
update=134 global_step=137216 SPS=827 ev=0.999 v_bias=0.6 return=1009.0 length=79 success_rate=1.00 collisions/ep=0.08 (n=12)
update=135 global_step=138240 SPS=830 ev=1.000 v_bias=0.0 return=1013.2 length=79 success_rate=1.00 collisions/ep=0.00 (n=13)
update=136 global_step=139264 SPS=834 ev=0.999 v_bias=0.8 return=1009.7 length=79 success_rate=1.00 collisions/ep=0.14 (n=14)
update=137 global_step=140288 SPS=837 ev=1.000 v_bias=-0.6 return=1013.7 length=81 success_rate=1.00 collisions/ep=0.00 (n=10)
update=138 global_step=141312 SPS=840 ev=1.000 v_bias=-0.5 return=1013.2 length=78 success_rate=1.00 collisions/ep=0.00 (n=15)
update=139 global_step=142336 SPS=843 ev=1.000 v_bias=-0.3 return=1013.1 length=78 success_rate=1.00 collisions/ep=0.00 (n=13)
update=140 global_step=143360 SPS=846 ev=1.000 v_bias=-0.5 return=1013.6 length=81 success_rate=1.00 collisions/ep=0.00 (n=13)
Evaluation at update 140: return=1013.11, length=77.65, success_rate=1.00, collisions/ep=0.00
Solved-check at update 140: solved=True worst_gap=0.03 at p_x0=0.00 p_y0=1.00 (consecutive=10)
update=141 global_step=144384 SPS=821 ev=1.000 v_bias=-0.4 return=1013.1 length=78 success_rate=1.00 collisions/ep=0.00 (n=13)
update=142 global_step=145408 SPS=824 ev=1.000 v_bias=-0.2 return=1013.0 length=77 success_rate=1.00 collisions/ep=0.00 (n=12)
update=143 global_step=146432 SPS=827 ev=1.000 v_bias=0.1 return=1013.3 length=78 success_rate=1.00 collisions/ep=0.07 (n=15)
update=144 global_step=147456 SPS=830 ev=1.000 v_bias=0.2 return=1013.6 length=79 success_rate=1.00 collisions/ep=0.00 (n=12)
update=145 global_step=148480 SPS=832 ev=1.000 v_bias=-0.1 return=1014.0 length=82 success_rate=1.00 collisions/ep=0.00 (n=12)
update=146 global_step=149504 SPS=835 ev=1.000 v_bias=-0.1 return=1013.4 length=79 success_rate=1.00 collisions/ep=0.00 (n=13)
update=147 global_step=150528 SPS=837 ev=1.000 v_bias=0.3 return=1013.3 length=78 success_rate=1.00 collisions/ep=0.00 (n=13)
update=148 global_step=151552 SPS=839 ev=1.000 v_bias=0.0 return=1012.7 length=75 success_rate=1.00 collisions/ep=0.00 (n=14)
update=149 global_step=152576 SPS=841 ev=0.999 v_bias=0.8 return=1009.7 length=77 success_rate=1.00 collisions/ep=0.07 (n=15)
update=150 global_step=153600 SPS=844 ev=1.000 v_bias=-0.4 return=1013.0 length=77 success_rate=1.00 collisions/ep=0.00 (n=11)
Evaluation at update 150: return=1013.12, length=77.60, success_rate=1.00, collisions/ep=0.00
Solved-check at update 150: solved=True worst_gap=0.02 at p_x0=0.00 p_y0=1.00 (consecutive=11)
update=151 global_step=154624 SPS=822 ev=0.999 v_bias=0.6 return=1009.5 length=78 success_rate=1.00 collisions/ep=0.07 (n=14)
update=152 global_step=155648 SPS=825 ev=1.000 v_bias=-0.7 return=1012.8 length=76 success_rate=1.00 collisions/ep=0.00 (n=13)
update=153 global_step=156672 SPS=826 ev=1.000 v_bias=-0.4 return=1013.3 length=78 success_rate=1.00 collisions/ep=0.00 (n=14)
update=154 global_step=157696 SPS=828 ev=1.000 v_bias=0.1 return=1012.8 length=76 success_rate=1.00 collisions/ep=0.00 (n=13)
update=155 global_step=158720 SPS=831 ev=0.997 v_bias=1.1 return=1013.2 length=78 success_rate=1.00 collisions/ep=0.00 (n=13)
update=156 global_step=159744 SPS=833 ev=1.000 v_bias=-0.4 return=1005.4 length=77 success_rate=1.00 collisions/ep=0.15 (n=13)
update=157 global_step=160768 SPS=836 ev=1.000 v_bias=-0.1 return=1013.1 length=78 success_rate=1.00 collisions/ep=0.00 (n=13)
update=158 global_step=161792 SPS=838 ev=1.000 v_bias=-0.1 return=1013.3 length=79 success_rate=1.00 collisions/ep=0.00 (n=12)
update=159 global_step=162816 SPS=840 ev=1.000 v_bias=-0.2 return=1014.1 length=82 success_rate=1.00 collisions/ep=0.00 (n=14)
update=160 global_step=163840 SPS=843 ev=1.000 v_bias=-0.1 return=1013.4 length=79 success_rate=1.00 collisions/ep=0.00 (n=13)
Evaluation at update 160: return=1013.12, length=77.60, success_rate=1.00, collisions/ep=0.00
Solved-check at update 160: solved=True worst_gap=0.02 at p_x0=0.00 p_y0=1.00 (consecutive=12)
update=161 global_step=164864 SPS=824 ev=1.000 v_bias=0.1 return=1012.9 length=77 success_rate=1.00 collisions/ep=0.00 (n=13)
update=162 global_step=165888 SPS=826 ev=1.000 v_bias=0.3 return=1012.8 length=77 success_rate=1.00 collisions/ep=0.00 (n=14)
update=163 global_step=166912 SPS=828 ev=1.000 v_bias=0.1 return=1012.9 length=77 success_rate=1.00 collisions/ep=0.00 (n=13)
update=164 global_step=167936 SPS=830 ev=1.000 v_bias=0.1 return=1013.3 length=78 success_rate=1.00 collisions/ep=0.00 (n=13)
update=165 global_step=168960 SPS=833 ev=1.000 v_bias=0.1 return=1013.5 length=79 success_rate=1.00 collisions/ep=0.00 (n=12)
update=166 global_step=169984 SPS=835 ev=0.999 v_bias=0.9 return=1008.9 length=78 success_rate=1.00 collisions/ep=0.08 (n=12)
update=167 global_step=171008 SPS=837 ev=1.000 v_bias=-0.2 return=1012.9 length=77 success_rate=1.00 collisions/ep=0.00 (n=16)
update=168 global_step=172032 SPS=840 ev=1.000 v_bias=-0.4 return=1013.2 length=78 success_rate=1.00 collisions/ep=0.00 (n=14)
update=169 global_step=173056 SPS=842 ev=1.000 v_bias=-0.4 return=1013.0 length=77 success_rate=1.00 collisions/ep=0.00 (n=10)
update=170 global_step=174080 SPS=844 ev=1.000 v_bias=-0.0 return=1013.0 length=77 success_rate=1.00 collisions/ep=0.00 (n=15)
Evaluation at update 170: return=1013.13, length=77.55, success_rate=1.00, collisions/ep=0.00
Solved-check at update 170: solved=True worst_gap=0.00 at p_x0=0.00 p_y0=1.00 (consecutive=13)
update=171 global_step=175104 SPS=825 ev=1.000 v_bias=-0.2 return=1013.3 length=79 success_rate=1.00 collisions/ep=0.00 (n=13)
update=172 global_step=176128 SPS=827 ev=1.000 v_bias=0.2 return=1013.4 length=79 success_rate=1.00 collisions/ep=0.00 (n=12)
update=173 global_step=177152 SPS=829 ev=0.999 v_bias=0.7 return=1009.8 length=77 success_rate=1.00 collisions/ep=0.07 (n=15)
update=174 global_step=178176 SPS=832 ev=0.999 v_bias=0.3 return=1009.2 length=77 success_rate=1.00 collisions/ep=0.08 (n=13)
update=175 global_step=179200 SPS=834 ev=1.000 v_bias=-0.3 return=1013.3 length=79 success_rate=1.00 collisions/ep=0.00 (n=11)
update=176 global_step=180224 SPS=835 ev=1.000 v_bias=-0.5 return=1013.1 length=77 success_rate=1.00 collisions/ep=0.00 (n=15)
update=177 global_step=181248 SPS=837 ev=1.000 v_bias=-0.1 return=1012.9 length=76 success_rate=1.00 collisions/ep=0.00 (n=13)
update=178 global_step=182272 SPS=839 ev=0.999 v_bias=0.3 return=1009.1 length=79 success_rate=1.00 collisions/ep=0.08 (n=12)
update=179 global_step=183296 SPS=841 ev=0.999 v_bias=0.7 return=1010.1 length=80 success_rate=1.00 collisions/ep=0.07 (n=14)
update=180 global_step=184320 SPS=843 ev=0.998 v_bias=0.3 return=1005.1 length=79 success_rate=1.00 collisions/ep=0.17 (n=12)
Evaluation at update 180: return=1013.13, length=77.55, success_rate=1.00, collisions/ep=0.00
Solved-check at update 180: solved=True worst_gap=0.00 at p_x0=0.00 p_y0=1.00 (consecutive=14)
update=181 global_step=185344 SPS=825 ev=1.000 v_bias=-0.5 return=1013.1 length=77 success_rate=1.00 collisions/ep=0.00 (n=14)
update=182 global_step=186368 SPS=827 ev=0.999 v_bias=-0.1 return=1009.7 length=80 success_rate=1.00 collisions/ep=0.08 (n=12)
update=183 global_step=187392 SPS=830 ev=1.000 v_bias=-0.4 return=1013.4 length=79 success_rate=1.00 collisions/ep=0.00 (n=13)
update=184 global_step=188416 SPS=832 ev=1.000 v_bias=-0.3 return=1013.0 length=78 success_rate=1.00 collisions/ep=0.00 (n=15)
update=185 global_step=189440 SPS=834 ev=1.000 v_bias=-0.3 return=1013.1 length=78 success_rate=1.00 collisions/ep=0.00 (n=11)
update=186 global_step=190464 SPS=835 ev=1.000 v_bias=-0.4 return=1013.3 length=79 success_rate=1.00 collisions/ep=0.00 (n=14)
update=187 global_step=191488 SPS=837 ev=1.000 v_bias=0.1 return=1013.5 length=79 success_rate=1.00 collisions/ep=0.00 (n=13)
update=188 global_step=192512 SPS=839 ev=0.998 v_bias=1.3 return=1013.4 length=79 success_rate=1.00 collisions/ep=0.00 (n=12)
update=189 global_step=193536 SPS=841 ev=0.999 v_bias=0.5 return=1002.4 length=77 success_rate=1.00 collisions/ep=0.21 (n=14)
update=190 global_step=194560 SPS=843 ev=0.999 v_bias=0.2 return=1009.7 length=78 success_rate=1.00 collisions/ep=0.07 (n=14)
Evaluation at update 190: return=1013.14, length=77.55, success_rate=1.00, collisions/ep=0.00
Solved-check at update 190: solved=True worst_gap=0.00 at p_x0=0.00 p_y0=1.00 (consecutive=15)
update=191 global_step=195584 SPS=824 ev=1.000 v_bias=-0.9 return=1013.4 length=79 success_rate=1.00 collisions/ep=0.00 (n=11)
update=192 global_step=196608 SPS=826 ev=1.000 v_bias=-0.6 return=1013.1 length=78 success_rate=1.00 collisions/ep=0.00 (n=14)
update=193 global_step=197632 SPS=828 ev=0.999 v_bias=0.5 return=1009.2 length=77 success_rate=1.00 collisions/ep=0.08 (n=13)
update=194 global_step=198656 SPS=829 ev=1.000 v_bias=-0.6 return=1013.5 length=80 success_rate=1.00 collisions/ep=0.00 (n=12)
update=195 global_step=199680 SPS=831 ev=1.000 v_bias=-0.3 return=1013.6 length=80 success_rate=1.00 collisions/ep=0.00 (n=15)
update=196 global_step=200704 SPS=833 ev=1.000 v_bias=0.1 return=1013.5 length=80 success_rate=1.00 collisions/ep=0.00 (n=13)
update=197 global_step=201728 SPS=835 ev=1.000 v_bias=-0.0 return=1013.7 length=80 success_rate=1.00 collisions/ep=0.00 (n=12)
update=198 global_step=202752 SPS=836 ev=1.000 v_bias=0.1 return=1013.1 length=78 success_rate=1.00 collisions/ep=0.00 (n=15)
update=199 global_step=203776 SPS=838 ev=1.000 v_bias=-0.1 return=1012.7 length=76 success_rate=1.00 collisions/ep=0.00 (n=11)
update=200 global_step=204800 SPS=840 ev=1.000 v_bias=0.1 return=1013.1 length=77 success_rate=1.00 collisions/ep=0.00 (n=13)
Evaluation at update 200: return=1013.13, length=77.50, success_rate=1.00, collisions/ep=0.00
Solved-check at update 200: solved=True worst_gap=-0.00 at p_x0=0.00 p_y0=1.00 (consecutive=16)
Saved checkpoints to C:\Users\loren\Desktop\MASTER THESIS\5_CODE\scenarios\slalom\studies\init_sampler\ppo_uniform\runs\ppo_slalom_6_1791035118
