Using device: cpu
Solved-check: precomputed optimal returns for 25 fixed initial conditions (mean=1013.0, min=1011.0, max=1015.0); solved-tolerance=5.0
batch_size=1024 minibatch_size=256 num_updates=200 timesteps=204800
update=1 global_step=1024 SPS=996 ev=-0.000 v_bias=23.4 return=724.4 length=124 success_rate=1.00 collisions/ep=5.00 (n=1)
update=2 global_step=2048 SPS=1296 ev=0.370 v_bias=28.9 return=-492.9 length=200 success_rate=0.00 collisions/ep=5.86 (n=7)
update=3 global_step=3072 SPS=1371 ev=0.284 v_bias=1.2 return=190.8 length=172 success_rate=1.00 collisions/ep=15.00 (n=2)
update=4 global_step=4096 SPS=1407 ev=0.637 v_bias=34.5 return=-491.2 length=200 success_rate=0.00 collisions/ep=5.83 (n=6)
update=5 global_step=5120 SPS=1418 ev=0.535 v_bias=24.6 return=-583.7 length=200 success_rate=0.00 collisions/ep=8.62 (n=8)
update=6 global_step=6144 SPS=1402 ev=-0.130 v_bias=18.1 return=-364.8 length=200 success_rate=0.00 collisions/ep=3.50 (n=2)
update=7 global_step=7168 SPS=1406 ev=0.115 v_bias=-10.9 return=-87.4 length=188 success_rate=0.29 collisions/ep=5.00 (n=7)
update=8 global_step=8192 SPS=1409 ev=0.321 v_bias=-6.2 return=-186.5 length=180 success_rate=0.29 collisions/ep=7.29 (n=7)
update=9 global_step=9216 SPS=1406 ev=0.446 v_bias=-37.5 return=395.8 length=151 success_rate=0.83 collisions/ep=7.33 (n=6)
update=10 global_step=10240 SPS=1410 ev=0.789 v_bias=-88.5 return=587.6 length=142 success_rate=0.88 collisions/ep=4.62 (n=8)
Evaluation at update 10: return=187.31, length=87.50, success_rate=1.00, collisions/ep=16.35
Solved-check at update 10: solved=False worst_gap=908.91 at p_x0=0.00 p_y0=1.00 (consecutive=0)
update=11 global_step=11264 SPS=793 ev=0.893 v_bias=-87.1 return=658.5 length=117 success_rate=0.89 collisions/ep=4.00 (n=9)
update=12 global_step=12288 SPS=828 ev=0.940 v_bias=-74.5 return=780.9 length=96 success_rate=1.00 collisions/ep=4.25 (n=12)
update=13 global_step=13312 SPS=858 ev=0.942 v_bias=-37.6 return=717.8 length=89 success_rate=1.00 collisions/ep=5.67 (n=12)
update=14 global_step=14336 SPS=885 ev=0.975 v_bias=-43.4 return=744.0 length=85 success_rate=1.00 collisions/ep=5.23 (n=13)
update=15 global_step=15360 SPS=907 ev=0.972 v_bias=-38.2 return=795.9 length=84 success_rate=1.00 collisions/ep=4.18 (n=11)
update=16 global_step=16384 SPS=932 ev=0.966 v_bias=-34.7 return=842.8 length=86 success_rate=1.00 collisions/ep=3.25 (n=12)
update=17 global_step=17408 SPS=953 ev=0.944 v_bias=-2.3 return=747.7 length=84 success_rate=1.00 collisions/ep=5.17 (n=12)
update=18 global_step=18432 SPS=971 ev=0.960 v_bias=-3.2 return=764.8 length=83 success_rate=1.00 collisions/ep=4.85 (n=13)
update=19 global_step=19456 SPS=991 ev=0.978 v_bias=-16.0 return=859.2 length=87 success_rate=1.00 collisions/ep=2.91 (n=11)
update=20 global_step=20480 SPS=1011 ev=0.981 v_bias=-14.7 return=911.7 length=85 success_rate=1.00 collisions/ep=1.92 (n=13)
Evaluation at update 20: return=920.68, length=81.65, success_rate=1.00, collisions/ep=1.80
Solved-check at update 20: solved=False worst_gap=501.95 at p_x0=1.50 p_y0=-0.50 (consecutive=0)
update=21 global_step=21504 SPS=823 ev=0.959 v_bias=-1.3 return=826.2 length=84 success_rate=1.00 collisions/ep=3.64 (n=11)
update=22 global_step=22528 SPS=841 ev=0.970 v_bias=-5.3 return=855.3 length=82 success_rate=1.00 collisions/ep=3.07 (n=14)
update=23 global_step=23552 SPS=853 ev=0.976 v_bias=-14.6 return=863.1 length=82 success_rate=1.00 collisions/ep=3.00 (n=12)
update=24 global_step=24576 SPS=867 ev=0.983 v_bias=-9.0 return=905.4 length=81 success_rate=1.00 collisions/ep=2.07 (n=14)
update=25 global_step=25600 SPS=884 ev=0.985 v_bias=-9.4 return=943.6 length=80 success_rate=1.00 collisions/ep=1.33 (n=12)
update=26 global_step=26624 SPS=899 ev=0.988 v_bias=-7.8 return=917.2 length=80 success_rate=1.00 collisions/ep=1.92 (n=12)
update=27 global_step=27648 SPS=911 ev=0.988 v_bias=-1.9 return=939.5 length=83 success_rate=1.00 collisions/ep=1.50 (n=12)
update=28 global_step=28672 SPS=925 ev=0.991 v_bias=-10.4 return=952.6 length=85 success_rate=1.00 collisions/ep=1.17 (n=12)
update=29 global_step=29696 SPS=933 ev=0.984 v_bias=-1.2 return=961.8 length=82 success_rate=1.00 collisions/ep=1.00 (n=14)
update=30 global_step=30720 SPS=941 ev=0.988 v_bias=-3.6 return=942.1 length=78 success_rate=1.00 collisions/ep=1.46 (n=13)
Evaluation at update 30: return=962.17, length=80.05, success_rate=1.00, collisions/ep=1.00
Solved-check at update 30: solved=False worst_gap=51.52 at p_x0=0.00 p_y0=1.00 (consecutive=0)
update=31 global_step=31744 SPS=826 ev=0.986 v_bias=3.8 return=924.4 length=81 success_rate=1.00 collisions/ep=1.75 (n=12)
update=32 global_step=32768 SPS=837 ev=0.993 v_bias=-1.8 return=944.5 length=79 success_rate=1.00 collisions/ep=1.33 (n=12)
update=33 global_step=33792 SPS=849 ev=0.989 v_bias=-2.4 return=949.9 length=82 success_rate=1.00 collisions/ep=1.23 (n=13)
update=34 global_step=34816 SPS=862 ev=0.993 v_bias=-5.4 return=984.1 length=79 success_rate=1.00 collisions/ep=0.60 (n=15)
update=35 global_step=35840 SPS=875 ev=0.984 v_bias=-4.9 return=981.4 length=80 success_rate=1.00 collisions/ep=0.60 (n=10)
update=36 global_step=36864 SPS=887 ev=0.993 v_bias=-5.4 return=987.2 length=80 success_rate=1.00 collisions/ep=0.50 (n=14)
update=37 global_step=37888 SPS=899 ev=0.996 v_bias=-4.2 return=998.9 length=78 success_rate=1.00 collisions/ep=0.42 (n=12)
update=38 global_step=38912 SPS=909 ev=0.976 v_bias=8.0 return=957.4 length=80 success_rate=1.00 collisions/ep=1.08 (n=12)
update=39 global_step=39936 SPS=920 ev=0.990 v_bias=-0.5 return=982.0 length=80 success_rate=1.00 collisions/ep=0.67 (n=15)
update=40 global_step=40960 SPS=928 ev=0.978 v_bias=3.1 return=970.6 length=82 success_rate=1.00 collisions/ep=0.92 (n=12)
Evaluation at update 40: return=1012.62, length=79.60, success_rate=1.00, collisions/ep=0.00
Solved-check at update 40: solved=True worst_gap=0.92 at p_x0=0.50 p_y0=1.00 (consecutive=0)
update=41 global_step=41984 SPS=846 ev=0.997 v_bias=-3.7 return=995.6 length=81 success_rate=1.00 collisions/ep=0.42 (n=12)
update=42 global_step=43008 SPS=855 ev=0.993 v_bias=-1.4 return=987.4 length=81 success_rate=1.00 collisions/ep=0.50 (n=14)
update=43 global_step=44032 SPS=865 ev=0.995 v_bias=-1.5 return=998.7 length=79 success_rate=1.00 collisions/ep=0.27 (n=11)
update=44 global_step=45056 SPS=875 ev=0.992 v_bias=-0.1 return=999.0 length=80 success_rate=1.00 collisions/ep=0.27 (n=15)
update=45 global_step=46080 SPS=884 ev=0.993 v_bias=-0.5 return=1003.2 length=76 success_rate=1.00 collisions/ep=0.17 (n=12)
update=46 global_step=47104 SPS=893 ev=0.994 v_bias=-0.6 return=991.0 length=79 success_rate=1.00 collisions/ep=0.50 (n=14)
update=47 global_step=48128 SPS=902 ev=0.997 v_bias=0.0 return=999.6 length=78 success_rate=1.00 collisions/ep=0.25 (n=12)
update=48 global_step=49152 SPS=910 ev=0.991 v_bias=0.1 return=1004.3 length=79 success_rate=1.00 collisions/ep=0.17 (n=12)
update=49 global_step=50176 SPS=919 ev=0.999 v_bias=-3.8 return=1002.0 length=78 success_rate=1.00 collisions/ep=0.20 (n=15)
update=50 global_step=51200 SPS=927 ev=0.999 v_bias=-2.0 return=1007.9 length=78 success_rate=1.00 collisions/ep=0.08 (n=12)
Evaluation at update 50: return=1012.88, length=79.30, success_rate=1.00, collisions/ep=0.00
Solved-check at update 50: solved=True worst_gap=0.66 at p_x0=0.00 p_y0=1.00 (consecutive=1)
Solved criterion held for 2 consecutive evals (tolerance=5.0) at global_step=51200.
update=51 global_step=52224 SPS=858 ev=0.996 v_bias=-0.4 return=1004.7 length=78 success_rate=1.00 collisions/ep=0.15 (n=13)
update=52 global_step=53248 SPS=865 ev=0.999 v_bias=-1.3 return=1008.8 length=79 success_rate=1.00 collisions/ep=0.08 (n=13)
update=53 global_step=54272 SPS=872 ev=0.999 v_bias=-1.1 return=1012.3 length=78 success_rate=1.00 collisions/ep=0.00 (n=14)
update=54 global_step=55296 SPS=880 ev=0.997 v_bias=0.9 return=1004.6 length=77 success_rate=1.00 collisions/ep=0.15 (n=13)
update=55 global_step=56320 SPS=888 ev=0.998 v_bias=0.9 return=998.1 length=78 success_rate=1.00 collisions/ep=0.29 (n=14)
update=56 global_step=57344 SPS=894 ev=0.998 v_bias=0.2 return=1008.6 length=82 success_rate=1.00 collisions/ep=0.09 (n=11)
update=57 global_step=58368 SPS=900 ev=0.998 v_bias=-0.9 return=1002.6 length=80 success_rate=1.00 collisions/ep=0.20 (n=15)
update=58 global_step=59392 SPS=906 ev=1.000 v_bias=-2.1 return=1012.2 length=77 success_rate=1.00 collisions/ep=0.00 (n=11)
update=59 global_step=60416 SPS=913 ev=0.997 v_bias=1.0 return=1005.3 length=79 success_rate=1.00 collisions/ep=0.14 (n=14)
update=60 global_step=61440 SPS=919 ev=0.997 v_bias=1.3 return=1001.2 length=78 success_rate=1.00 collisions/ep=0.21 (n=14)
Evaluation at update 60: return=1012.92, length=79.25, success_rate=1.00, collisions/ep=0.00
Solved-check at update 60: solved=True worst_gap=0.64 at p_x0=0.00 p_y0=1.00 (consecutive=2)
update=61 global_step=62464 SPS=861 ev=0.999 v_bias=-1.0 return=1012.4 length=81 success_rate=1.00 collisions/ep=0.00 (n=11)
update=62 global_step=63488 SPS=867 ev=0.997 v_bias=1.2 return=1005.5 length=78 success_rate=1.00 collisions/ep=0.13 (n=15)
update=63 global_step=64512 SPS=873 ev=0.999 v_bias=0.0 return=1007.9 length=78 success_rate=1.00 collisions/ep=0.09 (n=11)
update=64 global_step=65536 SPS=879 ev=0.997 v_bias=-0.0 return=1004.6 length=78 success_rate=1.00 collisions/ep=0.15 (n=13)
update=65 global_step=66560 SPS=886 ev=0.999 v_bias=0.2 return=1008.8 length=77 success_rate=1.00 collisions/ep=0.07 (n=15)
update=66 global_step=67584 SPS=891 ev=0.999 v_bias=-0.1 return=1008.5 length=79 success_rate=1.00 collisions/ep=0.08 (n=13)
update=67 global_step=68608 SPS=896 ev=0.999 v_bias=-0.4 return=1008.4 length=79 success_rate=1.00 collisions/ep=0.08 (n=12)
update=68 global_step=69632 SPS=902 ev=0.999 v_bias=-0.3 return=1009.1 length=79 success_rate=1.00 collisions/ep=0.07 (n=14)
update=69 global_step=70656 SPS=908 ev=0.992 v_bias=3.1 return=1008.2 length=77 success_rate=1.00 collisions/ep=0.08 (n=12)
update=70 global_step=71680 SPS=914 ev=0.999 v_bias=-1.4 return=989.9 length=80 success_rate=1.00 collisions/ep=0.46 (n=13)
Evaluation at update 70: return=1013.03, length=79.15, success_rate=1.00, collisions/ep=0.00
Solved-check at update 70: solved=True worst_gap=0.48 at p_x0=0.00 p_y0=1.00 (consecutive=3)
update=71 global_step=72704 SPS=866 ev=1.000 v_bias=-2.2 return=1012.5 length=79 success_rate=1.00 collisions/ep=0.00 (n=13)
update=72 global_step=73728 SPS=872 ev=0.999 v_bias=-0.5 return=1009.2 length=81 success_rate=1.00 collisions/ep=0.08 (n=13)
update=73 global_step=74752 SPS=877 ev=0.999 v_bias=0.3 return=1009.2 length=82 success_rate=1.00 collisions/ep=0.08 (n=13)
update=74 global_step=75776 SPS=883 ev=1.000 v_bias=-0.9 return=1013.0 length=80 success_rate=1.00 collisions/ep=0.00 (n=11)
update=75 global_step=76800 SPS=887 ev=1.000 v_bias=-0.4 return=1012.8 length=80 success_rate=1.00 collisions/ep=0.00 (n=14)
update=76 global_step=77824 SPS=891 ev=1.000 v_bias=-0.4 return=1012.4 length=77 success_rate=1.00 collisions/ep=0.00 (n=13)
update=77 global_step=78848 SPS=897 ev=0.996 v_bias=1.8 return=1013.0 length=81 success_rate=1.00 collisions/ep=0.00 (n=12)
update=78 global_step=79872 SPS=902 ev=1.000 v_bias=-0.8 return=1006.5 length=80 success_rate=1.00 collisions/ep=0.13 (n=15)
update=79 global_step=80896 SPS=907 ev=1.000 v_bias=-0.3 return=1012.7 length=79 success_rate=1.00 collisions/ep=0.00 (n=11)
update=80 global_step=81920 SPS=912 ev=1.000 v_bias=-0.9 return=1012.7 length=78 success_rate=1.00 collisions/ep=0.00 (n=14)
Evaluation at update 80: return=1013.17, length=79.00, success_rate=1.00, collisions/ep=0.00
Solved-check at update 80: solved=True worst_gap=0.28 at p_x0=0.00 p_y0=1.00 (consecutive=4)
update=81 global_step=82944 SPS=866 ev=1.000 v_bias=-0.4 return=1012.5 length=77 success_rate=1.00 collisions/ep=0.00 (n=13)
update=82 global_step=83968 SPS=871 ev=1.000 v_bias=-0.1 return=1012.8 length=79 success_rate=1.00 collisions/ep=0.00 (n=13)
update=83 global_step=84992 SPS=876 ev=0.998 v_bias=1.4 return=1009.0 length=78 success_rate=1.00 collisions/ep=0.08 (n=13)
update=84 global_step=86016 SPS=881 ev=0.999 v_bias=0.7 return=1008.9 length=79 success_rate=1.00 collisions/ep=0.08 (n=13)
update=85 global_step=87040 SPS=886 ev=1.000 v_bias=-1.1 return=1009.2 length=80 success_rate=1.00 collisions/ep=0.15 (n=13)
update=86 global_step=88064 SPS=890 ev=1.000 v_bias=-0.8 return=1012.5 length=78 success_rate=1.00 collisions/ep=0.00 (n=12)
update=87 global_step=89088 SPS=895 ev=1.000 v_bias=-0.7 return=1013.0 length=78 success_rate=1.00 collisions/ep=0.00 (n=14)
update=88 global_step=90112 SPS=899 ev=1.000 v_bias=-0.4 return=1012.9 length=79 success_rate=1.00 collisions/ep=0.00 (n=13)
update=89 global_step=91136 SPS=903 ev=1.000 v_bias=-0.4 return=1013.1 length=79 success_rate=1.00 collisions/ep=0.00 (n=12)
update=90 global_step=92160 SPS=907 ev=1.000 v_bias=-0.5 return=1012.6 length=76 success_rate=1.00 collisions/ep=0.00 (n=15)
Evaluation at update 90: return=1013.27, length=79.00, success_rate=1.00, collisions/ep=0.00
Solved-check at update 90: solved=True worst_gap=0.16 at p_x0=0.00 p_y0=1.00 (consecutive=5)
update=91 global_step=93184 SPS=868 ev=1.000 v_bias=0.3 return=1012.7 length=77 success_rate=1.00 collisions/ep=0.00 (n=13)
update=92 global_step=94208 SPS=872 ev=0.997 v_bias=1.7 return=1004.8 length=79 success_rate=1.00 collisions/ep=0.17 (n=12)
update=93 global_step=95232 SPS=876 ev=1.000 v_bias=-0.2 return=1013.2 length=79 success_rate=1.00 collisions/ep=0.00 (n=15)
update=94 global_step=96256 SPS=879 ev=1.000 v_bias=-0.3 return=1013.1 length=78 success_rate=1.00 collisions/ep=0.00 (n=12)
update=95 global_step=97280 SPS=884 ev=1.000 v_bias=-0.3 return=1013.3 length=80 success_rate=1.00 collisions/ep=0.00 (n=13)
update=96 global_step=98304 SPS=888 ev=1.000 v_bias=0.1 return=1013.1 length=79 success_rate=1.00 collisions/ep=0.00 (n=14)
update=97 global_step=99328 SPS=892 ev=1.000 v_bias=0.2 return=1013.0 length=79 success_rate=1.00 collisions/ep=0.00 (n=10)
update=98 global_step=100352 SPS=896 ev=0.999 v_bias=0.8 return=1012.6 length=76 success_rate=1.00 collisions/ep=0.00 (n=15)
update=99 global_step=101376 SPS=900 ev=1.000 v_bias=-0.4 return=1009.7 length=79 success_rate=1.00 collisions/ep=0.07 (n=14)
update=100 global_step=102400 SPS=904 ev=1.000 v_bias=-0.1 return=1013.1 length=79 success_rate=1.00 collisions/ep=0.00 (n=12)
Evaluation at update 100: return=1013.32, length=79.00, success_rate=1.00, collisions/ep=0.00
Solved-check at update 100: solved=True worst_gap=0.11 at p_x0=0.00 p_y0=1.00 (consecutive=6)
update=101 global_step=103424 SPS=869 ev=1.000 v_bias=0.3 return=1013.1 length=79 success_rate=1.00 collisions/ep=0.08 (n=12)
update=102 global_step=104448 SPS=872 ev=1.000 v_bias=0.2 return=1013.2 length=79 success_rate=1.00 collisions/ep=0.00 (n=15)
update=103 global_step=105472 SPS=876 ev=1.000 v_bias=0.0 return=1013.2 length=80 success_rate=1.00 collisions/ep=0.00 (n=12)
update=104 global_step=106496 SPS=880 ev=1.000 v_bias=-0.1 return=1012.7 length=79 success_rate=1.00 collisions/ep=0.00 (n=13)
update=105 global_step=107520 SPS=884 ev=0.999 v_bias=0.4 return=1012.7 length=77 success_rate=1.00 collisions/ep=0.00 (n=13)
update=106 global_step=108544 SPS=888 ev=0.999 v_bias=0.6 return=1009.6 length=80 success_rate=1.00 collisions/ep=0.08 (n=13)
update=107 global_step=109568 SPS=892 ev=1.000 v_bias=-0.4 return=1008.6 length=77 success_rate=1.00 collisions/ep=0.08 (n=12)
update=108 global_step=110592 SPS=895 ev=1.000 v_bias=-0.6 return=1012.8 length=77 success_rate=1.00 collisions/ep=0.00 (n=15)
update=109 global_step=111616 SPS=899 ev=0.998 v_bias=0.9 return=1005.8 length=78 success_rate=1.00 collisions/ep=0.14 (n=14)
update=110 global_step=112640 SPS=902 ev=1.000 v_bias=-0.8 return=1013.0 length=77 success_rate=1.00 collisions/ep=0.00 (n=11)
Evaluation at update 110: return=1013.34, length=78.95, success_rate=1.00, collisions/ep=0.00
Solved-check at update 110: solved=True worst_gap=0.07 at p_x0=0.00 p_y0=1.00 (consecutive=7)
update=111 global_step=113664 SPS=871 ev=0.999 v_bias=-0.0 return=1009.4 length=78 success_rate=1.00 collisions/ep=0.07 (n=14)
update=112 global_step=114688 SPS=875 ev=0.999 v_bias=0.2 return=1009.4 length=78 success_rate=1.00 collisions/ep=0.07 (n=14)
update=113 global_step=115712 SPS=878 ev=1.000 v_bias=-0.9 return=1012.7 length=77 success_rate=1.00 collisions/ep=0.00 (n=11)
update=114 global_step=116736 SPS=882 ev=1.000 v_bias=-0.3 return=1013.3 length=80 success_rate=1.00 collisions/ep=0.00 (n=14)
update=115 global_step=117760 SPS=885 ev=0.999 v_bias=0.5 return=1009.4 length=79 success_rate=1.00 collisions/ep=0.08 (n=13)
update=116 global_step=118784 SPS=888 ev=1.000 v_bias=-0.5 return=1013.1 length=78 success_rate=1.00 collisions/ep=0.00 (n=13)
update=117 global_step=119808 SPS=892 ev=0.999 v_bias=0.1 return=1009.5 length=79 success_rate=1.00 collisions/ep=0.07 (n=14)
update=118 global_step=120832 SPS=895 ev=0.999 v_bias=0.3 return=1008.6 length=77 success_rate=1.00 collisions/ep=0.08 (n=12)
update=119 global_step=121856 SPS=898 ev=0.999 v_bias=0.0 return=1013.3 length=79 success_rate=1.00 collisions/ep=0.00 (n=13)
update=120 global_step=122880 SPS=901 ev=1.000 v_bias=-1.3 return=1009.1 length=78 success_rate=1.00 collisions/ep=0.08 (n=13)
Evaluation at update 120: return=1013.37, length=78.95, success_rate=1.00, collisions/ep=0.00
Solved-check at update 120: solved=True worst_gap=0.04 at p_x0=0.00 p_y0=1.00 (consecutive=8)
update=121 global_step=123904 SPS=872 ev=1.000 v_bias=-0.6 return=1013.2 length=79 success_rate=1.00 collisions/ep=0.00 (n=14)
update=122 global_step=124928 SPS=875 ev=1.000 v_bias=-0.6 return=1013.0 length=78 success_rate=1.00 collisions/ep=0.00 (n=13)
update=123 global_step=125952 SPS=878 ev=1.000 v_bias=-0.4 return=1013.3 length=79 success_rate=1.00 collisions/ep=0.00 (n=14)
update=124 global_step=126976 SPS=880 ev=1.000 v_bias=0.0 return=1013.1 length=79 success_rate=1.00 collisions/ep=0.00 (n=12)
update=125 global_step=128000 SPS=884 ev=1.000 v_bias=0.0 return=1013.3 length=79 success_rate=1.00 collisions/ep=0.00 (n=13)
update=126 global_step=129024 SPS=887 ev=0.998 v_bias=1.2 return=1009.3 length=78 success_rate=1.00 collisions/ep=0.08 (n=13)
update=127 global_step=130048 SPS=891 ev=1.000 v_bias=0.1 return=1009.5 length=78 success_rate=1.00 collisions/ep=0.07 (n=14)
update=128 global_step=131072 SPS=894 ev=0.999 v_bias=1.0 return=1013.1 length=78 success_rate=1.00 collisions/ep=0.00 (n=13)
update=129 global_step=132096 SPS=898 ev=1.000 v_bias=0.2 return=1009.1 length=79 success_rate=1.00 collisions/ep=0.08 (n=12)
update=130 global_step=133120 SPS=901 ev=1.000 v_bias=0.0 return=1012.8 length=76 success_rate=1.00 collisions/ep=0.00 (n=14)
Evaluation at update 130: return=1013.40, length=78.95, success_rate=1.00, collisions/ep=0.00
Solved-check at update 130: solved=True worst_gap=0.02 at p_x0=0.00 p_y0=1.00 (consecutive=9)
update=131 global_step=134144 SPS=874 ev=1.000 v_bias=0.0 return=1012.9 length=78 success_rate=1.00 collisions/ep=0.00 (n=14)
update=132 global_step=135168 SPS=877 ev=1.000 v_bias=-0.2 return=1013.1 length=78 success_rate=1.00 collisions/ep=0.00 (n=12)
update=133 global_step=136192 SPS=880 ev=1.000 v_bias=0.2 return=1012.9 length=77 success_rate=1.00 collisions/ep=0.00 (n=13)
update=134 global_step=137216 SPS=882 ev=0.999 v_bias=0.7 return=1009.9 length=79 success_rate=1.00 collisions/ep=0.07 (n=14)
update=135 global_step=138240 SPS=886 ev=1.000 v_bias=-0.6 return=1012.8 length=77 success_rate=1.00 collisions/ep=0.00 (n=11)
update=136 global_step=139264 SPS=889 ev=1.000 v_bias=0.2 return=1013.4 length=79 success_rate=1.00 collisions/ep=0.00 (n=15)
update=137 global_step=140288 SPS=892 ev=1.000 v_bias=-0.2 return=1013.1 length=77 success_rate=1.00 collisions/ep=0.00 (n=14)
update=138 global_step=141312 SPS=895 ev=1.000 v_bias=-0.3 return=1013.4 length=79 success_rate=1.00 collisions/ep=0.00 (n=11)
update=139 global_step=142336 SPS=898 ev=0.999 v_bias=0.1 return=1009.9 length=77 success_rate=1.00 collisions/ep=0.06 (n=16)
update=140 global_step=143360 SPS=901 ev=1.000 v_bias=0.0 return=1013.4 length=79 success_rate=1.00 collisions/ep=0.00 (n=10)
Evaluation at update 140: return=1013.42, length=78.90, success_rate=1.00, collisions/ep=0.00
Solved-check at update 140: solved=True worst_gap=0.01 at p_x0=0.50 p_y0=1.00 (consecutive=10)
update=141 global_step=144384 SPS=876 ev=1.000 v_bias=-0.1 return=1013.2 length=78 success_rate=1.00 collisions/ep=0.00 (n=14)
update=142 global_step=145408 SPS=878 ev=0.997 v_bias=1.5 return=1006.1 length=78 success_rate=1.00 collisions/ep=0.14 (n=14)
update=143 global_step=146432 SPS=881 ev=1.000 v_bias=-0.5 return=1013.7 length=80 success_rate=1.00 collisions/ep=0.00 (n=11)
update=144 global_step=147456 SPS=884 ev=0.999 v_bias=0.3 return=1009.9 length=78 success_rate=1.00 collisions/ep=0.07 (n=15)
update=145 global_step=148480 SPS=887 ev=1.000 v_bias=-0.4 return=1013.0 length=78 success_rate=1.00 collisions/ep=0.00 (n=12)
update=146 global_step=149504 SPS=890 ev=1.000 v_bias=-0.1 return=1013.2 length=79 success_rate=1.00 collisions/ep=0.00 (n=12)
update=147 global_step=150528 SPS=893 ev=1.000 v_bias=-0.2 return=1013.7 length=80 success_rate=1.00 collisions/ep=0.00 (n=16)
update=148 global_step=151552 SPS=895 ev=1.000 v_bias=0.0 return=1012.8 length=77 success_rate=1.00 collisions/ep=0.00 (n=11)
update=149 global_step=152576 SPS=898 ev=1.000 v_bias=0.2 return=1013.4 length=79 success_rate=1.00 collisions/ep=0.08 (n=13)
update=150 global_step=153600 SPS=900 ev=1.000 v_bias=-0.1 return=1013.1 length=78 success_rate=1.00 collisions/ep=0.00 (n=13)
Evaluation at update 150: return=1013.43, length=78.85, success_rate=1.00, collisions/ep=0.00
Solved-check at update 150: solved=True worst_gap=-0.02 at p_x0=0.50 p_y0=1.00 (consecutive=11)
update=151 global_step=154624 SPS=875 ev=1.000 v_bias=0.0 return=1013.5 length=79 success_rate=1.00 collisions/ep=0.00 (n=14)
update=152 global_step=155648 SPS=877 ev=1.000 v_bias=0.3 return=1008.8 length=77 success_rate=1.00 collisions/ep=0.08 (n=12)
update=153 global_step=156672 SPS=880 ev=1.000 v_bias=-0.2 return=1013.2 length=78 success_rate=1.00 collisions/ep=0.00 (n=16)
update=154 global_step=157696 SPS=882 ev=1.000 v_bias=-0.0 return=1013.2 length=78 success_rate=1.00 collisions/ep=0.00 (n=10)
update=155 global_step=158720 SPS=884 ev=0.997 v_bias=2.8 return=1002.7 length=79 success_rate=1.00 collisions/ep=0.21 (n=14)
update=156 global_step=159744 SPS=887 ev=1.000 v_bias=-1.0 return=1009.3 length=78 success_rate=1.00 collisions/ep=0.08 (n=13)
update=157 global_step=160768 SPS=889 ev=0.999 v_bias=0.1 return=1009.0 length=77 success_rate=1.00 collisions/ep=0.08 (n=12)
update=158 global_step=161792 SPS=891 ev=1.000 v_bias=-0.7 return=1013.7 length=80 success_rate=1.00 collisions/ep=0.00 (n=15)
update=159 global_step=162816 SPS=894 ev=1.000 v_bias=-0.9 return=1013.4 length=79 success_rate=1.00 collisions/ep=0.00 (n=13)
update=160 global_step=163840 SPS=897 ev=1.000 v_bias=-0.6 return=1013.1 length=78 success_rate=1.00 collisions/ep=0.00 (n=12)
Evaluation at update 160: return=1013.44, length=78.85, success_rate=1.00, collisions/ep=0.00
Solved-check at update 160: solved=True worst_gap=-0.02 at p_x0=0.50 p_y0=1.00 (consecutive=12)
update=161 global_step=164864 SPS=873 ev=1.000 v_bias=-0.2 return=1013.1 length=77 success_rate=1.00 collisions/ep=0.00 (n=14)
update=162 global_step=165888 SPS=876 ev=1.000 v_bias=0.2 return=1013.4 length=79 success_rate=1.00 collisions/ep=0.00 (n=12)
update=163 global_step=166912 SPS=878 ev=1.000 v_bias=-0.2 return=1013.7 length=80 success_rate=1.00 collisions/ep=0.07 (n=14)
update=164 global_step=167936 SPS=881 ev=1.000 v_bias=0.0 return=1013.6 length=79 success_rate=1.00 collisions/ep=0.00 (n=11)
update=165 global_step=168960 SPS=883 ev=1.000 v_bias=-0.1 return=1013.4 length=79 success_rate=1.00 collisions/ep=0.00 (n=15)
update=166 global_step=169984 SPS=885 ev=1.000 v_bias=-0.1 return=1012.9 length=76 success_rate=1.00 collisions/ep=0.00 (n=13)
update=167 global_step=171008 SPS=888 ev=1.000 v_bias=0.1 return=1013.1 length=78 success_rate=1.00 collisions/ep=0.00 (n=14)
update=168 global_step=172032 SPS=890 ev=1.000 v_bias=0.0 return=1012.9 length=76 success_rate=1.00 collisions/ep=0.00 (n=13)
update=169 global_step=173056 SPS=893 ev=1.000 v_bias=-0.0 return=1013.0 length=77 success_rate=1.00 collisions/ep=0.00 (n=13)
update=170 global_step=174080 SPS=895 ev=1.000 v_bias=0.0 return=1013.1 length=77 success_rate=1.00 collisions/ep=0.00 (n=13)
Evaluation at update 170: return=1013.44, length=78.85, success_rate=1.00, collisions/ep=0.00
Solved-check at update 170: solved=True worst_gap=-0.03 at p_x0=0.50 p_y0=1.00 (consecutive=13)
update=171 global_step=175104 SPS=876 ev=0.999 v_bias=0.9 return=1009.4 length=78 success_rate=1.00 collisions/ep=0.15 (n=13)
update=172 global_step=176128 SPS=878 ev=1.000 v_bias=0.1 return=1013.1 length=77 success_rate=1.00 collisions/ep=0.00 (n=12)
update=173 global_step=177152 SPS=881 ev=1.000 v_bias=-0.0 return=1013.7 length=80 success_rate=1.00 collisions/ep=0.00 (n=14)
update=174 global_step=178176 SPS=883 ev=0.999 v_bias=0.6 return=1009.5 length=78 success_rate=1.00 collisions/ep=0.08 (n=13)
update=175 global_step=179200 SPS=885 ev=1.000 v_bias=-0.1 return=1012.7 length=75 success_rate=1.00 collisions/ep=0.00 (n=15)
update=176 global_step=180224 SPS=887 ev=1.000 v_bias=0.2 return=1012.8 length=76 success_rate=1.00 collisions/ep=0.00 (n=12)
update=177 global_step=181248 SPS=890 ev=1.000 v_bias=-0.5 return=1013.1 length=77 success_rate=1.00 collisions/ep=0.00 (n=14)
update=178 global_step=182272 SPS=892 ev=1.000 v_bias=-0.1 return=1013.4 length=78 success_rate=1.00 collisions/ep=0.00 (n=13)
update=179 global_step=183296 SPS=894 ev=1.000 v_bias=-0.2 return=1013.1 length=78 success_rate=1.00 collisions/ep=0.00 (n=13)
update=180 global_step=184320 SPS=896 ev=0.999 v_bias=0.5 return=1009.2 length=78 success_rate=1.00 collisions/ep=0.17 (n=12)
Evaluation at update 180: return=1013.45, length=78.85, success_rate=1.00, collisions/ep=0.00
Solved-check at update 180: solved=True worst_gap=-0.03 at p_x0=0.50 p_y0=1.00 (consecutive=14)
update=181 global_step=185344 SPS=876 ev=1.000 v_bias=-0.0 return=1014.3 length=83 success_rate=1.00 collisions/ep=0.00 (n=12)
update=182 global_step=186368 SPS=878 ev=1.000 v_bias=-0.2 return=1013.5 length=79 success_rate=1.00 collisions/ep=0.00 (n=15)
update=183 global_step=187392 SPS=880 ev=1.000 v_bias=0.0 return=1013.3 length=78 success_rate=1.00 collisions/ep=0.00 (n=13)
update=184 global_step=188416 SPS=882 ev=1.000 v_bias=-0.0 return=1014.0 length=82 success_rate=1.00 collisions/ep=0.00 (n=12)
update=185 global_step=189440 SPS=884 ev=1.000 v_bias=-0.3 return=1013.0 length=77 success_rate=1.00 collisions/ep=0.00 (n=13)
update=186 global_step=190464 SPS=886 ev=1.000 v_bias=-0.1 return=1012.7 length=76 success_rate=1.00 collisions/ep=0.00 (n=15)
update=187 global_step=191488 SPS=888 ev=1.000 v_bias=0.0 return=1013.6 length=80 success_rate=1.00 collisions/ep=0.00 (n=11)
update=188 global_step=192512 SPS=890 ev=0.999 v_bias=0.5 return=1010.0 length=79 success_rate=1.00 collisions/ep=0.07 (n=14)
update=189 global_step=193536 SPS=892 ev=1.000 v_bias=0.1 return=1013.3 length=78 success_rate=1.00 collisions/ep=0.00 (n=14)
update=190 global_step=194560 SPS=894 ev=1.000 v_bias=-0.3 return=1013.0 length=77 success_rate=1.00 collisions/ep=0.00 (n=12)
Evaluation at update 190: return=1013.45, length=78.85, success_rate=1.00, collisions/ep=0.00
Solved-check at update 190: solved=True worst_gap=-0.03 at p_x0=0.50 p_y0=1.00 (consecutive=15)
update=191 global_step=195584 SPS=876 ev=1.000 v_bias=-0.0 return=1013.6 length=79 success_rate=1.00 collisions/ep=0.00 (n=13)
update=192 global_step=196608 SPS=878 ev=1.000 v_bias=0.1 return=1013.1 length=77 success_rate=1.00 collisions/ep=0.00 (n=13)
update=193 global_step=197632 SPS=880 ev=1.000 v_bias=-0.0 return=1013.5 length=79 success_rate=1.00 collisions/ep=0.00 (n=13)
update=194 global_step=198656 SPS=883 ev=1.000 v_bias=-0.3 return=1013.4 length=78 success_rate=1.00 collisions/ep=0.00 (n=14)
update=195 global_step=199680 SPS=884 ev=1.000 v_bias=0.1 return=1013.1 length=77 success_rate=1.00 collisions/ep=0.00 (n=13)
update=196 global_step=200704 SPS=886 ev=1.000 v_bias=-0.1 return=1013.0 length=77 success_rate=1.00 collisions/ep=0.00 (n=13)
update=197 global_step=201728 SPS=888 ev=1.000 v_bias=0.2 return=1013.2 length=77 success_rate=1.00 collisions/ep=0.00 (n=13)
update=198 global_step=202752 SPS=890 ev=1.000 v_bias=0.0 return=1013.1 length=77 success_rate=1.00 collisions/ep=0.00 (n=13)
update=199 global_step=203776 SPS=892 ev=1.000 v_bias=0.1 return=1013.5 length=79 success_rate=1.00 collisions/ep=0.00 (n=13)
update=200 global_step=204800 SPS=894 ev=1.000 v_bias=0.0 return=1013.4 length=79 success_rate=1.00 collisions/ep=0.00 (n=13)
Evaluation at update 200: return=1013.45, length=78.85, success_rate=1.00, collisions/ep=0.00
Solved-check at update 200: solved=True worst_gap=-0.03 at p_x0=0.50 p_y0=1.00 (consecutive=16)
Saved checkpoints to C:\Users\loren\Desktop\MASTER THESIS\5_CODE\scenarios\slalom\studies\init_sampler\ppo_uniform\runs\ppo_slalom_15_1791035636
