Using device: cpu
Solved-check: precomputed optimal returns for 25 fixed initial conditions (mean=1013.0, min=1011.0, max=1015.0); solved-tolerance=5.0
batch_size=1024 minibatch_size=256 num_updates=200 timesteps=204800
update=1 global_step=1024 SPS=1436 ev=-0.001 v_bias=27.0 return=876.8 length=112 success_rate=1.00 collisions/ep=2.00 (n=1)
update=2 global_step=2048 SPS=1477 ev=0.371 v_bias=5.6 return=-228.8 length=187 success_rate=0.43 collisions/ep=10.57 (n=7)
update=3 global_step=3072 SPS=1409 ev=0.650 v_bias=17.9 return=-550.6 length=200 success_rate=0.00 collisions/ep=7.33 (n=3)
update=4 global_step=4096 SPS=1414 ev=0.750 v_bias=-13.4 return=-530.6 length=194 success_rate=0.17 collisions/ep=11.17 (n=6)
update=5 global_step=5120 SPS=1405 ev=0.471 v_bias=5.9 return=-337.1 length=196 success_rate=0.14 collisions/ep=6.71 (n=7)
update=6 global_step=6144 SPS=1394 ev=0.458 v_bias=-81.5 return=676.8 length=142 success_rate=1.00 collisions/ep=5.43 (n=7)
update=7 global_step=7168 SPS=1402 ev=0.845 v_bias=-22.9 return=561.1 length=128 success_rate=0.80 collisions/ep=3.80 (n=5)
update=8 global_step=8192 SPS=1413 ev=0.921 v_bias=-24.5 return=30.5 length=184 success_rate=0.38 collisions/ep=4.62 (n=8)
update=9 global_step=9216 SPS=1424 ev=0.950 v_bias=-55.0 return=750.8 length=129 success_rate=1.00 collisions/ep=4.14 (n=7)
update=10 global_step=10240 SPS=1403 ev=0.967 v_bias=-49.4 return=471.2 length=141 success_rate=0.89 collisions/ep=7.33 (n=9)
Evaluation at update 10: return=169.92, length=88.20, success_rate=1.00, collisions/ep=16.70
Solved-check at update 10: solved=False worst_gap=909.90 at p_x0=1.50 p_y0=1.00 (consecutive=0)
update=11 global_step=11264 SPS=824 ev=0.974 v_bias=-51.5 return=725.5 length=104 success_rate=1.00 collisions/ep=5.27 (n=11)
update=12 global_step=12288 SPS=853 ev=0.966 v_bias=-52.0 return=813.1 length=94 success_rate=1.00 collisions/ep=3.67 (n=9)
update=13 global_step=13312 SPS=886 ev=0.981 v_bias=-36.8 return=823.9 length=87 success_rate=1.00 collisions/ep=3.60 (n=15)
update=14 global_step=14336 SPS=917 ev=0.969 v_bias=-24.5 return=793.8 length=82 success_rate=1.00 collisions/ep=4.25 (n=8)
update=15 global_step=15360 SPS=943 ev=0.982 v_bias=-23.3 return=823.7 length=85 success_rate=1.00 collisions/ep=3.73 (n=15)
update=16 global_step=16384 SPS=968 ev=0.952 v_bias=-8.7 return=833.1 length=82 success_rate=1.00 collisions/ep=3.50 (n=10)
update=17 global_step=17408 SPS=993 ev=0.940 v_bias=14.2 return=746.0 length=83 success_rate=1.00 collisions/ep=5.27 (n=15)
update=18 global_step=18432 SPS=1010 ev=0.958 v_bias=8.4 return=700.3 length=82 success_rate=1.00 collisions/ep=6.18 (n=11)
update=19 global_step=19456 SPS=1022 ev=0.961 v_bias=-18.6 return=801.3 length=83 success_rate=1.00 collisions/ep=4.15 (n=13)
update=20 global_step=20480 SPS=1041 ev=0.969 v_bias=-12.9 return=862.1 length=84 success_rate=1.00 collisions/ep=2.92 (n=13)
Evaluation at update 20: return=898.81, length=81.75, success_rate=1.00, collisions/ep=2.25
Solved-check at update 20: solved=False worst_gap=501.97 at p_x0=1.50 p_y0=-1.00 (consecutive=0)
update=21 global_step=21504 SPS=833 ev=0.946 v_bias=0.1 return=833.0 length=83 success_rate=1.00 collisions/ep=3.55 (n=11)
update=22 global_step=22528 SPS=851 ev=0.987 v_bias=-19.5 return=842.9 length=84 success_rate=1.00 collisions/ep=3.36 (n=14)
update=23 global_step=23552 SPS=867 ev=0.963 v_bias=-6.5 return=841.5 length=80 success_rate=1.00 collisions/ep=3.45 (n=11)
update=24 global_step=24576 SPS=885 ev=0.979 v_bias=-8.1 return=913.7 length=82 success_rate=1.00 collisions/ep=1.92 (n=13)
update=25 global_step=25600 SPS=901 ev=0.984 v_bias=-0.8 return=892.9 length=82 success_rate=1.00 collisions/ep=2.33 (n=12)
update=26 global_step=26624 SPS=915 ev=0.987 v_bias=-1.4 return=900.1 length=82 success_rate=1.00 collisions/ep=2.17 (n=12)
update=27 global_step=27648 SPS=926 ev=0.984 v_bias=-2.0 return=922.4 length=84 success_rate=1.00 collisions/ep=1.71 (n=14)
update=28 global_step=28672 SPS=940 ev=0.995 v_bias=-10.8 return=940.8 length=79 success_rate=1.00 collisions/ep=1.36 (n=11)
update=29 global_step=29696 SPS=954 ev=0.989 v_bias=0.6 return=916.5 length=81 success_rate=1.00 collisions/ep=1.87 (n=15)
update=30 global_step=30720 SPS=969 ev=0.995 v_bias=-8.8 return=960.4 length=80 success_rate=1.00 collisions/ep=1.00 (n=10)
Evaluation at update 30: return=962.05, length=81.05, success_rate=1.00, collisions/ep=1.00
Solved-check at update 30: solved=False worst_gap=101.00 at p_x0=2.00 p_y0=-1.00 (consecutive=0)
update=31 global_step=31744 SPS=844 ev=0.996 v_bias=-3.8 return=943.2 length=81 success_rate=1.00 collisions/ep=1.36 (n=14)
update=32 global_step=32768 SPS=857 ev=0.979 v_bias=-0.7 return=931.2 length=79 success_rate=1.00 collisions/ep=1.57 (n=14)
update=33 global_step=33792 SPS=868 ev=0.986 v_bias=-1.0 return=929.1 length=80 success_rate=1.00 collisions/ep=1.64 (n=11)
update=34 global_step=34816 SPS=879 ev=0.994 v_bias=-2.7 return=945.0 length=80 success_rate=1.00 collisions/ep=1.31 (n=16)
update=35 global_step=35840 SPS=889 ev=0.978 v_bias=6.9 return=911.7 length=79 success_rate=1.00 collisions/ep=2.00 (n=11)
update=36 global_step=36864 SPS=900 ev=0.995 v_bias=-0.9 return=935.3 length=81 success_rate=1.00 collisions/ep=1.54 (n=13)
update=37 global_step=37888 SPS=911 ev=0.996 v_bias=-1.9 return=961.8 length=81 success_rate=1.00 collisions/ep=1.00 (n=11)
update=38 global_step=38912 SPS=922 ev=0.981 v_bias=6.3 return=931.2 length=81 success_rate=1.00 collisions/ep=1.62 (n=13)
update=39 global_step=39936 SPS=933 ev=0.998 v_bias=-3.4 return=934.7 length=80 success_rate=1.00 collisions/ep=1.54 (n=13)
update=40 global_step=40960 SPS=943 ev=0.994 v_bias=0.4 return=943.1 length=81 success_rate=1.00 collisions/ep=1.38 (n=13)
Evaluation at update 40: return=942.65, length=80.55, success_rate=1.00, collisions/ep=1.40
Solved-check at update 40: solved=False worst_gap=400.35 at p_x0=2.00 p_y0=-0.50 (consecutive=0)
update=41 global_step=41984 SPS=855 ev=0.998 v_bias=-2.6 return=954.8 length=81 success_rate=1.00 collisions/ep=1.15 (n=13)
update=42 global_step=43008 SPS=865 ev=0.995 v_bias=-0.9 return=942.0 length=78 success_rate=1.00 collisions/ep=1.38 (n=13)
update=43 global_step=44032 SPS=873 ev=0.998 v_bias=-1.8 return=958.0 length=79 success_rate=1.00 collisions/ep=1.08 (n=12)
update=44 global_step=45056 SPS=881 ev=0.997 v_bias=-0.0 return=953.6 length=81 success_rate=1.00 collisions/ep=1.17 (n=12)
update=45 global_step=46080 SPS=890 ev=0.997 v_bias=0.1 return=957.7 length=80 success_rate=1.00 collisions/ep=1.08 (n=12)
update=46 global_step=47104 SPS=898 ev=0.996 v_bias=1.2 return=951.3 length=81 success_rate=1.00 collisions/ep=1.20 (n=15)
update=47 global_step=48128 SPS=906 ev=0.996 v_bias=1.1 return=950.0 length=79 success_rate=1.00 collisions/ep=1.23 (n=13)
update=48 global_step=49152 SPS=914 ev=0.995 v_bias=1.3 return=948.6 length=77 success_rate=1.00 collisions/ep=1.25 (n=12)
update=49 global_step=50176 SPS=923 ev=0.997 v_bias=-0.2 return=954.5 length=77 success_rate=1.00 collisions/ep=1.14 (n=14)
update=50 global_step=51200 SPS=931 ev=0.999 v_bias=-2.0 return=958.1 length=79 success_rate=1.00 collisions/ep=1.08 (n=13)
Evaluation at update 50: return=947.82, length=80.25, success_rate=1.00, collisions/ep=1.30
Solved-check at update 50: solved=False worst_gap=350.23 at p_x0=1.50 p_y0=-1.00 (consecutive=0)
update=51 global_step=52224 SPS=860 ev=0.970 v_bias=9.2 return=930.5 length=80 success_rate=1.00 collisions/ep=1.64 (n=11)
update=52 global_step=53248 SPS=868 ev=0.991 v_bias=-3.0 return=928.6 length=78 success_rate=1.00 collisions/ep=1.67 (n=15)
update=53 global_step=54272 SPS=873 ev=0.997 v_bias=-3.6 return=942.1 length=79 success_rate=1.00 collisions/ep=1.38 (n=13)
update=54 global_step=55296 SPS=881 ev=0.996 v_bias=-1.6 return=957.4 length=80 success_rate=1.00 collisions/ep=1.09 (n=11)
update=55 global_step=56320 SPS=888 ev=0.995 v_bias=-0.3 return=953.3 length=81 success_rate=1.00 collisions/ep=1.19 (n=16)
update=56 global_step=57344 SPS=896 ev=0.990 v_bias=-0.5 return=949.1 length=76 success_rate=1.00 collisions/ep=1.25 (n=12)
update=57 global_step=58368 SPS=903 ev=0.997 v_bias=-2.2 return=932.4 length=75 success_rate=1.00 collisions/ep=1.58 (n=12)
update=58 global_step=59392 SPS=910 ev=0.993 v_bias=0.2 return=952.3 length=79 success_rate=1.00 collisions/ep=1.20 (n=15)
update=59 global_step=60416 SPS=917 ev=0.993 v_bias=2.0 return=940.8 length=77 success_rate=1.00 collisions/ep=1.42 (n=12)
update=60 global_step=61440 SPS=925 ev=0.997 v_bias=-1.1 return=946.4 length=78 success_rate=1.00 collisions/ep=1.31 (n=13)
Evaluation at update 60: return=960.47, length=80.20, success_rate=1.00, collisions/ep=1.05
Solved-check at update 60: solved=False worst_gap=100.68 at p_x0=0.00 p_y0=1.00 (consecutive=0)
update=61 global_step=62464 SPS=864 ev=0.997 v_bias=-2.0 return=955.2 length=80 success_rate=1.00 collisions/ep=1.14 (n=14)
update=62 global_step=63488 SPS=870 ev=0.999 v_bias=-1.8 return=966.5 length=78 success_rate=1.00 collisions/ep=0.92 (n=12)
update=63 global_step=64512 SPS=877 ev=0.998 v_bias=0.7 return=958.5 length=80 success_rate=1.00 collisions/ep=1.07 (n=14)
update=64 global_step=65536 SPS=882 ev=0.997 v_bias=1.0 return=950.2 length=81 success_rate=1.00 collisions/ep=1.25 (n=12)
update=65 global_step=66560 SPS=888 ev=0.997 v_bias=1.1 return=958.6 length=79 success_rate=1.00 collisions/ep=1.08 (n=13)
update=66 global_step=67584 SPS=895 ev=0.995 v_bias=1.0 return=939.8 length=80 success_rate=1.00 collisions/ep=1.46 (n=13)
update=67 global_step=68608 SPS=900 ev=0.997 v_bias=-1.9 return=954.4 length=80 success_rate=1.00 collisions/ep=1.17 (n=12)
update=68 global_step=69632 SPS=908 ev=0.999 v_bias=-1.7 return=958.8 length=79 success_rate=1.00 collisions/ep=1.08 (n=13)
update=69 global_step=70656 SPS=913 ev=0.998 v_bias=-0.8 return=959.3 length=81 success_rate=1.00 collisions/ep=1.08 (n=13)
update=70 global_step=71680 SPS=917 ev=0.988 v_bias=1.5 return=937.7 length=79 success_rate=1.00 collisions/ep=1.50 (n=14)
Evaluation at update 70: return=943.14, length=79.90, success_rate=1.00, collisions/ep=1.40
Solved-check at update 70: solved=False worst_gap=499.88 at p_x0=2.00 p_y0=-0.50 (consecutive=0)
update=71 global_step=72704 SPS=867 ev=0.998 v_bias=-1.7 return=971.1 length=77 success_rate=1.00 collisions/ep=0.82 (n=11)
update=72 global_step=73728 SPS=873 ev=0.991 v_bias=0.7 return=952.3 length=80 success_rate=1.00 collisions/ep=1.21 (n=14)
update=73 global_step=74752 SPS=879 ev=0.995 v_bias=-0.5 return=958.6 length=79 success_rate=1.00 collisions/ep=1.08 (n=13)
update=74 global_step=75776 SPS=885 ev=0.967 v_bias=6.1 return=970.2 length=78 success_rate=1.00 collisions/ep=0.85 (n=13)
update=75 global_step=76800 SPS=890 ev=0.967 v_bias=4.9 return=889.4 length=77 success_rate=1.00 collisions/ep=2.47 (n=15)
update=76 global_step=77824 SPS=895 ev=0.959 v_bias=2.3 return=949.1 length=79 success_rate=1.00 collisions/ep=1.27 (n=11)
update=77 global_step=78848 SPS=900 ev=0.991 v_bias=-6.9 return=937.9 length=80 success_rate=1.00 collisions/ep=1.50 (n=14)
update=78 global_step=79872 SPS=905 ev=0.992 v_bias=1.5 return=941.7 length=78 success_rate=1.00 collisions/ep=1.42 (n=12)
update=79 global_step=80896 SPS=909 ev=0.995 v_bias=-1.8 return=959.2 length=82 success_rate=1.00 collisions/ep=1.08 (n=13)
update=80 global_step=81920 SPS=914 ev=0.998 v_bias=-0.9 return=962.7 length=78 success_rate=1.00 collisions/ep=1.00 (n=13)
Evaluation at update 80: return=960.67, length=79.80, success_rate=1.00, collisions/ep=1.05
Solved-check at update 80: solved=False worst_gap=99.98 at p_x0=1.50 p_y0=-1.00 (consecutive=0)
update=81 global_step=82944 SPS=871 ev=0.998 v_bias=0.5 return=954.8 length=80 success_rate=1.00 collisions/ep=1.17 (n=12)
update=82 global_step=83968 SPS=876 ev=0.993 v_bias=0.9 return=949.3 length=77 success_rate=1.00 collisions/ep=1.27 (n=15)
update=83 global_step=84992 SPS=880 ev=0.999 v_bias=-1.1 return=962.5 length=78 success_rate=1.00 collisions/ep=1.00 (n=11)
update=84 global_step=86016 SPS=885 ev=0.997 v_bias=1.6 return=955.7 length=81 success_rate=1.00 collisions/ep=1.15 (n=13)
update=85 global_step=87040 SPS=889 ev=0.998 v_bias=-2.6 return=963.4 length=81 success_rate=1.00 collisions/ep=1.00 (n=14)
update=86 global_step=88064 SPS=893 ev=0.998 v_bias=-0.7 return=962.4 length=76 success_rate=1.00 collisions/ep=1.00 (n=11)
update=87 global_step=89088 SPS=898 ev=0.999 v_bias=-1.1 return=959.7 length=78 success_rate=1.00 collisions/ep=1.07 (n=15)
update=88 global_step=90112 SPS=902 ev=0.999 v_bias=-0.2 return=962.7 length=78 success_rate=1.00 collisions/ep=1.00 (n=13)
update=89 global_step=91136 SPS=907 ev=0.999 v_bias=-0.2 return=962.6 length=78 success_rate=1.00 collisions/ep=1.00 (n=13)
update=90 global_step=92160 SPS=911 ev=0.998 v_bias=0.7 return=959.1 length=78 success_rate=1.00 collisions/ep=1.07 (n=14)
Evaluation at update 90: return=955.73, length=79.80, success_rate=1.00, collisions/ep=1.15
Solved-check at update 90: solved=False worst_gap=199.74 at p_x0=2.00 p_y0=-1.00 (consecutive=0)
update=91 global_step=93184 SPS=871 ev=0.998 v_bias=1.4 return=958.7 length=77 success_rate=1.00 collisions/ep=1.08 (n=13)
update=92 global_step=94208 SPS=875 ev=0.998 v_bias=-2.1 return=967.7 length=80 success_rate=1.00 collisions/ep=0.91 (n=11)
update=93 global_step=95232 SPS=880 ev=0.998 v_bias=-1.5 return=973.3 length=80 success_rate=1.00 collisions/ep=0.80 (n=15)
update=94 global_step=96256 SPS=884 ev=0.996 v_bias=-1.6 return=979.3 length=77 success_rate=1.00 collisions/ep=0.67 (n=12)
update=95 global_step=97280 SPS=888 ev=0.997 v_bias=-2.1 return=974.7 length=81 success_rate=1.00 collisions/ep=0.77 (n=13)
update=96 global_step=98304 SPS=891 ev=0.966 v_bias=3.8 return=955.6 length=78 success_rate=1.00 collisions/ep=1.14 (n=14)
update=97 global_step=99328 SPS=895 ev=0.993 v_bias=-2.9 return=975.9 length=76 success_rate=1.00 collisions/ep=0.73 (n=11)
update=98 global_step=100352 SPS=899 ev=0.970 v_bias=4.7 return=955.7 length=76 success_rate=1.00 collisions/ep=1.13 (n=15)
update=99 global_step=101376 SPS=903 ev=0.982 v_bias=-5.6 return=985.9 length=77 success_rate=1.00 collisions/ep=0.53 (n=15)
update=100 global_step=102400 SPS=906 ev=0.994 v_bias=-4.5 return=983.5 length=81 success_rate=1.00 collisions/ep=0.60 (n=10)
Evaluation at update 100: return=993.27, length=79.80, success_rate=1.00, collisions/ep=0.40
Solved-check at update 100: solved=False worst_gap=449.87 at p_x0=1.50 p_y0=-1.00 (consecutive=0)
update=101 global_step=103424 SPS=872 ev=0.998 v_bias=-3.6 return=1002.4 length=80 success_rate=1.00 collisions/ep=0.21 (n=14)
update=102 global_step=104448 SPS=876 ev=0.995 v_bias=-1.3 return=1001.5 length=79 success_rate=1.00 collisions/ep=0.31 (n=13)
update=103 global_step=105472 SPS=880 ev=0.996 v_bias=0.3 return=1001.3 length=82 success_rate=1.00 collisions/ep=0.42 (n=12)
update=104 global_step=106496 SPS=884 ev=0.985 v_bias=3.7 return=973.2 length=77 success_rate=1.00 collisions/ep=0.79 (n=14)
update=105 global_step=107520 SPS=887 ev=0.971 v_bias=2.3 return=979.6 length=78 success_rate=1.00 collisions/ep=0.83 (n=12)
update=106 global_step=108544 SPS=890 ev=0.979 v_bias=3.7 return=993.2 length=77 success_rate=1.00 collisions/ep=0.54 (n=13)
update=107 global_step=109568 SPS=894 ev=0.996 v_bias=-5.8 return=980.2 length=78 success_rate=1.00 collisions/ep=0.64 (n=14)
update=108 global_step=110592 SPS=898 ev=0.996 v_bias=0.2 return=1005.1 length=79 success_rate=1.00 collisions/ep=0.15 (n=13)
update=109 global_step=111616 SPS=902 ev=0.994 v_bias=2.1 return=981.0 length=79 success_rate=1.00 collisions/ep=0.64 (n=14)
update=110 global_step=112640 SPS=906 ev=0.997 v_bias=0.2 return=1003.3 length=77 success_rate=1.00 collisions/ep=0.18 (n=11)
Evaluation at update 110: return=1013.21, length=79.80, success_rate=1.00, collisions/ep=0.00
Solved-check at update 110: solved=False worst_gap=449.73 at p_x0=2.00 p_y0=-1.00 (consecutive=0)
update=111 global_step=113664 SPS=874 ev=0.998 v_bias=-0.1 return=1003.3 length=80 success_rate=1.00 collisions/ep=0.33 (n=15)
update=112 global_step=114688 SPS=878 ev=0.992 v_bias=2.3 return=985.8 length=81 success_rate=1.00 collisions/ep=0.82 (n=11)
update=113 global_step=115712 SPS=881 ev=0.997 v_bias=-0.7 return=1001.8 length=81 success_rate=1.00 collisions/ep=0.23 (n=13)
update=114 global_step=116736 SPS=885 ev=0.998 v_bias=-1.0 return=1005.7 length=81 success_rate=1.00 collisions/ep=0.23 (n=13)
update=115 global_step=117760 SPS=888 ev=0.977 v_bias=1.3 return=1008.5 length=77 success_rate=1.00 collisions/ep=0.23 (n=13)
update=116 global_step=118784 SPS=892 ev=0.999 v_bias=-3.4 return=990.7 length=77 success_rate=1.00 collisions/ep=0.64 (n=14)
update=117 global_step=119808 SPS=895 ev=0.998 v_bias=0.4 return=1005.1 length=79 success_rate=1.00 collisions/ep=0.38 (n=13)
update=118 global_step=120832 SPS=898 ev=0.999 v_bias=-1.0 return=1012.7 length=78 success_rate=1.00 collisions/ep=0.00 (n=12)
update=119 global_step=121856 SPS=901 ev=0.999 v_bias=-0.1 return=1009.7 length=81 success_rate=1.00 collisions/ep=0.21 (n=14)
update=120 global_step=122880 SPS=904 ev=1.000 v_bias=0.0 return=1013.0 length=80 success_rate=1.00 collisions/ep=0.08 (n=12)
Evaluation at update 120: return=1013.21, length=79.80, success_rate=1.00, collisions/ep=0.00
Solved-check at update 120: solved=True worst_gap=0.42 at p_x0=0.00 p_y0=1.00 (consecutive=0)
update=121 global_step=123904 SPS=875 ev=0.993 v_bias=1.6 return=1001.6 length=80 success_rate=1.00 collisions/ep=0.46 (n=13)
update=122 global_step=124928 SPS=878 ev=0.999 v_bias=-0.6 return=1012.7 length=78 success_rate=1.00 collisions/ep=0.07 (n=14)
update=123 global_step=125952 SPS=882 ev=0.999 v_bias=-0.7 return=1012.7 length=79 success_rate=1.00 collisions/ep=0.08 (n=12)
update=124 global_step=126976 SPS=885 ev=0.996 v_bias=1.2 return=1005.1 length=79 success_rate=1.00 collisions/ep=0.15 (n=13)
update=125 global_step=128000 SPS=888 ev=1.000 v_bias=-0.0 return=1012.9 length=79 success_rate=1.00 collisions/ep=0.08 (n=13)
update=126 global_step=129024 SPS=891 ev=0.997 v_bias=0.4 return=1004.7 length=79 success_rate=1.00 collisions/ep=0.17 (n=12)
update=127 global_step=130048 SPS=894 ev=1.000 v_bias=-1.1 return=1012.7 length=78 success_rate=1.00 collisions/ep=0.00 (n=15)
update=128 global_step=131072 SPS=897 ev=0.998 v_bias=1.1 return=1008.3 length=79 success_rate=1.00 collisions/ep=0.09 (n=11)
update=129 global_step=132096 SPS=901 ev=1.000 v_bias=0.0 return=1009.5 length=80 success_rate=1.00 collisions/ep=0.07 (n=14)
update=130 global_step=133120 SPS=904 ev=1.000 v_bias=-0.3 return=1012.6 length=79 success_rate=1.00 collisions/ep=0.00 (n=12)
Evaluation at update 130: return=1013.24, length=79.80, success_rate=1.00, collisions/ep=0.00
Solved-check at update 130: solved=True worst_gap=0.42 at p_x0=0.00 p_y0=1.00 (consecutive=1)
Solved criterion held for 2 consecutive evals (tolerance=5.0) at global_step=133120.
update=131 global_step=134144 SPS=877 ev=1.000 v_bias=-0.3 return=1012.6 length=79 success_rate=1.00 collisions/ep=0.00 (n=13)
update=132 global_step=135168 SPS=880 ev=0.999 v_bias=1.0 return=1008.7 length=79 success_rate=1.00 collisions/ep=0.08 (n=12)
update=133 global_step=136192 SPS=882 ev=0.994 v_bias=1.1 return=1003.2 length=80 success_rate=1.00 collisions/ep=0.20 (n=15)
update=134 global_step=137216 SPS=885 ev=1.000 v_bias=-1.3 return=1012.7 length=79 success_rate=1.00 collisions/ep=0.00 (n=11)
update=135 global_step=138240 SPS=888 ev=1.000 v_bias=-0.4 return=1013.0 length=80 success_rate=1.00 collisions/ep=0.07 (n=14)
update=136 global_step=139264 SPS=891 ev=0.999 v_bias=-0.0 return=1009.0 length=77 success_rate=1.00 collisions/ep=0.07 (n=14)
update=137 global_step=140288 SPS=893 ev=1.000 v_bias=-0.2 return=1013.0 length=79 success_rate=1.00 collisions/ep=0.00 (n=12)
update=138 global_step=141312 SPS=896 ev=1.000 v_bias=-0.2 return=1013.0 length=79 success_rate=1.00 collisions/ep=0.00 (n=14)
update=139 global_step=142336 SPS=899 ev=1.000 v_bias=-0.3 return=1013.0 length=79 success_rate=1.00 collisions/ep=0.00 (n=11)
update=140 global_step=143360 SPS=902 ev=1.000 v_bias=-0.2 return=1013.0 length=79 success_rate=1.00 collisions/ep=0.07 (n=15)
Evaluation at update 140: return=1013.36, length=79.75, success_rate=1.00, collisions/ep=0.00
Solved-check at update 140: solved=True worst_gap=0.26 at p_x0=0.00 p_y0=1.00 (consecutive=2)
update=141 global_step=144384 SPS=877 ev=1.000 v_bias=-0.3 return=1013.2 length=79 success_rate=1.00 collisions/ep=0.00 (n=11)
update=142 global_step=145408 SPS=880 ev=0.999 v_bias=0.8 return=1009.8 length=80 success_rate=1.00 collisions/ep=0.21 (n=14)
update=143 global_step=146432 SPS=883 ev=1.000 v_bias=-0.3 return=1012.8 length=78 success_rate=1.00 collisions/ep=0.08 (n=13)
update=144 global_step=147456 SPS=885 ev=1.000 v_bias=-0.5 return=1012.9 length=78 success_rate=1.00 collisions/ep=0.00 (n=13)
update=145 global_step=148480 SPS=887 ev=0.999 v_bias=0.8 return=1009.5 length=79 success_rate=1.00 collisions/ep=0.07 (n=14)
update=146 global_step=149504 SPS=890 ev=1.000 v_bias=-0.4 return=1012.7 length=79 success_rate=1.00 collisions/ep=0.00 (n=14)
update=147 global_step=150528 SPS=893 ev=0.998 v_bias=0.9 return=1008.3 length=79 success_rate=1.00 collisions/ep=0.09 (n=11)
update=148 global_step=151552 SPS=896 ev=1.000 v_bias=-0.4 return=1009.1 length=76 success_rate=1.00 collisions/ep=0.07 (n=15)
update=149 global_step=152576 SPS=898 ev=0.999 v_bias=0.3 return=1008.7 length=79 success_rate=1.00 collisions/ep=0.08 (n=12)
update=150 global_step=153600 SPS=900 ev=0.995 v_bias=2.3 return=1000.8 length=80 success_rate=1.00 collisions/ep=0.42 (n=12)
Evaluation at update 150: return=1013.37, length=79.75, success_rate=1.00, collisions/ep=0.00
Solved-check at update 150: solved=True worst_gap=0.24 at p_x0=0.00 p_y0=1.00 (consecutive=3)
update=151 global_step=154624 SPS=878 ev=0.999 v_bias=-0.1 return=1009.8 length=79 success_rate=1.00 collisions/ep=0.13 (n=15)
update=152 global_step=155648 SPS=880 ev=1.000 v_bias=-0.7 return=1012.9 length=79 success_rate=1.00 collisions/ep=0.00 (n=10)
update=153 global_step=156672 SPS=883 ev=1.000 v_bias=-0.8 return=1012.8 length=79 success_rate=1.00 collisions/ep=0.00 (n=15)
update=154 global_step=157696 SPS=885 ev=0.996 v_bias=1.2 return=1001.1 length=77 success_rate=1.00 collisions/ep=0.31 (n=13)
update=155 global_step=158720 SPS=888 ev=0.999 v_bias=0.3 return=1012.9 length=78 success_rate=1.00 collisions/ep=0.00 (n=12)
update=156 global_step=159744 SPS=890 ev=1.000 v_bias=-0.2 return=1009.4 length=78 success_rate=1.00 collisions/ep=0.07 (n=14)
update=157 global_step=160768 SPS=893 ev=1.000 v_bias=-0.4 return=1013.0 length=78 success_rate=1.00 collisions/ep=0.00 (n=13)
update=158 global_step=161792 SPS=895 ev=1.000 v_bias=-0.0 return=1013.5 length=81 success_rate=1.00 collisions/ep=0.00 (n=12)
update=159 global_step=162816 SPS=898 ev=1.000 v_bias=-0.5 return=1013.6 length=81 success_rate=1.00 collisions/ep=0.00 (n=14)
update=160 global_step=163840 SPS=900 ev=1.000 v_bias=-0.1 return=1013.2 length=79 success_rate=1.00 collisions/ep=0.00 (n=12)
Evaluation at update 160: return=1013.41, length=79.75, success_rate=1.00, collisions/ep=0.00
Solved-check at update 160: solved=True worst_gap=0.20 at p_x0=0.00 p_y0=1.00 (consecutive=4)
update=161 global_step=164864 SPS=878 ev=1.000 v_bias=0.3 return=1013.6 length=81 success_rate=1.00 collisions/ep=0.00 (n=14)
update=162 global_step=165888 SPS=880 ev=0.982 v_bias=4.2 return=1005.5 length=79 success_rate=1.00 collisions/ep=0.31 (n=13)
update=163 global_step=166912 SPS=883 ev=0.999 v_bias=-0.3 return=985.7 length=79 success_rate=1.00 collisions/ep=0.55 (n=11)
update=164 global_step=167936 SPS=885 ev=1.000 v_bias=-1.2 return=1013.5 length=80 success_rate=1.00 collisions/ep=0.00 (n=14)
update=165 global_step=168960 SPS=887 ev=1.000 v_bias=-0.6 return=1012.9 length=77 success_rate=1.00 collisions/ep=0.08 (n=13)
update=166 global_step=169984 SPS=890 ev=1.000 v_bias=-0.7 return=1012.9 length=78 success_rate=1.00 collisions/ep=0.00 (n=13)
update=167 global_step=171008 SPS=892 ev=1.000 v_bias=0.0 return=1013.0 length=78 success_rate=1.00 collisions/ep=0.00 (n=12)
update=168 global_step=172032 SPS=894 ev=1.000 v_bias=0.0 return=1013.0 length=78 success_rate=1.00 collisions/ep=0.00 (n=14)
update=169 global_step=173056 SPS=896 ev=1.000 v_bias=0.0 return=1013.0 length=78 success_rate=1.00 collisions/ep=0.07 (n=14)
update=170 global_step=174080 SPS=899 ev=1.000 v_bias=-0.1 return=1013.1 length=78 success_rate=1.00 collisions/ep=0.00 (n=13)
Evaluation at update 170: return=1013.44, length=79.75, success_rate=1.00, collisions/ep=0.00
Solved-check at update 170: solved=True worst_gap=0.15 at p_x0=0.00 p_y0=1.00 (consecutive=5)
update=171 global_step=175104 SPS=877 ev=0.999 v_bias=0.9 return=1008.8 length=76 success_rate=1.00 collisions/ep=0.08 (n=13)
update=172 global_step=176128 SPS=879 ev=1.000 v_bias=-0.6 return=1012.9 length=77 success_rate=1.00 collisions/ep=0.00 (n=13)
update=173 global_step=177152 SPS=881 ev=1.000 v_bias=-0.4 return=1013.1 length=78 success_rate=1.00 collisions/ep=0.00 (n=14)
update=174 global_step=178176 SPS=883 ev=1.000 v_bias=-0.3 return=1012.8 length=77 success_rate=1.00 collisions/ep=0.00 (n=14)
update=175 global_step=179200 SPS=885 ev=1.000 v_bias=-0.1 return=1012.6 length=77 success_rate=1.00 collisions/ep=0.00 (n=12)
update=176 global_step=180224 SPS=888 ev=0.999 v_bias=0.4 return=1009.0 length=78 success_rate=1.00 collisions/ep=0.08 (n=13)
update=177 global_step=181248 SPS=889 ev=0.999 v_bias=0.7 return=1009.2 length=77 success_rate=1.00 collisions/ep=0.07 (n=14)
update=178 global_step=182272 SPS=891 ev=1.000 v_bias=0.1 return=1013.8 length=81 success_rate=1.00 collisions/ep=0.09 (n=11)
update=179 global_step=183296 SPS=894 ev=1.000 v_bias=-0.2 return=1013.2 length=79 success_rate=1.00 collisions/ep=0.00 (n=15)
update=180 global_step=184320 SPS=896 ev=0.999 v_bias=1.0 return=1008.7 length=79 success_rate=1.00 collisions/ep=0.27 (n=11)
Evaluation at update 180: return=1013.46, length=79.75, success_rate=1.00, collisions/ep=0.00
Solved-check at update 180: solved=True worst_gap=0.13 at p_x0=0.00 p_y0=1.00 (consecutive=6)
update=181 global_step=185344 SPS=876 ev=1.000 v_bias=-0.5 return=1013.1 length=78 success_rate=1.00 collisions/ep=0.07 (n=14)
update=182 global_step=186368 SPS=878 ev=1.000 v_bias=-0.5 return=1012.8 length=77 success_rate=1.00 collisions/ep=0.00 (n=15)
update=183 global_step=187392 SPS=880 ev=1.000 v_bias=-0.4 return=1012.9 length=77 success_rate=1.00 collisions/ep=0.09 (n=11)
update=184 global_step=188416 SPS=882 ev=0.999 v_bias=1.1 return=1009.1 length=77 success_rate=1.00 collisions/ep=0.14 (n=14)
update=185 global_step=189440 SPS=885 ev=1.000 v_bias=-0.2 return=1013.2 length=79 success_rate=1.00 collisions/ep=0.00 (n=13)
update=186 global_step=190464 SPS=887 ev=1.000 v_bias=-0.0 return=1013.7 length=81 success_rate=1.00 collisions/ep=0.00 (n=13)
update=187 global_step=191488 SPS=889 ev=0.998 v_bias=1.1 return=1009.6 length=79 success_rate=1.00 collisions/ep=0.08 (n=13)
update=188 global_step=192512 SPS=891 ev=1.000 v_bias=-0.4 return=1008.8 length=77 success_rate=1.00 collisions/ep=0.08 (n=12)
update=189 global_step=193536 SPS=893 ev=1.000 v_bias=-0.5 return=1013.7 length=82 success_rate=1.00 collisions/ep=0.07 (n=14)
update=190 global_step=194560 SPS=896 ev=1.000 v_bias=-0.7 return=1013.3 length=79 success_rate=1.00 collisions/ep=0.08 (n=12)
Evaluation at update 190: return=1013.46, length=79.75, success_rate=1.00, collisions/ep=0.00
Solved-check at update 190: solved=True worst_gap=0.13 at p_x0=0.00 p_y0=1.00 (consecutive=7)
update=191 global_step=195584 SPS=878 ev=1.000 v_bias=-0.3 return=1013.2 length=79 success_rate=1.00 collisions/ep=0.08 (n=13)
update=192 global_step=196608 SPS=881 ev=1.000 v_bias=-0.1 return=1013.2 length=79 success_rate=1.00 collisions/ep=0.00 (n=15)
update=193 global_step=197632 SPS=883 ev=1.000 v_bias=-0.0 return=1012.5 length=75 success_rate=1.00 collisions/ep=0.00 (n=11)
update=194 global_step=198656 SPS=885 ev=1.000 v_bias=0.4 return=1013.1 length=78 success_rate=1.00 collisions/ep=0.07 (n=15)
update=195 global_step=199680 SPS=887 ev=1.000 v_bias=0.3 return=1013.1 length=78 success_rate=1.00 collisions/ep=0.00 (n=12)
update=196 global_step=200704 SPS=889 ev=1.000 v_bias=-0.4 return=1012.9 length=78 success_rate=1.00 collisions/ep=0.00 (n=12)
update=197 global_step=201728 SPS=891 ev=1.000 v_bias=0.0 return=1013.0 length=78 success_rate=1.00 collisions/ep=0.00 (n=15)
update=198 global_step=202752 SPS=893 ev=1.000 v_bias=0.1 return=1013.1 length=78 success_rate=1.00 collisions/ep=0.00 (n=11)
update=199 global_step=203776 SPS=895 ev=1.000 v_bias=0.2 return=1013.1 length=79 success_rate=1.00 collisions/ep=0.00 (n=14)
update=200 global_step=204800 SPS=897 ev=1.000 v_bias=0.1 return=1012.8 length=78 success_rate=1.00 collisions/ep=0.00 (n=15)
Evaluation at update 200: return=1013.47, length=79.75, success_rate=1.00, collisions/ep=0.00
Solved-check at update 200: solved=True worst_gap=0.12 at p_x0=0.00 p_y0=1.00 (consecutive=8)
Saved checkpoints to C:\Users\loren\Desktop\MASTER THESIS\5_CODE\scenarios\slalom\studies\init_sampler\ppo_uniform\runs\ppo_slalom_18_1791035646
