Using device: cpu
Solved-check: precomputed optimal returns for 25 fixed initial conditions (mean=1013.0, min=1011.0, max=1015.0); solved-tolerance=5.0
batch_size=1024 minibatch_size=256 num_updates=200 timesteps=204800
update=1 global_step=1024 SPS=1427 ev=0.000 v_bias=57.8
update=2 global_step=2048 SPS=1439 ev=0.035 v_bias=17.7 return=-568.5 length=200 success_rate=0.12 collisions/ep=10.25 (n=8)
update=3 global_step=3072 SPS=1549 ev=0.315 v_bias=2.2 return=753.1 length=135 success_rate=1.00 collisions/ep=4.00 (n=3)
update=4 global_step=4096 SPS=1610 ev=0.808 v_bias=7.7 return=-858.3 length=200 success_rate=0.00 collisions/ep=13.17 (n=6)
update=5 global_step=5120 SPS=1581 ev=0.607 v_bias=-35.4 return=-73.6 length=175 success_rate=0.33 collisions/ep=5.78 (n=9)
update=6 global_step=6144 SPS=1563 ev=0.844 v_bias=-42.8 return=513.9 length=138 success_rate=0.75 collisions/ep=3.75 (n=4)
update=7 global_step=7168 SPS=1574 ev=0.936 v_bias=-19.4 return=-455.6 length=200 success_rate=0.00 collisions/ep=6.40 (n=5)
update=8 global_step=8192 SPS=1537 ev=0.818 v_bias=-51.6 return=516.8 length=138 success_rate=0.80 collisions/ep=4.60 (n=10)
update=9 global_step=9216 SPS=1538 ev=0.917 v_bias=-66.6 return=659.8 length=114 success_rate=1.00 collisions/ep=6.30 (n=10)
update=10 global_step=10240 SPS=1544 ev=0.957 v_bias=-59.8 return=767.0 length=91 success_rate=1.00 collisions/ep=4.64 (n=11)
Evaluation at update 10: return=582.17, length=83.75, success_rate=1.00, collisions/ep=8.50
Solved-check at update 10: solved=False worst_gap=506.94 at p_x0=2.00 p_y0=-1.00 (consecutive=0)
update=11 global_step=11264 SPS=868 ev=0.973 v_bias=-51.5 return=719.7 length=96 success_rate=1.00 collisions/ep=5.60 (n=10)
update=12 global_step=12288 SPS=903 ev=0.985 v_bias=-34.5 return=800.7 length=89 success_rate=1.00 collisions/ep=4.00 (n=14)
update=13 global_step=13312 SPS=935 ev=0.959 v_bias=-16.0 return=776.5 length=87 success_rate=1.00 collisions/ep=4.56 (n=9)
update=14 global_step=14336 SPS=958 ev=0.972 v_bias=-13.9 return=813.5 length=87 success_rate=1.00 collisions/ep=3.86 (n=14)
update=15 global_step=15360 SPS=980 ev=0.966 v_bias=-21.4 return=823.9 length=84 success_rate=1.00 collisions/ep=3.70 (n=10)
update=16 global_step=16384 SPS=991 ev=0.979 v_bias=-11.8 return=841.2 length=83 success_rate=1.00 collisions/ep=3.36 (n=14)
update=17 global_step=17408 SPS=1006 ev=0.975 v_bias=-13.5 return=874.6 length=81 success_rate=1.00 collisions/ep=2.70 (n=10)
update=18 global_step=18432 SPS=1020 ev=0.982 v_bias=-4.9 return=915.0 length=83 success_rate=1.00 collisions/ep=1.88 (n=16)
update=19 global_step=19456 SPS=1037 ev=0.978 v_bias=-11.5 return=909.3 length=84 success_rate=1.00 collisions/ep=2.00 (n=11)
update=20 global_step=20480 SPS=1057 ev=0.990 v_bias=-11.2 return=934.5 length=82 success_rate=1.00 collisions/ep=1.62 (n=13)
Evaluation at update 20: return=961.27, length=79.70, success_rate=1.00, collisions/ep=1.00
Solved-check at update 20: solved=False worst_gap=52.09 at p_x0=2.00 p_y0=1.00 (consecutive=0)
update=21 global_step=21504 SPS=842 ev=0.979 v_bias=0.2 return=939.8 length=82 success_rate=1.00 collisions/ep=1.42 (n=12)
update=22 global_step=22528 SPS=863 ev=0.987 v_bias=-11.4 return=930.8 length=80 success_rate=1.00 collisions/ep=1.58 (n=12)
update=23 global_step=23552 SPS=879 ev=0.987 v_bias=-4.1 return=952.1 length=81 success_rate=1.00 collisions/ep=1.15 (n=13)
update=24 global_step=24576 SPS=895 ev=0.991 v_bias=-8.3 return=968.2 length=81 success_rate=1.00 collisions/ep=0.83 (n=12)
update=25 global_step=25600 SPS=907 ev=0.989 v_bias=-2.0 return=959.1 length=82 success_rate=1.00 collisions/ep=1.00 (n=15)
update=26 global_step=26624 SPS=919 ev=0.990 v_bias=-9.3 return=996.4 length=82 success_rate=1.00 collisions/ep=0.30 (n=10)
update=27 global_step=27648 SPS=930 ev=0.977 v_bias=4.6 return=964.1 length=81 success_rate=1.00 collisions/ep=0.93 (n=15)
update=28 global_step=28672 SPS=941 ev=0.983 v_bias=-2.8 return=970.7 length=81 success_rate=1.00 collisions/ep=0.90 (n=10)
update=29 global_step=29696 SPS=954 ev=0.997 v_bias=-4.2 return=1011.4 length=81 success_rate=1.00 collisions/ep=0.13 (n=15)
update=30 global_step=30720 SPS=967 ev=0.991 v_bias=-1.9 return=998.8 length=81 success_rate=1.00 collisions/ep=0.23 (n=13)
Evaluation at update 30: return=1011.65, length=79.30, success_rate=1.00, collisions/ep=0.00
Solved-check at update 30: solved=False worst_gap=50.91 at p_x0=2.00 p_y0=-1.00 (consecutive=0)
update=31 global_step=31744 SPS=834 ev=0.988 v_bias=1.4 return=992.0 length=80 success_rate=1.00 collisions/ep=0.36 (n=11)
update=32 global_step=32768 SPS=843 ev=0.995 v_bias=1.0 return=980.6 length=79 success_rate=1.00 collisions/ep=0.67 (n=15)
update=33 global_step=33792 SPS=856 ev=0.993 v_bias=-0.5 return=1005.4 length=81 success_rate=1.00 collisions/ep=0.22 (n=9)
update=34 global_step=34816 SPS=869 ev=0.995 v_bias=-0.1 return=992.4 length=82 success_rate=1.00 collisions/ep=0.38 (n=16)
update=35 global_step=35840 SPS=879 ev=0.998 v_bias=-3.5 return=1010.8 length=79 success_rate=1.00 collisions/ep=0.00 (n=11)
update=36 global_step=36864 SPS=889 ev=0.996 v_bias=-0.2 return=1003.6 length=81 success_rate=1.00 collisions/ep=0.15 (n=13)
update=37 global_step=37888 SPS=897 ev=0.995 v_bias=0.6 return=997.1 length=80 success_rate=1.00 collisions/ep=0.29 (n=14)
update=38 global_step=38912 SPS=906 ev=0.994 v_bias=2.0 return=984.1 length=78 success_rate=1.00 collisions/ep=0.55 (n=11)
update=39 global_step=39936 SPS=917 ev=0.996 v_bias=0.1 return=998.5 length=81 success_rate=1.00 collisions/ep=0.33 (n=15)
update=40 global_step=40960 SPS=928 ev=0.997 v_bias=-1.6 return=1003.6 length=80 success_rate=1.00 collisions/ep=0.17 (n=12)
Evaluation at update 40: return=1012.21, length=78.80, success_rate=1.00, collisions/ep=0.00
Solved-check at update 40: solved=True worst_gap=1.11 at p_x0=0.00 p_y0=1.00 (consecutive=0)
update=41 global_step=41984 SPS=835 ev=0.999 v_bias=-3.4 return=1012.2 length=81 success_rate=1.00 collisions/ep=0.00 (n=12)
update=42 global_step=43008 SPS=842 ev=0.993 v_bias=0.2 return=1000.9 length=81 success_rate=1.00 collisions/ep=0.23 (n=13)
update=43 global_step=44032 SPS=853 ev=0.993 v_bias=1.8 return=988.5 length=78 success_rate=1.00 collisions/ep=0.46 (n=13)
update=44 global_step=45056 SPS=860 ev=0.991 v_bias=1.2 return=994.2 length=79 success_rate=1.00 collisions/ep=0.36 (n=14)
update=45 global_step=46080 SPS=870 ev=0.989 v_bias=-0.1 return=982.1 length=78 success_rate=1.00 collisions/ep=0.58 (n=12)
update=46 global_step=47104 SPS=879 ev=0.999 v_bias=-3.1 return=1007.8 length=81 success_rate=1.00 collisions/ep=0.15 (n=13)
update=47 global_step=48128 SPS=887 ev=0.999 v_bias=-2.4 return=1012.5 length=81 success_rate=1.00 collisions/ep=0.00 (n=14)
update=48 global_step=49152 SPS=895 ev=0.995 v_bias=0.2 return=994.0 length=79 success_rate=1.00 collisions/ep=0.36 (n=11)
update=49 global_step=50176 SPS=900 ev=0.999 v_bias=-0.0 return=1008.4 length=79 success_rate=1.00 collisions/ep=0.07 (n=14)
update=50 global_step=51200 SPS=908 ev=0.997 v_bias=1.5 return=999.4 length=78 success_rate=1.00 collisions/ep=0.33 (n=12)
Evaluation at update 50: return=1012.59, length=78.30, success_rate=1.00, collisions/ep=0.00
Solved-check at update 50: solved=True worst_gap=0.74 at p_x0=0.00 p_y0=1.00 (consecutive=1)
Solved criterion held for 2 consecutive evals (tolerance=5.0) at global_step=51200.
update=51 global_step=52224 SPS=837 ev=0.998 v_bias=-0.5 return=1008.7 length=79 success_rate=1.00 collisions/ep=0.07 (n=14)
update=52 global_step=53248 SPS=844 ev=1.000 v_bias=-1.0 return=1012.4 length=77 success_rate=1.00 collisions/ep=0.07 (n=14)
update=53 global_step=54272 SPS=851 ev=1.000 v_bias=-0.4 return=1012.5 length=78 success_rate=1.00 collisions/ep=0.00 (n=12)
update=54 global_step=55296 SPS=859 ev=0.996 v_bias=1.3 return=1004.1 length=79 success_rate=1.00 collisions/ep=0.17 (n=12)
update=55 global_step=56320 SPS=866 ev=0.997 v_bias=1.1 return=1006.3 length=81 success_rate=1.00 collisions/ep=0.13 (n=15)
update=56 global_step=57344 SPS=873 ev=0.999 v_bias=-0.1 return=1008.2 length=82 success_rate=1.00 collisions/ep=0.10 (n=10)
update=57 global_step=58368 SPS=881 ev=1.000 v_bias=-0.2 return=1013.1 length=82 success_rate=1.00 collisions/ep=0.00 (n=14)
update=58 global_step=59392 SPS=887 ev=0.999 v_bias=0.1 return=1008.6 length=78 success_rate=1.00 collisions/ep=0.07 (n=14)
update=59 global_step=60416 SPS=894 ev=1.000 v_bias=-1.2 return=1013.0 length=81 success_rate=1.00 collisions/ep=0.00 (n=11)
update=60 global_step=61440 SPS=901 ev=0.996 v_bias=1.8 return=1002.7 length=79 success_rate=1.00 collisions/ep=0.20 (n=15)
Evaluation at update 60: return=1012.81, length=78.10, success_rate=1.00, collisions/ep=0.00
Solved-check at update 60: solved=True worst_gap=0.47 at p_x0=0.00 p_y0=1.00 (consecutive=2)
update=61 global_step=62464 SPS=845 ev=0.999 v_bias=-0.8 return=1007.9 length=78 success_rate=1.00 collisions/ep=0.09 (n=11)
update=62 global_step=63488 SPS=852 ev=0.999 v_bias=-0.3 return=1009.7 length=81 success_rate=1.00 collisions/ep=0.07 (n=14)
update=63 global_step=64512 SPS=857 ev=0.996 v_bias=1.1 return=1002.2 length=78 success_rate=1.00 collisions/ep=0.29 (n=14)
update=64 global_step=65536 SPS=863 ev=1.000 v_bias=-1.3 return=1012.6 length=77 success_rate=1.00 collisions/ep=0.00 (n=12)
update=65 global_step=66560 SPS=869 ev=0.999 v_bias=0.1 return=1012.7 length=79 success_rate=1.00 collisions/ep=0.00 (n=14)
update=66 global_step=67584 SPS=875 ev=1.000 v_bias=-0.5 return=1008.5 length=78 success_rate=1.00 collisions/ep=0.08 (n=12)
update=67 global_step=68608 SPS=881 ev=1.000 v_bias=-0.4 return=1013.1 length=80 success_rate=1.00 collisions/ep=0.00 (n=14)
update=68 global_step=69632 SPS=886 ev=0.998 v_bias=1.2 return=1008.5 length=77 success_rate=1.00 collisions/ep=0.08 (n=12)
update=69 global_step=70656 SPS=892 ev=1.000 v_bias=-0.2 return=1009.4 length=81 success_rate=1.00 collisions/ep=0.08 (n=13)
update=70 global_step=71680 SPS=896 ev=0.995 v_bias=1.6 return=998.0 length=80 success_rate=1.00 collisions/ep=0.31 (n=13)
Evaluation at update 70: return=1012.91, length=78.00, success_rate=1.00, collisions/ep=0.00
Solved-check at update 70: solved=True worst_gap=0.34 at p_x0=0.00 p_y0=1.00 (consecutive=3)
update=71 global_step=72704 SPS=843 ev=1.000 v_bias=-1.3 return=1012.4 length=77 success_rate=1.00 collisions/ep=0.00 (n=13)
update=72 global_step=73728 SPS=848 ev=0.998 v_bias=0.2 return=1005.4 length=80 success_rate=1.00 collisions/ep=0.15 (n=13)
update=73 global_step=74752 SPS=854 ev=1.000 v_bias=-1.1 return=1012.9 length=78 success_rate=1.00 collisions/ep=0.00 (n=13)
update=74 global_step=75776 SPS=859 ev=0.999 v_bias=-0.2 return=1009.3 length=80 success_rate=1.00 collisions/ep=0.08 (n=13)
update=75 global_step=76800 SPS=865 ev=0.993 v_bias=1.5 return=1012.6 length=76 success_rate=1.00 collisions/ep=0.00 (n=12)
update=76 global_step=77824 SPS=870 ev=1.000 v_bias=-1.4 return=1002.4 length=80 success_rate=1.00 collisions/ep=0.21 (n=14)
update=77 global_step=78848 SPS=874 ev=0.999 v_bias=-0.0 return=1012.5 length=77 success_rate=1.00 collisions/ep=0.00 (n=13)
update=78 global_step=79872 SPS=879 ev=1.000 v_bias=-1.1 return=1009.4 length=78 success_rate=1.00 collisions/ep=0.07 (n=14)
update=79 global_step=80896 SPS=885 ev=0.999 v_bias=0.9 return=1009.5 length=80 success_rate=1.00 collisions/ep=0.08 (n=13)
update=80 global_step=81920 SPS=889 ev=0.999 v_bias=0.5 return=1009.3 length=79 success_rate=1.00 collisions/ep=0.08 (n=13)
Evaluation at update 80: return=1013.01, length=78.00, success_rate=1.00, collisions/ep=0.00
Solved-check at update 80: solved=True worst_gap=0.22 at p_x0=0.00 p_y0=1.00 (consecutive=4)
update=81 global_step=82944 SPS=826 ev=0.998 v_bias=2.1 return=1008.5 length=79 success_rate=1.00 collisions/ep=0.09 (n=11)
update=82 global_step=83968 SPS=827 ev=1.000 v_bias=-0.9 return=1003.1 length=79 success_rate=1.00 collisions/ep=0.20 (n=15)
update=83 global_step=84992 SPS=828 ev=1.000 v_bias=-0.7 return=1012.6 length=77 success_rate=1.00 collisions/ep=0.00 (n=13)
update=84 global_step=86016 SPS=830 ev=0.999 v_bias=-0.7 return=1008.3 length=78 success_rate=1.00 collisions/ep=0.08 (n=12)
update=85 global_step=87040 SPS=831 ev=1.000 v_bias=-0.6 return=1012.9 length=77 success_rate=1.00 collisions/ep=0.00 (n=15)
update=86 global_step=88064 SPS=832 ev=1.000 v_bias=-0.3 return=1013.0 length=78 success_rate=1.00 collisions/ep=0.00 (n=13)
update=87 global_step=89088 SPS=833 ev=0.999 v_bias=0.6 return=1008.8 length=80 success_rate=1.00 collisions/ep=0.09 (n=11)
update=88 global_step=90112 SPS=834 ev=1.000 v_bias=-0.4 return=1013.1 length=78 success_rate=1.00 collisions/ep=0.00 (n=16)
update=89 global_step=91136 SPS=836 ev=1.000 v_bias=-0.4 return=1013.0 length=79 success_rate=1.00 collisions/ep=0.00 (n=12)
update=90 global_step=92160 SPS=837 ev=1.000 v_bias=0.0 return=1013.6 length=81 success_rate=1.00 collisions/ep=0.00 (n=12)
Evaluation at update 90: return=1013.07, length=77.95, success_rate=1.00, collisions/ep=0.00
Solved-check at update 90: solved=True worst_gap=0.15 at p_x0=0.00 p_y0=1.00 (consecutive=5)
update=91 global_step=93184 SPS=783 ev=1.000 v_bias=-0.1 return=1012.9 length=77 success_rate=1.00 collisions/ep=0.00 (n=14)
update=92 global_step=94208 SPS=784 ev=1.000 v_bias=-0.3 return=1013.2 length=79 success_rate=1.00 collisions/ep=0.00 (n=11)
update=93 global_step=95232 SPS=786 ev=1.000 v_bias=-0.0 return=1012.9 length=77 success_rate=1.00 collisions/ep=0.00 (n=15)
update=94 global_step=96256 SPS=787 ev=0.999 v_bias=0.4 return=1013.3 length=79 success_rate=1.00 collisions/ep=0.00 (n=14)
update=95 global_step=97280 SPS=788 ev=0.999 v_bias=0.3 return=1004.4 length=81 success_rate=1.00 collisions/ep=0.18 (n=11)
update=96 global_step=98304 SPS=789 ev=1.000 v_bias=0.0 return=1013.1 length=79 success_rate=1.00 collisions/ep=0.00 (n=13)
update=97 global_step=99328 SPS=790 ev=1.000 v_bias=-0.5 return=1012.9 length=78 success_rate=1.00 collisions/ep=0.00 (n=13)
update=98 global_step=100352 SPS=791 ev=1.000 v_bias=-0.2 return=1013.7 length=81 success_rate=1.00 collisions/ep=0.00 (n=14)
update=99 global_step=101376 SPS=793 ev=1.000 v_bias=-0.1 return=1013.4 length=79 success_rate=1.00 collisions/ep=0.00 (n=11)
update=100 global_step=102400 SPS=794 ev=1.000 v_bias=-0.1 return=1013.4 length=80 success_rate=1.00 collisions/ep=0.00 (n=13)
Evaluation at update 100: return=1013.12, length=77.90, success_rate=1.00, collisions/ep=0.00
Solved-check at update 100: solved=True worst_gap=0.09 at p_x0=0.00 p_y0=1.00 (consecutive=6)
update=101 global_step=103424 SPS=746 ev=1.000 v_bias=0.4 return=1013.5 length=80 success_rate=1.00 collisions/ep=0.07 (n=14)
update=102 global_step=104448 SPS=747 ev=0.998 v_bias=1.7 return=1008.8 length=80 success_rate=1.00 collisions/ep=0.36 (n=11)
update=103 global_step=105472 SPS=749 ev=1.000 v_bias=-0.2 return=1010.5 length=82 success_rate=1.00 collisions/ep=0.20 (n=15)
update=104 global_step=106496 SPS=750 ev=1.000 v_bias=-0.2 return=1012.4 length=75 success_rate=1.00 collisions/ep=0.00 (n=13)
update=105 global_step=107520 SPS=752 ev=0.996 v_bias=2.7 return=1000.0 length=80 success_rate=1.00 collisions/ep=0.55 (n=11)
update=106 global_step=108544 SPS=755 ev=0.999 v_bias=-0.3 return=1013.7 length=80 success_rate=1.00 collisions/ep=0.00 (n=14)
update=107 global_step=109568 SPS=760 ev=1.000 v_bias=-0.2 return=1013.6 length=80 success_rate=1.00 collisions/ep=0.00 (n=12)
update=108 global_step=110592 SPS=766 ev=0.999 v_bias=0.4 return=1009.5 length=78 success_rate=1.00 collisions/ep=0.21 (n=14)
update=109 global_step=111616 SPS=771 ev=1.000 v_bias=-0.4 return=1013.3 length=79 success_rate=1.00 collisions/ep=0.00 (n=13)
update=110 global_step=112640 SPS=776 ev=1.000 v_bias=-0.2 return=1013.6 length=80 success_rate=1.00 collisions/ep=0.00 (n=12)
Evaluation at update 110: return=1013.15, length=77.90, success_rate=1.00, collisions/ep=0.00
Solved-check at update 110: solved=True worst_gap=0.06 at p_x0=0.00 p_y0=1.00 (consecutive=7)
update=111 global_step=113664 SPS=748 ev=1.000 v_bias=-0.3 return=1012.8 length=76 success_rate=1.00 collisions/ep=0.00 (n=13)
update=112 global_step=114688 SPS=752 ev=1.000 v_bias=-0.2 return=1013.4 length=80 success_rate=1.00 collisions/ep=0.00 (n=13)
update=113 global_step=115712 SPS=757 ev=0.999 v_bias=0.5 return=1013.1 length=78 success_rate=1.00 collisions/ep=0.00 (n=14)
update=114 global_step=116736 SPS=762 ev=1.000 v_bias=-0.5 return=1009.4 length=77 success_rate=1.00 collisions/ep=0.07 (n=14)
update=115 global_step=117760 SPS=767 ev=1.000 v_bias=-0.5 return=1012.6 length=76 success_rate=1.00 collisions/ep=0.00 (n=12)
update=116 global_step=118784 SPS=772 ev=1.000 v_bias=0.1 return=1013.4 length=80 success_rate=1.00 collisions/ep=0.00 (n=14)
update=117 global_step=119808 SPS=777 ev=0.997 v_bias=1.3 return=1006.3 length=79 success_rate=1.00 collisions/ep=0.14 (n=14)
update=118 global_step=120832 SPS=782 ev=0.999 v_bias=-0.3 return=1008.0 length=75 success_rate=1.00 collisions/ep=0.09 (n=11)
update=119 global_step=121856 SPS=787 ev=1.000 v_bias=-1.0 return=1013.7 length=81 success_rate=1.00 collisions/ep=0.00 (n=13)
update=120 global_step=122880 SPS=792 ev=0.999 v_bias=-0.0 return=1009.6 length=78 success_rate=1.00 collisions/ep=0.07 (n=14)
Evaluation at update 120: return=1013.18, length=77.90, success_rate=1.00, collisions/ep=0.00
Solved-check at update 120: solved=True worst_gap=0.04 at p_x0=0.00 p_y0=1.00 (consecutive=8)
update=121 global_step=123904 SPS=780 ev=1.000 v_bias=-0.9 return=1013.1 length=77 success_rate=1.00 collisions/ep=0.00 (n=13)
update=122 global_step=124928 SPS=784 ev=1.000 v_bias=-0.8 return=1013.7 length=80 success_rate=1.00 collisions/ep=0.00 (n=13)
update=123 global_step=125952 SPS=789 ev=1.000 v_bias=-0.4 return=1013.3 length=79 success_rate=1.00 collisions/ep=0.00 (n=12)
update=124 global_step=126976 SPS=794 ev=1.000 v_bias=-0.5 return=1012.6 length=75 success_rate=1.00 collisions/ep=0.00 (n=14)
update=125 global_step=128000 SPS=799 ev=1.000 v_bias=0.2 return=1013.1 length=77 success_rate=1.00 collisions/ep=0.00 (n=13)
update=126 global_step=129024 SPS=803 ev=0.999 v_bias=0.7 return=1009.5 length=80 success_rate=1.00 collisions/ep=0.08 (n=13)
update=127 global_step=130048 SPS=808 ev=1.000 v_bias=-0.5 return=1013.5 length=80 success_rate=1.00 collisions/ep=0.00 (n=13)
update=128 global_step=131072 SPS=812 ev=1.000 v_bias=-0.7 return=1013.2 length=78 success_rate=1.00 collisions/ep=0.00 (n=14)
update=129 global_step=132096 SPS=817 ev=1.000 v_bias=-0.2 return=1013.8 length=81 success_rate=1.00 collisions/ep=0.00 (n=11)
update=130 global_step=133120 SPS=822 ev=1.000 v_bias=-0.3 return=1013.3 length=79 success_rate=1.00 collisions/ep=0.00 (n=13)
Evaluation at update 130: return=1013.19, length=77.90, success_rate=1.00, collisions/ep=0.00
Solved-check at update 130: solved=True worst_gap=0.03 at p_x0=0.00 p_y0=1.00 (consecutive=9)
update=131 global_step=134144 SPS=793 ev=0.999 v_bias=0.6 return=1006.6 length=78 success_rate=1.00 collisions/ep=0.13 (n=15)
update=132 global_step=135168 SPS=793 ev=1.000 v_bias=-0.4 return=1008.5 length=76 success_rate=1.00 collisions/ep=0.08 (n=12)
update=133 global_step=136192 SPS=794 ev=0.999 v_bias=0.9 return=1013.2 length=78 success_rate=1.00 collisions/ep=0.00 (n=14)
update=134 global_step=137216 SPS=795 ev=1.000 v_bias=-0.5 return=1009.4 length=78 success_rate=1.00 collisions/ep=0.07 (n=14)
update=135 global_step=138240 SPS=796 ev=1.000 v_bias=-0.6 return=1013.4 length=79 success_rate=1.00 collisions/ep=0.00 (n=11)
update=136 global_step=139264 SPS=797 ev=1.000 v_bias=-0.5 return=1013.1 length=77 success_rate=1.00 collisions/ep=0.00 (n=14)
update=137 global_step=140288 SPS=798 ev=0.999 v_bias=0.6 return=1009.0 length=76 success_rate=1.00 collisions/ep=0.07 (n=14)
update=138 global_step=141312 SPS=799 ev=1.000 v_bias=-0.5 return=1013.1 length=77 success_rate=1.00 collisions/ep=0.00 (n=13)
update=139 global_step=142336 SPS=800 ev=1.000 v_bias=0.3 return=1012.9 length=77 success_rate=1.00 collisions/ep=0.00 (n=13)
update=140 global_step=143360 SPS=802 ev=0.993 v_bias=2.5 return=1002.5 length=78 success_rate=1.00 collisions/ep=0.21 (n=14)
Evaluation at update 140: return=1013.21, length=77.90, success_rate=1.00, collisions/ep=0.00
Solved-check at update 140: solved=True worst_gap=-0.00 at p_x0=0.00 p_y0=1.00 (consecutive=10)
update=141 global_step=144384 SPS=778 ev=1.000 v_bias=-1.0 return=1012.9 length=77 success_rate=1.00 collisions/ep=0.00 (n=12)
update=142 global_step=145408 SPS=780 ev=0.999 v_bias=0.4 return=1009.2 length=76 success_rate=1.00 collisions/ep=0.36 (n=14)
update=143 global_step=146432 SPS=784 ev=1.000 v_bias=-0.5 return=1013.3 length=79 success_rate=1.00 collisions/ep=0.00 (n=15)
update=144 global_step=147456 SPS=786 ev=1.000 v_bias=-0.7 return=1012.8 length=76 success_rate=1.00 collisions/ep=0.00 (n=12)
update=145 global_step=148480 SPS=787 ev=1.000 v_bias=-0.5 return=1013.5 length=79 success_rate=1.00 collisions/ep=0.00 (n=12)
update=146 global_step=149504 SPS=788 ev=1.000 v_bias=0.1 return=1013.4 length=79 success_rate=1.00 collisions/ep=0.00 (n=14)
update=147 global_step=150528 SPS=789 ev=1.000 v_bias=-0.1 return=1012.9 length=76 success_rate=1.00 collisions/ep=0.00 (n=12)
update=148 global_step=151552 SPS=790 ev=1.000 v_bias=0.2 return=1013.2 length=78 success_rate=1.00 collisions/ep=0.00 (n=14)
update=149 global_step=152576 SPS=791 ev=0.996 v_bias=1.8 return=1013.1 length=78 success_rate=1.00 collisions/ep=0.00 (n=13)
update=150 global_step=153600 SPS=792 ev=1.000 v_bias=-0.5 return=1005.5 length=78 success_rate=1.00 collisions/ep=0.31 (n=13)
Evaluation at update 150: return=1013.21, length=77.85, success_rate=1.00, collisions/ep=0.00
Solved-check at update 150: solved=True worst_gap=0.01 at p_x0=0.50 p_y0=1.00 (consecutive=11)
update=151 global_step=154624 SPS=763 ev=0.999 v_bias=0.3 return=1009.7 length=78 success_rate=1.00 collisions/ep=0.07 (n=14)
update=152 global_step=155648 SPS=767 ev=1.000 v_bias=-0.6 return=1013.5 length=80 success_rate=1.00 collisions/ep=0.00 (n=12)
update=153 global_step=156672 SPS=771 ev=1.000 v_bias=-0.5 return=1013.6 length=80 success_rate=1.00 collisions/ep=0.07 (n=14)
update=154 global_step=157696 SPS=775 ev=0.999 v_bias=0.6 return=1009.6 length=79 success_rate=1.00 collisions/ep=0.08 (n=13)
update=155 global_step=158720 SPS=778 ev=1.000 v_bias=-0.3 return=1013.7 length=80 success_rate=1.00 collisions/ep=0.09 (n=11)
update=156 global_step=159744 SPS=782 ev=1.000 v_bias=-0.4 return=1013.3 length=78 success_rate=1.00 collisions/ep=0.00 (n=15)
update=157 global_step=160768 SPS=785 ev=1.000 v_bias=-0.4 return=1013.4 length=79 success_rate=1.00 collisions/ep=0.00 (n=10)
update=158 global_step=161792 SPS=789 ev=1.000 v_bias=-0.2 return=1013.8 length=81 success_rate=1.00 collisions/ep=0.07 (n=15)
update=159 global_step=162816 SPS=793 ev=1.000 v_bias=0.0 return=1013.0 length=77 success_rate=1.00 collisions/ep=0.00 (n=13)
update=160 global_step=163840 SPS=796 ev=0.999 v_bias=0.6 return=1009.1 length=80 success_rate=1.00 collisions/ep=0.09 (n=11)
Evaluation at update 160: return=1013.21, length=77.85, success_rate=1.00, collisions/ep=0.00
Solved-check at update 160: solved=True worst_gap=-0.00 at p_x0=0.00 p_y0=1.00 (consecutive=12)
update=161 global_step=164864 SPS=776 ev=1.000 v_bias=-0.5 return=1013.3 length=79 success_rate=1.00 collisions/ep=0.00 (n=15)
update=162 global_step=165888 SPS=777 ev=0.998 v_bias=1.5 return=1009.8 length=79 success_rate=1.00 collisions/ep=0.21 (n=14)
update=163 global_step=166912 SPS=778 ev=0.999 v_bias=0.1 return=1008.5 length=77 success_rate=1.00 collisions/ep=0.09 (n=11)
update=164 global_step=167936 SPS=779 ev=1.000 v_bias=-0.5 return=1009.4 length=78 success_rate=1.00 collisions/ep=0.08 (n=13)
update=165 global_step=168960 SPS=779 ev=1.000 v_bias=-1.0 return=1013.6 length=80 success_rate=1.00 collisions/ep=0.00 (n=14)
update=166 global_step=169984 SPS=783 ev=1.000 v_bias=-0.4 return=1013.5 length=79 success_rate=1.00 collisions/ep=0.00 (n=13)
update=167 global_step=171008 SPS=786 ev=1.000 v_bias=-0.2 return=1013.5 length=79 success_rate=1.00 collisions/ep=0.00 (n=13)
update=168 global_step=172032 SPS=790 ev=1.000 v_bias=-0.1 return=1012.7 length=76 success_rate=1.00 collisions/ep=0.00 (n=12)
update=169 global_step=173056 SPS=793 ev=1.000 v_bias=0.1 return=1013.2 length=78 success_rate=1.00 collisions/ep=0.00 (n=15)
update=170 global_step=174080 SPS=796 ev=1.000 v_bias=0.2 return=1013.7 length=80 success_rate=1.00 collisions/ep=0.00 (n=12)
Evaluation at update 170: return=1013.22, length=77.85, success_rate=1.00, collisions/ep=0.00
Solved-check at update 170: solved=True worst_gap=-0.01 at p_x0=0.00 p_y0=1.00 (consecutive=13)
update=171 global_step=175104 SPS=781 ev=0.998 v_bias=1.5 return=1013.4 length=80 success_rate=1.00 collisions/ep=0.00 (n=13)
update=172 global_step=176128 SPS=784 ev=1.000 v_bias=-0.3 return=1005.8 length=79 success_rate=1.00 collisions/ep=0.15 (n=13)
update=173 global_step=177152 SPS=787 ev=1.000 v_bias=-0.4 return=1013.4 length=79 success_rate=1.00 collisions/ep=0.00 (n=13)
update=174 global_step=178176 SPS=791 ev=1.000 v_bias=-0.4 return=1013.7 length=80 success_rate=1.00 collisions/ep=0.00 (n=12)
update=175 global_step=179200 SPS=793 ev=1.000 v_bias=-0.2 return=1013.2 length=78 success_rate=1.00 collisions/ep=0.00 (n=15)
update=176 global_step=180224 SPS=794 ev=0.998 v_bias=1.3 return=1009.4 length=82 success_rate=1.00 collisions/ep=0.09 (n=11)
update=177 global_step=181248 SPS=796 ev=1.000 v_bias=-0.5 return=1009.4 length=78 success_rate=1.00 collisions/ep=0.08 (n=13)
update=178 global_step=182272 SPS=797 ev=1.000 v_bias=-0.6 return=1013.1 length=77 success_rate=1.00 collisions/ep=0.00 (n=15)
update=179 global_step=183296 SPS=799 ev=1.000 v_bias=-0.4 return=1014.0 length=82 success_rate=1.00 collisions/ep=0.00 (n=11)
update=180 global_step=184320 SPS=800 ev=1.000 v_bias=0.1 return=1013.6 length=80 success_rate=1.00 collisions/ep=0.00 (n=14)
Evaluation at update 180: return=1013.23, length=77.85, success_rate=1.00, collisions/ep=0.00
Solved-check at update 180: solved=True worst_gap=0.01 at p_x0=0.50 p_y0=1.00 (consecutive=14)
update=181 global_step=185344 SPS=784 ev=1.000 v_bias=-0.0 return=1013.1 length=77 success_rate=1.00 collisions/ep=0.00 (n=11)
update=182 global_step=186368 SPS=788 ev=1.000 v_bias=-0.1 return=1013.3 length=79 success_rate=1.00 collisions/ep=0.00 (n=14)
update=183 global_step=187392 SPS=791 ev=1.000 v_bias=-0.4 return=1012.8 length=76 success_rate=1.00 collisions/ep=0.00 (n=15)
update=184 global_step=188416 SPS=794 ev=1.000 v_bias=-0.3 return=1013.0 length=78 success_rate=1.00 collisions/ep=0.00 (n=12)
update=185 global_step=189440 SPS=797 ev=1.000 v_bias=-0.1 return=1013.3 length=78 success_rate=1.00 collisions/ep=0.00 (n=12)
update=186 global_step=190464 SPS=799 ev=1.000 v_bias=-0.1 return=1012.8 length=76 success_rate=1.00 collisions/ep=0.00 (n=16)
update=187 global_step=191488 SPS=801 ev=1.000 v_bias=0.2 return=1013.0 length=78 success_rate=1.00 collisions/ep=0.00 (n=12)
update=188 global_step=192512 SPS=802 ev=1.000 v_bias=0.1 return=1013.3 length=78 success_rate=1.00 collisions/ep=0.00 (n=12)
update=189 global_step=193536 SPS=804 ev=1.000 v_bias=-0.1 return=1013.2 length=77 success_rate=1.00 collisions/ep=0.00 (n=16)
update=190 global_step=194560 SPS=806 ev=0.998 v_bias=0.5 return=1004.2 length=78 success_rate=1.00 collisions/ep=0.18 (n=11)
Evaluation at update 190: return=1013.23, length=77.85, success_rate=1.00, collisions/ep=0.00
Solved-check at update 190: solved=True worst_gap=0.01 at p_x0=0.50 p_y0=1.00 (consecutive=15)
update=191 global_step=195584 SPS=791 ev=1.000 v_bias=-0.2 return=1013.4 length=79 success_rate=1.00 collisions/ep=0.00 (n=13)
update=192 global_step=196608 SPS=794 ev=1.000 v_bias=-0.1 return=1013.1 length=78 success_rate=1.00 collisions/ep=0.07 (n=15)
update=193 global_step=197632 SPS=797 ev=1.000 v_bias=-0.2 return=1013.4 length=78 success_rate=1.00 collisions/ep=0.10 (n=10)
update=194 global_step=198656 SPS=800 ev=1.000 v_bias=0.0 return=1013.5 length=79 success_rate=1.00 collisions/ep=0.00 (n=16)
update=195 global_step=199680 SPS=802 ev=1.000 v_bias=0.1 return=1013.3 length=79 success_rate=1.00 collisions/ep=0.00 (n=13)
update=196 global_step=200704 SPS=805 ev=1.000 v_bias=0.2 return=1013.2 length=77 success_rate=1.00 collisions/ep=0.00 (n=11)
update=197 global_step=201728 SPS=808 ev=1.000 v_bias=-0.0 return=1013.3 length=78 success_rate=1.00 collisions/ep=0.00 (n=15)
update=198 global_step=202752 SPS=810 ev=1.000 v_bias=0.1 return=1013.0 length=77 success_rate=1.00 collisions/ep=0.00 (n=12)
update=199 global_step=203776 SPS=813 ev=1.000 v_bias=-0.0 return=1013.2 length=78 success_rate=1.00 collisions/ep=0.00 (n=13)
update=200 global_step=204800 SPS=815 ev=1.000 v_bias=-0.4 return=1013.2 length=78 success_rate=1.00 collisions/ep=0.00 (n=14)
Evaluation at update 200: return=1013.23, length=77.85, success_rate=1.00, collisions/ep=0.00
Solved-check at update 200: solved=True worst_gap=0.00 at p_x0=0.50 p_y0=1.00 (consecutive=16)
Saved checkpoints to C:\Users\loren\Desktop\MASTER THESIS\5_CODE\scenarios\slalom\studies\init_sampler\ppo_uniform\runs\ppo_slalom_13_1791035387
