Using device: cpu
Solved-check: precomputed optimal returns for 25 fixed initial conditions (mean=1013.0, min=1011.0, max=1015.0); solved-tolerance=5.0
num_envs=8 num_steps_per_env=256 worker_batch_size=2048 worker_minibatch_size=256 num_updates=244 timesteps=499712 (requested 500000; 288 dropped by integer division)
update=1 global_step=2048 SPS=1060 w_ev=-0.009 m_ev=-0.000 m_v_bias=64.7 m_adv_std=240.3712 m_kl_max=0.0012 m_ratio_max=0.183 w_ax@goal=+0.24 w_v@goal=0.07 return=-241.4 length=178 success_rate=0.38 collisions/ep=9.25 (n=8)
update=2 global_step=4096 SPS=1042 w_ev=0.343 m_ev=0.249 m_v_bias=73.1 m_adv_std=143.2041 m_kl_max=0.0029 m_ratio_max=0.303 w_ax@goal=+0.29 w_v@goal=2.66 return=-550.5 length=199 success_rate=0.11 collisions/ep=9.33 (n=9)
update=3 global_step=6144 SPS=1023 w_ev=0.409 m_ev=0.317 m_v_bias=-36.0 m_adv_std=206.2650 m_kl_max=0.0042 m_ratio_max=0.290 w_ax@goal=+0.17 w_v@goal=2.79 return=-347.8 length=188 success_rate=0.18 collisions/ep=7.18 (n=11)
update=4 global_step=8192 SPS=1013 w_ev=0.675 m_ev=0.694 m_v_bias=-129.6 m_adv_std=189.9976 m_kl_max=0.0024 m_ratio_max=0.320 w_ax@goal=+0.32 w_v@goal=4.76 return=107.0 length=167 success_rate=0.50 collisions/ep=5.43 (n=14)
update=5 global_step=10240 SPS=991 w_ev=0.884 m_ev=0.845 m_v_bias=-73.3 m_adv_std=145.5444 m_kl_max=0.0018 m_ratio_max=0.307 w_ax@goal=+0.34 w_v@goal=12.30 return=252.7 length=143 success_rate=0.64 collisions/ep=6.07 (n=14)
Evaluation at update 5: return=615.48, length=99.65, success_rate=1.00, collisions/ep=7.50
Solved-check at update 5: solved=False worst_gap=719.92 at p_x0=0.50 p_y0=0.00 (consecutive=0)
update=6 global_step=12288 SPS=605 w_ev=0.954 m_ev=0.888 m_v_bias=-119.3 m_adv_std=115.9140 m_kl_max=0.0073 m_ratio_max=0.395 w_ax@goal=+0.51 w_v@goal=17.63 return=576.8 length=130 success_rate=0.82 collisions/ep=3.88 (n=17)
update=7 global_step=14336 SPS=639 w_ev=0.965 m_ev=0.849 m_v_bias=-35.3 m_adv_std=109.6071 m_kl_max=0.0063 m_ratio_max=0.370 w_ax@goal=+0.63 w_v@goal=19.43 return=620.4 length=114 success_rate=0.89 collisions/ep=4.83 (n=18)
update=8 global_step=16384 SPS=669 w_ev=0.946 m_ev=0.884 m_v_bias=-24.3 m_adv_std=79.9770 m_kl_max=0.0107 m_ratio_max=0.711 w_ax@goal=+0.72 w_v@goal=19.62 return=779.5 length=95 success_rate=1.00 collisions/ep=4.35 (n=23)
update=9 global_step=18432 SPS=697 w_ev=0.948 m_ev=0.899 m_v_bias=14.5 m_adv_std=79.7456 m_kl_max=0.0066 m_ratio_max=0.477 w_ax@goal=+0.72 w_v@goal=19.08 return=774.4 length=93 success_rate=1.00 collisions/ep=4.52 (n=21)
update=10 global_step=20480 SPS=719 w_ev=0.936 m_ev=0.903 m_v_bias=-12.3 m_adv_std=71.0625 m_kl_max=0.0231 m_ratio_max=0.561 w_ax@goal=+0.72 w_v@goal=19.05 return=823.0 length=88 success_rate=1.00 collisions/ep=3.62 (n=24)
Evaluation at update 10: return=892.78, length=82.30, success_rate=1.00, collisions/ep=2.30
Solved-check at update 10: solved=False worst_gap=453.47 at p_x0=1.50 p_y0=-1.00 (consecutive=0)
update=11 global_step=22528 SPS=604 w_ev=0.920 m_ev=0.892 m_v_bias=-6.1 m_adv_std=74.5975 m_kl_max=0.0198 m_ratio_max=0.796 w_ax@goal=+0.69 w_v@goal=19.21 return=817.9 length=87 success_rate=1.00 collisions/ep=3.78 (n=23)
update=12 global_step=24576 SPS=623 w_ev=0.911 m_ev=0.934 m_v_bias=2.1 m_adv_std=55.7427 m_kl_max=0.0036 m_ratio_max=0.467 w_ax@goal=+0.74 w_v@goal=19.24 return=866.6 length=85 success_rate=1.00 collisions/ep=2.80 (n=25)
update=13 global_step=26624 SPS=640 w_ev=0.930 m_ev=0.935 m_v_bias=-2.3 m_adv_std=53.3578 m_kl_max=0.0094 m_ratio_max=0.391 w_ax@goal=+0.90 w_v@goal=19.33 return=849.1 length=84 success_rate=1.00 collisions/ep=3.17 (n=24)
update=14 global_step=28672 SPS=656 w_ev=0.924 m_ev=0.934 m_v_bias=0.7 m_adv_std=51.7175 m_kl_max=0.0120 m_ratio_max=0.816 w_ax@goal=+0.95 w_v@goal=19.51 return=862.0 length=86 success_rate=1.00 collisions/ep=2.96 (n=23)
update=15 global_step=30720 SPS=671 w_ev=0.929 m_ev=0.958 m_v_bias=-28.9 m_adv_std=38.3149 m_kl_max=0.0115 m_ratio_max=0.426 w_ax@goal=+1.05 w_v@goal=19.56 return=922.8 length=83 success_rate=1.00 collisions/ep=1.75 (n=24)
Evaluation at update 15: return=962.61, length=80.00, success_rate=1.00, collisions/ep=0.95
Solved-check at update 15: solved=False worst_gap=152.32 at p_x0=1.50 p_y0=1.00 (consecutive=0)
update=16 global_step=32768 SPS=607 w_ev=0.904 m_ev=0.924 m_v_bias=-7.1 m_adv_std=51.8036 m_kl_max=0.0053 m_ratio_max=0.371 w_ax@goal=+1.07 w_v@goal=19.47 return=951.2 length=82 success_rate=1.00 collisions/ep=1.27 (n=26)
update=17 global_step=34816 SPS=619 w_ev=0.901 m_ev=0.919 m_v_bias=16.8 m_adv_std=56.1691 m_kl_max=0.0220 m_ratio_max=0.640 w_ax@goal=+0.94 w_v@goal=19.60 return=898.0 length=83 success_rate=1.00 collisions/ep=2.35 (n=26)
update=18 global_step=36864 SPS=632 w_ev=0.917 m_ev=0.959 m_v_bias=-21.5 m_adv_std=37.1996 m_kl_max=0.0107 m_ratio_max=0.407 w_ax@goal=+0.95 w_v@goal=19.15 return=947.3 length=82 success_rate=1.00 collisions/ep=1.38 (n=24)
update=19 global_step=38912 SPS=643 w_ev=0.894 m_ev=0.933 m_v_bias=3.7 m_adv_std=48.1240 m_kl_max=0.0077 m_ratio_max=0.340 w_ax@goal=+1.15 w_v@goal=19.21 return=934.6 length=81 success_rate=1.00 collisions/ep=1.64 (n=25)
update=20 global_step=40960 SPS=653 w_ev=0.911 m_ev=0.937 m_v_bias=-1.1 m_adv_std=44.2368 m_kl_max=0.0128 m_ratio_max=0.808 w_ax@goal=+1.08 w_v@goal=19.45 return=948.6 length=82 success_rate=1.00 collisions/ep=1.38 (n=26)
Evaluation at update 20: return=985.75, length=79.40, success_rate=1.00, collisions/ep=0.50
Solved-check at update 20: solved=False worst_gap=151.98 at p_x0=2.00 p_y0=1.00 (consecutive=0)
update=21 global_step=43008 SPS=606 w_ev=0.941 m_ev=0.983 m_v_bias=-11.4 m_adv_std=22.7649 m_kl_max=0.0072 m_ratio_max=0.686 w_ax@goal=+1.07 w_v@goal=19.08 return=979.2 length=83 success_rate=1.00 collisions/ep=0.67 (n=24)
update=22 global_step=45056 SPS=617 w_ev=0.907 m_ev=0.948 m_v_bias=14.3 m_adv_std=42.0784 m_kl_max=0.0135 m_ratio_max=0.494 w_ax@goal=+0.93 w_v@goal=19.48 return=930.8 length=81 success_rate=1.00 collisions/ep=1.64 (n=25)
update=23 global_step=47104 SPS=626 w_ev=0.912 m_ev=0.968 m_v_bias=-14.7 m_adv_std=32.8570 m_kl_max=0.0075 m_ratio_max=0.616 w_ax@goal=+0.89 w_v@goal=19.35 return=970.0 length=82 success_rate=1.00 collisions/ep=0.85 (n=27)
update=24 global_step=49152 SPS=636 w_ev=0.915 m_ev=0.969 m_v_bias=1.9 m_adv_std=30.5359 m_kl_max=0.0093 m_ratio_max=0.402 w_ax@goal=+0.91 w_v@goal=19.32 return=968.6 length=80 success_rate=1.00 collisions/ep=0.88 (n=25)
update=25 global_step=51200 SPS=643 w_ev=0.934 m_ev=0.942 m_v_bias=1.3 m_adv_std=43.5673 m_kl_max=0.0072 m_ratio_max=0.535 w_ax@goal=+1.01 w_v@goal=19.26 return=960.9 length=81 success_rate=1.00 collisions/ep=1.08 (n=25)
Evaluation at update 25: return=1003.94, length=78.75, success_rate=1.00, collisions/ep=0.15
Solved-check at update 25: solved=False worst_gap=51.81 at p_x0=1.00 p_y0=-0.50 (consecutive=0)
update=26 global_step=53248 SPS=605 w_ev=0.898 m_ev=0.935 m_v_bias=0.2 m_adv_std=44.9585 m_kl_max=0.0095 m_ratio_max=0.431 w_ax@goal=+0.96 w_v@goal=19.41 return=952.8 length=80 success_rate=1.00 collisions/ep=1.17 (n=24)
update=27 global_step=55296 SPS=613 w_ev=0.917 m_ev=0.953 m_v_bias=-2.9 m_adv_std=40.1000 m_kl_max=0.0125 m_ratio_max=0.474 w_ax@goal=+1.10 w_v@goal=19.37 return=969.4 length=84 success_rate=1.00 collisions/ep=0.92 (n=25)
update=28 global_step=57344 SPS=620 w_ev=0.939 m_ev=0.978 m_v_bias=-10.2 m_adv_std=25.5926 m_kl_max=0.0016 m_ratio_max=0.244 w_ax@goal=+1.00 w_v@goal=19.19 return=983.1 length=79 success_rate=1.00 collisions/ep=0.56 (n=25)
update=29 global_step=59392 SPS=629 w_ev=0.926 m_ev=0.945 m_v_bias=15.0 m_adv_std=43.6590 m_kl_max=0.0098 m_ratio_max=0.450 w_ax@goal=+1.21 w_v@goal=19.26 return=952.2 length=80 success_rate=1.00 collisions/ep=1.29 (n=28)
update=30 global_step=61440 SPS=636 w_ev=0.942 m_ev=0.983 m_v_bias=-21.3 m_adv_std=22.2936 m_kl_max=0.0104 m_ratio_max=0.534 w_ax@goal=+1.21 w_v@goal=19.46 return=996.9 length=81 success_rate=1.00 collisions/ep=0.33 (n=24)
Evaluation at update 30: return=1011.56, length=78.45, success_rate=1.00, collisions/ep=0.00
Solved-check at update 30: solved=True worst_gap=1.88 at p_x0=0.00 p_y0=0.00 (consecutive=0)
update=31 global_step=63488 SPS=603 w_ev=0.908 m_ev=0.981 m_v_bias=2.4 m_adv_std=23.1029 m_kl_max=0.0055 m_ratio_max=0.301 w_ax@goal=+1.26 w_v@goal=19.46 return=977.6 length=80 success_rate=1.00 collisions/ep=0.76 (n=25)
update=32 global_step=65536 SPS=610 w_ev=0.866 m_ev=0.881 m_v_bias=21.6 m_adv_std=66.8655 m_kl_max=0.0297 m_ratio_max=0.582 w_ax@goal=+1.33 w_v@goal=19.17 return=915.5 length=79 success_rate=1.00 collisions/ep=2.07 (n=27)
update=33 global_step=67584 SPS=617 w_ev=0.915 m_ev=0.965 m_v_bias=-22.1 m_adv_std=33.2938 m_kl_max=0.0112 m_ratio_max=0.563 w_ax@goal=+1.31 w_v@goal=19.20 return=988.2 length=80 success_rate=1.00 collisions/ep=0.50 (n=26)
update=34 global_step=69632 SPS=623 w_ev=0.900 m_ev=0.940 m_v_bias=4.3 m_adv_std=43.9565 m_kl_max=0.0055 m_ratio_max=0.446 w_ax@goal=+1.12 w_v@goal=19.19 return=979.1 length=80 success_rate=1.00 collisions/ep=0.72 (n=25)
update=35 global_step=71680 SPS=630 w_ev=0.913 m_ev=0.987 m_v_bias=-8.5 m_adv_std=19.5031 m_kl_max=0.0148 m_ratio_max=0.442 w_ax@goal=+1.28 w_v@goal=19.07 return=983.5 length=80 success_rate=1.00 collisions/ep=0.56 (n=25)
Evaluation at update 35: return=1011.57, length=78.40, success_rate=1.00, collisions/ep=0.00
Solved-check at update 35: solved=True worst_gap=1.85 at p_x0=0.00 p_y0=0.00 (consecutive=1)
Solved criterion held for 2 consecutive evals (tolerance=5.0) at global_step=71680.
update=36 global_step=73728 SPS=604 w_ev=0.910 m_ev=0.955 m_v_bias=4.6 m_adv_std=37.7665 m_kl_max=0.0120 m_ratio_max=0.446 w_ax@goal=+1.17 w_v@goal=19.32 return=982.1 length=81 success_rate=1.00 collisions/ep=0.68 (n=25)
update=37 global_step=75776 SPS=610 w_ev=0.926 m_ev=0.979 m_v_bias=-1.1 m_adv_std=24.4064 m_kl_max=0.0151 m_ratio_max=0.824 w_ax@goal=+1.25 w_v@goal=19.41 return=986.5 length=79 success_rate=1.00 collisions/ep=0.54 (n=26)
update=38 global_step=77824 SPS=617 w_ev=0.912 m_ev=0.985 m_v_bias=-5.0 m_adv_std=20.2898 m_kl_max=0.0161 m_ratio_max=0.504 w_ax@goal=+1.29 w_v@goal=19.41 return=997.1 length=80 success_rate=1.00 collisions/ep=0.36 (n=25)
update=39 global_step=79872 SPS=623 w_ev=0.924 m_ev=0.985 m_v_bias=4.5 m_adv_std=21.4312 m_kl_max=0.0042 m_ratio_max=0.617 w_ax@goal=+1.23 w_v@goal=19.36 return=993.4 length=81 success_rate=1.00 collisions/ep=0.37 (n=27)
update=40 global_step=81920 SPS=630 w_ev=0.916 m_ev=0.978 m_v_bias=6.1 m_adv_std=26.5180 m_kl_max=0.0204 m_ratio_max=0.770 w_ax@goal=+1.21 w_v@goal=19.37 return=969.0 length=79 success_rate=1.00 collisions/ep=0.88 (n=26)
Evaluation at update 40: return=1011.45, length=78.70, success_rate=1.00, collisions/ep=0.00
Solved-check at update 40: solved=True worst_gap=2.13 at p_x0=0.00 p_y0=0.00 (consecutive=2)
update=41 global_step=83968 SPS=607 w_ev=0.915 m_ev=0.991 m_v_bias=-10.8 m_adv_std=16.1045 m_kl_max=0.0177 m_ratio_max=0.648 w_ax@goal=+1.19 w_v@goal=19.40 return=1003.3 length=80 success_rate=1.00 collisions/ep=0.25 (n=24)
update=42 global_step=86016 SPS=613 w_ev=0.905 m_ev=0.969 m_v_bias=4.4 m_adv_std=29.4476 m_kl_max=0.0192 m_ratio_max=1.237 w_ax@goal=+1.23 w_v@goal=19.23 return=987.7 length=81 success_rate=1.00 collisions/ep=0.56 (n=25)
update=43 global_step=88064 SPS=619 w_ev=0.902 m_ev=0.980 m_v_bias=1.4 m_adv_std=24.3392 m_kl_max=0.0279 m_ratio_max=1.295 w_ax@goal=+1.17 w_v@goal=19.14 return=985.6 length=82 success_rate=1.00 collisions/ep=0.52 (n=25)
update=44 global_step=90112 SPS=624 w_ev=0.909 m_ev=0.989 m_v_bias=-7.2 m_adv_std=18.1502 m_kl_max=0.0205 m_ratio_max=0.546 w_ax@goal=+1.23 w_v@goal=19.19 return=990.8 length=82 success_rate=1.00 collisions/ep=0.42 (n=26)
update=45 global_step=92160 SPS=629 w_ev=0.924 m_ev=0.996 m_v_bias=-8.8 m_adv_std=11.0151 m_kl_max=0.0111 m_ratio_max=0.714 w_ax@goal=+1.27 w_v@goal=19.22 return=1001.6 length=81 success_rate=1.00 collisions/ep=0.21 (n=24)
Evaluation at update 45: return=1011.68, length=78.45, success_rate=1.00, collisions/ep=0.00
Solved-check at update 45: solved=True worst_gap=1.89 at p_x0=0.00 p_y0=0.50 (consecutive=3)
update=46 global_step=94208 SPS=609 w_ev=0.893 m_ev=0.960 m_v_bias=3.5 m_adv_std=34.8730 m_kl_max=0.0138 m_ratio_max=0.382 w_ax@goal=+1.20 w_v@goal=19.19 return=987.6 length=81 success_rate=1.00 collisions/ep=0.63 (n=27)
update=47 global_step=96256 SPS=613 w_ev=0.916 m_ev=0.976 m_v_bias=0.8 m_adv_std=25.7421 m_kl_max=0.0110 m_ratio_max=0.520 w_ax@goal=+1.27 w_v@goal=19.16 return=990.5 length=80 success_rate=1.00 collisions/ep=0.46 (n=24)
update=48 global_step=98304 SPS=618 w_ev=0.916 m_ev=0.991 m_v_bias=-0.5 m_adv_std=16.1441 m_kl_max=0.0110 m_ratio_max=0.404 w_ax@goal=+1.26 w_v@goal=19.17 return=993.2 length=79 success_rate=1.00 collisions/ep=0.36 (n=25)
update=49 global_step=100352 SPS=622 w_ev=0.930 m_ev=0.994 m_v_bias=-3.2 m_adv_std=13.6771 m_kl_max=0.0097 m_ratio_max=0.512 w_ax@goal=+1.23 w_v@goal=19.29 return=1001.1 length=80 success_rate=1.00 collisions/ep=0.25 (n=28)
update=50 global_step=102400 SPS=627 w_ev=0.927 m_ev=0.979 m_v_bias=3.7 m_adv_std=24.2146 m_kl_max=0.0353 m_ratio_max=1.529 w_ax@goal=+1.51 w_v@goal=19.30 return=985.7 length=81 success_rate=1.00 collisions/ep=0.72 (n=25)
Evaluation at update 50: return=1011.67, length=78.45, success_rate=1.00, collisions/ep=0.00
Solved-check at update 50: solved=True worst_gap=1.92 at p_x0=0.00 p_y0=0.50 (consecutive=4)
update=51 global_step=104448 SPS=610 w_ev=0.912 m_ev=0.988 m_v_bias=-1.7 m_adv_std=18.2516 m_kl_max=0.0078 m_ratio_max=0.372 w_ax@goal=+1.22 w_v@goal=19.26 return=999.1 length=81 success_rate=1.00 collisions/ep=0.25 (n=24)
update=52 global_step=106496 SPS=615 w_ev=0.897 m_ev=0.950 m_v_bias=4.3 m_adv_std=39.6593 m_kl_max=0.0121 m_ratio_max=0.830 w_ax@goal=+1.12 w_v@goal=19.20 return=977.8 length=81 success_rate=1.00 collisions/ep=0.76 (n=25)
update=53 global_step=108544 SPS=619 w_ev=0.924 m_ev=0.990 m_v_bias=-7.7 m_adv_std=16.7326 m_kl_max=0.0202 m_ratio_max=0.582 w_ax@goal=+1.33 w_v@goal=19.19 return=999.8 length=79 success_rate=1.00 collisions/ep=0.27 (n=26)
update=54 global_step=110592 SPS=624 w_ev=0.925 m_ev=0.981 m_v_bias=5.4 m_adv_std=22.8303 m_kl_max=0.0162 m_ratio_max=0.616 w_ax@goal=+1.23 w_v@goal=19.41 return=992.8 length=81 success_rate=1.00 collisions/ep=0.52 (n=27)
update=55 global_step=112640 SPS=629 w_ev=0.899 m_ev=0.991 m_v_bias=-1.1 m_adv_std=15.5405 m_kl_max=0.0114 m_ratio_max=0.478 w_ax@goal=+1.09 w_v@goal=19.20 return=999.4 length=81 success_rate=1.00 collisions/ep=0.24 (n=25)
Evaluation at update 55: return=1011.69, length=78.35, success_rate=1.00, collisions/ep=0.00
Solved-check at update 55: solved=True worst_gap=1.88 at p_x0=0.00 p_y0=0.50 (consecutive=5)
update=56 global_step=114688 SPS=611 w_ev=0.914 m_ev=0.996 m_v_bias=-6.1 m_adv_std=10.5940 m_kl_max=0.0234 m_ratio_max=0.657 w_ax@goal=+1.22 w_v@goal=19.30 return=1007.4 length=81 success_rate=1.00 collisions/ep=0.12 (n=24)
update=57 global_step=116736 SPS=615 w_ev=0.914 m_ev=0.986 m_v_bias=3.4 m_adv_std=20.1675 m_kl_max=0.0174 m_ratio_max=0.941 w_ax@goal=+1.29 w_v@goal=19.34 return=995.1 length=79 success_rate=1.00 collisions/ep=0.44 (n=27)
update=58 global_step=118784 SPS=619 w_ev=0.903 m_ev=0.952 m_v_bias=5.3 m_adv_std=36.9591 m_kl_max=0.0258 m_ratio_max=1.034 w_ax@goal=+1.25 w_v@goal=19.35 return=986.6 length=78 success_rate=1.00 collisions/ep=0.65 (n=26)
update=59 global_step=120832 SPS=623 w_ev=0.938 m_ev=0.989 m_v_bias=-1.8 m_adv_std=17.1435 m_kl_max=0.0184 m_ratio_max=0.676 w_ax@goal=+1.25 w_v@goal=19.36 return=989.8 length=81 success_rate=1.00 collisions/ep=0.52 (n=25)
update=60 global_step=122880 SPS=627 w_ev=0.929 m_ev=0.992 m_v_bias=-5.1 m_adv_std=14.6223 m_kl_max=0.0031 m_ratio_max=0.316 w_ax@goal=+1.24 w_v@goal=19.42 return=1001.9 length=79 success_rate=1.00 collisions/ep=0.19 (n=26)
Evaluation at update 60: return=1012.02, length=78.10, success_rate=1.00, collisions/ep=0.00
Solved-check at update 60: solved=True worst_gap=1.55 at p_x0=0.00 p_y0=0.00 (consecutive=6)
update=61 global_step=124928 SPS=612 w_ev=0.939 m_ev=0.998 m_v_bias=-5.6 m_adv_std=6.6112 m_kl_max=0.0075 m_ratio_max=0.342 w_ax@goal=+1.30 w_v@goal=19.28 return=1010.2 length=79 success_rate=1.00 collisions/ep=0.04 (n=27)
update=62 global_step=126976 SPS=615 w_ev=0.882 m_ev=0.956 m_v_bias=14.9 m_adv_std=36.3757 m_kl_max=0.0115 m_ratio_max=0.469 w_ax@goal=+1.34 w_v@goal=19.29 return=974.2 length=81 success_rate=1.00 collisions/ep=0.88 (n=25)
update=63 global_step=129024 SPS=618 w_ev=0.933 m_ev=0.991 m_v_bias=-4.1 m_adv_std=16.3614 m_kl_max=0.0180 m_ratio_max=0.541 w_ax@goal=+1.34 w_v@goal=19.21 return=996.3 length=81 success_rate=1.00 collisions/ep=0.32 (n=25)
update=64 global_step=131072 SPS=622 w_ev=0.919 m_ev=0.994 m_v_bias=-4.3 m_adv_std=12.6920 m_kl_max=0.0192 m_ratio_max=0.605 w_ax@goal=+1.30 w_v@goal=19.14 return=1008.4 length=81 success_rate=1.00 collisions/ep=0.08 (n=25)
update=65 global_step=133120 SPS=626 w_ev=0.948 m_ev=0.983 m_v_bias=6.5 m_adv_std=21.4820 m_kl_max=0.0283 m_ratio_max=0.724 w_ax@goal=+1.31 w_v@goal=19.22 return=994.8 length=81 success_rate=1.00 collisions/ep=0.46 (n=26)
Evaluation at update 65: return=1012.11, length=78.05, success_rate=1.00, collisions/ep=0.00
Solved-check at update 65: solved=True worst_gap=1.47 at p_x0=0.00 p_y0=0.00 (consecutive=7)
update=66 global_step=135168 SPS=611 w_ev=0.943 m_ev=0.995 m_v_bias=-4.7 m_adv_std=12.0719 m_kl_max=0.0105 m_ratio_max=0.541 w_ax@goal=+1.24 w_v@goal=19.32 return=1002.3 length=80 success_rate=1.00 collisions/ep=0.20 (n=25)
update=67 global_step=137216 SPS=615 w_ev=0.950 m_ev=0.996 m_v_bias=-2.3 m_adv_std=10.2915 m_kl_max=0.0103 m_ratio_max=0.387 w_ax@goal=+1.28 w_v@goal=19.32 return=1004.6 length=79 success_rate=1.00 collisions/ep=0.15 (n=27)
update=68 global_step=139264 SPS=618 w_ev=0.919 m_ev=0.997 m_v_bias=-0.7 m_adv_std=9.4912 m_kl_max=0.0260 m_ratio_max=0.940 w_ax@goal=+1.32 w_v@goal=19.32 return=1006.0 length=78 success_rate=1.00 collisions/ep=0.12 (n=25)
update=69 global_step=141312 SPS=622 w_ev=0.936 m_ev=0.996 m_v_bias=1.8 m_adv_std=10.9079 m_kl_max=0.0146 m_ratio_max=0.467 w_ax@goal=+1.31 w_v@goal=19.42 return=1004.4 length=78 success_rate=1.00 collisions/ep=0.15 (n=27)
update=70 global_step=143360 SPS=625 w_ev=0.950 m_ev=0.996 m_v_bias=-0.9 m_adv_std=10.3178 m_kl_max=0.0212 m_ratio_max=0.684 w_ax@goal=+1.30 w_v@goal=19.43 return=1006.1 length=78 success_rate=1.00 collisions/ep=0.12 (n=26)
Evaluation at update 70: return=1012.20, length=78.00, success_rate=1.00, collisions/ep=0.00
Solved-check at update 70: solved=True worst_gap=1.35 at p_x0=0.00 p_y0=0.00 (consecutive=8)
update=71 global_step=145408 SPS=612 w_ev=0.924 m_ev=0.999 m_v_bias=-0.6 m_adv_std=6.1751 m_kl_max=0.0108 m_ratio_max=0.658 w_ax@goal=+1.18 w_v@goal=19.12 return=1009.9 length=79 success_rate=1.00 collisions/ep=0.04 (n=25)
update=72 global_step=147456 SPS=615 w_ev=0.934 m_ev=0.997 m_v_bias=2.1 m_adv_std=8.9345 m_kl_max=0.0166 m_ratio_max=0.533 w_ax@goal=+1.06 w_v@goal=19.03 return=1010.1 length=81 success_rate=1.00 collisions/ep=0.04 (n=24)
update=73 global_step=149504 SPS=619 w_ev=0.942 m_ev=0.998 m_v_bias=-1.1 m_adv_std=6.6337 m_kl_max=0.0116 m_ratio_max=0.684 w_ax@goal=+1.22 w_v@goal=19.07 return=1010.6 length=80 success_rate=1.00 collisions/ep=0.03 (n=29)
update=74 global_step=151552 SPS=621 w_ev=0.952 m_ev=1.000 m_v_bias=-1.1 m_adv_std=3.3743 m_kl_max=0.0221 m_ratio_max=0.599 w_ax@goal=+1.23 w_v@goal=19.17 return=1010.7 length=81 success_rate=1.00 collisions/ep=0.08 (n=24)
update=75 global_step=153600 SPS=625 w_ev=0.937 m_ev=0.998 m_v_bias=0.4 m_adv_std=6.8029 m_kl_max=0.0160 m_ratio_max=0.714 w_ax@goal=+1.18 w_v@goal=18.97 return=1010.3 length=79 success_rate=1.00 collisions/ep=0.12 (n=26)
Evaluation at update 75: return=1012.25, length=77.95, success_rate=1.00, collisions/ep=0.00
Solved-check at update 75: solved=True worst_gap=1.27 at p_x0=0.00 p_y0=0.00 (consecutive=9)
update=76 global_step=155648 SPS=613 w_ev=0.950 m_ev=0.997 m_v_bias=1.2 m_adv_std=8.3392 m_kl_max=0.0069 m_ratio_max=0.437 w_ax@goal=+1.17 w_v@goal=18.97 return=1008.5 length=79 success_rate=1.00 collisions/ep=0.15 (n=27)
update=77 global_step=157696 SPS=615 w_ev=0.951 m_ev=1.000 m_v_bias=-1.1 m_adv_std=3.4747 m_kl_max=0.0104 m_ratio_max=0.845 w_ax@goal=+1.31 w_v@goal=19.07 return=1012.6 length=81 success_rate=1.00 collisions/ep=0.00 (n=24)
update=78 global_step=159744 SPS=618 w_ev=0.956 m_ev=1.000 m_v_bias=0.5 m_adv_std=3.5878 m_kl_max=0.0051 m_ratio_max=0.482 w_ax@goal=+1.18 w_v@goal=19.14 return=1012.3 length=79 success_rate=1.00 collisions/ep=0.04 (n=27)
update=79 global_step=161792 SPS=621 w_ev=0.951 m_ev=0.994 m_v_bias=1.8 m_adv_std=12.6891 m_kl_max=0.0374 m_ratio_max=1.080 w_ax@goal=+1.19 w_v@goal=19.04 return=1004.3 length=79 success_rate=1.00 collisions/ep=0.23 (n=26)
update=80 global_step=163840 SPS=624 w_ev=0.950 m_ev=0.993 m_v_bias=1.3 m_adv_std=13.5172 m_kl_max=0.0064 m_ratio_max=0.539 w_ax@goal=+1.20 w_v@goal=18.98 return=1006.5 length=79 success_rate=1.00 collisions/ep=0.15 (n=26)
Evaluation at update 80: return=1012.19, length=77.95, success_rate=1.00, collisions/ep=0.00
Solved-check at update 80: solved=True worst_gap=1.29 at p_x0=0.00 p_y0=0.00 (consecutive=10)
update=81 global_step=165888 SPS=614 w_ev=0.966 m_ev=1.000 m_v_bias=-2.3 m_adv_std=3.2221 m_kl_max=0.0079 m_ratio_max=1.023 w_ax@goal=+1.18 w_v@goal=19.04 return=1012.2 length=79 success_rate=1.00 collisions/ep=0.04 (n=25)
update=82 global_step=167936 SPS=616 w_ev=0.948 m_ev=0.980 m_v_bias=5.7 m_adv_std=22.8222 m_kl_max=0.0378 m_ratio_max=1.014 w_ax@goal=+1.27 w_v@goal=18.93 return=998.3 length=79 success_rate=1.00 collisions/ep=0.28 (n=25)
update=83 global_step=169984 SPS=619 w_ev=0.948 m_ev=0.993 m_v_bias=-2.5 m_adv_std=13.6394 m_kl_max=0.0169 m_ratio_max=0.480 w_ax@goal=+1.02 w_v@goal=18.92 return=1010.0 length=79 success_rate=1.00 collisions/ep=0.12 (n=26)
update=84 global_step=172032 SPS=621 w_ev=0.955 m_ev=0.998 m_v_bias=-3.6 m_adv_std=6.7096 m_kl_max=0.0153 m_ratio_max=0.833 w_ax@goal=+1.11 w_v@goal=18.97 return=1007.0 length=79 success_rate=1.00 collisions/ep=0.14 (n=29)
update=85 global_step=174080 SPS=624 w_ev=0.954 m_ev=1.000 m_v_bias=-2.3 m_adv_std=3.5321 m_kl_max=0.0034 m_ratio_max=0.386 w_ax@goal=+1.17 w_v@goal=19.00 return=1012.4 length=80 success_rate=1.00 collisions/ep=0.04 (n=24)
Evaluation at update 85: return=1012.23, length=77.95, success_rate=1.00, collisions/ep=0.00
Solved-check at update 85: solved=True worst_gap=1.23 at p_x0=0.00 p_y0=0.00 (consecutive=11)
update=86 global_step=176128 SPS=613 w_ev=0.958 m_ev=0.997 m_v_bias=2.3 m_adv_std=9.0765 m_kl_max=0.0170 m_ratio_max=0.561 w_ax@goal=+1.12 w_v@goal=19.04 return=1008.1 length=80 success_rate=1.00 collisions/ep=0.12 (n=25)
update=87 global_step=178176 SPS=616 w_ev=0.963 m_ev=0.997 m_v_bias=1.1 m_adv_std=9.0215 m_kl_max=0.0167 m_ratio_max=0.578 w_ax@goal=+1.22 w_v@goal=19.18 return=1008.0 length=80 success_rate=1.00 collisions/ep=0.17 (n=24)
update=88 global_step=180224 SPS=618 w_ev=0.962 m_ev=1.000 m_v_bias=-1.7 m_adv_std=3.3880 m_kl_max=0.0164 m_ratio_max=0.669 w_ax@goal=+1.04 w_v@goal=19.07 return=1012.0 length=80 success_rate=1.00 collisions/ep=0.04 (n=27)
update=89 global_step=182272 SPS=620 w_ev=0.952 m_ev=0.998 m_v_bias=0.5 m_adv_std=8.2630 m_kl_max=0.0162 m_ratio_max=0.979 w_ax@goal=+1.07 w_v@goal=19.15 return=1008.9 length=80 success_rate=1.00 collisions/ep=0.11 (n=27)
update=90 global_step=184320 SPS=623 w_ev=0.934 m_ev=0.999 m_v_bias=0.4 m_adv_std=6.2134 m_kl_max=0.0121 m_ratio_max=0.444 w_ax@goal=+1.06 w_v@goal=19.01 return=1010.1 length=79 success_rate=1.00 collisions/ep=0.04 (n=26)
Evaluation at update 90: return=1012.35, length=77.85, success_rate=1.00, collisions/ep=0.00
Solved-check at update 90: solved=True worst_gap=1.12 at p_x0=0.00 p_y0=0.00 (consecutive=12)
update=91 global_step=186368 SPS=613 w_ev=0.954 m_ev=0.998 m_v_bias=0.3 m_adv_std=6.8524 m_kl_max=0.0038 m_ratio_max=0.283 w_ax@goal=+1.14 w_v@goal=19.07 return=1010.1 length=79 success_rate=1.00 collisions/ep=0.04 (n=25)
update=92 global_step=188416 SPS=615 w_ev=0.955 m_ev=0.997 m_v_bias=0.5 m_adv_std=8.4429 m_kl_max=0.0171 m_ratio_max=0.640 w_ax@goal=+1.23 w_v@goal=19.07 return=1008.3 length=79 success_rate=1.00 collisions/ep=0.08 (n=25)
update=93 global_step=190464 SPS=617 w_ev=0.956 m_ev=0.986 m_v_bias=5.0 m_adv_std=20.2852 m_kl_max=0.0089 m_ratio_max=0.502 w_ax@goal=+1.14 w_v@goal=19.12 return=1007.2 length=80 success_rate=1.00 collisions/ep=0.18 (n=28)
update=94 global_step=192512 SPS=620 w_ev=0.937 m_ev=0.999 m_v_bias=-2.8 m_adv_std=5.3462 m_kl_max=0.0101 m_ratio_max=0.451 w_ax@goal=+0.96 w_v@goal=19.08 return=1006.0 length=80 success_rate=1.00 collisions/ep=0.12 (n=25)
update=95 global_step=194560 SPS=622 w_ev=0.696 m_ev=0.215 m_v_bias=42.7 m_adv_std=191.7937 m_kl_max=0.0283 m_ratio_max=0.681 w_ax@goal=+0.59 w_v@goal=19.18 return=933.9 length=85 success_rate=0.96 collisions/ep=0.62 (n=24)
Evaluation at update 95: return=1012.35, length=77.95, success_rate=1.00, collisions/ep=0.00
Solved-check at update 95: solved=True worst_gap=1.16 at p_x0=0.00 p_y0=0.00 (consecutive=13)
update=96 global_step=196608 SPS=613 w_ev=0.946 m_ev=0.905 m_v_bias=-16.6 m_adv_std=51.1521 m_kl_max=0.0073 m_ratio_max=0.781 w_ax@goal=+1.14 w_v@goal=18.95 return=1006.0 length=79 success_rate=1.00 collisions/ep=0.17 (n=24)
update=97 global_step=198656 SPS=615 w_ev=0.951 m_ev=0.975 m_v_bias=-4.4 m_adv_std=26.6283 m_kl_max=0.0063 m_ratio_max=0.367 w_ax@goal=+1.11 w_v@goal=19.08 return=997.2 length=80 success_rate=1.00 collisions/ep=0.38 (n=26)
update=98 global_step=200704 SPS=617 w_ev=0.955 m_ev=0.994 m_v_bias=-6.0 m_adv_std=12.7731 m_kl_max=0.0313 m_ratio_max=0.787 w_ax@goal=+1.28 w_v@goal=19.14 return=1010.5 length=80 success_rate=1.00 collisions/ep=0.04 (n=26)
update=99 global_step=202752 SPS=620 w_ev=0.947 m_ev=0.972 m_v_bias=2.2 m_adv_std=27.5669 m_kl_max=0.0172 m_ratio_max=0.996 w_ax@goal=+0.95 w_v@goal=19.20 return=999.7 length=79 success_rate=1.00 collisions/ep=0.36 (n=28)
update=100 global_step=204800 SPS=622 w_ev=0.945 m_ev=0.993 m_v_bias=-3.2 m_adv_std=13.1502 m_kl_max=0.0150 m_ratio_max=0.597 w_ax@goal=+0.84 w_v@goal=18.98 return=1010.2 length=80 success_rate=1.00 collisions/ep=0.08 (n=24)
Evaluation at update 100: return=1012.35, length=77.90, success_rate=1.00, collisions/ep=0.00
Solved-check at update 100: solved=True worst_gap=1.13 at p_x0=0.00 p_y0=0.00 (consecutive=14)
update=101 global_step=206848 SPS=612 w_ev=0.961 m_ev=0.997 m_v_bias=-1.4 m_adv_std=9.3975 m_kl_max=0.0222 m_ratio_max=0.970 w_ax@goal=+0.88 w_v@goal=19.27 return=1011.9 length=79 success_rate=1.00 collisions/ep=0.00 (n=26)
update=102 global_step=208896 SPS=612 w_ev=0.946 m_ev=0.990 m_v_bias=2.0 m_adv_std=15.8647 m_kl_max=0.0190 m_ratio_max=0.954 w_ax@goal=+0.92 w_v@goal=19.25 return=1004.3 length=80 success_rate=1.00 collisions/ep=0.16 (n=25)
update=103 global_step=210944 SPS=613 w_ev=0.953 m_ev=0.997 m_v_bias=-3.0 m_adv_std=9.7958 m_kl_max=0.0081 m_ratio_max=0.493 w_ax@goal=+1.04 w_v@goal=19.17 return=1011.8 length=78 success_rate=1.00 collisions/ep=0.00 (n=28)
update=104 global_step=212992 SPS=616 w_ev=0.944 m_ev=0.997 m_v_bias=-0.2 m_adv_std=9.4497 m_kl_max=0.0147 m_ratio_max=1.109 w_ax@goal=+1.20 w_v@goal=19.08 return=1012.8 length=80 success_rate=1.00 collisions/ep=0.08 (n=24)
update=105 global_step=215040 SPS=618 w_ev=0.948 m_ev=0.996 m_v_bias=-0.4 m_adv_std=10.3591 m_kl_max=0.0071 m_ratio_max=0.693 w_ax@goal=+1.09 w_v@goal=19.19 return=1010.4 length=78 success_rate=1.00 collisions/ep=0.04 (n=28)
Evaluation at update 105: return=1012.40, length=77.80, success_rate=1.00, collisions/ep=0.00
Solved-check at update 105: solved=True worst_gap=1.09 at p_x0=0.00 p_y0=0.00 (consecutive=15)
update=106 global_step=217088 SPS=609 w_ev=0.955 m_ev=0.997 m_v_bias=0.6 m_adv_std=8.4131 m_kl_max=0.0164 m_ratio_max=0.691 w_ax@goal=+1.22 w_v@goal=19.42 return=1012.5 length=80 success_rate=1.00 collisions/ep=0.00 (n=25)
update=107 global_step=219136 SPS=611 w_ev=0.947 m_ev=0.994 m_v_bias=1.3 m_adv_std=12.1872 m_kl_max=0.0107 m_ratio_max=0.526 w_ax@goal=+1.30 w_v@goal=19.32 return=1008.7 length=80 success_rate=1.00 collisions/ep=0.12 (n=25)
update=108 global_step=221184 SPS=613 w_ev=0.960 m_ev=0.998 m_v_bias=-2.8 m_adv_std=7.1818 m_kl_max=0.0156 m_ratio_max=0.521 w_ax@goal=+1.34 w_v@goal=19.41 return=1012.7 length=80 success_rate=1.00 collisions/ep=0.04 (n=26)
update=109 global_step=223232 SPS=616 w_ev=0.954 m_ev=0.998 m_v_bias=-0.3 m_adv_std=6.6636 m_kl_max=0.0071 m_ratio_max=0.413 w_ax@goal=+1.41 w_v@goal=19.23 return=1012.4 length=79 success_rate=1.00 collisions/ep=0.00 (n=25)
update=110 global_step=225280 SPS=618 w_ev=0.962 m_ev=0.997 m_v_bias=0.3 m_adv_std=8.6364 m_kl_max=0.0044 m_ratio_max=0.409 w_ax@goal=+1.34 w_v@goal=19.38 return=1010.3 length=78 success_rate=1.00 collisions/ep=0.07 (n=27)
Evaluation at update 110: return=1012.45, length=77.70, success_rate=1.00, collisions/ep=0.00
Solved-check at update 110: solved=True worst_gap=1.01 at p_x0=0.00 p_y0=0.00 (consecutive=16)
update=111 global_step=227328 SPS=609 w_ev=0.958 m_ev=0.999 m_v_bias=-0.1 m_adv_std=6.3191 m_kl_max=0.0065 m_ratio_max=0.391 w_ax@goal=+1.37 w_v@goal=19.33 return=1012.7 length=80 success_rate=1.00 collisions/ep=0.00 (n=25)
update=112 global_step=229376 SPS=611 w_ev=0.955 m_ev=0.989 m_v_bias=4.4 m_adv_std=17.2452 m_kl_max=0.0228 m_ratio_max=1.160 w_ax@goal=+1.49 w_v@goal=19.21 return=1004.9 length=79 success_rate=1.00 collisions/ep=0.19 (n=26)
update=113 global_step=231424 SPS=613 w_ev=0.949 m_ev=0.996 m_v_bias=-1.6 m_adv_std=9.8580 m_kl_max=0.0217 m_ratio_max=0.658 w_ax@goal=+1.43 w_v@goal=19.15 return=1008.6 length=79 success_rate=1.00 collisions/ep=0.12 (n=26)
update=114 global_step=233472 SPS=615 w_ev=0.959 m_ev=0.997 m_v_bias=-3.3 m_adv_std=8.9200 m_kl_max=0.0314 m_ratio_max=1.090 w_ax@goal=+1.38 w_v@goal=19.22 return=1010.8 length=80 success_rate=1.00 collisions/ep=0.08 (n=26)
update=115 global_step=235520 SPS=617 w_ev=0.941 m_ev=0.991 m_v_bias=1.6 m_adv_std=15.2576 m_kl_max=0.0096 m_ratio_max=0.641 w_ax@goal=+1.29 w_v@goal=19.32 return=1003.1 length=80 success_rate=1.00 collisions/ep=0.19 (n=26)
Evaluation at update 115: return=1012.45, length=77.70, success_rate=1.00, collisions/ep=0.00
Solved-check at update 115: solved=True worst_gap=1.00 at p_x0=0.00 p_y0=0.00 (consecutive=17)
update=116 global_step=237568 SPS=609 w_ev=0.925 m_ev=0.993 m_v_bias=1.3 m_adv_std=14.2571 m_kl_max=0.0133 m_ratio_max=1.151 w_ax@goal=+1.20 w_v@goal=19.11 return=1006.6 length=81 success_rate=1.00 collisions/ep=0.12 (n=24)
update=117 global_step=239616 SPS=611 w_ev=0.943 m_ev=0.999 m_v_bias=-4.6 m_adv_std=5.4975 m_kl_max=0.0116 m_ratio_max=0.461 w_ax@goal=+1.21 w_v@goal=19.24 return=1012.6 length=80 success_rate=1.00 collisions/ep=0.00 (n=27)
update=118 global_step=241664 SPS=613 w_ev=0.940 m_ev=0.997 m_v_bias=-1.1 m_adv_std=8.0812 m_kl_max=0.0093 m_ratio_max=0.403 w_ax@goal=+1.32 w_v@goal=19.14 return=1010.7 length=80 success_rate=1.00 collisions/ep=0.04 (n=24)
update=119 global_step=243712 SPS=615 w_ev=0.930 m_ev=0.997 m_v_bias=0.8 m_adv_std=9.4091 m_kl_max=0.0172 m_ratio_max=0.672 w_ax@goal=+1.27 w_v@goal=19.30 return=1009.2 length=79 success_rate=1.00 collisions/ep=0.07 (n=27)
update=120 global_step=245760 SPS=616 w_ev=0.944 m_ev=0.997 m_v_bias=0.3 m_adv_std=8.8989 m_kl_max=0.0054 m_ratio_max=0.341 w_ax@goal=+1.23 w_v@goal=19.22 return=1008.7 length=78 success_rate=1.00 collisions/ep=0.07 (n=27)
Evaluation at update 120: return=1012.49, length=77.55, success_rate=1.00, collisions/ep=0.00
Solved-check at update 120: solved=True worst_gap=0.94 at p_x0=0.00 p_y0=0.00 (consecutive=18)
update=121 global_step=247808 SPS=609 w_ev=0.936 m_ev=0.998 m_v_bias=-0.9 m_adv_std=6.8609 m_kl_max=0.0108 m_ratio_max=0.412 w_ax@goal=+1.24 w_v@goal=19.25 return=1012.6 length=78 success_rate=1.00 collisions/ep=0.00 (n=27)
update=122 global_step=249856 SPS=611 w_ev=0.950 m_ev=0.998 m_v_bias=0.9 m_adv_std=6.8583 m_kl_max=0.0214 m_ratio_max=1.077 w_ax@goal=+1.38 w_v@goal=19.26 return=1010.7 length=79 success_rate=1.00 collisions/ep=0.04 (n=25)
update=123 global_step=251904 SPS=613 w_ev=0.934 m_ev=0.998 m_v_bias=-0.2 m_adv_std=7.4400 m_kl_max=0.0318 m_ratio_max=1.801 w_ax@goal=+1.28 w_v@goal=19.26 return=1008.4 length=78 success_rate=1.00 collisions/ep=0.12 (n=24)
update=124 global_step=253952 SPS=615 w_ev=0.956 m_ev=0.999 m_v_bias=0.5 m_adv_std=4.5340 m_kl_max=0.0178 m_ratio_max=0.552 w_ax@goal=+1.05 w_v@goal=19.38 return=1012.4 length=79 success_rate=1.00 collisions/ep=0.00 (n=27)
update=125 global_step=256000 SPS=617 w_ev=0.953 m_ev=0.993 m_v_bias=2.2 m_adv_std=13.6290 m_kl_max=0.0113 m_ratio_max=0.407 w_ax@goal=+1.06 w_v@goal=19.31 return=1008.7 length=79 success_rate=1.00 collisions/ep=0.07 (n=27)
Evaluation at update 125: return=1012.49, length=77.55, success_rate=1.00, collisions/ep=0.00
Solved-check at update 125: solved=True worst_gap=0.94 at p_x0=0.00 p_y0=0.00 (consecutive=19)
update=126 global_step=258048 SPS=610 w_ev=0.957 m_ev=0.984 m_v_bias=2.1 m_adv_std=20.5311 m_kl_max=0.0335 m_ratio_max=1.398 w_ax@goal=+1.09 w_v@goal=19.37 return=1002.4 length=80 success_rate=1.00 collisions/ep=0.21 (n=24)
update=127 global_step=260096 SPS=611 w_ev=0.943 m_ev=0.998 m_v_bias=-3.0 m_adv_std=8.1578 m_kl_max=0.0054 m_ratio_max=0.362 w_ax@goal=+1.03 w_v@goal=19.27 return=1010.6 length=79 success_rate=1.00 collisions/ep=0.04 (n=27)
update=128 global_step=262144 SPS=613 w_ev=0.949 m_ev=0.994 m_v_bias=2.1 m_adv_std=13.0526 m_kl_max=0.0116 m_ratio_max=0.616 w_ax@goal=+0.87 w_v@goal=19.17 return=1010.5 length=79 success_rate=1.00 collisions/ep=0.04 (n=25)
update=129 global_step=264192 SPS=615 w_ev=0.948 m_ev=0.983 m_v_bias=0.9 m_adv_std=21.5547 m_kl_max=0.0140 m_ratio_max=0.549 w_ax@goal=+0.88 w_v@goal=19.12 return=996.5 length=80 success_rate=1.00 collisions/ep=0.31 (n=26)
update=130 global_step=266240 SPS=616 w_ev=0.956 m_ev=0.999 m_v_bias=-4.6 m_adv_std=4.0019 m_kl_max=0.0132 m_ratio_max=0.433 w_ax@goal=+1.06 w_v@goal=19.36 return=1012.8 length=80 success_rate=1.00 collisions/ep=0.00 (n=26)
Evaluation at update 130: return=1012.47, length=77.65, success_rate=1.00, collisions/ep=0.00
Solved-check at update 130: solved=True worst_gap=0.98 at p_x0=0.00 p_y0=0.00 (consecutive=20)
update=131 global_step=268288 SPS=609 w_ev=0.946 m_ev=0.996 m_v_bias=-0.6 m_adv_std=9.9147 m_kl_max=0.0157 m_ratio_max=0.754 w_ax@goal=+1.18 w_v@goal=19.22 return=1008.4 length=77 success_rate=1.00 collisions/ep=0.12 (n=26)
update=132 global_step=270336 SPS=611 w_ev=0.948 m_ev=0.999 m_v_bias=1.0 m_adv_std=6.0995 m_kl_max=0.0119 m_ratio_max=0.849 w_ax@goal=+1.13 w_v@goal=19.21 return=1010.9 length=80 success_rate=1.00 collisions/ep=0.08 (n=26)
update=133 global_step=272384 SPS=613 w_ev=0.962 m_ev=0.997 m_v_bias=2.0 m_adv_std=9.9149 m_kl_max=0.0051 m_ratio_max=0.307 w_ax@goal=+1.27 w_v@goal=19.36 return=1006.8 length=78 success_rate=1.00 collisions/ep=0.11 (n=27)
update=134 global_step=274432 SPS=615 w_ev=0.935 m_ev=0.980 m_v_bias=1.1 m_adv_std=22.8177 m_kl_max=0.0265 m_ratio_max=0.614 w_ax@goal=+1.26 w_v@goal=19.39 return=1002.3 length=80 success_rate=1.00 collisions/ep=0.21 (n=24)
update=135 global_step=276480 SPS=616 w_ev=0.953 m_ev=0.997 m_v_bias=-3.4 m_adv_std=8.7875 m_kl_max=0.0208 m_ratio_max=0.676 w_ax@goal=+1.49 w_v@goal=19.30 return=1006.9 length=79 success_rate=1.00 collisions/ep=0.12 (n=26)
Evaluation at update 135: return=1012.48, length=77.60, success_rate=1.00, collisions/ep=0.00
Solved-check at update 135: solved=True worst_gap=0.96 at p_x0=0.00 p_y0=0.00 (consecutive=21)
update=136 global_step=278528 SPS=609 w_ev=0.950 m_ev=0.987 m_v_bias=0.1 m_adv_std=19.2159 m_kl_max=0.0284 m_ratio_max=0.807 w_ax@goal=+1.30 w_v@goal=19.34 return=1002.8 length=78 success_rate=1.00 collisions/ep=0.19 (n=26)
update=137 global_step=280576 SPS=611 w_ev=0.959 m_ev=0.995 m_v_bias=1.4 m_adv_std=12.1218 m_kl_max=0.0154 m_ratio_max=0.710 w_ax@goal=+1.29 w_v@goal=19.35 return=1003.8 length=80 success_rate=1.00 collisions/ep=0.18 (n=28)
update=138 global_step=282624 SPS=613 w_ev=0.950 m_ev=0.996 m_v_bias=-1.0 m_adv_std=10.9475 m_kl_max=0.0141 m_ratio_max=0.645 w_ax@goal=+1.22 w_v@goal=19.25 return=1002.1 length=79 success_rate=1.00 collisions/ep=0.21 (n=24)
update=139 global_step=284672 SPS=614 w_ev=0.953 m_ev=0.997 m_v_bias=-2.9 m_adv_std=8.8041 m_kl_max=0.0121 m_ratio_max=0.601 w_ax@goal=+1.24 w_v@goal=19.35 return=1006.8 length=79 success_rate=1.00 collisions/ep=0.15 (n=26)
update=140 global_step=286720 SPS=616 w_ev=0.953 m_ev=0.994 m_v_bias=2.1 m_adv_std=12.3992 m_kl_max=0.0429 m_ratio_max=1.522 w_ax@goal=+1.30 w_v@goal=19.26 return=1001.1 length=79 success_rate=1.00 collisions/ep=0.27 (n=26)
Evaluation at update 140: return=1012.51, length=77.50, success_rate=1.00, collisions/ep=0.00
Solved-check at update 140: solved=True worst_gap=0.92 at p_x0=0.00 p_y0=0.00 (consecutive=22)
update=141 global_step=288768 SPS=610 w_ev=0.955 m_ev=0.994 m_v_bias=1.0 m_adv_std=12.8498 m_kl_max=0.0221 m_ratio_max=1.068 w_ax@goal=+1.60 w_v@goal=19.17 return=1005.3 length=79 success_rate=1.00 collisions/ep=0.15 (n=27)
update=142 global_step=290816 SPS=611 w_ev=0.954 m_ev=0.999 m_v_bias=-2.1 m_adv_std=6.1002 m_kl_max=0.0154 m_ratio_max=0.960 w_ax@goal=+1.47 w_v@goal=19.13 return=1010.6 length=79 success_rate=1.00 collisions/ep=0.08 (n=25)
update=143 global_step=292864 SPS=613 w_ev=0.943 m_ev=0.991 m_v_bias=4.4 m_adv_std=15.9600 m_kl_max=0.0100 m_ratio_max=0.401 w_ax@goal=+1.42 w_v@goal=19.22 return=998.8 length=79 success_rate=1.00 collisions/ep=0.28 (n=25)
update=144 global_step=294912 SPS=615 w_ev=0.948 m_ev=0.996 m_v_bias=-2.3 m_adv_std=10.3374 m_kl_max=0.0219 m_ratio_max=0.594 w_ax@goal=+1.53 w_v@goal=19.37 return=1006.8 length=80 success_rate=1.00 collisions/ep=0.12 (n=25)
update=145 global_step=296960 SPS=616 w_ev=0.964 m_ev=0.999 m_v_bias=-0.8 m_adv_std=6.3559 m_kl_max=0.0168 m_ratio_max=1.380 w_ax@goal=+1.52 w_v@goal=19.41 return=1009.2 length=79 success_rate=1.00 collisions/ep=0.07 (n=28)
Evaluation at update 145: return=1012.52, length=77.50, success_rate=1.00, collisions/ep=0.00
Solved-check at update 145: solved=True worst_gap=0.93 at p_x0=0.00 p_y0=0.00 (consecutive=23)
update=146 global_step=299008 SPS=610 w_ev=0.959 m_ev=0.993 m_v_bias=3.8 m_adv_std=13.3217 m_kl_max=0.0206 m_ratio_max=1.052 w_ax@goal=+1.61 w_v@goal=19.20 return=1004.4 length=78 success_rate=1.00 collisions/ep=0.16 (n=25)
update=147 global_step=301056 SPS=611 w_ev=0.953 m_ev=0.998 m_v_bias=-3.2 m_adv_std=6.5873 m_kl_max=0.0097 m_ratio_max=0.458 w_ax@goal=+1.32 w_v@goal=19.38 return=1010.8 length=79 success_rate=1.00 collisions/ep=0.04 (n=26)
update=148 global_step=303104 SPS=613 w_ev=0.956 m_ev=1.000 m_v_bias=-0.4 m_adv_std=3.3391 m_kl_max=0.0179 m_ratio_max=1.094 w_ax@goal=+1.27 w_v@goal=19.34 return=1012.6 length=78 success_rate=1.00 collisions/ep=0.00 (n=27)
update=149 global_step=305152 SPS=614 w_ev=0.960 m_ev=0.996 m_v_bias=1.3 m_adv_std=9.9982 m_kl_max=0.0061 m_ratio_max=0.412 w_ax@goal=+1.52 w_v@goal=19.37 return=1008.9 length=79 success_rate=1.00 collisions/ep=0.08 (n=25)
update=150 global_step=307200 SPS=616 w_ev=0.958 m_ev=0.991 m_v_bias=3.2 m_adv_std=15.2241 m_kl_max=0.0083 m_ratio_max=0.521 w_ax@goal=+1.49 w_v@goal=19.25 return=1003.2 length=80 success_rate=1.00 collisions/ep=0.19 (n=26)
Evaluation at update 150: return=1012.54, length=77.50, success_rate=1.00, collisions/ep=0.00
Solved-check at update 150: solved=True worst_gap=1.00 at p_x0=0.00 p_y0=0.50 (consecutive=24)
update=151 global_step=309248 SPS=610 w_ev=0.960 m_ev=0.991 m_v_bias=1.5 m_adv_std=15.8822 m_kl_max=0.0086 m_ratio_max=0.611 w_ax@goal=+1.55 w_v@goal=19.42 return=1000.9 length=80 success_rate=1.00 collisions/ep=0.24 (n=25)
update=152 global_step=311296 SPS=611 w_ev=0.957 m_ev=0.996 m_v_bias=-1.7 m_adv_std=10.9313 m_kl_max=0.0085 m_ratio_max=0.436 w_ax@goal=+1.59 w_v@goal=19.36 return=996.6 length=79 success_rate=1.00 collisions/ep=0.32 (n=25)
update=153 global_step=313344 SPS=613 w_ev=0.949 m_ev=0.990 m_v_bias=2.3 m_adv_std=17.4229 m_kl_max=0.0217 m_ratio_max=0.869 w_ax@goal=+1.30 w_v@goal=19.21 return=1005.4 length=80 success_rate=1.00 collisions/ep=0.15 (n=27)
update=154 global_step=315392 SPS=614 w_ev=0.950 m_ev=0.991 m_v_bias=0.5 m_adv_std=16.0450 m_kl_max=0.0218 m_ratio_max=0.663 w_ax@goal=+1.09 w_v@goal=19.14 return=1006.9 length=80 success_rate=1.00 collisions/ep=0.12 (n=26)
update=155 global_step=317440 SPS=616 w_ev=0.954 m_ev=0.998 m_v_bias=-5.1 m_adv_std=6.8415 m_kl_max=0.0192 m_ratio_max=1.023 w_ax@goal=+1.26 w_v@goal=19.14 return=1001.7 length=79 success_rate=1.00 collisions/ep=0.22 (n=27)
Evaluation at update 155: return=1012.52, length=77.55, success_rate=1.00, collisions/ep=0.00
Solved-check at update 155: solved=True worst_gap=0.93 at p_x0=0.00 p_y0=0.00 (consecutive=25)
update=156 global_step=319488 SPS=610 w_ev=0.947 m_ev=1.000 m_v_bias=-3.1 m_adv_std=3.4707 m_kl_max=0.0157 m_ratio_max=0.565 w_ax@goal=+1.20 w_v@goal=19.18 return=1013.0 length=81 success_rate=1.00 collisions/ep=0.00 (n=25)
update=157 global_step=321536 SPS=611 w_ev=0.951 m_ev=0.997 m_v_bias=1.1 m_adv_std=8.8564 m_kl_max=0.0152 m_ratio_max=0.743 w_ax@goal=+1.23 w_v@goal=19.38 return=1008.6 length=79 success_rate=1.00 collisions/ep=0.08 (n=24)
update=158 global_step=323584 SPS=613 w_ev=0.956 m_ev=1.000 m_v_bias=-1.2 m_adv_std=2.2985 m_kl_max=0.0181 m_ratio_max=0.558 w_ax@goal=+1.10 w_v@goal=19.34 return=1012.7 length=78 success_rate=1.00 collisions/ep=0.00 (n=27)
update=159 global_step=325632 SPS=614 w_ev=0.965 m_ev=0.997 m_v_bias=2.5 m_adv_std=9.0184 m_kl_max=0.0185 m_ratio_max=0.773 w_ax@goal=+1.00 w_v@goal=19.26 return=1008.8 length=80 success_rate=1.00 collisions/ep=0.08 (n=26)
update=160 global_step=327680 SPS=616 w_ev=0.963 m_ev=0.998 m_v_bias=1.1 m_adv_std=7.8333 m_kl_max=0.0131 m_ratio_max=1.021 w_ax@goal=+1.19 w_v@goal=19.39 return=1008.7 length=79 success_rate=1.00 collisions/ep=0.08 (n=26)
Evaluation at update 160: return=1012.49, length=77.55, success_rate=1.00, collisions/ep=0.00
Solved-check at update 160: solved=True worst_gap=0.96 at p_x0=0.00 p_y0=0.00 (consecutive=26)
update=161 global_step=329728 SPS=610 w_ev=0.969 m_ev=0.999 m_v_bias=-1.2 m_adv_std=3.6616 m_kl_max=0.0138 m_ratio_max=0.559 w_ax@goal=+0.99 w_v@goal=19.31 return=1012.6 length=79 success_rate=1.00 collisions/ep=0.00 (n=25)
update=162 global_step=331776 SPS=612 w_ev=0.968 m_ev=0.999 m_v_bias=1.3 m_adv_std=6.2983 m_kl_max=0.0075 m_ratio_max=0.406 w_ax@goal=+0.94 w_v@goal=19.26 return=1010.1 length=77 success_rate=1.00 collisions/ep=0.04 (n=26)
update=163 global_step=333824 SPS=613 w_ev=0.966 m_ev=1.000 m_v_bias=-0.9 m_adv_std=2.4978 m_kl_max=0.0124 m_ratio_max=0.536 w_ax@goal=+1.07 w_v@goal=19.27 return=1012.8 length=80 success_rate=1.00 collisions/ep=0.00 (n=27)
update=164 global_step=335872 SPS=615 w_ev=0.964 m_ev=1.000 m_v_bias=0.2 m_adv_std=2.6343 m_kl_max=0.0188 m_ratio_max=0.714 w_ax@goal=+0.94 w_v@goal=19.43 return=1012.5 length=79 success_rate=1.00 collisions/ep=0.00 (n=26)
update=165 global_step=337920 SPS=616 w_ev=0.969 m_ev=0.998 m_v_bias=1.2 m_adv_std=7.0372 m_kl_max=0.0116 m_ratio_max=0.449 w_ax@goal=+1.11 w_v@goal=19.36 return=1008.8 length=81 success_rate=1.00 collisions/ep=0.08 (n=25)
Evaluation at update 165: return=1012.47, length=77.70, success_rate=1.00, collisions/ep=0.00
Solved-check at update 165: solved=True worst_gap=1.00 at p_x0=0.00 p_y0=0.00 (consecutive=27)
update=166 global_step=339968 SPS=610 w_ev=0.967 m_ev=0.998 m_v_bias=0.2 m_adv_std=7.7874 m_kl_max=0.0137 m_ratio_max=0.506 w_ax@goal=+1.14 w_v@goal=19.30 return=1008.6 length=79 success_rate=1.00 collisions/ep=0.08 (n=26)
update=167 global_step=342016 SPS=611 w_ev=0.955 m_ev=0.990 m_v_bias=2.6 m_adv_std=16.6672 m_kl_max=0.0143 m_ratio_max=0.642 w_ax@goal=+1.13 w_v@goal=19.39 return=1004.9 length=80 success_rate=1.00 collisions/ep=0.20 (n=25)
update=168 global_step=344064 SPS=613 w_ev=0.954 m_ev=0.993 m_v_bias=-2.9 m_adv_std=13.4444 m_kl_max=0.0150 m_ratio_max=0.721 w_ax@goal=+1.01 w_v@goal=19.32 return=1002.6 length=80 success_rate=1.00 collisions/ep=0.24 (n=25)
update=169 global_step=346112 SPS=614 w_ev=0.963 m_ev=0.998 m_v_bias=-2.6 m_adv_std=7.6999 m_kl_max=0.0154 m_ratio_max=0.577 w_ax@goal=+1.23 w_v@goal=19.40 return=1009.1 length=80 success_rate=1.00 collisions/ep=0.07 (n=27)
update=170 global_step=348160 SPS=615 w_ev=0.959 m_ev=0.997 m_v_bias=-0.3 m_adv_std=8.5398 m_kl_max=0.0121 m_ratio_max=0.613 w_ax@goal=+1.32 w_v@goal=19.33 return=1010.6 length=79 success_rate=1.00 collisions/ep=0.04 (n=26)
Evaluation at update 170: return=1012.45, length=77.65, success_rate=1.00, collisions/ep=0.00
Solved-check at update 170: solved=True worst_gap=1.02 at p_x0=0.00 p_y0=0.00 (consecutive=28)
update=171 global_step=350208 SPS=610 w_ev=0.958 m_ev=0.993 m_v_bias=3.2 m_adv_std=13.1830 m_kl_max=0.0149 m_ratio_max=0.509 w_ax@goal=+1.30 w_v@goal=19.28 return=1004.2 length=78 success_rate=1.00 collisions/ep=0.16 (n=25)
update=172 global_step=352256 SPS=611 w_ev=0.964 m_ev=0.996 m_v_bias=2.0 m_adv_std=10.7087 m_kl_max=0.0253 m_ratio_max=0.955 w_ax@goal=+1.27 w_v@goal=19.48 return=1000.6 length=79 success_rate=1.00 collisions/ep=0.24 (n=25)
update=173 global_step=354304 SPS=612 w_ev=0.961 m_ev=0.992 m_v_bias=3.0 m_adv_std=14.9897 m_kl_max=0.0232 m_ratio_max=0.505 w_ax@goal=+1.27 w_v@goal=19.42 return=999.8 length=78 success_rate=1.00 collisions/ep=0.25 (n=28)
update=174 global_step=356352 SPS=614 w_ev=0.962 m_ev=0.990 m_v_bias=1.8 m_adv_std=16.9656 m_kl_max=0.0110 m_ratio_max=1.009 w_ax@goal=+1.10 w_v@goal=19.43 return=999.8 length=80 success_rate=1.00 collisions/ep=0.33 (n=27)
update=175 global_step=358400 SPS=615 w_ev=0.954 m_ev=0.990 m_v_bias=-1.3 m_adv_std=16.4281 m_kl_max=0.0194 m_ratio_max=0.859 w_ax@goal=+1.22 w_v@goal=19.35 return=1004.0 length=79 success_rate=1.00 collisions/ep=0.17 (n=24)
Evaluation at update 175: return=1012.42, length=77.75, success_rate=1.00, collisions/ep=0.00
Solved-check at update 175: solved=True worst_gap=1.07 at p_x0=0.00 p_y0=0.00 (consecutive=29)
update=176 global_step=360448 SPS=609 w_ev=0.964 m_ev=0.993 m_v_bias=-1.1 m_adv_std=14.1002 m_kl_max=0.0183 m_ratio_max=0.681 w_ax@goal=+1.18 w_v@goal=19.42 return=1004.6 length=79 success_rate=1.00 collisions/ep=0.16 (n=25)
update=177 global_step=362496 SPS=611 w_ev=0.960 m_ev=0.999 m_v_bias=-2.7 m_adv_std=6.2708 m_kl_max=0.0620 m_ratio_max=3.808 w_ax@goal=+1.16 w_v@goal=19.53 return=1006.8 length=78 success_rate=1.00 collisions/ep=0.11 (n=27)
update=178 global_step=364544 SPS=612 w_ev=0.956 m_ev=0.996 m_v_bias=2.2 m_adv_std=9.8419 m_kl_max=0.0104 m_ratio_max=0.363 w_ax@goal=+1.02 w_v@goal=19.56 return=1008.9 length=79 success_rate=1.00 collisions/ep=0.11 (n=27)
update=179 global_step=366592 SPS=613 w_ev=0.944 m_ev=0.996 m_v_bias=0.3 m_adv_std=10.7195 m_kl_max=0.0145 m_ratio_max=0.534 w_ax@goal=+0.97 w_v@goal=19.36 return=1004.7 length=77 success_rate=1.00 collisions/ep=0.15 (n=27)
update=180 global_step=368640 SPS=615 w_ev=0.946 m_ev=0.997 m_v_bias=0.6 m_adv_std=9.0207 m_kl_max=0.0200 m_ratio_max=0.622 w_ax@goal=+1.00 w_v@goal=19.48 return=1008.9 length=82 success_rate=1.00 collisions/ep=0.08 (n=24)
Evaluation at update 180: return=1012.40, length=77.80, success_rate=1.00, collisions/ep=0.00
Solved-check at update 180: solved=True worst_gap=1.10 at p_x0=0.00 p_y0=0.00 (consecutive=30)
update=181 global_step=370688 SPS=610 w_ev=0.956 m_ev=0.992 m_v_bias=2.7 m_adv_std=15.3690 m_kl_max=0.0139 m_ratio_max=0.776 w_ax@goal=+0.90 w_v@goal=19.33 return=1000.2 length=80 success_rate=1.00 collisions/ep=0.25 (n=24)
update=182 global_step=372736 SPS=611 w_ev=0.958 m_ev=0.974 m_v_bias=4.1 m_adv_std=26.3807 m_kl_max=0.0208 m_ratio_max=1.052 w_ax@goal=+0.95 w_v@goal=19.34 return=997.3 length=78 success_rate=1.00 collisions/ep=0.30 (n=27)
update=183 global_step=374784 SPS=612 w_ev=0.965 m_ev=0.999 m_v_bias=-4.5 m_adv_std=5.5927 m_kl_max=0.0102 m_ratio_max=0.450 w_ax@goal=+0.86 w_v@goal=19.29 return=1012.3 length=79 success_rate=1.00 collisions/ep=0.00 (n=28)
update=184 global_step=376832 SPS=613 w_ev=0.957 m_ev=0.993 m_v_bias=0.8 m_adv_std=14.1144 m_kl_max=0.0251 m_ratio_max=1.028 w_ax@goal=+0.97 w_v@goal=19.26 return=999.3 length=77 success_rate=1.00 collisions/ep=0.25 (n=24)
update=185 global_step=378880 SPS=615 w_ev=0.952 m_ev=0.993 m_v_bias=-2.5 m_adv_std=13.7166 m_kl_max=0.0165 m_ratio_max=0.921 w_ax@goal=+0.96 w_v@goal=19.18 return=1006.8 length=78 success_rate=1.00 collisions/ep=0.11 (n=28)
Evaluation at update 185: return=1012.40, length=77.80, success_rate=1.00, collisions/ep=0.00
Solved-check at update 185: solved=True worst_gap=1.09 at p_x0=0.00 p_y0=0.00 (consecutive=31)
update=186 global_step=380928 SPS=609 w_ev=0.965 m_ev=0.998 m_v_bias=-2.2 m_adv_std=6.9713 m_kl_max=0.0148 m_ratio_max=0.565 w_ax@goal=+0.93 w_v@goal=19.18 return=1010.2 length=80 success_rate=1.00 collisions/ep=0.04 (n=25)
update=187 global_step=382976 SPS=610 w_ev=0.969 m_ev=0.999 m_v_bias=-0.3 m_adv_std=4.6446 m_kl_max=0.0336 m_ratio_max=0.992 w_ax@goal=+0.88 w_v@goal=19.39 return=1010.6 length=79 success_rate=1.00 collisions/ep=0.04 (n=27)
update=188 global_step=385024 SPS=612 w_ev=0.965 m_ev=0.997 m_v_bias=2.5 m_adv_std=8.5004 m_kl_max=0.0172 m_ratio_max=1.006 w_ax@goal=+0.93 w_v@goal=19.39 return=1008.1 length=78 success_rate=1.00 collisions/ep=0.08 (n=25)
update=189 global_step=387072 SPS=613 w_ev=0.959 m_ev=0.990 m_v_bias=3.9 m_adv_std=16.1032 m_kl_max=0.0161 m_ratio_max=0.629 w_ax@goal=+1.01 w_v@goal=19.19 return=1004.4 length=77 success_rate=1.00 collisions/ep=0.15 (n=27)
update=190 global_step=389120 SPS=614 w_ev=0.965 m_ev=0.998 m_v_bias=-3.5 m_adv_std=8.1476 m_kl_max=0.0324 m_ratio_max=1.291 w_ax@goal=+0.86 w_v@goal=19.18 return=1004.4 length=80 success_rate=1.00 collisions/ep=0.16 (n=25)
Evaluation at update 190: return=1012.36, length=77.85, success_rate=1.00, collisions/ep=0.00
Solved-check at update 190: solved=False worst_gap=51.09 at p_x0=0.00 p_y0=0.50 (consecutive=32)
update=191 global_step=391168 SPS=609 w_ev=0.970 m_ev=0.998 m_v_bias=-3.4 m_adv_std=7.1811 m_kl_max=0.0122 m_ratio_max=0.571 w_ax@goal=+0.76 w_v@goal=19.13 return=1010.4 length=79 success_rate=1.00 collisions/ep=0.04 (n=26)
update=192 global_step=393216 SPS=610 w_ev=0.978 m_ev=0.976 m_v_bias=4.3 m_adv_std=24.8979 m_kl_max=0.0092 m_ratio_max=0.453 w_ax@goal=+0.70 w_v@goal=19.15 return=1000.2 length=80 success_rate=1.00 collisions/ep=0.28 (n=25)
update=193 global_step=395264 SPS=612 w_ev=0.979 m_ev=0.997 m_v_bias=-0.2 m_adv_std=8.8646 m_kl_max=0.0239 m_ratio_max=0.874 w_ax@goal=+0.73 w_v@goal=19.22 return=1008.4 length=81 success_rate=1.00 collisions/ep=0.12 (n=25)
update=194 global_step=397312 SPS=613 w_ev=0.980 m_ev=0.999 m_v_bias=-1.0 m_adv_std=6.2223 m_kl_max=0.0214 m_ratio_max=0.771 w_ax@goal=+0.69 w_v@goal=19.19 return=1010.3 length=79 success_rate=1.00 collisions/ep=0.04 (n=27)
update=195 global_step=399360 SPS=614 w_ev=0.972 m_ev=0.998 m_v_bias=-1.1 m_adv_std=6.8400 m_kl_max=0.0117 m_ratio_max=0.532 w_ax@goal=+0.76 w_v@goal=19.23 return=1012.2 length=79 success_rate=1.00 collisions/ep=0.00 (n=26)
Evaluation at update 195: return=1012.37, length=77.85, success_rate=1.00, collisions/ep=0.00
Solved-check at update 195: solved=True worst_gap=1.13 at p_x0=0.00 p_y0=0.00 (consecutive=0)
update=196 global_step=401408 SPS=609 w_ev=0.968 m_ev=0.980 m_v_bias=6.4 m_adv_std=23.8083 m_kl_max=0.0273 m_ratio_max=0.776 w_ax@goal=+0.60 w_v@goal=19.41 return=998.2 length=79 success_rate=1.00 collisions/ep=0.32 (n=25)
update=197 global_step=403456 SPS=610 w_ev=0.972 m_ev=0.990 m_v_bias=0.6 m_adv_std=16.8043 m_kl_max=0.0201 m_ratio_max=0.815 w_ax@goal=+0.74 w_v@goal=19.33 return=1002.5 length=80 success_rate=1.00 collisions/ep=0.20 (n=25)
update=198 global_step=405504 SPS=612 w_ev=0.968 m_ev=0.997 m_v_bias=-1.6 m_adv_std=8.6688 m_kl_max=0.0146 m_ratio_max=0.597 w_ax@goal=+0.87 w_v@goal=19.31 return=1008.5 length=78 success_rate=1.00 collisions/ep=0.07 (n=28)
update=199 global_step=407552 SPS=613 w_ev=0.974 m_ev=0.998 m_v_bias=1.0 m_adv_std=6.4598 m_kl_max=0.0561 m_ratio_max=0.879 w_ax@goal=+0.67 w_v@goal=19.30 return=1012.1 length=78 success_rate=1.00 collisions/ep=0.00 (n=26)
update=200 global_step=409600 SPS=614 w_ev=0.968 m_ev=0.990 m_v_bias=1.6 m_adv_std=16.9635 m_kl_max=0.0139 m_ratio_max=0.776 w_ax@goal=+0.66 w_v@goal=19.47 return=1006.1 length=79 success_rate=1.00 collisions/ep=0.12 (n=25)
Evaluation at update 200: return=1012.40, length=77.80, success_rate=1.00, collisions/ep=0.00
Solved-check at update 200: solved=True worst_gap=1.09 at p_x0=0.00 p_y0=0.00 (consecutive=1)
update=201 global_step=411648 SPS=609 w_ev=0.974 m_ev=0.995 m_v_bias=-3.9 m_adv_std=11.7121 m_kl_max=0.0099 m_ratio_max=0.467 w_ax@goal=+0.72 w_v@goal=19.25 return=1002.7 length=79 success_rate=1.00 collisions/ep=0.19 (n=26)
update=202 global_step=413696 SPS=610 w_ev=0.971 m_ev=0.994 m_v_bias=1.7 m_adv_std=13.2654 m_kl_max=0.0168 m_ratio_max=1.197 w_ax@goal=+0.74 w_v@goal=19.44 return=999.1 length=78 success_rate=1.00 collisions/ep=0.30 (n=27)
update=203 global_step=415744 SPS=611 w_ev=0.969 m_ev=0.996 m_v_bias=-1.9 m_adv_std=9.9229 m_kl_max=0.0039 m_ratio_max=0.391 w_ax@goal=+0.73 w_v@goal=19.24 return=1008.4 length=79 success_rate=1.00 collisions/ep=0.12 (n=25)
update=204 global_step=417792 SPS=612 w_ev=0.970 m_ev=0.999 m_v_bias=-1.2 m_adv_std=4.8067 m_kl_max=0.0151 m_ratio_max=0.434 w_ax@goal=+0.88 w_v@goal=19.09 return=1010.5 length=80 success_rate=1.00 collisions/ep=0.04 (n=25)
update=205 global_step=419840 SPS=613 w_ev=0.969 m_ev=0.989 m_v_bias=6.2 m_adv_std=17.4231 m_kl_max=0.0240 m_ratio_max=0.944 w_ax@goal=+0.71 w_v@goal=19.32 return=1006.9 length=82 success_rate=1.00 collisions/ep=0.12 (n=25)
Evaluation at update 205: return=1012.41, length=77.80, success_rate=1.00, collisions/ep=0.00
Solved-check at update 205: solved=True worst_gap=1.09 at p_x0=0.00 p_y0=0.00 (consecutive=2)
update=206 global_step=421888 SPS=609 w_ev=0.965 m_ev=0.983 m_v_bias=3.1 m_adv_std=22.9214 m_kl_max=0.0099 m_ratio_max=0.582 w_ax@goal=+0.72 w_v@goal=19.29 return=995.3 length=80 success_rate=1.00 collisions/ep=0.35 (n=26)
update=207 global_step=423936 SPS=610 w_ev=0.968 m_ev=0.979 m_v_bias=1.4 m_adv_std=24.7521 m_kl_max=0.0063 m_ratio_max=0.447 w_ax@goal=+0.75 w_v@goal=19.32 return=988.2 length=80 success_rate=1.00 collisions/ep=0.48 (n=27)
update=208 global_step=425984 SPS=611 w_ev=0.968 m_ev=0.997 m_v_bias=-6.2 m_adv_std=9.1482 m_kl_max=0.0159 m_ratio_max=0.814 w_ax@goal=+0.76 w_v@goal=19.28 return=1008.4 length=80 success_rate=1.00 collisions/ep=0.08 (n=25)
update=209 global_step=428032 SPS=612 w_ev=0.973 m_ev=0.998 m_v_bias=-0.9 m_adv_std=6.5845 m_kl_max=0.0240 m_ratio_max=1.134 w_ax@goal=+0.73 w_v@goal=19.32 return=1006.1 length=78 success_rate=1.00 collisions/ep=0.12 (n=26)
update=210 global_step=430080 SPS=613 w_ev=0.969 m_ev=0.987 m_v_bias=3.8 m_adv_std=19.1611 m_kl_max=0.0161 m_ratio_max=0.754 w_ax@goal=+0.76 w_v@goal=19.38 return=1003.9 length=80 success_rate=1.00 collisions/ep=0.17 (n=24)
Evaluation at update 210: return=1012.38, length=77.80, success_rate=1.00, collisions/ep=0.00
Solved-check at update 210: solved=True worst_gap=1.12 at p_x0=0.00 p_y0=0.00 (consecutive=3)
update=211 global_step=432128 SPS=609 w_ev=0.966 m_ev=0.997 m_v_bias=-3.4 m_adv_std=9.0253 m_kl_max=0.0223 m_ratio_max=0.823 w_ax@goal=+0.95 w_v@goal=19.38 return=1003.2 length=79 success_rate=1.00 collisions/ep=0.26 (n=27)
update=212 global_step=434176 SPS=610 w_ev=0.969 m_ev=0.997 m_v_bias=-1.1 m_adv_std=8.5534 m_kl_max=0.0197 m_ratio_max=0.722 w_ax@goal=+0.82 w_v@goal=19.27 return=1008.4 length=80 success_rate=1.00 collisions/ep=0.08 (n=26)
update=213 global_step=436224 SPS=611 w_ev=0.972 m_ev=1.000 m_v_bias=-2.6 m_adv_std=3.6223 m_kl_max=0.0238 m_ratio_max=0.645 w_ax@goal=+0.73 w_v@goal=19.47 return=1012.2 length=79 success_rate=1.00 collisions/ep=0.00 (n=26)
update=214 global_step=438272 SPS=611 w_ev=0.972 m_ev=0.997 m_v_bias=2.0 m_adv_std=8.5862 m_kl_max=0.0150 m_ratio_max=0.433 w_ax@goal=+0.81 w_v@goal=19.35 return=1010.2 length=79 success_rate=1.00 collisions/ep=0.04 (n=25)
update=215 global_step=440320 SPS=613 w_ev=0.974 m_ev=0.998 m_v_bias=0.6 m_adv_std=7.2188 m_kl_max=0.0544 m_ratio_max=0.973 w_ax@goal=+0.78 w_v@goal=19.32 return=1008.6 length=81 success_rate=1.00 collisions/ep=0.08 (n=26)
Evaluation at update 215: return=1012.28, length=77.95, success_rate=1.00, collisions/ep=0.00
Solved-check at update 215: solved=True worst_gap=1.24 at p_x0=0.00 p_y0=0.00 (consecutive=4)
update=216 global_step=442368 SPS=608 w_ev=0.969 m_ev=0.999 m_v_bias=-1.2 m_adv_std=5.2323 m_kl_max=0.0115 m_ratio_max=0.561 w_ax@goal=+0.77 w_v@goal=19.39 return=1009.8 length=78 success_rate=1.00 collisions/ep=0.04 (n=26)
update=217 global_step=444416 SPS=609 w_ev=0.971 m_ev=0.998 m_v_bias=1.0 m_adv_std=7.9519 m_kl_max=0.0143 m_ratio_max=0.457 w_ax@goal=+0.86 w_v@goal=19.23 return=1008.5 length=79 success_rate=1.00 collisions/ep=0.07 (n=27)
update=218 global_step=446464 SPS=610 w_ev=0.972 m_ev=1.000 m_v_bias=-1.9 m_adv_std=3.0579 m_kl_max=0.0099 m_ratio_max=0.562 w_ax@goal=+0.98 w_v@goal=19.27 return=1012.1 length=79 success_rate=1.00 collisions/ep=0.00 (n=24)
update=219 global_step=448512 SPS=611 w_ev=0.963 m_ev=0.985 m_v_bias=2.9 m_adv_std=20.2630 m_kl_max=0.0102 m_ratio_max=0.426 w_ax@goal=+0.98 w_v@goal=19.38 return=1001.1 length=80 success_rate=1.00 collisions/ep=0.23 (n=26)
update=220 global_step=450560 SPS=612 w_ev=0.961 m_ev=0.997 m_v_bias=0.4 m_adv_std=9.5205 m_kl_max=0.0330 m_ratio_max=0.901 w_ax@goal=+0.72 w_v@goal=19.37 return=1012.0 length=80 success_rate=1.00 collisions/ep=0.00 (n=26)
Evaluation at update 220: return=1012.29, length=77.95, success_rate=1.00, collisions/ep=0.00
Solved-check at update 220: solved=True worst_gap=1.23 at p_x0=0.00 p_y0=0.00 (consecutive=5)
update=221 global_step=452608 SPS=608 w_ev=0.968 m_ev=0.997 m_v_bias=-0.8 m_adv_std=9.0634 m_kl_max=0.0109 m_ratio_max=0.606 w_ax@goal=+0.85 w_v@goal=19.40 return=1004.5 length=79 success_rate=1.00 collisions/ep=0.19 (n=26)
update=222 global_step=454656 SPS=609 w_ev=0.958 m_ev=0.997 m_v_bias=-0.3 m_adv_std=8.9575 m_kl_max=0.0366 m_ratio_max=1.060 w_ax@goal=+0.90 w_v@goal=19.35 return=1010.0 length=79 success_rate=1.00 collisions/ep=0.04 (n=25)
update=223 global_step=456704 SPS=610 w_ev=0.959 m_ev=0.999 m_v_bias=-2.5 m_adv_std=5.2974 m_kl_max=0.0115 m_ratio_max=0.508 w_ax@goal=+0.90 w_v@goal=19.45 return=1006.1 length=81 success_rate=1.00 collisions/ep=0.12 (n=24)
update=224 global_step=458752 SPS=611 w_ev=0.950 m_ev=0.997 m_v_bias=0.6 m_adv_std=9.2417 m_kl_max=0.0573 m_ratio_max=2.536 w_ax@goal=+0.88 w_v@goal=19.47 return=1008.6 length=79 success_rate=1.00 collisions/ep=0.07 (n=29)
update=225 global_step=460800 SPS=612 w_ev=0.950 m_ev=0.993 m_v_bias=3.7 m_adv_std=13.3361 m_kl_max=0.0268 m_ratio_max=0.918 w_ax@goal=+0.66 w_v@goal=19.24 return=1006.5 length=80 success_rate=1.00 collisions/ep=0.12 (n=26)
Evaluation at update 225: return=1012.27, length=77.95, success_rate=1.00, collisions/ep=0.00
Solved-check at update 225: solved=True worst_gap=1.25 at p_x0=0.00 p_y0=0.00 (consecutive=6)
update=226 global_step=462848 SPS=608 w_ev=0.959 m_ev=0.999 m_v_bias=-3.4 m_adv_std=4.2591 m_kl_max=0.0148 m_ratio_max=0.721 w_ax@goal=+0.75 w_v@goal=19.28 return=1011.9 length=78 success_rate=1.00 collisions/ep=0.00 (n=25)
update=227 global_step=464896 SPS=609 w_ev=0.955 m_ev=0.998 m_v_bias=-0.3 m_adv_std=6.5230 m_kl_max=0.0068 m_ratio_max=0.337 w_ax@goal=+0.76 w_v@goal=19.27 return=1010.5 length=81 success_rate=1.00 collisions/ep=0.04 (n=24)
update=228 global_step=466944 SPS=610 w_ev=0.959 m_ev=0.996 m_v_bias=1.3 m_adv_std=9.9929 m_kl_max=0.0130 m_ratio_max=0.610 w_ax@goal=+0.78 w_v@goal=19.31 return=1008.3 length=79 success_rate=1.00 collisions/ep=0.07 (n=27)
update=229 global_step=468992 SPS=611 w_ev=0.943 m_ev=0.991 m_v_bias=1.5 m_adv_std=15.5817 m_kl_max=0.0233 m_ratio_max=1.244 w_ax@goal=+0.84 w_v@goal=19.37 return=1010.4 length=81 success_rate=1.00 collisions/ep=0.04 (n=24)
update=230 global_step=471040 SPS=612 w_ev=0.946 m_ev=0.996 m_v_bias=-0.8 m_adv_std=10.6228 m_kl_max=0.0237 m_ratio_max=1.220 w_ax@goal=+0.90 w_v@goal=19.40 return=1003.1 length=79 success_rate=1.00 collisions/ep=0.18 (n=28)
Evaluation at update 230: return=1012.26, length=77.95, success_rate=1.00, collisions/ep=0.00
Solved-check at update 230: solved=True worst_gap=1.25 at p_x0=0.00 p_y0=0.00 (consecutive=7)
update=231 global_step=473088 SPS=608 w_ev=0.926 m_ev=0.988 m_v_bias=6.5 m_adv_std=18.4640 m_kl_max=0.0083 m_ratio_max=0.395 w_ax@goal=+0.80 w_v@goal=19.52 return=994.0 length=78 success_rate=1.00 collisions/ep=0.36 (n=25)
update=232 global_step=475136 SPS=609 w_ev=0.929 m_ev=0.995 m_v_bias=1.1 m_adv_std=11.1163 m_kl_max=0.0069 m_ratio_max=0.453 w_ax@goal=+0.70 w_v@goal=19.31 return=1004.4 length=79 success_rate=1.00 collisions/ep=0.15 (n=27)
update=233 global_step=477184 SPS=610 w_ev=0.949 m_ev=0.995 m_v_bias=-3.4 m_adv_std=11.6347 m_kl_max=0.0064 m_ratio_max=0.583 w_ax@goal=+0.58 w_v@goal=19.33 return=1002.2 length=81 success_rate=1.00 collisions/ep=0.20 (n=25)
update=234 global_step=479232 SPS=611 w_ev=0.936 m_ev=0.992 m_v_bias=-1.1 m_adv_std=14.9716 m_kl_max=0.0102 m_ratio_max=0.491 w_ax@goal=+0.57 w_v@goal=19.37 return=1002.0 length=81 success_rate=1.00 collisions/ep=0.20 (n=25)
update=235 global_step=481280 SPS=612 w_ev=0.940 m_ev=0.975 m_v_bias=4.1 m_adv_std=27.9597 m_kl_max=0.0102 m_ratio_max=0.385 w_ax@goal=+0.68 w_v@goal=19.38 return=999.2 length=79 success_rate=1.00 collisions/ep=0.26 (n=27)
Evaluation at update 235: return=1012.33, length=77.95, success_rate=1.00, collisions/ep=0.00
Solved-check at update 235: solved=True worst_gap=1.18 at p_x0=0.00 p_y0=0.00 (consecutive=8)
update=236 global_step=483328 SPS=608 w_ev=0.929 m_ev=0.986 m_v_bias=-4.2 m_adv_std=20.2715 m_kl_max=0.0141 m_ratio_max=0.870 w_ax@goal=+0.86 w_v@goal=19.31 return=984.3 length=80 success_rate=1.00 collisions/ep=0.56 (n=25)
update=237 global_step=485376 SPS=609 w_ev=0.928 m_ev=0.988 m_v_bias=-1.6 m_adv_std=18.9597 m_kl_max=0.0284 m_ratio_max=0.856 w_ax@goal=+0.68 w_v@goal=19.33 return=1001.0 length=81 success_rate=1.00 collisions/ep=0.23 (n=26)
update=238 global_step=487424 SPS=610 w_ev=0.926 m_ev=0.990 m_v_bias=0.4 m_adv_std=17.6069 m_kl_max=0.0188 m_ratio_max=1.054 w_ax@goal=+0.63 w_v@goal=19.39 return=994.2 length=81 success_rate=1.00 collisions/ep=0.36 (n=25)
update=239 global_step=489472 SPS=611 w_ev=0.918 m_ev=0.975 m_v_bias=-0.6 m_adv_std=27.2191 m_kl_max=0.0105 m_ratio_max=0.513 w_ax@goal=+0.66 w_v@goal=19.40 return=994.7 length=80 success_rate=1.00 collisions/ep=0.35 (n=26)
update=240 global_step=491520 SPS=612 w_ev=0.929 m_ev=0.994 m_v_bias=-0.5 m_adv_std=12.8298 m_kl_max=0.0224 m_ratio_max=1.465 w_ax@goal=+0.68 w_v@goal=19.35 return=1005.9 length=79 success_rate=1.00 collisions/ep=0.12 (n=24)
Evaluation at update 240: return=1012.32, length=77.95, success_rate=1.00, collisions/ep=0.00
Solved-check at update 240: solved=True worst_gap=1.18 at p_x0=0.00 p_y0=0.00 (consecutive=9)
update=241 global_step=493568 SPS=608 w_ev=0.929 m_ev=0.978 m_v_bias=-0.9 m_adv_std=25.5757 m_kl_max=0.0137 m_ratio_max=0.463 w_ax@goal=+0.90 w_v@goal=19.46 return=997.8 length=79 success_rate=1.00 collisions/ep=0.29 (n=28)
update=242 global_step=495616 SPS=609 w_ev=0.954 m_ev=0.985 m_v_bias=4.9 m_adv_std=21.0884 m_kl_max=0.0547 m_ratio_max=3.474 w_ax@goal=+0.84 w_v@goal=19.54 return=997.0 length=80 success_rate=1.00 collisions/ep=0.31 (n=26)
update=243 global_step=497664 SPS=609 w_ev=0.944 m_ev=0.994 m_v_bias=-1.9 m_adv_std=13.4359 m_kl_max=0.0111 m_ratio_max=0.497 w_ax@goal=+0.76 w_v@goal=19.43 return=1002.4 length=81 success_rate=1.00 collisions/ep=0.20 (n=25)
update=244 global_step=499712 SPS=610 w_ev=0.940 m_ev=0.996 m_v_bias=-0.2 m_adv_std=10.6996 m_kl_max=0.0063 m_ratio_max=0.403 w_ax@goal=+0.83 w_v@goal=19.41 return=1004.2 length=81 success_rate=1.00 collisions/ep=0.17 (n=24)
Saved checkpoints to C:\Users\loren\Desktop\MASTER THESIS\5_CODE\scenarios\slalom\studies\disturbed_0.005_0.05\hppo\runs\hppo_slalom_9_1790616020
