Using device: cpu
Solved-check: precomputed optimal returns for 25 fixed initial conditions (mean=1013.0, min=1011.0, max=1015.0); solved-tolerance=5.0
num_envs=8 num_steps_per_env=256 worker_batch_size=2048 worker_minibatch_size=256 num_updates=244 timesteps=499712 (requested 500000; 288 dropped by integer division)
update=1 global_step=2048 SPS=1038 w_ev=-0.055 m_ev=0.002 m_v_bias=8.7 m_adv_std=251.9879 m_kl_max=0.0012 m_ratio_max=0.235 w_ax@goal=+0.01 w_v@goal=-0.18 return=2.4 length=162 success_rate=0.50 collisions/ep=7.75 (n=8)
update=2 global_step=4096 SPS=951 w_ev=0.385 m_ev=0.533 m_v_bias=65.0 m_adv_std=178.0711 m_kl_max=0.0023 m_ratio_max=0.265 w_ax@goal=+0.12 w_v@goal=4.89 return=-332.7 length=187 success_rate=0.22 collisions/ep=7.89 (n=9)
update=3 global_step=6144 SPS=948 w_ev=0.690 m_ev=0.761 m_v_bias=29.2 m_adv_std=127.0666 m_kl_max=0.0039 m_ratio_max=0.322 w_ax@goal=-0.01 w_v@goal=7.12 return=-516.1 length=196 success_rate=0.17 collisions/ep=9.92 (n=12)
update=4 global_step=8192 SPS=948 w_ev=0.534 m_ev=-0.751 m_v_bias=-2.0 m_adv_std=170.8964 m_kl_max=0.0012 m_ratio_max=0.267 w_ax@goal=+0.94 w_v@goal=9.09 return=-362.2 length=198 success_rate=0.09 collisions/ep=4.91 (n=11)
update=5 global_step=10240 SPS=966 w_ev=0.831 m_ev=0.540 m_v_bias=-92.5 m_adv_std=156.7534 m_kl_max=0.0031 m_ratio_max=0.359 w_ax@goal=+0.05 w_v@goal=8.00 return=-125.2 length=192 success_rate=0.22 collisions/ep=3.67 (n=9)
Evaluation at update 5: return=-168.40, length=197.40, success_rate=0.05, collisions/ep=0.10
Solved-check at update 5: solved=False worst_gap=1412.63 at p_x0=1.50 p_y0=0.50 (consecutive=0)
update=6 global_step=12288 SPS=432 w_ev=0.867 m_ev=0.710 m_v_bias=-45.6 m_adv_std=122.1546 m_kl_max=0.0033 m_ratio_max=0.338 w_ax@goal=+0.23 w_v@goal=9.66 return=-126.2 length=189 success_rate=0.14 collisions/ep=1.71 (n=14)
update=7 global_step=14336 SPS=468 w_ev=0.933 m_ev=0.860 m_v_bias=-94.7 m_adv_std=120.9323 m_kl_max=0.0025 m_ratio_max=0.307 w_ax@goal=+0.38 w_v@goal=12.94 return=252.4 length=153 success_rate=0.50 collisions/ep=2.67 (n=12)
update=8 global_step=16384 SPS=502 w_ev=0.949 m_ev=0.830 m_v_bias=-46.4 m_adv_std=130.1902 m_kl_max=0.0084 m_ratio_max=0.397 w_ax@goal=+0.59 w_v@goal=16.89 return=391.6 length=133 success_rate=0.67 collisions/ep=4.13 (n=15)
update=9 global_step=18432 SPS=530 w_ev=0.955 m_ev=0.865 m_v_bias=-82.4 m_adv_std=100.5133 m_kl_max=0.0052 m_ratio_max=0.378 w_ax@goal=+0.41 w_v@goal=18.47 return=718.0 length=116 success_rate=0.95 collisions/ep=4.05 (n=20)
update=10 global_step=20480 SPS=556 w_ev=0.940 m_ev=0.849 m_v_bias=-18.5 m_adv_std=90.7462 m_kl_max=0.0040 m_ratio_max=0.399 w_ax@goal=+0.69 w_v@goal=19.73 return=789.2 length=98 success_rate=1.00 collisions/ep=4.09 (n=22)
Evaluation at update 10: return=809.38, length=83.10, success_rate=1.00, collisions/ep=3.95
Solved-check at update 10: solved=False worst_gap=404.94 at p_x0=2.00 p_y0=-0.50 (consecutive=0)
update=11 global_step=22528 SPS=497 w_ev=0.947 m_ev=0.865 m_v_bias=-11.4 m_adv_std=88.5452 m_kl_max=0.0006 m_ratio_max=0.122 w_ax@goal=+0.54 w_v@goal=19.68 return=807.0 length=87 success_rate=1.00 collisions/ep=3.91 (n=22)
update=12 global_step=24576 SPS=519 w_ev=0.944 m_ev=0.905 m_v_bias=-24.1 m_adv_std=66.5228 m_kl_max=0.0115 m_ratio_max=0.532 w_ax@goal=+0.59 w_v@goal=19.72 return=873.4 length=91 success_rate=1.00 collisions/ep=2.52 (n=23)
update=13 global_step=26624 SPS=538 w_ev=0.925 m_ev=0.910 m_v_bias=12.2 m_adv_std=64.1598 m_kl_max=0.0061 m_ratio_max=0.479 w_ax@goal=+0.64 w_v@goal=19.49 return=858.6 length=86 success_rate=1.00 collisions/ep=2.95 (n=22)
update=14 global_step=28672 SPS=555 w_ev=0.945 m_ev=0.953 m_v_bias=-15.5 m_adv_std=43.9475 m_kl_max=0.0033 m_ratio_max=0.211 w_ax@goal=+0.59 w_v@goal=19.59 return=874.3 length=86 success_rate=1.00 collisions/ep=2.64 (n=25)
update=15 global_step=30720 SPS=573 w_ev=0.937 m_ev=0.933 m_v_bias=4.0 m_adv_std=53.8171 m_kl_max=0.0111 m_ratio_max=0.401 w_ax@goal=+0.97 w_v@goal=19.60 return=881.7 length=84 success_rate=1.00 collisions/ep=2.52 (n=25)
Evaluation at update 15: return=909.08, length=80.90, success_rate=1.00, collisions/ep=2.00
Solved-check at update 15: solved=False worst_gap=352.82 at p_x0=1.00 p_y0=-0.50 (consecutive=0)
update=16 global_step=32768 SPS=528 w_ev=0.919 m_ev=0.875 m_v_bias=-4.1 m_adv_std=75.4838 m_kl_max=0.0055 m_ratio_max=0.380 w_ax@goal=+0.75 w_v@goal=19.52 return=869.6 length=82 success_rate=1.00 collisions/ep=2.76 (n=25)
update=17 global_step=34816 SPS=543 w_ev=0.943 m_ev=0.938 m_v_bias=-4.3 m_adv_std=47.2678 m_kl_max=0.0060 m_ratio_max=0.303 w_ax@goal=+0.78 w_v@goal=19.59 return=927.5 length=84 success_rate=1.00 collisions/ep=1.60 (n=25)
update=18 global_step=36864 SPS=557 w_ev=0.941 m_ev=0.943 m_v_bias=7.5 m_adv_std=45.8045 m_kl_max=0.0137 m_ratio_max=0.752 w_ax@goal=+0.75 w_v@goal=19.35 return=916.9 length=84 success_rate=1.00 collisions/ep=1.80 (n=25)
update=19 global_step=38912 SPS=570 w_ev=0.934 m_ev=0.908 m_v_bias=13.1 m_adv_std=62.5292 m_kl_max=0.0104 m_ratio_max=0.509 w_ax@goal=+0.79 w_v@goal=19.36 return=895.6 length=83 success_rate=1.00 collisions/ep=2.25 (n=24)
update=20 global_step=40960 SPS=581 w_ev=0.935 m_ev=0.931 m_v_bias=-6.0 m_adv_std=52.8482 m_kl_max=0.0039 m_ratio_max=0.402 w_ax@goal=+0.74 w_v@goal=19.32 return=914.3 length=82 success_rate=1.00 collisions/ep=1.92 (n=25)
Evaluation at update 20: return=1007.50, length=79.95, success_rate=1.00, collisions/ep=0.05
Solved-check at update 20: solved=False worst_gap=51.96 at p_x0=1.00 p_y0=-1.00 (consecutive=0)
update=21 global_step=43008 SPS=544 w_ev=0.930 m_ev=0.937 m_v_bias=-8.1 m_adv_std=47.1771 m_kl_max=0.0073 m_ratio_max=0.420 w_ax@goal=+0.80 w_v@goal=19.41 return=920.5 length=82 success_rate=1.00 collisions/ep=1.79 (n=24)
update=22 global_step=45056 SPS=553 w_ev=0.927 m_ev=0.961 m_v_bias=-0.5 m_adv_std=36.2677 m_kl_max=0.0048 m_ratio_max=0.346 w_ax@goal=+0.89 w_v@goal=19.17 return=954.7 length=81 success_rate=1.00 collisions/ep=1.08 (n=25)
update=23 global_step=47104 SPS=565 w_ev=0.933 m_ev=0.959 m_v_bias=-3.2 m_adv_std=37.2265 m_kl_max=0.0056 m_ratio_max=0.315 w_ax@goal=+0.91 w_v@goal=19.23 return=936.2 length=82 success_rate=1.00 collisions/ep=1.54 (n=26)
update=24 global_step=49152 SPS=575 w_ev=0.928 m_ev=0.964 m_v_bias=-4.7 m_adv_std=33.4088 m_kl_max=0.0087 m_ratio_max=0.666 w_ax@goal=+0.95 w_v@goal=19.27 return=961.7 length=80 success_rate=1.00 collisions/ep=1.08 (n=26)
update=25 global_step=51200 SPS=585 w_ev=0.916 m_ev=0.940 m_v_bias=1.6 m_adv_std=44.6858 m_kl_max=0.0166 m_ratio_max=0.503 w_ax@goal=+0.84 w_v@goal=18.90 return=960.2 length=81 success_rate=1.00 collisions/ep=1.00 (n=24)
Evaluation at update 25: return=1008.45, length=79.05, success_rate=1.00, collisions/ep=0.05
Solved-check at update 25: solved=True worst_gap=2.40 at p_x0=0.50 p_y0=0.50 (consecutive=0)
update=26 global_step=53248 SPS=554 w_ev=0.881 m_ev=0.691 m_v_bias=14.4 m_adv_std=105.3271 m_kl_max=0.0284 m_ratio_max=0.983 w_ax@goal=+0.89 w_v@goal=19.26 return=964.4 length=89 success_rate=1.00 collisions/ep=0.96 (n=23)
update=27 global_step=55296 SPS=562 w_ev=0.919 m_ev=0.936 m_v_bias=-15.0 m_adv_std=45.2355 m_kl_max=0.0239 m_ratio_max=0.840 w_ax@goal=+1.01 w_v@goal=19.23 return=948.2 length=83 success_rate=1.00 collisions/ep=1.24 (n=25)
update=28 global_step=57344 SPS=570 w_ev=0.938 m_ev=0.945 m_v_bias=-1.0 m_adv_std=42.3076 m_kl_max=0.0073 m_ratio_max=0.415 w_ax@goal=+1.06 w_v@goal=19.29 return=967.6 length=81 success_rate=1.00 collisions/ep=0.96 (n=26)
update=29 global_step=59392 SPS=578 w_ev=0.927 m_ev=0.966 m_v_bias=-8.9 m_adv_std=32.7296 m_kl_max=0.0282 m_ratio_max=0.630 w_ax@goal=+0.94 w_v@goal=19.25 return=968.8 length=82 success_rate=1.00 collisions/ep=0.92 (n=25)
update=30 global_step=61440 SPS=587 w_ev=0.912 m_ev=0.943 m_v_bias=2.5 m_adv_std=42.1015 m_kl_max=0.0129 m_ratio_max=0.469 w_ax@goal=+0.97 w_v@goal=19.24 return=968.4 length=80 success_rate=1.00 collisions/ep=0.88 (n=24)
Evaluation at update 30: return=1011.04, length=79.05, success_rate=1.00, collisions/ep=0.00
Solved-check at update 30: solved=True worst_gap=2.41 at p_x0=0.50 p_y0=1.00 (consecutive=1)
Solved criterion held for 2 consecutive evals (tolerance=5.0) at global_step=61440.
update=31 global_step=63488 SPS=562 w_ev=0.918 m_ev=0.955 m_v_bias=0.9 m_adv_std=37.3576 m_kl_max=0.0100 m_ratio_max=0.489 w_ax@goal=+1.08 w_v@goal=19.43 return=967.7 length=81 success_rate=1.00 collisions/ep=0.92 (n=26)
update=32 global_step=65536 SPS=570 w_ev=0.919 m_ev=0.979 m_v_bias=-12.1 m_adv_std=24.9590 m_kl_max=0.0020 m_ratio_max=0.183 w_ax@goal=+1.18 w_v@goal=19.25 return=979.4 length=82 success_rate=1.00 collisions/ep=0.60 (n=25)
update=33 global_step=67584 SPS=576 w_ev=0.924 m_ev=0.960 m_v_bias=4.2 m_adv_std=34.9472 m_kl_max=0.0097 m_ratio_max=0.358 w_ax@goal=+1.21 w_v@goal=19.47 return=969.7 length=82 success_rate=1.00 collisions/ep=0.92 (n=25)
update=34 global_step=69632 SPS=584 w_ev=0.896 m_ev=0.937 m_v_bias=7.4 m_adv_std=45.8314 m_kl_max=0.0050 m_ratio_max=0.362 w_ax@goal=+1.24 w_v@goal=19.27 return=951.3 length=81 success_rate=1.00 collisions/ep=1.26 (n=27)
update=35 global_step=71680 SPS=590 w_ev=0.906 m_ev=0.948 m_v_bias=-1.0 m_adv_std=39.4584 m_kl_max=0.0154 m_ratio_max=0.520 w_ax@goal=+1.21 w_v@goal=19.30 return=952.0 length=82 success_rate=1.00 collisions/ep=1.25 (n=24)
Evaluation at update 35: return=1010.88, length=79.05, success_rate=1.00, collisions/ep=0.00
Solved-check at update 35: solved=True worst_gap=2.55 at p_x0=0.50 p_y0=1.00 (consecutive=2)
update=36 global_step=73728 SPS=567 w_ev=0.904 m_ev=0.962 m_v_bias=-4.2 m_adv_std=34.8421 m_kl_max=0.0165 m_ratio_max=0.605 w_ax@goal=+1.19 w_v@goal=19.12 return=963.7 length=81 success_rate=1.00 collisions/ep=1.04 (n=26)
update=37 global_step=75776 SPS=573 w_ev=0.902 m_ev=0.969 m_v_bias=-0.3 m_adv_std=31.1665 m_kl_max=0.0043 m_ratio_max=0.370 w_ax@goal=+1.04 w_v@goal=19.04 return=970.2 length=82 success_rate=1.00 collisions/ep=0.80 (n=25)
update=38 global_step=77824 SPS=579 w_ev=0.923 m_ev=0.976 m_v_bias=-5.2 m_adv_std=27.3105 m_kl_max=0.0110 m_ratio_max=0.541 w_ax@goal=+1.19 w_v@goal=19.48 return=979.8 length=82 success_rate=1.00 collisions/ep=0.67 (n=24)
update=39 global_step=79872 SPS=585 w_ev=0.900 m_ev=0.955 m_v_bias=2.8 m_adv_std=37.8026 m_kl_max=0.0274 m_ratio_max=0.656 w_ax@goal=+1.25 w_v@goal=19.50 return=968.4 length=81 success_rate=1.00 collisions/ep=0.88 (n=26)
update=40 global_step=81920 SPS=590 w_ev=0.913 m_ev=0.989 m_v_bias=-10.9 m_adv_std=17.4179 m_kl_max=0.0130 m_ratio_max=0.647 w_ax@goal=+1.16 w_v@goal=19.43 return=992.5 length=81 success_rate=1.00 collisions/ep=0.40 (n=25)
Evaluation at update 40: return=1011.10, length=78.90, success_rate=1.00, collisions/ep=0.00
Solved-check at update 40: solved=True worst_gap=2.41 at p_x0=0.50 p_y0=1.00 (consecutive=3)
update=41 global_step=83968 SPS=569 w_ev=0.894 m_ev=0.983 m_v_bias=2.4 m_adv_std=22.9013 m_kl_max=0.0262 m_ratio_max=0.599 w_ax@goal=+1.09 w_v@goal=19.32 return=985.3 length=81 success_rate=1.00 collisions/ep=0.54 (n=26)
update=42 global_step=86016 SPS=574 w_ev=0.904 m_ev=0.976 m_v_bias=2.1 m_adv_std=27.8346 m_kl_max=0.0119 m_ratio_max=0.445 w_ax@goal=+1.13 w_v@goal=19.59 return=976.6 length=82 success_rate=1.00 collisions/ep=0.72 (n=25)
update=43 global_step=88064 SPS=580 w_ev=0.913 m_ev=0.986 m_v_bias=-7.2 m_adv_std=20.3642 m_kl_max=0.0206 m_ratio_max=0.659 w_ax@goal=+1.23 w_v@goal=19.44 return=996.0 length=82 success_rate=1.00 collisions/ep=0.46 (n=24)
update=44 global_step=90112 SPS=585 w_ev=0.890 m_ev=0.947 m_v_bias=11.2 m_adv_std=40.0124 m_kl_max=0.0173 m_ratio_max=0.547 w_ax@goal=+1.38 w_v@goal=19.32 return=960.7 length=81 success_rate=1.00 collisions/ep=1.04 (n=24)
update=45 global_step=92160 SPS=590 w_ev=0.906 m_ev=0.991 m_v_bias=-8.0 m_adv_std=15.5318 m_kl_max=0.0231 m_ratio_max=0.720 w_ax@goal=+1.29 w_v@goal=19.41 return=997.4 length=80 success_rate=1.00 collisions/ep=0.27 (n=26)
Evaluation at update 45: return=1011.27, length=78.75, success_rate=1.00, collisions/ep=0.00
Solved-check at update 45: solved=True worst_gap=2.26 at p_x0=0.50 p_y0=1.00 (consecutive=4)
update=46 global_step=94208 SPS=572 w_ev=0.908 m_ev=0.970 m_v_bias=9.1 m_adv_std=30.4350 m_kl_max=0.0306 m_ratio_max=0.750 w_ax@goal=+1.39 w_v@goal=19.60 return=982.5 length=82 success_rate=1.00 collisions/ep=0.58 (n=26)
update=47 global_step=96256 SPS=577 w_ev=0.923 m_ev=0.977 m_v_bias=-0.6 m_adv_std=27.1629 m_kl_max=0.0203 m_ratio_max=0.731 w_ax@goal=+1.43 w_v@goal=19.70 return=971.6 length=81 success_rate=1.00 collisions/ep=0.78 (n=27)
update=48 global_step=98304 SPS=582 w_ev=0.925 m_ev=0.977 m_v_bias=-5.9 m_adv_std=25.6010 m_kl_max=0.0198 m_ratio_max=0.605 w_ax@goal=+1.42 w_v@goal=19.63 return=995.4 length=83 success_rate=1.00 collisions/ep=0.40 (n=25)
update=49 global_step=100352 SPS=587 w_ev=0.917 m_ev=0.995 m_v_bias=-7.3 m_adv_std=11.5113 m_kl_max=0.0075 m_ratio_max=0.602 w_ax@goal=+1.31 w_v@goal=19.44 return=1003.0 length=81 success_rate=1.00 collisions/ep=0.17 (n=24)
update=50 global_step=102400 SPS=593 w_ev=0.884 m_ev=0.992 m_v_bias=-1.9 m_adv_std=14.6554 m_kl_max=0.0151 m_ratio_max=0.542 w_ax@goal=+1.15 w_v@goal=19.38 return=1006.8 length=81 success_rate=1.00 collisions/ep=0.12 (n=24)
Evaluation at update 50: return=1011.45, length=78.70, success_rate=1.00, collisions/ep=0.00
Solved-check at update 50: solved=True worst_gap=2.06 at p_x0=0.50 p_y0=1.00 (consecutive=5)
update=51 global_step=104448 SPS=576 w_ev=0.909 m_ev=0.982 m_v_bias=2.4 m_adv_std=23.0448 m_kl_max=0.0167 m_ratio_max=0.568 w_ax@goal=+1.27 w_v@goal=19.46 return=998.7 length=83 success_rate=1.00 collisions/ep=0.24 (n=25)
update=52 global_step=106496 SPS=580 w_ev=0.896 m_ev=0.967 m_v_bias=5.5 m_adv_std=31.1383 m_kl_max=0.0147 m_ratio_max=0.514 w_ax@goal=+1.28 w_v@goal=19.43 return=988.1 length=81 success_rate=1.00 collisions/ep=0.54 (n=26)
update=53 global_step=108544 SPS=585 w_ev=0.891 m_ev=0.993 m_v_bias=-3.8 m_adv_std=13.7415 m_kl_max=0.0283 m_ratio_max=0.579 w_ax@goal=+1.18 w_v@goal=19.42 return=997.1 length=80 success_rate=1.00 collisions/ep=0.28 (n=25)
update=54 global_step=110592 SPS=589 w_ev=0.924 m_ev=0.993 m_v_bias=-5.8 m_adv_std=13.9433 m_kl_max=0.0080 m_ratio_max=0.319 w_ax@goal=+1.24 w_v@goal=19.49 return=1006.0 length=81 success_rate=1.00 collisions/ep=0.11 (n=27)
update=55 global_step=112640 SPS=594 w_ev=0.901 m_ev=0.973 m_v_bias=3.4 m_adv_std=28.4472 m_kl_max=0.0084 m_ratio_max=0.510 w_ax@goal=+1.22 w_v@goal=19.39 return=989.3 length=80 success_rate=1.00 collisions/ep=0.44 (n=25)
Evaluation at update 55: return=1011.73, length=78.25, success_rate=1.00, collisions/ep=0.00
Solved-check at update 55: solved=True worst_gap=1.72 at p_x0=0.50 p_y0=1.00 (consecutive=6)
update=56 global_step=114688 SPS=579 w_ev=0.904 m_ev=0.993 m_v_bias=-3.8 m_adv_std=13.6074 m_kl_max=0.0176 m_ratio_max=0.675 w_ax@goal=+1.27 w_v@goal=19.57 return=1000.1 length=81 success_rate=1.00 collisions/ep=0.23 (n=26)
update=57 global_step=116736 SPS=583 w_ev=0.893 m_ev=0.997 m_v_bias=-4.9 m_adv_std=9.1192 m_kl_max=0.0303 m_ratio_max=0.816 w_ax@goal=+1.30 w_v@goal=19.52 return=1009.3 length=81 success_rate=1.00 collisions/ep=0.08 (n=24)
update=58 global_step=118784 SPS=587 w_ev=0.860 m_ev=0.973 m_v_bias=7.9 m_adv_std=27.4663 m_kl_max=0.0298 m_ratio_max=1.024 w_ax@goal=+1.29 w_v@goal=19.61 return=991.8 length=79 success_rate=1.00 collisions/ep=0.38 (n=26)
update=59 global_step=120832 SPS=592 w_ev=0.882 m_ev=0.991 m_v_bias=-1.0 m_adv_std=15.6703 m_kl_max=0.0219 m_ratio_max=0.762 w_ax@goal=+1.29 w_v@goal=19.48 return=992.7 length=80 success_rate=1.00 collisions/ep=0.38 (n=24)
update=60 global_step=122880 SPS=595 w_ev=0.899 m_ev=0.992 m_v_bias=0.5 m_adv_std=14.5208 m_kl_max=0.0216 m_ratio_max=0.647 w_ax@goal=+1.22 w_v@goal=19.38 return=1004.0 length=79 success_rate=1.00 collisions/ep=0.14 (n=28)
Evaluation at update 60: return=1011.76, length=78.20, success_rate=1.00, collisions/ep=0.00
Solved-check at update 60: solved=True worst_gap=1.65 at p_x0=0.50 p_y0=1.00 (consecutive=7)
update=61 global_step=124928 SPS=574 w_ev=0.906 m_ev=0.997 m_v_bias=-1.5 m_adv_std=9.8049 m_kl_max=0.0135 m_ratio_max=0.640 w_ax@goal=+1.23 w_v@goal=19.34 return=1003.8 length=81 success_rate=1.00 collisions/ep=0.16 (n=25)
update=62 global_step=126976 SPS=578 w_ev=0.917 m_ev=0.996 m_v_bias=0.8 m_adv_std=9.8131 m_kl_max=0.0086 m_ratio_max=0.395 w_ax@goal=+1.14 w_v@goal=19.37 return=1005.9 length=82 success_rate=1.00 collisions/ep=0.16 (n=25)
update=63 global_step=129024 SPS=581 w_ev=0.916 m_ev=0.959 m_v_bias=13.9 m_adv_std=36.4025 m_kl_max=0.0111 m_ratio_max=0.491 w_ax@goal=+1.25 w_v@goal=19.35 return=973.4 length=81 success_rate=1.00 collisions/ep=0.80 (n=25)
update=64 global_step=131072 SPS=584 w_ev=0.898 m_ev=0.993 m_v_bias=-9.8 m_adv_std=14.0946 m_kl_max=0.0190 m_ratio_max=0.758 w_ax@goal=+1.04 w_v@goal=19.38 return=1000.6 length=81 success_rate=1.00 collisions/ep=0.20 (n=25)
update=65 global_step=133120 SPS=588 w_ev=0.910 m_ev=0.987 m_v_bias=2.4 m_adv_std=19.0523 m_kl_max=0.0051 m_ratio_max=0.323 w_ax@goal=+1.14 w_v@goal=19.43 return=999.2 length=80 success_rate=1.00 collisions/ep=0.25 (n=24)
Evaluation at update 65: return=1011.61, length=78.45, success_rate=1.00, collisions/ep=0.00
Solved-check at update 65: solved=True worst_gap=1.87 at p_x0=0.50 p_y0=1.00 (consecutive=8)
update=66 global_step=135168 SPS=576 w_ev=0.932 m_ev=0.984 m_v_bias=1.5 m_adv_std=21.6410 m_kl_max=0.0182 m_ratio_max=0.770 w_ax@goal=+1.13 w_v@goal=19.50 return=995.6 length=83 success_rate=1.00 collisions/ep=0.32 (n=25)
update=67 global_step=137216 SPS=580 w_ev=0.895 m_ev=0.942 m_v_bias=6.6 m_adv_std=43.6750 m_kl_max=0.0138 m_ratio_max=0.541 w_ax@goal=+1.41 w_v@goal=19.54 return=978.3 length=81 success_rate=1.00 collisions/ep=0.78 (n=27)
update=68 global_step=139264 SPS=583 w_ev=0.930 m_ev=0.983 m_v_bias=-12.7 m_adv_std=22.6492 m_kl_max=0.0338 m_ratio_max=0.878 w_ax@goal=+1.32 w_v@goal=19.53 return=988.5 length=82 success_rate=1.00 collisions/ep=0.46 (n=24)
update=69 global_step=141312 SPS=587 w_ev=0.859 m_ev=0.973 m_v_bias=9.4 m_adv_std=28.4051 m_kl_max=0.0318 m_ratio_max=0.878 w_ax@goal=+1.32 w_v@goal=19.35 return=975.8 length=81 success_rate=1.00 collisions/ep=0.76 (n=25)
update=70 global_step=143360 SPS=590 w_ev=0.915 m_ev=0.996 m_v_bias=-9.1 m_adv_std=10.8609 m_kl_max=0.0116 m_ratio_max=0.640 w_ax@goal=+1.43 w_v@goal=19.40 return=1008.0 length=79 success_rate=1.00 collisions/ep=0.07 (n=27)
Evaluation at update 70: return=1011.77, length=78.20, success_rate=1.00, collisions/ep=0.00
Solved-check at update 70: solved=True worst_gap=1.67 at p_x0=0.50 p_y0=1.00 (consecutive=9)
update=71 global_step=145408 SPS=579 w_ev=0.868 m_ev=0.986 m_v_bias=4.9 m_adv_std=19.9289 m_kl_max=0.0076 m_ratio_max=0.355 w_ax@goal=+1.40 w_v@goal=19.44 return=994.5 length=79 success_rate=1.00 collisions/ep=0.35 (n=26)
update=72 global_step=147456 SPS=582 w_ev=0.897 m_ev=0.995 m_v_bias=-4.9 m_adv_std=12.0587 m_kl_max=0.0167 m_ratio_max=0.851 w_ax@goal=+1.49 w_v@goal=19.32 return=1003.5 length=81 success_rate=1.00 collisions/ep=0.17 (n=24)
update=73 global_step=149504 SPS=585 w_ev=0.892 m_ev=0.989 m_v_bias=-0.8 m_adv_std=17.5613 m_kl_max=0.0132 m_ratio_max=0.630 w_ax@goal=+1.53 w_v@goal=19.43 return=1006.3 length=80 success_rate=1.00 collisions/ep=0.12 (n=25)
update=74 global_step=151552 SPS=589 w_ev=0.914 m_ev=0.997 m_v_bias=-0.6 m_adv_std=8.6702 m_kl_max=0.0078 m_ratio_max=0.402 w_ax@goal=+1.52 w_v@goal=19.59 return=1004.4 length=79 success_rate=1.00 collisions/ep=0.15 (n=26)
update=75 global_step=153600 SPS=592 w_ev=0.887 m_ev=0.998 m_v_bias=-2.0 m_adv_std=8.1546 m_kl_max=0.0170 m_ratio_max=0.478 w_ax@goal=+1.47 w_v@goal=19.48 return=1006.5 length=80 success_rate=1.00 collisions/ep=0.11 (n=28)
Evaluation at update 75: return=1011.94, length=78.10, success_rate=1.00, collisions/ep=0.00
Solved-check at update 75: solved=True worst_gap=1.49 at p_x0=0.50 p_y0=1.00 (consecutive=10)
update=76 global_step=155648 SPS=581 w_ev=0.925 m_ev=0.985 m_v_bias=4.5 m_adv_std=20.9307 m_kl_max=0.0119 m_ratio_max=0.461 w_ax@goal=+1.53 w_v@goal=19.47 return=998.6 length=81 success_rate=1.00 collisions/ep=0.32 (n=25)
update=77 global_step=157696 SPS=584 w_ev=0.949 m_ev=0.998 m_v_bias=-5.0 m_adv_std=6.7065 m_kl_max=0.0231 m_ratio_max=0.962 w_ax@goal=+1.49 w_v@goal=19.64 return=1010.1 length=79 success_rate=1.00 collisions/ep=0.04 (n=25)
update=78 global_step=159744 SPS=587 w_ev=0.907 m_ev=0.989 m_v_bias=2.4 m_adv_std=17.7917 m_kl_max=0.0224 m_ratio_max=0.668 w_ax@goal=+1.48 w_v@goal=19.69 return=1006.0 length=80 success_rate=1.00 collisions/ep=0.12 (n=25)
update=79 global_step=161792 SPS=590 w_ev=0.926 m_ev=0.997 m_v_bias=-2.7 m_adv_std=9.7897 m_kl_max=0.0116 m_ratio_max=0.715 w_ax@goal=+1.58 w_v@goal=19.57 return=1002.4 length=81 success_rate=1.00 collisions/ep=0.27 (n=26)
update=80 global_step=163840 SPS=593 w_ev=0.899 m_ev=0.994 m_v_bias=2.1 m_adv_std=12.6207 m_kl_max=0.0236 m_ratio_max=1.182 w_ax@goal=+1.49 w_v@goal=19.70 return=1002.5 length=78 success_rate=1.00 collisions/ep=0.26 (n=27)
Evaluation at update 80: return=1011.90, length=78.20, success_rate=1.00, collisions/ep=0.00
Solved-check at update 80: solved=True worst_gap=1.55 at p_x0=0.50 p_y0=1.00 (consecutive=11)
update=81 global_step=165888 SPS=582 w_ev=0.850 m_ev=0.991 m_v_bias=1.3 m_adv_std=15.1296 m_kl_max=0.0182 m_ratio_max=0.713 w_ax@goal=+1.37 w_v@goal=19.58 return=1001.4 length=80 success_rate=1.00 collisions/ep=0.29 (n=24)
update=82 global_step=167936 SPS=585 w_ev=0.855 m_ev=0.992 m_v_bias=1.3 m_adv_std=14.6579 m_kl_max=0.0108 m_ratio_max=0.437 w_ax@goal=+1.38 w_v@goal=19.41 return=1001.6 length=81 success_rate=1.00 collisions/ep=0.20 (n=25)
update=83 global_step=169984 SPS=588 w_ev=0.883 m_ev=0.990 m_v_bias=0.6 m_adv_std=16.5047 m_kl_max=0.0260 m_ratio_max=0.984 w_ax@goal=+1.47 w_v@goal=19.48 return=995.1 length=79 success_rate=1.00 collisions/ep=0.44 (n=27)
update=84 global_step=172032 SPS=591 w_ev=0.906 m_ev=0.993 m_v_bias=-2.2 m_adv_std=14.4230 m_kl_max=0.0232 m_ratio_max=0.689 w_ax@goal=+1.38 w_v@goal=19.39 return=996.8 length=80 success_rate=1.00 collisions/ep=0.35 (n=26)
update=85 global_step=174080 SPS=594 w_ev=0.896 m_ev=0.990 m_v_bias=-2.2 m_adv_std=16.1092 m_kl_max=0.0139 m_ratio_max=0.626 w_ax@goal=+1.44 w_v@goal=19.60 return=1002.2 length=78 success_rate=1.00 collisions/ep=0.19 (n=26)
Evaluation at update 85: return=1011.96, length=78.15, success_rate=1.00, collisions/ep=0.00
Solved-check at update 85: solved=True worst_gap=1.49 at p_x0=0.50 p_y0=1.00 (consecutive=12)
update=86 global_step=176128 SPS=584 w_ev=0.940 m_ev=0.988 m_v_bias=-1.5 m_adv_std=17.6376 m_kl_max=0.0109 m_ratio_max=0.493 w_ax@goal=+1.41 w_v@goal=19.65 return=1001.9 length=80 success_rate=1.00 collisions/ep=0.20 (n=25)
update=87 global_step=178176 SPS=586 w_ev=0.901 m_ev=0.993 m_v_bias=0.1 m_adv_std=13.6745 m_kl_max=0.0073 m_ratio_max=0.369 w_ax@goal=+1.34 w_v@goal=19.66 return=1003.6 length=78 success_rate=1.00 collisions/ep=0.19 (n=26)
update=88 global_step=180224 SPS=589 w_ev=0.872 m_ev=0.974 m_v_bias=1.9 m_adv_std=27.8193 m_kl_max=0.0031 m_ratio_max=0.244 w_ax@goal=+1.52 w_v@goal=19.60 return=1004.3 length=80 success_rate=1.00 collisions/ep=0.15 (n=26)
update=89 global_step=182272 SPS=592 w_ev=0.845 m_ev=0.994 m_v_bias=-2.3 m_adv_std=12.7187 m_kl_max=0.0075 m_ratio_max=0.429 w_ax@goal=+1.40 w_v@goal=19.52 return=995.0 length=77 success_rate=1.00 collisions/ep=0.37 (n=27)
update=90 global_step=184320 SPS=594 w_ev=0.910 m_ev=0.997 m_v_bias=-1.1 m_adv_std=8.6836 m_kl_max=0.0095 m_ratio_max=0.631 w_ax@goal=+1.60 w_v@goal=19.63 return=1008.5 length=80 success_rate=1.00 collisions/ep=0.08 (n=26)
Evaluation at update 90: return=1012.04, length=78.00, success_rate=1.00, collisions/ep=0.00
Solved-check at update 90: solved=False worst_gap=50.93 at p_x0=0.00 p_y0=1.00 (consecutive=13)
update=91 global_step=186368 SPS=585 w_ev=0.908 m_ev=0.993 m_v_bias=2.8 m_adv_std=14.0265 m_kl_max=0.0172 m_ratio_max=0.762 w_ax@goal=+1.62 w_v@goal=19.64 return=1004.1 length=79 success_rate=1.00 collisions/ep=0.20 (n=25)
update=92 global_step=188416 SPS=588 w_ev=0.904 m_ev=0.990 m_v_bias=0.1 m_adv_std=17.5983 m_kl_max=0.0176 m_ratio_max=0.560 w_ax@goal=+1.60 w_v@goal=19.66 return=993.5 length=80 success_rate=1.00 collisions/ep=0.37 (n=27)
update=93 global_step=190464 SPS=591 w_ev=0.883 m_ev=0.986 m_v_bias=3.3 m_adv_std=19.6934 m_kl_max=0.0083 m_ratio_max=0.427 w_ax@goal=+1.55 w_v@goal=19.61 return=996.2 length=79 success_rate=1.00 collisions/ep=0.36 (n=25)
update=94 global_step=192512 SPS=593 w_ev=0.908 m_ev=0.988 m_v_bias=-1.6 m_adv_std=18.6802 m_kl_max=0.0072 m_ratio_max=0.489 w_ax@goal=+1.46 w_v@goal=19.48 return=993.5 length=80 success_rate=1.00 collisions/ep=0.38 (n=24)
update=95 global_step=194560 SPS=595 w_ev=0.932 m_ev=0.992 m_v_bias=-2.3 m_adv_std=14.6108 m_kl_max=0.0232 m_ratio_max=0.941 w_ax@goal=+1.44 w_v@goal=19.50 return=991.2 length=81 success_rate=1.00 collisions/ep=0.42 (n=26)
Evaluation at update 95: return=1012.12, length=77.85, success_rate=1.00, collisions/ep=0.00
Solved-check at update 95: solved=True worst_gap=1.19 at p_x0=0.50 p_y0=0.50 (consecutive=0)
update=96 global_step=196608 SPS=586 w_ev=0.888 m_ev=0.994 m_v_bias=-2.2 m_adv_std=13.0637 m_kl_max=0.0175 m_ratio_max=0.587 w_ax@goal=+1.53 w_v@goal=19.45 return=1006.6 length=80 success_rate=1.00 collisions/ep=0.12 (n=26)
update=97 global_step=198656 SPS=588 w_ev=0.918 m_ev=0.985 m_v_bias=-0.9 m_adv_std=20.6211 m_kl_max=0.0236 m_ratio_max=1.170 w_ax@goal=+1.55 w_v@goal=19.57 return=995.7 length=79 success_rate=1.00 collisions/ep=0.33 (n=27)
update=98 global_step=200704 SPS=591 w_ev=0.867 m_ev=0.964 m_v_bias=4.4 m_adv_std=33.0764 m_kl_max=0.0126 m_ratio_max=0.408 w_ax@goal=+1.48 w_v@goal=19.63 return=989.3 length=80 success_rate=1.00 collisions/ep=0.46 (n=24)
update=99 global_step=202752 SPS=593 w_ev=0.900 m_ev=0.991 m_v_bias=-4.2 m_adv_std=15.7585 m_kl_max=0.0274 m_ratio_max=0.759 w_ax@goal=+1.56 w_v@goal=19.52 return=1000.4 length=79 success_rate=1.00 collisions/ep=0.24 (n=25)
update=100 global_step=204800 SPS=595 w_ev=0.912 m_ev=0.997 m_v_bias=-0.3 m_adv_std=8.7393 m_kl_max=0.0044 m_ratio_max=0.308 w_ax@goal=+1.48 w_v@goal=19.48 return=1008.7 length=81 success_rate=1.00 collisions/ep=0.08 (n=25)
Evaluation at update 100: return=1012.19, length=77.85, success_rate=1.00, collisions/ep=0.00
Solved-check at update 100: solved=True worst_gap=1.11 at p_x0=0.50 p_y0=0.50 (consecutive=1)
update=101 global_step=206848 SPS=587 w_ev=0.885 m_ev=0.979 m_v_bias=5.2 m_adv_std=25.5095 m_kl_max=0.0228 m_ratio_max=0.607 w_ax@goal=+1.52 w_v@goal=19.51 return=992.3 length=82 success_rate=1.00 collisions/ep=0.41 (n=27)
update=102 global_step=208896 SPS=590 w_ev=0.922 m_ev=0.997 m_v_bias=-6.6 m_adv_std=9.0465 m_kl_max=0.0146 m_ratio_max=0.571 w_ax@goal=+1.60 w_v@goal=19.65 return=1006.8 length=80 success_rate=1.00 collisions/ep=0.15 (n=26)
update=103 global_step=210944 SPS=592 w_ev=0.893 m_ev=0.993 m_v_bias=1.7 m_adv_std=13.4328 m_kl_max=0.0199 m_ratio_max=0.639 w_ax@goal=+1.66 w_v@goal=19.54 return=1006.5 length=79 success_rate=1.00 collisions/ep=0.12 (n=25)
update=104 global_step=212992 SPS=594 w_ev=0.891 m_ev=0.999 m_v_bias=-3.6 m_adv_std=4.3967 m_kl_max=0.0132 m_ratio_max=0.566 w_ax@goal=+1.50 w_v@goal=19.53 return=1012.6 length=80 success_rate=1.00 collisions/ep=0.04 (n=25)
update=105 global_step=215040 SPS=597 w_ev=0.935 m_ev=0.994 m_v_bias=1.2 m_adv_std=12.3296 m_kl_max=0.0091 m_ratio_max=0.745 w_ax@goal=+1.64 w_v@goal=19.71 return=1004.9 length=79 success_rate=1.00 collisions/ep=0.15 (n=27)
Evaluation at update 105: return=1012.22, length=77.85, success_rate=1.00, collisions/ep=0.00
Solved-check at update 105: solved=False worst_gap=50.86 at p_x0=0.00 p_y0=1.00 (consecutive=2)
update=106 global_step=217088 SPS=589 w_ev=0.944 m_ev=0.998 m_v_bias=-2.2 m_adv_std=7.1735 m_kl_max=0.0181 m_ratio_max=0.969 w_ax@goal=+1.52 w_v@goal=19.75 return=1008.4 length=79 success_rate=1.00 collisions/ep=0.08 (n=24)
update=107 global_step=219136 SPS=592 w_ev=0.914 m_ev=0.993 m_v_bias=1.8 m_adv_std=13.9648 m_kl_max=0.0260 m_ratio_max=0.963 w_ax@goal=+1.37 w_v@goal=19.64 return=1005.0 length=79 success_rate=1.00 collisions/ep=0.15 (n=27)
update=108 global_step=221184 SPS=594 w_ev=0.897 m_ev=0.989 m_v_bias=1.7 m_adv_std=17.0591 m_kl_max=0.0116 m_ratio_max=0.784 w_ax@goal=+1.32 w_v@goal=19.64 return=1000.2 length=79 success_rate=1.00 collisions/ep=0.24 (n=25)
update=109 global_step=223232 SPS=596 w_ev=0.915 m_ev=0.999 m_v_bias=-4.8 m_adv_std=4.9080 m_kl_max=0.0069 m_ratio_max=0.368 w_ax@goal=+1.37 w_v@goal=19.66 return=1008.6 length=79 success_rate=1.00 collisions/ep=0.07 (n=27)
update=110 global_step=225280 SPS=598 w_ev=0.916 m_ev=0.997 m_v_bias=0.7 m_adv_std=9.1270 m_kl_max=0.0358 m_ratio_max=1.111 w_ax@goal=+1.40 w_v@goal=19.65 return=1006.7 length=79 success_rate=1.00 collisions/ep=0.11 (n=27)
Evaluation at update 110: return=1012.19, length=77.85, success_rate=1.00, collisions/ep=0.00
Solved-check at update 110: solved=False worst_gap=50.90 at p_x0=0.00 p_y0=1.00 (consecutive=0)
update=111 global_step=227328 SPS=591 w_ev=0.913 m_ev=0.996 m_v_bias=-0.2 m_adv_std=10.6909 m_kl_max=0.0091 m_ratio_max=0.380 w_ax@goal=+1.46 w_v@goal=19.49 return=1010.1 length=79 success_rate=1.00 collisions/ep=0.04 (n=26)
update=112 global_step=229376 SPS=593 w_ev=0.904 m_ev=0.994 m_v_bias=2.8 m_adv_std=12.9808 m_kl_max=0.0101 m_ratio_max=0.539 w_ax@goal=+1.46 w_v@goal=19.47 return=994.4 length=80 success_rate=1.00 collisions/ep=0.36 (n=25)
update=113 global_step=231424 SPS=595 w_ev=0.936 m_ev=0.997 m_v_bias=-0.5 m_adv_std=8.7308 m_kl_max=0.0072 m_ratio_max=0.498 w_ax@goal=+1.59 w_v@goal=19.63 return=1008.3 length=78 success_rate=1.00 collisions/ep=0.08 (n=25)
update=114 global_step=233472 SPS=597 w_ev=0.942 m_ev=0.999 m_v_bias=-0.8 m_adv_std=4.6268 m_kl_max=0.0110 m_ratio_max=0.910 w_ax@goal=+1.52 w_v@goal=19.66 return=1011.0 length=82 success_rate=1.00 collisions/ep=0.04 (n=27)
update=115 global_step=235520 SPS=599 w_ev=0.896 m_ev=0.997 m_v_bias=2.1 m_adv_std=8.7915 m_kl_max=0.0285 m_ratio_max=0.845 w_ax@goal=+1.44 w_v@goal=19.56 return=1008.4 length=79 success_rate=1.00 collisions/ep=0.08 (n=25)
Evaluation at update 115: return=1012.16, length=77.85, success_rate=1.00, collisions/ep=0.00
Solved-check at update 115: solved=True worst_gap=1.15 at p_x0=0.50 p_y0=0.50 (consecutive=0)
update=116 global_step=237568 SPS=592 w_ev=0.920 m_ev=0.999 m_v_bias=-0.8 m_adv_std=3.7614 m_kl_max=0.0082 m_ratio_max=0.601 w_ax@goal=+1.47 w_v@goal=19.51 return=1012.0 length=78 success_rate=1.00 collisions/ep=0.00 (n=26)
update=117 global_step=239616 SPS=594 w_ev=0.897 m_ev=0.984 m_v_bias=5.0 m_adv_std=21.4159 m_kl_max=0.0487 m_ratio_max=0.841 w_ax@goal=+1.50 w_v@goal=19.55 return=996.4 length=77 success_rate=1.00 collisions/ep=0.31 (n=26)
update=118 global_step=241664 SPS=596 w_ev=0.903 m_ev=0.983 m_v_bias=1.0 m_adv_std=21.9758 m_kl_max=0.0103 m_ratio_max=0.454 w_ax@goal=+1.35 w_v@goal=19.56 return=1001.3 length=79 success_rate=1.00 collisions/ep=0.22 (n=27)
update=119 global_step=243712 SPS=598 w_ev=0.894 m_ev=0.995 m_v_bias=0.5 m_adv_std=12.1230 m_kl_max=0.0246 m_ratio_max=1.395 w_ax@goal=+1.29 w_v@goal=19.49 return=1002.5 length=80 success_rate=1.00 collisions/ep=0.20 (n=25)
update=120 global_step=245760 SPS=600 w_ev=0.879 m_ev=0.996 m_v_bias=1.2 m_adv_std=10.7449 m_kl_max=0.0133 m_ratio_max=0.605 w_ax@goal=+1.14 w_v@goal=19.45 return=1008.5 length=79 success_rate=1.00 collisions/ep=0.12 (n=26)
Evaluation at update 120: return=1012.14, length=77.85, success_rate=1.00, collisions/ep=0.00
Solved-check at update 120: solved=True worst_gap=1.17 at p_x0=0.50 p_y0=0.50 (consecutive=1)
update=121 global_step=247808 SPS=593 w_ev=0.890 m_ev=1.000 m_v_bias=-2.5 m_adv_std=3.3593 m_kl_max=0.0188 m_ratio_max=0.442 w_ax@goal=+1.21 w_v@goal=19.23 return=1010.3 length=80 success_rate=1.00 collisions/ep=0.04 (n=24)
update=122 global_step=249856 SPS=595 w_ev=0.878 m_ev=0.998 m_v_bias=1.1 m_adv_std=6.7118 m_kl_max=0.0206 m_ratio_max=0.679 w_ax@goal=+1.09 w_v@goal=19.13 return=1010.5 length=80 success_rate=1.00 collisions/ep=0.04 (n=28)
update=123 global_step=251904 SPS=597 w_ev=0.896 m_ev=0.999 m_v_bias=-0.3 m_adv_std=5.2511 m_kl_max=0.0146 m_ratio_max=0.423 w_ax@goal=+1.16 w_v@goal=19.25 return=1012.1 length=78 success_rate=1.00 collisions/ep=0.00 (n=26)
update=124 global_step=253952 SPS=599 w_ev=0.918 m_ev=0.994 m_v_bias=2.0 m_adv_std=12.9628 m_kl_max=0.0081 m_ratio_max=0.388 w_ax@goal=+1.29 w_v@goal=19.51 return=1002.5 length=79 success_rate=1.00 collisions/ep=0.19 (n=26)
update=125 global_step=256000 SPS=600 w_ev=0.931 m_ev=0.999 m_v_bias=-0.6 m_adv_std=4.4572 m_kl_max=0.0066 m_ratio_max=0.402 w_ax@goal=+1.19 w_v@goal=19.48 return=1011.9 length=78 success_rate=1.00 collisions/ep=0.00 (n=25)
Evaluation at update 125: return=1012.23, length=77.85, success_rate=1.00, collisions/ep=0.00
Solved-check at update 125: solved=True worst_gap=1.07 at p_x0=0.50 p_y0=0.50 (consecutive=2)
update=126 global_step=258048 SPS=594 w_ev=0.877 m_ev=0.998 m_v_bias=2.2 m_adv_std=7.2463 m_kl_max=0.0143 m_ratio_max=0.476 w_ax@goal=+1.06 w_v@goal=19.45 return=1010.1 length=79 success_rate=1.00 collisions/ep=0.08 (n=25)
update=127 global_step=260096 SPS=596 w_ev=0.903 m_ev=0.999 m_v_bias=1.5 m_adv_std=5.3859 m_kl_max=0.0139 m_ratio_max=0.756 w_ax@goal=+1.13 w_v@goal=19.50 return=1011.9 length=79 success_rate=1.00 collisions/ep=0.04 (n=27)
update=128 global_step=262144 SPS=597 w_ev=0.902 m_ev=0.986 m_v_bias=2.0 m_adv_std=19.8122 m_kl_max=0.0183 m_ratio_max=0.685 w_ax@goal=+1.26 w_v@goal=19.53 return=1004.3 length=80 success_rate=1.00 collisions/ep=0.16 (n=25)
update=129 global_step=264192 SPS=599 w_ev=0.934 m_ev=0.999 m_v_bias=-0.9 m_adv_std=4.9907 m_kl_max=0.0191 m_ratio_max=0.661 w_ax@goal=+0.96 w_v@goal=19.69 return=1012.1 length=80 success_rate=1.00 collisions/ep=0.00 (n=26)
update=130 global_step=266240 SPS=601 w_ev=0.931 m_ev=0.998 m_v_bias=-0.4 m_adv_std=7.1250 m_kl_max=0.0113 m_ratio_max=0.557 w_ax@goal=+1.19 w_v@goal=19.62 return=1010.3 length=80 success_rate=1.00 collisions/ep=0.04 (n=25)
Evaluation at update 130: return=1012.24, length=77.85, success_rate=1.00, collisions/ep=0.00
Solved-check at update 130: solved=True worst_gap=1.06 at p_x0=0.50 p_y0=0.50 (consecutive=3)
update=131 global_step=268288 SPS=594 w_ev=0.904 m_ev=0.994 m_v_bias=0.1 m_adv_std=12.3571 m_kl_max=0.0265 m_ratio_max=1.004 w_ax@goal=+1.22 w_v@goal=19.60 return=1004.2 length=78 success_rate=1.00 collisions/ep=0.15 (n=26)
update=132 global_step=270336 SPS=596 w_ev=0.904 m_ev=0.996 m_v_bias=-0.2 m_adv_std=10.9777 m_kl_max=0.0116 m_ratio_max=0.437 w_ax@goal=+1.27 w_v@goal=19.54 return=1008.6 length=79 success_rate=1.00 collisions/ep=0.07 (n=28)
update=133 global_step=272384 SPS=598 w_ev=0.925 m_ev=0.998 m_v_bias=-0.5 m_adv_std=8.2475 m_kl_max=0.0118 m_ratio_max=0.534 w_ax@goal=+1.26 w_v@goal=19.61 return=1008.3 length=79 success_rate=1.00 collisions/ep=0.08 (n=25)
update=134 global_step=274432 SPS=599 w_ev=0.928 m_ev=0.994 m_v_bias=-0.5 m_adv_std=13.2915 m_kl_max=0.0106 m_ratio_max=0.499 w_ax@goal=+1.17 w_v@goal=19.75 return=1004.5 length=79 success_rate=1.00 collisions/ep=0.15 (n=26)
update=135 global_step=276480 SPS=601 w_ev=0.908 m_ev=0.991 m_v_bias=0.8 m_adv_std=15.8135 m_kl_max=0.0136 m_ratio_max=0.550 w_ax@goal=+1.26 w_v@goal=19.66 return=1002.5 length=79 success_rate=1.00 collisions/ep=0.19 (n=26)
Evaluation at update 135: return=1012.22, length=77.85, success_rate=1.00, collisions/ep=0.00
Solved-check at update 135: solved=True worst_gap=1.10 at p_x0=0.50 p_y0=1.00 (consecutive=4)
update=136 global_step=278528 SPS=595 w_ev=0.911 m_ev=0.995 m_v_bias=1.1 m_adv_std=11.8720 m_kl_max=0.0081 m_ratio_max=0.459 w_ax@goal=+1.16 w_v@goal=19.65 return=1006.0 length=78 success_rate=1.00 collisions/ep=0.12 (n=26)
update=137 global_step=280576 SPS=597 w_ev=0.916 m_ev=0.999 m_v_bias=-1.4 m_adv_std=3.8569 m_kl_max=0.0267 m_ratio_max=1.336 w_ax@goal=+1.06 w_v@goal=19.73 return=1012.1 length=80 success_rate=1.00 collisions/ep=0.00 (n=26)
update=138 global_step=282624 SPS=599 w_ev=0.905 m_ev=0.993 m_v_bias=3.2 m_adv_std=13.9511 m_kl_max=0.0155 m_ratio_max=0.556 w_ax@goal=+1.06 w_v@goal=19.73 return=1003.8 length=80 success_rate=1.00 collisions/ep=0.17 (n=24)
update=139 global_step=284672 SPS=600 w_ev=0.901 m_ev=0.994 m_v_bias=0.1 m_adv_std=13.2288 m_kl_max=0.0335 m_ratio_max=0.720 w_ax@goal=+1.00 w_v@goal=19.51 return=1004.2 length=80 success_rate=1.00 collisions/ep=0.15 (n=26)
update=140 global_step=286720 SPS=602 w_ev=0.938 m_ev=0.999 m_v_bias=-3.1 m_adv_std=4.8488 m_kl_max=0.0122 m_ratio_max=0.589 w_ax@goal=+1.01 w_v@goal=19.55 return=1008.5 length=79 success_rate=1.00 collisions/ep=0.07 (n=27)
Evaluation at update 140: return=1012.23, length=77.80, success_rate=1.00, collisions/ep=0.00
Solved-check at update 140: solved=True worst_gap=1.08 at p_x0=0.50 p_y0=1.00 (consecutive=5)
update=141 global_step=288768 SPS=596 w_ev=0.921 m_ev=0.997 m_v_bias=2.4 m_adv_std=9.2275 m_kl_max=0.0355 m_ratio_max=0.614 w_ax@goal=+1.17 w_v@goal=19.74 return=1006.0 length=78 success_rate=1.00 collisions/ep=0.12 (n=26)
update=142 global_step=290816 SPS=598 w_ev=0.915 m_ev=0.997 m_v_bias=0.8 m_adv_std=9.6562 m_kl_max=0.0140 m_ratio_max=0.503 w_ax@goal=+1.18 w_v@goal=19.73 return=1006.3 length=80 success_rate=1.00 collisions/ep=0.12 (n=25)
update=143 global_step=292864 SPS=600 w_ev=0.910 m_ev=0.994 m_v_bias=2.4 m_adv_std=12.1940 m_kl_max=0.0253 m_ratio_max=1.711 w_ax@goal=+1.20 w_v@goal=19.60 return=1004.1 length=81 success_rate=1.00 collisions/ep=0.20 (n=25)
update=144 global_step=294912 SPS=601 w_ev=0.886 m_ev=0.996 m_v_bias=-1.4 m_adv_std=11.0538 m_kl_max=0.0191 m_ratio_max=1.253 w_ax@goal=+1.19 w_v@goal=19.52 return=1006.0 length=80 success_rate=1.00 collisions/ep=0.12 (n=26)
update=145 global_step=296960 SPS=603 w_ev=0.917 m_ev=0.998 m_v_bias=-2.1 m_adv_std=7.1945 m_kl_max=0.0148 m_ratio_max=0.636 w_ax@goal=+1.06 w_v@goal=19.74 return=1010.1 length=80 success_rate=1.00 collisions/ep=0.04 (n=25)
Evaluation at update 145: return=1012.21, length=77.85, success_rate=1.00, collisions/ep=0.00
Solved-check at update 145: solved=True worst_gap=1.10 at p_x0=0.50 p_y0=1.00 (consecutive=6)
update=146 global_step=299008 SPS=597 w_ev=0.931 m_ev=0.999 m_v_bias=-1.4 m_adv_std=6.0760 m_kl_max=0.0104 m_ratio_max=0.594 w_ax@goal=+1.04 w_v@goal=19.68 return=1012.3 length=81 success_rate=1.00 collisions/ep=0.00 (n=25)
update=147 global_step=301056 SPS=599 w_ev=0.933 m_ev=0.996 m_v_bias=1.0 m_adv_std=10.7612 m_kl_max=0.0050 m_ratio_max=0.335 w_ax@goal=+1.07 w_v@goal=19.67 return=1006.9 length=80 success_rate=1.00 collisions/ep=0.11 (n=28)
update=148 global_step=303104 SPS=600 w_ev=0.903 m_ev=0.999 m_v_bias=-1.9 m_adv_std=4.2269 m_kl_max=0.0075 m_ratio_max=0.435 w_ax@goal=+1.19 w_v@goal=19.62 return=1011.7 length=79 success_rate=1.00 collisions/ep=0.00 (n=25)
update=149 global_step=305152 SPS=602 w_ev=0.906 m_ev=0.997 m_v_bias=1.7 m_adv_std=9.6226 m_kl_max=0.0153 m_ratio_max=0.550 w_ax@goal=+1.29 w_v@goal=19.65 return=1006.6 length=80 success_rate=1.00 collisions/ep=0.12 (n=26)
update=150 global_step=307200 SPS=603 w_ev=0.925 m_ev=0.999 m_v_bias=-1.2 m_adv_std=4.8250 m_kl_max=0.0116 m_ratio_max=0.698 w_ax@goal=+1.28 w_v@goal=19.75 return=1010.6 length=81 success_rate=1.00 collisions/ep=0.04 (n=24)
Evaluation at update 150: return=1012.23, length=77.80, success_rate=1.00, collisions/ep=0.00
Solved-check at update 150: solved=True worst_gap=1.08 at p_x0=0.50 p_y0=1.00 (consecutive=7)
update=151 global_step=309248 SPS=598 w_ev=0.936 m_ev=1.000 m_v_bias=-0.4 m_adv_std=3.0156 m_kl_max=0.0143 m_ratio_max=0.624 w_ax@goal=+1.42 w_v@goal=19.81 return=1012.5 length=79 success_rate=1.00 collisions/ep=0.00 (n=25)
update=152 global_step=311296 SPS=599 w_ev=0.894 m_ev=0.967 m_v_bias=9.9 m_adv_std=32.5836 m_kl_max=0.0272 m_ratio_max=0.861 w_ax@goal=+1.44 w_v@goal=19.80 return=989.0 length=81 success_rate=1.00 collisions/ep=0.48 (n=27)
update=153 global_step=313344 SPS=601 w_ev=0.915 m_ev=0.997 m_v_bias=-8.6 m_adv_std=9.2752 m_kl_max=0.0115 m_ratio_max=0.505 w_ax@goal=+1.48 w_v@goal=19.78 return=1010.3 length=78 success_rate=1.00 collisions/ep=0.07 (n=28)
update=154 global_step=315392 SPS=603 w_ev=0.942 m_ev=0.997 m_v_bias=-2.8 m_adv_std=9.5929 m_kl_max=0.0093 m_ratio_max=0.541 w_ax@goal=+1.58 w_v@goal=19.70 return=1008.5 length=81 success_rate=1.00 collisions/ep=0.12 (n=24)
update=155 global_step=317440 SPS=604 w_ev=0.933 m_ev=0.993 m_v_bias=1.2 m_adv_std=13.2971 m_kl_max=0.0082 m_ratio_max=0.591 w_ax@goal=+1.51 w_v@goal=19.79 return=1006.7 length=80 success_rate=1.00 collisions/ep=0.16 (n=25)
Evaluation at update 155: return=1012.30, length=77.70, success_rate=1.00, collisions/ep=0.00
Solved-check at update 155: solved=True worst_gap=0.96 at p_x0=0.50 p_y0=0.50 (consecutive=8)
update=156 global_step=319488 SPS=599 w_ev=0.941 m_ev=0.991 m_v_bias=1.0 m_adv_std=16.0680 m_kl_max=0.0236 m_ratio_max=1.266 w_ax@goal=+1.46 w_v@goal=19.62 return=1005.2 length=78 success_rate=1.00 collisions/ep=0.18 (n=28)
update=157 global_step=321536 SPS=600 w_ev=0.924 m_ev=0.993 m_v_bias=0.9 m_adv_std=13.8433 m_kl_max=0.0133 m_ratio_max=0.668 w_ax@goal=+1.59 w_v@goal=19.60 return=1006.8 length=81 success_rate=1.00 collisions/ep=0.16 (n=25)
update=158 global_step=323584 SPS=601 w_ev=0.924 m_ev=0.995 m_v_bias=1.8 m_adv_std=12.1848 m_kl_max=0.0221 m_ratio_max=0.762 w_ax@goal=+1.50 w_v@goal=19.58 return=1004.9 length=81 success_rate=1.00 collisions/ep=0.15 (n=26)
update=159 global_step=325632 SPS=603 w_ev=0.925 m_ev=0.995 m_v_bias=-0.9 m_adv_std=11.3234 m_kl_max=0.0229 m_ratio_max=0.965 w_ax@goal=+1.42 w_v@goal=19.58 return=1002.0 length=79 success_rate=1.00 collisions/ep=0.25 (n=24)
update=160 global_step=327680 SPS=604 w_ev=0.931 m_ev=0.999 m_v_bias=-4.9 m_adv_std=4.2295 m_kl_max=0.0101 m_ratio_max=0.558 w_ax@goal=+1.25 w_v@goal=19.65 return=1012.6 length=81 success_rate=1.00 collisions/ep=0.00 (n=26)
Evaluation at update 160: return=1012.29, length=77.75, success_rate=1.00, collisions/ep=0.00
Solved-check at update 160: solved=True worst_gap=0.99 at p_x0=0.50 p_y0=1.00 (consecutive=9)
update=161 global_step=329728 SPS=599 w_ev=0.903 m_ev=0.998 m_v_bias=-1.2 m_adv_std=7.0587 m_kl_max=0.0143 m_ratio_max=0.661 w_ax@goal=+1.43 w_v@goal=19.53 return=1008.7 length=80 success_rate=1.00 collisions/ep=0.08 (n=25)
update=162 global_step=331776 SPS=600 w_ev=0.914 m_ev=0.998 m_v_bias=-0.7 m_adv_std=6.8449 m_kl_max=0.0207 m_ratio_max=0.667 w_ax@goal=+1.39 w_v@goal=19.68 return=1010.6 length=78 success_rate=1.00 collisions/ep=0.04 (n=27)
update=163 global_step=333824 SPS=602 w_ev=0.906 m_ev=0.992 m_v_bias=3.4 m_adv_std=15.0872 m_kl_max=0.0366 m_ratio_max=1.327 w_ax@goal=+1.17 w_v@goal=19.64 return=1001.1 length=80 success_rate=1.00 collisions/ep=0.23 (n=26)
update=164 global_step=335872 SPS=603 w_ev=0.888 m_ev=0.971 m_v_bias=5.8 m_adv_std=29.2387 m_kl_max=0.0126 m_ratio_max=0.578 w_ax@goal=+1.40 w_v@goal=19.51 return=996.5 length=79 success_rate=1.00 collisions/ep=0.32 (n=25)
update=165 global_step=337920 SPS=605 w_ev=0.936 m_ev=0.992 m_v_bias=-1.9 m_adv_std=15.1258 m_kl_max=0.0276 m_ratio_max=1.218 w_ax@goal=+1.33 w_v@goal=19.78 return=998.4 length=80 success_rate=1.00 collisions/ep=0.28 (n=25)
Evaluation at update 165: return=1012.32, length=77.80, success_rate=1.00, collisions/ep=0.00
Solved-check at update 165: solved=True worst_gap=1.01 at p_x0=0.50 p_y0=1.00 (consecutive=10)
update=166 global_step=339968 SPS=599 w_ev=0.905 m_ev=0.988 m_v_bias=-1.6 m_adv_std=17.7572 m_kl_max=0.0078 m_ratio_max=0.423 w_ax@goal=+1.37 w_v@goal=19.70 return=1003.6 length=80 success_rate=1.00 collisions/ep=0.18 (n=28)
update=167 global_step=342016 SPS=601 w_ev=0.924 m_ev=0.991 m_v_bias=2.4 m_adv_std=15.6358 m_kl_max=0.0072 m_ratio_max=0.427 w_ax@goal=+1.38 w_v@goal=19.64 return=999.8 length=78 success_rate=1.00 collisions/ep=0.25 (n=24)
update=168 global_step=344064 SPS=602 w_ev=0.923 m_ev=0.997 m_v_bias=-2.1 m_adv_std=8.9253 m_kl_max=0.0160 m_ratio_max=0.589 w_ax@goal=+1.35 w_v@goal=19.57 return=1006.9 length=78 success_rate=1.00 collisions/ep=0.11 (n=27)
update=169 global_step=346112 SPS=604 w_ev=0.939 m_ev=1.000 m_v_bias=-1.9 m_adv_std=2.9588 m_kl_max=0.0064 m_ratio_max=0.473 w_ax@goal=+1.38 w_v@goal=19.60 return=1012.9 length=81 success_rate=1.00 collisions/ep=0.00 (n=26)
update=170 global_step=348160 SPS=605 w_ev=0.932 m_ev=0.991 m_v_bias=1.7 m_adv_std=16.2513 m_kl_max=0.0088 m_ratio_max=0.490 w_ax@goal=+1.37 w_v@goal=19.50 return=1012.7 length=80 success_rate=1.00 collisions/ep=0.00 (n=26)
Evaluation at update 170: return=1012.33, length=77.75, success_rate=1.00, collisions/ep=0.00
Solved-check at update 170: solved=True worst_gap=0.97 at p_x0=0.50 p_y0=1.00 (consecutive=11)
update=171 global_step=350208 SPS=600 w_ev=0.918 m_ev=0.984 m_v_bias=6.3 m_adv_std=21.6126 m_kl_max=0.0186 m_ratio_max=0.733 w_ax@goal=+1.23 w_v@goal=19.59 return=985.8 length=81 success_rate=1.00 collisions/ep=0.54 (n=24)
update=172 global_step=352256 SPS=602 w_ev=0.931 m_ev=0.998 m_v_bias=-4.4 m_adv_std=8.3423 m_kl_max=0.0124 m_ratio_max=0.781 w_ax@goal=+1.17 w_v@goal=19.56 return=1010.4 length=80 success_rate=1.00 collisions/ep=0.04 (n=25)
update=173 global_step=354304 SPS=603 w_ev=0.905 m_ev=0.998 m_v_bias=-1.4 m_adv_std=8.1729 m_kl_max=0.0296 m_ratio_max=0.732 w_ax@goal=+1.17 w_v@goal=19.44 return=1009.0 length=80 success_rate=1.00 collisions/ep=0.07 (n=27)
update=174 global_step=356352 SPS=604 w_ev=0.917 m_ev=0.990 m_v_bias=2.0 m_adv_std=16.7728 m_kl_max=0.0235 m_ratio_max=0.698 w_ax@goal=+1.00 w_v@goal=19.58 return=1008.3 length=79 success_rate=1.00 collisions/ep=0.08 (n=25)
update=175 global_step=358400 SPS=605 w_ev=0.918 m_ev=0.985 m_v_bias=3.0 m_adv_std=20.7569 m_kl_max=0.0295 m_ratio_max=0.922 w_ax@goal=+1.09 w_v@goal=19.73 return=993.5 length=77 success_rate=1.00 collisions/ep=0.37 (n=27)
Evaluation at update 175: return=1012.31, length=77.75, success_rate=1.00, collisions/ep=0.00
Solved-check at update 175: solved=True worst_gap=0.98 at p_x0=0.50 p_y0=1.00 (consecutive=12)
update=176 global_step=360448 SPS=600 w_ev=0.917 m_ev=0.992 m_v_bias=0.2 m_adv_std=15.0956 m_kl_max=0.0435 m_ratio_max=2.000 w_ax@goal=+1.22 w_v@goal=19.74 return=1003.3 length=79 success_rate=1.00 collisions/ep=0.19 (n=27)
update=177 global_step=362496 SPS=602 w_ev=0.916 m_ev=0.979 m_v_bias=4.1 m_adv_std=24.8100 m_kl_max=0.0139 m_ratio_max=0.711 w_ax@goal=+1.31 w_v@goal=19.62 return=989.6 length=79 success_rate=1.00 collisions/ep=0.46 (n=24)
update=178 global_step=364544 SPS=603 w_ev=0.924 m_ev=0.977 m_v_bias=-3.0 m_adv_std=25.3366 m_kl_max=0.0167 m_ratio_max=0.899 w_ax@goal=+1.19 w_v@goal=19.62 return=1003.3 length=80 success_rate=1.00 collisions/ep=0.19 (n=27)
update=179 global_step=366592 SPS=604 w_ev=0.932 m_ev=0.992 m_v_bias=-2.9 m_adv_std=15.1795 m_kl_max=0.0078 m_ratio_max=0.400 w_ax@goal=+0.97 w_v@goal=19.63 return=1006.0 length=78 success_rate=1.00 collisions/ep=0.12 (n=25)
update=180 global_step=368640 SPS=606 w_ev=0.931 m_ev=0.995 m_v_bias=-1.2 m_adv_std=11.2482 m_kl_max=0.0108 m_ratio_max=0.380 w_ax@goal=+1.11 w_v@goal=19.54 return=1006.5 length=79 success_rate=1.00 collisions/ep=0.12 (n=26)
Evaluation at update 180: return=1012.34, length=77.70, success_rate=1.00, collisions/ep=0.00
Solved-check at update 180: solved=True worst_gap=0.98 at p_x0=0.50 p_y0=1.00 (consecutive=13)
update=181 global_step=370688 SPS=601 w_ev=0.917 m_ev=0.999 m_v_bias=-1.8 m_adv_std=6.2277 m_kl_max=0.0186 m_ratio_max=1.101 w_ax@goal=+1.01 w_v@goal=19.51 return=1010.3 length=80 success_rate=1.00 collisions/ep=0.04 (n=25)
update=182 global_step=372736 SPS=602 w_ev=0.938 m_ev=1.000 m_v_bias=-0.6 m_adv_std=3.7005 m_kl_max=0.0122 m_ratio_max=0.477 w_ax@goal=+0.96 w_v@goal=19.52 return=1010.8 length=80 success_rate=1.00 collisions/ep=0.04 (n=27)
update=183 global_step=374784 SPS=603 w_ev=0.923 m_ev=0.975 m_v_bias=5.8 m_adv_std=26.9650 m_kl_max=0.0188 m_ratio_max=0.739 w_ax@goal=+1.12 w_v@goal=19.64 return=1001.0 length=78 success_rate=1.00 collisions/ep=0.22 (n=27)
update=184 global_step=376832 SPS=605 w_ev=0.926 m_ev=0.997 m_v_bias=-2.0 m_adv_std=9.2855 m_kl_max=0.0107 m_ratio_max=0.508 w_ax@goal=+1.09 w_v@goal=19.64 return=1007.8 length=79 success_rate=1.00 collisions/ep=0.08 (n=24)
update=185 global_step=378880 SPS=606 w_ev=0.922 m_ev=0.990 m_v_bias=2.1 m_adv_std=17.3182 m_kl_max=0.0464 m_ratio_max=0.796 w_ax@goal=+1.17 w_v@goal=19.57 return=1002.9 length=81 success_rate=1.00 collisions/ep=0.19 (n=26)
Evaluation at update 185: return=1012.35, length=77.75, success_rate=1.00, collisions/ep=0.00
Solved-check at update 185: solved=True worst_gap=0.98 at p_x0=0.50 p_y0=1.00 (consecutive=14)
update=186 global_step=380928 SPS=601 w_ev=0.915 m_ev=0.996 m_v_bias=1.1 m_adv_std=10.3540 m_kl_max=0.0385 m_ratio_max=2.289 w_ax@goal=+1.08 w_v@goal=19.62 return=1006.5 length=78 success_rate=1.00 collisions/ep=0.11 (n=28)
update=187 global_step=382976 SPS=602 w_ev=0.927 m_ev=0.994 m_v_bias=1.1 m_adv_std=13.1483 m_kl_max=0.0148 m_ratio_max=0.557 w_ax@goal=+1.15 w_v@goal=19.68 return=1001.9 length=78 success_rate=1.00 collisions/ep=0.21 (n=24)
update=188 global_step=385024 SPS=604 w_ev=0.923 m_ev=0.995 m_v_bias=0.7 m_adv_std=11.1189 m_kl_max=0.0227 m_ratio_max=0.702 w_ax@goal=+1.08 w_v@goal=19.65 return=1004.6 length=78 success_rate=1.00 collisions/ep=0.15 (n=26)
update=189 global_step=387072 SPS=605 w_ev=0.927 m_ev=0.992 m_v_bias=3.2 m_adv_std=15.1550 m_kl_max=0.0190 m_ratio_max=0.847 w_ax@goal=+1.10 w_v@goal=19.56 return=1002.6 length=78 success_rate=1.00 collisions/ep=0.19 (n=27)
update=190 global_step=389120 SPS=606 w_ev=0.936 m_ev=0.988 m_v_bias=3.8 m_adv_std=18.9002 m_kl_max=0.0166 m_ratio_max=0.595 w_ax@goal=+0.89 w_v@goal=19.60 return=996.8 length=80 success_rate=1.00 collisions/ep=0.35 (n=26)
Evaluation at update 190: return=1012.36, length=77.65, success_rate=1.00, collisions/ep=0.00
Solved-check at update 190: solved=True worst_gap=0.95 at p_x0=0.50 p_y0=1.00 (consecutive=15)
update=191 global_step=391168 SPS=601 w_ev=0.926 m_ev=0.988 m_v_bias=-0.3 m_adv_std=17.9000 m_kl_max=0.0141 m_ratio_max=0.414 w_ax@goal=+0.79 w_v@goal=19.63 return=1007.3 length=78 success_rate=1.00 collisions/ep=0.08 (n=25)
update=192 global_step=393216 SPS=603 w_ev=0.943 m_ev=0.995 m_v_bias=-1.2 m_adv_std=11.3461 m_kl_max=0.0109 m_ratio_max=0.543 w_ax@goal=+0.89 w_v@goal=19.69 return=1004.5 length=81 success_rate=1.00 collisions/ep=0.16 (n=25)
update=193 global_step=395264 SPS=604 w_ev=0.927 m_ev=0.983 m_v_bias=2.7 m_adv_std=22.3363 m_kl_max=0.0243 m_ratio_max=0.640 w_ax@goal=+0.74 w_v@goal=19.63 return=999.1 length=79 success_rate=1.00 collisions/ep=0.26 (n=27)
update=194 global_step=397312 SPS=605 w_ev=0.930 m_ev=0.966 m_v_bias=1.8 m_adv_std=31.8235 m_kl_max=0.0177 m_ratio_max=0.795 w_ax@goal=+0.95 w_v@goal=19.61 return=996.5 length=80 success_rate=1.00 collisions/ep=0.32 (n=25)
update=195 global_step=399360 SPS=606 w_ev=0.893 m_ev=0.977 m_v_bias=7.5 m_adv_std=25.8058 m_kl_max=0.0136 m_ratio_max=0.591 w_ax@goal=+1.02 w_v@goal=19.66 return=992.0 length=79 success_rate=1.00 collisions/ep=0.41 (n=27)
Evaluation at update 195: return=1012.39, length=77.60, success_rate=1.00, collisions/ep=0.00
Solved-check at update 195: solved=True worst_gap=0.95 at p_x0=1.50 p_y0=1.00 (consecutive=16)
update=196 global_step=401408 SPS=602 w_ev=0.917 m_ev=0.999 m_v_bias=-4.7 m_adv_std=5.8627 m_kl_max=0.0286 m_ratio_max=1.494 w_ax@goal=+1.04 w_v@goal=19.65 return=1012.5 length=80 success_rate=1.00 collisions/ep=0.00 (n=24)
update=197 global_step=403456 SPS=603 w_ev=0.905 m_ev=0.971 m_v_bias=2.5 m_adv_std=28.7023 m_kl_max=0.0188 m_ratio_max=0.925 w_ax@goal=+1.13 w_v@goal=19.72 return=1012.1 length=78 success_rate=1.00 collisions/ep=0.00 (n=27)
update=198 global_step=405504 SPS=604 w_ev=0.905 m_ev=0.985 m_v_bias=1.4 m_adv_std=20.6712 m_kl_max=0.0208 m_ratio_max=0.712 w_ax@goal=+1.16 w_v@goal=19.55 return=998.7 length=80 success_rate=1.00 collisions/ep=0.27 (n=26)
update=199 global_step=407552 SPS=605 w_ev=0.887 m_ev=0.951 m_v_bias=5.2 m_adv_std=37.6935 m_kl_max=0.0251 m_ratio_max=1.489 w_ax@goal=+1.17 w_v@goal=19.64 return=996.8 length=79 success_rate=1.00 collisions/ep=0.35 (n=26)
update=200 global_step=409600 SPS=606 w_ev=0.911 m_ev=0.998 m_v_bias=-2.5 m_adv_std=7.8225 m_kl_max=0.0151 m_ratio_max=0.634 w_ax@goal=+1.21 w_v@goal=19.63 return=1010.8 length=81 success_rate=1.00 collisions/ep=0.04 (n=25)
Evaluation at update 200: return=1012.41, length=77.50, success_rate=1.00, collisions/ep=0.00
Solved-check at update 200: solved=True worst_gap=0.98 at p_x0=0.50 p_y0=1.00 (consecutive=17)
update=201 global_step=411648 SPS=602 w_ev=0.889 m_ev=0.997 m_v_bias=1.5 m_adv_std=8.7850 m_kl_max=0.0216 m_ratio_max=1.151 w_ax@goal=+1.10 w_v@goal=19.64 return=1008.4 length=78 success_rate=1.00 collisions/ep=0.08 (n=26)
update=202 global_step=413696 SPS=603 w_ev=0.924 m_ev=0.999 m_v_bias=-0.6 m_adv_std=5.0079 m_kl_max=0.0108 m_ratio_max=0.729 w_ax@goal=+1.23 w_v@goal=19.77 return=1010.5 length=79 success_rate=1.00 collisions/ep=0.08 (n=26)
update=203 global_step=415744 SPS=605 w_ev=0.914 m_ev=0.991 m_v_bias=2.5 m_adv_std=15.6438 m_kl_max=0.0216 m_ratio_max=1.423 w_ax@goal=+1.48 w_v@goal=19.75 return=1001.1 length=80 success_rate=1.00 collisions/ep=0.23 (n=26)
update=204 global_step=417792 SPS=606 w_ev=0.899 m_ev=0.987 m_v_bias=3.0 m_adv_std=19.0758 m_kl_max=0.0072 m_ratio_max=0.410 w_ax@goal=+1.28 w_v@goal=19.69 return=998.6 length=80 success_rate=1.00 collisions/ep=0.28 (n=25)
update=205 global_step=419840 SPS=607 w_ev=0.903 m_ev=0.995 m_v_bias=-4.2 m_adv_std=11.3358 m_kl_max=0.0421 m_ratio_max=1.148 w_ax@goal=+1.41 w_v@goal=19.76 return=1003.1 length=78 success_rate=1.00 collisions/ep=0.19 (n=27)
Evaluation at update 205: return=1012.43, length=77.50, success_rate=1.00, collisions/ep=0.00
Solved-check at update 205: solved=True worst_gap=0.96 at p_x0=0.50 p_y0=1.00 (consecutive=18)
update=206 global_step=421888 SPS=603 w_ev=0.918 m_ev=0.982 m_v_bias=2.5 m_adv_std=22.6072 m_kl_max=0.0484 m_ratio_max=1.155 w_ax@goal=+1.33 w_v@goal=19.67 return=998.6 length=79 success_rate=1.00 collisions/ep=0.28 (n=25)
update=207 global_step=423936 SPS=604 w_ev=0.924 m_ev=0.999 m_v_bias=-4.0 m_adv_std=5.7775 m_kl_max=0.0197 m_ratio_max=0.649 w_ax@goal=+1.28 w_v@goal=19.74 return=1012.8 length=80 success_rate=1.00 collisions/ep=0.00 (n=26)
update=208 global_step=425984 SPS=605 w_ev=0.888 m_ev=0.941 m_v_bias=7.3 m_adv_std=40.4980 m_kl_max=0.0183 m_ratio_max=0.763 w_ax@goal=+1.34 w_v@goal=19.77 return=995.4 length=79 success_rate=1.00 collisions/ep=0.35 (n=26)
update=209 global_step=428032 SPS=606 w_ev=0.917 m_ev=0.989 m_v_bias=-2.1 m_adv_std=17.3854 m_kl_max=0.0267 m_ratio_max=0.767 w_ax@goal=+1.14 w_v@goal=19.76 return=1010.2 length=79 success_rate=1.00 collisions/ep=0.04 (n=26)
update=210 global_step=430080 SPS=608 w_ev=0.880 m_ev=0.977 m_v_bias=0.3 m_adv_std=25.8062 m_kl_max=0.0252 m_ratio_max=0.846 w_ax@goal=+1.38 w_v@goal=19.63 return=1004.8 length=79 success_rate=1.00 collisions/ep=0.15 (n=26)
Evaluation at update 210: return=1012.42, length=77.50, success_rate=1.00, collisions/ep=0.00
Solved-check at update 210: solved=True worst_gap=0.96 at p_x0=0.50 p_y0=0.50 (consecutive=19)
update=211 global_step=432128 SPS=604 w_ev=0.863 m_ev=0.964 m_v_bias=3.4 m_adv_std=32.8258 m_kl_max=0.0151 m_ratio_max=0.483 w_ax@goal=+1.35 w_v@goal=19.71 return=985.3 length=79 success_rate=1.00 collisions/ep=0.54 (n=26)
update=212 global_step=434176 SPS=605 w_ev=0.914 m_ev=0.991 m_v_bias=-3.0 m_adv_std=16.2941 m_kl_max=0.0161 m_ratio_max=0.522 w_ax@goal=+1.33 w_v@goal=19.60 return=997.0 length=80 success_rate=1.00 collisions/ep=0.31 (n=26)
update=213 global_step=436224 SPS=606 w_ev=0.923 m_ev=0.990 m_v_bias=-0.7 m_adv_std=16.7501 m_kl_max=0.0065 m_ratio_max=0.440 w_ax@goal=+1.37 w_v@goal=19.62 return=995.4 length=77 success_rate=1.00 collisions/ep=0.33 (n=27)
update=214 global_step=438272 SPS=607 w_ev=0.928 m_ev=0.998 m_v_bias=-3.2 m_adv_std=7.0918 m_kl_max=0.0085 m_ratio_max=0.446 w_ax@goal=+1.20 w_v@goal=19.60 return=1010.1 length=79 success_rate=1.00 collisions/ep=0.04 (n=25)
update=215 global_step=440320 SPS=608 w_ev=0.903 m_ev=0.987 m_v_bias=5.0 m_adv_std=18.7588 m_kl_max=0.0193 m_ratio_max=0.709 w_ax@goal=+1.27 w_v@goal=19.69 return=997.1 length=79 success_rate=1.00 collisions/ep=0.30 (n=27)
Evaluation at update 215: return=1012.41, length=77.50, success_rate=1.00, collisions/ep=0.00
Solved-check at update 215: solved=True worst_gap=1.01 at p_x0=0.50 p_y0=1.00 (consecutive=20)
update=216 global_step=442368 SPS=604 w_ev=0.935 m_ev=0.992 m_v_bias=-2.6 m_adv_std=14.4595 m_kl_max=0.0084 m_ratio_max=0.405 w_ax@goal=+1.31 w_v@goal=19.65 return=1008.1 length=79 success_rate=1.00 collisions/ep=0.08 (n=26)
update=217 global_step=444416 SPS=605 w_ev=0.912 m_ev=0.999 m_v_bias=-4.4 m_adv_std=4.2075 m_kl_max=0.0119 m_ratio_max=0.478 w_ax@goal=+1.22 w_v@goal=19.77 return=1008.4 length=78 success_rate=1.00 collisions/ep=0.08 (n=25)
update=218 global_step=446464 SPS=607 w_ev=0.929 m_ev=0.999 m_v_bias=-0.5 m_adv_std=4.0578 m_kl_max=0.0117 m_ratio_max=0.441 w_ax@goal=+1.24 w_v@goal=19.76 return=1012.1 length=79 success_rate=1.00 collisions/ep=0.00 (n=27)
update=219 global_step=448512 SPS=608 w_ev=0.921 m_ev=1.000 m_v_bias=-0.3 m_adv_std=3.1605 m_kl_max=0.0159 m_ratio_max=0.663 w_ax@goal=+1.13 w_v@goal=19.81 return=1012.4 length=80 success_rate=1.00 collisions/ep=0.00 (n=24)
update=220 global_step=450560 SPS=609 w_ev=0.915 m_ev=0.994 m_v_bias=2.8 m_adv_std=13.0930 m_kl_max=0.0080 m_ratio_max=0.422 w_ax@goal=+1.31 w_v@goal=19.81 return=1010.5 length=81 success_rate=1.00 collisions/ep=0.04 (n=25)
Evaluation at update 220: return=1012.43, length=77.50, success_rate=1.00, collisions/ep=0.00
Solved-check at update 220: solved=True worst_gap=0.98 at p_x0=0.50 p_y0=1.00 (consecutive=21)
update=221 global_step=452608 SPS=604 w_ev=0.900 m_ev=0.995 m_v_bias=0.9 m_adv_std=12.1574 m_kl_max=0.0126 m_ratio_max=0.507 w_ax@goal=+1.19 w_v@goal=19.77 return=1001.2 length=80 success_rate=1.00 collisions/ep=0.22 (n=27)
update=222 global_step=454656 SPS=605 w_ev=0.906 m_ev=0.999 m_v_bias=-2.9 m_adv_std=6.5121 m_kl_max=0.0185 m_ratio_max=0.707 w_ax@goal=+1.17 w_v@goal=19.72 return=1012.3 length=80 success_rate=1.00 collisions/ep=0.00 (n=26)
update=223 global_step=456704 SPS=606 w_ev=0.936 m_ev=0.997 m_v_bias=-0.3 m_adv_std=9.7524 m_kl_max=0.0206 m_ratio_max=0.996 w_ax@goal=+1.42 w_v@goal=19.85 return=1006.6 length=80 success_rate=1.00 collisions/ep=0.12 (n=25)
update=224 global_step=458752 SPS=607 w_ev=0.909 m_ev=0.999 m_v_bias=0.0 m_adv_std=6.2033 m_kl_max=0.0221 m_ratio_max=0.952 w_ax@goal=+1.15 w_v@goal=19.82 return=1010.7 length=80 success_rate=1.00 collisions/ep=0.04 (n=25)
update=225 global_step=460800 SPS=608 w_ev=0.897 m_ev=0.994 m_v_bias=1.9 m_adv_std=13.0780 m_kl_max=0.0119 m_ratio_max=0.527 w_ax@goal=+1.24 w_v@goal=19.78 return=1006.8 length=80 success_rate=1.00 collisions/ep=0.12 (n=26)
Evaluation at update 225: return=1012.47, length=77.50, success_rate=1.00, collisions/ep=0.00
Solved-check at update 225: solved=True worst_gap=0.92 at p_x0=0.50 p_y0=1.00 (consecutive=22)
update=226 global_step=462848 SPS=604 w_ev=0.921 m_ev=0.994 m_v_bias=0.0 m_adv_std=13.4695 m_kl_max=0.0112 m_ratio_max=0.402 w_ax@goal=+1.42 w_v@goal=19.72 return=1003.2 length=78 success_rate=1.00 collisions/ep=0.19 (n=27)
update=227 global_step=464896 SPS=605 w_ev=0.912 m_ev=0.999 m_v_bias=-2.4 m_adv_std=6.2381 m_kl_max=0.0132 m_ratio_max=0.994 w_ax@goal=+1.37 w_v@goal=19.79 return=1011.0 length=80 success_rate=1.00 collisions/ep=0.04 (n=26)
update=228 global_step=466944 SPS=607 w_ev=0.909 m_ev=0.998 m_v_bias=-0.5 m_adv_std=6.9627 m_kl_max=0.0081 m_ratio_max=0.647 w_ax@goal=+1.38 w_v@goal=19.90 return=1010.4 length=77 success_rate=1.00 collisions/ep=0.04 (n=25)
update=229 global_step=468992 SPS=607 w_ev=0.923 m_ev=0.998 m_v_bias=0.2 m_adv_std=6.7372 m_kl_max=0.0203 m_ratio_max=0.728 w_ax@goal=+1.23 w_v@goal=19.89 return=1011.0 length=80 success_rate=1.00 collisions/ep=0.04 (n=27)
update=230 global_step=471040 SPS=608 w_ev=0.884 m_ev=0.958 m_v_bias=7.6 m_adv_std=36.2768 m_kl_max=0.0229 m_ratio_max=0.914 w_ax@goal=+1.09 w_v@goal=19.82 return=990.3 length=79 success_rate=1.00 collisions/ep=0.44 (n=25)
Evaluation at update 230: return=1012.48, length=77.50, success_rate=1.00, collisions/ep=0.00
Solved-check at update 230: solved=True worst_gap=0.89 at p_x0=0.50 p_y0=0.50 (consecutive=23)
update=231 global_step=473088 SPS=604 w_ev=0.932 m_ev=0.997 m_v_bias=-6.4 m_adv_std=8.5318 m_kl_max=0.0179 m_ratio_max=1.474 w_ax@goal=+0.84 w_v@goal=19.75 return=1012.9 length=81 success_rate=1.00 collisions/ep=0.00 (n=26)
update=232 global_step=475136 SPS=605 w_ev=0.902 m_ev=0.998 m_v_bias=1.4 m_adv_std=8.0535 m_kl_max=0.0162 m_ratio_max=0.579 w_ax@goal=+0.95 w_v@goal=19.71 return=1010.0 length=78 success_rate=1.00 collisions/ep=0.04 (n=25)
update=233 global_step=477184 SPS=607 w_ev=0.916 m_ev=0.998 m_v_bias=-1.6 m_adv_std=7.2805 m_kl_max=0.0210 m_ratio_max=0.579 w_ax@goal=+1.01 w_v@goal=19.74 return=1008.9 length=78 success_rate=1.00 collisions/ep=0.07 (n=27)
update=234 global_step=479232 SPS=607 w_ev=0.942 m_ev=0.997 m_v_bias=0.4 m_adv_std=8.4154 m_kl_max=0.0094 m_ratio_max=0.742 w_ax@goal=+1.15 w_v@goal=19.77 return=1009.2 length=79 success_rate=1.00 collisions/ep=0.07 (n=27)
update=235 global_step=481280 SPS=608 w_ev=0.920 m_ev=0.998 m_v_bias=-0.6 m_adv_std=7.9497 m_kl_max=0.0136 m_ratio_max=0.482 w_ax@goal=+1.15 w_v@goal=19.80 return=1008.9 length=80 success_rate=1.00 collisions/ep=0.08 (n=26)
Evaluation at update 235: return=1012.51, length=77.50, success_rate=1.00, collisions/ep=0.00
Solved-check at update 235: solved=True worst_gap=0.86 at p_x0=0.50 p_y0=0.50 (consecutive=24)
update=236 global_step=483328 SPS=605 w_ev=0.918 m_ev=0.989 m_v_bias=5.1 m_adv_std=17.0745 m_kl_max=0.0180 m_ratio_max=0.600 w_ax@goal=+0.89 w_v@goal=19.81 return=1000.3 length=79 success_rate=1.00 collisions/ep=0.24 (n=25)
update=237 global_step=485376 SPS=606 w_ev=0.924 m_ev=0.993 m_v_bias=-3.5 m_adv_std=13.6056 m_kl_max=0.0214 m_ratio_max=0.613 w_ax@goal=+1.24 w_v@goal=19.82 return=1008.7 length=79 success_rate=1.00 collisions/ep=0.08 (n=25)
update=238 global_step=487424 SPS=607 w_ev=0.924 m_ev=0.986 m_v_bias=4.6 m_adv_std=20.1256 m_kl_max=0.0109 m_ratio_max=0.690 w_ax@goal=+0.84 w_v@goal=19.75 return=990.7 length=78 success_rate=1.00 collisions/ep=0.42 (n=26)
update=239 global_step=489472 SPS=608 w_ev=0.948 m_ev=0.991 m_v_bias=-5.7 m_adv_std=16.3156 m_kl_max=0.0215 m_ratio_max=0.581 w_ax@goal=+1.05 w_v@goal=19.74 return=1008.6 length=78 success_rate=1.00 collisions/ep=0.07 (n=27)
update=240 global_step=491520 SPS=609 w_ev=0.936 m_ev=0.997 m_v_bias=-2.0 m_adv_std=8.8826 m_kl_max=0.0081 m_ratio_max=0.429 w_ax@goal=+1.04 w_v@goal=19.78 return=1002.7 length=79 success_rate=1.00 collisions/ep=0.20 (n=25)
Evaluation at update 240: return=1012.51, length=77.50, success_rate=1.00, collisions/ep=0.00
Solved-check at update 240: solved=True worst_gap=0.86 at p_x0=0.50 p_y0=0.50 (consecutive=25)
update=241 global_step=493568 SPS=605 w_ev=0.940 m_ev=0.993 m_v_bias=1.2 m_adv_std=13.9239 m_kl_max=0.0205 m_ratio_max=0.490 w_ax@goal=+1.03 w_v@goal=19.75 return=1010.6 length=79 success_rate=1.00 collisions/ep=0.04 (n=25)
update=242 global_step=495616 SPS=606 w_ev=0.910 m_ev=0.973 m_v_bias=6.4 m_adv_std=28.3865 m_kl_max=0.0111 m_ratio_max=0.553 w_ax@goal=+1.04 w_v@goal=19.77 return=986.7 length=79 success_rate=1.00 collisions/ep=0.52 (n=27)
update=243 global_step=497664 SPS=607 w_ev=0.945 m_ev=0.997 m_v_bias=-6.3 m_adv_std=8.8714 m_kl_max=0.0113 m_ratio_max=0.497 w_ax@goal=+1.42 w_v@goal=19.78 return=1010.7 length=78 success_rate=1.00 collisions/ep=0.04 (n=26)
update=244 global_step=499712 SPS=607 w_ev=0.893 m_ev=0.993 m_v_bias=2.6 m_adv_std=13.8522 m_kl_max=0.0100 m_ratio_max=0.547 w_ax@goal=+0.95 w_v@goal=19.80 return=1001.3 length=78 success_rate=1.00 collisions/ep=0.22 (n=27)
Saved checkpoints to C:\Users\loren\Desktop\MASTER THESIS\5_CODE\scenarios\slalom\studies\disturbed_0.005_0.05\hppo\runs\hppo_slalom_3_1790614349
