Using device: cpu
Solved-check: precomputed optimal returns for 25 fixed initial conditions (mean=1013.0, min=1011.0, max=1015.0); solved-tolerance=5.0
Goal box: +-1.800 m (1.5x segment-reachable; segment-reachable displacement = 1.200 m)
tube MPC: W half-widths [0. 0. 0. 0.], RPI s=0 alpha=0; Z half-widths (p_x, p_y, v_x, v_y) = [0. 0. 0. 0.]
  X0 (-) Z: p_x [-1.000, 11.000], p_y [-1.999, 1.999], |v| <= 1.200; V = U (-) KZ: |u| <= 2.500; K = [-7.613 -4.585] per axis
  4 obstacles, 132 binaries before fixing, max big-M 9.00; horizon N=10, stopping time 5 steps
num_envs=8 num_steps_per_env=256 batch_size=2048 num_updates=100 timesteps=204800
update=1 global_step=2048 SPS=131 m_ev=0.000 m_v_bias=42.7 m_kl_max=0.0006 mpc_ms=7.3/35 cand=0.000 return=-196.3 length=200 success_rate=0.00 collisions/ep=0.00 (n=8)
update=2 global_step=4096 SPS=136 m_ev=-0.879 m_v_bias=23.1 m_kl_max=0.0062 mpc_ms=6.7/38 cand=0.000 return=-187.4 length=200 success_rate=0.00 collisions/ep=0.00 (n=8)
update=3 global_step=6144 SPS=139 m_ev=-0.211 m_v_bias=12.0 m_kl_max=0.0305 mpc_ms=6.6/40 cand=0.000 return=-190.7 length=200 success_rate=0.00 collisions/ep=0.00 (n=8)
update=4 global_step=8192 SPS=134 m_ev=0.045 m_v_bias=7.7 m_kl_max=0.0559 mpc_ms=7.9/40 cand=0.000 return=-183.0 length=200 success_rate=0.00 collisions/ep=0.00 (n=16)
update=5 global_step=10240 SPS=129 m_ev=-0.224 m_v_bias=0.3 m_kl_max=0.0309 mpc_ms=8.4/50 cand=0.000 return=-151.4 length=200 success_rate=0.00 collisions/ep=0.00 (n=8)
Evaluation at update 5: return=-162.50, length=200.00, success_rate=0.00, collisions/ep=0.00
Solved-check at update 5: solved=False worst_gap=1191.02 at p_x0=2.00 p_y0=0.00 (consecutive=0)
update=6 global_step=12288 SPS=69 m_ev=0.276 m_v_bias=0.5 m_kl_max=0.0299 mpc_ms=7.5/45 cand=0.000 return=-160.7 length=200 success_rate=0.00 collisions/ep=0.00 (n=8)
update=7 global_step=14336 SPS=74 m_ev=0.592 m_v_bias=3.8 m_kl_max=0.0306 mpc_ms=7.1/37 cand=0.000 w_ax@goal=-0.48 return=-151.6 length=200 success_rate=0.00 collisions/ep=0.00 (n=8)
update=8 global_step=16384 SPS=79 m_ev=0.780 m_v_bias=-0.7 m_kl_max=0.0356 mpc_ms=6.8/47 cand=0.000 return=-153.6 length=200 success_rate=0.00 collisions/ep=0.00 (n=16)
update=9 global_step=18432 SPS=83 m_ev=0.789 m_v_bias=-2.9 m_kl_max=0.0472 mpc_ms=7.0/37 cand=0.000 return=-138.1 length=200 success_rate=0.00 collisions/ep=0.00 (n=8)
update=10 global_step=20480 SPS=85 m_ev=-0.015 m_v_bias=-31.7 m_kl_max=0.0320 mpc_ms=8.0/49 cand=0.000 w_ax@goal=-0.71 return=-9.2 length=192 success_rate=0.11 collisions/ep=0.00 (n=9)
Evaluation at update 10: return=-138.50, length=200.00, success_rate=0.00, collisions/ep=0.00
Solved-check at update 10: solved=False worst_gap=1161.02 at p_x0=2.00 p_y0=1.00 (consecutive=0)
update=11 global_step=22528 SPS=71 m_ev=-0.445 m_v_bias=4.6 m_kl_max=0.0099 mpc_ms=7.3/38 cand=0.000 w_ax@goal=-1.25 return=-137.6 length=200 success_rate=0.00 collisions/ep=0.00 (n=15)
update=12 global_step=24576 SPS=74 m_ev=0.707 m_v_bias=4.4 m_kl_max=0.0302 mpc_ms=7.3/43 cand=0.000 w_ax@goal=-0.77 return=-138.0 length=200 success_rate=0.00 collisions/ep=0.00 (n=8)
update=13 global_step=26624 SPS=76 m_ev=-0.024 m_v_bias=-43.2 m_kl_max=0.0153 mpc_ms=7.5/46 cand=0.000 w_ax@goal=-0.49 return=93.3 length=197 success_rate=0.22 collisions/ep=0.00 (n=9)
update=14 global_step=28672 SPS=79 m_ev=0.137 m_v_bias=-35.5 m_kl_max=0.0195 mpc_ms=7.4/46 cand=0.000 w_ax@goal=+0.40 return=73.4 length=190 success_rate=0.20 collisions/ep=0.00 (n=10)
update=15 global_step=30720 SPS=81 m_ev=0.358 m_v_bias=-119.0 m_kl_max=0.0279 mpc_ms=7.5/49 cand=0.000 w_ax@goal=-0.31 return=225.9 length=182 success_rate=0.33 collisions/ep=0.00 (n=15)
Evaluation at update 15: return=727.24, length=156.45, success_rate=0.80, collisions/ep=0.00
Solved-check at update 15: solved=False worst_gap=1191.02 at p_x0=2.00 p_y0=-1.00 (consecutive=0)
update=16 global_step=32768 SPS=64 m_ev=0.466 m_v_bias=-163.1 m_kl_max=0.0111 mpc_ms=7.9/62 cand=0.000 w_ax@goal=-0.14 return=793.1 length=136 success_rate=0.85 collisions/ep=0.00 (n=13)
update=17 global_step=34816 SPS=65 m_ev=0.599 m_v_bias=-61.5 m_kl_max=0.0096 mpc_ms=7.7/54 cand=0.000 w_ax@goal=-0.04 return=706.4 length=148 success_rate=0.77 collisions/ep=0.00 (n=13)
update=18 global_step=36864 SPS=67 m_ev=0.703 m_v_bias=-24.3 m_kl_max=0.0103 mpc_ms=7.4/41 cand=0.000 w_ax@goal=-0.04 return=724.7 length=146 success_rate=0.79 collisions/ep=0.00 (n=14)
update=19 global_step=38912 SPS=69 m_ev=0.788 m_v_bias=-26.0 m_kl_max=0.0086 mpc_ms=7.9/48 cand=0.000 w_ax@goal=-0.11 return=378.0 length=163 success_rate=0.47 collisions/ep=0.00 (n=15)
update=20 global_step=40960 SPS=70 m_ev=0.834 m_v_bias=-40.9 m_kl_max=0.0095 mpc_ms=7.8/49 cand=0.000 w_ax@goal=+0.01 return=891.6 length=123 success_rate=0.93 collisions/ep=0.00 (n=14)
Evaluation at update 20: return=712.56, length=115.10, success_rate=0.75, collisions/ep=0.00
Solved-check at update 20: solved=False worst_gap=1191.02 at p_x0=2.00 p_y0=-1.00 (consecutive=0)
update=21 global_step=43008 SPS=65 m_ev=0.832 m_v_bias=-33.9 m_kl_max=0.0113 mpc_ms=7.6/49 cand=0.000 w_ax@goal=-0.01 return=844.0 length=131 success_rate=0.89 collisions/ep=0.00 (n=18)
update=22 global_step=45056 SPS=67 m_ev=0.853 m_v_bias=-31.5 m_kl_max=0.0098 mpc_ms=8.1/56 cand=0.000 w_ax@goal=-0.08 return=982.8 length=108 success_rate=1.00 collisions/ep=0.00 (n=18)
update=23 global_step=47104 SPS=68 m_ev=0.830 m_v_bias=6.1 m_kl_max=0.0111 mpc_ms=8.0/55 cand=0.000 w_ax@goal=+0.09 return=981.3 length=109 success_rate=1.00 collisions/ep=0.00 (n=20)
update=24 global_step=49152 SPS=69 m_ev=0.885 m_v_bias=-23.4 m_kl_max=0.0148 mpc_ms=7.9/54 cand=0.000 w_ax@goal=-0.04 return=923.0 length=112 success_rate=0.94 collisions/ep=0.00 (n=18)
update=25 global_step=51200 SPS=70 m_ev=0.876 m_v_bias=0.3 m_kl_max=0.0092 mpc_ms=7.7/58 cand=0.000 w_ax@goal=+0.01 return=991.1 length=100 success_rate=1.00 collisions/ep=0.00 (n=21)
Evaluation at update 25: return=1010.87, length=82.25, success_rate=1.00, collisions/ep=0.00
Solved-check at update 25: solved=False worst_gap=7.01 at p_x0=2.00 p_y0=-1.00 (consecutive=0)
update=26 global_step=53248 SPS=69 m_ev=0.912 m_v_bias=-10.5 m_kl_max=0.0117 mpc_ms=8.1/49 cand=0.000 w_ax@goal=-0.00 return=988.3 length=102 success_rate=1.00 collisions/ep=0.00 (n=20)
update=27 global_step=55296 SPS=70 m_ev=0.905 m_v_bias=-9.6 m_kl_max=0.0182 mpc_ms=7.8/44 cand=0.000 w_ax@goal=+0.04 return=997.2 length=93 success_rate=1.00 collisions/ep=0.00 (n=20)
update=28 global_step=57344 SPS=71 m_ev=0.843 m_v_bias=20.1 m_kl_max=0.0094 mpc_ms=7.9/49 cand=0.000 w_ax@goal=-0.03 return=1001.7 length=90 success_rate=1.00 collisions/ep=0.00 (n=21)
update=29 global_step=59392 SPS=72 m_ev=0.935 m_v_bias=-12.8 m_kl_max=0.0093 mpc_ms=7.4/39 cand=0.000 w_ax@goal=+0.01 return=947.1 length=103 success_rate=0.96 collisions/ep=0.00 (n=23)
update=30 global_step=61440 SPS=73 m_ev=0.957 m_v_bias=-9.7 m_kl_max=0.0037 mpc_ms=7.6/41 cand=0.000 w_ax@goal=-0.04 return=1004.7 length=88 success_rate=1.00 collisions/ep=0.00 (n=23)
Evaluation at update 30: return=1011.92, length=81.10, success_rate=1.00, collisions/ep=0.00
Solved-check at update 30: solved=True worst_gap=1.83 at p_x0=0.00 p_y0=-1.00 (consecutive=0)
update=31 global_step=63488 SPS=72 m_ev=0.955 m_v_bias=-2.5 m_kl_max=0.0052 mpc_ms=8.0/49 cand=0.000 w_ax@goal=-0.03 return=1001.7 length=91 success_rate=1.00 collisions/ep=0.00 (n=24)
update=32 global_step=65536 SPS=73 m_ev=0.900 m_v_bias=4.5 m_kl_max=0.0328 mpc_ms=7.6/45 cand=0.000 w_ax@goal=-0.02 return=1005.4 length=85 success_rate=1.00 collisions/ep=0.00 (n=21)
update=33 global_step=67584 SPS=74 m_ev=0.964 m_v_bias=-10.0 m_kl_max=0.0124 mpc_ms=7.7/40 cand=0.000 w_ax@goal=-0.10 return=1002.3 length=90 success_rate=1.00 collisions/ep=0.00 (n=24)
update=34 global_step=69632 SPS=75 m_ev=0.970 m_v_bias=11.1 m_kl_max=0.0152 mpc_ms=7.5/49 cand=0.000 w_ax@goal=+0.00 return=1004.8 length=87 success_rate=1.00 collisions/ep=0.00 (n=24)
update=35 global_step=71680 SPS=75 m_ev=0.954 m_v_bias=8.7 m_kl_max=0.0077 mpc_ms=7.9/49 cand=0.000 w_ax@goal=-0.07 return=1000.2 length=88 success_rate=1.00 collisions/ep=0.00 (n=23)
Evaluation at update 35: return=1012.40, length=80.65, success_rate=1.00, collisions/ep=0.00
Solved-check at update 35: solved=True worst_gap=1.24 at p_x0=0.00 p_y0=-1.00 (consecutive=1)
Solved criterion held for 2 consecutive evals (tolerance=5.0) at global_step=71680.
update=36 global_step=73728 SPS=74 m_ev=0.959 m_v_bias=-4.1 m_kl_max=0.0203 mpc_ms=7.4/53 cand=0.000 w_ax@goal=+0.02 return=1002.7 length=88 success_rate=1.00 collisions/ep=0.00 (n=24)
update=37 global_step=75776 SPS=75 m_ev=0.972 m_v_bias=2.2 m_kl_max=0.0133 mpc_ms=7.3/43 cand=0.000 w_ax@goal=+0.03 return=1004.1 length=86 success_rate=1.00 collisions/ep=0.00 (n=23)
update=38 global_step=77824 SPS=76 m_ev=0.967 m_v_bias=-3.6 m_kl_max=0.0084 mpc_ms=8.0/66 cand=0.000 w_ax@goal=-0.02 return=1004.5 length=86 success_rate=1.00 collisions/ep=0.00 (n=24)
update=39 global_step=79872 SPS=76 m_ev=0.981 m_v_bias=-7.9 m_kl_max=0.0120 mpc_ms=8.0/43 cand=0.000 w_ax@goal=+0.03 return=1008.2 length=83 success_rate=1.00 collisions/ep=0.00 (n=26)
update=40 global_step=81920 SPS=77 m_ev=0.958 m_v_bias=6.1 m_kl_max=0.0147 mpc_ms=7.6/54 cand=0.000 w_ax@goal=-0.02 return=1005.7 length=83 success_rate=1.00 collisions/ep=0.00 (n=24)
Evaluation at update 40: return=1012.69, length=80.40, success_rate=1.00, collisions/ep=0.00
Solved-check at update 40: solved=True worst_gap=0.90 at p_x0=0.00 p_y0=-1.00 (consecutive=2)
update=41 global_step=83968 SPS=76 m_ev=0.981 m_v_bias=1.3 m_kl_max=0.0293 mpc_ms=7.4/43 cand=0.000 w_ax@goal=+0.02 return=1007.5 length=82 success_rate=1.00 collisions/ep=0.00 (n=26)
update=42 global_step=86016 SPS=77 m_ev=0.976 m_v_bias=2.0 m_kl_max=0.0211 mpc_ms=7.5/44 cand=0.000 w_ax@goal=-0.01 return=1005.2 length=86 success_rate=1.00 collisions/ep=0.00 (n=23)
update=43 global_step=88064 SPS=78 m_ev=0.988 m_v_bias=-9.9 m_kl_max=0.0204 mpc_ms=7.1/50 cand=0.000 w_ax@goal=+0.06 return=1010.1 length=83 success_rate=1.00 collisions/ep=0.00 (n=25)
update=44 global_step=90112 SPS=78 m_ev=0.979 m_v_bias=2.8 m_kl_max=0.0231 mpc_ms=7.3/51 cand=0.000 w_ax@goal=+0.06 return=1007.8 length=84 success_rate=1.00 collisions/ep=0.00 (n=24)
update=45 global_step=92160 SPS=79 m_ev=0.984 m_v_bias=-4.0 m_kl_max=0.0096 mpc_ms=7.4/45 cand=0.000 w_ax@goal=+0.03 return=1008.8 length=83 success_rate=1.00 collisions/ep=0.00 (n=24)
Evaluation at update 45: return=1012.83, length=80.25, success_rate=1.00, collisions/ep=0.00
Solved-check at update 45: solved=True worst_gap=0.92 at p_x0=0.00 p_y0=-1.00 (consecutive=3)
update=46 global_step=94208 SPS=78 m_ev=0.994 m_v_bias=-7.2 m_kl_max=0.0083 mpc_ms=7.3/45 cand=0.000 w_ax@goal=+0.04 return=1011.3 length=82 success_rate=1.00 collisions/ep=0.00 (n=26)
update=47 global_step=96256 SPS=78 m_ev=0.972 m_v_bias=6.3 m_kl_max=0.0118 mpc_ms=7.2/47 cand=0.000 w_ax@goal=-0.01 return=1007.8 length=82 success_rate=1.00 collisions/ep=0.00 (n=24)
update=48 global_step=98304 SPS=79 m_ev=0.981 m_v_bias=-1.2 m_kl_max=0.0193 mpc_ms=7.2/42 cand=0.000 w_ax@goal=-0.07 return=1010.6 length=82 success_rate=1.00 collisions/ep=0.00 (n=25)
update=49 global_step=100352 SPS=80 m_ev=0.995 m_v_bias=-6.0 m_kl_max=0.0179 mpc_ms=7.4/43 cand=0.000 w_ax@goal=-0.01 return=1009.8 length=81 success_rate=1.00 collisions/ep=0.00 (n=26)
update=50 global_step=102400 SPS=80 m_ev=0.990 m_v_bias=0.6 m_kl_max=0.0111 mpc_ms=7.6/54 cand=0.000 w_ax@goal=+0.00 return=1010.2 length=81 success_rate=1.00 collisions/ep=0.00 (n=25)
Evaluation at update 50: return=1013.05, length=80.00, success_rate=1.00, collisions/ep=0.00
Solved-check at update 50: solved=True worst_gap=0.64 at p_x0=0.00 p_y0=-1.00 (consecutive=4)
update=51 global_step=104448 SPS=79 m_ev=0.989 m_v_bias=4.1 m_kl_max=0.0095 mpc_ms=7.0/36 cand=0.000 w_ax@goal=+0.04 return=1009.9 length=82 success_rate=1.00 collisions/ep=0.00 (n=25)
update=52 global_step=106496 SPS=80 m_ev=0.995 m_v_bias=-4.3 m_kl_max=0.0137 mpc_ms=6.9/32 cand=0.000 w_ax@goal=+0.03 return=1011.1 length=81 success_rate=1.00 collisions/ep=0.00 (n=26)
update=53 global_step=108544 SPS=81 m_ev=0.991 m_v_bias=-0.9 m_kl_max=0.0144 mpc_ms=7.0/44 cand=0.000 w_ax@goal=-0.00 return=1010.3 length=80 success_rate=1.00 collisions/ep=0.00 (n=24)
update=54 global_step=110592 SPS=81 m_ev=0.996 m_v_bias=-2.2 m_kl_max=0.0051 mpc_ms=7.2/49 cand=0.000 w_ax@goal=-0.02 return=1011.6 length=82 success_rate=1.00 collisions/ep=0.00 (n=25)
update=55 global_step=112640 SPS=82 m_ev=0.993 m_v_bias=1.1 m_kl_max=0.0110 mpc_ms=7.1/54 cand=0.000 w_ax@goal=+0.03 return=1010.8 length=80 success_rate=1.00 collisions/ep=0.00 (n=24)
Evaluation at update 55: return=1013.26, length=79.75, success_rate=1.00, collisions/ep=0.00
Solved-check at update 55: solved=True worst_gap=0.37 at p_x0=0.00 p_y0=-1.00 (consecutive=5)
update=56 global_step=114688 SPS=81 m_ev=0.992 m_v_bias=-0.3 m_kl_max=0.0056 mpc_ms=7.0/32 cand=0.000 w_ax@goal=+0.03 return=1010.7 length=81 success_rate=1.00 collisions/ep=0.00 (n=28)
update=57 global_step=116736 SPS=81 m_ev=0.990 m_v_bias=1.0 m_kl_max=0.0104 mpc_ms=7.1/42 cand=0.000 w_ax@goal=+0.02 return=1010.6 length=80 success_rate=1.00 collisions/ep=0.00 (n=26)
update=58 global_step=118784 SPS=82 m_ev=0.991 m_v_bias=-0.7 m_kl_max=0.0209 mpc_ms=7.0/42 cand=0.000 w_ax@goal=-0.01 return=1011.5 length=82 success_rate=1.00 collisions/ep=0.00 (n=25)
update=59 global_step=120832 SPS=82 m_ev=0.991 m_v_bias=2.4 m_kl_max=0.0190 mpc_ms=6.8/46 cand=0.000 w_ax@goal=+0.00 return=1010.7 length=80 success_rate=1.00 collisions/ep=0.00 (n=25)
update=60 global_step=122880 SPS=83 m_ev=0.993 m_v_bias=-2.7 m_kl_max=0.0091 mpc_ms=7.4/41 cand=0.000 w_ax@goal=+0.01 return=1011.0 length=81 success_rate=1.00 collisions/ep=0.00 (n=25)
Evaluation at update 60: return=1013.38, length=79.75, success_rate=1.00, collisions/ep=0.00
Solved-check at update 60: solved=True worst_gap=0.26 at p_x0=0.00 p_y0=-1.00 (consecutive=6)
update=61 global_step=124928 SPS=82 m_ev=0.997 m_v_bias=-1.6 m_kl_max=0.0171 mpc_ms=7.2/50 cand=0.000 w_ax@goal=-0.04 return=1011.4 length=77 success_rate=1.00 collisions/ep=0.00 (n=26)
update=62 global_step=126976 SPS=82 m_ev=0.985 m_v_bias=2.7 m_kl_max=0.0206 mpc_ms=7.0/44 cand=0.000 w_ax@goal=-0.00 return=1012.5 length=81 success_rate=1.00 collisions/ep=0.00 (n=25)
update=63 global_step=129024 SPS=83 m_ev=0.995 m_v_bias=-1.4 m_kl_max=0.0089 mpc_ms=7.2/47 cand=0.000 w_ax@goal=-0.02 return=1010.5 length=82 success_rate=1.00 collisions/ep=0.00 (n=26)
update=64 global_step=131072 SPS=83 m_ev=0.990 m_v_bias=1.9 m_kl_max=0.0143 mpc_ms=7.1/47 cand=0.000 w_ax@goal=+0.00 return=1011.1 length=81 success_rate=1.00 collisions/ep=0.00 (n=25)
update=65 global_step=133120 SPS=84 m_ev=0.994 m_v_bias=-2.4 m_kl_max=0.0113 mpc_ms=6.9/25 cand=0.000 w_ax@goal=-0.02 return=1011.1 length=79 success_rate=1.00 collisions/ep=0.00 (n=26)
Evaluation at update 65: return=1013.43, length=79.70, success_rate=1.00, collisions/ep=0.00
Solved-check at update 65: solved=True worst_gap=0.17 at p_x0=0.00 p_y0=-1.00 (consecutive=7)
update=66 global_step=135168 SPS=83 m_ev=0.997 m_v_bias=-2.0 m_kl_max=0.0054 mpc_ms=7.0/37 cand=0.000 w_ax@goal=-0.04 return=1011.6 length=79 success_rate=1.00 collisions/ep=0.00 (n=24)
update=67 global_step=137216 SPS=83 m_ev=0.998 m_v_bias=0.1 m_kl_max=0.0053 mpc_ms=6.9/50 cand=0.000 w_ax@goal=-0.00 return=1012.4 length=79 success_rate=1.00 collisions/ep=0.00 (n=28)
update=68 global_step=139264 SPS=84 m_ev=0.992 m_v_bias=0.8 m_kl_max=0.0114 mpc_ms=6.8/55 cand=0.000 w_ax@goal=-0.01 return=1011.9 length=81 success_rate=1.00 collisions/ep=0.00 (n=25)
update=69 global_step=141312 SPS=84 m_ev=0.997 m_v_bias=0.0 m_kl_max=0.0110 mpc_ms=7.0/42 cand=0.000 w_ax@goal=-0.00 return=1012.5 length=81 success_rate=1.00 collisions/ep=0.00 (n=26)
update=70 global_step=143360 SPS=85 m_ev=0.994 m_v_bias=1.2 m_kl_max=0.0099 mpc_ms=7.3/45 cand=0.000 w_ax@goal=+0.00 return=1011.1 length=78 success_rate=1.00 collisions/ep=0.00 (n=25)
Evaluation at update 70: return=1013.47, length=79.65, success_rate=1.00, collisions/ep=0.00
Solved-check at update 70: solved=True worst_gap=0.13 at p_x0=0.00 p_y0=-1.00 (consecutive=8)
update=71 global_step=145408 SPS=84 m_ev=0.994 m_v_bias=-2.1 m_kl_max=0.0029 mpc_ms=6.9/40 cand=0.000 w_ax@goal=-0.01 return=1011.2 length=80 success_rate=1.00 collisions/ep=0.00 (n=25)
update=72 global_step=147456 SPS=84 m_ev=0.997 m_v_bias=-1.8 m_kl_max=0.0088 mpc_ms=6.9/34 cand=0.000 w_ax@goal=-0.02 return=1012.6 length=81 success_rate=1.00 collisions/ep=0.00 (n=25)
update=73 global_step=149504 SPS=85 m_ev=0.996 m_v_bias=0.0 m_kl_max=0.0083 mpc_ms=7.0/38 cand=0.000 w_ax@goal=-0.02 return=1012.6 length=80 success_rate=1.00 collisions/ep=0.00 (n=28)
update=74 global_step=151552 SPS=85 m_ev=0.996 m_v_bias=-0.3 m_kl_max=0.0179 mpc_ms=6.9/40 cand=0.000 w_ax@goal=-0.03 return=1011.6 length=80 success_rate=1.00 collisions/ep=0.00 (n=25)
update=75 global_step=153600 SPS=86 m_ev=0.999 m_v_bias=-2.0 m_kl_max=0.0031 mpc_ms=7.1/32 cand=0.000 w_ax@goal=+0.01 return=1012.3 length=80 success_rate=1.00 collisions/ep=0.00 (n=25)
Evaluation at update 75: return=1013.52, length=79.65, success_rate=1.00, collisions/ep=0.00
Solved-check at update 75: solved=True worst_gap=0.07 at p_x0=0.00 p_y0=-1.00 (consecutive=9)
update=76 global_step=155648 SPS=85 m_ev=0.999 m_v_bias=-0.1 m_kl_max=0.0293 mpc_ms=7.2/53 cand=0.000 w_ax@goal=-0.00 return=1013.0 length=79 success_rate=1.00 collisions/ep=0.00 (n=25)
update=77 global_step=157696 SPS=85 m_ev=0.999 m_v_bias=0.1 m_kl_max=0.0211 mpc_ms=7.1/39 cand=0.000 w_ax@goal=-0.00 return=1012.6 length=80 success_rate=1.00 collisions/ep=0.00 (n=26)
update=78 global_step=159744 SPS=86 m_ev=0.996 m_v_bias=0.7 m_kl_max=0.0202 mpc_ms=7.3/44 cand=0.000 w_ax@goal=-0.01 return=1012.3 length=79 success_rate=1.00 collisions/ep=0.00 (n=26)
update=79 global_step=161792 SPS=86 m_ev=0.998 m_v_bias=-1.1 m_kl_max=0.0096 mpc_ms=7.1/41 cand=0.000 w_ax@goal=+0.03 return=1013.1 length=80 success_rate=1.00 collisions/ep=0.00 (n=26)
update=80 global_step=163840 SPS=86 m_ev=0.998 m_v_bias=-0.1 m_kl_max=0.0096 mpc_ms=7.4/53 cand=0.000 w_ax@goal=+0.01 return=1012.4 length=79 success_rate=1.00 collisions/ep=0.00 (n=26)
Evaluation at update 80: return=1013.56, length=79.65, success_rate=1.00, collisions/ep=0.00
Solved-check at update 80: solved=True worst_gap=0.03 at p_x0=0.00 p_y0=-1.00 (consecutive=10)
update=81 global_step=165888 SPS=85 m_ev=0.999 m_v_bias=0.3 m_kl_max=0.0062 mpc_ms=7.0/38 cand=0.000 w_ax@goal=+0.01 return=1012.5 length=79 success_rate=1.00 collisions/ep=0.00 (n=26)
update=82 global_step=167936 SPS=86 m_ev=0.999 m_v_bias=-1.3 m_kl_max=0.0052 mpc_ms=7.0/44 cand=0.000 w_ax@goal=-0.01 return=1012.9 length=79 success_rate=1.00 collisions/ep=0.00 (n=27)
update=83 global_step=169984 SPS=86 m_ev=0.994 m_v_bias=2.6 m_kl_max=0.0171 mpc_ms=7.3/77 cand=0.000 w_ax@goal=-0.02 return=1013.1 length=80 success_rate=1.00 collisions/ep=0.00 (n=25)
update=84 global_step=172032 SPS=86 m_ev=0.998 m_v_bias=-0.7 m_kl_max=0.0197 mpc_ms=7.1/39 cand=0.000 w_ax@goal=+0.00 return=1012.0 length=79 success_rate=1.00 collisions/ep=0.00 (n=26)
update=85 global_step=174080 SPS=87 m_ev=0.989 m_v_bias=1.5 m_kl_max=0.0378 mpc_ms=7.1/40 cand=0.000 w_ax@goal=-0.00 return=1012.3 length=79 success_rate=1.00 collisions/ep=0.00 (n=26)
Evaluation at update 85: return=1013.59, length=79.65, success_rate=1.00, collisions/ep=0.00
Solved-check at update 85: solved=True worst_gap=0.00 at p_x0=0.00 p_y0=-1.00 (consecutive=11)
update=86 global_step=176128 SPS=86 m_ev=0.996 m_v_bias=0.5 m_kl_max=0.0107 mpc_ms=7.4/37 cand=0.000 w_ax@goal=-0.01 return=1011.3 length=79 success_rate=1.00 collisions/ep=0.00 (n=26)
update=87 global_step=178176 SPS=86 m_ev=0.991 m_v_bias=-0.4 m_kl_max=0.0181 mpc_ms=7.3/51 cand=0.000 w_ax@goal=+0.01 return=1011.7 length=80 success_rate=1.00 collisions/ep=0.00 (n=26)
update=88 global_step=180224 SPS=87 m_ev=0.992 m_v_bias=-1.7 m_kl_max=0.0056 mpc_ms=7.0/37 cand=0.000 w_ax@goal=-0.00 return=1011.9 length=80 success_rate=1.00 collisions/ep=0.00 (n=24)
update=89 global_step=182272 SPS=87 m_ev=0.998 m_v_bias=-1.4 m_kl_max=0.0150 mpc_ms=7.0/52 cand=0.000 w_ax@goal=-0.00 return=1012.9 length=79 success_rate=1.00 collisions/ep=0.00 (n=25)
update=90 global_step=184320 SPS=87 m_ev=0.999 m_v_bias=1.6 m_kl_max=0.0081 mpc_ms=6.9/35 cand=0.000 w_ax@goal=-0.01 return=1012.5 length=77 success_rate=1.00 collisions/ep=0.00 (n=28)
Evaluation at update 90: return=1013.59, length=79.65, success_rate=1.00, collisions/ep=0.00
Solved-check at update 90: solved=True worst_gap=-0.01 at p_x0=0.00 p_y0=-1.00 (consecutive=12)
update=91 global_step=186368 SPS=87 m_ev=1.000 m_v_bias=-1.2 m_kl_max=0.0063 mpc_ms=6.4/49 cand=0.000 w_ax@goal=-0.01 return=1013.3 length=79 success_rate=1.00 collisions/ep=0.00 (n=26)
update=92 global_step=188416 SPS=87 m_ev=0.999 m_v_bias=2.3 m_kl_max=0.0082 mpc_ms=5.9/44 cand=0.000 w_ax@goal=+0.00 return=1013.0 length=81 success_rate=1.00 collisions/ep=0.00 (n=25)
update=93 global_step=190464 SPS=88 m_ev=0.999 m_v_bias=-0.6 m_kl_max=0.0067 mpc_ms=5.9/31 cand=0.000 w_ax@goal=+0.00 return=1013.0 length=80 success_rate=1.00 collisions/ep=0.00 (n=25)
update=94 global_step=192512 SPS=88 m_ev=0.999 m_v_bias=0.7 m_kl_max=0.0095 mpc_ms=5.8/28 cand=0.000 w_ax@goal=+0.00 return=1012.9 length=79 success_rate=1.00 collisions/ep=0.00 (n=26)
update=95 global_step=194560 SPS=88 m_ev=0.999 m_v_bias=-1.5 m_kl_max=0.0099 mpc_ms=6.0/40 cand=0.000 w_ax@goal=+0.01 return=1012.8 length=78 success_rate=1.00 collisions/ep=0.00 (n=28)
Evaluation at update 95: return=1013.62, length=79.55, success_rate=1.00, collisions/ep=0.00
Solved-check at update 95: solved=True worst_gap=-0.06 at p_x0=0.00 p_y0=-1.00 (consecutive=13)
update=96 global_step=196608 SPS=88 m_ev=1.000 m_v_bias=-0.4 m_kl_max=0.0125 mpc_ms=5.6/42 cand=0.000 w_ax@goal=-0.01 return=1012.9 length=78 success_rate=1.00 collisions/ep=0.00 (n=25)
update=97 global_step=198656 SPS=88 m_ev=0.997 m_v_bias=0.8 m_kl_max=0.0241 mpc_ms=5.8/53 cand=0.000 w_ax@goal=+0.00 return=1013.0 length=78 success_rate=1.00 collisions/ep=0.00 (n=26)
update=98 global_step=200704 SPS=89 m_ev=0.999 m_v_bias=-0.6 m_kl_max=0.0109 mpc_ms=5.2/38 cand=0.000 w_ax@goal=+0.00 return=1012.3 length=78 success_rate=1.00 collisions/ep=0.00 (n=27)
update=99 global_step=202752 SPS=89 m_ev=0.998 m_v_bias=0.9 m_kl_max=0.0164 mpc_ms=5.4/30 cand=0.000 w_ax@goal=+0.01 return=1012.5 length=78 success_rate=1.00 collisions/ep=0.00 (n=25)
update=100 global_step=204800 SPS=90 m_ev=0.999 m_v_bias=-0.5 m_kl_max=0.0257 mpc_ms=5.4/34 cand=0.000 w_ax@goal=-0.00 return=1012.4 length=78 success_rate=1.00 collisions/ep=0.00 (n=28)
Evaluation at update 100: return=1013.64, length=79.50, success_rate=1.00, collisions/ep=0.00
Solved-check at update 100: solved=True worst_gap=-0.09 at p_x0=0.00 p_y0=-1.00 (consecutive=14)
Saved checkpoints to C:\Users\loren\Desktop\MASTER THESIS\5_CODE\scenarios\slalom\studies\init_sampler\ppo_mpc_uniform\runs\ppo_mpc_slalom_18_1791041944
