Using device: cpu
Solved-check: precomputed optimal returns for 25 fixed initial conditions (mean=1013.0, min=1011.0, max=1015.0); solved-tolerance=5.0
Goal box: +-1.800 m (1.5x segment-reachable; segment-reachable displacement = 1.200 m)
tube MPC: W half-widths [0. 0. 0. 0.], RPI s=0 alpha=0; Z half-widths (p_x, p_y, v_x, v_y) = [0. 0. 0. 0.]
  X0 (-) Z: p_x [-1.000, 11.000], p_y [-1.999, 1.999], |v| <= 1.200; V = U (-) KZ: |u| <= 2.500; K = [-7.613 -4.585] per axis
  4 obstacles, 132 binaries before fixing, max big-M 9.00; horizon N=10, stopping time 5 steps
num_envs=8 num_steps_per_env=256 batch_size=2048 num_updates=100 timesteps=204800
update=1 global_step=2048 SPS=131 m_ev=0.001 m_v_bias=42.2 m_kl_max=0.0021 mpc_ms=7.2/43 cand=0.000 return=-193.2 length=200 success_rate=0.00 collisions/ep=0.00 (n=8)
update=2 global_step=4096 SPS=133 m_ev=-0.784 m_v_bias=23.1 m_kl_max=0.0110 mpc_ms=7.1/31 cand=0.000 return=-186.8 length=200 success_rate=0.00 collisions/ep=0.00 (n=8)
update=3 global_step=6144 SPS=131 m_ev=-0.130 m_v_bias=10.1 m_kl_max=0.0309 mpc_ms=7.4/44 cand=0.000 return=-173.0 length=200 success_rate=0.00 collisions/ep=0.00 (n=8)
update=4 global_step=8192 SPS=132 m_ev=-0.092 m_v_bias=7.5 m_kl_max=0.0589 mpc_ms=7.0/43 cand=0.000 return=-184.0 length=200 success_rate=0.00 collisions/ep=0.00 (n=16)
update=5 global_step=10240 SPS=128 m_ev=0.043 m_v_bias=0.2 m_kl_max=0.0357 mpc_ms=8.3/53 cand=0.000 w_ax@goal=-2.50 return=-154.8 length=200 success_rate=0.00 collisions/ep=0.00 (n=8)
Evaluation at update 5: return=-138.64, length=200.00, success_rate=0.00, collisions/ep=0.00
Solved-check at update 5: solved=False worst_gap=1162.99 at p_x0=2.00 p_y0=-1.00 (consecutive=0)
update=6 global_step=12288 SPS=68 m_ev=0.644 m_v_bias=1.1 m_kl_max=0.0489 mpc_ms=7.3/45 cand=0.000 return=-146.4 length=200 success_rate=0.00 collisions/ep=0.00 (n=8)
update=7 global_step=14336 SPS=73 m_ev=0.782 m_v_bias=-0.1 m_kl_max=0.0379 mpc_ms=7.7/55 cand=0.000 return=-142.1 length=200 success_rate=0.00 collisions/ep=0.00 (n=8)
update=8 global_step=16384 SPS=77 m_ev=-0.039 m_v_bias=-33.5 m_kl_max=0.0222 mpc_ms=8.2/56 cand=0.000 w_ax@goal=-0.66 return=-70.3 length=196 success_rate=0.06 collisions/ep=0.00 (n=16)
update=9 global_step=18432 SPS=80 m_ev=0.018 m_v_bias=-19.1 m_kl_max=0.0190 mpc_ms=7.3/48 cand=0.000 w_ax@goal=-1.00 return=1.4 length=188 success_rate=0.12 collisions/ep=0.00 (n=8)
update=10 global_step=20480 SPS=83 m_ev=0.093 m_v_bias=-45.1 m_kl_max=0.0138 mpc_ms=8.0/49 cand=0.000 w_ax@goal=-0.31 return=52.1 length=196 success_rate=0.18 collisions/ep=0.00 (n=11)
Evaluation at update 10: return=-138.64, length=200.00, success_rate=0.00, collisions/ep=0.00
Solved-check at update 10: solved=False worst_gap=1161.02 at p_x0=2.00 p_y0=-0.50 (consecutive=0)
update=11 global_step=22528 SPS=68 m_ev=0.164 m_v_bias=-50.1 m_kl_max=0.0022 mpc_ms=6.6/45 cand=0.000 w_ax@goal=-0.44 return=21.3 length=198 success_rate=0.15 collisions/ep=0.00 (n=13)
update=12 global_step=24576 SPS=72 m_ev=0.208 m_v_bias=-33.0 m_kl_max=0.0122 mpc_ms=4.7/61 cand=0.000 w_ax@goal=-0.75 return=129.7 length=186 success_rate=0.25 collisions/ep=0.00 (n=8)
update=13 global_step=26624 SPS=74 m_ev=0.236 m_v_bias=-8.6 m_kl_max=0.0383 mpc_ms=8.0/60 cand=0.000 w_ax@goal=-0.65 return=59.2 length=191 success_rate=0.18 collisions/ep=0.00 (n=11)
update=14 global_step=28672 SPS=76 m_ev=0.341 m_v_bias=-102.4 m_kl_max=0.0273 mpc_ms=7.7/55 cand=0.000 w_ax@goal=-0.42 return=444.2 length=177 success_rate=0.54 collisions/ep=0.00 (n=13)
update=15 global_step=30720 SPS=78 m_ev=0.534 m_v_bias=-32.5 m_kl_max=0.0097 mpc_ms=7.6/49 cand=0.000 w_ax@goal=-0.32 return=386.1 length=187 success_rate=0.50 collisions/ep=0.00 (n=10)
Evaluation at update 15: return=5.05, length=185.50, success_rate=0.15, collisions/ep=0.00
Solved-check at update 15: solved=False worst_gap=1191.02 at p_x0=2.00 p_y0=-0.50 (consecutive=0)
update=16 global_step=32768 SPS=70 m_ev=0.681 m_v_bias=-36.2 m_kl_max=0.0231 mpc_ms=7.3/47 cand=0.000 w_ax@goal=-0.19 return=519.5 length=168 success_rate=0.62 collisions/ep=0.00 (n=13)
update=17 global_step=34816 SPS=72 m_ev=0.464 m_v_bias=4.7 m_kl_max=0.0082 mpc_ms=7.9/43 cand=0.000 w_ax@goal=-0.44 return=70.9 length=194 success_rate=0.20 collisions/ep=0.00 (n=10)
update=18 global_step=36864 SPS=74 m_ev=0.704 m_v_bias=-53.2 m_kl_max=0.0107 mpc_ms=7.6/47 cand=0.000 w_ax@goal=-0.06 return=510.4 length=163 success_rate=0.60 collisions/ep=0.00 (n=15)
update=19 global_step=38912 SPS=75 m_ev=0.787 m_v_bias=-28.6 m_kl_max=0.0118 mpc_ms=7.6/43 cand=0.000 w_ax@goal=-0.05 return=566.7 length=145 success_rate=0.64 collisions/ep=0.00 (n=11)
update=20 global_step=40960 SPS=77 m_ev=0.799 m_v_bias=-48.3 m_kl_max=0.0118 mpc_ms=8.0/57 cand=0.000 w_ax@goal=-0.01 return=617.1 length=155 success_rate=0.69 collisions/ep=0.00 (n=13)
Evaluation at update 20: return=183.70, length=166.05, success_rate=0.30, collisions/ep=0.00
Solved-check at update 20: solved=False worst_gap=1191.02 at p_x0=2.00 p_y0=-1.00 (consecutive=0)
update=21 global_step=43008 SPS=71 m_ev=0.811 m_v_bias=-49.1 m_kl_max=0.0038 mpc_ms=7.9/61 cand=0.000 w_ax@goal=-0.10 return=892.2 length=138 success_rate=0.94 collisions/ep=0.00 (n=16)
update=22 global_step=45056 SPS=72 m_ev=0.770 m_v_bias=13.7 m_kl_max=0.0069 mpc_ms=8.1/46 cand=0.000 w_ax@goal=-0.29 return=648.8 length=147 success_rate=0.71 collisions/ep=0.00 (n=14)
update=23 global_step=47104 SPS=74 m_ev=0.828 m_v_bias=0.5 m_kl_max=0.0204 mpc_ms=7.9/48 cand=0.000 w_ax@goal=-0.03 return=758.3 length=134 success_rate=0.81 collisions/ep=0.00 (n=16)
update=24 global_step=49152 SPS=75 m_ev=0.739 m_v_bias=-30.9 m_kl_max=0.0168 mpc_ms=8.0/51 cand=0.000 w_ax@goal=-0.01 return=698.5 length=157 success_rate=0.77 collisions/ep=0.00 (n=13)
update=25 global_step=51200 SPS=76 m_ev=0.865 m_v_bias=-41.8 m_kl_max=0.0069 mpc_ms=8.1/45 cand=0.000 w_ax@goal=-0.12 return=982.4 length=110 success_rate=1.00 collisions/ep=0.00 (n=21)
Evaluation at update 25: return=1007.49, length=85.40, success_rate=1.00, collisions/ep=0.00
Solved-check at update 25: solved=False worst_gap=8.56 at p_x0=2.00 p_y0=-1.00 (consecutive=0)
update=26 global_step=53248 SPS=74 m_ev=0.805 m_v_bias=4.0 m_kl_max=0.0093 mpc_ms=8.0/49 cand=0.000 w_ax@goal=-0.12 return=983.4 length=106 success_rate=1.00 collisions/ep=0.00 (n=18)
update=27 global_step=55296 SPS=75 m_ev=0.754 m_v_bias=12.0 m_kl_max=0.0198 mpc_ms=8.0/47 cand=0.000 w_ax@goal=-0.10 return=857.8 length=121 success_rate=0.89 collisions/ep=0.00 (n=18)
update=28 global_step=57344 SPS=76 m_ev=0.918 m_v_bias=-33.6 m_kl_max=0.0123 mpc_ms=7.6/46 cand=0.000 w_ax@goal=+0.13 return=993.4 length=97 success_rate=1.00 collisions/ep=0.00 (n=21)
update=29 global_step=59392 SPS=77 m_ev=0.839 m_v_bias=-20.1 m_kl_max=0.0122 mpc_ms=7.6/46 cand=0.000 w_ax@goal=+0.06 return=995.9 length=97 success_rate=1.00 collisions/ep=0.00 (n=19)
update=30 global_step=61440 SPS=78 m_ev=0.938 m_v_bias=-10.3 m_kl_max=0.0083 mpc_ms=7.9/45 cand=0.000 w_ax@goal=+0.03 return=996.1 length=95 success_rate=1.00 collisions/ep=0.00 (n=23)
Evaluation at update 30: return=1010.21, length=82.65, success_rate=1.00, collisions/ep=0.00
Solved-check at update 30: solved=True worst_gap=3.95 at p_x0=0.00 p_y0=-1.00 (consecutive=0)
update=31 global_step=63488 SPS=76 m_ev=0.943 m_v_bias=5.5 m_kl_max=0.0139 mpc_ms=7.4/54 cand=0.000 w_ax@goal=+0.03 return=1000.5 length=92 success_rate=1.00 collisions/ep=0.00 (n=23)
update=32 global_step=65536 SPS=77 m_ev=0.945 m_v_bias=-0.5 m_kl_max=0.0080 mpc_ms=7.8/48 cand=0.000 w_ax@goal=+0.09 return=997.2 length=94 success_rate=1.00 collisions/ep=0.00 (n=21)
update=33 global_step=67584 SPS=78 m_ev=0.940 m_v_bias=-8.7 m_kl_max=0.0090 mpc_ms=7.6/37 cand=0.000 w_ax@goal=+0.02 return=998.5 length=93 success_rate=1.00 collisions/ep=0.00 (n=23)
update=34 global_step=69632 SPS=79 m_ev=0.953 m_v_bias=-4.0 m_kl_max=0.0068 mpc_ms=7.8/42 cand=0.000 w_ax@goal=+0.03 return=1000.6 length=90 success_rate=1.00 collisions/ep=0.00 (n=22)
update=35 global_step=71680 SPS=79 m_ev=0.969 m_v_bias=-8.2 m_kl_max=0.0199 mpc_ms=7.3/44 cand=0.000 w_ax@goal=-0.02 return=1004.1 length=88 success_rate=1.00 collisions/ep=0.00 (n=24)
Evaluation at update 35: return=1011.73, length=81.25, success_rate=1.00, collisions/ep=0.00
Solved-check at update 35: solved=True worst_gap=1.98 at p_x0=0.00 p_y0=-1.00 (consecutive=1)
Solved criterion held for 2 consecutive evals (tolerance=5.0) at global_step=71680.
update=36 global_step=73728 SPS=78 m_ev=0.950 m_v_bias=8.0 m_kl_max=0.0124 mpc_ms=7.8/48 cand=0.000 w_ax@goal=-0.01 return=1003.5 length=87 success_rate=1.00 collisions/ep=0.00 (n=23)
update=37 global_step=75776 SPS=79 m_ev=0.966 m_v_bias=-5.1 m_kl_max=0.0142 mpc_ms=7.8/58 cand=0.000 w_ax@goal=+0.04 return=1001.9 length=88 success_rate=1.00 collisions/ep=0.00 (n=24)
update=38 global_step=77824 SPS=79 m_ev=0.974 m_v_bias=-6.3 m_kl_max=0.0088 mpc_ms=8.2/45 cand=0.000 w_ax@goal=+0.05 return=1006.5 length=83 success_rate=1.00 collisions/ep=0.00 (n=25)
update=39 global_step=79872 SPS=80 m_ev=0.974 m_v_bias=1.2 m_kl_max=0.0149 mpc_ms=7.4/61 cand=0.000 w_ax@goal=+0.00 return=1006.3 length=86 success_rate=1.00 collisions/ep=0.00 (n=23)
update=40 global_step=81920 SPS=81 m_ev=0.969 m_v_bias=2.8 m_kl_max=0.0114 mpc_ms=7.5/72 cand=0.000 w_ax@goal=+0.01 return=1004.0 length=88 success_rate=1.00 collisions/ep=0.00 (n=24)
Evaluation at update 40: return=1012.40, length=80.55, success_rate=1.00, collisions/ep=0.00
Solved-check at update 40: solved=True worst_gap=1.26 at p_x0=0.00 p_y0=-1.00 (consecutive=2)
update=41 global_step=83968 SPS=79 m_ev=0.988 m_v_bias=-11.9 m_kl_max=0.0084 mpc_ms=7.1/44 cand=0.000 w_ax@goal=-0.02 return=1009.2 length=83 success_rate=1.00 collisions/ep=0.00 (n=24)
update=42 global_step=86016 SPS=80 m_ev=0.969 m_v_bias=6.0 m_kl_max=0.0114 mpc_ms=7.5/47 cand=0.000 w_ax@goal=-0.04 return=1006.4 length=88 success_rate=1.00 collisions/ep=0.00 (n=23)
update=43 global_step=88064 SPS=81 m_ev=0.979 m_v_bias=-8.0 m_kl_max=0.0099 mpc_ms=7.1/43 cand=0.000 w_ax@goal=+0.04 return=1008.7 length=82 success_rate=1.00 collisions/ep=0.00 (n=24)
update=44 global_step=90112 SPS=82 m_ev=0.957 m_v_bias=3.3 m_kl_max=0.0329 mpc_ms=7.0/48 cand=0.000 w_ax@goal=-0.03 return=1006.5 length=86 success_rate=1.00 collisions/ep=0.00 (n=24)
update=45 global_step=92160 SPS=82 m_ev=0.988 m_v_bias=-12.4 m_kl_max=0.0341 mpc_ms=7.7/60 cand=0.000 w_ax@goal=-0.01 return=1008.6 length=83 success_rate=1.00 collisions/ep=0.00 (n=26)
Evaluation at update 45: return=1012.68, length=80.20, success_rate=1.00, collisions/ep=0.00
Solved-check at update 45: solved=True worst_gap=0.87 at p_x0=0.00 p_y0=-1.00 (consecutive=3)
update=46 global_step=94208 SPS=81 m_ev=0.978 m_v_bias=6.9 m_kl_max=0.0178 mpc_ms=7.3/65 cand=0.000 w_ax@goal=+0.02 return=1008.7 length=82 success_rate=1.00 collisions/ep=0.00 (n=24)
update=47 global_step=96256 SPS=82 m_ev=0.971 m_v_bias=5.6 m_kl_max=0.0290 mpc_ms=7.4/53 cand=0.000 w_ax@goal=-0.01 return=1008.2 length=83 success_rate=1.00 collisions/ep=0.00 (n=25)
update=48 global_step=98304 SPS=82 m_ev=0.984 m_v_bias=-4.8 m_kl_max=0.0186 mpc_ms=7.4/43 cand=0.000 w_ax@goal=+0.06 return=1009.0 length=84 success_rate=1.00 collisions/ep=0.00 (n=25)
update=49 global_step=100352 SPS=83 m_ev=0.976 m_v_bias=0.2 m_kl_max=0.0195 mpc_ms=7.3/48 cand=0.000 w_ax@goal=-0.03 return=1007.6 length=83 success_rate=1.00 collisions/ep=0.00 (n=26)
update=50 global_step=102400 SPS=83 m_ev=0.981 m_v_bias=-2.1 m_kl_max=0.0063 mpc_ms=7.0/45 cand=0.000 w_ax@goal=-0.02 return=1009.5 length=83 success_rate=1.00 collisions/ep=0.00 (n=22)
Evaluation at update 50: return=1012.90, length=80.15, success_rate=1.00, collisions/ep=0.00
Solved-check at update 50: solved=True worst_gap=0.83 at p_x0=0.00 p_y0=-1.00 (consecutive=4)
update=51 global_step=104448 SPS=82 m_ev=0.971 m_v_bias=-0.4 m_kl_max=0.0118 mpc_ms=7.1/41 cand=0.000 w_ax@goal=+0.01 return=1009.3 length=83 success_rate=1.00 collisions/ep=0.00 (n=25)
update=52 global_step=106496 SPS=83 m_ev=0.993 m_v_bias=-9.0 m_kl_max=0.0038 mpc_ms=7.6/37 cand=0.000 w_ax@goal=+0.01 return=1010.4 length=80 success_rate=1.00 collisions/ep=0.00 (n=27)
update=53 global_step=108544 SPS=83 m_ev=0.992 m_v_bias=2.1 m_kl_max=0.0082 mpc_ms=6.9/35 cand=0.000 w_ax@goal=-0.05 return=1010.3 length=81 success_rate=1.00 collisions/ep=0.00 (n=25)
update=54 global_step=110592 SPS=84 m_ev=0.993 m_v_bias=-3.8 m_kl_max=0.0213 mpc_ms=7.2/41 cand=0.000 w_ax@goal=+0.03 return=1010.6 length=79 success_rate=1.00 collisions/ep=0.00 (n=25)
update=55 global_step=112640 SPS=84 m_ev=0.996 m_v_bias=-3.2 m_kl_max=0.0173 mpc_ms=7.3/34 cand=0.000 w_ax@goal=+0.03 return=1011.0 length=80 success_rate=1.00 collisions/ep=0.00 (n=26)
Evaluation at update 55: return=1013.04, length=79.80, success_rate=1.00, collisions/ep=0.00
Solved-check at update 55: solved=True worst_gap=0.62 at p_x0=0.00 p_y0=-1.00 (consecutive=5)
update=56 global_step=114688 SPS=83 m_ev=0.996 m_v_bias=1.2 m_kl_max=0.0202 mpc_ms=7.1/33 cand=0.000 w_ax@goal=+0.05 return=1011.6 length=81 success_rate=1.00 collisions/ep=0.00 (n=27)
update=57 global_step=116736 SPS=84 m_ev=0.985 m_v_bias=2.9 m_kl_max=0.0297 mpc_ms=7.1/50 cand=0.000 w_ax@goal=-0.01 return=1009.7 length=83 success_rate=1.00 collisions/ep=0.00 (n=23)
update=58 global_step=118784 SPS=84 m_ev=0.991 m_v_bias=-0.9 m_kl_max=0.0141 mpc_ms=6.9/36 cand=0.000 w_ax@goal=+0.03 return=1011.4 length=82 success_rate=1.00 collisions/ep=0.00 (n=26)
update=59 global_step=120832 SPS=85 m_ev=0.994 m_v_bias=-0.0 m_kl_max=0.0211 mpc_ms=7.0/36 cand=0.000 w_ax@goal=+0.01 return=1011.0 length=81 success_rate=1.00 collisions/ep=0.00 (n=26)
update=60 global_step=122880 SPS=85 m_ev=0.994 m_v_bias=-1.7 m_kl_max=0.0105 mpc_ms=6.9/34 cand=0.000 w_ax@goal=+0.01 return=1011.3 length=80 success_rate=1.00 collisions/ep=0.00 (n=25)
Evaluation at update 60: return=1013.23, length=79.65, success_rate=1.00, collisions/ep=0.00
Solved-check at update 60: solved=True worst_gap=0.39 at p_x0=0.00 p_y0=-1.00 (consecutive=6)
update=61 global_step=124928 SPS=84 m_ev=0.997 m_v_bias=-1.3 m_kl_max=0.0358 mpc_ms=7.1/43 cand=0.000 w_ax@goal=+0.03 return=1011.6 length=80 success_rate=1.00 collisions/ep=0.00 (n=24)
update=62 global_step=126976 SPS=85 m_ev=0.998 m_v_bias=-0.6 m_kl_max=0.0117 mpc_ms=6.9/46 cand=0.000 w_ax@goal=+0.01 return=1011.7 length=79 success_rate=1.00 collisions/ep=0.00 (n=26)
update=63 global_step=129024 SPS=85 m_ev=0.995 m_v_bias=1.3 m_kl_max=0.0147 mpc_ms=6.9/62 cand=0.000 w_ax@goal=-0.00 return=1012.1 length=80 success_rate=1.00 collisions/ep=0.00 (n=26)
update=64 global_step=131072 SPS=86 m_ev=0.997 m_v_bias=-0.1 m_kl_max=0.0067 mpc_ms=6.9/46 cand=0.000 w_ax@goal=+0.02 return=1011.5 length=79 success_rate=1.00 collisions/ep=0.00 (n=26)
update=65 global_step=133120 SPS=86 m_ev=0.989 m_v_bias=3.3 m_kl_max=0.0132 mpc_ms=7.2/42 cand=0.000 w_ax@goal=+0.00 return=1011.1 length=81 success_rate=1.00 collisions/ep=0.00 (n=26)
Evaluation at update 65: return=1013.37, length=79.60, success_rate=1.00, collisions/ep=0.00
Solved-check at update 65: solved=True worst_gap=0.23 at p_x0=0.00 p_y0=-1.00 (consecutive=7)
update=66 global_step=135168 SPS=85 m_ev=0.995 m_v_bias=-3.0 m_kl_max=0.0067 mpc_ms=6.9/33 cand=0.000 w_ax@goal=+0.01 return=1011.1 length=81 success_rate=1.00 collisions/ep=0.00 (n=26)
update=67 global_step=137216 SPS=86 m_ev=0.997 m_v_bias=-1.5 m_kl_max=0.0284 mpc_ms=7.1/45 cand=0.000 w_ax@goal=-0.00 return=1012.6 length=81 success_rate=1.00 collisions/ep=0.00 (n=25)
update=68 global_step=139264 SPS=86 m_ev=0.997 m_v_bias=0.2 m_kl_max=0.0162 mpc_ms=6.7/59 cand=0.000 w_ax@goal=+0.01 return=1012.2 length=80 success_rate=1.00 collisions/ep=0.00 (n=24)
update=69 global_step=141312 SPS=87 m_ev=0.996 m_v_bias=0.7 m_kl_max=0.0087 mpc_ms=6.9/38 cand=0.000 w_ax@goal=+0.02 return=1011.4 length=78 success_rate=1.00 collisions/ep=0.00 (n=27)
update=70 global_step=143360 SPS=87 m_ev=0.995 m_v_bias=-1.6 m_kl_max=0.0106 mpc_ms=7.5/46 cand=0.000 w_ax@goal=+0.05 return=1011.9 length=81 success_rate=1.00 collisions/ep=0.00 (n=26)
Evaluation at update 70: return=1013.42, length=79.60, success_rate=1.00, collisions/ep=0.00
Solved-check at update 70: solved=True worst_gap=0.18 at p_x0=0.00 p_y0=-1.00 (consecutive=8)
update=71 global_step=145408 SPS=86 m_ev=0.999 m_v_bias=-2.4 m_kl_max=0.0044 mpc_ms=7.4/38 cand=0.000 w_ax@goal=+0.01 return=1012.2 length=80 success_rate=1.00 collisions/ep=0.00 (n=26)
update=72 global_step=147456 SPS=87 m_ev=0.999 m_v_bias=0.7 m_kl_max=0.0369 mpc_ms=7.0/36 cand=0.000 w_ax@goal=-0.02 return=1012.5 length=79 success_rate=1.00 collisions/ep=0.00 (n=26)
update=73 global_step=149504 SPS=87 m_ev=0.992 m_v_bias=3.4 m_kl_max=0.0070 mpc_ms=7.4/49 cand=0.000 w_ax@goal=-0.01 return=1011.9 length=79 success_rate=1.00 collisions/ep=0.00 (n=25)
update=74 global_step=151552 SPS=87 m_ev=0.989 m_v_bias=-0.8 m_kl_max=0.0067 mpc_ms=7.0/44 cand=0.000 w_ax@goal=+0.01 return=1011.3 length=80 success_rate=1.00 collisions/ep=0.00 (n=26)
update=75 global_step=153600 SPS=88 m_ev=0.991 m_v_bias=2.6 m_kl_max=0.0063 mpc_ms=7.2/57 cand=0.000 w_ax@goal=+0.05 return=1010.2 length=82 success_rate=1.00 collisions/ep=0.00 (n=25)
Evaluation at update 75: return=1013.46, length=79.55, success_rate=1.00, collisions/ep=0.00
Solved-check at update 75: solved=True worst_gap=0.11 at p_x0=0.00 p_y0=-1.00 (consecutive=9)
update=76 global_step=155648 SPS=87 m_ev=0.999 m_v_bias=-4.6 m_kl_max=0.0027 mpc_ms=7.0/33 cand=0.000 w_ax@goal=-0.02 return=1012.7 length=78 success_rate=1.00 collisions/ep=0.00 (n=25)
update=77 global_step=157696 SPS=87 m_ev=0.995 m_v_bias=3.0 m_kl_max=0.0038 mpc_ms=7.0/40 cand=0.000 w_ax@goal=+0.03 return=1012.0 length=79 success_rate=1.00 collisions/ep=0.00 (n=28)
update=78 global_step=159744 SPS=88 m_ev=0.998 m_v_bias=-3.1 m_kl_max=0.0136 mpc_ms=6.9/37 cand=0.000 w_ax@goal=+0.02 return=1012.4 length=78 success_rate=1.00 collisions/ep=0.00 (n=25)
update=79 global_step=161792 SPS=88 m_ev=0.991 m_v_bias=-0.4 m_kl_max=0.0115 mpc_ms=7.2/36 cand=0.000 w_ax@goal=-0.01 return=1012.0 length=82 success_rate=1.00 collisions/ep=0.00 (n=25)
update=80 global_step=163840 SPS=88 m_ev=0.996 m_v_bias=0.6 m_kl_max=0.0090 mpc_ms=7.0/37 cand=0.000 w_ax@goal=-0.01 return=1012.5 length=79 success_rate=1.00 collisions/ep=0.00 (n=26)
Evaluation at update 80: return=1013.49, length=79.55, success_rate=1.00, collisions/ep=0.00
Solved-check at update 80: solved=True worst_gap=0.08 at p_x0=0.00 p_y0=-1.00 (consecutive=10)
update=81 global_step=165888 SPS=87 m_ev=0.999 m_v_bias=-0.9 m_kl_max=0.0110 mpc_ms=7.4/42 cand=0.000 w_ax@goal=+0.02 return=1012.5 length=80 success_rate=1.00 collisions/ep=0.00 (n=26)
update=82 global_step=167936 SPS=88 m_ev=0.992 m_v_bias=2.0 m_kl_max=0.0169 mpc_ms=7.2/40 cand=0.000 w_ax@goal=-0.02 return=1012.5 length=77 success_rate=1.00 collisions/ep=0.00 (n=26)
update=83 global_step=169984 SPS=88 m_ev=0.995 m_v_bias=0.6 m_kl_max=0.0069 mpc_ms=7.0/48 cand=0.000 w_ax@goal=-0.01 return=1010.9 length=79 success_rate=1.00 collisions/ep=0.00 (n=26)
update=84 global_step=172032 SPS=88 m_ev=0.981 m_v_bias=4.2 m_kl_max=0.0332 mpc_ms=7.1/44 cand=0.000 w_ax@goal=-0.02 return=1010.7 length=80 success_rate=1.00 collisions/ep=0.00 (n=26)
update=85 global_step=174080 SPS=89 m_ev=0.998 m_v_bias=-4.4 m_kl_max=0.0075 mpc_ms=6.8/30 cand=0.000 w_ax@goal=+0.01 return=1012.3 length=79 success_rate=1.00 collisions/ep=0.00 (n=27)
Evaluation at update 85: return=1013.51, length=79.55, success_rate=1.00, collisions/ep=0.00
Solved-check at update 85: solved=True worst_gap=0.05 at p_x0=0.00 p_y0=-1.00 (consecutive=11)
update=86 global_step=176128 SPS=88 m_ev=0.998 m_v_bias=-0.1 m_kl_max=0.0047 mpc_ms=7.4/46 cand=0.000 w_ax@goal=+0.04 return=1012.4 length=79 success_rate=1.00 collisions/ep=0.00 (n=25)
update=87 global_step=178176 SPS=88 m_ev=0.995 m_v_bias=-0.2 m_kl_max=0.0074 mpc_ms=7.0/39 cand=0.000 w_ax@goal=-0.03 return=1012.2 length=79 success_rate=1.00 collisions/ep=0.00 (n=25)
update=88 global_step=180224 SPS=89 m_ev=0.993 m_v_bias=1.1 m_kl_max=0.0070 mpc_ms=6.8/49 cand=0.000 w_ax@goal=+0.01 return=1011.9 length=80 success_rate=1.00 collisions/ep=0.00 (n=27)
update=89 global_step=182272 SPS=89 m_ev=0.998 m_v_bias=-0.6 m_kl_max=0.0062 mpc_ms=7.0/53 cand=0.000 w_ax@goal=+0.00 return=1012.4 length=78 success_rate=1.00 collisions/ep=0.00 (n=26)
update=90 global_step=184320 SPS=89 m_ev=0.999 m_v_bias=-1.9 m_kl_max=0.0095 mpc_ms=7.0/34 cand=0.000 w_ax@goal=+0.01 return=1013.1 length=80 success_rate=1.00 collisions/ep=0.00 (n=24)
Evaluation at update 90: return=1013.53, length=79.55, success_rate=1.00, collisions/ep=0.00
Solved-check at update 90: solved=True worst_gap=0.04 at p_x0=0.00 p_y0=-1.00 (consecutive=12)
update=91 global_step=186368 SPS=89 m_ev=0.998 m_v_bias=0.9 m_kl_max=0.0076 mpc_ms=7.2/37 cand=0.000 w_ax@goal=-0.01 return=1012.7 length=78 success_rate=1.00 collisions/ep=0.00 (n=27)
update=92 global_step=188416 SPS=89 m_ev=0.997 m_v_bias=-1.0 m_kl_max=0.0040 mpc_ms=7.1/32 cand=0.000 w_ax@goal=-0.01 return=1012.4 length=81 success_rate=1.00 collisions/ep=0.00 (n=26)
update=93 global_step=190464 SPS=89 m_ev=0.999 m_v_bias=-0.3 m_kl_max=0.0235 mpc_ms=7.4/43 cand=0.000 w_ax@goal=+0.00 return=1012.6 length=79 success_rate=1.00 collisions/ep=0.00 (n=26)
update=94 global_step=192512 SPS=89 m_ev=0.999 m_v_bias=-1.3 m_kl_max=0.0066 mpc_ms=6.9/31 cand=0.000 w_ax@goal=+0.04 return=1012.6 length=78 success_rate=1.00 collisions/ep=0.00 (n=26)
update=95 global_step=194560 SPS=90 m_ev=0.999 m_v_bias=-0.6 m_kl_max=0.0127 mpc_ms=7.4/40 cand=0.000 w_ax@goal=+0.01 return=1013.0 length=79 success_rate=1.00 collisions/ep=0.00 (n=25)
Evaluation at update 95: return=1013.57, length=79.50, success_rate=1.00, collisions/ep=0.00
Solved-check at update 95: solved=True worst_gap=-0.00 at p_x0=0.00 p_y0=-1.00 (consecutive=13)
update=96 global_step=196608 SPS=89 m_ev=1.000 m_v_bias=-0.2 m_kl_max=0.0063 mpc_ms=6.9/42 cand=0.000 w_ax@goal=-0.01 return=1013.2 length=79 success_rate=1.00 collisions/ep=0.00 (n=27)
update=97 global_step=198656 SPS=89 m_ev=0.999 m_v_bias=0.6 m_kl_max=0.0172 mpc_ms=6.7/37 cand=0.000 w_ax@goal=-0.01 return=1012.5 length=79 success_rate=1.00 collisions/ep=0.00 (n=27)
update=98 global_step=200704 SPS=90 m_ev=1.000 m_v_bias=-1.1 m_kl_max=0.0105 mpc_ms=6.3/41 cand=0.000 w_ax@goal=+0.01 return=1013.3 length=79 success_rate=1.00 collisions/ep=0.00 (n=25)
update=99 global_step=202752 SPS=90 m_ev=0.999 m_v_bias=1.1 m_kl_max=0.0182 mpc_ms=5.9/27 cand=0.000 w_ax@goal=-0.02 return=1012.9 length=80 success_rate=1.00 collisions/ep=0.00 (n=25)
update=100 global_step=204800 SPS=90 m_ev=0.997 m_v_bias=1.4 m_kl_max=0.0118 mpc_ms=6.1/37 cand=0.000 w_ax@goal=+0.01 return=1012.6 length=79 success_rate=1.00 collisions/ep=0.00 (n=26)
Evaluation at update 100: return=1013.60, length=79.45, success_rate=1.00, collisions/ep=0.00
Solved-check at update 100: solved=True worst_gap=-0.04 at p_x0=0.00 p_y0=-1.00 (consecutive=14)
Saved checkpoints to C:\Users\loren\Desktop\MASTER THESIS\5_CODE\scenarios\slalom\studies\init_sampler\ppo_mpc_uniform\runs\ppo_mpc_slalom_17_1791041868
