Using device: cpu
Solved-check: precomputed optimal returns for 25 fixed initial conditions (mean=1013.0, min=1011.0, max=1015.0); solved-tolerance=5.0
Goal box: +-1.800 m (1.5x segment-reachable; segment-reachable displacement = 1.200 m)
tube MPC: W half-widths [0. 0. 0. 0.], RPI s=0 alpha=0; Z half-widths (p_x, p_y, v_x, v_y) = [0. 0. 0. 0.]
  X0 (-) Z: p_x [-1.000, 11.000], p_y [-1.999, 1.999], |v| <= 1.200; V = U (-) KZ: |u| <= 2.500; K = [-7.613 -4.585] per axis
  4 obstacles, 132 binaries before fixing, max big-M 9.00; horizon N=10, stopping time 5 steps
num_envs=8 num_steps_per_env=256 batch_size=2048 num_updates=100 timesteps=204800
update=1 global_step=2048 SPS=119 m_ev=0.001 m_v_bias=37.8 m_kl_max=0.0046 mpc_ms=8.0/39 cand=0.000 return=-184.7 length=200 success_rate=0.00 collisions/ep=0.00 (n=8)
update=2 global_step=4096 SPS=121 m_ev=-0.617 m_v_bias=25.9 m_kl_max=0.0150 mpc_ms=7.6/45 cand=0.000 return=-199.4 length=200 success_rate=0.00 collisions/ep=0.00 (n=8)
update=3 global_step=6144 SPS=123 m_ev=-0.272 m_v_bias=13.8 m_kl_max=0.0250 mpc_ms=7.3/39 cand=0.000 return=-182.3 length=200 success_rate=0.00 collisions/ep=0.00 (n=8)
update=4 global_step=8192 SPS=131 m_ev=-0.140 m_v_bias=7.1 m_kl_max=0.0308 mpc_ms=5.9/49 cand=0.000 return=-175.3 length=200 success_rate=0.00 collisions/ep=0.00 (n=16)
update=5 global_step=10240 SPS=135 m_ev=0.036 m_v_bias=2.0 m_kl_max=0.0375 mpc_ms=6.1/60 cand=0.000 return=-163.2 length=200 success_rate=0.00 collisions/ep=0.00 (n=8)
Evaluation at update 5: return=-153.60, length=200.00, success_rate=0.00, collisions/ep=0.00
Solved-check at update 5: solved=False worst_gap=1191.02 at p_x0=2.00 p_y0=-1.00 (consecutive=0)
update=6 global_step=12288 SPS=70 m_ev=0.549 m_v_bias=2.9 m_kl_max=0.0417 mpc_ms=7.9/59 cand=0.000 return=-156.2 length=200 success_rate=0.00 collisions/ep=0.00 (n=8)
update=7 global_step=14336 SPS=75 m_ev=0.616 m_v_bias=0.4 m_kl_max=0.0368 mpc_ms=7.4/39 cand=0.000 w_ax@goal=-1.03 return=-155.6 length=200 success_rate=0.00 collisions/ep=0.00 (n=8)
update=8 global_step=16384 SPS=79 m_ev=0.781 m_v_bias=-0.5 m_kl_max=0.0317 mpc_ms=7.2/40 cand=0.000 w_ax@goal=-2.29 return=-150.2 length=200 success_rate=0.00 collisions/ep=0.00 (n=16)
update=9 global_step=18432 SPS=82 m_ev=0.841 m_v_bias=0.3 m_kl_max=0.0375 mpc_ms=7.9/58 cand=0.000 return=-144.6 length=200 success_rate=0.00 collisions/ep=0.00 (n=8)
update=10 global_step=20480 SPS=84 m_ev=0.922 m_v_bias=-1.1 m_kl_max=0.0145 mpc_ms=9.6/71 cand=0.000 w_ax@goal=-1.05 return=-137.8 length=200 success_rate=0.00 collisions/ep=0.00 (n=8)
Evaluation at update 10: return=-139.95, length=200.00, success_rate=0.00, collisions/ep=0.00
Solved-check at update 10: solved=False worst_gap=1161.02 at p_x0=2.00 p_y0=-0.50 (consecutive=0)
update=11 global_step=22528 SPS=73 m_ev=-0.033 m_v_bias=-67.3 m_kl_max=0.0129 mpc_ms=4.9/61 cand=0.000 w_ax@goal=-0.56 return=-2.8 length=191 success_rate=0.12 collisions/ep=0.00 (n=16)
update=12 global_step=24576 SPS=77 m_ev=-1.442 m_v_bias=9.1 m_kl_max=0.0114 mpc_ms=4.8/33 cand=0.000 w_ax@goal=-1.47 return=-134.7 length=200 success_rate=0.00 collisions/ep=0.00 (n=8)
update=13 global_step=26624 SPS=81 m_ev=0.035 m_v_bias=-44.4 m_kl_max=0.0117 mpc_ms=5.3/39 cand=0.000 w_ax@goal=-0.44 return=101.9 length=193 success_rate=0.22 collisions/ep=0.00 (n=9)
update=14 global_step=28672 SPS=83 m_ev=0.160 m_v_bias=-135.3 m_kl_max=0.0252 mpc_ms=7.0/40 cand=0.000 w_ax@goal=+0.04 return=390.6 length=183 success_rate=0.50 collisions/ep=0.00 (n=14)
update=15 global_step=30720 SPS=84 m_ev=0.393 m_v_bias=-50.4 m_kl_max=0.0200 mpc_ms=8.3/76 cand=0.000 w_ax@goal=+0.09 return=256.0 length=178 success_rate=0.36 collisions/ep=0.00 (n=11)
Evaluation at update 15: return=-139.95, length=200.00, success_rate=0.00, collisions/ep=0.00
Solved-check at update 15: solved=False worst_gap=1161.02 at p_x0=2.00 p_y0=-1.00 (consecutive=0)
update=16 global_step=32768 SPS=69 m_ev=0.519 m_v_bias=-80.2 m_kl_max=0.0141 mpc_ms=11.5/89 cand=0.000 w_ax@goal=-0.25 return=740.6 length=166 success_rate=0.82 collisions/ep=0.00 (n=11)
update=17 global_step=34816 SPS=71 m_ev=0.418 m_v_bias=-52.4 m_kl_max=0.0128 mpc_ms=9.9/80 cand=0.000 w_ax@goal=+0.07 return=312.2 length=175 success_rate=0.42 collisions/ep=0.00 (n=12)
update=18 global_step=36864 SPS=73 m_ev=0.645 m_v_bias=-7.8 m_kl_max=0.0100 mpc_ms=5.7/85 cand=0.000 w_ax@goal=-0.09 return=400.0 length=170 success_rate=0.50 collisions/ep=0.00 (n=14)
update=19 global_step=38912 SPS=72 m_ev=0.731 m_v_bias=-55.0 m_kl_max=0.0213 mpc_ms=13.8/96 cand=0.000 w_ax@goal=+0.11 return=873.6 length=130 success_rate=0.92 collisions/ep=0.00 (n=12)
update=20 global_step=40960 SPS=73 m_ev=0.698 m_v_bias=15.4 m_kl_max=0.0041 mpc_ms=10.5/83 cand=0.000 w_ax@goal=-0.10 return=446.0 length=163 success_rate=0.53 collisions/ep=0.00 (n=15)
Evaluation at update 20: return=587.12, length=132.85, success_rate=0.65, collisions/ep=0.00
Solved-check at update 20: solved=False worst_gap=1191.02 at p_x0=2.00 p_y0=-1.00 (consecutive=0)
update=21 global_step=43008 SPS=66 m_ev=0.690 m_v_bias=4.0 m_kl_max=0.0096 mpc_ms=8.9/65 cand=0.000 w_ax@goal=+0.01 return=360.0 length=171 success_rate=0.45 collisions/ep=0.00 (n=11)
update=22 global_step=45056 SPS=67 m_ev=0.813 m_v_bias=-48.5 m_kl_max=0.0076 mpc_ms=10.3/63 cand=0.000 w_ax@goal=+0.09 return=687.3 length=149 success_rate=0.75 collisions/ep=0.00 (n=16)
update=23 global_step=47104 SPS=68 m_ev=0.799 m_v_bias=-55.0 m_kl_max=0.0098 mpc_ms=9.8/56 cand=0.000 w_ax@goal=+0.07 return=829.1 length=121 success_rate=0.87 collisions/ep=0.00 (n=15)
update=24 global_step=49152 SPS=69 m_ev=0.806 m_v_bias=34.9 m_kl_max=0.0180 mpc_ms=8.3/52 cand=0.000 w_ax@goal=+0.02 return=735.9 length=138 success_rate=0.79 collisions/ep=0.00 (n=14)
update=25 global_step=51200 SPS=70 m_ev=0.816 m_v_bias=-17.3 m_kl_max=0.0112 mpc_ms=8.1/53 cand=0.000 w_ax@goal=-0.02 return=771.3 length=136 success_rate=0.82 collisions/ep=0.00 (n=17)
Evaluation at update 25: return=999.68, length=91.90, success_rate=1.00, collisions/ep=0.00
Solved-check at update 25: solved=False worst_gap=55.91 at p_x0=1.50 p_y0=-1.00 (consecutive=0)
update=26 global_step=53248 SPS=66 m_ev=0.836 m_v_bias=-61.5 m_kl_max=0.0109 mpc_ms=9.9/69 cand=0.000 w_ax@goal=+0.06 return=981.3 length=112 success_rate=1.00 collisions/ep=0.00 (n=17)
update=27 global_step=55296 SPS=67 m_ev=0.871 m_v_bias=14.7 m_kl_max=0.0274 mpc_ms=10.1/67 cand=0.000 w_ax@goal=+0.05 return=923.6 length=114 success_rate=0.95 collisions/ep=0.00 (n=19)
update=28 global_step=57344 SPS=68 m_ev=0.851 m_v_bias=-10.2 m_kl_max=0.0169 mpc_ms=8.0/58 cand=0.000 w_ax@goal=-0.09 return=918.6 length=118 success_rate=0.94 collisions/ep=0.00 (n=18)
update=29 global_step=59392 SPS=69 m_ev=0.910 m_v_bias=-20.1 m_kl_max=0.0099 mpc_ms=7.2/48 cand=0.000 w_ax@goal=-0.05 return=943.0 length=100 success_rate=0.95 collisions/ep=0.00 (n=21)
update=30 global_step=61440 SPS=70 m_ev=0.914 m_v_bias=-5.7 m_kl_max=0.0051 mpc_ms=7.9/56 cand=0.000 w_ax@goal=+0.06 return=994.1 length=101 success_rate=1.00 collisions/ep=0.00 (n=19)
Evaluation at update 30: return=1011.07, length=80.55, success_rate=1.00, collisions/ep=0.00
Solved-check at update 30: solved=True worst_gap=2.58 at p_x0=0.00 p_y0=1.00 (consecutive=0)
update=31 global_step=63488 SPS=69 m_ev=0.901 m_v_bias=16.9 m_kl_max=0.0071 mpc_ms=7.3/55 cand=0.000 w_ax@goal=+0.04 return=991.8 length=103 success_rate=1.00 collisions/ep=0.00 (n=21)
update=32 global_step=65536 SPS=70 m_ev=0.925 m_v_bias=-9.4 m_kl_max=0.0098 mpc_ms=9.8/66 cand=0.000 w_ax@goal=+0.06 return=994.7 length=98 success_rate=1.00 collisions/ep=0.00 (n=21)
update=33 global_step=67584 SPS=70 m_ev=0.942 m_v_bias=-15.9 m_kl_max=0.0202 mpc_ms=9.1/66 cand=0.000 w_ax@goal=-0.07 return=1000.1 length=91 success_rate=1.00 collisions/ep=0.00 (n=21)
update=34 global_step=69632 SPS=71 m_ev=0.936 m_v_bias=8.1 m_kl_max=0.0198 mpc_ms=10.0/58 cand=0.000 w_ax@goal=-0.03 return=997.8 length=95 success_rate=1.00 collisions/ep=0.00 (n=22)
update=35 global_step=71680 SPS=71 m_ev=0.950 m_v_bias=-10.3 m_kl_max=0.0131 mpc_ms=8.8/79 cand=0.000 w_ax@goal=+0.08 return=1002.4 length=88 success_rate=1.00 collisions/ep=0.00 (n=25)
Evaluation at update 35: return=1011.92, length=79.70, success_rate=1.00, collisions/ep=0.00
Solved-check at update 35: solved=True worst_gap=1.62 at p_x0=0.00 p_y0=-1.00 (consecutive=1)
Solved criterion held for 2 consecutive evals (tolerance=5.0) at global_step=71680.
update=36 global_step=73728 SPS=70 m_ev=0.963 m_v_bias=-1.7 m_kl_max=0.0112 mpc_ms=10.0/70 cand=0.000 w_ax@goal=+0.04 return=1002.3 length=88 success_rate=1.00 collisions/ep=0.00 (n=22)
update=37 global_step=75776 SPS=71 m_ev=0.969 m_v_bias=-2.1 m_kl_max=0.0094 mpc_ms=7.7/47 cand=0.000 w_ax@goal=+0.01 return=1005.3 length=88 success_rate=1.00 collisions/ep=0.00 (n=23)
update=38 global_step=77824 SPS=71 m_ev=0.971 m_v_bias=-7.9 m_kl_max=0.0119 mpc_ms=9.4/68 cand=0.000 w_ax@goal=+0.00 return=1004.9 length=86 success_rate=1.00 collisions/ep=0.00 (n=24)
update=39 global_step=79872 SPS=72 m_ev=0.973 m_v_bias=-1.7 m_kl_max=0.0096 mpc_ms=7.3/47 cand=0.000 w_ax@goal=-0.00 return=1006.6 length=83 success_rate=1.00 collisions/ep=0.00 (n=24)
update=40 global_step=81920 SPS=73 m_ev=0.961 m_v_bias=9.6 m_kl_max=0.0050 mpc_ms=9.1/61 cand=0.000 w_ax@goal=+0.06 return=1003.9 length=88 success_rate=1.00 collisions/ep=0.00 (n=25)
Evaluation at update 40: return=1012.32, length=79.35, success_rate=1.00, collisions/ep=0.00
Solved-check at update 40: solved=True worst_gap=1.09 at p_x0=0.00 p_y0=-1.00 (consecutive=2)
update=41 global_step=83968 SPS=71 m_ev=0.967 m_v_bias=-7.7 m_kl_max=0.0151 mpc_ms=8.7/53 cand=0.000 w_ax@goal=+0.01 return=1007.1 length=84 success_rate=1.00 collisions/ep=0.00 (n=23)
update=42 global_step=86016 SPS=72 m_ev=0.983 m_v_bias=-10.7 m_kl_max=0.0116 mpc_ms=8.2/41 cand=0.000 w_ax@goal=+0.01 return=1008.0 length=83 success_rate=1.00 collisions/ep=0.00 (n=25)
update=43 global_step=88064 SPS=73 m_ev=0.984 m_v_bias=-3.4 m_kl_max=0.0129 mpc_ms=8.8/51 cand=0.000 w_ax@goal=+0.03 return=1009.4 length=82 success_rate=1.00 collisions/ep=0.00 (n=24)
update=44 global_step=90112 SPS=73 m_ev=0.983 m_v_bias=2.0 m_kl_max=0.0051 mpc_ms=7.5/58 cand=0.000 w_ax@goal=+0.06 return=1007.6 length=84 success_rate=1.00 collisions/ep=0.00 (n=25)
update=45 global_step=92160 SPS=74 m_ev=0.992 m_v_bias=-5.9 m_kl_max=0.0074 mpc_ms=8.0/77 cand=0.000 w_ax@goal=-0.02 return=1009.8 length=81 success_rate=1.00 collisions/ep=0.00 (n=26)
Evaluation at update 45: return=1012.54, length=79.10, success_rate=1.00, collisions/ep=0.00
Solved-check at update 45: solved=True worst_gap=1.00 at p_x0=0.00 p_y0=-1.00 (consecutive=3)
update=46 global_step=94208 SPS=73 m_ev=0.983 m_v_bias=6.8 m_kl_max=0.0086 mpc_ms=9.1/53 cand=0.000 w_ax@goal=+0.06 return=1008.6 length=84 success_rate=1.00 collisions/ep=0.00 (n=24)
update=47 global_step=96256 SPS=73 m_ev=0.989 m_v_bias=-2.5 m_kl_max=0.0077 mpc_ms=9.5/50 cand=0.000 w_ax@goal=+0.02 return=1008.7 length=83 success_rate=1.00 collisions/ep=0.00 (n=24)
update=48 global_step=98304 SPS=74 m_ev=0.992 m_v_bias=-2.6 m_kl_max=0.0143 mpc_ms=8.4/57 cand=0.000 w_ax@goal=+0.04 return=1009.9 length=82 success_rate=1.00 collisions/ep=0.00 (n=25)
update=49 global_step=100352 SPS=74 m_ev=0.991 m_v_bias=-0.3 m_kl_max=0.0100 mpc_ms=7.0/42 cand=0.000 w_ax@goal=+0.06 return=1010.1 length=81 success_rate=1.00 collisions/ep=0.00 (n=27)
update=50 global_step=102400 SPS=75 m_ev=0.984 m_v_bias=4.9 m_kl_max=0.0095 mpc_ms=6.9/38 cand=0.000 w_ax@goal=-0.01 return=1009.2 length=83 success_rate=1.00 collisions/ep=0.00 (n=26)
Evaluation at update 50: return=1012.83, length=78.80, success_rate=1.00, collisions/ep=0.00
Solved-check at update 50: solved=True worst_gap=0.65 at p_x0=0.00 p_y0=-1.00 (consecutive=4)
update=51 global_step=104448 SPS=74 m_ev=0.992 m_v_bias=-4.7 m_kl_max=0.0082 mpc_ms=8.8/49 cand=0.000 w_ax@goal=-0.07 return=1010.5 length=79 success_rate=1.00 collisions/ep=0.00 (n=25)
update=52 global_step=106496 SPS=74 m_ev=0.994 m_v_bias=-0.3 m_kl_max=0.0225 mpc_ms=7.3/42 cand=0.000 w_ax@goal=-0.01 return=1010.6 length=82 success_rate=1.00 collisions/ep=0.00 (n=25)
update=53 global_step=108544 SPS=75 m_ev=0.991 m_v_bias=-0.0 m_kl_max=0.0148 mpc_ms=6.8/72 cand=0.000 w_ax@goal=-0.01 return=1010.9 length=81 success_rate=1.00 collisions/ep=0.00 (n=24)
update=54 global_step=110592 SPS=76 m_ev=0.996 m_v_bias=-2.9 m_kl_max=0.0120 mpc_ms=6.6/39 cand=0.000 w_ax@goal=-0.01 return=1011.9 length=81 success_rate=1.00 collisions/ep=0.00 (n=25)
update=55 global_step=112640 SPS=76 m_ev=0.981 m_v_bias=6.7 m_kl_max=0.0179 mpc_ms=6.8/46 cand=0.000 w_ax@goal=+0.12 return=1009.8 length=82 success_rate=1.00 collisions/ep=0.00 (n=26)
Evaluation at update 55: return=1012.96, length=78.60, success_rate=1.00, collisions/ep=0.00
Solved-check at update 55: solved=True worst_gap=0.46 at p_x0=0.00 p_y0=-1.00 (consecutive=5)
update=56 global_step=114688 SPS=75 m_ev=0.994 m_v_bias=-5.8 m_kl_max=0.0056 mpc_ms=7.9/52 cand=0.000 w_ax@goal=+0.00 return=1011.5 length=81 success_rate=1.00 collisions/ep=0.00 (n=25)
update=57 global_step=116736 SPS=76 m_ev=0.997 m_v_bias=-3.6 m_kl_max=0.0236 mpc_ms=6.8/42 cand=0.000 w_ax@goal=-0.00 return=1011.6 length=80 success_rate=1.00 collisions/ep=0.00 (n=26)
update=58 global_step=118784 SPS=76 m_ev=0.998 m_v_bias=-0.6 m_kl_max=0.0076 mpc_ms=8.5/64 cand=0.000 w_ax@goal=+0.00 return=1012.3 length=81 success_rate=1.00 collisions/ep=0.00 (n=24)
update=59 global_step=120832 SPS=77 m_ev=0.990 m_v_bias=4.0 m_kl_max=0.0103 mpc_ms=8.0/66 cand=0.000 w_ax@goal=+0.04 return=1011.1 length=80 success_rate=1.00 collisions/ep=0.00 (n=27)
update=60 global_step=122880 SPS=77 m_ev=0.995 m_v_bias=-0.0 m_kl_max=0.0196 mpc_ms=7.6/53 cand=0.000 w_ax@goal=+0.00 return=1010.9 length=81 success_rate=1.00 collisions/ep=0.00 (n=25)
Evaluation at update 60: return=1013.15, length=78.55, success_rate=1.00, collisions/ep=0.00
Solved-check at update 60: solved=True worst_gap=0.27 at p_x0=0.00 p_y0=-1.00 (consecutive=6)
update=61 global_step=124928 SPS=76 m_ev=0.986 m_v_bias=2.6 m_kl_max=0.0138 mpc_ms=7.5/73 cand=0.000 w_ax@goal=+0.01 return=1010.1 length=78 success_rate=1.00 collisions/ep=0.00 (n=27)
update=62 global_step=126976 SPS=77 m_ev=0.995 m_v_bias=-7.6 m_kl_max=0.0198 mpc_ms=6.8/47 cand=0.000 w_ax@goal=-0.02 return=1011.1 length=80 success_rate=1.00 collisions/ep=0.00 (n=25)
update=63 global_step=129024 SPS=77 m_ev=0.992 m_v_bias=2.2 m_kl_max=0.0088 mpc_ms=6.8/41 cand=0.000 w_ax@goal=+0.01 return=1010.9 length=81 success_rate=1.00 collisions/ep=0.00 (n=24)
update=64 global_step=131072 SPS=78 m_ev=0.995 m_v_bias=-1.3 m_kl_max=0.0183 mpc_ms=8.5/49 cand=0.000 w_ax@goal=+0.00 return=1012.3 length=80 success_rate=1.00 collisions/ep=0.00 (n=25)
update=65 global_step=133120 SPS=78 m_ev=0.995 m_v_bias=0.6 m_kl_max=0.0375 mpc_ms=7.7/46 cand=0.000 w_ax@goal=+0.00 return=1011.4 length=81 success_rate=1.00 collisions/ep=0.00 (n=26)
Evaluation at update 65: return=1013.20, length=78.50, success_rate=1.00, collisions/ep=0.00
Solved-check at update 65: solved=True worst_gap=0.20 at p_x0=0.00 p_y0=-1.00 (consecutive=7)
update=66 global_step=135168 SPS=77 m_ev=0.989 m_v_bias=3.1 m_kl_max=0.0151 mpc_ms=8.2/47 cand=0.000 w_ax@goal=-0.02 return=1011.4 length=82 success_rate=1.00 collisions/ep=0.00 (n=26)
update=67 global_step=137216 SPS=77 m_ev=0.994 m_v_bias=-1.1 m_kl_max=0.0206 mpc_ms=7.1/46 cand=0.000 w_ax@goal=+0.03 return=1011.4 length=81 success_rate=1.00 collisions/ep=0.00 (n=25)
update=68 global_step=139264 SPS=78 m_ev=0.998 m_v_bias=-3.3 m_kl_max=0.0028 mpc_ms=8.1/42 cand=0.000 w_ax@goal=+0.00 return=1012.4 length=78 success_rate=1.00 collisions/ep=0.00 (n=25)
update=69 global_step=141312 SPS=78 m_ev=0.996 m_v_bias=1.5 m_kl_max=0.0139 mpc_ms=8.4/45 cand=0.000 w_ax@goal=+0.01 return=1011.8 length=80 success_rate=1.00 collisions/ep=0.00 (n=26)
update=70 global_step=143360 SPS=79 m_ev=0.992 m_v_bias=0.8 m_kl_max=0.0080 mpc_ms=8.2/56 cand=0.000 w_ax@goal=-0.01 return=1011.6 length=80 success_rate=1.00 collisions/ep=0.00 (n=27)
Evaluation at update 70: return=1013.22, length=78.50, success_rate=1.00, collisions/ep=0.00
Solved-check at update 70: solved=True worst_gap=0.16 at p_x0=0.00 p_y0=-1.00 (consecutive=8)
update=71 global_step=145408 SPS=78 m_ev=0.994 m_v_bias=0.7 m_kl_max=0.0185 mpc_ms=6.7/40 cand=0.000 w_ax@goal=+0.02 return=1012.1 length=79 success_rate=1.00 collisions/ep=0.00 (n=25)
update=72 global_step=147456 SPS=78 m_ev=0.990 m_v_bias=1.1 m_kl_max=0.0092 mpc_ms=7.3/58 cand=0.000 w_ax@goal=-0.00 return=1010.5 length=80 success_rate=1.00 collisions/ep=0.00 (n=26)
update=73 global_step=149504 SPS=79 m_ev=0.995 m_v_bias=0.3 m_kl_max=0.0069 mpc_ms=8.9/67 cand=0.000 w_ax@goal=+0.02 return=1012.5 length=81 success_rate=1.00 collisions/ep=0.00 (n=25)
update=74 global_step=151552 SPS=79 m_ev=0.993 m_v_bias=-1.2 m_kl_max=0.0086 mpc_ms=7.9/70 cand=0.000 w_ax@goal=-0.00 return=1010.9 length=79 success_rate=1.00 collisions/ep=0.00 (n=26)
update=75 global_step=153600 SPS=79 m_ev=0.992 m_v_bias=0.9 m_kl_max=0.0031 mpc_ms=8.1/50 cand=0.000 w_ax@goal=-0.04 return=1011.7 length=80 success_rate=1.00 collisions/ep=0.00 (n=26)
Evaluation at update 75: return=1013.24, length=78.45, success_rate=1.00, collisions/ep=0.00
Solved-check at update 75: solved=True worst_gap=0.12 at p_x0=0.00 p_y0=-1.00 (consecutive=9)
update=76 global_step=155648 SPS=78 m_ev=0.997 m_v_bias=-2.7 m_kl_max=0.0134 mpc_ms=8.2/66 cand=0.000 w_ax@goal=+0.02 return=1011.5 length=78 success_rate=1.00 collisions/ep=0.00 (n=25)
update=77 global_step=157696 SPS=79 m_ev=0.995 m_v_bias=1.0 m_kl_max=0.0047 mpc_ms=9.1/44 cand=0.000 w_ax@goal=+0.03 return=1011.4 length=80 success_rate=1.00 collisions/ep=0.00 (n=26)
update=78 global_step=159744 SPS=79 m_ev=0.998 m_v_bias=-0.2 m_kl_max=0.0148 mpc_ms=9.3/44 cand=0.000 w_ax@goal=-0.01 return=1013.0 length=80 success_rate=1.00 collisions/ep=0.00 (n=26)
update=79 global_step=161792 SPS=79 m_ev=0.998 m_v_bias=-0.1 m_kl_max=0.0171 mpc_ms=7.1/40 cand=0.000 w_ax@goal=-0.00 return=1012.0 length=81 success_rate=1.00 collisions/ep=0.00 (n=26)
update=80 global_step=163840 SPS=79 m_ev=0.999 m_v_bias=-1.1 m_kl_max=0.0134 mpc_ms=8.0/46 cand=0.000 w_ax@goal=-0.01 return=1012.8 length=80 success_rate=1.00 collisions/ep=0.00 (n=26)
Evaluation at update 80: return=1013.28, length=78.45, success_rate=1.00, collisions/ep=0.00
Solved-check at update 80: solved=True worst_gap=0.08 at p_x0=0.00 p_y0=-1.00 (consecutive=10)
update=81 global_step=165888 SPS=79 m_ev=0.993 m_v_bias=1.5 m_kl_max=0.0119 mpc_ms=6.8/65 cand=0.000 w_ax@goal=-0.02 return=1011.9 length=81 success_rate=1.00 collisions/ep=0.00 (n=24)
update=82 global_step=167936 SPS=79 m_ev=0.996 m_v_bias=1.4 m_kl_max=0.0181 mpc_ms=6.6/41 cand=0.000 w_ax@goal=-0.03 return=1011.9 length=79 success_rate=1.00 collisions/ep=0.00 (n=26)
update=83 global_step=169984 SPS=80 m_ev=0.999 m_v_bias=-1.6 m_kl_max=0.0202 mpc_ms=8.7/36 cand=0.000 w_ax@goal=-0.01 return=1012.9 length=79 success_rate=1.00 collisions/ep=0.00 (n=26)
update=84 global_step=172032 SPS=80 m_ev=0.998 m_v_bias=0.1 m_kl_max=0.0074 mpc_ms=8.9/47 cand=0.000 w_ax@goal=-0.01 return=1012.2 length=79 success_rate=1.00 collisions/ep=0.00 (n=26)
update=85 global_step=174080 SPS=80 m_ev=0.999 m_v_bias=-1.3 m_kl_max=0.0158 mpc_ms=9.1/50 cand=0.000 w_ax@goal=-0.01 return=1012.9 length=79 success_rate=1.00 collisions/ep=0.00 (n=26)
Evaluation at update 85: return=1013.32, length=78.40, success_rate=1.00, collisions/ep=0.00
Solved-check at update 85: solved=True worst_gap=0.03 at p_x0=0.00 p_y0=-1.00 (consecutive=11)
update=86 global_step=176128 SPS=79 m_ev=0.996 m_v_bias=3.1 m_kl_max=0.0126 mpc_ms=6.7/52 cand=0.000 w_ax@goal=+0.02 return=1011.9 length=78 success_rate=1.00 collisions/ep=0.00 (n=26)
update=87 global_step=178176 SPS=80 m_ev=0.999 m_v_bias=-1.8 m_kl_max=0.0078 mpc_ms=6.4/32 cand=0.000 w_ax@goal=+0.02 return=1013.0 length=79 success_rate=1.00 collisions/ep=0.00 (n=25)
update=88 global_step=180224 SPS=80 m_ev=0.999 m_v_bias=-0.8 m_kl_max=0.0099 mpc_ms=9.0/59 cand=0.000 w_ax@goal=-0.02 return=1012.8 length=79 success_rate=1.00 collisions/ep=0.00 (n=27)
update=89 global_step=182272 SPS=80 m_ev=0.997 m_v_bias=1.1 m_kl_max=0.0132 mpc_ms=6.8/56 cand=0.000 w_ax@goal=-0.01 return=1012.4 length=79 success_rate=1.00 collisions/ep=0.00 (n=26)
update=90 global_step=184320 SPS=81 m_ev=0.997 m_v_bias=1.4 m_kl_max=0.0166 mpc_ms=4.9/44 cand=0.000 w_ax@goal=-0.01 return=1012.6 length=80 success_rate=1.00 collisions/ep=0.00 (n=25)
Evaluation at update 90: return=1013.35, length=78.40, success_rate=1.00, collisions/ep=0.00
Solved-check at update 90: solved=True worst_gap=-0.00 at p_x0=0.50 p_y0=-1.00 (consecutive=12)
update=91 global_step=186368 SPS=80 m_ev=0.992 m_v_bias=0.8 m_kl_max=0.0120 mpc_ms=8.1/55 cand=0.000 w_ax@goal=-0.02 return=1012.1 length=79 success_rate=1.00 collisions/ep=0.00 (n=26)
update=92 global_step=188416 SPS=80 m_ev=0.997 m_v_bias=-1.1 m_kl_max=0.0077 mpc_ms=8.1/38 cand=0.000 w_ax@goal=+0.03 return=1012.6 length=79 success_rate=1.00 collisions/ep=0.00 (n=27)
update=93 global_step=190464 SPS=81 m_ev=0.998 m_v_bias=-1.0 m_kl_max=0.0079 mpc_ms=7.3/48 cand=0.000 w_ax@goal=-0.00 return=1012.6 length=79 success_rate=1.00 collisions/ep=0.00 (n=24)
update=94 global_step=192512 SPS=81 m_ev=0.999 m_v_bias=-0.6 m_kl_max=0.0088 mpc_ms=6.7/42 cand=0.000 w_ax@goal=-0.01 return=1012.9 length=79 success_rate=1.00 collisions/ep=0.00 (n=27)
update=95 global_step=194560 SPS=81 m_ev=0.985 m_v_bias=5.2 m_kl_max=0.0256 mpc_ms=8.6/60 cand=0.000 w_ax@goal=+0.01 return=1010.7 length=81 success_rate=1.00 collisions/ep=0.00 (n=24)
Evaluation at update 95: return=1013.34, length=78.30, success_rate=1.00, collisions/ep=0.00
Solved-check at update 95: solved=True worst_gap=-0.02 at p_x0=0.50 p_y0=-1.00 (consecutive=13)
update=96 global_step=196608 SPS=80 m_ev=0.993 m_v_bias=-3.4 m_kl_max=0.0362 mpc_ms=6.9/40 cand=0.000 w_ax@goal=-0.03 return=1012.1 length=80 success_rate=1.00 collisions/ep=0.00 (n=26)
update=97 global_step=198656 SPS=81 m_ev=0.999 m_v_bias=-0.8 m_kl_max=0.0117 mpc_ms=6.6/46 cand=0.000 w_ax@goal=-0.04 return=1012.7 length=77 success_rate=1.00 collisions/ep=0.00 (n=28)
update=98 global_step=200704 SPS=81 m_ev=0.999 m_v_bias=-1.6 m_kl_max=0.0041 mpc_ms=8.2/47 cand=0.000 w_ax@goal=-0.00 return=1013.1 length=80 success_rate=1.00 collisions/ep=0.00 (n=24)
update=99 global_step=202752 SPS=81 m_ev=0.999 m_v_bias=-0.6 m_kl_max=0.0136 mpc_ms=8.7/48 cand=0.000 w_ax@goal=+0.00 return=1013.0 length=77 success_rate=1.00 collisions/ep=0.00 (n=28)
update=100 global_step=204800 SPS=82 m_ev=0.999 m_v_bias=0.7 m_kl_max=0.0110 mpc_ms=7.3/51 cand=0.000 w_ax@goal=+0.01 return=1012.9 length=80 success_rate=1.00 collisions/ep=0.00 (n=26)
Evaluation at update 100: return=1013.35, length=78.25, success_rate=1.00, collisions/ep=0.00
Solved-check at update 100: solved=True worst_gap=-0.04 at p_x0=0.50 p_y0=-1.00 (consecutive=14)
Saved checkpoints to C:\Users\loren\Desktop\MASTER THESIS\5_CODE\scenarios\slalom\studies\init_sampler\ppo_mpc_uniform\runs\ppo_mpc_slalom_11_1791039457
