Using device: cpu
Solved-check: precomputed optimal returns for 25 fixed initial conditions (mean=1013.0, min=1011.0, max=1015.0); solved-tolerance=5.0
Goal box: +-1.800 m (1.5x segment-reachable; segment-reachable displacement = 1.200 m)
tube MPC: W half-widths [0. 0. 0. 0.], RPI s=0 alpha=0; Z half-widths (p_x, p_y, v_x, v_y) = [0. 0. 0. 0.]
  X0 (-) Z: p_x [-1.000, 11.000], p_y [-1.999, 1.999], |v| <= 1.200; V = U (-) KZ: |u| <= 2.500; K = [-7.613 -4.585] per axis
  4 obstacles, 132 binaries before fixing, max big-M 9.00; horizon N=10, stopping time 5 steps
num_envs=8 num_steps_per_env=256 batch_size=2048 num_updates=100 timesteps=204800
update=1 global_step=2048 SPS=139 m_ev=0.005 m_v_bias=43.5 m_kl_max=0.0015 mpc_ms=6.9/49 cand=0.000 return=-194.4 length=200 success_rate=0.00 collisions/ep=0.00 (n=8)
update=2 global_step=4096 SPS=131 m_ev=-0.943 m_v_bias=23.3 m_kl_max=0.0179 mpc_ms=7.6/46 cand=0.000 return=-204.0 length=200 success_rate=0.00 collisions/ep=0.00 (n=8)
update=3 global_step=6144 SPS=139 m_ev=-0.175 m_v_bias=12.5 m_kl_max=0.0345 mpc_ms=6.1/55 cand=0.000 return=-177.3 length=200 success_rate=0.00 collisions/ep=0.00 (n=8)
update=4 global_step=8192 SPS=135 m_ev=0.163 m_v_bias=5.5 m_kl_max=0.0469 mpc_ms=7.8/54 cand=0.000 return=-175.6 length=200 success_rate=0.00 collisions/ep=0.00 (n=16)
update=5 global_step=10240 SPS=133 m_ev=0.146 m_v_bias=1.5 m_kl_max=0.0472 mpc_ms=7.6/55 cand=0.000 return=-162.8 length=200 success_rate=0.00 collisions/ep=0.00 (n=8)
Evaluation at update 5: return=-140.72, length=200.00, success_rate=0.00, collisions/ep=0.00
Solved-check at update 5: solved=False worst_gap=1161.23 at p_x0=2.00 p_y0=-1.00 (consecutive=0)
update=6 global_step=12288 SPS=73 m_ev=0.578 m_v_bias=-1.5 m_kl_max=0.0601 mpc_ms=7.3/41 cand=0.000 return=-153.2 length=200 success_rate=0.00 collisions/ep=0.00 (n=8)
update=7 global_step=14336 SPS=77 m_ev=0.805 m_v_bias=1.8 m_kl_max=0.0426 mpc_ms=7.7/41 cand=0.000 return=-146.0 length=200 success_rate=0.00 collisions/ep=0.00 (n=8)
update=8 global_step=16384 SPS=81 m_ev=0.954 m_v_bias=0.3 m_kl_max=0.0317 mpc_ms=7.1/54 cand=0.000 return=-142.6 length=200 success_rate=0.00 collisions/ep=0.00 (n=16)
update=9 global_step=18432 SPS=85 m_ev=0.946 m_v_bias=-0.2 m_kl_max=0.0347 mpc_ms=7.7/57 cand=0.000 w_ax@goal=-1.91 return=-137.0 length=200 success_rate=0.00 collisions/ep=0.00 (n=8)
update=10 global_step=20480 SPS=86 m_ev=0.953 m_v_bias=-0.7 m_kl_max=0.0153 mpc_ms=9.8/77 cand=0.000 w_ax@goal=-0.60 return=-134.2 length=200 success_rate=0.00 collisions/ep=0.00 (n=8)
Evaluation at update 10: return=-140.72, length=200.00, success_rate=0.00, collisions/ep=0.00
Solved-check at update 10: solved=False worst_gap=1161.02 at p_x0=2.00 p_y0=0.00 (consecutive=0)
update=11 global_step=22528 SPS=70 m_ev=-0.015 m_v_bias=-66.9 m_kl_max=0.0249 mpc_ms=9.8/63 cand=0.000 w_ax@goal=-0.59 return=-2.1 length=191 success_rate=0.12 collisions/ep=0.00 (n=16)
update=12 global_step=24576 SPS=72 m_ev=-1.400 m_v_bias=24.2 m_kl_max=0.0077 mpc_ms=9.4/66 cand=0.000 return=-141.6 length=200 success_rate=0.00 collisions/ep=0.00 (n=8)
update=13 global_step=26624 SPS=73 m_ev=-0.230 m_v_bias=10.4 m_kl_max=0.0062 mpc_ms=10.7/66 cand=0.000 w_ax@goal=-2.38 return=-135.6 length=200 success_rate=0.00 collisions/ep=0.00 (n=9)
update=14 global_step=28672 SPS=74 m_ev=-0.017 m_v_bias=-69.8 m_kl_max=0.0144 mpc_ms=10.1/59 cand=0.000 w_ax@goal=-0.39 return=126.4 length=190 success_rate=0.25 collisions/ep=0.00 (n=12)
update=15 global_step=30720 SPS=77 m_ev=0.095 m_v_bias=-127.3 m_kl_max=0.0075 mpc_ms=5.0/67 cand=0.000 w_ax@goal=-0.45 return=439.8 length=181 success_rate=0.55 collisions/ep=0.00 (n=11)
Evaluation at update 15: return=-140.72, length=200.00, success_rate=0.00, collisions/ep=0.00
Solved-check at update 15: solved=False worst_gap=1161.02 at p_x0=2.00 p_y0=-1.00 (consecutive=0)
update=16 global_step=32768 SPS=68 m_ev=0.441 m_v_bias=-91.8 m_kl_max=0.0181 mpc_ms=4.6/46 cand=0.000 w_ax@goal=-0.07 return=318.2 length=171 success_rate=0.42 collisions/ep=0.00 (n=12)
update=17 global_step=34816 SPS=71 m_ev=0.582 m_v_bias=9.7 m_kl_max=0.0281 mpc_ms=4.6/56 cand=0.000 w_ax@goal=-0.06 return=223.9 length=187 success_rate=0.33 collisions/ep=0.00 (n=12)
update=18 global_step=36864 SPS=74 m_ev=0.404 m_v_bias=-77.0 m_kl_max=0.0370 mpc_ms=4.9/44 cand=0.000 w_ax@goal=+0.11 return=753.7 length=166 success_rate=0.83 collisions/ep=0.00 (n=12)
update=19 global_step=38912 SPS=74 m_ev=0.548 m_v_bias=-53.8 m_kl_max=0.0144 mpc_ms=11.1/87 cand=0.000 w_ax@goal=-0.21 return=563.7 length=158 success_rate=0.64 collisions/ep=0.00 (n=14)
update=20 global_step=40960 SPS=76 m_ev=0.717 m_v_bias=13.2 m_kl_max=0.0081 mpc_ms=7.0/68 cand=0.000 w_ax@goal=-0.05 return=551.6 length=157 success_rate=0.64 collisions/ep=0.00 (n=11)
Evaluation at update 20: return=241.51, length=159.25, success_rate=0.35, collisions/ep=0.00
Solved-check at update 20: solved=False worst_gap=1191.02 at p_x0=2.00 p_y0=-1.00 (consecutive=0)
update=21 global_step=43008 SPS=71 m_ev=0.811 m_v_bias=-6.9 m_kl_max=0.0150 mpc_ms=9.7/84 cand=0.000 w_ax@goal=+0.08 return=446.2 length=153 success_rate=0.53 collisions/ep=0.00 (n=15)
update=22 global_step=45056 SPS=72 m_ev=0.548 m_v_bias=23.0 m_kl_max=0.0061 mpc_ms=9.6/84 cand=0.000 w_ax@goal=+0.04 return=618.1 length=153 success_rate=0.69 collisions/ep=0.00 (n=13)
update=23 global_step=47104 SPS=73 m_ev=0.836 m_v_bias=-2.7 m_kl_max=0.0118 mpc_ms=9.3/66 cand=0.000 w_ax@goal=-0.13 return=744.7 length=142 success_rate=0.80 collisions/ep=0.00 (n=15)
update=24 global_step=49152 SPS=74 m_ev=0.790 m_v_bias=-15.3 m_kl_max=0.0218 mpc_ms=8.9/64 cand=0.000 w_ax@goal=-0.05 return=751.0 length=135 success_rate=0.80 collisions/ep=0.00 (n=15)
update=25 global_step=51200 SPS=75 m_ev=0.788 m_v_bias=-24.7 m_kl_max=0.0153 mpc_ms=7.8/50 cand=0.000 w_ax@goal=-0.15 return=911.7 length=117 success_rate=0.94 collisions/ep=0.00 (n=17)
Evaluation at update 25: return=1008.08, length=82.75, success_rate=1.00, collisions/ep=0.00
Solved-check at update 25: solved=False worst_gap=10.89 at p_x0=2.00 p_y0=-1.00 (consecutive=0)
update=26 global_step=53248 SPS=72 m_ev=0.869 m_v_bias=-12.5 m_kl_max=0.0160 mpc_ms=7.8/54 cand=0.000 w_ax@goal=+0.01 return=897.6 length=137 success_rate=0.94 collisions/ep=0.00 (n=17)
update=27 global_step=55296 SPS=73 m_ev=0.840 m_v_bias=-7.7 m_kl_max=0.0112 mpc_ms=10.1/55 cand=0.000 w_ax@goal=-0.01 return=979.6 length=110 success_rate=1.00 collisions/ep=0.00 (n=17)
update=28 global_step=57344 SPS=74 m_ev=0.898 m_v_bias=-21.1 m_kl_max=0.0095 mpc_ms=8.2/77 cand=0.000 w_ax@goal=+0.04 return=993.0 length=98 success_rate=1.00 collisions/ep=0.00 (n=22)
update=29 global_step=59392 SPS=75 m_ev=0.935 m_v_bias=-14.4 m_kl_max=0.0109 mpc_ms=7.2/39 cand=0.000 w_ax@goal=-0.01 return=997.0 length=95 success_rate=1.00 collisions/ep=0.00 (n=22)
update=30 global_step=61440 SPS=76 m_ev=0.926 m_v_bias=-4.6 m_kl_max=0.0089 mpc_ms=7.5/43 cand=0.000 w_ax@goal=+0.02 return=1001.5 length=92 success_rate=1.00 collisions/ep=0.00 (n=24)
Evaluation at update 30: return=1010.85, length=80.00, success_rate=1.00, collisions/ep=0.00
Solved-check at update 30: solved=True worst_gap=2.73 at p_x0=0.00 p_y0=1.00 (consecutive=0)
update=31 global_step=63488 SPS=74 m_ev=0.922 m_v_bias=5.9 m_kl_max=0.0115 mpc_ms=8.3/55 cand=0.000 w_ax@goal=-0.03 return=996.1 length=94 success_rate=1.00 collisions/ep=0.00 (n=19)
update=32 global_step=65536 SPS=75 m_ev=0.962 m_v_bias=3.1 m_kl_max=0.0168 mpc_ms=8.4/47 cand=0.000 w_ax@goal=-0.03 return=999.3 length=93 success_rate=1.00 collisions/ep=0.00 (n=23)
update=33 global_step=67584 SPS=76 m_ev=0.954 m_v_bias=-10.4 m_kl_max=0.0069 mpc_ms=7.7/71 cand=0.000 w_ax@goal=-0.02 return=1002.0 length=90 success_rate=1.00 collisions/ep=0.00 (n=23)
update=34 global_step=69632 SPS=77 m_ev=0.922 m_v_bias=12.2 m_kl_max=0.0172 mpc_ms=7.3/46 cand=0.000 w_ax@goal=+0.00 return=999.7 length=93 success_rate=1.00 collisions/ep=0.00 (n=21)
update=35 global_step=71680 SPS=78 m_ev=0.945 m_v_bias=-4.7 m_kl_max=0.0145 mpc_ms=7.7/48 cand=0.000 w_ax@goal=+0.02 return=1002.5 length=88 success_rate=1.00 collisions/ep=0.00 (n=24)
Evaluation at update 35: return=1011.77, length=79.05, success_rate=1.00, collisions/ep=0.00
Solved-check at update 35: solved=True worst_gap=1.62 at p_x0=0.00 p_y0=1.00 (consecutive=1)
Solved criterion held for 2 consecutive evals (tolerance=5.0) at global_step=71680.
update=36 global_step=73728 SPS=76 m_ev=0.960 m_v_bias=-6.6 m_kl_max=0.0109 mpc_ms=7.8/62 cand=0.000 w_ax@goal=-0.01 return=1003.3 length=88 success_rate=1.00 collisions/ep=0.00 (n=23)
update=37 global_step=75776 SPS=77 m_ev=0.961 m_v_bias=8.3 m_kl_max=0.0056 mpc_ms=9.3/63 cand=0.000 w_ax@goal=+0.09 return=1003.7 length=89 success_rate=1.00 collisions/ep=0.00 (n=22)
update=38 global_step=77824 SPS=77 m_ev=0.973 m_v_bias=-9.1 m_kl_max=0.0097 mpc_ms=9.6/52 cand=0.000 w_ax@goal=-0.01 return=1004.3 length=86 success_rate=1.00 collisions/ep=0.00 (n=26)
update=39 global_step=79872 SPS=77 m_ev=0.977 m_v_bias=-0.1 m_kl_max=0.0151 mpc_ms=10.1/72 cand=0.000 w_ax@goal=-0.03 return=1006.9 length=87 success_rate=1.00 collisions/ep=0.00 (n=23)
update=40 global_step=81920 SPS=78 m_ev=0.972 m_v_bias=-6.4 m_kl_max=0.0053 mpc_ms=9.8/54 cand=0.000 w_ax@goal=-0.01 return=1006.2 length=84 success_rate=1.00 collisions/ep=0.00 (n=25)
Evaluation at update 40: return=1012.13, length=78.75, success_rate=1.00, collisions/ep=0.00
Solved-check at update 40: solved=True worst_gap=1.16 at p_x0=0.00 p_y0=1.00 (consecutive=2)
update=41 global_step=83968 SPS=76 m_ev=0.990 m_v_bias=-2.0 m_kl_max=0.0071 mpc_ms=8.1/48 cand=0.000 w_ax@goal=-0.01 return=1008.5 length=84 success_rate=1.00 collisions/ep=0.00 (n=25)
update=42 global_step=86016 SPS=76 m_ev=0.973 m_v_bias=8.5 m_kl_max=0.0178 mpc_ms=9.7/71 cand=0.000 w_ax@goal=-0.06 return=1006.2 length=85 success_rate=1.00 collisions/ep=0.00 (n=24)
update=43 global_step=88064 SPS=77 m_ev=0.985 m_v_bias=-5.6 m_kl_max=0.0166 mpc_ms=8.5/48 cand=0.000 w_ax@goal=-0.00 return=1009.3 length=83 success_rate=1.00 collisions/ep=0.00 (n=24)
update=44 global_step=90112 SPS=78 m_ev=0.982 m_v_bias=2.8 m_kl_max=0.0054 mpc_ms=7.1/40 cand=0.000 w_ax@goal=+0.00 return=1007.7 length=84 success_rate=1.00 collisions/ep=0.00 (n=25)
update=45 global_step=92160 SPS=78 m_ev=0.947 m_v_bias=9.3 m_kl_max=0.0180 mpc_ms=8.0/56 cand=0.000 w_ax@goal=-0.05 return=1006.1 length=87 success_rate=1.00 collisions/ep=0.00 (n=23)
Evaluation at update 45: return=1012.41, length=78.45, success_rate=1.00, collisions/ep=0.00
Solved-check at update 45: solved=True worst_gap=1.01 at p_x0=0.00 p_y0=1.00 (consecutive=3)
update=46 global_step=94208 SPS=77 m_ev=0.982 m_v_bias=-9.4 m_kl_max=0.0214 mpc_ms=8.1/56 cand=0.000 w_ax@goal=+0.05 return=1009.2 length=83 success_rate=1.00 collisions/ep=0.00 (n=24)
update=47 global_step=96256 SPS=78 m_ev=0.990 m_v_bias=-8.1 m_kl_max=0.0095 mpc_ms=7.4/40 cand=0.000 w_ax@goal=+0.00 return=1008.4 length=81 success_rate=1.00 collisions/ep=0.00 (n=25)
update=48 global_step=98304 SPS=78 m_ev=0.969 m_v_bias=6.5 m_kl_max=0.0073 mpc_ms=8.8/54 cand=0.000 w_ax@goal=-0.01 return=1008.1 length=83 success_rate=1.00 collisions/ep=0.00 (n=26)
update=49 global_step=100352 SPS=78 m_ev=0.980 m_v_bias=-5.5 m_kl_max=0.0061 mpc_ms=8.9/49 cand=0.000 w_ax@goal=+0.01 return=1009.1 length=83 success_rate=1.00 collisions/ep=0.00 (n=24)
update=50 global_step=102400 SPS=79 m_ev=0.988 m_v_bias=-2.5 m_kl_max=0.0125 mpc_ms=8.9/50 cand=0.000 w_ax@goal=-0.00 return=1009.5 length=82 success_rate=1.00 collisions/ep=0.00 (n=26)
Evaluation at update 50: return=1012.59, length=78.35, success_rate=1.00, collisions/ep=0.00
Solved-check at update 50: solved=True worst_gap=0.79 at p_x0=0.00 p_y0=-1.00 (consecutive=4)
update=51 global_step=104448 SPS=78 m_ev=0.986 m_v_bias=3.6 m_kl_max=0.0116 mpc_ms=7.5/65 cand=0.000 w_ax@goal=-0.03 return=1009.7 length=82 success_rate=1.00 collisions/ep=0.00 (n=24)
update=52 global_step=106496 SPS=78 m_ev=0.976 m_v_bias=1.3 m_kl_max=0.0059 mpc_ms=7.1/46 cand=0.000 w_ax@goal=+0.02 return=1007.0 length=83 success_rate=1.00 collisions/ep=0.00 (n=27)
update=53 global_step=108544 SPS=79 m_ev=0.993 m_v_bias=-8.9 m_kl_max=0.0039 mpc_ms=7.0/41 cand=0.000 w_ax@goal=-0.07 return=1010.7 length=79 success_rate=1.00 collisions/ep=0.00 (n=24)
update=54 global_step=110592 SPS=80 m_ev=0.989 m_v_bias=-0.9 m_kl_max=0.0217 mpc_ms=7.9/44 cand=0.000 w_ax@goal=-0.01 return=1011.1 length=80 success_rate=1.00 collisions/ep=0.00 (n=26)
update=55 global_step=112640 SPS=80 m_ev=0.990 m_v_bias=0.9 m_kl_max=0.0186 mpc_ms=9.0/49 cand=0.000 w_ax@goal=+0.02 return=1009.4 length=83 success_rate=1.00 collisions/ep=0.00 (n=25)
Evaluation at update 55: return=1012.69, length=78.10, success_rate=1.00, collisions/ep=0.00
Solved-check at update 55: solved=True worst_gap=0.65 at p_x0=0.00 p_y0=-1.00 (consecutive=5)
update=56 global_step=114688 SPS=78 m_ev=0.994 m_v_bias=-1.7 m_kl_max=0.0250 mpc_ms=9.4/62 cand=0.000 w_ax@goal=+0.01 return=1010.4 length=82 success_rate=1.00 collisions/ep=0.00 (n=26)
update=57 global_step=116736 SPS=79 m_ev=0.984 m_v_bias=1.8 m_kl_max=0.0108 mpc_ms=9.2/63 cand=0.000 w_ax@goal=+0.00 return=1010.4 length=83 success_rate=1.00 collisions/ep=0.00 (n=23)
update=58 global_step=118784 SPS=79 m_ev=0.996 m_v_bias=-5.6 m_kl_max=0.0160 mpc_ms=8.9/43 cand=0.000 w_ax@goal=-0.00 return=1012.5 length=82 success_rate=1.00 collisions/ep=0.00 (n=25)
update=59 global_step=120832 SPS=79 m_ev=0.995 m_v_bias=0.8 m_kl_max=0.0113 mpc_ms=8.2/56 cand=0.000 w_ax@goal=-0.00 return=1010.7 length=80 success_rate=1.00 collisions/ep=0.00 (n=27)
update=60 global_step=122880 SPS=80 m_ev=0.993 m_v_bias=2.4 m_kl_max=0.0107 mpc_ms=8.2/49 cand=0.000 w_ax@goal=-0.04 return=1010.7 length=81 success_rate=1.00 collisions/ep=0.00 (n=25)
Evaluation at update 60: return=1012.82, length=78.05, success_rate=1.00, collisions/ep=0.00
Solved-check at update 60: solved=True worst_gap=0.49 at p_x0=0.00 p_y0=-1.00 (consecutive=6)
update=61 global_step=124928 SPS=79 m_ev=0.994 m_v_bias=-0.9 m_kl_max=0.0145 mpc_ms=7.7/50 cand=0.000 w_ax@goal=+0.00 return=1011.0 length=79 success_rate=1.00 collisions/ep=0.00 (n=25)
update=62 global_step=126976 SPS=79 m_ev=0.986 m_v_bias=2.0 m_kl_max=0.0264 mpc_ms=7.0/42 cand=0.000 w_ax@goal=+0.02 return=1010.1 length=81 success_rate=1.00 collisions/ep=0.00 (n=25)
update=63 global_step=129024 SPS=80 m_ev=0.992 m_v_bias=0.8 m_kl_max=0.0143 mpc_ms=6.8/42 cand=0.000 w_ax@goal=+0.02 return=1011.4 length=80 success_rate=1.00 collisions/ep=0.00 (n=25)
update=64 global_step=131072 SPS=80 m_ev=0.996 m_v_bias=-3.5 m_kl_max=0.0130 mpc_ms=7.3/38 cand=0.000 w_ax@goal=+0.03 return=1010.8 length=82 success_rate=1.00 collisions/ep=0.00 (n=25)
update=65 global_step=133120 SPS=81 m_ev=0.996 m_v_bias=-0.2 m_kl_max=0.0303 mpc_ms=8.3/41 cand=0.000 w_ax@goal=+0.04 return=1012.0 length=82 success_rate=1.00 collisions/ep=0.00 (n=25)
Evaluation at update 65: return=1013.00, length=77.90, success_rate=1.00, collisions/ep=0.00
Solved-check at update 65: solved=True worst_gap=0.27 at p_x0=0.00 p_y0=-1.00 (consecutive=7)
update=66 global_step=135168 SPS=80 m_ev=0.997 m_v_bias=-2.6 m_kl_max=0.0026 mpc_ms=7.8/56 cand=0.000 w_ax@goal=-0.02 return=1012.2 length=80 success_rate=1.00 collisions/ep=0.00 (n=26)
update=67 global_step=137216 SPS=80 m_ev=0.998 m_v_bias=-0.9 m_kl_max=0.0171 mpc_ms=9.1/40 cand=0.000 w_ax@goal=-0.00 return=1012.2 length=79 success_rate=1.00 collisions/ep=0.00 (n=26)
update=68 global_step=139264 SPS=80 m_ev=0.996 m_v_bias=2.0 m_kl_max=0.0296 mpc_ms=8.8/79 cand=0.000 w_ax@goal=+0.00 return=1012.1 length=81 success_rate=1.00 collisions/ep=0.00 (n=25)
update=69 global_step=141312 SPS=81 m_ev=0.997 m_v_bias=0.2 m_kl_max=0.0212 mpc_ms=7.4/45 cand=0.000 w_ax@goal=+0.00 return=1011.5 length=80 success_rate=1.00 collisions/ep=0.00 (n=27)
update=70 global_step=143360 SPS=81 m_ev=0.998 m_v_bias=-1.6 m_kl_max=0.0163 mpc_ms=6.5/37 cand=0.000 w_ax@goal=-0.01 return=1012.0 length=77 success_rate=1.00 collisions/ep=0.00 (n=25)
Evaluation at update 70: return=1013.09, length=77.85, success_rate=1.00, collisions/ep=0.00
Solved-check at update 70: solved=True worst_gap=0.16 at p_x0=0.00 p_y0=-1.00 (consecutive=8)
update=71 global_step=145408 SPS=80 m_ev=0.998 m_v_bias=-1.6 m_kl_max=0.0077 mpc_ms=7.8/55 cand=0.000 w_ax@goal=+0.00 return=1012.7 length=81 success_rate=1.00 collisions/ep=0.00 (n=26)
update=72 global_step=147456 SPS=81 m_ev=0.997 m_v_bias=3.2 m_kl_max=0.0250 mpc_ms=7.9/48 cand=0.000 w_ax@goal=-0.00 return=1012.0 length=79 success_rate=1.00 collisions/ep=0.00 (n=26)
update=73 global_step=149504 SPS=81 m_ev=0.993 m_v_bias=1.3 m_kl_max=0.0096 mpc_ms=8.4/56 cand=0.000 w_ax@goal=+0.00 return=1011.6 length=80 success_rate=1.00 collisions/ep=0.00 (n=25)
update=74 global_step=151552 SPS=81 m_ev=0.996 m_v_bias=-0.4 m_kl_max=0.0049 mpc_ms=7.8/47 cand=0.000 w_ax@goal=+0.02 return=1012.6 length=80 success_rate=1.00 collisions/ep=0.00 (n=27)
update=75 global_step=153600 SPS=82 m_ev=0.991 m_v_bias=2.9 m_kl_max=0.0057 mpc_ms=7.8/49 cand=0.000 w_ax@goal=+0.00 return=1011.6 length=81 success_rate=1.00 collisions/ep=0.00 (n=25)
Evaluation at update 75: return=1013.11, length=77.80, success_rate=1.00, collisions/ep=0.00
Solved-check at update 75: solved=True worst_gap=0.11 at p_x0=0.00 p_y0=-1.00 (consecutive=9)
update=76 global_step=155648 SPS=81 m_ev=0.995 m_v_bias=-3.4 m_kl_max=0.0091 mpc_ms=7.8/41 cand=0.000 w_ax@goal=+0.01 return=1011.7 length=79 success_rate=1.00 collisions/ep=0.00 (n=24)
update=77 global_step=157696 SPS=81 m_ev=0.998 m_v_bias=-1.4 m_kl_max=0.0088 mpc_ms=6.8/35 cand=0.000 w_ax@goal=+0.01 return=1012.4 length=78 success_rate=1.00 collisions/ep=0.00 (n=26)
update=78 global_step=159744 SPS=81 m_ev=0.999 m_v_bias=-1.0 m_kl_max=0.0098 mpc_ms=7.4/32 cand=0.000 w_ax@goal=+0.00 return=1012.7 length=80 success_rate=1.00 collisions/ep=0.00 (n=27)
update=79 global_step=161792 SPS=82 m_ev=0.996 m_v_bias=1.0 m_kl_max=0.0141 mpc_ms=7.3/45 cand=0.000 w_ax@goal=+0.01 return=1012.3 length=80 success_rate=1.00 collisions/ep=0.00 (n=27)
update=80 global_step=163840 SPS=82 m_ev=0.998 m_v_bias=-1.5 m_kl_max=0.0122 mpc_ms=6.9/34 cand=0.000 w_ax@goal=-0.01 return=1012.4 length=79 success_rate=1.00 collisions/ep=0.00 (n=24)
Evaluation at update 80: return=1013.16, length=77.80, success_rate=1.00, collisions/ep=0.00
Solved-check at update 80: solved=True worst_gap=0.06 at p_x0=0.00 p_y0=-1.00 (consecutive=10)
update=81 global_step=165888 SPS=81 m_ev=0.990 m_v_bias=3.9 m_kl_max=0.0124 mpc_ms=7.6/46 cand=0.000 w_ax@goal=-0.03 return=1012.1 length=81 success_rate=1.00 collisions/ep=0.00 (n=24)
update=82 global_step=167936 SPS=82 m_ev=0.991 m_v_bias=-0.8 m_kl_max=0.0124 mpc_ms=6.7/42 cand=0.000 w_ax@goal=-0.01 return=1010.4 length=80 success_rate=1.00 collisions/ep=0.00 (n=27)
update=83 global_step=169984 SPS=82 m_ev=0.999 m_v_bias=-2.9 m_kl_max=0.0055 mpc_ms=6.8/38 cand=0.000 w_ax@goal=+0.01 return=1012.6 length=79 success_rate=1.00 collisions/ep=0.00 (n=26)
update=84 global_step=172032 SPS=83 m_ev=0.998 m_v_bias=1.4 m_kl_max=0.0070 mpc_ms=7.0/45 cand=0.000 w_ax@goal=+0.00 return=1012.6 length=79 success_rate=1.00 collisions/ep=0.00 (n=27)
update=85 global_step=174080 SPS=83 m_ev=0.995 m_v_bias=0.6 m_kl_max=0.0016 mpc_ms=6.8/39 cand=0.000 w_ax@goal=-0.00 return=1011.4 length=79 success_rate=1.00 collisions/ep=0.00 (n=25)
Evaluation at update 85: return=1013.19, length=77.80, success_rate=1.00, collisions/ep=0.00
Solved-check at update 85: solved=True worst_gap=0.04 at p_x0=0.00 p_y0=-1.00 (consecutive=11)
update=86 global_step=176128 SPS=82 m_ev=0.999 m_v_bias=-0.6 m_kl_max=0.0157 mpc_ms=8.8/37 cand=0.000 w_ax@goal=-0.01 return=1012.3 length=79 success_rate=1.00 collisions/ep=0.00 (n=25)
update=87 global_step=178176 SPS=82 m_ev=0.999 m_v_bias=-1.4 m_kl_max=0.0106 mpc_ms=6.7/43 cand=0.000 w_ax@goal=-0.01 return=1012.8 length=79 success_rate=1.00 collisions/ep=0.00 (n=27)
update=88 global_step=180224 SPS=83 m_ev=0.996 m_v_bias=0.8 m_kl_max=0.0109 mpc_ms=6.8/43 cand=0.000 w_ax@goal=+0.00 return=1012.4 length=81 success_rate=1.00 collisions/ep=0.00 (n=25)
update=89 global_step=182272 SPS=83 m_ev=0.997 m_v_bias=0.1 m_kl_max=0.0155 mpc_ms=7.6/50 cand=0.000 w_ax@goal=-0.01 return=1012.8 length=78 success_rate=1.00 collisions/ep=0.00 (n=26)
update=90 global_step=184320 SPS=83 m_ev=0.997 m_v_bias=-0.7 m_kl_max=0.0118 mpc_ms=7.8/58 cand=0.000 w_ax@goal=+0.00 return=1011.8 length=79 success_rate=1.00 collisions/ep=0.00 (n=25)
Evaluation at update 90: return=1013.21, length=77.75, success_rate=1.00, collisions/ep=0.00
Solved-check at update 90: solved=True worst_gap=0.01 at p_x0=0.00 p_y0=-1.00 (consecutive=12)
update=91 global_step=186368 SPS=82 m_ev=0.998 m_v_bias=0.7 m_kl_max=0.0148 mpc_ms=11.5/55 cand=0.000 w_ax@goal=+0.00 return=1012.7 length=79 success_rate=1.00 collisions/ep=0.00 (n=27)
update=92 global_step=188416 SPS=82 m_ev=0.999 m_v_bias=-1.1 m_kl_max=0.0136 mpc_ms=9.1/46 cand=0.000 w_ax@goal=+0.00 return=1012.6 length=78 success_rate=1.00 collisions/ep=0.00 (n=28)
update=93 global_step=190464 SPS=83 m_ev=0.996 m_v_bias=0.1 m_kl_max=0.0117 mpc_ms=7.5/52 cand=0.000 w_ax@goal=-0.01 return=1012.8 length=79 success_rate=1.00 collisions/ep=0.00 (n=24)
update=94 global_step=192512 SPS=83 m_ev=0.999 m_v_bias=-0.2 m_kl_max=0.0051 mpc_ms=8.0/40 cand=0.000 w_ax@goal=+0.01 return=1012.3 length=77 success_rate=1.00 collisions/ep=0.00 (n=27)
update=95 global_step=194560 SPS=83 m_ev=0.999 m_v_bias=-0.8 m_kl_max=0.0135 mpc_ms=8.0/43 cand=0.000 w_ax@goal=+0.00 return=1012.1 length=77 success_rate=1.00 collisions/ep=0.00 (n=26)
Evaluation at update 95: return=1013.22, length=77.70, success_rate=1.00, collisions/ep=0.00
Solved-check at update 95: solved=True worst_gap=-0.02 at p_x0=0.00 p_y0=-1.00 (consecutive=13)
update=96 global_step=196608 SPS=82 m_ev=0.995 m_v_bias=1.2 m_kl_max=0.0171 mpc_ms=6.8/41 cand=0.000 w_ax@goal=+0.00 return=1012.9 length=78 success_rate=1.00 collisions/ep=0.00 (n=28)
update=97 global_step=198656 SPS=83 m_ev=0.991 m_v_bias=-0.8 m_kl_max=0.0100 mpc_ms=8.2/43 cand=0.000 w_ax@goal=+0.02 return=1011.4 length=81 success_rate=1.00 collisions/ep=0.00 (n=25)
update=98 global_step=200704 SPS=83 m_ev=0.994 m_v_bias=0.2 m_kl_max=0.0093 mpc_ms=7.4/42 cand=0.000 w_ax@goal=+0.04 return=1012.5 length=80 success_rate=1.00 collisions/ep=0.00 (n=25)
update=99 global_step=202752 SPS=83 m_ev=0.997 m_v_bias=-0.5 m_kl_max=0.0273 mpc_ms=8.5/36 cand=0.000 w_ax@goal=-0.01 return=1012.5 length=78 success_rate=1.00 collisions/ep=0.00 (n=26)
update=100 global_step=204800 SPS=83 m_ev=0.999 m_v_bias=-1.4 m_kl_max=0.0130 mpc_ms=8.5/47 cand=0.000 w_ax@goal=-0.00 return=1012.7 length=77 success_rate=1.00 collisions/ep=0.00 (n=27)
Evaluation at update 100: return=1013.23, length=77.65, success_rate=1.00, collisions/ep=0.00
Solved-check at update 100: solved=True worst_gap=-0.03 at p_x0=0.00 p_y0=-1.00 (consecutive=14)
Saved checkpoints to C:\Users\loren\Desktop\MASTER THESIS\5_CODE\scenarios\slalom\studies\init_sampler\ppo_mpc_uniform\runs\ppo_mpc_slalom_12_1791039465
