Using device: cpu
Solved-check: precomputed optimal returns for 25 fixed initial conditions (mean=1013.0, min=1011.0, max=1015.0); solved-tolerance=5.0
Goal box: +-1.800 m (1.5x segment-reachable; segment-reachable displacement = 1.200 m)
tube MPC: W half-widths [0. 0. 0. 0.], RPI s=0 alpha=0; Z half-widths (p_x, p_y, v_x, v_y) = [0. 0. 0. 0.]
  X0 (-) Z: p_x [-1.000, 11.000], p_y [-1.999, 1.999], |v| <= 1.200; V = U (-) KZ: |u| <= 2.500; K = [-7.613 -4.585] per axis
  4 obstacles, 132 binaries before fixing, max big-M 9.00; horizon N=10, stopping time 5 steps
num_envs=8 num_steps_per_env=256 batch_size=2048 num_updates=100 timesteps=204800
update=1 global_step=2048 SPS=106 m_ev=-0.001 m_v_bias=40.8 m_kl_max=0.0012 mpc_ms=8.9/61 cand=0.000 return=-180.2 length=200 success_rate=0.00 collisions/ep=0.00 (n=8)
update=2 global_step=4096 SPS=121 m_ev=-0.496 m_v_bias=24.1 m_kl_max=0.0082 mpc_ms=6.7/42 cand=0.000 return=-191.6 length=200 success_rate=0.00 collisions/ep=0.00 (n=8)
update=3 global_step=6144 SPS=126 m_ev=-0.290 m_v_bias=12.7 m_kl_max=0.0350 mpc_ms=7.0/51 cand=0.000 return=-195.0 length=200 success_rate=0.00 collisions/ep=0.00 (n=8)
update=4 global_step=8192 SPS=123 m_ev=-0.109 m_v_bias=5.4 m_kl_max=0.0426 mpc_ms=8.3/63 cand=0.000 return=-170.4 length=200 success_rate=0.00 collisions/ep=0.00 (n=16)
update=5 global_step=10240 SPS=123 m_ev=0.236 m_v_bias=4.6 m_kl_max=0.0488 mpc_ms=7.4/35 cand=0.000 return=-168.3 length=200 success_rate=0.00 collisions/ep=0.00 (n=8)
Evaluation at update 5: return=-146.68, length=200.00, success_rate=0.00, collisions/ep=0.00
Solved-check at update 5: solved=False worst_gap=1191.02 at p_x0=2.00 p_y0=-1.00 (consecutive=0)
update=6 global_step=12288 SPS=59 m_ev=0.572 m_v_bias=1.9 m_kl_max=0.0602 mpc_ms=8.4/53 cand=0.000 return=-170.1 length=200 success_rate=0.00 collisions/ep=0.00 (n=8)
update=7 global_step=14336 SPS=63 m_ev=0.718 m_v_bias=-1.8 m_kl_max=0.0361 mpc_ms=8.0/46 cand=0.000 return=-146.7 length=200 success_rate=0.00 collisions/ep=0.00 (n=8)
update=8 global_step=16384 SPS=68 m_ev=-0.061 m_v_bias=-37.1 m_kl_max=0.0144 mpc_ms=7.1/41 cand=0.000 w_ax@goal=-0.78 return=-73.6 length=200 success_rate=0.06 collisions/ep=0.00 (n=16)
update=9 global_step=18432 SPS=71 m_ev=0.021 m_v_bias=-61.8 m_kl_max=0.0165 mpc_ms=8.0/48 cand=0.000 w_ax@goal=+0.09 return=123.7 length=198 success_rate=0.25 collisions/ep=0.00 (n=8)
update=10 global_step=20480 SPS=74 m_ev=0.156 m_v_bias=-42.1 m_kl_max=0.0116 mpc_ms=7.5/44 cand=0.000 w_ax@goal=-0.51 return=227.7 length=186 success_rate=0.33 collisions/ep=0.00 (n=9)
Evaluation at update 10: return=-138.59, length=200.00, success_rate=0.00, collisions/ep=0.00
Solved-check at update 10: solved=False worst_gap=1161.02 at p_x0=2.00 p_y0=-1.00 (consecutive=0)
update=11 global_step=22528 SPS=63 m_ev=0.226 m_v_bias=-40.1 m_kl_max=0.0242 mpc_ms=7.7/43 cand=0.000 w_ax@goal=-0.54 return=6.3 length=196 success_rate=0.13 collisions/ep=0.00 (n=15)
update=12 global_step=24576 SPS=65 m_ev=0.300 m_v_bias=-74.1 m_kl_max=0.0217 mpc_ms=7.5/50 cand=0.000 w_ax@goal=-0.42 return=403.3 length=179 success_rate=0.50 collisions/ep=0.00 (n=8)
update=13 global_step=26624 SPS=68 m_ev=0.448 m_v_bias=-96.2 m_kl_max=0.0215 mpc_ms=7.7/49 cand=0.000 w_ax@goal=-0.23 return=358.3 length=178 success_rate=0.47 collisions/ep=0.00 (n=15)
update=14 global_step=28672 SPS=70 m_ev=0.528 m_v_bias=-16.4 m_kl_max=0.0259 mpc_ms=7.6/46 cand=0.000 w_ax@goal=-0.08 return=368.4 length=166 success_rate=0.45 collisions/ep=0.00 (n=11)
update=15 global_step=30720 SPS=72 m_ev=0.647 m_v_bias=-35.7 m_kl_max=0.0102 mpc_ms=7.9/44 cand=0.000 w_ax@goal=+0.01 return=552.2 length=157 success_rate=0.64 collisions/ep=0.00 (n=11)
Evaluation at update 15: return=-51.17, length=188.70, success_rate=0.10, collisions/ep=0.00
Solved-check at update 15: solved=False worst_gap=1191.02 at p_x0=2.00 p_y0=-1.00 (consecutive=0)
update=16 global_step=32768 SPS=65 m_ev=0.680 m_v_bias=-7.9 m_kl_max=0.0128 mpc_ms=7.8/51 cand=0.000 w_ax@goal=-0.17 return=359.6 length=172 success_rate=0.46 collisions/ep=0.00 (n=13)
update=17 global_step=34816 SPS=67 m_ev=0.786 m_v_bias=-4.8 m_kl_max=0.0354 mpc_ms=7.0/54 cand=0.000 w_ax@goal=+0.18 return=476.5 length=174 success_rate=0.58 collisions/ep=0.00 (n=12)
update=18 global_step=36864 SPS=69 m_ev=0.726 m_v_bias=-31.1 m_kl_max=0.0145 mpc_ms=7.8/44 cand=0.000 w_ax@goal=+0.02 return=235.7 length=167 success_rate=0.33 collisions/ep=0.00 (n=12)
update=19 global_step=38912 SPS=71 m_ev=0.814 m_v_bias=-11.7 m_kl_max=0.0120 mpc_ms=7.7/48 cand=0.000 w_ax@goal=+0.02 return=660.0 length=154 success_rate=0.73 collisions/ep=0.00 (n=15)
update=20 global_step=40960 SPS=72 m_ev=0.834 m_v_bias=-66.1 m_kl_max=0.0202 mpc_ms=7.8/46 cand=0.000 w_ax@goal=-0.03 return=966.4 length=120 success_rate=1.00 collisions/ep=0.00 (n=17)
Evaluation at update 20: return=1007.55, length=85.30, success_rate=1.00, collisions/ep=0.00
Solved-check at update 20: solved=False worst_gap=16.17 at p_x0=1.50 p_y0=-1.00 (consecutive=0)
update=21 global_step=43008 SPS=70 m_ev=0.849 m_v_bias=9.7 m_kl_max=0.0398 mpc_ms=8.2/51 cand=0.000 w_ax@goal=-0.02 return=964.2 length=128 success_rate=1.00 collisions/ep=0.00 (n=14)
update=22 global_step=45056 SPS=71 m_ev=0.841 m_v_bias=-26.8 m_kl_max=0.0131 mpc_ms=8.2/62 cand=0.000 w_ax@goal=+0.03 return=910.8 length=125 success_rate=0.94 collisions/ep=0.00 (n=18)
update=23 global_step=47104 SPS=72 m_ev=0.887 m_v_bias=-13.4 m_kl_max=0.0190 mpc_ms=8.0/58 cand=0.000 w_ax@goal=-0.06 return=978.6 length=112 success_rate=1.00 collisions/ep=0.00 (n=18)
update=24 global_step=49152 SPS=73 m_ev=0.865 m_v_bias=0.2 m_kl_max=0.0092 mpc_ms=7.7/46 cand=0.000 w_ax@goal=-0.09 return=983.8 length=108 success_rate=1.00 collisions/ep=0.00 (n=20)
update=25 global_step=51200 SPS=75 m_ev=0.901 m_v_bias=-31.5 m_kl_max=0.0129 mpc_ms=7.7/49 cand=0.000 w_ax@goal=-0.01 return=994.9 length=95 success_rate=1.00 collisions/ep=0.00 (n=22)
Evaluation at update 25: return=1010.40, length=82.55, success_rate=1.00, collisions/ep=0.00
Solved-check at update 25: solved=True worst_gap=3.84 at p_x0=0.00 p_y0=-1.00 (consecutive=0)
update=26 global_step=53248 SPS=73 m_ev=0.880 m_v_bias=3.0 m_kl_max=0.0147 mpc_ms=7.9/44 cand=0.000 w_ax@goal=+0.08 return=995.5 length=97 success_rate=1.00 collisions/ep=0.00 (n=20)
update=27 global_step=55296 SPS=74 m_ev=0.941 m_v_bias=-10.9 m_kl_max=0.0168 mpc_ms=7.5/43 cand=0.000 w_ax@goal=+0.01 return=997.5 length=95 success_rate=1.00 collisions/ep=0.00 (n=22)
update=28 global_step=57344 SPS=75 m_ev=0.954 m_v_bias=-7.9 m_kl_max=0.0069 mpc_ms=7.6/61 cand=0.000 w_ax@goal=-0.02 return=1001.0 length=90 success_rate=1.00 collisions/ep=0.00 (n=24)
update=29 global_step=59392 SPS=76 m_ev=0.951 m_v_bias=-5.5 m_kl_max=0.0060 mpc_ms=7.9/57 cand=0.000 w_ax@goal=+0.00 return=1000.4 length=90 success_rate=1.00 collisions/ep=0.00 (n=22)
update=30 global_step=61440 SPS=77 m_ev=0.930 m_v_bias=7.1 m_kl_max=0.0075 mpc_ms=7.7/49 cand=0.000 w_ax@goal=-0.00 return=1001.4 length=90 success_rate=1.00 collisions/ep=0.00 (n=24)
Evaluation at update 30: return=1011.86, length=81.05, success_rate=1.00, collisions/ep=0.00
Solved-check at update 30: solved=True worst_gap=1.97 at p_x0=0.00 p_y0=-0.50 (consecutive=1)
Solved criterion held for 2 consecutive evals (tolerance=5.0) at global_step=61440.
update=31 global_step=63488 SPS=75 m_ev=0.950 m_v_bias=-11.7 m_kl_max=0.0091 mpc_ms=7.5/61 cand=0.000 w_ax@goal=+0.07 return=1000.8 length=91 success_rate=1.00 collisions/ep=0.00 (n=23)
update=32 global_step=65536 SPS=76 m_ev=0.954 m_v_bias=-0.3 m_kl_max=0.0077 mpc_ms=7.7/68 cand=0.000 w_ax@goal=+0.03 return=1005.2 length=84 success_rate=1.00 collisions/ep=0.00 (n=24)
update=33 global_step=67584 SPS=77 m_ev=0.962 m_v_bias=2.0 m_kl_max=0.0099 mpc_ms=7.5/46 cand=0.000 w_ax@goal=+0.01 return=1004.4 length=87 success_rate=1.00 collisions/ep=0.00 (n=23)
update=34 global_step=69632 SPS=78 m_ev=0.942 m_v_bias=10.6 m_kl_max=0.0229 mpc_ms=7.3/45 cand=0.000 w_ax@goal=-0.08 return=1003.6 length=88 success_rate=1.00 collisions/ep=0.00 (n=22)
update=35 global_step=71680 SPS=79 m_ev=0.969 m_v_bias=-13.4 m_kl_max=0.0155 mpc_ms=7.7/45 cand=0.000 w_ax@goal=+0.04 return=1003.8 length=88 success_rate=1.00 collisions/ep=0.00 (n=26)
Evaluation at update 35: return=1012.39, length=80.60, success_rate=1.00, collisions/ep=0.00
Solved-check at update 35: solved=True worst_gap=1.31 at p_x0=0.00 p_y0=-1.00 (consecutive=2)
update=36 global_step=73728 SPS=78 m_ev=0.959 m_v_bias=-0.1 m_kl_max=0.0207 mpc_ms=7.4/44 cand=0.000 w_ax@goal=-0.04 return=1006.0 length=85 success_rate=1.00 collisions/ep=0.00 (n=23)
update=37 global_step=75776 SPS=79 m_ev=0.985 m_v_bias=-7.9 m_kl_max=0.0067 mpc_ms=7.2/62 cand=0.000 w_ax@goal=-0.02 return=1008.5 length=84 success_rate=1.00 collisions/ep=0.00 (n=24)
update=38 global_step=77824 SPS=79 m_ev=0.967 m_v_bias=2.9 m_kl_max=0.0120 mpc_ms=7.6/39 cand=0.000 w_ax@goal=+0.00 return=1008.3 length=83 success_rate=1.00 collisions/ep=0.00 (n=23)
update=39 global_step=79872 SPS=80 m_ev=0.984 m_v_bias=-4.0 m_kl_max=0.0113 mpc_ms=7.3/39 cand=0.000 w_ax@goal=+0.01 return=1006.8 length=85 success_rate=1.00 collisions/ep=0.00 (n=26)
update=40 global_step=81920 SPS=81 m_ev=0.981 m_v_bias=-4.3 m_kl_max=0.0099 mpc_ms=7.7/60 cand=0.000 w_ax@goal=+0.01 return=1008.2 length=82 success_rate=1.00 collisions/ep=0.00 (n=24)
Evaluation at update 40: return=1012.68, length=80.30, success_rate=1.00, collisions/ep=0.00
Solved-check at update 40: solved=True worst_gap=0.95 at p_x0=0.00 p_y0=-1.00 (consecutive=3)
update=41 global_step=83968 SPS=79 m_ev=0.978 m_v_bias=2.2 m_kl_max=0.0113 mpc_ms=7.6/45 cand=0.000 w_ax@goal=+0.04 return=1008.0 length=85 success_rate=1.00 collisions/ep=0.00 (n=25)
update=42 global_step=86016 SPS=80 m_ev=0.989 m_v_bias=-7.1 m_kl_max=0.0081 mpc_ms=7.3/49 cand=0.000 w_ax@goal=+0.01 return=1010.2 length=81 success_rate=1.00 collisions/ep=0.00 (n=25)
update=43 global_step=88064 SPS=81 m_ev=0.976 m_v_bias=2.7 m_kl_max=0.0055 mpc_ms=7.4/49 cand=0.000 w_ax@goal=+0.04 return=1007.7 length=85 success_rate=1.00 collisions/ep=0.00 (n=25)
update=44 global_step=90112 SPS=81 m_ev=0.989 m_v_bias=-1.6 m_kl_max=0.0246 mpc_ms=7.3/35 cand=0.000 w_ax@goal=-0.14 return=1010.0 length=82 success_rate=1.00 collisions/ep=0.00 (n=25)
update=45 global_step=92160 SPS=82 m_ev=0.993 m_v_bias=-4.3 m_kl_max=0.0087 mpc_ms=7.3/30 cand=0.000 w_ax@goal=-0.03 return=1010.7 length=79 success_rate=1.00 collisions/ep=0.00 (n=24)
Evaluation at update 45: return=1012.88, length=80.10, success_rate=1.00, collisions/ep=0.00
Solved-check at update 45: solved=True worst_gap=0.90 at p_x0=0.00 p_y0=-1.00 (consecutive=4)
update=46 global_step=94208 SPS=81 m_ev=0.995 m_v_bias=-1.1 m_kl_max=0.0183 mpc_ms=7.1/41 cand=0.000 w_ax@goal=+0.02 return=1010.1 length=81 success_rate=1.00 collisions/ep=0.00 (n=25)
update=47 global_step=96256 SPS=81 m_ev=0.992 m_v_bias=-0.8 m_kl_max=0.0133 mpc_ms=7.5/41 cand=0.000 w_ax@goal=-0.02 return=1010.4 length=79 success_rate=1.00 collisions/ep=0.00 (n=28)
update=48 global_step=98304 SPS=82 m_ev=0.981 m_v_bias=3.7 m_kl_max=0.0139 mpc_ms=7.2/41 cand=0.000 w_ax@goal=+0.00 return=1009.4 length=83 success_rate=1.00 collisions/ep=0.00 (n=25)
update=49 global_step=100352 SPS=83 m_ev=0.975 m_v_bias=3.9 m_kl_max=0.0230 mpc_ms=7.3/45 cand=0.000 w_ax@goal=-0.06 return=1008.0 length=84 success_rate=1.00 collisions/ep=0.00 (n=25)
update=50 global_step=102400 SPS=83 m_ev=0.991 m_v_bias=-6.1 m_kl_max=0.0078 mpc_ms=7.0/37 cand=0.000 w_ax@goal=-0.02 return=1010.7 length=80 success_rate=1.00 collisions/ep=0.00 (n=24)
Evaluation at update 50: return=1013.09, length=79.80, success_rate=1.00, collisions/ep=0.00
Solved-check at update 50: solved=True worst_gap=0.61 at p_x0=0.00 p_y0=-1.00 (consecutive=5)
update=51 global_step=104448 SPS=82 m_ev=0.995 m_v_bias=-5.0 m_kl_max=0.0134 mpc_ms=7.1/38 cand=0.000 w_ax@goal=-0.02 return=1011.6 length=79 success_rate=1.00 collisions/ep=0.00 (n=25)
update=52 global_step=106496 SPS=83 m_ev=0.996 m_v_bias=0.2 m_kl_max=0.0137 mpc_ms=7.2/44 cand=0.000 w_ax@goal=+0.02 return=1011.5 length=80 success_rate=1.00 collisions/ep=0.00 (n=26)
update=53 global_step=108544 SPS=83 m_ev=0.984 m_v_bias=3.9 m_kl_max=0.0212 mpc_ms=7.1/43 cand=0.000 w_ax@goal=+0.07 return=1010.4 length=81 success_rate=1.00 collisions/ep=0.00 (n=25)
update=54 global_step=110592 SPS=84 m_ev=0.992 m_v_bias=-2.9 m_kl_max=0.0066 mpc_ms=7.1/46 cand=0.000 w_ax@goal=-0.04 return=1010.2 length=81 success_rate=1.00 collisions/ep=0.00 (n=26)
update=55 global_step=112640 SPS=84 m_ev=0.993 m_v_bias=-1.0 m_kl_max=0.0045 mpc_ms=7.0/40 cand=0.000 w_ax@goal=+0.02 return=1010.7 length=80 success_rate=1.00 collisions/ep=0.00 (n=26)
Evaluation at update 55: return=1013.24, length=79.70, success_rate=1.00, collisions/ep=0.00
Solved-check at update 55: solved=True worst_gap=0.41 at p_x0=0.00 p_y0=-1.00 (consecutive=6)
update=56 global_step=114688 SPS=84 m_ev=0.997 m_v_bias=-1.3 m_kl_max=0.0134 mpc_ms=6.7/26 cand=0.000 w_ax@goal=-0.04 return=1011.8 length=81 success_rate=1.00 collisions/ep=0.00 (n=25)
update=57 global_step=116736 SPS=84 m_ev=0.993 m_v_bias=0.6 m_kl_max=0.0027 mpc_ms=7.3/39 cand=0.000 w_ax@goal=+0.04 return=1011.0 length=81 success_rate=1.00 collisions/ep=0.00 (n=25)
update=58 global_step=118784 SPS=85 m_ev=0.997 m_v_bias=-1.9 m_kl_max=0.0053 mpc_ms=6.8/34 cand=0.000 w_ax@goal=+0.02 return=1011.9 length=79 success_rate=1.00 collisions/ep=0.00 (n=25)
update=59 global_step=120832 SPS=85 m_ev=0.999 m_v_bias=-1.7 m_kl_max=0.0133 mpc_ms=7.1/36 cand=0.000 w_ax@goal=-0.02 return=1012.0 length=80 success_rate=1.00 collisions/ep=0.00 (n=26)
update=60 global_step=122880 SPS=86 m_ev=0.996 m_v_bias=1.9 m_kl_max=0.0199 mpc_ms=7.2/40 cand=0.000 w_ax@goal=-0.02 return=1011.4 length=79 success_rate=1.00 collisions/ep=0.00 (n=27)
Evaluation at update 60: return=1013.40, length=79.65, success_rate=1.00, collisions/ep=0.00
Solved-check at update 60: solved=True worst_gap=0.23 at p_x0=0.00 p_y0=-1.00 (consecutive=7)
update=61 global_step=124928 SPS=85 m_ev=0.999 m_v_bias=-3.5 m_kl_max=0.0312 mpc_ms=6.9/52 cand=0.000 w_ax@goal=+0.00 return=1012.6 length=77 success_rate=1.00 collisions/ep=0.00 (n=27)
update=62 global_step=126976 SPS=85 m_ev=0.982 m_v_bias=6.8 m_kl_max=0.0256 mpc_ms=7.2/41 cand=0.000 w_ax@goal=+0.03 return=1010.4 length=80 success_rate=1.00 collisions/ep=0.00 (n=24)
update=63 global_step=129024 SPS=85 m_ev=0.991 m_v_bias=-2.8 m_kl_max=0.0183 mpc_ms=7.1/53 cand=0.000 w_ax@goal=-0.01 return=1011.5 length=80 success_rate=1.00 collisions/ep=0.00 (n=26)
update=64 global_step=131072 SPS=86 m_ev=0.998 m_v_bias=-3.5 m_kl_max=0.0167 mpc_ms=6.8/28 cand=0.000 w_ax@goal=+0.01 return=1012.1 length=77 success_rate=1.00 collisions/ep=0.00 (n=25)
update=65 global_step=133120 SPS=86 m_ev=0.996 m_v_bias=0.8 m_kl_max=0.0169 mpc_ms=6.9/29 cand=0.000 w_ax@goal=-0.02 return=1012.1 length=80 success_rate=1.00 collisions/ep=0.00 (n=29)
Evaluation at update 65: return=1013.43, length=79.65, success_rate=1.00, collisions/ep=0.00
Solved-check at update 65: solved=True worst_gap=0.18 at p_x0=0.00 p_y0=-1.00 (consecutive=8)
update=66 global_step=135168 SPS=86 m_ev=0.999 m_v_bias=-0.2 m_kl_max=0.0050 mpc_ms=7.1/44 cand=0.000 w_ax@goal=+0.02 return=1012.4 length=80 success_rate=1.00 collisions/ep=0.00 (n=24)
update=67 global_step=137216 SPS=86 m_ev=0.992 m_v_bias=3.8 m_kl_max=0.0081 mpc_ms=6.9/44 cand=0.000 w_ax@goal=+0.02 return=1011.6 length=81 success_rate=1.00 collisions/ep=0.00 (n=23)
update=68 global_step=139264 SPS=86 m_ev=0.999 m_v_bias=-3.3 m_kl_max=0.0157 mpc_ms=6.9/36 cand=0.000 w_ax@goal=-0.00 return=1012.0 length=79 success_rate=1.00 collisions/ep=0.00 (n=26)
update=69 global_step=141312 SPS=87 m_ev=0.998 m_v_bias=0.3 m_kl_max=0.0090 mpc_ms=7.0/56 cand=0.000 w_ax@goal=-0.02 return=1012.5 length=80 success_rate=1.00 collisions/ep=0.00 (n=30)
update=70 global_step=143360 SPS=87 m_ev=0.999 m_v_bias=-1.2 m_kl_max=0.0047 mpc_ms=7.0/40 cand=0.000 w_ax@goal=+0.01 return=1012.9 length=80 success_rate=1.00 collisions/ep=0.00 (n=24)
Evaluation at update 70: return=1013.49, length=79.60, success_rate=1.00, collisions/ep=0.00
Solved-check at update 70: solved=True worst_gap=0.10 at p_x0=0.00 p_y0=-1.00 (consecutive=9)
update=71 global_step=145408 SPS=86 m_ev=0.995 m_v_bias=2.3 m_kl_max=0.0153 mpc_ms=7.1/69 cand=0.000 w_ax@goal=+0.01 return=1011.8 length=78 success_rate=1.00 collisions/ep=0.00 (n=25)
update=72 global_step=147456 SPS=87 m_ev=0.999 m_v_bias=-3.1 m_kl_max=0.0126 mpc_ms=7.2/40 cand=0.000 w_ax@goal=+0.00 return=1012.8 length=79 success_rate=1.00 collisions/ep=0.00 (n=25)
update=73 global_step=149504 SPS=87 m_ev=0.998 m_v_bias=-0.2 m_kl_max=0.0108 mpc_ms=7.2/41 cand=0.000 w_ax@goal=+0.02 return=1012.4 length=79 success_rate=1.00 collisions/ep=0.00 (n=28)
update=74 global_step=151552 SPS=88 m_ev=0.999 m_v_bias=0.1 m_kl_max=0.0042 mpc_ms=7.1/46 cand=0.000 w_ax@goal=+0.00 return=1012.8 length=79 success_rate=1.00 collisions/ep=0.00 (n=26)
update=75 global_step=153600 SPS=88 m_ev=0.981 m_v_bias=5.6 m_kl_max=0.0277 mpc_ms=7.4/44 cand=0.000 w_ax@goal=+0.00 return=1009.8 length=79 success_rate=1.00 collisions/ep=0.00 (n=24)
Evaluation at update 75: return=1013.54, length=79.60, success_rate=1.00, collisions/ep=0.00
Solved-check at update 75: solved=True worst_gap=0.06 at p_x0=0.00 p_y0=-1.00 (consecutive=10)
update=76 global_step=155648 SPS=87 m_ev=0.997 m_v_bias=-3.6 m_kl_max=0.0043 mpc_ms=6.9/47 cand=0.000 w_ax@goal=+0.00 return=1012.8 length=77 success_rate=1.00 collisions/ep=0.00 (n=27)
update=77 global_step=157696 SPS=87 m_ev=0.996 m_v_bias=0.3 m_kl_max=0.0106 mpc_ms=7.1/40 cand=0.000 w_ax@goal=-0.01 return=1012.1 length=79 success_rate=1.00 collisions/ep=0.00 (n=27)
update=78 global_step=159744 SPS=88 m_ev=0.989 m_v_bias=2.3 m_kl_max=0.0116 mpc_ms=7.2/42 cand=0.000 w_ax@goal=+0.02 return=1011.7 length=80 success_rate=1.00 collisions/ep=0.00 (n=25)
update=79 global_step=161792 SPS=88 m_ev=0.996 m_v_bias=0.6 m_kl_max=0.0070 mpc_ms=7.4/50 cand=0.000 w_ax@goal=+0.01 return=1011.8 length=78 success_rate=1.00 collisions/ep=0.00 (n=26)
update=80 global_step=163840 SPS=88 m_ev=0.996 m_v_bias=-2.3 m_kl_max=0.0072 mpc_ms=7.2/41 cand=0.000 w_ax@goal=-0.01 return=1012.1 length=80 success_rate=1.00 collisions/ep=0.00 (n=25)
Evaluation at update 80: return=1013.54, length=79.60, success_rate=1.00, collisions/ep=0.00
Solved-check at update 80: solved=True worst_gap=0.06 at p_x0=0.00 p_y0=-1.00 (consecutive=11)
update=81 global_step=165888 SPS=88 m_ev=0.999 m_v_bias=-0.7 m_kl_max=0.0317 mpc_ms=7.0/39 cand=0.000 w_ax@goal=-0.00 return=1012.8 length=80 success_rate=1.00 collisions/ep=0.00 (n=27)
update=82 global_step=167936 SPS=88 m_ev=0.998 m_v_bias=-1.4 m_kl_max=0.0259 mpc_ms=7.0/31 cand=0.000 w_ax@goal=-0.00 return=1012.5 length=79 success_rate=1.00 collisions/ep=0.00 (n=26)
update=83 global_step=169984 SPS=88 m_ev=0.999 m_v_bias=-2.0 m_kl_max=0.0177 mpc_ms=7.2/38 cand=0.000 w_ax@goal=-0.00 return=1012.4 length=78 success_rate=1.00 collisions/ep=0.00 (n=25)
update=84 global_step=172032 SPS=89 m_ev=0.988 m_v_bias=5.4 m_kl_max=0.0364 mpc_ms=7.6/50 cand=0.000 w_ax@goal=-0.02 return=1011.7 length=83 success_rate=1.00 collisions/ep=0.00 (n=25)
update=85 global_step=174080 SPS=89 m_ev=0.997 m_v_bias=-1.3 m_kl_max=0.0166 mpc_ms=7.5/45 cand=0.000 w_ax@goal=+0.03 return=1013.1 length=80 success_rate=1.00 collisions/ep=0.00 (n=26)
Evaluation at update 85: return=1013.57, length=79.55, success_rate=1.00, collisions/ep=0.00
Solved-check at update 85: solved=True worst_gap=0.02 at p_x0=0.00 p_y0=-1.00 (consecutive=12)
update=86 global_step=176128 SPS=88 m_ev=0.989 m_v_bias=1.7 m_kl_max=0.0122 mpc_ms=7.3/49 cand=0.000 w_ax@goal=-0.02 return=1012.6 length=79 success_rate=1.00 collisions/ep=0.00 (n=25)
update=87 global_step=178176 SPS=88 m_ev=0.985 m_v_bias=2.1 m_kl_max=0.0117 mpc_ms=7.0/38 cand=0.000 w_ax@goal=-0.01 return=1010.1 length=80 success_rate=1.00 collisions/ep=0.00 (n=25)
update=88 global_step=180224 SPS=89 m_ev=0.999 m_v_bias=-5.2 m_kl_max=0.0122 mpc_ms=6.6/27 cand=0.000 w_ax@goal=+0.00 return=1012.2 length=78 success_rate=1.00 collisions/ep=0.00 (n=28)
update=89 global_step=182272 SPS=89 m_ev=0.999 m_v_bias=-1.8 m_kl_max=0.0320 mpc_ms=6.8/35 cand=0.000 w_ax@goal=+0.01 return=1013.1 length=78 success_rate=1.00 collisions/ep=0.00 (n=27)
update=90 global_step=184320 SPS=89 m_ev=0.993 m_v_bias=2.3 m_kl_max=0.0121 mpc_ms=6.2/31 cand=0.000 w_ax@goal=+0.00 return=1011.8 length=78 success_rate=1.00 collisions/ep=0.00 (n=24)
Evaluation at update 90: return=1013.57, length=79.55, success_rate=1.00, collisions/ep=0.00
Solved-check at update 90: solved=True worst_gap=-0.00 at p_x0=0.00 p_y0=-1.00 (consecutive=13)
update=91 global_step=186368 SPS=89 m_ev=0.997 m_v_bias=0.5 m_kl_max=0.0142 mpc_ms=6.0/29 cand=0.000 w_ax@goal=-0.02 return=1012.8 length=80 success_rate=1.00 collisions/ep=0.00 (n=24)
update=92 global_step=188416 SPS=89 m_ev=0.999 m_v_bias=-0.8 m_kl_max=0.0143 mpc_ms=5.9/30 cand=0.000 w_ax@goal=+0.01 return=1013.0 length=81 success_rate=1.00 collisions/ep=0.00 (n=28)
update=93 global_step=190464 SPS=90 m_ev=0.999 m_v_bias=-0.9 m_kl_max=0.0099 mpc_ms=6.0/33 cand=0.000 w_ax@goal=+0.00 return=1013.1 length=79 success_rate=1.00 collisions/ep=0.00 (n=27)
update=94 global_step=192512 SPS=90 m_ev=0.999 m_v_bias=1.2 m_kl_max=0.0046 mpc_ms=5.6/47 cand=0.000 w_ax@goal=-0.02 return=1013.0 length=79 success_rate=1.00 collisions/ep=0.00 (n=25)
update=95 global_step=194560 SPS=91 m_ev=0.997 m_v_bias=1.8 m_kl_max=0.0043 mpc_ms=5.9/34 cand=0.000 w_ax@goal=-0.01 return=1012.8 length=81 success_rate=1.00 collisions/ep=0.00 (n=24)
Evaluation at update 95: return=1013.59, length=79.50, success_rate=1.00, collisions/ep=0.00
Solved-check at update 95: solved=True worst_gap=-0.03 at p_x0=0.00 p_y0=-1.00 (consecutive=14)
update=96 global_step=196608 SPS=90 m_ev=0.999 m_v_bias=-1.9 m_kl_max=0.0077 mpc_ms=5.4/35 cand=0.000 w_ax@goal=+0.01 return=1013.0 length=79 success_rate=1.00 collisions/ep=0.00 (n=28)
update=97 global_step=198656 SPS=91 m_ev=0.999 m_v_bias=-1.1 m_kl_max=0.0100 mpc_ms=5.4/32 cand=0.000 w_ax@goal=-0.01 return=1012.8 length=79 success_rate=1.00 collisions/ep=0.00 (n=25)
update=98 global_step=200704 SPS=91 m_ev=0.999 m_v_bias=-0.4 m_kl_max=0.0123 mpc_ms=5.4/32 cand=0.000 w_ax@goal=-0.01 return=1012.8 length=78 success_rate=1.00 collisions/ep=0.00 (n=27)
update=99 global_step=202752 SPS=92 m_ev=1.000 m_v_bias=-0.6 m_kl_max=0.0140 mpc_ms=4.9/35 cand=0.000 w_ax@goal=+0.01 return=1013.0 length=78 success_rate=1.00 collisions/ep=0.00 (n=25)
update=100 global_step=204800 SPS=92 m_ev=0.999 m_v_bias=-0.1 m_kl_max=0.0031 mpc_ms=5.0/39 cand=0.000 w_ax@goal=+0.03 return=1013.3 length=79 success_rate=1.00 collisions/ep=0.00 (n=26)
Evaluation at update 100: return=1013.62, length=79.40, success_rate=1.00, collisions/ep=0.00
Solved-check at update 100: solved=True worst_gap=-0.06 at p_x0=0.00 p_y0=-1.00 (consecutive=15)
Saved checkpoints to C:\Users\loren\Desktop\MASTER THESIS\5_CODE\scenarios\slalom\studies\init_sampler\ppo_mpc_uniform\runs\ppo_mpc_slalom_19_1791042030
