Using device: cpu
Solved-check: precomputed optimal returns for 25 fixed initial conditions (mean=1013.0, min=1011.0, max=1015.0); solved-tolerance=5.0
Goal box: +-1.800 m (1.5x segment-reachable; segment-reachable displacement = 1.200 m)
tube MPC: W half-widths [0. 0. 0. 0.], RPI s=0 alpha=0; Z half-widths (p_x, p_y, v_x, v_y) = [0. 0. 0. 0.]
  X0 (-) Z: p_x [-1.000, 11.000], p_y [-1.999, 1.999], |v| <= 1.200; V = U (-) KZ: |u| <= 2.500; K = [-7.613 -4.585] per axis
  4 obstacles, 132 binaries before fixing, max big-M 9.00; horizon N=10, stopping time 5 steps
num_envs=8 num_steps_per_env=256 batch_size=2048 num_updates=100 timesteps=204800
update=1 global_step=2048 SPS=121 m_ev=-0.001 m_v_bias=42.4 m_kl_max=0.0029 mpc_ms=7.9/37 cand=0.000 return=-201.1 length=200 success_rate=0.00 collisions/ep=0.00 (n=8)
update=2 global_step=4096 SPS=122 m_ev=-0.564 m_v_bias=24.8 m_kl_max=0.0123 mpc_ms=7.7/64 cand=0.000 return=-183.6 length=200 success_rate=0.00 collisions/ep=0.00 (n=8)
update=3 global_step=6144 SPS=121 m_ev=-0.227 m_v_bias=10.2 m_kl_max=0.0537 mpc_ms=8.0/62 cand=0.000 return=-193.9 length=200 success_rate=0.00 collisions/ep=0.00 (n=8)
update=4 global_step=8192 SPS=125 m_ev=-0.080 m_v_bias=7.0 m_kl_max=0.0339 mpc_ms=6.9/64 cand=0.000 return=-170.8 length=200 success_rate=0.00 collisions/ep=0.00 (n=16)
update=5 global_step=10240 SPS=128 m_ev=0.255 m_v_bias=2.8 m_kl_max=0.0409 mpc_ms=6.7/55 cand=0.000 return=-167.2 length=200 success_rate=0.00 collisions/ep=0.00 (n=8)
Evaluation at update 5: return=-161.53, length=200.00, success_rate=0.00, collisions/ep=0.00
Solved-check at update 5: solved=False worst_gap=1191.02 at p_x0=2.00 p_y0=0.00 (consecutive=0)
update=6 global_step=12288 SPS=68 m_ev=0.529 m_v_bias=1.1 m_kl_max=0.0679 mpc_ms=8.9/70 cand=0.000 return=-163.4 length=200 success_rate=0.00 collisions/ep=0.00 (n=8)
update=7 global_step=14336 SPS=72 m_ev=0.642 m_v_bias=-0.3 m_kl_max=0.0323 mpc_ms=9.5/48 cand=0.000 w_ax@goal=-0.57 return=-152.4 length=200 success_rate=0.00 collisions/ep=0.00 (n=8)
update=8 global_step=16384 SPS=74 m_ev=-0.029 m_v_bias=-30.3 m_kl_max=0.0253 mpc_ms=9.6/52 cand=0.000 w_ax@goal=-0.62 return=-78.6 length=194 success_rate=0.06 collisions/ep=0.00 (n=16)
update=9 global_step=18432 SPS=77 m_ev=0.020 m_v_bias=-24.2 m_kl_max=0.0183 mpc_ms=9.1/60 cand=0.000 w_ax@goal=-0.03 return=-2.5 length=196 success_rate=0.12 collisions/ep=0.00 (n=8)
update=10 global_step=20480 SPS=80 m_ev=0.151 m_v_bias=-47.7 m_kl_max=0.0172 mpc_ms=7.6/48 cand=0.000 w_ax@goal=-0.39 return=73.9 length=192 success_rate=0.20 collisions/ep=0.00 (n=10)
Evaluation at update 10: return=-139.03, length=200.00, success_rate=0.00, collisions/ep=0.00
Solved-check at update 10: solved=False worst_gap=1161.02 at p_x0=2.00 p_y0=-0.50 (consecutive=0)
update=11 global_step=22528 SPS=65 m_ev=0.273 m_v_bias=-99.6 m_kl_max=0.0180 mpc_ms=8.5/54 cand=0.000 w_ax@goal=-0.27 return=176.5 length=188 success_rate=0.29 collisions/ep=0.00 (n=14)
update=12 global_step=24576 SPS=67 m_ev=0.395 m_v_bias=-85.1 m_kl_max=0.0116 mpc_ms=8.3/54 cand=0.000 w_ax@goal=-0.10 return=553.0 length=163 success_rate=0.64 collisions/ep=0.00 (n=11)
update=13 global_step=26624 SPS=70 m_ev=0.486 m_v_bias=-22.7 m_kl_max=0.0076 mpc_ms=7.5/50 cand=0.000 w_ax@goal=+0.03 return=292.3 length=172 success_rate=0.40 collisions/ep=0.00 (n=10)
update=14 global_step=28672 SPS=71 m_ev=0.657 m_v_bias=-79.1 m_kl_max=0.0258 mpc_ms=9.3/82 cand=0.000 w_ax@goal=-0.14 return=475.9 length=168 success_rate=0.57 collisions/ep=0.00 (n=14)
update=15 global_step=30720 SPS=73 m_ev=0.654 m_v_bias=-66.8 m_kl_max=0.0115 mpc_ms=8.8/81 cand=0.000 w_ax@goal=+0.09 return=701.8 length=152 success_rate=0.77 collisions/ep=0.00 (n=13)
Evaluation at update 15: return=65.00, length=178.30, success_rate=0.20, collisions/ep=0.00
Solved-check at update 15: solved=False worst_gap=1191.02 at p_x0=2.00 p_y0=-1.00 (consecutive=0)
update=16 global_step=32768 SPS=66 m_ev=0.752 m_v_bias=24.7 m_kl_max=0.0195 mpc_ms=7.3/48 cand=0.000 w_ax@goal=-0.21 return=254.7 length=169 success_rate=0.36 collisions/ep=0.00 (n=14)
update=17 global_step=34816 SPS=68 m_ev=0.815 m_v_bias=11.8 m_kl_max=0.0128 mpc_ms=7.3/49 cand=0.000 w_ax@goal=-0.07 return=572.0 length=140 success_rate=0.64 collisions/ep=0.00 (n=14)
update=18 global_step=36864 SPS=70 m_ev=0.800 m_v_bias=-63.8 m_kl_max=0.0142 mpc_ms=7.9/48 cand=0.000 w_ax@goal=-0.07 return=829.8 length=131 success_rate=0.88 collisions/ep=0.00 (n=16)
update=19 global_step=38912 SPS=72 m_ev=0.814 m_v_bias=-29.7 m_kl_max=0.0155 mpc_ms=7.5/46 cand=0.000 w_ax@goal=-0.09 return=537.1 length=153 success_rate=0.62 collisions/ep=0.00 (n=13)
update=20 global_step=40960 SPS=73 m_ev=0.823 m_v_bias=-22.1 m_kl_max=0.0160 mpc_ms=7.8/45 cand=0.000 w_ax@goal=+0.05 return=901.9 length=124 success_rate=0.94 collisions/ep=0.00 (n=16)
Evaluation at update 20: return=1005.97, length=86.50, success_rate=1.00, collisions/ep=0.00
Solved-check at update 20: solved=False worst_gap=21.32 at p_x0=2.00 p_y0=-1.00 (consecutive=0)
update=21 global_step=43008 SPS=70 m_ev=0.835 m_v_bias=-29.4 m_kl_max=0.0200 mpc_ms=7.9/50 cand=0.000 w_ax@goal=+0.05 return=976.8 length=114 success_rate=1.00 collisions/ep=0.00 (n=18)
update=22 global_step=45056 SPS=72 m_ev=0.856 m_v_bias=13.8 m_kl_max=0.0141 mpc_ms=8.2/50 cand=0.000 w_ax@goal=-0.01 return=966.4 length=125 success_rate=1.00 collisions/ep=0.00 (n=18)
update=23 global_step=47104 SPS=73 m_ev=0.874 m_v_bias=-37.9 m_kl_max=0.0143 mpc_ms=7.8/50 cand=0.000 w_ax@goal=+0.07 return=988.8 length=103 success_rate=1.00 collisions/ep=0.00 (n=21)
update=24 global_step=49152 SPS=74 m_ev=0.902 m_v_bias=3.2 m_kl_max=0.0131 mpc_ms=8.2/55 cand=0.000 w_ax@goal=-0.04 return=985.2 length=106 success_rate=1.00 collisions/ep=0.00 (n=19)
update=25 global_step=51200 SPS=75 m_ev=0.908 m_v_bias=-18.8 m_kl_max=0.0096 mpc_ms=8.0/48 cand=0.000 w_ax@goal=-0.05 return=995.9 length=95 success_rate=1.00 collisions/ep=0.00 (n=22)
Evaluation at update 25: return=1010.25, length=82.15, success_rate=1.00, collisions/ep=0.00
Solved-check at update 25: solved=True worst_gap=3.80 at p_x0=0.00 p_y0=1.00 (consecutive=0)
update=26 global_step=53248 SPS=73 m_ev=0.920 m_v_bias=15.0 m_kl_max=0.0189 mpc_ms=7.8/50 cand=0.000 w_ax@goal=-0.14 return=995.6 length=98 success_rate=1.00 collisions/ep=0.00 (n=20)
update=27 global_step=55296 SPS=74 m_ev=0.915 m_v_bias=-0.2 m_kl_max=0.0150 mpc_ms=7.8/47 cand=0.000 w_ax@goal=+0.17 return=995.3 length=95 success_rate=1.00 collisions/ep=0.00 (n=21)
update=28 global_step=57344 SPS=76 m_ev=0.945 m_v_bias=-20.8 m_kl_max=0.0185 mpc_ms=7.8/50 cand=0.000 w_ax@goal=-0.06 return=999.8 length=91 success_rate=1.00 collisions/ep=0.00 (n=23)
update=29 global_step=59392 SPS=77 m_ev=0.945 m_v_bias=6.1 m_kl_max=0.0113 mpc_ms=7.3/44 cand=0.000 w_ax@goal=-0.00 return=997.5 length=95 success_rate=1.00 collisions/ep=0.00 (n=24)
update=30 global_step=61440 SPS=78 m_ev=0.956 m_v_bias=-12.6 m_kl_max=0.0267 mpc_ms=7.4/37 cand=0.000 w_ax@goal=-0.02 return=1001.7 length=90 success_rate=1.00 collisions/ep=0.00 (n=22)
Evaluation at update 30: return=1012.00, length=80.65, success_rate=1.00, collisions/ep=0.00
Solved-check at update 30: solved=True worst_gap=1.72 at p_x0=0.00 p_y0=-1.00 (consecutive=1)
Solved criterion held for 2 consecutive evals (tolerance=5.0) at global_step=61440.
update=31 global_step=63488 SPS=76 m_ev=0.964 m_v_bias=-1.0 m_kl_max=0.0091 mpc_ms=7.9/63 cand=0.000 w_ax@goal=+0.03 return=1003.7 length=89 success_rate=1.00 collisions/ep=0.00 (n=23)
update=32 global_step=65536 SPS=77 m_ev=0.959 m_v_bias=2.9 m_kl_max=0.0085 mpc_ms=7.6/49 cand=0.000 w_ax@goal=-0.01 return=1002.8 length=92 success_rate=1.00 collisions/ep=0.00 (n=22)
update=33 global_step=67584 SPS=78 m_ev=0.955 m_v_bias=-1.0 m_kl_max=0.0067 mpc_ms=7.6/48 cand=0.000 w_ax@goal=+0.02 return=1004.7 length=86 success_rate=1.00 collisions/ep=0.00 (n=23)
update=34 global_step=69632 SPS=79 m_ev=0.980 m_v_bias=-8.1 m_kl_max=0.0104 mpc_ms=7.5/46 cand=0.000 w_ax@goal=+0.02 return=1005.6 length=86 success_rate=1.00 collisions/ep=0.00 (n=25)
update=35 global_step=71680 SPS=80 m_ev=0.957 m_v_bias=2.0 m_kl_max=0.0065 mpc_ms=7.5/54 cand=0.000 w_ax@goal=-0.01 return=1006.1 length=86 success_rate=1.00 collisions/ep=0.00 (n=25)
Evaluation at update 35: return=1012.30, length=80.20, success_rate=1.00, collisions/ep=0.00
Solved-check at update 35: solved=True worst_gap=1.31 at p_x0=0.00 p_y0=-1.00 (consecutive=2)
update=36 global_step=73728 SPS=78 m_ev=0.965 m_v_bias=0.3 m_kl_max=0.0201 mpc_ms=7.7/46 cand=0.000 w_ax@goal=+0.04 return=1006.3 length=86 success_rate=1.00 collisions/ep=0.00 (n=23)
update=37 global_step=75776 SPS=79 m_ev=0.969 m_v_bias=-4.4 m_kl_max=0.0077 mpc_ms=7.3/45 cand=0.000 w_ax@goal=+0.07 return=1007.1 length=84 success_rate=1.00 collisions/ep=0.00 (n=22)
update=38 global_step=77824 SPS=80 m_ev=0.981 m_v_bias=-5.4 m_kl_max=0.0072 mpc_ms=7.2/43 cand=0.000 w_ax@goal=-0.06 return=1008.4 length=82 success_rate=1.00 collisions/ep=0.00 (n=26)
update=39 global_step=79872 SPS=80 m_ev=0.991 m_v_bias=-3.6 m_kl_max=0.0105 mpc_ms=7.6/53 cand=0.000 w_ax@goal=+0.02 return=1009.3 length=83 success_rate=1.00 collisions/ep=0.00 (n=25)
update=40 global_step=81920 SPS=81 m_ev=0.958 m_v_bias=11.9 m_kl_max=0.0052 mpc_ms=7.5/59 cand=0.000 w_ax@goal=+0.02 return=1006.7 length=86 success_rate=1.00 collisions/ep=0.00 (n=23)
Evaluation at update 40: return=1012.59, length=80.00, success_rate=1.00, collisions/ep=0.00
Solved-check at update 40: solved=True worst_gap=0.95 at p_x0=0.00 p_y0=-1.00 (consecutive=3)
update=41 global_step=83968 SPS=80 m_ev=0.988 m_v_bias=-14.5 m_kl_max=0.0072 mpc_ms=7.3/48 cand=0.000 w_ax@goal=+0.02 return=1007.2 length=84 success_rate=1.00 collisions/ep=0.00 (n=26)
update=42 global_step=86016 SPS=80 m_ev=0.980 m_v_bias=-0.6 m_kl_max=0.0182 mpc_ms=7.4/48 cand=0.000 w_ax@goal=-0.02 return=1008.4 length=83 success_rate=1.00 collisions/ep=0.00 (n=23)
update=43 global_step=88064 SPS=81 m_ev=0.980 m_v_bias=2.3 m_kl_max=0.0223 mpc_ms=8.2/49 cand=0.000 w_ax@goal=+0.01 return=1009.7 length=81 success_rate=1.00 collisions/ep=0.00 (n=26)
update=44 global_step=90112 SPS=82 m_ev=0.987 m_v_bias=-2.9 m_kl_max=0.0118 mpc_ms=7.6/51 cand=0.000 w_ax@goal=+0.03 return=1008.0 length=84 success_rate=1.00 collisions/ep=0.00 (n=25)
update=45 global_step=92160 SPS=82 m_ev=0.987 m_v_bias=-4.5 m_kl_max=0.0166 mpc_ms=7.2/38 cand=0.000 w_ax@goal=-0.02 return=1010.7 length=83 success_rate=1.00 collisions/ep=0.00 (n=24)
Evaluation at update 45: return=1012.92, length=79.75, success_rate=1.00, collisions/ep=0.00
Solved-check at update 45: solved=True worst_gap=0.75 at p_x0=0.00 p_y0=-1.00 (consecutive=4)
update=46 global_step=94208 SPS=81 m_ev=0.989 m_v_bias=-0.6 m_kl_max=0.0112 mpc_ms=7.5/47 cand=0.000 w_ax@goal=+0.01 return=1010.4 length=81 success_rate=1.00 collisions/ep=0.00 (n=25)
update=47 global_step=96256 SPS=82 m_ev=0.990 m_v_bias=0.9 m_kl_max=0.0158 mpc_ms=6.9/52 cand=0.000 w_ax@goal=-0.01 return=1008.9 length=83 success_rate=1.00 collisions/ep=0.00 (n=25)
update=48 global_step=98304 SPS=82 m_ev=0.986 m_v_bias=2.2 m_kl_max=0.0086 mpc_ms=7.7/47 cand=0.000 w_ax@goal=+0.02 return=1009.9 length=82 success_rate=1.00 collisions/ep=0.00 (n=26)
update=49 global_step=100352 SPS=83 m_ev=0.990 m_v_bias=-4.0 m_kl_max=0.0253 mpc_ms=7.6/53 cand=0.000 w_ax@goal=-0.02 return=1010.7 length=80 success_rate=1.00 collisions/ep=0.00 (n=24)
update=50 global_step=102400 SPS=83 m_ev=0.997 m_v_bias=-0.7 m_kl_max=0.0097 mpc_ms=7.3/38 cand=0.000 w_ax@goal=+0.00 return=1010.8 length=81 success_rate=1.00 collisions/ep=0.00 (n=28)
Evaluation at update 50: return=1013.05, length=79.45, success_rate=1.00, collisions/ep=0.00
Solved-check at update 50: solved=True worst_gap=0.57 at p_x0=0.00 p_y0=-1.00 (consecutive=5)
update=51 global_step=104448 SPS=82 m_ev=0.994 m_v_bias=-1.6 m_kl_max=0.0047 mpc_ms=7.1/36 cand=0.000 w_ax@goal=-0.00 return=1011.5 length=82 success_rate=1.00 collisions/ep=0.00 (n=24)
update=52 global_step=106496 SPS=83 m_ev=0.996 m_v_bias=-0.9 m_kl_max=0.0117 mpc_ms=7.1/37 cand=0.000 w_ax@goal=+0.00 return=1011.4 length=81 success_rate=1.00 collisions/ep=0.00 (n=25)
update=53 global_step=108544 SPS=83 m_ev=0.997 m_v_bias=-0.0 m_kl_max=0.0190 mpc_ms=7.0/34 cand=0.000 w_ax@goal=-0.01 return=1011.4 length=79 success_rate=1.00 collisions/ep=0.00 (n=26)
update=54 global_step=110592 SPS=84 m_ev=0.986 m_v_bias=2.9 m_kl_max=0.0075 mpc_ms=7.3/50 cand=0.000 w_ax@goal=+0.01 return=1010.8 length=81 success_rate=1.00 collisions/ep=0.00 (n=25)
update=55 global_step=112640 SPS=85 m_ev=0.997 m_v_bias=-1.3 m_kl_max=0.0256 mpc_ms=7.1/30 cand=0.000 w_ax@goal=+0.01 return=1012.0 length=80 success_rate=1.00 collisions/ep=0.00 (n=26)
Evaluation at update 55: return=1013.21, length=79.30, success_rate=1.00, collisions/ep=0.00
Solved-check at update 55: solved=True worst_gap=0.36 at p_x0=0.00 p_y0=-1.00 (consecutive=6)
update=56 global_step=114688 SPS=83 m_ev=0.990 m_v_bias=0.9 m_kl_max=0.0147 mpc_ms=7.0/56 cand=0.000 w_ax@goal=+0.02 return=1011.2 length=79 success_rate=1.00 collisions/ep=0.00 (n=27)
update=57 global_step=116736 SPS=84 m_ev=0.993 m_v_bias=-0.1 m_kl_max=0.0136 mpc_ms=7.2/50 cand=0.000 w_ax@goal=-0.05 return=1011.8 length=78 success_rate=1.00 collisions/ep=0.00 (n=25)
update=58 global_step=118784 SPS=84 m_ev=0.999 m_v_bias=-2.8 m_kl_max=0.0235 mpc_ms=7.0/54 cand=0.000 w_ax@goal=+0.00 return=1011.7 length=81 success_rate=1.00 collisions/ep=0.00 (n=24)
update=59 global_step=120832 SPS=85 m_ev=0.994 m_v_bias=1.6 m_kl_max=0.0100 mpc_ms=7.4/43 cand=0.000 w_ax@goal=-0.05 return=1011.5 length=81 success_rate=1.00 collisions/ep=0.00 (n=26)
update=60 global_step=122880 SPS=85 m_ev=0.998 m_v_bias=-3.6 m_kl_max=0.0090 mpc_ms=7.1/41 cand=0.000 w_ax@goal=+0.00 return=1012.2 length=79 success_rate=1.00 collisions/ep=0.00 (n=29)
Evaluation at update 60: return=1013.29, length=79.30, success_rate=1.00, collisions/ep=0.00
Solved-check at update 60: solved=True worst_gap=0.27 at p_x0=0.00 p_y0=-1.00 (consecutive=7)
update=61 global_step=124928 SPS=84 m_ev=0.998 m_v_bias=2.3 m_kl_max=0.0170 mpc_ms=7.0/56 cand=0.000 w_ax@goal=+0.00 return=1011.8 length=79 success_rate=1.00 collisions/ep=0.00 (n=24)
update=62 global_step=126976 SPS=85 m_ev=0.995 m_v_bias=-1.1 m_kl_max=0.0085 mpc_ms=7.3/38 cand=0.000 w_ax@goal=-0.04 return=1011.4 length=81 success_rate=1.00 collisions/ep=0.00 (n=24)
update=63 global_step=129024 SPS=85 m_ev=0.991 m_v_bias=-0.5 m_kl_max=0.0151 mpc_ms=6.9/73 cand=0.000 w_ax@goal=-0.00 return=1011.7 length=81 success_rate=1.00 collisions/ep=0.00 (n=26)
update=64 global_step=131072 SPS=86 m_ev=0.997 m_v_bias=-3.7 m_kl_max=0.0191 mpc_ms=7.1/33 cand=0.000 w_ax@goal=+0.04 return=1011.8 length=79 success_rate=1.00 collisions/ep=0.00 (n=26)
update=65 global_step=133120 SPS=86 m_ev=0.999 m_v_bias=-2.6 m_kl_max=0.0113 mpc_ms=6.9/42 cand=0.000 w_ax@goal=-0.00 return=1012.2 length=78 success_rate=1.00 collisions/ep=0.00 (n=26)
Evaluation at update 65: return=1013.38, length=79.25, success_rate=1.00, collisions/ep=0.00
Solved-check at update 65: solved=True worst_gap=0.16 at p_x0=0.00 p_y0=-1.00 (consecutive=8)
update=66 global_step=135168 SPS=85 m_ev=0.990 m_v_bias=2.4 m_kl_max=0.0148 mpc_ms=6.9/39 cand=0.000 w_ax@goal=+0.00 return=1012.3 length=81 success_rate=1.00 collisions/ep=0.00 (n=27)
update=67 global_step=137216 SPS=86 m_ev=0.978 m_v_bias=3.5 m_kl_max=0.0127 mpc_ms=7.4/49 cand=0.000 w_ax@goal=-0.00 return=1010.3 length=81 success_rate=1.00 collisions/ep=0.00 (n=25)
update=68 global_step=139264 SPS=86 m_ev=0.988 m_v_bias=1.7 m_kl_max=0.0114 mpc_ms=7.0/40 cand=0.000 w_ax@goal=+0.01 return=1011.4 length=80 success_rate=1.00 collisions/ep=0.00 (n=24)
update=69 global_step=141312 SPS=87 m_ev=0.998 m_v_bias=-4.1 m_kl_max=0.0066 mpc_ms=7.2/41 cand=0.000 w_ax@goal=+0.01 return=1011.9 length=80 success_rate=1.00 collisions/ep=0.00 (n=25)
update=70 global_step=143360 SPS=87 m_ev=0.998 m_v_bias=-0.2 m_kl_max=0.0131 mpc_ms=7.0/38 cand=0.000 w_ax@goal=-0.00 return=1012.4 length=81 success_rate=1.00 collisions/ep=0.00 (n=28)
Evaluation at update 70: return=1013.41, length=79.20, success_rate=1.00, collisions/ep=0.00
Solved-check at update 70: solved=True worst_gap=0.11 at p_x0=0.00 p_y0=-1.00 (consecutive=9)
update=71 global_step=145408 SPS=86 m_ev=0.999 m_v_bias=-1.5 m_kl_max=0.0193 mpc_ms=7.1/45 cand=0.000 w_ax@goal=-0.02 return=1013.0 length=80 success_rate=1.00 collisions/ep=0.00 (n=25)
update=72 global_step=147456 SPS=87 m_ev=0.995 m_v_bias=2.1 m_kl_max=0.0151 mpc_ms=7.5/54 cand=0.000 w_ax@goal=+0.01 return=1012.1 length=79 success_rate=1.00 collisions/ep=0.00 (n=24)
update=73 global_step=149504 SPS=87 m_ev=0.998 m_v_bias=-1.1 m_kl_max=0.0097 mpc_ms=7.2/42 cand=0.000 w_ax@goal=+0.01 return=1012.2 length=79 success_rate=1.00 collisions/ep=0.00 (n=26)
update=74 global_step=151552 SPS=87 m_ev=0.986 m_v_bias=4.5 m_kl_max=0.0156 mpc_ms=7.1/42 cand=0.000 w_ax@goal=-0.00 return=1011.4 length=79 success_rate=1.00 collisions/ep=0.00 (n=28)
update=75 global_step=153600 SPS=88 m_ev=0.992 m_v_bias=0.3 m_kl_max=0.0265 mpc_ms=7.1/43 cand=0.000 w_ax@goal=-0.02 return=1011.2 length=81 success_rate=1.00 collisions/ep=0.00 (n=25)
Evaluation at update 75: return=1013.44, length=79.20, success_rate=1.00, collisions/ep=0.00
Solved-check at update 75: solved=True worst_gap=0.07 at p_x0=0.00 p_y0=-1.00 (consecutive=10)
update=76 global_step=155648 SPS=87 m_ev=0.995 m_v_bias=-0.0 m_kl_max=0.0208 mpc_ms=7.2/42 cand=0.000 w_ax@goal=+0.01 return=1011.4 length=79 success_rate=1.00 collisions/ep=0.00 (n=25)
update=77 global_step=157696 SPS=87 m_ev=0.999 m_v_bias=-1.6 m_kl_max=0.0091 mpc_ms=6.9/39 cand=0.000 w_ax@goal=+0.01 return=1012.9 length=79 success_rate=1.00 collisions/ep=0.00 (n=26)
update=78 global_step=159744 SPS=88 m_ev=0.998 m_v_bias=1.3 m_kl_max=0.0061 mpc_ms=7.0/41 cand=0.000 w_ax@goal=+0.01 return=1012.2 length=79 success_rate=1.00 collisions/ep=0.00 (n=28)
update=79 global_step=161792 SPS=88 m_ev=0.999 m_v_bias=-0.6 m_kl_max=0.0028 mpc_ms=7.0/42 cand=0.000 w_ax@goal=-0.02 return=1012.5 length=78 success_rate=1.00 collisions/ep=0.00 (n=25)
update=80 global_step=163840 SPS=88 m_ev=0.996 m_v_bias=1.1 m_kl_max=0.0171 mpc_ms=7.2/42 cand=0.000 w_ax@goal=+0.01 return=1011.7 length=79 success_rate=1.00 collisions/ep=0.00 (n=24)
Evaluation at update 80: return=1013.46, length=79.20, success_rate=1.00, collisions/ep=0.00
Solved-check at update 80: solved=True worst_gap=0.04 at p_x0=0.00 p_y0=-1.00 (consecutive=11)
update=81 global_step=165888 SPS=87 m_ev=0.999 m_v_bias=-2.2 m_kl_max=0.0116 mpc_ms=6.8/37 cand=0.000 w_ax@goal=+0.02 return=1012.6 length=78 success_rate=1.00 collisions/ep=0.00 (n=27)
update=82 global_step=167936 SPS=88 m_ev=0.999 m_v_bias=0.3 m_kl_max=0.0089 mpc_ms=7.1/54 cand=0.000 w_ax@goal=-0.02 return=1013.1 length=79 success_rate=1.00 collisions/ep=0.00 (n=27)
update=83 global_step=169984 SPS=88 m_ev=0.999 m_v_bias=-0.3 m_kl_max=0.0136 mpc_ms=6.9/50 cand=0.000 w_ax@goal=-0.01 return=1013.2 length=81 success_rate=1.00 collisions/ep=0.00 (n=25)
update=84 global_step=172032 SPS=88 m_ev=0.998 m_v_bias=1.0 m_kl_max=0.0183 mpc_ms=7.2/37 cand=0.000 w_ax@goal=+0.03 return=1012.3 length=78 success_rate=1.00 collisions/ep=0.00 (n=27)
update=85 global_step=174080 SPS=89 m_ev=0.999 m_v_bias=-0.9 m_kl_max=0.0067 mpc_ms=7.2/35 cand=0.000 w_ax@goal=-0.00 return=1012.8 length=78 success_rate=1.00 collisions/ep=0.00 (n=26)
Evaluation at update 85: return=1013.50, length=79.20, success_rate=1.00, collisions/ep=0.00
Solved-check at update 85: solved=True worst_gap=0.01 at p_x0=0.50 p_y0=-1.00 (consecutive=12)
update=86 global_step=176128 SPS=88 m_ev=0.999 m_v_bias=0.7 m_kl_max=0.0088 mpc_ms=7.0/27 cand=0.000 w_ax@goal=-0.00 return=1012.9 length=79 success_rate=1.00 collisions/ep=0.00 (n=25)
update=87 global_step=178176 SPS=88 m_ev=0.995 m_v_bias=1.2 m_kl_max=0.0487 mpc_ms=7.4/47 cand=0.000 w_ax@goal=-0.00 return=1012.3 length=79 success_rate=1.00 collisions/ep=0.00 (n=27)
update=88 global_step=180224 SPS=89 m_ev=0.999 m_v_bias=-0.7 m_kl_max=0.0054 mpc_ms=6.9/34 cand=0.000 w_ax@goal=-0.00 return=1012.2 length=78 success_rate=1.00 collisions/ep=0.00 (n=26)
update=89 global_step=182272 SPS=89 m_ev=0.987 m_v_bias=2.7 m_kl_max=0.0289 mpc_ms=7.4/45 cand=0.000 w_ax@goal=+0.02 return=1012.1 length=80 success_rate=1.00 collisions/ep=0.00 (n=26)
update=90 global_step=184320 SPS=89 m_ev=0.997 m_v_bias=-3.6 m_kl_max=0.0087 mpc_ms=7.2/41 cand=0.000 w_ax@goal=-0.01 return=1012.3 length=79 success_rate=1.00 collisions/ep=0.00 (n=25)
Evaluation at update 90: return=1013.51, length=79.20, success_rate=1.00, collisions/ep=0.00
Solved-check at update 90: solved=True worst_gap=-0.01 at p_x0=0.00 p_y0=-1.00 (consecutive=13)
update=91 global_step=186368 SPS=88 m_ev=0.999 m_v_bias=-1.6 m_kl_max=0.0199 mpc_ms=7.0/47 cand=0.000 w_ax@goal=-0.03 return=1012.6 length=78 success_rate=1.00 collisions/ep=0.00 (n=27)
update=92 global_step=188416 SPS=89 m_ev=0.993 m_v_bias=1.2 m_kl_max=0.0066 mpc_ms=6.9/34 cand=0.000 w_ax@goal=+0.00 return=1012.6 length=79 success_rate=1.00 collisions/ep=0.00 (n=26)
update=93 global_step=190464 SPS=89 m_ev=0.990 m_v_bias=2.1 m_kl_max=0.0075 mpc_ms=7.2/46 cand=0.000 w_ax@goal=+0.02 return=1012.3 length=81 success_rate=1.00 collisions/ep=0.00 (n=24)
update=94 global_step=192512 SPS=89 m_ev=0.998 m_v_bias=-3.1 m_kl_max=0.0112 mpc_ms=7.0/46 cand=0.000 w_ax@goal=+0.01 return=1012.9 length=81 success_rate=1.00 collisions/ep=0.00 (n=25)
update=95 global_step=194560 SPS=90 m_ev=1.000 m_v_bias=-1.8 m_kl_max=0.0063 mpc_ms=7.0/29 cand=0.000 w_ax@goal=-0.01 return=1013.4 length=80 success_rate=1.00 collisions/ep=0.00 (n=27)
Evaluation at update 95: return=1013.51, length=79.10, success_rate=1.00, collisions/ep=0.00
Solved-check at update 95: solved=True worst_gap=-0.03 at p_x0=0.00 p_y0=-1.00 (consecutive=14)
update=96 global_step=196608 SPS=89 m_ev=0.997 m_v_bias=2.4 m_kl_max=0.0105 mpc_ms=7.2/35 cand=0.000 w_ax@goal=-0.01 return=1012.8 length=79 success_rate=1.00 collisions/ep=0.00 (n=26)
update=97 global_step=198656 SPS=89 m_ev=0.999 m_v_bias=-0.5 m_kl_max=0.0167 mpc_ms=6.8/31 cand=0.000 w_ax@goal=+0.00 return=1012.9 length=79 success_rate=1.00 collisions/ep=0.00 (n=25)
update=98 global_step=200704 SPS=90 m_ev=0.997 m_v_bias=1.5 m_kl_max=0.0141 mpc_ms=7.1/47 cand=0.000 w_ax@goal=-0.02 return=1012.8 length=79 success_rate=1.00 collisions/ep=0.00 (n=26)
update=99 global_step=202752 SPS=90 m_ev=1.000 m_v_bias=-1.7 m_kl_max=0.0061 mpc_ms=7.0/44 cand=0.000 w_ax@goal=+0.02 return=1013.2 length=80 success_rate=1.00 collisions/ep=0.00 (n=26)
update=100 global_step=204800 SPS=90 m_ev=0.999 m_v_bias=0.4 m_kl_max=0.0072 mpc_ms=6.8/47 cand=0.000 w_ax@goal=+0.01 return=1013.1 length=78 success_rate=1.00 collisions/ep=0.00 (n=26)
Evaluation at update 100: return=1013.52, length=79.00, success_rate=1.00, collisions/ep=0.00
Solved-check at update 100: solved=True worst_gap=-0.06 at p_x0=0.00 p_y0=-1.00 (consecutive=15)
Saved checkpoints to C:\Users\loren\Desktop\MASTER THESIS\5_CODE\scenarios\slalom\studies\init_sampler\ppo_mpc_uniform\runs\ppo_mpc_slalom_16_1791041798
