Using device: cpu
Solved-check: precomputed optimal returns for 25 fixed initial conditions (mean=1013.0, min=1011.0, max=1015.0); solved-tolerance=5.0
Goal box: +-1.800 m (1.5x segment-reachable; segment-reachable displacement = 1.200 m)
tube MPC: W half-widths [0. 0. 0. 0.], RPI s=0 alpha=0; Z half-widths (p_x, p_y, v_x, v_y) = [0. 0. 0. 0.]
  X0 (-) Z: p_x [-1.000, 11.000], p_y [-1.999, 1.999], |v| <= 1.200; V = U (-) KZ: |u| <= 2.500; K = [-7.613 -4.585] per axis
  4 obstacles, 132 binaries before fixing, max big-M 9.00; horizon N=10, stopping time 5 steps
num_envs=8 num_steps_per_env=256 batch_size=2048 num_updates=100 timesteps=204800
update=1 global_step=2048 SPS=155 m_ev=-0.001 m_v_bias=42.6 m_kl_max=0.0050 mpc_ms=6.2/30 cand=0.000 return=-195.5 length=200 success_rate=0.00 collisions/ep=0.00 (n=8)
update=2 global_step=4096 SPS=155 m_ev=-0.709 m_v_bias=24.6 m_kl_max=0.0121 mpc_ms=6.1/37 cand=0.000 return=-204.7 length=200 success_rate=0.00 collisions/ep=0.00 (n=8)
update=3 global_step=6144 SPS=152 m_ev=-0.452 m_v_bias=11.5 m_kl_max=0.0410 mpc_ms=6.6/45 cand=0.000 return=-190.4 length=200 success_rate=0.00 collisions/ep=0.00 (n=8)
update=4 global_step=8192 SPS=149 m_ev=-0.106 m_v_bias=5.5 m_kl_max=0.0437 mpc_ms=6.8/43 cand=0.000 return=-168.0 length=200 success_rate=0.00 collisions/ep=0.00 (n=16)
update=5 global_step=10240 SPS=147 m_ev=0.335 m_v_bias=0.8 m_kl_max=0.0558 mpc_ms=6.8/38 cand=0.000 return=-151.2 length=200 success_rate=0.00 collisions/ep=0.00 (n=8)
Evaluation at update 5: return=-141.48, length=200.00, success_rate=0.00, collisions/ep=0.00
Solved-check at update 5: solved=False worst_gap=1162.24 at p_x0=2.00 p_y0=-1.00 (consecutive=0)
update=6 global_step=12288 SPS=81 m_ev=0.430 m_v_bias=1.8 m_kl_max=0.0507 mpc_ms=7.3/52 cand=0.000 return=-161.8 length=200 success_rate=0.00 collisions/ep=0.00 (n=8)
update=7 global_step=14336 SPS=86 m_ev=0.783 m_v_bias=-0.6 m_kl_max=0.0415 mpc_ms=7.3/42 cand=0.000 w_ax@goal=-1.15 return=-143.9 length=200 success_rate=0.00 collisions/ep=0.00 (n=8)
update=8 global_step=16384 SPS=90 m_ev=0.907 m_v_bias=0.9 m_kl_max=0.0425 mpc_ms=7.1/45 cand=0.000 w_ax@goal=-0.53 return=-142.5 length=200 success_rate=0.00 collisions/ep=0.00 (n=16)
update=9 global_step=18432 SPS=94 m_ev=0.926 m_v_bias=-0.2 m_kl_max=0.0296 mpc_ms=6.4/45 cand=0.000 w_ax@goal=-0.77 return=-140.7 length=200 success_rate=0.00 collisions/ep=0.00 (n=8)
update=10 global_step=20480 SPS=97 m_ev=-0.057 m_v_bias=-27.2 m_kl_max=0.0059 mpc_ms=6.8/45 cand=0.000 w_ax@goal=-0.55 return=-12.2 length=200 success_rate=0.12 collisions/ep=0.00 (n=8)
Evaluation at update 10: return=-141.48, length=200.00, success_rate=0.00, collisions/ep=0.00
Solved-check at update 10: solved=False worst_gap=1161.02 at p_x0=2.00 p_y0=-1.00 (consecutive=0)
update=11 global_step=22528 SPS=78 m_ev=0.072 m_v_bias=-169.6 m_kl_max=0.0253 mpc_ms=7.9/50 cand=0.000 w_ax@goal=-0.25 return=240.4 length=183 success_rate=0.35 collisions/ep=0.00 (n=17)
update=12 global_step=24576 SPS=80 m_ev=0.247 m_v_bias=-45.4 m_kl_max=0.0293 mpc_ms=8.3/44 cand=0.000 w_ax@goal=-0.35 return=141.1 length=187 success_rate=0.25 collisions/ep=0.00 (n=8)
update=13 global_step=26624 SPS=82 m_ev=0.429 m_v_bias=-91.5 m_kl_max=0.0161 mpc_ms=8.1/61 cand=0.000 w_ax@goal=-0.04 return=412.4 length=171 success_rate=0.50 collisions/ep=0.00 (n=12)
update=14 global_step=28672 SPS=84 m_ev=0.518 m_v_bias=-119.9 m_kl_max=0.0227 mpc_ms=7.6/39 cand=0.000 w_ax@goal=-0.07 return=696.1 length=159 success_rate=0.77 collisions/ep=0.00 (n=13)
update=15 global_step=30720 SPS=86 m_ev=0.618 m_v_bias=-24.5 m_kl_max=0.0172 mpc_ms=8.3/49 cand=0.000 w_ax@goal=+0.01 return=700.9 length=156 success_rate=0.77 collisions/ep=0.00 (n=13)
Evaluation at update 15: return=531.61, length=133.85, success_rate=0.60, collisions/ep=0.00
Solved-check at update 15: solved=False worst_gap=1191.02 at p_x0=2.00 p_y0=-0.50 (consecutive=0)
update=16 global_step=32768 SPS=69 m_ev=0.672 m_v_bias=-81.0 m_kl_max=0.0135 mpc_ms=8.3/67 cand=0.000 w_ax@goal=+0.06 return=765.5 length=134 success_rate=0.81 collisions/ep=0.00 (n=16)
update=17 global_step=34816 SPS=70 m_ev=0.785 m_v_bias=-31.7 m_kl_max=0.0161 mpc_ms=11.4/73 cand=0.000 w_ax@goal=-0.01 return=625.6 length=142 success_rate=0.69 collisions/ep=0.00 (n=16)
update=18 global_step=36864 SPS=71 m_ev=0.781 m_v_bias=-36.2 m_kl_max=0.0104 mpc_ms=9.3/66 cand=0.000 w_ax@goal=-0.07 return=963.3 length=128 success_rate=1.00 collisions/ep=0.00 (n=17)
update=19 global_step=38912 SPS=74 m_ev=0.850 m_v_bias=6.1 m_kl_max=0.0124 mpc_ms=4.8/29 cand=0.000 w_ax@goal=-0.16 return=900.4 length=122 success_rate=0.93 collisions/ep=0.00 (n=14)
update=20 global_step=40960 SPS=75 m_ev=0.865 m_v_bias=-29.5 m_kl_max=0.0141 mpc_ms=7.0/81 cand=0.000 w_ax@goal=-0.09 return=974.5 length=116 success_rate=1.00 collisions/ep=0.00 (n=20)
Evaluation at update 20: return=1008.54, length=81.55, success_rate=1.00, collisions/ep=0.00
Solved-check at update 20: solved=False worst_gap=9.42 at p_x0=2.00 p_y0=-1.00 (consecutive=0)
update=21 global_step=43008 SPS=73 m_ev=0.901 m_v_bias=-29.4 m_kl_max=0.0071 mpc_ms=7.5/49 cand=0.000 w_ax@goal=-0.01 return=990.3 length=103 success_rate=1.00 collisions/ep=0.00 (n=19)
update=22 global_step=45056 SPS=74 m_ev=0.928 m_v_bias=-7.7 m_kl_max=0.0101 mpc_ms=7.8/49 cand=0.000 w_ax@goal=+0.01 return=992.6 length=97 success_rate=1.00 collisions/ep=0.00 (n=23)
update=23 global_step=47104 SPS=76 m_ev=0.776 m_v_bias=15.2 m_kl_max=0.0331 mpc_ms=7.6/53 cand=0.000 w_ax@goal=-0.05 return=945.4 length=96 success_rate=0.95 collisions/ep=0.00 (n=21)
update=24 global_step=49152 SPS=77 m_ev=0.878 m_v_bias=4.5 m_kl_max=0.0240 mpc_ms=8.1/60 cand=0.000 w_ax@goal=+0.02 return=940.5 length=100 success_rate=0.95 collisions/ep=0.00 (n=21)
update=25 global_step=51200 SPS=78 m_ev=0.915 m_v_bias=-8.4 m_kl_max=0.0116 mpc_ms=7.1/43 cand=0.000 w_ax@goal=-0.10 return=995.7 length=97 success_rate=1.00 collisions/ep=0.00 (n=20)
Evaluation at update 25: return=1010.88, length=79.30, success_rate=1.00, collisions/ep=0.00
Solved-check at update 25: solved=True worst_gap=2.55 at p_x0=0.00 p_y0=1.00 (consecutive=0)
update=26 global_step=53248 SPS=76 m_ev=0.927 m_v_bias=-10.1 m_kl_max=0.0080 mpc_ms=8.2/55 cand=0.000 w_ax@goal=-0.01 return=998.4 length=94 success_rate=1.00 collisions/ep=0.00 (n=23)
update=27 global_step=55296 SPS=77 m_ev=0.942 m_v_bias=-6.9 m_kl_max=0.0104 mpc_ms=8.7/48 cand=0.000 w_ax@goal=+0.03 return=1004.1 length=90 success_rate=1.00 collisions/ep=0.00 (n=23)
update=28 global_step=57344 SPS=78 m_ev=0.925 m_v_bias=6.0 m_kl_max=0.0048 mpc_ms=7.2/48 cand=0.000 w_ax@goal=+0.01 return=1004.0 length=86 success_rate=1.00 collisions/ep=0.00 (n=22)
update=29 global_step=59392 SPS=79 m_ev=0.974 m_v_bias=-8.9 m_kl_max=0.0032 mpc_ms=8.5/59 cand=0.000 w_ax@goal=-0.02 return=1003.0 length=87 success_rate=1.00 collisions/ep=0.00 (n=25)
update=30 global_step=61440 SPS=80 m_ev=0.963 m_v_bias=5.9 m_kl_max=0.0248 mpc_ms=6.9/63 cand=0.000 w_ax@goal=+0.05 return=1003.7 length=86 success_rate=1.00 collisions/ep=0.00 (n=23)
Evaluation at update 30: return=1011.68, length=78.55, success_rate=1.00, collisions/ep=0.00
Solved-check at update 30: solved=True worst_gap=1.63 at p_x0=0.00 p_y0=1.00 (consecutive=1)
Solved criterion held for 2 consecutive evals (tolerance=5.0) at global_step=61440.
update=31 global_step=63488 SPS=77 m_ev=0.962 m_v_bias=6.0 m_kl_max=0.0112 mpc_ms=9.2/53 cand=0.000 w_ax@goal=+0.02 return=1004.1 length=87 success_rate=1.00 collisions/ep=0.00 (n=24)
update=32 global_step=65536 SPS=78 m_ev=0.976 m_v_bias=-1.1 m_kl_max=0.0049 mpc_ms=7.1/46 cand=0.000 w_ax@goal=-0.00 return=1004.5 length=87 success_rate=1.00 collisions/ep=0.00 (n=24)
update=33 global_step=67584 SPS=79 m_ev=0.985 m_v_bias=-9.3 m_kl_max=0.0047 mpc_ms=7.1/46 cand=0.000 w_ax@goal=+0.01 return=1007.6 length=85 success_rate=1.00 collisions/ep=0.00 (n=24)
update=34 global_step=69632 SPS=80 m_ev=0.974 m_v_bias=1.7 m_kl_max=0.0083 mpc_ms=7.5/46 cand=0.000 w_ax@goal=-0.03 return=1008.1 length=84 success_rate=1.00 collisions/ep=0.00 (n=24)
update=35 global_step=71680 SPS=81 m_ev=0.963 m_v_bias=3.6 m_kl_max=0.0049 mpc_ms=7.1/41 cand=0.000 w_ax@goal=+0.06 return=1007.2 length=83 success_rate=1.00 collisions/ep=0.00 (n=25)
Evaluation at update 35: return=1012.08, length=78.10, success_rate=1.00, collisions/ep=0.00
Solved-check at update 35: solved=True worst_gap=1.10 at p_x0=0.00 p_y0=-1.00 (consecutive=2)
update=36 global_step=73728 SPS=79 m_ev=0.974 m_v_bias=1.7 m_kl_max=0.0291 mpc_ms=8.1/58 cand=0.000 w_ax@goal=-0.01 return=1005.3 length=86 success_rate=1.00 collisions/ep=0.00 (n=25)
update=37 global_step=75776 SPS=79 m_ev=0.981 m_v_bias=-6.2 m_kl_max=0.0227 mpc_ms=9.2/82 cand=0.000 w_ax@goal=+0.01 return=1008.9 length=84 success_rate=1.00 collisions/ep=0.00 (n=23)
update=38 global_step=77824 SPS=80 m_ev=0.990 m_v_bias=1.5 m_kl_max=0.0115 mpc_ms=8.9/80 cand=0.000 w_ax@goal=-0.02 return=1008.4 length=82 success_rate=1.00 collisions/ep=0.00 (n=26)
update=39 global_step=79872 SPS=81 m_ev=0.985 m_v_bias=0.6 m_kl_max=0.0198 mpc_ms=7.6/42 cand=0.000 w_ax@goal=+0.01 return=1007.5 length=84 success_rate=1.00 collisions/ep=0.00 (n=24)
update=40 global_step=81920 SPS=81 m_ev=0.955 m_v_bias=7.6 m_kl_max=0.0141 mpc_ms=8.7/92 cand=0.000 w_ax@goal=+0.00 return=1006.8 length=85 success_rate=1.00 collisions/ep=0.00 (n=23)
Evaluation at update 40: return=1012.27, length=77.75, success_rate=1.00, collisions/ep=0.00
Solved-check at update 40: solved=True worst_gap=0.84 at p_x0=0.50 p_y0=-1.00 (consecutive=3)
update=41 global_step=83968 SPS=79 m_ev=0.984 m_v_bias=-4.8 m_kl_max=0.0170 mpc_ms=6.4/52 cand=0.000 w_ax@goal=+0.03 return=1006.4 length=85 success_rate=1.00 collisions/ep=0.00 (n=26)
update=42 global_step=86016 SPS=80 m_ev=0.978 m_v_bias=-0.8 m_kl_max=0.0113 mpc_ms=8.0/75 cand=0.000 w_ax@goal=-0.05 return=1006.2 length=85 success_rate=1.00 collisions/ep=0.00 (n=23)
update=43 global_step=88064 SPS=80 m_ev=0.987 m_v_bias=-6.8 m_kl_max=0.0119 mpc_ms=9.6/69 cand=0.000 w_ax@goal=-0.02 return=1010.7 length=82 success_rate=1.00 collisions/ep=0.00 (n=25)
update=44 global_step=90112 SPS=80 m_ev=0.993 m_v_bias=0.5 m_kl_max=0.0179 mpc_ms=10.8/71 cand=0.000 w_ax@goal=+0.03 return=1010.1 length=82 success_rate=1.00 collisions/ep=0.00 (n=24)
update=45 global_step=92160 SPS=81 m_ev=0.983 m_v_bias=1.1 m_kl_max=0.0078 mpc_ms=8.5/48 cand=0.000 w_ax@goal=-0.00 return=1008.8 length=83 success_rate=1.00 collisions/ep=0.00 (n=25)
Evaluation at update 45: return=1012.49, length=77.70, success_rate=1.00, collisions/ep=0.00
Solved-check at update 45: solved=True worst_gap=0.79 at p_x0=0.00 p_y0=-1.00 (consecutive=4)
update=46 global_step=94208 SPS=80 m_ev=0.983 m_v_bias=-3.3 m_kl_max=0.0230 mpc_ms=7.3/51 cand=0.000 w_ax@goal=+0.00 return=1009.8 length=84 success_rate=1.00 collisions/ep=0.00 (n=24)
update=47 global_step=96256 SPS=80 m_ev=0.986 m_v_bias=-1.7 m_kl_max=0.0073 mpc_ms=9.6/51 cand=0.000 w_ax@goal=-0.03 return=1009.4 length=82 success_rate=1.00 collisions/ep=0.00 (n=26)
update=48 global_step=98304 SPS=80 m_ev=0.991 m_v_bias=-0.9 m_kl_max=0.0121 mpc_ms=7.3/42 cand=0.000 w_ax@goal=-0.00 return=1010.2 length=80 success_rate=1.00 collisions/ep=0.00 (n=25)
update=49 global_step=100352 SPS=81 m_ev=0.996 m_v_bias=-4.4 m_kl_max=0.0230 mpc_ms=6.8/54 cand=0.000 w_ax@goal=+0.01 return=1011.2 length=79 success_rate=1.00 collisions/ep=0.00 (n=25)
update=50 global_step=102400 SPS=82 m_ev=0.997 m_v_bias=-0.9 m_kl_max=0.0095 mpc_ms=8.4/49 cand=0.000 w_ax@goal=-0.02 return=1011.8 length=82 success_rate=1.00 collisions/ep=0.00 (n=25)
Evaluation at update 50: return=1012.63, length=77.55, success_rate=1.00, collisions/ep=0.00
Solved-check at update 50: solved=True worst_gap=0.61 at p_x0=0.00 p_y0=-1.00 (consecutive=5)
update=51 global_step=104448 SPS=80 m_ev=0.980 m_v_bias=6.3 m_kl_max=0.0045 mpc_ms=8.4/49 cand=0.000 w_ax@goal=-0.02 return=1010.4 length=82 success_rate=1.00 collisions/ep=0.00 (n=26)
update=52 global_step=106496 SPS=81 m_ev=0.992 m_v_bias=-3.9 m_kl_max=0.0206 mpc_ms=7.4/42 cand=0.000 w_ax@goal=-0.04 return=1009.7 length=81 success_rate=1.00 collisions/ep=0.00 (n=24)
update=53 global_step=108544 SPS=81 m_ev=0.996 m_v_bias=-1.7 m_kl_max=0.0127 mpc_ms=7.2/41 cand=0.000 w_ax@goal=+0.06 return=1010.8 length=80 success_rate=1.00 collisions/ep=0.00 (n=26)
update=54 global_step=110592 SPS=82 m_ev=0.992 m_v_bias=0.1 m_kl_max=0.0046 mpc_ms=7.3/59 cand=0.000 w_ax@goal=+0.03 return=1011.4 length=82 success_rate=1.00 collisions/ep=0.00 (n=25)
update=55 global_step=112640 SPS=82 m_ev=0.996 m_v_bias=-0.9 m_kl_max=0.0120 mpc_ms=8.5/46 cand=0.000 w_ax@goal=+0.01 return=1011.3 length=80 success_rate=1.00 collisions/ep=0.00 (n=27)
Evaluation at update 55: return=1012.73, length=77.30, success_rate=1.00, collisions/ep=0.00
Solved-check at update 55: solved=True worst_gap=0.44 at p_x0=0.00 p_y0=-1.00 (consecutive=6)
update=56 global_step=114688 SPS=81 m_ev=0.999 m_v_bias=-3.7 m_kl_max=0.0063 mpc_ms=5.7/34 cand=0.000 w_ax@goal=+0.00 return=1011.9 length=82 success_rate=1.00 collisions/ep=0.00 (n=24)
update=57 global_step=116736 SPS=82 m_ev=0.996 m_v_bias=1.7 m_kl_max=0.0070 mpc_ms=4.2/51 cand=0.000 w_ax@goal=-0.03 return=1011.2 length=80 success_rate=1.00 collisions/ep=0.00 (n=26)
update=58 global_step=118784 SPS=83 m_ev=0.998 m_v_bias=-0.4 m_kl_max=0.0131 mpc_ms=4.1/30 cand=0.000 w_ax@goal=-0.01 return=1012.3 length=78 success_rate=1.00 collisions/ep=0.00 (n=25)
update=59 global_step=120832 SPS=84 m_ev=0.996 m_v_bias=0.9 m_kl_max=0.0084 mpc_ms=5.3/44 cand=0.000 w_ax@goal=-0.02 return=1011.5 length=81 success_rate=1.00 collisions/ep=0.00 (n=25)
update=60 global_step=122880 SPS=84 m_ev=0.992 m_v_bias=0.8 m_kl_max=0.0095 mpc_ms=7.2/49 cand=0.000 w_ax@goal=+0.01 return=1011.6 length=78 success_rate=1.00 collisions/ep=0.00 (n=27)
Evaluation at update 60: return=1012.89, length=77.15, success_rate=1.00, collisions/ep=0.00
Solved-check at update 60: solved=True worst_gap=0.24 at p_x0=0.00 p_y0=-1.00 (consecutive=7)
update=61 global_step=124928 SPS=83 m_ev=0.997 m_v_bias=-0.4 m_kl_max=0.0052 mpc_ms=8.7/40 cand=0.000 w_ax@goal=+0.03 return=1011.1 length=79 success_rate=1.00 collisions/ep=0.00 (n=26)
update=62 global_step=126976 SPS=83 m_ev=0.996 m_v_bias=-2.7 m_kl_max=0.0185 mpc_ms=7.0/39 cand=0.000 w_ax@goal=-0.04 return=1011.8 length=79 success_rate=1.00 collisions/ep=0.00 (n=26)
update=63 global_step=129024 SPS=84 m_ev=0.997 m_v_bias=1.2 m_kl_max=0.0031 mpc_ms=7.7/36 cand=0.000 w_ax@goal=-0.00 return=1011.8 length=78 success_rate=1.00 collisions/ep=0.00 (n=26)
update=64 global_step=131072 SPS=84 m_ev=0.999 m_v_bias=-2.1 m_kl_max=0.0054 mpc_ms=6.5/30 cand=0.000 w_ax@goal=-0.01 return=1012.6 length=78 success_rate=1.00 collisions/ep=0.00 (n=26)
update=65 global_step=133120 SPS=85 m_ev=0.997 m_v_bias=2.0 m_kl_max=0.0077 mpc_ms=6.9/39 cand=0.000 w_ax@goal=-0.01 return=1012.0 length=79 success_rate=1.00 collisions/ep=0.00 (n=28)
Evaluation at update 65: return=1012.97, length=77.15, success_rate=1.00, collisions/ep=0.00
Solved-check at update 65: solved=True worst_gap=0.14 at p_x0=0.00 p_y0=-1.00 (consecutive=8)
update=66 global_step=135168 SPS=84 m_ev=0.999 m_v_bias=-0.3 m_kl_max=0.0074 mpc_ms=8.5/46 cand=0.000 w_ax@goal=-0.03 return=1012.4 length=80 success_rate=1.00 collisions/ep=0.00 (n=25)
update=67 global_step=137216 SPS=84 m_ev=0.997 m_v_bias=1.0 m_kl_max=0.0188 mpc_ms=8.2/43 cand=0.000 w_ax@goal=-0.00 return=1011.9 length=78 success_rate=1.00 collisions/ep=0.00 (n=26)
update=68 global_step=139264 SPS=84 m_ev=0.998 m_v_bias=-2.8 m_kl_max=0.0068 mpc_ms=9.0/57 cand=0.000 w_ax@goal=+0.02 return=1012.6 length=78 success_rate=1.00 collisions/ep=0.00 (n=27)
update=69 global_step=141312 SPS=85 m_ev=0.993 m_v_bias=0.6 m_kl_max=0.0099 mpc_ms=8.3/43 cand=0.000 w_ax@goal=+0.01 return=1011.5 length=79 success_rate=1.00 collisions/ep=0.00 (n=25)
update=70 global_step=143360 SPS=85 m_ev=0.999 m_v_bias=-1.4 m_kl_max=0.0096 mpc_ms=6.9/41 cand=0.000 w_ax@goal=+0.02 return=1012.6 length=79 success_rate=1.00 collisions/ep=0.00 (n=25)
Evaluation at update 70: return=1013.02, length=77.15, success_rate=1.00, collisions/ep=0.00
Solved-check at update 70: solved=True worst_gap=0.09 at p_x0=0.00 p_y0=-1.00 (consecutive=9)
update=71 global_step=145408 SPS=84 m_ev=0.999 m_v_bias=-0.9 m_kl_max=0.0104 mpc_ms=7.8/50 cand=0.000 w_ax@goal=-0.01 return=1012.6 length=80 success_rate=1.00 collisions/ep=0.00 (n=25)
update=72 global_step=147456 SPS=85 m_ev=0.999 m_v_bias=0.1 m_kl_max=0.0079 mpc_ms=6.6/37 cand=0.000 w_ax@goal=-0.06 return=1012.9 length=79 success_rate=1.00 collisions/ep=0.00 (n=27)
update=73 global_step=149504 SPS=85 m_ev=0.994 m_v_bias=2.7 m_kl_max=0.0249 mpc_ms=6.9/42 cand=0.000 w_ax@goal=+0.01 return=1012.2 length=80 success_rate=1.00 collisions/ep=0.00 (n=27)
update=74 global_step=151552 SPS=85 m_ev=0.997 m_v_bias=-0.3 m_kl_max=0.0063 mpc_ms=8.3/54 cand=0.000 w_ax@goal=-0.00 return=1011.9 length=80 success_rate=1.00 collisions/ep=0.00 (n=25)
update=75 global_step=153600 SPS=86 m_ev=0.999 m_v_bias=-0.6 m_kl_max=0.0192 mpc_ms=6.8/42 cand=0.000 w_ax@goal=+0.01 return=1012.4 length=78 success_rate=1.00 collisions/ep=0.00 (n=26)
Evaluation at update 75: return=1013.06, length=77.15, success_rate=1.00, collisions/ep=0.00
Solved-check at update 75: solved=True worst_gap=0.05 at p_x0=0.00 p_y0=-1.00 (consecutive=10)
update=76 global_step=155648 SPS=85 m_ev=0.997 m_v_bias=1.5 m_kl_max=0.0122 mpc_ms=7.5/55 cand=0.000 w_ax@goal=-0.00 return=1012.8 length=79 success_rate=1.00 collisions/ep=0.00 (n=24)
update=77 global_step=157696 SPS=85 m_ev=0.998 m_v_bias=-1.0 m_kl_max=0.0166 mpc_ms=7.4/53 cand=0.000 w_ax@goal=-0.00 return=1012.5 length=79 success_rate=1.00 collisions/ep=0.00 (n=29)
update=78 global_step=159744 SPS=85 m_ev=0.998 m_v_bias=0.9 m_kl_max=0.0063 mpc_ms=7.1/39 cand=0.000 w_ax@goal=-0.01 return=1012.2 length=80 success_rate=1.00 collisions/ep=0.00 (n=25)
update=79 global_step=161792 SPS=86 m_ev=0.999 m_v_bias=-1.9 m_kl_max=0.0131 mpc_ms=8.0/51 cand=0.000 w_ax@goal=+0.01 return=1012.8 length=78 success_rate=1.00 collisions/ep=0.00 (n=25)
update=80 global_step=163840 SPS=86 m_ev=0.997 m_v_bias=2.3 m_kl_max=0.0133 mpc_ms=9.6/78 cand=0.000 w_ax@goal=+0.01 return=1011.9 length=79 success_rate=1.00 collisions/ep=0.00 (n=27)
Evaluation at update 80: return=1013.08, length=77.10, success_rate=1.00, collisions/ep=0.00
Solved-check at update 80: solved=True worst_gap=0.02 at p_x0=0.00 p_y0=-1.00 (consecutive=11)
update=81 global_step=165888 SPS=85 m_ev=0.992 m_v_bias=0.9 m_kl_max=0.0132 mpc_ms=6.9/46 cand=0.000 w_ax@goal=-0.01 return=1012.0 length=81 success_rate=1.00 collisions/ep=0.00 (n=24)
update=82 global_step=167936 SPS=85 m_ev=0.999 m_v_bias=-2.3 m_kl_max=0.0153 mpc_ms=8.6/56 cand=0.000 w_ax@goal=-0.01 return=1013.2 length=80 success_rate=1.00 collisions/ep=0.00 (n=27)
update=83 global_step=169984 SPS=86 m_ev=0.992 m_v_bias=2.4 m_kl_max=0.0048 mpc_ms=5.0/56 cand=0.000 w_ax@goal=+0.01 return=1011.8 length=80 success_rate=1.00 collisions/ep=0.00 (n=25)
update=84 global_step=172032 SPS=86 m_ev=0.999 m_v_bias=0.1 m_kl_max=0.0204 mpc_ms=6.3/38 cand=0.000 w_ax@goal=-0.00 return=1013.0 length=79 success_rate=1.00 collisions/ep=0.00 (n=27)
update=85 global_step=174080 SPS=87 m_ev=0.999 m_v_bias=-1.4 m_kl_max=0.0042 mpc_ms=6.9/36 cand=0.000 w_ax@goal=-0.00 return=1012.6 length=78 success_rate=1.00 collisions/ep=0.00 (n=26)
Evaluation at update 85: return=1013.11, length=77.10, success_rate=1.00, collisions/ep=0.00
Solved-check at update 85: solved=True worst_gap=0.00 at p_x0=0.00 p_y0=-1.00 (consecutive=12)
update=86 global_step=176128 SPS=85 m_ev=0.998 m_v_bias=-0.2 m_kl_max=0.0025 mpc_ms=7.9/50 cand=0.000 w_ax@goal=-0.00 return=1012.6 length=79 success_rate=1.00 collisions/ep=0.00 (n=24)
update=87 global_step=178176 SPS=85 m_ev=0.997 m_v_bias=0.9 m_kl_max=0.0206 mpc_ms=10.4/57 cand=0.000 w_ax@goal=-0.00 return=1012.9 length=80 success_rate=1.00 collisions/ep=0.00 (n=26)
update=88 global_step=180224 SPS=86 m_ev=0.995 m_v_bias=-0.3 m_kl_max=0.0081 mpc_ms=7.6/73 cand=0.000 w_ax@goal=-0.02 return=1012.5 length=79 success_rate=1.00 collisions/ep=0.00 (n=26)
update=89 global_step=182272 SPS=86 m_ev=0.999 m_v_bias=-0.6 m_kl_max=0.0117 mpc_ms=8.2/48 cand=0.000 w_ax@goal=-0.03 return=1012.9 length=77 success_rate=1.00 collisions/ep=0.00 (n=26)
update=90 global_step=184320 SPS=86 m_ev=1.000 m_v_bias=-0.4 m_kl_max=0.0118 mpc_ms=8.9/74 cand=0.000 w_ax@goal=+0.00 return=1013.0 length=78 success_rate=1.00 collisions/ep=0.00 (n=28)
Evaluation at update 90: return=1013.09, length=77.00, success_rate=1.00, collisions/ep=0.00
Solved-check at update 90: solved=True worst_gap=-0.02 at p_x0=0.50 p_y0=-1.00 (consecutive=13)
update=91 global_step=186368 SPS=85 m_ev=0.999 m_v_bias=1.2 m_kl_max=0.0050 mpc_ms=10.0/66 cand=0.000 w_ax@goal=+0.00 return=1013.0 length=79 success_rate=1.00 collisions/ep=0.00 (n=26)
update=92 global_step=188416 SPS=85 m_ev=0.990 m_v_bias=2.9 m_kl_max=0.0188 mpc_ms=10.8/81 cand=0.000 w_ax@goal=-0.04 return=1011.3 length=80 success_rate=1.00 collisions/ep=0.00 (n=24)
update=93 global_step=190464 SPS=85 m_ev=0.994 m_v_bias=-0.8 m_kl_max=0.0176 mpc_ms=9.8/66 cand=0.000 w_ax@goal=+0.01 return=1012.4 length=79 success_rate=1.00 collisions/ep=0.00 (n=27)
update=94 global_step=192512 SPS=85 m_ev=0.999 m_v_bias=-0.8 m_kl_max=0.0265 mpc_ms=9.5/48 cand=0.000 w_ax@goal=-0.00 return=1013.2 length=79 success_rate=1.00 collisions/ep=0.00 (n=27)
update=95 global_step=194560 SPS=85 m_ev=0.999 m_v_bias=-0.3 m_kl_max=0.0132 mpc_ms=11.3/75 cand=0.000 w_ax@goal=-0.01 return=1013.0 length=78 success_rate=1.00 collisions/ep=0.00 (n=26)
Evaluation at update 95: return=1013.11, length=77.00, success_rate=1.00, collisions/ep=0.00
Solved-check at update 95: solved=True worst_gap=-0.04 at p_x0=0.50 p_y0=-1.00 (consecutive=14)
update=96 global_step=196608 SPS=85 m_ev=0.996 m_v_bias=1.8 m_kl_max=0.0101 mpc_ms=6.8/36 cand=0.000 w_ax@goal=-0.00 return=1012.5 length=79 success_rate=1.00 collisions/ep=0.00 (n=24)
update=97 global_step=198656 SPS=85 m_ev=0.999 m_v_bias=-1.7 m_kl_max=0.0248 mpc_ms=8.0/66 cand=0.000 w_ax@goal=+0.01 return=1013.0 length=78 success_rate=1.00 collisions/ep=0.00 (n=25)
update=98 global_step=200704 SPS=85 m_ev=1.000 m_v_bias=0.5 m_kl_max=0.0049 mpc_ms=9.5/79 cand=0.000 w_ax@goal=-0.01 return=1013.0 length=78 success_rate=1.00 collisions/ep=0.00 (n=29)
update=99 global_step=202752 SPS=85 m_ev=0.999 m_v_bias=1.2 m_kl_max=0.0191 mpc_ms=12.5/56 cand=0.000 w_ax@goal=-0.01 return=1012.9 length=79 success_rate=1.00 collisions/ep=0.00 (n=26)
update=100 global_step=204800 SPS=85 m_ev=1.000 m_v_bias=-1.7 m_kl_max=0.0148 mpc_ms=10.7/99 cand=0.000 w_ax@goal=-0.00 return=1013.0 length=77 success_rate=1.00 collisions/ep=0.00 (n=25)
Evaluation at update 100: return=1013.13, length=77.00, success_rate=1.00, collisions/ep=0.00
Solved-check at update 100: solved=True worst_gap=-0.06 at p_x0=0.50 p_y0=-1.00 (consecutive=15)
Saved checkpoints to C:\Users\loren\Desktop\MASTER THESIS\5_CODE\scenarios\slalom\studies\init_sampler\ppo_mpc_uniform\runs\ppo_mpc_slalom_2_1791036666
