Using device: cpu
Solved-check: precomputed optimal returns for 25 fixed initial conditions (mean=1011.8, min=1007.0, max=1014.0); solved-tolerance=5.0
Goal box: +-1.800 m (1.5x segment-reachable; segment-reachable displacement = 1.200 m)
tube MPC: W disks of radii (p, v) [0.005 0.05 ], RPI s=17 alpha=0.0281; Z radii (p, v) = [0.0833 0.2107]
  X0 (-) Z: p_x [-0.917, 10.917], p_y [-1.916, 1.916], ||v|| <= 0.989; V = U (-) KZ: ||u|| <= 1.692; K = [-7.613 -4.585] per axis
  4 obstacles, 132 binaries before fixing, max big-M 9.00; horizon N=10, stopping time 6 steps
num_envs=8 num_steps_per_env=256 batch_size=2048 num_updates=244 timesteps=499712 (requested 500000)
update=1 global_step=2048 SPS=51 m_ev=0.000 m_v_bias=43.4 m_kl_max=0.0042 mpc_ms=19.1/173 cand=0.000 return=-200.0 length=200 success_rate=0.00 collisions/ep=0.00 (n=8)
update=2 global_step=4096 SPS=43 m_ev=-0.819 m_v_bias=24.5 m_kl_max=0.0128 mpc_ms=25.8/598 cand=0.000 return=-202.4 length=200 success_rate=0.00 collisions/ep=0.00 (n=8)
update=3 global_step=6144 SPS=34 m_ev=-0.333 m_v_bias=10.2 m_kl_max=0.0433 mpc_ms=40.1/322 cand=0.000 return=-191.8 length=200 success_rate=0.00 collisions/ep=0.00 (n=8)
update=4 global_step=8192 SPS=28 m_ev=0.037 m_v_bias=5.8 m_kl_max=0.0524 mpc_ms=54.2/628 cand=0.000 return=-169.5 length=200 success_rate=0.00 collisions/ep=0.00 (n=16)
update=5 global_step=10240 SPS=25 m_ev=-0.001 m_v_bias=0.8 m_kl_max=0.0474 mpc_ms=52.0/638 cand=0.000 return=-155.4 length=200 success_rate=0.00 collisions/ep=0.00 (n=8)
Evaluation at update 5: return=-142.58, length=200.00, success_rate=0.00, collisions/ep=0.00
Solved-check at update 5: solved=False worst_gap=1162.18 at p_x0=2.00 p_y0=0.50 (consecutive=0)
update=6 global_step=12288 SPS=11 m_ev=0.290 m_v_bias=1.7 m_kl_max=0.0490 mpc_ms=67.7/503 cand=0.000 return=-153.9 length=200 success_rate=0.00 collisions/ep=0.00 (n=8)
update=7 global_step=14336 SPS=11 m_ev=0.692 m_v_bias=0.0 m_kl_max=0.0220 mpc_ms=87.6/556 cand=0.000 return=-151.3 length=200 success_rate=0.00 collisions/ep=0.00 (n=8)
update=8 global_step=16384 SPS=11 m_ev=0.848 m_v_bias=0.6 m_kl_max=0.0312 mpc_ms=75.8/429 cand=0.000 return=-143.7 length=200 success_rate=0.00 collisions/ep=0.00 (n=16)
update=9 global_step=18432 SPS=11 m_ev=0.917 m_v_bias=1.1 m_kl_max=0.0584 mpc_ms=83.1/428 cand=0.000 return=-141.0 length=200 success_rate=0.00 collisions/ep=0.00 (n=8)
update=10 global_step=20480 SPS=11 m_ev=0.912 m_v_bias=0.2 m_kl_max=0.0250 mpc_ms=83.2/433 cand=0.000 w_ax@goal=-1.23 return=-134.3 length=200 success_rate=0.00 collisions/ep=0.00 (n=8)
Evaluation at update 10: return=-142.51, length=200.00, success_rate=0.00, collisions/ep=0.00
Solved-check at update 10: solved=False worst_gap=1162.13 at p_x0=2.00 p_y0=0.50 (consecutive=0)
update=11 global_step=22528 SPS=9 m_ev=0.940 m_v_bias=0.9 m_kl_max=0.0148 mpc_ms=76.2/901 cand=0.000 w_ax@goal=-0.41 return=-141.2 length=200 success_rate=0.00 collisions/ep=0.00 (n=16)
update=12 global_step=24576 SPS=9 m_ev=0.943 m_v_bias=-1.2 m_kl_max=0.0195 mpc_ms=80.1/624 cand=0.000 w_ax@goal=-0.42 return=-141.9 length=200 success_rate=0.00 collisions/ep=0.00 (n=8)
update=13 global_step=26624 SPS=9 m_ev=-0.027 m_v_bias=-51.6 m_kl_max=0.0284 mpc_ms=72.2/273 cand=0.000 w_ax@goal=+0.07 return=127.4 length=188 success_rate=0.25 collisions/ep=0.00 (n=8)
update=14 global_step=28672 SPS=9 m_ev=0.240 m_v_bias=-80.5 m_kl_max=0.0390 mpc_ms=82.0/399 cand=0.000 w_ax@goal=-0.36 return=157.3 length=187 success_rate=0.27 collisions/ep=0.00 (n=11)
update=15 global_step=30720 SPS=10 m_ev=0.470 m_v_bias=-83.0 m_kl_max=0.0598 mpc_ms=82.2/489 cand=0.000 w_ax@goal=-0.32 return=104.5 length=195 success_rate=0.23 collisions/ep=0.00 (n=13)
Evaluation at update 15: return=233.88, length=165.30, success_rate=0.35, collisions/ep=0.00
Solved-check at update 15: solved=False worst_gap=1192.05 at p_x0=2.00 p_y0=0.50 (consecutive=0)
update=16 global_step=32768 SPS=9 m_ev=0.393 m_v_bias=-96.2 m_kl_max=0.0196 mpc_ms=80.9/466 cand=0.000 w_ax@goal=-0.18 return=660.9 length=166 success_rate=0.75 collisions/ep=0.00 (n=12)
update=17 global_step=34816 SPS=9 m_ev=0.718 m_v_bias=-63.4 m_kl_max=0.0189 mpc_ms=72.9/398 cand=0.000 w_ax@goal=-0.11 return=655.6 length=158 success_rate=0.73 collisions/ep=0.00 (n=15)
update=18 global_step=36864 SPS=9 m_ev=0.786 m_v_bias=-22.8 m_kl_max=0.0200 mpc_ms=80.8/711 cand=0.000 w_ax@goal=-0.02 return=588.3 length=159 success_rate=0.67 collisions/ep=0.00 (n=12)
update=19 global_step=38912 SPS=9 m_ev=0.826 m_v_bias=-29.6 m_kl_max=0.0223 mpc_ms=85.4/596 cand=0.000 w_ax@goal=+0.06 return=679.5 length=150 success_rate=0.75 collisions/ep=0.00 (n=12)
update=20 global_step=40960 SPS=9 m_ev=0.837 m_v_bias=-23.7 m_kl_max=0.0244 mpc_ms=81.8/581 cand=0.000 w_ax@goal=-0.15 return=820.2 length=139 success_rate=0.88 collisions/ep=0.00 (n=16)
Evaluation at update 20: return=983.21, length=106.10, success_rate=1.00, collisions/ep=0.00
Solved-check at update 20: solved=False worst_gap=49.25 at p_x0=1.50 p_y0=-1.00 (consecutive=0)
update=21 global_step=43008 SPS=8 m_ev=0.881 m_v_bias=-4.1 m_kl_max=0.0059 mpc_ms=82.8/462 cand=0.000 w_ax@goal=+0.07 return=805.6 length=145 success_rate=0.87 collisions/ep=0.00 (n=15)
update=22 global_step=45056 SPS=9 m_ev=0.890 m_v_bias=0.7 m_kl_max=0.0165 mpc_ms=85.7/452 cand=0.000 w_ax@goal=-0.09 return=883.9 length=135 success_rate=0.93 collisions/ep=0.00 (n=15)
update=23 global_step=47104 SPS=9 m_ev=0.804 m_v_bias=22.5 m_kl_max=0.0304 mpc_ms=82.5/753 cand=0.000 w_ax@goal=-0.07 return=889.1 length=133 success_rate=0.93 collisions/ep=0.00 (n=15)
update=24 global_step=49152 SPS=9 m_ev=0.823 m_v_bias=-4.8 m_kl_max=0.0212 mpc_ms=82.5/414 cand=0.000 w_ax@goal=+0.01 return=897.3 length=126 success_rate=0.93 collisions/ep=0.00 (n=15)
update=25 global_step=51200 SPS=9 m_ev=0.901 m_v_bias=-15.0 m_kl_max=0.0128 mpc_ms=81.8/569 cand=0.000 w_ax@goal=-0.05 return=964.9 length=127 success_rate=1.00 collisions/ep=0.00 (n=18)
Evaluation at update 25: return=999.48, length=89.95, success_rate=1.00, collisions/ep=0.00
Solved-check at update 25: solved=False worst_gap=16.05 at p_x0=0.00 p_y0=-0.50 (consecutive=0)
update=26 global_step=53248 SPS=8 m_ev=0.919 m_v_bias=-16.6 m_kl_max=0.0087 mpc_ms=84.1/426 cand=0.000 w_ax@goal=-0.04 return=968.4 length=122 success_rate=1.00 collisions/ep=0.00 (n=15)
update=27 global_step=55296 SPS=9 m_ev=0.953 m_v_bias=-18.6 m_kl_max=0.0071 mpc_ms=80.1/612 cand=0.000 w_ax@goal=-0.06 return=981.5 length=112 success_rate=1.00 collisions/ep=0.00 (n=20)
update=28 global_step=57344 SPS=9 m_ev=0.936 m_v_bias=-2.3 m_kl_max=0.0101 mpc_ms=83.7/364 cand=0.000 w_ax@goal=+0.04 return=984.4 length=109 success_rate=1.00 collisions/ep=0.00 (n=17)
update=29 global_step=59392 SPS=9 m_ev=0.956 m_v_bias=3.2 m_kl_max=0.0106 mpc_ms=78.2/532 cand=0.000 w_ax@goal=-0.03 return=983.1 length=109 success_rate=1.00 collisions/ep=0.00 (n=22)
update=30 global_step=61440 SPS=9 m_ev=0.960 m_v_bias=3.6 m_kl_max=0.0161 mpc_ms=84.5/520 cand=0.000 w_ax@goal=+0.06 return=981.0 length=109 success_rate=1.00 collisions/ep=0.00 (n=17)
Evaluation at update 30: return=999.65, length=89.80, success_rate=1.00, collisions/ep=0.00
Solved-check at update 30: solved=False worst_gap=15.03 at p_x0=0.00 p_y0=-1.00 (consecutive=0)
update=31 global_step=63488 SPS=8 m_ev=0.968 m_v_bias=0.9 m_kl_max=0.0143 mpc_ms=80.2/702 cand=0.000 w_ax@goal=+0.03 return=982.0 length=109 success_rate=1.00 collisions/ep=0.00 (n=19)
update=32 global_step=65536 SPS=8 m_ev=0.971 m_v_bias=-4.6 m_kl_max=0.0142 mpc_ms=81.1/750 cand=0.000 w_ax@goal=-0.04 return=986.6 length=104 success_rate=1.00 collisions/ep=0.00 (n=20)
update=33 global_step=67584 SPS=9 m_ev=0.978 m_v_bias=-9.1 m_kl_max=0.0040 mpc_ms=84.9/477 cand=0.000 w_ax@goal=-0.01 return=987.6 length=103 success_rate=1.00 collisions/ep=0.00 (n=19)
update=34 global_step=69632 SPS=9 m_ev=0.971 m_v_bias=7.2 m_kl_max=0.0077 mpc_ms=79.5/472 cand=0.000 w_ax@goal=-0.07 return=987.0 length=104 success_rate=1.00 collisions/ep=0.00 (n=21)
update=35 global_step=71680 SPS=9 m_ev=0.967 m_v_bias=-3.6 m_kl_max=0.0106 mpc_ms=88.2/670 cand=0.000 w_ax@goal=+0.06 return=983.9 length=107 success_rate=1.00 collisions/ep=0.00 (n=19)
Evaluation at update 35: return=1000.56, length=88.90, success_rate=1.00, collisions/ep=0.00
Solved-check at update 35: solved=False worst_gap=14.03 at p_x0=0.50 p_y0=-0.50 (consecutive=0)
update=36 global_step=73728 SPS=8 m_ev=0.973 m_v_bias=3.0 m_kl_max=0.0134 mpc_ms=80.0/371 cand=0.000 w_ax@goal=-0.04 return=987.0 length=102 success_rate=1.00 collisions/ep=0.00 (n=20)
update=37 global_step=75776 SPS=8 m_ev=0.975 m_v_bias=-6.9 m_kl_max=0.0149 mpc_ms=79.4/378 cand=0.000 w_ax@goal=+0.01 return=988.9 length=103 success_rate=1.00 collisions/ep=0.00 (n=22)
update=38 global_step=77824 SPS=9 m_ev=0.967 m_v_bias=0.9 m_kl_max=0.0453 mpc_ms=79.4/462 cand=0.000 w_ax@goal=-0.05 return=987.6 length=104 success_rate=1.00 collisions/ep=0.00 (n=18)
update=39 global_step=79872 SPS=9 m_ev=0.970 m_v_bias=-0.6 m_kl_max=0.0248 mpc_ms=78.5/427 cand=0.000 w_ax@goal=-0.06 return=989.5 length=102 success_rate=1.00 collisions/ep=0.00 (n=21)
update=40 global_step=81920 SPS=9 m_ev=0.955 m_v_bias=5.0 m_kl_max=0.0145 mpc_ms=82.6/465 cand=0.000 w_ax@goal=-0.01 return=987.7 length=103 success_rate=1.00 collisions/ep=0.00 (n=18)
Evaluation at update 40: return=1000.11, length=89.35, success_rate=1.00, collisions/ep=0.00
Solved-check at update 40: solved=False worst_gap=15.03 at p_x0=0.00 p_y0=-0.50 (consecutive=0)
update=41 global_step=83968 SPS=8 m_ev=0.977 m_v_bias=-6.9 m_kl_max=0.0127 mpc_ms=77.6/787 cand=0.000 w_ax@goal=-0.04 return=986.8 length=105 success_rate=1.00 collisions/ep=0.00 (n=21)
update=42 global_step=86016 SPS=8 m_ev=0.964 m_v_bias=2.6 m_kl_max=0.0224 mpc_ms=86.6/511 cand=0.000 w_ax@goal=-0.03 return=992.2 length=99 success_rate=1.00 collisions/ep=0.00 (n=17)
update=43 global_step=88064 SPS=9 m_ev=0.981 m_v_bias=-7.6 m_kl_max=0.0042 mpc_ms=77.9/439 cand=0.000 w_ax@goal=-0.01 return=985.5 length=106 success_rate=1.00 collisions/ep=0.00 (n=23)
update=44 global_step=90112 SPS=9 m_ev=0.980 m_v_bias=-0.5 m_kl_max=0.0101 mpc_ms=87.3/534 cand=0.000 w_ax@goal=-0.09 return=990.1 length=102 success_rate=1.00 collisions/ep=0.00 (n=19)
update=45 global_step=92160 SPS=9 m_ev=0.981 m_v_bias=1.3 m_kl_max=0.0105 mpc_ms=77.3/462 cand=0.000 w_ax@goal=+0.06 return=989.3 length=102 success_rate=1.00 collisions/ep=0.00 (n=21)
Evaluation at update 45: return=1000.26, length=89.20, success_rate=1.00, collisions/ep=0.00
Solved-check at update 45: solved=False worst_gap=14.03 at p_x0=0.50 p_y0=-0.50 (consecutive=0)
update=46 global_step=94208 SPS=8 m_ev=0.986 m_v_bias=-7.7 m_kl_max=0.0118 mpc_ms=85.0/874 cand=0.000 w_ax@goal=-0.02 return=988.7 length=104 success_rate=1.00 collisions/ep=0.00 (n=19)
update=47 global_step=96256 SPS=8 m_ev=0.977 m_v_bias=3.8 m_kl_max=0.0111 mpc_ms=79.1/437 cand=0.000 w_ax@goal=+0.03 return=988.9 length=102 success_rate=1.00 collisions/ep=0.00 (n=21)
update=48 global_step=98304 SPS=9 m_ev=0.972 m_v_bias=-0.3 m_kl_max=0.0082 mpc_ms=77.3/445 cand=0.000 w_ax@goal=+0.03 return=991.1 length=103 success_rate=1.00 collisions/ep=0.00 (n=20)
update=49 global_step=100352 SPS=9 m_ev=0.979 m_v_bias=-1.0 m_kl_max=0.0090 mpc_ms=76.9/615 cand=0.000 w_ax@goal=-0.03 return=989.6 length=102 success_rate=1.00 collisions/ep=0.00 (n=20)
update=50 global_step=102400 SPS=9 m_ev=0.982 m_v_bias=-4.3 m_kl_max=0.0158 mpc_ms=74.7/372 cand=0.000 w_ax@goal=-0.01 return=993.0 length=95 success_rate=1.00 collisions/ep=0.00 (n=22)
Evaluation at update 50: return=1000.05, length=89.40, success_rate=1.00, collisions/ep=0.00
Solved-check at update 50: solved=False worst_gap=14.04 at p_x0=0.50 p_y0=-0.50 (consecutive=0)
update=51 global_step=104448 SPS=8 m_ev=0.987 m_v_bias=-4.6 m_kl_max=0.0090 mpc_ms=77.8/572 cand=0.000 w_ax@goal=-0.01 return=993.0 length=98 success_rate=1.00 collisions/ep=0.00 (n=19)
update=52 global_step=106496 SPS=9 m_ev=0.991 m_v_bias=-2.7 m_kl_max=0.0125 mpc_ms=77.2/663 cand=0.000 w_ax@goal=-0.03 return=994.2 length=96 success_rate=1.00 collisions/ep=0.00 (n=21)
update=53 global_step=108544 SPS=9 m_ev=0.981 m_v_bias=6.7 m_kl_max=0.0247 mpc_ms=73.5/435 cand=0.000 w_ax@goal=+0.04 return=991.7 length=99 success_rate=1.00 collisions/ep=0.00 (n=23)
update=54 global_step=110592 SPS=9 m_ev=0.954 m_v_bias=16.2 m_kl_max=0.0282 mpc_ms=69.8/428 cand=0.000 w_ax@goal=+0.07 return=986.7 length=106 success_rate=1.00 collisions/ep=0.00 (n=18)
update=55 global_step=112640 SPS=9 m_ev=0.984 m_v_bias=-15.6 m_kl_max=0.0080 mpc_ms=68.7/639 cand=0.000 w_ax@goal=+0.03 return=991.5 length=101 success_rate=1.00 collisions/ep=0.00 (n=21)
Evaluation at update 55: return=1000.31, length=89.15, success_rate=1.00, collisions/ep=0.00
Solved-check at update 55: solved=False worst_gap=14.02 at p_x0=0.00 p_y0=-0.50 (consecutive=0)
update=56 global_step=114688 SPS=9 m_ev=0.991 m_v_bias=-5.5 m_kl_max=0.0075 mpc_ms=67.5/350 cand=0.000 w_ax@goal=-0.01 return=996.5 length=94 success_rate=1.00 collisions/ep=0.00 (n=21)
update=57 global_step=116736 SPS=9 m_ev=0.985 m_v_bias=4.0 m_kl_max=0.0057 mpc_ms=65.4/408 cand=0.000 w_ax@goal=-0.03 return=992.6 length=100 success_rate=1.00 collisions/ep=0.00 (n=21)
update=58 global_step=118784 SPS=9 m_ev=0.982 m_v_bias=3.4 m_kl_max=0.0201 mpc_ms=66.8/362 cand=0.000 w_ax@goal=-0.03 return=994.0 length=95 success_rate=1.00 collisions/ep=0.00 (n=23)
update=59 global_step=120832 SPS=9 m_ev=0.978 m_v_bias=-0.5 m_kl_max=0.0095 mpc_ms=66.1/401 cand=0.000 w_ax@goal=-0.02 return=991.9 length=98 success_rate=1.00 collisions/ep=0.00 (n=18)
update=60 global_step=122880 SPS=9 m_ev=0.991 m_v_bias=-0.9 m_kl_max=0.0084 mpc_ms=65.9/454 cand=0.000 w_ax@goal=-0.02 return=993.4 length=99 success_rate=1.00 collisions/ep=0.00 (n=23)
Evaluation at update 60: return=1000.86, length=88.60, success_rate=1.00, collisions/ep=0.00
Solved-check at update 60: solved=False worst_gap=13.11 at p_x0=2.00 p_y0=-1.00 (consecutive=0)
update=61 global_step=124928 SPS=9 m_ev=0.982 m_v_bias=3.0 m_kl_max=0.0306 mpc_ms=69.6/379 cand=0.000 w_ax@goal=-0.02 return=992.2 length=98 success_rate=1.00 collisions/ep=0.00 (n=19)
update=62 global_step=126976 SPS=9 m_ev=0.987 m_v_bias=-5.4 m_kl_max=0.0073 mpc_ms=67.4/390 cand=0.000 w_ax@goal=+0.04 return=993.1 length=97 success_rate=1.00 collisions/ep=0.00 (n=23)
update=63 global_step=129024 SPS=9 m_ev=0.979 m_v_bias=5.1 m_kl_max=0.0126 mpc_ms=69.7/483 cand=0.000 w_ax@goal=+0.04 return=990.6 length=98 success_rate=1.00 collisions/ep=0.00 (n=20)
update=64 global_step=131072 SPS=9 m_ev=0.986 m_v_bias=-1.3 m_kl_max=0.0084 mpc_ms=68.3/425 cand=0.000 w_ax@goal=+0.01 return=994.8 length=95 success_rate=1.00 collisions/ep=0.00 (n=22)
update=65 global_step=133120 SPS=9 m_ev=0.982 m_v_bias=4.6 m_kl_max=0.0098 mpc_ms=66.7/331 cand=0.000 w_ax@goal=-0.01 return=992.1 length=99 success_rate=1.00 collisions/ep=0.00 (n=20)
Evaluation at update 65: return=1000.31, length=89.15, success_rate=1.00, collisions/ep=0.00
Solved-check at update 65: solved=False worst_gap=14.02 at p_x0=0.00 p_y0=-0.50 (consecutive=0)
update=66 global_step=135168 SPS=9 m_ev=0.981 m_v_bias=-1.3 m_kl_max=0.0121 mpc_ms=66.4/523 cand=0.000 w_ax@goal=+0.00 return=992.7 length=96 success_rate=1.00 collisions/ep=0.00 (n=22)
update=67 global_step=137216 SPS=9 m_ev=0.980 m_v_bias=3.1 m_kl_max=0.0065 mpc_ms=68.6/1491 cand=0.000 w_ax@goal=-0.01 return=992.2 length=100 success_rate=1.00 collisions/ep=0.00 (n=19)
update=68 global_step=139264 SPS=9 m_ev=0.992 m_v_bias=-5.1 m_kl_max=0.0116 mpc_ms=63.4/306 cand=0.000 w_ax@goal=+0.03 return=994.6 length=97 success_rate=1.00 collisions/ep=0.00 (n=22)
update=69 global_step=141312 SPS=9 m_ev=0.984 m_v_bias=3.5 m_kl_max=0.0045 mpc_ms=66.4/377 cand=0.000 w_ax@goal=+0.00 return=993.9 length=97 success_rate=1.00 collisions/ep=0.00 (n=21)
update=70 global_step=143360 SPS=9 m_ev=0.989 m_v_bias=0.9 m_kl_max=0.0095 mpc_ms=64.4/342 cand=0.000 w_ax@goal=+0.00 return=994.0 length=97 success_rate=1.00 collisions/ep=0.00 (n=20)
Evaluation at update 70: return=1000.11, length=89.35, success_rate=1.00, collisions/ep=0.00
Solved-check at update 70: solved=False worst_gap=15.02 at p_x0=0.00 p_y0=-0.50 (consecutive=0)
update=71 global_step=145408 SPS=9 m_ev=0.993 m_v_bias=1.5 m_kl_max=0.0144 mpc_ms=64.7/547 cand=0.000 w_ax@goal=-0.01 return=993.5 length=98 success_rate=1.00 collisions/ep=0.00 (n=22)
update=72 global_step=147456 SPS=9 m_ev=0.993 m_v_bias=1.8 m_kl_max=0.0048 mpc_ms=65.3/345 cand=0.000 w_ax@goal=+0.01 return=995.3 length=96 success_rate=1.00 collisions/ep=0.00 (n=22)
update=73 global_step=149504 SPS=9 m_ev=0.987 m_v_bias=3.2 m_kl_max=0.0070 mpc_ms=69.4/430 cand=0.000 w_ax@goal=+0.05 return=993.6 length=99 success_rate=1.00 collisions/ep=0.00 (n=20)
update=74 global_step=151552 SPS=9 m_ev=0.986 m_v_bias=-4.0 m_kl_max=0.0231 mpc_ms=66.1/359 cand=0.000 w_ax@goal=-0.03 return=994.3 length=97 success_rate=1.00 collisions/ep=0.00 (n=21)
update=75 global_step=153600 SPS=9 m_ev=0.982 m_v_bias=2.5 m_kl_max=0.0018 mpc_ms=67.8/469 cand=0.000 w_ax@goal=-0.01 return=994.4 length=97 success_rate=1.00 collisions/ep=0.00 (n=21)
Evaluation at update 75: return=1000.36, length=89.10, success_rate=1.00, collisions/ep=0.00
Solved-check at update 75: solved=False worst_gap=15.03 at p_x0=0.00 p_y0=-0.50 (consecutive=0)
update=76 global_step=155648 SPS=9 m_ev=0.995 m_v_bias=-7.7 m_kl_max=0.0066 mpc_ms=67.8/354 cand=0.000 w_ax@goal=-0.01 return=994.8 length=97 success_rate=1.00 collisions/ep=0.00 (n=23)
update=77 global_step=157696 SPS=9 m_ev=0.989 m_v_bias=2.7 m_kl_max=0.0075 mpc_ms=69.2/609 cand=0.000 w_ax@goal=+0.02 return=995.4 length=96 success_rate=1.00 collisions/ep=0.00 (n=18)
update=78 global_step=159744 SPS=9 m_ev=0.993 m_v_bias=1.6 m_kl_max=0.0148 mpc_ms=59.2/371 cand=0.000 w_ax@goal=+0.03 return=994.6 length=96 success_rate=1.00 collisions/ep=0.00 (n=24)
update=79 global_step=161792 SPS=9 m_ev=0.994 m_v_bias=0.5 m_kl_max=0.0108 mpc_ms=65.0/368 cand=0.000 w_ax@goal=-0.02 return=995.3 length=97 success_rate=1.00 collisions/ep=0.00 (n=22)
update=80 global_step=163840 SPS=9 m_ev=0.985 m_v_bias=2.9 m_kl_max=0.0278 mpc_ms=63.2/427 cand=0.000 w_ax@goal=+0.01 return=995.4 length=95 success_rate=1.00 collisions/ep=0.00 (n=19)
Evaluation at update 80: return=1000.76, length=88.70, success_rate=1.00, collisions/ep=0.00
Solved-check at update 80: solved=False worst_gap=14.03 at p_x0=0.00 p_y0=-0.50 (consecutive=0)
update=81 global_step=165888 SPS=9 m_ev=0.989 m_v_bias=-1.0 m_kl_max=0.0146 mpc_ms=65.0/380 cand=0.000 w_ax@goal=-0.02 return=992.6 length=99 success_rate=1.00 collisions/ep=0.00 (n=22)
update=82 global_step=167936 SPS=9 m_ev=0.984 m_v_bias=2.2 m_kl_max=0.0205 mpc_ms=64.2/442 cand=0.000 w_ax@goal=+0.03 return=994.3 length=96 success_rate=1.00 collisions/ep=0.00 (n=22)
update=83 global_step=169984 SPS=9 m_ev=0.991 m_v_bias=-3.8 m_kl_max=0.0089 mpc_ms=61.6/322 cand=0.000 w_ax@goal=+0.02 return=993.9 length=98 success_rate=1.00 collisions/ep=0.00 (n=20)
update=84 global_step=172032 SPS=9 m_ev=0.983 m_v_bias=2.7 m_kl_max=0.0072 mpc_ms=64.2/381 cand=0.000 w_ax@goal=+0.00 return=995.4 length=95 success_rate=1.00 collisions/ep=0.00 (n=20)
update=85 global_step=174080 SPS=9 m_ev=0.994 m_v_bias=-1.4 m_kl_max=0.0039 mpc_ms=60.7/382 cand=0.000 w_ax@goal=+0.01 return=995.1 length=96 success_rate=1.00 collisions/ep=0.00 (n=24)
Evaluation at update 85: return=1000.70, length=88.75, success_rate=1.00, collisions/ep=0.00
Solved-check at update 85: solved=False worst_gap=14.04 at p_x0=0.50 p_y0=-0.50 (consecutive=0)
update=86 global_step=176128 SPS=9 m_ev=0.996 m_v_bias=-6.4 m_kl_max=0.0136 mpc_ms=63.8/362 cand=0.000 w_ax@goal=-0.04 return=996.7 length=94 success_rate=1.00 collisions/ep=0.00 (n=21)
update=87 global_step=178176 SPS=9 m_ev=0.993 m_v_bias=0.0 m_kl_max=0.0080 mpc_ms=61.5/455 cand=0.000 w_ax@goal=+0.01 return=996.7 length=96 success_rate=1.00 collisions/ep=0.00 (n=20)
update=88 global_step=180224 SPS=9 m_ev=0.984 m_v_bias=5.5 m_kl_max=0.0095 mpc_ms=63.2/372 cand=0.000 w_ax@goal=+0.02 return=993.7 length=98 success_rate=1.00 collisions/ep=0.00 (n=22)
update=89 global_step=182272 SPS=9 m_ev=0.986 m_v_bias=1.5 m_kl_max=0.0080 mpc_ms=63.9/630 cand=0.000 w_ax@goal=-0.02 return=995.6 length=93 success_rate=1.00 collisions/ep=0.00 (n=23)
update=90 global_step=184320 SPS=9 m_ev=0.982 m_v_bias=0.7 m_kl_max=0.0194 mpc_ms=64.0/378 cand=0.000 w_ax@goal=+0.02 return=995.8 length=96 success_rate=1.00 collisions/ep=0.00 (n=20)
Evaluation at update 90: return=1000.76, length=88.70, success_rate=1.00, collisions/ep=0.00
Solved-check at update 90: solved=False worst_gap=14.03 at p_x0=0.00 p_y0=-0.50 (consecutive=0)
update=91 global_step=186368 SPS=9 m_ev=0.996 m_v_bias=-7.0 m_kl_max=0.0121 mpc_ms=62.0/456 cand=0.000 w_ax@goal=-0.06 return=995.8 length=95 success_rate=1.00 collisions/ep=0.00 (n=21)
update=92 global_step=188416 SPS=9 m_ev=0.996 m_v_bias=-1.4 m_kl_max=0.0083 mpc_ms=60.9/446 cand=0.000 w_ax@goal=-0.07 return=997.3 length=94 success_rate=1.00 collisions/ep=0.00 (n=23)
update=93 global_step=190464 SPS=9 m_ev=0.986 m_v_bias=5.8 m_kl_max=0.0056 mpc_ms=60.8/422 cand=0.000 w_ax@goal=+0.00 return=994.5 length=97 success_rate=1.00 collisions/ep=0.00 (n=21)
update=94 global_step=192512 SPS=9 m_ev=0.991 m_v_bias=-4.2 m_kl_max=0.0045 mpc_ms=65.7/580 cand=0.000 w_ax@goal=+0.02 return=995.8 length=94 success_rate=1.00 collisions/ep=0.00 (n=21)
update=95 global_step=194560 SPS=9 m_ev=0.993 m_v_bias=2.0 m_kl_max=0.0112 mpc_ms=64.4/494 cand=0.000 w_ax@goal=+0.01 return=995.4 length=96 success_rate=1.00 collisions/ep=0.00 (n=23)
Evaluation at update 95: return=1001.11, length=88.35, success_rate=1.00, collisions/ep=0.00
Solved-check at update 95: solved=False worst_gap=13.03 at p_x0=0.50 p_y0=-0.50 (consecutive=0)
update=96 global_step=196608 SPS=9 m_ev=0.986 m_v_bias=9.0 m_kl_max=0.0100 mpc_ms=67.6/415 cand=0.000 w_ax@goal=+0.04 return=994.5 length=97 success_rate=1.00 collisions/ep=0.00 (n=20)
update=97 global_step=198656 SPS=9 m_ev=0.991 m_v_bias=0.0 m_kl_max=0.0118 mpc_ms=61.9/509 cand=0.000 w_ax@goal=+0.02 return=994.9 length=95 success_rate=1.00 collisions/ep=0.00 (n=22)
update=98 global_step=200704 SPS=9 m_ev=0.990 m_v_bias=-5.8 m_kl_max=0.0023 mpc_ms=64.4/1150 cand=0.000 w_ax@goal=-0.01 return=995.9 length=95 success_rate=1.00 collisions/ep=0.00 (n=23)
update=99 global_step=202752 SPS=9 m_ev=0.985 m_v_bias=3.0 m_kl_max=0.0046 mpc_ms=67.1/489 cand=0.000 w_ax@goal=+0.00 return=995.9 length=94 success_rate=1.00 collisions/ep=0.00 (n=17)
update=100 global_step=204800 SPS=9 m_ev=0.989 m_v_bias=3.7 m_kl_max=0.0100 mpc_ms=61.5/411 cand=0.000 w_ax@goal=+0.00 return=994.4 length=98 success_rate=1.00 collisions/ep=0.00 (n=24)
Evaluation at update 100: return=1001.06, length=88.40, success_rate=1.00, collisions/ep=0.00
Solved-check at update 100: solved=False worst_gap=14.02 at p_x0=0.00 p_y0=-0.50 (consecutive=0)
update=101 global_step=206848 SPS=9 m_ev=0.995 m_v_bias=-4.6 m_kl_max=0.0045 mpc_ms=62.2/677 cand=0.000 w_ax@goal=-0.04 return=995.7 length=97 success_rate=1.00 collisions/ep=0.00 (n=22)
update=102 global_step=208896 SPS=9 m_ev=0.991 m_v_bias=-1.7 m_kl_max=0.0211 mpc_ms=64.3/388 cand=0.000 w_ax@goal=+0.01 return=997.0 length=94 success_rate=1.00 collisions/ep=0.00 (n=20)
update=103 global_step=210944 SPS=9 m_ev=0.999 m_v_bias=-2.6 m_kl_max=0.0117 mpc_ms=62.2/402 cand=0.000 w_ax@goal=-0.04 return=998.0 length=93 success_rate=1.00 collisions/ep=0.00 (n=22)
update=104 global_step=212992 SPS=10 m_ev=0.989 m_v_bias=4.5 m_kl_max=0.0081 mpc_ms=61.5/551 cand=0.000 w_ax@goal=-0.07 return=996.8 length=94 success_rate=1.00 collisions/ep=0.00 (n=23)
update=105 global_step=215040 SPS=10 m_ev=0.997 m_v_bias=-3.9 m_kl_max=0.0193 mpc_ms=62.8/419 cand=0.000 w_ax@goal=-0.02 return=995.9 length=96 success_rate=1.00 collisions/ep=0.00 (n=22)
Evaluation at update 105: return=1001.11, length=88.35, success_rate=1.00, collisions/ep=0.00
Solved-check at update 105: solved=False worst_gap=13.02 at p_x0=0.50 p_y0=-0.50 (consecutive=0)
update=106 global_step=217088 SPS=9 m_ev=0.991 m_v_bias=2.7 m_kl_max=0.0060 mpc_ms=64.2/435 cand=0.000 w_ax@goal=+0.02 return=997.2 length=94 success_rate=1.00 collisions/ep=0.00 (n=20)
update=107 global_step=219136 SPS=10 m_ev=0.991 m_v_bias=1.0 m_kl_max=0.0048 mpc_ms=60.6/388 cand=0.000 w_ax@goal=+0.04 return=996.0 length=95 success_rate=1.00 collisions/ep=0.00 (n=22)
update=108 global_step=221184 SPS=10 m_ev=0.991 m_v_bias=-1.1 m_kl_max=0.0068 mpc_ms=59.9/366 cand=0.000 w_ax@goal=+0.00 return=996.9 length=93 success_rate=1.00 collisions/ep=0.00 (n=24)
update=109 global_step=223232 SPS=10 m_ev=0.996 m_v_bias=0.7 m_kl_max=0.0052 mpc_ms=65.3/486 cand=0.000 w_ax@goal=+0.01 return=997.1 length=92 success_rate=1.00 collisions/ep=0.00 (n=22)
update=110 global_step=225280 SPS=10 m_ev=0.988 m_v_bias=4.3 m_kl_max=0.0062 mpc_ms=65.8/345 cand=0.000 w_ax@goal=+0.02 return=996.1 length=95 success_rate=1.00 collisions/ep=0.00 (n=18)
Evaluation at update 110: return=1000.91, length=88.55, success_rate=1.00, collisions/ep=0.00
Solved-check at update 110: solved=False worst_gap=14.02 at p_x0=0.00 p_y0=-0.50 (consecutive=0)
update=111 global_step=227328 SPS=10 m_ev=0.997 m_v_bias=-0.4 m_kl_max=0.0042 mpc_ms=59.1/480 cand=0.000 w_ax@goal=-0.03 return=996.4 length=94 success_rate=1.00 collisions/ep=0.00 (n=24)
update=112 global_step=229376 SPS=10 m_ev=0.991 m_v_bias=1.3 m_kl_max=0.0261 mpc_ms=64.2/312 cand=0.000 w_ax@goal=+0.00 return=995.5 length=94 success_rate=1.00 collisions/ep=0.00 (n=22)
update=113 global_step=231424 SPS=10 m_ev=0.986 m_v_bias=-0.2 m_kl_max=0.0095 mpc_ms=62.0/379 cand=0.000 w_ax@goal=+0.00 return=996.9 length=95 success_rate=1.00 collisions/ep=0.00 (n=23)
update=114 global_step=233472 SPS=10 m_ev=0.993 m_v_bias=-1.8 m_kl_max=0.0123 mpc_ms=64.4/453 cand=0.000 w_ax@goal=+0.01 return=998.2 length=92 success_rate=1.00 collisions/ep=0.00 (n=20)
update=115 global_step=235520 SPS=10 m_ev=0.997 m_v_bias=1.4 m_kl_max=0.0049 mpc_ms=60.7/349 cand=0.000 w_ax@goal=-0.04 return=997.2 length=94 success_rate=1.00 collisions/ep=0.00 (n=22)
Evaluation at update 115: return=1001.21, length=88.25, success_rate=1.00, collisions/ep=0.00
Solved-check at update 115: solved=False worst_gap=13.04 at p_x0=0.50 p_y0=-0.50 (consecutive=0)
update=116 global_step=237568 SPS=10 m_ev=0.991 m_v_bias=1.4 m_kl_max=0.0029 mpc_ms=62.6/1223 cand=0.000 w_ax@goal=-0.01 return=996.4 length=95 success_rate=1.00 collisions/ep=0.00 (n=23)
update=117 global_step=239616 SPS=10 m_ev=0.996 m_v_bias=-4.2 m_kl_max=0.0089 mpc_ms=62.9/283 cand=0.000 w_ax@goal=+0.00 return=997.2 length=91 success_rate=1.00 collisions/ep=0.00 (n=21)
update=118 global_step=241664 SPS=10 m_ev=0.997 m_v_bias=-2.1 m_kl_max=0.0101 mpc_ms=59.6/599 cand=0.000 w_ax@goal=+0.00 return=998.4 length=93 success_rate=1.00 collisions/ep=0.00 (n=22)
update=119 global_step=243712 SPS=10 m_ev=0.992 m_v_bias=5.5 m_kl_max=0.0064 mpc_ms=66.7/811 cand=0.000 w_ax@goal=-0.03 return=996.6 length=93 success_rate=1.00 collisions/ep=0.00 (n=22)
update=120 global_step=245760 SPS=10 m_ev=0.994 m_v_bias=2.1 m_kl_max=0.0091 mpc_ms=60.4/370 cand=0.000 w_ax@goal=-0.01 return=997.1 length=95 success_rate=1.00 collisions/ep=0.00 (n=22)
Evaluation at update 120: return=1001.11, length=88.35, success_rate=1.00, collisions/ep=0.00
Solved-check at update 120: solved=False worst_gap=14.03 at p_x0=0.00 p_y0=-0.50 (consecutive=0)
update=121 global_step=247808 SPS=10 m_ev=0.997 m_v_bias=-3.1 m_kl_max=0.0051 mpc_ms=64.7/360 cand=0.000 w_ax@goal=+0.02 return=998.1 length=90 success_rate=1.00 collisions/ep=0.00 (n=23)
update=122 global_step=249856 SPS=10 m_ev=0.995 m_v_bias=3.9 m_kl_max=0.0103 mpc_ms=64.0/481 cand=0.000 w_ax@goal=-0.06 return=996.4 length=94 success_rate=1.00 collisions/ep=0.00 (n=22)
update=123 global_step=251904 SPS=10 m_ev=0.998 m_v_bias=-2.1 m_kl_max=0.0103 mpc_ms=59.8/377 cand=0.000 w_ax@goal=-0.02 return=998.7 length=91 success_rate=1.00 collisions/ep=0.00 (n=22)
update=124 global_step=253952 SPS=10 m_ev=0.998 m_v_bias=1.0 m_kl_max=0.0181 mpc_ms=61.8/601 cand=0.000 w_ax@goal=-0.00 return=998.9 length=92 success_rate=1.00 collisions/ep=0.00 (n=22)
update=125 global_step=256000 SPS=10 m_ev=0.996 m_v_bias=1.0 m_kl_max=0.0045 mpc_ms=61.5/398 cand=0.000 w_ax@goal=+0.06 return=997.3 length=94 success_rate=1.00 collisions/ep=0.00 (n=22)
Evaluation at update 125: return=1001.41, length=88.05, success_rate=1.00, collisions/ep=0.00
Solved-check at update 125: solved=False worst_gap=13.03 at p_x0=0.50 p_y0=-0.50 (consecutive=0)
update=126 global_step=258048 SPS=10 m_ev=0.979 m_v_bias=3.3 m_kl_max=0.0070 mpc_ms=63.7/709 cand=0.000 w_ax@goal=-0.03 return=995.9 length=95 success_rate=1.00 collisions/ep=0.00 (n=23)
update=127 global_step=260096 SPS=10 m_ev=0.995 m_v_bias=-1.8 m_kl_max=0.0045 mpc_ms=63.5/400 cand=0.000 w_ax@goal=-0.02 return=997.9 length=92 success_rate=1.00 collisions/ep=0.00 (n=19)
update=128 global_step=262144 SPS=10 m_ev=0.993 m_v_bias=3.1 m_kl_max=0.0229 mpc_ms=61.9/1095 cand=0.000 w_ax@goal=-0.02 return=997.6 length=94 success_rate=1.00 collisions/ep=0.00 (n=23)
update=129 global_step=264192 SPS=10 m_ev=0.997 m_v_bias=-1.4 m_kl_max=0.0224 mpc_ms=63.8/393 cand=0.000 w_ax@goal=+0.01 return=998.0 length=91 success_rate=1.00 collisions/ep=0.00 (n=23)
update=130 global_step=266240 SPS=10 m_ev=0.988 m_v_bias=3.3 m_kl_max=0.0069 mpc_ms=62.5/340 cand=0.000 w_ax@goal=-0.00 return=997.8 length=92 success_rate=1.00 collisions/ep=0.00 (n=22)
Evaluation at update 130: return=1001.31, length=88.15, success_rate=1.00, collisions/ep=0.00
Solved-check at update 130: solved=False worst_gap=14.03 at p_x0=0.00 p_y0=-0.50 (consecutive=0)
update=131 global_step=268288 SPS=10 m_ev=0.996 m_v_bias=-5.0 m_kl_max=0.0149 mpc_ms=62.7/497 cand=0.000 w_ax@goal=-0.03 return=997.2 length=95 success_rate=1.00 collisions/ep=0.00 (n=21)
update=132 global_step=270336 SPS=10 m_ev=0.998 m_v_bias=-0.6 m_kl_max=0.0049 mpc_ms=61.5/324 cand=0.000 w_ax@goal=+0.02 return=998.8 length=92 success_rate=1.00 collisions/ep=0.00 (n=22)
update=133 global_step=272384 SPS=10 m_ev=0.991 m_v_bias=4.5 m_kl_max=0.0034 mpc_ms=66.3/519 cand=0.000 w_ax@goal=-0.00 return=997.6 length=93 success_rate=1.00 collisions/ep=0.00 (n=23)
update=134 global_step=274432 SPS=10 m_ev=0.994 m_v_bias=-1.3 m_kl_max=0.0106 mpc_ms=82.9/715 cand=0.000 w_ax@goal=-0.01 return=997.4 length=92 success_rate=1.00 collisions/ep=0.00 (n=23)
update=135 global_step=276480 SPS=10 m_ev=0.991 m_v_bias=3.4 m_kl_max=0.0100 mpc_ms=77.2/513 cand=0.000 w_ax@goal=+0.01 return=996.6 length=92 success_rate=1.00 collisions/ep=0.00 (n=22)
Evaluation at update 135: return=1001.46, length=88.00, success_rate=1.00, collisions/ep=0.00
Solved-check at update 135: solved=False worst_gap=13.02 at p_x0=0.00 p_y0=-0.50 (consecutive=0)
update=136 global_step=278528 SPS=10 m_ev=0.991 m_v_bias=-1.6 m_kl_max=0.0017 mpc_ms=64.9/403 cand=0.000 w_ax@goal=-0.01 return=997.2 length=93 success_rate=1.00 collisions/ep=0.00 (n=22)
update=137 global_step=280576 SPS=10 m_ev=0.988 m_v_bias=4.9 m_kl_max=0.0108 mpc_ms=70.6/379 cand=0.000 w_ax@goal=-0.01 return=996.6 length=95 success_rate=1.00 collisions/ep=0.00 (n=20)
update=138 global_step=282624 SPS=10 m_ev=0.998 m_v_bias=-8.9 m_kl_max=0.0153 mpc_ms=63.8/435 cand=0.000 w_ax@goal=-0.04 return=997.4 length=95 success_rate=1.00 collisions/ep=0.00 (n=23)
update=139 global_step=284672 SPS=10 m_ev=0.997 m_v_bias=-2.1 m_kl_max=0.0105 mpc_ms=68.7/451 cand=0.000 w_ax@goal=-0.02 return=998.4 length=91 success_rate=1.00 collisions/ep=0.00 (n=24)
update=140 global_step=286720 SPS=10 m_ev=0.983 m_v_bias=6.2 m_kl_max=0.0150 mpc_ms=69.6/378 cand=0.000 w_ax@goal=+0.00 return=996.9 length=93 success_rate=1.00 collisions/ep=0.00 (n=19)
Evaluation at update 140: return=1001.51, length=87.95, success_rate=1.00, collisions/ep=0.00
Solved-check at update 140: solved=False worst_gap=13.02 at p_x0=0.00 p_y0=-0.50 (consecutive=0)
update=141 global_step=288768 SPS=10 m_ev=0.995 m_v_bias=0.8 m_kl_max=0.0062 mpc_ms=62.8/426 cand=0.000 w_ax@goal=-0.03 return=997.9 length=92 success_rate=1.00 collisions/ep=0.00 (n=23)
update=142 global_step=290816 SPS=10 m_ev=0.993 m_v_bias=1.7 m_kl_max=0.0131 mpc_ms=73.2/608 cand=0.000 w_ax@goal=+0.02 return=997.0 length=96 success_rate=1.00 collisions/ep=0.00 (n=22)
update=143 global_step=292864 SPS=10 m_ev=0.989 m_v_bias=0.4 m_kl_max=0.0131 mpc_ms=65.6/476 cand=0.000 w_ax@goal=-0.02 return=998.8 length=93 success_rate=1.00 collisions/ep=0.00 (n=22)
update=144 global_step=294912 SPS=10 m_ev=0.996 m_v_bias=-3.1 m_kl_max=0.0078 mpc_ms=65.7/338 cand=0.000 w_ax@goal=-0.03 return=999.0 length=91 success_rate=1.00 collisions/ep=0.00 (n=22)
update=145 global_step=296960 SPS=10 m_ev=0.992 m_v_bias=0.8 m_kl_max=0.0080 mpc_ms=65.1/618 cand=0.000 w_ax@goal=-0.02 return=997.9 length=94 success_rate=1.00 collisions/ep=0.00 (n=23)
Evaluation at update 145: return=1001.56, length=87.90, success_rate=1.00, collisions/ep=0.00
Solved-check at update 145: solved=False worst_gap=13.03 at p_x0=0.00 p_y0=-0.50 (consecutive=0)
update=146 global_step=299008 SPS=10 m_ev=0.998 m_v_bias=-3.3 m_kl_max=0.0032 mpc_ms=66.9/898 cand=0.000 w_ax@goal=+0.02 return=998.5 length=92 success_rate=1.00 collisions/ep=0.00 (n=22)
update=147 global_step=301056 SPS=10 m_ev=0.997 m_v_bias=-0.0 m_kl_max=0.0111 mpc_ms=65.7/498 cand=0.000 w_ax@goal=+0.00 return=998.7 length=91 success_rate=1.00 collisions/ep=0.00 (n=20)
update=148 global_step=303104 SPS=10 m_ev=0.999 m_v_bias=-0.4 m_kl_max=0.0096 mpc_ms=64.6/448 cand=0.000 w_ax@goal=-0.02 return=998.8 length=92 success_rate=1.00 collisions/ep=0.00 (n=23)
update=149 global_step=305152 SPS=10 m_ev=0.994 m_v_bias=2.4 m_kl_max=0.0024 mpc_ms=65.1/437 cand=0.000 w_ax@goal=+0.02 return=998.9 length=94 success_rate=1.00 collisions/ep=0.00 (n=23)
update=150 global_step=307200 SPS=10 m_ev=0.989 m_v_bias=0.9 m_kl_max=0.0344 mpc_ms=67.2/396 cand=0.000 w_ax@goal=-0.01 return=997.4 length=93 success_rate=1.00 collisions/ep=0.00 (n=22)
Evaluation at update 150: return=1001.71, length=87.75, success_rate=1.00, collisions/ep=0.00
Solved-check at update 150: solved=False worst_gap=13.03 at p_x0=0.00 p_y0=-0.50 (consecutive=0)
update=151 global_step=309248 SPS=10 m_ev=0.995 m_v_bias=-5.1 m_kl_max=0.0121 mpc_ms=69.9/373 cand=0.000 w_ax@goal=-0.02 return=999.0 length=91 success_rate=1.00 collisions/ep=0.00 (n=20)
update=152 global_step=311296 SPS=10 m_ev=0.980 m_v_bias=6.4 m_kl_max=0.0070 mpc_ms=69.1/346 cand=0.000 w_ax@goal=+0.02 return=996.8 length=94 success_rate=1.00 collisions/ep=0.00 (n=23)
update=153 global_step=313344 SPS=10 m_ev=0.991 m_v_bias=-3.8 m_kl_max=0.0045 mpc_ms=68.5/503 cand=0.000 w_ax@goal=+0.02 return=998.6 length=93 success_rate=1.00 collisions/ep=0.00 (n=22)
update=154 global_step=315392 SPS=10 m_ev=0.996 m_v_bias=-0.8 m_kl_max=0.0081 mpc_ms=68.2/437 cand=0.000 w_ax@goal=-0.05 return=999.5 length=93 success_rate=1.00 collisions/ep=0.00 (n=22)
update=155 global_step=317440 SPS=10 m_ev=0.993 m_v_bias=4.1 m_kl_max=0.0049 mpc_ms=66.6/446 cand=0.000 w_ax@goal=+0.01 return=997.6 length=94 success_rate=1.00 collisions/ep=0.00 (n=23)
Evaluation at update 155: return=1001.61, length=87.85, success_rate=1.00, collisions/ep=0.00
Solved-check at update 155: solved=False worst_gap=13.03 at p_x0=0.50 p_y0=-0.50 (consecutive=0)
update=156 global_step=319488 SPS=10 m_ev=0.992 m_v_bias=2.2 m_kl_max=0.0055 mpc_ms=68.2/1207 cand=0.000 w_ax@goal=+0.01 return=997.5 length=94 success_rate=1.00 collisions/ep=0.00 (n=21)
update=157 global_step=321536 SPS=10 m_ev=0.998 m_v_bias=-4.7 m_kl_max=0.0165 mpc_ms=70.0/614 cand=0.000 w_ax@goal=-0.02 return=998.9 length=92 success_rate=1.00 collisions/ep=0.00 (n=22)
update=158 global_step=323584 SPS=10 m_ev=0.996 m_v_bias=-0.1 m_kl_max=0.0177 mpc_ms=67.5/577 cand=0.000 w_ax@goal=-0.00 return=998.6 length=90 success_rate=1.00 collisions/ep=0.00 (n=22)
update=159 global_step=325632 SPS=10 m_ev=0.987 m_v_bias=2.9 m_kl_max=0.0106 mpc_ms=66.7/375 cand=0.000 w_ax@goal=-0.04 return=997.9 length=93 success_rate=1.00 collisions/ep=0.00 (n=23)
update=160 global_step=327680 SPS=10 m_ev=0.993 m_v_bias=0.3 m_kl_max=0.0046 mpc_ms=64.4/326 cand=0.000 w_ax@goal=-0.04 return=998.0 length=92 success_rate=1.00 collisions/ep=0.00 (n=22)
Evaluation at update 160: return=1001.41, length=88.05, success_rate=1.00, collisions/ep=0.00
Solved-check at update 160: solved=False worst_gap=14.02 at p_x0=0.00 p_y0=-0.50 (consecutive=0)
update=161 global_step=329728 SPS=10 m_ev=0.997 m_v_bias=-1.8 m_kl_max=0.0113 mpc_ms=66.4/408 cand=0.000 w_ax@goal=-0.06 return=999.1 length=91 success_rate=1.00 collisions/ep=0.00 (n=24)
update=162 global_step=331776 SPS=10 m_ev=0.995 m_v_bias=0.5 m_kl_max=0.0050 mpc_ms=70.6/405 cand=0.000 w_ax@goal=+0.00 return=998.3 length=91 success_rate=1.00 collisions/ep=0.00 (n=23)
update=163 global_step=333824 SPS=10 m_ev=0.999 m_v_bias=-2.8 m_kl_max=0.0059 mpc_ms=66.0/373 cand=0.000 w_ax@goal=-0.01 return=999.1 length=92 success_rate=1.00 collisions/ep=0.00 (n=19)
update=164 global_step=335872 SPS=10 m_ev=0.994 m_v_bias=1.9 m_kl_max=0.0123 mpc_ms=63.0/383 cand=0.000 w_ax@goal=-0.02 return=999.2 length=95 success_rate=1.00 collisions/ep=0.00 (n=22)
update=165 global_step=337920 SPS=10 m_ev=0.995 m_v_bias=-2.1 m_kl_max=0.0035 mpc_ms=65.2/509 cand=0.000 w_ax@goal=-0.02 return=999.3 length=92 success_rate=1.00 collisions/ep=0.00 (n=23)
Evaluation at update 165: return=1001.66, length=87.80, success_rate=1.00, collisions/ep=0.00
Solved-check at update 165: solved=False worst_gap=13.03 at p_x0=0.00 p_y0=-0.50 (consecutive=0)
update=166 global_step=339968 SPS=10 m_ev=0.999 m_v_bias=-3.2 m_kl_max=0.0019 mpc_ms=65.8/423 cand=0.000 w_ax@goal=+0.01 return=998.8 length=91 success_rate=1.00 collisions/ep=0.00 (n=23)
update=167 global_step=342016 SPS=10 m_ev=0.999 m_v_bias=-3.3 m_kl_max=0.0102 mpc_ms=68.6/418 cand=0.000 w_ax@goal=+0.04 return=1000.6 length=93 success_rate=1.00 collisions/ep=0.00 (n=22)
update=168 global_step=344064 SPS=10 m_ev=0.995 m_v_bias=3.7 m_kl_max=0.0335 mpc_ms=70.0/523 cand=0.000 w_ax@goal=+0.04 return=998.3 length=92 success_rate=1.00 collisions/ep=0.00 (n=22)
update=169 global_step=346112 SPS=10 m_ev=0.994 m_v_bias=1.1 m_kl_max=0.0034 mpc_ms=68.4/421 cand=0.000 w_ax@goal=-0.03 return=998.6 length=91 success_rate=1.00 collisions/ep=0.00 (n=23)
update=170 global_step=348160 SPS=10 m_ev=0.999 m_v_bias=-1.8 m_kl_max=0.0097 mpc_ms=64.8/379 cand=0.000 w_ax@goal=+0.00 return=999.5 length=92 success_rate=1.00 collisions/ep=0.00 (n=23)
Evaluation at update 170: return=1001.86, length=87.60, success_rate=1.00, collisions/ep=0.00
Solved-check at update 170: solved=False worst_gap=13.03 at p_x0=0.00 p_y0=-0.50 (consecutive=0)
update=171 global_step=350208 SPS=10 m_ev=0.994 m_v_bias=2.2 m_kl_max=0.0040 mpc_ms=70.8/402 cand=0.000 w_ax@goal=-0.00 return=998.1 length=94 success_rate=1.00 collisions/ep=0.00 (n=22)
update=172 global_step=352256 SPS=10 m_ev=0.995 m_v_bias=-0.6 m_kl_max=0.0092 mpc_ms=70.2/863 cand=0.000 w_ax@goal=-0.01 return=997.8 length=93 success_rate=1.00 collisions/ep=0.00 (n=19)
update=173 global_step=354304 SPS=10 m_ev=0.993 m_v_bias=1.1 m_kl_max=0.0062 mpc_ms=66.2/504 cand=0.000 w_ax@goal=+0.01 return=998.4 length=95 success_rate=1.00 collisions/ep=0.00 (n=24)
update=174 global_step=356352 SPS=10 m_ev=0.998 m_v_bias=-1.8 m_kl_max=0.0042 mpc_ms=69.6/433 cand=0.000 w_ax@goal=-0.01 return=998.8 length=92 success_rate=1.00 collisions/ep=0.00 (n=23)
update=175 global_step=358400 SPS=10 m_ev=0.997 m_v_bias=-0.9 m_kl_max=0.0081 mpc_ms=69.9/443 cand=0.000 w_ax@goal=-0.01 return=999.1 length=90 success_rate=1.00 collisions/ep=0.00 (n=21)
Evaluation at update 175: return=1001.81, length=87.65, success_rate=1.00, collisions/ep=0.00
Solved-check at update 175: solved=False worst_gap=13.03 at p_x0=0.00 p_y0=-0.50 (consecutive=0)
update=176 global_step=360448 SPS=10 m_ev=0.999 m_v_bias=1.9 m_kl_max=0.0061 mpc_ms=70.1/581 cand=0.000 w_ax@goal=+0.02 return=998.2 length=92 success_rate=1.00 collisions/ep=0.00 (n=22)
update=177 global_step=362496 SPS=10 m_ev=0.998 m_v_bias=-1.4 m_kl_max=0.0135 mpc_ms=68.3/333 cand=0.000 w_ax@goal=-0.01 return=999.7 length=90 success_rate=1.00 collisions/ep=0.00 (n=22)
update=178 global_step=364544 SPS=10 m_ev=0.983 m_v_bias=7.9 m_kl_max=0.0075 mpc_ms=69.9/450 cand=0.000 w_ax@goal=-0.01 return=998.6 length=93 success_rate=1.00 collisions/ep=0.00 (n=24)
update=179 global_step=366592 SPS=10 m_ev=0.994 m_v_bias=-0.6 m_kl_max=0.0068 mpc_ms=71.6/405 cand=0.000 w_ax@goal=+0.02 return=997.9 length=92 success_rate=1.00 collisions/ep=0.00 (n=22)
update=180 global_step=368640 SPS=10 m_ev=0.995 m_v_bias=-3.4 m_kl_max=0.0071 mpc_ms=67.4/529 cand=0.000 w_ax@goal=-0.03 return=999.7 length=93 success_rate=1.00 collisions/ep=0.00 (n=21)
Evaluation at update 180: return=1001.91, length=87.55, success_rate=1.00, collisions/ep=0.00
Solved-check at update 180: solved=False worst_gap=13.03 at p_x0=0.00 p_y0=-0.50 (consecutive=0)
update=181 global_step=370688 SPS=10 m_ev=0.998 m_v_bias=-0.9 m_kl_max=0.0052 mpc_ms=69.7/918 cand=0.000 w_ax@goal=-0.00 return=997.8 length=94 success_rate=1.00 collisions/ep=0.00 (n=22)
update=182 global_step=372736 SPS=10 m_ev=0.990 m_v_bias=2.1 m_kl_max=0.0054 mpc_ms=69.1/492 cand=0.000 w_ax@goal=-0.01 return=998.0 length=92 success_rate=1.00 collisions/ep=0.00 (n=22)
update=183 global_step=374784 SPS=10 m_ev=0.987 m_v_bias=3.5 m_kl_max=0.0063 mpc_ms=68.6/412 cand=0.000 w_ax@goal=+0.02 return=998.3 length=92 success_rate=1.00 collisions/ep=0.00 (n=24)
update=184 global_step=376832 SPS=10 m_ev=0.997 m_v_bias=-5.5 m_kl_max=0.0031 mpc_ms=70.8/631 cand=0.000 w_ax@goal=-0.01 return=998.5 length=93 success_rate=1.00 collisions/ep=0.00 (n=23)
update=185 global_step=378880 SPS=10 m_ev=0.997 m_v_bias=1.2 m_kl_max=0.0044 mpc_ms=68.2/798 cand=0.000 w_ax@goal=+0.03 return=999.5 length=93 success_rate=1.00 collisions/ep=0.00 (n=18)
Evaluation at update 185: return=1001.86, length=87.60, success_rate=1.00, collisions/ep=0.00
Solved-check at update 185: solved=False worst_gap=13.03 at p_x0=0.00 p_y0=-0.50 (consecutive=0)
update=186 global_step=380928 SPS=10 m_ev=0.996 m_v_bias=-2.6 m_kl_max=0.0063 mpc_ms=67.8/446 cand=0.000 w_ax@goal=+0.01 return=999.0 length=94 success_rate=1.00 collisions/ep=0.00 (n=23)
update=187 global_step=382976 SPS=10 m_ev=0.990 m_v_bias=3.4 m_kl_max=0.0086 mpc_ms=69.9/605 cand=0.000 w_ax@goal=-0.03 return=997.8 length=91 success_rate=1.00 collisions/ep=0.00 (n=23)
update=188 global_step=385024 SPS=10 m_ev=0.998 m_v_bias=-1.3 m_kl_max=0.0031 mpc_ms=65.0/379 cand=0.000 w_ax@goal=-0.00 return=1000.0 length=93 success_rate=1.00 collisions/ep=0.00 (n=22)
update=189 global_step=387072 SPS=10 m_ev=0.999 m_v_bias=-2.1 m_kl_max=0.0054 mpc_ms=70.0/431 cand=0.000 w_ax@goal=+0.01 return=999.7 length=91 success_rate=1.00 collisions/ep=0.00 (n=21)
update=190 global_step=389120 SPS=10 m_ev=0.996 m_v_bias=3.4 m_kl_max=0.0128 mpc_ms=71.8/475 cand=0.000 w_ax@goal=+0.03 return=999.3 length=90 success_rate=1.00 collisions/ep=0.00 (n=23)
Evaluation at update 190: return=1001.76, length=87.70, success_rate=1.00, collisions/ep=0.00
Solved-check at update 190: solved=False worst_gap=13.03 at p_x0=0.00 p_y0=-0.50 (consecutive=0)
update=191 global_step=391168 SPS=10 m_ev=0.991 m_v_bias=-0.6 m_kl_max=0.0092 mpc_ms=64.9/756 cand=0.000 w_ax@goal=-0.02 return=998.4 length=93 success_rate=1.00 collisions/ep=0.00 (n=23)
update=192 global_step=393216 SPS=10 m_ev=0.995 m_v_bias=-0.5 m_kl_max=0.0250 mpc_ms=65.5/368 cand=0.000 w_ax@goal=-0.04 return=999.5 length=95 success_rate=1.00 collisions/ep=0.00 (n=21)
update=193 global_step=395264 SPS=10 m_ev=0.994 m_v_bias=-0.5 m_kl_max=0.0037 mpc_ms=66.0/362 cand=0.000 w_ax@goal=-0.01 return=998.8 length=93 success_rate=1.00 collisions/ep=0.00 (n=22)
update=194 global_step=397312 SPS=10 m_ev=0.994 m_v_bias=0.1 m_kl_max=0.0085 mpc_ms=74.6/417 cand=0.000 w_ax@goal=-0.01 return=997.5 length=91 success_rate=1.00 collisions/ep=0.00 (n=22)
update=195 global_step=399360 SPS=10 m_ev=0.997 m_v_bias=-1.7 m_kl_max=0.0043 mpc_ms=70.8/470 cand=0.000 w_ax@goal=+0.02 return=998.2 length=91 success_rate=1.00 collisions/ep=0.00 (n=23)
Evaluation at update 195: return=1001.66, length=87.80, success_rate=1.00, collisions/ep=0.00
Solved-check at update 195: solved=False worst_gap=13.03 at p_x0=0.00 p_y0=-0.50 (consecutive=0)
update=196 global_step=401408 SPS=10 m_ev=0.998 m_v_bias=-3.1 m_kl_max=0.0134 mpc_ms=64.2/326 cand=0.000 w_ax@goal=-0.02 return=999.7 length=92 success_rate=1.00 collisions/ep=0.00 (n=24)
update=197 global_step=403456 SPS=10 m_ev=0.997 m_v_bias=1.8 m_kl_max=0.0113 mpc_ms=67.6/416 cand=0.000 w_ax@goal=-0.02 return=999.4 length=91 success_rate=1.00 collisions/ep=0.00 (n=22)
update=198 global_step=405504 SPS=10 m_ev=0.989 m_v_bias=2.3 m_kl_max=0.0196 mpc_ms=68.1/319 cand=0.000 w_ax@goal=-0.03 return=998.8 length=91 success_rate=1.00 collisions/ep=0.00 (n=24)
update=199 global_step=407552 SPS=10 m_ev=0.998 m_v_bias=-1.4 m_kl_max=0.0067 mpc_ms=71.7/456 cand=0.000 w_ax@goal=-0.03 return=1000.1 length=90 success_rate=1.00 collisions/ep=0.00 (n=21)
update=200 global_step=409600 SPS=10 m_ev=0.998 m_v_bias=1.0 m_kl_max=0.0146 mpc_ms=69.0/426 cand=0.000 w_ax@goal=+0.00 return=999.3 length=90 success_rate=1.00 collisions/ep=0.00 (n=23)
Evaluation at update 200: return=1001.76, length=87.70, success_rate=1.00, collisions/ep=0.00
Solved-check at update 200: solved=False worst_gap=13.03 at p_x0=0.00 p_y0=-0.50 (consecutive=0)
update=201 global_step=411648 SPS=10 m_ev=0.993 m_v_bias=1.0 m_kl_max=0.0122 mpc_ms=70.3/629 cand=0.000 w_ax@goal=-0.00 return=998.3 length=91 success_rate=1.00 collisions/ep=0.00 (n=22)
update=202 global_step=413696 SPS=10 m_ev=0.991 m_v_bias=1.7 m_kl_max=0.0050 mpc_ms=69.2/463 cand=0.000 w_ax@goal=-0.03 return=1000.2 length=92 success_rate=1.00 collisions/ep=0.00 (n=21)
update=203 global_step=415744 SPS=10 m_ev=0.990 m_v_bias=0.5 m_kl_max=0.0104 mpc_ms=69.2/429 cand=0.000 w_ax@goal=-0.02 return=996.4 length=94 success_rate=1.00 collisions/ep=0.00 (n=23)
update=204 global_step=417792 SPS=10 m_ev=0.993 m_v_bias=1.3 m_kl_max=0.0047 mpc_ms=68.8/484 cand=0.000 w_ax@goal=-0.01 return=998.4 length=93 success_rate=1.00 collisions/ep=0.00 (n=23)
update=205 global_step=419840 SPS=10 m_ev=0.999 m_v_bias=0.0 m_kl_max=0.0086 mpc_ms=65.9/818 cand=0.000 w_ax@goal=+0.01 return=1000.2 length=91 success_rate=1.00 collisions/ep=0.00 (n=21)
Evaluation at update 205: return=1001.55, length=87.90, success_rate=1.00, collisions/ep=0.00
Solved-check at update 205: solved=False worst_gap=13.04 at p_x0=0.50 p_y0=-0.50 (consecutive=0)
update=206 global_step=421888 SPS=10 m_ev=0.998 m_v_bias=0.3 m_kl_max=0.0098 mpc_ms=88.7/597 cand=0.000 w_ax@goal=-0.01 return=999.1 length=95 success_rate=1.00 collisions/ep=0.00 (n=23)
update=207 global_step=423936 SPS=10 m_ev=0.997 m_v_bias=1.0 m_kl_max=0.0209 mpc_ms=146.8/860 cand=0.000 w_ax@goal=-0.00 return=998.5 length=90 success_rate=1.00 collisions/ep=0.00 (n=23)
update=208 global_step=425984 SPS=10 m_ev=0.998 m_v_bias=-1.4 m_kl_max=0.0219 mpc_ms=147.1/910 cand=0.000 w_ax@goal=-0.02 return=999.2 length=93 success_rate=1.00 collisions/ep=0.00 (n=20)
update=209 global_step=428032 SPS=10 m_ev=0.999 m_v_bias=-2.7 m_kl_max=0.0023 mpc_ms=136.0/995 cand=0.000 w_ax@goal=-0.01 return=999.9 length=92 success_rate=1.00 collisions/ep=0.00 (n=22)
update=210 global_step=430080 SPS=10 m_ev=0.997 m_v_bias=1.0 m_kl_max=0.0115 mpc_ms=140.5/685 cand=0.000 w_ax@goal=-0.01 return=1000.0 length=92 success_rate=1.00 collisions/ep=0.00 (n=23)
Evaluation at update 210: return=1001.76, length=87.70, success_rate=1.00, collisions/ep=0.00
Solved-check at update 210: solved=False worst_gap=13.03 at p_x0=0.00 p_y0=-0.50 (consecutive=0)
update=211 global_step=432128 SPS=10 m_ev=0.995 m_v_bias=1.3 m_kl_max=0.0114 mpc_ms=132.2/687 cand=0.000 w_ax@goal=-0.03 return=999.3 length=92 success_rate=1.00 collisions/ep=0.00 (n=24)
update=212 global_step=434176 SPS=10 m_ev=0.998 m_v_bias=0.3 m_kl_max=0.0157 mpc_ms=142.0/679 cand=0.000 w_ax@goal=+0.01 return=999.4 length=91 success_rate=1.00 collisions/ep=0.00 (n=22)
update=213 global_step=436224 SPS=10 m_ev=0.998 m_v_bias=-0.5 m_kl_max=0.0131 mpc_ms=145.9/853 cand=0.000 w_ax@goal=-0.01 return=999.3 length=90 success_rate=1.00 collisions/ep=0.00 (n=23)
update=214 global_step=438272 SPS=10 m_ev=0.975 m_v_bias=5.8 m_kl_max=0.0212 mpc_ms=141.2/946 cand=0.000 w_ax@goal=-0.02 return=999.2 length=91 success_rate=1.00 collisions/ep=0.00 (n=21)
update=215 global_step=440320 SPS=10 m_ev=0.993 m_v_bias=-1.3 m_kl_max=0.0250 mpc_ms=143.3/720 cand=0.000 w_ax@goal=+0.04 return=996.9 length=94 success_rate=1.00 collisions/ep=0.00 (n=22)
Evaluation at update 215: return=1001.81, length=87.65, success_rate=1.00, collisions/ep=0.00
Solved-check at update 215: solved=False worst_gap=13.03 at p_x0=0.00 p_y0=-0.50 (consecutive=0)
update=216 global_step=442368 SPS=9 m_ev=0.999 m_v_bias=-1.2 m_kl_max=0.0102 mpc_ms=145.4/701 cand=0.000 w_ax@goal=+0.01 return=1000.2 length=91 success_rate=1.00 collisions/ep=0.00 (n=24)
update=217 global_step=444416 SPS=9 m_ev=0.991 m_v_bias=2.3 m_kl_max=0.0081 mpc_ms=149.7/737 cand=0.000 w_ax@goal=-0.02 return=999.5 length=90 success_rate=1.00 collisions/ep=0.00 (n=22)
update=218 global_step=446464 SPS=9 m_ev=0.995 m_v_bias=-0.7 m_kl_max=0.0082 mpc_ms=141.6/840 cand=0.000 w_ax@goal=+0.00 return=999.7 length=90 success_rate=1.00 collisions/ep=0.00 (n=22)
update=219 global_step=448512 SPS=9 m_ev=0.998 m_v_bias=-2.1 m_kl_max=0.0052 mpc_ms=145.8/746 cand=0.000 w_ax@goal=+0.02 return=1000.0 length=91 success_rate=1.00 collisions/ep=0.00 (n=24)
update=220 global_step=450560 SPS=9 m_ev=0.993 m_v_bias=1.4 m_kl_max=0.0086 mpc_ms=153.1/724 cand=0.000 w_ax@goal=-0.00 return=998.9 length=91 success_rate=1.00 collisions/ep=0.00 (n=23)
Evaluation at update 220: return=1001.91, length=87.55, success_rate=1.00, collisions/ep=0.00
Solved-check at update 220: solved=False worst_gap=12.03 at p_x0=0.50 p_y0=-0.50 (consecutive=0)
update=221 global_step=452608 SPS=9 m_ev=0.993 m_v_bias=-0.0 m_kl_max=0.0054 mpc_ms=144.8/983 cand=0.000 w_ax@goal=-0.02 return=999.0 length=91 success_rate=1.00 collisions/ep=0.00 (n=20)
update=222 global_step=454656 SPS=9 m_ev=0.999 m_v_bias=-6.8 m_kl_max=0.0043 mpc_ms=140.1/640 cand=0.000 w_ax@goal=+0.03 return=1000.2 length=91 success_rate=1.00 collisions/ep=0.00 (n=23)
update=223 global_step=456704 SPS=9 m_ev=0.998 m_v_bias=0.8 m_kl_max=0.0080 mpc_ms=140.6/1245 cand=0.000 w_ax@goal=+0.00 return=999.7 length=92 success_rate=1.00 collisions/ep=0.00 (n=24)
update=224 global_step=458752 SPS=9 m_ev=0.995 m_v_bias=1.7 m_kl_max=0.0086 mpc_ms=146.8/1040 cand=0.000 w_ax@goal=-0.00 return=998.5 length=93 success_rate=1.00 collisions/ep=0.00 (n=22)
update=225 global_step=460800 SPS=9 m_ev=0.996 m_v_bias=-0.4 m_kl_max=0.0105 mpc_ms=152.1/806 cand=0.000 w_ax@goal=-0.02 return=999.0 length=92 success_rate=1.00 collisions/ep=0.00 (n=20)
Evaluation at update 225: return=1001.76, length=87.70, success_rate=1.00, collisions/ep=0.00
Solved-check at update 225: solved=False worst_gap=12.03 at p_x0=0.50 p_y0=-0.50 (consecutive=0)
update=226 global_step=462848 SPS=9 m_ev=0.994 m_v_bias=0.2 m_kl_max=0.0250 mpc_ms=134.4/788 cand=0.000 w_ax@goal=-0.03 return=999.1 length=92 success_rate=1.00 collisions/ep=0.00 (n=23)
update=227 global_step=464896 SPS=9 m_ev=0.997 m_v_bias=-2.0 m_kl_max=0.0168 mpc_ms=139.5/962 cand=0.000 w_ax@goal=+0.01 return=999.8 length=93 success_rate=1.00 collisions/ep=0.00 (n=23)
update=228 global_step=466944 SPS=9 m_ev=0.988 m_v_bias=0.8 m_kl_max=0.0171 mpc_ms=145.8/755 cand=0.000 w_ax@goal=-0.00 return=1000.1 length=90 success_rate=1.00 collisions/ep=0.00 (n=21)
update=229 global_step=468992 SPS=9 m_ev=0.995 m_v_bias=0.3 m_kl_max=0.0247 mpc_ms=142.8/718 cand=0.000 w_ax@goal=-0.02 return=997.9 length=92 success_rate=1.00 collisions/ep=0.00 (n=24)
update=230 global_step=471040 SPS=9 m_ev=0.991 m_v_bias=-1.4 m_kl_max=0.0198 mpc_ms=145.8/739 cand=0.000 w_ax@goal=+0.01 return=1000.0 length=89 success_rate=1.00 collisions/ep=0.00 (n=23)
Evaluation at update 230: return=1001.86, length=87.60, success_rate=1.00, collisions/ep=0.00
Solved-check at update 230: solved=False worst_gap=12.03 at p_x0=0.50 p_y0=-0.50 (consecutive=0)
update=231 global_step=473088 SPS=9 m_ev=0.996 m_v_bias=-2.6 m_kl_max=0.0101 mpc_ms=145.2/777 cand=0.000 w_ax@goal=-0.02 return=999.0 length=91 success_rate=1.00 collisions/ep=0.00 (n=21)
update=232 global_step=475136 SPS=9 m_ev=0.994 m_v_bias=1.6 m_kl_max=0.0206 mpc_ms=147.8/848 cand=0.000 w_ax@goal=-0.01 return=998.9 length=92 success_rate=1.00 collisions/ep=0.00 (n=22)
update=233 global_step=477184 SPS=9 m_ev=0.995 m_v_bias=0.2 m_kl_max=0.0118 mpc_ms=145.6/852 cand=0.000 w_ax@goal=+0.02 return=997.8 length=91 success_rate=1.00 collisions/ep=0.00 (n=24)
update=234 global_step=479232 SPS=9 m_ev=0.993 m_v_bias=1.2 m_kl_max=0.0103 mpc_ms=146.0/996 cand=0.000 w_ax@goal=-0.03 return=999.5 length=91 success_rate=1.00 collisions/ep=0.00 (n=24)
update=235 global_step=481280 SPS=9 m_ev=0.997 m_v_bias=-3.5 m_kl_max=0.0037 mpc_ms=147.3/831 cand=0.000 w_ax@goal=-0.03 return=999.5 length=90 success_rate=1.00 collisions/ep=0.00 (n=19)
Evaluation at update 235: return=1001.86, length=87.60, success_rate=1.00, collisions/ep=0.00
Solved-check at update 235: solved=False worst_gap=13.03 at p_x0=0.00 p_y0=-0.50 (consecutive=0)
update=236 global_step=483328 SPS=9 m_ev=0.997 m_v_bias=-1.5 m_kl_max=0.0070 mpc_ms=140.8/652 cand=0.000 w_ax@goal=-0.00 return=999.9 length=92 success_rate=1.00 collisions/ep=0.00 (n=24)
update=237 global_step=485376 SPS=9 m_ev=0.998 m_v_bias=-1.8 m_kl_max=0.0096 mpc_ms=139.1/1386 cand=0.000 w_ax@goal=+0.02 return=999.5 length=89 success_rate=1.00 collisions/ep=0.00 (n=23)
update=238 global_step=487424 SPS=9 m_ev=0.988 m_v_bias=4.2 m_kl_max=0.0070 mpc_ms=145.4/622 cand=0.000 w_ax@goal=-0.01 return=998.5 length=92 success_rate=1.00 collisions/ep=0.00 (n=22)
update=239 global_step=489472 SPS=9 m_ev=0.996 m_v_bias=-4.9 m_kl_max=0.0054 mpc_ms=139.3/678 cand=0.000 w_ax@goal=-0.01 return=1000.0 length=92 success_rate=1.00 collisions/ep=0.00 (n=23)
update=240 global_step=491520 SPS=9 m_ev=0.998 m_v_bias=-0.3 m_kl_max=0.0072 mpc_ms=137.8/657 cand=0.000 w_ax@goal=-0.01 return=999.5 length=94 success_rate=1.00 collisions/ep=0.00 (n=21)
Evaluation at update 240: return=1001.76, length=87.70, success_rate=1.00, collisions/ep=0.00
Solved-check at update 240: solved=False worst_gap=12.03 at p_x0=0.50 p_y0=-0.50 (consecutive=0)
update=241 global_step=493568 SPS=9 m_ev=0.998 m_v_bias=-0.1 m_kl_max=0.0044 mpc_ms=136.8/688 cand=0.000 w_ax@goal=+0.03 return=1000.2 length=91 success_rate=1.00 collisions/ep=0.00 (n=23)
update=242 global_step=495616 SPS=8 m_ev=0.998 m_v_bias=0.9 m_kl_max=0.0103 mpc_ms=143.9/1170 cand=0.000 w_ax@goal=+0.02 return=999.4 length=93 success_rate=1.00 collisions/ep=0.00 (n=21)
update=243 global_step=497664 SPS=8 m_ev=0.994 m_v_bias=0.2 m_kl_max=0.0123 mpc_ms=140.3/706 cand=0.000 w_ax@goal=-0.01 return=998.6 length=91 success_rate=1.00 collisions/ep=0.00 (n=23)
update=244 global_step=499712 SPS=8 m_ev=0.998 m_v_bias=-1.4 m_kl_max=0.0098 mpc_ms=134.6/764 cand=0.000 w_ax@goal=+0.01 return=1000.4 length=91 success_rate=1.00 collisions/ep=0.00 (n=23)
Saved checkpoints to C:\Users\loren\Desktop\MASTER THESIS\5_CODE\scenarios\slalom\studies\disturbed_0.005_0.05\ppo_mpc\runs\ppo_mpc_slalom_2_1791111881
