Using device: cpu
Solved-check: precomputed optimal returns for 25 fixed initial conditions (mean=1011.8, min=1007.0, max=1014.0); solved-tolerance=5.0
Goal box: +-1.800 m (1.5x segment-reachable; segment-reachable displacement = 1.200 m)
tube MPC: W disks of radii (p, v) [0.005 0.05 ], RPI s=17 alpha=0.0281; Z radii (p, v) = [0.0833 0.2107]
  X0 (-) Z: p_x [-0.917, 10.917], p_y [-1.916, 1.916], ||v|| <= 0.989; V = U (-) KZ: ||u|| <= 1.692; K = [-7.613 -4.585] per axis
  4 obstacles, 132 binaries before fixing, max big-M 9.00; horizon N=10, stopping time 6 steps
num_envs=8 num_steps_per_env=256 batch_size=2048 num_updates=244 timesteps=499712 (requested 500000)
update=1 global_step=2048 SPS=31 m_ev=-0.001 m_v_bias=41.8 m_kl_max=0.0032 mpc_ms=31.6/441 cand=0.000 return=-195.0 length=200 success_rate=0.00 collisions/ep=0.00 (n=8)
update=2 global_step=4096 SPS=31 m_ev=-0.514 m_v_bias=24.4 m_kl_max=0.0122 mpc_ms=30.8/321 cand=0.000 return=-188.3 length=200 success_rate=0.00 collisions/ep=0.00 (n=8)
update=3 global_step=6144 SPS=27 m_ev=-0.327 m_v_bias=11.2 m_kl_max=0.0466 mpc_ms=44.9/443 cand=0.000 return=-189.3 length=200 success_rate=0.00 collisions/ep=0.00 (n=8)
update=4 global_step=8192 SPS=23 m_ev=0.098 m_v_bias=7.7 m_kl_max=0.0541 mpc_ms=63.0/372 cand=0.000 return=-175.8 length=200 success_rate=0.00 collisions/ep=0.00 (n=16)
update=5 global_step=10240 SPS=20 m_ev=0.406 m_v_bias=2.1 m_kl_max=0.0765 mpc_ms=75.2/392 cand=0.000 return=-163.7 length=200 success_rate=0.00 collisions/ep=0.00 (n=8)
Evaluation at update 5: return=-142.61, length=200.00, success_rate=0.00, collisions/ep=0.00
Solved-check at update 5: solved=False worst_gap=1162.01 at p_x0=2.00 p_y0=0.00 (consecutive=0)
update=6 global_step=12288 SPS=10 m_ev=0.719 m_v_bias=-0.3 m_kl_max=0.0156 mpc_ms=81.5/376 cand=0.000 return=-155.2 length=200 success_rate=0.00 collisions/ep=0.00 (n=8)
update=7 global_step=14336 SPS=10 m_ev=0.867 m_v_bias=1.1 m_kl_max=0.0312 mpc_ms=83.2/581 cand=0.000 return=-148.5 length=200 success_rate=0.00 collisions/ep=0.00 (n=8)
update=8 global_step=16384 SPS=10 m_ev=0.903 m_v_bias=0.1 m_kl_max=0.0369 mpc_ms=71.1/453 cand=0.000 return=-147.8 length=200 success_rate=0.00 collisions/ep=0.00 (n=16)
update=9 global_step=18432 SPS=10 m_ev=0.931 m_v_bias=-1.0 m_kl_max=0.0387 mpc_ms=82.2/422 cand=0.000 return=-139.4 length=200 success_rate=0.00 collisions/ep=0.00 (n=8)
update=10 global_step=20480 SPS=11 m_ev=0.965 m_v_bias=-0.6 m_kl_max=0.0471 mpc_ms=74.1/776 cand=0.000 return=-140.3 length=200 success_rate=0.00 collisions/ep=0.00 (n=8)
Evaluation at update 10: return=-149.97, length=200.00, success_rate=0.00, collisions/ep=0.00
Solved-check at update 10: solved=False worst_gap=1190.68 at p_x0=2.00 p_y0=1.00 (consecutive=0)
update=11 global_step=22528 SPS=8 m_ev=0.927 m_v_bias=1.4 m_kl_max=0.0293 mpc_ms=67.6/741 cand=0.000 return=-142.2 length=200 success_rate=0.00 collisions/ep=0.00 (n=16)
update=12 global_step=24576 SPS=9 m_ev=-0.028 m_v_bias=-34.9 m_kl_max=0.0213 mpc_ms=77.6/396 cand=0.000 w_ax@goal=-0.15 return=-8.6 length=196 success_rate=0.12 collisions/ep=0.00 (n=8)
update=13 global_step=26624 SPS=9 m_ev=-0.002 m_v_bias=-1.4 m_kl_max=0.0210 mpc_ms=79.2/460 cand=0.000 w_ax@goal=-1.32 return=-132.7 length=200 success_rate=0.00 collisions/ep=0.00 (n=8)
update=14 global_step=28672 SPS=9 m_ev=-0.022 m_v_bias=-43.3 m_kl_max=0.0074 mpc_ms=85.9/497 cand=0.000 w_ax@goal=-0.21 return=71.0 length=196 success_rate=0.20 collisions/ep=0.00 (n=10)
update=15 global_step=30720 SPS=9 m_ev=-1.037 m_v_bias=0.0 m_kl_max=0.0095 mpc_ms=75.7/365 cand=0.000 w_ax@goal=-0.55 return=-140.5 length=200 success_rate=0.00 collisions/ep=0.00 (n=14)
Evaluation at update 15: return=-142.52, length=200.00, success_rate=0.00, collisions/ep=0.00
Solved-check at update 15: solved=False worst_gap=1161.95 at p_x0=2.00 p_y0=0.00 (consecutive=0)
update=16 global_step=32768 SPS=8 m_ev=0.087 m_v_bias=-39.8 m_kl_max=0.0052 mpc_ms=83.8/465 cand=0.000 w_ax@goal=-0.64 return=130.7 length=192 success_rate=0.25 collisions/ep=0.00 (n=8)
update=17 global_step=34816 SPS=8 m_ev=0.205 m_v_bias=-21.0 m_kl_max=0.0350 mpc_ms=82.8/478 cand=0.000 w_ax@goal=-0.78 return=75.5 length=190 success_rate=0.20 collisions/ep=0.00 (n=10)
update=18 global_step=36864 SPS=8 m_ev=0.214 m_v_bias=-12.2 m_kl_max=0.0274 mpc_ms=76.2/364 cand=0.000 w_ax@goal=-0.07 return=-57.6 length=196 success_rate=0.07 collisions/ep=0.00 (n=14)
update=19 global_step=38912 SPS=8 m_ev=0.306 m_v_bias=-102.9 m_kl_max=0.0098 mpc_ms=71.1/524 cand=0.000 w_ax@goal=-0.05 return=574.0 length=169 success_rate=0.67 collisions/ep=0.00 (n=9)
update=20 global_step=40960 SPS=9 m_ev=0.694 m_v_bias=-98.0 m_kl_max=0.0093 mpc_ms=73.7/502 cand=0.000 w_ax@goal=-0.11 return=514.3 length=175 success_rate=0.62 collisions/ep=0.00 (n=13)
Evaluation at update 20: return=116.33, length=176.65, success_rate=0.25, collisions/ep=0.00
Solved-check at update 20: solved=False worst_gap=1191.86 at p_x0=2.00 p_y0=0.00 (consecutive=0)
update=21 global_step=43008 SPS=8 m_ev=0.802 m_v_bias=-4.1 m_kl_max=0.0123 mpc_ms=78.8/391 cand=0.000 w_ax@goal=-0.20 return=344.8 length=172 success_rate=0.45 collisions/ep=0.00 (n=11)
update=22 global_step=45056 SPS=8 m_ev=0.748 m_v_bias=7.4 m_kl_max=0.0036 mpc_ms=78.9/385 cand=0.000 w_ax@goal=-0.05 return=432.0 length=183 success_rate=0.55 collisions/ep=0.00 (n=11)
update=23 global_step=47104 SPS=8 m_ev=0.770 m_v_bias=-12.9 m_kl_max=0.0236 mpc_ms=77.2/576 cand=0.000 w_ax@goal=-0.00 return=328.4 length=173 success_rate=0.43 collisions/ep=0.00 (n=14)
update=24 global_step=49152 SPS=8 m_ev=0.783 m_v_bias=3.5 m_kl_max=0.0086 mpc_ms=78.9/714 cand=0.000 w_ax@goal=-0.06 return=353.6 length=166 success_rate=0.45 collisions/ep=0.00 (n=11)
update=25 global_step=51200 SPS=9 m_ev=0.873 m_v_bias=18.3 m_kl_max=0.0194 mpc_ms=73.7/401 cand=0.000 w_ax@goal=-0.01 return=607.3 length=161 success_rate=0.69 collisions/ep=0.00 (n=13)
Evaluation at update 25: return=120.01, length=173.00, success_rate=0.25, collisions/ep=0.00
Solved-check at update 25: solved=False worst_gap=1191.86 at p_x0=2.00 p_y0=0.00 (consecutive=0)
update=26 global_step=53248 SPS=8 m_ev=0.725 m_v_bias=-40.7 m_kl_max=0.0122 mpc_ms=81.3/522 cand=0.000 w_ax@goal=-0.03 return=396.8 length=166 success_rate=0.50 collisions/ep=0.00 (n=12)
update=27 global_step=55296 SPS=8 m_ev=0.750 m_v_bias=-38.6 m_kl_max=0.0101 mpc_ms=83.2/496 cand=0.000 w_ax@goal=-0.07 return=360.4 length=171 success_rate=0.46 collisions/ep=0.00 (n=13)
update=28 global_step=57344 SPS=8 m_ev=0.828 m_v_bias=18.2 m_kl_max=0.0124 mpc_ms=85.2/517 cand=0.000 w_ax@goal=-0.08 return=695.2 length=154 success_rate=0.77 collisions/ep=0.00 (n=13)
update=29 global_step=59392 SPS=8 m_ev=0.818 m_v_bias=-9.8 m_kl_max=0.0266 mpc_ms=79.5/380 cand=0.000 w_ax@goal=-0.20 return=534.3 length=158 success_rate=0.62 collisions/ep=0.00 (n=13)
update=30 global_step=61440 SPS=8 m_ev=0.825 m_v_bias=-58.2 m_kl_max=0.0142 mpc_ms=90.3/466 cand=0.000 w_ax@goal=+0.08 return=843.3 length=160 success_rate=0.92 collisions/ep=0.00 (n=12)
Evaluation at update 30: return=998.60, length=90.75, success_rate=1.00, collisions/ep=0.00
Solved-check at update 30: solved=False worst_gap=23.20 at p_x0=1.00 p_y0=-1.00 (consecutive=0)
update=31 global_step=63488 SPS=8 m_ev=0.864 m_v_bias=-9.5 m_kl_max=0.0063 mpc_ms=85.1/471 cand=0.000 w_ax@goal=-0.01 return=876.1 length=146 success_rate=0.93 collisions/ep=0.00 (n=15)
update=32 global_step=65536 SPS=8 m_ev=0.917 m_v_bias=-20.5 m_kl_max=0.0099 mpc_ms=84.3/530 cand=0.000 w_ax@goal=+0.02 return=966.5 length=123 success_rate=1.00 collisions/ep=0.00 (n=17)
update=33 global_step=67584 SPS=8 m_ev=0.874 m_v_bias=12.0 m_kl_max=0.0101 mpc_ms=87.3/530 cand=0.000 w_ax@goal=-0.05 return=888.8 length=137 success_rate=0.94 collisions/ep=0.00 (n=16)
update=34 global_step=69632 SPS=8 m_ev=0.924 m_v_bias=-21.9 m_kl_max=0.0122 mpc_ms=90.0/462 cand=0.000 w_ax@goal=+0.06 return=972.5 length=119 success_rate=1.00 collisions/ep=0.00 (n=16)
update=35 global_step=71680 SPS=8 m_ev=0.922 m_v_bias=-4.7 m_kl_max=0.0133 mpc_ms=85.4/526 cand=0.000 w_ax@goal=+0.02 return=968.7 length=122 success_rate=1.00 collisions/ep=0.00 (n=18)
Evaluation at update 35: return=999.89, length=89.55, success_rate=1.00, collisions/ep=0.00
Solved-check at update 35: solved=False worst_gap=15.03 at p_x0=0.00 p_y0=-0.50 (consecutive=0)
update=36 global_step=73728 SPS=8 m_ev=0.917 m_v_bias=0.6 m_kl_max=0.0036 mpc_ms=86.2/493 cand=0.000 w_ax@goal=+0.03 return=972.2 length=118 success_rate=1.00 collisions/ep=0.00 (n=17)
update=37 global_step=75776 SPS=8 m_ev=0.964 m_v_bias=-29.3 m_kl_max=0.0067 mpc_ms=83.4/450 cand=0.000 w_ax@goal=+0.00 return=981.5 length=110 success_rate=1.00 collisions/ep=0.00 (n=19)
update=38 global_step=77824 SPS=8 m_ev=0.959 m_v_bias=-0.3 m_kl_max=0.0083 mpc_ms=82.7/639 cand=0.000 w_ax@goal=+0.01 return=982.1 length=108 success_rate=1.00 collisions/ep=0.00 (n=20)
update=39 global_step=79872 SPS=8 m_ev=0.948 m_v_bias=2.4 m_kl_max=0.0080 mpc_ms=85.9/1101 cand=0.000 w_ax@goal=-0.04 return=980.6 length=109 success_rate=1.00 collisions/ep=0.00 (n=17)
update=40 global_step=81920 SPS=8 m_ev=0.976 m_v_bias=-10.3 m_kl_max=0.0092 mpc_ms=81.3/454 cand=0.000 w_ax@goal=+0.01 return=985.9 length=104 success_rate=1.00 collisions/ep=0.00 (n=22)
Evaluation at update 40: return=999.65, length=89.80, success_rate=1.00, collisions/ep=0.00
Solved-check at update 40: solved=False worst_gap=15.03 at p_x0=0.00 p_y0=-0.50 (consecutive=0)
update=41 global_step=83968 SPS=8 m_ev=0.972 m_v_bias=-4.4 m_kl_max=0.0293 mpc_ms=81.9/470 cand=0.000 w_ax@goal=-0.01 return=987.6 length=103 success_rate=1.00 collisions/ep=0.00 (n=18)
update=42 global_step=86016 SPS=8 m_ev=0.979 m_v_bias=-3.8 m_kl_max=0.0176 mpc_ms=78.3/499 cand=0.000 w_ax@goal=+0.01 return=986.1 length=105 success_rate=1.00 collisions/ep=0.00 (n=20)
update=43 global_step=88064 SPS=8 m_ev=0.977 m_v_bias=-2.3 m_kl_max=0.0061 mpc_ms=88.2/832 cand=0.001 w_ax@goal=-0.05 return=988.6 length=102 success_rate=1.00 collisions/ep=0.00 (n=20)
update=44 global_step=90112 SPS=8 m_ev=0.973 m_v_bias=6.4 m_kl_max=0.0121 mpc_ms=81.2/546 cand=0.000 w_ax@goal=+0.01 return=989.1 length=103 success_rate=1.00 collisions/ep=0.00 (n=19)
update=45 global_step=92160 SPS=8 m_ev=0.980 m_v_bias=4.9 m_kl_max=0.0055 mpc_ms=84.9/959 cand=0.000 w_ax@goal=+0.03 return=984.9 length=104 success_rate=1.00 collisions/ep=0.00 (n=20)
Evaluation at update 45: return=999.60, length=89.85, success_rate=1.00, collisions/ep=0.00
Solved-check at update 45: solved=False worst_gap=15.03 at p_x0=0.00 p_y0=-0.50 (consecutive=0)
update=46 global_step=94208 SPS=8 m_ev=0.973 m_v_bias=8.1 m_kl_max=0.0125 mpc_ms=80.5/830 cand=0.000 w_ax@goal=-0.07 return=986.7 length=103 success_rate=1.00 collisions/ep=0.00 (n=19)
update=47 global_step=96256 SPS=8 m_ev=0.963 m_v_bias=-4.7 m_kl_max=0.0143 mpc_ms=77.8/655 cand=0.000 w_ax@goal=+0.01 return=989.3 length=102 success_rate=1.00 collisions/ep=0.00 (n=21)
update=48 global_step=98304 SPS=8 m_ev=0.969 m_v_bias=-2.3 m_kl_max=0.0025 mpc_ms=75.9/504 cand=0.000 w_ax@goal=+0.02 return=987.2 length=103 success_rate=1.00 collisions/ep=0.00 (n=20)
update=49 global_step=100352 SPS=8 m_ev=0.982 m_v_bias=-6.4 m_kl_max=0.0159 mpc_ms=76.4/428 cand=0.000 w_ax@goal=+0.01 return=988.1 length=104 success_rate=1.00 collisions/ep=0.00 (n=19)
update=50 global_step=102400 SPS=8 m_ev=0.986 m_v_bias=-2.6 m_kl_max=0.0050 mpc_ms=69.0/321 cand=0.000 w_ax@goal=+0.02 return=990.5 length=102 success_rate=1.00 collisions/ep=0.00 (n=22)
Evaluation at update 50: return=999.25, length=90.20, success_rate=1.00, collisions/ep=0.00
Solved-check at update 50: solved=False worst_gap=15.04 at p_x0=0.00 p_y0=0.00 (consecutive=0)
update=51 global_step=104448 SPS=8 m_ev=0.979 m_v_bias=-2.1 m_kl_max=0.0075 mpc_ms=77.1/442 cand=0.000 w_ax@goal=+0.00 return=990.2 length=100 success_rate=1.00 collisions/ep=0.00 (n=18)
update=52 global_step=106496 SPS=8 m_ev=0.980 m_v_bias=1.5 m_kl_max=0.0102 mpc_ms=67.6/417 cand=0.000 w_ax@goal=+0.01 return=991.3 length=98 success_rate=1.00 collisions/ep=0.00 (n=23)
update=53 global_step=108544 SPS=8 m_ev=0.987 m_v_bias=-6.6 m_kl_max=0.0044 mpc_ms=68.9/424 cand=0.000 w_ax@goal=-0.00 return=990.8 length=101 success_rate=1.00 collisions/ep=0.00 (n=20)
update=54 global_step=110592 SPS=8 m_ev=0.963 m_v_bias=9.3 m_kl_max=0.0116 mpc_ms=67.7/420 cand=0.000 w_ax@goal=+0.01 return=991.7 length=99 success_rate=1.00 collisions/ep=0.00 (n=20)
update=55 global_step=112640 SPS=9 m_ev=0.985 m_v_bias=-11.1 m_kl_max=0.0024 mpc_ms=68.5/383 cand=0.000 w_ax@goal=+0.02 return=991.1 length=99 success_rate=1.00 collisions/ep=0.00 (n=21)
Evaluation at update 55: return=999.95, length=89.50, success_rate=1.00, collisions/ep=0.00
Solved-check at update 55: solved=False worst_gap=14.04 at p_x0=0.00 p_y0=0.00 (consecutive=0)
update=56 global_step=114688 SPS=8 m_ev=0.984 m_v_bias=1.5 m_kl_max=0.0083 mpc_ms=68.6/519 cand=0.000 w_ax@goal=+0.03 return=991.5 length=99 success_rate=1.00 collisions/ep=0.00 (n=20)
update=57 global_step=116736 SPS=8 m_ev=0.972 m_v_bias=2.3 m_kl_max=0.0206 mpc_ms=68.9/458 cand=0.000 w_ax@goal=-0.07 return=989.9 length=100 success_rate=1.00 collisions/ep=0.00 (n=21)
update=58 global_step=118784 SPS=9 m_ev=0.984 m_v_bias=0.0 m_kl_max=0.0113 mpc_ms=64.9/643 cand=0.000 w_ax@goal=+0.00 return=990.3 length=101 success_rate=1.00 collisions/ep=0.00 (n=20)
update=59 global_step=120832 SPS=9 m_ev=0.993 m_v_bias=-6.6 m_kl_max=0.0142 mpc_ms=66.9/402 cand=0.000 w_ax@goal=-0.02 return=993.8 length=99 success_rate=1.00 collisions/ep=0.00 (n=21)
update=60 global_step=122880 SPS=9 m_ev=0.985 m_v_bias=0.0 m_kl_max=0.0159 mpc_ms=63.9/404 cand=0.000 w_ax@goal=-0.02 return=992.8 length=98 success_rate=1.00 collisions/ep=0.00 (n=22)
Evaluation at update 60: return=1000.35, length=89.10, success_rate=1.00, collisions/ep=0.00
Solved-check at update 60: solved=False worst_gap=14.03 at p_x0=0.00 p_y0=-0.50 (consecutive=0)
update=61 global_step=124928 SPS=9 m_ev=0.988 m_v_bias=0.3 m_kl_max=0.0146 mpc_ms=69.0/389 cand=0.000 w_ax@goal=+0.01 return=994.9 length=98 success_rate=1.00 collisions/ep=0.00 (n=18)
update=62 global_step=126976 SPS=9 m_ev=0.995 m_v_bias=-1.6 m_kl_max=0.0121 mpc_ms=61.7/387 cand=0.000 w_ax@goal=-0.01 return=993.5 length=99 success_rate=1.00 collisions/ep=0.00 (n=24)
update=63 global_step=129024 SPS=9 m_ev=0.986 m_v_bias=4.7 m_kl_max=0.0032 mpc_ms=70.6/468 cand=0.000 w_ax@goal=-0.01 return=992.0 length=100 success_rate=1.00 collisions/ep=0.00 (n=19)
update=64 global_step=131072 SPS=9 m_ev=0.990 m_v_bias=-3.5 m_kl_max=0.0062 mpc_ms=70.6/552 cand=0.000 w_ax@goal=-0.03 return=991.4 length=99 success_rate=1.00 collisions/ep=0.00 (n=21)
update=65 global_step=133120 SPS=9 m_ev=0.990 m_v_bias=-5.4 m_kl_max=0.0070 mpc_ms=72.1/461 cand=0.000 w_ax@goal=-0.00 return=993.3 length=96 success_rate=1.00 collisions/ep=0.00 (n=22)
Evaluation at update 65: return=1000.65, length=88.80, success_rate=1.00, collisions/ep=0.00
Solved-check at update 65: solved=False worst_gap=14.03 at p_x0=0.00 p_y0=-0.50 (consecutive=0)
update=66 global_step=135168 SPS=9 m_ev=0.993 m_v_bias=0.0 m_kl_max=0.0096 mpc_ms=64.2/385 cand=0.000 w_ax@goal=+0.01 return=995.3 length=96 success_rate=1.00 collisions/ep=0.00 (n=21)
update=67 global_step=137216 SPS=9 m_ev=0.989 m_v_bias=1.3 m_kl_max=0.0074 mpc_ms=72.4/823 cand=0.000 w_ax@goal=-0.01 return=994.0 length=97 success_rate=1.00 collisions/ep=0.00 (n=22)
update=68 global_step=139264 SPS=9 m_ev=0.986 m_v_bias=3.2 m_kl_max=0.0030 mpc_ms=67.3/353 cand=0.000 w_ax@goal=-0.02 return=993.1 length=96 success_rate=1.00 collisions/ep=0.00 (n=20)
update=69 global_step=141312 SPS=9 m_ev=0.993 m_v_bias=-5.6 m_kl_max=0.0052 mpc_ms=66.6/446 cand=0.000 w_ax@goal=+0.03 return=994.7 length=96 success_rate=1.00 collisions/ep=0.00 (n=22)
update=70 global_step=143360 SPS=9 m_ev=0.986 m_v_bias=5.9 m_kl_max=0.0102 mpc_ms=73.5/466 cand=0.000 w_ax@goal=+0.00 return=993.3 length=97 success_rate=1.00 collisions/ep=0.00 (n=21)
Evaluation at update 70: return=1000.90, length=88.55, success_rate=1.00, collisions/ep=0.00
Solved-check at update 70: solved=False worst_gap=13.02 at p_x0=0.00 p_y0=-0.50 (consecutive=0)
update=71 global_step=145408 SPS=9 m_ev=0.984 m_v_bias=0.9 m_kl_max=0.0149 mpc_ms=69.9/617 cand=0.000 w_ax@goal=-0.03 return=993.1 length=97 success_rate=1.00 collisions/ep=0.00 (n=21)
update=72 global_step=147456 SPS=9 m_ev=0.989 m_v_bias=-3.5 m_kl_max=0.0165 mpc_ms=69.9/498 cand=0.000 w_ax@goal=-0.01 return=993.5 length=98 success_rate=1.00 collisions/ep=0.00 (n=20)
update=73 global_step=149504 SPS=9 m_ev=0.987 m_v_bias=-2.3 m_kl_max=0.0023 mpc_ms=68.4/406 cand=0.000 w_ax@goal=-0.04 return=994.3 length=99 success_rate=1.00 collisions/ep=0.00 (n=22)
update=74 global_step=151552 SPS=9 m_ev=0.976 m_v_bias=1.3 m_kl_max=0.0076 mpc_ms=67.6/459 cand=0.000 w_ax@goal=-0.01 return=993.3 length=96 success_rate=1.00 collisions/ep=0.00 (n=21)
update=75 global_step=153600 SPS=9 m_ev=0.988 m_v_bias=-5.8 m_kl_max=0.0120 mpc_ms=72.0/350 cand=0.000 w_ax@goal=-0.02 return=993.5 length=97 success_rate=1.00 collisions/ep=0.00 (n=21)
Evaluation at update 75: return=1000.80, length=88.65, success_rate=1.00, collisions/ep=0.00
Solved-check at update 75: solved=False worst_gap=13.04 at p_x0=0.00 p_y0=0.00 (consecutive=0)
update=76 global_step=155648 SPS=9 m_ev=0.980 m_v_bias=-1.9 m_kl_max=0.0119 mpc_ms=62.4/357 cand=0.000 w_ax@goal=-0.01 return=995.1 length=95 success_rate=1.00 collisions/ep=0.00 (n=22)
update=77 global_step=157696 SPS=9 m_ev=0.984 m_v_bias=2.0 m_kl_max=0.0024 mpc_ms=61.3/431 cand=0.000 w_ax@goal=+0.03 return=994.5 length=97 success_rate=1.00 collisions/ep=0.00 (n=20)
update=78 global_step=159744 SPS=9 m_ev=0.989 m_v_bias=-2.9 m_kl_max=0.0040 mpc_ms=63.5/462 cand=0.000 w_ax@goal=-0.01 return=994.4 length=96 success_rate=1.00 collisions/ep=0.00 (n=21)
update=79 global_step=161792 SPS=9 m_ev=0.996 m_v_bias=-4.9 m_kl_max=0.0070 mpc_ms=60.2/582 cand=0.000 w_ax@goal=+0.00 return=996.4 length=95 success_rate=1.00 collisions/ep=0.00 (n=22)
update=80 global_step=163840 SPS=9 m_ev=0.986 m_v_bias=-0.3 m_kl_max=0.0176 mpc_ms=62.9/360 cand=0.000 w_ax@goal=+0.04 return=993.2 length=98 success_rate=1.00 collisions/ep=0.00 (n=22)
Evaluation at update 80: return=1000.90, length=88.55, success_rate=1.00, collisions/ep=0.00
Solved-check at update 80: solved=False worst_gap=13.03 at p_x0=0.00 p_y0=-0.50 (consecutive=0)
update=81 global_step=165888 SPS=9 m_ev=0.990 m_v_bias=-1.0 m_kl_max=0.0103 mpc_ms=63.3/407 cand=0.000 w_ax@goal=+0.00 return=996.0 length=95 success_rate=1.00 collisions/ep=0.00 (n=22)
update=82 global_step=167936 SPS=9 m_ev=0.989 m_v_bias=3.7 m_kl_max=0.0066 mpc_ms=62.7/393 cand=0.000 w_ax@goal=-0.04 return=995.0 length=96 success_rate=1.00 collisions/ep=0.00 (n=20)
update=83 global_step=169984 SPS=9 m_ev=0.990 m_v_bias=4.4 m_kl_max=0.0086 mpc_ms=62.1/549 cand=0.000 w_ax@goal=-0.01 return=994.7 length=96 success_rate=1.00 collisions/ep=0.00 (n=22)
update=84 global_step=172032 SPS=9 m_ev=0.982 m_v_bias=1.7 m_kl_max=0.0088 mpc_ms=66.9/879 cand=0.000 w_ax@goal=+0.06 return=995.1 length=95 success_rate=1.00 collisions/ep=0.00 (n=21)
update=85 global_step=174080 SPS=9 m_ev=0.993 m_v_bias=-7.2 m_kl_max=0.0085 mpc_ms=61.4/336 cand=0.000 w_ax@goal=-0.02 return=994.8 length=95 success_rate=1.00 collisions/ep=0.00 (n=21)
Evaluation at update 85: return=1000.90, length=88.55, success_rate=1.00, collisions/ep=0.00
Solved-check at update 85: solved=False worst_gap=13.03 at p_x0=0.00 p_y0=-1.00 (consecutive=0)
update=86 global_step=176128 SPS=9 m_ev=0.994 m_v_bias=-3.3 m_kl_max=0.0194 mpc_ms=61.0/402 cand=0.000 w_ax@goal=-0.01 return=996.6 length=96 success_rate=1.00 collisions/ep=0.00 (n=23)
update=87 global_step=178176 SPS=9 m_ev=0.989 m_v_bias=1.6 m_kl_max=0.0117 mpc_ms=64.6/378 cand=0.000 w_ax@goal=+0.03 return=995.2 length=97 success_rate=1.00 collisions/ep=0.00 (n=18)
update=88 global_step=180224 SPS=9 m_ev=0.985 m_v_bias=2.3 m_kl_max=0.0040 mpc_ms=61.7/664 cand=0.000 w_ax@goal=-0.00 return=993.9 length=98 success_rate=1.00 collisions/ep=0.00 (n=23)
update=89 global_step=182272 SPS=9 m_ev=0.992 m_v_bias=-3.8 m_kl_max=0.0053 mpc_ms=63.0/367 cand=0.000 w_ax@goal=-0.01 return=996.5 length=94 success_rate=1.00 collisions/ep=0.00 (n=22)
update=90 global_step=184320 SPS=9 m_ev=0.996 m_v_bias=-2.2 m_kl_max=0.0123 mpc_ms=66.4/451 cand=0.000 w_ax@goal=-0.01 return=996.0 length=92 success_rate=1.00 collisions/ep=0.00 (n=21)
Evaluation at update 90: return=1000.90, length=88.55, success_rate=1.00, collisions/ep=0.00
Solved-check at update 90: solved=False worst_gap=13.03 at p_x0=0.00 p_y0=-0.50 (consecutive=0)
update=91 global_step=186368 SPS=9 m_ev=0.993 m_v_bias=1.4 m_kl_max=0.0176 mpc_ms=60.7/415 cand=0.000 w_ax@goal=-0.00 return=996.1 length=94 success_rate=1.00 collisions/ep=0.00 (n=23)
update=92 global_step=188416 SPS=9 m_ev=0.994 m_v_bias=-1.2 m_kl_max=0.0182 mpc_ms=61.3/693 cand=0.000 w_ax@goal=+0.01 return=996.0 length=95 success_rate=1.00 collisions/ep=0.00 (n=21)
update=93 global_step=190464 SPS=9 m_ev=0.986 m_v_bias=4.3 m_kl_max=0.0297 mpc_ms=64.8/568 cand=0.000 w_ax@goal=-0.02 return=994.1 length=97 success_rate=1.00 collisions/ep=0.00 (n=21)
update=94 global_step=192512 SPS=9 m_ev=0.967 m_v_bias=10.4 m_kl_max=0.0128 mpc_ms=66.7/344 cand=0.000 w_ax@goal=+0.01 return=991.1 length=100 success_rate=1.00 collisions/ep=0.00 (n=19)
update=95 global_step=194560 SPS=9 m_ev=0.990 m_v_bias=-6.4 m_kl_max=0.0080 mpc_ms=61.7/409 cand=0.000 w_ax@goal=-0.02 return=993.7 length=98 success_rate=1.00 collisions/ep=0.00 (n=24)
Evaluation at update 95: return=1000.80, length=88.65, success_rate=1.00, collisions/ep=0.00
Solved-check at update 95: solved=False worst_gap=14.03 at p_x0=0.00 p_y0=-0.50 (consecutive=0)
update=96 global_step=196608 SPS=9 m_ev=0.987 m_v_bias=-0.7 m_kl_max=0.0183 mpc_ms=62.2/477 cand=0.000 w_ax@goal=-0.03 return=994.8 length=97 success_rate=1.00 collisions/ep=0.00 (n=19)
update=97 global_step=198656 SPS=9 m_ev=0.986 m_v_bias=-1.7 m_kl_max=0.0073 mpc_ms=62.8/408 cand=0.000 w_ax@goal=-0.03 return=995.9 length=97 success_rate=1.00 collisions/ep=0.00 (n=22)
update=98 global_step=200704 SPS=9 m_ev=0.990 m_v_bias=2.6 m_kl_max=0.0085 mpc_ms=63.8/608 cand=0.000 w_ax@goal=+0.02 return=994.0 length=96 success_rate=1.00 collisions/ep=0.00 (n=23)
update=99 global_step=202752 SPS=9 m_ev=0.992 m_v_bias=-2.4 m_kl_max=0.0050 mpc_ms=63.9/379 cand=0.000 w_ax@goal=-0.03 return=996.6 length=94 success_rate=1.00 collisions/ep=0.00 (n=20)
update=100 global_step=204800 SPS=9 m_ev=0.993 m_v_bias=-1.0 m_kl_max=0.0028 mpc_ms=63.3/493 cand=0.000 w_ax@goal=-0.00 return=995.9 length=95 success_rate=1.00 collisions/ep=0.00 (n=22)
Evaluation at update 100: return=1000.40, length=89.05, success_rate=1.00, collisions/ep=0.00
Solved-check at update 100: solved=False worst_gap=14.03 at p_x0=0.00 p_y0=-0.50 (consecutive=0)
update=101 global_step=206848 SPS=9 m_ev=0.995 m_v_bias=1.3 m_kl_max=0.0183 mpc_ms=63.1/546 cand=0.000 w_ax@goal=+0.00 return=996.1 length=94 success_rate=1.00 collisions/ep=0.00 (n=24)
update=102 global_step=208896 SPS=9 m_ev=0.996 m_v_bias=1.4 m_kl_max=0.0074 mpc_ms=62.4/1017 cand=0.000 w_ax@goal=-0.00 return=996.2 length=95 success_rate=1.00 collisions/ep=0.00 (n=19)
update=103 global_step=210944 SPS=9 m_ev=0.992 m_v_bias=2.6 m_kl_max=0.0087 mpc_ms=61.2/366 cand=0.000 w_ax@goal=-0.05 return=996.1 length=95 success_rate=1.00 collisions/ep=0.00 (n=22)
update=104 global_step=212992 SPS=9 m_ev=0.995 m_v_bias=-3.4 m_kl_max=0.0076 mpc_ms=61.4/376 cand=0.000 w_ax@goal=-0.01 return=995.5 length=96 success_rate=1.00 collisions/ep=0.00 (n=23)
update=105 global_step=215040 SPS=9 m_ev=0.988 m_v_bias=1.3 m_kl_max=0.0175 mpc_ms=59.2/382 cand=0.000 w_ax@goal=+0.01 return=996.3 length=96 success_rate=1.00 collisions/ep=0.00 (n=21)
Evaluation at update 105: return=1001.00, length=88.45, success_rate=1.00, collisions/ep=0.00
Solved-check at update 105: solved=False worst_gap=13.03 at p_x0=0.00 p_y0=-0.50 (consecutive=0)
update=106 global_step=217088 SPS=9 m_ev=0.995 m_v_bias=-2.8 m_kl_max=0.0070 mpc_ms=62.8/427 cand=0.000 w_ax@goal=-0.01 return=996.9 length=93 success_rate=1.00 collisions/ep=0.00 (n=20)
update=107 global_step=219136 SPS=9 m_ev=0.988 m_v_bias=4.2 m_kl_max=0.0199 mpc_ms=63.1/348 cand=0.000 w_ax@goal=-0.01 return=995.3 length=96 success_rate=1.00 collisions/ep=0.00 (n=23)
update=108 global_step=221184 SPS=9 m_ev=0.987 m_v_bias=5.4 m_kl_max=0.0099 mpc_ms=65.9/316 cand=0.000 w_ax@goal=+0.01 return=995.1 length=96 success_rate=1.00 collisions/ep=0.00 (n=19)
update=109 global_step=223232 SPS=9 m_ev=0.991 m_v_bias=0.6 m_kl_max=0.0046 mpc_ms=60.5/352 cand=0.000 w_ax@goal=-0.01 return=995.1 length=95 success_rate=1.00 collisions/ep=0.00 (n=24)
update=110 global_step=225280 SPS=9 m_ev=0.997 m_v_bias=-3.2 m_kl_max=0.0196 mpc_ms=64.0/435 cand=0.000 w_ax@goal=-0.02 return=997.6 length=92 success_rate=1.00 collisions/ep=0.00 (n=23)
Evaluation at update 110: return=1001.00, length=88.45, success_rate=1.00, collisions/ep=0.00
Solved-check at update 110: solved=False worst_gap=13.04 at p_x0=0.00 p_y0=0.00 (consecutive=0)
update=111 global_step=227328 SPS=9 m_ev=0.983 m_v_bias=4.0 m_kl_max=0.0130 mpc_ms=67.7/492 cand=0.000 w_ax@goal=+0.01 return=995.8 length=96 success_rate=1.00 collisions/ep=0.00 (n=19)
update=112 global_step=229376 SPS=9 m_ev=0.990 m_v_bias=0.6 m_kl_max=0.0098 mpc_ms=61.9/395 cand=0.000 w_ax@goal=+0.02 return=995.7 length=94 success_rate=1.00 collisions/ep=0.00 (n=22)
update=113 global_step=231424 SPS=9 m_ev=0.989 m_v_bias=3.5 m_kl_max=0.0088 mpc_ms=64.9/499 cand=0.000 w_ax@goal=-0.01 return=995.6 length=95 success_rate=1.00 collisions/ep=0.00 (n=23)
update=114 global_step=233472 SPS=10 m_ev=0.996 m_v_bias=-6.8 m_kl_max=0.0100 mpc_ms=65.0/822 cand=0.000 w_ax@goal=-0.03 return=996.6 length=92 success_rate=1.00 collisions/ep=0.00 (n=21)
update=115 global_step=235520 SPS=10 m_ev=0.989 m_v_bias=3.3 m_kl_max=0.0098 mpc_ms=62.7/422 cand=0.000 w_ax@goal=-0.04 return=995.6 length=96 success_rate=1.00 collisions/ep=0.00 (n=21)
Evaluation at update 115: return=1000.75, length=88.70, success_rate=1.00, collisions/ep=0.00
Solved-check at update 115: solved=False worst_gap=13.04 at p_x0=0.00 p_y0=0.00 (consecutive=0)
update=116 global_step=237568 SPS=9 m_ev=0.996 m_v_bias=0.6 m_kl_max=0.0097 mpc_ms=61.2/359 cand=0.000 w_ax@goal=-0.00 return=996.8 length=95 success_rate=1.00 collisions/ep=0.00 (n=23)
update=117 global_step=239616 SPS=10 m_ev=0.998 m_v_bias=-3.3 m_kl_max=0.0090 mpc_ms=62.5/780 cand=0.000 w_ax@goal=-0.05 return=997.7 length=93 success_rate=1.00 collisions/ep=0.00 (n=21)
update=118 global_step=241664 SPS=10 m_ev=0.996 m_v_bias=1.1 m_kl_max=0.0281 mpc_ms=60.3/331 cand=0.000 w_ax@goal=-0.02 return=997.8 length=93 success_rate=1.00 collisions/ep=0.00 (n=22)
update=119 global_step=243712 SPS=10 m_ev=0.990 m_v_bias=3.4 m_kl_max=0.0172 mpc_ms=63.9/631 cand=0.000 w_ax@goal=+0.00 return=996.4 length=96 success_rate=1.00 collisions/ep=0.00 (n=22)
update=120 global_step=245760 SPS=10 m_ev=0.987 m_v_bias=0.4 m_kl_max=0.0068 mpc_ms=64.8/354 cand=0.000 w_ax@goal=-0.02 return=996.2 length=94 success_rate=1.00 collisions/ep=0.00 (n=22)
Evaluation at update 120: return=1001.35, length=88.10, success_rate=1.00, collisions/ep=0.00
Solved-check at update 120: solved=False worst_gap=12.04 at p_x0=0.00 p_y0=0.00 (consecutive=0)
update=121 global_step=247808 SPS=10 m_ev=0.989 m_v_bias=-1.6 m_kl_max=0.0236 mpc_ms=63.1/426 cand=0.000 w_ax@goal=-0.00 return=996.3 length=94 success_rate=1.00 collisions/ep=0.00 (n=22)
update=122 global_step=249856 SPS=10 m_ev=0.996 m_v_bias=-2.8 m_kl_max=0.0071 mpc_ms=60.6/443 cand=0.000 w_ax@goal=+0.03 return=998.7 length=92 success_rate=1.00 collisions/ep=0.00 (n=22)
update=123 global_step=251904 SPS=10 m_ev=0.984 m_v_bias=4.0 m_kl_max=0.0108 mpc_ms=63.1/422 cand=0.000 w_ax@goal=+0.05 return=998.7 length=92 success_rate=1.00 collisions/ep=0.00 (n=21)
update=124 global_step=253952 SPS=10 m_ev=0.983 m_v_bias=8.2 m_kl_max=0.0098 mpc_ms=64.3/369 cand=0.000 w_ax@goal=-0.00 return=992.3 length=99 success_rate=1.00 collisions/ep=0.00 (n=22)
update=125 global_step=256000 SPS=10 m_ev=0.994 m_v_bias=-3.1 m_kl_max=0.0034 mpc_ms=66.1/429 cand=0.000 w_ax@goal=+0.03 return=997.6 length=92 success_rate=1.00 collisions/ep=0.00 (n=20)
Evaluation at update 125: return=1001.40, length=88.05, success_rate=1.00, collisions/ep=0.00
Solved-check at update 125: solved=False worst_gap=12.04 at p_x0=0.00 p_y0=0.00 (consecutive=0)
update=126 global_step=258048 SPS=10 m_ev=0.992 m_v_bias=0.6 m_kl_max=0.0152 mpc_ms=64.2/501 cand=0.000 w_ax@goal=-0.01 return=998.1 length=92 success_rate=1.00 collisions/ep=0.00 (n=22)
update=127 global_step=260096 SPS=10 m_ev=0.996 m_v_bias=-3.2 m_kl_max=0.0083 mpc_ms=61.0/490 cand=0.000 w_ax@goal=-0.01 return=997.3 length=93 success_rate=1.00 collisions/ep=0.00 (n=24)
update=128 global_step=262144 SPS=10 m_ev=0.991 m_v_bias=2.6 m_kl_max=0.0089 mpc_ms=68.6/556 cand=0.000 w_ax@goal=-0.01 return=997.8 length=93 success_rate=1.00 collisions/ep=0.00 (n=21)
update=129 global_step=264192 SPS=10 m_ev=0.995 m_v_bias=1.2 m_kl_max=0.0132 mpc_ms=65.5/508 cand=0.000 w_ax@goal=-0.00 return=996.4 length=95 success_rate=1.00 collisions/ep=0.00 (n=22)
update=130 global_step=266240 SPS=10 m_ev=0.989 m_v_bias=1.2 m_kl_max=0.0160 mpc_ms=59.8/349 cand=0.000 w_ax@goal=+0.00 return=997.1 length=95 success_rate=1.00 collisions/ep=0.00 (n=22)
Evaluation at update 130: return=1001.10, length=88.35, success_rate=1.00, collisions/ep=0.00
Solved-check at update 130: solved=False worst_gap=13.03 at p_x0=0.00 p_y0=-0.50 (consecutive=0)
update=131 global_step=268288 SPS=10 m_ev=0.993 m_v_bias=-3.2 m_kl_max=0.0030 mpc_ms=70.0/723 cand=0.000 w_ax@goal=-0.04 return=997.3 length=95 success_rate=1.00 collisions/ep=0.00 (n=22)
update=132 global_step=270336 SPS=10 m_ev=0.997 m_v_bias=-4.0 m_kl_max=0.0070 mpc_ms=75.2/614 cand=0.000 w_ax@goal=+0.02 return=997.8 length=94 success_rate=1.00 collisions/ep=0.00 (n=22)
update=133 global_step=272384 SPS=10 m_ev=0.998 m_v_bias=-2.4 m_kl_max=0.0027 mpc_ms=69.7/449 cand=0.000 w_ax@goal=+0.01 return=997.9 length=92 success_rate=1.00 collisions/ep=0.00 (n=21)
update=134 global_step=274432 SPS=10 m_ev=0.998 m_v_bias=-1.4 m_kl_max=0.0175 mpc_ms=70.4/505 cand=0.000 w_ax@goal=+0.04 return=999.3 length=90 success_rate=1.00 collisions/ep=0.00 (n=23)
update=135 global_step=276480 SPS=10 m_ev=0.996 m_v_bias=2.3 m_kl_max=0.0039 mpc_ms=69.4/415 cand=0.000 w_ax@goal=-0.02 return=997.2 length=91 success_rate=1.00 collisions/ep=0.00 (n=21)
Evaluation at update 135: return=1001.40, length=88.05, success_rate=1.00, collisions/ep=0.00
Solved-check at update 135: solved=False worst_gap=13.03 at p_x0=0.00 p_y0=-0.50 (consecutive=0)
update=136 global_step=278528 SPS=10 m_ev=0.996 m_v_bias=0.5 m_kl_max=0.0217 mpc_ms=67.9/518 cand=0.000 w_ax@goal=-0.02 return=997.4 length=93 success_rate=1.00 collisions/ep=0.00 (n=24)
update=137 global_step=280576 SPS=10 m_ev=0.994 m_v_bias=-0.9 m_kl_max=0.0035 mpc_ms=65.9/478 cand=0.000 w_ax@goal=-0.02 return=998.3 length=93 success_rate=1.00 collisions/ep=0.00 (n=23)
update=138 global_step=282624 SPS=10 m_ev=0.987 m_v_bias=2.9 m_kl_max=0.0042 mpc_ms=67.6/452 cand=0.000 w_ax@goal=-0.00 return=997.1 length=93 success_rate=1.00 collisions/ep=0.00 (n=19)
update=139 global_step=284672 SPS=10 m_ev=0.987 m_v_bias=1.6 m_kl_max=0.0150 mpc_ms=66.7/518 cand=0.000 w_ax@goal=-0.04 return=997.3 length=94 success_rate=1.00 collisions/ep=0.00 (n=24)
update=140 global_step=286720 SPS=10 m_ev=0.992 m_v_bias=-4.5 m_kl_max=0.0047 mpc_ms=67.9/404 cand=0.000 w_ax@goal=-0.00 return=997.2 length=92 success_rate=1.00 collisions/ep=0.00 (n=22)
Evaluation at update 140: return=1001.45, length=88.00, success_rate=1.00, collisions/ep=0.00
Solved-check at update 140: solved=False worst_gap=12.03 at p_x0=0.50 p_y0=-0.50 (consecutive=0)
update=141 global_step=288768 SPS=10 m_ev=0.996 m_v_bias=-2.1 m_kl_max=0.0077 mpc_ms=68.6/537 cand=0.000 w_ax@goal=+0.00 return=998.1 length=91 success_rate=1.00 collisions/ep=0.00 (n=23)
update=142 global_step=290816 SPS=10 m_ev=0.988 m_v_bias=2.6 m_kl_max=0.0238 mpc_ms=67.1/1122 cand=0.000 w_ax@goal=+0.02 return=996.4 length=93 success_rate=1.00 collisions/ep=0.00 (n=22)
update=143 global_step=292864 SPS=10 m_ev=0.998 m_v_bias=-5.3 m_kl_max=0.0120 mpc_ms=64.8/429 cand=0.000 w_ax@goal=-0.00 return=999.7 length=94 success_rate=1.00 collisions/ep=0.00 (n=21)
update=144 global_step=294912 SPS=10 m_ev=0.994 m_v_bias=1.1 m_kl_max=0.0077 mpc_ms=66.0/470 cand=0.000 w_ax@goal=-0.01 return=998.6 length=89 success_rate=1.00 collisions/ep=0.00 (n=23)
update=145 global_step=296960 SPS=10 m_ev=0.990 m_v_bias=2.8 m_kl_max=0.0106 mpc_ms=62.6/356 cand=0.000 w_ax@goal=+0.01 return=997.9 length=97 success_rate=1.00 collisions/ep=0.00 (n=22)
Evaluation at update 145: return=1001.70, length=87.75, success_rate=1.00, collisions/ep=0.00
Solved-check at update 145: solved=False worst_gap=12.02 at p_x0=0.00 p_y0=-0.50 (consecutive=0)
update=146 global_step=299008 SPS=10 m_ev=0.984 m_v_bias=2.4 m_kl_max=0.0151 mpc_ms=69.8/395 cand=0.000 w_ax@goal=-0.03 return=996.8 length=95 success_rate=1.00 collisions/ep=0.00 (n=21)
update=147 global_step=301056 SPS=10 m_ev=0.992 m_v_bias=-3.7 m_kl_max=0.0119 mpc_ms=66.2/379 cand=0.000 w_ax@goal=-0.03 return=997.2 length=94 success_rate=1.00 collisions/ep=0.00 (n=20)
update=148 global_step=303104 SPS=10 m_ev=0.986 m_v_bias=4.8 m_kl_max=0.0085 mpc_ms=68.0/617 cand=0.000 w_ax@goal=+0.00 return=998.3 length=93 success_rate=1.00 collisions/ep=0.00 (n=23)
update=149 global_step=305152 SPS=10 m_ev=0.997 m_v_bias=-3.0 m_kl_max=0.0042 mpc_ms=67.3/465 cand=0.000 w_ax@goal=-0.03 return=996.0 length=94 success_rate=1.00 collisions/ep=0.00 (n=22)
update=150 global_step=307200 SPS=10 m_ev=0.999 m_v_bias=-1.4 m_kl_max=0.0105 mpc_ms=65.5/312 cand=0.000 w_ax@goal=-0.04 return=999.0 length=92 success_rate=1.00 collisions/ep=0.00 (n=23)
Evaluation at update 150: return=1001.45, length=88.00, success_rate=1.00, collisions/ep=0.00
Solved-check at update 150: solved=False worst_gap=13.03 at p_x0=0.00 p_y0=-0.50 (consecutive=0)
update=151 global_step=309248 SPS=10 m_ev=0.994 m_v_bias=2.2 m_kl_max=0.0163 mpc_ms=71.3/376 cand=0.000 w_ax@goal=+0.01 return=997.9 length=94 success_rate=1.00 collisions/ep=0.00 (n=20)
update=152 global_step=311296 SPS=10 m_ev=0.999 m_v_bias=-4.3 m_kl_max=0.0017 mpc_ms=68.7/437 cand=0.000 w_ax@goal=-0.02 return=999.4 length=90 success_rate=1.00 collisions/ep=0.00 (n=23)
update=153 global_step=313344 SPS=10 m_ev=0.997 m_v_bias=2.7 m_kl_max=0.0116 mpc_ms=66.1/604 cand=0.000 w_ax@goal=+0.03 return=999.1 length=93 success_rate=1.00 collisions/ep=0.00 (n=24)
update=154 global_step=315392 SPS=10 m_ev=0.993 m_v_bias=4.2 m_kl_max=0.0107 mpc_ms=71.2/411 cand=0.000 w_ax@goal=-0.01 return=997.0 length=94 success_rate=1.00 collisions/ep=0.00 (n=21)
update=155 global_step=317440 SPS=10 m_ev=0.997 m_v_bias=-4.0 m_kl_max=0.0116 mpc_ms=71.6/409 cand=0.000 w_ax@goal=+0.03 return=998.4 length=90 success_rate=1.00 collisions/ep=0.00 (n=23)
Evaluation at update 155: return=1001.60, length=87.85, success_rate=1.00, collisions/ep=0.00
Solved-check at update 155: solved=False worst_gap=12.03 at p_x0=0.00 p_y0=-0.50 (consecutive=0)
update=156 global_step=319488 SPS=10 m_ev=0.989 m_v_bias=5.8 m_kl_max=0.0078 mpc_ms=71.9/809 cand=0.000 w_ax@goal=+0.02 return=998.3 length=91 success_rate=1.00 collisions/ep=0.00 (n=20)
update=157 global_step=321536 SPS=10 m_ev=0.995 m_v_bias=-3.1 m_kl_max=0.0050 mpc_ms=66.9/365 cand=0.000 w_ax@goal=-0.00 return=996.0 length=96 success_rate=1.00 collisions/ep=0.00 (n=23)
update=158 global_step=323584 SPS=10 m_ev=0.998 m_v_bias=0.2 m_kl_max=0.0028 mpc_ms=67.9/426 cand=0.000 w_ax@goal=-0.00 return=999.0 length=92 success_rate=1.00 collisions/ep=0.00 (n=24)
update=159 global_step=325632 SPS=10 m_ev=0.994 m_v_bias=3.7 m_kl_max=0.0130 mpc_ms=68.8/423 cand=0.000 w_ax@goal=+0.03 return=999.5 length=92 success_rate=1.00 collisions/ep=0.00 (n=20)
update=160 global_step=327680 SPS=10 m_ev=0.994 m_v_bias=1.3 m_kl_max=0.0011 mpc_ms=70.1/453 cand=0.000 w_ax@goal=-0.03 return=997.0 length=94 success_rate=1.00 collisions/ep=0.00 (n=23)
Evaluation at update 160: return=1001.45, length=88.00, success_rate=1.00, collisions/ep=0.00
Solved-check at update 160: solved=False worst_gap=13.03 at p_x0=0.00 p_y0=-0.50 (consecutive=0)
update=161 global_step=329728 SPS=10 m_ev=0.995 m_v_bias=1.1 m_kl_max=0.0157 mpc_ms=67.0/796 cand=0.000 w_ax@goal=+0.04 return=997.9 length=90 success_rate=1.00 collisions/ep=0.00 (n=23)
update=162 global_step=331776 SPS=10 m_ev=0.991 m_v_bias=1.7 m_kl_max=0.0088 mpc_ms=70.8/489 cand=0.000 w_ax@goal=+0.01 return=998.1 length=93 success_rate=1.00 collisions/ep=0.00 (n=21)
update=163 global_step=333824 SPS=10 m_ev=0.995 m_v_bias=0.1 m_kl_max=0.0037 mpc_ms=70.8/360 cand=0.000 w_ax@goal=+0.02 return=997.6 length=92 success_rate=1.00 collisions/ep=0.00 (n=22)
update=164 global_step=335872 SPS=10 m_ev=0.985 m_v_bias=1.7 m_kl_max=0.0045 mpc_ms=68.4/497 cand=0.000 w_ax@goal=-0.02 return=996.4 length=94 success_rate=1.00 collisions/ep=0.00 (n=23)
update=165 global_step=337920 SPS=10 m_ev=0.997 m_v_bias=-4.2 m_kl_max=0.0136 mpc_ms=67.5/371 cand=0.000 w_ax@goal=-0.06 return=999.0 length=92 success_rate=1.00 collisions/ep=0.00 (n=22)
Evaluation at update 165: return=1001.45, length=88.00, success_rate=1.00, collisions/ep=0.00
Solved-check at update 165: solved=False worst_gap=12.03 at p_x0=0.00 p_y0=-0.50 (consecutive=0)
update=166 global_step=339968 SPS=10 m_ev=0.989 m_v_bias=1.3 m_kl_max=0.0046 mpc_ms=67.1/792 cand=0.000 w_ax@goal=+0.03 return=998.9 length=92 success_rate=1.00 collisions/ep=0.00 (n=21)
update=167 global_step=342016 SPS=10 m_ev=0.999 m_v_bias=-5.1 m_kl_max=0.0073 mpc_ms=64.5/415 cand=0.000 w_ax@goal=-0.03 return=998.1 length=94 success_rate=1.00 collisions/ep=0.00 (n=23)
update=168 global_step=344064 SPS=10 m_ev=0.999 m_v_bias=0.2 m_kl_max=0.0095 mpc_ms=65.3/468 cand=0.000 w_ax@goal=+0.02 return=1000.2 length=91 success_rate=1.00 collisions/ep=0.00 (n=22)
update=169 global_step=346112 SPS=10 m_ev=0.986 m_v_bias=6.7 m_kl_max=0.0181 mpc_ms=71.6/1502 cand=0.000 w_ax@goal=-0.01 return=998.3 length=93 success_rate=1.00 collisions/ep=0.00 (n=22)
update=170 global_step=348160 SPS=10 m_ev=0.986 m_v_bias=0.1 m_kl_max=0.0058 mpc_ms=69.1/515 cand=0.000 w_ax@goal=-0.00 return=996.1 length=94 success_rate=1.00 collisions/ep=0.00 (n=22)
Evaluation at update 170: return=1001.60, length=87.85, success_rate=1.00, collisions/ep=0.00
Solved-check at update 170: solved=False worst_gap=12.03 at p_x0=0.00 p_y0=-0.50 (consecutive=0)
update=171 global_step=350208 SPS=10 m_ev=0.998 m_v_bias=-5.6 m_kl_max=0.0037 mpc_ms=66.6/351 cand=0.000 w_ax@goal=-0.02 return=999.7 length=92 success_rate=1.00 collisions/ep=0.00 (n=21)
update=172 global_step=352256 SPS=10 m_ev=0.993 m_v_bias=0.3 m_kl_max=0.0104 mpc_ms=70.6/530 cand=0.000 w_ax@goal=-0.03 return=999.0 length=90 success_rate=1.00 collisions/ep=0.00 (n=24)
update=173 global_step=354304 SPS=10 m_ev=0.992 m_v_bias=-0.6 m_kl_max=0.0112 mpc_ms=71.4/1033 cand=0.000 w_ax@goal=+0.00 return=996.3 length=94 success_rate=1.00 collisions/ep=0.00 (n=22)
update=174 global_step=356352 SPS=10 m_ev=0.996 m_v_bias=0.3 m_kl_max=0.0051 mpc_ms=70.0/470 cand=0.000 w_ax@goal=-0.01 return=998.4 length=91 success_rate=1.00 collisions/ep=0.00 (n=23)
update=175 global_step=358400 SPS=10 m_ev=0.995 m_v_bias=-3.9 m_kl_max=0.0009 mpc_ms=70.0/502 cand=0.000 w_ax@goal=-0.01 return=999.0 length=93 success_rate=1.00 collisions/ep=0.00 (n=22)
Evaluation at update 175: return=1001.85, length=87.60, success_rate=1.00, collisions/ep=0.00
Solved-check at update 175: solved=False worst_gap=12.03 at p_x0=0.00 p_y0=-0.50 (consecutive=0)
update=176 global_step=360448 SPS=10 m_ev=0.996 m_v_bias=0.7 m_kl_max=0.0021 mpc_ms=68.3/419 cand=0.000 w_ax@goal=+0.01 return=999.2 length=91 success_rate=1.00 collisions/ep=0.00 (n=22)
update=177 global_step=362496 SPS=10 m_ev=0.986 m_v_bias=3.2 m_kl_max=0.0084 mpc_ms=69.5/888 cand=0.000 w_ax@goal=-0.01 return=996.5 length=98 success_rate=1.00 collisions/ep=0.00 (n=19)
update=178 global_step=364544 SPS=10 m_ev=0.998 m_v_bias=-5.0 m_kl_max=0.0051 mpc_ms=68.0/547 cand=0.000 w_ax@goal=-0.01 return=999.1 length=92 success_rate=1.00 collisions/ep=0.00 (n=23)
update=179 global_step=366592 SPS=10 m_ev=0.997 m_v_bias=-1.9 m_kl_max=0.0054 mpc_ms=66.2/499 cand=0.000 w_ax@goal=-0.01 return=999.8 length=94 success_rate=1.00 collisions/ep=0.00 (n=24)
update=180 global_step=368640 SPS=10 m_ev=0.987 m_v_bias=4.4 m_kl_max=0.0168 mpc_ms=72.9/566 cand=0.000 w_ax@goal=+0.02 return=996.9 length=92 success_rate=1.00 collisions/ep=0.00 (n=22)
Evaluation at update 180: return=1001.65, length=87.80, success_rate=1.00, collisions/ep=0.00
Solved-check at update 180: solved=False worst_gap=12.03 at p_x0=0.00 p_y0=-0.50 (consecutive=0)
update=181 global_step=370688 SPS=10 m_ev=0.996 m_v_bias=-5.2 m_kl_max=0.0144 mpc_ms=69.2/324 cand=0.000 w_ax@goal=-0.00 return=999.7 length=93 success_rate=1.00 collisions/ep=0.00 (n=20)
update=182 global_step=372736 SPS=10 m_ev=0.994 m_v_bias=3.0 m_kl_max=0.0117 mpc_ms=65.8/408 cand=0.000 w_ax@goal=+0.01 return=998.5 length=91 success_rate=1.00 collisions/ep=0.00 (n=24)
update=183 global_step=374784 SPS=10 m_ev=0.990 m_v_bias=0.7 m_kl_max=0.0240 mpc_ms=69.3/540 cand=0.000 w_ax@goal=-0.05 return=997.2 length=94 success_rate=1.00 collisions/ep=0.00 (n=22)
update=184 global_step=376832 SPS=10 m_ev=0.997 m_v_bias=-3.7 m_kl_max=0.0068 mpc_ms=67.2/490 cand=0.000 w_ax@goal=-0.01 return=999.9 length=90 success_rate=1.00 collisions/ep=0.00 (n=23)
update=185 global_step=378880 SPS=10 m_ev=0.998 m_v_bias=-1.0 m_kl_max=0.0109 mpc_ms=65.9/370 cand=0.000 w_ax@goal=-0.01 return=999.6 length=92 success_rate=1.00 collisions/ep=0.00 (n=21)
Evaluation at update 185: return=1001.75, length=87.70, success_rate=1.00, collisions/ep=0.00
Solved-check at update 185: solved=False worst_gap=12.03 at p_x0=0.00 p_y0=-0.50 (consecutive=0)
update=186 global_step=380928 SPS=10 m_ev=0.998 m_v_bias=0.8 m_kl_max=0.0104 mpc_ms=67.5/432 cand=0.000 w_ax@goal=+0.01 return=999.5 length=89 success_rate=1.00 collisions/ep=0.00 (n=23)
update=187 global_step=382976 SPS=10 m_ev=0.985 m_v_bias=6.3 m_kl_max=0.0080 mpc_ms=67.9/387 cand=0.000 w_ax@goal=+0.01 return=997.5 length=94 success_rate=1.00 collisions/ep=0.00 (n=21)
update=188 global_step=385024 SPS=10 m_ev=0.998 m_v_bias=-5.1 m_kl_max=0.0166 mpc_ms=66.5/588 cand=0.000 w_ax@goal=+0.01 return=999.4 length=93 success_rate=1.00 collisions/ep=0.00 (n=22)
update=189 global_step=387072 SPS=10 m_ev=0.997 m_v_bias=-0.3 m_kl_max=0.0073 mpc_ms=67.1/372 cand=0.000 w_ax@goal=+0.02 return=998.8 length=92 success_rate=1.00 collisions/ep=0.00 (n=23)
update=190 global_step=389120 SPS=10 m_ev=0.992 m_v_bias=1.7 m_kl_max=0.0066 mpc_ms=65.3/498 cand=0.000 w_ax@goal=+0.01 return=998.7 length=91 success_rate=1.00 collisions/ep=0.00 (n=24)
Evaluation at update 190: return=1001.80, length=87.65, success_rate=1.00, collisions/ep=0.00
Solved-check at update 190: solved=False worst_gap=12.03 at p_x0=0.50 p_y0=-0.50 (consecutive=0)
update=191 global_step=391168 SPS=10 m_ev=0.998 m_v_bias=-6.2 m_kl_max=0.0086 mpc_ms=67.5/457 cand=0.000 w_ax@goal=-0.04 return=1000.6 length=92 success_rate=1.00 collisions/ep=0.00 (n=23)
update=192 global_step=393216 SPS=10 m_ev=0.998 m_v_bias=0.0 m_kl_max=0.0124 mpc_ms=72.6/396 cand=0.000 w_ax@goal=+0.00 return=999.3 length=93 success_rate=1.00 collisions/ep=0.00 (n=19)
update=193 global_step=395264 SPS=10 m_ev=0.995 m_v_bias=4.7 m_kl_max=0.0044 mpc_ms=70.7/420 cand=0.000 w_ax@goal=-0.01 return=998.6 length=92 success_rate=1.00 collisions/ep=0.00 (n=22)
update=194 global_step=397312 SPS=10 m_ev=0.996 m_v_bias=0.0 m_kl_max=0.0053 mpc_ms=67.8/369 cand=0.000 w_ax@goal=-0.05 return=999.4 length=91 success_rate=1.00 collisions/ep=0.00 (n=24)
update=195 global_step=399360 SPS=10 m_ev=0.994 m_v_bias=1.2 m_kl_max=0.0067 mpc_ms=69.6/662 cand=0.000 w_ax@goal=+0.01 return=998.9 length=92 success_rate=1.00 collisions/ep=0.00 (n=24)
Evaluation at update 195: return=1001.70, length=87.75, success_rate=1.00, collisions/ep=0.00
Solved-check at update 195: solved=False worst_gap=12.03 at p_x0=0.00 p_y0=-0.50 (consecutive=0)
update=196 global_step=401408 SPS=10 m_ev=0.996 m_v_bias=-1.8 m_kl_max=0.0080 mpc_ms=70.3/406 cand=0.000 w_ax@goal=-0.01 return=999.0 length=93 success_rate=1.00 collisions/ep=0.00 (n=22)
update=197 global_step=403456 SPS=10 m_ev=0.997 m_v_bias=-2.0 m_kl_max=0.0073 mpc_ms=70.2/477 cand=0.000 w_ax@goal=+0.01 return=999.6 length=92 success_rate=1.00 collisions/ep=0.00 (n=18)
update=198 global_step=405504 SPS=10 m_ev=0.999 m_v_bias=-0.4 m_kl_max=0.0072 mpc_ms=66.5/455 cand=0.000 w_ax@goal=-0.04 return=998.8 length=92 success_rate=1.00 collisions/ep=0.00 (n=24)
update=199 global_step=407552 SPS=10 m_ev=0.993 m_v_bias=5.6 m_kl_max=0.0051 mpc_ms=68.5/393 cand=0.000 w_ax@goal=-0.02 return=998.8 length=92 success_rate=1.00 collisions/ep=0.00 (n=24)
update=200 global_step=409600 SPS=10 m_ev=0.995 m_v_bias=-1.8 m_kl_max=0.0069 mpc_ms=69.6/448 cand=0.000 w_ax@goal=+0.03 return=998.5 length=93 success_rate=1.00 collisions/ep=0.00 (n=23)
Evaluation at update 200: return=1001.45, length=88.00, success_rate=1.00, collisions/ep=0.00
Solved-check at update 200: solved=False worst_gap=12.03 at p_x0=0.00 p_y0=-0.50 (consecutive=0)
update=201 global_step=411648 SPS=10 m_ev=0.995 m_v_bias=-0.0 m_kl_max=0.0177 mpc_ms=67.5/357 cand=0.000 w_ax@goal=+0.01 return=1000.3 length=92 success_rate=1.00 collisions/ep=0.00 (n=21)
update=202 global_step=413696 SPS=10 m_ev=0.987 m_v_bias=4.4 m_kl_max=0.0105 mpc_ms=66.5/504 cand=0.000 w_ax@goal=+0.01 return=996.4 length=94 success_rate=1.00 collisions/ep=0.00 (n=20)
update=203 global_step=415744 SPS=10 m_ev=0.997 m_v_bias=-2.2 m_kl_max=0.0046 mpc_ms=68.6/377 cand=0.000 w_ax@goal=-0.01 return=999.7 length=89 success_rate=1.00 collisions/ep=0.00 (n=24)
update=204 global_step=417792 SPS=10 m_ev=0.993 m_v_bias=2.3 m_kl_max=0.0049 mpc_ms=67.7/361 cand=0.000 w_ax@goal=-0.02 return=999.0 length=91 success_rate=1.00 collisions/ep=0.00 (n=23)
update=205 global_step=419840 SPS=10 m_ev=0.997 m_v_bias=-0.4 m_kl_max=0.0049 mpc_ms=90.6/674 cand=0.000 w_ax@goal=-0.03 return=999.2 length=91 success_rate=1.00 collisions/ep=0.00 (n=22)
Evaluation at update 205: return=1001.60, length=87.85, success_rate=1.00, collisions/ep=0.00
Solved-check at update 205: solved=False worst_gap=12.03 at p_x0=0.50 p_y0=-0.50 (consecutive=0)
update=206 global_step=421888 SPS=10 m_ev=0.996 m_v_bias=2.3 m_kl_max=0.0120 mpc_ms=138.1/668 cand=0.000 w_ax@goal=-0.02 return=999.0 length=91 success_rate=1.00 collisions/ep=0.00 (n=23)
update=207 global_step=423936 SPS=10 m_ev=0.978 m_v_bias=4.8 m_kl_max=0.0260 mpc_ms=144.7/633 cand=0.000 w_ax@goal=-0.03 return=996.7 length=95 success_rate=1.00 collisions/ep=0.00 (n=20)
update=208 global_step=425984 SPS=10 m_ev=0.994 m_v_bias=-4.8 m_kl_max=0.0280 mpc_ms=137.6/821 cand=0.000 w_ax@goal=-0.00 return=997.2 length=94 success_rate=1.00 collisions/ep=0.00 (n=22)
update=209 global_step=428032 SPS=10 m_ev=0.998 m_v_bias=-6.1 m_kl_max=0.0047 mpc_ms=136.6/1237 cand=0.000 w_ax@goal=+0.01 return=1000.0 length=91 success_rate=1.00 collisions/ep=0.00 (n=24)
update=210 global_step=430080 SPS=10 m_ev=0.992 m_v_bias=2.7 m_kl_max=0.0221 mpc_ms=144.8/715 cand=0.000 w_ax@goal=-0.02 return=998.4 length=91 success_rate=1.00 collisions/ep=0.00 (n=23)
Evaluation at update 210: return=1001.60, length=87.85, success_rate=1.00, collisions/ep=0.00
Solved-check at update 210: solved=False worst_gap=12.04 at p_x0=0.50 p_y0=-0.50 (consecutive=0)
update=211 global_step=432128 SPS=9 m_ev=0.994 m_v_bias=2.0 m_kl_max=0.0058 mpc_ms=147.5/705 cand=0.000 w_ax@goal=+0.03 return=999.5 length=91 success_rate=1.00 collisions/ep=0.00 (n=21)
update=212 global_step=434176 SPS=9 m_ev=0.997 m_v_bias=-3.4 m_kl_max=0.0041 mpc_ms=141.8/921 cand=0.000 w_ax@goal=+0.01 return=998.9 length=93 success_rate=1.00 collisions/ep=0.00 (n=23)
update=213 global_step=436224 SPS=9 m_ev=0.989 m_v_bias=3.6 m_kl_max=0.0254 mpc_ms=141.0/661 cand=0.000 w_ax@goal=-0.00 return=998.2 length=93 success_rate=1.00 collisions/ep=0.00 (n=21)
update=214 global_step=438272 SPS=9 m_ev=0.999 m_v_bias=-6.7 m_kl_max=0.0073 mpc_ms=141.0/1337 cand=0.000 w_ax@goal=+0.00 return=999.7 length=91 success_rate=1.00 collisions/ep=0.00 (n=23)
update=215 global_step=440320 SPS=9 m_ev=0.995 m_v_bias=-2.0 m_kl_max=0.0068 mpc_ms=139.9/750 cand=0.000 w_ax@goal=-0.01 return=998.6 length=90 success_rate=1.00 collisions/ep=0.00 (n=23)
Evaluation at update 215: return=1001.75, length=87.70, success_rate=1.00, collisions/ep=0.00
Solved-check at update 215: solved=False worst_gap=12.03 at p_x0=0.50 p_y0=-0.50 (consecutive=0)
update=216 global_step=442368 SPS=9 m_ev=0.997 m_v_bias=-1.6 m_kl_max=0.0130 mpc_ms=142.6/642 cand=0.000 w_ax@goal=+0.02 return=999.0 length=93 success_rate=1.00 collisions/ep=0.00 (n=21)
update=217 global_step=444416 SPS=9 m_ev=0.995 m_v_bias=1.7 m_kl_max=0.0081 mpc_ms=144.6/791 cand=0.000 w_ax@goal=-0.01 return=998.5 length=91 success_rate=1.00 collisions/ep=0.00 (n=23)
update=218 global_step=446464 SPS=9 m_ev=0.996 m_v_bias=1.5 m_kl_max=0.0099 mpc_ms=143.5/835 cand=0.000 w_ax@goal=-0.02 return=999.4 length=91 success_rate=1.00 collisions/ep=0.00 (n=23)
update=219 global_step=448512 SPS=9 m_ev=0.998 m_v_bias=-1.1 m_kl_max=0.0033 mpc_ms=142.0/1041 cand=0.000 w_ax@goal=-0.01 return=999.1 length=92 success_rate=1.00 collisions/ep=0.00 (n=23)
update=220 global_step=450560 SPS=9 m_ev=0.996 m_v_bias=-0.3 m_kl_max=0.0097 mpc_ms=139.8/696 cand=0.000 w_ax@goal=-0.05 return=999.9 length=93 success_rate=1.00 collisions/ep=0.00 (n=21)
Evaluation at update 220: return=1001.80, length=87.65, success_rate=1.00, collisions/ep=0.00
Solved-check at update 220: solved=False worst_gap=12.03 at p_x0=0.00 p_y0=-0.50 (consecutive=0)
update=221 global_step=452608 SPS=9 m_ev=0.998 m_v_bias=0.6 m_kl_max=0.0008 mpc_ms=143.3/1217 cand=0.000 w_ax@goal=+0.02 return=1000.0 length=93 success_rate=1.00 collisions/ep=0.00 (n=21)
update=222 global_step=454656 SPS=9 m_ev=0.996 m_v_bias=1.0 m_kl_max=0.0178 mpc_ms=142.0/697 cand=0.000 w_ax@goal=+0.02 return=998.7 length=90 success_rate=1.00 collisions/ep=0.00 (n=24)
update=223 global_step=456704 SPS=9 m_ev=0.997 m_v_bias=-3.0 m_kl_max=0.0125 mpc_ms=139.8/927 cand=0.000 w_ax@goal=-0.00 return=999.6 length=92 success_rate=1.00 collisions/ep=0.00 (n=23)
update=224 global_step=458752 SPS=9 m_ev=0.998 m_v_bias=0.7 m_kl_max=0.0115 mpc_ms=143.4/669 cand=0.000 w_ax@goal=-0.01 return=999.5 length=92 success_rate=1.00 collisions/ep=0.00 (n=20)
update=225 global_step=460800 SPS=9 m_ev=0.995 m_v_bias=2.4 m_kl_max=0.0145 mpc_ms=140.0/783 cand=0.000 w_ax@goal=-0.03 return=999.8 length=91 success_rate=1.00 collisions/ep=0.00 (n=24)
Evaluation at update 225: return=1001.80, length=87.65, success_rate=1.00, collisions/ep=0.00
Solved-check at update 225: solved=False worst_gap=12.03 at p_x0=0.00 p_y0=-0.50 (consecutive=0)
update=226 global_step=462848 SPS=9 m_ev=0.993 m_v_bias=3.0 m_kl_max=0.0067 mpc_ms=150.8/1387 cand=0.000 w_ax@goal=-0.06 return=998.4 length=94 success_rate=1.00 collisions/ep=0.00 (n=22)
update=227 global_step=464896 SPS=9 m_ev=0.997 m_v_bias=0.2 m_kl_max=0.0095 mpc_ms=135.8/1058 cand=0.000 w_ax@goal=+0.02 return=999.2 length=92 success_rate=1.00 collisions/ep=0.00 (n=23)
update=228 global_step=466944 SPS=9 m_ev=0.998 m_v_bias=-1.4 m_kl_max=0.0034 mpc_ms=140.9/895 cand=0.000 w_ax@goal=+0.02 return=999.9 length=91 success_rate=1.00 collisions/ep=0.00 (n=22)
update=229 global_step=468992 SPS=9 m_ev=0.998 m_v_bias=1.0 m_kl_max=0.0059 mpc_ms=143.5/969 cand=0.000 w_ax@goal=-0.01 return=999.4 length=93 success_rate=1.00 collisions/ep=0.00 (n=21)
update=230 global_step=471040 SPS=9 m_ev=0.995 m_v_bias=0.6 m_kl_max=0.0147 mpc_ms=147.5/917 cand=0.000 w_ax@goal=+0.01 return=998.6 length=92 success_rate=1.00 collisions/ep=0.00 (n=22)
Evaluation at update 230: return=1001.90, length=87.55, success_rate=1.00, collisions/ep=0.00
Solved-check at update 230: solved=False worst_gap=12.03 at p_x0=0.00 p_y0=-0.50 (consecutive=0)
update=231 global_step=473088 SPS=9 m_ev=0.989 m_v_bias=5.6 m_kl_max=0.0252 mpc_ms=139.7/665 cand=0.000 w_ax@goal=-0.01 return=998.5 length=93 success_rate=1.00 collisions/ep=0.00 (n=23)
update=232 global_step=475136 SPS=9 m_ev=0.998 m_v_bias=-3.4 m_kl_max=0.0054 mpc_ms=143.7/1537 cand=0.000 w_ax@goal=-0.01 return=999.9 length=92 success_rate=1.00 collisions/ep=0.00 (n=24)
update=233 global_step=477184 SPS=9 m_ev=0.999 m_v_bias=-2.0 m_kl_max=0.0099 mpc_ms=144.2/783 cand=0.000 w_ax@goal=+0.01 return=1000.3 length=90 success_rate=1.00 collisions/ep=0.00 (n=20)
update=234 global_step=479232 SPS=9 m_ev=0.991 m_v_bias=3.8 m_kl_max=0.0076 mpc_ms=146.7/2276 cand=0.000 w_ax@goal=-0.01 return=999.0 length=91 success_rate=1.00 collisions/ep=0.00 (n=23)
update=235 global_step=481280 SPS=9 m_ev=0.997 m_v_bias=-3.5 m_kl_max=0.0115 mpc_ms=143.5/797 cand=0.000 w_ax@goal=+0.01 return=1000.7 length=90 success_rate=1.00 collisions/ep=0.00 (n=22)
Evaluation at update 235: return=1001.90, length=87.55, success_rate=1.00, collisions/ep=0.00
Solved-check at update 235: solved=False worst_gap=12.03 at p_x0=0.00 p_y0=-0.50 (consecutive=0)
update=236 global_step=483328 SPS=9 m_ev=0.997 m_v_bias=-2.2 m_kl_max=0.0139 mpc_ms=142.8/880 cand=0.000 w_ax@goal=-0.00 return=999.0 length=92 success_rate=1.00 collisions/ep=0.00 (n=24)
update=237 global_step=485376 SPS=9 m_ev=0.993 m_v_bias=3.5 m_kl_max=0.0157 mpc_ms=145.6/959 cand=0.000 w_ax@goal=-0.00 return=999.4 length=91 success_rate=1.00 collisions/ep=0.00 (n=23)
update=238 global_step=487424 SPS=8 m_ev=0.997 m_v_bias=-1.2 m_kl_max=0.0159 mpc_ms=142.0/702 cand=0.000 w_ax@goal=-0.02 return=999.2 length=92 success_rate=1.00 collisions/ep=0.00 (n=22)
update=239 global_step=489472 SPS=8 m_ev=0.989 m_v_bias=3.8 m_kl_max=0.0179 mpc_ms=141.2/1024 cand=0.000 w_ax@goal=-0.01 return=999.6 length=91 success_rate=1.00 collisions/ep=0.00 (n=21)
update=240 global_step=491520 SPS=8 m_ev=0.996 m_v_bias=-2.0 m_kl_max=0.0035 mpc_ms=147.3/765 cand=0.000 w_ax@goal=-0.01 return=998.1 length=91 success_rate=1.00 collisions/ep=0.00 (n=23)
Evaluation at update 240: return=1001.80, length=87.65, success_rate=1.00, collisions/ep=0.00
Solved-check at update 240: solved=False worst_gap=12.03 at p_x0=0.00 p_y0=-0.50 (consecutive=0)
update=241 global_step=493568 SPS=8 m_ev=0.992 m_v_bias=2.6 m_kl_max=0.0116 mpc_ms=144.6/1097 cand=0.000 w_ax@goal=+0.02 return=999.1 length=90 success_rate=1.00 collisions/ep=0.00 (n=22)
update=242 global_step=495616 SPS=8 m_ev=0.998 m_v_bias=-0.8 m_kl_max=0.0095 mpc_ms=131.3/810 cand=0.000 w_ax@goal=+0.02 return=999.9 length=90 success_rate=1.00 collisions/ep=0.00 (n=24)
update=243 global_step=497664 SPS=8 m_ev=0.999 m_v_bias=-2.0 m_kl_max=0.0112 mpc_ms=127.2/703 cand=0.000 w_ax@goal=+0.01 return=999.6 length=90 success_rate=1.00 collisions/ep=0.00 (n=23)
update=244 global_step=499712 SPS=8 m_ev=0.996 m_v_bias=0.4 m_kl_max=0.0106 mpc_ms=108.1/622 cand=0.000 w_ax@goal=-0.02 return=1000.5 length=92 success_rate=1.00 collisions/ep=0.00 (n=22)
Saved checkpoints to C:\Users\loren\Desktop\MASTER THESIS\5_CODE\scenarios\slalom\studies\disturbed_0.005_0.05\ppo_mpc\runs\ppo_mpc_slalom_9_1791111881
