Using device: cpu
Solved-check: precomputed optimal returns for 25 fixed initial conditions (mean=1013.0, min=1011.0, max=1015.0); solved-tolerance=5.0
num_envs=8 num_steps_per_env=256 worker_batch_size=2048 worker_minibatch_size=256 num_updates=244 timesteps=499712 (requested 500000; 288 dropped by integer division)
update=1 global_step=2048 SPS=1194 w_ev=0.018 m_ev=0.000 m_v_bias=67.3 m_adv_std=234.0044 m_kl_max=0.0004 m_ratio_max=0.108 w_ax@goal=+0.02 w_v@goal=-0.17 return=-322.5 length=183 success_rate=0.25 collisions/ep=8.38 (n=8)
update=2 global_step=4096 SPS=1140 w_ev=0.202 m_ev=-0.057 m_v_bias=81.4 m_adv_std=157.1938 m_kl_max=0.0014 m_ratio_max=0.234 return=-575.5 length=200 success_rate=0.00 collisions/ep=7.62 (n=8)
update=3 global_step=6144 SPS=1158 w_ev=0.305 m_ev=0.283 m_v_bias=-0.8 m_adv_std=109.6794 m_kl_max=0.0025 m_ratio_max=0.209 w_ax@goal=+0.15 w_v@goal=0.78 return=-420.5 length=194 success_rate=0.09 collisions/ep=6.73 (n=11)
update=4 global_step=8192 SPS=1165 w_ev=0.434 m_ev=0.259 m_v_bias=-63.5 m_adv_std=243.0301 m_kl_max=0.0094 m_ratio_max=0.466 w_ax@goal=+0.19 w_v@goal=1.62 return=-201.5 length=191 success_rate=0.23 collisions/ep=5.46 (n=13)
update=5 global_step=10240 SPS=1156 w_ev=0.790 m_ev=0.541 m_v_bias=-95.1 m_adv_std=185.6170 m_kl_max=0.0081 m_ratio_max=0.530 w_ax@goal=+0.57 w_v@goal=5.16 return=50.0 length=173 success_rate=0.36 collisions/ep=4.09 (n=11)
Evaluation at update 5: return=251.76, length=106.50, success_rate=1.00, collisions/ep=14.65
Solved-check at update 5: solved=False worst_gap=825.87 at p_x0=2.00 p_y0=0.00 (consecutive=0)
update=6 global_step=12288 SPS=675 w_ev=0.900 m_ev=0.801 m_v_bias=-159.8 m_adv_std=143.6467 m_kl_max=0.0027 m_ratio_max=0.325 w_ax@goal=+0.29 w_v@goal=9.12 return=466.0 length=143 success_rate=0.79 collisions/ep=5.07 (n=14)
update=7 global_step=14336 SPS=716 w_ev=0.952 m_ev=0.883 m_v_bias=-85.1 m_adv_std=99.1446 m_kl_max=0.0092 m_ratio_max=0.545 w_ax@goal=+0.36 w_v@goal=12.91 return=644.5 length=120 success_rate=0.89 collisions/ep=4.26 (n=19)
update=8 global_step=16384 SPS=747 w_ev=0.961 m_ev=0.890 m_v_bias=-8.8 m_adv_std=90.4779 m_kl_max=0.0112 m_ratio_max=0.501 w_ax@goal=+0.49 w_v@goal=14.43 return=581.1 length=120 success_rate=0.88 collisions/ep=5.29 (n=17)
update=9 global_step=18432 SPS=771 w_ev=0.930 m_ev=0.892 m_v_bias=10.0 m_adv_std=88.6839 m_kl_max=0.0047 m_ratio_max=0.332 w_ax@goal=+0.66 w_v@goal=14.61 return=656.6 length=101 success_rate=1.00 collisions/ep=6.71 (n=21)
update=10 global_step=20480 SPS=790 w_ev=0.935 m_ev=0.903 m_v_bias=-16.2 m_adv_std=80.8908 m_kl_max=0.0105 m_ratio_max=0.437 w_ax@goal=+0.52 w_v@goal=14.70 return=706.6 length=90 success_rate=1.00 collisions/ep=5.92 (n=24)
Evaluation at update 10: return=183.20, length=82.45, success_rate=1.00, collisions/ep=16.50
Solved-check at update 10: solved=False worst_gap=904.99 at p_x0=1.50 p_y0=-1.00 (consecutive=0)
update=11 global_step=22528 SPS=671 w_ev=0.937 m_ev=0.900 m_v_bias=12.2 m_adv_std=81.4392 m_kl_max=0.0090 m_ratio_max=0.711 w_ax@goal=+0.70 w_v@goal=14.45 return=682.5 length=88 success_rate=1.00 collisions/ep=6.42 (n=24)
update=12 global_step=24576 SPS=691 w_ev=0.920 m_ev=0.891 m_v_bias=-18.5 m_adv_std=83.6312 m_kl_max=0.0057 m_ratio_max=0.273 w_ax@goal=+0.81 w_v@goal=14.74 return=747.7 length=85 success_rate=1.00 collisions/ep=5.17 (n=24)
update=13 global_step=26624 SPS=709 w_ev=0.922 m_ev=0.868 m_v_bias=-23.1 m_adv_std=90.8743 m_kl_max=0.0123 m_ratio_max=0.595 w_ax@goal=+0.70 w_v@goal=14.53 return=793.4 length=85 success_rate=1.00 collisions/ep=4.25 (n=24)
update=14 global_step=28672 SPS=726 w_ev=0.909 m_ev=0.870 m_v_bias=-13.4 m_adv_std=82.2957 m_kl_max=0.0198 m_ratio_max=0.964 w_ax@goal=+0.56 w_v@goal=14.53 return=824.4 length=87 success_rate=1.00 collisions/ep=3.61 (n=23)
update=15 global_step=30720 SPS=741 w_ev=0.907 m_ev=0.876 m_v_bias=1.8 m_adv_std=84.7432 m_kl_max=0.0062 m_ratio_max=0.434 w_ax@goal=+0.73 w_v@goal=14.50 return=821.4 length=87 success_rate=1.00 collisions/ep=3.65 (n=23)
Evaluation at update 15: return=935.99, length=82.20, success_rate=1.00, collisions/ep=1.45
Solved-check at update 15: solved=False worst_gap=454.20 at p_x0=2.00 p_y0=-1.00 (consecutive=0)
update=16 global_step=32768 SPS=670 w_ev=0.912 m_ev=0.892 m_v_bias=-5.7 m_adv_std=76.4465 m_kl_max=0.0114 m_ratio_max=0.641 w_ax@goal=+0.72 w_v@goal=14.29 return=799.5 length=87 success_rate=1.00 collisions/ep=4.17 (n=24)
update=17 global_step=34816 SPS=685 w_ev=0.893 m_ev=0.899 m_v_bias=-29.3 m_adv_std=64.8864 m_kl_max=0.0124 m_ratio_max=0.993 w_ax@goal=+0.86 w_v@goal=14.28 return=871.4 length=85 success_rate=1.00 collisions/ep=2.83 (n=24)
update=18 global_step=36864 SPS=700 w_ev=0.888 m_ev=0.922 m_v_bias=-0.2 m_adv_std=60.4225 m_kl_max=0.0165 m_ratio_max=0.554 w_ax@goal=+0.84 w_v@goal=14.16 return=896.2 length=83 success_rate=1.00 collisions/ep=2.25 (n=24)
update=19 global_step=38912 SPS=713 w_ev=0.881 m_ev=0.871 m_v_bias=-9.7 m_adv_std=76.3583 m_kl_max=0.0083 m_ratio_max=0.463 w_ax@goal=+0.84 w_v@goal=14.20 return=854.6 length=85 success_rate=1.00 collisions/ep=3.08 (n=24)
update=20 global_step=40960 SPS=725 w_ev=0.878 m_ev=0.937 m_v_bias=-9.6 m_adv_std=47.1714 m_kl_max=0.0039 m_ratio_max=0.309 w_ax@goal=+0.77 w_v@goal=14.17 return=918.0 length=84 success_rate=1.00 collisions/ep=1.80 (n=25)
Evaluation at update 20: return=1002.49, length=80.70, success_rate=1.00, collisions/ep=0.15
Solved-check at update 20: solved=False worst_gap=52.85 at p_x0=1.00 p_y0=-1.00 (consecutive=0)
update=21 global_step=43008 SPS=674 w_ev=0.897 m_ev=0.939 m_v_bias=0.8 m_adv_std=48.4806 m_kl_max=0.0111 m_ratio_max=0.749 w_ax@goal=+0.82 w_v@goal=14.09 return=922.2 length=85 success_rate=1.00 collisions/ep=1.71 (n=24)
update=22 global_step=45056 SPS=686 w_ev=0.892 m_ev=0.897 m_v_bias=-8.3 m_adv_std=60.6128 m_kl_max=0.0112 m_ratio_max=0.526 w_ax@goal=+0.89 w_v@goal=14.36 return=924.6 length=83 success_rate=1.00 collisions/ep=1.67 (n=24)
update=23 global_step=47104 SPS=696 w_ev=0.885 m_ev=0.915 m_v_bias=1.4 m_adv_std=60.9970 m_kl_max=0.0279 m_ratio_max=0.820 w_ax@goal=+0.93 w_v@goal=14.38 return=928.7 length=84 success_rate=1.00 collisions/ep=1.64 (n=25)
update=24 global_step=49152 SPS=706 w_ev=0.861 m_ev=0.937 m_v_bias=1.4 m_adv_std=51.0772 m_kl_max=0.0166 m_ratio_max=0.798 w_ax@goal=+0.78 w_v@goal=14.36 return=918.4 length=84 success_rate=1.00 collisions/ep=1.81 (n=26)
update=25 global_step=51200 SPS=716 w_ev=0.899 m_ev=0.965 m_v_bias=-24.6 m_adv_std=34.7949 m_kl_max=0.0091 m_ratio_max=0.435 w_ax@goal=+0.97 w_v@goal=14.30 return=952.5 length=85 success_rate=1.00 collisions/ep=1.17 (n=23)
Evaluation at update 25: return=1011.15, length=79.50, success_rate=1.00, collisions/ep=0.00
Solved-check at update 25: solved=True worst_gap=2.04 at p_x0=0.00 p_y0=1.00 (consecutive=0)
update=26 global_step=53248 SPS=671 w_ev=0.884 m_ev=0.957 m_v_bias=0.5 m_adv_std=37.4622 m_kl_max=0.0116 m_ratio_max=0.548 w_ax@goal=+1.09 w_v@goal=14.14 return=968.4 length=81 success_rate=1.00 collisions/ep=0.84 (n=25)
update=27 global_step=55296 SPS=681 w_ev=0.842 m_ev=0.931 m_v_bias=12.5 m_adv_std=49.8464 m_kl_max=0.0338 m_ratio_max=1.312 w_ax@goal=+1.10 w_v@goal=14.33 return=928.0 length=81 success_rate=1.00 collisions/ep=1.64 (n=25)
update=28 global_step=57344 SPS=689 w_ev=0.866 m_ev=0.945 m_v_bias=-10.7 m_adv_std=42.9139 m_kl_max=0.0218 m_ratio_max=1.180 w_ax@goal=+1.16 w_v@goal=14.37 return=934.1 length=82 success_rate=1.00 collisions/ep=1.73 (n=26)
update=29 global_step=59392 SPS=698 w_ev=0.866 m_ev=0.958 m_v_bias=-1.7 m_adv_std=37.2037 m_kl_max=0.0216 m_ratio_max=1.585 w_ax@goal=+1.22 w_v@goal=14.47 return=958.2 length=79 success_rate=1.00 collisions/ep=1.16 (n=25)
update=30 global_step=61440 SPS=706 w_ev=0.862 m_ev=0.984 m_v_bias=-12.9 m_adv_std=21.3795 m_kl_max=0.0099 m_ratio_max=0.720 w_ax@goal=+1.12 w_v@goal=14.41 return=970.4 length=80 success_rate=1.00 collisions/ep=0.92 (n=25)
Evaluation at update 30: return=1011.35, length=79.30, success_rate=1.00, collisions/ep=0.00
Solved-check at update 30: solved=True worst_gap=1.93 at p_x0=0.00 p_y0=-0.50 (consecutive=1)
Solved criterion held for 2 consecutive evals (tolerance=5.0) at global_step=61440.
update=31 global_step=63488 SPS=672 w_ev=0.841 m_ev=0.952 m_v_bias=-1.6 m_adv_std=38.9639 m_kl_max=0.0148 m_ratio_max=0.622 w_ax@goal=+1.14 w_v@goal=14.52 return=967.8 length=80 success_rate=1.00 collisions/ep=0.96 (n=26)
update=32 global_step=65536 SPS=680 w_ev=0.836 m_ev=0.961 m_v_bias=1.5 m_adv_std=34.0363 m_kl_max=0.0225 m_ratio_max=0.613 w_ax@goal=+1.17 w_v@goal=14.22 return=964.7 length=81 success_rate=1.00 collisions/ep=1.08 (n=25)
update=33 global_step=67584 SPS=687 w_ev=0.841 m_ev=0.936 m_v_bias=-2.0 m_adv_std=44.9886 m_kl_max=0.0215 m_ratio_max=0.730 w_ax@goal=+1.14 w_v@goal=14.27 return=960.9 length=80 success_rate=1.00 collisions/ep=1.12 (n=26)
update=34 global_step=69632 SPS=694 w_ev=0.855 m_ev=0.980 m_v_bias=-2.9 m_adv_std=24.1011 m_kl_max=0.0063 m_ratio_max=0.386 w_ax@goal=+1.37 w_v@goal=14.21 return=979.2 length=81 success_rate=1.00 collisions/ep=0.67 (n=24)
update=35 global_step=71680 SPS=702 w_ev=0.868 m_ev=0.985 m_v_bias=-5.1 m_adv_std=20.4832 m_kl_max=0.0147 m_ratio_max=0.517 w_ax@goal=+1.34 w_v@goal=14.45 return=983.8 length=81 success_rate=1.00 collisions/ep=0.54 (n=26)
Evaluation at update 35: return=1011.42, length=79.20, success_rate=1.00, collisions/ep=0.00
Solved-check at update 35: solved=False worst_gap=51.86 at p_x0=0.00 p_y0=1.00 (consecutive=2)
update=36 global_step=73728 SPS=673 w_ev=0.873 m_ev=0.978 m_v_bias=8.8 m_adv_std=25.8145 m_kl_max=0.0115 m_ratio_max=0.617 w_ax@goal=+1.42 w_v@goal=14.37 return=970.1 length=80 success_rate=1.00 collisions/ep=0.88 (n=26)
update=37 global_step=75776 SPS=678 w_ev=0.856 m_ev=0.979 m_v_bias=0.6 m_adv_std=26.0834 m_kl_max=0.0180 m_ratio_max=0.600 w_ax@goal=+1.31 w_v@goal=14.50 return=973.0 length=81 success_rate=1.00 collisions/ep=0.75 (n=24)
update=38 global_step=77824 SPS=685 w_ev=0.831 m_ev=0.983 m_v_bias=-1.9 m_adv_std=22.2700 m_kl_max=0.0273 m_ratio_max=0.677 w_ax@goal=+1.18 w_v@goal=14.44 return=971.9 length=82 success_rate=1.00 collisions/ep=0.81 (n=27)
update=39 global_step=79872 SPS=692 w_ev=0.807 m_ev=0.965 m_v_bias=3.0 m_adv_std=31.9774 m_kl_max=0.0179 m_ratio_max=0.548 w_ax@goal=+1.30 w_v@goal=14.46 return=967.6 length=79 success_rate=1.00 collisions/ep=0.92 (n=24)
update=40 global_step=81920 SPS=698 w_ev=0.817 m_ev=0.960 m_v_bias=-0.1 m_adv_std=35.6459 m_kl_max=0.0097 m_ratio_max=0.432 w_ax@goal=+1.34 w_v@goal=14.42 return=976.9 length=80 success_rate=1.00 collisions/ep=0.68 (n=28)
Evaluation at update 40: return=1011.74, length=78.85, success_rate=1.00, collisions/ep=0.00
Solved-check at update 40: solved=True worst_gap=1.53 at p_x0=0.00 p_y0=-1.00 (consecutive=0)
update=41 global_step=83968 SPS=675 w_ev=0.827 m_ev=0.991 m_v_bias=-10.3 m_adv_std=15.4607 m_kl_max=0.0241 m_ratio_max=0.735 w_ax@goal=+1.20 w_v@goal=14.37 return=994.3 length=78 success_rate=1.00 collisions/ep=0.33 (n=24)
update=42 global_step=86016 SPS=681 w_ev=0.828 m_ev=0.975 m_v_bias=2.3 m_adv_std=25.7323 m_kl_max=0.0209 m_ratio_max=0.720 w_ax@goal=+1.46 w_v@goal=14.49 return=987.4 length=79 success_rate=1.00 collisions/ep=0.56 (n=27)
update=43 global_step=88064 SPS=686 w_ev=0.794 m_ev=0.955 m_v_bias=8.3 m_adv_std=38.0064 m_kl_max=0.0168 m_ratio_max=0.515 w_ax@goal=+1.32 w_v@goal=14.24 return=979.4 length=80 success_rate=1.00 collisions/ep=0.64 (n=25)
update=44 global_step=90112 SPS=693 w_ev=0.815 m_ev=0.988 m_v_bias=-8.4 m_adv_std=19.1141 m_kl_max=0.0102 m_ratio_max=0.448 w_ax@goal=+1.34 w_v@goal=14.42 return=982.1 length=80 success_rate=1.00 collisions/ep=0.59 (n=27)
update=45 global_step=92160 SPS=698 w_ev=0.841 m_ev=0.967 m_v_bias=7.0 m_adv_std=32.3093 m_kl_max=0.0111 m_ratio_max=0.524 w_ax@goal=+1.28 w_v@goal=14.38 return=979.5 length=80 success_rate=1.00 collisions/ep=0.64 (n=25)
Evaluation at update 45: return=1012.11, length=78.55, success_rate=1.00, collisions/ep=0.00
Solved-check at update 45: solved=True worst_gap=1.07 at p_x0=0.00 p_y0=1.00 (consecutive=1)
update=46 global_step=94208 SPS=676 w_ev=0.808 m_ev=0.983 m_v_bias=-1.1 m_adv_std=22.2106 m_kl_max=0.0282 m_ratio_max=0.702 w_ax@goal=+1.31 w_v@goal=14.36 return=985.7 length=81 success_rate=1.00 collisions/ep=0.56 (n=25)
update=47 global_step=96256 SPS=682 w_ev=0.835 m_ev=0.985 m_v_bias=2.4 m_adv_std=20.1196 m_kl_max=0.0089 m_ratio_max=0.531 w_ax@goal=+1.16 w_v@goal=14.39 return=990.2 length=80 success_rate=1.00 collisions/ep=0.42 (n=24)
update=48 global_step=98304 SPS=687 w_ev=0.845 m_ev=0.987 m_v_bias=-0.4 m_adv_std=19.3275 m_kl_max=0.0150 m_ratio_max=0.534 w_ax@goal=+1.35 w_v@goal=14.44 return=993.9 length=80 success_rate=1.00 collisions/ep=0.35 (n=26)
update=49 global_step=100352 SPS=692 w_ev=0.864 m_ev=0.993 m_v_bias=-4.2 m_adv_std=14.3992 m_kl_max=0.0235 m_ratio_max=0.977 w_ax@goal=+1.33 w_v@goal=14.40 return=994.3 length=80 success_rate=1.00 collisions/ep=0.34 (n=29)
update=50 global_step=102400 SPS=697 w_ev=0.860 m_ev=0.992 m_v_bias=0.3 m_adv_std=15.3918 m_kl_max=0.0165 m_ratio_max=0.578 w_ax@goal=+1.34 w_v@goal=14.47 return=996.9 length=80 success_rate=1.00 collisions/ep=0.33 (n=24)
Evaluation at update 50: return=1012.16, length=78.50, success_rate=1.00, collisions/ep=0.00
Solved-check at update 50: solved=True worst_gap=1.02 at p_x0=0.00 p_y0=-1.00 (consecutive=2)
update=51 global_step=104448 SPS=677 w_ev=0.817 m_ev=0.976 m_v_bias=4.6 m_adv_std=26.5929 m_kl_max=0.0122 m_ratio_max=0.488 w_ax@goal=+1.32 w_v@goal=14.46 return=987.7 length=80 success_rate=1.00 collisions/ep=0.48 (n=25)
update=52 global_step=106496 SPS=681 w_ev=0.815 m_ev=0.984 m_v_bias=-0.5 m_adv_std=21.8181 m_kl_max=0.0126 m_ratio_max=0.542 w_ax@goal=+1.25 w_v@goal=14.44 return=986.2 length=81 success_rate=1.00 collisions/ep=0.56 (n=25)
update=53 global_step=108544 SPS=686 w_ev=0.834 m_ev=0.993 m_v_bias=-5.3 m_adv_std=14.1466 m_kl_max=0.0173 m_ratio_max=0.816 w_ax@goal=+1.36 w_v@goal=14.55 return=999.5 length=80 success_rate=1.00 collisions/ep=0.25 (n=24)
update=54 global_step=110592 SPS=691 w_ev=0.855 m_ev=0.987 m_v_bias=4.1 m_adv_std=19.6448 m_kl_max=0.0224 m_ratio_max=0.690 w_ax@goal=+1.21 w_v@goal=14.45 return=989.3 length=80 success_rate=1.00 collisions/ep=0.48 (n=27)
update=55 global_step=112640 SPS=695 w_ev=0.852 m_ev=0.993 m_v_bias=-4.7 m_adv_std=14.1971 m_kl_max=0.0105 m_ratio_max=0.917 w_ax@goal=+1.24 w_v@goal=14.36 return=995.0 length=80 success_rate=1.00 collisions/ep=0.33 (n=27)
Evaluation at update 55: return=1012.13, length=78.50, success_rate=1.00, collisions/ep=0.00
Solved-check at update 55: solved=True worst_gap=1.05 at p_x0=0.00 p_y0=-1.00 (consecutive=3)
update=56 global_step=114688 SPS=678 w_ev=0.845 m_ev=0.995 m_v_bias=-4.9 m_adv_std=11.9651 m_kl_max=0.0100 m_ratio_max=0.554 w_ax@goal=+1.21 w_v@goal=14.43 return=1007.8 length=80 success_rate=1.00 collisions/ep=0.08 (n=25)
update=57 global_step=116736 SPS=682 w_ev=0.838 m_ev=0.990 m_v_bias=2.8 m_adv_std=16.1729 m_kl_max=0.0186 m_ratio_max=0.547 w_ax@goal=+1.24 w_v@goal=14.43 return=1001.4 length=81 success_rate=1.00 collisions/ep=0.21 (n=24)
update=58 global_step=118784 SPS=686 w_ev=0.831 m_ev=0.994 m_v_bias=1.0 m_adv_std=12.8177 m_kl_max=0.0161 m_ratio_max=0.646 w_ax@goal=+1.23 w_v@goal=14.24 return=998.4 length=78 success_rate=1.00 collisions/ep=0.26 (n=27)
update=59 global_step=120832 SPS=691 w_ev=0.835 m_ev=0.983 m_v_bias=6.7 m_adv_std=21.3332 m_kl_max=0.0128 m_ratio_max=0.600 w_ax@goal=+1.36 w_v@goal=14.32 return=988.7 length=78 success_rate=1.00 collisions/ep=0.62 (n=26)
update=60 global_step=122880 SPS=695 w_ev=0.845 m_ev=0.994 m_v_bias=-3.8 m_adv_std=12.5162 m_kl_max=0.0325 m_ratio_max=0.962 w_ax@goal=+1.07 w_v@goal=14.55 return=1000.2 length=78 success_rate=1.00 collisions/ep=0.26 (n=27)
Evaluation at update 60: return=1012.24, length=78.40, success_rate=1.00, collisions/ep=0.00
Solved-check at update 60: solved=True worst_gap=1.01 at p_x0=0.00 p_y0=0.00 (consecutive=4)
update=61 global_step=124928 SPS=678 w_ev=0.824 m_ev=0.993 m_v_bias=-1.0 m_adv_std=13.3690 m_kl_max=0.0117 m_ratio_max=0.645 w_ax@goal=+1.25 w_v@goal=14.37 return=1001.6 length=80 success_rate=1.00 collisions/ep=0.24 (n=25)
update=62 global_step=126976 SPS=682 w_ev=0.822 m_ev=0.984 m_v_bias=1.8 m_adv_std=21.2928 m_kl_max=0.0290 m_ratio_max=0.831 w_ax@goal=+1.15 w_v@goal=14.30 return=999.4 length=80 success_rate=1.00 collisions/ep=0.24 (n=25)
update=63 global_step=129024 SPS=686 w_ev=0.811 m_ev=0.977 m_v_bias=-0.1 m_adv_std=25.7115 m_kl_max=0.0247 m_ratio_max=0.930 w_ax@goal=+1.35 w_v@goal=14.46 return=985.8 length=81 success_rate=1.00 collisions/ep=0.56 (n=25)
update=64 global_step=131072 SPS=690 w_ev=0.805 m_ev=0.991 m_v_bias=-0.6 m_adv_std=16.1223 m_kl_max=0.0126 m_ratio_max=0.523 w_ax@goal=+1.22 w_v@goal=14.62 return=998.5 length=80 success_rate=1.00 collisions/ep=0.27 (n=26)
update=65 global_step=133120 SPS=694 w_ev=0.796 m_ev=0.992 m_v_bias=-1.1 m_adv_std=15.1647 m_kl_max=0.0156 m_ratio_max=0.478 w_ax@goal=+1.13 w_v@goal=14.41 return=1006.2 length=80 success_rate=1.00 collisions/ep=0.12 (n=26)
Evaluation at update 65: return=1012.25, length=78.40, success_rate=1.00, collisions/ep=0.00
Solved-check at update 65: solved=True worst_gap=1.00 at p_x0=0.00 p_y0=-0.50 (consecutive=5)
update=66 global_step=135168 SPS=680 w_ev=0.808 m_ev=0.990 m_v_bias=-0.8 m_adv_std=17.2703 m_kl_max=0.0122 m_ratio_max=0.554 w_ax@goal=+1.16 w_v@goal=14.51 return=999.4 length=79 success_rate=1.00 collisions/ep=0.24 (n=25)
update=67 global_step=137216 SPS=683 w_ev=0.825 m_ev=0.997 m_v_bias=-4.3 m_adv_std=9.5104 m_kl_max=0.0118 m_ratio_max=0.399 w_ax@goal=+1.18 w_v@goal=14.69 return=1006.1 length=78 success_rate=1.00 collisions/ep=0.19 (n=27)
update=68 global_step=139264 SPS=686 w_ev=0.820 m_ev=0.987 m_v_bias=5.1 m_adv_std=19.8093 m_kl_max=0.0120 m_ratio_max=0.379 w_ax@goal=+1.10 w_v@goal=14.65 return=995.9 length=77 success_rate=1.00 collisions/ep=0.31 (n=26)
update=69 global_step=141312 SPS=690 w_ev=0.821 m_ev=0.992 m_v_bias=-2.5 m_adv_std=15.4610 m_kl_max=0.0184 m_ratio_max=0.748 w_ax@goal=+1.11 w_v@goal=14.58 return=998.6 length=80 success_rate=1.00 collisions/ep=0.26 (n=27)
update=70 global_step=143360 SPS=694 w_ev=0.799 m_ev=0.992 m_v_bias=-0.9 m_adv_std=14.2482 m_kl_max=0.0224 m_ratio_max=0.548 w_ax@goal=+1.19 w_v@goal=14.41 return=997.2 length=80 success_rate=1.00 collisions/ep=0.38 (n=24)
Evaluation at update 70: return=1012.03, length=78.65, success_rate=1.00, collisions/ep=0.00
Solved-check at update 70: solved=True worst_gap=1.21 at p_x0=0.00 p_y0=-1.00 (consecutive=6)
update=71 global_step=145408 SPS=680 w_ev=0.806 m_ev=0.993 m_v_bias=-0.7 m_adv_std=13.5194 m_kl_max=0.0090 m_ratio_max=0.526 w_ax@goal=+1.16 w_v@goal=14.43 return=1003.9 length=80 success_rate=1.00 collisions/ep=0.19 (n=26)
update=72 global_step=147456 SPS=683 w_ev=0.834 m_ev=0.999 m_v_bias=-5.4 m_adv_std=6.5053 m_kl_max=0.0209 m_ratio_max=0.727 w_ax@goal=+1.14 w_v@goal=14.46 return=1006.5 length=81 success_rate=1.00 collisions/ep=0.11 (n=27)
update=73 global_step=149504 SPS=687 w_ev=0.793 m_ev=0.993 m_v_bias=2.0 m_adv_std=13.4998 m_kl_max=0.0263 m_ratio_max=0.726 w_ax@goal=+1.03 w_v@goal=14.39 return=1003.5 length=80 success_rate=1.00 collisions/ep=0.20 (n=25)
update=74 global_step=151552 SPS=690 w_ev=0.811 m_ev=0.993 m_v_bias=-0.2 m_adv_std=13.5977 m_kl_max=0.0309 m_ratio_max=0.877 w_ax@goal=+1.19 w_v@goal=14.45 return=1001.9 length=80 success_rate=1.00 collisions/ep=0.24 (n=25)
update=75 global_step=153600 SPS=694 w_ev=0.829 m_ev=0.995 m_v_bias=-1.7 m_adv_std=11.3395 m_kl_max=0.0198 m_ratio_max=1.367 w_ax@goal=+1.07 w_v@goal=14.47 return=1001.5 length=80 success_rate=1.00 collisions/ep=0.25 (n=24)
Evaluation at update 75: return=1011.86, length=78.70, success_rate=1.00, collisions/ep=0.00
Solved-check at update 75: solved=True worst_gap=1.44 at p_x0=0.00 p_y0=-1.00 (consecutive=7)
update=76 global_step=155648 SPS=680 w_ev=0.836 m_ev=0.996 m_v_bias=-1.6 m_adv_std=10.8854 m_kl_max=0.0040 m_ratio_max=0.421 w_ax@goal=+1.07 w_v@goal=14.41 return=1005.2 length=79 success_rate=1.00 collisions/ep=0.12 (n=25)
update=77 global_step=157696 SPS=683 w_ev=0.814 m_ev=0.989 m_v_bias=0.7 m_adv_std=17.4659 m_kl_max=0.0260 m_ratio_max=0.907 w_ax@goal=+1.06 w_v@goal=14.51 return=1000.7 length=80 success_rate=1.00 collisions/ep=0.21 (n=28)
update=78 global_step=159744 SPS=686 w_ev=0.786 m_ev=0.990 m_v_bias=1.0 m_adv_std=17.3231 m_kl_max=0.0153 m_ratio_max=0.789 w_ax@goal=+0.99 w_v@goal=14.51 return=993.0 length=80 success_rate=1.00 collisions/ep=0.44 (n=27)
update=79 global_step=161792 SPS=690 w_ev=0.787 m_ev=0.982 m_v_bias=-0.4 m_adv_std=22.0098 m_kl_max=0.0232 m_ratio_max=1.577 w_ax@goal=+0.88 w_v@goal=14.34 return=995.1 length=80 success_rate=1.00 collisions/ep=0.33 (n=24)
update=80 global_step=163840 SPS=693 w_ev=0.826 m_ev=0.997 m_v_bias=-4.1 m_adv_std=9.3253 m_kl_max=0.0137 m_ratio_max=0.630 w_ax@goal=+0.93 w_v@goal=14.37 return=1003.3 length=80 success_rate=1.00 collisions/ep=0.17 (n=24)
Evaluation at update 80: return=1012.08, length=78.60, success_rate=1.00, collisions/ep=0.00
Solved-check at update 80: solved=False worst_gap=50.90 at p_x0=0.00 p_y0=1.00 (consecutive=8)
update=81 global_step=165888 SPS=681 w_ev=0.861 m_ev=0.995 m_v_bias=-0.1 m_adv_std=12.2426 m_kl_max=0.0116 m_ratio_max=0.507 w_ax@goal=+1.02 w_v@goal=14.59 return=1002.2 length=80 success_rate=1.00 collisions/ep=0.19 (n=26)
update=82 global_step=167936 SPS=684 w_ev=0.846 m_ev=0.995 m_v_bias=0.2 m_adv_std=11.4282 m_kl_max=0.0254 m_ratio_max=1.044 w_ax@goal=+0.76 w_v@goal=14.54 return=1004.1 length=80 success_rate=1.00 collisions/ep=0.15 (n=27)
update=83 global_step=169984 SPS=687 w_ev=0.857 m_ev=0.997 m_v_bias=-1.8 m_adv_std=9.2880 m_kl_max=0.0138 m_ratio_max=0.568 w_ax@goal=+0.92 w_v@goal=14.75 return=1006.1 length=80 success_rate=1.00 collisions/ep=0.12 (n=26)
update=84 global_step=172032 SPS=690 w_ev=0.869 m_ev=0.994 m_v_bias=1.6 m_adv_std=13.2188 m_kl_max=0.0138 m_ratio_max=0.532 w_ax@goal=+0.90 w_v@goal=14.58 return=1005.7 length=80 success_rate=1.00 collisions/ep=0.12 (n=25)
update=85 global_step=174080 SPS=692 w_ev=0.833 m_ev=0.994 m_v_bias=-0.7 m_adv_std=12.3166 m_kl_max=0.0271 m_ratio_max=1.049 w_ax@goal=+0.99 w_v@goal=14.49 return=999.9 length=79 success_rate=1.00 collisions/ep=0.24 (n=25)
Evaluation at update 85: return=1012.34, length=78.30, success_rate=1.00, collisions/ep=0.00
Solved-check at update 85: solved=False worst_gap=50.88 at p_x0=0.00 p_y0=1.00 (consecutive=0)
update=86 global_step=176128 SPS=682 w_ev=0.809 m_ev=0.996 m_v_bias=-0.4 m_adv_std=10.1464 m_kl_max=0.0167 m_ratio_max=0.614 w_ax@goal=+1.12 w_v@goal=14.49 return=1004.5 length=80 success_rate=1.00 collisions/ep=0.15 (n=27)
update=87 global_step=178176 SPS=685 w_ev=0.822 m_ev=0.995 m_v_bias=0.3 m_adv_std=11.2077 m_kl_max=0.0289 m_ratio_max=1.796 w_ax@goal=+1.11 w_v@goal=14.50 return=1005.8 length=79 success_rate=1.00 collisions/ep=0.15 (n=26)
update=88 global_step=180224 SPS=688 w_ev=0.844 m_ev=0.983 m_v_bias=3.9 m_adv_std=22.0900 m_kl_max=0.0246 m_ratio_max=0.675 w_ax@goal=+1.18 w_v@goal=14.66 return=1000.2 length=80 success_rate=1.00 collisions/ep=0.24 (n=25)
update=89 global_step=182272 SPS=691 w_ev=0.846 m_ev=0.993 m_v_bias=-0.7 m_adv_std=14.2058 m_kl_max=0.0052 m_ratio_max=0.490 w_ax@goal=+1.10 w_v@goal=14.66 return=998.9 length=80 success_rate=1.00 collisions/ep=0.27 (n=26)
update=90 global_step=184320 SPS=693 w_ev=0.866 m_ev=0.994 m_v_bias=-1.9 m_adv_std=12.6561 m_kl_max=0.0134 m_ratio_max=0.497 w_ax@goal=+1.13 w_v@goal=14.73 return=1006.4 length=77 success_rate=1.00 collisions/ep=0.11 (n=27)
Evaluation at update 90: return=1012.49, length=78.20, success_rate=1.00, collisions/ep=0.00
Solved-check at update 90: solved=True worst_gap=0.76 at p_x0=0.00 p_y0=-1.00 (consecutive=0)
update=91 global_step=186368 SPS=682 w_ev=0.869 m_ev=0.993 m_v_bias=0.8 m_adv_std=13.6375 m_kl_max=0.0313 m_ratio_max=2.448 w_ax@goal=+1.32 w_v@goal=14.79 return=1006.2 length=78 success_rate=1.00 collisions/ep=0.12 (n=26)
update=92 global_step=188416 SPS=685 w_ev=0.809 m_ev=0.996 m_v_bias=-1.5 m_adv_std=10.9094 m_kl_max=0.0236 m_ratio_max=0.972 w_ax@goal=+1.26 w_v@goal=14.67 return=1006.2 length=79 success_rate=1.00 collisions/ep=0.12 (n=26)
update=93 global_step=190464 SPS=688 w_ev=0.804 m_ev=0.999 m_v_bias=-2.5 m_adv_std=6.3084 m_kl_max=0.0048 m_ratio_max=0.475 w_ax@goal=+1.22 w_v@goal=14.50 return=1010.8 length=82 success_rate=1.00 collisions/ep=0.04 (n=25)
update=94 global_step=192512 SPS=690 w_ev=0.793 m_ev=0.998 m_v_bias=0.7 m_adv_std=7.1127 m_kl_max=0.0116 m_ratio_max=0.704 w_ax@goal=+1.10 w_v@goal=14.53 return=1010.0 length=79 success_rate=1.00 collisions/ep=0.04 (n=25)
update=95 global_step=194560 SPS=693 w_ev=0.811 m_ev=0.998 m_v_bias=0.7 m_adv_std=8.1718 m_kl_max=0.0373 m_ratio_max=1.469 w_ax@goal=+1.15 w_v@goal=14.45 return=1008.6 length=79 success_rate=1.00 collisions/ep=0.07 (n=27)
Evaluation at update 95: return=1012.60, length=78.05, success_rate=1.00, collisions/ep=0.00
Solved-check at update 95: solved=True worst_gap=0.63 at p_x0=0.00 p_y0=1.00 (consecutive=1)
update=96 global_step=196608 SPS=682 w_ev=0.824 m_ev=0.994 m_v_bias=1.3 m_adv_std=12.3596 m_kl_max=0.0128 m_ratio_max=0.622 w_ax@goal=+1.11 w_v@goal=14.53 return=1006.1 length=77 success_rate=1.00 collisions/ep=0.12 (n=26)
update=97 global_step=198656 SPS=685 w_ev=0.839 m_ev=0.986 m_v_bias=1.9 m_adv_std=19.6942 m_kl_max=0.0322 m_ratio_max=1.472 w_ax@goal=+1.25 w_v@goal=14.69 return=1006.6 length=78 success_rate=1.00 collisions/ep=0.12 (n=26)
update=98 global_step=200704 SPS=688 w_ev=0.822 m_ev=0.997 m_v_bias=-4.3 m_adv_std=9.6113 m_kl_max=0.0194 m_ratio_max=0.911 w_ax@goal=+1.03 w_v@goal=14.75 return=999.3 length=79 success_rate=1.00 collisions/ep=0.30 (n=27)
update=99 global_step=202752 SPS=690 w_ev=0.786 m_ev=0.999 m_v_bias=-1.2 m_adv_std=6.1964 m_kl_max=0.0147 m_ratio_max=0.445 w_ax@goal=+0.92 w_v@goal=14.55 return=1010.5 length=80 success_rate=1.00 collisions/ep=0.04 (n=25)
update=100 global_step=204800 SPS=693 w_ev=0.816 m_ev=0.990 m_v_bias=2.5 m_adv_std=16.9080 m_kl_max=0.0172 m_ratio_max=0.638 w_ax@goal=+0.88 w_v@goal=14.54 return=1006.3 length=80 success_rate=1.00 collisions/ep=0.12 (n=25)
Evaluation at update 100: return=1012.46, length=78.20, success_rate=1.00, collisions/ep=0.00
Solved-check at update 100: solved=True worst_gap=0.79 at p_x0=0.00 p_y0=1.00 (consecutive=2)
update=101 global_step=206848 SPS=683 w_ev=0.822 m_ev=0.999 m_v_bias=-4.0 m_adv_std=5.3438 m_kl_max=0.0200 m_ratio_max=1.133 w_ax@goal=+1.07 w_v@goal=14.62 return=1012.0 length=80 success_rate=1.00 collisions/ep=0.00 (n=24)
update=102 global_step=208896 SPS=685 w_ev=0.836 m_ev=0.993 m_v_bias=3.7 m_adv_std=14.0053 m_kl_max=0.0053 m_ratio_max=0.393 w_ax@goal=+1.00 w_v@goal=14.65 return=1005.1 length=80 success_rate=1.00 collisions/ep=0.14 (n=28)
update=103 global_step=210944 SPS=688 w_ev=0.816 m_ev=0.999 m_v_bias=-1.9 m_adv_std=4.7843 m_kl_max=0.0112 m_ratio_max=0.546 w_ax@goal=+0.90 w_v@goal=14.60 return=1011.8 length=79 success_rate=1.00 collisions/ep=0.00 (n=27)
update=104 global_step=212992 SPS=690 w_ev=0.804 m_ev=0.999 m_v_bias=0.0 m_adv_std=6.1185 m_kl_max=0.0169 m_ratio_max=0.612 w_ax@goal=+1.06 w_v@goal=14.61 return=1009.7 length=79 success_rate=1.00 collisions/ep=0.04 (n=24)
update=105 global_step=215040 SPS=693 w_ev=0.828 m_ev=0.997 m_v_bias=1.5 m_adv_std=9.1331 m_kl_max=0.0268 m_ratio_max=0.825 w_ax@goal=+0.98 w_v@goal=14.70 return=1006.3 length=78 success_rate=1.00 collisions/ep=0.11 (n=27)
Evaluation at update 105: return=1012.22, length=78.45, success_rate=1.00, collisions/ep=0.00
Solved-check at update 105: solved=True worst_gap=0.98 at p_x0=0.00 p_y0=0.50 (consecutive=3)
update=106 global_step=217088 SPS=684 w_ev=0.782 m_ev=0.999 m_v_bias=-1.0 m_adv_std=5.9256 m_kl_max=0.0174 m_ratio_max=0.959 w_ax@goal=+0.96 w_v@goal=14.73 return=1010.0 length=79 success_rate=1.00 collisions/ep=0.04 (n=26)
update=107 global_step=219136 SPS=686 w_ev=0.816 m_ev=0.998 m_v_bias=1.0 m_adv_std=6.9851 m_kl_max=0.0292 m_ratio_max=0.915 w_ax@goal=+0.94 w_v@goal=14.85 return=1007.8 length=81 success_rate=1.00 collisions/ep=0.08 (n=25)
update=108 global_step=221184 SPS=688 w_ev=0.799 m_ev=0.999 m_v_bias=-1.7 m_adv_std=4.8544 m_kl_max=0.0096 m_ratio_max=0.532 w_ax@goal=+0.95 w_v@goal=14.81 return=1009.5 length=80 success_rate=1.00 collisions/ep=0.04 (n=27)
update=109 global_step=223232 SPS=690 w_ev=0.789 m_ev=0.999 m_v_bias=0.2 m_adv_std=6.0173 m_kl_max=0.0147 m_ratio_max=0.654 w_ax@goal=+0.96 w_v@goal=14.79 return=1009.5 length=79 success_rate=1.00 collisions/ep=0.04 (n=24)
update=110 global_step=225280 SPS=692 w_ev=0.756 m_ev=0.997 m_v_bias=1.7 m_adv_std=9.7606 m_kl_max=0.0303 m_ratio_max=0.663 w_ax@goal=+1.06 w_v@goal=14.72 return=1009.9 length=80 success_rate=1.00 collisions/ep=0.04 (n=25)
Evaluation at update 110: return=1012.10, length=78.50, success_rate=1.00, collisions/ep=0.00
Solved-check at update 110: solved=True worst_gap=1.12 at p_x0=0.00 p_y0=1.00 (consecutive=4)
update=111 global_step=227328 SPS=684 w_ev=0.838 m_ev=0.993 m_v_bias=2.1 m_adv_std=14.6432 m_kl_max=0.0132 m_ratio_max=0.623 w_ax@goal=+1.10 w_v@goal=14.69 return=998.9 length=80 success_rate=1.00 collisions/ep=0.26 (n=27)
update=112 global_step=229376 SPS=686 w_ev=0.817 m_ev=0.997 m_v_bias=0.2 m_adv_std=9.2878 m_kl_max=0.0529 m_ratio_max=1.175 w_ax@goal=+0.99 w_v@goal=14.65 return=1004.4 length=81 success_rate=1.00 collisions/ep=0.15 (n=26)
update=113 global_step=231424 SPS=688 w_ev=0.810 m_ev=0.998 m_v_bias=-1.8 m_adv_std=6.7329 m_kl_max=0.0222 m_ratio_max=0.819 w_ax@goal=+1.08 w_v@goal=14.69 return=1007.8 length=81 success_rate=1.00 collisions/ep=0.08 (n=25)
update=114 global_step=233472 SPS=690 w_ev=0.809 m_ev=0.999 m_v_bias=-1.2 m_adv_std=3.7174 m_kl_max=0.0257 m_ratio_max=0.809 w_ax@goal=+1.05 w_v@goal=14.71 return=1012.2 length=79 success_rate=1.00 collisions/ep=0.00 (n=25)
update=115 global_step=235520 SPS=692 w_ev=0.784 m_ev=0.997 m_v_bias=2.0 m_adv_std=8.5404 m_kl_max=0.0183 m_ratio_max=0.567 w_ax@goal=+1.03 w_v@goal=14.63 return=1008.0 length=80 success_rate=1.00 collisions/ep=0.12 (n=26)
Evaluation at update 115: return=1012.26, length=78.40, success_rate=1.00, collisions/ep=0.00
Solved-check at update 115: solved=True worst_gap=0.95 at p_x0=1.00 p_y0=1.00 (consecutive=5)
update=116 global_step=237568 SPS=684 w_ev=0.800 m_ev=0.998 m_v_bias=-0.4 m_adv_std=6.8126 m_kl_max=0.0171 m_ratio_max=0.536 w_ax@goal=+0.84 w_v@goal=14.69 return=1009.8 length=80 success_rate=1.00 collisions/ep=0.08 (n=24)
update=117 global_step=239616 SPS=686 w_ev=0.739 m_ev=0.999 m_v_bias=-1.8 m_adv_std=4.6077 m_kl_max=0.0187 m_ratio_max=0.904 w_ax@goal=+1.06 w_v@goal=14.65 return=1011.8 length=79 success_rate=1.00 collisions/ep=0.00 (n=27)
update=118 global_step=241664 SPS=688 w_ev=0.738 m_ev=0.968 m_v_bias=6.0 m_adv_std=29.9928 m_kl_max=0.0150 m_ratio_max=0.683 w_ax@goal=+1.03 w_v@goal=14.71 return=999.1 length=79 success_rate=1.00 collisions/ep=0.33 (n=27)
update=119 global_step=243712 SPS=690 w_ev=0.778 m_ev=0.998 m_v_bias=-9.1 m_adv_std=6.4064 m_kl_max=0.0193 m_ratio_max=0.957 w_ax@goal=+0.95 w_v@goal=14.69 return=1011.4 length=78 success_rate=1.00 collisions/ep=0.00 (n=24)
update=120 global_step=245760 SPS=692 w_ev=0.760 m_ev=0.998 m_v_bias=-2.7 m_adv_std=7.5160 m_kl_max=0.0422 m_ratio_max=1.591 w_ax@goal=+0.98 w_v@goal=14.74 return=1008.7 length=81 success_rate=1.00 collisions/ep=0.07 (n=27)
Evaluation at update 120: return=1012.16, length=78.50, success_rate=1.00, collisions/ep=0.00
Solved-check at update 120: solved=True worst_gap=1.04 at p_x0=0.00 p_y0=1.00 (consecutive=6)
update=121 global_step=247808 SPS=684 w_ev=0.779 m_ev=0.968 m_v_bias=6.6 m_adv_std=31.0050 m_kl_max=0.0198 m_ratio_max=0.861 w_ax@goal=+0.95 w_v@goal=14.86 return=1000.4 length=79 success_rate=1.00 collisions/ep=0.23 (n=26)
update=122 global_step=249856 SPS=686 w_ev=0.788 m_ev=0.967 m_v_bias=2.2 m_adv_std=30.5105 m_kl_max=0.0045 m_ratio_max=0.403 w_ax@goal=+0.92 w_v@goal=14.84 return=981.8 length=80 success_rate=1.00 collisions/ep=0.60 (n=25)
update=123 global_step=251904 SPS=688 w_ev=0.864 m_ev=0.999 m_v_bias=-8.4 m_adv_std=3.8292 m_kl_max=0.0217 m_ratio_max=0.655 w_ax@goal=+0.91 w_v@goal=14.89 return=1012.0 length=80 success_rate=1.00 collisions/ep=0.00 (n=26)
update=124 global_step=253952 SPS=690 w_ev=0.815 m_ev=0.995 m_v_bias=2.5 m_adv_std=11.7794 m_kl_max=0.0120 m_ratio_max=0.469 w_ax@goal=+1.00 w_v@goal=14.91 return=1002.5 length=79 success_rate=1.00 collisions/ep=0.30 (n=27)
update=125 global_step=256000 SPS=691 w_ev=0.806 m_ev=0.998 m_v_bias=-2.6 m_adv_std=6.7003 m_kl_max=0.0181 m_ratio_max=0.913 w_ax@goal=+1.00 w_v@goal=14.88 return=1010.4 length=79 success_rate=1.00 collisions/ep=0.04 (n=24)
Evaluation at update 125: return=1012.32, length=78.45, success_rate=1.00, collisions/ep=0.00
Solved-check at update 125: solved=True worst_gap=0.99 at p_x0=0.00 p_y0=1.00 (consecutive=7)
update=126 global_step=258048 SPS=683 w_ev=0.792 m_ev=0.995 m_v_bias=2.4 m_adv_std=12.1098 m_kl_max=0.0169 m_ratio_max=0.684 w_ax@goal=+0.80 w_v@goal=14.83 return=1005.9 length=79 success_rate=1.00 collisions/ep=0.12 (n=26)
update=127 global_step=260096 SPS=685 w_ev=0.803 m_ev=0.975 m_v_bias=2.9 m_adv_std=26.4201 m_kl_max=0.0165 m_ratio_max=0.611 w_ax@goal=+0.93 w_v@goal=14.79 return=1004.3 length=79 success_rate=1.00 collisions/ep=0.19 (n=26)
update=128 global_step=262144 SPS=686 w_ev=0.819 m_ev=0.998 m_v_bias=-4.3 m_adv_std=7.9252 m_kl_max=0.0221 m_ratio_max=0.693 w_ax@goal=+0.93 w_v@goal=14.88 return=1003.9 length=79 success_rate=1.00 collisions/ep=0.15 (n=27)
update=129 global_step=264192 SPS=688 w_ev=0.848 m_ev=0.996 m_v_bias=-0.3 m_adv_std=10.9233 m_kl_max=0.0083 m_ratio_max=0.409 w_ax@goal=+0.74 w_v@goal=14.83 return=1007.8 length=80 success_rate=1.00 collisions/ep=0.08 (n=25)
update=130 global_step=266240 SPS=690 w_ev=0.838 m_ev=0.995 m_v_bias=0.8 m_adv_std=12.0496 m_kl_max=0.0073 m_ratio_max=0.475 w_ax@goal=+1.00 w_v@goal=14.88 return=1006.5 length=80 success_rate=1.00 collisions/ep=0.12 (n=26)
Evaluation at update 130: return=1012.43, length=78.20, success_rate=1.00, collisions/ep=0.00
Solved-check at update 130: solved=True worst_gap=1.01 at p_x0=0.50 p_y0=1.00 (consecutive=8)
update=131 global_step=268288 SPS=682 w_ev=0.799 m_ev=0.988 m_v_bias=2.8 m_adv_std=17.7462 m_kl_max=0.0197 m_ratio_max=1.012 w_ax@goal=+1.10 w_v@goal=14.91 return=1004.1 length=80 success_rate=1.00 collisions/ep=0.20 (n=25)
update=132 global_step=270336 SPS=684 w_ev=0.770 m_ev=0.967 m_v_bias=2.6 m_adv_std=30.4849 m_kl_max=0.0171 m_ratio_max=0.663 w_ax@goal=+0.89 w_v@goal=14.97 return=996.7 length=80 success_rate=1.00 collisions/ep=0.35 (n=26)
update=133 global_step=272384 SPS=686 w_ev=0.795 m_ev=0.991 m_v_bias=-0.6 m_adv_std=15.7629 m_kl_max=0.0130 m_ratio_max=0.567 w_ax@goal=+0.83 w_v@goal=14.87 return=999.8 length=78 success_rate=1.00 collisions/ep=0.23 (n=26)
update=134 global_step=274432 SPS=688 w_ev=0.786 m_ev=0.980 m_v_bias=-0.0 m_adv_std=23.4600 m_kl_max=0.0281 m_ratio_max=1.067 w_ax@goal=+0.96 w_v@goal=14.82 return=995.6 length=79 success_rate=1.00 collisions/ep=0.32 (n=25)
update=135 global_step=276480 SPS=690 w_ev=0.797 m_ev=0.999 m_v_bias=-3.3 m_adv_std=4.6421 m_kl_max=0.0181 m_ratio_max=0.663 w_ax@goal=+0.85 w_v@goal=14.91 return=1011.7 length=81 success_rate=1.00 collisions/ep=0.00 (n=26)
Evaluation at update 135: return=1012.06, length=78.60, success_rate=1.00, collisions/ep=0.00
Solved-check at update 135: solved=True worst_gap=1.47 at p_x0=2.00 p_y0=1.00 (consecutive=9)
update=136 global_step=278528 SPS=683 w_ev=0.724 m_ev=0.998 m_v_bias=0.1 m_adv_std=6.8206 m_kl_max=0.0090 m_ratio_max=0.655 w_ax@goal=+0.72 w_v@goal=14.89 return=1010.0 length=81 success_rate=1.00 collisions/ep=0.04 (n=25)
update=137 global_step=280576 SPS=685 w_ev=0.715 m_ev=0.977 m_v_bias=7.4 m_adv_std=26.6211 m_kl_max=0.0118 m_ratio_max=0.614 w_ax@goal=+0.77 w_v@goal=14.78 return=1003.6 length=79 success_rate=1.00 collisions/ep=0.15 (n=26)
update=138 global_step=282624 SPS=687 w_ev=0.802 m_ev=0.993 m_v_bias=-3.1 m_adv_std=13.7550 m_kl_max=0.0229 m_ratio_max=0.833 w_ax@goal=+0.73 w_v@goal=14.91 return=989.4 length=81 success_rate=1.00 collisions/ep=0.44 (n=25)
update=139 global_step=284672 SPS=689 w_ev=0.772 m_ev=0.996 m_v_bias=-1.8 m_adv_std=10.1394 m_kl_max=0.0160 m_ratio_max=0.832 w_ax@goal=+0.68 w_v@goal=14.79 return=1001.5 length=81 success_rate=1.00 collisions/ep=0.20 (n=25)
update=140 global_step=286720 SPS=690 w_ev=0.830 m_ev=0.997 m_v_bias=-1.0 m_adv_std=9.3750 m_kl_max=0.0175 m_ratio_max=0.574 w_ax@goal=+0.60 w_v@goal=14.83 return=1007.4 length=80 success_rate=1.00 collisions/ep=0.08 (n=26)
Evaluation at update 140: return=1012.17, length=78.50, success_rate=1.00, collisions/ep=0.00
Solved-check at update 140: solved=True worst_gap=1.06 at p_x0=0.00 p_y0=1.00 (consecutive=10)
update=141 global_step=288768 SPS=684 w_ev=0.838 m_ev=0.995 m_v_bias=-2.1 m_adv_std=12.4754 m_kl_max=0.0092 m_ratio_max=0.504 w_ax@goal=+0.74 w_v@goal=14.91 return=1002.7 length=80 success_rate=1.00 collisions/ep=0.19 (n=27)
update=142 global_step=290816 SPS=685 w_ev=0.804 m_ev=0.999 m_v_bias=-2.3 m_adv_std=6.1913 m_kl_max=0.0109 m_ratio_max=0.843 w_ax@goal=+0.75 w_v@goal=14.89 return=1011.8 length=79 success_rate=1.00 collisions/ep=0.00 (n=25)
update=143 global_step=292864 SPS=687 w_ev=0.774 m_ev=0.995 m_v_bias=1.7 m_adv_std=11.9898 m_kl_max=0.0156 m_ratio_max=0.461 w_ax@goal=+0.77 w_v@goal=14.93 return=1005.8 length=80 success_rate=1.00 collisions/ep=0.12 (n=24)
update=144 global_step=294912 SPS=689 w_ev=0.746 m_ev=0.981 m_v_bias=6.1 m_adv_std=23.9874 m_kl_max=0.0088 m_ratio_max=0.541 w_ax@goal=+0.69 w_v@goal=14.80 return=994.2 length=81 success_rate=1.00 collisions/ep=0.39 (n=28)
update=145 global_step=296960 SPS=691 w_ev=0.781 m_ev=0.990 m_v_bias=-3.1 m_adv_std=16.5817 m_kl_max=0.0205 m_ratio_max=0.658 w_ax@goal=+0.88 w_v@goal=14.79 return=1000.2 length=80 success_rate=1.00 collisions/ep=0.24 (n=25)
Evaluation at update 145: return=1012.38, length=78.25, success_rate=1.00, collisions/ep=0.00
Solved-check at update 145: solved=True worst_gap=0.94 at p_x0=0.50 p_y0=1.00 (consecutive=11)
update=146 global_step=299008 SPS=683 w_ev=0.775 m_ev=0.997 m_v_bias=-5.1 m_adv_std=9.0754 m_kl_max=0.0164 m_ratio_max=0.766 w_ax@goal=+0.77 w_v@goal=14.95 return=1006.4 length=79 success_rate=1.00 collisions/ep=0.11 (n=27)
update=147 global_step=301056 SPS=685 w_ev=0.782 m_ev=0.996 m_v_bias=-0.2 m_adv_std=9.8681 m_kl_max=0.0180 m_ratio_max=1.056 w_ax@goal=+0.74 w_v@goal=14.88 return=1005.9 length=78 success_rate=1.00 collisions/ep=0.16 (n=25)
update=148 global_step=303104 SPS=687 w_ev=0.765 m_ev=0.986 m_v_bias=0.8 m_adv_std=19.7773 m_kl_max=0.0208 m_ratio_max=0.579 w_ax@goal=+0.74 w_v@goal=14.82 return=1011.7 length=79 success_rate=1.00 collisions/ep=0.00 (n=26)
update=149 global_step=305152 SPS=688 w_ev=0.823 m_ev=0.998 m_v_bias=-3.0 m_adv_std=7.6115 m_kl_max=0.0304 m_ratio_max=1.069 w_ax@goal=+0.82 w_v@goal=14.94 return=1001.9 length=80 success_rate=1.00 collisions/ep=0.20 (n=25)
update=150 global_step=307200 SPS=690 w_ev=0.856 m_ev=0.999 m_v_bias=-1.3 m_adv_std=5.9485 m_kl_max=0.0100 m_ratio_max=0.809 w_ax@goal=+0.78 w_v@goal=14.93 return=1012.1 length=80 success_rate=1.00 collisions/ep=0.00 (n=25)
Evaluation at update 150: return=1012.22, length=78.50, success_rate=1.00, collisions/ep=0.00
Solved-check at update 150: solved=True worst_gap=1.12 at p_x0=0.00 p_y0=1.00 (consecutive=12)
update=151 global_step=309248 SPS=684 w_ev=0.779 m_ev=0.998 m_v_bias=0.4 m_adv_std=6.6817 m_kl_max=0.0116 m_ratio_max=0.386 w_ax@goal=+0.66 w_v@goal=14.94 return=1008.3 length=81 success_rate=1.00 collisions/ep=0.08 (n=26)
update=152 global_step=311296 SPS=685 w_ev=0.740 m_ev=0.990 m_v_bias=7.5 m_adv_std=16.3775 m_kl_max=0.0166 m_ratio_max=0.670 w_ax@goal=+0.78 w_v@goal=14.88 return=996.3 length=78 success_rate=1.00 collisions/ep=0.37 (n=27)
update=153 global_step=313344 SPS=687 w_ev=0.816 m_ev=0.997 m_v_bias=-3.4 m_adv_std=8.5951 m_kl_max=0.0183 m_ratio_max=0.571 w_ax@goal=+0.84 w_v@goal=14.84 return=1009.6 length=78 success_rate=1.00 collisions/ep=0.04 (n=26)
update=154 global_step=315392 SPS=689 w_ev=0.834 m_ev=0.998 m_v_bias=-2.4 m_adv_std=7.7682 m_kl_max=0.0142 m_ratio_max=0.612 w_ax@goal=+1.01 w_v@goal=14.82 return=1006.1 length=80 success_rate=1.00 collisions/ep=0.12 (n=26)
update=155 global_step=317440 SPS=690 w_ev=0.830 m_ev=0.991 m_v_bias=3.0 m_adv_std=15.0885 m_kl_max=0.0214 m_ratio_max=0.851 w_ax@goal=+0.95 w_v@goal=14.86 return=1001.8 length=81 success_rate=1.00 collisions/ep=0.25 (n=24)
Evaluation at update 155: return=1012.18, length=78.50, success_rate=1.00, collisions/ep=0.00
Solved-check at update 155: solved=True worst_gap=1.30 at p_x0=2.00 p_y0=1.00 (consecutive=13)
update=156 global_step=319488 SPS=684 w_ev=0.831 m_ev=0.995 m_v_bias=0.1 m_adv_std=12.1217 m_kl_max=0.0153 m_ratio_max=0.594 w_ax@goal=+0.79 w_v@goal=14.82 return=1006.3 length=79 success_rate=1.00 collisions/ep=0.14 (n=28)
update=157 global_step=321536 SPS=685 w_ev=0.856 m_ev=0.998 m_v_bias=0.0 m_adv_std=7.8012 m_kl_max=0.0273 m_ratio_max=0.609 w_ax@goal=+0.86 w_v@goal=14.93 return=1009.6 length=81 success_rate=1.00 collisions/ep=0.04 (n=24)
update=158 global_step=323584 SPS=687 w_ev=0.851 m_ev=0.998 m_v_bias=-0.4 m_adv_std=7.3824 m_kl_max=0.0211 m_ratio_max=1.055 w_ax@goal=+0.82 w_v@goal=14.96 return=1009.3 length=79 success_rate=1.00 collisions/ep=0.04 (n=26)
update=159 global_step=325632 SPS=689 w_ev=0.824 m_ev=0.993 m_v_bias=1.2 m_adv_std=13.9487 m_kl_max=0.0103 m_ratio_max=0.412 w_ax@goal=+0.76 w_v@goal=14.90 return=1005.4 length=80 success_rate=1.00 collisions/ep=0.12 (n=25)
update=160 global_step=327680 SPS=690 w_ev=0.808 m_ev=0.969 m_v_bias=6.1 m_adv_std=29.8777 m_kl_max=0.0116 m_ratio_max=0.784 w_ax@goal=+0.78 w_v@goal=14.93 return=1002.3 length=80 success_rate=1.00 collisions/ep=0.19 (n=26)
Evaluation at update 160: return=1012.22, length=78.50, success_rate=1.00, collisions/ep=0.00
Solved-check at update 160: solved=True worst_gap=1.08 at p_x0=0.00 p_y0=1.00 (consecutive=14)
update=161 global_step=329728 SPS=684 w_ev=0.820 m_ev=0.997 m_v_bias=5.3 m_adv_std=9.2675 m_kl_max=0.0184 m_ratio_max=0.886 w_ax@goal=+0.68 w_v@goal=14.84 return=1000.5 length=78 success_rate=1.00 collisions/ep=0.21 (n=28)
update=162 global_step=331776 SPS=686 w_ev=0.852 m_ev=0.997 m_v_bias=-0.1 m_adv_std=8.9856 m_kl_max=0.0126 m_ratio_max=0.785 w_ax@goal=+0.88 w_v@goal=14.90 return=1008.0 length=79 success_rate=1.00 collisions/ep=0.12 (n=25)
update=163 global_step=333824 SPS=687 w_ev=0.862 m_ev=1.000 m_v_bias=-0.1 m_adv_std=3.6126 m_kl_max=0.0120 m_ratio_max=0.521 w_ax@goal=+0.71 w_v@goal=14.87 return=1009.9 length=78 success_rate=1.00 collisions/ep=0.04 (n=27)
update=164 global_step=335872 SPS=689 w_ev=0.829 m_ev=0.991 m_v_bias=2.8 m_adv_std=16.1003 m_kl_max=0.0158 m_ratio_max=0.776 w_ax@goal=+0.74 w_v@goal=14.81 return=997.3 length=81 success_rate=1.00 collisions/ep=0.29 (n=24)
update=165 global_step=337920 SPS=690 w_ev=0.820 m_ev=0.995 m_v_bias=-2.3 m_adv_std=11.8535 m_kl_max=0.0092 m_ratio_max=0.412 w_ax@goal=+0.76 w_v@goal=14.85 return=1006.2 length=79 success_rate=1.00 collisions/ep=0.11 (n=27)
Evaluation at update 165: return=1012.42, length=78.25, success_rate=1.00, collisions/ep=0.00
Solved-check at update 165: solved=True worst_gap=0.99 at p_x0=0.00 p_y0=1.00 (consecutive=15)
update=166 global_step=339968 SPS=684 w_ev=0.810 m_ev=0.996 m_v_bias=-0.9 m_adv_std=10.1695 m_kl_max=0.0116 m_ratio_max=0.562 w_ax@goal=+0.76 w_v@goal=14.90 return=1000.5 length=82 success_rate=1.00 collisions/ep=0.24 (n=25)
update=167 global_step=342016 SPS=686 w_ev=0.746 m_ev=0.998 m_v_bias=-1.6 m_adv_std=8.0225 m_kl_max=0.0105 m_ratio_max=0.359 w_ax@goal=+0.79 w_v@goal=14.98 return=1008.0 length=80 success_rate=1.00 collisions/ep=0.08 (n=24)
update=168 global_step=344064 SPS=687 w_ev=0.790 m_ev=0.991 m_v_bias=3.8 m_adv_std=15.9268 m_kl_max=0.0083 m_ratio_max=0.381 w_ax@goal=+0.78 w_v@goal=15.03 return=997.8 length=81 success_rate=1.00 collisions/ep=0.28 (n=25)
update=169 global_step=346112 SPS=689 w_ev=0.828 m_ev=0.997 m_v_bias=-2.0 m_adv_std=8.4244 m_kl_max=0.0257 m_ratio_max=0.747 w_ax@goal=+0.50 w_v@goal=15.03 return=1009.2 length=79 success_rate=1.00 collisions/ep=0.04 (n=26)
update=170 global_step=348160 SPS=690 w_ev=0.819 m_ev=0.997 m_v_bias=-0.9 m_adv_std=8.8706 m_kl_max=0.0105 m_ratio_max=0.544 w_ax@goal=+0.72 w_v@goal=14.94 return=1006.2 length=80 success_rate=1.00 collisions/ep=0.11 (n=27)
Evaluation at update 170: return=1012.40, length=78.25, success_rate=1.00, collisions/ep=0.00
Solved-check at update 170: solved=True worst_gap=0.95 at p_x0=0.00 p_y0=1.00 (consecutive=16)
update=171 global_step=350208 SPS=684 w_ev=0.784 m_ev=0.999 m_v_bias=-1.4 m_adv_std=5.5268 m_kl_max=0.0098 m_ratio_max=0.449 w_ax@goal=+0.73 w_v@goal=14.95 return=1011.7 length=80 success_rate=1.00 collisions/ep=0.00 (n=26)
update=172 global_step=352256 SPS=685 w_ev=0.780 m_ev=0.993 m_v_bias=2.4 m_adv_std=13.5672 m_kl_max=0.0119 m_ratio_max=0.468 w_ax@goal=+0.71 w_v@goal=14.98 return=1005.9 length=80 success_rate=1.00 collisions/ep=0.12 (n=25)
update=173 global_step=354304 SPS=687 w_ev=0.830 m_ev=0.996 m_v_bias=-1.1 m_adv_std=10.3014 m_kl_max=0.0366 m_ratio_max=0.689 w_ax@goal=+0.65 w_v@goal=14.85 return=1011.6 length=80 success_rate=1.00 collisions/ep=0.00 (n=25)
update=174 global_step=356352 SPS=688 w_ev=0.789 m_ev=0.993 m_v_bias=-1.1 m_adv_std=13.4682 m_kl_max=0.0323 m_ratio_max=1.148 w_ax@goal=+0.68 w_v@goal=14.81 return=1000.8 length=79 success_rate=1.00 collisions/ep=0.22 (n=27)
update=175 global_step=358400 SPS=689 w_ev=0.763 m_ev=0.996 m_v_bias=-4.5 m_adv_std=10.3717 m_kl_max=0.0236 m_ratio_max=0.511 w_ax@goal=+0.87 w_v@goal=14.88 return=1008.6 length=80 success_rate=1.00 collisions/ep=0.08 (n=25)
Evaluation at update 175: return=1012.61, length=78.05, success_rate=1.00, collisions/ep=0.00
Solved-check at update 175: solved=True worst_gap=0.62 at p_x0=0.00 p_y0=1.00 (consecutive=17)
update=176 global_step=360448 SPS=684 w_ev=0.771 m_ev=0.996 m_v_bias=-1.1 m_adv_std=9.9461 m_kl_max=0.0100 m_ratio_max=0.794 w_ax@goal=+0.67 w_v@goal=14.88 return=1008.5 length=80 success_rate=1.00 collisions/ep=0.08 (n=26)
update=177 global_step=362496 SPS=686 w_ev=0.715 m_ev=0.942 m_v_bias=2.7 m_adv_std=42.3293 m_kl_max=0.0137 m_ratio_max=0.623 w_ax@goal=+0.79 w_v@goal=14.93 return=1012.4 length=79 success_rate=1.00 collisions/ep=0.00 (n=25)
update=178 global_step=364544 SPS=687 w_ev=0.822 m_ev=0.994 m_v_bias=-5.0 m_adv_std=12.7363 m_kl_max=0.0110 m_ratio_max=0.366 w_ax@goal=+0.77 w_v@goal=14.91 return=990.1 length=79 success_rate=1.00 collisions/ep=0.48 (n=27)
update=179 global_step=366592 SPS=688 w_ev=0.783 m_ev=0.989 m_v_bias=-0.8 m_adv_std=17.5381 m_kl_max=0.0074 m_ratio_max=0.394 w_ax@goal=+0.81 w_v@goal=15.05 return=1004.9 length=78 success_rate=1.00 collisions/ep=0.15 (n=27)
update=180 global_step=368640 SPS=690 w_ev=0.759 m_ev=0.975 m_v_bias=3.8 m_adv_std=26.8125 m_kl_max=0.0061 m_ratio_max=0.398 w_ax@goal=+0.80 w_v@goal=14.98 return=996.1 length=78 success_rate=1.00 collisions/ep=0.32 (n=25)
Evaluation at update 180: return=1012.71, length=78.00, success_rate=1.00, collisions/ep=0.00
Solved-check at update 180: solved=True worst_gap=0.54 at p_x0=0.00 p_y0=1.00 (consecutive=18)
update=181 global_step=370688 SPS=684 w_ev=0.770 m_ev=0.997 m_v_bias=-2.1 m_adv_std=8.7010 m_kl_max=0.0204 m_ratio_max=0.500 w_ax@goal=+0.67 w_v@goal=14.87 return=1008.4 length=79 success_rate=1.00 collisions/ep=0.08 (n=26)
update=182 global_step=372736 SPS=685 w_ev=0.786 m_ev=0.995 m_v_bias=0.4 m_adv_std=11.4101 m_kl_max=0.0124 m_ratio_max=0.472 w_ax@goal=+0.73 w_v@goal=14.88 return=1004.3 length=78 success_rate=1.00 collisions/ep=0.16 (n=25)
update=183 global_step=374784 SPS=687 w_ev=0.705 m_ev=0.929 m_v_bias=8.3 m_adv_std=48.0002 m_kl_max=0.0173 m_ratio_max=0.626 w_ax@goal=+0.75 w_v@goal=14.94 return=984.1 length=80 success_rate=1.00 collisions/ep=0.57 (n=28)
update=184 global_step=376832 SPS=688 w_ev=0.765 m_ev=0.988 m_v_bias=-2.4 m_adv_std=18.1043 m_kl_max=0.0203 m_ratio_max=0.882 w_ax@goal=+0.76 w_v@goal=15.04 return=996.2 length=78 success_rate=1.00 collisions/ep=0.32 (n=25)
update=185 global_step=378880 SPS=689 w_ev=0.789 m_ev=0.996 m_v_bias=-2.8 m_adv_std=10.5329 m_kl_max=0.0181 m_ratio_max=0.659 w_ax@goal=+0.66 w_v@goal=15.00 return=1008.5 length=78 success_rate=1.00 collisions/ep=0.08 (n=26)
Evaluation at update 185: return=1012.74, length=77.90, success_rate=1.00, collisions/ep=0.00
Solved-check at update 185: solved=True worst_gap=0.49 at p_x0=0.00 p_y0=1.00 (consecutive=19)
update=186 global_step=380928 SPS=683 w_ev=0.809 m_ev=0.999 m_v_bias=-3.3 m_adv_std=4.3830 m_kl_max=0.0111 m_ratio_max=0.556 w_ax@goal=+0.74 w_v@goal=14.96 return=1012.5 length=79 success_rate=1.00 collisions/ep=0.00 (n=26)
update=187 global_step=382976 SPS=684 w_ev=0.804 m_ev=0.999 m_v_bias=0.1 m_adv_std=5.3231 m_kl_max=0.0085 m_ratio_max=0.495 w_ax@goal=+0.81 w_v@goal=14.83 return=1010.2 length=76 success_rate=1.00 collisions/ep=0.04 (n=28)
update=188 global_step=385024 SPS=686 w_ev=0.774 m_ev=0.969 m_v_bias=8.6 m_adv_std=29.9797 m_kl_max=0.0198 m_ratio_max=0.959 w_ax@goal=+0.82 w_v@goal=14.97 return=991.0 length=79 success_rate=1.00 collisions/ep=0.46 (n=26)
update=189 global_step=387072 SPS=687 w_ev=0.779 m_ev=0.972 m_v_bias=-4.5 m_adv_std=28.7928 m_kl_max=0.0038 m_ratio_max=0.329 w_ax@goal=+1.01 w_v@goal=14.97 return=998.3 length=80 success_rate=1.00 collisions/ep=0.29 (n=24)
update=190 global_step=389120 SPS=688 w_ev=0.740 m_ev=0.988 m_v_bias=2.6 m_adv_std=18.4981 m_kl_max=0.0182 m_ratio_max=0.750 w_ax@goal=+0.83 w_v@goal=14.92 return=1003.1 length=80 success_rate=1.00 collisions/ep=0.22 (n=27)
Evaluation at update 190: return=1012.80, length=77.80, success_rate=1.00, collisions/ep=0.00
Solved-check at update 190: solved=True worst_gap=0.41 at p_x0=0.00 p_y0=1.00 (consecutive=20)
update=191 global_step=391168 SPS=683 w_ev=0.788 m_ev=0.997 m_v_bias=-2.1 m_adv_std=9.3829 m_kl_max=0.0101 m_ratio_max=0.518 w_ax@goal=+0.93 w_v@goal=14.85 return=1008.9 length=80 success_rate=1.00 collisions/ep=0.08 (n=25)
update=192 global_step=393216 SPS=684 w_ev=0.786 m_ev=0.979 m_v_bias=4.8 m_adv_std=25.2064 m_kl_max=0.0161 m_ratio_max=0.465 w_ax@goal=+1.02 w_v@goal=14.99 return=989.9 length=80 success_rate=1.00 collisions/ep=0.46 (n=26)
update=193 global_step=395264 SPS=685 w_ev=0.791 m_ev=0.996 m_v_bias=-2.3 m_adv_std=10.5342 m_kl_max=0.0128 m_ratio_max=0.463 w_ax@goal=+1.02 w_v@goal=15.03 return=1006.9 length=79 success_rate=1.00 collisions/ep=0.12 (n=26)
update=194 global_step=397312 SPS=686 w_ev=0.790 m_ev=0.997 m_v_bias=-3.6 m_adv_std=8.3538 m_kl_max=0.0224 m_ratio_max=0.833 w_ax@goal=+0.90 w_v@goal=14.96 return=1006.6 length=79 success_rate=1.00 collisions/ep=0.12 (n=25)
update=195 global_step=399360 SPS=688 w_ev=0.821 m_ev=0.996 m_v_bias=1.9 m_adv_std=9.6525 m_kl_max=0.0238 m_ratio_max=0.852 w_ax@goal=+0.94 w_v@goal=15.04 return=1006.8 length=79 success_rate=1.00 collisions/ep=0.15 (n=26)
Evaluation at update 195: return=1012.85, length=77.75, success_rate=1.00, collisions/ep=0.00
Solved-check at update 195: solved=True worst_gap=0.39 at p_x0=0.00 p_y0=1.00 (consecutive=21)
update=196 global_step=401408 SPS=683 w_ev=0.817 m_ev=0.996 m_v_bias=0.8 m_adv_std=10.5173 m_kl_max=0.0277 m_ratio_max=0.854 w_ax@goal=+0.83 w_v@goal=14.88 return=1005.6 length=78 success_rate=1.00 collisions/ep=0.14 (n=29)
update=197 global_step=403456 SPS=684 w_ev=0.799 m_ev=0.992 m_v_bias=2.9 m_adv_std=14.3666 m_kl_max=0.0177 m_ratio_max=1.044 w_ax@goal=+0.73 w_v@goal=15.01 return=999.9 length=78 success_rate=1.00 collisions/ep=0.25 (n=24)
update=198 global_step=405504 SPS=686 w_ev=0.844 m_ev=0.997 m_v_bias=-2.6 m_adv_std=9.5947 m_kl_max=0.0171 m_ratio_max=0.646 w_ax@goal=+0.63 w_v@goal=14.97 return=1005.1 length=78 success_rate=1.00 collisions/ep=0.15 (n=27)
update=199 global_step=407552 SPS=687 w_ev=0.779 m_ev=0.962 m_v_bias=10.6 m_adv_std=33.0281 m_kl_max=0.0121 m_ratio_max=0.629 w_ax@goal=+0.84 w_v@goal=14.97 return=998.7 length=80 success_rate=1.00 collisions/ep=0.26 (n=27)
update=200 global_step=409600 SPS=688 w_ev=0.804 m_ev=0.958 m_v_bias=-2.9 m_adv_std=35.1540 m_kl_max=0.0200 m_ratio_max=0.771 w_ax@goal=+0.92 w_v@goal=14.89 return=990.0 length=80 success_rate=1.00 collisions/ep=0.46 (n=24)
Evaluation at update 200: return=1012.85, length=77.80, success_rate=1.00, collisions/ep=0.00
Solved-check at update 200: solved=True worst_gap=0.42 at p_x0=0.00 p_y0=1.00 (consecutive=22)
update=201 global_step=411648 SPS=683 w_ev=0.829 m_ev=0.993 m_v_bias=-4.0 m_adv_std=13.8716 m_kl_max=0.0275 m_ratio_max=1.044 w_ax@goal=+0.99 w_v@goal=14.99 return=1003.0 length=78 success_rate=1.00 collisions/ep=0.23 (n=26)
update=202 global_step=413696 SPS=684 w_ev=0.857 m_ev=0.991 m_v_bias=2.7 m_adv_std=15.7692 m_kl_max=0.0129 m_ratio_max=0.576 w_ax@goal=+0.92 w_v@goal=14.99 return=1001.7 length=77 success_rate=1.00 collisions/ep=0.21 (n=28)
update=203 global_step=415744 SPS=685 w_ev=0.808 m_ev=0.996 m_v_bias=-4.1 m_adv_std=10.2348 m_kl_max=0.0216 m_ratio_max=1.295 w_ax@goal=+0.92 w_v@goal=14.98 return=1004.7 length=79 success_rate=1.00 collisions/ep=0.16 (n=25)
update=204 global_step=417792 SPS=687 w_ev=0.831 m_ev=0.999 m_v_bias=-1.9 m_adv_std=5.9686 m_kl_max=0.0076 m_ratio_max=0.305 w_ax@goal=+0.83 w_v@goal=14.89 return=1011.2 length=81 success_rate=1.00 collisions/ep=0.08 (n=26)
update=205 global_step=419840 SPS=688 w_ev=0.825 m_ev=1.000 m_v_bias=-0.1 m_adv_std=3.1906 m_kl_max=0.0105 m_ratio_max=0.632 w_ax@goal=+0.71 w_v@goal=14.97 return=1012.4 length=78 success_rate=1.00 collisions/ep=0.00 (n=25)
Evaluation at update 205: return=1012.91, length=77.75, success_rate=1.00, collisions/ep=0.00
Solved-check at update 205: solved=True worst_gap=0.30 at p_x0=0.00 p_y0=1.00 (consecutive=23)
update=206 global_step=421888 SPS=683 w_ev=0.829 m_ev=0.998 m_v_bias=0.9 m_adv_std=6.3321 m_kl_max=0.0140 m_ratio_max=0.446 w_ax@goal=+0.76 w_v@goal=15.01 return=1010.7 length=80 success_rate=1.00 collisions/ep=0.04 (n=24)
update=207 global_step=423936 SPS=684 w_ev=0.818 m_ev=0.995 m_v_bias=-0.2 m_adv_std=11.2455 m_kl_max=0.0117 m_ratio_max=0.494 w_ax@goal=+0.75 w_v@goal=14.94 return=1009.1 length=79 success_rate=1.00 collisions/ep=0.11 (n=28)
update=208 global_step=425984 SPS=685 w_ev=0.823 m_ev=0.999 m_v_bias=-1.1 m_adv_std=5.5514 m_kl_max=0.0085 m_ratio_max=0.366 w_ax@goal=+1.00 w_v@goal=14.97 return=1010.9 length=78 success_rate=1.00 collisions/ep=0.04 (n=27)
update=209 global_step=428032 SPS=687 w_ev=0.810 m_ev=0.994 m_v_bias=2.1 m_adv_std=12.7843 m_kl_max=0.0093 m_ratio_max=0.889 w_ax@goal=+0.83 w_v@goal=14.95 return=1004.4 length=77 success_rate=1.00 collisions/ep=0.16 (n=25)
update=210 global_step=430080 SPS=688 w_ev=0.846 m_ev=0.978 m_v_bias=5.8 m_adv_std=25.9615 m_kl_max=0.0088 m_ratio_max=0.872 w_ax@goal=+0.74 w_v@goal=15.12 return=984.7 length=77 success_rate=1.00 collisions/ep=0.56 (n=27)
Evaluation at update 210: return=1012.83, length=77.75, success_rate=1.00, collisions/ep=0.00
Solved-check at update 210: solved=True worst_gap=0.37 at p_x0=0.00 p_y0=1.00 (consecutive=24)
update=211 global_step=432128 SPS=683 w_ev=0.827 m_ev=0.984 m_v_bias=-3.4 m_adv_std=21.9468 m_kl_max=0.0151 m_ratio_max=0.856 w_ax@goal=+0.87 w_v@goal=15.11 return=997.7 length=80 success_rate=1.00 collisions/ep=0.31 (n=26)
update=212 global_step=434176 SPS=684 w_ev=0.839 m_ev=0.994 m_v_bias=-3.3 m_adv_std=12.5261 m_kl_max=0.0102 m_ratio_max=0.570 w_ax@goal=+0.54 w_v@goal=14.98 return=997.2 length=79 success_rate=1.00 collisions/ep=0.31 (n=26)
update=213 global_step=436224 SPS=685 w_ev=0.809 m_ev=0.996 m_v_bias=0.3 m_adv_std=10.5136 m_kl_max=0.0212 m_ratio_max=1.082 w_ax@goal=+0.92 w_v@goal=14.92 return=1006.6 length=79 success_rate=1.00 collisions/ep=0.12 (n=24)
update=214 global_step=438272 SPS=686 w_ev=0.854 m_ev=0.985 m_v_bias=-0.6 m_adv_std=20.7277 m_kl_max=0.0117 m_ratio_max=0.567 w_ax@goal=+0.54 w_v@goal=14.89 return=995.9 length=79 success_rate=1.00 collisions/ep=0.33 (n=27)
update=215 global_step=440320 SPS=688 w_ev=0.807 m_ev=0.990 m_v_bias=0.8 m_adv_std=16.8392 m_kl_max=0.0122 m_ratio_max=0.544 w_ax@goal=+0.83 w_v@goal=14.92 return=1012.7 length=80 success_rate=1.00 collisions/ep=0.00 (n=26)
Evaluation at update 215: return=1012.84, length=77.80, success_rate=1.00, collisions/ep=0.00
Solved-check at update 215: solved=True worst_gap=0.39 at p_x0=0.00 p_y0=1.00 (consecutive=25)
update=216 global_step=442368 SPS=683 w_ev=0.797 m_ev=0.996 m_v_bias=-0.6 m_adv_std=10.8752 m_kl_max=0.0132 m_ratio_max=0.462 w_ax@goal=+0.83 w_v@goal=15.01 return=1003.3 length=80 success_rate=1.00 collisions/ep=0.23 (n=26)
update=217 global_step=444416 SPS=684 w_ev=0.749 m_ev=0.958 m_v_bias=7.8 m_adv_std=34.2114 m_kl_max=0.0242 m_ratio_max=1.086 w_ax@goal=+0.75 w_v@goal=14.95 return=994.7 length=80 success_rate=1.00 collisions/ep=0.40 (n=25)
update=218 global_step=446464 SPS=685 w_ev=0.799 m_ev=0.998 m_v_bias=-6.3 m_adv_std=8.2214 m_kl_max=0.0202 m_ratio_max=0.539 w_ax@goal=+0.74 w_v@goal=14.81 return=1011.0 length=81 success_rate=1.00 collisions/ep=0.04 (n=27)
update=219 global_step=448512 SPS=687 w_ev=0.851 m_ev=0.998 m_v_bias=-1.2 m_adv_std=6.3393 m_kl_max=0.0080 m_ratio_max=0.321 w_ax@goal=+0.73 w_v@goal=14.92 return=1010.8 length=80 success_rate=1.00 collisions/ep=0.04 (n=24)
update=220 global_step=450560 SPS=688 w_ev=0.801 m_ev=0.980 m_v_bias=4.3 m_adv_std=23.7335 m_kl_max=0.0081 m_ratio_max=0.484 w_ax@goal=+0.68 w_v@goal=14.95 return=1000.4 length=79 success_rate=1.00 collisions/ep=0.23 (n=26)
Evaluation at update 220: return=1012.76, length=77.85, success_rate=1.00, collisions/ep=0.00
Solved-check at update 220: solved=True worst_gap=0.49 at p_x0=0.00 p_y0=1.00 (consecutive=26)
update=221 global_step=452608 SPS=683 w_ev=0.791 m_ev=0.994 m_v_bias=-2.3 m_adv_std=13.0437 m_kl_max=0.0137 m_ratio_max=0.701 w_ax@goal=+0.81 w_v@goal=14.96 return=1008.5 length=79 success_rate=1.00 collisions/ep=0.08 (n=26)
update=222 global_step=454656 SPS=685 w_ev=0.735 m_ev=0.993 m_v_bias=0.2 m_adv_std=13.9327 m_kl_max=0.0137 m_ratio_max=0.926 w_ax@goal=+0.79 w_v@goal=14.98 return=1002.9 length=80 success_rate=1.00 collisions/ep=0.19 (n=26)
update=223 global_step=456704 SPS=686 w_ev=0.775 m_ev=0.987 m_v_bias=1.1 m_adv_std=19.4113 m_kl_max=0.0164 m_ratio_max=0.775 w_ax@goal=+0.84 w_v@goal=15.05 return=999.3 length=80 success_rate=1.00 collisions/ep=0.27 (n=26)
update=224 global_step=458752 SPS=687 w_ev=0.724 m_ev=0.993 m_v_bias=-1.0 m_adv_std=13.3189 m_kl_max=0.0112 m_ratio_max=0.426 w_ax@goal=+0.70 w_v@goal=14.94 return=1002.2 length=78 success_rate=1.00 collisions/ep=0.20 (n=25)
update=225 global_step=460800 SPS=688 w_ev=0.757 m_ev=0.997 m_v_bias=1.1 m_adv_std=9.6801 m_kl_max=0.0336 m_ratio_max=0.801 w_ax@goal=+0.47 w_v@goal=14.95 return=1006.4 length=79 success_rate=1.00 collisions/ep=0.12 (n=25)
Evaluation at update 225: return=1012.75, length=77.80, success_rate=1.00, collisions/ep=0.00
Solved-check at update 225: solved=True worst_gap=0.48 at p_x0=0.00 p_y0=1.00 (consecutive=27)
update=226 global_step=462848 SPS=683 w_ev=0.701 m_ev=0.993 m_v_bias=4.6 m_adv_std=14.5996 m_kl_max=0.0067 m_ratio_max=0.499 w_ax@goal=+0.64 w_v@goal=15.00 return=1003.5 length=79 success_rate=1.00 collisions/ep=0.17 (n=29)
update=227 global_step=464896 SPS=684 w_ev=0.743 m_ev=0.996 m_v_bias=-3.5 m_adv_std=10.3691 m_kl_max=0.0069 m_ratio_max=0.537 w_ax@goal=+0.67 w_v@goal=15.01 return=1006.4 length=80 success_rate=1.00 collisions/ep=0.12 (n=24)
update=228 global_step=466944 SPS=685 w_ev=0.810 m_ev=0.997 m_v_bias=-1.5 m_adv_std=9.1229 m_kl_max=0.0072 m_ratio_max=0.617 w_ax@goal=+0.70 w_v@goal=15.05 return=1008.5 length=79 success_rate=1.00 collisions/ep=0.08 (n=25)
update=229 global_step=468992 SPS=686 w_ev=0.765 m_ev=0.988 m_v_bias=1.4 m_adv_std=18.2622 m_kl_max=0.0178 m_ratio_max=0.998 w_ax@goal=+0.75 w_v@goal=15.01 return=1003.4 length=79 success_rate=1.00 collisions/ep=0.19 (n=27)
update=230 global_step=471040 SPS=687 w_ev=0.712 m_ev=0.976 m_v_bias=2.5 m_adv_std=26.5927 m_kl_max=0.0414 m_ratio_max=1.277 w_ax@goal=+0.65 w_v@goal=14.92 return=995.1 length=78 success_rate=1.00 collisions/ep=0.35 (n=26)
Evaluation at update 230: return=1012.79, length=77.75, success_rate=1.00, collisions/ep=0.00
Solved-check at update 230: solved=True worst_gap=0.39 at p_x0=0.00 p_y0=-1.00 (consecutive=28)
update=231 global_step=473088 SPS=683 w_ev=0.777 m_ev=0.987 m_v_bias=0.5 m_adv_std=19.7959 m_kl_max=0.0200 m_ratio_max=1.530 w_ax@goal=+0.68 w_v@goal=14.94 return=998.7 length=79 success_rate=1.00 collisions/ep=0.28 (n=25)
update=232 global_step=475136 SPS=684 w_ev=0.793 m_ev=0.995 m_v_bias=-5.1 m_adv_std=11.7131 m_kl_max=0.0215 m_ratio_max=0.634 w_ax@goal=+0.70 w_v@goal=14.96 return=1003.4 length=79 success_rate=1.00 collisions/ep=0.19 (n=27)
update=233 global_step=477184 SPS=685 w_ev=0.728 m_ev=0.998 m_v_bias=-1.1 m_adv_std=7.8700 m_kl_max=0.0093 m_ratio_max=0.632 w_ax@goal=+0.74 w_v@goal=14.94 return=1006.6 length=78 success_rate=1.00 collisions/ep=0.12 (n=26)
update=234 global_step=479232 SPS=686 w_ev=0.728 m_ev=0.991 m_v_bias=0.9 m_adv_std=16.2068 m_kl_max=0.0093 m_ratio_max=0.442 w_ax@goal=+0.79 w_v@goal=14.97 return=1006.6 length=79 success_rate=1.00 collisions/ep=0.12 (n=25)
update=235 global_step=481280 SPS=687 w_ev=0.772 m_ev=0.988 m_v_bias=0.7 m_adv_std=18.4955 m_kl_max=0.0076 m_ratio_max=0.400 w_ax@goal=+0.85 w_v@goal=14.92 return=993.5 length=80 success_rate=1.00 collisions/ep=0.38 (n=26)
Evaluation at update 235: return=1012.82, length=77.75, success_rate=1.00, collisions/ep=0.00
Solved-check at update 235: solved=True worst_gap=0.36 at p_x0=0.00 p_y0=-1.00 (consecutive=29)
update=236 global_step=483328 SPS=683 w_ev=0.735 m_ev=0.962 m_v_bias=3.0 m_adv_std=34.2707 m_kl_max=0.0189 m_ratio_max=0.795 w_ax@goal=+0.70 w_v@goal=14.90 return=987.9 length=79 success_rate=1.00 collisions/ep=0.50 (n=26)
update=237 global_step=485376 SPS=684 w_ev=0.737 m_ev=0.976 m_v_bias=-0.7 m_adv_std=27.0734 m_kl_max=0.0279 m_ratio_max=1.233 w_ax@goal=+0.86 w_v@goal=14.97 return=997.6 length=80 success_rate=1.00 collisions/ep=0.31 (n=26)
update=238 global_step=487424 SPS=685 w_ev=0.808 m_ev=0.991 m_v_bias=0.6 m_adv_std=16.5758 m_kl_max=0.0103 m_ratio_max=0.503 w_ax@goal=+0.89 w_v@goal=14.99 return=989.7 length=80 success_rate=1.00 collisions/ep=0.46 (n=26)
update=239 global_step=489472 SPS=686 w_ev=0.826 m_ev=0.990 m_v_bias=-2.4 m_adv_std=16.3945 m_kl_max=0.0119 m_ratio_max=0.625 w_ax@goal=+0.81 w_v@goal=15.01 return=997.4 length=79 success_rate=1.00 collisions/ep=0.31 (n=26)
update=240 global_step=491520 SPS=687 w_ev=0.772 m_ev=0.965 m_v_bias=6.0 m_adv_std=33.6109 m_kl_max=0.0245 m_ratio_max=1.601 w_ax@goal=+0.75 w_v@goal=15.01 return=980.0 length=80 success_rate=1.00 collisions/ep=0.65 (n=26)
Evaluation at update 240: return=1012.80, length=77.75, success_rate=1.00, collisions/ep=0.00
Solved-check at update 240: solved=True worst_gap=0.40 at p_x0=0.00 p_y0=1.00 (consecutive=30)
update=241 global_step=493568 SPS=683 w_ev=0.761 m_ev=0.995 m_v_bias=-8.4 m_adv_std=11.9706 m_kl_max=0.0100 m_ratio_max=0.497 w_ax@goal=+0.87 w_v@goal=15.03 return=1006.8 length=77 success_rate=1.00 collisions/ep=0.11 (n=27)
update=242 global_step=495616 SPS=683 w_ev=0.802 m_ev=0.994 m_v_bias=-2.5 m_adv_std=12.2513 m_kl_max=0.0095 m_ratio_max=0.393 w_ax@goal=+0.78 w_v@goal=14.99 return=1010.4 length=78 success_rate=1.00 collisions/ep=0.04 (n=24)
update=243 global_step=497664 SPS=684 w_ev=0.768 m_ev=0.997 m_v_bias=-1.3 m_adv_std=8.4577 m_kl_max=0.0243 m_ratio_max=1.277 w_ax@goal=+0.74 w_v@goal=14.96 return=1003.4 length=80 success_rate=1.00 collisions/ep=0.19 (n=26)
update=244 global_step=499712 SPS=685 w_ev=0.821 m_ev=0.982 m_v_bias=6.3 m_adv_std=23.0439 m_kl_max=0.0109 m_ratio_max=0.780 w_ax@goal=+0.90 w_v@goal=14.94 return=1004.8 length=79 success_rate=1.00 collisions/ep=0.16 (n=25)
Saved checkpoints to C:\Users\loren\Desktop\MASTER THESIS\5_CODE\scenarios\slalom\studies\extrinsic_sweep\coef_0.015\runs\hppo_slalom_8_1790268032
