Using device: cpu
Solved-check: precomputed optimal returns for 25 fixed initial conditions (mean=1013.0, min=1011.0, max=1015.0); solved-tolerance=5.0
num_envs=8 num_steps_per_env=256 worker_batch_size=2048 worker_minibatch_size=256 num_updates=244 timesteps=499712 (requested 500000; 288 dropped by integer division)
update=1 global_step=2048 SPS=1080 w_ev=0.098 m_ev=0.001 m_v_bias=55.9 m_adv_std=200.6018 m_kl_max=0.0022 m_ratio_max=0.270 w_ax@goal=-0.12 w_v@goal=0.31 return=-253.0 length=186 success_rate=0.25 collisions/ep=6.75 (n=8)
update=2 global_step=4096 SPS=1123 w_ev=0.441 m_ev=0.450 m_v_bias=-62.4 m_adv_std=238.8063 m_kl_max=0.0013 m_ratio_max=0.214 w_ax@goal=+0.21 w_v@goal=2.37 return=148.2 length=163 success_rate=0.50 collisions/ep=4.75 (n=12)
update=3 global_step=6144 SPS=1107 w_ev=0.763 m_ev=0.750 m_v_bias=2.8 m_adv_std=138.5232 m_kl_max=0.0009 m_ratio_max=0.184 w_ax@goal=-0.12 w_v@goal=6.51 return=-168.4 length=183 success_rate=0.30 collisions/ep=6.10 (n=10)
update=4 global_step=8192 SPS=1112 w_ev=0.885 m_ev=0.728 m_v_bias=-21.9 m_adv_std=154.2229 m_kl_max=0.0006 m_ratio_max=0.162 w_ax@goal=+0.04 w_v@goal=8.82 return=-109.4 length=180 success_rate=0.33 collisions/ep=6.00 (n=12)
update=5 global_step=10240 SPS=1112 w_ev=0.915 m_ev=0.767 m_v_bias=-33.8 m_adv_std=173.5788 m_kl_max=0.0013 m_ratio_max=0.181 w_ax@goal=+0.19 w_v@goal=10.97 return=274.2 length=162 success_rate=0.64 collisions/ep=5.36 (n=14)
Evaluation at update 5: return=173.07, length=97.35, success_rate=1.00, collisions/ep=16.40
Solved-check at update 5: solved=False worst_gap=923.84 at p_x0=2.00 p_y0=1.00 (consecutive=0)
update=6 global_step=12288 SPS=682 w_ev=0.950 m_ev=0.808 m_v_bias=-98.1 m_adv_std=132.2098 m_kl_max=0.0018 m_ratio_max=0.250 w_ax@goal=+0.30 w_v@goal=12.73 return=444.6 length=142 success_rate=0.79 collisions/ep=5.50 (n=14)
update=7 global_step=14336 SPS=713 w_ev=0.952 m_ev=0.819 m_v_bias=-16.5 m_adv_std=129.6017 m_kl_max=0.0030 m_ratio_max=0.244 w_ax@goal=+0.50 w_v@goal=14.44 return=624.2 length=116 success_rate=0.95 collisions/ep=5.95 (n=20)
update=8 global_step=16384 SPS=738 w_ev=0.941 m_ev=0.888 m_v_bias=-60.9 m_adv_std=88.9674 m_kl_max=0.0073 m_ratio_max=0.355 w_ax@goal=+0.37 w_v@goal=14.58 return=804.9 length=96 success_rate=1.00 collisions/ep=3.81 (n=21)
update=9 global_step=18432 SPS=760 w_ev=0.934 m_ev=0.907 m_v_bias=-25.7 m_adv_std=72.4317 m_kl_max=0.0047 m_ratio_max=0.411 w_ax@goal=+0.47 w_v@goal=14.42 return=823.0 length=94 success_rate=1.00 collisions/ep=3.55 (n=22)
update=10 global_step=20480 SPS=786 w_ev=0.931 m_ev=0.882 m_v_bias=27.1 m_adv_std=87.6418 m_kl_max=0.0010 m_ratio_max=0.207 w_ax@goal=+0.52 w_v@goal=14.39 return=769.2 length=91 success_rate=1.00 collisions/ep=4.65 (n=23)
Evaluation at update 10: return=567.72, length=82.50, success_rate=1.00, collisions/ep=8.80
Solved-check at update 10: solved=False worst_gap=504.85 at p_x0=0.50 p_y0=0.00 (consecutive=0)
update=11 global_step=22528 SPS=668 w_ev=0.906 m_ev=0.848 m_v_bias=2.2 m_adv_std=98.2929 m_kl_max=0.0046 m_ratio_max=0.275 w_ax@goal=+0.79 w_v@goal=14.26 return=743.7 length=90 success_rate=1.00 collisions/ep=5.18 (n=22)
update=12 global_step=24576 SPS=693 w_ev=0.897 m_ev=0.907 m_v_bias=-20.5 m_adv_std=71.0110 m_kl_max=0.0105 m_ratio_max=0.887 w_ax@goal=+0.73 w_v@goal=14.66 return=820.2 length=89 success_rate=1.00 collisions/ep=3.65 (n=23)
update=13 global_step=26624 SPS=714 w_ev=0.881 m_ev=0.909 m_v_bias=-22.3 m_adv_std=62.8206 m_kl_max=0.0063 m_ratio_max=0.385 w_ax@goal=+0.54 w_v@goal=14.14 return=871.6 length=88 success_rate=1.00 collisions/ep=2.62 (n=24)
update=14 global_step=28672 SPS=732 w_ev=0.912 m_ev=0.912 m_v_bias=-7.1 m_adv_std=63.1903 m_kl_max=0.0008 m_ratio_max=0.201 w_ax@goal=+0.87 w_v@goal=14.13 return=885.1 length=86 success_rate=1.00 collisions/ep=2.50 (n=24)
update=15 global_step=30720 SPS=748 w_ev=0.904 m_ev=0.927 m_v_bias=-25.4 m_adv_std=53.4070 m_kl_max=0.0094 m_ratio_max=0.385 w_ax@goal=+0.83 w_v@goal=14.40 return=934.3 length=86 success_rate=1.00 collisions/ep=1.46 (n=24)
Evaluation at update 15: return=986.01, length=81.90, success_rate=1.00, collisions/ep=0.45
Solved-check at update 15: solved=False worst_gap=54.29 at p_x0=1.50 p_y0=0.50 (consecutive=0)
update=16 global_step=32768 SPS=673 w_ev=0.914 m_ev=0.943 m_v_bias=13.7 m_adv_std=47.5657 m_kl_max=0.0139 m_ratio_max=0.430 w_ax@goal=+0.72 w_v@goal=14.61 return=878.9 length=85 success_rate=1.00 collisions/ep=2.52 (n=23)
update=17 global_step=34816 SPS=689 w_ev=0.876 m_ev=0.926 m_v_bias=-4.9 m_adv_std=54.5695 m_kl_max=0.0169 m_ratio_max=0.873 w_ax@goal=+0.95 w_v@goal=14.60 return=915.8 length=87 success_rate=1.00 collisions/ep=1.83 (n=23)
update=18 global_step=36864 SPS=703 w_ev=0.912 m_ev=0.957 m_v_bias=-3.2 m_adv_std=41.2913 m_kl_max=0.0285 m_ratio_max=1.493 w_ax@goal=+0.80 w_v@goal=14.39 return=911.7 length=86 success_rate=1.00 collisions/ep=1.92 (n=24)
update=19 global_step=38912 SPS=716 w_ev=0.862 m_ev=0.915 m_v_bias=11.5 m_adv_std=57.7905 m_kl_max=0.0128 m_ratio_max=0.486 w_ax@goal=+0.81 w_v@goal=14.41 return=893.7 length=84 success_rate=1.00 collisions/ep=2.40 (n=25)
update=20 global_step=40960 SPS=728 w_ev=0.901 m_ev=0.950 m_v_bias=-23.9 m_adv_std=42.3419 m_kl_max=0.0111 m_ratio_max=0.667 w_ax@goal=+0.82 w_v@goal=14.41 return=928.1 length=81 success_rate=1.00 collisions/ep=1.62 (n=26)
Evaluation at update 20: return=1010.54, length=80.05, success_rate=1.00, collisions/ep=0.00
Solved-check at update 20: solved=False worst_gap=52.44 at p_x0=2.00 p_y0=-1.00 (consecutive=0)
update=21 global_step=43008 SPS=675 w_ev=0.897 m_ev=0.938 m_v_bias=-6.6 m_adv_std=44.6167 m_kl_max=0.0106 m_ratio_max=0.610 w_ax@goal=+0.80 w_v@goal=14.52 return=934.4 length=81 success_rate=1.00 collisions/ep=1.50 (n=24)
update=22 global_step=45056 SPS=689 w_ev=0.851 m_ev=0.910 m_v_bias=13.1 m_adv_std=59.1140 m_kl_max=0.0067 m_ratio_max=0.364 w_ax@goal=+0.72 w_v@goal=14.51 return=915.6 length=85 success_rate=1.00 collisions/ep=1.96 (n=24)
update=23 global_step=47104 SPS=700 w_ev=0.847 m_ev=0.919 m_v_bias=-5.3 m_adv_std=57.0122 m_kl_max=0.0218 m_ratio_max=0.717 w_ax@goal=+0.45 w_v@goal=14.29 return=928.3 length=83 success_rate=1.00 collisions/ep=1.60 (n=25)
update=24 global_step=49152 SPS=709 w_ev=0.826 m_ev=0.933 m_v_bias=-6.4 m_adv_std=49.8689 m_kl_max=0.0277 m_ratio_max=0.692 w_ax@goal=+0.91 w_v@goal=14.11 return=940.9 length=81 success_rate=1.00 collisions/ep=1.37 (n=27)
update=25 global_step=51200 SPS=718 w_ev=0.859 m_ev=0.961 m_v_bias=-14.6 m_adv_std=36.2463 m_kl_max=0.0118 m_ratio_max=0.367 w_ax@goal=+0.89 w_v@goal=14.62 return=949.3 length=81 success_rate=1.00 collisions/ep=1.21 (n=24)
Evaluation at update 25: return=1011.18, length=79.20, success_rate=1.00, collisions/ep=0.00
Solved-check at update 25: solved=True worst_gap=2.07 at p_x0=0.00 p_y0=-1.00 (consecutive=0)
update=26 global_step=53248 SPS=679 w_ev=0.845 m_ev=0.971 m_v_bias=-4.1 m_adv_std=30.0407 m_kl_max=0.0223 m_ratio_max=0.574 w_ax@goal=+0.66 w_v@goal=14.66 return=971.2 length=81 success_rate=1.00 collisions/ep=0.80 (n=25)
update=27 global_step=55296 SPS=686 w_ev=0.866 m_ev=0.934 m_v_bias=6.6 m_adv_std=46.7867 m_kl_max=0.0115 m_ratio_max=0.419 w_ax@goal=+0.93 w_v@goal=14.74 return=948.0 length=81 success_rate=1.00 collisions/ep=1.33 (n=24)
update=28 global_step=57344 SPS=695 w_ev=0.844 m_ev=0.938 m_v_bias=-2.7 m_adv_std=44.9347 m_kl_max=0.0106 m_ratio_max=0.443 w_ax@goal=+0.85 w_v@goal=14.64 return=979.7 length=80 success_rate=1.00 collisions/ep=0.62 (n=26)
update=29 global_step=59392 SPS=703 w_ev=0.866 m_ev=0.949 m_v_bias=-1.7 m_adv_std=41.8385 m_kl_max=0.0087 m_ratio_max=0.384 w_ax@goal=+0.93 w_v@goal=14.65 return=949.2 length=81 success_rate=1.00 collisions/ep=1.31 (n=29)
update=30 global_step=61440 SPS=711 w_ev=0.789 m_ev=0.964 m_v_bias=-6.5 m_adv_std=32.5761 m_kl_max=0.0171 m_ratio_max=0.539 w_ax@goal=+0.97 w_v@goal=14.70 return=985.8 length=81 success_rate=1.00 collisions/ep=0.50 (n=24)
Evaluation at update 30: return=1011.69, length=78.70, success_rate=1.00, collisions/ep=0.00
Solved-check at update 30: solved=True worst_gap=1.67 at p_x0=0.00 p_y0=-1.00 (consecutive=1)
Solved criterion held for 2 consecutive evals (tolerance=5.0) at global_step=61440.
update=31 global_step=63488 SPS=677 w_ev=0.852 m_ev=0.980 m_v_bias=-3.4 m_adv_std=24.8348 m_kl_max=0.0178 m_ratio_max=0.612 w_ax@goal=+0.83 w_v@goal=14.62 return=978.6 length=80 success_rate=1.00 collisions/ep=0.64 (n=25)
update=32 global_step=65536 SPS=684 w_ev=0.784 m_ev=0.914 m_v_bias=7.3 m_adv_std=52.8429 m_kl_max=0.0338 m_ratio_max=1.057 w_ax@goal=+1.05 w_v@goal=14.91 return=967.7 length=81 success_rate=1.00 collisions/ep=0.88 (n=24)
update=33 global_step=67584 SPS=692 w_ev=0.749 m_ev=0.970 m_v_bias=-1.4 m_adv_std=29.8816 m_kl_max=0.0085 m_ratio_max=0.442 w_ax@goal=+0.79 w_v@goal=14.87 return=967.2 length=79 success_rate=1.00 collisions/ep=0.96 (n=25)
update=34 global_step=69632 SPS=699 w_ev=0.781 m_ev=0.958 m_v_bias=-0.4 m_adv_std=37.3817 m_kl_max=0.0113 m_ratio_max=0.580 w_ax@goal=+0.93 w_v@goal=14.84 return=969.4 length=81 success_rate=1.00 collisions/ep=0.85 (n=26)
update=35 global_step=71680 SPS=706 w_ev=0.798 m_ev=0.933 m_v_bias=6.5 m_adv_std=47.3668 m_kl_max=0.0451 m_ratio_max=0.960 w_ax@goal=+0.82 w_v@goal=14.68 return=963.9 length=82 success_rate=1.00 collisions/ep=1.04 (n=25)
Evaluation at update 35: return=1012.15, length=78.25, success_rate=1.00, collisions/ep=0.00
Solved-check at update 35: solved=True worst_gap=1.00 at p_x0=0.00 p_y0=0.00 (consecutive=2)
update=36 global_step=73728 SPS=678 w_ev=0.730 m_ev=0.963 m_v_bias=-0.6 m_adv_std=35.7531 m_kl_max=0.0051 m_ratio_max=0.350 w_ax@goal=+0.92 w_v@goal=14.59 return=960.2 length=80 success_rate=1.00 collisions/ep=1.04 (n=27)
update=37 global_step=75776 SPS=685 w_ev=0.709 m_ev=0.958 m_v_bias=-3.1 m_adv_std=35.1558 m_kl_max=0.0223 m_ratio_max=0.622 w_ax@goal=+0.78 w_v@goal=14.69 return=981.9 length=81 success_rate=1.00 collisions/ep=0.60 (n=25)
update=38 global_step=77824 SPS=691 w_ev=0.741 m_ev=0.977 m_v_bias=9.2 m_adv_std=25.7908 m_kl_max=0.0138 m_ratio_max=0.720 w_ax@goal=+0.78 w_v@goal=14.69 return=967.8 length=81 success_rate=1.00 collisions/ep=0.92 (n=24)
update=39 global_step=79872 SPS=698 w_ev=0.778 m_ev=0.961 m_v_bias=7.8 m_adv_std=35.1517 m_kl_max=0.0109 m_ratio_max=0.900 w_ax@goal=+1.01 w_v@goal=14.77 return=953.3 length=81 success_rate=1.00 collisions/ep=1.16 (n=25)
update=40 global_step=81920 SPS=705 w_ev=0.829 m_ev=0.970 m_v_bias=-9.9 m_adv_std=29.9046 m_kl_max=0.0121 m_ratio_max=0.468 w_ax@goal=+0.88 w_v@goal=14.92 return=980.7 length=80 success_rate=1.00 collisions/ep=0.65 (n=26)
Evaluation at update 40: return=1012.08, length=78.25, success_rate=1.00, collisions/ep=0.00
Solved-check at update 40: solved=True worst_gap=0.99 at p_x0=0.50 p_y0=1.00 (consecutive=3)
update=41 global_step=83968 SPS=679 w_ev=0.781 m_ev=0.959 m_v_bias=6.5 m_adv_std=35.6075 m_kl_max=0.0197 m_ratio_max=0.650 w_ax@goal=+0.85 w_v@goal=14.80 return=964.8 length=79 success_rate=1.00 collisions/ep=0.96 (n=27)
update=42 global_step=86016 SPS=685 w_ev=0.637 m_ev=0.544 m_v_bias=34.7 m_adv_std=129.0618 m_kl_max=0.0049 m_ratio_max=0.288 w_ax@goal=+0.78 w_v@goal=14.85 return=978.4 length=80 success_rate=1.00 collisions/ep=0.67 (n=24)
update=43 global_step=88064 SPS=689 w_ev=0.812 m_ev=0.970 m_v_bias=-19.7 m_adv_std=28.3013 m_kl_max=0.0051 m_ratio_max=0.298 w_ax@goal=+0.99 w_v@goal=14.57 return=950.0 length=84 success_rate=0.96 collisions/ep=0.40 (n=25)
update=44 global_step=90112 SPS=694 w_ev=0.809 m_ev=0.972 m_v_bias=0.2 m_adv_std=28.1736 m_kl_max=0.0039 m_ratio_max=0.294 w_ax@goal=+0.72 w_v@goal=14.79 return=986.4 length=79 success_rate=1.00 collisions/ep=0.50 (n=26)
update=45 global_step=92160 SPS=699 w_ev=0.790 m_ev=0.969 m_v_bias=-0.7 m_adv_std=30.8704 m_kl_max=0.0039 m_ratio_max=0.335 w_ax@goal=+1.03 w_v@goal=14.82 return=974.8 length=80 success_rate=1.00 collisions/ep=0.74 (n=27)
Evaluation at update 45: return=1012.30, length=78.10, success_rate=1.00, collisions/ep=0.00
Solved-check at update 45: solved=True worst_gap=0.94 at p_x0=0.00 p_y0=-1.00 (consecutive=4)
update=46 global_step=94208 SPS=676 w_ev=0.743 m_ev=0.960 m_v_bias=0.1 m_adv_std=34.1345 m_kl_max=0.0189 m_ratio_max=0.590 w_ax@goal=+1.03 w_v@goal=14.80 return=986.1 length=79 success_rate=1.00 collisions/ep=0.52 (n=25)
update=47 global_step=96256 SPS=682 w_ev=0.791 m_ev=0.963 m_v_bias=-2.5 m_adv_std=33.1158 m_kl_max=0.0174 m_ratio_max=0.520 w_ax@goal=+1.01 w_v@goal=14.66 return=979.8 length=81 success_rate=1.00 collisions/ep=0.68 (n=25)
update=48 global_step=98304 SPS=687 w_ev=0.855 m_ev=0.983 m_v_bias=-2.9 m_adv_std=22.0835 m_kl_max=0.0075 m_ratio_max=0.333 w_ax@goal=+1.11 w_v@goal=14.74 return=990.1 length=79 success_rate=1.00 collisions/ep=0.44 (n=25)
update=49 global_step=100352 SPS=691 w_ev=0.878 m_ev=0.983 m_v_bias=-2.1 m_adv_std=22.1553 m_kl_max=0.0142 m_ratio_max=0.501 w_ax@goal=+0.96 w_v@goal=15.00 return=992.9 length=81 success_rate=1.00 collisions/ep=0.42 (n=26)
update=50 global_step=102400 SPS=696 w_ev=0.828 m_ev=0.990 m_v_bias=0.5 m_adv_std=16.6605 m_kl_max=0.0072 m_ratio_max=0.394 w_ax@goal=+1.15 w_v@goal=14.99 return=989.8 length=79 success_rate=1.00 collisions/ep=0.44 (n=25)
Evaluation at update 50: return=1012.35, length=78.00, success_rate=1.00, collisions/ep=0.00
Solved-check at update 50: solved=True worst_gap=0.86 at p_x0=0.00 p_y0=1.00 (consecutive=5)
update=51 global_step=104448 SPS=676 w_ev=0.827 m_ev=0.993 m_v_bias=-4.0 m_adv_std=13.9005 m_kl_max=0.0146 m_ratio_max=0.753 w_ax@goal=+1.26 w_v@goal=14.92 return=1000.9 length=79 success_rate=1.00 collisions/ep=0.33 (n=27)
update=52 global_step=106496 SPS=680 w_ev=0.846 m_ev=0.966 m_v_bias=7.4 m_adv_std=32.4053 m_kl_max=0.0177 m_ratio_max=0.525 w_ax@goal=+1.30 w_v@goal=14.94 return=981.7 length=79 success_rate=1.00 collisions/ep=0.62 (n=26)
update=53 global_step=108544 SPS=685 w_ev=0.823 m_ev=0.989 m_v_bias=-5.1 m_adv_std=17.5986 m_kl_max=0.0078 m_ratio_max=0.786 w_ax@goal=+1.38 w_v@goal=14.96 return=990.0 length=79 success_rate=1.00 collisions/ep=0.48 (n=27)
update=54 global_step=110592 SPS=689 w_ev=0.824 m_ev=0.986 m_v_bias=2.1 m_adv_std=20.4297 m_kl_max=0.0153 m_ratio_max=0.633 w_ax@goal=+1.40 w_v@goal=14.98 return=992.4 length=80 success_rate=1.00 collisions/ep=0.44 (n=25)
update=55 global_step=112640 SPS=694 w_ev=0.818 m_ev=0.989 m_v_bias=-0.4 m_adv_std=18.0271 m_kl_max=0.0196 m_ratio_max=0.886 w_ax@goal=+1.31 w_v@goal=14.94 return=998.4 length=79 success_rate=1.00 collisions/ep=0.28 (n=25)
Evaluation at update 55: return=1012.41, length=78.00, success_rate=1.00, collisions/ep=0.00
Solved-check at update 55: solved=True worst_gap=0.79 at p_x0=0.00 p_y0=1.00 (consecutive=6)
update=56 global_step=114688 SPS=677 w_ev=0.833 m_ev=0.990 m_v_bias=0.6 m_adv_std=16.6982 m_kl_max=0.0068 m_ratio_max=0.365 w_ax@goal=+1.26 w_v@goal=14.97 return=1004.1 length=78 success_rate=1.00 collisions/ep=0.15 (n=26)
update=57 global_step=116736 SPS=681 w_ev=0.915 m_ev=0.993 m_v_bias=-0.9 m_adv_std=13.6825 m_kl_max=0.0133 m_ratio_max=0.877 w_ax@goal=+1.28 w_v@goal=14.93 return=995.2 length=80 success_rate=1.00 collisions/ep=0.38 (n=26)
update=58 global_step=118784 SPS=685 w_ev=0.807 m_ev=0.982 m_v_bias=2.2 m_adv_std=22.4089 m_kl_max=0.0070 m_ratio_max=0.418 w_ax@goal=+1.47 w_v@goal=14.98 return=1004.8 length=79 success_rate=1.00 collisions/ep=0.15 (n=26)
update=59 global_step=120832 SPS=690 w_ev=0.825 m_ev=0.985 m_v_bias=1.2 m_adv_std=20.7260 m_kl_max=0.0159 m_ratio_max=0.483 w_ax@goal=+1.31 w_v@goal=14.88 return=996.5 length=78 success_rate=1.00 collisions/ep=0.32 (n=25)
update=60 global_step=122880 SPS=694 w_ev=0.868 m_ev=0.979 m_v_bias=2.0 m_adv_std=24.4199 m_kl_max=0.0055 m_ratio_max=0.366 w_ax@goal=+1.15 w_v@goal=14.90 return=985.5 length=80 success_rate=1.00 collisions/ep=0.54 (n=26)
Evaluation at update 60: return=1012.51, length=77.95, success_rate=1.00, collisions/ep=0.00
Solved-check at update 60: solved=True worst_gap=0.71 at p_x0=0.00 p_y0=1.00 (consecutive=7)
update=61 global_step=124928 SPS=678 w_ev=0.877 m_ev=0.989 m_v_bias=-1.0 m_adv_std=18.0137 m_kl_max=0.0196 m_ratio_max=0.575 w_ax@goal=+1.23 w_v@goal=14.85 return=991.4 length=82 success_rate=1.00 collisions/ep=0.42 (n=26)
update=62 global_step=126976 SPS=682 w_ev=0.835 m_ev=0.991 m_v_bias=-2.8 m_adv_std=15.9044 m_kl_max=0.0119 m_ratio_max=0.615 w_ax@goal=+1.21 w_v@goal=14.97 return=996.4 length=79 success_rate=1.00 collisions/ep=0.32 (n=25)
update=63 global_step=129024 SPS=686 w_ev=0.863 m_ev=0.993 m_v_bias=1.0 m_adv_std=13.8207 m_kl_max=0.0167 m_ratio_max=0.664 w_ax@goal=+1.32 w_v@goal=14.98 return=999.7 length=80 success_rate=1.00 collisions/ep=0.30 (n=27)
update=64 global_step=131072 SPS=691 w_ev=0.804 m_ev=0.987 m_v_bias=0.7 m_adv_std=19.2712 m_kl_max=0.0092 m_ratio_max=0.537 w_ax@goal=+1.34 w_v@goal=15.01 return=992.3 length=78 success_rate=1.00 collisions/ep=0.40 (n=25)
update=65 global_step=133120 SPS=695 w_ev=0.850 m_ev=0.994 m_v_bias=-4.0 m_adv_std=12.9432 m_kl_max=0.0089 m_ratio_max=0.625 w_ax@goal=+1.40 w_v@goal=14.88 return=1003.5 length=77 success_rate=1.00 collisions/ep=0.25 (n=28)
Evaluation at update 65: return=1012.74, length=77.80, success_rate=1.00, collisions/ep=0.00
Solved-check at update 65: solved=True worst_gap=0.44 at p_x0=0.00 p_y0=1.00 (consecutive=8)
update=66 global_step=135168 SPS=681 w_ev=0.827 m_ev=0.997 m_v_bias=-3.5 m_adv_std=8.3307 m_kl_max=0.0354 m_ratio_max=0.744 w_ax@goal=+1.24 w_v@goal=14.92 return=1008.6 length=79 success_rate=1.00 collisions/ep=0.08 (n=24)
update=67 global_step=137216 SPS=685 w_ev=0.851 m_ev=0.992 m_v_bias=2.8 m_adv_std=14.7877 m_kl_max=0.0375 m_ratio_max=0.845 w_ax@goal=+1.29 w_v@goal=14.98 return=1005.0 length=80 success_rate=1.00 collisions/ep=0.19 (n=26)
update=68 global_step=139264 SPS=689 w_ev=0.722 m_ev=0.977 m_v_bias=8.7 m_adv_std=25.4916 m_kl_max=0.0197 m_ratio_max=0.882 w_ax@goal=+1.25 w_v@goal=14.93 return=989.6 length=79 success_rate=1.00 collisions/ep=0.54 (n=28)
update=69 global_step=141312 SPS=692 w_ev=0.748 m_ev=0.990 m_v_bias=-4.6 m_adv_std=16.9523 m_kl_max=0.0093 m_ratio_max=0.510 w_ax@goal=+1.03 w_v@goal=14.92 return=996.8 length=79 success_rate=1.00 collisions/ep=0.36 (n=25)
update=70 global_step=143360 SPS=696 w_ev=0.697 m_ev=0.985 m_v_bias=-1.5 m_adv_std=19.7712 m_kl_max=0.0196 m_ratio_max=0.766 w_ax@goal=+1.18 w_v@goal=14.88 return=998.7 length=80 success_rate=1.00 collisions/ep=0.36 (n=25)
Evaluation at update 70: return=1012.68, length=77.85, success_rate=1.00, collisions/ep=0.00
Solved-check at update 70: solved=True worst_gap=0.53 at p_x0=0.00 p_y0=-1.00 (consecutive=9)
update=71 global_step=145408 SPS=681 w_ev=0.734 m_ev=0.990 m_v_bias=1.9 m_adv_std=17.1406 m_kl_max=0.0211 m_ratio_max=1.448 w_ax@goal=+1.09 w_v@goal=14.86 return=995.5 length=78 success_rate=1.00 collisions/ep=0.33 (n=27)
update=72 global_step=147456 SPS=684 w_ev=0.735 m_ev=0.977 m_v_bias=2.9 m_adv_std=26.2683 m_kl_max=0.0174 m_ratio_max=0.665 w_ax@goal=+1.04 w_v@goal=14.91 return=985.3 length=79 success_rate=1.00 collisions/ep=0.54 (n=26)
update=73 global_step=149504 SPS=687 w_ev=0.852 m_ev=0.997 m_v_bias=-9.2 m_adv_std=9.3423 m_kl_max=0.0300 m_ratio_max=1.553 w_ax@goal=+1.15 w_v@goal=14.98 return=1008.3 length=78 success_rate=1.00 collisions/ep=0.08 (n=24)
update=74 global_step=151552 SPS=690 w_ev=0.717 m_ev=0.994 m_v_bias=3.9 m_adv_std=12.9483 m_kl_max=0.0244 m_ratio_max=0.858 w_ax@goal=+0.91 w_v@goal=14.93 return=1008.5 length=79 success_rate=1.00 collisions/ep=0.08 (n=26)
update=75 global_step=153600 SPS=693 w_ev=0.677 m_ev=0.990 m_v_bias=3.2 m_adv_std=17.0135 m_kl_max=0.0164 m_ratio_max=0.722 w_ax@goal=+0.89 w_v@goal=14.85 return=999.8 length=78 success_rate=1.00 collisions/ep=0.32 (n=28)
Evaluation at update 75: return=1012.68, length=77.85, success_rate=1.00, collisions/ep=0.00
Solved-check at update 75: solved=False worst_gap=50.49 at p_x0=0.00 p_y0=1.00 (consecutive=10)
update=76 global_step=155648 SPS=679 w_ev=0.754 m_ev=0.989 m_v_bias=6.5 m_adv_std=17.4759 m_kl_max=0.0163 m_ratio_max=0.643 w_ax@goal=+0.97 w_v@goal=14.94 return=993.4 length=79 success_rate=1.00 collisions/ep=0.38 (n=26)
update=77 global_step=157696 SPS=683 w_ev=0.707 m_ev=0.968 m_v_bias=1.4 m_adv_std=29.6813 m_kl_max=0.0101 m_ratio_max=0.409 w_ax@goal=+0.70 w_v@goal=14.97 return=998.6 length=79 success_rate=1.00 collisions/ep=0.32 (n=25)
update=78 global_step=159744 SPS=686 w_ev=0.753 m_ev=0.990 m_v_bias=0.4 m_adv_std=16.3449 m_kl_max=0.0230 m_ratio_max=1.696 w_ax@goal=+0.48 w_v@goal=14.89 return=1002.4 length=80 success_rate=1.00 collisions/ep=0.19 (n=27)
update=79 global_step=161792 SPS=689 w_ev=0.753 m_ev=0.998 m_v_bias=-5.4 m_adv_std=7.2809 m_kl_max=0.0154 m_ratio_max=0.891 w_ax@goal=+0.63 w_v@goal=14.90 return=1010.1 length=80 success_rate=1.00 collisions/ep=0.04 (n=25)
update=80 global_step=163840 SPS=692 w_ev=0.655 m_ev=0.979 m_v_bias=5.6 m_adv_std=24.6039 m_kl_max=0.0310 m_ratio_max=0.837 w_ax@goal=+0.72 w_v@goal=14.88 return=988.6 length=79 success_rate=1.00 collisions/ep=0.52 (n=25)
Evaluation at update 80: return=1012.78, length=77.60, success_rate=1.00, collisions/ep=0.00
Solved-check at update 80: solved=False worst_gap=50.36 at p_x0=0.00 p_y0=1.00 (consecutive=0)
update=81 global_step=165888 SPS=680 w_ev=0.768 m_ev=0.995 m_v_bias=-6.8 m_adv_std=12.1020 m_kl_max=0.0213 m_ratio_max=0.961 w_ax@goal=+0.90 w_v@goal=14.89 return=1000.0 length=78 success_rate=1.00 collisions/ep=0.25 (n=28)
update=82 global_step=167936 SPS=683 w_ev=0.723 m_ev=0.977 m_v_bias=4.1 m_adv_std=25.4085 m_kl_max=0.0165 m_ratio_max=0.495 w_ax@goal=+0.91 w_v@goal=14.92 return=995.1 length=78 success_rate=1.00 collisions/ep=0.35 (n=26)
update=83 global_step=169984 SPS=686 w_ev=0.815 m_ev=0.994 m_v_bias=-2.1 m_adv_std=13.0179 m_kl_max=0.0141 m_ratio_max=0.435 w_ax@goal=+0.74 w_v@goal=14.96 return=1000.8 length=80 success_rate=1.00 collisions/ep=0.24 (n=25)
update=84 global_step=172032 SPS=689 w_ev=0.818 m_ev=0.998 m_v_bias=-3.0 m_adv_std=6.7648 m_kl_max=0.0060 m_ratio_max=0.466 w_ax@goal=+0.76 w_v@goal=14.95 return=1010.4 length=79 success_rate=1.00 collisions/ep=0.04 (n=27)
update=85 global_step=174080 SPS=692 w_ev=0.733 m_ev=0.988 m_v_bias=3.4 m_adv_std=18.0392 m_kl_max=0.0193 m_ratio_max=0.921 w_ax@goal=+0.91 w_v@goal=14.97 return=1000.9 length=77 success_rate=1.00 collisions/ep=0.23 (n=26)
Evaluation at update 85: return=1012.74, length=77.80, success_rate=1.00, collisions/ep=0.00
Solved-check at update 85: solved=True worst_gap=0.43 at p_x0=0.00 p_y0=1.00 (consecutive=0)
update=86 global_step=176128 SPS=681 w_ev=0.734 m_ev=0.995 m_v_bias=-1.3 m_adv_std=11.5097 m_kl_max=0.0199 m_ratio_max=0.690 w_ax@goal=+0.73 w_v@goal=14.97 return=1006.4 length=79 success_rate=1.00 collisions/ep=0.12 (n=25)
update=87 global_step=178176 SPS=684 w_ev=0.718 m_ev=0.976 m_v_bias=4.1 m_adv_std=26.8400 m_kl_max=0.0215 m_ratio_max=0.517 w_ax@goal=+0.87 w_v@goal=14.87 return=999.3 length=79 success_rate=1.00 collisions/ep=0.27 (n=26)
update=88 global_step=180224 SPS=687 w_ev=0.760 m_ev=0.986 m_v_bias=-5.5 m_adv_std=19.7626 m_kl_max=0.0111 m_ratio_max=0.618 w_ax@goal=+0.74 w_v@goal=14.94 return=990.5 length=80 success_rate=1.00 collisions/ep=0.44 (n=25)
update=89 global_step=182272 SPS=690 w_ev=0.623 m_ev=0.965 m_v_bias=6.1 m_adv_std=33.6381 m_kl_max=0.0099 m_ratio_max=0.438 w_ax@goal=+0.91 w_v@goal=14.90 return=982.9 length=80 success_rate=1.00 collisions/ep=0.59 (n=27)
update=90 global_step=184320 SPS=693 w_ev=0.831 m_ev=0.994 m_v_bias=-10.9 m_adv_std=13.2309 m_kl_max=0.0046 m_ratio_max=0.273 w_ax@goal=+1.19 w_v@goal=14.91 return=1010.7 length=78 success_rate=1.00 collisions/ep=0.04 (n=26)
Evaluation at update 90: return=1012.80, length=77.60, success_rate=1.00, collisions/ep=0.00
Solved-check at update 90: solved=True worst_gap=0.36 at p_x0=0.00 p_y0=1.00 (consecutive=1)
update=91 global_step=186368 SPS=682 w_ev=0.665 m_ev=0.962 m_v_bias=9.5 m_adv_std=34.4058 m_kl_max=0.0400 m_ratio_max=1.130 w_ax@goal=+1.05 w_v@goal=14.97 return=976.3 length=79 success_rate=1.00 collisions/ep=0.73 (n=26)
update=92 global_step=188416 SPS=685 w_ev=0.743 m_ev=0.980 m_v_bias=-1.9 m_adv_std=24.3760 m_kl_max=0.0110 m_ratio_max=0.532 w_ax@goal=+1.11 w_v@goal=15.05 return=988.5 length=78 success_rate=1.00 collisions/ep=0.48 (n=25)
update=93 global_step=190464 SPS=687 w_ev=0.755 m_ev=0.985 m_v_bias=-3.6 m_adv_std=20.5655 m_kl_max=0.0052 m_ratio_max=0.269 w_ax@goal=+1.00 w_v@goal=15.01 return=997.6 length=78 success_rate=1.00 collisions/ep=0.30 (n=27)
update=94 global_step=192512 SPS=690 w_ev=0.678 m_ev=0.982 m_v_bias=1.0 m_adv_std=23.3631 m_kl_max=0.0108 m_ratio_max=0.604 w_ax@goal=+1.01 w_v@goal=14.96 return=991.4 length=80 success_rate=1.00 collisions/ep=0.43 (n=28)
update=95 global_step=194560 SPS=693 w_ev=0.760 m_ev=0.994 m_v_bias=-6.0 m_adv_std=12.4968 m_kl_max=0.0117 m_ratio_max=0.577 w_ax@goal=+0.93 w_v@goal=15.00 return=1004.3 length=79 success_rate=1.00 collisions/ep=0.17 (n=24)
Evaluation at update 95: return=1012.78, length=77.60, success_rate=1.00, collisions/ep=0.00
Solved-check at update 95: solved=True worst_gap=0.37 at p_x0=0.00 p_y0=1.00 (consecutive=2)
update=96 global_step=196608 SPS=683 w_ev=0.736 m_ev=0.985 m_v_bias=-0.1 m_adv_std=20.0561 m_kl_max=0.0087 m_ratio_max=0.400 w_ax@goal=+0.78 w_v@goal=14.90 return=995.0 length=78 success_rate=1.00 collisions/ep=0.35 (n=26)
update=97 global_step=198656 SPS=685 w_ev=0.697 m_ev=0.983 m_v_bias=2.5 m_adv_std=21.2165 m_kl_max=0.0327 m_ratio_max=1.069 w_ax@goal=+0.82 w_v@goal=14.85 return=998.7 length=80 success_rate=1.00 collisions/ep=0.28 (n=25)
update=98 global_step=200704 SPS=687 w_ev=0.813 m_ev=0.985 m_v_bias=-3.7 m_adv_std=20.8309 m_kl_max=0.0059 m_ratio_max=0.428 w_ax@goal=+1.01 w_v@goal=14.93 return=999.3 length=80 success_rate=1.00 collisions/ep=0.31 (n=26)
update=99 global_step=202752 SPS=689 w_ev=0.765 m_ev=0.991 m_v_bias=-0.4 m_adv_std=15.8293 m_kl_max=0.0025 m_ratio_max=0.280 w_ax@goal=+1.11 w_v@goal=14.96 return=999.8 length=79 success_rate=1.00 collisions/ep=0.26 (n=27)
update=100 global_step=204800 SPS=692 w_ev=0.790 m_ev=0.996 m_v_bias=-2.5 m_adv_std=10.1345 m_kl_max=0.0125 m_ratio_max=0.439 w_ax@goal=+0.89 w_v@goal=14.96 return=1010.8 length=79 success_rate=1.00 collisions/ep=0.04 (n=25)
Evaluation at update 100: return=1012.80, length=77.60, success_rate=1.00, collisions/ep=0.00
Solved-check at update 100: solved=True worst_gap=0.36 at p_x0=0.00 p_y0=1.00 (consecutive=3)
update=101 global_step=206848 SPS=682 w_ev=0.636 m_ev=0.967 m_v_bias=4.3 m_adv_std=31.1206 m_kl_max=0.0139 m_ratio_max=0.792 w_ax@goal=+0.95 w_v@goal=14.90 return=991.5 length=78 success_rate=1.00 collisions/ep=0.42 (n=26)
update=102 global_step=208896 SPS=685 w_ev=0.790 m_ev=0.989 m_v_bias=1.2 m_adv_std=17.5920 m_kl_max=0.0086 m_ratio_max=0.471 w_ax@goal=+0.98 w_v@goal=14.93 return=993.5 length=80 success_rate=1.00 collisions/ep=0.38 (n=26)
update=103 global_step=210944 SPS=687 w_ev=0.873 m_ev=0.997 m_v_bias=-6.4 m_adv_std=8.6081 m_kl_max=0.0121 m_ratio_max=0.703 w_ax@goal=+0.80 w_v@goal=15.03 return=1008.6 length=78 success_rate=1.00 collisions/ep=0.08 (n=26)
update=104 global_step=212992 SPS=690 w_ev=0.792 m_ev=0.987 m_v_bias=0.7 m_adv_std=19.6025 m_kl_max=0.0154 m_ratio_max=0.726 w_ax@goal=+0.84 w_v@goal=14.96 return=1001.4 length=78 success_rate=1.00 collisions/ep=0.22 (n=27)
update=105 global_step=215040 SPS=692 w_ev=0.778 m_ev=0.997 m_v_bias=-2.3 m_adv_std=9.4868 m_kl_max=0.0158 m_ratio_max=0.653 w_ax@goal=+0.74 w_v@goal=14.93 return=1003.3 length=79 success_rate=1.00 collisions/ep=0.22 (n=27)
Evaluation at update 105: return=1012.75, length=77.80, success_rate=1.00, collisions/ep=0.00
Solved-check at update 105: solved=True worst_gap=0.44 at p_x0=0.00 p_y0=1.00 (consecutive=4)
update=106 global_step=217088 SPS=683 w_ev=0.760 m_ev=0.983 m_v_bias=3.0 m_adv_std=21.9169 m_kl_max=0.0440 m_ratio_max=0.761 w_ax@goal=+0.88 w_v@goal=14.95 return=1000.3 length=79 success_rate=1.00 collisions/ep=0.25 (n=24)
update=107 global_step=219136 SPS=685 w_ev=0.776 m_ev=0.987 m_v_bias=0.5 m_adv_std=19.3373 m_kl_max=0.0159 m_ratio_max=1.170 w_ax@goal=+0.80 w_v@goal=14.89 return=992.6 length=80 success_rate=1.00 collisions/ep=0.41 (n=27)
update=108 global_step=221184 SPS=688 w_ev=0.849 m_ev=0.996 m_v_bias=-2.0 m_adv_std=10.5260 m_kl_max=0.0138 m_ratio_max=0.762 w_ax@goal=+0.90 w_v@goal=14.93 return=1004.8 length=78 success_rate=1.00 collisions/ep=0.15 (n=26)
update=109 global_step=223232 SPS=690 w_ev=0.875 m_ev=0.996 m_v_bias=1.0 m_adv_std=11.1734 m_kl_max=0.0141 m_ratio_max=0.581 w_ax@goal=+0.89 w_v@goal=15.04 return=1007.1 length=79 success_rate=1.00 collisions/ep=0.12 (n=26)
update=110 global_step=225280 SPS=692 w_ev=0.803 m_ev=0.983 m_v_bias=6.4 m_adv_std=22.3541 m_kl_max=0.0162 m_ratio_max=0.634 w_ax@goal=+0.77 w_v@goal=15.03 return=995.4 length=79 success_rate=1.00 collisions/ep=0.35 (n=26)
Evaluation at update 110: return=1012.63, length=77.85, success_rate=1.00, collisions/ep=0.00
Solved-check at update 110: solved=True worst_gap=0.57 at p_x0=0.00 p_y0=-1.00 (consecutive=5)
update=111 global_step=227328 SPS=684 w_ev=0.824 m_ev=0.998 m_v_bias=-6.6 m_adv_std=8.0504 m_kl_max=0.0131 m_ratio_max=0.509 w_ax@goal=+0.76 w_v@goal=15.01 return=1010.6 length=80 success_rate=1.00 collisions/ep=0.04 (n=24)
update=112 global_step=229376 SPS=686 w_ev=0.812 m_ev=0.996 m_v_bias=0.8 m_adv_std=10.5241 m_kl_max=0.0120 m_ratio_max=0.443 w_ax@goal=+0.76 w_v@goal=14.97 return=1006.5 length=80 success_rate=1.00 collisions/ep=0.12 (n=25)
update=113 global_step=231424 SPS=689 w_ev=0.738 m_ev=0.977 m_v_bias=3.8 m_adv_std=25.8603 m_kl_max=0.0063 m_ratio_max=0.369 w_ax@goal=+0.74 w_v@goal=14.99 return=992.9 length=79 success_rate=1.00 collisions/ep=0.39 (n=28)
update=114 global_step=233472 SPS=691 w_ev=0.779 m_ev=0.981 m_v_bias=2.6 m_adv_std=23.9958 m_kl_max=0.0102 m_ratio_max=0.388 w_ax@goal=+0.71 w_v@goal=15.00 return=991.3 length=79 success_rate=1.00 collisions/ep=0.42 (n=26)
update=115 global_step=235520 SPS=693 w_ev=0.659 m_ev=0.936 m_v_bias=8.4 m_adv_std=46.7734 m_kl_max=0.0226 m_ratio_max=0.626 w_ax@goal=+0.78 w_v@goal=15.01 return=980.3 length=79 success_rate=1.00 collisions/ep=0.64 (n=25)
Evaluation at update 115: return=1012.56, length=77.90, success_rate=1.00, collisions/ep=0.00
Solved-check at update 115: solved=True worst_gap=0.70 at p_x0=0.00 p_y0=1.00 (consecutive=6)
update=116 global_step=237568 SPS=685 w_ev=0.737 m_ev=0.972 m_v_bias=-1.7 m_adv_std=29.2893 m_kl_max=0.0109 m_ratio_max=0.724 w_ax@goal=+0.99 w_v@goal=14.98 return=964.4 length=79 success_rate=1.00 collisions/ep=0.96 (n=26)
update=117 global_step=239616 SPS=687 w_ev=0.818 m_ev=0.993 m_v_bias=-13.4 m_adv_std=13.9416 m_kl_max=0.0109 m_ratio_max=0.515 w_ax@goal=+0.79 w_v@goal=14.96 return=1003.8 length=80 success_rate=1.00 collisions/ep=0.18 (n=28)
update=118 global_step=241664 SPS=689 w_ev=0.719 m_ev=0.985 m_v_bias=0.1 m_adv_std=20.2729 m_kl_max=0.0099 m_ratio_max=0.517 w_ax@goal=+0.96 w_v@goal=14.95 return=1002.2 length=80 success_rate=1.00 collisions/ep=0.21 (n=24)
update=119 global_step=243712 SPS=691 w_ev=0.862 m_ev=0.998 m_v_bias=-5.0 m_adv_std=7.2601 m_kl_max=0.0354 m_ratio_max=1.367 w_ax@goal=+0.85 w_v@goal=14.99 return=1010.4 length=79 success_rate=1.00 collisions/ep=0.04 (n=25)
update=120 global_step=245760 SPS=693 w_ev=0.772 m_ev=0.982 m_v_bias=5.4 m_adv_std=22.6893 m_kl_max=0.0170 m_ratio_max=0.893 w_ax@goal=+0.94 w_v@goal=15.07 return=1000.0 length=77 success_rate=1.00 collisions/ep=0.24 (n=29)
Evaluation at update 120: return=1012.57, length=77.90, success_rate=1.00, collisions/ep=0.00
Solved-check at update 120: solved=True worst_gap=0.71 at p_x0=0.00 p_y0=1.00 (consecutive=7)
update=121 global_step=247808 SPS=684 w_ev=0.843 m_ev=0.996 m_v_bias=-1.9 m_adv_std=10.9675 m_kl_max=0.0171 m_ratio_max=0.655 w_ax@goal=+0.94 w_v@goal=15.08 return=1004.7 length=80 success_rate=1.00 collisions/ep=0.16 (n=25)
update=122 global_step=249856 SPS=686 w_ev=0.779 m_ev=0.975 m_v_bias=1.2 m_adv_std=26.5718 m_kl_max=0.0274 m_ratio_max=0.973 w_ax@goal=+0.84 w_v@goal=15.12 return=999.7 length=79 success_rate=1.00 collisions/ep=0.25 (n=24)
update=123 global_step=251904 SPS=688 w_ev=0.800 m_ev=0.993 m_v_bias=-0.2 m_adv_std=13.7366 m_kl_max=0.0096 m_ratio_max=0.445 w_ax@goal=+1.00 w_v@goal=15.06 return=1000.9 length=78 success_rate=1.00 collisions/ep=0.22 (n=27)
update=124 global_step=253952 SPS=690 w_ev=0.852 m_ev=0.998 m_v_bias=-2.2 m_adv_std=7.9607 m_kl_max=0.0089 m_ratio_max=0.594 w_ax@goal=+1.00 w_v@goal=15.00 return=1010.3 length=78 success_rate=1.00 collisions/ep=0.04 (n=25)
update=125 global_step=256000 SPS=692 w_ev=0.791 m_ev=0.990 m_v_bias=2.9 m_adv_std=16.3539 m_kl_max=0.0053 m_ratio_max=0.309 w_ax@goal=+0.96 w_v@goal=15.03 return=1004.9 length=79 success_rate=1.00 collisions/ep=0.15 (n=27)
Evaluation at update 125: return=1012.63, length=77.85, success_rate=1.00, collisions/ep=0.00
Solved-check at update 125: solved=True worst_gap=0.61 at p_x0=0.00 p_y0=1.00 (consecutive=8)
update=126 global_step=258048 SPS=684 w_ev=0.747 m_ev=0.986 m_v_bias=2.5 m_adv_std=20.1622 m_kl_max=0.0140 m_ratio_max=0.839 w_ax@goal=+0.96 w_v@goal=15.00 return=998.0 length=78 success_rate=1.00 collisions/ep=0.29 (n=28)
update=127 global_step=260096 SPS=686 w_ev=0.659 m_ev=0.936 m_v_bias=4.0 m_adv_std=45.2160 m_kl_max=0.0149 m_ratio_max=0.548 w_ax@goal=+0.88 w_v@goal=15.00 return=994.2 length=81 success_rate=1.00 collisions/ep=0.38 (n=24)
update=128 global_step=262144 SPS=687 w_ev=0.816 m_ev=0.991 m_v_bias=-6.5 m_adv_std=15.5650 m_kl_max=0.0129 m_ratio_max=0.523 w_ax@goal=+0.91 w_v@goal=15.05 return=981.1 length=78 success_rate=1.00 collisions/ep=0.62 (n=24)
update=129 global_step=264192 SPS=689 w_ev=0.778 m_ev=0.988 m_v_bias=2.9 m_adv_std=18.6060 m_kl_max=0.0143 m_ratio_max=0.911 w_ax@goal=+0.88 w_v@goal=15.04 return=1003.0 length=80 success_rate=1.00 collisions/ep=0.19 (n=26)
update=130 global_step=266240 SPS=691 w_ev=0.714 m_ev=0.977 m_v_bias=1.9 m_adv_std=26.6163 m_kl_max=0.0131 m_ratio_max=0.454 w_ax@goal=+0.93 w_v@goal=14.98 return=997.0 length=79 success_rate=1.00 collisions/ep=0.31 (n=29)
Evaluation at update 130: return=1012.73, length=77.80, success_rate=1.00, collisions/ep=0.00
Solved-check at update 130: solved=True worst_gap=0.48 at p_x0=0.00 p_y0=1.00 (consecutive=9)
update=131 global_step=268288 SPS=684 w_ev=0.800 m_ev=0.998 m_v_bias=-5.7 m_adv_std=7.7020 m_kl_max=0.0064 m_ratio_max=0.338 w_ax@goal=+0.94 w_v@goal=15.01 return=1010.3 length=77 success_rate=1.00 collisions/ep=0.04 (n=25)
update=132 global_step=270336 SPS=686 w_ev=0.744 m_ev=0.978 m_v_bias=3.2 m_adv_std=23.7359 m_kl_max=0.0215 m_ratio_max=0.657 w_ax@goal=+0.83 w_v@goal=15.05 return=1000.3 length=77 success_rate=1.00 collisions/ep=0.24 (n=25)
update=133 global_step=272384 SPS=688 w_ev=0.844 m_ev=0.992 m_v_bias=1.8 m_adv_std=15.7093 m_kl_max=0.0182 m_ratio_max=0.772 w_ax@goal=+0.81 w_v@goal=15.04 return=997.6 length=78 success_rate=1.00 collisions/ep=0.30 (n=27)
update=134 global_step=274432 SPS=689 w_ev=0.886 m_ev=0.996 m_v_bias=-3.6 m_adv_std=10.3466 m_kl_max=0.0253 m_ratio_max=0.729 w_ax@goal=+0.77 w_v@goal=15.01 return=1007.3 length=79 success_rate=1.00 collisions/ep=0.11 (n=28)
update=135 global_step=276480 SPS=691 w_ev=0.866 m_ev=0.995 m_v_bias=2.2 m_adv_std=10.9618 m_kl_max=0.0154 m_ratio_max=0.609 w_ax@goal=+0.63 w_v@goal=15.03 return=1006.2 length=78 success_rate=1.00 collisions/ep=0.12 (n=24)
Evaluation at update 135: return=1012.77, length=77.65, success_rate=1.00, collisions/ep=0.00
Solved-check at update 135: solved=True worst_gap=0.41 at p_x0=0.00 p_y0=1.00 (consecutive=10)
update=136 global_step=278528 SPS=684 w_ev=0.822 m_ev=0.996 m_v_bias=0.2 m_adv_std=10.0855 m_kl_max=0.0039 m_ratio_max=0.444 w_ax@goal=+0.63 w_v@goal=14.99 return=1005.1 length=80 success_rate=1.00 collisions/ep=0.15 (n=26)
update=137 global_step=280576 SPS=685 w_ev=0.818 m_ev=0.985 m_v_bias=1.7 m_adv_std=21.3301 m_kl_max=0.0084 m_ratio_max=0.362 w_ax@goal=+0.64 w_v@goal=14.97 return=1010.6 length=79 success_rate=1.00 collisions/ep=0.04 (n=27)
update=138 global_step=282624 SPS=687 w_ev=0.822 m_ev=0.995 m_v_bias=-3.9 m_adv_std=11.1673 m_kl_max=0.0104 m_ratio_max=0.654 w_ax@goal=+0.76 w_v@goal=14.98 return=996.8 length=80 success_rate=1.00 collisions/ep=0.32 (n=25)
update=139 global_step=284672 SPS=689 w_ev=0.834 m_ev=0.994 m_v_bias=0.7 m_adv_std=13.2222 m_kl_max=0.0185 m_ratio_max=0.752 w_ax@goal=+0.72 w_v@goal=15.05 return=1001.5 length=80 success_rate=1.00 collisions/ep=0.23 (n=26)
update=140 global_step=286720 SPS=691 w_ev=0.912 m_ev=0.998 m_v_bias=-3.3 m_adv_std=7.2117 m_kl_max=0.0101 m_ratio_max=0.402 w_ax@goal=+0.79 w_v@goal=14.99 return=1008.9 length=79 success_rate=1.00 collisions/ep=0.08 (n=26)
Evaluation at update 140: return=1012.86, length=77.50, success_rate=1.00, collisions/ep=0.00
Solved-check at update 140: solved=True worst_gap=0.29 at p_x0=0.00 p_y0=1.00 (consecutive=11)
update=141 global_step=288768 SPS=684 w_ev=0.862 m_ev=0.991 m_v_bias=1.6 m_adv_std=16.0976 m_kl_max=0.0208 m_ratio_max=0.722 w_ax@goal=+0.80 w_v@goal=15.03 return=1000.4 length=79 success_rate=1.00 collisions/ep=0.25 (n=24)
update=142 global_step=290816 SPS=685 w_ev=0.798 m_ev=0.994 m_v_bias=-1.5 m_adv_std=12.3917 m_kl_max=0.0165 m_ratio_max=0.485 w_ax@goal=+0.74 w_v@goal=15.07 return=1009.1 length=79 success_rate=1.00 collisions/ep=0.07 (n=28)
update=143 global_step=292864 SPS=687 w_ev=0.780 m_ev=0.993 m_v_bias=0.5 m_adv_std=14.2531 m_kl_max=0.0244 m_ratio_max=0.616 w_ax@goal=+1.03 w_v@goal=15.01 return=1007.3 length=81 success_rate=1.00 collisions/ep=0.12 (n=24)
update=144 global_step=294912 SPS=689 w_ev=0.870 m_ev=0.999 m_v_bias=-2.4 m_adv_std=5.8629 m_kl_max=0.0219 m_ratio_max=1.197 w_ax@goal=+0.87 w_v@goal=15.01 return=1007.2 length=79 success_rate=1.00 collisions/ep=0.12 (n=26)
update=145 global_step=296960 SPS=691 w_ev=0.856 m_ev=0.989 m_v_bias=3.5 m_adv_std=17.8734 m_kl_max=0.0098 m_ratio_max=0.440 w_ax@goal=+0.90 w_v@goal=15.04 return=1007.0 length=78 success_rate=1.00 collisions/ep=0.12 (n=26)
Evaluation at update 145: return=1012.88, length=77.40, success_rate=1.00, collisions/ep=0.00
Solved-check at update 145: solved=True worst_gap=0.26 at p_x0=0.00 p_y0=1.00 (consecutive=12)
update=146 global_step=299008 SPS=684 w_ev=0.893 m_ev=0.997 m_v_bias=-1.3 m_adv_std=8.9110 m_kl_max=0.0091 m_ratio_max=0.351 w_ax@goal=+0.87 w_v@goal=15.05 return=1003.8 length=79 success_rate=1.00 collisions/ep=0.19 (n=27)
update=147 global_step=301056 SPS=685 w_ev=0.744 m_ev=0.998 m_v_bias=0.2 m_adv_std=7.5731 m_kl_max=0.0217 m_ratio_max=0.634 w_ax@goal=+0.73 w_v@goal=15.02 return=1007.2 length=79 success_rate=1.00 collisions/ep=0.12 (n=26)
update=148 global_step=303104 SPS=687 w_ev=0.847 m_ev=0.993 m_v_bias=3.0 m_adv_std=14.2656 m_kl_max=0.0066 m_ratio_max=0.338 w_ax@goal=+0.68 w_v@goal=15.09 return=1002.3 length=76 success_rate=1.00 collisions/ep=0.20 (n=25)
update=149 global_step=305152 SPS=689 w_ev=0.815 m_ev=0.994 m_v_bias=-1.4 m_adv_std=12.6717 m_kl_max=0.0213 m_ratio_max=0.813 w_ax@goal=+0.70 w_v@goal=15.05 return=1007.1 length=77 success_rate=1.00 collisions/ep=0.11 (n=28)
update=150 global_step=307200 SPS=691 w_ev=0.764 m_ev=0.993 m_v_bias=-0.3 m_adv_std=14.1998 m_kl_max=0.0092 m_ratio_max=0.359 w_ax@goal=+0.90 w_v@goal=15.02 return=998.0 length=78 success_rate=1.00 collisions/ep=0.30 (n=27)
Evaluation at update 150: return=1012.90, length=77.40, success_rate=1.00, collisions/ep=0.00
Solved-check at update 150: solved=True worst_gap=0.24 at p_x0=0.00 p_y0=1.00 (consecutive=13)
update=151 global_step=309248 SPS=685 w_ev=0.826 m_ev=0.990 m_v_bias=2.3 m_adv_std=16.6552 m_kl_max=0.0138 m_ratio_max=0.529 w_ax@goal=+0.99 w_v@goal=15.02 return=1006.6 length=79 success_rate=1.00 collisions/ep=0.12 (n=25)
update=152 global_step=311296 SPS=686 w_ev=0.875 m_ev=0.994 m_v_bias=0.5 m_adv_std=12.1598 m_kl_max=0.0057 m_ratio_max=0.298 w_ax@goal=+1.03 w_v@goal=15.00 return=1006.8 length=78 success_rate=1.00 collisions/ep=0.12 (n=25)
update=153 global_step=313344 SPS=687 w_ev=0.866 m_ev=0.994 m_v_bias=0.7 m_adv_std=13.1666 m_kl_max=0.0273 m_ratio_max=0.909 w_ax@goal=+0.95 w_v@goal=15.03 return=1007.1 length=78 success_rate=1.00 collisions/ep=0.12 (n=26)
update=154 global_step=315392 SPS=689 w_ev=0.915 m_ev=0.999 m_v_bias=-2.5 m_adv_std=3.7783 m_kl_max=0.0098 m_ratio_max=0.408 w_ax@goal=+0.98 w_v@goal=15.04 return=1010.9 length=77 success_rate=1.00 collisions/ep=0.03 (n=29)
update=155 global_step=317440 SPS=690 w_ev=0.899 m_ev=0.996 m_v_bias=2.1 m_adv_std=9.8132 m_kl_max=0.0068 m_ratio_max=0.332 w_ax@goal=+1.03 w_v@goal=15.08 return=1007.0 length=78 success_rate=1.00 collisions/ep=0.12 (n=25)
Evaluation at update 155: return=1012.89, length=77.50, success_rate=1.00, collisions/ep=0.00
Solved-check at update 155: solved=True worst_gap=0.28 at p_x0=0.00 p_y0=1.00 (consecutive=14)
update=156 global_step=319488 SPS=684 w_ev=0.745 m_ev=0.968 m_v_bias=4.6 m_adv_std=29.3040 m_kl_max=0.0111 m_ratio_max=0.464 w_ax@goal=+1.11 w_v@goal=15.01 return=1001.1 length=79 success_rate=1.00 collisions/ep=0.24 (n=25)
update=157 global_step=321536 SPS=686 w_ev=0.826 m_ev=0.990 m_v_bias=2.5 m_adv_std=16.4679 m_kl_max=0.0035 m_ratio_max=0.317 w_ax@goal=+1.11 w_v@goal=15.04 return=1005.1 length=79 success_rate=1.00 collisions/ep=0.16 (n=25)
update=158 global_step=323584 SPS=687 w_ev=0.917 m_ev=0.999 m_v_bias=-4.9 m_adv_std=6.4641 m_kl_max=0.0094 m_ratio_max=0.500 w_ax@goal=+1.01 w_v@goal=15.03 return=1009.5 length=78 success_rate=1.00 collisions/ep=0.07 (n=29)
update=159 global_step=325632 SPS=689 w_ev=0.925 m_ev=0.998 m_v_bias=-0.2 m_adv_std=8.0170 m_kl_max=0.0055 m_ratio_max=0.306 w_ax@goal=+1.25 w_v@goal=15.06 return=1009.2 length=80 success_rate=1.00 collisions/ep=0.08 (n=25)
update=160 global_step=327680 SPS=690 w_ev=0.885 m_ev=0.995 m_v_bias=1.1 m_adv_std=11.2366 m_kl_max=0.0345 m_ratio_max=0.641 w_ax@goal=+1.22 w_v@goal=15.05 return=1004.9 length=78 success_rate=1.00 collisions/ep=0.16 (n=25)
Evaluation at update 160: return=1012.88, length=77.50, success_rate=1.00, collisions/ep=0.00
Solved-check at update 160: solved=True worst_gap=0.31 at p_x0=0.00 p_y0=1.00 (consecutive=15)
update=161 global_step=329728 SPS=684 w_ev=0.900 m_ev=0.996 m_v_bias=1.1 m_adv_std=10.3902 m_kl_max=0.0087 m_ratio_max=0.636 w_ax@goal=+1.28 w_v@goal=15.06 return=1005.7 length=79 success_rate=1.00 collisions/ep=0.15 (n=27)
update=162 global_step=331776 SPS=686 w_ev=0.919 m_ev=0.996 m_v_bias=-0.5 m_adv_std=9.9897 m_kl_max=0.0061 m_ratio_max=0.407 w_ax@goal=+1.35 w_v@goal=15.08 return=1007.4 length=80 success_rate=1.00 collisions/ep=0.12 (n=25)
update=163 global_step=333824 SPS=687 w_ev=0.765 m_ev=0.990 m_v_bias=0.9 m_adv_std=16.5318 m_kl_max=0.0146 m_ratio_max=0.589 w_ax@goal=+1.12 w_v@goal=15.06 return=1001.8 length=78 success_rate=1.00 collisions/ep=0.22 (n=27)
update=164 global_step=335872 SPS=689 w_ev=0.840 m_ev=0.989 m_v_bias=0.9 m_adv_std=17.7172 m_kl_max=0.0203 m_ratio_max=0.795 w_ax@goal=+1.08 w_v@goal=15.01 return=1003.4 length=77 success_rate=1.00 collisions/ep=0.19 (n=27)
update=165 global_step=337920 SPS=691 w_ev=0.686 m_ev=0.963 m_v_bias=2.8 m_adv_std=31.8424 m_kl_max=0.0098 m_ratio_max=0.457 w_ax@goal=+1.03 w_v@goal=15.07 return=1001.2 length=78 success_rate=1.00 collisions/ep=0.23 (n=26)
Evaluation at update 165: return=1012.87, length=77.55, success_rate=1.00, collisions/ep=0.00
Solved-check at update 165: solved=True worst_gap=0.32 at p_x0=0.00 p_y0=1.00 (consecutive=16)
update=166 global_step=339968 SPS=685 w_ev=0.841 m_ev=0.991 m_v_bias=-2.3 m_adv_std=15.6915 m_kl_max=0.0280 m_ratio_max=0.836 w_ax@goal=+0.94 w_v@goal=15.09 return=1003.0 length=78 success_rate=1.00 collisions/ep=0.20 (n=25)
update=167 global_step=342016 SPS=686 w_ev=0.907 m_ev=0.999 m_v_bias=-3.8 m_adv_std=3.7097 m_kl_max=0.0133 m_ratio_max=0.517 w_ax@goal=+1.02 w_v@goal=15.07 return=1012.7 length=78 success_rate=1.00 collisions/ep=0.00 (n=28)
update=168 global_step=344064 SPS=688 w_ev=0.896 m_ev=0.998 m_v_bias=1.4 m_adv_std=8.2137 m_kl_max=0.0105 m_ratio_max=0.463 w_ax@goal=+1.04 w_v@goal=15.07 return=1009.0 length=79 success_rate=1.00 collisions/ep=0.08 (n=25)
update=169 global_step=346112 SPS=689 w_ev=0.915 m_ev=1.000 m_v_bias=-0.3 m_adv_std=2.7783 m_kl_max=0.0285 m_ratio_max=1.709 w_ax@goal=+1.04 w_v@goal=15.07 return=1013.2 length=80 success_rate=1.00 collisions/ep=0.00 (n=25)
update=170 global_step=348160 SPS=691 w_ev=0.873 m_ev=0.998 m_v_bias=1.0 m_adv_std=7.9074 m_kl_max=0.0034 m_ratio_max=0.416 w_ax@goal=+1.12 w_v@goal=15.06 return=1009.2 length=80 success_rate=1.00 collisions/ep=0.08 (n=25)
Evaluation at update 170: return=1012.87, length=77.55, success_rate=1.00, collisions/ep=0.00
Solved-check at update 170: solved=True worst_gap=0.34 at p_x0=0.00 p_y0=1.00 (consecutive=17)
update=171 global_step=350208 SPS=685 w_ev=0.841 m_ev=0.997 m_v_bias=0.8 m_adv_std=8.6364 m_kl_max=0.0035 m_ratio_max=0.312 w_ax@goal=+1.10 w_v@goal=15.02 return=1007.6 length=77 success_rate=1.00 collisions/ep=0.10 (n=29)
update=172 global_step=352256 SPS=687 w_ev=0.791 m_ev=0.988 m_v_bias=3.3 m_adv_std=18.5341 m_kl_max=0.0072 m_ratio_max=0.295 w_ax@goal=+0.96 w_v@goal=15.05 return=1005.5 length=80 success_rate=1.00 collisions/ep=0.15 (n=26)
update=173 global_step=354304 SPS=688 w_ev=0.838 m_ev=0.989 m_v_bias=4.6 m_adv_std=17.5001 m_kl_max=0.0300 m_ratio_max=0.796 w_ax@goal=+0.89 w_v@goal=15.04 return=994.6 length=81 success_rate=1.00 collisions/ep=0.38 (n=24)
update=174 global_step=356352 SPS=690 w_ev=0.875 m_ev=0.997 m_v_bias=-5.2 m_adv_std=9.1303 m_kl_max=0.0042 m_ratio_max=0.358 w_ax@goal=+1.02 w_v@goal=15.04 return=1009.1 length=79 success_rate=1.00 collisions/ep=0.08 (n=25)
update=175 global_step=358400 SPS=691 w_ev=0.858 m_ev=0.989 m_v_bias=2.6 m_adv_std=17.4160 m_kl_max=0.0203 m_ratio_max=0.577 w_ax@goal=+1.05 w_v@goal=15.04 return=1001.7 length=78 success_rate=1.00 collisions/ep=0.22 (n=27)
Evaluation at update 175: return=1012.88, length=77.55, success_rate=1.00, collisions/ep=0.00
Solved-check at update 175: solved=True worst_gap=0.32 at p_x0=0.00 p_y0=1.00 (consecutive=18)
update=176 global_step=360448 SPS=685 w_ev=0.814 m_ev=0.984 m_v_bias=0.3 m_adv_std=20.7136 m_kl_max=0.0053 m_ratio_max=0.326 w_ax@goal=+1.03 w_v@goal=15.05 return=1002.9 length=78 success_rate=1.00 collisions/ep=0.20 (n=25)
update=177 global_step=362496 SPS=686 w_ev=0.818 m_ev=0.994 m_v_bias=-1.7 m_adv_std=12.2339 m_kl_max=0.0195 m_ratio_max=0.924 w_ax@goal=+1.08 w_v@goal=14.99 return=1007.1 length=79 success_rate=1.00 collisions/ep=0.12 (n=26)
update=178 global_step=364544 SPS=688 w_ev=0.885 m_ev=1.000 m_v_bias=-1.7 m_adv_std=3.1418 m_kl_max=0.0098 m_ratio_max=0.397 w_ax@goal=+1.07 w_v@goal=15.03 return=1012.8 length=78 success_rate=1.00 collisions/ep=0.00 (n=27)
update=179 global_step=366592 SPS=689 w_ev=0.897 m_ev=0.997 m_v_bias=1.8 m_adv_std=9.3091 m_kl_max=0.0063 m_ratio_max=0.521 w_ax@goal=+0.95 w_v@goal=15.03 return=1007.1 length=79 success_rate=1.00 collisions/ep=0.12 (n=26)
update=180 global_step=368640 SPS=691 w_ev=0.791 m_ev=0.978 m_v_bias=4.0 m_adv_std=25.5820 m_kl_max=0.0113 m_ratio_max=0.580 w_ax@goal=+0.88 w_v@goal=15.02 return=997.9 length=79 success_rate=1.00 collisions/ep=0.30 (n=27)
Evaluation at update 180: return=1012.87, length=77.55, success_rate=1.00, collisions/ep=0.00
Solved-check at update 180: solved=True worst_gap=0.33 at p_x0=0.00 p_y0=1.00 (consecutive=19)
update=181 global_step=370688 SPS=685 w_ev=0.816 m_ev=0.984 m_v_bias=2.1 m_adv_std=20.9135 m_kl_max=0.0082 m_ratio_max=0.394 w_ax@goal=+1.02 w_v@goal=15.00 return=1005.3 length=81 success_rate=1.00 collisions/ep=0.16 (n=25)
update=182 global_step=372736 SPS=686 w_ev=0.863 m_ev=0.997 m_v_bias=-2.7 m_adv_std=8.6533 m_kl_max=0.0069 m_ratio_max=0.556 w_ax@goal=+0.89 w_v@goal=15.02 return=1009.1 length=78 success_rate=1.00 collisions/ep=0.08 (n=26)
update=183 global_step=374784 SPS=688 w_ev=0.905 m_ev=0.998 m_v_bias=-0.3 m_adv_std=6.4137 m_kl_max=0.0187 m_ratio_max=0.801 w_ax@goal=+1.06 w_v@goal=15.03 return=1010.8 length=78 success_rate=1.00 collisions/ep=0.04 (n=25)
update=184 global_step=376832 SPS=689 w_ev=0.885 m_ev=0.991 m_v_bias=2.6 m_adv_std=16.1326 m_kl_max=0.0129 m_ratio_max=0.501 w_ax@goal=+0.98 w_v@goal=15.02 return=1003.7 length=78 success_rate=1.00 collisions/ep=0.18 (n=28)
update=185 global_step=378880 SPS=691 w_ev=0.891 m_ev=0.999 m_v_bias=-1.1 m_adv_std=4.1090 m_kl_max=0.0142 m_ratio_max=0.574 w_ax@goal=+0.87 w_v@goal=15.02 return=1013.0 length=80 success_rate=1.00 collisions/ep=0.00 (n=26)
Evaluation at update 185: return=1012.89, length=77.45, success_rate=1.00, collisions/ep=0.00
Solved-check at update 185: solved=True worst_gap=0.30 at p_x0=0.00 p_y0=1.00 (consecutive=20)
update=186 global_step=380928 SPS=685 w_ev=0.919 m_ev=0.998 m_v_bias=0.2 m_adv_std=7.4835 m_kl_max=0.0098 m_ratio_max=0.324 w_ax@goal=+1.02 w_v@goal=15.01 return=1009.0 length=79 success_rate=1.00 collisions/ep=0.08 (n=25)
update=187 global_step=382976 SPS=686 w_ev=0.932 m_ev=1.000 m_v_bias=-1.0 m_adv_std=2.3228 m_kl_max=0.0029 m_ratio_max=0.344 w_ax@goal=+1.07 w_v@goal=15.05 return=1013.2 length=79 success_rate=1.00 collisions/ep=0.00 (n=24)
update=188 global_step=385024 SPS=688 w_ev=0.824 m_ev=0.988 m_v_bias=2.7 m_adv_std=17.4624 m_kl_max=0.0136 m_ratio_max=0.654 w_ax@goal=+0.93 w_v@goal=15.02 return=1003.2 length=79 success_rate=1.00 collisions/ep=0.19 (n=26)
update=189 global_step=387072 SPS=689 w_ev=0.914 m_ev=1.000 m_v_bias=-0.9 m_adv_std=3.0651 m_kl_max=0.0027 m_ratio_max=0.284 w_ax@goal=+0.81 w_v@goal=15.00 return=1012.9 length=78 success_rate=1.00 collisions/ep=0.00 (n=29)
update=190 global_step=389120 SPS=690 w_ev=0.875 m_ev=1.000 m_v_bias=0.2 m_adv_std=2.7934 m_kl_max=0.0131 m_ratio_max=0.634 w_ax@goal=+0.76 w_v@goal=15.00 return=1012.8 length=79 success_rate=1.00 collisions/ep=0.00 (n=26)
Evaluation at update 190: return=1012.89, length=77.35, success_rate=1.00, collisions/ep=0.00
Solved-check at update 190: solved=True worst_gap=0.27 at p_x0=0.00 p_y0=1.00 (consecutive=21)
update=191 global_step=391168 SPS=685 w_ev=0.865 m_ev=0.990 m_v_bias=1.2 m_adv_std=16.1713 m_kl_max=0.0185 m_ratio_max=0.585 w_ax@goal=+0.75 w_v@goal=15.00 return=1007.0 length=79 success_rate=1.00 collisions/ep=0.12 (n=25)
update=192 global_step=393216 SPS=687 w_ev=0.888 m_ev=0.999 m_v_bias=-0.2 m_adv_std=5.9935 m_kl_max=0.0145 m_ratio_max=0.527 w_ax@goal=+1.01 w_v@goal=15.02 return=1011.1 length=80 success_rate=1.00 collisions/ep=0.04 (n=25)
update=193 global_step=395264 SPS=688 w_ev=0.915 m_ev=0.995 m_v_bias=0.9 m_adv_std=10.9561 m_kl_max=0.0111 m_ratio_max=0.457 w_ax@goal=+0.92 w_v@goal=15.00 return=1009.0 length=79 success_rate=1.00 collisions/ep=0.08 (n=25)
update=194 global_step=397312 SPS=689 w_ev=0.903 m_ev=0.999 m_v_bias=-0.7 m_adv_std=6.3551 m_kl_max=0.0122 m_ratio_max=0.656 w_ax@goal=+0.94 w_v@goal=15.00 return=1011.0 length=79 success_rate=1.00 collisions/ep=0.03 (n=29)
update=195 global_step=399360 SPS=690 w_ev=0.958 m_ev=1.000 m_v_bias=-2.1 m_adv_std=2.2795 m_kl_max=0.0091 m_ratio_max=0.348 w_ax@goal=+0.84 w_v@goal=15.01 return=1011.0 length=78 success_rate=1.00 collisions/ep=0.04 (n=25)
Evaluation at update 195: return=1012.96, length=77.35, success_rate=1.00, collisions/ep=0.00
Solved-check at update 195: solved=True worst_gap=0.18 at p_x0=0.00 p_y0=1.00 (consecutive=22)
update=196 global_step=401408 SPS=685 w_ev=0.911 m_ev=1.000 m_v_bias=-0.9 m_adv_std=2.3683 m_kl_max=0.0046 m_ratio_max=0.323 w_ax@goal=+1.02 w_v@goal=15.03 return=1013.3 length=80 success_rate=1.00 collisions/ep=0.00 (n=25)
update=197 global_step=403456 SPS=687 w_ev=0.923 m_ev=0.998 m_v_bias=1.2 m_adv_std=8.0382 m_kl_max=0.0077 m_ratio_max=0.422 w_ax@goal=+1.09 w_v@goal=15.03 return=1009.4 length=81 success_rate=1.00 collisions/ep=0.08 (n=24)
update=198 global_step=405504 SPS=688 w_ev=0.886 m_ev=0.998 m_v_bias=1.1 m_adv_std=7.6052 m_kl_max=0.0090 m_ratio_max=0.533 w_ax@goal=+0.83 w_v@goal=15.00 return=1009.7 length=80 success_rate=1.00 collisions/ep=0.07 (n=27)
update=199 global_step=407552 SPS=689 w_ev=0.867 m_ev=1.000 m_v_bias=-1.0 m_adv_std=2.7995 m_kl_max=0.0084 m_ratio_max=0.422 w_ax@goal=+0.88 w_v@goal=15.01 return=1012.8 length=78 success_rate=1.00 collisions/ep=0.00 (n=27)
update=200 global_step=409600 SPS=691 w_ev=0.942 m_ev=1.000 m_v_bias=-2.0 m_adv_std=2.3758 m_kl_max=0.0077 m_ratio_max=0.414 w_ax@goal=+1.11 w_v@goal=15.00 return=1013.0 length=79 success_rate=1.00 collisions/ep=0.00 (n=25)
Evaluation at update 200: return=1012.92, length=77.35, success_rate=1.00, collisions/ep=0.00
Solved-check at update 200: solved=True worst_gap=0.24 at p_x0=0.00 p_y0=1.00 (consecutive=23)
update=201 global_step=411648 SPS=686 w_ev=0.951 m_ev=1.000 m_v_bias=0.5 m_adv_std=2.3043 m_kl_max=0.0086 m_ratio_max=0.344 w_ax@goal=+1.05 w_v@goal=15.02 return=1013.0 length=79 success_rate=1.00 collisions/ep=0.00 (n=26)
update=202 global_step=413696 SPS=687 w_ev=0.944 m_ev=1.000 m_v_bias=0.1 m_adv_std=1.9655 m_kl_max=0.0058 m_ratio_max=0.380 w_ax@goal=+0.99 w_v@goal=15.02 return=1013.1 length=79 success_rate=1.00 collisions/ep=0.00 (n=26)
update=203 global_step=415744 SPS=688 w_ev=0.929 m_ev=0.999 m_v_bias=0.3 m_adv_std=4.4377 m_kl_max=0.0197 m_ratio_max=0.741 w_ax@goal=+0.87 w_v@goal=14.99 return=1011.1 length=79 success_rate=1.00 collisions/ep=0.04 (n=25)
update=204 global_step=417792 SPS=690 w_ev=0.871 m_ev=0.997 m_v_bias=-0.0 m_adv_std=9.5538 m_kl_max=0.0128 m_ratio_max=0.416 w_ax@goal=+1.03 w_v@goal=15.01 return=1009.4 length=79 success_rate=1.00 collisions/ep=0.07 (n=27)
update=205 global_step=419840 SPS=691 w_ev=0.946 m_ev=0.999 m_v_bias=1.3 m_adv_std=6.0303 m_kl_max=0.0145 m_ratio_max=0.589 w_ax@goal=+0.94 w_v@goal=15.04 return=1010.9 length=77 success_rate=1.00 collisions/ep=0.04 (n=27)
Evaluation at update 205: return=1012.97, length=77.35, success_rate=1.00, collisions/ep=0.00
Solved-check at update 205: solved=True worst_gap=0.18 at p_x0=0.00 p_y0=1.00 (consecutive=24)
update=206 global_step=421888 SPS=687 w_ev=0.914 m_ev=0.994 m_v_bias=1.6 m_adv_std=12.6694 m_kl_max=0.0121 m_ratio_max=0.431 w_ax@goal=+0.99 w_v@goal=15.00 return=1011.1 length=78 success_rate=1.00 collisions/ep=0.04 (n=26)
update=207 global_step=423936 SPS=688 w_ev=0.878 m_ev=0.990 m_v_bias=-0.7 m_adv_std=16.5880 m_kl_max=0.0045 m_ratio_max=0.325 w_ax@goal=+1.01 w_v@goal=15.05 return=1003.4 length=78 success_rate=1.00 collisions/ep=0.19 (n=26)
update=208 global_step=425984 SPS=689 w_ev=0.946 m_ev=0.999 m_v_bias=-0.8 m_adv_std=5.5704 m_kl_max=0.0130 m_ratio_max=0.432 w_ax@goal=+1.00 w_v@goal=15.06 return=1013.0 length=78 success_rate=1.00 collisions/ep=0.00 (n=26)
update=209 global_step=428032 SPS=690 w_ev=0.850 m_ev=0.993 m_v_bias=2.6 m_adv_std=14.0150 m_kl_max=0.0069 m_ratio_max=0.377 w_ax@goal=+0.99 w_v@goal=15.03 return=1003.3 length=78 success_rate=1.00 collisions/ep=0.19 (n=26)
update=210 global_step=430080 SPS=691 w_ev=0.907 m_ev=0.995 m_v_bias=-0.2 m_adv_std=11.2663 m_kl_max=0.0181 m_ratio_max=1.132 w_ax@goal=+0.85 w_v@goal=14.99 return=1009.4 length=80 success_rate=1.00 collisions/ep=0.08 (n=26)
Evaluation at update 210: return=1013.02, length=77.35, success_rate=1.00, collisions/ep=0.00
Solved-check at update 210: solved=True worst_gap=0.11 at p_x0=0.00 p_y0=1.00 (consecutive=25)
update=211 global_step=432128 SPS=686 w_ev=0.933 m_ev=1.000 m_v_bias=-0.7 m_adv_std=3.3790 m_kl_max=0.0154 m_ratio_max=0.628 w_ax@goal=+0.99 w_v@goal=15.00 return=1012.7 length=76 success_rate=1.00 collisions/ep=0.00 (n=29)
update=212 global_step=434176 SPS=688 w_ev=0.955 m_ev=1.000 m_v_bias=0.2 m_adv_std=2.5675 m_kl_max=0.0055 m_ratio_max=0.472 w_ax@goal=+1.01 w_v@goal=15.03 return=1013.2 length=79 success_rate=1.00 collisions/ep=0.00 (n=25)
update=213 global_step=436224 SPS=689 w_ev=0.901 m_ev=0.992 m_v_bias=1.9 m_adv_std=14.3974 m_kl_max=0.0187 m_ratio_max=0.584 w_ax@goal=+0.95 w_v@goal=15.03 return=1007.0 length=79 success_rate=1.00 collisions/ep=0.12 (n=24)
update=214 global_step=438272 SPS=690 w_ev=0.967 m_ev=0.999 m_v_bias=-1.4 m_adv_std=3.8553 m_kl_max=0.0113 m_ratio_max=0.632 w_ax@goal=+1.03 w_v@goal=15.01 return=1013.3 length=79 success_rate=1.00 collisions/ep=0.00 (n=25)
update=215 global_step=440320 SPS=691 w_ev=0.949 m_ev=0.998 m_v_bias=0.1 m_adv_std=7.9995 m_kl_max=0.0063 m_ratio_max=0.348 w_ax@goal=+1.12 w_v@goal=15.03 return=1009.7 length=80 success_rate=1.00 collisions/ep=0.07 (n=27)
Evaluation at update 215: return=1013.05, length=77.35, success_rate=1.00, collisions/ep=0.00
Solved-check at update 215: solved=True worst_gap=0.08 at p_x0=0.00 p_y0=1.00 (consecutive=26)
update=216 global_step=442368 SPS=686 w_ev=0.966 m_ev=1.000 m_v_bias=-1.7 m_adv_std=2.9850 m_kl_max=0.0094 m_ratio_max=0.562 w_ax@goal=+1.04 w_v@goal=15.03 return=1013.3 length=79 success_rate=1.00 collisions/ep=0.00 (n=28)
update=217 global_step=444416 SPS=687 w_ev=0.760 m_ev=0.968 m_v_bias=3.6 m_adv_std=29.8391 m_kl_max=0.0316 m_ratio_max=0.921 w_ax@goal=+1.15 w_v@goal=15.04 return=1011.0 length=78 success_rate=1.00 collisions/ep=0.04 (n=24)
update=218 global_step=446464 SPS=688 w_ev=0.922 m_ev=0.998 m_v_bias=-2.5 m_adv_std=6.8292 m_kl_max=0.0151 m_ratio_max=0.887 w_ax@goal=+1.27 w_v@goal=15.06 return=999.2 length=78 success_rate=1.00 collisions/ep=0.28 (n=25)
update=219 global_step=448512 SPS=689 w_ev=0.933 m_ev=0.999 m_v_bias=0.4 m_adv_std=6.1622 m_kl_max=0.0067 m_ratio_max=0.440 w_ax@goal=+0.94 w_v@goal=15.02 return=1011.4 length=79 success_rate=1.00 collisions/ep=0.04 (n=27)
update=220 global_step=450560 SPS=690 w_ev=0.946 m_ev=0.999 m_v_bias=-0.3 m_adv_std=5.3719 m_kl_max=0.0111 m_ratio_max=0.475 w_ax@goal=+1.06 w_v@goal=15.02 return=1011.5 length=79 success_rate=1.00 collisions/ep=0.04 (n=27)
Evaluation at update 220: return=1013.05, length=77.35, success_rate=1.00, collisions/ep=0.00
Solved-check at update 220: solved=True worst_gap=0.07 at p_x0=0.00 p_y0=1.00 (consecutive=27)
update=221 global_step=452608 SPS=686 w_ev=0.952 m_ev=0.999 m_v_bias=-0.0 m_adv_std=6.0535 m_kl_max=0.0107 m_ratio_max=0.436 w_ax@goal=+1.00 w_v@goal=15.07 return=1011.4 length=80 success_rate=1.00 collisions/ep=0.04 (n=25)
update=222 global_step=454656 SPS=687 w_ev=0.970 m_ev=1.000 m_v_bias=-1.0 m_adv_std=2.4136 m_kl_max=0.0062 m_ratio_max=0.337 w_ax@goal=+1.06 w_v@goal=15.03 return=1013.3 length=79 success_rate=1.00 collisions/ep=0.00 (n=25)
update=223 global_step=456704 SPS=688 w_ev=0.946 m_ev=0.999 m_v_bias=0.7 m_adv_std=5.5418 m_kl_max=0.0222 m_ratio_max=1.005 w_ax@goal=+1.12 w_v@goal=15.04 return=1011.4 length=79 success_rate=1.00 collisions/ep=0.04 (n=26)
update=224 global_step=458752 SPS=689 w_ev=0.949 m_ev=0.999 m_v_bias=0.8 m_adv_std=5.7734 m_kl_max=0.0066 m_ratio_max=0.352 w_ax@goal=+1.06 w_v@goal=15.03 return=1011.4 length=79 success_rate=1.00 collisions/ep=0.04 (n=28)
update=225 global_step=460800 SPS=690 w_ev=0.965 m_ev=1.000 m_v_bias=-1.3 m_adv_std=1.9221 m_kl_max=0.0115 m_ratio_max=0.430 w_ax@goal=+1.04 w_v@goal=15.02 return=1013.1 length=78 success_rate=1.00 collisions/ep=0.00 (n=26)
Evaluation at update 225: return=1013.06, length=77.35, success_rate=1.00, collisions/ep=0.00
Solved-check at update 225: solved=True worst_gap=0.07 at p_x0=0.00 p_y0=1.00 (consecutive=28)
update=226 global_step=462848 SPS=686 w_ev=0.935 m_ev=1.000 m_v_bias=-0.1 m_adv_std=2.0048 m_kl_max=0.0248 m_ratio_max=0.847 w_ax@goal=+1.09 w_v@goal=14.98 return=1013.5 length=80 success_rate=1.00 collisions/ep=0.00 (n=24)
update=227 global_step=464896 SPS=687 w_ev=0.957 m_ev=1.000 m_v_bias=0.1 m_adv_std=1.7928 m_kl_max=0.0030 m_ratio_max=0.393 w_ax@goal=+1.00 w_v@goal=15.02 return=1013.2 length=79 success_rate=1.00 collisions/ep=0.00 (n=26)
update=228 global_step=466944 SPS=688 w_ev=0.949 m_ev=0.998 m_v_bias=0.6 m_adv_std=6.5251 m_kl_max=0.0037 m_ratio_max=0.417 w_ax@goal=+1.15 w_v@goal=15.03 return=1011.2 length=77 success_rate=1.00 collisions/ep=0.04 (n=28)
update=229 global_step=468992 SPS=689 w_ev=0.879 m_ev=0.989 m_v_bias=0.9 m_adv_std=17.3034 m_kl_max=0.0279 m_ratio_max=0.924 w_ax@goal=+1.19 w_v@goal=15.06 return=1005.4 length=78 success_rate=1.00 collisions/ep=0.15 (n=26)
update=230 global_step=471040 SPS=690 w_ev=0.917 m_ev=0.998 m_v_bias=-0.7 m_adv_std=6.6758 m_kl_max=0.0279 m_ratio_max=0.628 w_ax@goal=+1.08 w_v@goal=15.07 return=1013.3 length=80 success_rate=1.00 collisions/ep=0.00 (n=25)
Evaluation at update 230: return=1013.05, length=77.35, success_rate=1.00, collisions/ep=0.00
Solved-check at update 230: solved=True worst_gap=0.08 at p_x0=0.00 p_y0=1.00 (consecutive=29)
update=231 global_step=473088 SPS=686 w_ev=0.934 m_ev=0.999 m_v_bias=-1.9 m_adv_std=3.7978 m_kl_max=0.0116 m_ratio_max=0.546 w_ax@goal=+1.29 w_v@goal=15.03 return=1009.2 length=78 success_rate=1.00 collisions/ep=0.08 (n=26)
update=232 global_step=475136 SPS=687 w_ev=0.943 m_ev=1.000 m_v_bias=-0.2 m_adv_std=2.0147 m_kl_max=0.0171 m_ratio_max=0.930 w_ax@goal=+1.23 w_v@goal=15.05 return=1012.9 length=77 success_rate=1.00 collisions/ep=0.00 (n=27)
update=233 global_step=477184 SPS=688 w_ev=0.918 m_ev=0.998 m_v_bias=0.2 m_adv_std=6.4781 m_kl_max=0.0120 m_ratio_max=0.878 w_ax@goal=+1.21 w_v@goal=15.03 return=1011.2 length=78 success_rate=1.00 collisions/ep=0.04 (n=26)
update=234 global_step=479232 SPS=689 w_ev=0.949 m_ev=1.000 m_v_bias=-0.9 m_adv_std=2.3369 m_kl_max=0.0126 m_ratio_max=0.398 w_ax@goal=+1.06 w_v@goal=15.02 return=1013.2 length=79 success_rate=1.00 collisions/ep=0.00 (n=26)
update=235 global_step=481280 SPS=690 w_ev=0.968 m_ev=1.000 m_v_bias=-0.0 m_adv_std=2.0566 m_kl_max=0.0104 m_ratio_max=0.637 w_ax@goal=+1.06 w_v@goal=15.01 return=1013.2 length=78 success_rate=1.00 collisions/ep=0.00 (n=27)
Evaluation at update 235: return=1013.04, length=77.35, success_rate=1.00, collisions/ep=0.00
Solved-check at update 235: solved=True worst_gap=0.09 at p_x0=0.00 p_y0=1.00 (consecutive=30)
update=236 global_step=483328 SPS=686 w_ev=0.949 m_ev=0.998 m_v_bias=0.4 m_adv_std=6.5227 m_kl_max=0.0130 m_ratio_max=0.728 w_ax@goal=+1.17 w_v@goal=15.04 return=1011.3 length=79 success_rate=1.00 collisions/ep=0.04 (n=25)
update=237 global_step=485376 SPS=687 w_ev=0.948 m_ev=0.999 m_v_bias=-0.8 m_adv_std=5.3505 m_kl_max=0.0145 m_ratio_max=0.528 w_ax@goal=+1.22 w_v@goal=15.03 return=1011.5 length=79 success_rate=1.00 collisions/ep=0.04 (n=27)
update=238 global_step=487424 SPS=688 w_ev=0.945 m_ev=1.000 m_v_bias=-0.5 m_adv_std=3.0843 m_kl_max=0.0166 m_ratio_max=0.638 w_ax@goal=+1.12 w_v@goal=15.00 return=1013.3 length=79 success_rate=1.00 collisions/ep=0.00 (n=26)
update=239 global_step=489472 SPS=689 w_ev=0.949 m_ev=0.999 m_v_bias=0.7 m_adv_std=6.2614 m_kl_max=0.0134 m_ratio_max=0.577 w_ax@goal=+1.16 w_v@goal=15.04 return=1011.3 length=78 success_rate=1.00 collisions/ep=0.04 (n=27)
update=240 global_step=491520 SPS=690 w_ev=0.939 m_ev=1.000 m_v_bias=0.0 m_adv_std=2.7345 m_kl_max=0.0124 m_ratio_max=0.858 w_ax@goal=+1.11 w_v@goal=15.03 return=1012.9 length=77 success_rate=1.00 collisions/ep=0.00 (n=24)
Evaluation at update 240: return=1013.07, length=77.30, success_rate=1.00, collisions/ep=0.00
Solved-check at update 240: solved=True worst_gap=0.05 at p_x0=0.00 p_y0=1.00 (consecutive=31)
update=241 global_step=493568 SPS=686 w_ev=0.962 m_ev=1.000 m_v_bias=-0.5 m_adv_std=1.9442 m_kl_max=0.0062 m_ratio_max=0.814 w_ax@goal=+1.11 w_v@goal=15.02 return=1013.4 length=79 success_rate=1.00 collisions/ep=0.00 (n=27)
update=242 global_step=495616 SPS=687 w_ev=0.911 m_ev=0.996 m_v_bias=3.4 m_adv_std=11.2606 m_kl_max=0.0143 m_ratio_max=0.553 w_ax@goal=+1.21 w_v@goal=15.05 return=1007.7 length=80 success_rate=1.00 collisions/ep=0.12 (n=26)
update=243 global_step=497664 SPS=688 w_ev=0.929 m_ev=0.998 m_v_bias=-0.9 m_adv_std=6.7708 m_kl_max=0.0189 m_ratio_max=0.715 w_ax@goal=+1.21 w_v@goal=15.06 return=1009.6 length=79 success_rate=1.00 collisions/ep=0.08 (n=26)
update=244 global_step=499712 SPS=689 w_ev=0.950 m_ev=0.999 m_v_bias=1.0 m_adv_std=5.6998 m_kl_max=0.0086 m_ratio_max=0.423 w_ax@goal=+1.14 w_v@goal=15.08 return=1011.5 length=79 success_rate=1.00 collisions/ep=0.04 (n=25)
Saved checkpoints to C:\Users\loren\Desktop\MASTER THESIS\5_CODE\scenarios\slalom\studies\extrinsic_sweep\coef_0.015\runs\hppo_slalom_1_1790266510
