Using device: cpu
Solved-check: precomputed optimal returns for 25 fixed initial conditions (mean=1013.0, min=1011.0, max=1015.0); solved-tolerance=5.0
num_envs=8 num_steps_per_env=256 worker_batch_size=2048 worker_minibatch_size=256 num_updates=244 timesteps=499712 (requested 500000; 288 dropped by integer division)
update=1 global_step=2048 SPS=1312 w_ev=0.015 m_ev=0.000 m_v_bias=68.1 m_adv_std=208.1302 m_kl_max=0.0012 m_ratio_max=0.198 w_ax@goal=-0.06 w_v@goal=0.06 return=-323.0 length=183 success_rate=0.22 collisions/ep=7.56 (n=9)
update=2 global_step=4096 SPS=1222 w_ev=0.350 m_ev=0.319 m_v_bias=-41.6 m_adv_std=182.5683 m_kl_max=0.0008 m_ratio_max=0.171 w_ax@goal=-0.18 w_v@goal=1.71 return=-121.2 length=190 success_rate=0.25 collisions/ep=4.00 (n=8)
update=3 global_step=6144 SPS=1188 w_ev=0.601 m_ev=0.644 m_v_bias=-110.0 m_adv_std=190.0583 m_kl_max=0.0006 m_ratio_max=0.102 w_ax@goal=+0.28 w_v@goal=3.87 return=263.6 length=156 success_rate=0.57 collisions/ep=4.21 (n=14)
update=4 global_step=8192 SPS=1161 w_ev=0.865 m_ev=0.833 m_v_bias=-58.1 m_adv_std=138.1533 m_kl_max=0.0132 m_ratio_max=0.577 w_ax@goal=-0.02 w_v@goal=8.04 return=166.8 length=157 success_rate=0.54 collisions/ep=5.54 (n=13)
update=5 global_step=10240 SPS=1137 w_ev=0.851 m_ev=0.511 m_v_bias=26.4 m_adv_std=217.7770 m_kl_max=0.0013 m_ratio_max=0.289 w_ax@goal=-0.01 w_v@goal=10.82 return=423.7 length=144 success_rate=0.73 collisions/ep=4.80 (n=15)
Evaluation at update 5: return=554.88, length=93.25, success_rate=1.00, collisions/ep=8.85
Solved-check at update 5: solved=False worst_gap=517.97 at p_x0=2.00 p_y0=-1.00 (consecutive=0)
update=6 global_step=12288 SPS=705 w_ev=0.941 m_ev=0.759 m_v_bias=-64.1 m_adv_std=136.8668 m_kl_max=0.0079 m_ratio_max=0.383 w_ax@goal=+0.31 w_v@goal=12.12 return=504.3 length=126 success_rate=0.83 collisions/ep=5.78 (n=18)
update=7 global_step=14336 SPS=742 w_ev=0.940 m_ev=0.852 m_v_bias=-51.7 m_adv_std=97.8207 m_kl_max=0.0072 m_ratio_max=1.008 w_ax@goal=+0.36 w_v@goal=13.92 return=782.6 length=103 success_rate=0.95 collisions/ep=3.15 (n=20)
update=8 global_step=16384 SPS=776 w_ev=0.953 m_ev=0.883 m_v_bias=-20.9 m_adv_std=84.5499 m_kl_max=0.0132 m_ratio_max=0.513 w_ax@goal=+0.30 w_v@goal=14.37 return=764.0 length=99 success_rate=1.00 collisions/ep=4.55 (n=22)
update=9 global_step=18432 SPS=803 w_ev=0.949 m_ev=0.894 m_v_bias=-18.5 m_adv_std=77.9487 m_kl_max=0.0062 m_ratio_max=0.353 w_ax@goal=+0.62 w_v@goal=14.51 return=799.1 length=92 success_rate=1.00 collisions/ep=4.00 (n=23)
update=10 global_step=20480 SPS=827 w_ev=0.937 m_ev=0.903 m_v_bias=-2.3 m_adv_std=70.7270 m_kl_max=0.0044 m_ratio_max=0.310 w_ax@goal=+0.32 w_v@goal=14.43 return=826.6 length=90 success_rate=1.00 collisions/ep=3.57 (n=23)
Evaluation at update 10: return=956.67, length=83.95, success_rate=1.00, collisions/ep=1.00
Solved-check at update 10: solved=False worst_gap=56.82 at p_x0=0.00 p_y0=-1.00 (consecutive=0)
update=11 global_step=22528 SPS=697 w_ev=0.926 m_ev=0.878 m_v_bias=-6.9 m_adv_std=80.2016 m_kl_max=0.0042 m_ratio_max=0.285 w_ax@goal=+0.58 w_v@goal=14.43 return=819.0 length=89 success_rate=1.00 collisions/ep=3.67 (n=21)
update=12 global_step=24576 SPS=714 w_ev=0.925 m_ev=0.920 m_v_bias=5.9 m_adv_std=64.4107 m_kl_max=0.0011 m_ratio_max=0.139 w_ax@goal=+0.63 w_v@goal=14.56 return=857.0 length=89 success_rate=1.00 collisions/ep=2.92 (n=24)
update=13 global_step=26624 SPS=734 w_ev=0.929 m_ev=0.935 m_v_bias=-16.2 m_adv_std=52.9448 m_kl_max=0.0157 m_ratio_max=1.066 w_ax@goal=+0.70 w_v@goal=14.38 return=857.6 length=86 success_rate=1.00 collisions/ep=2.91 (n=23)
update=14 global_step=28672 SPS=751 w_ev=0.926 m_ev=0.927 m_v_bias=-2.6 m_adv_std=56.2542 m_kl_max=0.0057 m_ratio_max=0.405 w_ax@goal=+0.51 w_v@goal=14.76 return=912.5 length=86 success_rate=1.00 collisions/ep=1.88 (n=25)
update=15 global_step=30720 SPS=766 w_ev=0.920 m_ev=0.942 m_v_bias=-15.6 m_adv_std=47.0950 m_kl_max=0.0136 m_ratio_max=0.607 w_ax@goal=+0.45 w_v@goal=14.52 return=924.1 length=87 success_rate=1.00 collisions/ep=1.74 (n=23)
Evaluation at update 15: return=1001.91, length=81.40, success_rate=1.00, collisions/ep=0.15
Solved-check at update 15: solved=False worst_gap=53.97 at p_x0=2.00 p_y0=-1.00 (consecutive=0)
update=16 global_step=32768 SPS=691 w_ev=0.928 m_ev=0.923 m_v_bias=15.4 m_adv_std=56.2146 m_kl_max=0.0089 m_ratio_max=0.422 w_ax@goal=+0.42 w_v@goal=14.25 return=901.0 length=91 success_rate=1.00 collisions/ep=2.09 (n=22)
update=17 global_step=34816 SPS=707 w_ev=0.928 m_ev=0.931 m_v_bias=-6.3 m_adv_std=50.8671 m_kl_max=0.0040 m_ratio_max=0.401 w_ax@goal=+0.28 w_v@goal=13.90 return=931.9 length=86 success_rate=1.00 collisions/ep=1.48 (n=25)
update=18 global_step=36864 SPS=719 w_ev=0.945 m_ev=0.954 m_v_bias=-4.2 m_adv_std=40.8436 m_kl_max=0.0093 m_ratio_max=0.371 w_ax@goal=+0.31 w_v@goal=13.98 return=930.2 length=87 success_rate=1.00 collisions/ep=1.61 (n=23)
update=19 global_step=38912 SPS=731 w_ev=0.904 m_ev=0.890 m_v_bias=2.2 m_adv_std=64.5095 m_kl_max=0.0101 m_ratio_max=0.392 w_ax@goal=+0.26 w_v@goal=14.17 return=905.0 length=85 success_rate=1.00 collisions/ep=2.21 (n=24)
update=20 global_step=40960 SPS=742 w_ev=0.927 m_ev=0.961 m_v_bias=-15.5 m_adv_std=35.9409 m_kl_max=0.0102 m_ratio_max=0.543 w_ax@goal=+0.61 w_v@goal=14.25 return=947.4 length=85 success_rate=1.00 collisions/ep=1.29 (n=24)
Evaluation at update 20: return=1007.70, length=80.50, success_rate=1.00, collisions/ep=0.05
Solved-check at update 20: solved=False worst_gap=53.00 at p_x0=2.00 p_y0=-1.00 (consecutive=0)
update=21 global_step=43008 SPS=683 w_ev=0.927 m_ev=0.982 m_v_bias=-10.9 m_adv_std=23.9510 m_kl_max=0.0073 m_ratio_max=0.482 w_ax@goal=+0.45 w_v@goal=14.32 return=977.3 length=83 success_rate=1.00 collisions/ep=0.67 (n=24)
update=22 global_step=45056 SPS=695 w_ev=0.926 m_ev=0.976 m_v_bias=2.3 m_adv_std=25.7476 m_kl_max=0.0112 m_ratio_max=0.431 w_ax@goal=+0.57 w_v@goal=14.25 return=975.1 length=83 success_rate=1.00 collisions/ep=0.75 (n=24)
update=23 global_step=47104 SPS=706 w_ev=0.904 m_ev=0.883 m_v_bias=18.8 m_adv_std=63.5647 m_kl_max=0.0075 m_ratio_max=0.348 w_ax@goal=+0.46 w_v@goal=14.20 return=943.1 length=83 success_rate=1.00 collisions/ep=1.33 (n=24)
update=24 global_step=49152 SPS=716 w_ev=0.925 m_ev=0.938 m_v_bias=-21.0 m_adv_std=47.1487 m_kl_max=0.0054 m_ratio_max=0.301 w_ax@goal=+0.75 w_v@goal=14.13 return=966.6 length=81 success_rate=1.00 collisions/ep=0.83 (n=30)
update=25 global_step=51200 SPS=726 w_ev=0.927 m_ev=0.953 m_v_bias=11.8 m_adv_std=41.3352 m_kl_max=0.0219 m_ratio_max=0.899 w_ax@goal=+0.73 w_v@goal=14.58 return=939.1 length=83 success_rate=1.00 collisions/ep=1.42 (n=24)
Evaluation at update 25: return=1010.67, length=80.05, success_rate=1.00, collisions/ep=0.00
Solved-check at update 25: solved=True worst_gap=2.90 at p_x0=0.00 p_y0=-1.00 (consecutive=0)
update=26 global_step=53248 SPS=683 w_ev=0.930 m_ev=0.981 m_v_bias=-18.3 m_adv_std=25.0010 m_kl_max=0.0049 m_ratio_max=0.325 w_ax@goal=+0.70 w_v@goal=14.51 return=971.1 length=83 success_rate=1.00 collisions/ep=0.76 (n=25)
update=27 global_step=55296 SPS=691 w_ev=0.920 m_ev=0.959 m_v_bias=5.1 m_adv_std=36.1281 m_kl_max=0.0027 m_ratio_max=0.262 w_ax@goal=+0.75 w_v@goal=14.49 return=962.7 length=82 success_rate=1.00 collisions/ep=0.96 (n=24)
update=28 global_step=57344 SPS=700 w_ev=0.918 m_ev=0.935 m_v_bias=7.5 m_adv_std=48.3608 m_kl_max=0.0126 m_ratio_max=0.649 w_ax@goal=+0.75 w_v@goal=14.50 return=938.0 length=82 success_rate=1.00 collisions/ep=1.40 (n=25)
update=29 global_step=59392 SPS=709 w_ev=0.919 m_ev=0.952 m_v_bias=-7.1 m_adv_std=41.2415 m_kl_max=0.0125 m_ratio_max=0.628 w_ax@goal=+0.74 w_v@goal=14.64 return=952.4 length=83 success_rate=1.00 collisions/ep=1.17 (n=24)
update=30 global_step=61440 SPS=717 w_ev=0.874 m_ev=0.944 m_v_bias=-4.0 m_adv_std=40.7462 m_kl_max=0.0283 m_ratio_max=0.891 w_ax@goal=+0.81 w_v@goal=14.52 return=956.3 length=80 success_rate=1.00 collisions/ep=1.08 (n=25)
Evaluation at update 30: return=1011.65, length=79.05, success_rate=1.00, collisions/ep=0.00
Solved-check at update 30: solved=True worst_gap=1.98 at p_x0=0.00 p_y0=-1.00 (consecutive=1)
Solved criterion held for 2 consecutive evals (tolerance=5.0) at global_step=61440.
update=31 global_step=63488 SPS=684 w_ev=0.863 m_ev=0.964 m_v_bias=-6.8 m_adv_std=34.1787 m_kl_max=0.0171 m_ratio_max=0.486 w_ax@goal=+0.71 w_v@goal=14.46 return=973.4 length=80 success_rate=1.00 collisions/ep=0.77 (n=26)
update=32 global_step=65536 SPS=692 w_ev=0.866 m_ev=0.957 m_v_bias=3.0 m_adv_std=37.3900 m_kl_max=0.0195 m_ratio_max=0.586 w_ax@goal=+0.82 w_v@goal=14.37 return=970.9 length=81 success_rate=1.00 collisions/ep=0.79 (n=24)
update=33 global_step=67584 SPS=698 w_ev=0.871 m_ev=0.988 m_v_bias=-14.8 m_adv_std=18.6472 m_kl_max=0.0104 m_ratio_max=0.552 w_ax@goal=+0.86 w_v@goal=14.42 return=992.3 length=80 success_rate=1.00 collisions/ep=0.37 (n=27)
update=34 global_step=69632 SPS=706 w_ev=0.875 m_ev=0.978 m_v_bias=5.2 m_adv_std=25.5288 m_kl_max=0.0129 m_ratio_max=0.765 w_ax@goal=+0.93 w_v@goal=14.51 return=986.0 length=81 success_rate=1.00 collisions/ep=0.50 (n=26)
update=35 global_step=71680 SPS=714 w_ev=0.868 m_ev=0.974 m_v_bias=1.4 m_adv_std=28.2191 m_kl_max=0.0142 m_ratio_max=0.966 w_ax@goal=+1.09 w_v@goal=14.64 return=984.4 length=80 success_rate=1.00 collisions/ep=0.54 (n=26)
Evaluation at update 35: return=1012.07, length=78.60, success_rate=1.00, collisions/ep=0.00
Solved-check at update 35: solved=True worst_gap=1.09 at p_x0=0.00 p_y0=1.00 (consecutive=2)
update=36 global_step=73728 SPS=686 w_ev=0.872 m_ev=0.990 m_v_bias=-1.9 m_adv_std=17.1741 m_kl_max=0.0143 m_ratio_max=0.554 w_ax@goal=+1.12 w_v@goal=14.64 return=988.9 length=78 success_rate=1.00 collisions/ep=0.48 (n=25)
update=37 global_step=75776 SPS=693 w_ev=0.856 m_ev=0.979 m_v_bias=0.6 m_adv_std=24.5668 m_kl_max=0.0176 m_ratio_max=0.595 w_ax@goal=+0.91 w_v@goal=14.62 return=981.1 length=81 success_rate=1.00 collisions/ep=0.60 (n=25)
update=38 global_step=77824 SPS=699 w_ev=0.869 m_ev=0.984 m_v_bias=0.0 m_adv_std=22.1094 m_kl_max=0.0039 m_ratio_max=0.354 w_ax@goal=+1.22 w_v@goal=14.80 return=991.2 length=80 success_rate=1.00 collisions/ep=0.41 (n=27)
update=39 global_step=79872 SPS=706 w_ev=0.804 m_ev=0.988 m_v_bias=-1.9 m_adv_std=18.9182 m_kl_max=0.0113 m_ratio_max=0.451 w_ax@goal=+1.10 w_v@goal=14.63 return=995.3 length=79 success_rate=1.00 collisions/ep=0.31 (n=26)
update=40 global_step=81920 SPS=712 w_ev=0.824 m_ev=0.989 m_v_bias=0.6 m_adv_std=17.1514 m_kl_max=0.0199 m_ratio_max=0.688 w_ax@goal=+1.01 w_v@goal=14.59 return=995.5 length=79 success_rate=1.00 collisions/ep=0.48 (n=25)
Evaluation at update 40: return=1012.27, length=78.35, success_rate=1.00, collisions/ep=0.00
Solved-check at update 40: solved=True worst_gap=0.99 at p_x0=0.00 p_y0=-1.00 (consecutive=3)
update=41 global_step=83968 SPS=686 w_ev=0.883 m_ev=0.989 m_v_bias=-1.6 m_adv_std=17.3622 m_kl_max=0.0142 m_ratio_max=0.479 w_ax@goal=+1.22 w_v@goal=14.69 return=998.2 length=81 success_rate=1.00 collisions/ep=0.27 (n=26)
update=42 global_step=86016 SPS=693 w_ev=0.834 m_ev=0.979 m_v_bias=2.2 m_adv_std=24.8586 m_kl_max=0.0108 m_ratio_max=0.590 w_ax@goal=+1.15 w_v@goal=14.83 return=984.2 length=80 success_rate=1.00 collisions/ep=0.58 (n=24)
update=43 global_step=88064 SPS=699 w_ev=0.843 m_ev=0.974 m_v_bias=7.0 m_adv_std=28.4557 m_kl_max=0.0094 m_ratio_max=0.446 w_ax@goal=+1.11 w_v@goal=14.77 return=979.9 length=82 success_rate=1.00 collisions/ep=0.68 (n=25)
update=44 global_step=90112 SPS=704 w_ev=0.796 m_ev=0.982 m_v_bias=-9.6 m_adv_std=23.0169 m_kl_max=0.0163 m_ratio_max=0.541 w_ax@goal=+1.01 w_v@goal=14.61 return=987.0 length=82 success_rate=1.00 collisions/ep=0.54 (n=26)
update=45 global_step=92160 SPS=709 w_ev=0.800 m_ev=0.950 m_v_bias=5.7 m_adv_std=39.5036 m_kl_max=0.0190 m_ratio_max=0.660 w_ax@goal=+1.01 w_v@goal=14.46 return=985.2 length=79 success_rate=1.00 collisions/ep=0.54 (n=28)
Evaluation at update 45: return=1012.54, length=78.20, success_rate=1.00, collisions/ep=0.00
Solved-check at update 45: solved=True worst_gap=0.70 at p_x0=0.00 p_y0=1.00 (consecutive=4)
update=46 global_step=94208 SPS=688 w_ev=0.771 m_ev=0.972 m_v_bias=-0.7 m_adv_std=28.6950 m_kl_max=0.0343 m_ratio_max=0.866 w_ax@goal=+1.13 w_v@goal=14.61 return=987.5 length=80 success_rate=1.00 collisions/ep=0.60 (n=25)
update=47 global_step=96256 SPS=693 w_ev=0.801 m_ev=0.984 m_v_bias=-3.2 m_adv_std=20.9880 m_kl_max=0.0080 m_ratio_max=0.420 w_ax@goal=+1.14 w_v@goal=14.54 return=999.8 length=81 success_rate=1.00 collisions/ep=0.29 (n=24)
update=48 global_step=98304 SPS=698 w_ev=0.795 m_ev=0.953 m_v_bias=0.9 m_adv_std=37.9969 m_kl_max=0.0181 m_ratio_max=0.633 w_ax@goal=+1.11 w_v@goal=14.57 return=979.2 length=79 success_rate=1.00 collisions/ep=0.85 (n=27)
update=49 global_step=100352 SPS=704 w_ev=0.827 m_ev=0.983 m_v_bias=-3.9 m_adv_std=21.9841 m_kl_max=0.0097 m_ratio_max=0.719 w_ax@goal=+1.25 w_v@goal=14.64 return=995.8 length=81 success_rate=1.00 collisions/ep=0.42 (n=24)
update=50 global_step=102400 SPS=708 w_ev=0.790 m_ev=0.990 m_v_bias=-6.5 m_adv_std=16.3556 m_kl_max=0.0138 m_ratio_max=0.496 w_ax@goal=+1.22 w_v@goal=14.70 return=999.3 length=79 success_rate=1.00 collisions/ep=0.32 (n=28)
Evaluation at update 50: return=1012.36, length=78.25, success_rate=1.00, collisions/ep=0.00
Solved-check at update 50: solved=True worst_gap=0.93 at p_x0=0.00 p_y0=-1.00 (consecutive=5)
update=51 global_step=104448 SPS=689 w_ev=0.823 m_ev=0.989 m_v_bias=-0.4 m_adv_std=17.9924 m_kl_max=0.0292 m_ratio_max=0.858 w_ax@goal=+1.33 w_v@goal=14.68 return=997.6 length=81 success_rate=1.00 collisions/ep=0.38 (n=24)
update=52 global_step=106496 SPS=693 w_ev=0.800 m_ev=0.989 m_v_bias=3.1 m_adv_std=17.3501 m_kl_max=0.0133 m_ratio_max=0.640 w_ax@goal=+1.24 w_v@goal=14.86 return=998.6 length=79 success_rate=1.00 collisions/ep=0.35 (n=26)
update=53 global_step=108544 SPS=698 w_ev=0.788 m_ev=0.977 m_v_bias=-1.4 m_adv_std=25.0550 m_kl_max=0.0402 m_ratio_max=1.236 w_ax@goal=+1.26 w_v@goal=14.89 return=990.9 length=79 success_rate=1.00 collisions/ep=0.50 (n=26)
update=54 global_step=110592 SPS=703 w_ev=0.764 m_ev=0.978 m_v_bias=3.8 m_adv_std=25.2219 m_kl_max=0.0196 m_ratio_max=0.507 w_ax@goal=+1.21 w_v@goal=14.63 return=988.9 length=81 success_rate=1.00 collisions/ep=0.46 (n=26)
update=55 global_step=112640 SPS=707 w_ev=0.790 m_ev=0.992 m_v_bias=-8.2 m_adv_std=14.7248 m_kl_max=0.0143 m_ratio_max=0.461 w_ax@goal=+1.07 w_v@goal=14.70 return=1004.0 length=79 success_rate=1.00 collisions/ep=0.16 (n=25)
Evaluation at update 55: return=1012.40, length=78.25, success_rate=1.00, collisions/ep=0.00
Solved-check at update 55: solved=True worst_gap=0.94 at p_x0=0.00 p_y0=-1.00 (consecutive=6)
update=56 global_step=114688 SPS=689 w_ev=0.820 m_ev=0.975 m_v_bias=5.9 m_adv_std=26.3068 m_kl_max=0.0098 m_ratio_max=0.795 w_ax@goal=+1.07 w_v@goal=14.71 return=991.4 length=79 success_rate=1.00 collisions/ep=0.44 (n=25)
update=57 global_step=116736 SPS=693 w_ev=0.751 m_ev=0.977 m_v_bias=0.7 m_adv_std=25.7558 m_kl_max=0.0204 m_ratio_max=0.607 w_ax@goal=+1.03 w_v@goal=14.59 return=991.5 length=82 success_rate=1.00 collisions/ep=0.52 (n=27)
update=58 global_step=118784 SPS=697 w_ev=0.793 m_ev=0.974 m_v_bias=-4.6 m_adv_std=27.1180 m_kl_max=0.0144 m_ratio_max=0.557 w_ax@goal=+1.03 w_v@goal=14.72 return=996.3 length=79 success_rate=1.00 collisions/ep=0.46 (n=26)
update=59 global_step=120832 SPS=701 w_ev=0.781 m_ev=0.992 m_v_bias=-2.0 m_adv_std=15.3270 m_kl_max=0.0173 m_ratio_max=0.548 w_ax@goal=+0.94 w_v@goal=14.69 return=993.5 length=81 success_rate=1.00 collisions/ep=0.38 (n=24)
update=60 global_step=122880 SPS=706 w_ev=0.841 m_ev=0.996 m_v_bias=-2.4 m_adv_std=10.9750 m_kl_max=0.0128 m_ratio_max=0.820 w_ax@goal=+0.95 w_v@goal=14.92 return=1006.3 length=81 success_rate=1.00 collisions/ep=0.15 (n=27)
Evaluation at update 60: return=1012.29, length=78.35, success_rate=1.00, collisions/ep=0.00
Solved-check at update 60: solved=True worst_gap=0.96 at p_x0=0.00 p_y0=-1.00 (consecutive=7)
update=61 global_step=124928 SPS=688 w_ev=0.764 m_ev=0.994 m_v_bias=1.7 m_adv_std=13.4071 m_kl_max=0.0099 m_ratio_max=0.444 w_ax@goal=+0.91 w_v@goal=14.91 return=999.9 length=80 success_rate=1.00 collisions/ep=0.32 (n=25)
update=62 global_step=126976 SPS=691 w_ev=0.839 m_ev=0.984 m_v_bias=1.7 m_adv_std=20.1560 m_kl_max=0.0200 m_ratio_max=0.802 w_ax@goal=+0.77 w_v@goal=14.80 return=1004.0 length=80 success_rate=1.00 collisions/ep=0.24 (n=25)
update=63 global_step=129024 SPS=695 w_ev=0.780 m_ev=0.986 m_v_bias=2.1 m_adv_std=19.6339 m_kl_max=0.0108 m_ratio_max=0.929 w_ax@goal=+0.80 w_v@goal=14.74 return=996.3 length=79 success_rate=1.00 collisions/ep=0.31 (n=26)
update=64 global_step=131072 SPS=699 w_ev=0.745 m_ev=0.994 m_v_bias=-5.0 m_adv_std=13.4165 m_kl_max=0.0102 m_ratio_max=0.638 w_ax@goal=+0.99 w_v@goal=14.74 return=1001.9 length=80 success_rate=1.00 collisions/ep=0.24 (n=25)
update=65 global_step=133120 SPS=702 w_ev=0.745 m_ev=0.995 m_v_bias=0.5 m_adv_std=12.2792 m_kl_max=0.0175 m_ratio_max=0.454 w_ax@goal=+1.03 w_v@goal=14.85 return=1002.7 length=82 success_rate=1.00 collisions/ep=0.19 (n=26)
Evaluation at update 65: return=1012.42, length=78.25, success_rate=1.00, collisions/ep=0.00
Solved-check at update 65: solved=True worst_gap=0.99 at p_x0=0.00 p_y0=-1.00 (consecutive=8)
update=66 global_step=135168 SPS=686 w_ev=0.780 m_ev=0.997 m_v_bias=-0.4 m_adv_std=9.9363 m_kl_max=0.0169 m_ratio_max=0.757 w_ax@goal=+0.82 w_v@goal=14.85 return=1004.1 length=80 success_rate=1.00 collisions/ep=0.19 (n=26)
update=67 global_step=137216 SPS=690 w_ev=0.808 m_ev=0.986 m_v_bias=1.6 m_adv_std=19.9231 m_kl_max=0.0104 m_ratio_max=0.599 w_ax@goal=+0.97 w_v@goal=15.01 return=1010.0 length=80 success_rate=1.00 collisions/ep=0.12 (n=24)
update=68 global_step=139264 SPS=693 w_ev=0.820 m_ev=0.995 m_v_bias=-3.4 m_adv_std=11.6734 m_kl_max=0.0244 m_ratio_max=0.823 w_ax@goal=+0.95 w_v@goal=15.07 return=992.9 length=80 success_rate=1.00 collisions/ep=0.38 (n=26)
update=69 global_step=141312 SPS=697 w_ev=0.809 m_ev=0.988 m_v_bias=2.1 m_adv_std=18.1987 m_kl_max=0.0201 m_ratio_max=0.469 w_ax@goal=+1.04 w_v@goal=14.96 return=1002.2 length=80 success_rate=1.00 collisions/ep=0.28 (n=25)
update=70 global_step=143360 SPS=701 w_ev=0.764 m_ev=0.995 m_v_bias=-1.8 m_adv_std=11.2148 m_kl_max=0.0100 m_ratio_max=0.441 w_ax@goal=+0.98 w_v@goal=14.88 return=1004.2 length=80 success_rate=1.00 collisions/ep=0.15 (n=27)
Evaluation at update 70: return=1012.40, length=78.25, success_rate=1.00, collisions/ep=0.00
Solved-check at update 70: solved=False worst_gap=50.79 at p_x0=0.00 p_y0=0.50 (consecutive=9)
update=71 global_step=145408 SPS=686 w_ev=0.780 m_ev=0.979 m_v_bias=4.0 m_adv_std=23.9229 m_kl_max=0.0125 m_ratio_max=0.491 w_ax@goal=+1.17 w_v@goal=14.80 return=986.3 length=82 success_rate=1.00 collisions/ep=0.68 (n=25)
update=72 global_step=147456 SPS=689 w_ev=0.754 m_ev=0.993 m_v_bias=-0.1 m_adv_std=13.6668 m_kl_max=0.0116 m_ratio_max=0.380 w_ax@goal=+1.09 w_v@goal=14.92 return=997.9 length=79 success_rate=1.00 collisions/ep=0.27 (n=26)
update=73 global_step=149504 SPS=692 w_ev=0.749 m_ev=0.986 m_v_bias=-0.9 m_adv_std=19.7688 m_kl_max=0.0069 m_ratio_max=0.488 w_ax@goal=+1.03 w_v@goal=14.97 return=996.3 length=80 success_rate=1.00 collisions/ep=0.32 (n=25)
update=74 global_step=151552 SPS=696 w_ev=0.742 m_ev=0.996 m_v_bias=-4.9 m_adv_std=10.3111 m_kl_max=0.0146 m_ratio_max=0.527 w_ax@goal=+1.05 w_v@goal=14.96 return=1003.8 length=80 success_rate=1.00 collisions/ep=0.17 (n=24)
update=75 global_step=153600 SPS=699 w_ev=0.739 m_ev=0.988 m_v_bias=2.7 m_adv_std=18.5846 m_kl_max=0.0246 m_ratio_max=0.540 w_ax@goal=+1.04 w_v@goal=14.88 return=1000.1 length=81 success_rate=1.00 collisions/ep=0.25 (n=28)
Evaluation at update 75: return=1012.71, length=78.05, success_rate=1.00, collisions/ep=0.00
Solved-check at update 75: solved=True worst_gap=0.54 at p_x0=0.00 p_y0=-1.00 (consecutive=0)
update=76 global_step=155648 SPS=686 w_ev=0.764 m_ev=0.998 m_v_bias=-2.8 m_adv_std=8.0546 m_kl_max=0.0335 m_ratio_max=0.692 w_ax@goal=+1.19 w_v@goal=14.79 return=1004.5 length=80 success_rate=1.00 collisions/ep=0.16 (n=25)
update=77 global_step=157696 SPS=690 w_ev=0.745 m_ev=0.994 m_v_bias=0.4 m_adv_std=12.3963 m_kl_max=0.0420 m_ratio_max=1.493 w_ax@goal=+1.18 w_v@goal=14.92 return=1010.2 length=78 success_rate=1.00 collisions/ep=0.04 (n=27)
update=78 global_step=159744 SPS=693 w_ev=0.793 m_ev=0.997 m_v_bias=0.8 m_adv_std=8.4856 m_kl_max=0.0094 m_ratio_max=0.713 w_ax@goal=+1.26 w_v@goal=14.97 return=1004.2 length=78 success_rate=1.00 collisions/ep=0.24 (n=25)
update=79 global_step=161792 SPS=696 w_ev=0.766 m_ev=0.995 m_v_bias=0.7 m_adv_std=11.7442 m_kl_max=0.0107 m_ratio_max=0.476 w_ax@goal=+1.22 w_v@goal=14.95 return=1006.5 length=79 success_rate=1.00 collisions/ep=0.19 (n=26)
update=80 global_step=163840 SPS=699 w_ev=0.739 m_ev=0.995 m_v_bias=1.7 m_adv_std=11.7251 m_kl_max=0.0143 m_ratio_max=0.563 w_ax@goal=+1.04 w_v@goal=14.90 return=1006.4 length=78 success_rate=1.00 collisions/ep=0.15 (n=27)
Evaluation at update 80: return=1012.76, length=77.85, success_rate=1.00, collisions/ep=0.00
Solved-check at update 80: solved=True worst_gap=0.42 at p_x0=0.00 p_y0=-1.00 (consecutive=1)
update=81 global_step=165888 SPS=686 w_ev=0.723 m_ev=0.995 m_v_bias=0.6 m_adv_std=11.6305 m_kl_max=0.0220 m_ratio_max=0.727 w_ax@goal=+1.12 w_v@goal=14.91 return=1000.7 length=79 success_rate=1.00 collisions/ep=0.23 (n=26)
update=82 global_step=167936 SPS=689 w_ev=0.738 m_ev=0.993 m_v_bias=0.8 m_adv_std=14.5696 m_kl_max=0.0200 m_ratio_max=0.544 w_ax@goal=+1.04 w_v@goal=14.88 return=1004.9 length=82 success_rate=1.00 collisions/ep=0.16 (n=25)
update=83 global_step=169984 SPS=692 w_ev=0.614 m_ev=0.969 m_v_bias=8.2 m_adv_std=28.9766 m_kl_max=0.0134 m_ratio_max=0.897 w_ax@goal=+1.11 w_v@goal=14.82 return=989.3 length=78 success_rate=1.00 collisions/ep=0.58 (n=26)
update=84 global_step=172032 SPS=695 w_ev=0.682 m_ev=0.984 m_v_bias=-3.5 m_adv_std=21.4417 m_kl_max=0.0164 m_ratio_max=0.589 w_ax@goal=+1.24 w_v@goal=14.83 return=994.5 length=78 success_rate=1.00 collisions/ep=0.35 (n=26)
update=85 global_step=174080 SPS=697 w_ev=0.822 m_ev=0.995 m_v_bias=-5.4 m_adv_std=11.5569 m_kl_max=0.0188 m_ratio_max=0.773 w_ax@goal=+1.17 w_v@goal=14.94 return=1002.7 length=80 success_rate=1.00 collisions/ep=0.27 (n=26)
Evaluation at update 85: return=1012.88, length=77.80, success_rate=1.00, collisions/ep=0.00
Solved-check at update 85: solved=True worst_gap=0.32 at p_x0=0.00 p_y0=1.00 (consecutive=2)
update=86 global_step=176128 SPS=686 w_ev=0.687 m_ev=0.999 m_v_bias=-4.0 m_adv_std=4.5781 m_kl_max=0.0144 m_ratio_max=0.676 w_ax@goal=+1.13 w_v@goal=14.90 return=1008.3 length=79 success_rate=1.00 collisions/ep=0.08 (n=26)
update=87 global_step=178176 SPS=688 w_ev=0.669 m_ev=0.977 m_v_bias=6.4 m_adv_std=25.4222 m_kl_max=0.0057 m_ratio_max=0.329 w_ax@goal=+1.24 w_v@goal=14.86 return=993.1 length=79 success_rate=1.00 collisions/ep=0.42 (n=26)
update=88 global_step=180224 SPS=691 w_ev=0.768 m_ev=0.983 m_v_bias=1.1 m_adv_std=22.0823 m_kl_max=0.0262 m_ratio_max=0.869 w_ax@goal=+1.24 w_v@goal=14.93 return=996.2 length=78 success_rate=1.00 collisions/ep=0.36 (n=25)
update=89 global_step=182272 SPS=694 w_ev=0.761 m_ev=0.991 m_v_bias=-3.0 m_adv_std=15.7999 m_kl_max=0.0164 m_ratio_max=0.696 w_ax@goal=+1.08 w_v@goal=14.94 return=994.3 length=80 success_rate=1.00 collisions/ep=0.37 (n=27)
update=90 global_step=184320 SPS=697 w_ev=0.745 m_ev=0.993 m_v_bias=-0.1 m_adv_std=14.2194 m_kl_max=0.0188 m_ratio_max=0.768 w_ax@goal=+1.08 w_v@goal=14.88 return=999.2 length=78 success_rate=1.00 collisions/ep=0.26 (n=27)
Evaluation at update 90: return=1012.94, length=77.75, success_rate=1.00, collisions/ep=0.00
Solved-check at update 90: solved=True worst_gap=0.24 at p_x0=0.00 p_y0=1.00 (consecutive=3)
update=91 global_step=186368 SPS=685 w_ev=0.791 m_ev=0.992 m_v_bias=-0.9 m_adv_std=14.7914 m_kl_max=0.0177 m_ratio_max=0.656 w_ax@goal=+1.30 w_v@goal=14.87 return=1006.0 length=77 success_rate=1.00 collisions/ep=0.17 (n=24)
update=92 global_step=188416 SPS=688 w_ev=0.848 m_ev=0.997 m_v_bias=-3.6 m_adv_std=8.7752 m_kl_max=0.0118 m_ratio_max=0.429 w_ax@goal=+1.36 w_v@goal=14.96 return=1005.4 length=79 success_rate=1.00 collisions/ep=0.15 (n=27)
update=93 global_step=190464 SPS=691 w_ev=0.873 m_ev=0.992 m_v_bias=2.9 m_adv_std=15.4068 m_kl_max=0.0106 m_ratio_max=0.471 w_ax@goal=+1.30 w_v@goal=14.95 return=1003.2 length=79 success_rate=1.00 collisions/ep=0.23 (n=26)
update=94 global_step=192512 SPS=694 w_ev=0.857 m_ev=0.998 m_v_bias=-2.9 m_adv_std=7.0332 m_kl_max=0.0118 m_ratio_max=0.448 w_ax@goal=+1.15 w_v@goal=14.98 return=1010.9 length=79 success_rate=1.00 collisions/ep=0.04 (n=26)
update=95 global_step=194560 SPS=696 w_ev=0.676 m_ev=0.975 m_v_bias=6.8 m_adv_std=27.0219 m_kl_max=0.0078 m_ratio_max=0.428 w_ax@goal=+1.12 w_v@goal=14.92 return=989.5 length=78 success_rate=1.00 collisions/ep=0.50 (n=26)
Evaluation at update 95: return=1012.91, length=77.75, success_rate=1.00, collisions/ep=0.00
Solved-check at update 95: solved=True worst_gap=0.27 at p_x0=0.00 p_y0=1.00 (consecutive=4)
update=96 global_step=196608 SPS=686 w_ev=0.807 m_ev=0.983 m_v_bias=-6.3 m_adv_std=21.4050 m_kl_max=0.0159 m_ratio_max=0.663 w_ax@goal=+1.15 w_v@goal=14.94 return=1002.5 length=79 success_rate=1.00 collisions/ep=0.21 (n=24)
update=97 global_step=198656 SPS=689 w_ev=0.850 m_ev=0.993 m_v_bias=-0.8 m_adv_std=14.0313 m_kl_max=0.0198 m_ratio_max=1.007 w_ax@goal=+1.08 w_v@goal=14.96 return=1004.0 length=79 success_rate=1.00 collisions/ep=0.24 (n=29)
update=98 global_step=200704 SPS=691 w_ev=0.703 m_ev=0.982 m_v_bias=0.8 m_adv_std=22.7178 m_kl_max=0.0145 m_ratio_max=0.608 w_ax@goal=+1.00 w_v@goal=14.91 return=1003.0 length=79 success_rate=1.00 collisions/ep=0.19 (n=26)
update=99 global_step=202752 SPS=694 w_ev=0.746 m_ev=0.992 m_v_bias=-1.3 m_adv_std=14.5460 m_kl_max=0.0125 m_ratio_max=0.685 w_ax@goal=+1.15 w_v@goal=14.90 return=1002.3 length=79 success_rate=1.00 collisions/ep=0.25 (n=24)
update=100 global_step=204800 SPS=697 w_ev=0.882 m_ev=0.995 m_v_bias=-0.1 m_adv_std=11.3660 m_kl_max=0.0185 m_ratio_max=1.454 w_ax@goal=+1.36 w_v@goal=14.94 return=1008.9 length=80 success_rate=1.00 collisions/ep=0.12 (n=25)
Evaluation at update 100: return=1012.92, length=77.80, success_rate=1.00, collisions/ep=0.00
Solved-check at update 100: solved=True worst_gap=0.29 at p_x0=0.00 p_y0=1.00 (consecutive=5)
update=101 global_step=206848 SPS=687 w_ev=0.758 m_ev=0.996 m_v_bias=0.9 m_adv_std=10.6995 m_kl_max=0.0153 m_ratio_max=0.960 w_ax@goal=+1.13 w_v@goal=14.93 return=1001.9 length=79 success_rate=1.00 collisions/ep=0.22 (n=27)
update=102 global_step=208896 SPS=689 w_ev=0.746 m_ev=0.997 m_v_bias=0.9 m_adv_std=8.7236 m_kl_max=0.0191 m_ratio_max=0.714 w_ax@goal=+1.04 w_v@goal=14.94 return=1010.8 length=79 success_rate=1.00 collisions/ep=0.04 (n=26)
update=103 global_step=210944 SPS=691 w_ev=0.744 m_ev=0.993 m_v_bias=2.5 m_adv_std=13.9775 m_kl_max=0.0263 m_ratio_max=0.844 w_ax@goal=+1.19 w_v@goal=14.95 return=1002.9 length=78 success_rate=1.00 collisions/ep=0.23 (n=26)
update=104 global_step=212992 SPS=693 w_ev=0.758 m_ev=0.995 m_v_bias=2.8 m_adv_std=11.7102 m_kl_max=0.0104 m_ratio_max=0.446 w_ax@goal=+1.11 w_v@goal=14.93 return=1001.2 length=80 success_rate=1.00 collisions/ep=0.31 (n=26)
update=105 global_step=215040 SPS=696 w_ev=0.762 m_ev=0.988 m_v_bias=3.9 m_adv_std=18.4418 m_kl_max=0.0103 m_ratio_max=0.410 w_ax@goal=+0.93 w_v@goal=14.98 return=999.1 length=78 success_rate=1.00 collisions/ep=0.27 (n=26)
Evaluation at update 105: return=1012.94, length=77.75, success_rate=1.00, collisions/ep=0.00
Solved-check at update 105: solved=True worst_gap=0.25 at p_x0=0.00 p_y0=1.00 (consecutive=6)
update=106 global_step=217088 SPS=685 w_ev=0.762 m_ev=0.986 m_v_bias=0.9 m_adv_std=19.6318 m_kl_max=0.0054 m_ratio_max=0.786 w_ax@goal=+0.98 w_v@goal=14.93 return=1008.6 length=80 success_rate=1.00 collisions/ep=0.16 (n=25)
update=107 global_step=219136 SPS=687 w_ev=0.711 m_ev=0.994 m_v_bias=-1.1 m_adv_std=13.0594 m_kl_max=0.0124 m_ratio_max=0.536 w_ax@goal=+1.15 w_v@goal=14.94 return=998.7 length=78 success_rate=1.00 collisions/ep=0.27 (n=26)
update=108 global_step=221184 SPS=689 w_ev=0.797 m_ev=0.991 m_v_bias=0.5 m_adv_std=15.8584 m_kl_max=0.0066 m_ratio_max=0.484 w_ax@goal=+0.99 w_v@goal=15.01 return=1001.7 length=78 success_rate=1.00 collisions/ep=0.29 (n=28)
update=109 global_step=223232 SPS=692 w_ev=0.707 m_ev=0.988 m_v_bias=0.4 m_adv_std=18.4615 m_kl_max=0.0074 m_ratio_max=0.378 w_ax@goal=+0.99 w_v@goal=14.92 return=1000.6 length=81 success_rate=1.00 collisions/ep=0.25 (n=24)
update=110 global_step=225280 SPS=694 w_ev=0.710 m_ev=0.994 m_v_bias=-0.5 m_adv_std=12.5402 m_kl_max=0.0106 m_ratio_max=1.008 w_ax@goal=+0.92 w_v@goal=14.87 return=1001.0 length=79 success_rate=1.00 collisions/ep=0.23 (n=26)
Evaluation at update 110: return=1012.94, length=77.75, success_rate=1.00, collisions/ep=0.00
Solved-check at update 110: solved=True worst_gap=0.24 at p_x0=0.00 p_y0=1.00 (consecutive=7)
update=111 global_step=227328 SPS=685 w_ev=0.745 m_ev=0.998 m_v_bias=-3.7 m_adv_std=7.5861 m_kl_max=0.0122 m_ratio_max=0.813 w_ax@goal=+0.93 w_v@goal=14.88 return=1010.7 length=80 success_rate=1.00 collisions/ep=0.04 (n=26)
update=112 global_step=229376 SPS=686 w_ev=0.864 m_ev=0.996 m_v_bias=-0.5 m_adv_std=10.9694 m_kl_max=0.0043 m_ratio_max=0.278 w_ax@goal=+1.12 w_v@goal=14.82 return=1005.1 length=78 success_rate=1.00 collisions/ep=0.15 (n=27)
update=113 global_step=231424 SPS=689 w_ev=0.799 m_ev=0.992 m_v_bias=1.1 m_adv_std=14.7093 m_kl_max=0.0282 m_ratio_max=0.651 w_ax@goal=+0.90 w_v@goal=14.90 return=1000.7 length=80 success_rate=1.00 collisions/ep=0.24 (n=25)
update=114 global_step=233472 SPS=691 w_ev=0.833 m_ev=0.997 m_v_bias=-2.7 m_adv_std=8.4339 m_kl_max=0.0141 m_ratio_max=1.148 w_ax@goal=+1.00 w_v@goal=14.89 return=1008.7 length=80 success_rate=1.00 collisions/ep=0.08 (n=24)
update=115 global_step=235520 SPS=693 w_ev=0.859 m_ev=0.997 m_v_bias=0.6 m_adv_std=8.8356 m_kl_max=0.0329 m_ratio_max=0.704 w_ax@goal=+1.12 w_v@goal=14.97 return=1010.7 length=77 success_rate=1.00 collisions/ep=0.03 (n=29)
Evaluation at update 115: return=1012.96, length=77.65, success_rate=1.00, collisions/ep=0.00
Solved-check at update 115: solved=True worst_gap=0.19 at p_x0=0.00 p_y0=1.00 (consecutive=8)
update=116 global_step=237568 SPS=684 w_ev=0.813 m_ev=0.994 m_v_bias=1.0 m_adv_std=12.9850 m_kl_max=0.0136 m_ratio_max=0.812 w_ax@goal=+1.20 w_v@goal=14.95 return=1004.9 length=78 success_rate=1.00 collisions/ep=0.19 (n=26)
update=117 global_step=239616 SPS=687 w_ev=0.749 m_ev=0.983 m_v_bias=2.0 m_adv_std=21.4024 m_kl_max=0.0060 m_ratio_max=0.562 w_ax@goal=+0.94 w_v@goal=14.94 return=1002.6 length=78 success_rate=1.00 collisions/ep=0.20 (n=25)
update=118 global_step=241664 SPS=688 w_ev=0.834 m_ev=0.999 m_v_bias=-5.2 m_adv_std=5.4676 m_kl_max=0.0081 m_ratio_max=0.536 w_ax@goal=+1.04 w_v@goal=14.97 return=1010.6 length=77 success_rate=1.00 collisions/ep=0.04 (n=26)
update=119 global_step=243712 SPS=690 w_ev=0.736 m_ev=0.990 m_v_bias=2.4 m_adv_std=16.6734 m_kl_max=0.0052 m_ratio_max=0.535 w_ax@goal=+1.06 w_v@goal=14.95 return=1003.9 length=79 success_rate=1.00 collisions/ep=0.18 (n=28)
update=120 global_step=245760 SPS=693 w_ev=0.698 m_ev=0.975 m_v_bias=-0.2 m_adv_std=27.1821 m_kl_max=0.0101 m_ratio_max=0.470 w_ax@goal=+0.96 w_v@goal=14.95 return=989.6 length=78 success_rate=1.00 collisions/ep=0.46 (n=26)
Evaluation at update 120: return=1012.97, length=77.65, success_rate=1.00, collisions/ep=0.00
Solved-check at update 120: solved=True worst_gap=0.17 at p_x0=0.00 p_y0=-1.00 (consecutive=9)
update=121 global_step=247808 SPS=684 w_ev=0.682 m_ev=0.991 m_v_bias=-2.0 m_adv_std=15.0505 m_kl_max=0.0163 m_ratio_max=0.607 w_ax@goal=+1.03 w_v@goal=14.95 return=1002.5 length=78 success_rate=1.00 collisions/ep=0.20 (n=25)
update=122 global_step=249856 SPS=686 w_ev=0.730 m_ev=0.992 m_v_bias=-0.9 m_adv_std=15.1941 m_kl_max=0.0199 m_ratio_max=0.524 w_ax@goal=+0.79 w_v@goal=14.94 return=994.1 length=78 success_rate=1.00 collisions/ep=0.37 (n=27)
update=123 global_step=251904 SPS=688 w_ev=0.683 m_ev=0.996 m_v_bias=-1.3 m_adv_std=10.4998 m_kl_max=0.0098 m_ratio_max=0.461 w_ax@goal=+0.77 w_v@goal=14.90 return=1007.2 length=79 success_rate=1.00 collisions/ep=0.11 (n=27)
update=124 global_step=253952 SPS=690 w_ev=0.702 m_ev=0.991 m_v_bias=2.3 m_adv_std=16.1846 m_kl_max=0.0180 m_ratio_max=0.607 w_ax@goal=+0.60 w_v@goal=14.89 return=994.6 length=80 success_rate=1.00 collisions/ep=0.40 (n=25)
update=125 global_step=256000 SPS=692 w_ev=0.714 m_ev=0.984 m_v_bias=1.3 m_adv_std=20.7229 m_kl_max=0.0195 m_ratio_max=0.780 w_ax@goal=+0.83 w_v@goal=14.94 return=998.7 length=79 success_rate=1.00 collisions/ep=0.28 (n=25)
Evaluation at update 125: return=1012.92, length=77.70, success_rate=1.00, collisions/ep=0.00
Solved-check at update 125: solved=True worst_gap=0.23 at p_x0=0.00 p_y0=1.00 (consecutive=10)
update=126 global_step=258048 SPS=684 w_ev=0.836 m_ev=0.992 m_v_bias=-1.9 m_adv_std=15.4989 m_kl_max=0.0212 m_ratio_max=0.882 w_ax@goal=+0.80 w_v@goal=15.02 return=997.2 length=78 success_rate=1.00 collisions/ep=0.31 (n=26)
update=127 global_step=260096 SPS=686 w_ev=0.747 m_ev=0.995 m_v_bias=-3.1 m_adv_std=12.3128 m_kl_max=0.0101 m_ratio_max=0.620 w_ax@goal=+1.00 w_v@goal=14.96 return=1007.3 length=80 success_rate=1.00 collisions/ep=0.15 (n=27)
update=128 global_step=262144 SPS=688 w_ev=0.738 m_ev=0.988 m_v_bias=2.8 m_adv_std=17.4567 m_kl_max=0.0471 m_ratio_max=0.998 w_ax@goal=+0.92 w_v@goal=14.93 return=998.9 length=80 success_rate=1.00 collisions/ep=0.32 (n=25)
update=129 global_step=264192 SPS=690 w_ev=0.811 m_ev=0.996 m_v_bias=-2.9 m_adv_std=10.7319 m_kl_max=0.0068 m_ratio_max=0.409 w_ax@goal=+1.05 w_v@goal=14.99 return=1007.0 length=78 success_rate=1.00 collisions/ep=0.15 (n=26)
update=130 global_step=266240 SPS=692 w_ev=0.832 m_ev=0.996 m_v_bias=-0.8 m_adv_std=10.0111 m_kl_max=0.0186 m_ratio_max=0.875 w_ax@goal=+1.01 w_v@goal=14.98 return=1007.0 length=80 success_rate=1.00 collisions/ep=0.12 (n=25)
Evaluation at update 130: return=1012.96, length=77.65, success_rate=1.00, collisions/ep=0.00
Solved-check at update 130: solved=True worst_gap=0.18 at p_x0=0.00 p_y0=1.00 (consecutive=11)
update=131 global_step=268288 SPS=684 w_ev=0.730 m_ev=0.988 m_v_bias=2.4 m_adv_std=18.8045 m_kl_max=0.0163 m_ratio_max=0.601 w_ax@goal=+0.89 w_v@goal=14.96 return=997.1 length=81 success_rate=1.00 collisions/ep=0.32 (n=25)
update=132 global_step=270336 SPS=686 w_ev=0.755 m_ev=0.989 m_v_bias=2.6 m_adv_std=17.7597 m_kl_max=0.0300 m_ratio_max=0.932 w_ax@goal=+0.76 w_v@goal=14.96 return=1005.2 length=80 success_rate=1.00 collisions/ep=0.15 (n=27)
update=133 global_step=272384 SPS=688 w_ev=0.737 m_ev=0.980 m_v_bias=1.8 m_adv_std=24.3315 m_kl_max=0.0234 m_ratio_max=0.893 w_ax@goal=+1.12 w_v@goal=14.96 return=995.5 length=78 success_rate=1.00 collisions/ep=0.35 (n=26)
update=134 global_step=274432 SPS=689 w_ev=0.809 m_ev=0.994 m_v_bias=-4.1 m_adv_std=12.8730 m_kl_max=0.0164 m_ratio_max=0.506 w_ax@goal=+0.99 w_v@goal=15.04 return=997.1 length=81 success_rate=1.00 collisions/ep=0.32 (n=25)
update=135 global_step=276480 SPS=691 w_ev=0.806 m_ev=0.989 m_v_bias=0.9 m_adv_std=17.9873 m_kl_max=0.0063 m_ratio_max=0.567 w_ax@goal=+1.03 w_v@goal=14.99 return=1007.1 length=80 success_rate=1.00 collisions/ep=0.12 (n=26)
Evaluation at update 135: return=1012.82, length=77.80, success_rate=1.00, collisions/ep=0.00
Solved-check at update 135: solved=True worst_gap=0.40 at p_x0=0.00 p_y0=-1.00 (consecutive=12)
update=136 global_step=278528 SPS=684 w_ev=0.692 m_ev=0.975 m_v_bias=6.4 m_adv_std=27.5661 m_kl_max=0.0113 m_ratio_max=0.605 w_ax@goal=+1.15 w_v@goal=14.98 return=980.7 length=79 success_rate=1.00 collisions/ep=0.68 (n=25)
update=137 global_step=280576 SPS=686 w_ev=0.689 m_ev=0.978 m_v_bias=2.2 m_adv_std=25.7450 m_kl_max=0.0234 m_ratio_max=0.635 w_ax@goal=+1.08 w_v@goal=14.96 return=983.0 length=79 success_rate=1.00 collisions/ep=0.63 (n=27)
update=138 global_step=282624 SPS=687 w_ev=0.797 m_ev=0.996 m_v_bias=-7.9 m_adv_std=9.9985 m_kl_max=0.0110 m_ratio_max=0.801 w_ax@goal=+0.93 w_v@goal=15.01 return=1004.7 length=80 success_rate=1.00 collisions/ep=0.20 (n=25)
update=139 global_step=284672 SPS=689 w_ev=0.709 m_ev=0.988 m_v_bias=1.9 m_adv_std=18.0781 m_kl_max=0.0106 m_ratio_max=0.590 w_ax@goal=+0.79 w_v@goal=14.97 return=1002.6 length=78 success_rate=1.00 collisions/ep=0.20 (n=25)
update=140 global_step=286720 SPS=691 w_ev=0.741 m_ev=0.996 m_v_bias=-0.6 m_adv_std=10.8080 m_kl_max=0.0080 m_ratio_max=0.703 w_ax@goal=+0.97 w_v@goal=14.97 return=1006.9 length=79 success_rate=1.00 collisions/ep=0.12 (n=26)
Evaluation at update 140: return=1012.84, length=77.75, success_rate=1.00, collisions/ep=0.00
Solved-check at update 140: solved=True worst_gap=0.35 at p_x0=0.00 p_y0=-1.00 (consecutive=13)
update=141 global_step=288768 SPS=684 w_ev=0.702 m_ev=0.983 m_v_bias=4.3 m_adv_std=22.3653 m_kl_max=0.0219 m_ratio_max=1.080 w_ax@goal=+0.92 w_v@goal=14.99 return=993.1 length=79 success_rate=1.00 collisions/ep=0.39 (n=28)
update=142 global_step=290816 SPS=685 w_ev=0.749 m_ev=0.992 m_v_bias=0.1 m_adv_std=15.0272 m_kl_max=0.0196 m_ratio_max=0.680 w_ax@goal=+0.78 w_v@goal=14.98 return=1006.5 length=78 success_rate=1.00 collisions/ep=0.12 (n=25)
update=143 global_step=292864 SPS=687 w_ev=0.835 m_ev=0.990 m_v_bias=1.2 m_adv_std=17.0302 m_kl_max=0.0204 m_ratio_max=0.736 w_ax@goal=+0.92 w_v@goal=14.97 return=996.7 length=78 success_rate=1.00 collisions/ep=0.32 (n=25)
update=144 global_step=294912 SPS=688 w_ev=0.707 m_ev=0.977 m_v_bias=4.7 m_adv_std=26.0766 m_kl_max=0.0219 m_ratio_max=1.555 w_ax@goal=+1.18 w_v@goal=14.98 return=990.7 length=79 success_rate=1.00 collisions/ep=0.44 (n=27)
update=145 global_step=296960 SPS=690 w_ev=0.756 m_ev=0.995 m_v_bias=-7.7 m_adv_std=12.1660 m_kl_max=0.0106 m_ratio_max=0.494 w_ax@goal=+1.26 w_v@goal=14.98 return=1009.0 length=78 success_rate=1.00 collisions/ep=0.08 (n=26)
Evaluation at update 145: return=1012.84, length=77.65, success_rate=1.00, collisions/ep=0.00
Solved-check at update 145: solved=True worst_gap=0.37 at p_x0=0.00 p_y0=-1.00 (consecutive=14)
update=146 global_step=299008 SPS=683 w_ev=0.784 m_ev=0.989 m_v_bias=1.3 m_adv_std=17.2164 m_kl_max=0.0098 m_ratio_max=0.455 w_ax@goal=+1.32 w_v@goal=14.99 return=997.4 length=79 success_rate=1.00 collisions/ep=0.31 (n=26)
update=147 global_step=301056 SPS=685 w_ev=0.636 m_ev=0.968 m_v_bias=6.2 m_adv_std=30.7404 m_kl_max=0.0151 m_ratio_max=0.450 w_ax@goal=+1.15 w_v@goal=14.99 return=984.8 length=78 success_rate=1.00 collisions/ep=0.56 (n=25)
update=148 global_step=303104 SPS=686 w_ev=0.742 m_ev=0.980 m_v_bias=-8.8 m_adv_std=24.2226 m_kl_max=0.0194 m_ratio_max=0.886 w_ax@goal=+1.11 w_v@goal=14.99 return=995.2 length=80 success_rate=1.00 collisions/ep=0.36 (n=28)
update=149 global_step=305152 SPS=688 w_ev=0.630 m_ev=0.977 m_v_bias=-7.2 m_adv_std=26.3572 m_kl_max=0.0189 m_ratio_max=0.537 w_ax@goal=+1.06 w_v@goal=14.99 return=998.8 length=79 success_rate=1.00 collisions/ep=0.28 (n=25)
update=150 global_step=307200 SPS=689 w_ev=0.793 m_ev=0.990 m_v_bias=3.1 m_adv_std=16.7728 m_kl_max=0.0052 m_ratio_max=0.412 w_ax@goal=+0.97 w_v@goal=15.00 return=995.5 length=79 success_rate=1.00 collisions/ep=0.35 (n=26)
Evaluation at update 150: return=1012.82, length=77.80, success_rate=1.00, collisions/ep=0.00
Solved-check at update 150: solved=True worst_gap=0.42 at p_x0=0.00 p_y0=-1.00 (consecutive=15)
update=151 global_step=309248 SPS=683 w_ev=0.761 m_ev=0.978 m_v_bias=1.7 m_adv_std=25.3171 m_kl_max=0.0171 m_ratio_max=0.514 w_ax@goal=+1.16 w_v@goal=15.03 return=986.7 length=79 success_rate=1.00 collisions/ep=0.52 (n=25)
update=152 global_step=311296 SPS=684 w_ev=0.641 m_ev=0.955 m_v_bias=-0.3 m_adv_std=38.3189 m_kl_max=0.0126 m_ratio_max=0.701 w_ax@goal=+1.08 w_v@goal=15.06 return=985.0 length=79 success_rate=1.00 collisions/ep=0.56 (n=27)
update=153 global_step=313344 SPS=686 w_ev=0.759 m_ev=0.988 m_v_bias=-2.7 m_adv_std=18.4072 m_kl_max=0.0087 m_ratio_max=0.724 w_ax@goal=+1.22 w_v@goal=15.01 return=1001.4 length=79 success_rate=1.00 collisions/ep=0.23 (n=26)
update=154 global_step=315392 SPS=688 w_ev=0.780 m_ev=0.993 m_v_bias=-1.7 m_adv_std=13.3774 m_kl_max=0.0201 m_ratio_max=0.942 w_ax@goal=+1.17 w_v@goal=14.99 return=997.0 length=80 success_rate=1.00 collisions/ep=0.32 (n=25)
update=155 global_step=317440 SPS=689 w_ev=0.762 m_ev=0.986 m_v_bias=5.3 m_adv_std=20.8189 m_kl_max=0.0088 m_ratio_max=0.438 w_ax@goal=+1.12 w_v@goal=14.97 return=994.4 length=79 success_rate=1.00 collisions/ep=0.37 (n=27)
Evaluation at update 155: return=1012.89, length=77.65, success_rate=1.00, collisions/ep=0.00
Solved-check at update 155: solved=True worst_gap=0.28 at p_x0=0.00 p_y0=-1.00 (consecutive=16)
update=156 global_step=319488 SPS=683 w_ev=0.803 m_ev=0.993 m_v_bias=-8.3 m_adv_std=13.7722 m_kl_max=0.0225 m_ratio_max=1.443 w_ax@goal=+1.11 w_v@goal=14.99 return=1001.5 length=79 success_rate=1.00 collisions/ep=0.23 (n=26)
update=157 global_step=321536 SPS=684 w_ev=0.786 m_ev=0.993 m_v_bias=2.5 m_adv_std=14.0547 m_kl_max=0.0119 m_ratio_max=0.559 w_ax@goal=+1.19 w_v@goal=15.01 return=1005.0 length=79 success_rate=1.00 collisions/ep=0.16 (n=25)
update=158 global_step=323584 SPS=686 w_ev=0.734 m_ev=0.984 m_v_bias=6.7 m_adv_std=21.2788 m_kl_max=0.0166 m_ratio_max=0.712 w_ax@goal=+1.17 w_v@goal=15.01 return=993.7 length=78 success_rate=1.00 collisions/ep=0.42 (n=26)
update=159 global_step=325632 SPS=687 w_ev=0.689 m_ev=0.983 m_v_bias=-3.4 m_adv_std=22.5316 m_kl_max=0.0087 m_ratio_max=0.547 w_ax@goal=+1.13 w_v@goal=15.01 return=996.3 length=78 success_rate=1.00 collisions/ep=0.33 (n=27)
update=160 global_step=327680 SPS=689 w_ev=0.793 m_ev=0.997 m_v_bias=-2.1 m_adv_std=9.6607 m_kl_max=0.0124 m_ratio_max=0.562 w_ax@goal=+1.16 w_v@goal=15.01 return=1007.2 length=78 success_rate=1.00 collisions/ep=0.11 (n=27)
Evaluation at update 160: return=1012.89, length=77.65, success_rate=1.00, collisions/ep=0.00
Solved-check at update 160: solved=True worst_gap=0.28 at p_x0=0.00 p_y0=-1.00 (consecutive=17)
update=161 global_step=329728 SPS=683 w_ev=0.826 m_ev=0.994 m_v_bias=0.6 m_adv_std=13.5465 m_kl_max=0.0285 m_ratio_max=0.815 w_ax@goal=+1.15 w_v@goal=15.07 return=1005.1 length=79 success_rate=1.00 collisions/ep=0.20 (n=25)
update=162 global_step=331776 SPS=684 w_ev=0.754 m_ev=0.988 m_v_bias=4.1 m_adv_std=17.4394 m_kl_max=0.0118 m_ratio_max=0.670 w_ax@goal=+1.15 w_v@goal=15.07 return=1000.9 length=79 success_rate=1.00 collisions/ep=0.24 (n=25)
update=163 global_step=333824 SPS=685 w_ev=0.697 m_ev=0.990 m_v_bias=3.5 m_adv_std=16.6129 m_kl_max=0.0078 m_ratio_max=0.376 w_ax@goal=+1.20 w_v@goal=14.98 return=991.8 length=79 success_rate=1.00 collisions/ep=0.42 (n=26)
update=164 global_step=335872 SPS=687 w_ev=0.804 m_ev=0.995 m_v_bias=-5.8 m_adv_std=11.7035 m_kl_max=0.0124 m_ratio_max=0.443 w_ax@goal=+1.28 w_v@goal=14.98 return=1005.4 length=80 success_rate=1.00 collisions/ep=0.19 (n=26)
update=165 global_step=337920 SPS=688 w_ev=0.627 m_ev=0.966 m_v_bias=5.7 m_adv_std=32.7175 m_kl_max=0.0119 m_ratio_max=0.444 w_ax@goal=+1.34 w_v@goal=15.04 return=986.2 length=79 success_rate=1.00 collisions/ep=0.54 (n=28)
Evaluation at update 165: return=1012.95, length=77.65, success_rate=1.00, collisions/ep=0.00
Solved-check at update 165: solved=True worst_gap=0.21 at p_x0=0.00 p_y0=-1.00 (consecutive=18)
update=166 global_step=339968 SPS=683 w_ev=0.801 m_ev=0.987 m_v_bias=-2.6 m_adv_std=19.4101 m_kl_max=0.0143 m_ratio_max=0.784 w_ax@goal=+1.31 w_v@goal=15.03 return=996.2 length=78 success_rate=1.00 collisions/ep=0.33 (n=24)
update=167 global_step=342016 SPS=684 w_ev=0.736 m_ev=0.989 m_v_bias=-2.2 m_adv_std=17.8607 m_kl_max=0.0178 m_ratio_max=0.597 w_ax@goal=+1.39 w_v@goal=15.01 return=994.1 length=80 success_rate=1.00 collisions/ep=0.42 (n=26)
update=168 global_step=344064 SPS=685 w_ev=0.841 m_ev=0.996 m_v_bias=-3.3 m_adv_std=10.9192 m_kl_max=0.0054 m_ratio_max=0.298 w_ax@goal=+1.31 w_v@goal=15.04 return=1005.3 length=77 success_rate=1.00 collisions/ep=0.15 (n=27)
update=169 global_step=346112 SPS=687 w_ev=0.794 m_ev=0.994 m_v_bias=0.5 m_adv_std=12.9362 m_kl_max=0.0128 m_ratio_max=0.418 w_ax@goal=+1.08 w_v@goal=15.02 return=1005.4 length=77 success_rate=1.00 collisions/ep=0.15 (n=27)
update=170 global_step=348160 SPS=689 w_ev=0.767 m_ev=0.993 m_v_bias=0.2 m_adv_std=13.8747 m_kl_max=0.0043 m_ratio_max=0.335 w_ax@goal=+1.18 w_v@goal=15.01 return=1003.0 length=79 success_rate=1.00 collisions/ep=0.20 (n=25)
Evaluation at update 170: return=1012.96, length=77.65, success_rate=1.00, collisions/ep=0.00
Solved-check at update 170: solved=True worst_gap=0.22 at p_x0=0.00 p_y0=-1.00 (consecutive=19)
update=171 global_step=350208 SPS=683 w_ev=0.782 m_ev=0.983 m_v_bias=1.2 m_adv_std=21.5091 m_kl_max=0.0112 m_ratio_max=0.582 w_ax@goal=+1.24 w_v@goal=15.02 return=1001.1 length=79 success_rate=1.00 collisions/ep=0.24 (n=25)
update=172 global_step=352256 SPS=684 w_ev=0.628 m_ev=0.958 m_v_bias=0.4 m_adv_std=35.2085 m_kl_max=0.0240 m_ratio_max=0.740 w_ax@goal=+1.24 w_v@goal=14.99 return=999.9 length=78 success_rate=1.00 collisions/ep=0.26 (n=27)
update=173 global_step=354304 SPS=685 w_ev=0.789 m_ev=0.992 m_v_bias=-0.6 m_adv_std=15.6869 m_kl_max=0.0274 m_ratio_max=1.825 w_ax@goal=+1.16 w_v@goal=15.01 return=987.0 length=78 success_rate=1.00 collisions/ep=0.52 (n=27)
update=174 global_step=356352 SPS=687 w_ev=0.692 m_ev=0.972 m_v_bias=-1.1 m_adv_std=28.4543 m_kl_max=0.0160 m_ratio_max=0.655 w_ax@goal=+1.20 w_v@goal=15.10 return=991.8 length=78 success_rate=1.00 collisions/ep=0.42 (n=26)
update=175 global_step=358400 SPS=688 w_ev=0.827 m_ev=0.992 m_v_bias=-0.0 m_adv_std=15.1261 m_kl_max=0.0098 m_ratio_max=0.589 w_ax@goal=+1.33 w_v@goal=15.02 return=998.9 length=78 success_rate=1.00 collisions/ep=0.28 (n=25)
Evaluation at update 175: return=1013.06, length=77.65, success_rate=1.00, collisions/ep=0.00
Solved-check at update 175: solved=True worst_gap=0.11 at p_x0=0.00 p_y0=-1.00 (consecutive=20)
update=176 global_step=360448 SPS=683 w_ev=0.810 m_ev=0.999 m_v_bias=-3.2 m_adv_std=6.0388 m_kl_max=0.0140 m_ratio_max=0.662 w_ax@goal=+1.18 w_v@goal=15.04 return=1011.3 length=79 success_rate=1.00 collisions/ep=0.04 (n=27)
update=177 global_step=362496 SPS=684 w_ev=0.766 m_ev=0.981 m_v_bias=6.3 m_adv_std=23.4608 m_kl_max=0.0115 m_ratio_max=0.542 w_ax@goal=+1.24 w_v@goal=15.02 return=994.5 length=78 success_rate=1.00 collisions/ep=0.37 (n=27)
update=178 global_step=364544 SPS=685 w_ev=0.817 m_ev=0.995 m_v_bias=-4.1 m_adv_std=11.9943 m_kl_max=0.0213 m_ratio_max=0.849 w_ax@goal=+1.29 w_v@goal=15.07 return=1007.3 length=78 success_rate=1.00 collisions/ep=0.12 (n=26)
update=179 global_step=366592 SPS=687 w_ev=0.717 m_ev=0.981 m_v_bias=4.3 m_adv_std=22.8475 m_kl_max=0.0253 m_ratio_max=0.740 w_ax@goal=+1.29 w_v@goal=15.05 return=991.1 length=79 success_rate=1.00 collisions/ep=0.44 (n=25)
update=180 global_step=368640 SPS=688 w_ev=0.825 m_ev=0.997 m_v_bias=-5.1 m_adv_std=8.5396 m_kl_max=0.0095 m_ratio_max=0.645 w_ax@goal=+1.44 w_v@goal=15.08 return=1009.2 length=77 success_rate=1.00 collisions/ep=0.07 (n=27)
Evaluation at update 180: return=1013.05, length=77.65, success_rate=1.00, collisions/ep=0.00
Solved-check at update 180: solved=True worst_gap=0.10 at p_x0=0.00 p_y0=-1.00 (consecutive=21)
update=181 global_step=370688 SPS=682 w_ev=0.858 m_ev=0.994 m_v_bias=-0.3 m_adv_std=13.0963 m_kl_max=0.0087 m_ratio_max=0.506 w_ax@goal=+1.40 w_v@goal=15.10 return=1003.6 length=79 success_rate=1.00 collisions/ep=0.19 (n=26)
update=182 global_step=372736 SPS=684 w_ev=0.657 m_ev=0.971 m_v_bias=3.9 m_adv_std=29.2730 m_kl_max=0.0139 m_ratio_max=0.836 w_ax@goal=+1.30 w_v@goal=15.10 return=994.1 length=80 success_rate=1.00 collisions/ep=0.38 (n=26)
update=183 global_step=374784 SPS=685 w_ev=0.627 m_ev=0.985 m_v_bias=0.6 m_adv_std=20.5113 m_kl_max=0.0069 m_ratio_max=0.444 w_ax@goal=+1.15 w_v@goal=14.99 return=1003.1 length=78 success_rate=1.00 collisions/ep=0.20 (n=25)
update=184 global_step=376832 SPS=687 w_ev=0.808 m_ev=0.992 m_v_bias=-2.1 m_adv_std=14.4497 m_kl_max=0.0117 m_ratio_max=0.652 w_ax@goal=+1.30 w_v@goal=15.03 return=998.9 length=79 success_rate=1.00 collisions/ep=0.29 (n=28)
update=185 global_step=378880 SPS=688 w_ev=0.773 m_ev=0.984 m_v_bias=1.5 m_adv_std=21.1460 m_kl_max=0.0148 m_ratio_max=0.617 w_ax@goal=+1.25 w_v@goal=15.04 return=1003.5 length=78 success_rate=1.00 collisions/ep=0.19 (n=26)
Evaluation at update 185: return=1013.06, length=77.65, success_rate=1.00, collisions/ep=0.00
Solved-check at update 185: solved=True worst_gap=0.10 at p_x0=0.00 p_y0=-1.00 (consecutive=22)
update=186 global_step=380928 SPS=683 w_ev=0.816 m_ev=0.998 m_v_bias=-2.9 m_adv_std=6.9776 m_kl_max=0.0123 m_ratio_max=0.575 w_ax@goal=+1.16 w_v@goal=15.01 return=1007.5 length=79 success_rate=1.00 collisions/ep=0.11 (n=27)
update=187 global_step=382976 SPS=684 w_ev=0.770 m_ev=0.990 m_v_bias=2.8 m_adv_std=16.2966 m_kl_max=0.0549 m_ratio_max=2.838 w_ax@goal=+1.39 w_v@goal=15.04 return=1003.2 length=79 success_rate=1.00 collisions/ep=0.20 (n=25)
update=188 global_step=385024 SPS=685 w_ev=0.718 m_ev=0.980 m_v_bias=3.8 m_adv_std=23.2928 m_kl_max=0.0308 m_ratio_max=1.402 w_ax@goal=+1.23 w_v@goal=15.04 return=994.4 length=78 success_rate=1.00 collisions/ep=0.38 (n=24)
update=189 global_step=387072 SPS=687 w_ev=0.724 m_ev=0.983 m_v_bias=-4.2 m_adv_std=22.6328 m_kl_max=0.0189 m_ratio_max=0.622 w_ax@goal=+1.17 w_v@goal=15.03 return=994.5 length=78 success_rate=1.00 collisions/ep=0.37 (n=27)
update=190 global_step=389120 SPS=688 w_ev=0.780 m_ev=0.989 m_v_bias=-0.6 m_adv_std=18.2796 m_kl_max=0.0190 m_ratio_max=0.849 w_ax@goal=+1.16 w_v@goal=15.03 return=1009.6 length=80 success_rate=1.00 collisions/ep=0.08 (n=26)
Evaluation at update 190: return=1013.02, length=77.65, success_rate=1.00, collisions/ep=0.00
Solved-check at update 190: solved=True worst_gap=0.13 at p_x0=0.00 p_y0=-1.00 (consecutive=23)
update=191 global_step=391168 SPS=683 w_ev=0.858 m_ev=0.997 m_v_bias=-2.1 m_adv_std=9.1591 m_kl_max=0.0164 m_ratio_max=0.567 w_ax@goal=+1.13 w_v@goal=15.06 return=1003.8 length=79 success_rate=1.00 collisions/ep=0.19 (n=27)
update=192 global_step=393216 SPS=685 w_ev=0.842 m_ev=0.991 m_v_bias=2.4 m_adv_std=16.2070 m_kl_max=0.0111 m_ratio_max=0.545 w_ax@goal=+1.28 w_v@goal=15.05 return=1002.7 length=79 success_rate=1.00 collisions/ep=0.21 (n=24)
update=193 global_step=395264 SPS=686 w_ev=0.767 m_ev=0.982 m_v_bias=4.8 m_adv_std=22.9549 m_kl_max=0.0180 m_ratio_max=0.748 w_ax@goal=+1.30 w_v@goal=15.05 return=994.9 length=80 success_rate=1.00 collisions/ep=0.37 (n=27)
update=194 global_step=397312 SPS=687 w_ev=0.776 m_ev=0.989 m_v_bias=-2.5 m_adv_std=17.0908 m_kl_max=0.0048 m_ratio_max=0.412 w_ax@goal=+1.24 w_v@goal=15.04 return=1006.6 length=76 success_rate=1.00 collisions/ep=0.12 (n=25)
update=195 global_step=399360 SPS=689 w_ev=0.807 m_ev=0.998 m_v_bias=-0.2 m_adv_std=7.1980 m_kl_max=0.0055 m_ratio_max=0.443 w_ax@goal=+1.18 w_v@goal=15.06 return=1009.6 length=78 success_rate=1.00 collisions/ep=0.07 (n=29)
Evaluation at update 195: return=1013.01, length=77.65, success_rate=1.00, collisions/ep=0.00
Solved-check at update 195: solved=True worst_gap=0.12 at p_x0=0.00 p_y0=-1.00 (consecutive=24)
update=196 global_step=401408 SPS=684 w_ev=0.848 m_ev=0.998 m_v_bias=0.1 m_adv_std=7.2351 m_kl_max=0.0296 m_ratio_max=1.613 w_ax@goal=+1.24 w_v@goal=15.03 return=1009.1 length=79 success_rate=1.00 collisions/ep=0.08 (n=25)
update=197 global_step=403456 SPS=685 w_ev=0.812 m_ev=1.000 m_v_bias=-1.9 m_adv_std=2.9207 m_kl_max=0.0226 m_ratio_max=0.613 w_ax@goal=+1.31 w_v@goal=15.00 return=1013.4 length=80 success_rate=1.00 collisions/ep=0.00 (n=25)
update=198 global_step=405504 SPS=686 w_ev=0.838 m_ev=0.999 m_v_bias=0.4 m_adv_std=5.8691 m_kl_max=0.0119 m_ratio_max=0.465 w_ax@goal=+1.38 w_v@goal=15.02 return=1011.5 length=80 success_rate=1.00 collisions/ep=0.04 (n=25)
update=199 global_step=407552 SPS=687 w_ev=0.897 m_ev=0.999 m_v_bias=0.7 m_adv_std=6.3673 m_kl_max=0.0078 m_ratio_max=0.386 w_ax@goal=+1.24 w_v@goal=15.03 return=1011.2 length=78 success_rate=1.00 collisions/ep=0.03 (n=29)
update=200 global_step=409600 SPS=689 w_ev=0.872 m_ev=1.000 m_v_bias=-0.2 m_adv_std=2.9929 m_kl_max=0.0114 m_ratio_max=0.531 w_ax@goal=+1.30 w_v@goal=15.05 return=1012.9 length=77 success_rate=1.00 collisions/ep=0.00 (n=25)
Evaluation at update 200: return=1013.03, length=77.65, success_rate=1.00, collisions/ep=0.00
Solved-check at update 200: solved=True worst_gap=0.13 at p_x0=0.00 p_y0=-1.00 (consecutive=25)
update=201 global_step=411648 SPS=684 w_ev=0.858 m_ev=1.000 m_v_bias=-0.0 m_adv_std=2.2493 m_kl_max=0.0109 m_ratio_max=0.901 w_ax@goal=+1.06 w_v@goal=15.02 return=1013.0 length=78 success_rate=1.00 collisions/ep=0.00 (n=25)
update=202 global_step=413696 SPS=685 w_ev=0.870 m_ev=0.997 m_v_bias=2.6 m_adv_std=8.7211 m_kl_max=0.0110 m_ratio_max=1.122 w_ax@goal=+1.05 w_v@goal=15.01 return=1009.3 length=79 success_rate=1.00 collisions/ep=0.08 (n=26)
update=203 global_step=415744 SPS=686 w_ev=0.872 m_ev=0.997 m_v_bias=-0.5 m_adv_std=8.8022 m_kl_max=0.0070 m_ratio_max=0.376 w_ax@goal=+1.17 w_v@goal=15.02 return=1008.0 length=79 success_rate=1.00 collisions/ep=0.10 (n=29)
update=204 global_step=417792 SPS=687 w_ev=0.903 m_ev=1.000 m_v_bias=-2.1 m_adv_std=3.5368 m_kl_max=0.0118 m_ratio_max=0.930 w_ax@goal=+1.22 w_v@goal=15.01 return=1013.3 length=79 success_rate=1.00 collisions/ep=0.00 (n=24)
update=205 global_step=419840 SPS=688 w_ev=0.845 m_ev=0.996 m_v_bias=0.9 m_adv_std=9.9769 m_kl_max=0.0132 m_ratio_max=0.736 w_ax@goal=+1.20 w_v@goal=15.00 return=1009.5 length=80 success_rate=1.00 collisions/ep=0.08 (n=25)
Evaluation at update 205: return=1013.02, length=77.65, success_rate=1.00, collisions/ep=0.00
Solved-check at update 205: solved=True worst_gap=0.13 at p_x0=0.00 p_y0=-1.00 (consecutive=26)
update=206 global_step=421888 SPS=684 w_ev=0.741 m_ev=0.971 m_v_bias=6.2 m_adv_std=28.4271 m_kl_max=0.0203 m_ratio_max=0.716 w_ax@goal=+1.30 w_v@goal=15.03 return=988.1 length=79 success_rate=1.00 collisions/ep=0.50 (n=26)
update=207 global_step=423936 SPS=685 w_ev=0.776 m_ev=0.993 m_v_bias=-4.6 m_adv_std=13.4438 m_kl_max=0.0050 m_ratio_max=0.396 w_ax@goal=+1.18 w_v@goal=15.06 return=1005.5 length=79 success_rate=1.00 collisions/ep=0.15 (n=26)
update=208 global_step=425984 SPS=686 w_ev=0.851 m_ev=0.993 m_v_bias=-2.1 m_adv_std=13.5624 m_kl_max=0.0073 m_ratio_max=0.511 w_ax@goal=+1.12 w_v@goal=15.03 return=1005.4 length=79 success_rate=1.00 collisions/ep=0.15 (n=26)
update=209 global_step=428032 SPS=687 w_ev=0.853 m_ev=0.999 m_v_bias=-3.5 m_adv_std=5.9211 m_kl_max=0.0178 m_ratio_max=1.167 w_ax@goal=+1.16 w_v@goal=15.03 return=1011.6 length=81 success_rate=1.00 collisions/ep=0.04 (n=26)
update=210 global_step=430080 SPS=688 w_ev=0.896 m_ev=0.998 m_v_bias=-0.2 m_adv_std=6.4376 m_kl_max=0.0097 m_ratio_max=0.529 w_ax@goal=+1.27 w_v@goal=15.06 return=1010.8 length=77 success_rate=1.00 collisions/ep=0.04 (n=26)
Evaluation at update 210: return=1013.02, length=77.65, success_rate=1.00, collisions/ep=0.00
Solved-check at update 210: solved=True worst_gap=0.13 at p_x0=0.00 p_y0=-1.00 (consecutive=27)
update=211 global_step=432128 SPS=684 w_ev=0.900 m_ev=0.997 m_v_bias=0.6 m_adv_std=8.3286 m_kl_max=0.0120 m_ratio_max=0.976 w_ax@goal=+1.24 w_v@goal=15.04 return=1009.1 length=79 success_rate=1.00 collisions/ep=0.08 (n=26)
update=212 global_step=434176 SPS=685 w_ev=0.915 m_ev=1.000 m_v_bias=-2.2 m_adv_std=2.6744 m_kl_max=0.0261 m_ratio_max=1.001 w_ax@goal=+1.30 w_v@goal=15.01 return=1013.1 length=79 success_rate=1.00 collisions/ep=0.00 (n=25)
update=213 global_step=436224 SPS=686 w_ev=0.797 m_ev=0.998 m_v_bias=0.9 m_adv_std=7.2844 m_kl_max=0.0136 m_ratio_max=0.493 w_ax@goal=+1.32 w_v@goal=15.05 return=1009.4 length=78 success_rate=1.00 collisions/ep=0.07 (n=29)
update=214 global_step=438272 SPS=687 w_ev=0.887 m_ev=1.000 m_v_bias=0.5 m_adv_std=2.6177 m_kl_max=0.0091 m_ratio_max=0.398 w_ax@goal=+1.14 w_v@goal=15.01 return=1012.8 length=78 success_rate=1.00 collisions/ep=0.00 (n=24)
update=215 global_step=440320 SPS=688 w_ev=0.874 m_ev=1.000 m_v_bias=-0.6 m_adv_std=2.4191 m_kl_max=0.0128 m_ratio_max=0.499 w_ax@goal=+1.16 w_v@goal=15.01 return=1013.4 length=81 success_rate=1.00 collisions/ep=0.00 (n=24)
Evaluation at update 215: return=1012.98, length=77.65, success_rate=1.00, collisions/ep=0.00
Solved-check at update 215: solved=True worst_gap=0.17 at p_x0=0.00 p_y0=1.00 (consecutive=28)
update=216 global_step=442368 SPS=683 w_ev=0.861 m_ev=0.999 m_v_bias=-0.2 m_adv_std=5.8656 m_kl_max=0.0095 m_ratio_max=0.379 w_ax@goal=+1.32 w_v@goal=15.01 return=1011.1 length=78 success_rate=1.00 collisions/ep=0.04 (n=28)
update=217 global_step=444416 SPS=684 w_ev=0.831 m_ev=1.000 m_v_bias=0.1 m_adv_std=3.2673 m_kl_max=0.0185 m_ratio_max=0.864 w_ax@goal=+1.04 w_v@goal=15.02 return=1013.1 length=79 success_rate=1.00 collisions/ep=0.00 (n=28)
update=218 global_step=446464 SPS=685 w_ev=0.821 m_ev=0.999 m_v_bias=-0.4 m_adv_std=6.3302 m_kl_max=0.0711 m_ratio_max=4.561 w_ax@goal=+1.24 w_v@goal=14.99 return=1010.9 length=78 success_rate=1.00 collisions/ep=0.04 (n=25)
update=219 global_step=448512 SPS=686 w_ev=0.910 m_ev=0.999 m_v_bias=-0.1 m_adv_std=5.9132 m_kl_max=0.0083 m_ratio_max=0.503 w_ax@goal=+1.24 w_v@goal=14.99 return=1011.3 length=80 success_rate=1.00 collisions/ep=0.04 (n=25)
update=220 global_step=450560 SPS=688 w_ev=0.827 m_ev=0.988 m_v_bias=2.6 m_adv_std=17.6800 m_kl_max=0.0180 m_ratio_max=0.641 w_ax@goal=+1.31 w_v@goal=15.01 return=1011.4 length=80 success_rate=1.00 collisions/ep=0.04 (n=24)
Evaluation at update 220: return=1012.97, length=77.65, success_rate=1.00, collisions/ep=0.00
Solved-check at update 220: solved=True worst_gap=0.19 at p_x0=0.00 p_y0=1.00 (consecutive=29)
update=221 global_step=452608 SPS=683 w_ev=0.801 m_ev=0.997 m_v_bias=0.8 m_adv_std=9.5435 m_kl_max=0.0146 m_ratio_max=0.599 w_ax@goal=+1.20 w_v@goal=15.08 return=1001.0 length=79 success_rate=1.00 collisions/ep=0.24 (n=29)
update=222 global_step=454656 SPS=684 w_ev=0.917 m_ev=0.999 m_v_bias=-1.6 m_adv_std=3.9608 m_kl_max=0.0119 m_ratio_max=0.515 w_ax@goal=+1.31 w_v@goal=15.00 return=1012.9 length=78 success_rate=1.00 collisions/ep=0.00 (n=25)
update=223 global_step=456704 SPS=685 w_ev=0.923 m_ev=0.998 m_v_bias=0.7 m_adv_std=7.5358 m_kl_max=0.0176 m_ratio_max=0.462 w_ax@goal=+1.37 w_v@goal=15.01 return=1009.3 length=79 success_rate=1.00 collisions/ep=0.08 (n=26)
update=224 global_step=458752 SPS=686 w_ev=0.857 m_ev=0.992 m_v_bias=3.5 m_adv_std=15.6119 m_kl_max=0.0136 m_ratio_max=0.684 w_ax@goal=+1.33 w_v@goal=15.04 return=1003.9 length=79 success_rate=1.00 collisions/ep=0.22 (n=27)
update=225 global_step=460800 SPS=687 w_ev=0.882 m_ev=0.996 m_v_bias=-4.4 m_adv_std=10.0143 m_kl_max=0.0095 m_ratio_max=0.513 w_ax@goal=+1.44 w_v@goal=15.05 return=1005.2 length=78 success_rate=1.00 collisions/ep=0.15 (n=26)
Evaluation at update 225: return=1012.99, length=77.65, success_rate=1.00, collisions/ep=0.00
Solved-check at update 225: solved=True worst_gap=0.17 at p_x0=0.00 p_y0=1.00 (consecutive=30)
update=226 global_step=462848 SPS=683 w_ev=0.870 m_ev=0.997 m_v_bias=-0.4 m_adv_std=8.3983 m_kl_max=0.0213 m_ratio_max=0.994 w_ax@goal=+1.27 w_v@goal=15.07 return=1008.9 length=78 success_rate=1.00 collisions/ep=0.08 (n=25)
update=227 global_step=464896 SPS=684 w_ev=0.931 m_ev=1.000 m_v_bias=-2.0 m_adv_std=3.3835 m_kl_max=0.0111 m_ratio_max=0.673 w_ax@goal=+1.04 w_v@goal=15.06 return=1012.8 length=77 success_rate=1.00 collisions/ep=0.00 (n=28)
update=228 global_step=466944 SPS=685 w_ev=0.932 m_ev=0.998 m_v_bias=-0.2 m_adv_std=6.5957 m_kl_max=0.0077 m_ratio_max=0.390 w_ax@goal=+1.05 w_v@goal=15.04 return=1011.2 length=79 success_rate=1.00 collisions/ep=0.04 (n=25)
update=229 global_step=468992 SPS=686 w_ev=0.886 m_ev=0.996 m_v_bias=-0.2 m_adv_std=10.6900 m_kl_max=0.0274 m_ratio_max=0.928 w_ax@goal=+1.17 w_v@goal=15.04 return=1009.4 length=79 success_rate=1.00 collisions/ep=0.08 (n=26)
update=230 global_step=471040 SPS=687 w_ev=0.879 m_ev=0.998 m_v_bias=-1.2 m_adv_std=7.9950 m_kl_max=0.0177 m_ratio_max=0.750 w_ax@goal=+1.19 w_v@goal=15.06 return=1009.3 length=77 success_rate=1.00 collisions/ep=0.07 (n=28)
Evaluation at update 230: return=1013.02, length=77.65, success_rate=1.00, collisions/ep=0.00
Solved-check at update 230: solved=True worst_gap=0.12 at p_x0=0.00 p_y0=1.00 (consecutive=31)
update=231 global_step=473088 SPS=682 w_ev=0.836 m_ev=0.999 m_v_bias=-2.4 m_adv_std=3.9737 m_kl_max=0.0143 m_ratio_max=0.857 w_ax@goal=+1.12 w_v@goal=15.06 return=1013.0 length=78 success_rate=1.00 collisions/ep=0.00 (n=24)
update=232 global_step=475136 SPS=684 w_ev=0.882 m_ev=0.996 m_v_bias=2.9 m_adv_std=9.8351 m_kl_max=0.0055 m_ratio_max=0.446 w_ax@goal=+1.17 w_v@goal=15.04 return=1007.6 length=80 success_rate=1.00 collisions/ep=0.12 (n=26)
update=233 global_step=477184 SPS=684 w_ev=0.890 m_ev=0.997 m_v_bias=-1.1 m_adv_std=8.6111 m_kl_max=0.0110 m_ratio_max=0.495 w_ax@goal=+1.12 w_v@goal=15.04 return=1011.2 length=78 success_rate=1.00 collisions/ep=0.04 (n=27)
update=234 global_step=479232 SPS=685 w_ev=0.924 m_ev=1.000 m_v_bias=-1.4 m_adv_std=3.5814 m_kl_max=0.0038 m_ratio_max=0.297 w_ax@goal=+0.98 w_v@goal=15.03 return=1011.2 length=79 success_rate=1.00 collisions/ep=0.04 (n=26)
update=235 global_step=481280 SPS=686 w_ev=0.922 m_ev=0.999 m_v_bias=-0.5 m_adv_std=5.5061 m_kl_max=0.0069 m_ratio_max=0.313 w_ax@goal=+0.98 w_v@goal=15.02 return=1011.3 length=80 success_rate=1.00 collisions/ep=0.04 (n=25)
Evaluation at update 235: return=1013.10, length=77.65, success_rate=1.00, collisions/ep=0.00
Solved-check at update 235: solved=True worst_gap=0.06 at p_x0=0.00 p_y0=1.00 (consecutive=32)
update=236 global_step=483328 SPS=682 w_ev=0.912 m_ev=1.000 m_v_bias=-0.6 m_adv_std=2.4591 m_kl_max=0.0115 m_ratio_max=0.586 w_ax@goal=+1.03 w_v@goal=15.01 return=1013.0 length=77 success_rate=1.00 collisions/ep=0.00 (n=25)
update=237 global_step=485376 SPS=683 w_ev=0.770 m_ev=0.990 m_v_bias=2.0 m_adv_std=17.1942 m_kl_max=0.0050 m_ratio_max=0.312 w_ax@goal=+0.96 w_v@goal=15.03 return=1004.7 length=78 success_rate=1.00 collisions/ep=0.17 (n=30)
update=238 global_step=487424 SPS=684 w_ev=0.786 m_ev=0.998 m_v_bias=-3.4 m_adv_std=6.6609 m_kl_max=0.0095 m_ratio_max=0.566 w_ax@goal=+0.89 w_v@goal=15.02 return=1011.1 length=78 success_rate=1.00 collisions/ep=0.04 (n=25)
update=239 global_step=489472 SPS=685 w_ev=0.858 m_ev=0.996 m_v_bias=1.0 m_adv_std=10.9101 m_kl_max=0.0176 m_ratio_max=0.670 w_ax@goal=+0.97 w_v@goal=15.03 return=1005.2 length=79 success_rate=1.00 collisions/ep=0.16 (n=25)
update=240 global_step=491520 SPS=686 w_ev=0.903 m_ev=0.998 m_v_bias=-1.6 m_adv_std=8.0698 m_kl_max=0.0145 m_ratio_max=0.489 w_ax@goal=+0.96 w_v@goal=15.04 return=1009.6 length=81 success_rate=1.00 collisions/ep=0.08 (n=25)
Evaluation at update 240: return=1013.11, length=77.65, success_rate=1.00, collisions/ep=0.00
Solved-check at update 240: solved=True worst_gap=0.05 at p_x0=0.00 p_y0=1.00 (consecutive=33)
update=241 global_step=493568 SPS=682 w_ev=0.831 m_ev=0.999 m_v_bias=-0.2 m_adv_std=6.3326 m_kl_max=0.0090 m_ratio_max=0.435 w_ax@goal=+0.97 w_v@goal=14.98 return=1011.3 length=78 success_rate=1.00 collisions/ep=0.03 (n=29)
update=242 global_step=495616 SPS=683 w_ev=0.908 m_ev=0.999 m_v_bias=-0.5 m_adv_std=5.4496 m_kl_max=0.0143 m_ratio_max=0.557 w_ax@goal=+1.14 w_v@goal=14.99 return=1010.9 length=78 success_rate=1.00 collisions/ep=0.04 (n=24)
update=243 global_step=497664 SPS=684 w_ev=0.885 m_ev=1.000 m_v_bias=-1.9 m_adv_std=2.1107 m_kl_max=0.0111 m_ratio_max=0.525 w_ax@goal=+1.05 w_v@goal=14.98 return=1013.1 length=79 success_rate=1.00 collisions/ep=0.00 (n=26)
update=244 global_step=499712 SPS=685 w_ev=0.805 m_ev=1.000 m_v_bias=0.0 m_adv_std=2.3667 m_kl_max=0.0231 m_ratio_max=0.998 w_ax@goal=+1.11 w_v@goal=15.01 return=1013.2 length=79 success_rate=1.00 collisions/ep=0.00 (n=26)
Saved checkpoints to C:\Users\loren\Desktop\MASTER THESIS\5_CODE\scenarios\slalom\studies\extrinsic_sweep\coef_0.015\runs\hppo_slalom_6_1790267321
