Using device: cpu
Solved-check: precomputed optimal returns for 25 fixed initial conditions (mean=1013.0, min=1011.0, max=1015.0); solved-tolerance=5.0
num_envs=8 num_steps_per_env=256 worker_batch_size=2048 worker_minibatch_size=256 num_updates=244 timesteps=499712 (requested 500000; 288 dropped by integer division)
update=1 global_step=2048 SPS=1122 w_ev=-0.082 m_ev=0.002 m_v_bias=68.9 m_adv_std=276.2195 m_kl_max=0.0006 m_ratio_max=0.094 w_ax@goal=-0.03 w_v@goal=-0.20 return=-247.3 length=170 success_rate=0.38 collisions/ep=10.00 (n=8)
update=2 global_step=4096 SPS=1059 w_ev=0.332 m_ev=0.361 m_v_bias=37.9 m_adv_std=141.8172 m_kl_max=0.0018 m_ratio_max=0.288 w_ax@goal=+0.98 w_v@goal=2.13 return=-407.0 length=191 success_rate=0.11 collisions/ep=6.89 (n=9)
update=3 global_step=6144 SPS=1079 w_ev=0.525 m_ev=0.532 m_v_bias=-42.5 m_adv_std=210.0589 m_kl_max=0.0009 m_ratio_max=0.262 w_ax@goal=+0.11 w_v@goal=2.55 return=-163.5 length=184 success_rate=0.27 collisions/ep=5.27 (n=11)
update=4 global_step=8192 SPS=1094 w_ev=0.754 m_ev=0.780 m_v_bias=-43.6 m_adv_std=146.1701 m_kl_max=0.0025 m_ratio_max=0.229 w_ax@goal=+0.57 w_v@goal=5.38 return=-162.8 length=178 success_rate=0.31 collisions/ep=6.46 (n=13)
update=5 global_step=10240 SPS=1093 w_ev=0.875 m_ev=0.902 m_v_bias=-84.6 m_adv_std=102.2902 m_kl_max=0.0036 m_ratio_max=0.337 w_ax@goal=+0.34 w_v@goal=7.90 return=120.6 length=161 success_rate=0.38 collisions/ep=2.62 (n=13)
Evaluation at update 5: return=166.63, length=93.40, success_rate=1.00, collisions/ep=16.60
Solved-check at update 5: solved=False worst_gap=917.70 at p_x0=0.00 p_y0=0.50 (consecutive=0)
update=6 global_step=12288 SPS=705 w_ev=0.951 m_ev=0.944 m_v_bias=-63.6 m_adv_std=86.3184 m_kl_max=0.0039 m_ratio_max=0.251 w_ax@goal=+0.59 w_v@goal=12.06 return=488.9 length=127 success_rate=0.82 collisions/ep=5.59 (n=17)
update=7 global_step=14336 SPS=740 w_ev=0.946 m_ev=0.815 m_v_bias=-63.6 m_adv_std=115.9391 m_kl_max=0.0107 m_ratio_max=1.042 w_ax@goal=+0.65 w_v@goal=14.00 return=640.9 length=114 success_rate=0.90 collisions/ep=4.60 (n=20)
update=8 global_step=16384 SPS=776 w_ev=0.943 m_ev=0.917 m_v_bias=20.4 m_adv_std=75.9729 m_kl_max=0.0165 m_ratio_max=0.619 w_ax@goal=+0.69 w_v@goal=14.78 return=717.0 length=90 success_rate=1.00 collisions/ep=5.71 (n=24)
update=9 global_step=18432 SPS=805 w_ev=0.912 m_ev=0.887 m_v_bias=-21.8 m_adv_std=72.3293 m_kl_max=0.0074 m_ratio_max=0.329 w_ax@goal=+0.37 w_v@goal=14.95 return=832.0 length=88 success_rate=1.00 collisions/ep=3.41 (n=22)
update=10 global_step=20480 SPS=825 w_ev=0.918 m_ev=0.882 m_v_bias=12.3 m_adv_std=83.0310 m_kl_max=0.0024 m_ratio_max=0.311 w_ax@goal=+0.71 w_v@goal=14.85 return=806.8 length=88 success_rate=1.00 collisions/ep=3.96 (n=24)
Evaluation at update 10: return=536.21, length=81.20, success_rate=1.00, collisions/ep=9.45
Solved-check at update 10: solved=False worst_gap=504.93 at p_x0=1.50 p_y0=1.00 (consecutive=0)
update=11 global_step=22528 SPS=692 w_ev=0.897 m_ev=0.894 m_v_bias=11.3 m_adv_std=73.6593 m_kl_max=0.0100 m_ratio_max=0.426 w_ax@goal=+0.65 w_v@goal=14.63 return=804.5 length=88 success_rate=1.00 collisions/ep=4.00 (n=22)
update=12 global_step=24576 SPS=712 w_ev=0.919 m_ev=0.897 m_v_bias=-26.2 m_adv_std=72.7917 m_kl_max=0.0011 m_ratio_max=0.195 w_ax@goal=+0.77 w_v@goal=14.78 return=830.1 length=85 success_rate=1.00 collisions/ep=3.56 (n=25)
update=13 global_step=26624 SPS=731 w_ev=0.915 m_ev=0.909 m_v_bias=8.5 m_adv_std=67.4956 m_kl_max=0.0132 m_ratio_max=0.629 w_ax@goal=+0.65 w_v@goal=14.71 return=810.5 length=87 success_rate=1.00 collisions/ep=3.92 (n=24)
update=14 global_step=28672 SPS=749 w_ev=0.894 m_ev=0.883 m_v_bias=0.0 m_adv_std=76.2874 m_kl_max=0.0053 m_ratio_max=0.285 w_ax@goal=+0.54 w_v@goal=14.63 return=840.7 length=84 success_rate=1.00 collisions/ep=3.33 (n=24)
update=15 global_step=30720 SPS=763 w_ev=0.913 m_ev=0.945 m_v_bias=-12.2 m_adv_std=48.2612 m_kl_max=0.0069 m_ratio_max=0.354 w_ax@goal=+0.37 w_v@goal=14.51 return=904.8 length=87 success_rate=1.00 collisions/ep=2.00 (n=25)
Evaluation at update 15: return=969.89, length=80.15, success_rate=1.00, collisions/ep=0.80
Solved-check at update 15: solved=False worst_gap=53.09 at p_x0=2.00 p_y0=0.50 (consecutive=0)
update=16 global_step=32768 SPS=685 w_ev=0.910 m_ev=0.949 m_v_bias=-11.9 m_adv_std=44.4903 m_kl_max=0.0156 m_ratio_max=0.668 w_ax@goal=+0.65 w_v@goal=14.56 return=924.6 length=85 success_rate=1.00 collisions/ep=1.65 (n=23)
update=17 global_step=34816 SPS=700 w_ev=0.871 m_ev=0.886 m_v_bias=24.2 m_adv_std=72.4220 m_kl_max=0.0065 m_ratio_max=0.349 w_ax@goal=+0.61 w_v@goal=14.42 return=869.5 length=86 success_rate=1.00 collisions/ep=2.76 (n=25)
update=18 global_step=36864 SPS=713 w_ev=0.904 m_ev=0.934 m_v_bias=-8.1 m_adv_std=53.3745 m_kl_max=0.0047 m_ratio_max=0.300 w_ax@goal=+0.71 w_v@goal=14.34 return=889.8 length=84 success_rate=1.00 collisions/ep=2.38 (n=24)
update=19 global_step=38912 SPS=725 w_ev=0.894 m_ev=0.929 m_v_bias=-15.4 m_adv_std=51.4195 m_kl_max=0.0118 m_ratio_max=0.376 w_ax@goal=+0.57 w_v@goal=14.54 return=933.0 length=84 success_rate=1.00 collisions/ep=1.50 (n=24)
update=20 global_step=40960 SPS=738 w_ev=0.883 m_ev=0.902 m_v_bias=-1.2 m_adv_std=61.6168 m_kl_max=0.0036 m_ratio_max=0.578 w_ax@goal=+0.71 w_v@goal=14.69 return=916.7 length=83 success_rate=1.00 collisions/ep=1.88 (n=26)
Evaluation at update 20: return=1003.27, length=79.35, success_rate=1.00, collisions/ep=0.15
Solved-check at update 20: solved=False worst_gap=51.91 at p_x0=1.00 p_y0=-1.00 (consecutive=0)
update=21 global_step=43008 SPS=684 w_ev=0.912 m_ev=0.963 m_v_bias=-11.1 m_adv_std=36.7306 m_kl_max=0.0016 m_ratio_max=0.237 w_ax@goal=+0.85 w_v@goal=14.67 return=945.2 length=82 success_rate=1.00 collisions/ep=1.38 (n=24)
update=22 global_step=45056 SPS=696 w_ev=0.779 m_ev=0.924 m_v_bias=18.3 m_adv_std=50.7640 m_kl_max=0.0090 m_ratio_max=0.448 w_ax@goal=+0.82 w_v@goal=14.61 return=922.1 length=81 success_rate=1.00 collisions/ep=1.75 (n=24)
update=23 global_step=47104 SPS=706 w_ev=0.834 m_ev=0.943 m_v_bias=-6.1 m_adv_std=44.9507 m_kl_max=0.0148 m_ratio_max=0.534 w_ax@goal=+0.66 w_v@goal=14.30 return=911.2 length=82 success_rate=1.00 collisions/ep=2.00 (n=24)
update=24 global_step=49152 SPS=715 w_ev=0.839 m_ev=0.938 m_v_bias=-10.4 m_adv_std=46.2283 m_kl_max=0.0108 m_ratio_max=0.541 w_ax@goal=+0.86 w_v@goal=14.41 return=959.8 length=83 success_rate=1.00 collisions/ep=0.96 (n=25)
update=25 global_step=51200 SPS=724 w_ev=0.872 m_ev=0.916 m_v_bias=1.7 m_adv_std=55.8645 m_kl_max=0.0117 m_ratio_max=0.362 w_ax@goal=+0.85 w_v@goal=14.36 return=925.3 length=83 success_rate=1.00 collisions/ep=1.72 (n=25)
Evaluation at update 25: return=1010.79, length=79.20, success_rate=1.00, collisions/ep=0.00
Solved-check at update 25: solved=True worst_gap=2.33 at p_x0=0.00 p_y0=-1.00 (consecutive=0)
update=26 global_step=53248 SPS=683 w_ev=0.838 m_ev=0.925 m_v_bias=2.8 m_adv_std=55.5675 m_kl_max=0.0202 m_ratio_max=0.657 w_ax@goal=+0.79 w_v@goal=14.68 return=930.9 length=81 success_rate=1.00 collisions/ep=1.57 (n=28)
update=27 global_step=55296 SPS=692 w_ev=0.855 m_ev=0.959 m_v_bias=-9.0 m_adv_std=36.5950 m_kl_max=0.0127 m_ratio_max=0.578 w_ax@goal=+0.99 w_v@goal=14.47 return=947.6 length=80 success_rate=1.00 collisions/ep=1.32 (n=25)
update=28 global_step=57344 SPS=700 w_ev=0.892 m_ev=0.963 m_v_bias=-5.6 m_adv_std=34.3898 m_kl_max=0.0082 m_ratio_max=0.404 w_ax@goal=+0.89 w_v@goal=14.58 return=957.5 length=81 success_rate=1.00 collisions/ep=1.04 (n=25)
update=29 global_step=59392 SPS=709 w_ev=0.858 m_ev=0.977 m_v_bias=-5.3 m_adv_std=26.6994 m_kl_max=0.0112 m_ratio_max=0.563 w_ax@goal=+0.75 w_v@goal=14.61 return=966.5 length=82 success_rate=1.00 collisions/ep=0.96 (n=24)
update=30 global_step=61440 SPS=717 w_ev=0.846 m_ev=0.976 m_v_bias=1.3 m_adv_std=26.7942 m_kl_max=0.0066 m_ratio_max=0.385 w_ax@goal=+0.65 w_v@goal=14.44 return=970.4 length=82 success_rate=1.00 collisions/ep=0.88 (n=24)
Evaluation at update 30: return=1011.18, length=78.85, success_rate=1.00, collisions/ep=0.00
Solved-check at update 30: solved=True worst_gap=1.98 at p_x0=0.00 p_y0=-1.00 (consecutive=1)
Solved criterion held for 2 consecutive evals (tolerance=5.0) at global_step=61440.
update=31 global_step=63488 SPS=681 w_ev=0.841 m_ev=0.939 m_v_bias=14.2 m_adv_std=48.1503 m_kl_max=0.0115 m_ratio_max=0.485 w_ax@goal=+0.70 w_v@goal=14.61 return=930.7 length=79 success_rate=1.00 collisions/ep=1.59 (n=29)
update=32 global_step=65536 SPS=686 w_ev=0.799 m_ev=0.905 m_v_bias=-7.5 m_adv_std=61.1699 m_kl_max=0.0077 m_ratio_max=0.331 w_ax@goal=+1.01 w_v@goal=14.78 return=941.2 length=83 success_rate=1.00 collisions/ep=1.38 (n=24)
update=33 global_step=67584 SPS=693 w_ev=0.878 m_ev=0.972 m_v_bias=-6.0 m_adv_std=29.9637 m_kl_max=0.0301 m_ratio_max=0.580 w_ax@goal=+1.10 w_v@goal=14.73 return=960.4 length=82 success_rate=1.00 collisions/ep=1.00 (n=24)
update=34 global_step=69632 SPS=701 w_ev=0.825 m_ev=0.950 m_v_bias=-7.8 m_adv_std=39.5202 m_kl_max=0.0097 m_ratio_max=0.525 w_ax@goal=+1.01 w_v@goal=14.83 return=966.8 length=81 success_rate=1.00 collisions/ep=0.92 (n=25)
update=35 global_step=71680 SPS=707 w_ev=0.861 m_ev=0.951 m_v_bias=5.0 m_adv_std=37.9891 m_kl_max=0.0105 m_ratio_max=0.441 w_ax@goal=+0.89 w_v@goal=14.82 return=960.8 length=80 success_rate=1.00 collisions/ep=1.04 (n=25)
Evaluation at update 35: return=1011.76, length=78.25, success_rate=1.00, collisions/ep=0.00
Solved-check at update 35: solved=True worst_gap=1.33 at p_x0=0.00 p_y0=-1.00 (consecutive=2)
update=36 global_step=73728 SPS=677 w_ev=0.841 m_ev=0.970 m_v_bias=-7.5 m_adv_std=31.1990 m_kl_max=0.0062 m_ratio_max=0.312 w_ax@goal=+0.89 w_v@goal=14.64 return=971.6 length=81 success_rate=1.00 collisions/ep=0.80 (n=25)
update=37 global_step=75776 SPS=685 w_ev=0.827 m_ev=0.967 m_v_bias=1.0 m_adv_std=33.3815 m_kl_max=0.0080 m_ratio_max=0.471 w_ax@goal=+0.91 w_v@goal=14.53 return=970.7 length=81 success_rate=1.00 collisions/ep=0.89 (n=27)
update=38 global_step=77824 SPS=692 w_ev=0.870 m_ev=0.984 m_v_bias=-9.0 m_adv_std=22.1041 m_kl_max=0.0084 m_ratio_max=0.398 w_ax@goal=+0.93 w_v@goal=14.55 return=994.4 length=83 success_rate=1.00 collisions/ep=0.38 (n=26)
update=39 global_step=79872 SPS=698 w_ev=0.834 m_ev=0.987 m_v_bias=-2.1 m_adv_std=18.9647 m_kl_max=0.0159 m_ratio_max=0.948 w_ax@goal=+0.98 w_v@goal=14.67 return=992.4 length=80 success_rate=1.00 collisions/ep=0.38 (n=24)
update=40 global_step=81920 SPS=704 w_ev=0.816 m_ev=0.989 m_v_bias=2.5 m_adv_std=17.7573 m_kl_max=0.0187 m_ratio_max=0.886 w_ax@goal=+0.80 w_v@goal=14.61 return=991.3 length=80 success_rate=1.00 collisions/ep=0.44 (n=25)
Evaluation at update 40: return=1011.93, length=78.10, success_rate=1.00, collisions/ep=0.00
Solved-check at update 40: solved=True worst_gap=1.12 at p_x0=0.00 p_y0=-1.00 (consecutive=3)
update=41 global_step=83968 SPS=675 w_ev=0.845 m_ev=0.987 m_v_bias=-3.1 m_adv_std=19.1478 m_kl_max=0.0100 m_ratio_max=0.450 w_ax@goal=+0.92 w_v@goal=14.67 return=997.5 length=82 success_rate=1.00 collisions/ep=0.27 (n=26)
update=42 global_step=86016 SPS=683 w_ev=0.820 m_ev=0.976 m_v_bias=6.1 m_adv_std=27.1038 m_kl_max=0.0180 m_ratio_max=0.596 w_ax@goal=+0.77 w_v@goal=14.55 return=977.0 length=80 success_rate=1.00 collisions/ep=0.72 (n=25)
update=43 global_step=88064 SPS=688 w_ev=0.831 m_ev=0.993 m_v_bias=-10.7 m_adv_std=14.6882 m_kl_max=0.0140 m_ratio_max=0.572 w_ax@goal=+0.86 w_v@goal=14.66 return=997.9 length=81 success_rate=1.00 collisions/ep=0.31 (n=26)
update=44 global_step=90112 SPS=693 w_ev=0.828 m_ev=0.963 m_v_bias=12.4 m_adv_std=32.9699 m_kl_max=0.0115 m_ratio_max=0.610 w_ax@goal=+0.95 w_v@goal=14.58 return=967.8 length=81 success_rate=1.00 collisions/ep=0.96 (n=25)
update=45 global_step=92160 SPS=698 w_ev=0.852 m_ev=0.971 m_v_bias=3.4 m_adv_std=28.9473 m_kl_max=0.0294 m_ratio_max=1.183 w_ax@goal=+0.94 w_v@goal=14.45 return=975.6 length=80 success_rate=1.00 collisions/ep=0.92 (n=25)
Evaluation at update 45: return=1012.16, length=77.80, success_rate=1.00, collisions/ep=0.00
Solved-check at update 45: solved=True worst_gap=1.00 at p_x0=0.00 p_y0=-0.50 (consecutive=4)
update=46 global_step=94208 SPS=676 w_ev=0.834 m_ev=0.966 m_v_bias=-0.9 m_adv_std=32.8951 m_kl_max=0.0155 m_ratio_max=0.639 w_ax@goal=+0.95 w_v@goal=14.59 return=983.2 length=81 success_rate=1.00 collisions/ep=0.62 (n=26)
update=47 global_step=96256 SPS=682 w_ev=0.825 m_ev=0.985 m_v_bias=-5.4 m_adv_std=20.3590 m_kl_max=0.0121 m_ratio_max=0.463 w_ax@goal=+0.97 w_v@goal=14.73 return=982.4 length=80 success_rate=1.00 collisions/ep=0.67 (n=24)
update=48 global_step=98304 SPS=687 w_ev=0.769 m_ev=0.993 m_v_bias=-4.8 m_adv_std=13.8090 m_kl_max=0.0171 m_ratio_max=0.501 w_ax@goal=+0.86 w_v@goal=14.67 return=998.0 length=80 success_rate=1.00 collisions/ep=0.27 (n=26)
update=49 global_step=100352 SPS=692 w_ev=0.845 m_ev=0.995 m_v_bias=-2.9 m_adv_std=11.5053 m_kl_max=0.0261 m_ratio_max=0.941 w_ax@goal=+0.81 w_v@goal=14.35 return=1003.8 length=80 success_rate=1.00 collisions/ep=0.19 (n=27)
update=50 global_step=102400 SPS=697 w_ev=0.786 m_ev=0.975 m_v_bias=4.2 m_adv_std=27.1214 m_kl_max=0.0119 m_ratio_max=0.501 w_ax@goal=+0.88 w_v@goal=14.45 return=987.4 length=80 success_rate=1.00 collisions/ep=0.52 (n=25)
Evaluation at update 50: return=1012.01, length=78.00, success_rate=1.00, collisions/ep=0.00
Solved-check at update 50: solved=False worst_gap=50.97 at p_x0=0.00 p_y0=1.00 (consecutive=5)
update=51 global_step=104448 SPS=679 w_ev=0.816 m_ev=0.991 m_v_bias=1.0 m_adv_std=15.9289 m_kl_max=0.0205 m_ratio_max=1.234 w_ax@goal=+0.95 w_v@goal=14.34 return=996.4 length=81 success_rate=1.00 collisions/ep=0.38 (n=24)
update=52 global_step=106496 SPS=685 w_ev=0.754 m_ev=0.988 m_v_bias=-0.3 m_adv_std=18.3134 m_kl_max=0.0194 m_ratio_max=0.532 w_ax@goal=+0.93 w_v@goal=14.29 return=993.9 length=81 success_rate=1.00 collisions/ep=0.40 (n=25)
update=53 global_step=108544 SPS=689 w_ev=0.815 m_ev=0.984 m_v_bias=4.4 m_adv_std=21.8527 m_kl_max=0.0160 m_ratio_max=0.616 w_ax@goal=+0.82 w_v@goal=14.46 return=999.8 length=81 success_rate=1.00 collisions/ep=0.26 (n=27)
update=54 global_step=110592 SPS=694 w_ev=0.823 m_ev=0.996 m_v_bias=-5.2 m_adv_std=10.7091 m_kl_max=0.0155 m_ratio_max=0.969 w_ax@goal=+1.05 w_v@goal=14.38 return=1002.0 length=81 success_rate=1.00 collisions/ep=0.27 (n=26)
update=55 global_step=112640 SPS=698 w_ev=0.816 m_ev=0.995 m_v_bias=0.0 m_adv_std=12.4104 m_kl_max=0.0217 m_ratio_max=0.725 w_ax@goal=+1.00 w_v@goal=14.47 return=999.5 length=79 success_rate=1.00 collisions/ep=0.24 (n=25)
Evaluation at update 55: return=1012.17, length=77.80, success_rate=1.00, collisions/ep=0.00
Solved-check at update 55: solved=False worst_gap=50.81 at p_x0=0.00 p_y0=1.00 (consecutive=0)
update=56 global_step=114688 SPS=682 w_ev=0.829 m_ev=0.990 m_v_bias=2.0 m_adv_std=16.8068 m_kl_max=0.0094 m_ratio_max=0.448 w_ax@goal=+1.03 w_v@goal=14.64 return=997.3 length=80 success_rate=1.00 collisions/ep=0.29 (n=24)
update=57 global_step=116736 SPS=686 w_ev=0.804 m_ev=0.992 m_v_bias=0.9 m_adv_std=15.2879 m_kl_max=0.0065 m_ratio_max=0.360 w_ax@goal=+1.10 w_v@goal=14.60 return=1000.5 length=81 success_rate=1.00 collisions/ep=0.27 (n=26)
update=58 global_step=118784 SPS=690 w_ev=0.853 m_ev=0.997 m_v_bias=-2.1 m_adv_std=9.1714 m_kl_max=0.0114 m_ratio_max=0.612 w_ax@goal=+1.14 w_v@goal=14.67 return=1008.4 length=80 success_rate=1.00 collisions/ep=0.11 (n=28)
update=59 global_step=120832 SPS=694 w_ev=0.785 m_ev=0.986 m_v_bias=7.7 m_adv_std=20.2618 m_kl_max=0.0271 m_ratio_max=1.224 w_ax@goal=+0.96 w_v@goal=14.60 return=991.4 length=82 success_rate=1.00 collisions/ep=0.42 (n=24)
update=60 global_step=122880 SPS=698 w_ev=0.803 m_ev=0.989 m_v_bias=-2.8 m_adv_std=17.8712 m_kl_max=0.0095 m_ratio_max=0.348 w_ax@goal=+1.16 w_v@goal=14.58 return=989.8 length=79 success_rate=1.00 collisions/ep=0.44 (n=25)
Evaluation at update 60: return=1012.38, length=77.65, success_rate=1.00, collisions/ep=0.00
Solved-check at update 60: solved=False worst_gap=50.74 at p_x0=0.00 p_y0=1.00 (consecutive=0)
update=61 global_step=124928 SPS=682 w_ev=0.798 m_ev=0.988 m_v_bias=-1.3 m_adv_std=18.5371 m_kl_max=0.0158 m_ratio_max=0.565 w_ax@goal=+0.94 w_v@goal=14.61 return=1000.0 length=79 success_rate=1.00 collisions/ep=0.24 (n=25)
update=62 global_step=126976 SPS=686 w_ev=0.812 m_ev=0.981 m_v_bias=1.9 m_adv_std=23.4709 m_kl_max=0.0128 m_ratio_max=0.627 w_ax@goal=+1.07 w_v@goal=14.68 return=1002.4 length=80 success_rate=1.00 collisions/ep=0.24 (n=25)
update=63 global_step=129024 SPS=691 w_ev=0.790 m_ev=0.987 m_v_bias=2.6 m_adv_std=19.6663 m_kl_max=0.0105 m_ratio_max=0.599 w_ax@goal=+1.10 w_v@goal=14.82 return=983.6 length=79 success_rate=1.00 collisions/ep=0.61 (n=28)
update=64 global_step=131072 SPS=695 w_ev=0.761 m_ev=0.992 m_v_bias=-5.1 m_adv_std=14.6958 m_kl_max=0.0250 m_ratio_max=0.665 w_ax@goal=+1.15 w_v@goal=14.67 return=1004.4 length=78 success_rate=1.00 collisions/ep=0.19 (n=26)
update=65 global_step=133120 SPS=699 w_ev=0.821 m_ev=0.997 m_v_bias=-1.2 m_adv_std=8.6620 m_kl_max=0.0228 m_ratio_max=0.765 w_ax@goal=+1.06 w_v@goal=14.66 return=1002.7 length=80 success_rate=1.00 collisions/ep=0.19 (n=26)
Evaluation at update 65: return=1012.43, length=77.55, success_rate=1.00, collisions/ep=0.00
Solved-check at update 65: solved=True worst_gap=0.72 at p_x0=0.00 p_y0=1.00 (consecutive=0)
update=66 global_step=135168 SPS=684 w_ev=0.729 m_ev=0.994 m_v_bias=2.5 m_adv_std=12.4613 m_kl_max=0.0166 m_ratio_max=0.569 w_ax@goal=+0.99 w_v@goal=14.64 return=1004.5 length=79 success_rate=1.00 collisions/ep=0.15 (n=26)
update=67 global_step=137216 SPS=687 w_ev=0.768 m_ev=0.995 m_v_bias=0.6 m_adv_std=12.1091 m_kl_max=0.0171 m_ratio_max=0.795 w_ax@goal=+0.92 w_v@goal=14.53 return=1000.2 length=79 success_rate=1.00 collisions/ep=0.24 (n=25)
update=68 global_step=139264 SPS=690 w_ev=0.795 m_ev=0.992 m_v_bias=-0.2 m_adv_std=14.9830 m_kl_max=0.0057 m_ratio_max=0.300 w_ax@goal=+1.06 w_v@goal=14.52 return=1004.0 length=80 success_rate=1.00 collisions/ep=0.20 (n=25)
update=69 global_step=141312 SPS=694 w_ev=0.772 m_ev=0.982 m_v_bias=0.4 m_adv_std=22.4024 m_kl_max=0.0111 m_ratio_max=0.405 w_ax@goal=+1.17 w_v@goal=14.74 return=1004.6 length=81 success_rate=1.00 collisions/ep=0.20 (n=25)
update=70 global_step=143360 SPS=697 w_ev=0.835 m_ev=0.985 m_v_bias=-2.9 m_adv_std=20.2084 m_kl_max=0.0058 m_ratio_max=0.613 w_ax@goal=+1.01 w_v@goal=14.74 return=993.7 length=80 success_rate=1.00 collisions/ep=0.41 (n=27)
Evaluation at update 70: return=1012.37, length=77.65, success_rate=1.00, collisions/ep=0.00
Solved-check at update 70: solved=False worst_gap=50.81 at p_x0=0.00 p_y0=1.00 (consecutive=1)
update=71 global_step=145408 SPS=682 w_ev=0.702 m_ev=0.998 m_v_bias=-2.5 m_adv_std=6.9148 m_kl_max=0.0238 m_ratio_max=0.563 w_ax@goal=+0.96 w_v@goal=14.71 return=1008.2 length=80 success_rate=1.00 collisions/ep=0.12 (n=25)
update=72 global_step=147456 SPS=684 w_ev=0.780 m_ev=0.995 m_v_bias=1.9 m_adv_std=11.5350 m_kl_max=0.0292 m_ratio_max=1.795 w_ax@goal=+1.19 w_v@goal=14.68 return=1002.9 length=79 success_rate=1.00 collisions/ep=0.26 (n=27)
update=73 global_step=149504 SPS=687 w_ev=0.806 m_ev=0.990 m_v_bias=2.6 m_adv_std=17.1049 m_kl_max=0.0216 m_ratio_max=0.640 w_ax@goal=+1.00 w_v@goal=14.75 return=999.0 length=78 success_rate=1.00 collisions/ep=0.30 (n=27)
update=74 global_step=151552 SPS=691 w_ev=0.752 m_ev=0.996 m_v_bias=-2.1 m_adv_std=10.1789 m_kl_max=0.0159 m_ratio_max=0.689 w_ax@goal=+1.22 w_v@goal=14.60 return=1005.9 length=79 success_rate=1.00 collisions/ep=0.12 (n=24)
update=75 global_step=153600 SPS=694 w_ev=0.793 m_ev=0.994 m_v_bias=1.4 m_adv_std=12.6257 m_kl_max=0.0048 m_ratio_max=0.284 w_ax@goal=+1.07 w_v@goal=14.54 return=1004.6 length=80 success_rate=1.00 collisions/ep=0.23 (n=26)
Evaluation at update 75: return=1012.56, length=77.50, success_rate=1.00, collisions/ep=0.00
Solved-check at update 75: solved=True worst_gap=0.62 at p_x0=0.00 p_y0=1.00 (consecutive=0)
update=76 global_step=155648 SPS=681 w_ev=0.706 m_ev=0.992 m_v_bias=-1.3 m_adv_std=14.9093 m_kl_max=0.0243 m_ratio_max=0.765 w_ax@goal=+1.07 w_v@goal=14.47 return=1000.9 length=79 success_rate=1.00 collisions/ep=0.23 (n=26)
update=77 global_step=157696 SPS=684 w_ev=0.769 m_ev=0.997 m_v_bias=-2.4 m_adv_std=8.4135 m_kl_max=0.0168 m_ratio_max=1.019 w_ax@goal=+1.17 w_v@goal=14.56 return=1008.3 length=79 success_rate=1.00 collisions/ep=0.08 (n=26)
update=78 global_step=159744 SPS=687 w_ev=0.783 m_ev=0.997 m_v_bias=-0.1 m_adv_std=9.2532 m_kl_max=0.0134 m_ratio_max=0.856 w_ax@goal=+1.05 w_v@goal=14.60 return=1006.4 length=77 success_rate=1.00 collisions/ep=0.11 (n=27)
update=79 global_step=161792 SPS=690 w_ev=0.749 m_ev=0.999 m_v_bias=-2.4 m_adv_std=4.8070 m_kl_max=0.0072 m_ratio_max=0.435 w_ax@goal=+1.11 w_v@goal=14.45 return=1010.2 length=79 success_rate=1.00 collisions/ep=0.08 (n=26)
update=80 global_step=163840 SPS=693 w_ev=0.822 m_ev=0.994 m_v_bias=2.6 m_adv_std=13.0735 m_kl_max=0.0402 m_ratio_max=0.842 w_ax@goal=+1.19 w_v@goal=14.48 return=1003.3 length=80 success_rate=1.00 collisions/ep=0.19 (n=26)
Evaluation at update 80: return=1012.50, length=77.50, success_rate=1.00, collisions/ep=0.00
Solved-check at update 80: solved=True worst_gap=0.70 at p_x0=0.00 p_y0=1.00 (consecutive=1)
update=81 global_step=165888 SPS=681 w_ev=0.822 m_ev=0.999 m_v_bias=-3.6 m_adv_std=4.4466 m_kl_max=0.0175 m_ratio_max=0.666 w_ax@goal=+1.14 w_v@goal=14.70 return=1012.2 length=78 success_rate=1.00 collisions/ep=0.00 (n=25)
update=82 global_step=167936 SPS=685 w_ev=0.848 m_ev=1.000 m_v_bias=-1.7 m_adv_std=3.5635 m_kl_max=0.0022 m_ratio_max=0.333 w_ax@goal=+1.21 w_v@goal=14.68 return=1012.4 length=80 success_rate=1.00 collisions/ep=0.08 (n=26)
update=83 global_step=169984 SPS=688 w_ev=0.832 m_ev=0.989 m_v_bias=3.3 m_adv_std=17.4013 m_kl_max=0.0042 m_ratio_max=0.433 w_ax@goal=+1.09 w_v@goal=14.67 return=1004.7 length=78 success_rate=1.00 collisions/ep=0.15 (n=26)
update=84 global_step=172032 SPS=691 w_ev=0.838 m_ev=0.993 m_v_bias=3.9 m_adv_std=13.9131 m_kl_max=0.0243 m_ratio_max=0.684 w_ax@goal=+1.24 w_v@goal=14.56 return=1005.1 length=79 success_rate=1.00 collisions/ep=0.23 (n=26)
update=85 global_step=174080 SPS=694 w_ev=0.851 m_ev=0.992 m_v_bias=1.3 m_adv_std=14.6891 m_kl_max=0.0389 m_ratio_max=2.259 w_ax@goal=+1.10 w_v@goal=14.63 return=1005.0 length=80 success_rate=1.00 collisions/ep=0.19 (n=26)
Evaluation at update 85: return=1012.64, length=77.45, success_rate=1.00, collisions/ep=0.00
Solved-check at update 85: solved=True worst_gap=0.55 at p_x0=0.00 p_y0=1.00 (consecutive=2)
update=86 global_step=176128 SPS=681 w_ev=0.685 m_ev=0.996 m_v_bias=-2.1 m_adv_std=10.5439 m_kl_max=0.0234 m_ratio_max=1.396 w_ax@goal=+1.26 w_v@goal=14.50 return=1004.8 length=77 success_rate=1.00 collisions/ep=0.19 (n=27)
update=87 global_step=178176 SPS=684 w_ev=0.726 m_ev=0.994 m_v_bias=2.3 m_adv_std=13.0589 m_kl_max=0.0304 m_ratio_max=1.462 w_ax@goal=+1.25 w_v@goal=14.59 return=1000.8 length=80 success_rate=1.00 collisions/ep=0.28 (n=25)
update=88 global_step=180224 SPS=687 w_ev=0.753 m_ev=0.996 m_v_bias=-2.4 m_adv_std=10.8340 m_kl_max=0.0117 m_ratio_max=0.545 w_ax@goal=+1.30 w_v@goal=14.61 return=1003.4 length=79 success_rate=1.00 collisions/ep=0.19 (n=27)
update=89 global_step=182272 SPS=690 w_ev=0.789 m_ev=0.998 m_v_bias=0.3 m_adv_std=8.2253 m_kl_max=0.0098 m_ratio_max=0.499 w_ax@goal=+1.14 w_v@goal=14.57 return=1008.6 length=79 success_rate=1.00 collisions/ep=0.08 (n=25)
update=90 global_step=184320 SPS=692 w_ev=0.828 m_ev=0.986 m_v_bias=2.0 m_adv_std=19.3844 m_kl_max=0.0273 m_ratio_max=1.807 w_ax@goal=+1.23 w_v@goal=14.68 return=997.0 length=80 success_rate=1.00 collisions/ep=0.40 (n=25)
Evaluation at update 90: return=1012.50, length=77.50, success_rate=1.00, collisions/ep=0.00
Solved-check at update 90: solved=True worst_gap=0.74 at p_x0=0.00 p_y0=1.00 (consecutive=3)
update=91 global_step=186368 SPS=681 w_ev=0.792 m_ev=0.995 m_v_bias=2.8 m_adv_std=12.3054 m_kl_max=0.0209 m_ratio_max=0.922 w_ax@goal=+1.20 w_v@goal=14.74 return=1010.5 length=77 success_rate=1.00 collisions/ep=0.04 (n=27)
update=92 global_step=188416 SPS=684 w_ev=0.818 m_ev=0.995 m_v_bias=2.5 m_adv_std=11.3693 m_kl_max=0.0105 m_ratio_max=0.926 w_ax@goal=+1.12 w_v@goal=14.61 return=1000.7 length=78 success_rate=1.00 collisions/ep=0.31 (n=26)
update=93 global_step=190464 SPS=687 w_ev=0.777 m_ev=0.997 m_v_bias=1.8 m_adv_std=9.4707 m_kl_max=0.0068 m_ratio_max=0.374 w_ax@goal=+1.06 w_v@goal=14.58 return=1008.7 length=78 success_rate=1.00 collisions/ep=0.07 (n=27)
update=94 global_step=192512 SPS=689 w_ev=0.797 m_ev=0.997 m_v_bias=1.6 m_adv_std=8.5551 m_kl_max=0.0159 m_ratio_max=0.628 w_ax@goal=+0.98 w_v@goal=14.69 return=1008.7 length=81 success_rate=1.00 collisions/ep=0.08 (n=24)
update=95 global_step=194560 SPS=692 w_ev=0.819 m_ev=0.998 m_v_bias=1.9 m_adv_std=7.3480 m_kl_max=0.0227 m_ratio_max=1.173 w_ax@goal=+1.14 w_v@goal=14.66 return=1006.6 length=81 success_rate=1.00 collisions/ep=0.12 (n=25)
Evaluation at update 95: return=1012.55, length=77.45, success_rate=1.00, collisions/ep=0.00
Solved-check at update 95: solved=True worst_gap=0.68 at p_x0=0.00 p_y0=1.00 (consecutive=4)
update=96 global_step=196608 SPS=681 w_ev=0.773 m_ev=0.997 m_v_bias=0.7 m_adv_std=8.6762 m_kl_max=0.0127 m_ratio_max=0.629 w_ax@goal=+0.99 w_v@goal=14.68 return=1008.7 length=79 success_rate=1.00 collisions/ep=0.07 (n=27)
update=97 global_step=198656 SPS=684 w_ev=0.776 m_ev=0.999 m_v_bias=-0.9 m_adv_std=5.9425 m_kl_max=0.0292 m_ratio_max=2.329 w_ax@goal=+1.13 w_v@goal=14.60 return=1010.5 length=80 success_rate=1.00 collisions/ep=0.04 (n=26)
update=98 global_step=200704 SPS=686 w_ev=0.730 m_ev=0.969 m_v_bias=7.2 m_adv_std=29.4481 m_kl_max=0.0110 m_ratio_max=0.526 w_ax@goal=+0.90 w_v@goal=14.63 return=994.2 length=79 success_rate=1.00 collisions/ep=0.44 (n=25)
update=99 global_step=202752 SPS=689 w_ev=0.799 m_ev=0.992 m_v_bias=-2.7 m_adv_std=15.0850 m_kl_max=0.0177 m_ratio_max=0.555 w_ax@goal=+1.20 w_v@goal=14.71 return=1005.3 length=80 success_rate=1.00 collisions/ep=0.15 (n=27)
update=100 global_step=204800 SPS=691 w_ev=0.780 m_ev=0.986 m_v_bias=-1.5 m_adv_std=19.6827 m_kl_max=0.0250 m_ratio_max=0.849 w_ax@goal=+1.08 w_v@goal=14.61 return=998.9 length=81 success_rate=1.00 collisions/ep=0.28 (n=25)
Evaluation at update 100: return=1012.55, length=77.35, success_rate=1.00, collisions/ep=0.00
Solved-check at update 100: solved=True worst_gap=0.74 at p_x0=2.00 p_y0=1.00 (consecutive=5)
update=101 global_step=206848 SPS=681 w_ev=0.781 m_ev=0.997 m_v_bias=-3.6 m_adv_std=8.3378 m_kl_max=0.0170 m_ratio_max=0.973 w_ax@goal=+1.15 w_v@goal=14.48 return=1006.4 length=77 success_rate=1.00 collisions/ep=0.15 (n=26)
update=102 global_step=208896 SPS=684 w_ev=0.827 m_ev=0.998 m_v_bias=0.1 m_adv_std=7.6326 m_kl_max=0.0109 m_ratio_max=0.640 w_ax@goal=+1.19 w_v@goal=14.51 return=1008.8 length=78 success_rate=1.00 collisions/ep=0.07 (n=28)
update=103 global_step=210944 SPS=686 w_ev=0.799 m_ev=0.988 m_v_bias=6.8 m_adv_std=18.2326 m_kl_max=0.0392 m_ratio_max=0.826 w_ax@goal=+0.96 w_v@goal=14.58 return=992.2 length=79 success_rate=1.00 collisions/ep=0.40 (n=25)
update=104 global_step=212992 SPS=689 w_ev=0.855 m_ev=0.996 m_v_bias=-1.5 m_adv_std=10.5904 m_kl_max=0.0073 m_ratio_max=0.617 w_ax@goal=+1.14 w_v@goal=14.54 return=1004.5 length=78 success_rate=1.00 collisions/ep=0.16 (n=25)
update=105 global_step=215040 SPS=691 w_ev=0.768 m_ev=0.998 m_v_bias=-0.6 m_adv_std=7.4722 m_kl_max=0.0066 m_ratio_max=0.436 w_ax@goal=+1.09 w_v@goal=14.49 return=1008.6 length=78 success_rate=1.00 collisions/ep=0.07 (n=27)
Evaluation at update 105: return=1012.60, length=77.35, success_rate=1.00, collisions/ep=0.00
Solved-check at update 105: solved=True worst_gap=0.64 at p_x0=0.00 p_y0=1.00 (consecutive=6)
update=106 global_step=217088 SPS=682 w_ev=0.810 m_ev=0.987 m_v_bias=1.9 m_adv_std=19.6961 m_kl_max=0.0208 m_ratio_max=0.638 w_ax@goal=+1.07 w_v@goal=14.38 return=1001.3 length=79 success_rate=1.00 collisions/ep=0.22 (n=27)
update=107 global_step=219136 SPS=685 w_ev=0.809 m_ev=0.998 m_v_bias=-1.1 m_adv_std=7.7867 m_kl_max=0.0192 m_ratio_max=0.524 w_ax@goal=+1.18 w_v@goal=14.45 return=1008.8 length=79 success_rate=1.00 collisions/ep=0.08 (n=26)
update=108 global_step=221184 SPS=687 w_ev=0.795 m_ev=0.990 m_v_bias=2.2 m_adv_std=16.4610 m_kl_max=0.0185 m_ratio_max=0.800 w_ax@goal=+1.17 w_v@goal=14.46 return=1004.3 length=79 success_rate=1.00 collisions/ep=0.17 (n=24)
update=109 global_step=223232 SPS=689 w_ev=0.829 m_ev=0.997 m_v_bias=1.3 m_adv_std=9.3783 m_kl_max=0.0153 m_ratio_max=0.503 w_ax@goal=+0.98 w_v@goal=14.47 return=1008.8 length=79 success_rate=1.00 collisions/ep=0.07 (n=28)
update=110 global_step=225280 SPS=691 w_ev=0.795 m_ev=0.997 m_v_bias=0.1 m_adv_std=8.5161 m_kl_max=0.0128 m_ratio_max=0.765 w_ax@goal=+1.00 w_v@goal=14.54 return=1007.0 length=80 success_rate=1.00 collisions/ep=0.12 (n=26)
Evaluation at update 110: return=1012.67, length=77.35, success_rate=1.00, collisions/ep=0.00
Solved-check at update 110: solved=True worst_gap=0.52 at p_x0=0.00 p_y0=1.00 (consecutive=7)
update=111 global_step=227328 SPS=682 w_ev=0.787 m_ev=1.000 m_v_bias=-2.8 m_adv_std=3.5498 m_kl_max=0.0146 m_ratio_max=0.502 w_ax@goal=+1.04 w_v@goal=14.55 return=1012.6 length=80 success_rate=1.00 collisions/ep=0.00 (n=24)
update=112 global_step=229376 SPS=684 w_ev=0.784 m_ev=0.996 m_v_bias=1.4 m_adv_std=9.8949 m_kl_max=0.0081 m_ratio_max=0.580 w_ax@goal=+1.20 w_v@goal=14.64 return=1007.1 length=80 success_rate=1.00 collisions/ep=0.12 (n=26)
update=113 global_step=231424 SPS=686 w_ev=0.809 m_ev=0.999 m_v_bias=-0.0 m_adv_std=6.2711 m_kl_max=0.0239 m_ratio_max=0.730 w_ax@goal=+1.10 w_v@goal=14.50 return=1010.7 length=79 success_rate=1.00 collisions/ep=0.04 (n=26)
update=114 global_step=233472 SPS=689 w_ev=0.802 m_ev=1.000 m_v_bias=-1.9 m_adv_std=3.1463 m_kl_max=0.0490 m_ratio_max=1.770 w_ax@goal=+1.03 w_v@goal=14.47 return=1012.8 length=79 success_rate=1.00 collisions/ep=0.00 (n=24)
update=115 global_step=235520 SPS=691 w_ev=0.794 m_ev=0.999 m_v_bias=-0.4 m_adv_std=5.4981 m_kl_max=0.0359 m_ratio_max=1.556 w_ax@goal=+1.20 w_v@goal=14.55 return=1010.8 length=78 success_rate=1.00 collisions/ep=0.04 (n=28)
Evaluation at update 115: return=1012.73, length=77.30, success_rate=1.00, collisions/ep=0.00
Solved-check at update 115: solved=True worst_gap=0.40 at p_x0=0.00 p_y0=1.00 (consecutive=8)
update=116 global_step=237568 SPS=683 w_ev=0.760 m_ev=0.986 m_v_bias=1.6 m_adv_std=20.2771 m_kl_max=0.0098 m_ratio_max=0.847 w_ax@goal=+1.21 w_v@goal=14.59 return=1003.0 length=78 success_rate=1.00 collisions/ep=0.19 (n=26)
update=117 global_step=239616 SPS=685 w_ev=0.800 m_ev=0.999 m_v_bias=-5.1 m_adv_std=6.1315 m_kl_max=0.0132 m_ratio_max=0.400 w_ax@goal=+1.03 w_v@goal=14.64 return=1012.8 length=79 success_rate=1.00 collisions/ep=0.00 (n=25)
update=118 global_step=241664 SPS=687 w_ev=0.770 m_ev=1.000 m_v_bias=-1.3 m_adv_std=3.3193 m_kl_max=0.0366 m_ratio_max=1.390 w_ax@goal=+1.25 w_v@goal=14.55 return=1013.0 length=80 success_rate=1.00 collisions/ep=0.00 (n=28)
update=119 global_step=243712 SPS=689 w_ev=0.701 m_ev=0.999 m_v_bias=0.3 m_adv_std=4.9054 m_kl_max=0.0058 m_ratio_max=0.449 w_ax@goal=+1.25 w_v@goal=14.54 return=1010.9 length=78 success_rate=1.00 collisions/ep=0.04 (n=26)
update=120 global_step=245760 SPS=691 w_ev=0.738 m_ev=1.000 m_v_bias=-0.2 m_adv_std=2.6893 m_kl_max=0.0072 m_ratio_max=0.467 w_ax@goal=+1.27 w_v@goal=14.44 return=1013.0 length=79 success_rate=1.00 collisions/ep=0.00 (n=24)
Evaluation at update 120: return=1012.84, length=77.15, success_rate=1.00, collisions/ep=0.00
Solved-check at update 120: solved=True worst_gap=0.23 at p_x0=0.00 p_y0=1.00 (consecutive=9)
update=121 global_step=247808 SPS=684 w_ev=0.757 m_ev=1.000 m_v_bias=-0.1 m_adv_std=2.7476 m_kl_max=0.0161 m_ratio_max=0.584 w_ax@goal=+1.16 w_v@goal=14.45 return=1012.8 length=78 success_rate=1.00 collisions/ep=0.00 (n=27)
update=122 global_step=249856 SPS=686 w_ev=0.748 m_ev=0.995 m_v_bias=2.7 m_adv_std=11.4137 m_kl_max=0.0322 m_ratio_max=0.924 w_ax@goal=+1.32 w_v@goal=14.45 return=1003.0 length=76 success_rate=1.00 collisions/ep=0.19 (n=26)
update=123 global_step=251904 SPS=688 w_ev=0.799 m_ev=0.997 m_v_bias=-0.3 m_adv_std=8.8717 m_kl_max=0.0330 m_ratio_max=0.734 w_ax@goal=+1.32 w_v@goal=14.47 return=1011.3 length=79 success_rate=1.00 collisions/ep=0.04 (n=27)
update=124 global_step=253952 SPS=689 w_ev=0.813 m_ev=0.997 m_v_bias=-2.3 m_adv_std=8.5448 m_kl_max=0.0123 m_ratio_max=0.655 w_ax@goal=+1.23 w_v@goal=14.41 return=1007.2 length=79 success_rate=1.00 collisions/ep=0.12 (n=25)
update=125 global_step=256000 SPS=691 w_ev=0.817 m_ev=0.988 m_v_bias=2.3 m_adv_std=18.1687 m_kl_max=0.0410 m_ratio_max=1.061 w_ax@goal=+1.29 w_v@goal=14.44 return=1011.5 length=80 success_rate=1.00 collisions/ep=0.04 (n=25)
Evaluation at update 125: return=1012.91, length=77.10, success_rate=1.00, collisions/ep=0.00
Solved-check at update 125: solved=True worst_gap=0.15 at p_x0=0.00 p_y0=1.00 (consecutive=10)
update=126 global_step=258048 SPS=684 w_ev=0.810 m_ev=0.997 m_v_bias=-1.1 m_adv_std=9.4874 m_kl_max=0.0264 m_ratio_max=0.841 w_ax@goal=+1.41 w_v@goal=14.59 return=1002.0 length=80 success_rate=1.00 collisions/ep=0.27 (n=26)
update=127 global_step=260096 SPS=685 w_ev=0.782 m_ev=0.996 m_v_bias=-3.0 m_adv_std=9.9840 m_kl_max=0.0156 m_ratio_max=0.652 w_ax@goal=+1.40 w_v@goal=14.47 return=1009.1 length=77 success_rate=1.00 collisions/ep=0.15 (n=26)
update=128 global_step=262144 SPS=687 w_ev=0.762 m_ev=0.992 m_v_bias=2.8 m_adv_std=15.4043 m_kl_max=0.0812 m_ratio_max=4.614 w_ax@goal=+1.49 w_v@goal=14.51 return=1004.4 length=79 success_rate=1.00 collisions/ep=0.21 (n=28)
update=129 global_step=264192 SPS=689 w_ev=0.717 m_ev=0.996 m_v_bias=-1.3 m_adv_std=9.6721 m_kl_max=0.0142 m_ratio_max=1.281 w_ax@goal=+1.35 w_v@goal=14.49 return=1008.7 length=77 success_rate=1.00 collisions/ep=0.12 (n=24)
update=130 global_step=266240 SPS=691 w_ev=0.822 m_ev=0.995 m_v_bias=1.8 m_adv_std=11.4531 m_kl_max=0.0146 m_ratio_max=0.782 w_ax@goal=+1.54 w_v@goal=14.56 return=1007.2 length=78 success_rate=1.00 collisions/ep=0.12 (n=26)
Evaluation at update 130: return=1012.89, length=77.15, success_rate=1.00, collisions/ep=0.00
Solved-check at update 130: solved=True worst_gap=0.20 at p_x0=0.00 p_y0=1.00 (consecutive=11)
update=131 global_step=268288 SPS=684 w_ev=0.739 m_ev=0.997 m_v_bias=-2.6 m_adv_std=8.9603 m_kl_max=0.0230 m_ratio_max=1.151 w_ax@goal=+1.38 w_v@goal=14.59 return=1007.6 length=79 success_rate=1.00 collisions/ep=0.11 (n=27)
update=132 global_step=270336 SPS=685 w_ev=0.769 m_ev=0.996 m_v_bias=-0.7 m_adv_std=10.1625 m_kl_max=0.0161 m_ratio_max=1.041 w_ax@goal=+1.49 w_v@goal=14.73 return=1007.7 length=79 success_rate=1.00 collisions/ep=0.15 (n=26)
update=133 global_step=272384 SPS=687 w_ev=0.635 m_ev=0.961 m_v_bias=10.1 m_adv_std=33.1161 m_kl_max=0.0247 m_ratio_max=1.688 w_ax@goal=+1.49 w_v@goal=14.53 return=990.0 length=79 success_rate=1.00 collisions/ep=0.54 (n=26)
update=134 global_step=274432 SPS=689 w_ev=0.696 m_ev=0.983 m_v_bias=-3.1 m_adv_std=21.4817 m_kl_max=0.0186 m_ratio_max=1.095 w_ax@goal=+1.51 w_v@goal=14.38 return=999.4 length=78 success_rate=1.00 collisions/ep=0.35 (n=26)
update=135 global_step=276480 SPS=691 w_ev=0.811 m_ev=0.998 m_v_bias=-8.8 m_adv_std=7.3280 m_kl_max=0.0113 m_ratio_max=0.604 w_ax@goal=+1.46 w_v@goal=14.48 return=1011.1 length=78 success_rate=1.00 collisions/ep=0.04 (n=26)
Evaluation at update 135: return=1012.88, length=77.30, success_rate=1.00, collisions/ep=0.00
Solved-check at update 135: solved=True worst_gap=0.30 at p_x0=0.00 p_y0=1.00 (consecutive=12)
update=136 global_step=278528 SPS=684 w_ev=0.706 m_ev=0.969 m_v_bias=0.3 m_adv_std=30.0557 m_kl_max=0.0124 m_ratio_max=0.768 w_ax@goal=+1.45 w_v@goal=14.63 return=996.5 length=79 success_rate=1.00 collisions/ep=0.33 (n=27)
update=137 global_step=280576 SPS=686 w_ev=0.776 m_ev=0.996 m_v_bias=-4.4 m_adv_std=10.2476 m_kl_max=0.0374 m_ratio_max=1.609 w_ax@goal=+1.34 w_v@goal=14.66 return=1011.2 length=79 success_rate=1.00 collisions/ep=0.08 (n=26)
update=138 global_step=282624 SPS=687 w_ev=0.709 m_ev=0.992 m_v_bias=3.1 m_adv_std=14.7552 m_kl_max=0.0185 m_ratio_max=1.293 w_ax@goal=+1.41 w_v@goal=14.60 return=1003.3 length=78 success_rate=1.00 collisions/ep=0.27 (n=26)
update=139 global_step=284672 SPS=689 w_ev=0.775 m_ev=0.997 m_v_bias=-3.1 m_adv_std=8.3915 m_kl_max=0.0206 m_ratio_max=0.675 w_ax@goal=+1.42 w_v@goal=14.49 return=1008.9 length=77 success_rate=1.00 collisions/ep=0.08 (n=26)
update=140 global_step=286720 SPS=691 w_ev=0.806 m_ev=0.999 m_v_bias=-2.5 m_adv_std=5.9881 m_kl_max=0.0203 m_ratio_max=1.032 w_ax@goal=+1.37 w_v@goal=14.46 return=1011.4 length=80 success_rate=1.00 collisions/ep=0.04 (n=26)
Evaluation at update 140: return=1012.84, length=77.30, success_rate=1.00, collisions/ep=0.00
Solved-check at update 140: solved=True worst_gap=0.35 at p_x0=0.00 p_y0=1.00 (consecutive=13)
update=141 global_step=288768 SPS=684 w_ev=0.761 m_ev=0.991 m_v_bias=5.5 m_adv_std=15.5160 m_kl_max=0.0151 m_ratio_max=0.673 w_ax@goal=+1.38 w_v@goal=14.45 return=999.0 length=79 success_rate=1.00 collisions/ep=0.32 (n=25)
update=142 global_step=290816 SPS=686 w_ev=0.813 m_ev=0.999 m_v_bias=-6.2 m_adv_std=4.3208 m_kl_max=0.0057 m_ratio_max=0.374 w_ax@goal=+1.27 w_v@goal=14.57 return=1012.8 length=77 success_rate=1.00 collisions/ep=0.00 (n=26)
update=143 global_step=292864 SPS=688 w_ev=0.793 m_ev=1.000 m_v_bias=-0.7 m_adv_std=3.0560 m_kl_max=0.0163 m_ratio_max=1.339 w_ax@goal=+1.19 w_v@goal=14.63 return=1013.0 length=79 success_rate=1.00 collisions/ep=0.00 (n=28)
update=144 global_step=294912 SPS=689 w_ev=0.746 m_ev=0.999 m_v_bias=-0.1 m_adv_std=5.9738 m_kl_max=0.0117 m_ratio_max=0.556 w_ax@goal=+1.13 w_v@goal=14.45 return=1010.9 length=79 success_rate=1.00 collisions/ep=0.04 (n=25)
update=145 global_step=296960 SPS=691 w_ev=0.814 m_ev=0.997 m_v_bias=1.6 m_adv_std=9.3322 m_kl_max=0.0186 m_ratio_max=1.164 w_ax@goal=+1.22 w_v@goal=14.55 return=1009.1 length=79 success_rate=1.00 collisions/ep=0.08 (n=26)
Evaluation at update 145: return=1012.80, length=77.35, success_rate=1.00, collisions/ep=0.00
Solved-check at update 145: solved=True worst_gap=0.42 at p_x0=0.00 p_y0=1.00 (consecutive=14)
update=146 global_step=299008 SPS=684 w_ev=0.794 m_ev=0.997 m_v_bias=0.4 m_adv_std=8.1621 m_kl_max=0.0263 m_ratio_max=1.309 w_ax@goal=+1.18 w_v@goal=14.54 return=1008.8 length=78 success_rate=1.00 collisions/ep=0.08 (n=25)
update=147 global_step=301056 SPS=686 w_ev=0.806 m_ev=0.994 m_v_bias=1.4 m_adv_std=12.9605 m_kl_max=0.0178 m_ratio_max=1.395 w_ax@goal=+1.16 w_v@goal=14.56 return=1007.7 length=78 success_rate=1.00 collisions/ep=0.18 (n=28)
update=148 global_step=303104 SPS=688 w_ev=0.796 m_ev=1.000 m_v_bias=-3.0 m_adv_std=2.6111 m_kl_max=0.0216 m_ratio_max=0.933 w_ax@goal=+1.28 w_v@goal=14.54 return=1009.1 length=79 success_rate=1.00 collisions/ep=0.08 (n=26)
update=149 global_step=305152 SPS=689 w_ev=0.782 m_ev=0.996 m_v_bias=0.1 m_adv_std=9.8507 m_kl_max=0.0091 m_ratio_max=0.667 w_ax@goal=+1.27 w_v@goal=14.57 return=1007.0 length=79 success_rate=1.00 collisions/ep=0.12 (n=26)
update=150 global_step=307200 SPS=691 w_ev=0.764 m_ev=0.990 m_v_bias=2.7 m_adv_std=16.0971 m_kl_max=0.0238 m_ratio_max=0.966 w_ax@goal=+1.28 w_v@goal=14.51 return=1002.5 length=79 success_rate=1.00 collisions/ep=0.21 (n=24)
Evaluation at update 150: return=1012.67, length=77.35, success_rate=1.00, collisions/ep=0.00
Solved-check at update 150: solved=True worst_gap=0.69 at p_x0=0.00 p_y0=1.00 (consecutive=15)
update=151 global_step=309248 SPS=684 w_ev=0.792 m_ev=1.000 m_v_bias=-1.4 m_adv_std=3.1790 m_kl_max=0.0044 m_ratio_max=0.307 w_ax@goal=+1.14 w_v@goal=14.44 return=1012.7 length=79 success_rate=1.00 collisions/ep=0.00 (n=29)
update=152 global_step=311296 SPS=686 w_ev=0.784 m_ev=0.996 m_v_bias=0.9 m_adv_std=10.0098 m_kl_max=0.0298 m_ratio_max=0.736 w_ax@goal=+1.10 w_v@goal=14.50 return=1009.0 length=79 success_rate=1.00 collisions/ep=0.08 (n=25)
update=153 global_step=313344 SPS=687 w_ev=0.768 m_ev=0.988 m_v_bias=5.6 m_adv_std=17.7258 m_kl_max=0.0220 m_ratio_max=1.001 w_ax@goal=+1.17 w_v@goal=14.56 return=996.9 length=80 success_rate=1.00 collisions/ep=0.36 (n=25)
update=154 global_step=315392 SPS=689 w_ev=0.767 m_ev=0.998 m_v_bias=-3.2 m_adv_std=6.9480 m_kl_max=0.0262 m_ratio_max=0.978 w_ax@goal=+1.25 w_v@goal=14.60 return=1010.9 length=79 success_rate=1.00 collisions/ep=0.04 (n=25)
update=155 global_step=317440 SPS=691 w_ev=0.755 m_ev=0.999 m_v_bias=-2.4 m_adv_std=3.7472 m_kl_max=0.0050 m_ratio_max=0.472 w_ax@goal=+1.25 w_v@goal=14.53 return=1009.6 length=81 success_rate=1.00 collisions/ep=0.07 (n=27)
Evaluation at update 155: return=1012.69, length=77.35, success_rate=1.00, collisions/ep=0.00
Solved-check at update 155: solved=True worst_gap=0.62 at p_x0=0.00 p_y0=1.00 (consecutive=16)
update=156 global_step=319488 SPS=684 w_ev=0.774 m_ev=0.999 m_v_bias=-0.4 m_adv_std=5.8130 m_kl_max=0.0112 m_ratio_max=1.155 w_ax@goal=+1.20 w_v@goal=14.54 return=1011.0 length=79 success_rate=1.00 collisions/ep=0.08 (n=25)
update=157 global_step=321536 SPS=686 w_ev=0.812 m_ev=1.000 m_v_bias=-1.8 m_adv_std=2.7058 m_kl_max=0.0099 m_ratio_max=0.448 w_ax@goal=+1.27 w_v@goal=14.67 return=1012.9 length=79 success_rate=1.00 collisions/ep=0.00 (n=27)
update=158 global_step=323584 SPS=687 w_ev=0.786 m_ev=0.974 m_v_bias=8.7 m_adv_std=27.6438 m_kl_max=0.0161 m_ratio_max=0.947 w_ax@goal=+1.25 w_v@goal=14.55 return=991.5 length=78 success_rate=1.00 collisions/ep=0.42 (n=26)
update=159 global_step=325632 SPS=689 w_ev=0.838 m_ev=0.998 m_v_bias=-6.1 m_adv_std=6.6342 m_kl_max=0.0113 m_ratio_max=0.674 w_ax@goal=+1.38 w_v@goal=14.71 return=1012.9 length=79 success_rate=1.00 collisions/ep=0.00 (n=24)
update=160 global_step=327680 SPS=690 w_ev=0.824 m_ev=0.999 m_v_bias=-1.5 m_adv_std=5.6628 m_kl_max=0.0214 m_ratio_max=0.717 w_ax@goal=+1.41 w_v@goal=14.64 return=1011.2 length=80 success_rate=1.00 collisions/ep=0.08 (n=26)
Evaluation at update 160: return=1012.74, length=77.30, success_rate=1.00, collisions/ep=0.00
Solved-check at update 160: solved=True worst_gap=0.45 at p_x0=0.00 p_y0=1.00 (consecutive=17)
update=161 global_step=329728 SPS=684 w_ev=0.798 m_ev=0.999 m_v_bias=-0.0 m_adv_std=5.5319 m_kl_max=0.0125 m_ratio_max=1.064 w_ax@goal=+1.38 w_v@goal=14.54 return=1011.2 length=79 success_rate=1.00 collisions/ep=0.04 (n=28)
update=162 global_step=331776 SPS=686 w_ev=0.812 m_ev=0.997 m_v_bias=2.5 m_adv_std=9.5893 m_kl_max=0.0137 m_ratio_max=0.535 w_ax@goal=+1.23 w_v@goal=14.62 return=1007.2 length=80 success_rate=1.00 collisions/ep=0.15 (n=26)
update=163 global_step=333824 SPS=688 w_ev=0.812 m_ev=0.997 m_v_bias=0.6 m_adv_std=8.5180 m_kl_max=0.0165 m_ratio_max=0.693 w_ax@goal=+1.20 w_v@goal=14.63 return=1009.2 length=80 success_rate=1.00 collisions/ep=0.08 (n=25)
update=164 global_step=335872 SPS=689 w_ev=0.781 m_ev=0.989 m_v_bias=0.4 m_adv_std=17.6850 m_kl_max=0.0198 m_ratio_max=0.763 w_ax@goal=+1.14 w_v@goal=14.58 return=1003.0 length=78 success_rate=1.00 collisions/ep=0.19 (n=26)
update=165 global_step=337920 SPS=691 w_ev=0.820 m_ev=0.999 m_v_bias=-2.5 m_adv_std=4.7354 m_kl_max=0.0089 m_ratio_max=0.446 w_ax@goal=+1.27 w_v@goal=14.62 return=1012.8 length=79 success_rate=1.00 collisions/ep=0.00 (n=25)
Evaluation at update 165: return=1012.76, length=77.35, success_rate=1.00, collisions/ep=0.00
Solved-check at update 165: solved=True worst_gap=0.47 at p_x0=0.00 p_y0=1.00 (consecutive=18)
update=166 global_step=339968 SPS=685 w_ev=0.798 m_ev=0.999 m_v_bias=0.1 m_adv_std=5.6403 m_kl_max=0.0168 m_ratio_max=0.694 w_ax@goal=+1.20 w_v@goal=14.63 return=1011.1 length=79 success_rate=1.00 collisions/ep=0.04 (n=26)
update=167 global_step=342016 SPS=687 w_ev=0.795 m_ev=0.998 m_v_bias=0.7 m_adv_std=6.4570 m_kl_max=0.0185 m_ratio_max=1.191 w_ax@goal=+1.18 w_v@goal=14.79 return=1011.0 length=78 success_rate=1.00 collisions/ep=0.04 (n=26)
update=168 global_step=344064 SPS=688 w_ev=0.754 m_ev=0.994 m_v_bias=2.2 m_adv_std=12.3474 m_kl_max=0.0126 m_ratio_max=0.556 w_ax@goal=+1.19 w_v@goal=14.69 return=1007.3 length=78 success_rate=1.00 collisions/ep=0.11 (n=28)
update=169 global_step=346112 SPS=690 w_ev=0.763 m_ev=0.997 m_v_bias=-0.5 m_adv_std=8.7919 m_kl_max=0.0277 m_ratio_max=1.935 w_ax@goal=+1.14 w_v@goal=14.47 return=1007.0 length=79 success_rate=1.00 collisions/ep=0.12 (n=25)
update=170 global_step=348160 SPS=691 w_ev=0.799 m_ev=0.990 m_v_bias=3.4 m_adv_std=16.8007 m_kl_max=0.0201 m_ratio_max=0.739 w_ax@goal=+1.16 w_v@goal=14.56 return=1005.1 length=79 success_rate=1.00 collisions/ep=0.15 (n=26)
Evaluation at update 170: return=1012.69, length=77.35, success_rate=1.00, collisions/ep=0.00
Solved-check at update 170: solved=True worst_gap=0.57 at p_x0=0.00 p_y0=1.00 (consecutive=19)
update=171 global_step=350208 SPS=685 w_ev=0.832 m_ev=0.999 m_v_bias=-3.6 m_adv_std=5.9733 m_kl_max=0.0098 m_ratio_max=0.693 w_ax@goal=+1.23 w_v@goal=14.67 return=1003.5 length=80 success_rate=1.00 collisions/ep=0.19 (n=26)
update=172 global_step=352256 SPS=686 w_ev=0.831 m_ev=1.000 m_v_bias=-1.7 m_adv_std=2.9717 m_kl_max=0.0121 m_ratio_max=1.015 w_ax@goal=+1.22 w_v@goal=14.65 return=1012.9 length=79 success_rate=1.00 collisions/ep=0.00 (n=25)
update=173 global_step=354304 SPS=688 w_ev=0.814 m_ev=0.992 m_v_bias=1.7 m_adv_std=15.3501 m_kl_max=0.0149 m_ratio_max=0.715 w_ax@goal=+1.30 w_v@goal=14.63 return=1007.3 length=80 success_rate=1.00 collisions/ep=0.12 (n=26)
update=174 global_step=356352 SPS=689 w_ev=0.763 m_ev=0.993 m_v_bias=2.9 m_adv_std=13.6895 m_kl_max=0.0211 m_ratio_max=0.877 w_ax@goal=+1.37 w_v@goal=14.62 return=1003.8 length=79 success_rate=1.00 collisions/ep=0.19 (n=27)
update=175 global_step=358400 SPS=690 w_ev=0.770 m_ev=0.973 m_v_bias=1.0 m_adv_std=26.5395 m_kl_max=0.0202 m_ratio_max=0.704 w_ax@goal=+1.14 w_v@goal=14.55 return=995.9 length=77 success_rate=1.00 collisions/ep=0.38 (n=24)
Evaluation at update 175: return=1012.74, length=77.35, success_rate=1.00, collisions/ep=0.00
Solved-check at update 175: solved=True worst_gap=0.50 at p_x0=0.00 p_y0=1.00 (consecutive=20)
update=176 global_step=360448 SPS=685 w_ev=0.800 m_ev=0.987 m_v_bias=2.2 m_adv_std=18.8046 m_kl_max=0.0237 m_ratio_max=0.999 w_ax@goal=+1.16 w_v@goal=14.53 return=1003.8 length=77 success_rate=1.00 collisions/ep=0.17 (n=29)
update=177 global_step=362496 SPS=686 w_ev=0.817 m_ev=0.968 m_v_bias=4.5 m_adv_std=29.5305 m_kl_max=0.0158 m_ratio_max=1.067 w_ax@goal=+1.12 w_v@goal=14.52 return=1001.3 length=79 success_rate=1.00 collisions/ep=0.27 (n=26)
update=178 global_step=364544 SPS=688 w_ev=0.854 m_ev=0.998 m_v_bias=-5.4 m_adv_std=7.0643 m_kl_max=0.0078 m_ratio_max=0.538 w_ax@goal=+1.12 w_v@goal=14.58 return=1011.0 length=79 success_rate=1.00 collisions/ep=0.04 (n=25)
update=179 global_step=366592 SPS=689 w_ev=0.854 m_ev=0.997 m_v_bias=0.3 m_adv_std=8.2632 m_kl_max=0.0073 m_ratio_max=0.403 w_ax@goal=+1.24 w_v@goal=14.74 return=1008.9 length=80 success_rate=1.00 collisions/ep=0.08 (n=24)
update=180 global_step=368640 SPS=690 w_ev=0.851 m_ev=0.983 m_v_bias=3.0 m_adv_std=21.7500 m_kl_max=0.0281 m_ratio_max=1.683 w_ax@goal=+1.02 w_v@goal=14.81 return=1003.8 length=78 success_rate=1.00 collisions/ep=0.17 (n=29)
Evaluation at update 180: return=1012.61, length=77.35, success_rate=1.00, collisions/ep=0.00
Solved-check at update 180: solved=True worst_gap=0.70 at p_x0=0.00 p_y0=1.00 (consecutive=21)
update=181 global_step=370688 SPS=685 w_ev=0.856 m_ev=0.998 m_v_bias=-0.6 m_adv_std=8.2041 m_kl_max=0.0058 m_ratio_max=0.410 w_ax@goal=+1.10 w_v@goal=14.72 return=1008.6 length=78 success_rate=1.00 collisions/ep=0.08 (n=25)
update=182 global_step=372736 SPS=686 w_ev=0.824 m_ev=1.000 m_v_bias=-1.7 m_adv_std=2.9602 m_kl_max=0.0124 m_ratio_max=0.666 w_ax@goal=+1.01 w_v@goal=14.58 return=1013.1 length=81 success_rate=1.00 collisions/ep=0.04 (n=25)
update=183 global_step=374784 SPS=688 w_ev=0.852 m_ev=0.996 m_v_bias=3.7 m_adv_std=11.0973 m_kl_max=0.0136 m_ratio_max=0.982 w_ax@goal=+1.01 w_v@goal=14.67 return=1007.4 length=81 success_rate=1.00 collisions/ep=0.12 (n=26)
update=184 global_step=376832 SPS=689 w_ev=0.820 m_ev=0.998 m_v_bias=-2.8 m_adv_std=6.4576 m_kl_max=0.0204 m_ratio_max=0.659 w_ax@goal=+1.07 w_v@goal=14.61 return=1006.7 length=79 success_rate=1.00 collisions/ep=0.12 (n=26)
update=185 global_step=378880 SPS=691 w_ev=0.855 m_ev=0.994 m_v_bias=2.6 m_adv_std=12.5459 m_kl_max=0.0110 m_ratio_max=0.523 w_ax@goal=+1.11 w_v@goal=14.73 return=1003.2 length=78 success_rate=1.00 collisions/ep=0.19 (n=27)
Evaluation at update 185: return=1012.52, length=77.50, success_rate=1.00, collisions/ep=0.00
Solved-check at update 185: solved=True worst_gap=0.86 at p_x0=0.00 p_y0=1.00 (consecutive=22)
update=186 global_step=380928 SPS=685 w_ev=0.859 m_ev=0.994 m_v_bias=1.5 m_adv_std=12.7214 m_kl_max=0.0176 m_ratio_max=1.071 w_ax@goal=+0.87 w_v@goal=14.61 return=1002.6 length=79 success_rate=1.00 collisions/ep=0.20 (n=25)
update=187 global_step=382976 SPS=687 w_ev=0.869 m_ev=0.999 m_v_bias=-0.2 m_adv_std=5.6827 m_kl_max=0.0175 m_ratio_max=0.633 w_ax@goal=+1.12 w_v@goal=14.67 return=1010.8 length=80 success_rate=1.00 collisions/ep=0.04 (n=26)
update=188 global_step=385024 SPS=688 w_ev=0.869 m_ev=0.998 m_v_bias=0.4 m_adv_std=6.6160 m_kl_max=0.0149 m_ratio_max=0.990 w_ax@goal=+1.03 w_v@goal=14.75 return=1010.6 length=79 success_rate=1.00 collisions/ep=0.04 (n=26)
update=189 global_step=387072 SPS=689 w_ev=0.899 m_ev=0.995 m_v_bias=0.1 m_adv_std=11.9493 m_kl_max=0.0140 m_ratio_max=0.722 w_ax@goal=+0.94 w_v@goal=14.59 return=1008.7 length=80 success_rate=1.00 collisions/ep=0.08 (n=26)
update=190 global_step=389120 SPS=690 w_ev=0.893 m_ev=1.000 m_v_bias=-1.4 m_adv_std=3.3153 m_kl_max=0.0182 m_ratio_max=0.677 w_ax@goal=+0.94 w_v@goal=14.68 return=1012.4 length=79 success_rate=1.00 collisions/ep=0.00 (n=26)
Evaluation at update 190: return=1012.40, length=77.60, success_rate=1.00, collisions/ep=0.00
Solved-check at update 190: solved=True worst_gap=0.94 at p_x0=0.50 p_y0=1.00 (consecutive=23)
update=191 global_step=391168 SPS=685 w_ev=0.880 m_ev=0.967 m_v_bias=4.5 m_adv_std=31.1732 m_kl_max=0.0434 m_ratio_max=1.709 w_ax@goal=+1.06 w_v@goal=14.91 return=996.3 length=78 success_rate=1.00 collisions/ep=0.32 (n=25)
update=192 global_step=393216 SPS=686 w_ev=0.857 m_ev=0.995 m_v_bias=-0.8 m_adv_std=11.4278 m_kl_max=0.0163 m_ratio_max=0.575 w_ax@goal=+0.96 w_v@goal=14.77 return=1008.8 length=80 success_rate=1.00 collisions/ep=0.08 (n=25)
update=193 global_step=395264 SPS=687 w_ev=0.880 m_ev=0.998 m_v_bias=-1.1 m_adv_std=7.8770 m_kl_max=0.0102 m_ratio_max=0.495 w_ax@goal=+0.91 w_v@goal=14.64 return=1010.5 length=80 success_rate=1.00 collisions/ep=0.04 (n=26)
update=194 global_step=397312 SPS=689 w_ev=0.873 m_ev=0.998 m_v_bias=-1.0 m_adv_std=7.0194 m_kl_max=0.0095 m_ratio_max=0.804 w_ax@goal=+0.93 w_v@goal=14.60 return=1008.5 length=80 success_rate=1.00 collisions/ep=0.08 (n=26)
update=195 global_step=399360 SPS=690 w_ev=0.868 m_ev=0.985 m_v_bias=2.7 m_adv_std=20.7548 m_kl_max=0.0103 m_ratio_max=0.543 w_ax@goal=+0.89 w_v@goal=14.65 return=1010.5 length=79 success_rate=1.00 collisions/ep=0.04 (n=26)
Evaluation at update 195: return=1012.52, length=77.50, success_rate=1.00, collisions/ep=0.00
Solved-check at update 195: solved=True worst_gap=0.72 at p_x0=0.00 p_y0=1.00 (consecutive=24)
update=196 global_step=401408 SPS=685 w_ev=0.876 m_ev=0.985 m_v_bias=-0.6 m_adv_std=21.1227 m_kl_max=0.0089 m_ratio_max=0.339 w_ax@goal=+0.99 w_v@goal=14.66 return=993.7 length=78 success_rate=1.00 collisions/ep=0.37 (n=27)
update=197 global_step=403456 SPS=686 w_ev=0.887 m_ev=0.992 m_v_bias=-0.2 m_adv_std=14.7798 m_kl_max=0.0103 m_ratio_max=0.570 w_ax@goal=+0.95 w_v@goal=14.83 return=1000.5 length=81 success_rate=1.00 collisions/ep=0.25 (n=24)
update=198 global_step=405504 SPS=687 w_ev=0.880 m_ev=0.996 m_v_bias=-1.6 m_adv_std=10.3429 m_kl_max=0.0165 m_ratio_max=0.613 w_ax@goal=+0.89 w_v@goal=14.72 return=1008.6 length=78 success_rate=1.00 collisions/ep=0.07 (n=27)
update=199 global_step=407552 SPS=688 w_ev=0.874 m_ev=0.997 m_v_bias=0.1 m_adv_std=9.6664 m_kl_max=0.0069 m_ratio_max=0.411 w_ax@goal=+1.05 w_v@goal=14.74 return=1007.2 length=79 success_rate=1.00 collisions/ep=0.11 (n=27)
update=200 global_step=409600 SPS=690 w_ev=0.859 m_ev=0.992 m_v_bias=1.8 m_adv_std=14.8474 m_kl_max=0.0129 m_ratio_max=0.429 w_ax@goal=+0.89 w_v@goal=14.72 return=1002.9 length=78 success_rate=1.00 collisions/ep=0.23 (n=26)
Evaluation at update 200: return=1012.62, length=77.45, success_rate=1.00, collisions/ep=0.00
Solved-check at update 200: solved=True worst_gap=0.55 at p_x0=0.00 p_y0=1.00 (consecutive=25)
update=201 global_step=411648 SPS=684 w_ev=0.864 m_ev=0.998 m_v_bias=-2.7 m_adv_std=7.0480 m_kl_max=0.0297 m_ratio_max=1.884 w_ax@goal=+1.13 w_v@goal=14.60 return=1010.5 length=79 success_rate=1.00 collisions/ep=0.04 (n=25)
update=202 global_step=413696 SPS=686 w_ev=0.835 m_ev=0.996 m_v_bias=0.3 m_adv_std=10.8167 m_kl_max=0.0120 m_ratio_max=0.747 w_ax@goal=+1.01 w_v@goal=14.62 return=1008.4 length=78 success_rate=1.00 collisions/ep=0.08 (n=26)
update=203 global_step=415744 SPS=687 w_ev=0.854 m_ev=0.999 m_v_bias=-3.6 m_adv_std=4.7575 m_kl_max=0.0189 m_ratio_max=0.689 w_ax@goal=+1.09 w_v@goal=14.70 return=1009.1 length=80 success_rate=1.00 collisions/ep=0.08 (n=26)
update=204 global_step=417792 SPS=688 w_ev=0.841 m_ev=0.982 m_v_bias=3.5 m_adv_std=22.1273 m_kl_max=0.0102 m_ratio_max=0.681 w_ax@goal=+0.89 w_v@goal=14.76 return=1005.3 length=79 success_rate=1.00 collisions/ep=0.15 (n=27)
update=205 global_step=419840 SPS=689 w_ev=0.815 m_ev=0.999 m_v_bias=-3.3 m_adv_std=6.3149 m_kl_max=0.0122 m_ratio_max=0.605 w_ax@goal=+0.89 w_v@goal=14.65 return=1010.5 length=78 success_rate=1.00 collisions/ep=0.04 (n=26)
Evaluation at update 205: return=1012.63, length=77.35, success_rate=1.00, collisions/ep=0.00
Solved-check at update 205: solved=True worst_gap=0.61 at p_x0=0.00 p_y0=1.00 (consecutive=26)
update=206 global_step=421888 SPS=685 w_ev=0.845 m_ev=0.997 m_v_bias=0.1 m_adv_std=8.3017 m_kl_max=0.0074 m_ratio_max=0.365 w_ax@goal=+0.89 w_v@goal=14.61 return=1010.4 length=79 success_rate=1.00 collisions/ep=0.04 (n=25)
update=207 global_step=423936 SPS=686 w_ev=0.840 m_ev=0.986 m_v_bias=1.5 m_adv_std=20.0990 m_kl_max=0.0148 m_ratio_max=0.518 w_ax@goal=+0.96 w_v@goal=14.60 return=1005.4 length=80 success_rate=1.00 collisions/ep=0.15 (n=27)
update=208 global_step=425984 SPS=687 w_ev=0.857 m_ev=0.999 m_v_bias=-3.2 m_adv_std=4.7157 m_kl_max=0.0059 m_ratio_max=0.482 w_ax@goal=+0.95 w_v@goal=14.73 return=1012.8 length=81 success_rate=1.00 collisions/ep=0.00 (n=24)
update=209 global_step=428032 SPS=688 w_ev=0.869 m_ev=0.997 m_v_bias=0.4 m_adv_std=8.3900 m_kl_max=0.0043 m_ratio_max=0.455 w_ax@goal=+1.03 w_v@goal=14.80 return=1008.7 length=79 success_rate=1.00 collisions/ep=0.08 (n=25)
update=210 global_step=430080 SPS=689 w_ev=0.798 m_ev=1.000 m_v_bias=0.3 m_adv_std=3.1076 m_kl_max=0.0072 m_ratio_max=0.425 w_ax@goal=+0.86 w_v@goal=14.81 return=1012.7 length=80 success_rate=1.00 collisions/ep=0.00 (n=28)
Evaluation at update 210: return=1012.61, length=77.45, success_rate=1.00, collisions/ep=0.00
Solved-check at update 210: solved=True worst_gap=0.59 at p_x0=0.00 p_y0=1.00 (consecutive=27)
update=211 global_step=432128 SPS=685 w_ev=0.840 m_ev=0.999 m_v_bias=0.0 m_adv_std=5.9904 m_kl_max=0.0138 m_ratio_max=0.778 w_ax@goal=+1.07 w_v@goal=14.68 return=1012.4 length=78 success_rate=1.00 collisions/ep=0.00 (n=26)
update=212 global_step=434176 SPS=686 w_ev=0.771 m_ev=0.999 m_v_bias=1.1 m_adv_std=5.9785 m_kl_max=0.0294 m_ratio_max=0.843 w_ax@goal=+1.10 w_v@goal=14.68 return=1008.5 length=78 success_rate=1.00 collisions/ep=0.08 (n=25)
update=213 global_step=436224 SPS=688 w_ev=0.822 m_ev=0.998 m_v_bias=0.1 m_adv_std=6.6760 m_kl_max=0.0073 m_ratio_max=0.396 w_ax@goal=+0.98 w_v@goal=14.64 return=1011.0 length=80 success_rate=1.00 collisions/ep=0.04 (n=26)
update=214 global_step=438272 SPS=689 w_ev=0.771 m_ev=0.999 m_v_bias=-1.9 m_adv_std=5.3033 m_kl_max=0.0069 m_ratio_max=0.350 w_ax@goal=+0.91 w_v@goal=14.69 return=1011.1 length=79 success_rate=1.00 collisions/ep=0.04 (n=27)
update=215 global_step=440320 SPS=690 w_ev=0.794 m_ev=0.991 m_v_bias=2.5 m_adv_std=16.4128 m_kl_max=0.0249 m_ratio_max=1.765 w_ax@goal=+1.15 w_v@goal=14.73 return=1003.2 length=78 success_rate=1.00 collisions/ep=0.19 (n=26)
Evaluation at update 215: return=1012.62, length=77.35, success_rate=1.00, collisions/ep=0.00
Solved-check at update 215: solved=True worst_gap=0.62 at p_x0=0.00 p_y0=1.00 (consecutive=28)
update=216 global_step=442368 SPS=685 w_ev=0.789 m_ev=0.997 m_v_bias=-0.1 m_adv_std=8.9235 m_kl_max=0.0185 m_ratio_max=0.675 w_ax@goal=+1.06 w_v@goal=14.70 return=1010.9 length=80 success_rate=1.00 collisions/ep=0.04 (n=25)
update=217 global_step=444416 SPS=687 w_ev=0.809 m_ev=0.996 m_v_bias=0.5 m_adv_std=10.8189 m_kl_max=0.0127 m_ratio_max=0.670 w_ax@goal=+1.00 w_v@goal=14.55 return=1003.2 length=79 success_rate=1.00 collisions/ep=0.19 (n=26)
update=218 global_step=446464 SPS=688 w_ev=0.837 m_ev=1.000 m_v_bias=-0.5 m_adv_std=2.7303 m_kl_max=0.0166 m_ratio_max=0.678 w_ax@goal=+0.99 w_v@goal=14.74 return=1012.8 length=79 success_rate=1.00 collisions/ep=0.00 (n=25)
update=219 global_step=448512 SPS=689 w_ev=0.818 m_ev=0.997 m_v_bias=1.1 m_adv_std=9.7685 m_kl_max=0.0209 m_ratio_max=0.716 w_ax@goal=+1.11 w_v@goal=14.77 return=1008.9 length=78 success_rate=1.00 collisions/ep=0.07 (n=27)
update=220 global_step=450560 SPS=690 w_ev=0.821 m_ev=0.999 m_v_bias=-1.3 m_adv_std=3.7545 m_kl_max=0.0218 m_ratio_max=1.688 w_ax@goal=+1.12 w_v@goal=14.61 return=1012.8 length=79 success_rate=1.00 collisions/ep=0.00 (n=25)
Evaluation at update 220: return=1012.60, length=77.35, success_rate=1.00, collisions/ep=0.00
Solved-check at update 220: solved=True worst_gap=0.61 at p_x0=0.00 p_y0=1.00 (consecutive=29)
update=221 global_step=452608 SPS=685 w_ev=0.826 m_ev=0.999 m_v_bias=1.5 m_adv_std=6.0007 m_kl_max=0.0141 m_ratio_max=0.822 w_ax@goal=+1.09 w_v@goal=14.70 return=1010.8 length=79 success_rate=1.00 collisions/ep=0.04 (n=26)
update=222 global_step=454656 SPS=686 w_ev=0.787 m_ev=1.000 m_v_bias=-0.0 m_adv_std=2.6363 m_kl_max=0.0057 m_ratio_max=0.374 w_ax@goal=+0.91 w_v@goal=14.53 return=1012.4 length=78 success_rate=1.00 collisions/ep=0.00 (n=28)
update=223 global_step=456704 SPS=687 w_ev=0.791 m_ev=1.000 m_v_bias=-0.3 m_adv_std=2.1115 m_kl_max=0.0122 m_ratio_max=0.470 w_ax@goal=+1.11 w_v@goal=14.61 return=1012.8 length=79 success_rate=1.00 collisions/ep=0.00 (n=24)
update=224 global_step=458752 SPS=688 w_ev=0.835 m_ev=1.000 m_v_bias=-0.0 m_adv_std=2.3436 m_kl_max=0.0168 m_ratio_max=0.773 w_ax@goal=+1.07 w_v@goal=14.73 return=1012.7 length=78 success_rate=1.00 collisions/ep=0.00 (n=27)
update=225 global_step=460800 SPS=689 w_ev=0.795 m_ev=1.000 m_v_bias=0.0 m_adv_std=2.2001 m_kl_max=0.0274 m_ratio_max=0.702 w_ax@goal=+0.89 w_v@goal=14.61 return=1012.7 length=79 success_rate=1.00 collisions/ep=0.00 (n=26)
Evaluation at update 225: return=1012.48, length=77.55, success_rate=1.00, collisions/ep=0.00
Solved-check at update 225: solved=True worst_gap=0.72 at p_x0=0.00 p_y0=1.00 (consecutive=30)
update=226 global_step=462848 SPS=684 w_ev=0.836 m_ev=0.997 m_v_bias=1.2 m_adv_std=9.6396 m_kl_max=0.0051 m_ratio_max=0.459 w_ax@goal=+1.02 w_v@goal=14.71 return=1007.3 length=80 success_rate=1.00 collisions/ep=0.11 (n=27)
update=227 global_step=464896 SPS=685 w_ev=0.791 m_ev=0.996 m_v_bias=2.2 m_adv_std=10.2959 m_kl_max=0.0209 m_ratio_max=1.001 w_ax@goal=+0.89 w_v@goal=14.68 return=1004.7 length=78 success_rate=1.00 collisions/ep=0.19 (n=26)
update=228 global_step=466944 SPS=686 w_ev=0.842 m_ev=0.997 m_v_bias=-0.2 m_adv_std=9.2166 m_kl_max=0.0154 m_ratio_max=1.338 w_ax@goal=+0.90 w_v@goal=14.74 return=1010.3 length=78 success_rate=1.00 collisions/ep=0.04 (n=25)
update=229 global_step=468992 SPS=687 w_ev=0.827 m_ev=0.999 m_v_bias=-0.2 m_adv_std=6.2210 m_kl_max=0.0103 m_ratio_max=0.833 w_ax@goal=+0.96 w_v@goal=14.69 return=1008.4 length=76 success_rate=1.00 collisions/ep=0.11 (n=28)
update=230 global_step=471040 SPS=688 w_ev=0.830 m_ev=0.999 m_v_bias=0.5 m_adv_std=5.8666 m_kl_max=0.0191 m_ratio_max=0.753 w_ax@goal=+1.05 w_v@goal=14.66 return=1010.6 length=80 success_rate=1.00 collisions/ep=0.08 (n=25)
Evaluation at update 230: return=1012.38, length=77.60, success_rate=1.00, collisions/ep=0.00
Solved-check at update 230: solved=True worst_gap=0.93 at p_x0=0.00 p_y0=1.00 (consecutive=31)
update=231 global_step=473088 SPS=684 w_ev=0.835 m_ev=1.000 m_v_bias=-1.7 m_adv_std=2.6432 m_kl_max=0.0260 m_ratio_max=0.841 w_ax@goal=+0.96 w_v@goal=14.69 return=1012.7 length=81 success_rate=1.00 collisions/ep=0.00 (n=26)
update=232 global_step=475136 SPS=685 w_ev=0.754 m_ev=0.996 m_v_bias=2.0 m_adv_std=10.3861 m_kl_max=0.0136 m_ratio_max=0.762 w_ax@goal=+1.03 w_v@goal=14.77 return=1006.5 length=79 success_rate=1.00 collisions/ep=0.12 (n=25)
update=233 global_step=477184 SPS=686 w_ev=0.784 m_ev=0.998 m_v_bias=-0.7 m_adv_std=7.0040 m_kl_max=0.0175 m_ratio_max=1.099 w_ax@goal=+0.97 w_v@goal=14.58 return=1010.2 length=78 success_rate=1.00 collisions/ep=0.04 (n=26)
update=234 global_step=479232 SPS=687 w_ev=0.806 m_ev=1.000 m_v_bias=-0.8 m_adv_std=2.7797 m_kl_max=0.0354 m_ratio_max=1.129 w_ax@goal=+0.95 w_v@goal=14.64 return=1012.6 length=80 success_rate=1.00 collisions/ep=0.04 (n=26)
update=235 global_step=481280 SPS=688 w_ev=0.839 m_ev=1.000 m_v_bias=0.3 m_adv_std=2.4958 m_kl_max=0.0154 m_ratio_max=0.773 w_ax@goal=+1.07 w_v@goal=14.84 return=1012.8 length=81 success_rate=1.00 collisions/ep=0.00 (n=26)
Evaluation at update 235: return=1012.38, length=77.60, success_rate=1.00, collisions/ep=0.00
Solved-check at update 235: solved=True worst_gap=0.96 at p_x0=0.50 p_y0=1.00 (consecutive=32)
update=236 global_step=483328 SPS=684 w_ev=0.754 m_ev=0.999 m_v_bias=1.2 m_adv_std=6.0066 m_kl_max=0.0116 m_ratio_max=0.422 w_ax@goal=+1.10 w_v@goal=14.65 return=1010.3 length=80 success_rate=1.00 collisions/ep=0.04 (n=24)
update=237 global_step=485376 SPS=685 w_ev=0.803 m_ev=0.999 m_v_bias=-1.7 m_adv_std=5.3640 m_kl_max=0.0178 m_ratio_max=0.626 w_ax@goal=+1.23 w_v@goal=14.63 return=1010.5 length=79 success_rate=1.00 collisions/ep=0.04 (n=27)
update=238 global_step=487424 SPS=686 w_ev=0.806 m_ev=0.997 m_v_bias=1.2 m_adv_std=9.2159 m_kl_max=0.0139 m_ratio_max=0.727 w_ax@goal=+1.14 w_v@goal=14.71 return=1004.9 length=78 success_rate=1.00 collisions/ep=0.15 (n=26)
update=239 global_step=489472 SPS=687 w_ev=0.780 m_ev=0.998 m_v_bias=0.0 m_adv_std=8.0452 m_kl_max=0.0290 m_ratio_max=1.991 w_ax@goal=+1.02 w_v@goal=14.63 return=1008.8 length=80 success_rate=1.00 collisions/ep=0.08 (n=26)
update=240 global_step=491520 SPS=688 w_ev=0.786 m_ev=0.998 m_v_bias=-1.7 m_adv_std=6.7554 m_kl_max=0.0167 m_ratio_max=0.676 w_ax@goal=+0.94 w_v@goal=14.61 return=1010.3 length=78 success_rate=1.00 collisions/ep=0.04 (n=26)
Evaluation at update 240: return=1012.35, length=77.65, success_rate=1.00, collisions/ep=0.00
Solved-check at update 240: solved=True worst_gap=0.93 at p_x0=0.50 p_y0=1.00 (consecutive=33)
update=241 global_step=493568 SPS=684 w_ev=0.829 m_ev=0.998 m_v_bias=-0.6 m_adv_std=6.5647 m_kl_max=0.0056 m_ratio_max=0.334 w_ax@goal=+0.95 w_v@goal=14.58 return=1010.4 length=78 success_rate=1.00 collisions/ep=0.04 (n=28)
update=242 global_step=495616 SPS=685 w_ev=0.826 m_ev=0.977 m_v_bias=2.6 m_adv_std=24.6492 m_kl_max=0.0091 m_ratio_max=0.598 w_ax@goal=+1.03 w_v@goal=14.63 return=1004.5 length=80 success_rate=1.00 collisions/ep=0.20 (n=25)
update=243 global_step=497664 SPS=687 w_ev=0.852 m_ev=0.995 m_v_bias=0.3 m_adv_std=11.1922 m_kl_max=0.0095 m_ratio_max=0.689 w_ax@goal=+1.04 w_v@goal=14.74 return=1006.3 length=78 success_rate=1.00 collisions/ep=0.12 (n=25)
update=244 global_step=499712 SPS=688 w_ev=0.877 m_ev=0.999 m_v_bias=-2.2 m_adv_std=5.9842 m_kl_max=0.0216 m_ratio_max=0.674 w_ax@goal=+0.94 w_v@goal=14.74 return=1010.6 length=79 success_rate=1.00 collisions/ep=0.04 (n=26)
Saved checkpoints to C:\Users\loren\Desktop\MASTER THESIS\5_CODE\scenarios\slalom\studies\extrinsic_sweep\coef_0.015\runs\hppo_slalom_3_1790266511
