Using device: cpu
Solved-check: precomputed optimal returns for 25 fixed initial conditions (mean=1011.8, min=1007.0, max=1014.0); solved-tolerance=5.0
Goal box: +-1.800 m (1.5x segment-reachable; segment-reachable displacement = 1.200 m)
tube MPC: W disks of radii (p, v) [0. 0.], RPI s=0 alpha=0; Z radii (p, v) = [0. 0.]
  X0 (-) Z: p_x [-1.000, 11.000], p_y [-1.999, 1.999], ||v|| <= 1.200; V = U (-) KZ: ||u|| <= 2.500; K = [-7.613 -4.585] per axis
  4 obstacles, 132 binaries before fixing, max big-M 9.00; horizon N=10, stopping time 5 steps
num_envs=8 num_steps_per_env=256 batch_size=2048 num_updates=100 timesteps=204800
update=1 global_step=2048 SPS=88 m_ev=0.002 m_v_bias=44.3 m_kl_max=0.0031 mpc_ms=11.0/217 cand=0.020 return=-202.9 length=200 success_rate=0.00 collisions/ep=0.00 (n=8)
update=2 global_step=4096 SPS=87 m_ev=-0.869 m_v_bias=24.7 m_kl_max=0.0125 mpc_ms=11.3/213 cand=0.008 return=-202.1 length=200 success_rate=0.00 collisions/ep=0.00 (n=8)
update=3 global_step=6144 SPS=82 m_ev=-0.518 m_v_bias=11.6 m_kl_max=0.0338 mpc_ms=13.1/183 cand=0.017 return=-197.9 length=200 success_rate=0.00 collisions/ep=0.00 (n=8)
update=4 global_step=8192 SPS=69 m_ev=-0.118 m_v_bias=2.8 m_kl_max=0.0361 mpc_ms=20.8/235 cand=0.013 return=-172.1 length=200 success_rate=0.00 collisions/ep=0.00 (n=16)
update=5 global_step=10240 SPS=59 m_ev=0.229 m_v_bias=0.9 m_kl_max=0.0536 mpc_ms=26.4/264 cand=0.001 return=-158.4 length=200 success_rate=0.00 collisions/ep=0.00 (n=8)
Evaluation at update 5: return=-139.83, length=200.00, success_rate=0.00, collisions/ep=0.00
Solved-check at update 5: solved=False worst_gap=1161.19 at p_x0=2.00 p_y0=0.50 (consecutive=0)
update=6 global_step=12288 SPS=29 m_ev=0.501 m_v_bias=3.2 m_kl_max=0.0307 mpc_ms=32.5/343 cand=0.001 return=-158.9 length=200 success_rate=0.00 collisions/ep=0.00 (n=8)
update=7 global_step=14336 SPS=28 m_ev=0.814 m_v_bias=-0.1 m_kl_max=0.0446 mpc_ms=35.8/901 cand=0.000 return=-149.1 length=200 success_rate=0.00 collisions/ep=0.00 (n=8)
update=8 global_step=16384 SPS=29 m_ev=0.936 m_v_bias=1.0 m_kl_max=0.0317 mpc_ms=29.6/284 cand=0.002 return=-146.4 length=200 success_rate=0.00 collisions/ep=0.00 (n=16)
update=9 global_step=18432 SPS=29 m_ev=0.941 m_v_bias=-1.0 m_kl_max=0.0455 mpc_ms=31.0/744 cand=0.000 return=-140.1 length=200 success_rate=0.00 collisions/ep=0.00 (n=8)
update=10 global_step=20480 SPS=30 m_ev=-0.032 m_v_bias=-21.4 m_kl_max=0.0034 mpc_ms=29.5/241 cand=0.001 w_ax@goal=-1.08 return=-17.4 length=194 success_rate=0.11 collisions/ep=0.00 (n=9)
Evaluation at update 10: return=-142.62, length=200.00, success_rate=0.00, collisions/ep=0.00
Solved-check at update 10: solved=False worst_gap=1186.10 at p_x0=1.50 p_y0=1.00 (consecutive=0)
update=11 global_step=22528 SPS=22 m_ev=0.109 m_v_bias=-37.9 m_kl_max=0.0167 mpc_ms=42.7/500 cand=0.000 w_ax@goal=-0.56 return=-68.9 length=199 success_rate=0.07 collisions/ep=0.00 (n=15)
update=12 global_step=24576 SPS=22 m_ev=0.222 m_v_bias=-52.6 m_kl_max=0.0347 mpc_ms=32.4/794 cand=0.000 w_ax@goal=-0.27 return=128.5 length=191 success_rate=0.25 collisions/ep=0.00 (n=8)
update=13 global_step=26624 SPS=23 m_ev=0.260 m_v_bias=-50.3 m_kl_max=0.0295 mpc_ms=32.2/629 cand=0.000 w_ax@goal=-0.05 return=104.9 length=188 success_rate=0.22 collisions/ep=0.00 (n=9)
update=14 global_step=28672 SPS=23 m_ev=0.386 m_v_bias=-115.6 m_kl_max=0.0282 mpc_ms=32.0/472 cand=0.000 w_ax@goal=-0.18 return=430.6 length=182 success_rate=0.53 collisions/ep=0.00 (n=15)
update=15 global_step=30720 SPS=24 m_ev=0.438 m_v_bias=-32.7 m_kl_max=0.0122 mpc_ms=30.0/585 cand=0.000 w_ax@goal=+0.10 return=447.2 length=165 success_rate=0.55 collisions/ep=0.00 (n=11)
Evaluation at update 15: return=347.15, length=160.65, success_rate=0.45, collisions/ep=0.00
Solved-check at update 15: solved=False worst_gap=1190.05 at p_x0=2.00 p_y0=-0.50 (consecutive=0)
update=16 global_step=32768 SPS=21 m_ev=0.620 m_v_bias=-25.8 m_kl_max=0.0112 mpc_ms=30.6/262 cand=0.000 w_ax@goal=-0.11 return=488.6 length=168 success_rate=0.58 collisions/ep=0.00 (n=12)
update=17 global_step=34816 SPS=21 m_ev=0.737 m_v_bias=-33.5 m_kl_max=0.0197 mpc_ms=32.9/458 cand=0.000 w_ax@goal=-0.18 return=449.1 length=171 success_rate=0.54 collisions/ep=0.00 (n=13)
update=18 global_step=36864 SPS=22 m_ev=0.756 m_v_bias=-5.7 m_kl_max=0.0095 mpc_ms=34.9/806 cand=0.001 w_ax@goal=+0.13 return=510.5 length=163 success_rate=0.60 collisions/ep=0.00 (n=10)
update=19 global_step=38912 SPS=22 m_ev=0.785 m_v_bias=-17.6 m_kl_max=0.0071 mpc_ms=35.5/708 cand=0.000 w_ax@goal=-0.19 return=721.8 length=149 success_rate=0.79 collisions/ep=0.00 (n=14)
update=20 global_step=40960 SPS=22 m_ev=0.869 m_v_bias=-91.3 m_kl_max=0.0049 mpc_ms=36.9/263 cand=0.000 w_ax@goal=+0.06 return=887.8 length=142 success_rate=0.94 collisions/ep=0.00 (n=17)
Evaluation at update 20: return=475.35, length=138.60, success_rate=0.55, collisions/ep=0.00
Solved-check at update 20: solved=False worst_gap=1190.05 at p_x0=2.00 p_y0=-0.50 (consecutive=0)
update=21 global_step=43008 SPS=20 m_ev=0.876 m_v_bias=-24.9 m_kl_max=0.0111 mpc_ms=37.0/808 cand=0.000 w_ax@goal=-0.10 return=967.7 length=123 success_rate=1.00 collisions/ep=0.00 (n=18)
update=22 global_step=45056 SPS=20 m_ev=0.866 m_v_bias=-11.7 m_kl_max=0.0170 mpc_ms=36.7/296 cand=0.000 w_ax@goal=+0.00 return=827.1 length=127 success_rate=0.87 collisions/ep=0.00 (n=15)
update=23 global_step=47104 SPS=20 m_ev=0.883 m_v_bias=-5.9 m_kl_max=0.0195 mpc_ms=35.7/379 cand=0.000 w_ax@goal=+0.01 return=969.5 length=121 success_rate=1.00 collisions/ep=0.00 (n=16)
update=24 global_step=49152 SPS=20 m_ev=0.866 m_v_bias=13.7 m_kl_max=0.0159 mpc_ms=36.3/1025 cand=0.000 w_ax@goal=-0.01 return=907.1 length=124 success_rate=0.94 collisions/ep=0.00 (n=17)
update=25 global_step=51200 SPS=21 m_ev=0.901 m_v_bias=6.5 m_kl_max=0.0123 mpc_ms=33.6/633 cand=0.000 w_ax@goal=-0.01 return=903.9 length=124 success_rate=0.94 collisions/ep=0.00 (n=16)
Evaluation at update 25: return=1007.23, length=84.20, success_rate=1.00, collisions/ep=0.00
Solved-check at update 25: solved=False worst_gap=8.24 at p_x0=2.00 p_y0=-1.00 (consecutive=0)
update=26 global_step=53248 SPS=20 m_ev=0.876 m_v_bias=-23.3 m_kl_max=0.0110 mpc_ms=35.1/734 cand=0.000 w_ax@goal=+0.12 return=977.7 length=113 success_rate=1.00 collisions/ep=0.00 (n=18)
update=27 global_step=55296 SPS=20 m_ev=0.933 m_v_bias=-3.0 m_kl_max=0.0132 mpc_ms=35.0/251 cand=0.000 w_ax@goal=+0.04 return=979.1 length=112 success_rate=1.00 collisions/ep=0.00 (n=21)
update=28 global_step=57344 SPS=20 m_ev=0.920 m_v_bias=-13.2 m_kl_max=0.0115 mpc_ms=32.9/215 cand=0.000 w_ax@goal=-0.04 return=987.9 length=102 success_rate=1.00 collisions/ep=0.00 (n=19)
update=29 global_step=59392 SPS=21 m_ev=0.961 m_v_bias=-17.1 m_kl_max=0.0155 mpc_ms=31.9/204 cand=0.000 w_ax@goal=-0.07 return=994.2 length=96 success_rate=1.00 collisions/ep=0.00 (n=21)
update=30 global_step=61440 SPS=21 m_ev=0.939 m_v_bias=8.6 m_kl_max=0.0082 mpc_ms=34.6/258 cand=0.000 w_ax@goal=-0.04 return=990.8 length=100 success_rate=1.00 collisions/ep=0.00 (n=21)
Evaluation at update 30: return=1007.73, length=83.75, success_rate=1.00, collisions/ep=0.00
Solved-check at update 30: solved=False worst_gap=6.10 at p_x0=0.00 p_y0=-0.50 (consecutive=0)
update=31 global_step=63488 SPS=20 m_ev=0.955 m_v_bias=9.3 m_kl_max=0.0081 mpc_ms=34.8/507 cand=0.000 w_ax@goal=-0.06 return=991.6 length=99 success_rate=1.00 collisions/ep=0.00 (n=20)
update=32 global_step=65536 SPS=20 m_ev=0.964 m_v_bias=-1.2 m_kl_max=0.0137 mpc_ms=33.7/655 cand=0.000 w_ax@goal=-0.06 return=991.5 length=99 success_rate=1.00 collisions/ep=0.00 (n=21)
update=33 global_step=67584 SPS=21 m_ev=0.966 m_v_bias=-7.5 m_kl_max=0.0155 mpc_ms=32.3/277 cand=0.000 w_ax@goal=-0.06 return=995.7 length=95 success_rate=1.00 collisions/ep=0.00 (n=23)
update=34 global_step=69632 SPS=21 m_ev=0.966 m_v_bias=-8.0 m_kl_max=0.0129 mpc_ms=31.1/424 cand=0.000 w_ax@goal=+0.10 return=998.0 length=92 success_rate=1.00 collisions/ep=0.00 (n=23)
update=35 global_step=71680 SPS=21 m_ev=0.945 m_v_bias=7.7 m_kl_max=0.0288 mpc_ms=35.5/503 cand=0.000 w_ax@goal=-0.07 return=993.7 length=97 success_rate=1.00 collisions/ep=0.00 (n=18)
Evaluation at update 35: return=1008.86, length=82.65, success_rate=1.00, collisions/ep=0.00
Solved-check at update 35: solved=False worst_gap=5.07 at p_x0=0.00 p_y0=-0.50 (consecutive=0)
update=36 global_step=73728 SPS=20 m_ev=0.974 m_v_bias=-4.2 m_kl_max=0.0092 mpc_ms=32.6/202 cand=0.000 w_ax@goal=-0.03 return=997.2 length=94 success_rate=1.00 collisions/ep=0.00 (n=23)
update=37 global_step=75776 SPS=21 m_ev=0.971 m_v_bias=-0.1 m_kl_max=0.0069 mpc_ms=31.6/259 cand=0.000 w_ax@goal=-0.04 return=997.1 length=93 success_rate=1.00 collisions/ep=0.00 (n=23)
update=38 global_step=77824 SPS=21 m_ev=0.968 m_v_bias=-8.0 m_kl_max=0.0081 mpc_ms=33.1/655 cand=0.000 w_ax@goal=-0.02 return=999.4 length=91 success_rate=1.00 collisions/ep=0.00 (n=23)
update=39 global_step=79872 SPS=21 m_ev=0.957 m_v_bias=1.8 m_kl_max=0.0110 mpc_ms=34.4/269 cand=0.000 w_ax@goal=-0.10 return=995.3 length=95 success_rate=1.00 collisions/ep=0.00 (n=19)
update=40 global_step=81920 SPS=21 m_ev=0.970 m_v_bias=-3.6 m_kl_max=0.0071 mpc_ms=32.4/216 cand=0.000 w_ax@goal=+0.00 return=999.1 length=92 success_rate=1.00 collisions/ep=0.00 (n=23)
Evaluation at update 40: return=1009.38, length=82.15, success_rate=1.00, collisions/ep=0.00
Solved-check at update 40: solved=True worst_gap=4.05 at p_x0=0.00 p_y0=-0.50 (consecutive=0)
update=41 global_step=83968 SPS=21 m_ev=0.982 m_v_bias=-4.0 m_kl_max=0.0125 mpc_ms=30.0/593 cand=0.000 w_ax@goal=-0.03 return=1000.1 length=91 success_rate=1.00 collisions/ep=0.00 (n=24)
update=42 global_step=86016 SPS=21 m_ev=0.986 m_v_bias=-1.0 m_kl_max=0.0121 mpc_ms=32.5/585 cand=0.000 w_ax@goal=-0.00 return=1000.5 length=90 success_rate=1.00 collisions/ep=0.00 (n=24)
update=43 global_step=88064 SPS=21 m_ev=0.926 m_v_bias=14.6 m_kl_max=0.0127 mpc_ms=34.5/210 cand=0.000 w_ax@goal=-0.06 return=999.3 length=92 success_rate=1.00 collisions/ep=0.00 (n=19)
update=44 global_step=90112 SPS=21 m_ev=0.963 m_v_bias=-3.7 m_kl_max=0.0081 mpc_ms=31.3/580 cand=0.000 w_ax@goal=+0.01 return=993.0 length=97 success_rate=1.00 collisions/ep=0.00 (n=21)
update=45 global_step=92160 SPS=21 m_ev=0.968 m_v_bias=1.5 m_kl_max=0.0154 mpc_ms=30.3/187 cand=0.000 w_ax@goal=+0.08 return=999.6 length=91 success_rate=1.00 collisions/ep=0.00 (n=24)
Evaluation at update 45: return=1009.84, length=81.70, success_rate=1.00, collisions/ep=0.00
Solved-check at update 45: solved=True worst_gap=4.14 at p_x0=2.00 p_y0=-1.00 (consecutive=1)
Solved criterion held for 2 consecutive evals (tolerance=5.0) at global_step=92160.
update=46 global_step=94208 SPS=21 m_ev=0.981 m_v_bias=-7.5 m_kl_max=0.0022 mpc_ms=32.5/213 cand=0.000 w_ax@goal=+0.00 return=999.8 length=91 success_rate=1.00 collisions/ep=0.00 (n=24)
update=47 global_step=96256 SPS=21 m_ev=0.979 m_v_bias=-2.4 m_kl_max=0.0029 mpc_ms=33.3/632 cand=0.000 w_ax@goal=-0.05 return=1000.8 length=90 success_rate=1.00 collisions/ep=0.00 (n=24)
update=48 global_step=98304 SPS=21 m_ev=0.976 m_v_bias=-1.5 m_kl_max=0.0050 mpc_ms=32.2/435 cand=0.000 w_ax@goal=+0.02 return=1002.7 length=88 success_rate=1.00 collisions/ep=0.00 (n=22)
update=49 global_step=100352 SPS=21 m_ev=0.961 m_v_bias=8.4 m_kl_max=0.0103 mpc_ms=35.7/279 cand=0.000 w_ax@goal=-0.02 return=999.6 length=91 success_rate=1.00 collisions/ep=0.00 (n=20)
update=50 global_step=102400 SPS=21 m_ev=0.975 m_v_bias=-8.9 m_kl_max=0.0033 mpc_ms=32.2/202 cand=0.000 w_ax@goal=-0.01 return=1000.5 length=90 success_rate=1.00 collisions/ep=0.00 (n=22)
Evaluation at update 50: return=1009.89, length=81.65, success_rate=1.00, collisions/ep=0.00
Solved-check at update 50: solved=True worst_gap=3.05 at p_x0=0.00 p_y0=0.00 (consecutive=2)
update=51 global_step=104448 SPS=21 m_ev=0.968 m_v_bias=6.7 m_kl_max=0.0079 mpc_ms=32.0/207 cand=0.000 w_ax@goal=+0.01 return=999.8 length=91 success_rate=1.00 collisions/ep=0.00 (n=24)
update=52 global_step=106496 SPS=21 m_ev=0.988 m_v_bias=-3.0 m_kl_max=0.0018 mpc_ms=32.1/219 cand=0.000 w_ax@goal=-0.03 return=1002.7 length=88 success_rate=1.00 collisions/ep=0.00 (n=24)
update=53 global_step=108544 SPS=21 m_ev=0.991 m_v_bias=-4.4 m_kl_max=0.0072 mpc_ms=33.0/220 cand=0.000 w_ax@goal=-0.01 return=1004.2 length=87 success_rate=1.00 collisions/ep=0.00 (n=24)
update=54 global_step=110592 SPS=21 m_ev=0.989 m_v_bias=-1.6 m_kl_max=0.0131 mpc_ms=30.0/189 cand=0.000 w_ax@goal=+0.01 return=1004.5 length=86 success_rate=1.00 collisions/ep=0.00 (n=24)
update=55 global_step=112640 SPS=22 m_ev=0.977 m_v_bias=2.2 m_kl_max=0.0215 mpc_ms=32.1/198 cand=0.000 w_ax@goal=-0.06 return=1002.3 length=89 success_rate=1.00 collisions/ep=0.00 (n=24)
Evaluation at update 55: return=1010.10, length=81.45, success_rate=1.00, collisions/ep=0.00
Solved-check at update 55: solved=True worst_gap=3.04 at p_x0=0.50 p_y0=-0.50 (consecutive=3)
update=56 global_step=114688 SPS=21 m_ev=0.986 m_v_bias=2.4 m_kl_max=0.0194 mpc_ms=33.2/246 cand=0.000 w_ax@goal=+0.02 return=1002.6 length=88 success_rate=1.00 collisions/ep=0.00 (n=24)
update=57 global_step=116736 SPS=21 m_ev=0.994 m_v_bias=-6.2 m_kl_max=0.0081 mpc_ms=31.4/459 cand=0.000 w_ax@goal=-0.00 return=1005.6 length=85 success_rate=1.00 collisions/ep=0.00 (n=24)
update=58 global_step=118784 SPS=21 m_ev=0.974 m_v_bias=5.0 m_kl_max=0.0067 mpc_ms=33.6/660 cand=0.000 w_ax@goal=+0.01 return=1003.4 length=87 success_rate=1.00 collisions/ep=0.00 (n=21)
update=59 global_step=120832 SPS=22 m_ev=0.989 m_v_bias=-2.2 m_kl_max=0.0079 mpc_ms=31.8/235 cand=0.000 w_ax@goal=-0.01 return=1004.2 length=86 success_rate=1.00 collisions/ep=0.00 (n=24)
update=60 global_step=122880 SPS=22 m_ev=0.976 m_v_bias=4.3 m_kl_max=0.0030 mpc_ms=31.7/194 cand=0.000 w_ax@goal=-0.00 return=1002.6 length=89 success_rate=1.00 collisions/ep=0.00 (n=23)
Evaluation at update 60: return=1010.10, length=81.45, success_rate=1.00, collisions/ep=0.00
Solved-check at update 60: solved=False worst_gap=5.14 at p_x0=2.00 p_y0=-1.00 (consecutive=4)
update=61 global_step=124928 SPS=21 m_ev=0.989 m_v_bias=-0.7 m_kl_max=0.0037 mpc_ms=31.0/269 cand=0.000 w_ax@goal=-0.06 return=1004.9 length=86 success_rate=1.00 collisions/ep=0.00 (n=23)
update=62 global_step=126976 SPS=21 m_ev=0.985 m_v_bias=5.1 m_kl_max=0.0120 mpc_ms=32.5/230 cand=0.000 w_ax@goal=+0.03 return=1004.1 length=87 success_rate=1.00 collisions/ep=0.00 (n=23)
update=63 global_step=129024 SPS=22 m_ev=0.982 m_v_bias=-0.2 m_kl_max=0.0075 mpc_ms=33.1/253 cand=0.000 w_ax@goal=-0.06 return=1001.7 length=89 success_rate=1.00 collisions/ep=0.00 (n=22)
update=64 global_step=131072 SPS=22 m_ev=0.980 m_v_bias=3.9 m_kl_max=0.0041 mpc_ms=31.7/222 cand=0.000 w_ax@goal=-0.04 return=1001.6 length=90 success_rate=1.00 collisions/ep=0.00 (n=24)
update=65 global_step=133120 SPS=22 m_ev=0.993 m_v_bias=-7.4 m_kl_max=0.0118 mpc_ms=32.2/201 cand=0.000 w_ax@goal=+0.03 return=1004.1 length=86 success_rate=1.00 collisions/ep=0.00 (n=24)
Evaluation at update 65: return=1010.05, length=81.50, success_rate=1.00, collisions/ep=0.00
Solved-check at update 65: solved=True worst_gap=3.04 at p_x0=0.00 p_y0=0.00 (consecutive=0)
update=66 global_step=135168 SPS=21 m_ev=0.985 m_v_bias=3.3 m_kl_max=0.0089 mpc_ms=32.0/208 cand=0.000 w_ax@goal=-0.05 return=1003.5 length=88 success_rate=1.00 collisions/ep=0.00 (n=24)
update=67 global_step=137216 SPS=22 m_ev=0.986 m_v_bias=-3.9 m_kl_max=0.0052 mpc_ms=30.7/173 cand=0.000 w_ax@goal=+0.02 return=1003.1 length=87 success_rate=1.00 collisions/ep=0.00 (n=24)
update=68 global_step=139264 SPS=22 m_ev=0.995 m_v_bias=-6.8 m_kl_max=0.0138 mpc_ms=31.6/197 cand=0.000 w_ax@goal=-0.00 return=1005.4 length=86 success_rate=1.00 collisions/ep=0.00 (n=24)
update=69 global_step=141312 SPS=22 m_ev=0.985 m_v_bias=3.3 m_kl_max=0.0080 mpc_ms=33.1/822 cand=0.000 w_ax@goal=-0.02 return=1005.1 length=85 success_rate=1.00 collisions/ep=0.00 (n=24)
update=70 global_step=143360 SPS=22 m_ev=0.989 m_v_bias=-2.6 m_kl_max=0.0081 mpc_ms=33.9/375 cand=0.000 w_ax@goal=+0.01 return=1004.9 length=86 success_rate=1.00 collisions/ep=0.00 (n=24)
Evaluation at update 70: return=1010.70, length=80.85, success_rate=1.00, collisions/ep=0.00
Solved-check at update 70: solved=False worst_gap=5.13 at p_x0=2.00 p_y0=-1.00 (consecutive=1)
update=71 global_step=145408 SPS=22 m_ev=0.985 m_v_bias=3.3 m_kl_max=0.0056 mpc_ms=34.3/717 cand=0.000 w_ax@goal=+0.03 return=1003.4 length=87 success_rate=1.00 collisions/ep=0.00 (n=24)
update=72 global_step=147456 SPS=22 m_ev=0.989 m_v_bias=-2.4 m_kl_max=0.0063 mpc_ms=33.1/736 cand=0.000 w_ax@goal=+0.01 return=1003.7 length=87 success_rate=1.00 collisions/ep=0.00 (n=24)
update=73 global_step=149504 SPS=22 m_ev=0.988 m_v_bias=-4.7 m_kl_max=0.0040 mpc_ms=32.1/192 cand=0.000 w_ax@goal=-0.00 return=1004.9 length=86 success_rate=1.00 collisions/ep=0.00 (n=24)
update=74 global_step=151552 SPS=22 m_ev=0.982 m_v_bias=3.7 m_kl_max=0.0103 mpc_ms=32.1/268 cand=0.000 w_ax@goal=-0.04 return=1003.6 length=88 success_rate=1.00 collisions/ep=0.00 (n=24)
update=75 global_step=153600 SPS=22 m_ev=0.990 m_v_bias=-4.0 m_kl_max=0.0180 mpc_ms=32.2/250 cand=0.000 w_ax@goal=+0.03 return=1004.6 length=86 success_rate=1.00 collisions/ep=0.00 (n=24)
Evaluation at update 75: return=1010.70, length=80.85, success_rate=1.00, collisions/ep=0.00
Solved-check at update 75: solved=False worst_gap=5.14 at p_x0=2.00 p_y0=-1.00 (consecutive=0)
update=76 global_step=155648 SPS=22 m_ev=0.984 m_v_bias=-0.1 m_kl_max=0.0150 mpc_ms=34.1/615 cand=0.000 w_ax@goal=-0.06 return=1005.3 length=86 success_rate=1.00 collisions/ep=0.00 (n=24)
update=77 global_step=157696 SPS=22 m_ev=0.985 m_v_bias=1.2 m_kl_max=0.0084 mpc_ms=34.5/305 cand=0.000 w_ax@goal=+0.05 return=1003.9 length=87 success_rate=1.00 collisions/ep=0.00 (n=24)
update=78 global_step=159744 SPS=22 m_ev=0.978 m_v_bias=1.1 m_kl_max=0.0051 mpc_ms=31.4/197 cand=0.000 w_ax@goal=-0.02 return=1005.5 length=85 success_rate=1.00 collisions/ep=0.00 (n=22)
update=79 global_step=161792 SPS=22 m_ev=0.984 m_v_bias=-1.3 m_kl_max=0.0085 mpc_ms=31.7/256 cand=0.000 w_ax@goal=-0.05 return=1004.9 length=87 success_rate=1.00 collisions/ep=0.00 (n=24)
update=80 global_step=163840 SPS=22 m_ev=0.987 m_v_bias=3.5 m_kl_max=0.0165 mpc_ms=32.3/644 cand=0.000 w_ax@goal=-0.01 return=1006.3 length=84 success_rate=1.00 collisions/ep=0.00 (n=24)
Evaluation at update 80: return=1010.56, length=81.00, success_rate=1.00, collisions/ep=0.00
Solved-check at update 80: solved=False worst_gap=5.14 at p_x0=2.00 p_y0=-1.00 (consecutive=0)
update=81 global_step=165888 SPS=22 m_ev=0.984 m_v_bias=2.6 m_kl_max=0.0083 mpc_ms=31.9/259 cand=0.000 w_ax@goal=+0.01 return=1005.0 length=86 success_rate=1.00 collisions/ep=0.00 (n=24)
update=82 global_step=167936 SPS=22 m_ev=0.986 m_v_bias=-2.2 m_kl_max=0.0053 mpc_ms=32.8/565 cand=0.000 w_ax@goal=-0.02 return=1004.5 length=86 success_rate=1.00 collisions/ep=0.00 (n=23)
update=83 global_step=169984 SPS=22 m_ev=0.994 m_v_bias=-0.7 m_kl_max=0.0023 mpc_ms=33.8/183 cand=0.000 w_ax@goal=+0.02 return=1005.2 length=85 success_rate=1.00 collisions/ep=0.00 (n=25)
update=84 global_step=172032 SPS=22 m_ev=0.990 m_v_bias=2.1 m_kl_max=0.0106 mpc_ms=34.1/255 cand=0.000 w_ax@goal=+0.04 return=1005.2 length=85 success_rate=1.00 collisions/ep=0.00 (n=23)
update=85 global_step=174080 SPS=22 m_ev=0.995 m_v_bias=-3.1 m_kl_max=0.0090 mpc_ms=31.8/205 cand=0.000 w_ax@goal=+0.01 return=1006.0 length=85 success_rate=1.00 collisions/ep=0.00 (n=27)
Evaluation at update 85: return=1010.50, length=81.05, success_rate=1.00, collisions/ep=0.00
Solved-check at update 85: solved=True worst_gap=3.03 at p_x0=0.00 p_y0=-0.50 (consecutive=0)
update=86 global_step=176128 SPS=22 m_ev=0.994 m_v_bias=-0.4 m_kl_max=0.0118 mpc_ms=32.6/278 cand=0.000 w_ax@goal=-0.00 return=1005.6 length=85 success_rate=1.00 collisions/ep=0.00 (n=23)
update=87 global_step=178176 SPS=22 m_ev=0.995 m_v_bias=-1.6 m_kl_max=0.0131 mpc_ms=31.4/215 cand=0.000 w_ax@goal=-0.01 return=1007.0 length=84 success_rate=1.00 collisions/ep=0.00 (n=24)
update=88 global_step=180224 SPS=22 m_ev=0.984 m_v_bias=6.6 m_kl_max=0.0097 mpc_ms=35.4/591 cand=0.000 w_ax@goal=-0.02 return=1004.2 length=87 success_rate=1.00 collisions/ep=0.00 (n=23)
update=89 global_step=182272 SPS=22 m_ev=0.992 m_v_bias=-5.8 m_kl_max=0.0048 mpc_ms=31.3/244 cand=0.000 w_ax@goal=-0.04 return=1006.7 length=83 success_rate=1.00 collisions/ep=0.00 (n=25)
update=90 global_step=184320 SPS=22 m_ev=0.988 m_v_bias=3.4 m_kl_max=0.0062 mpc_ms=34.6/230 cand=0.000 w_ax@goal=+0.03 return=1004.9 length=86 success_rate=1.00 collisions/ep=0.00 (n=23)
Evaluation at update 90: return=1010.45, length=81.10, success_rate=1.00, collisions/ep=0.00
Solved-check at update 90: solved=False worst_gap=6.15 at p_x0=2.00 p_y0=-1.00 (consecutive=1)
update=91 global_step=186368 SPS=22 m_ev=0.989 m_v_bias=0.0 m_kl_max=0.0148 mpc_ms=33.3/335 cand=0.000 w_ax@goal=-0.01 return=1005.6 length=85 success_rate=1.00 collisions/ep=0.00 (n=25)
update=92 global_step=188416 SPS=22 m_ev=0.981 m_v_bias=-5.4 m_kl_max=0.0125 mpc_ms=31.3/214 cand=0.000 w_ax@goal=-0.04 return=1007.2 length=84 success_rate=1.00 collisions/ep=0.00 (n=24)
update=93 global_step=190464 SPS=22 m_ev=0.992 m_v_bias=-3.0 m_kl_max=0.0042 mpc_ms=30.4/194 cand=0.000 w_ax@goal=+0.01 return=1005.3 length=85 success_rate=1.00 collisions/ep=0.00 (n=25)
update=94 global_step=192512 SPS=22 m_ev=0.987 m_v_bias=2.1 m_kl_max=0.0047 mpc_ms=32.6/184 cand=0.000 w_ax@goal=-0.00 return=1006.3 length=85 success_rate=1.00 collisions/ep=0.00 (n=24)
update=95 global_step=194560 SPS=22 m_ev=0.997 m_v_bias=-3.3 m_kl_max=0.0119 mpc_ms=30.9/191 cand=0.000 w_ax@goal=+0.03 return=1007.6 length=83 success_rate=1.00 collisions/ep=0.00 (n=24)
Evaluation at update 95: return=1010.55, length=81.00, success_rate=1.00, collisions/ep=0.00
Solved-check at update 95: solved=False worst_gap=6.15 at p_x0=2.00 p_y0=-1.00 (consecutive=0)
update=96 global_step=196608 SPS=22 m_ev=0.990 m_v_bias=4.9 m_kl_max=0.0046 mpc_ms=34.8/881 cand=0.000 w_ax@goal=+0.01 return=1006.0 length=85 success_rate=1.00 collisions/ep=0.00 (n=24)
update=97 global_step=198656 SPS=22 m_ev=0.995 m_v_bias=-0.2 m_kl_max=0.0031 mpc_ms=32.8/706 cand=0.000 w_ax@goal=+0.01 return=1006.7 length=84 success_rate=1.00 collisions/ep=0.00 (n=24)
update=98 global_step=200704 SPS=22 m_ev=0.997 m_v_bias=-0.8 m_kl_max=0.0133 mpc_ms=32.6/228 cand=0.000 w_ax@goal=+0.02 return=1006.8 length=84 success_rate=1.00 collisions/ep=0.00 (n=24)
update=99 global_step=202752 SPS=22 m_ev=0.992 m_v_bias=2.1 m_kl_max=0.0197 mpc_ms=32.7/608 cand=0.000 w_ax@goal=-0.00 return=1006.1 length=84 success_rate=1.00 collisions/ep=0.00 (n=24)
update=100 global_step=204800 SPS=22 m_ev=0.990 m_v_bias=-2.8 m_kl_max=0.0080 mpc_ms=32.4/192 cand=0.000 w_ax@goal=-0.01 return=1006.3 length=85 success_rate=1.00 collisions/ep=0.00 (n=24)
Evaluation at update 100: return=1010.45, length=81.10, success_rate=1.00, collisions/ep=0.00
Solved-check at update 100: solved=True worst_gap=3.02 at p_x0=0.00 p_y0=-0.50 (consecutive=0)
Saved checkpoints to C:\Users\loren\Desktop\MASTER THESIS\5_CODE\scenarios\slalom\studies\init_sampler\ppo_mpc_sobol\runs\ppo_mpc_slalom_15_1791263962
