Using device: cpu
Solved-check: precomputed optimal returns for 25 fixed initial conditions (mean=1011.8, min=1007.0, max=1014.0); solved-tolerance=5.0
Goal box: +-1.800 m (1.5x segment-reachable; segment-reachable displacement = 1.200 m)
tube MPC: W disks of radii (p, v) [0. 0.], RPI s=0 alpha=0; Z radii (p, v) = [0. 0.]
  X0 (-) Z: p_x [-1.000, 11.000], p_y [-1.999, 1.999], ||v|| <= 1.200; V = U (-) KZ: ||u|| <= 2.500; K = [-7.613 -4.585] per axis
  4 obstacles, 132 binaries before fixing, max big-M 9.00; horizon N=10, stopping time 5 steps
num_envs=8 num_steps_per_env=256 batch_size=2048 num_updates=100 timesteps=204800
update=1 global_step=2048 SPS=86 m_ev=-0.002 m_v_bias=43.0 m_kl_max=0.0031 mpc_ms=11.2/75 cand=0.004 return=-198.8 length=200 success_rate=0.00 collisions/ep=0.00 (n=8)
update=2 global_step=4096 SPS=64 m_ev=-0.914 m_v_bias=23.0 m_kl_max=0.0068 mpc_ms=19.2/291 cand=0.005 return=-182.5 length=200 success_rate=0.00 collisions/ep=0.00 (n=8)
update=3 global_step=6144 SPS=63 m_ev=-0.206 m_v_bias=13.2 m_kl_max=0.0350 mpc_ms=16.0/207 cand=0.012 return=-189.1 length=200 success_rate=0.00 collisions/ep=0.00 (n=8)
update=4 global_step=8192 SPS=61 m_ev=0.041 m_v_bias=5.2 m_kl_max=0.0396 mpc_ms=17.3/239 cand=0.002 return=-179.9 length=200 success_rate=0.00 collisions/ep=0.00 (n=16)
update=5 global_step=10240 SPS=57 m_ev=0.119 m_v_bias=2.4 m_kl_max=0.0484 mpc_ms=21.5/249 cand=0.001 return=-170.3 length=200 success_rate=0.00 collisions/ep=0.00 (n=8)
Evaluation at update 5: return=-142.13, length=200.00, success_rate=0.00, collisions/ep=0.00
Solved-check at update 5: solved=False worst_gap=1187.09 at p_x0=2.00 p_y0=-1.00 (consecutive=0)
update=6 global_step=12288 SPS=28 m_ev=0.580 m_v_bias=-2.5 m_kl_max=0.0566 mpc_ms=29.6/325 cand=0.006 return=-155.7 length=200 success_rate=0.00 collisions/ep=0.00 (n=8)
update=7 global_step=14336 SPS=28 m_ev=0.857 m_v_bias=-1.1 m_kl_max=0.0326 mpc_ms=32.3/420 cand=0.000 return=-140.7 length=200 success_rate=0.00 collisions/ep=0.00 (n=8)
update=8 global_step=16384 SPS=29 m_ev=0.914 m_v_bias=0.2 m_kl_max=0.0386 mpc_ms=28.1/545 cand=0.012 return=-144.5 length=200 success_rate=0.00 collisions/ep=0.00 (n=16)
update=9 global_step=18432 SPS=29 m_ev=-0.027 m_v_bias=-33.0 m_kl_max=0.0053 mpc_ms=32.4/677 cand=0.003 w_ax@goal=-0.75 return=-8.8 length=199 success_rate=0.12 collisions/ep=0.00 (n=8)
update=10 global_step=20480 SPS=29 m_ev=-0.014 m_v_bias=-13.5 m_kl_max=0.0130 mpc_ms=27.1/676 cand=0.002 w_ax@goal=-0.34 return=-20.9 length=196 success_rate=0.11 collisions/ep=0.00 (n=9)
Evaluation at update 10: return=-140.45, length=200.00, success_rate=0.00, collisions/ep=0.00
Solved-check at update 10: solved=False worst_gap=1182.11 at p_x0=1.00 p_y0=1.00 (consecutive=0)
update=11 global_step=22528 SPS=24 m_ev=0.096 m_v_bias=-31.7 m_kl_max=0.0226 mpc_ms=23.8/344 cand=0.000 w_ax@goal=+0.00 return=-70.8 length=200 success_rate=0.07 collisions/ep=0.00 (n=15)
update=12 global_step=24576 SPS=25 m_ev=0.217 m_v_bias=-58.1 m_kl_max=0.0195 mpc_ms=33.6/816 cand=0.000 w_ax@goal=-0.64 return=129.2 length=194 success_rate=0.25 collisions/ep=0.00 (n=8)
update=13 global_step=26624 SPS=25 m_ev=0.166 m_v_bias=-23.6 m_kl_max=0.0128 mpc_ms=27.6/334 cand=0.000 w_ax@goal=-0.09 return=208.0 length=192 success_rate=0.33 collisions/ep=0.00 (n=9)
update=14 global_step=28672 SPS=26 m_ev=0.347 m_v_bias=-61.4 m_kl_max=0.0176 mpc_ms=28.0/293 cand=0.000 w_ax@goal=-0.34 return=161.7 length=178 success_rate=0.27 collisions/ep=0.00 (n=11)
update=15 global_step=30720 SPS=26 m_ev=0.240 m_v_bias=-2.3 m_kl_max=0.0110 mpc_ms=28.4/283 cand=0.001 w_ax@goal=-0.48 return=14.0 length=191 success_rate=0.14 collisions/ep=0.00 (n=14)
Evaluation at update 15: return=-152.38, length=200.00, success_rate=0.00, collisions/ep=0.00
Solved-check at update 15: solved=False worst_gap=1190.06 at p_x0=2.00 p_y0=-0.50 (consecutive=0)
update=16 global_step=32768 SPS=22 m_ev=0.429 m_v_bias=-127.6 m_kl_max=0.0156 mpc_ms=29.2/219 cand=0.000 w_ax@goal=-0.19 return=757.9 length=148 success_rate=0.82 collisions/ep=0.00 (n=11)
update=17 global_step=34816 SPS=23 m_ev=0.576 m_v_bias=-9.3 m_kl_max=0.0263 mpc_ms=26.6/227 cand=0.001 w_ax@goal=+0.09 return=301.4 length=184 success_rate=0.42 collisions/ep=0.00 (n=12)
update=18 global_step=36864 SPS=23 m_ev=0.671 m_v_bias=-27.7 m_kl_max=0.0087 mpc_ms=27.2/685 cand=0.000 w_ax@goal=+0.00 return=484.3 length=169 success_rate=0.58 collisions/ep=0.00 (n=12)
update=19 global_step=38912 SPS=24 m_ev=0.786 m_v_bias=-8.7 m_kl_max=0.0037 mpc_ms=29.7/216 cand=0.000 w_ax@goal=-0.12 return=437.2 length=163 success_rate=0.53 collisions/ep=0.00 (n=15)
update=20 global_step=40960 SPS=24 m_ev=0.810 m_v_bias=-57.5 m_kl_max=0.0079 mpc_ms=30.1/707 cand=0.000 w_ax@goal=-0.10 return=552.2 length=142 success_rate=0.62 collisions/ep=0.00 (n=13)
Evaluation at update 20: return=124.91, length=171.50, success_rate=0.25, collisions/ep=0.00
Solved-check at update 20: solved=False worst_gap=1191.06 at p_x0=2.00 p_y0=0.00 (consecutive=0)
update=21 global_step=43008 SPS=23 m_ev=0.770 m_v_bias=20.2 m_kl_max=0.0064 mpc_ms=29.1/631 cand=0.000 w_ax@goal=+0.01 return=492.9 length=167 success_rate=0.58 collisions/ep=0.00 (n=12)
update=22 global_step=45056 SPS=23 m_ev=0.748 m_v_bias=-22.3 m_kl_max=0.0057 mpc_ms=31.1/429 cand=0.000 w_ax@goal=-0.04 return=656.0 length=138 success_rate=0.71 collisions/ep=0.00 (n=14)
update=23 global_step=47104 SPS=23 m_ev=0.773 m_v_bias=-28.1 m_kl_max=0.0065 mpc_ms=32.0/762 cand=0.000 w_ax@goal=+0.05 return=565.0 length=162 success_rate=0.64 collisions/ep=0.00 (n=14)
update=24 global_step=49152 SPS=23 m_ev=0.763 m_v_bias=21.1 m_kl_max=0.0219 mpc_ms=29.5/421 cand=0.000 w_ax@goal=+0.09 return=512.7 length=164 success_rate=0.60 collisions/ep=0.00 (n=10)
update=25 global_step=51200 SPS=24 m_ev=0.822 m_v_bias=-68.5 m_kl_max=0.0148 mpc_ms=31.9/275 cand=0.000 w_ax@goal=-0.04 return=769.3 length=139 success_rate=0.82 collisions/ep=0.00 (n=17)
Evaluation at update 25: return=1004.54, length=87.55, success_rate=1.00, collisions/ep=0.00
Solved-check at update 25: solved=False worst_gap=21.28 at p_x0=2.00 p_y0=-1.00 (consecutive=0)
update=26 global_step=53248 SPS=23 m_ev=0.823 m_v_bias=-17.4 m_kl_max=0.0150 mpc_ms=33.5/543 cand=0.000 w_ax@goal=+0.03 return=883.6 length=131 success_rate=0.93 collisions/ep=0.00 (n=14)
update=27 global_step=55296 SPS=23 m_ev=0.873 m_v_bias=-12.9 m_kl_max=0.0083 mpc_ms=31.0/715 cand=0.000 w_ax@goal=+0.02 return=967.0 length=124 success_rate=1.00 collisions/ep=0.00 (n=19)
update=28 global_step=57344 SPS=23 m_ev=0.899 m_v_bias=-13.3 m_kl_max=0.0125 mpc_ms=34.6/455 cand=0.000 w_ax@goal=-0.01 return=910.0 length=117 success_rate=0.94 collisions/ep=0.00 (n=16)
update=29 global_step=59392 SPS=23 m_ev=0.932 m_v_bias=-17.9 m_kl_max=0.0083 mpc_ms=35.2/253 cand=0.000 w_ax@goal=-0.01 return=978.0 length=113 success_rate=1.00 collisions/ep=0.00 (n=21)
update=30 global_step=61440 SPS=23 m_ev=0.928 m_v_bias=-6.1 m_kl_max=0.0101 mpc_ms=33.3/549 cand=0.000 w_ax@goal=-0.05 return=986.3 length=104 success_rate=1.00 collisions/ep=0.00 (n=19)
Evaluation at update 30: return=1007.68, length=84.50, success_rate=1.00, collisions/ep=0.00
Solved-check at update 30: solved=False worst_gap=6.13 at p_x0=0.00 p_y0=-0.50 (consecutive=0)
update=31 global_step=63488 SPS=23 m_ev=0.952 m_v_bias=-11.4 m_kl_max=0.0123 mpc_ms=32.6/856 cand=0.000 w_ax@goal=+0.04 return=989.0 length=102 success_rate=1.00 collisions/ep=0.00 (n=20)
update=32 global_step=65536 SPS=23 m_ev=0.958 m_v_bias=-7.3 m_kl_max=0.0050 mpc_ms=30.9/225 cand=0.000 w_ax@goal=-0.02 return=992.3 length=98 success_rate=1.00 collisions/ep=0.00 (n=22)
update=33 global_step=67584 SPS=23 m_ev=0.950 m_v_bias=0.4 m_kl_max=0.0095 mpc_ms=32.1/246 cand=0.000 w_ax@goal=-0.01 return=995.0 length=96 success_rate=1.00 collisions/ep=0.00 (n=20)
update=34 global_step=69632 SPS=23 m_ev=0.970 m_v_bias=-1.0 m_kl_max=0.0077 mpc_ms=35.2/544 cand=0.001 w_ax@goal=-0.03 return=989.4 length=101 success_rate=1.00 collisions/ep=0.00 (n=22)
update=35 global_step=71680 SPS=23 m_ev=0.972 m_v_bias=-2.1 m_kl_max=0.0139 mpc_ms=34.5/277 cand=0.000 w_ax@goal=-0.05 return=997.1 length=93 success_rate=1.00 collisions/ep=0.00 (n=18)
Evaluation at update 35: return=1009.02, length=83.20, success_rate=1.00, collisions/ep=0.00
Solved-check at update 35: solved=False worst_gap=6.16 at p_x0=2.00 p_y0=-1.00 (consecutive=0)
update=36 global_step=73728 SPS=23 m_ev=0.966 m_v_bias=-0.1 m_kl_max=0.0113 mpc_ms=32.3/223 cand=0.000 w_ax@goal=+0.03 return=994.0 length=97 success_rate=1.00 collisions/ep=0.00 (n=24)
update=37 global_step=75776 SPS=23 m_ev=0.971 m_v_bias=0.8 m_kl_max=0.0073 mpc_ms=32.8/223 cand=0.000 w_ax@goal=-0.04 return=995.4 length=95 success_rate=1.00 collisions/ep=0.00 (n=23)
update=38 global_step=77824 SPS=23 m_ev=0.962 m_v_bias=-3.9 m_kl_max=0.0263 mpc_ms=33.1/454 cand=0.000 w_ax@goal=-0.04 return=997.5 length=94 success_rate=1.00 collisions/ep=0.00 (n=20)
update=39 global_step=79872 SPS=23 m_ev=0.975 m_v_bias=0.7 m_kl_max=0.0114 mpc_ms=32.2/259 cand=0.000 w_ax@goal=+0.13 return=997.7 length=92 success_rate=1.00 collisions/ep=0.00 (n=21)
update=40 global_step=81920 SPS=23 m_ev=0.955 m_v_bias=13.4 m_kl_max=0.0092 mpc_ms=31.5/324 cand=0.000 w_ax@goal=+0.09 return=996.2 length=95 success_rate=1.00 collisions/ep=0.00 (n=23)
Evaluation at update 40: return=1008.89, length=83.35, success_rate=1.00, collisions/ep=0.00
Solved-check at update 40: solved=True worst_gap=4.08 at p_x0=0.00 p_y0=0.00 (consecutive=0)
update=41 global_step=83968 SPS=23 m_ev=0.978 m_v_bias=-5.8 m_kl_max=0.0037 mpc_ms=34.1/684 cand=0.000 w_ax@goal=+0.01 return=997.6 length=93 success_rate=1.00 collisions/ep=0.00 (n=24)
update=42 global_step=86016 SPS=23 m_ev=0.978 m_v_bias=-7.8 m_kl_max=0.0084 mpc_ms=33.6/219 cand=0.000 w_ax@goal=+0.00 return=998.3 length=92 success_rate=1.00 collisions/ep=0.00 (n=20)
update=43 global_step=88064 SPS=23 m_ev=0.979 m_v_bias=1.2 m_kl_max=0.0145 mpc_ms=31.3/212 cand=0.000 w_ax@goal=+0.06 return=999.4 length=91 success_rate=1.00 collisions/ep=0.00 (n=21)
update=44 global_step=90112 SPS=23 m_ev=0.981 m_v_bias=2.4 m_kl_max=0.0044 mpc_ms=33.6/782 cand=0.000 w_ax@goal=+0.01 return=998.6 length=92 success_rate=1.00 collisions/ep=0.00 (n=23)
update=45 global_step=92160 SPS=23 m_ev=0.986 m_v_bias=-4.2 m_kl_max=0.0142 mpc_ms=31.6/273 cand=0.000 w_ax@goal=+0.03 return=1000.0 length=91 success_rate=1.00 collisions/ep=0.00 (n=24)
Evaluation at update 45: return=1009.60, length=82.65, success_rate=1.00, collisions/ep=0.00
Solved-check at update 45: solved=True worst_gap=4.05 at p_x0=0.00 p_y0=-0.50 (consecutive=1)
Solved criterion held for 2 consecutive evals (tolerance=5.0) at global_step=92160.
update=46 global_step=94208 SPS=23 m_ev=0.988 m_v_bias=-6.8 m_kl_max=0.0178 mpc_ms=32.4/635 cand=0.000 w_ax@goal=-0.01 return=1002.1 length=89 success_rate=1.00 collisions/ep=0.00 (n=23)
update=47 global_step=96256 SPS=23 m_ev=0.983 m_v_bias=0.1 m_kl_max=0.0042 mpc_ms=32.7/226 cand=0.000 w_ax@goal=+0.01 return=1001.9 length=88 success_rate=1.00 collisions/ep=0.00 (n=24)
update=48 global_step=98304 SPS=23 m_ev=0.983 m_v_bias=0.6 m_kl_max=0.0036 mpc_ms=32.0/241 cand=0.000 w_ax@goal=+0.04 return=1001.7 length=88 success_rate=1.00 collisions/ep=0.00 (n=21)
update=49 global_step=100352 SPS=23 m_ev=0.973 m_v_bias=2.1 m_kl_max=0.0156 mpc_ms=34.1/673 cand=0.000 w_ax@goal=-0.00 return=1003.3 length=88 success_rate=1.00 collisions/ep=0.00 (n=23)
update=50 global_step=102400 SPS=23 m_ev=0.979 m_v_bias=3.5 m_kl_max=0.0078 mpc_ms=32.3/819 cand=0.000 w_ax@goal=-0.05 return=1002.9 length=88 success_rate=1.00 collisions/ep=0.00 (n=22)
Evaluation at update 50: return=1009.75, length=82.50, success_rate=1.00, collisions/ep=0.00
Solved-check at update 50: solved=True worst_gap=4.04 at p_x0=0.00 p_y0=-0.50 (consecutive=2)
update=51 global_step=104448 SPS=23 m_ev=0.983 m_v_bias=1.4 m_kl_max=0.0084 mpc_ms=32.1/301 cand=0.000 w_ax@goal=-0.06 return=998.9 length=92 success_rate=1.00 collisions/ep=0.00 (n=24)
update=52 global_step=106496 SPS=23 m_ev=0.984 m_v_bias=1.6 m_kl_max=0.0087 mpc_ms=32.6/910 cand=0.000 w_ax@goal=-0.02 return=1000.2 length=91 success_rate=1.00 collisions/ep=0.00 (n=23)
update=53 global_step=108544 SPS=23 m_ev=0.983 m_v_bias=-7.1 m_kl_max=0.0086 mpc_ms=32.1/540 cand=0.000 w_ax@goal=-0.04 return=1001.3 length=89 success_rate=1.00 collisions/ep=0.00 (n=25)
update=54 global_step=110592 SPS=23 m_ev=0.991 m_v_bias=-3.5 m_kl_max=0.0070 mpc_ms=34.9/611 cand=0.000 w_ax@goal=-0.01 return=1003.4 length=87 success_rate=1.00 collisions/ep=0.00 (n=23)
update=55 global_step=112640 SPS=23 m_ev=0.977 m_v_bias=-2.2 m_kl_max=0.0190 mpc_ms=32.1/622 cand=0.000 w_ax@goal=-0.02 return=1003.9 length=87 success_rate=1.00 collisions/ep=0.00 (n=24)
Evaluation at update 55: return=1010.01, length=82.25, success_rate=1.00, collisions/ep=0.00
Solved-check at update 55: solved=True worst_gap=3.04 at p_x0=0.00 p_y0=0.00 (consecutive=3)
update=56 global_step=114688 SPS=23 m_ev=0.982 m_v_bias=1.7 m_kl_max=0.0191 mpc_ms=34.0/412 cand=0.000 w_ax@goal=+0.00 return=1001.3 length=90 success_rate=1.00 collisions/ep=0.00 (n=22)
update=57 global_step=116736 SPS=23 m_ev=0.977 m_v_bias=4.1 m_kl_max=0.0119 mpc_ms=34.4/228 cand=0.000 w_ax@goal=+0.03 return=1003.6 length=87 success_rate=1.00 collisions/ep=0.00 (n=23)
update=58 global_step=118784 SPS=23 m_ev=0.971 m_v_bias=5.0 m_kl_max=0.0036 mpc_ms=33.3/260 cand=0.000 w_ax@goal=+0.03 return=1000.0 length=90 success_rate=1.00 collisions/ep=0.00 (n=23)
update=59 global_step=120832 SPS=23 m_ev=0.976 m_v_bias=-0.4 m_kl_max=0.0127 mpc_ms=32.4/219 cand=0.000 w_ax@goal=-0.04 return=1003.2 length=88 success_rate=1.00 collisions/ep=0.00 (n=21)
update=60 global_step=122880 SPS=23 m_ev=0.978 m_v_bias=-3.3 m_kl_max=0.0119 mpc_ms=34.2/512 cand=0.000 w_ax@goal=-0.01 return=1002.1 length=89 success_rate=1.00 collisions/ep=0.00 (n=24)
Evaluation at update 60: return=1009.91, length=82.35, success_rate=1.00, collisions/ep=0.00
Solved-check at update 60: solved=True worst_gap=3.04 at p_x0=0.00 p_y0=0.00 (consecutive=4)
update=61 global_step=124928 SPS=23 m_ev=0.990 m_v_bias=-4.4 m_kl_max=0.0098 mpc_ms=31.7/229 cand=0.000 w_ax@goal=-0.05 return=1003.3 length=87 success_rate=1.00 collisions/ep=0.00 (n=24)
update=62 global_step=126976 SPS=23 m_ev=0.981 m_v_bias=4.6 m_kl_max=0.0109 mpc_ms=33.4/252 cand=0.000 w_ax@goal=+0.05 return=1003.2 length=88 success_rate=1.00 collisions/ep=0.00 (n=24)
update=63 global_step=129024 SPS=23 m_ev=0.991 m_v_bias=-3.9 m_kl_max=0.0061 mpc_ms=33.1/224 cand=0.000 w_ax@goal=+0.04 return=1005.5 length=85 success_rate=1.00 collisions/ep=0.00 (n=24)
update=64 global_step=131072 SPS=23 m_ev=0.993 m_v_bias=-1.7 m_kl_max=0.0067 mpc_ms=31.2/272 cand=0.000 w_ax@goal=+0.04 return=1005.2 length=86 success_rate=1.00 collisions/ep=0.00 (n=24)
update=65 global_step=133120 SPS=23 m_ev=0.972 m_v_bias=8.0 m_kl_max=0.0095 mpc_ms=32.6/535 cand=0.000 w_ax@goal=-0.02 return=1001.8 length=89 success_rate=1.00 collisions/ep=0.00 (n=24)
Evaluation at update 65: return=1009.91, length=82.35, success_rate=1.00, collisions/ep=0.00
Solved-check at update 65: solved=True worst_gap=3.05 at p_x0=0.00 p_y0=0.00 (consecutive=5)
update=66 global_step=135168 SPS=23 m_ev=0.995 m_v_bias=-5.2 m_kl_max=0.0135 mpc_ms=32.0/763 cand=0.000 w_ax@goal=-0.02 return=1005.5 length=85 success_rate=1.00 collisions/ep=0.00 (n=23)
update=67 global_step=137216 SPS=23 m_ev=0.996 m_v_bias=-6.1 m_kl_max=0.0092 mpc_ms=31.3/219 cand=0.000 w_ax@goal=-0.00 return=1006.0 length=85 success_rate=1.00 collisions/ep=0.00 (n=25)
update=68 global_step=139264 SPS=23 m_ev=0.992 m_v_bias=2.2 m_kl_max=0.0044 mpc_ms=32.6/714 cand=0.000 w_ax@goal=+0.00 return=1004.4 length=86 success_rate=1.00 collisions/ep=0.00 (n=24)
update=69 global_step=141312 SPS=23 m_ev=0.972 m_v_bias=5.7 m_kl_max=0.0145 mpc_ms=34.8/820 cand=0.000 w_ax@goal=+0.01 return=1002.0 length=89 success_rate=1.00 collisions/ep=0.00 (n=23)
update=70 global_step=143360 SPS=23 m_ev=0.980 m_v_bias=0.0 m_kl_max=0.0129 mpc_ms=33.6/212 cand=0.000 w_ax@goal=+0.01 return=1002.9 length=88 success_rate=1.00 collisions/ep=0.00 (n=22)
Evaluation at update 70: return=1010.81, length=81.45, success_rate=1.00, collisions/ep=0.00
Solved-check at update 70: solved=False worst_gap=5.13 at p_x0=2.00 p_y0=-1.00 (consecutive=6)
update=71 global_step=145408 SPS=23 m_ev=0.957 m_v_bias=2.1 m_kl_max=0.0134 mpc_ms=33.8/763 cand=0.000 w_ax@goal=-0.01 return=1005.0 length=86 success_rate=1.00 collisions/ep=0.00 (n=23)
update=72 global_step=147456 SPS=23 m_ev=0.982 m_v_bias=-5.0 m_kl_max=0.0068 mpc_ms=34.6/287 cand=0.000 w_ax@goal=+0.03 return=1002.3 length=88 success_rate=1.00 collisions/ep=0.00 (n=23)
update=73 global_step=149504 SPS=23 m_ev=0.991 m_v_bias=-5.4 m_kl_max=0.0050 mpc_ms=32.1/261 cand=0.000 w_ax@goal=+0.01 return=1005.6 length=85 success_rate=1.00 collisions/ep=0.00 (n=23)
update=74 global_step=151552 SPS=23 m_ev=0.978 m_v_bias=4.4 m_kl_max=0.0181 mpc_ms=33.5/301 cand=0.000 w_ax@goal=-0.03 return=1002.6 length=89 success_rate=1.00 collisions/ep=0.00 (n=23)
update=75 global_step=153600 SPS=23 m_ev=0.973 m_v_bias=6.0 m_kl_max=0.0056 mpc_ms=33.1/745 cand=0.000 w_ax@goal=-0.03 return=1003.9 length=87 success_rate=1.00 collisions/ep=0.00 (n=23)
Evaluation at update 75: return=1010.51, length=81.75, success_rate=1.00, collisions/ep=0.00
Solved-check at update 75: solved=True worst_gap=3.04 at p_x0=0.00 p_y0=-0.50 (consecutive=0)
update=76 global_step=155648 SPS=23 m_ev=0.969 m_v_bias=0.8 m_kl_max=0.0067 mpc_ms=32.7/772 cand=0.000 w_ax@goal=-0.00 return=1003.6 length=87 success_rate=1.00 collisions/ep=0.00 (n=24)
update=77 global_step=157696 SPS=23 m_ev=0.974 m_v_bias=1.9 m_kl_max=0.0023 mpc_ms=34.6/519 cand=0.000 w_ax@goal=+0.04 return=1004.7 length=86 success_rate=1.00 collisions/ep=0.00 (n=24)
update=78 global_step=159744 SPS=23 m_ev=0.981 m_v_bias=-0.6 m_kl_max=0.0085 mpc_ms=33.4/200 cand=0.000 w_ax@goal=-0.02 return=1002.5 length=88 success_rate=1.00 collisions/ep=0.00 (n=23)
update=79 global_step=161792 SPS=23 m_ev=0.988 m_v_bias=-3.6 m_kl_max=0.0057 mpc_ms=34.2/767 cand=0.000 w_ax@goal=+0.00 return=1004.8 length=86 success_rate=1.00 collisions/ep=0.00 (n=24)
update=80 global_step=163840 SPS=23 m_ev=0.984 m_v_bias=-1.4 m_kl_max=0.0165 mpc_ms=32.0/753 cand=0.000 w_ax@goal=+0.02 return=1002.9 length=88 success_rate=1.00 collisions/ep=0.00 (n=24)
Evaluation at update 80: return=1010.77, length=81.50, success_rate=1.00, collisions/ep=0.00
Solved-check at update 80: solved=True worst_gap=3.03 at p_x0=0.00 p_y0=-0.50 (consecutive=1)
update=81 global_step=165888 SPS=23 m_ev=0.986 m_v_bias=-1.2 m_kl_max=0.0151 mpc_ms=31.0/198 cand=0.000 w_ax@goal=+0.01 return=1003.9 length=87 success_rate=1.00 collisions/ep=0.00 (n=24)
update=82 global_step=167936 SPS=23 m_ev=0.990 m_v_bias=-1.3 m_kl_max=0.0048 mpc_ms=32.7/223 cand=0.000 w_ax@goal=-0.02 return=1005.2 length=86 success_rate=1.00 collisions/ep=0.00 (n=24)
update=83 global_step=169984 SPS=23 m_ev=0.990 m_v_bias=-0.7 m_kl_max=0.0201 mpc_ms=31.2/169 cand=0.000 w_ax@goal=+0.02 return=1004.8 length=86 success_rate=1.00 collisions/ep=0.00 (n=24)
update=84 global_step=172032 SPS=23 m_ev=0.989 m_v_bias=1.8 m_kl_max=0.0035 mpc_ms=32.8/211 cand=0.000 w_ax@goal=+0.01 return=1005.8 length=85 success_rate=1.00 collisions/ep=0.00 (n=24)
update=85 global_step=174080 SPS=23 m_ev=0.994 m_v_bias=-8.0 m_kl_max=0.0117 mpc_ms=30.7/296 cand=0.000 w_ax@goal=-0.03 return=1006.4 length=84 success_rate=1.00 collisions/ep=0.00 (n=25)
Evaluation at update 85: return=1010.67, length=81.60, success_rate=1.00, collisions/ep=0.00
Solved-check at update 85: solved=False worst_gap=5.15 at p_x0=2.00 p_y0=-1.00 (consecutive=2)
update=86 global_step=176128 SPS=23 m_ev=0.991 m_v_bias=2.7 m_kl_max=0.0061 mpc_ms=29.7/252 cand=0.000 w_ax@goal=+0.01 return=1005.6 length=85 success_rate=1.00 collisions/ep=0.00 (n=24)
update=87 global_step=178176 SPS=23 m_ev=0.994 m_v_bias=-1.0 m_kl_max=0.0138 mpc_ms=29.7/159 cand=0.000 w_ax@goal=+0.04 return=1005.9 length=85 success_rate=1.00 collisions/ep=0.00 (n=24)
update=88 global_step=180224 SPS=23 m_ev=0.986 m_v_bias=-0.0 m_kl_max=0.0122 mpc_ms=28.9/575 cand=0.000 w_ax@goal=+0.02 return=1006.2 length=84 success_rate=1.00 collisions/ep=0.00 (n=24)
update=89 global_step=182272 SPS=23 m_ev=0.990 m_v_bias=-1.7 m_kl_max=0.0054 mpc_ms=30.1/284 cand=0.000 w_ax@goal=-0.02 return=1005.2 length=86 success_rate=1.00 collisions/ep=0.00 (n=24)
update=90 global_step=184320 SPS=23 m_ev=0.987 m_v_bias=-1.1 m_kl_max=0.0114 mpc_ms=27.8/563 cand=0.000 w_ax@goal=-0.02 return=1007.0 length=84 success_rate=1.00 collisions/ep=0.00 (n=24)
Evaluation at update 90: return=1010.82, length=81.45, success_rate=1.00, collisions/ep=0.00
Solved-check at update 90: solved=False worst_gap=5.13 at p_x0=2.00 p_y0=-1.00 (consecutive=0)
update=91 global_step=186368 SPS=22 m_ev=0.993 m_v_bias=0.2 m_kl_max=0.0054 mpc_ms=42.7/285 cand=0.000 w_ax@goal=+0.06 return=1006.0 length=85 success_rate=1.00 collisions/ep=0.00 (n=24)
update=92 global_step=188416 SPS=22 m_ev=0.991 m_v_bias=-1.1 m_kl_max=0.0064 mpc_ms=46.7/275 cand=0.000 w_ax@goal=-0.01 return=1006.8 length=84 success_rate=1.00 collisions/ep=0.00 (n=24)
update=93 global_step=190464 SPS=22 m_ev=0.990 m_v_bias=0.7 m_kl_max=0.0104 mpc_ms=45.4/268 cand=0.000 w_ax@goal=-0.02 return=1006.5 length=84 success_rate=1.00 collisions/ep=0.00 (n=24)
update=94 global_step=192512 SPS=22 m_ev=0.989 m_v_bias=0.9 m_kl_max=0.0016 mpc_ms=44.9/316 cand=0.000 w_ax@goal=-0.01 return=1006.5 length=84 success_rate=1.00 collisions/ep=0.00 (n=24)
update=95 global_step=194560 SPS=22 m_ev=0.984 m_v_bias=1.1 m_kl_max=0.0107 mpc_ms=43.5/245 cand=0.000 w_ax@goal=-0.01 return=1006.2 length=85 success_rate=1.00 collisions/ep=0.00 (n=24)
Evaluation at update 95: return=1010.82, length=81.45, success_rate=1.00, collisions/ep=0.00
Solved-check at update 95: solved=False worst_gap=5.14 at p_x0=2.00 p_y0=-1.00 (consecutive=0)
update=96 global_step=196608 SPS=22 m_ev=0.991 m_v_bias=-4.9 m_kl_max=0.0085 mpc_ms=44.0/224 cand=0.000 w_ax@goal=-0.00 return=1006.1 length=84 success_rate=1.00 collisions/ep=0.00 (n=24)
update=97 global_step=198656 SPS=22 m_ev=0.980 m_v_bias=5.5 m_kl_max=0.0103 mpc_ms=45.3/880 cand=0.000 w_ax@goal=+0.00 return=1006.5 length=84 success_rate=1.00 collisions/ep=0.00 (n=24)
update=98 global_step=200704 SPS=22 m_ev=0.986 m_v_bias=-5.8 m_kl_max=0.0194 mpc_ms=41.8/266 cand=0.000 w_ax@goal=-0.04 return=1003.8 length=87 success_rate=1.00 collisions/ep=0.00 (n=24)
update=99 global_step=202752 SPS=22 m_ev=0.990 m_v_bias=-1.9 m_kl_max=0.0192 mpc_ms=42.3/893 cand=0.000 w_ax@goal=-0.06 return=1006.4 length=84 success_rate=1.00 collisions/ep=0.00 (n=24)
update=100 global_step=204800 SPS=22 m_ev=0.991 m_v_bias=-2.2 m_kl_max=0.0079 mpc_ms=41.8/1177 cand=0.000 w_ax@goal=-0.05 return=1006.6 length=84 success_rate=1.00 collisions/ep=0.00 (n=24)
Evaluation at update 100: return=1010.82, length=81.45, success_rate=1.00, collisions/ep=0.00
Solved-check at update 100: solved=True worst_gap=4.15 at p_x0=2.00 p_y0=-1.00 (consecutive=0)
Saved checkpoints to C:\Users\loren\Desktop\MASTER THESIS\5_CODE\scenarios\slalom\studies\init_sampler\ppo_mpc_sobol\runs\ppo_mpc_slalom_20_1791265705
