Using device: cpu
Solved-check: precomputed optimal returns for 25 fixed initial conditions (mean=1011.8, min=1007.0, max=1014.0); solved-tolerance=5.0
Goal box: +-1.800 m (1.5x segment-reachable; segment-reachable displacement = 1.200 m)
tube MPC: W disks of radii (p, v) [0. 0.], RPI s=0 alpha=0; Z radii (p, v) = [0. 0.]
  X0 (-) Z: p_x [-1.000, 11.000], p_y [-1.999, 1.999], ||v|| <= 1.200; V = U (-) KZ: ||u|| <= 2.500; K = [-7.613 -4.585] per axis
  4 obstacles, 132 binaries before fixing, max big-M 9.00; horizon N=10, stopping time 5 steps
num_envs=8 num_steps_per_env=256 batch_size=2048 num_updates=100 timesteps=204800
update=1 global_step=2048 SPS=83 m_ev=-0.000 m_v_bias=43.4 m_kl_max=0.0006 mpc_ms=11.7/143 cand=0.014 return=-200.1 length=200 success_rate=0.00 collisions/ep=0.00 (n=8)
update=2 global_step=4096 SPS=74 m_ev=-0.912 m_v_bias=23.1 m_kl_max=0.0058 mpc_ms=14.7/160 cand=0.008 return=-189.4 length=200 success_rate=0.00 collisions/ep=0.00 (n=8)
update=3 global_step=6144 SPS=68 m_ev=-0.272 m_v_bias=13.0 m_kl_max=0.0253 mpc_ms=16.4/310 cand=0.005 return=-194.0 length=200 success_rate=0.00 collisions/ep=0.00 (n=8)
update=4 global_step=8192 SPS=64 m_ev=0.084 m_v_bias=7.4 m_kl_max=0.0644 mpc_ms=17.8/268 cand=0.014 return=-186.0 length=200 success_rate=0.00 collisions/ep=0.00 (n=16)
update=5 global_step=10240 SPS=55 m_ev=-0.347 m_v_bias=0.0 m_kl_max=0.0358 mpc_ms=27.6/279 cand=0.001 return=-156.8 length=200 success_rate=0.00 collisions/ep=0.00 (n=8)
Evaluation at update 5: return=-164.20, length=200.00, success_rate=0.00, collisions/ep=0.00
Solved-check at update 5: solved=False worst_gap=1191.09 at p_x0=2.00 p_y0=0.00 (consecutive=0)
update=6 global_step=12288 SPS=29 m_ev=0.298 m_v_bias=1.5 m_kl_max=0.0343 mpc_ms=27.1/700 cand=0.000 return=-161.5 length=200 success_rate=0.00 collisions/ep=0.00 (n=8)
update=7 global_step=14336 SPS=30 m_ev=0.524 m_v_bias=1.3 m_kl_max=0.0347 mpc_ms=28.7/348 cand=0.002 w_ax@goal=-0.36 return=-161.3 length=200 success_rate=0.00 collisions/ep=0.00 (n=8)
update=8 global_step=16384 SPS=30 m_ev=0.747 m_v_bias=0.6 m_kl_max=0.0306 mpc_ms=26.7/317 cand=0.000 w_ax@goal=+0.81 return=-147.4 length=200 success_rate=0.00 collisions/ep=0.00 (n=16)
update=9 global_step=18432 SPS=30 m_ev=0.890 m_v_bias=-0.2 m_kl_max=0.0409 mpc_ms=30.6/252 cand=0.000 w_ax@goal=-2.24 return=-150.3 length=200 success_rate=0.00 collisions/ep=0.00 (n=8)
update=10 global_step=20480 SPS=31 m_ev=-0.041 m_v_bias=-16.1 m_kl_max=0.0085 mpc_ms=26.9/271 cand=0.000 w_ax@goal=+0.39 return=-18.8 length=193 success_rate=0.11 collisions/ep=0.00 (n=9)
Evaluation at update 10: return=-138.80, length=200.00, success_rate=0.00, collisions/ep=0.00
Solved-check at update 10: solved=False worst_gap=1161.23 at p_x0=2.00 p_y0=0.00 (consecutive=0)
update=11 global_step=22528 SPS=25 m_ev=0.008 m_v_bias=-66.2 m_kl_max=0.0241 mpc_ms=29.7/221 cand=0.001 w_ax@goal=-0.34 return=3.4 length=196 success_rate=0.13 collisions/ep=0.00 (n=15)
update=12 global_step=24576 SPS=26 m_ev=-0.654 m_v_bias=3.1 m_kl_max=0.0115 mpc_ms=28.8/892 cand=0.001 w_ax@goal=-1.09 return=-134.0 length=200 success_rate=0.00 collisions/ep=0.00 (n=8)
update=13 global_step=26624 SPS=26 m_ev=0.062 m_v_bias=-48.2 m_kl_max=0.0272 mpc_ms=27.0/510 cand=0.001 w_ax@goal=-0.14 return=81.5 length=188 success_rate=0.20 collisions/ep=0.00 (n=10)
update=14 global_step=28672 SPS=27 m_ev=0.278 m_v_bias=-44.8 m_kl_max=0.0371 mpc_ms=27.0/519 cand=0.000 w_ax@goal=-0.06 return=147.4 length=193 success_rate=0.27 collisions/ep=0.00 (n=11)
update=15 global_step=30720 SPS=27 m_ev=0.534 m_v_bias=-134.0 m_kl_max=0.0493 mpc_ms=30.2/378 cand=0.000 w_ax@goal=-0.08 return=446.2 length=170 success_rate=0.54 collisions/ep=0.00 (n=13)
Evaluation at update 15: return=6.10, length=184.35, success_rate=0.15, collisions/ep=0.00
Solved-check at update 15: solved=False worst_gap=1191.08 at p_x0=2.00 p_y0=0.00 (consecutive=0)
update=16 global_step=32768 SPS=24 m_ev=0.596 m_v_bias=-49.3 m_kl_max=0.0224 mpc_ms=29.2/227 cand=0.000 w_ax@goal=+0.01 return=568.6 length=153 success_rate=0.64 collisions/ep=0.00 (n=14)
update=17 global_step=34816 SPS=25 m_ev=0.712 m_v_bias=7.0 m_kl_max=0.0144 mpc_ms=26.5/649 cand=0.000 w_ax@goal=-0.03 return=432.4 length=178 success_rate=0.55 collisions/ep=0.00 (n=11)
update=18 global_step=36864 SPS=25 m_ev=0.791 m_v_bias=12.8 m_kl_max=0.0269 mpc_ms=26.6/194 cand=0.003 w_ax@goal=-0.11 return=310.7 length=170 success_rate=0.42 collisions/ep=0.00 (n=12)
update=19 global_step=38912 SPS=26 m_ev=0.782 m_v_bias=-16.9 m_kl_max=0.0303 mpc_ms=31.9/785 cand=0.000 w_ax@goal=-0.02 return=700.0 length=150 success_rate=0.77 collisions/ep=0.00 (n=13)
update=20 global_step=40960 SPS=26 m_ev=0.570 m_v_bias=63.0 m_kl_max=0.0091 mpc_ms=32.3/839 cand=0.000 w_ax@goal=-0.07 return=245.9 length=184 success_rate=0.36 collisions/ep=0.00 (n=11)
Evaluation at update 20: return=753.06, length=127.65, success_rate=0.80, collisions/ep=0.00
Solved-check at update 20: solved=False worst_gap=1187.35 at p_x0=2.00 p_y0=-0.50 (consecutive=0)
update=21 global_step=43008 SPS=22 m_ev=0.834 m_v_bias=-39.9 m_kl_max=0.0196 mpc_ms=33.5/669 cand=0.003 w_ax@goal=+0.12 return=859.8 length=158 success_rate=0.93 collisions/ep=0.00 (n=14)
update=22 global_step=45056 SPS=22 m_ev=0.875 m_v_bias=-72.9 m_kl_max=0.0063 mpc_ms=35.4/850 cand=0.001 w_ax@goal=-0.02 return=915.7 length=122 success_rate=0.95 collisions/ep=0.00 (n=20)
update=23 global_step=47104 SPS=23 m_ev=0.828 m_v_bias=41.5 m_kl_max=0.0173 mpc_ms=28.6/760 cand=0.000 w_ax@goal=+0.12 return=785.0 length=129 success_rate=0.83 collisions/ep=0.00 (n=12)
update=24 global_step=49152 SPS=23 m_ev=0.760 m_v_bias=-32.1 m_kl_max=0.0202 mpc_ms=32.7/342 cand=0.000 w_ax@goal=-0.10 return=711.9 length=133 success_rate=0.76 collisions/ep=0.00 (n=17)
update=25 global_step=51200 SPS=23 m_ev=0.830 m_v_bias=0.5 m_kl_max=0.0069 mpc_ms=31.0/440 cand=0.000 w_ax@goal=+0.04 return=907.0 length=121 success_rate=0.94 collisions/ep=0.00 (n=17)
Evaluation at update 25: return=1006.70, length=85.60, success_rate=1.00, collisions/ep=0.00
Solved-check at update 25: solved=False worst_gap=18.26 at p_x0=2.00 p_y0=-1.00 (consecutive=0)
update=26 global_step=53248 SPS=22 m_ev=0.845 m_v_bias=2.8 m_kl_max=0.0114 mpc_ms=33.9/842 cand=0.000 w_ax@goal=-0.01 return=914.9 length=119 success_rate=0.94 collisions/ep=0.00 (n=18)
update=27 global_step=55296 SPS=22 m_ev=0.879 m_v_bias=-30.8 m_kl_max=0.0088 mpc_ms=31.9/250 cand=0.000 w_ax@goal=+0.07 return=973.5 length=117 success_rate=1.00 collisions/ep=0.00 (n=19)
update=28 global_step=57344 SPS=23 m_ev=0.891 m_v_bias=-16.3 m_kl_max=0.0076 mpc_ms=34.9/204 cand=0.000 w_ax@goal=+0.02 return=984.5 length=106 success_rate=1.00 collisions/ep=0.00 (n=18)
update=29 global_step=59392 SPS=23 m_ev=0.919 m_v_bias=-2.1 m_kl_max=0.0127 mpc_ms=33.6/238 cand=0.000 w_ax@goal=+0.00 return=986.4 length=104 success_rate=1.00 collisions/ep=0.00 (n=17)
update=30 global_step=61440 SPS=23 m_ev=0.935 m_v_bias=-12.1 m_kl_max=0.0029 mpc_ms=33.6/255 cand=0.000 w_ax@goal=+0.05 return=979.4 length=111 success_rate=1.00 collisions/ep=0.00 (n=20)
Evaluation at update 30: return=1009.16, length=83.20, success_rate=1.00, collisions/ep=0.00
Solved-check at update 30: solved=False worst_gap=7.20 at p_x0=2.00 p_y0=-1.00 (consecutive=0)
update=31 global_step=63488 SPS=22 m_ev=0.932 m_v_bias=-10.8 m_kl_max=0.0126 mpc_ms=34.8/955 cand=0.000 w_ax@goal=-0.03 return=989.7 length=100 success_rate=1.00 collisions/ep=0.00 (n=21)
update=32 global_step=65536 SPS=22 m_ev=0.918 m_v_bias=-4.4 m_kl_max=0.0168 mpc_ms=30.9/228 cand=0.000 w_ax@goal=+0.06 return=990.8 length=101 success_rate=1.00 collisions/ep=0.00 (n=22)
update=33 global_step=67584 SPS=22 m_ev=0.953 m_v_bias=-12.9 m_kl_max=0.0103 mpc_ms=34.1/183 cand=0.000 w_ax@goal=+0.01 return=996.3 length=94 success_rate=1.00 collisions/ep=0.00 (n=17)
update=34 global_step=69632 SPS=23 m_ev=0.971 m_v_bias=2.2 m_kl_max=0.0080 mpc_ms=32.4/484 cand=0.000 w_ax@goal=+0.04 return=994.2 length=96 success_rate=1.00 collisions/ep=0.00 (n=24)
update=35 global_step=71680 SPS=23 m_ev=0.954 m_v_bias=16.5 m_kl_max=0.0064 mpc_ms=33.8/626 cand=0.000 w_ax@goal=-0.06 return=993.7 length=97 success_rate=1.00 collisions/ep=0.00 (n=21)
Evaluation at update 35: return=1009.05, length=83.35, success_rate=1.00, collisions/ep=0.00
Solved-check at update 35: solved=False worst_gap=5.15 at p_x0=2.00 p_y0=-1.00 (consecutive=0)
update=36 global_step=73728 SPS=22 m_ev=0.985 m_v_bias=-15.0 m_kl_max=0.0080 mpc_ms=30.9/203 cand=0.000 w_ax@goal=+0.02 return=996.8 length=94 success_rate=1.00 collisions/ep=0.00 (n=23)
update=37 global_step=75776 SPS=22 m_ev=0.959 m_v_bias=1.5 m_kl_max=0.0037 mpc_ms=33.9/691 cand=0.000 w_ax@goal=-0.04 return=998.2 length=92 success_rate=1.00 collisions/ep=0.00 (n=20)
update=38 global_step=77824 SPS=23 m_ev=0.968 m_v_bias=4.5 m_kl_max=0.0112 mpc_ms=33.1/243 cand=0.000 w_ax@goal=+0.03 return=997.5 length=93 success_rate=1.00 collisions/ep=0.00 (n=24)
update=39 global_step=79872 SPS=23 m_ev=0.973 m_v_bias=-2.3 m_kl_max=0.0052 mpc_ms=35.2/791 cand=0.000 w_ax@goal=-0.01 return=997.8 length=93 success_rate=1.00 collisions/ep=0.00 (n=23)
update=40 global_step=81920 SPS=23 m_ev=0.982 m_v_bias=-4.9 m_kl_max=0.0094 mpc_ms=35.2/224 cand=0.000 w_ax@goal=+0.02 return=996.7 length=93 success_rate=1.00 collisions/ep=0.00 (n=19)
Evaluation at update 40: return=1008.82, length=83.60, success_rate=1.00, collisions/ep=0.00
Solved-check at update 40: solved=True worst_gap=4.06 at p_x0=0.00 p_y0=0.50 (consecutive=0)
update=41 global_step=83968 SPS=22 m_ev=0.967 m_v_bias=0.7 m_kl_max=0.0085 mpc_ms=35.4/703 cand=0.000 w_ax@goal=+0.02 return=998.7 length=93 success_rate=1.00 collisions/ep=0.00 (n=22)
update=42 global_step=86016 SPS=22 m_ev=0.988 m_v_bias=-2.5 m_kl_max=0.0034 mpc_ms=29.7/204 cand=0.000 w_ax@goal=+0.02 return=1000.9 length=90 success_rate=1.00 collisions/ep=0.00 (n=24)
update=43 global_step=88064 SPS=22 m_ev=0.984 m_v_bias=-2.2 m_kl_max=0.0093 mpc_ms=31.4/190 cand=0.000 w_ax@goal=+0.01 return=1000.6 length=90 success_rate=1.00 collisions/ep=0.00 (n=24)
update=44 global_step=90112 SPS=23 m_ev=0.973 m_v_bias=8.2 m_kl_max=0.0108 mpc_ms=33.9/606 cand=0.000 w_ax@goal=-0.01 return=997.1 length=93 success_rate=1.00 collisions/ep=0.00 (n=23)
update=45 global_step=92160 SPS=23 m_ev=0.980 m_v_bias=-5.2 m_kl_max=0.0114 mpc_ms=33.4/241 cand=0.000 w_ax@goal=-0.03 return=1000.3 length=91 success_rate=1.00 collisions/ep=0.00 (n=19)
Evaluation at update 45: return=1008.68, length=83.75, success_rate=1.00, collisions/ep=0.00
Solved-check at update 45: solved=False worst_gap=5.14 at p_x0=2.00 p_y0=-1.00 (consecutive=1)
update=46 global_step=94208 SPS=22 m_ev=0.984 m_v_bias=-7.2 m_kl_max=0.0118 mpc_ms=30.6/211 cand=0.000 w_ax@goal=+0.04 return=1000.3 length=90 success_rate=1.00 collisions/ep=0.00 (n=22)
update=47 global_step=96256 SPS=22 m_ev=0.983 m_v_bias=3.6 m_kl_max=0.0059 mpc_ms=32.2/183 cand=0.000 w_ax@goal=+0.05 return=1000.7 length=90 success_rate=1.00 collisions/ep=0.00 (n=24)
update=48 global_step=98304 SPS=22 m_ev=0.986 m_v_bias=2.4 m_kl_max=0.0129 mpc_ms=33.0/585 cand=0.000 w_ax@goal=-0.01 return=998.2 length=93 success_rate=1.00 collisions/ep=0.00 (n=24)
update=49 global_step=100352 SPS=23 m_ev=0.985 m_v_bias=-4.9 m_kl_max=0.0035 mpc_ms=31.1/218 cand=0.000 w_ax@goal=+0.02 return=1000.6 length=90 success_rate=1.00 collisions/ep=0.00 (n=24)
update=50 global_step=102400 SPS=23 m_ev=0.981 m_v_bias=-2.2 m_kl_max=0.0068 mpc_ms=33.2/828 cand=0.000 w_ax@goal=+0.04 return=1001.0 length=90 success_rate=1.00 collisions/ep=0.00 (n=23)
Evaluation at update 50: return=1009.03, length=83.40, success_rate=1.00, collisions/ep=0.00
Solved-check at update 50: solved=True worst_gap=4.05 at p_x0=0.00 p_y0=0.50 (consecutive=0)
update=51 global_step=104448 SPS=22 m_ev=0.984 m_v_bias=-2.5 m_kl_max=0.0088 mpc_ms=33.0/299 cand=0.000 w_ax@goal=+0.01 return=1000.7 length=90 success_rate=1.00 collisions/ep=0.00 (n=20)
update=52 global_step=106496 SPS=22 m_ev=0.979 m_v_bias=4.3 m_kl_max=0.0098 mpc_ms=32.6/221 cand=0.000 w_ax@goal=-0.08 return=1001.1 length=90 success_rate=1.00 collisions/ep=0.00 (n=21)
update=53 global_step=108544 SPS=23 m_ev=0.987 m_v_bias=-7.1 m_kl_max=0.0122 mpc_ms=32.2/286 cand=0.000 w_ax@goal=-0.05 return=1002.3 length=88 success_rate=1.00 collisions/ep=0.00 (n=24)
update=54 global_step=110592 SPS=23 m_ev=0.989 m_v_bias=3.1 m_kl_max=0.0215 mpc_ms=31.0/180 cand=0.000 w_ax@goal=-0.01 return=1001.7 length=89 success_rate=1.00 collisions/ep=0.00 (n=24)
update=55 global_step=112640 SPS=23 m_ev=0.981 m_v_bias=-3.9 m_kl_max=0.0046 mpc_ms=31.5/199 cand=0.000 w_ax@goal=+0.05 return=1001.9 length=89 success_rate=1.00 collisions/ep=0.00 (n=24)
Evaluation at update 55: return=1009.63, length=82.80, success_rate=1.00, collisions/ep=0.00
Solved-check at update 55: solved=True worst_gap=4.03 at p_x0=0.00 p_y0=-0.50 (consecutive=1)
Solved criterion held for 2 consecutive evals (tolerance=5.0) at global_step=112640.
update=56 global_step=114688 SPS=22 m_ev=0.991 m_v_bias=-2.8 m_kl_max=0.0179 mpc_ms=31.7/217 cand=0.000 w_ax@goal=-0.01 return=1003.4 length=87 success_rate=1.00 collisions/ep=0.00 (n=24)
update=57 global_step=116736 SPS=22 m_ev=0.992 m_v_bias=-3.6 m_kl_max=0.0053 mpc_ms=31.0/173 cand=0.000 w_ax@goal=-0.00 return=1003.5 length=87 success_rate=1.00 collisions/ep=0.00 (n=24)
update=58 global_step=118784 SPS=23 m_ev=0.984 m_v_bias=4.6 m_kl_max=0.0094 mpc_ms=31.2/680 cand=0.000 w_ax@goal=-0.06 return=1002.5 length=88 success_rate=1.00 collisions/ep=0.00 (n=24)
update=59 global_step=120832 SPS=23 m_ev=0.982 m_v_bias=-1.7 m_kl_max=0.0368 mpc_ms=32.2/188 cand=0.000 w_ax@goal=+0.04 return=1004.5 length=87 success_rate=1.00 collisions/ep=0.00 (n=22)
update=60 global_step=122880 SPS=23 m_ev=0.986 m_v_bias=-4.3 m_kl_max=0.0128 mpc_ms=31.5/185 cand=0.000 w_ax@goal=+0.02 return=1002.6 length=88 success_rate=1.00 collisions/ep=0.00 (n=25)
Evaluation at update 60: return=1009.73, length=82.70, success_rate=1.00, collisions/ep=0.00
Solved-check at update 60: solved=True worst_gap=4.03 at p_x0=0.00 p_y0=-0.50 (consecutive=2)
update=61 global_step=124928 SPS=22 m_ev=0.987 m_v_bias=4.5 m_kl_max=0.0094 mpc_ms=35.7/676 cand=0.000 w_ax@goal=+0.00 return=1004.0 length=86 success_rate=1.00 collisions/ep=0.00 (n=22)
update=62 global_step=126976 SPS=22 m_ev=0.974 m_v_bias=0.6 m_kl_max=0.0074 mpc_ms=32.9/205 cand=0.000 w_ax@goal=+0.00 return=1002.9 length=88 success_rate=1.00 collisions/ep=0.00 (n=23)
update=63 global_step=129024 SPS=23 m_ev=0.986 m_v_bias=0.6 m_kl_max=0.0048 mpc_ms=34.1/778 cand=0.000 w_ax@goal=-0.00 return=1002.2 length=88 success_rate=1.00 collisions/ep=0.00 (n=21)
update=64 global_step=131072 SPS=23 m_ev=0.972 m_v_bias=0.4 m_kl_max=0.0091 mpc_ms=32.3/196 cand=0.000 w_ax@goal=-0.05 return=1003.1 length=88 success_rate=1.00 collisions/ep=0.00 (n=23)
update=65 global_step=133120 SPS=23 m_ev=0.978 m_v_bias=-0.5 m_kl_max=0.0081 mpc_ms=32.3/200 cand=0.000 w_ax@goal=-0.01 return=1003.1 length=87 success_rate=1.00 collisions/ep=0.00 (n=24)
Evaluation at update 65: return=1009.98, length=82.45, success_rate=1.00, collisions/ep=0.00
Solved-check at update 65: solved=True worst_gap=3.04 at p_x0=0.00 p_y0=0.00 (consecutive=3)
update=66 global_step=135168 SPS=22 m_ev=0.989 m_v_bias=-2.4 m_kl_max=0.0123 mpc_ms=32.1/193 cand=0.000 w_ax@goal=+0.03 return=1002.6 length=88 success_rate=1.00 collisions/ep=0.00 (n=24)
update=67 global_step=137216 SPS=22 m_ev=0.989 m_v_bias=2.1 m_kl_max=0.0030 mpc_ms=32.4/649 cand=0.000 w_ax@goal=-0.02 return=1004.2 length=87 success_rate=1.00 collisions/ep=0.00 (n=24)
update=68 global_step=139264 SPS=23 m_ev=0.993 m_v_bias=-4.8 m_kl_max=0.0135 mpc_ms=30.8/302 cand=0.000 w_ax@goal=-0.01 return=1005.2 length=86 success_rate=1.00 collisions/ep=0.00 (n=24)
update=69 global_step=141312 SPS=23 m_ev=0.975 m_v_bias=5.4 m_kl_max=0.0171 mpc_ms=29.7/161 cand=0.000 w_ax@goal=+0.03 return=1003.6 length=87 success_rate=1.00 collisions/ep=0.00 (n=24)
update=70 global_step=143360 SPS=23 m_ev=0.989 m_v_bias=0.3 m_kl_max=0.0105 mpc_ms=33.4/244 cand=0.000 w_ax@goal=-0.00 return=1003.1 length=88 success_rate=1.00 collisions/ep=0.00 (n=24)
Evaluation at update 70: return=1009.98, length=82.45, success_rate=1.00, collisions/ep=0.00
Solved-check at update 70: solved=True worst_gap=4.03 at p_x0=0.00 p_y0=-0.50 (consecutive=4)
update=71 global_step=145408 SPS=22 m_ev=0.991 m_v_bias=-6.4 m_kl_max=0.0100 mpc_ms=31.5/203 cand=0.000 w_ax@goal=-0.03 return=1004.9 length=86 success_rate=1.00 collisions/ep=0.00 (n=24)
update=72 global_step=147456 SPS=23 m_ev=0.996 m_v_bias=-4.8 m_kl_max=0.0131 mpc_ms=32.0/197 cand=0.000 w_ax@goal=-0.04 return=1005.8 length=85 success_rate=1.00 collisions/ep=0.00 (n=24)
update=73 global_step=149504 SPS=23 m_ev=0.992 m_v_bias=-0.5 m_kl_max=0.0150 mpc_ms=31.3/235 cand=0.000 w_ax@goal=-0.01 return=1004.8 length=86 success_rate=1.00 collisions/ep=0.00 (n=24)
update=74 global_step=151552 SPS=23 m_ev=0.982 m_v_bias=1.7 m_kl_max=0.0106 mpc_ms=33.2/253 cand=0.000 w_ax@goal=-0.03 return=1004.9 length=86 success_rate=1.00 collisions/ep=0.00 (n=24)
update=75 global_step=153600 SPS=23 m_ev=0.990 m_v_bias=0.7 m_kl_max=0.0071 mpc_ms=30.9/234 cand=0.000 w_ax@goal=+0.00 return=1003.9 length=87 success_rate=1.00 collisions/ep=0.00 (n=24)
Evaluation at update 75: return=1010.13, length=82.30, success_rate=1.00, collisions/ep=0.00
Solved-check at update 75: solved=True worst_gap=3.04 at p_x0=0.00 p_y0=0.00 (consecutive=5)
update=76 global_step=155648 SPS=22 m_ev=0.995 m_v_bias=-2.2 m_kl_max=0.0067 mpc_ms=32.8/747 cand=0.000 w_ax@goal=-0.00 return=1006.2 length=85 success_rate=1.00 collisions/ep=0.00 (n=24)
update=77 global_step=157696 SPS=23 m_ev=0.982 m_v_bias=4.7 m_kl_max=0.0135 mpc_ms=31.8/201 cand=0.000 w_ax@goal=-0.01 return=1004.3 length=86 success_rate=1.00 collisions/ep=0.00 (n=24)
update=78 global_step=159744 SPS=23 m_ev=0.985 m_v_bias=-3.5 m_kl_max=0.0105 mpc_ms=32.0/282 cand=0.000 w_ax@goal=-0.05 return=1005.4 length=86 success_rate=1.00 collisions/ep=0.00 (n=24)
update=79 global_step=161792 SPS=23 m_ev=0.993 m_v_bias=-4.2 m_kl_max=0.0139 mpc_ms=31.9/197 cand=0.000 w_ax@goal=-0.04 return=1006.0 length=85 success_rate=1.00 collisions/ep=0.00 (n=24)
update=80 global_step=163840 SPS=23 m_ev=0.981 m_v_bias=6.1 m_kl_max=0.0094 mpc_ms=33.3/192 cand=0.000 w_ax@goal=+0.00 return=1006.1 length=84 success_rate=1.00 collisions/ep=0.00 (n=23)
Evaluation at update 80: return=1010.83, length=81.60, success_rate=1.00, collisions/ep=0.00
Solved-check at update 80: solved=False worst_gap=5.14 at p_x0=2.00 p_y0=-1.00 (consecutive=6)
update=81 global_step=165888 SPS=22 m_ev=0.988 m_v_bias=-1.9 m_kl_max=0.0063 mpc_ms=32.4/285 cand=0.000 w_ax@goal=-0.03 return=1004.5 length=86 success_rate=1.00 collisions/ep=0.00 (n=25)
update=82 global_step=167936 SPS=23 m_ev=0.992 m_v_bias=-2.6 m_kl_max=0.0083 mpc_ms=33.0/245 cand=0.000 w_ax@goal=-0.02 return=1005.1 length=86 success_rate=1.00 collisions/ep=0.00 (n=24)
update=83 global_step=169984 SPS=23 m_ev=0.996 m_v_bias=-4.7 m_kl_max=0.0085 mpc_ms=31.4/173 cand=0.000 w_ax@goal=-0.01 return=1007.1 length=84 success_rate=1.00 collisions/ep=0.00 (n=24)
update=84 global_step=172032 SPS=23 m_ev=0.986 m_v_bias=2.9 m_kl_max=0.0103 mpc_ms=32.6/444 cand=0.000 w_ax@goal=+0.01 return=1004.2 length=87 success_rate=1.00 collisions/ep=0.00 (n=24)
update=85 global_step=174080 SPS=23 m_ev=0.991 m_v_bias=-1.3 m_kl_max=0.0056 mpc_ms=34.7/722 cand=0.000 w_ax@goal=-0.01 return=1005.7 length=85 success_rate=1.00 collisions/ep=0.00 (n=24)
Evaluation at update 85: return=1010.83, length=81.60, success_rate=1.00, collisions/ep=0.00
Solved-check at update 85: solved=False worst_gap=5.13 at p_x0=2.00 p_y0=-1.00 (consecutive=0)
update=86 global_step=176128 SPS=22 m_ev=0.985 m_v_bias=1.3 m_kl_max=0.0063 mpc_ms=32.7/175 cand=0.000 w_ax@goal=-0.00 return=1005.3 length=86 success_rate=1.00 collisions/ep=0.00 (n=24)
update=87 global_step=178176 SPS=23 m_ev=0.973 m_v_bias=7.2 m_kl_max=0.0106 mpc_ms=34.2/641 cand=0.000 w_ax@goal=-0.02 return=1003.2 length=88 success_rate=1.00 collisions/ep=0.00 (n=24)
update=88 global_step=180224 SPS=23 m_ev=0.988 m_v_bias=-3.7 m_kl_max=0.0069 mpc_ms=30.8/580 cand=0.000 w_ax@goal=-0.00 return=1005.3 length=85 success_rate=1.00 collisions/ep=0.00 (n=24)
update=89 global_step=182272 SPS=23 m_ev=0.993 m_v_bias=-5.4 m_kl_max=0.0027 mpc_ms=29.9/251 cand=0.000 w_ax@goal=-0.05 return=1006.7 length=84 success_rate=1.00 collisions/ep=0.00 (n=24)
update=90 global_step=184320 SPS=23 m_ev=0.993 m_v_bias=1.3 m_kl_max=0.0045 mpc_ms=29.5/203 cand=0.000 w_ax@goal=-0.01 return=1005.7 length=85 success_rate=1.00 collisions/ep=0.00 (n=24)
Evaluation at update 90: return=1010.73, length=81.70, success_rate=1.00, collisions/ep=0.00
Solved-check at update 90: solved=False worst_gap=5.14 at p_x0=2.00 p_y0=-1.00 (consecutive=0)
update=91 global_step=186368 SPS=23 m_ev=0.987 m_v_bias=1.9 m_kl_max=0.0040 mpc_ms=29.5/181 cand=0.000 w_ax@goal=-0.04 return=1005.1 length=86 success_rate=1.00 collisions/ep=0.00 (n=24)
update=92 global_step=188416 SPS=23 m_ev=0.990 m_v_bias=-2.4 m_kl_max=0.0161 mpc_ms=28.3/329 cand=0.000 w_ax@goal=-0.04 return=1005.3 length=86 success_rate=1.00 collisions/ep=0.00 (n=24)
update=93 global_step=190464 SPS=23 m_ev=0.994 m_v_bias=-2.2 m_kl_max=0.0097 mpc_ms=35.5/300 cand=0.000 w_ax@goal=+0.01 return=1007.3 length=83 success_rate=1.00 collisions/ep=0.00 (n=24)
update=94 global_step=192512 SPS=23 m_ev=0.992 m_v_bias=-0.1 m_kl_max=0.0093 mpc_ms=47.7/307 cand=0.000 w_ax@goal=-0.03 return=1006.9 length=84 success_rate=1.00 collisions/ep=0.00 (n=24)
update=95 global_step=194560 SPS=23 m_ev=0.985 m_v_bias=2.4 m_kl_max=0.0186 mpc_ms=46.0/288 cand=0.000 w_ax@goal=-0.03 return=1006.2 length=85 success_rate=1.00 collisions/ep=0.00 (n=24)
Evaluation at update 95: return=1010.73, length=81.70, success_rate=1.00, collisions/ep=0.00
Solved-check at update 95: solved=False worst_gap=5.14 at p_x0=2.00 p_y0=-1.00 (consecutive=0)
update=96 global_step=196608 SPS=22 m_ev=0.987 m_v_bias=2.2 m_kl_max=0.0089 mpc_ms=43.3/233 cand=0.000 w_ax@goal=+0.02 return=1006.3 length=84 success_rate=1.00 collisions/ep=0.00 (n=24)
update=97 global_step=198656 SPS=22 m_ev=0.964 m_v_bias=6.0 m_kl_max=0.0180 mpc_ms=43.4/291 cand=0.000 w_ax@goal=+0.00 return=1003.8 length=87 success_rate=1.00 collisions/ep=0.00 (n=24)
update=98 global_step=200704 SPS=22 m_ev=0.983 m_v_bias=-6.2 m_kl_max=0.0106 mpc_ms=44.6/310 cand=0.000 w_ax@goal=+0.02 return=1006.4 length=85 success_rate=1.00 collisions/ep=0.00 (n=24)
update=99 global_step=202752 SPS=22 m_ev=0.989 m_v_bias=-1.3 m_kl_max=0.0135 mpc_ms=43.4/914 cand=0.000 w_ax@goal=-0.01 return=1006.6 length=84 success_rate=1.00 collisions/ep=0.00 (n=24)
update=100 global_step=204800 SPS=22 m_ev=0.994 m_v_bias=-4.6 m_kl_max=0.0026 mpc_ms=45.0/252 cand=0.000 w_ax@goal=-0.01 return=1006.6 length=84 success_rate=1.00 collisions/ep=0.00 (n=24)
Evaluation at update 100: return=1010.83, length=81.60, success_rate=1.00, collisions/ep=0.00
Solved-check at update 100: solved=False worst_gap=5.15 at p_x0=2.00 p_y0=-1.00 (consecutive=0)
Saved checkpoints to C:\Users\loren\Desktop\MASTER THESIS\5_CODE\scenarios\slalom\studies\init_sampler\ppo_mpc_sobol\runs\ppo_mpc_slalom_18_1791265433
