Using device: cpu
Solved-check: precomputed optimal returns for 25 fixed initial conditions (mean=1011.8, min=1007.0, max=1014.0); solved-tolerance=5.0
Goal box: +-1.800 m (1.5x segment-reachable; segment-reachable displacement = 1.200 m)
tube MPC: W disks of radii (p, v) [0. 0.], RPI s=0 alpha=0; Z radii (p, v) = [0. 0.]
  X0 (-) Z: p_x [-1.000, 11.000], p_y [-1.999, 1.999], ||v|| <= 1.200; V = U (-) KZ: ||u|| <= 2.500; K = [-7.613 -4.585] per axis
  4 obstacles, 132 binaries before fixing, max big-M 9.00; horizon N=10, stopping time 5 steps
num_envs=8 num_steps_per_env=256 batch_size=2048 num_updates=100 timesteps=204800
update=1 global_step=2048 SPS=73 m_ev=-0.005 m_v_bias=41.6 m_kl_max=0.0042 mpc_ms=13.3/647 cand=0.019 return=-194.9 length=200 success_rate=0.00 collisions/ep=0.00 (n=8)
update=2 global_step=4096 SPS=72 m_ev=-0.869 m_v_bias=23.5 m_kl_max=0.0128 mpc_ms=13.5/181 cand=0.052 return=-195.4 length=200 success_rate=0.00 collisions/ep=0.00 (n=8)
update=3 global_step=6144 SPS=63 m_ev=-0.263 m_v_bias=13.8 m_kl_max=0.0334 mpc_ms=19.3/233 cand=0.004 return=-185.1 length=200 success_rate=0.00 collisions/ep=0.00 (n=8)
update=4 global_step=8192 SPS=53 m_ev=-0.295 m_v_bias=5.2 m_kl_max=0.0315 mpc_ms=27.6/253 cand=0.000 return=-165.7 length=200 success_rate=0.00 collisions/ep=0.00 (n=16)
update=5 global_step=10240 SPS=48 m_ev=-0.008 m_v_bias=3.4 m_kl_max=0.0421 mpc_ms=28.4/268 cand=0.002 return=-154.9 length=200 success_rate=0.00 collisions/ep=0.00 (n=8)
Evaluation at update 5: return=-140.97, length=200.00, success_rate=0.00, collisions/ep=0.00
Solved-check at update 5: solved=False worst_gap=1174.20 at p_x0=0.00 p_y0=1.00 (consecutive=0)
update=6 global_step=12288 SPS=27 m_ev=0.561 m_v_bias=-1.2 m_kl_max=0.0382 mpc_ms=31.3/702 cand=0.007 return=-143.7 length=200 success_rate=0.00 collisions/ep=0.00 (n=8)
update=7 global_step=14336 SPS=27 m_ev=0.791 m_v_bias=2.7 m_kl_max=0.0336 mpc_ms=30.3/307 cand=0.000 w_ax@goal=-0.59 return=-145.3 length=200 success_rate=0.00 collisions/ep=0.00 (n=8)
update=8 global_step=16384 SPS=28 m_ev=0.905 m_v_bias=2.0 m_kl_max=0.0233 mpc_ms=30.1/509 cand=0.002 w_ax@goal=-0.25 return=-142.1 length=200 success_rate=0.00 collisions/ep=0.00 (n=16)
update=9 global_step=18432 SPS=28 m_ev=0.927 m_v_bias=0.3 m_kl_max=0.0202 mpc_ms=32.5/449 cand=0.000 w_ax@goal=-0.94 return=-139.1 length=200 success_rate=0.00 collisions/ep=0.00 (n=8)
update=10 global_step=20480 SPS=28 m_ev=-0.025 m_v_bias=-22.9 m_kl_max=0.0083 mpc_ms=30.9/290 cand=0.001 w_ax@goal=+0.00 return=-8.3 length=196 success_rate=0.12 collisions/ep=0.00 (n=8)
Evaluation at update 10: return=-140.91, length=200.00, success_rate=0.00, collisions/ep=0.00
Solved-check at update 10: solved=False worst_gap=1161.17 at p_x0=2.00 p_y0=0.50 (consecutive=0)
update=11 global_step=22528 SPS=23 m_ev=0.020 m_v_bias=-67.9 m_kl_max=0.0091 mpc_ms=33.8/819 cand=0.000 w_ax@goal=-0.17 return=-6.4 length=197 success_rate=0.12 collisions/ep=0.00 (n=16)
update=12 global_step=24576 SPS=23 m_ev=0.030 m_v_bias=-6.8 m_kl_max=0.0051 mpc_ms=32.6/733 cand=0.002 w_ax@goal=+0.14 return=-4.2 length=193 success_rate=0.12 collisions/ep=0.00 (n=8)
update=13 global_step=26624 SPS=24 m_ev=0.178 m_v_bias=-39.7 m_kl_max=0.0211 mpc_ms=30.7/822 cand=0.001 w_ax@goal=-0.30 return=97.4 length=189 success_rate=0.22 collisions/ep=0.00 (n=9)
update=14 global_step=28672 SPS=24 m_ev=0.319 m_v_bias=-13.2 m_kl_max=0.0155 mpc_ms=31.1/878 cand=0.000 w_ax@goal=-0.17 return=168.7 length=189 success_rate=0.29 collisions/ep=0.00 (n=14)
update=15 global_step=30720 SPS=25 m_ev=0.299 m_v_bias=-59.4 m_kl_max=0.0099 mpc_ms=31.2/896 cand=0.000 w_ax@goal=-0.63 return=177.4 length=192 success_rate=0.30 collisions/ep=0.00 (n=10)
Evaluation at update 15: return=553.61, length=175.95, success_rate=0.65, collisions/ep=0.00
Solved-check at update 15: solved=False worst_gap=1185.27 at p_x0=2.00 p_y0=-1.00 (consecutive=0)
update=16 global_step=32768 SPS=20 m_ev=0.429 m_v_bias=-41.4 m_kl_max=0.0304 mpc_ms=34.1/484 cand=0.000 w_ax@goal=+0.02 return=344.5 length=176 success_rate=0.44 collisions/ep=0.00 (n=9)
update=17 global_step=34816 SPS=20 m_ev=0.558 m_v_bias=-77.7 m_kl_max=0.0248 mpc_ms=30.5/989 cand=0.000 w_ax@goal=-0.06 return=468.9 length=177 success_rate=0.57 collisions/ep=0.00 (n=14)
update=18 global_step=36864 SPS=20 m_ev=0.692 m_v_bias=-80.7 m_kl_max=0.0246 mpc_ms=34.4/532 cand=0.000 w_ax@goal=+0.06 return=771.4 length=149 success_rate=0.83 collisions/ep=0.00 (n=12)
update=19 global_step=38912 SPS=21 m_ev=0.738 m_v_bias=14.1 m_kl_max=0.0083 mpc_ms=29.9/307 cand=0.000 w_ax@goal=-0.21 return=448.3 length=167 success_rate=0.54 collisions/ep=0.00 (n=13)
update=20 global_step=40960 SPS=21 m_ev=0.735 m_v_bias=-10.5 m_kl_max=0.0072 mpc_ms=30.9/745 cand=0.000 w_ax@goal=-0.20 return=311.6 length=173 success_rate=0.42 collisions/ep=0.00 (n=12)
Evaluation at update 20: return=299.70, length=153.85, success_rate=0.40, collisions/ep=0.00
Solved-check at update 20: solved=False worst_gap=1191.05 at p_x0=2.00 p_y0=0.00 (consecutive=0)
update=21 global_step=43008 SPS=20 m_ev=0.838 m_v_bias=-49.7 m_kl_max=0.0234 mpc_ms=42.6/540 cand=0.000 w_ax@goal=+0.03 return=668.4 length=140 success_rate=0.73 collisions/ep=0.00 (n=15)
update=22 global_step=45056 SPS=20 m_ev=0.797 m_v_bias=1.5 m_kl_max=0.0156 mpc_ms=35.4/366 cand=0.000 w_ax@goal=-0.14 return=668.1 length=147 success_rate=0.73 collisions/ep=0.00 (n=15)
update=23 global_step=47104 SPS=20 m_ev=0.832 m_v_bias=-36.2 m_kl_max=0.0143 mpc_ms=36.3/450 cand=0.000 w_ax@goal=+0.03 return=778.5 length=130 success_rate=0.82 collisions/ep=0.00 (n=17)
update=24 global_step=49152 SPS=21 m_ev=0.848 m_v_bias=-14.5 m_kl_max=0.0151 mpc_ms=35.3/754 cand=0.000 w_ax@goal=-0.01 return=974.4 length=117 success_rate=1.00 collisions/ep=0.00 (n=15)
update=25 global_step=51200 SPS=21 m_ev=0.876 m_v_bias=10.3 m_kl_max=0.0136 mpc_ms=35.7/723 cand=0.000 w_ax@goal=-0.05 return=833.9 length=135 success_rate=0.88 collisions/ep=0.00 (n=17)
Evaluation at update 25: return=1006.91, length=83.25, success_rate=1.00, collisions/ep=0.00
Solved-check at update 25: solved=False worst_gap=11.24 at p_x0=1.50 p_y0=-1.00 (consecutive=0)
update=26 global_step=53248 SPS=20 m_ev=0.903 m_v_bias=-33.8 m_kl_max=0.0150 mpc_ms=37.2/251 cand=0.000 w_ax@goal=+0.04 return=978.5 length=112 success_rate=1.00 collisions/ep=0.00 (n=17)
update=27 global_step=55296 SPS=20 m_ev=0.923 m_v_bias=-13.0 m_kl_max=0.0084 mpc_ms=35.2/197 cand=0.000 w_ax@goal=-0.01 return=983.2 length=107 success_rate=1.00 collisions/ep=0.00 (n=20)
update=28 global_step=57344 SPS=20 m_ev=0.939 m_v_bias=2.8 m_kl_max=0.0159 mpc_ms=36.4/291 cand=0.000 w_ax@goal=-0.01 return=987.2 length=103 success_rate=1.00 collisions/ep=0.00 (n=21)
update=29 global_step=59392 SPS=21 m_ev=0.953 m_v_bias=-2.0 m_kl_max=0.0066 mpc_ms=36.1/517 cand=0.000 w_ax@goal=+0.03 return=988.3 length=103 success_rate=1.00 collisions/ep=0.00 (n=19)
update=30 global_step=61440 SPS=21 m_ev=0.964 m_v_bias=-10.5 m_kl_max=0.0111 mpc_ms=36.3/254 cand=0.000 w_ax@goal=+0.04 return=990.3 length=100 success_rate=1.00 collisions/ep=0.00 (n=21)
Evaluation at update 30: return=1007.81, length=82.40, success_rate=1.00, collisions/ep=0.00
Solved-check at update 30: solved=False worst_gap=5.12 at p_x0=0.00 p_y0=0.50 (consecutive=0)
update=31 global_step=63488 SPS=20 m_ev=0.941 m_v_bias=7.3 m_kl_max=0.0108 mpc_ms=37.7/973 cand=0.000 w_ax@goal=-0.03 return=990.1 length=101 success_rate=1.00 collisions/ep=0.00 (n=20)
update=32 global_step=65536 SPS=20 m_ev=0.976 m_v_bias=-15.2 m_kl_max=0.0108 mpc_ms=32.6/638 cand=0.000 w_ax@goal=+0.00 return=995.6 length=95 success_rate=1.00 collisions/ep=0.00 (n=23)
update=33 global_step=67584 SPS=20 m_ev=0.961 m_v_bias=3.8 m_kl_max=0.0119 mpc_ms=38.1/261 cand=0.000 w_ax@goal=-0.04 return=993.7 length=97 success_rate=1.00 collisions/ep=0.00 (n=19)
update=34 global_step=69632 SPS=21 m_ev=0.945 m_v_bias=8.3 m_kl_max=0.0130 mpc_ms=34.0/197 cand=0.000 w_ax@goal=+0.08 return=993.9 length=97 success_rate=1.00 collisions/ep=0.00 (n=22)
update=35 global_step=71680 SPS=21 m_ev=0.955 m_v_bias=-3.0 m_kl_max=0.0152 mpc_ms=39.0/880 cand=0.000 w_ax@goal=+0.01 return=992.5 length=98 success_rate=1.00 collisions/ep=0.00 (n=20)
Evaluation at update 35: return=1008.44, length=81.80, success_rate=1.00, collisions/ep=0.00
Solved-check at update 35: solved=False worst_gap=5.15 at p_x0=2.00 p_y0=-1.00 (consecutive=0)
update=36 global_step=73728 SPS=20 m_ev=0.976 m_v_bias=-12.7 m_kl_max=0.0080 mpc_ms=35.2/217 cand=0.000 w_ax@goal=+0.07 return=997.3 length=93 success_rate=1.00 collisions/ep=0.00 (n=23)
update=37 global_step=75776 SPS=20 m_ev=0.960 m_v_bias=-1.9 m_kl_max=0.0117 mpc_ms=36.5/247 cand=0.000 w_ax@goal=-0.09 return=1000.9 length=90 success_rate=1.00 collisions/ep=0.00 (n=21)
update=38 global_step=77824 SPS=20 m_ev=0.956 m_v_bias=8.6 m_kl_max=0.0076 mpc_ms=36.2/719 cand=0.000 w_ax@goal=-0.01 return=992.5 length=98 success_rate=1.00 collisions/ep=0.00 (n=22)
update=39 global_step=79872 SPS=21 m_ev=0.959 m_v_bias=6.9 m_kl_max=0.0107 mpc_ms=37.3/515 cand=0.000 w_ax@goal=-0.03 return=992.1 length=98 success_rate=1.00 collisions/ep=0.00 (n=21)
update=40 global_step=81920 SPS=21 m_ev=0.981 m_v_bias=-7.3 m_kl_max=0.0088 mpc_ms=35.3/320 cand=0.000 w_ax@goal=-0.02 return=998.3 length=93 success_rate=1.00 collisions/ep=0.00 (n=24)
Evaluation at update 40: return=1008.00, length=82.25, success_rate=1.00, collisions/ep=0.00
Solved-check at update 40: solved=False worst_gap=5.06 at p_x0=0.00 p_y0=0.50 (consecutive=0)
update=41 global_step=83968 SPS=20 m_ev=0.982 m_v_bias=-10.7 m_kl_max=0.0096 mpc_ms=34.5/263 cand=0.000 w_ax@goal=+0.00 return=1000.5 length=90 success_rate=1.00 collisions/ep=0.00 (n=21)
update=42 global_step=86016 SPS=20 m_ev=0.990 m_v_bias=-2.3 m_kl_max=0.0100 mpc_ms=34.7/230 cand=0.000 w_ax@goal=-0.07 return=1000.4 length=90 success_rate=1.00 collisions/ep=0.00 (n=23)
update=43 global_step=88064 SPS=21 m_ev=0.963 m_v_bias=8.1 m_kl_max=0.0053 mpc_ms=34.4/277 cand=0.000 w_ax@goal=+0.01 return=997.4 length=93 success_rate=1.00 collisions/ep=0.00 (n=24)
update=44 global_step=90112 SPS=21 m_ev=0.980 m_v_bias=-5.4 m_kl_max=0.0082 mpc_ms=36.2/303 cand=0.000 w_ax@goal=-0.01 return=1000.8 length=90 success_rate=1.00 collisions/ep=0.00 (n=20)
update=45 global_step=92160 SPS=21 m_ev=0.973 m_v_bias=-5.0 m_kl_max=0.0102 mpc_ms=35.4/290 cand=0.000 w_ax@goal=-0.00 return=1000.7 length=90 success_rate=1.00 collisions/ep=0.00 (n=23)
Evaluation at update 45: return=1008.90, length=81.35, success_rate=1.00, collisions/ep=0.00
Solved-check at update 45: solved=True worst_gap=4.07 at p_x0=0.00 p_y0=0.00 (consecutive=0)
update=46 global_step=94208 SPS=20 m_ev=0.981 m_v_bias=-2.7 m_kl_max=0.0220 mpc_ms=35.5/367 cand=0.000 w_ax@goal=-0.04 return=1002.0 length=89 success_rate=1.00 collisions/ep=0.00 (n=22)
update=47 global_step=96256 SPS=20 m_ev=0.977 m_v_bias=-0.0 m_kl_max=0.0112 mpc_ms=36.1/233 cand=0.000 w_ax@goal=-0.07 return=1003.3 length=88 success_rate=1.00 collisions/ep=0.00 (n=23)
update=48 global_step=98304 SPS=21 m_ev=0.987 m_v_bias=1.4 m_kl_max=0.0144 mpc_ms=33.9/201 cand=0.000 w_ax@goal=+0.01 return=1000.7 length=90 success_rate=1.00 collisions/ep=0.00 (n=24)
update=49 global_step=100352 SPS=21 m_ev=0.984 m_v_bias=-0.0 m_kl_max=0.0104 mpc_ms=34.8/267 cand=0.000 w_ax@goal=-0.00 return=1001.1 length=90 success_rate=1.00 collisions/ep=0.00 (n=24)
update=50 global_step=102400 SPS=21 m_ev=0.988 m_v_bias=-3.3 m_kl_max=0.0103 mpc_ms=35.7/267 cand=0.000 w_ax@goal=-0.02 return=1001.6 length=89 success_rate=1.00 collisions/ep=0.00 (n=24)
Evaluation at update 50: return=1009.56, length=80.70, success_rate=1.00, collisions/ep=0.00
Solved-check at update 50: solved=False worst_gap=5.14 at p_x0=2.00 p_y0=-1.00 (consecutive=1)
update=51 global_step=104448 SPS=20 m_ev=0.977 m_v_bias=2.2 m_kl_max=0.0084 mpc_ms=35.5/714 cand=0.000 w_ax@goal=-0.02 return=1002.8 length=88 success_rate=1.00 collisions/ep=0.00 (n=23)
update=52 global_step=106496 SPS=21 m_ev=0.988 m_v_bias=-5.6 m_kl_max=0.0156 mpc_ms=34.4/233 cand=0.000 w_ax@goal=-0.00 return=1001.1 length=90 success_rate=1.00 collisions/ep=0.00 (n=24)
update=53 global_step=108544 SPS=21 m_ev=0.977 m_v_bias=-1.0 m_kl_max=0.0031 mpc_ms=36.9/981 cand=0.000 w_ax@goal=-0.04 return=1002.4 length=88 success_rate=1.00 collisions/ep=0.00 (n=21)
update=54 global_step=110592 SPS=21 m_ev=0.974 m_v_bias=7.1 m_kl_max=0.0192 mpc_ms=35.7/809 cand=0.000 w_ax@goal=+0.04 return=999.4 length=92 success_rate=1.00 collisions/ep=0.00 (n=21)
update=55 global_step=112640 SPS=21 m_ev=0.985 m_v_bias=-3.2 m_kl_max=0.0041 mpc_ms=35.9/271 cand=0.000 w_ax@goal=+0.02 return=1001.9 length=88 success_rate=1.00 collisions/ep=0.00 (n=23)
Evaluation at update 55: return=1009.51, length=80.75, success_rate=1.00, collisions/ep=0.00
Solved-check at update 55: solved=True worst_gap=4.04 at p_x0=0.00 p_y0=-0.50 (consecutive=0)
update=56 global_step=114688 SPS=20 m_ev=0.985 m_v_bias=0.4 m_kl_max=0.0036 mpc_ms=35.5/605 cand=0.000 w_ax@goal=-0.05 return=1001.4 length=89 success_rate=1.00 collisions/ep=0.00 (n=24)
update=57 global_step=116736 SPS=21 m_ev=0.987 m_v_bias=-3.5 m_kl_max=0.0097 mpc_ms=34.7/217 cand=0.000 w_ax@goal=+0.02 return=1002.9 length=88 success_rate=1.00 collisions/ep=0.00 (n=24)
update=58 global_step=118784 SPS=21 m_ev=0.982 m_v_bias=3.0 m_kl_max=0.0148 mpc_ms=34.7/208 cand=0.000 w_ax@goal=-0.02 return=1002.5 length=88 success_rate=1.00 collisions/ep=0.00 (n=24)
update=59 global_step=120832 SPS=21 m_ev=0.980 m_v_bias=0.1 m_kl_max=0.0159 mpc_ms=33.8/258 cand=0.000 w_ax@goal=-0.02 return=1002.8 length=88 success_rate=1.00 collisions/ep=0.00 (n=24)
update=60 global_step=122880 SPS=21 m_ev=0.981 m_v_bias=-0.9 m_kl_max=0.0119 mpc_ms=34.2/216 cand=0.000 w_ax@goal=+0.02 return=1003.2 length=88 success_rate=1.00 collisions/ep=0.00 (n=24)
Evaluation at update 60: return=1009.21, length=81.05, success_rate=1.00, collisions/ep=0.00
Solved-check at update 60: solved=True worst_gap=4.06 at p_x0=0.00 p_y0=0.00 (consecutive=1)
Solved criterion held for 2 consecutive evals (tolerance=5.0) at global_step=122880.
update=61 global_step=124928 SPS=21 m_ev=0.985 m_v_bias=-1.2 m_kl_max=0.0057 mpc_ms=33.7/290 cand=0.000 w_ax@goal=+0.00 return=1003.0 length=88 success_rate=1.00 collisions/ep=0.00 (n=22)
update=62 global_step=126976 SPS=21 m_ev=0.978 m_v_bias=-0.9 m_kl_max=0.0136 mpc_ms=35.5/308 cand=0.000 w_ax@goal=+0.03 return=1001.2 length=89 success_rate=1.00 collisions/ep=0.00 (n=20)
update=63 global_step=129024 SPS=21 m_ev=0.985 m_v_bias=6.5 m_kl_max=0.0158 mpc_ms=38.4/316 cand=0.000 w_ax@goal=+0.02 return=1002.5 length=88 success_rate=1.00 collisions/ep=0.00 (n=22)
update=64 global_step=131072 SPS=21 m_ev=0.994 m_v_bias=-8.7 m_kl_max=0.0086 mpc_ms=36.5/808 cand=0.000 w_ax@goal=-0.04 return=1003.7 length=87 success_rate=1.00 collisions/ep=0.00 (n=24)
update=65 global_step=133120 SPS=21 m_ev=0.995 m_v_bias=-0.2 m_kl_max=0.0088 mpc_ms=34.2/475 cand=0.000 w_ax@goal=-0.02 return=1005.6 length=85 success_rate=1.00 collisions/ep=0.00 (n=24)
Evaluation at update 65: return=1009.87, length=80.40, success_rate=1.00, collisions/ep=0.00
Solved-check at update 65: solved=True worst_gap=3.04 at p_x0=0.00 p_y0=0.00 (consecutive=2)
update=66 global_step=135168 SPS=20 m_ev=0.958 m_v_bias=13.7 m_kl_max=0.0115 mpc_ms=36.6/340 cand=0.000 w_ax@goal=-0.01 return=1002.5 length=88 success_rate=1.00 collisions/ep=0.00 (n=23)
update=67 global_step=137216 SPS=21 m_ev=0.975 m_v_bias=-6.8 m_kl_max=0.0033 mpc_ms=34.2/316 cand=0.000 w_ax@goal=-0.01 return=1002.8 length=88 success_rate=1.00 collisions/ep=0.00 (n=25)
update=68 global_step=139264 SPS=21 m_ev=0.985 m_v_bias=0.7 m_kl_max=0.0039 mpc_ms=34.8/505 cand=0.000 w_ax@goal=-0.02 return=1003.7 length=87 success_rate=1.00 collisions/ep=0.00 (n=24)
update=69 global_step=141312 SPS=21 m_ev=0.992 m_v_bias=-6.5 m_kl_max=0.0164 mpc_ms=35.5/305 cand=0.000 w_ax@goal=+0.03 return=1003.3 length=88 success_rate=1.00 collisions/ep=0.00 (n=24)
update=70 global_step=143360 SPS=21 m_ev=0.994 m_v_bias=-1.3 m_kl_max=0.0093 mpc_ms=34.2/296 cand=0.000 w_ax@goal=+0.03 return=1005.3 length=85 success_rate=1.00 collisions/ep=0.00 (n=24)
Evaluation at update 70: return=1009.82, length=80.45, success_rate=1.00, collisions/ep=0.00
Solved-check at update 70: solved=True worst_gap=3.04 at p_x0=0.00 p_y0=0.00 (consecutive=3)
update=71 global_step=145408 SPS=21 m_ev=0.990 m_v_bias=1.9 m_kl_max=0.0107 mpc_ms=35.3/532 cand=0.000 w_ax@goal=+0.05 return=1003.8 length=87 success_rate=1.00 collisions/ep=0.00 (n=24)
update=72 global_step=147456 SPS=21 m_ev=0.994 m_v_bias=-3.4 m_kl_max=0.0171 mpc_ms=32.7/254 cand=0.000 w_ax@goal=-0.01 return=1006.1 length=85 success_rate=1.00 collisions/ep=0.00 (n=24)
update=73 global_step=149504 SPS=21 m_ev=0.985 m_v_bias=4.4 m_kl_max=0.0098 mpc_ms=36.8/299 cand=0.000 w_ax@goal=+0.04 return=1003.8 length=87 success_rate=1.00 collisions/ep=0.00 (n=24)
update=74 global_step=151552 SPS=21 m_ev=0.993 m_v_bias=-0.3 m_kl_max=0.0333 mpc_ms=35.3/293 cand=0.000 w_ax@goal=-0.02 return=1005.8 length=85 success_rate=1.00 collisions/ep=0.00 (n=24)
update=75 global_step=153600 SPS=21 m_ev=0.982 m_v_bias=6.0 m_kl_max=0.0075 mpc_ms=36.1/263 cand=0.000 w_ax@goal=-0.01 return=1003.7 length=87 success_rate=1.00 collisions/ep=0.00 (n=24)
Evaluation at update 75: return=1009.92, length=80.35, success_rate=1.00, collisions/ep=0.00
Solved-check at update 75: solved=True worst_gap=3.04 at p_x0=0.00 p_y0=0.00 (consecutive=4)
update=76 global_step=155648 SPS=21 m_ev=0.986 m_v_bias=-1.8 m_kl_max=0.0070 mpc_ms=36.3/248 cand=0.000 w_ax@goal=+0.02 return=1003.6 length=87 success_rate=1.00 collisions/ep=0.00 (n=24)
update=77 global_step=157696 SPS=21 m_ev=0.984 m_v_bias=-4.3 m_kl_max=0.0104 mpc_ms=36.3/219 cand=0.000 w_ax@goal=-0.02 return=1004.8 length=86 success_rate=1.00 collisions/ep=0.00 (n=23)
update=78 global_step=159744 SPS=21 m_ev=0.992 m_v_bias=-3.8 m_kl_max=0.0130 mpc_ms=33.9/217 cand=0.000 w_ax@goal=-0.01 return=1005.4 length=85 success_rate=1.00 collisions/ep=0.00 (n=25)
update=79 global_step=161792 SPS=21 m_ev=0.976 m_v_bias=5.9 m_kl_max=0.0064 mpc_ms=37.5/400 cand=0.000 w_ax@goal=+0.01 return=1003.5 length=88 success_rate=1.00 collisions/ep=0.00 (n=23)
update=80 global_step=163840 SPS=21 m_ev=0.989 m_v_bias=-2.6 m_kl_max=0.0057 mpc_ms=35.4/261 cand=0.000 w_ax@goal=-0.06 return=1003.9 length=87 success_rate=1.00 collisions/ep=0.00 (n=25)
Evaluation at update 80: return=1010.42, length=79.85, success_rate=1.00, collisions/ep=0.00
Solved-check at update 80: solved=True worst_gap=3.03 at p_x0=0.00 p_y0=-0.50 (consecutive=5)
update=81 global_step=165888 SPS=21 m_ev=0.987 m_v_bias=-0.9 m_kl_max=0.0197 mpc_ms=44.5/966 cand=0.000 w_ax@goal=-0.02 return=1006.2 length=85 success_rate=1.00 collisions/ep=0.00 (n=23)
update=82 global_step=167936 SPS=21 m_ev=0.996 m_v_bias=-2.8 m_kl_max=0.0097 mpc_ms=35.5/242 cand=0.000 w_ax@goal=-0.02 return=1006.3 length=84 success_rate=1.00 collisions/ep=0.00 (n=25)
update=83 global_step=169984 SPS=21 m_ev=0.974 m_v_bias=8.5 m_kl_max=0.0030 mpc_ms=36.8/276 cand=0.000 w_ax@goal=-0.03 return=1004.1 length=87 success_rate=1.00 collisions/ep=0.00 (n=21)
update=84 global_step=172032 SPS=21 m_ev=0.969 m_v_bias=4.9 m_kl_max=0.0049 mpc_ms=37.1/843 cand=0.000 w_ax@goal=+0.02 return=1003.1 length=88 success_rate=1.00 collisions/ep=0.00 (n=24)
update=85 global_step=174080 SPS=21 m_ev=0.979 m_v_bias=0.5 m_kl_max=0.0068 mpc_ms=37.0/221 cand=0.000 w_ax@goal=-0.01 return=1002.9 length=88 success_rate=1.00 collisions/ep=0.00 (n=23)
Evaluation at update 85: return=1010.47, length=79.80, success_rate=1.00, collisions/ep=0.00
Solved-check at update 85: solved=False worst_gap=5.13 at p_x0=2.00 p_y0=-1.00 (consecutive=6)
update=86 global_step=176128 SPS=20 m_ev=0.983 m_v_bias=4.0 m_kl_max=0.0079 mpc_ms=39.4/659 cand=0.000 w_ax@goal=-0.01 return=1004.8 length=87 success_rate=1.00 collisions/ep=0.00 (n=23)
update=87 global_step=178176 SPS=21 m_ev=0.993 m_v_bias=-8.3 m_kl_max=0.0096 mpc_ms=33.7/258 cand=0.000 w_ax@goal=+0.00 return=1006.1 length=84 success_rate=1.00 collisions/ep=0.00 (n=25)
update=88 global_step=180224 SPS=21 m_ev=0.983 m_v_bias=3.3 m_kl_max=0.0154 mpc_ms=36.2/380 cand=0.000 w_ax@goal=-0.08 return=1004.5 length=87 success_rate=1.00 collisions/ep=0.00 (n=23)
update=89 global_step=182272 SPS=21 m_ev=0.986 m_v_bias=-0.9 m_kl_max=0.0081 mpc_ms=35.8/674 cand=0.000 w_ax@goal=-0.02 return=1005.5 length=85 success_rate=1.00 collisions/ep=0.00 (n=23)
update=90 global_step=184320 SPS=21 m_ev=0.978 m_v_bias=5.0 m_kl_max=0.0104 mpc_ms=34.9/176 cand=0.000 w_ax@goal=+0.01 return=1005.4 length=86 success_rate=1.00 collisions/ep=0.00 (n=26)
Evaluation at update 90: return=1010.52, length=79.75, success_rate=1.00, collisions/ep=0.00
Solved-check at update 90: solved=True worst_gap=3.03 at p_x0=0.00 p_y0=-0.50 (consecutive=0)
update=91 global_step=186368 SPS=20 m_ev=0.990 m_v_bias=-0.2 m_kl_max=0.0115 mpc_ms=35.1/201 cand=0.000 w_ax@goal=+0.02 return=1005.5 length=85 success_rate=1.00 collisions/ep=0.00 (n=24)
update=92 global_step=188416 SPS=21 m_ev=0.989 m_v_bias=4.0 m_kl_max=0.0070 mpc_ms=36.2/208 cand=0.000 w_ax@goal=-0.01 return=1006.1 length=85 success_rate=1.00 collisions/ep=0.00 (n=23)
update=93 global_step=190464 SPS=21 m_ev=0.993 m_v_bias=-4.5 m_kl_max=0.0088 mpc_ms=34.2/213 cand=0.000 w_ax@goal=-0.01 return=1005.3 length=85 success_rate=1.00 collisions/ep=0.00 (n=24)
update=94 global_step=192512 SPS=21 m_ev=0.974 m_v_bias=6.4 m_kl_max=0.0123 mpc_ms=36.0/206 cand=0.000 w_ax@goal=-0.04 return=1005.0 length=86 success_rate=1.00 collisions/ep=0.00 (n=22)
update=95 global_step=194560 SPS=21 m_ev=0.967 m_v_bias=-0.2 m_kl_max=0.0150 mpc_ms=35.0/236 cand=0.000 w_ax@goal=+0.01 return=1004.8 length=86 success_rate=1.00 collisions/ep=0.00 (n=25)
Evaluation at update 95: return=1010.37, length=79.90, success_rate=1.00, collisions/ep=0.00
Solved-check at update 95: solved=True worst_gap=3.03 at p_x0=0.00 p_y0=-0.50 (consecutive=1)
update=96 global_step=196608 SPS=20 m_ev=0.986 m_v_bias=0.9 m_kl_max=0.0223 mpc_ms=48.0/454 cand=0.000 w_ax@goal=-0.04 return=1004.4 length=87 success_rate=1.00 collisions/ep=0.00 (n=23)
update=97 global_step=198656 SPS=21 m_ev=0.987 m_v_bias=-3.2 m_kl_max=0.0109 mpc_ms=34.3/226 cand=0.000 w_ax@goal=-0.03 return=1006.1 length=85 success_rate=1.00 collisions/ep=0.00 (n=25)
update=98 global_step=200704 SPS=21 m_ev=0.992 m_v_bias=-2.7 m_kl_max=0.0059 mpc_ms=33.1/215 cand=0.000 w_ax@goal=-0.01 return=1006.8 length=84 success_rate=1.00 collisions/ep=0.00 (n=25)
update=99 global_step=202752 SPS=21 m_ev=0.992 m_v_bias=2.6 m_kl_max=0.0152 mpc_ms=36.0/251 cand=0.000 w_ax@goal=-0.01 return=1006.7 length=84 success_rate=1.00 collisions/ep=0.00 (n=26)
update=100 global_step=204800 SPS=21 m_ev=0.995 m_v_bias=-2.6 m_kl_max=0.0026 mpc_ms=36.4/664 cand=0.000 w_ax@goal=+0.01 return=1006.6 length=84 success_rate=1.00 collisions/ep=0.00 (n=25)
Evaluation at update 100: return=1010.72, length=79.55, success_rate=1.00, collisions/ep=0.00
Solved-check at update 100: solved=True worst_gap=4.13 at p_x0=2.00 p_y0=-1.00 (consecutive=2)
Saved checkpoints to C:\Users\loren\Desktop\MASTER THESIS\5_CODE\scenarios\slalom\studies\init_sampler\ppo_mpc_sobol\runs\ppo_mpc_slalom_10_1791255610
