Using device: cpu
Solved-check: precomputed optimal returns for 25 fixed initial conditions (mean=1013.0, min=1011.0, max=1015.0); solved-tolerance=5.0
batch_size=1024 minibatch_size=256 num_updates=200 timesteps=204800
update=1 global_step=1024 SPS=2309 ev=0.000 v_bias=41.6
update=2 global_step=2048 SPS=2466 ev=-0.001 v_bias=21.3 return=-473.9 length=194 success_rate=0.12 collisions/ep=8.25 (n=8)
update=3 global_step=3072 SPS=2483 ev=0.510 v_bias=30.7 return=-422.4 length=200 success_rate=0.00 collisions/ep=6.00 (n=1)
update=4 global_step=4096 SPS=2538 ev=0.466 v_bias=-0.1 return=-423.9 length=200 success_rate=0.00 collisions/ep=5.00 (n=7)
update=5 global_step=5120 SPS=2530 ev=0.198 v_bias=-74.1 return=463.1 length=178 success_rate=0.62 collisions/ep=1.38 (n=8)
update=6 global_step=6144 SPS=2268 ev=0.606 v_bias=-89.1 return=593.9 length=134 success_rate=0.70 collisions/ep=0.90 (n=10)
update=7 global_step=7168 SPS=2340 ev=0.792 v_bias=-91.8 return=815.1 length=124 success_rate=1.00 collisions/ep=3.00 (n=8)
update=8 global_step=8192 SPS=2381 ev=0.929 v_bias=-96.6 return=927.7 length=102 success_rate=1.00 collisions/ep=1.33 (n=9)
update=9 global_step=9216 SPS=2407 ev=0.945 v_bias=-80.2 return=993.4 length=95 success_rate=1.00 collisions/ep=0.00 (n=11)
update=10 global_step=10240 SPS=2365 ev=0.986 v_bias=-72.9 return=993.9 length=93 success_rate=1.00 collisions/ep=0.09 (n=11)
Evaluation at update 10: return=1006.73, length=83.05, success_rate=1.00, collisions/ep=0.00
Solved-check at update 10: solved=False worst_gap=6.98 at p_x0=2.00 p_y0=1.00 (consecutive=0)
update=11 global_step=11264 SPS=903 ev=0.966 v_bias=-47.5 return=983.2 length=93 success_rate=1.00 collisions/ep=0.30 (n=10)
update=12 global_step=12288 SPS=906 ev=0.988 v_bias=-34.9 return=1002.7 length=88 success_rate=1.00 collisions/ep=0.00 (n=13)
update=13 global_step=13312 SPS=913 ev=0.991 v_bias=-24.9 return=1003.9 length=88 success_rate=1.00 collisions/ep=0.00 (n=11)
update=14 global_step=14336 SPS=911 ev=0.995 v_bias=-15.0 return=1005.9 length=87 success_rate=1.00 collisions/ep=0.00 (n=13)
update=15 global_step=15360 SPS=917 ev=0.997 v_bias=-11.9 return=1006.0 length=88 success_rate=1.00 collisions/ep=0.00 (n=11)
update=16 global_step=16384 SPS=946 ev=0.998 v_bias=-8.2 return=1006.9 length=85 success_rate=1.00 collisions/ep=0.00 (n=13)
update=17 global_step=17408 SPS=985 ev=0.998 v_bias=-5.5 return=1008.3 length=83 success_rate=1.00 collisions/ep=0.00 (n=11)
update=18 global_step=18432 SPS=1022 ev=0.999 v_bias=-4.3 return=1009.0 length=83 success_rate=1.00 collisions/ep=0.00 (n=13)
update=19 global_step=19456 SPS=1056 ev=0.999 v_bias=-3.0 return=1009.4 length=83 success_rate=1.00 collisions/ep=0.00 (n=12)
update=20 global_step=20480 SPS=1090 ev=0.999 v_bias=-3.5 return=1010.1 length=81 success_rate=1.00 collisions/ep=0.00 (n=13)
Evaluation at update 20: return=1010.87, length=78.90, success_rate=1.00, collisions/ep=0.00
Solved-check at update 20: solved=True worst_gap=2.99 at p_x0=0.00 p_y0=1.00 (consecutive=0)
update=21 global_step=21504 SPS=917 ev=0.999 v_bias=-1.5 return=1009.8 length=80 success_rate=1.00 collisions/ep=0.00 (n=14)
update=22 global_step=22528 SPS=945 ev=0.999 v_bias=-2.3 return=1009.8 length=80 success_rate=1.00 collisions/ep=0.00 (n=12)
update=23 global_step=23552 SPS=971 ev=0.999 v_bias=-1.0 return=1010.4 length=83 success_rate=1.00 collisions/ep=0.00 (n=12)
update=24 global_step=24576 SPS=994 ev=0.999 v_bias=-0.5 return=1009.3 length=79 success_rate=1.00 collisions/ep=0.00 (n=12)
update=25 global_step=25600 SPS=1017 ev=0.999 v_bias=-0.1 return=1010.7 length=82 success_rate=1.00 collisions/ep=0.00 (n=14)
update=26 global_step=26624 SPS=1040 ev=0.999 v_bias=-0.1 return=1010.2 length=80 success_rate=1.00 collisions/ep=0.00 (n=11)
update=27 global_step=27648 SPS=1065 ev=0.999 v_bias=0.2 return=1010.7 length=82 success_rate=1.00 collisions/ep=0.00 (n=14)
update=28 global_step=28672 SPS=1089 ev=0.999 v_bias=0.7 return=1010.2 length=77 success_rate=1.00 collisions/ep=0.00 (n=14)
update=29 global_step=29696 SPS=1113 ev=0.999 v_bias=0.1 return=1010.6 length=77 success_rate=1.00 collisions/ep=0.00 (n=12)
update=30 global_step=30720 SPS=1136 ev=0.999 v_bias=0.9 return=1011.3 length=81 success_rate=1.00 collisions/ep=0.00 (n=13)
Evaluation at update 30: return=1011.71, length=78.05, success_rate=1.00, collisions/ep=0.00
Solved-check at update 30: solved=True worst_gap=2.00 at p_x0=0.00 p_y0=1.00 (consecutive=1)
Solved criterion held for 2 consecutive evals (tolerance=5.0) at global_step=30720.
update=31 global_step=31744 SPS=987 ev=0.999 v_bias=0.4 return=1010.8 length=80 success_rate=1.00 collisions/ep=0.00 (n=12)
update=32 global_step=32768 SPS=1008 ev=0.999 v_bias=-0.2 return=1011.2 length=80 success_rate=1.00 collisions/ep=0.00 (n=14)
update=33 global_step=33792 SPS=1028 ev=0.999 v_bias=0.8 return=1011.2 length=82 success_rate=1.00 collisions/ep=0.00 (n=12)
update=34 global_step=34816 SPS=1046 ev=0.999 v_bias=1.0 return=1011.0 length=79 success_rate=1.00 collisions/ep=0.00 (n=13)
update=35 global_step=35840 SPS=1064 ev=0.999 v_bias=0.3 return=1010.9 length=77 success_rate=1.00 collisions/ep=0.00 (n=13)
update=36 global_step=36864 SPS=1084 ev=0.999 v_bias=0.3 return=1011.4 length=80 success_rate=1.00 collisions/ep=0.00 (n=13)
update=37 global_step=37888 SPS=1102 ev=1.000 v_bias=0.2 return=1011.4 length=80 success_rate=1.00 collisions/ep=0.00 (n=14)
update=38 global_step=38912 SPS=1119 ev=1.000 v_bias=-0.3 return=1011.7 length=79 success_rate=1.00 collisions/ep=0.00 (n=12)
update=39 global_step=39936 SPS=1136 ev=1.000 v_bias=0.1 return=1011.8 length=81 success_rate=1.00 collisions/ep=0.00 (n=13)
update=40 global_step=40960 SPS=1153 ev=1.000 v_bias=-0.5 return=1011.4 length=79 success_rate=1.00 collisions/ep=0.00 (n=13)
Evaluation at update 40: return=1011.91, length=77.85, success_rate=1.00, collisions/ep=0.00
Solved-check at update 40: solved=True worst_gap=1.01 at p_x0=2.00 p_y0=-1.00 (consecutive=2)
update=41 global_step=41984 SPS=978 ev=1.000 v_bias=0.4 return=1011.9 length=81 success_rate=1.00 collisions/ep=0.00 (n=12)
update=42 global_step=43008 SPS=977 ev=1.000 v_bias=0.2 return=1011.3 length=78 success_rate=1.00 collisions/ep=0.00 (n=14)
update=43 global_step=44032 SPS=977 ev=1.000 v_bias=-0.2 return=1010.9 length=79 success_rate=1.00 collisions/ep=0.00 (n=11)
update=44 global_step=45056 SPS=977 ev=1.000 v_bias=-0.0 return=1011.4 length=79 success_rate=1.00 collisions/ep=0.00 (n=15)
update=45 global_step=46080 SPS=987 ev=1.000 v_bias=-0.0 return=1011.3 length=79 success_rate=1.00 collisions/ep=0.00 (n=11)
update=46 global_step=47104 SPS=1002 ev=1.000 v_bias=-0.2 return=1011.2 length=78 success_rate=1.00 collisions/ep=0.00 (n=14)
update=47 global_step=48128 SPS=1016 ev=1.000 v_bias=0.1 return=1011.6 length=80 success_rate=1.00 collisions/ep=0.00 (n=14)
update=48 global_step=49152 SPS=1029 ev=1.000 v_bias=-0.1 return=1011.0 length=77 success_rate=1.00 collisions/ep=0.00 (n=12)
update=49 global_step=50176 SPS=1042 ev=1.000 v_bias=-0.7 return=1012.0 length=81 success_rate=1.00 collisions/ep=0.00 (n=13)
update=50 global_step=51200 SPS=1054 ev=1.000 v_bias=-0.3 return=1011.6 length=79 success_rate=1.00 collisions/ep=0.00 (n=15)
Evaluation at update 50: return=1012.06, length=77.70, success_rate=1.00, collisions/ep=0.00
Solved-check at update 50: solved=True worst_gap=1.01 at p_x0=2.00 p_y0=-1.00 (consecutive=3)
update=51 global_step=52224 SPS=942 ev=1.000 v_bias=-0.5 return=1011.4 length=77 success_rate=1.00 collisions/ep=0.00 (n=10)
update=52 global_step=53248 SPS=954 ev=1.000 v_bias=-0.5 return=1011.8 length=79 success_rate=1.00 collisions/ep=0.00 (n=15)
update=53 global_step=54272 SPS=964 ev=1.000 v_bias=-0.0 return=1011.7 length=80 success_rate=1.00 collisions/ep=0.00 (n=12)
update=54 global_step=55296 SPS=965 ev=1.000 v_bias=-0.3 return=1011.4 length=77 success_rate=1.00 collisions/ep=0.00 (n=12)
update=55 global_step=56320 SPS=965 ev=1.000 v_bias=0.5 return=1012.0 length=80 success_rate=1.00 collisions/ep=0.00 (n=16)
update=56 global_step=57344 SPS=965 ev=1.000 v_bias=0.0 return=1011.4 length=78 success_rate=1.00 collisions/ep=0.00 (n=11)
update=57 global_step=58368 SPS=964 ev=1.000 v_bias=0.1 return=1011.8 length=79 success_rate=1.00 collisions/ep=0.00 (n=13)
update=58 global_step=59392 SPS=970 ev=1.000 v_bias=0.4 return=1011.6 length=79 success_rate=1.00 collisions/ep=0.00 (n=13)
update=59 global_step=60416 SPS=981 ev=1.000 v_bias=-0.0 return=1012.5 length=81 success_rate=1.00 collisions/ep=0.00 (n=12)
update=60 global_step=61440 SPS=992 ev=1.000 v_bias=0.4 return=1012.0 length=79 success_rate=1.00 collisions/ep=0.00 (n=15)
Evaluation at update 60: return=1012.16, length=77.60, success_rate=1.00, collisions/ep=0.00
Solved-check at update 60: solved=True worst_gap=1.01 at p_x0=2.00 p_y0=1.00 (consecutive=4)
update=61 global_step=62464 SPS=929 ev=1.000 v_bias=-0.0 return=1011.3 length=76 success_rate=1.00 collisions/ep=0.00 (n=10)
update=62 global_step=63488 SPS=938 ev=1.000 v_bias=-0.1 return=1012.5 length=81 success_rate=1.00 collisions/ep=0.00 (n=15)
update=63 global_step=64512 SPS=948 ev=1.000 v_bias=0.3 return=1011.5 length=79 success_rate=1.00 collisions/ep=0.00 (n=13)
update=64 global_step=65536 SPS=958 ev=1.000 v_bias=0.3 return=1012.3 length=81 success_rate=1.00 collisions/ep=0.00 (n=12)
update=65 global_step=66560 SPS=969 ev=1.000 v_bias=0.2 return=1012.2 length=81 success_rate=1.00 collisions/ep=0.00 (n=13)
update=66 global_step=67584 SPS=978 ev=1.000 v_bias=0.1 return=1012.0 length=80 success_rate=1.00 collisions/ep=0.00 (n=12)
update=67 global_step=68608 SPS=988 ev=1.000 v_bias=-0.6 return=1012.3 length=80 success_rate=1.00 collisions/ep=0.00 (n=14)
update=68 global_step=69632 SPS=997 ev=1.000 v_bias=-0.0 return=1012.5 length=81 success_rate=1.00 collisions/ep=0.00 (n=11)
update=69 global_step=70656 SPS=1007 ev=1.000 v_bias=-0.3 return=1011.7 length=78 success_rate=1.00 collisions/ep=0.00 (n=14)
update=70 global_step=71680 SPS=1016 ev=1.000 v_bias=-0.1 return=1012.1 length=79 success_rate=1.00 collisions/ep=0.00 (n=14)
Evaluation at update 70: return=1012.16, length=77.60, success_rate=1.00, collisions/ep=0.00
Solved-check at update 70: solved=True worst_gap=1.01 at p_x0=1.50 p_y0=-1.00 (consecutive=5)
update=71 global_step=72704 SPS=978 ev=1.000 v_bias=-0.1 return=1012.1 length=81 success_rate=1.00 collisions/ep=0.00 (n=11)
update=72 global_step=73728 SPS=987 ev=1.000 v_bias=-0.0 return=1012.2 length=81 success_rate=1.00 collisions/ep=0.00 (n=14)
update=73 global_step=74752 SPS=995 ev=1.000 v_bias=-0.1 return=1011.6 length=78 success_rate=1.00 collisions/ep=0.00 (n=12)
update=74 global_step=75776 SPS=1004 ev=1.000 v_bias=0.3 return=1012.2 length=80 success_rate=1.00 collisions/ep=0.00 (n=13)
update=75 global_step=76800 SPS=1013 ev=1.000 v_bias=0.2 return=1011.7 length=77 success_rate=1.00 collisions/ep=0.00 (n=14)
update=76 global_step=77824 SPS=1021 ev=1.000 v_bias=-0.2 return=1011.6 length=78 success_rate=1.00 collisions/ep=0.00 (n=11)
update=77 global_step=78848 SPS=1030 ev=1.000 v_bias=-0.3 return=1012.4 length=81 success_rate=1.00 collisions/ep=0.00 (n=14)
update=78 global_step=79872 SPS=1038 ev=1.000 v_bias=0.1 return=1012.2 length=80 success_rate=1.00 collisions/ep=0.00 (n=14)
update=79 global_step=80896 SPS=1045 ev=1.000 v_bias=0.6 return=1011.8 length=79 success_rate=1.00 collisions/ep=0.00 (n=12)
update=80 global_step=81920 SPS=1053 ev=1.000 v_bias=-0.0 return=1011.8 length=78 success_rate=1.00 collisions/ep=0.00 (n=13)
Evaluation at update 80: return=1012.26, length=77.50, success_rate=1.00, collisions/ep=0.00
Solved-check at update 80: solved=True worst_gap=1.01 at p_x0=1.50 p_y0=-1.00 (consecutive=6)
update=81 global_step=82944 SPS=1017 ev=1.000 v_bias=-0.1 return=1011.9 length=79 success_rate=1.00 collisions/ep=0.00 (n=13)
update=82 global_step=83968 SPS=1025 ev=1.000 v_bias=-0.3 return=1011.8 length=78 success_rate=1.00 collisions/ep=0.00 (n=14)
update=83 global_step=84992 SPS=1033 ev=1.000 v_bias=-0.1 return=1012.2 length=79 success_rate=1.00 collisions/ep=0.00 (n=12)
update=84 global_step=86016 SPS=1040 ev=1.000 v_bias=-0.2 return=1011.7 length=77 success_rate=1.00 collisions/ep=0.00 (n=14)
update=85 global_step=87040 SPS=1047 ev=1.000 v_bias=0.4 return=1011.9 length=80 success_rate=1.00 collisions/ep=0.00 (n=12)
update=86 global_step=88064 SPS=1055 ev=1.000 v_bias=-0.2 return=1012.2 length=79 success_rate=1.00 collisions/ep=0.00 (n=13)
update=87 global_step=89088 SPS=1062 ev=1.000 v_bias=0.3 return=1012.1 length=80 success_rate=1.00 collisions/ep=0.00 (n=13)
update=88 global_step=90112 SPS=1070 ev=1.000 v_bias=0.1 return=1011.8 length=78 success_rate=1.00 collisions/ep=0.00 (n=14)
update=89 global_step=91136 SPS=1077 ev=1.000 v_bias=-0.1 return=1012.7 length=82 success_rate=1.00 collisions/ep=0.00 (n=12)
update=90 global_step=92160 SPS=1084 ev=1.000 v_bias=0.2 return=1012.1 length=79 success_rate=1.00 collisions/ep=0.00 (n=13)
Evaluation at update 90: return=1012.41, length=77.35, success_rate=1.00, collisions/ep=0.00
Solved-check at update 90: solved=True worst_gap=1.01 at p_x0=1.50 p_y0=-1.00 (consecutive=7)
update=91 global_step=93184 SPS=1043 ev=1.000 v_bias=-0.3 return=1011.9 length=78 success_rate=1.00 collisions/ep=0.00 (n=13)
update=92 global_step=94208 SPS=1050 ev=1.000 v_bias=-0.0 return=1012.5 length=81 success_rate=1.00 collisions/ep=0.00 (n=12)
update=93 global_step=95232 SPS=1056 ev=1.000 v_bias=-0.1 return=1011.9 length=78 success_rate=1.00 collisions/ep=0.00 (n=14)
update=94 global_step=96256 SPS=1063 ev=1.000 v_bias=-0.3 return=1011.8 length=78 success_rate=1.00 collisions/ep=0.00 (n=13)
update=95 global_step=97280 SPS=1070 ev=1.000 v_bias=-0.4 return=1012.4 length=79 success_rate=1.00 collisions/ep=0.00 (n=13)
update=96 global_step=98304 SPS=1077 ev=1.000 v_bias=-0.2 return=1011.8 length=77 success_rate=1.00 collisions/ep=0.00 (n=14)
update=97 global_step=99328 SPS=1083 ev=1.000 v_bias=-0.2 return=1012.3 length=80 success_rate=1.00 collisions/ep=0.00 (n=11)
update=98 global_step=100352 SPS=1090 ev=1.000 v_bias=-0.1 return=1012.0 length=77 success_rate=1.00 collisions/ep=0.00 (n=15)
update=99 global_step=101376 SPS=1097 ev=1.000 v_bias=0.2 return=1012.0 length=78 success_rate=1.00 collisions/ep=0.00 (n=12)
update=100 global_step=102400 SPS=1104 ev=1.000 v_bias=0.3 return=1012.0 length=79 success_rate=1.00 collisions/ep=0.00 (n=13)
Evaluation at update 100: return=1012.41, length=77.35, success_rate=1.00, collisions/ep=0.00
Solved-check at update 100: solved=True worst_gap=1.01 at p_x0=1.50 p_y0=-1.00 (consecutive=8)
update=101 global_step=103424 SPS=1035 ev=1.000 v_bias=0.2 return=1012.4 length=80 success_rate=1.00 collisions/ep=0.00 (n=13)
update=102 global_step=104448 SPS=1033 ev=1.000 v_bias=0.0 return=1012.3 length=80 success_rate=1.00 collisions/ep=0.00 (n=13)
update=103 global_step=105472 SPS=1033 ev=1.000 v_bias=-0.2 return=1012.4 length=80 success_rate=1.00 collisions/ep=0.00 (n=13)
update=104 global_step=106496 SPS=1032 ev=1.000 v_bias=-0.3 return=1012.4 length=79 success_rate=1.00 collisions/ep=0.00 (n=13)
update=105 global_step=107520 SPS=1032 ev=1.000 v_bias=-0.1 return=1011.9 length=78 success_rate=1.00 collisions/ep=0.00 (n=14)
update=106 global_step=108544 SPS=1031 ev=1.000 v_bias=0.1 return=1011.9 length=78 success_rate=1.00 collisions/ep=0.00 (n=12)
update=107 global_step=109568 SPS=1029 ev=1.000 v_bias=0.3 return=1012.3 length=80 success_rate=1.00 collisions/ep=0.00 (n=13)
update=108 global_step=110592 SPS=1029 ev=1.000 v_bias=0.1 return=1012.3 length=80 success_rate=1.00 collisions/ep=0.00 (n=12)
update=109 global_step=111616 SPS=1028 ev=1.000 v_bias=-0.3 return=1011.9 length=77 success_rate=1.00 collisions/ep=0.00 (n=14)
update=110 global_step=112640 SPS=1028 ev=1.000 v_bias=-0.2 return=1012.1 length=78 success_rate=1.00 collisions/ep=0.00 (n=13)
Evaluation at update 110: return=1012.41, length=77.35, success_rate=1.00, collisions/ep=0.00
Solved-check at update 110: solved=True worst_gap=1.01 at p_x0=1.00 p_y0=-1.00 (consecutive=9)
update=111 global_step=113664 SPS=968 ev=1.000 v_bias=-0.1 return=1012.1 length=78 success_rate=1.00 collisions/ep=0.00 (n=13)
update=112 global_step=114688 SPS=967 ev=1.000 v_bias=0.1 return=1012.1 length=79 success_rate=1.00 collisions/ep=0.00 (n=14)
update=113 global_step=115712 SPS=972 ev=1.000 v_bias=0.1 return=1012.2 length=78 success_rate=1.00 collisions/ep=0.00 (n=11)
update=114 global_step=116736 SPS=977 ev=1.000 v_bias=-0.2 return=1012.5 length=79 success_rate=1.00 collisions/ep=0.00 (n=15)
update=115 global_step=117760 SPS=982 ev=1.000 v_bias=-0.2 return=1012.3 length=79 success_rate=1.00 collisions/ep=0.00 (n=12)
update=116 global_step=118784 SPS=988 ev=1.000 v_bias=0.2 return=1012.4 length=80 success_rate=1.00 collisions/ep=0.00 (n=13)
update=117 global_step=119808 SPS=993 ev=1.000 v_bias=-0.1 return=1012.4 length=80 success_rate=1.00 collisions/ep=0.00 (n=13)
update=118 global_step=120832 SPS=999 ev=1.000 v_bias=-0.0 return=1012.3 length=79 success_rate=1.00 collisions/ep=0.00 (n=12)
update=119 global_step=121856 SPS=1004 ev=1.000 v_bias=-0.3 return=1012.3 length=79 success_rate=1.00 collisions/ep=0.00 (n=15)
update=120 global_step=122880 SPS=1009 ev=1.000 v_bias=-0.2 return=1012.6 length=81 success_rate=1.00 collisions/ep=0.00 (n=11)
Evaluation at update 120: return=1012.46, length=77.30, success_rate=1.00, collisions/ep=0.00
Solved-check at update 120: solved=True worst_gap=1.00 at p_x0=0.50 p_y0=-1.00 (consecutive=10)
update=121 global_step=123904 SPS=958 ev=1.000 v_bias=-0.0 return=1012.0 length=78 success_rate=1.00 collisions/ep=0.00 (n=13)
update=122 global_step=124928 SPS=958 ev=1.000 v_bias=-0.6 return=1012.1 length=77 success_rate=1.00 collisions/ep=0.00 (n=14)
update=123 global_step=125952 SPS=958 ev=1.000 v_bias=-0.0 return=1012.0 length=78 success_rate=1.00 collisions/ep=0.00 (n=13)
update=124 global_step=126976 SPS=958 ev=1.000 v_bias=-0.3 return=1012.1 length=78 success_rate=1.00 collisions/ep=0.00 (n=13)
update=125 global_step=128000 SPS=958 ev=1.000 v_bias=-0.1 return=1012.6 length=80 success_rate=1.00 collisions/ep=0.00 (n=13)
update=126 global_step=129024 SPS=958 ev=1.000 v_bias=0.3 return=1011.8 length=78 success_rate=1.00 collisions/ep=0.00 (n=12)
update=127 global_step=130048 SPS=957 ev=1.000 v_bias=-0.4 return=1012.8 length=80 success_rate=1.00 collisions/ep=0.00 (n=13)
update=128 global_step=131072 SPS=957 ev=1.000 v_bias=-0.2 return=1012.4 length=79 success_rate=1.00 collisions/ep=0.00 (n=14)
update=129 global_step=132096 SPS=957 ev=1.000 v_bias=-0.2 return=1012.4 length=79 success_rate=1.00 collisions/ep=0.00 (n=11)
update=130 global_step=133120 SPS=962 ev=1.000 v_bias=-0.1 return=1012.5 length=80 success_rate=1.00 collisions/ep=0.00 (n=15)
Evaluation at update 130: return=1012.41, length=77.35, success_rate=1.00, collisions/ep=0.00
Solved-check at update 130: solved=True worst_gap=1.01 at p_x0=1.00 p_y0=-1.00 (consecutive=11)
update=131 global_step=134144 SPS=938 ev=1.000 v_bias=0.3 return=1012.2 length=79 success_rate=1.00 collisions/ep=0.00 (n=13)
update=132 global_step=135168 SPS=943 ev=1.000 v_bias=0.2 return=1012.6 length=80 success_rate=1.00 collisions/ep=0.00 (n=12)
update=133 global_step=136192 SPS=948 ev=1.000 v_bias=-0.0 return=1012.5 length=79 success_rate=1.00 collisions/ep=0.00 (n=13)
update=134 global_step=137216 SPS=953 ev=1.000 v_bias=0.3 return=1012.2 length=79 success_rate=1.00 collisions/ep=0.00 (n=13)
update=135 global_step=138240 SPS=956 ev=1.000 v_bias=-0.3 return=1012.0 length=77 success_rate=1.00 collisions/ep=0.00 (n=14)
update=136 global_step=139264 SPS=961 ev=1.000 v_bias=0.1 return=1011.9 length=77 success_rate=1.00 collisions/ep=0.00 (n=12)
update=137 global_step=140288 SPS=966 ev=1.000 v_bias=0.2 return=1012.0 length=78 success_rate=1.00 collisions/ep=0.00 (n=13)
update=138 global_step=141312 SPS=970 ev=1.000 v_bias=0.2 return=1012.2 length=79 success_rate=1.00 collisions/ep=0.00 (n=14)
update=139 global_step=142336 SPS=975 ev=1.000 v_bias=-0.0 return=1012.3 length=79 success_rate=1.00 collisions/ep=0.00 (n=13)
update=140 global_step=143360 SPS=979 ev=1.000 v_bias=0.2 return=1011.9 length=77 success_rate=1.00 collisions/ep=0.00 (n=13)
Evaluation at update 140: return=1012.41, length=77.35, success_rate=1.00, collisions/ep=0.00
Solved-check at update 140: solved=True worst_gap=1.01 at p_x0=1.00 p_y0=-1.00 (consecutive=12)
update=141 global_step=144384 SPS=939 ev=1.000 v_bias=-0.2 return=1012.1 length=77 success_rate=1.00 collisions/ep=0.00 (n=12)
update=142 global_step=145408 SPS=939 ev=1.000 v_bias=0.0 return=1012.4 length=80 success_rate=1.00 collisions/ep=0.00 (n=14)
update=143 global_step=146432 SPS=939 ev=1.000 v_bias=0.1 return=1012.0 length=77 success_rate=1.00 collisions/ep=0.00 (n=14)
update=144 global_step=147456 SPS=939 ev=1.000 v_bias=-0.0 return=1012.0 length=78 success_rate=1.00 collisions/ep=0.00 (n=12)
update=145 global_step=148480 SPS=939 ev=1.000 v_bias=-0.1 return=1012.7 length=81 success_rate=1.00 collisions/ep=0.00 (n=13)
update=146 global_step=149504 SPS=939 ev=1.000 v_bias=0.0 return=1011.7 length=76 success_rate=1.00 collisions/ep=0.00 (n=13)
update=147 global_step=150528 SPS=939 ev=1.000 v_bias=0.1 return=1012.3 length=80 success_rate=1.00 collisions/ep=0.00 (n=14)
update=148 global_step=151552 SPS=939 ev=1.000 v_bias=0.0 return=1012.0 length=78 success_rate=1.00 collisions/ep=0.00 (n=12)
update=149 global_step=152576 SPS=939 ev=1.000 v_bias=0.0 return=1012.2 length=79 success_rate=1.00 collisions/ep=0.00 (n=14)
update=150 global_step=153600 SPS=939 ev=1.000 v_bias=0.1 return=1011.9 length=78 success_rate=1.00 collisions/ep=0.00 (n=13)
Evaluation at update 150: return=1012.41, length=77.35, success_rate=1.00, collisions/ep=0.00
Solved-check at update 150: solved=True worst_gap=1.01 at p_x0=1.00 p_y0=-1.00 (consecutive=13)
update=151 global_step=154624 SPS=891 ev=1.000 v_bias=-0.2 return=1012.5 length=80 success_rate=1.00 collisions/ep=0.00 (n=13)
update=152 global_step=155648 SPS=892 ev=1.000 v_bias=-0.3 return=1012.4 length=78 success_rate=1.00 collisions/ep=0.00 (n=12)
update=153 global_step=156672 SPS=892 ev=1.000 v_bias=0.1 return=1011.8 length=77 success_rate=1.00 collisions/ep=0.00 (n=15)
update=154 global_step=157696 SPS=892 ev=1.000 v_bias=0.2 return=1012.2 length=78 success_rate=1.00 collisions/ep=0.00 (n=12)
update=155 global_step=158720 SPS=893 ev=1.000 v_bias=0.1 return=1011.9 length=78 success_rate=1.00 collisions/ep=0.00 (n=13)
update=156 global_step=159744 SPS=893 ev=1.000 v_bias=-0.1 return=1011.9 length=78 success_rate=1.00 collisions/ep=0.00 (n=14)
update=157 global_step=160768 SPS=894 ev=1.000 v_bias=0.0 return=1011.8 length=78 success_rate=1.00 collisions/ep=0.00 (n=11)
update=158 global_step=161792 SPS=894 ev=1.000 v_bias=-0.5 return=1012.1 length=77 success_rate=1.00 collisions/ep=0.00 (n=15)
update=159 global_step=162816 SPS=894 ev=1.000 v_bias=-0.3 return=1012.6 length=80 success_rate=1.00 collisions/ep=0.00 (n=12)
update=160 global_step=163840 SPS=896 ev=1.000 v_bias=0.1 return=1012.4 length=79 success_rate=1.00 collisions/ep=0.00 (n=13)
Evaluation at update 160: return=1012.41, length=77.35, success_rate=1.00, collisions/ep=0.00
Solved-check at update 160: solved=True worst_gap=1.01 at p_x0=1.00 p_y0=-1.00 (consecutive=14)
update=161 global_step=164864 SPS=873 ev=1.000 v_bias=0.1 return=1012.1 length=78 success_rate=1.00 collisions/ep=0.00 (n=14)
update=162 global_step=165888 SPS=877 ev=1.000 v_bias=0.2 return=1011.9 length=77 success_rate=1.00 collisions/ep=0.00 (n=11)
update=163 global_step=166912 SPS=880 ev=1.000 v_bias=0.0 return=1011.7 length=75 success_rate=1.00 collisions/ep=0.00 (n=15)
update=164 global_step=167936 SPS=884 ev=1.000 v_bias=-0.2 return=1012.2 length=78 success_rate=1.00 collisions/ep=0.00 (n=14)
update=165 global_step=168960 SPS=888 ev=1.000 v_bias=-0.1 return=1012.3 length=79 success_rate=1.00 collisions/ep=0.00 (n=11)
update=166 global_step=169984 SPS=891 ev=1.000 v_bias=0.1 return=1011.8 length=77 success_rate=1.00 collisions/ep=0.00 (n=14)
update=167 global_step=171008 SPS=895 ev=1.000 v_bias=0.4 return=1011.9 length=78 success_rate=1.00 collisions/ep=0.00 (n=14)
update=168 global_step=172032 SPS=898 ev=1.000 v_bias=0.3 return=1012.3 length=81 success_rate=1.00 collisions/ep=0.00 (n=12)
update=169 global_step=173056 SPS=902 ev=1.000 v_bias=-0.3 return=1012.4 length=79 success_rate=1.00 collisions/ep=0.00 (n=14)
update=170 global_step=174080 SPS=905 ev=1.000 v_bias=-0.1 return=1012.4 length=79 success_rate=1.00 collisions/ep=0.00 (n=12)
Evaluation at update 170: return=1012.46, length=77.30, success_rate=1.00, collisions/ep=0.00
Solved-check at update 170: solved=True worst_gap=1.01 at p_x0=1.00 p_y0=-1.00 (consecutive=15)
update=171 global_step=175104 SPS=885 ev=1.000 v_bias=0.2 return=1012.0 length=79 success_rate=1.00 collisions/ep=0.00 (n=13)
update=172 global_step=176128 SPS=888 ev=1.000 v_bias=0.1 return=1012.3 length=80 success_rate=1.00 collisions/ep=0.00 (n=15)
update=173 global_step=177152 SPS=892 ev=1.000 v_bias=-0.1 return=1011.9 length=78 success_rate=1.00 collisions/ep=0.00 (n=11)
update=174 global_step=178176 SPS=895 ev=1.000 v_bias=-0.2 return=1012.1 length=78 success_rate=1.00 collisions/ep=0.00 (n=13)
update=175 global_step=179200 SPS=899 ev=1.000 v_bias=0.1 return=1012.5 length=80 success_rate=1.00 collisions/ep=0.00 (n=12)
update=176 global_step=180224 SPS=902 ev=1.000 v_bias=-0.1 return=1012.0 length=78 success_rate=1.00 collisions/ep=0.00 (n=14)
update=177 global_step=181248 SPS=906 ev=1.000 v_bias=0.3 return=1011.8 length=78 success_rate=1.00 collisions/ep=0.00 (n=14)
update=178 global_step=182272 SPS=909 ev=1.000 v_bias=-0.3 return=1011.8 length=76 success_rate=1.00 collisions/ep=0.00 (n=12)
update=179 global_step=183296 SPS=912 ev=1.000 v_bias=-0.1 return=1012.0 length=77 success_rate=1.00 collisions/ep=0.00 (n=14)
update=180 global_step=184320 SPS=915 ev=1.000 v_bias=0.1 return=1012.1 length=78 success_rate=1.00 collisions/ep=0.00 (n=14)
Evaluation at update 180: return=1012.46, length=77.30, success_rate=1.00, collisions/ep=0.00
Solved-check at update 180: solved=True worst_gap=1.01 at p_x0=1.00 p_y0=-1.00 (consecutive=16)
update=181 global_step=185344 SPS=899 ev=1.000 v_bias=-0.1 return=1012.4 length=80 success_rate=1.00 collisions/ep=0.00 (n=11)
update=182 global_step=186368 SPS=902 ev=1.000 v_bias=-0.1 return=1012.3 length=79 success_rate=1.00 collisions/ep=0.00 (n=15)
update=183 global_step=187392 SPS=905 ev=1.000 v_bias=-0.2 return=1012.5 length=79 success_rate=1.00 collisions/ep=0.00 (n=12)
update=184 global_step=188416 SPS=908 ev=1.000 v_bias=0.2 return=1011.9 length=78 success_rate=1.00 collisions/ep=0.00 (n=13)
update=185 global_step=189440 SPS=912 ev=1.000 v_bias=-0.2 return=1012.4 length=79 success_rate=1.00 collisions/ep=0.00 (n=14)
update=186 global_step=190464 SPS=915 ev=1.000 v_bias=-0.2 return=1011.7 length=76 success_rate=1.00 collisions/ep=0.00 (n=12)
update=187 global_step=191488 SPS=918 ev=1.000 v_bias=0.2 return=1012.5 length=80 success_rate=1.00 collisions/ep=0.00 (n=14)
update=188 global_step=192512 SPS=922 ev=1.000 v_bias=-0.1 return=1012.1 length=78 success_rate=1.00 collisions/ep=0.00 (n=13)
update=189 global_step=193536 SPS=925 ev=1.000 v_bias=0.2 return=1012.6 length=81 success_rate=1.00 collisions/ep=0.00 (n=13)
update=190 global_step=194560 SPS=928 ev=1.000 v_bias=0.1 return=1012.3 length=78 success_rate=1.00 collisions/ep=0.00 (n=11)
Evaluation at update 190: return=1012.46, length=77.30, success_rate=1.00, collisions/ep=0.00
Solved-check at update 190: solved=True worst_gap=1.01 at p_x0=0.50 p_y0=-1.00 (consecutive=17)
update=191 global_step=195584 SPS=901 ev=1.000 v_bias=-0.2 return=1012.6 length=80 success_rate=1.00 collisions/ep=0.00 (n=14)
update=192 global_step=196608 SPS=901 ev=1.000 v_bias=-0.1 return=1012.2 length=78 success_rate=1.00 collisions/ep=0.00 (n=13)
update=193 global_step=197632 SPS=902 ev=1.000 v_bias=0.1 return=1012.2 length=79 success_rate=1.00 collisions/ep=0.00 (n=14)
update=194 global_step=198656 SPS=902 ev=1.000 v_bias=-0.2 return=1012.4 length=79 success_rate=1.00 collisions/ep=0.00 (n=13)
update=195 global_step=199680 SPS=902 ev=1.000 v_bias=0.0 return=1012.2 length=78 success_rate=1.00 collisions/ep=0.00 (n=12)
update=196 global_step=200704 SPS=902 ev=1.000 v_bias=0.1 return=1012.0 length=77 success_rate=1.00 collisions/ep=0.00 (n=13)
update=197 global_step=201728 SPS=903 ev=1.000 v_bias=-0.3 return=1012.5 length=79 success_rate=1.00 collisions/ep=0.00 (n=15)
update=198 global_step=202752 SPS=905 ev=1.000 v_bias=-0.1 return=1012.9 length=81 success_rate=1.00 collisions/ep=0.00 (n=10)
update=199 global_step=203776 SPS=908 ev=1.000 v_bias=0.1 return=1012.4 length=79 success_rate=1.00 collisions/ep=0.00 (n=14)
update=200 global_step=204800 SPS=911 ev=1.000 v_bias=-0.1 return=1012.1 length=77 success_rate=1.00 collisions/ep=0.00 (n=14)
Evaluation at update 200: return=1012.46, length=77.30, success_rate=1.00, collisions/ep=0.00
Solved-check at update 200: solved=True worst_gap=1.01 at p_x0=0.50 p_y0=-1.00 (consecutive=18)
Saved checkpoints to C:\Users\loren\Desktop\MASTER THESIS\5_CODE\scenarios\tunnel\studies\ppo\runs\ppo_tunnel_1_1791078811
