Using device: cpu
Solved-check: precomputed optimal returns for 25 fixed initial conditions (mean=1011.8, min=1007.0, max=1014.0); solved-tolerance=5.0
Goal box: +-1.800 m (1.5x segment-reachable; segment-reachable displacement = 1.200 m)
tube MPC: W disks of radii (p, v) [0. 0.], RPI s=0 alpha=0; Z radii (p, v) = [0. 0.]
  X0 (-) Z: p_x [-1.000, 11.000], p_y [-1.999, 1.999], ||v|| <= 1.200; V = U (-) KZ: ||u|| <= 2.500; K = [-7.613 -4.585] per axis
  4 obstacles, 132 binaries before fixing, max big-M 9.00; horizon N=10, stopping time 5 steps
num_envs=8 num_steps_per_env=256 batch_size=2048 num_updates=100 timesteps=204800
update=1 global_step=2048 SPS=118 m_ev=-0.004 m_v_bias=41.4 m_kl_max=0.0044 mpc_ms=8.3/215 cand=0.030 return=-194.5 length=200 success_rate=0.00 collisions/ep=0.00 (n=8)
update=2 global_step=4096 SPS=137 m_ev=-0.693 m_v_bias=24.2 m_kl_max=0.0129 mpc_ms=5.9/70 cand=0.008 return=-193.9 length=200 success_rate=0.00 collisions/ep=0.00 (n=8)
update=3 global_step=6144 SPS=147 m_ev=-0.213 m_v_bias=14.3 m_kl_max=0.0483 mpc_ms=5.6/90 cand=0.004 return=-190.4 length=200 success_rate=0.00 collisions/ep=0.00 (n=8)
update=4 global_step=8192 SPS=128 m_ev=-0.188 m_v_bias=4.4 m_kl_max=0.0402 mpc_ms=10.7/453 cand=0.007 return=-174.7 length=200 success_rate=0.00 collisions/ep=0.00 (n=16)
update=5 global_step=10240 SPS=120 m_ev=0.178 m_v_bias=1.6 m_kl_max=0.0465 mpc_ms=10.3/241 cand=0.007 return=-153.0 length=200 success_rate=0.00 collisions/ep=0.00 (n=8)
Evaluation at update 5: return=-142.48, length=200.00, success_rate=0.00, collisions/ep=0.00
Solved-check at update 5: solved=False worst_gap=1178.18 at p_x0=0.50 p_y0=1.00 (consecutive=0)
update=6 global_step=12288 SPS=65 m_ev=0.586 m_v_bias=-2.2 m_kl_max=0.0518 mpc_ms=11.2/142 cand=0.001 return=-144.2 length=200 success_rate=0.00 collisions/ep=0.00 (n=8)
update=7 global_step=14336 SPS=67 m_ev=0.836 m_v_bias=2.3 m_kl_max=0.0264 mpc_ms=12.4/317 cand=0.000 return=-142.2 length=200 success_rate=0.00 collisions/ep=0.00 (n=8)
update=8 global_step=16384 SPS=69 m_ev=0.946 m_v_bias=1.4 m_kl_max=0.0197 mpc_ms=10.7/98 cand=0.001 return=-141.7 length=200 success_rate=0.00 collisions/ep=0.00 (n=16)
update=9 global_step=18432 SPS=70 m_ev=0.914 m_v_bias=0.1 m_kl_max=0.0277 mpc_ms=13.4/154 cand=0.000 w_ax@goal=-1.64 return=-137.0 length=200 success_rate=0.00 collisions/ep=0.00 (n=8)
update=10 global_step=20480 SPS=71 m_ev=0.957 m_v_bias=1.2 m_kl_max=0.0342 mpc_ms=12.0/448 cand=0.005 return=-145.4 length=200 success_rate=0.00 collisions/ep=0.00 (n=8)
Evaluation at update 10: return=-143.87, length=200.00, success_rate=0.00, collisions/ep=0.00
Solved-check at update 10: solved=False worst_gap=1186.09 at p_x0=1.50 p_y0=1.00 (consecutive=0)
update=11 global_step=22528 SPS=54 m_ev=-0.030 m_v_bias=-34.8 m_kl_max=0.0047 mpc_ms=10.7/319 cand=0.000 w_ax@goal=-0.28 return=-71.8 length=199 success_rate=0.06 collisions/ep=0.00 (n=16)
update=12 global_step=24576 SPS=56 m_ev=-0.132 m_v_bias=6.5 m_kl_max=0.0192 mpc_ms=11.7/243 cand=0.000 return=-137.9 length=200 success_rate=0.00 collisions/ep=0.00 (n=8)
update=13 global_step=26624 SPS=58 m_ev=0.649 m_v_bias=6.7 m_kl_max=0.0044 mpc_ms=10.6/126 cand=0.001 return=-141.2 length=200 success_rate=0.00 collisions/ep=0.00 (n=8)
update=14 global_step=28672 SPS=60 m_ev=0.897 m_v_bias=3.3 m_kl_max=0.0215 mpc_ms=9.6/89 cand=0.000 w_ax@goal=-1.66 return=-142.3 length=200 success_rate=0.00 collisions/ep=0.00 (n=9)
update=15 global_step=30720 SPS=60 m_ev=-0.020 m_v_bias=-30.5 m_kl_max=0.0138 mpc_ms=13.0/122 cand=0.004 w_ax@goal=-0.78 return=-67.2 length=197 success_rate=0.07 collisions/ep=0.00 (n=15)
Evaluation at update 15: return=-140.89, length=200.00, success_rate=0.00, collisions/ep=0.00
Solved-check at update 15: solved=False worst_gap=1161.16 at p_x0=2.00 p_y0=0.00 (consecutive=0)
update=16 global_step=32768 SPS=54 m_ev=0.036 m_v_bias=-29.1 m_kl_max=0.0252 mpc_ms=13.4/241 cand=0.000 w_ax@goal=-0.61 return=-12.5 length=199 success_rate=0.12 collisions/ep=0.00 (n=8)
update=17 global_step=34816 SPS=55 m_ev=0.112 m_v_bias=-58.4 m_kl_max=0.0248 mpc_ms=12.4/192 cand=0.002 w_ax@goal=-0.43 return=184.1 length=184 success_rate=0.30 collisions/ep=0.00 (n=10)
update=18 global_step=36864 SPS=56 m_ev=0.224 m_v_bias=-49.6 m_kl_max=0.0225 mpc_ms=12.5/132 cand=0.000 w_ax@goal=-0.51 return=17.9 length=195 success_rate=0.14 collisions/ep=0.00 (n=14)
update=19 global_step=38912 SPS=56 m_ev=0.275 m_v_bias=-138.8 m_kl_max=0.0290 mpc_ms=14.4/405 cand=0.000 w_ax@goal=-0.10 return=619.7 length=162 success_rate=0.70 collisions/ep=0.00 (n=10)
update=20 global_step=40960 SPS=57 m_ev=0.492 m_v_bias=-43.2 m_kl_max=0.0213 mpc_ms=11.5/119 cand=0.000 w_ax@goal=-0.17 return=367.0 length=171 success_rate=0.46 collisions/ep=0.00 (n=13)
Evaluation at update 20: return=238.73, length=161.75, success_rate=0.35, collisions/ep=0.00
Solved-check at update 20: solved=False worst_gap=1191.07 at p_x0=2.00 p_y0=0.00 (consecutive=0)
update=21 global_step=43008 SPS=54 m_ev=0.702 m_v_bias=28.1 m_kl_max=0.0328 mpc_ms=11.6/264 cand=0.002 w_ax@goal=-0.46 return=248.1 length=180 success_rate=0.36 collisions/ep=0.00 (n=11)
update=22 global_step=45056 SPS=55 m_ev=0.685 m_v_bias=-34.6 m_kl_max=0.0124 mpc_ms=12.6/325 cand=0.001 w_ax@goal=+0.06 return=492.7 length=157 success_rate=0.58 collisions/ep=0.00 (n=12)
update=23 global_step=47104 SPS=55 m_ev=0.610 m_v_bias=-5.2 m_kl_max=0.0144 mpc_ms=13.8/438 cand=0.000 w_ax@goal=+0.01 return=492.6 length=166 success_rate=0.58 collisions/ep=0.00 (n=12)
update=24 global_step=49152 SPS=56 m_ev=0.823 m_v_bias=-63.8 m_kl_max=0.0177 mpc_ms=13.7/136 cand=0.000 w_ax@goal=+0.01 return=744.2 length=154 success_rate=0.81 collisions/ep=0.00 (n=16)
update=25 global_step=51200 SPS=56 m_ev=0.803 m_v_bias=-6.1 m_kl_max=0.0070 mpc_ms=13.5/146 cand=0.000 w_ax@goal=-0.14 return=553.8 length=163 success_rate=0.64 collisions/ep=0.00 (n=11)
Evaluation at update 25: return=298.75, length=154.80, success_rate=0.40, collisions/ep=0.00
Solved-check at update 25: solved=False worst_gap=1191.05 at p_x0=2.00 p_y0=0.00 (consecutive=0)
update=26 global_step=53248 SPS=53 m_ev=0.809 m_v_bias=-46.6 m_kl_max=0.0211 mpc_ms=13.6/98 cand=0.000 w_ax@goal=-0.03 return=834.4 length=134 success_rate=0.88 collisions/ep=0.00 (n=17)
update=27 global_step=55296 SPS=53 m_ev=0.848 m_v_bias=-6.7 m_kl_max=0.0126 mpc_ms=14.1/223 cand=0.000 w_ax@goal=-0.04 return=953.8 length=136 success_rate=1.00 collisions/ep=0.00 (n=14)
update=28 global_step=57344 SPS=53 m_ev=0.794 m_v_bias=-12.0 m_kl_max=0.0151 mpc_ms=14.8/281 cand=0.000 w_ax@goal=-0.05 return=816.2 length=136 success_rate=0.87 collisions/ep=0.00 (n=15)
update=29 global_step=59392 SPS=54 m_ev=0.792 m_v_bias=4.1 m_kl_max=0.0163 mpc_ms=14.1/316 cand=0.000 w_ax@goal=+0.02 return=818.1 length=136 success_rate=0.87 collisions/ep=0.00 (n=15)
update=30 global_step=61440 SPS=54 m_ev=0.860 m_v_bias=-26.1 m_kl_max=0.0167 mpc_ms=14.9/261 cand=0.000 w_ax@goal=-0.00 return=915.6 length=118 success_rate=0.94 collisions/ep=0.00 (n=18)
Evaluation at update 30: return=1007.21, length=82.95, success_rate=1.00, collisions/ep=0.00
Solved-check at update 30: solved=False worst_gap=14.26 at p_x0=1.50 p_y0=-1.00 (consecutive=0)
update=31 global_step=63488 SPS=52 m_ev=0.888 m_v_bias=-15.8 m_kl_max=0.0095 mpc_ms=15.5/398 cand=0.000 w_ax@goal=+0.01 return=979.3 length=112 success_rate=1.00 collisions/ep=0.00 (n=18)
update=32 global_step=65536 SPS=53 m_ev=0.925 m_v_bias=-21.0 m_kl_max=0.0113 mpc_ms=14.7/447 cand=0.000 w_ax@goal=-0.06 return=971.5 length=116 success_rate=1.00 collisions/ep=0.00 (n=19)
update=33 global_step=67584 SPS=53 m_ev=0.927 m_v_bias=-11.3 m_kl_max=0.0151 mpc_ms=15.0/102 cand=0.000 w_ax@goal=+0.02 return=987.3 length=102 success_rate=1.00 collisions/ep=0.00 (n=21)
update=34 global_step=69632 SPS=53 m_ev=0.943 m_v_bias=-11.4 m_kl_max=0.0149 mpc_ms=14.1/100 cand=0.000 w_ax@goal=-0.01 return=993.3 length=96 success_rate=1.00 collisions/ep=0.00 (n=20)
update=35 global_step=71680 SPS=54 m_ev=0.920 m_v_bias=16.3 m_kl_max=0.0092 mpc_ms=15.3/139 cand=0.000 w_ax@goal=+0.03 return=987.8 length=106 success_rate=1.00 collisions/ep=0.00 (n=19)
Evaluation at update 35: return=1008.16, length=82.05, success_rate=1.00, collisions/ep=0.00
Solved-check at update 35: solved=False worst_gap=5.15 at p_x0=2.00 p_y0=-1.00 (consecutive=0)
update=36 global_step=73728 SPS=52 m_ev=0.956 m_v_bias=-12.6 m_kl_max=0.0075 mpc_ms=14.4/131 cand=0.000 w_ax@goal=+0.03 return=989.1 length=104 success_rate=1.00 collisions/ep=0.00 (n=21)
update=37 global_step=75776 SPS=53 m_ev=0.888 m_v_bias=20.5 m_kl_max=0.0093 mpc_ms=15.4/113 cand=0.001 w_ax@goal=+0.04 return=994.5 length=97 success_rate=1.00 collisions/ep=0.00 (n=19)
update=38 global_step=77824 SPS=53 m_ev=0.952 m_v_bias=-2.1 m_kl_max=0.0137 mpc_ms=14.3/125 cand=0.000 w_ax@goal=-0.06 return=984.3 length=108 success_rate=1.00 collisions/ep=0.00 (n=20)
update=39 global_step=79872 SPS=53 m_ev=0.973 m_v_bias=-19.5 m_kl_max=0.0147 mpc_ms=14.0/360 cand=0.000 w_ax@goal=-0.02 return=994.7 length=96 success_rate=1.00 collisions/ep=0.00 (n=24)
update=40 global_step=81920 SPS=53 m_ev=0.941 m_v_bias=11.2 m_kl_max=0.0162 mpc_ms=14.8/146 cand=0.000 w_ax@goal=+0.05 return=990.6 length=98 success_rate=1.00 collisions/ep=0.00 (n=19)
Evaluation at update 40: return=1007.84, length=82.40, success_rate=1.00, collisions/ep=0.00
Solved-check at update 40: solved=False worst_gap=6.07 at p_x0=0.00 p_y0=-0.50 (consecutive=0)
update=41 global_step=83968 SPS=52 m_ev=0.978 m_v_bias=-14.2 m_kl_max=0.0054 mpc_ms=14.2/131 cand=0.000 w_ax@goal=+0.02 return=996.5 length=95 success_rate=1.00 collisions/ep=0.00 (n=23)
update=42 global_step=86016 SPS=53 m_ev=0.977 m_v_bias=2.8 m_kl_max=0.0068 mpc_ms=14.8/136 cand=0.000 w_ax@goal=-0.02 return=995.9 length=94 success_rate=1.00 collisions/ep=0.00 (n=21)
update=43 global_step=88064 SPS=53 m_ev=0.980 m_v_bias=-6.9 m_kl_max=0.0160 mpc_ms=15.3/99 cand=0.000 w_ax@goal=+0.02 return=999.2 length=92 success_rate=1.00 collisions/ep=0.00 (n=22)
update=44 global_step=90112 SPS=53 m_ev=0.987 m_v_bias=-6.3 m_kl_max=0.0074 mpc_ms=13.5/88 cand=0.000 w_ax@goal=-0.06 return=999.7 length=90 success_rate=1.00 collisions/ep=0.00 (n=24)
update=45 global_step=92160 SPS=53 m_ev=0.983 m_v_bias=1.0 m_kl_max=0.0282 mpc_ms=14.2/145 cand=0.000 w_ax@goal=-0.04 return=999.9 length=89 success_rate=1.00 collisions/ep=0.00 (n=24)
Evaluation at update 45: return=1008.75, length=81.50, success_rate=1.00, collisions/ep=0.00
Solved-check at update 45: solved=False worst_gap=5.05 at p_x0=0.00 p_y0=-0.50 (consecutive=0)
update=46 global_step=94208 SPS=52 m_ev=0.982 m_v_bias=-0.0 m_kl_max=0.0057 mpc_ms=14.5/138 cand=0.000 w_ax@goal=+0.01 return=1001.0 length=87 success_rate=1.00 collisions/ep=0.00 (n=23)
update=47 global_step=96256 SPS=52 m_ev=0.964 m_v_bias=6.1 m_kl_max=0.0104 mpc_ms=16.0/177 cand=0.000 w_ax@goal=+0.01 return=999.0 length=92 success_rate=1.00 collisions/ep=0.00 (n=21)
update=48 global_step=98304 SPS=53 m_ev=0.984 m_v_bias=-6.9 m_kl_max=0.0032 mpc_ms=14.5/96 cand=0.000 w_ax@goal=-0.00 return=998.7 length=93 success_rate=1.00 collisions/ep=0.00 (n=23)
update=49 global_step=100352 SPS=53 m_ev=0.977 m_v_bias=1.6 m_kl_max=0.0098 mpc_ms=14.3/285 cand=0.000 w_ax@goal=-0.04 return=1001.6 length=90 success_rate=1.00 collisions/ep=0.00 (n=21)
update=50 global_step=102400 SPS=53 m_ev=0.970 m_v_bias=0.1 m_kl_max=0.0230 mpc_ms=13.6/101 cand=0.000 w_ax@goal=+0.02 return=999.7 length=91 success_rate=1.00 collisions/ep=0.00 (n=23)
Evaluation at update 50: return=1008.90, length=81.35, success_rate=1.00, collisions/ep=0.00
Solved-check at update 50: solved=True worst_gap=4.06 at p_x0=0.00 p_y0=0.00 (consecutive=0)
update=51 global_step=104448 SPS=52 m_ev=0.972 m_v_bias=0.1 m_kl_max=0.0201 mpc_ms=14.6/137 cand=0.000 w_ax@goal=+0.04 return=998.5 length=93 success_rate=1.00 collisions/ep=0.00 (n=23)
update=52 global_step=106496 SPS=52 m_ev=0.970 m_v_bias=1.3 m_kl_max=0.0168 mpc_ms=15.2/170 cand=0.000 w_ax@goal=+0.01 return=999.3 length=94 success_rate=1.00 collisions/ep=0.00 (n=20)
update=53 global_step=108544 SPS=53 m_ev=0.980 m_v_bias=-3.3 m_kl_max=0.0100 mpc_ms=14.3/235 cand=0.000 w_ax@goal=+0.01 return=1000.8 length=90 success_rate=1.00 collisions/ep=0.00 (n=23)
update=54 global_step=110592 SPS=53 m_ev=0.986 m_v_bias=-5.8 m_kl_max=0.0072 mpc_ms=13.7/100 cand=0.000 w_ax@goal=+0.02 return=1001.4 length=90 success_rate=1.00 collisions/ep=0.00 (n=23)
update=55 global_step=112640 SPS=53 m_ev=0.955 m_v_bias=5.1 m_kl_max=0.0350 mpc_ms=14.7/199 cand=0.000 w_ax@goal=+0.02 return=1001.0 length=91 success_rate=1.00 collisions/ep=0.00 (n=23)
Evaluation at update 55: return=1009.36, length=80.90, success_rate=1.00, collisions/ep=0.00
Solved-check at update 55: solved=True worst_gap=4.04 at p_x0=0.00 p_y0=-0.50 (consecutive=1)
Solved criterion held for 2 consecutive evals (tolerance=5.0) at global_step=112640.
update=56 global_step=114688 SPS=52 m_ev=0.983 m_v_bias=-3.4 m_kl_max=0.0094 mpc_ms=14.8/111 cand=0.000 w_ax@goal=+0.06 return=1001.8 length=88 success_rate=1.00 collisions/ep=0.00 (n=24)
update=57 global_step=116736 SPS=52 m_ev=0.984 m_v_bias=-3.7 m_kl_max=0.0144 mpc_ms=14.5/119 cand=0.000 w_ax@goal=-0.04 return=1000.9 length=90 success_rate=1.00 collisions/ep=0.00 (n=24)
update=58 global_step=118784 SPS=53 m_ev=0.981 m_v_bias=-3.3 m_kl_max=0.0049 mpc_ms=14.2/106 cand=0.000 w_ax@goal=+0.04 return=1003.1 length=88 success_rate=1.00 collisions/ep=0.00 (n=23)
update=59 global_step=120832 SPS=53 m_ev=0.986 m_v_bias=1.6 m_kl_max=0.0089 mpc_ms=13.7/102 cand=0.000 w_ax@goal=+0.01 return=1002.9 length=88 success_rate=1.00 collisions/ep=0.00 (n=23)
update=60 global_step=122880 SPS=53 m_ev=0.988 m_v_bias=1.5 m_kl_max=0.0120 mpc_ms=14.7/116 cand=0.000 w_ax@goal=+0.02 return=1002.0 length=88 success_rate=1.00 collisions/ep=0.00 (n=23)
Evaluation at update 60: return=1009.51, length=80.75, success_rate=1.00, collisions/ep=0.00
Solved-check at update 60: solved=False worst_gap=5.14 at p_x0=2.00 p_y0=-1.00 (consecutive=2)
update=61 global_step=124928 SPS=52 m_ev=0.992 m_v_bias=-5.2 m_kl_max=0.0105 mpc_ms=15.1/123 cand=0.000 w_ax@goal=+0.02 return=1003.5 length=88 success_rate=1.00 collisions/ep=0.00 (n=22)
update=62 global_step=126976 SPS=52 m_ev=0.979 m_v_bias=2.9 m_kl_max=0.0080 mpc_ms=14.2/246 cand=0.000 w_ax@goal=-0.09 return=1002.1 length=90 success_rate=1.00 collisions/ep=0.00 (n=23)
update=63 global_step=129024 SPS=53 m_ev=0.988 m_v_bias=1.9 m_kl_max=0.0023 mpc_ms=14.3/266 cand=0.000 w_ax@goal=-0.02 return=1001.5 length=90 success_rate=1.00 collisions/ep=0.00 (n=24)
update=64 global_step=131072 SPS=53 m_ev=0.962 m_v_bias=-0.5 m_kl_max=0.0064 mpc_ms=13.8/90 cand=0.000 w_ax@goal=+0.01 return=1002.5 length=87 success_rate=1.00 collisions/ep=0.00 (n=23)
update=65 global_step=133120 SPS=53 m_ev=0.987 m_v_bias=-4.0 m_kl_max=0.0194 mpc_ms=14.1/194 cand=0.000 w_ax@goal=-0.05 return=1002.8 length=89 success_rate=1.00 collisions/ep=0.00 (n=22)
Evaluation at update 65: return=1009.56, length=80.70, success_rate=1.00, collisions/ep=0.00
Solved-check at update 65: solved=True worst_gap=4.03 at p_x0=0.00 p_y0=-0.50 (consecutive=0)
update=66 global_step=135168 SPS=52 m_ev=0.984 m_v_bias=-1.3 m_kl_max=0.0040 mpc_ms=14.9/110 cand=0.000 w_ax@goal=-0.03 return=1001.5 length=89 success_rate=1.00 collisions/ep=0.00 (n=23)
update=67 global_step=137216 SPS=52 m_ev=0.984 m_v_bias=0.8 m_kl_max=0.0049 mpc_ms=14.8/376 cand=0.000 w_ax@goal=+0.04 return=1003.6 length=86 success_rate=1.00 collisions/ep=0.00 (n=24)
update=68 global_step=139264 SPS=53 m_ev=0.995 m_v_bias=-5.1 m_kl_max=0.0090 mpc_ms=14.1/103 cand=0.000 w_ax@goal=-0.02 return=1004.4 length=86 success_rate=1.00 collisions/ep=0.00 (n=25)
update=69 global_step=141312 SPS=53 m_ev=0.991 m_v_bias=4.6 m_kl_max=0.0160 mpc_ms=14.3/114 cand=0.000 w_ax@goal=+0.02 return=1003.1 length=89 success_rate=1.00 collisions/ep=0.00 (n=23)
update=70 global_step=143360 SPS=53 m_ev=0.991 m_v_bias=-1.2 m_kl_max=0.0072 mpc_ms=14.8/92 cand=0.000 w_ax@goal=-0.03 return=1003.6 length=88 success_rate=1.00 collisions/ep=0.00 (n=23)
Evaluation at update 70: return=1009.62, length=80.65, success_rate=1.00, collisions/ep=0.00
Solved-check at update 70: solved=False worst_gap=5.13 at p_x0=2.00 p_y0=-1.00 (consecutive=1)
update=71 global_step=145408 SPS=52 m_ev=0.994 m_v_bias=-4.5 m_kl_max=0.0137 mpc_ms=13.7/210 cand=0.000 w_ax@goal=+0.01 return=1005.8 length=86 success_rate=1.00 collisions/ep=0.00 (n=23)
update=72 global_step=147456 SPS=52 m_ev=0.945 m_v_bias=6.8 m_kl_max=0.0219 mpc_ms=14.6/101 cand=0.000 w_ax@goal=-0.02 return=1000.5 length=90 success_rate=1.00 collisions/ep=0.00 (n=22)
update=73 global_step=149504 SPS=53 m_ev=0.978 m_v_bias=2.5 m_kl_max=0.0204 mpc_ms=14.2/165 cand=0.000 w_ax@goal=-0.02 return=1004.8 length=88 success_rate=1.00 collisions/ep=0.00 (n=24)
update=74 global_step=151552 SPS=53 m_ev=0.979 m_v_bias=1.9 m_kl_max=0.0123 mpc_ms=14.8/119 cand=0.000 w_ax@goal=+0.00 return=1001.2 length=89 success_rate=1.00 collisions/ep=0.00 (n=23)
update=75 global_step=153600 SPS=53 m_ev=0.994 m_v_bias=-7.5 m_kl_max=0.0168 mpc_ms=13.0/93 cand=0.000 w_ax@goal=-0.03 return=1004.9 length=84 success_rate=1.00 collisions/ep=0.00 (n=26)
Evaluation at update 75: return=1009.97, length=80.30, success_rate=1.00, collisions/ep=0.00
Solved-check at update 75: solved=True worst_gap=3.04 at p_x0=0.00 p_y0=0.00 (consecutive=0)
update=76 global_step=155648 SPS=52 m_ev=0.984 m_v_bias=5.5 m_kl_max=0.0147 mpc_ms=14.9/335 cand=0.000 w_ax@goal=-0.03 return=1003.2 length=88 success_rate=1.00 collisions/ep=0.00 (n=23)
update=77 global_step=157696 SPS=52 m_ev=0.990 m_v_bias=-0.6 m_kl_max=0.0103 mpc_ms=13.9/378 cand=0.000 w_ax@goal=+0.02 return=1005.2 length=86 success_rate=1.00 collisions/ep=0.00 (n=23)
update=78 global_step=159744 SPS=53 m_ev=0.988 m_v_bias=-2.8 m_kl_max=0.0028 mpc_ms=14.7/130 cand=0.000 w_ax@goal=-0.03 return=1004.9 length=86 success_rate=1.00 collisions/ep=0.00 (n=23)
update=79 global_step=161792 SPS=53 m_ev=0.989 m_v_bias=-0.6 m_kl_max=0.0032 mpc_ms=15.2/113 cand=0.000 w_ax@goal=+0.01 return=1004.3 length=88 success_rate=1.00 collisions/ep=0.00 (n=24)
update=80 global_step=163840 SPS=53 m_ev=0.985 m_v_bias=1.1 m_kl_max=0.0300 mpc_ms=13.7/99 cand=0.000 w_ax@goal=+0.05 return=1006.2 length=85 success_rate=1.00 collisions/ep=0.00 (n=25)
Evaluation at update 80: return=1010.17, length=80.10, success_rate=1.00, collisions/ep=0.00
Solved-check at update 80: solved=False worst_gap=5.14 at p_x0=2.00 p_y0=-1.00 (consecutive=1)
update=81 global_step=165888 SPS=52 m_ev=0.984 m_v_bias=0.5 m_kl_max=0.0075 mpc_ms=14.8/337 cand=0.000 w_ax@goal=-0.00 return=1004.4 length=85 success_rate=1.00 collisions/ep=0.00 (n=24)
update=82 global_step=167936 SPS=52 m_ev=0.991 m_v_bias=-3.3 m_kl_max=0.0300 mpc_ms=14.0/120 cand=0.000 w_ax@goal=+0.00 return=1004.9 length=87 success_rate=1.00 collisions/ep=0.00 (n=23)
update=83 global_step=169984 SPS=53 m_ev=0.994 m_v_bias=-1.3 m_kl_max=0.0131 mpc_ms=14.3/139 cand=0.000 w_ax@goal=-0.03 return=1005.8 length=86 success_rate=1.00 collisions/ep=0.00 (n=25)
update=84 global_step=172032 SPS=53 m_ev=0.985 m_v_bias=5.8 m_kl_max=0.0011 mpc_ms=14.5/114 cand=0.000 w_ax@goal=+0.03 return=1004.2 length=88 success_rate=1.00 collisions/ep=0.00 (n=23)
update=85 global_step=174080 SPS=53 m_ev=0.989 m_v_bias=1.0 m_kl_max=0.0088 mpc_ms=14.4/96 cand=0.000 w_ax@goal=+0.00 return=1005.0 length=86 success_rate=1.00 collisions/ep=0.00 (n=23)
Evaluation at update 85: return=1010.47, length=79.80, success_rate=1.00, collisions/ep=0.00
Solved-check at update 85: solved=True worst_gap=2.11 at p_x0=2.00 p_y0=-1.00 (consecutive=0)
update=86 global_step=176128 SPS=52 m_ev=0.977 m_v_bias=4.7 m_kl_max=0.0037 mpc_ms=14.9/99 cand=0.000 w_ax@goal=+0.05 return=1001.9 length=89 success_rate=1.00 collisions/ep=0.00 (n=24)
update=87 global_step=178176 SPS=52 m_ev=0.981 m_v_bias=-7.8 m_kl_max=0.0085 mpc_ms=14.5/132 cand=0.000 w_ax@goal=-0.02 return=1004.0 length=87 success_rate=1.00 collisions/ep=0.00 (n=22)
update=88 global_step=180224 SPS=53 m_ev=0.992 m_v_bias=-3.3 m_kl_max=0.0081 mpc_ms=14.8/142 cand=0.000 w_ax@goal=-0.04 return=1005.1 length=86 success_rate=1.00 collisions/ep=0.00 (n=24)
update=89 global_step=182272 SPS=53 m_ev=0.995 m_v_bias=-0.9 m_kl_max=0.0048 mpc_ms=13.7/88 cand=0.000 w_ax@goal=-0.02 return=1005.8 length=86 success_rate=1.00 collisions/ep=0.00 (n=25)
update=90 global_step=184320 SPS=53 m_ev=0.991 m_v_bias=1.8 m_kl_max=0.0083 mpc_ms=14.1/119 cand=0.000 w_ax@goal=+0.01 return=1005.6 length=84 success_rate=1.00 collisions/ep=0.00 (n=25)
Evaluation at update 90: return=1010.42, length=79.85, success_rate=1.00, collisions/ep=0.00
Solved-check at update 90: solved=True worst_gap=3.03 at p_x0=0.00 p_y0=-0.50 (consecutive=1)
update=91 global_step=186368 SPS=52 m_ev=0.992 m_v_bias=-3.4 m_kl_max=0.0036 mpc_ms=14.0/97 cand=0.000 w_ax@goal=+0.01 return=1005.9 length=84 success_rate=1.00 collisions/ep=0.00 (n=24)
update=92 global_step=188416 SPS=52 m_ev=0.997 m_v_bias=-4.5 m_kl_max=0.0173 mpc_ms=14.1/103 cand=0.000 w_ax@goal=+0.01 return=1006.9 length=84 success_rate=1.00 collisions/ep=0.00 (n=24)
update=93 global_step=190464 SPS=53 m_ev=0.991 m_v_bias=1.2 m_kl_max=0.0119 mpc_ms=14.3/149 cand=0.000 w_ax@goal=-0.00 return=1005.9 length=85 success_rate=1.00 collisions/ep=0.00 (n=24)
update=94 global_step=192512 SPS=53 m_ev=0.982 m_v_bias=5.5 m_kl_max=0.0181 mpc_ms=15.3/344 cand=0.000 w_ax@goal=+0.02 return=1003.4 length=87 success_rate=1.00 collisions/ep=0.00 (n=24)
update=95 global_step=194560 SPS=53 m_ev=0.988 m_v_bias=-2.4 m_kl_max=0.0091 mpc_ms=14.0/97 cand=0.000 w_ax@goal=-0.03 return=1005.3 length=84 success_rate=1.00 collisions/ep=0.00 (n=24)
Evaluation at update 95: return=1010.52, length=79.75, success_rate=1.00, collisions/ep=0.00
Solved-check at update 95: solved=True worst_gap=3.03 at p_x0=0.00 p_y0=-0.50 (consecutive=2)
update=96 global_step=196608 SPS=52 m_ev=0.993 m_v_bias=-1.9 m_kl_max=0.0150 mpc_ms=14.3/307 cand=0.000 w_ax@goal=-0.01 return=1006.2 length=84 success_rate=1.00 collisions/ep=0.00 (n=24)
update=97 global_step=198656 SPS=52 m_ev=0.996 m_v_bias=-4.2 m_kl_max=0.0103 mpc_ms=13.9/133 cand=0.000 w_ax@goal=-0.00 return=1007.9 length=82 success_rate=1.00 collisions/ep=0.00 (n=25)
update=98 global_step=200704 SPS=53 m_ev=0.975 m_v_bias=6.0 m_kl_max=0.0130 mpc_ms=14.8/227 cand=0.000 w_ax@goal=-0.04 return=1005.5 length=85 success_rate=1.00 collisions/ep=0.00 (n=24)
update=99 global_step=202752 SPS=53 m_ev=0.979 m_v_bias=-2.8 m_kl_max=0.0114 mpc_ms=14.3/301 cand=0.000 w_ax@goal=+0.03 return=1003.4 length=86 success_rate=1.00 collisions/ep=0.00 (n=25)
update=100 global_step=204800 SPS=53 m_ev=0.994 m_v_bias=-5.1 m_kl_max=0.0060 mpc_ms=13.1/111 cand=0.000 w_ax@goal=-0.00 return=1006.8 length=86 success_rate=1.00 collisions/ep=0.00 (n=24)
Evaluation at update 100: return=1010.67, length=79.60, success_rate=1.00, collisions/ep=0.00
Solved-check at update 100: solved=True worst_gap=2.04 at p_x0=0.00 p_y0=0.00 (consecutive=3)
Saved checkpoints to C:\Users\loren\Desktop\MASTER THESIS\5_CODE\scenarios\slalom\studies\ppo_mpc\runs\ppo_mpc_slalom_10_1791087704
