Using device: cpu
Solved-check: precomputed optimal returns for 25 fixed initial conditions (mean=1011.8, min=1007.0, max=1014.0); solved-tolerance=5.0
Goal box: +-1.800 m (1.5x segment-reachable; segment-reachable displacement = 1.200 m)
tube MPC: W disks of radii (p, v) [0. 0.], RPI s=0 alpha=0; Z radii (p, v) = [0. 0.]
  X0 (-) Z: p_x [-1.000, 11.000], p_y [-1.999, 1.999], ||v|| <= 1.200; V = U (-) KZ: ||u|| <= 2.500; K = [-7.613 -4.585] per axis
  4 obstacles, 132 binaries before fixing, max big-M 9.00; horizon N=10, stopping time 5 steps
num_envs=8 num_steps_per_env=256 batch_size=2048 num_updates=100 timesteps=204800
update=1 global_step=2048 SPS=151 m_ev=0.002 m_v_bias=43.5 m_kl_max=0.0083 mpc_ms=6.4/55 cand=0.006 return=-204.0 length=200 success_rate=0.00 collisions/ep=0.00 (n=8)
update=2 global_step=4096 SPS=128 m_ev=-0.929 m_v_bias=23.5 m_kl_max=0.0266 mpc_ms=8.8/127 cand=0.029 return=-196.9 length=200 success_rate=0.00 collisions/ep=0.00 (n=8)
update=3 global_step=6144 SPS=119 m_ev=-0.117 m_v_bias=14.9 m_kl_max=0.0303 mpc_ms=9.2/110 cand=0.003 return=-172.7 length=200 success_rate=0.00 collisions/ep=0.00 (n=8)
update=4 global_step=8192 SPS=108 m_ev=-0.142 m_v_bias=4.0 m_kl_max=0.0477 mpc_ms=11.8/129 cand=0.005 return=-178.9 length=200 success_rate=0.00 collisions/ep=0.00 (n=16)
update=5 global_step=10240 SPS=97 m_ev=0.101 m_v_bias=3.2 m_kl_max=0.0917 mpc_ms=14.0/321 cand=0.011 return=-165.8 length=200 success_rate=0.00 collisions/ep=0.00 (n=8)
Evaluation at update 5: return=-141.26, length=200.00, success_rate=0.00, collisions/ep=0.00
Solved-check at update 5: solved=False worst_gap=1161.20 at p_x0=2.00 p_y0=0.50 (consecutive=0)
update=6 global_step=12288 SPS=57 m_ev=0.364 m_v_bias=-0.2 m_kl_max=0.0304 mpc_ms=12.0/357 cand=0.001 return=-153.3 length=200 success_rate=0.00 collisions/ep=0.00 (n=8)
update=7 global_step=14336 SPS=59 m_ev=0.778 m_v_bias=1.2 m_kl_max=0.0448 mpc_ms=13.9/412 cand=0.000 return=-151.2 length=200 success_rate=0.00 collisions/ep=0.00 (n=8)
update=8 global_step=16384 SPS=61 m_ev=0.908 m_v_bias=-0.0 m_kl_max=0.0299 mpc_ms=11.3/91 cand=0.000 return=-148.3 length=200 success_rate=0.00 collisions/ep=0.00 (n=16)
update=9 global_step=18432 SPS=62 m_ev=0.908 m_v_bias=0.3 m_kl_max=0.0322 mpc_ms=13.5/369 cand=0.003 w_ax@goal=-0.91 return=-143.9 length=200 success_rate=0.00 collisions/ep=0.00 (n=8)
update=10 global_step=20480 SPS=64 m_ev=0.955 m_v_bias=-0.5 m_kl_max=0.0180 mpc_ms=11.1/190 cand=0.001 w_ax@goal=-0.90 return=-138.2 length=200 success_rate=0.00 collisions/ep=0.00 (n=8)
Evaluation at update 10: return=-141.21, length=200.00, success_rate=0.00, collisions/ep=0.00
Solved-check at update 10: solved=False worst_gap=1161.18 at p_x0=2.00 p_y0=0.00 (consecutive=0)
update=11 global_step=22528 SPS=55 m_ev=-0.047 m_v_bias=-54.8 m_kl_max=0.0110 mpc_ms=10.7/106 cand=0.000 w_ax@goal=-0.27 return=-7.6 length=199 success_rate=0.12 collisions/ep=0.00 (n=16)
update=12 global_step=24576 SPS=56 m_ev=0.017 m_v_bias=-24.1 m_kl_max=0.0092 mpc_ms=12.1/93 cand=0.001 w_ax@goal=-0.12 return=-11.0 length=199 success_rate=0.12 collisions/ep=0.00 (n=8)
update=13 global_step=26624 SPS=58 m_ev=-5.444 m_v_bias=12.0 m_kl_max=0.0181 mpc_ms=10.3/124 cand=0.002 return=-141.8 length=200 success_rate=0.00 collisions/ep=0.00 (n=8)
update=14 global_step=28672 SPS=60 m_ev=0.097 m_v_bias=16.8 m_kl_max=0.0198 mpc_ms=11.0/96 cand=0.001 w_ax@goal=-0.49 return=-134.1 length=200 success_rate=0.00 collisions/ep=0.00 (n=9)
update=15 global_step=30720 SPS=61 m_ev=0.116 m_v_bias=5.1 m_kl_max=0.0078 mpc_ms=12.5/179 cand=0.000 w_ax@goal=-0.87 return=-68.5 length=199 success_rate=0.07 collisions/ep=0.00 (n=15)
Evaluation at update 15: return=-141.24, length=200.00, success_rate=0.00, collisions/ep=0.00
Solved-check at update 15: solved=False worst_gap=1161.17 at p_x0=2.00 p_y0=0.00 (consecutive=0)
update=16 global_step=32768 SPS=54 m_ev=-0.429 m_v_bias=9.3 m_kl_max=0.0105 mpc_ms=12.6/130 cand=0.000 w_ax@goal=-0.42 return=-136.4 length=200 success_rate=0.00 collisions/ep=0.00 (n=8)
update=17 global_step=34816 SPS=54 m_ev=0.006 m_v_bias=-123.8 m_kl_max=0.0223 mpc_ms=13.2/225 cand=0.001 w_ax@goal=-0.34 return=350.9 length=181 success_rate=0.45 collisions/ep=0.00 (n=11)
update=18 global_step=36864 SPS=55 m_ev=0.204 m_v_bias=-187.0 m_kl_max=0.0268 mpc_ms=14.1/362 cand=0.001 w_ax@goal=+0.13 return=634.5 length=162 success_rate=0.71 collisions/ep=0.00 (n=14)
update=19 global_step=38912 SPS=56 m_ev=0.511 m_v_bias=-77.0 m_kl_max=0.0170 mpc_ms=12.8/418 cand=0.000 w_ax@goal=-0.07 return=758.3 length=138 success_rate=0.81 collisions/ep=0.00 (n=16)
update=20 global_step=40960 SPS=57 m_ev=0.588 m_v_bias=26.6 m_kl_max=0.0082 mpc_ms=11.5/415 cand=0.000 w_ax@goal=-0.05 return=245.6 length=175 success_rate=0.36 collisions/ep=0.00 (n=11)
Evaluation at update 20: return=122.53, length=171.60, success_rate=0.25, collisions/ep=0.00
Solved-check at update 20: solved=False worst_gap=1191.06 at p_x0=2.00 p_y0=0.00 (consecutive=0)
update=21 global_step=43008 SPS=54 m_ev=0.794 m_v_bias=-44.0 m_kl_max=0.0180 mpc_ms=11.6/89 cand=0.000 w_ax@goal=+0.16 return=693.1 length=151 success_rate=0.77 collisions/ep=0.00 (n=13)
update=22 global_step=45056 SPS=55 m_ev=0.626 m_v_bias=10.2 m_kl_max=0.0085 mpc_ms=11.9/363 cand=0.000 w_ax@goal=-0.01 return=369.7 length=165 success_rate=0.46 collisions/ep=0.00 (n=13)
update=23 global_step=47104 SPS=55 m_ev=0.785 m_v_bias=5.6 m_kl_max=0.0089 mpc_ms=13.1/121 cand=0.000 w_ax@goal=-0.05 return=531.8 length=155 success_rate=0.62 collisions/ep=0.00 (n=13)
update=24 global_step=49152 SPS=56 m_ev=0.803 m_v_bias=-45.5 m_kl_max=0.0177 mpc_ms=13.6/354 cand=0.000 w_ax@goal=+0.09 return=648.7 length=144 success_rate=0.71 collisions/ep=0.00 (n=14)
update=25 global_step=51200 SPS=56 m_ev=0.721 m_v_bias=-27.1 m_kl_max=0.0103 mpc_ms=13.7/102 cand=0.000 w_ax@goal=-0.05 return=896.5 length=130 success_rate=0.94 collisions/ep=0.00 (n=16)
Evaluation at update 25: return=999.81, length=89.95, success_rate=1.00, collisions/ep=0.00
Solved-check at update 25: solved=False worst_gap=28.31 at p_x0=2.00 p_y0=-1.00 (consecutive=0)
update=26 global_step=53248 SPS=53 m_ev=0.801 m_v_bias=42.1 m_kl_max=0.0143 mpc_ms=13.7/289 cand=0.000 w_ax@goal=-0.10 return=772.4 length=138 success_rate=0.82 collisions/ep=0.00 (n=17)
update=27 global_step=55296 SPS=53 m_ev=0.827 m_v_bias=-29.8 m_kl_max=0.0119 mpc_ms=15.3/145 cand=0.001 w_ax@goal=+0.02 return=890.1 length=130 success_rate=0.93 collisions/ep=0.00 (n=15)
update=28 global_step=57344 SPS=54 m_ev=0.849 m_v_bias=-33.8 m_kl_max=0.0125 mpc_ms=15.1/325 cand=0.000 w_ax@goal=+0.05 return=970.0 length=121 success_rate=1.00 collisions/ep=0.00 (n=17)
update=29 global_step=59392 SPS=54 m_ev=0.885 m_v_bias=-25.4 m_kl_max=0.0203 mpc_ms=14.3/94 cand=0.000 w_ax@goal=-0.04 return=981.4 length=111 success_rate=1.00 collisions/ep=0.00 (n=19)
update=30 global_step=61440 SPS=55 m_ev=0.902 m_v_bias=-8.0 m_kl_max=0.0174 mpc_ms=14.4/140 cand=0.000 w_ax@goal=-0.04 return=982.5 length=109 success_rate=1.00 collisions/ep=0.00 (n=19)
Evaluation at update 30: return=1008.38, length=81.50, success_rate=1.00, collisions/ep=0.00
Solved-check at update 30: solved=False worst_gap=8.22 at p_x0=2.00 p_y0=-1.00 (consecutive=0)
update=31 global_step=63488 SPS=53 m_ev=0.909 m_v_bias=-16.1 m_kl_max=0.0065 mpc_ms=14.9/92 cand=0.000 w_ax@goal=-0.09 return=988.6 length=103 success_rate=1.00 collisions/ep=0.00 (n=18)
update=32 global_step=65536 SPS=53 m_ev=0.923 m_v_bias=-1.8 m_kl_max=0.0113 mpc_ms=14.4/246 cand=0.000 w_ax@goal=+0.03 return=989.0 length=103 success_rate=1.00 collisions/ep=0.00 (n=21)
update=33 global_step=67584 SPS=53 m_ev=0.895 m_v_bias=19.1 m_kl_max=0.0237 mpc_ms=15.8/224 cand=0.000 w_ax@goal=-0.01 return=977.7 length=113 success_rate=1.00 collisions/ep=0.00 (n=18)
update=34 global_step=69632 SPS=54 m_ev=0.962 m_v_bias=-28.1 m_kl_max=0.0065 mpc_ms=14.7/499 cand=0.000 w_ax@goal=+0.07 return=995.4 length=94 success_rate=1.00 collisions/ep=0.00 (n=24)
update=35 global_step=71680 SPS=54 m_ev=0.955 m_v_bias=7.7 m_kl_max=0.0176 mpc_ms=14.0/105 cand=0.000 w_ax@goal=+0.06 return=993.3 length=100 success_rate=1.00 collisions/ep=0.00 (n=18)
Evaluation at update 35: return=1008.68, length=81.25, success_rate=1.00, collisions/ep=0.00
Solved-check at update 35: solved=False worst_gap=7.18 at p_x0=2.00 p_y0=-1.00 (consecutive=0)
update=36 global_step=73728 SPS=52 m_ev=0.894 m_v_bias=7.5 m_kl_max=0.0105 mpc_ms=14.5/107 cand=0.000 w_ax@goal=-0.08 return=990.0 length=100 success_rate=1.00 collisions/ep=0.00 (n=21)
update=37 global_step=75776 SPS=53 m_ev=0.956 m_v_bias=-4.7 m_kl_max=0.0044 mpc_ms=14.4/102 cand=0.000 w_ax@goal=-0.03 return=994.9 length=98 success_rate=1.00 collisions/ep=0.00 (n=23)
update=38 global_step=77824 SPS=53 m_ev=0.972 m_v_bias=-9.5 m_kl_max=0.0074 mpc_ms=15.0/434 cand=0.000 w_ax@goal=+0.03 return=996.7 length=94 success_rate=1.00 collisions/ep=0.00 (n=19)
update=39 global_step=79872 SPS=53 m_ev=0.980 m_v_bias=-8.7 m_kl_max=0.0104 mpc_ms=14.3/124 cand=0.000 w_ax@goal=+0.07 return=999.5 length=91 success_rate=1.00 collisions/ep=0.00 (n=23)
update=40 global_step=81920 SPS=54 m_ev=0.957 m_v_bias=17.7 m_kl_max=0.0077 mpc_ms=13.8/352 cand=0.000 w_ax@goal=+0.06 return=997.2 length=95 success_rate=1.00 collisions/ep=0.00 (n=22)
Evaluation at update 40: return=1009.25, length=80.70, success_rate=1.00, collisions/ep=0.00
Solved-check at update 40: solved=False worst_gap=7.17 at p_x0=2.00 p_y0=-1.00 (consecutive=0)
update=41 global_step=83968 SPS=52 m_ev=0.978 m_v_bias=-3.7 m_kl_max=0.0079 mpc_ms=15.2/99 cand=0.000 w_ax@goal=+0.04 return=996.3 length=94 success_rate=1.00 collisions/ep=0.00 (n=23)
update=42 global_step=86016 SPS=53 m_ev=0.980 m_v_bias=-1.4 m_kl_max=0.0064 mpc_ms=15.0/141 cand=0.000 w_ax@goal=+0.06 return=996.9 length=93 success_rate=1.00 collisions/ep=0.00 (n=21)
update=43 global_step=88064 SPS=53 m_ev=0.966 m_v_bias=-0.4 m_kl_max=0.0103 mpc_ms=15.4/301 cand=0.000 w_ax@goal=+0.05 return=998.6 length=90 success_rate=1.00 collisions/ep=0.00 (n=23)
update=44 global_step=90112 SPS=53 m_ev=0.981 m_v_bias=-3.3 m_kl_max=0.0053 mpc_ms=14.5/128 cand=0.000 w_ax@goal=-0.01 return=999.0 length=91 success_rate=1.00 collisions/ep=0.00 (n=22)
update=45 global_step=92160 SPS=53 m_ev=0.980 m_v_bias=-3.5 m_kl_max=0.0091 mpc_ms=14.1/97 cand=0.000 w_ax@goal=-0.01 return=1000.2 length=90 success_rate=1.00 collisions/ep=0.00 (n=24)
Evaluation at update 45: return=1008.91, length=81.05, success_rate=1.00, collisions/ep=0.00
Solved-check at update 45: solved=True worst_gap=4.06 at p_x0=0.00 p_y0=0.00 (consecutive=0)
update=46 global_step=94208 SPS=52 m_ev=0.975 m_v_bias=7.5 m_kl_max=0.0061 mpc_ms=15.3/103 cand=0.000 w_ax@goal=-0.03 return=998.3 length=91 success_rate=1.00 collisions/ep=0.00 (n=21)
update=47 global_step=96256 SPS=53 m_ev=0.965 m_v_bias=0.9 m_kl_max=0.0117 mpc_ms=14.4/109 cand=0.000 w_ax@goal=-0.03 return=997.3 length=93 success_rate=1.00 collisions/ep=0.00 (n=23)
update=48 global_step=98304 SPS=53 m_ev=0.991 m_v_bias=-13.2 m_kl_max=0.0116 mpc_ms=14.6/98 cand=0.000 w_ax@goal=-0.00 return=1000.9 length=90 success_rate=1.00 collisions/ep=0.00 (n=23)
update=49 global_step=100352 SPS=53 m_ev=0.975 m_v_bias=4.4 m_kl_max=0.0083 mpc_ms=14.5/97 cand=0.000 w_ax@goal=+0.02 return=1001.7 length=88 success_rate=1.00 collisions/ep=0.00 (n=24)
update=50 global_step=102400 SPS=53 m_ev=0.904 m_v_bias=14.6 m_kl_max=0.0219 mpc_ms=14.7/88 cand=0.000 w_ax@goal=+0.03 return=995.3 length=92 success_rate=1.00 collisions/ep=0.00 (n=21)
Evaluation at update 50: return=1009.12, length=80.85, success_rate=1.00, collisions/ep=0.00
Solved-check at update 50: solved=False worst_gap=6.15 at p_x0=2.00 p_y0=-1.00 (consecutive=1)
update=51 global_step=104448 SPS=52 m_ev=0.961 m_v_bias=1.2 m_kl_max=0.0164 mpc_ms=15.3/141 cand=0.000 w_ax@goal=-0.04 return=996.4 length=96 success_rate=1.00 collisions/ep=0.00 (n=21)
update=52 global_step=106496 SPS=52 m_ev=0.988 m_v_bias=-11.7 m_kl_max=0.0103 mpc_ms=14.3/103 cand=0.000 w_ax@goal=+0.00 return=1000.7 length=89 success_rate=1.00 collisions/ep=0.00 (n=24)
update=53 global_step=108544 SPS=53 m_ev=0.982 m_v_bias=3.2 m_kl_max=0.0044 mpc_ms=15.4/330 cand=0.000 w_ax@goal=-0.02 return=1001.9 length=87 success_rate=1.00 collisions/ep=0.00 (n=23)
update=54 global_step=110592 SPS=53 m_ev=0.975 m_v_bias=4.8 m_kl_max=0.0080 mpc_ms=14.8/99 cand=0.000 w_ax@goal=+0.04 return=1000.3 length=89 success_rate=1.00 collisions/ep=0.00 (n=23)
update=55 global_step=112640 SPS=53 m_ev=0.989 m_v_bias=-6.2 m_kl_max=0.0098 mpc_ms=14.2/91 cand=0.000 w_ax@goal=+0.04 return=1001.4 length=88 success_rate=1.00 collisions/ep=0.00 (n=24)
Evaluation at update 55: return=1009.16, length=80.80, success_rate=1.00, collisions/ep=0.00
Solved-check at update 55: solved=True worst_gap=4.05 at p_x0=0.00 p_y0=0.00 (consecutive=0)
update=56 global_step=114688 SPS=52 m_ev=0.983 m_v_bias=-1.6 m_kl_max=0.0131 mpc_ms=14.5/115 cand=0.000 w_ax@goal=+0.04 return=1002.9 length=87 success_rate=1.00 collisions/ep=0.00 (n=23)
update=57 global_step=116736 SPS=52 m_ev=0.987 m_v_bias=-0.5 m_kl_max=0.0087 mpc_ms=14.9/359 cand=0.000 w_ax@goal=+0.03 return=1001.5 length=89 success_rate=1.00 collisions/ep=0.00 (n=24)
update=58 global_step=118784 SPS=53 m_ev=0.988 m_v_bias=-6.4 m_kl_max=0.0191 mpc_ms=14.1/120 cand=0.000 w_ax@goal=-0.01 return=1004.0 length=88 success_rate=1.00 collisions/ep=0.00 (n=23)
update=59 global_step=120832 SPS=53 m_ev=0.973 m_v_bias=8.0 m_kl_max=0.0063 mpc_ms=14.5/188 cand=0.000 w_ax@goal=-0.08 return=1000.9 length=92 success_rate=1.00 collisions/ep=0.00 (n=23)
update=60 global_step=122880 SPS=53 m_ev=0.984 m_v_bias=-4.4 m_kl_max=0.0095 mpc_ms=14.3/93 cand=0.000 w_ax@goal=-0.02 return=1003.2 length=86 success_rate=1.00 collisions/ep=0.00 (n=24)
Evaluation at update 60: return=1009.07, length=80.90, success_rate=1.00, collisions/ep=0.00
Solved-check at update 60: solved=True worst_gap=4.05 at p_x0=0.00 p_y0=0.00 (consecutive=1)
Solved criterion held for 2 consecutive evals (tolerance=5.0) at global_step=122880.
update=61 global_step=124928 SPS=52 m_ev=0.985 m_v_bias=-0.6 m_kl_max=0.0071 mpc_ms=14.8/97 cand=0.000 w_ax@goal=+0.06 return=1002.9 length=89 success_rate=1.00 collisions/ep=0.00 (n=20)
update=62 global_step=126976 SPS=52 m_ev=0.987 m_v_bias=-0.7 m_kl_max=0.0084 mpc_ms=14.6/404 cand=0.000 w_ax@goal=-0.02 return=1004.3 length=86 success_rate=1.00 collisions/ep=0.00 (n=24)
update=63 global_step=129024 SPS=52 m_ev=0.989 m_v_bias=-1.0 m_kl_max=0.0108 mpc_ms=14.4/112 cand=0.000 w_ax@goal=-0.01 return=1002.5 length=88 success_rate=1.00 collisions/ep=0.00 (n=25)
update=64 global_step=131072 SPS=53 m_ev=0.990 m_v_bias=0.1 m_kl_max=0.0120 mpc_ms=14.3/151 cand=0.000 w_ax@goal=-0.03 return=1003.7 length=89 success_rate=1.00 collisions/ep=0.00 (n=21)
update=65 global_step=133120 SPS=53 m_ev=0.982 m_v_bias=3.8 m_kl_max=0.0113 mpc_ms=14.3/127 cand=0.000 w_ax@goal=+0.03 return=1003.2 length=88 success_rate=1.00 collisions/ep=0.00 (n=23)
Evaluation at update 65: return=1009.47, length=80.50, success_rate=1.00, collisions/ep=0.00
Solved-check at update 65: solved=True worst_gap=4.03 at p_x0=0.00 p_y0=-0.50 (consecutive=2)
update=66 global_step=135168 SPS=52 m_ev=0.988 m_v_bias=-3.9 m_kl_max=0.0104 mpc_ms=13.1/92 cand=0.000 w_ax@goal=-0.04 return=1005.2 length=86 success_rate=1.00 collisions/ep=0.00 (n=25)
update=67 global_step=137216 SPS=52 m_ev=0.991 m_v_bias=3.3 m_kl_max=0.0090 mpc_ms=14.3/114 cand=0.000 w_ax@goal=+0.02 return=1003.0 length=91 success_rate=1.00 collisions/ep=0.00 (n=23)
update=68 global_step=139264 SPS=53 m_ev=0.988 m_v_bias=1.8 m_kl_max=0.0094 mpc_ms=14.3/377 cand=0.000 w_ax@goal=+0.03 return=1004.1 length=88 success_rate=1.00 collisions/ep=0.00 (n=24)
update=69 global_step=141312 SPS=53 m_ev=0.991 m_v_bias=-3.5 m_kl_max=0.0045 mpc_ms=13.9/98 cand=0.000 w_ax@goal=+0.04 return=1004.6 length=87 success_rate=1.00 collisions/ep=0.00 (n=24)
update=70 global_step=143360 SPS=53 m_ev=0.984 m_v_bias=0.1 m_kl_max=0.0151 mpc_ms=14.6/96 cand=0.000 w_ax@goal=-0.02 return=1004.5 length=87 success_rate=1.00 collisions/ep=0.00 (n=23)
Evaluation at update 70: return=1010.27, length=79.70, success_rate=1.00, collisions/ep=0.00
Solved-check at update 70: solved=False worst_gap=6.16 at p_x0=2.00 p_y0=-1.00 (consecutive=3)
update=71 global_step=145408 SPS=52 m_ev=0.969 m_v_bias=0.7 m_kl_max=0.0095 mpc_ms=14.4/108 cand=0.000 w_ax@goal=-0.02 return=1004.3 length=86 success_rate=1.00 collisions/ep=0.00 (n=24)
update=72 global_step=147456 SPS=52 m_ev=0.988 m_v_bias=-0.6 m_kl_max=0.0087 mpc_ms=14.1/130 cand=0.000 w_ax@goal=-0.01 return=1005.0 length=87 success_rate=1.00 collisions/ep=0.00 (n=24)
update=73 global_step=149504 SPS=52 m_ev=0.981 m_v_bias=0.2 m_kl_max=0.0098 mpc_ms=15.1/313 cand=0.000 w_ax@goal=+0.01 return=1003.7 length=86 success_rate=1.00 collisions/ep=0.00 (n=24)
update=74 global_step=151552 SPS=53 m_ev=0.986 m_v_bias=1.1 m_kl_max=0.0069 mpc_ms=15.0/417 cand=0.000 w_ax@goal=+0.01 return=1004.9 length=85 success_rate=1.00 collisions/ep=0.00 (n=24)
update=75 global_step=153600 SPS=53 m_ev=0.975 m_v_bias=1.5 m_kl_max=0.0032 mpc_ms=14.7/95 cand=0.000 w_ax@goal=+0.03 return=1002.9 length=86 success_rate=1.00 collisions/ep=0.00 (n=22)
Evaluation at update 75: return=1010.27, length=79.70, success_rate=1.00, collisions/ep=0.00
Solved-check at update 75: solved=False worst_gap=5.14 at p_x0=2.00 p_y0=-1.00 (consecutive=0)
update=76 global_step=155648 SPS=52 m_ev=0.984 m_v_bias=-4.1 m_kl_max=0.0138 mpc_ms=14.5/126 cand=0.000 w_ax@goal=+0.00 return=1005.9 length=83 success_rate=1.00 collisions/ep=0.00 (n=25)
update=77 global_step=157696 SPS=52 m_ev=0.979 m_v_bias=3.7 m_kl_max=0.0095 mpc_ms=15.9/412 cand=0.000 w_ax@goal=-0.04 return=1002.7 length=87 success_rate=1.00 collisions/ep=0.00 (n=23)
update=78 global_step=159744 SPS=52 m_ev=0.992 m_v_bias=-6.5 m_kl_max=0.0073 mpc_ms=13.9/121 cand=0.000 w_ax@goal=-0.05 return=1006.4 length=86 success_rate=1.00 collisions/ep=0.00 (n=25)
update=79 global_step=161792 SPS=53 m_ev=0.986 m_v_bias=4.6 m_kl_max=0.0058 mpc_ms=14.0/304 cand=0.000 w_ax@goal=-0.01 return=1004.3 length=87 success_rate=1.00 collisions/ep=0.00 (n=23)
update=80 global_step=163840 SPS=53 m_ev=0.993 m_v_bias=-4.8 m_kl_max=0.0143 mpc_ms=14.4/246 cand=0.000 w_ax@goal=+0.00 return=1005.8 length=85 success_rate=1.00 collisions/ep=0.00 (n=23)
Evaluation at update 80: return=1010.12, length=79.85, success_rate=1.00, collisions/ep=0.00
Solved-check at update 80: solved=False worst_gap=5.14 at p_x0=2.00 p_y0=-1.00 (consecutive=0)
update=81 global_step=165888 SPS=52 m_ev=0.990 m_v_bias=-2.9 m_kl_max=0.0190 mpc_ms=14.3/396 cand=0.000 w_ax@goal=-0.02 return=1005.2 length=86 success_rate=1.00 collisions/ep=0.00 (n=24)
update=82 global_step=167936 SPS=52 m_ev=0.986 m_v_bias=3.5 m_kl_max=0.0060 mpc_ms=14.8/126 cand=0.000 w_ax@goal=-0.01 return=1003.9 length=87 success_rate=1.00 collisions/ep=0.00 (n=24)
update=83 global_step=169984 SPS=52 m_ev=0.985 m_v_bias=-1.8 m_kl_max=0.0089 mpc_ms=15.7/128 cand=0.000 w_ax@goal=+0.01 return=1005.1 length=84 success_rate=1.00 collisions/ep=0.00 (n=24)
update=84 global_step=172032 SPS=52 m_ev=0.990 m_v_bias=-4.6 m_kl_max=0.0089 mpc_ms=14.7/103 cand=0.000 w_ax@goal=+0.03 return=1005.2 length=83 success_rate=1.00 collisions/ep=0.00 (n=25)
update=85 global_step=174080 SPS=53 m_ev=0.983 m_v_bias=2.8 m_kl_max=0.0084 mpc_ms=14.7/326 cand=0.000 w_ax@goal=-0.01 return=1005.3 length=85 success_rate=1.00 collisions/ep=0.00 (n=25)
Evaluation at update 85: return=1010.33, length=79.65, success_rate=1.00, collisions/ep=0.00
Solved-check at update 85: solved=False worst_gap=6.14 at p_x0=2.00 p_y0=-1.00 (consecutive=0)
update=86 global_step=176128 SPS=52 m_ev=0.976 m_v_bias=0.2 m_kl_max=0.0079 mpc_ms=14.8/556 cand=0.000 w_ax@goal=-0.03 return=1002.3 length=89 success_rate=1.00 collisions/ep=0.00 (n=22)
update=87 global_step=178176 SPS=52 m_ev=0.989 m_v_bias=-7.0 m_kl_max=0.0050 mpc_ms=14.2/97 cand=0.000 w_ax@goal=-0.00 return=1005.5 length=85 success_rate=1.00 collisions/ep=0.00 (n=26)
update=88 global_step=180224 SPS=52 m_ev=0.986 m_v_bias=3.0 m_kl_max=0.0106 mpc_ms=15.0/372 cand=0.000 w_ax@goal=-0.00 return=1004.5 length=86 success_rate=1.00 collisions/ep=0.00 (n=24)
update=89 global_step=182272 SPS=52 m_ev=0.990 m_v_bias=-0.4 m_kl_max=0.0046 mpc_ms=14.6/95 cand=0.000 w_ax@goal=+0.02 return=1005.9 length=86 success_rate=1.00 collisions/ep=0.00 (n=22)
update=90 global_step=184320 SPS=52 m_ev=0.982 m_v_bias=1.2 m_kl_max=0.0056 mpc_ms=14.3/105 cand=0.000 w_ax@goal=-0.04 return=1005.8 length=86 success_rate=1.00 collisions/ep=0.00 (n=25)
Evaluation at update 90: return=1010.43, length=79.55, success_rate=1.00, collisions/ep=0.00
Solved-check at update 90: solved=False worst_gap=5.13 at p_x0=2.00 p_y0=-1.00 (consecutive=0)
update=91 global_step=186368 SPS=52 m_ev=0.991 m_v_bias=-2.7 m_kl_max=0.0049 mpc_ms=14.4/100 cand=0.000 w_ax@goal=-0.02 return=1005.1 length=86 success_rate=1.00 collisions/ep=0.00 (n=24)
update=92 global_step=188416 SPS=52 m_ev=0.985 m_v_bias=2.6 m_kl_max=0.0061 mpc_ms=14.8/110 cand=0.000 w_ax@goal=+0.05 return=1005.1 length=86 success_rate=1.00 collisions/ep=0.00 (n=23)
update=93 global_step=190464 SPS=52 m_ev=0.986 m_v_bias=4.1 m_kl_max=0.0061 mpc_ms=15.1/119 cand=0.000 w_ax@goal=+0.02 return=1005.1 length=86 success_rate=1.00 collisions/ep=0.00 (n=24)
update=94 global_step=192512 SPS=52 m_ev=0.986 m_v_bias=4.4 m_kl_max=0.0101 mpc_ms=15.5/328 cand=0.000 w_ax@goal=-0.01 return=1004.6 length=87 success_rate=1.00 collisions/ep=0.00 (n=23)
update=95 global_step=194560 SPS=52 m_ev=0.977 m_v_bias=-3.4 m_kl_max=0.0122 mpc_ms=14.1/352 cand=0.000 w_ax@goal=-0.01 return=1005.8 length=85 success_rate=1.00 collisions/ep=0.00 (n=24)
Evaluation at update 95: return=1010.53, length=79.45, success_rate=1.00, collisions/ep=0.00
Solved-check at update 95: solved=False worst_gap=5.15 at p_x0=2.00 p_y0=-1.00 (consecutive=0)
update=96 global_step=196608 SPS=52 m_ev=0.980 m_v_bias=-1.3 m_kl_max=0.0081 mpc_ms=14.8/200 cand=0.000 w_ax@goal=+0.02 return=1002.6 length=87 success_rate=1.00 collisions/ep=0.00 (n=24)
update=97 global_step=198656 SPS=52 m_ev=0.992 m_v_bias=-5.7 m_kl_max=0.0115 mpc_ms=14.2/108 cand=0.000 w_ax@goal=-0.02 return=1007.1 length=84 success_rate=1.00 collisions/ep=0.00 (n=23)
update=98 global_step=200704 SPS=52 m_ev=0.995 m_v_bias=-5.9 m_kl_max=0.0092 mpc_ms=14.5/121 cand=0.000 w_ax@goal=-0.04 return=1007.2 length=83 success_rate=1.00 collisions/ep=0.00 (n=25)
update=99 global_step=202752 SPS=52 m_ev=0.986 m_v_bias=6.6 m_kl_max=0.0055 mpc_ms=14.9/361 cand=0.000 w_ax@goal=-0.00 return=1005.7 length=86 success_rate=1.00 collisions/ep=0.00 (n=25)
update=100 global_step=204800 SPS=52 m_ev=0.985 m_v_bias=-0.6 m_kl_max=0.0089 mpc_ms=15.2/113 cand=0.000 w_ax@goal=-0.01 return=1005.2 length=86 success_rate=1.00 collisions/ep=0.00 (n=23)
Evaluation at update 100: return=1010.48, length=79.50, success_rate=1.00, collisions/ep=0.00
Solved-check at update 100: solved=False worst_gap=5.15 at p_x0=2.00 p_y0=-1.00 (consecutive=0)
Saved checkpoints to C:\Users\loren\Desktop\MASTER THESIS\5_CODE\scenarios\slalom\studies\ppo_mpc\runs\ppo_mpc_slalom_8_1791087599
