Using device: cpu
Solved-check: precomputed optimal returns for 25 fixed initial conditions (mean=1011.8, min=1007.0, max=1014.0); solved-tolerance=5.0
num_envs=8 num_steps_per_env=256 worker_batch_size=2048 worker_minibatch_size=256 num_updates=100 timesteps=204800
update=1 global_step=2048 SPS=1220 w_ev=0.103 m_ev=0.000 m_v_bias=155.4 m_adv_std=112.3921 m_kl_max=0.0027 m_ratio_max=0.223 w_ax@goal=-0.12 w_v@goal=-0.30 return=-686.6 length=200 success_rate=0.00 collisions/ep=10.00 (n=8)
update=2 global_step=4096 SPS=1245 w_ev=-0.098 m_ev=-0.146 m_v_bias=-63.8 m_adv_std=239.1241 m_kl_max=0.0026 m_ratio_max=0.308 w_ax@goal=+0.42 w_v@goal=-1.77 return=-86.3 length=187 success_rate=0.33 collisions/ep=5.00 (n=9)
update=3 global_step=6144 SPS=1235 w_ev=0.315 m_ev=0.267 m_v_bias=23.8 m_adv_std=160.0227 m_kl_max=0.0050 m_ratio_max=0.660 w_ax@goal=+0.20 w_v@goal=1.59 return=-401.6 length=192 success_rate=0.11 collisions/ep=7.00 (n=9)
update=4 global_step=8192 SPS=1201 w_ev=0.477 m_ev=0.535 m_v_bias=-79.5 m_adv_std=168.1855 m_kl_max=0.0038 m_ratio_max=0.303 w_ax@goal=+0.15 w_v@goal=2.19 return=-138.8 length=189 success_rate=0.21 collisions/ep=3.57 (n=14)
update=5 global_step=10240 SPS=1200 w_ev=0.714 m_ev=0.629 m_v_bias=-24.9 m_adv_std=98.2385 m_kl_max=0.0011 m_ratio_max=0.152 w_ax@goal=+0.59 w_v@goal=5.95 return=-124.2 length=190 success_rate=0.11 collisions/ep=0.78 (n=9)
Evaluation at update 5: return=-218.50, length=200.00, success_rate=0.00, collisions/ep=0.00
Solved-check at update 5: solved=False worst_gap=1240.97 at p_x0=2.00 p_y0=0.50 (consecutive=0)
update=6 global_step=12288 SPS=510 w_ev=0.890 m_ev=0.805 m_v_bias=-71.7 m_adv_std=115.0682 m_kl_max=0.0010 m_ratio_max=0.206 w_ax@goal=+0.47 w_v@goal=9.97 return=-29.3 length=186 success_rate=0.25 collisions/ep=2.00 (n=12)
update=7 global_step=14336 SPS=553 w_ev=-0.254 m_ev=-1.659 m_v_bias=-10.0 m_adv_std=75.3283 m_kl_max=0.0032 m_ratio_max=0.271 return=-218.4 length=200 success_rate=0.00 collisions/ep=0.00 (n=10)
update=8 global_step=16384 SPS=584 w_ev=0.250 m_ev=-2.656 m_v_bias=-2.8 m_adv_std=53.7436 m_kl_max=0.0028 m_ratio_max=0.306 return=-220.7 length=200 success_rate=0.00 collisions/ep=0.00 (n=10)
update=9 global_step=18432 SPS=615 w_ev=0.907 m_ev=0.709 m_v_bias=-38.7 m_adv_std=101.9073 m_kl_max=0.0021 m_ratio_max=0.253 w_ax@goal=+0.95 w_v@goal=11.22 return=-32.4 length=181 success_rate=0.22 collisions/ep=1.56 (n=9)
update=10 global_step=20480 SPS=643 w_ev=0.952 m_ev=0.915 m_v_bias=-20.8 m_adv_std=82.4732 m_kl_max=0.0027 m_ratio_max=0.269 w_ax@goal=+0.75 w_v@goal=14.42 return=76.0 length=167 success_rate=0.33 collisions/ep=2.07 (n=15)
Evaluation at update 10: return=470.30, length=119.15, success_rate=0.95, collisions/ep=8.95
Solved-check at update 10: solved=False worst_gap=1225.97 at p_x0=0.50 p_y0=-1.00 (consecutive=0)
update=11 global_step=22528 SPS=537 w_ev=0.971 m_ev=0.938 m_v_bias=-30.7 m_adv_std=76.8869 m_kl_max=0.0074 m_ratio_max=0.450 w_ax@goal=+0.80 w_v@goal=17.80 return=117.7 length=162 success_rate=0.36 collisions/ep=1.93 (n=14)
update=12 global_step=24576 SPS=561 w_ev=0.968 m_ev=0.872 m_v_bias=-50.9 m_adv_std=128.1152 m_kl_max=0.0114 m_ratio_max=0.662 w_ax@goal=+0.91 w_v@goal=19.25 return=570.5 length=124 success_rate=0.76 collisions/ep=2.82 (n=17)
update=13 global_step=26624 SPS=582 w_ev=0.963 m_ev=0.787 m_v_bias=-31.0 m_adv_std=128.0915 m_kl_max=0.0086 m_ratio_max=0.360 w_ax@goal=+0.63 w_v@goal=19.54 return=625.9 length=116 success_rate=0.89 collisions/ep=4.67 (n=18)
update=14 global_step=28672 SPS=601 w_ev=0.944 m_ev=0.858 m_v_bias=-13.3 m_adv_std=91.9062 m_kl_max=0.0060 m_ratio_max=0.455 w_ax@goal=+0.60 w_v@goal=19.17 return=740.5 length=102 success_rate=1.00 collisions/ep=4.95 (n=21)
update=15 global_step=30720 SPS=619 w_ev=0.947 m_ev=0.911 m_v_bias=-23.7 m_adv_std=68.9200 m_kl_max=0.0020 m_ratio_max=0.136 w_ax@goal=+0.60 w_v@goal=19.39 return=814.1 length=91 success_rate=1.00 collisions/ep=3.73 (n=22)
Evaluation at update 15: return=573.29, length=84.20, success_rate=1.00, collisions/ep=8.70
Solved-check at update 15: solved=False worst_gap=503.97 at p_x0=1.00 p_y0=-0.50 (consecutive=0)
update=16 global_step=32768 SPS=568 w_ev=0.946 m_ev=0.894 m_v_bias=-6.8 m_adv_std=76.4671 m_kl_max=0.0044 m_ratio_max=0.341 w_ax@goal=+0.67 w_v@goal=19.58 return=817.7 length=88 success_rate=1.00 collisions/ep=3.71 (n=24)
update=17 global_step=34816 SPS=585 w_ev=0.958 m_ev=0.907 m_v_bias=8.1 m_adv_std=69.3328 m_kl_max=0.0062 m_ratio_max=0.275 w_ax@goal=+0.86 w_v@goal=19.75 return=818.0 length=89 success_rate=1.00 collisions/ep=3.68 (n=22)
update=18 global_step=36864 SPS=600 w_ev=0.959 m_ev=0.930 m_v_bias=-1.8 m_adv_std=57.4561 m_kl_max=0.0063 m_ratio_max=0.343 w_ax@goal=+0.61 w_v@goal=19.71 return=829.7 length=86 success_rate=1.00 collisions/ep=3.50 (n=24)
update=19 global_step=38912 SPS=616 w_ev=0.950 m_ev=0.935 m_v_bias=-0.7 m_adv_std=56.1495 m_kl_max=0.0120 m_ratio_max=0.483 w_ax@goal=+0.81 w_v@goal=19.44 return=865.6 length=85 success_rate=1.00 collisions/ep=2.77 (n=26)
update=20 global_step=40960 SPS=631 w_ev=0.955 m_ev=0.947 m_v_bias=2.2 m_adv_std=48.8993 m_kl_max=0.0136 m_ratio_max=0.673 w_ax@goal=+0.49 w_v@goal=19.49 return=857.8 length=85 success_rate=1.00 collisions/ep=2.96 (n=25)
Evaluation at update 20: return=774.43, length=83.05, success_rate=1.00, collisions/ep=4.70
Solved-check at update 20: solved=False worst_gap=502.98 at p_x0=0.50 p_y0=-0.50 (consecutive=0)
update=21 global_step=43008 SPS=592 w_ev=0.940 m_ev=0.919 m_v_bias=13.6 m_adv_std=62.7334 m_kl_max=0.0087 m_ratio_max=0.469 w_ax@goal=+0.52 w_v@goal=19.32 return=834.5 length=85 success_rate=1.00 collisions/ep=3.42 (n=24)
update=22 global_step=45056 SPS=606 w_ev=0.940 m_ev=0.936 m_v_bias=2.9 m_adv_std=53.3921 m_kl_max=0.0063 m_ratio_max=0.434 w_ax@goal=+0.69 w_v@goal=19.34 return=855.7 length=84 success_rate=1.00 collisions/ep=3.00 (n=24)
update=23 global_step=47104 SPS=618 w_ev=0.953 m_ev=0.952 m_v_bias=-6.3 m_adv_std=45.3478 m_kl_max=0.0082 m_ratio_max=0.414 w_ax@goal=+0.69 w_v@goal=19.54 return=895.4 length=86 success_rate=1.00 collisions/ep=2.21 (n=24)
update=24 global_step=49152 SPS=630 w_ev=0.935 m_ev=0.920 m_v_bias=31.4 m_adv_std=61.9747 m_kl_max=0.0181 m_ratio_max=0.548 w_ax@goal=+0.64 w_v@goal=19.24 return=824.8 length=87 success_rate=1.00 collisions/ep=3.62 (n=24)
update=25 global_step=51200 SPS=639 w_ev=0.949 m_ev=0.968 m_v_bias=-21.1 m_adv_std=36.1359 m_kl_max=0.0209 m_ratio_max=0.622 w_ax@goal=+0.83 w_v@goal=19.22 return=903.4 length=86 success_rate=1.00 collisions/ep=2.05 (n=21)
Evaluation at update 25: return=955.63, length=84.35, success_rate=1.00, collisions/ep=1.05
Solved-check at update 25: solved=False worst_gap=101.99 at p_x0=1.50 p_y0=-1.00 (consecutive=0)
update=26 global_step=53248 SPS=611 w_ev=0.939 m_ev=0.926 m_v_bias=2.9 m_adv_std=55.1960 m_kl_max=0.0233 m_ratio_max=1.101 w_ax@goal=+0.96 w_v@goal=19.43 return=888.6 length=85 success_rate=1.00 collisions/ep=2.33 (n=24)
update=27 global_step=55296 SPS=622 w_ev=0.948 m_ev=0.980 m_v_bias=-10.6 m_adv_std=27.7827 m_kl_max=0.0081 m_ratio_max=0.459 w_ax@goal=+0.85 w_v@goal=19.44 return=918.5 length=86 success_rate=1.00 collisions/ep=1.74 (n=23)
update=28 global_step=57344 SPS=634 w_ev=0.913 m_ev=0.967 m_v_bias=-3.8 m_adv_std=35.1825 m_kl_max=0.0097 m_ratio_max=0.389 w_ax@goal=+0.98 w_v@goal=19.48 return=920.3 length=85 success_rate=1.00 collisions/ep=1.72 (n=25)
update=29 global_step=59392 SPS=645 w_ev=0.938 m_ev=0.963 m_v_bias=6.7 m_adv_std=37.0191 m_kl_max=0.0087 m_ratio_max=0.449 w_ax@goal=+0.95 w_v@goal=19.27 return=914.2 length=83 success_rate=1.00 collisions/ep=1.84 (n=25)
update=30 global_step=61440 SPS=655 w_ev=0.921 m_ev=0.964 m_v_bias=5.1 m_adv_std=36.4981 m_kl_max=0.0249 m_ratio_max=0.711 w_ax@goal=+0.92 w_v@goal=19.62 return=913.4 length=82 success_rate=1.00 collisions/ep=1.88 (n=24)
Evaluation at update 30: return=953.27, length=84.20, success_rate=1.00, collisions/ep=1.10
Solved-check at update 30: solved=False worst_gap=204.00 at p_x0=0.00 p_y0=1.00 (consecutive=0)
update=31 global_step=63488 SPS=628 w_ev=0.875 m_ev=0.913 m_v_bias=4.9 m_adv_std=60.9902 m_kl_max=0.0218 m_ratio_max=0.778 w_ax@goal=+1.18 w_v@goal=19.56 return=885.4 length=85 success_rate=1.00 collisions/ep=2.42 (n=24)
update=32 global_step=65536 SPS=638 w_ev=0.939 m_ev=0.971 m_v_bias=-5.5 m_adv_std=33.9099 m_kl_max=0.0162 m_ratio_max=1.525 w_ax@goal=+1.12 w_v@goal=19.66 return=923.8 length=82 success_rate=1.00 collisions/ep=1.65 (n=26)
update=33 global_step=67584 SPS=646 w_ev=0.930 m_ev=0.975 m_v_bias=-2.2 m_adv_std=29.9025 m_kl_max=0.0192 m_ratio_max=0.655 w_ax@goal=+0.98 w_v@goal=19.47 return=916.5 length=85 success_rate=1.00 collisions/ep=1.80 (n=25)
update=34 global_step=69632 SPS=656 w_ev=0.942 m_ev=0.964 m_v_bias=3.5 m_adv_std=36.6981 m_kl_max=0.0132 m_ratio_max=0.575 w_ax@goal=+0.96 w_v@goal=19.55 return=919.7 length=81 success_rate=1.00 collisions/ep=1.72 (n=25)
update=35 global_step=71680 SPS=665 w_ev=0.927 m_ev=0.959 m_v_bias=3.5 m_adv_std=39.4195 m_kl_max=0.0132 m_ratio_max=0.937 w_ax@goal=+1.01 w_v@goal=19.67 return=912.7 length=84 success_rate=1.00 collisions/ep=1.88 (n=24)
Evaluation at update 35: return=957.32, length=85.15, success_rate=1.00, collisions/ep=1.00
Solved-check at update 35: solved=False worst_gap=102.00 at p_x0=2.00 p_y0=-1.00 (consecutive=0)
update=36 global_step=73728 SPS=642 w_ev=0.943 m_ev=0.975 m_v_bias=-4.1 m_adv_std=30.4661 m_kl_max=0.0137 m_ratio_max=0.462 w_ax@goal=+0.89 w_v@goal=19.61 return=923.9 length=86 success_rate=1.00 collisions/ep=1.67 (n=24)
update=37 global_step=75776 SPS=650 w_ev=0.961 m_ev=0.991 m_v_bias=-5.5 m_adv_std=18.3387 m_kl_max=0.0051 m_ratio_max=0.479 w_ax@goal=+1.09 w_v@goal=19.41 return=945.6 length=84 success_rate=1.00 collisions/ep=1.21 (n=24)
update=38 global_step=77824 SPS=659 w_ev=0.912 m_ev=0.930 m_v_bias=11.9 m_adv_std=52.0303 m_kl_max=0.0084 m_ratio_max=0.391 w_ax@goal=+1.11 w_v@goal=19.47 return=916.7 length=86 success_rate=1.00 collisions/ep=1.79 (n=24)
update=39 global_step=79872 SPS=667 w_ev=0.808 m_ev=0.774 m_v_bias=12.4 m_adv_std=95.8969 m_kl_max=0.0094 m_ratio_max=0.386 w_ax@goal=+0.76 w_v@goal=19.30 return=907.3 length=87 success_rate=1.00 collisions/ep=2.00 (n=24)
update=40 global_step=81920 SPS=675 w_ev=0.938 m_ev=0.985 m_v_bias=-21.1 m_adv_std=23.1860 m_kl_max=0.0098 m_ratio_max=0.710 w_ax@goal=+1.17 w_v@goal=18.82 return=933.9 length=86 success_rate=1.00 collisions/ep=1.46 (n=24)
Evaluation at update 40: return=958.12, length=84.35, success_rate=1.00, collisions/ep=1.00
Solved-check at update 40: solved=False worst_gap=101.00 at p_x0=2.00 p_y0=-1.00 (consecutive=0)
update=41 global_step=83968 SPS=656 w_ev=0.937 m_ev=0.985 m_v_bias=-3.8 m_adv_std=22.9998 m_kl_max=0.0070 m_ratio_max=0.522 w_ax@goal=+1.30 w_v@goal=19.49 return=940.1 length=84 success_rate=1.00 collisions/ep=1.33 (n=24)
update=42 global_step=86016 SPS=664 w_ev=0.946 m_ev=0.994 m_v_bias=-4.3 m_adv_std=14.2192 m_kl_max=0.0025 m_ratio_max=0.225 w_ax@goal=+1.16 w_v@goal=19.46 return=945.9 length=85 success_rate=1.00 collisions/ep=1.21 (n=24)
update=43 global_step=88064 SPS=672 w_ev=0.951 m_ev=0.983 m_v_bias=4.7 m_adv_std=23.8999 m_kl_max=0.0035 m_ratio_max=0.229 w_ax@goal=+1.41 w_v@goal=19.46 return=938.0 length=83 success_rate=1.00 collisions/ep=1.38 (n=24)
update=44 global_step=90112 SPS=679 w_ev=0.929 m_ev=0.986 m_v_bias=-5.6 m_adv_std=21.9926 m_kl_max=0.0269 m_ratio_max=0.543 w_ax@goal=+1.13 w_v@goal=19.51 return=934.5 length=83 success_rate=1.00 collisions/ep=1.44 (n=25)
update=45 global_step=92160 SPS=685 w_ev=0.950 m_ev=0.983 m_v_bias=6.0 m_adv_std=25.0428 m_kl_max=0.0120 m_ratio_max=0.440 w_ax@goal=+1.33 w_v@goal=19.62 return=925.0 length=84 success_rate=1.00 collisions/ep=1.64 (n=25)
Evaluation at update 45: return=955.82, length=84.15, success_rate=1.00, collisions/ep=1.05
Solved-check at update 45: solved=False worst_gap=101.00 at p_x0=2.00 p_y0=-1.00 (consecutive=0)
update=46 global_step=94208 SPS=666 w_ev=0.937 m_ev=0.964 m_v_bias=6.2 m_adv_std=35.3663 m_kl_max=0.0169 m_ratio_max=0.497 w_ax@goal=+1.25 w_v@goal=19.65 return=915.2 length=85 success_rate=1.00 collisions/ep=1.83 (n=24)
update=47 global_step=96256 SPS=673 w_ev=0.929 m_ev=0.959 m_v_bias=0.6 m_adv_std=39.8167 m_kl_max=0.0251 m_ratio_max=0.612 w_ax@goal=+1.30 w_v@goal=19.69 return=917.4 length=83 success_rate=1.00 collisions/ep=1.79 (n=24)
update=48 global_step=98304 SPS=680 w_ev=0.930 m_ev=0.986 m_v_bias=-5.8 m_adv_std=22.5421 m_kl_max=0.0124 m_ratio_max=0.486 w_ax@goal=+1.40 w_v@goal=19.65 return=935.7 length=84 success_rate=1.00 collisions/ep=1.42 (n=26)
update=49 global_step=100352 SPS=686 w_ev=0.934 m_ev=0.971 m_v_bias=5.8 m_adv_std=31.6150 m_kl_max=0.0138 m_ratio_max=0.499 w_ax@goal=+1.19 w_v@goal=19.61 return=932.1 length=85 success_rate=1.00 collisions/ep=1.50 (n=22)
update=50 global_step=102400 SPS=691 w_ev=0.926 m_ev=0.963 m_v_bias=3.7 m_adv_std=36.3992 m_kl_max=0.0072 m_ratio_max=0.401 w_ax@goal=+1.25 w_v@goal=19.45 return=928.4 length=83 success_rate=1.00 collisions/ep=1.56 (n=25)
Evaluation at update 50: return=958.06, length=84.40, success_rate=1.00, collisions/ep=1.00
Solved-check at update 50: solved=False worst_gap=101.01 at p_x0=2.00 p_y0=-1.00 (consecutive=0)
update=51 global_step=104448 SPS=673 w_ev=0.953 m_ev=0.988 m_v_bias=-12.1 m_adv_std=19.5863 m_kl_max=0.0255 m_ratio_max=0.927 w_ax@goal=+1.30 w_v@goal=19.53 return=948.7 length=84 success_rate=1.00 collisions/ep=1.16 (n=25)
update=52 global_step=106496 SPS=679 w_ev=0.953 m_ev=0.994 m_v_bias=-0.5 m_adv_std=14.8090 m_kl_max=0.0229 m_ratio_max=1.028 w_ax@goal=+1.32 w_v@goal=19.51 return=950.8 length=84 success_rate=1.00 collisions/ep=1.12 (n=25)
update=53 global_step=108544 SPS=685 w_ev=0.950 m_ev=0.977 m_v_bias=-3.0 m_adv_std=28.5981 m_kl_max=0.0167 m_ratio_max=0.503 w_ax@goal=+1.29 w_v@goal=19.49 return=952.9 length=85 success_rate=1.00 collisions/ep=1.08 (n=24)
update=54 global_step=110592 SPS=691 w_ev=0.914 m_ev=0.956 m_v_bias=10.0 m_adv_std=39.4456 m_kl_max=0.0080 m_ratio_max=0.496 w_ax@goal=+1.13 w_v@goal=19.36 return=928.0 length=83 success_rate=1.00 collisions/ep=1.58 (n=24)
update=55 global_step=112640 SPS=697 w_ev=0.935 m_ev=0.980 m_v_bias=0.1 m_adv_std=26.8799 m_kl_max=0.0145 m_ratio_max=0.416 w_ax@goal=+1.23 w_v@goal=19.39 return=940.1 length=84 success_rate=1.00 collisions/ep=1.33 (n=27)
Evaluation at update 55: return=958.76, length=83.70, success_rate=1.00, collisions/ep=1.00
Solved-check at update 55: solved=False worst_gap=151.01 at p_x0=2.00 p_y0=-1.00 (consecutive=0)
update=56 global_step=114688 SPS=681 w_ev=0.951 m_ev=0.985 m_v_bias=-6.2 m_adv_std=22.5321 m_kl_max=0.0136 m_ratio_max=0.803 w_ax@goal=+1.42 w_v@goal=19.50 return=951.7 length=80 success_rate=1.00 collisions/ep=1.12 (n=25)
update=57 global_step=116736 SPS=687 w_ev=0.943 m_ev=0.961 m_v_bias=7.0 m_adv_std=37.4931 m_kl_max=0.0101 m_ratio_max=0.463 w_ax@goal=+1.43 w_v@goal=19.65 return=946.4 length=85 success_rate=1.00 collisions/ep=1.22 (n=23)
update=58 global_step=118784 SPS=691 w_ev=0.958 m_ev=0.991 m_v_bias=-7.4 m_adv_std=17.8563 m_kl_max=0.0094 m_ratio_max=0.347 w_ax@goal=+1.51 w_v@goal=19.60 return=938.5 length=84 success_rate=1.00 collisions/ep=1.40 (n=25)
update=59 global_step=120832 SPS=696 w_ev=0.961 m_ev=0.991 m_v_bias=3.1 m_adv_std=17.7236 m_kl_max=0.0366 m_ratio_max=1.066 w_ax@goal=+1.49 w_v@goal=19.65 return=949.3 length=84 success_rate=1.00 collisions/ep=1.17 (n=24)
update=60 global_step=122880 SPS=701 w_ev=0.928 m_ev=0.953 m_v_bias=6.3 m_adv_std=41.0206 m_kl_max=0.0209 m_ratio_max=1.577 w_ax@goal=+1.43 w_v@goal=19.52 return=921.4 length=82 success_rate=1.00 collisions/ep=1.72 (n=25)
Evaluation at update 60: return=958.91, length=83.55, success_rate=1.00, collisions/ep=1.00
Solved-check at update 60: solved=False worst_gap=100.01 at p_x0=2.00 p_y0=-1.00 (consecutive=0)
update=61 global_step=124928 SPS=686 w_ev=0.956 m_ev=0.992 m_v_bias=-7.4 m_adv_std=16.7497 m_kl_max=0.0156 m_ratio_max=0.600 w_ax@goal=+1.42 w_v@goal=19.41 return=949.2 length=83 success_rate=1.00 collisions/ep=1.16 (n=25)
update=62 global_step=126976 SPS=692 w_ev=0.950 m_ev=0.984 m_v_bias=0.0 m_adv_std=23.2744 m_kl_max=0.0153 m_ratio_max=0.494 w_ax@goal=+1.43 w_v@goal=19.46 return=941.0 length=83 success_rate=1.00 collisions/ep=1.33 (n=24)
update=63 global_step=129024 SPS=696 w_ev=0.965 m_ev=0.986 m_v_bias=-2.7 m_adv_std=22.2927 m_kl_max=0.0100 m_ratio_max=0.521 w_ax@goal=+1.36 w_v@goal=19.54 return=947.9 length=85 success_rate=1.00 collisions/ep=1.21 (n=24)
update=64 global_step=131072 SPS=701 w_ev=0.967 m_ev=0.997 m_v_bias=-0.9 m_adv_std=10.2482 m_kl_max=0.0096 m_ratio_max=0.494 w_ax@goal=+1.38 w_v@goal=19.51 return=959.5 length=85 success_rate=1.00 collisions/ep=0.96 (n=24)
update=65 global_step=133120 SPS=706 w_ev=0.940 m_ev=0.987 m_v_bias=-4.8 m_adv_std=20.1560 m_kl_max=0.0238 m_ratio_max=0.619 w_ax@goal=+1.48 w_v@goal=19.67 return=955.9 length=82 success_rate=1.00 collisions/ep=1.04 (n=25)
Evaluation at update 65: return=959.01, length=83.45, success_rate=1.00, collisions/ep=1.00
Solved-check at update 65: solved=False worst_gap=100.01 at p_x0=2.00 p_y0=-1.00 (consecutive=0)
update=66 global_step=135168 SPS=693 w_ev=0.948 m_ev=0.973 m_v_bias=4.2 m_adv_std=30.4023 m_kl_max=0.0113 m_ratio_max=0.685 w_ax@goal=+1.35 w_v@goal=19.49 return=936.4 length=82 success_rate=1.00 collisions/ep=1.44 (n=25)
update=67 global_step=137216 SPS=698 w_ev=0.959 m_ev=0.982 m_v_bias=0.6 m_adv_std=25.5499 m_kl_max=0.0045 m_ratio_max=0.354 w_ax@goal=+1.34 w_v@goal=19.49 return=948.0 length=83 success_rate=1.00 collisions/ep=1.20 (n=25)
update=68 global_step=139264 SPS=703 w_ev=0.948 m_ev=0.978 m_v_bias=-0.0 m_adv_std=26.4137 m_kl_max=0.0226 m_ratio_max=0.671 w_ax@goal=+1.28 w_v@goal=19.55 return=953.9 length=85 success_rate=1.00 collisions/ep=1.09 (n=23)
update=69 global_step=141312 SPS=707 w_ev=0.948 m_ev=0.971 m_v_bias=3.9 m_adv_std=32.0483 m_kl_max=0.0170 m_ratio_max=0.479 w_ax@goal=+1.42 w_v@goal=19.63 return=944.3 length=82 success_rate=1.00 collisions/ep=1.27 (n=26)
update=70 global_step=143360 SPS=712 w_ev=0.956 m_ev=0.983 m_v_bias=-1.8 m_adv_std=22.9715 m_kl_max=0.0094 m_ratio_max=0.389 w_ax@goal=+1.08 w_v@goal=19.46 return=961.4 length=84 success_rate=1.00 collisions/ep=0.91 (n=23)
Evaluation at update 70: return=963.61, length=83.85, success_rate=1.00, collisions/ep=0.90
Solved-check at update 70: solved=False worst_gap=56.01 at p_x0=0.00 p_y0=-0.50 (consecutive=0)
update=71 global_step=145408 SPS=699 w_ev=0.956 m_ev=0.989 m_v_bias=-1.3 m_adv_std=18.9949 m_kl_max=0.0173 m_ratio_max=0.522 w_ax@goal=+0.95 w_v@goal=19.37 return=961.0 length=85 success_rate=1.00 collisions/ep=0.92 (n=25)
update=72 global_step=147456 SPS=703 w_ev=0.942 m_ev=0.970 m_v_bias=2.4 m_adv_std=32.2855 m_kl_max=0.0187 m_ratio_max=0.690 w_ax@goal=+1.11 w_v@goal=19.41 return=954.0 length=84 success_rate=1.00 collisions/ep=1.08 (n=24)
update=73 global_step=149504 SPS=708 w_ev=0.950 m_ev=0.985 m_v_bias=-4.1 m_adv_std=22.3945 m_kl_max=0.0093 m_ratio_max=0.407 w_ax@goal=+1.08 w_v@goal=19.65 return=967.8 length=84 success_rate=1.00 collisions/ep=0.79 (n=24)
update=74 global_step=151552 SPS=713 w_ev=0.952 m_ev=0.977 m_v_bias=-1.6 m_adv_std=27.7078 m_kl_max=0.0109 m_ratio_max=0.487 w_ax@goal=+0.81 w_v@goal=19.58 return=961.4 length=85 success_rate=1.00 collisions/ep=0.92 (n=24)
update=75 global_step=153600 SPS=716 w_ev=0.911 m_ev=0.934 m_v_bias=12.1 m_adv_std=49.7761 m_kl_max=0.0273 m_ratio_max=0.798 w_ax@goal=+1.06 w_v@goal=19.55 return=938.6 length=84 success_rate=1.00 collisions/ep=1.36 (n=25)
Evaluation at update 75: return=958.25, length=84.20, success_rate=1.00, collisions/ep=1.00
Solved-check at update 75: solved=False worst_gap=56.02 at p_x0=0.00 p_y0=-0.50 (consecutive=0)
update=76 global_step=155648 SPS=704 w_ev=0.943 m_ev=0.983 m_v_bias=-10.6 m_adv_std=23.8271 m_kl_max=0.0172 m_ratio_max=0.629 w_ax@goal=+1.13 w_v@goal=19.58 return=964.5 length=83 success_rate=1.00 collisions/ep=0.84 (n=25)
update=77 global_step=157696 SPS=708 w_ev=0.956 m_ev=0.992 m_v_bias=-7.8 m_adv_std=16.3550 m_kl_max=0.0131 m_ratio_max=0.426 w_ax@goal=+1.04 w_v@goal=19.58 return=969.1 length=84 success_rate=1.00 collisions/ep=0.75 (n=24)
update=78 global_step=159744 SPS=712 w_ev=0.959 m_ev=0.982 m_v_bias=0.7 m_adv_std=24.8290 m_kl_max=0.0055 m_ratio_max=0.507 w_ax@goal=+1.14 w_v@goal=19.55 return=970.8 length=84 success_rate=1.00 collisions/ep=0.72 (n=25)
update=79 global_step=161792 SPS=715 w_ev=0.961 m_ev=0.983 m_v_bias=3.6 m_adv_std=22.9403 m_kl_max=0.0096 m_ratio_max=0.769 w_ax@goal=+1.16 w_v@goal=19.63 return=977.2 length=86 success_rate=1.00 collisions/ep=0.58 (n=24)
update=80 global_step=163840 SPS=719 w_ev=0.954 m_ev=0.991 m_v_bias=-2.4 m_adv_std=16.8460 m_kl_max=0.0104 m_ratio_max=0.397 w_ax@goal=+1.11 w_v@goal=19.57 return=978.5 length=84 success_rate=1.00 collisions/ep=0.56 (n=25)
Evaluation at update 80: return=1007.86, length=84.60, success_rate=1.00, collisions/ep=0.00
Solved-check at update 80: solved=False worst_gap=7.01 at p_x0=0.00 p_y0=-0.50 (consecutive=0)
update=81 global_step=165888 SPS=708 w_ev=0.947 m_ev=0.970 m_v_bias=0.2 m_adv_std=31.1058 m_kl_max=0.0237 m_ratio_max=0.950 w_ax@goal=+1.04 w_v@goal=19.55 return=983.8 length=85 success_rate=1.00 collisions/ep=0.46 (n=24)
update=82 global_step=167936 SPS=712 w_ev=0.947 m_ev=0.982 m_v_bias=-0.0 m_adv_std=23.7532 m_kl_max=0.0118 m_ratio_max=0.551 w_ax@goal=+0.93 w_v@goal=19.62 return=985.8 length=83 success_rate=1.00 collisions/ep=0.42 (n=24)
update=83 global_step=169984 SPS=717 w_ev=0.953 m_ev=0.983 m_v_bias=5.6 m_adv_std=23.3180 m_kl_max=0.0271 m_ratio_max=0.753 w_ax@goal=+1.02 w_v@goal=19.53 return=982.3 length=84 success_rate=1.00 collisions/ep=0.48 (n=25)
update=84 global_step=172032 SPS=721 w_ev=0.943 m_ev=0.972 m_v_bias=0.9 m_adv_std=30.8454 m_kl_max=0.0214 m_ratio_max=0.612 w_ax@goal=+0.88 w_v@goal=19.47 return=975.6 length=86 success_rate=1.00 collisions/ep=0.61 (n=23)
update=85 global_step=174080 SPS=725 w_ev=0.969 m_ev=0.992 m_v_bias=-6.4 m_adv_std=15.6176 m_kl_max=0.0123 m_ratio_max=0.517 w_ax@goal=+0.90 w_v@goal=19.66 return=993.4 length=84 success_rate=1.00 collisions/ep=0.25 (n=24)
Evaluation at update 85: return=1008.00, length=84.45, success_rate=1.00, collisions/ep=0.00
Solved-check at update 85: solved=False worst_gap=7.02 at p_x0=0.00 p_y0=-0.50 (consecutive=0)
update=86 global_step=176128 SPS=717 w_ev=0.968 m_ev=0.995 m_v_bias=-2.6 m_adv_std=11.8183 m_kl_max=0.0218 m_ratio_max=0.895 w_ax@goal=+1.00 w_v@goal=19.61 return=997.9 length=84 success_rate=1.00 collisions/ep=0.17 (n=24)
update=87 global_step=178176 SPS=721 w_ev=0.970 m_ev=0.987 m_v_bias=1.1 m_adv_std=19.7069 m_kl_max=0.0362 m_ratio_max=1.367 w_ax@goal=+1.05 w_v@goal=19.67 return=983.4 length=85 success_rate=1.00 collisions/ep=0.46 (n=24)
update=88 global_step=180224 SPS=725 w_ev=0.941 m_ev=0.995 m_v_bias=-1.1 m_adv_std=12.7923 m_kl_max=0.0105 m_ratio_max=0.597 w_ax@goal=+0.72 w_v@goal=19.48 return=998.8 length=86 success_rate=1.00 collisions/ep=0.17 (n=24)
update=89 global_step=182272 SPS=729 w_ev=0.938 m_ev=0.974 m_v_bias=6.3 m_adv_std=28.6438 m_kl_max=0.0181 m_ratio_max=0.670 w_ax@goal=+0.91 w_v@goal=19.60 return=977.1 length=87 success_rate=1.00 collisions/ep=0.58 (n=24)
update=90 global_step=184320 SPS=734 w_ev=0.935 m_ev=0.975 m_v_bias=-1.1 m_adv_std=28.3562 m_kl_max=0.0183 m_ratio_max=0.814 w_ax@goal=+0.81 w_v@goal=19.72 return=978.5 length=86 success_rate=1.00 collisions/ep=0.54 (n=24)
Evaluation at update 90: return=1008.20, length=84.25, success_rate=1.00, collisions/ep=0.00
Solved-check at update 90: solved=False worst_gap=7.02 at p_x0=0.00 p_y0=-0.50 (consecutive=0)
update=91 global_step=186368 SPS=729 w_ev=0.957 m_ev=0.987 m_v_bias=-4.1 m_adv_std=19.3777 m_kl_max=0.0028 m_ratio_max=0.215 w_ax@goal=+0.92 w_v@goal=19.69 return=997.8 length=85 success_rate=1.00 collisions/ep=0.17 (n=24)
update=92 global_step=188416 SPS=733 w_ev=0.970 m_ev=0.996 m_v_bias=-3.1 m_adv_std=11.0133 m_kl_max=0.0103 m_ratio_max=0.421 w_ax@goal=+0.85 w_v@goal=19.47 return=992.6 length=83 success_rate=1.00 collisions/ep=0.28 (n=25)
update=93 global_step=190464 SPS=738 w_ev=0.967 m_ev=0.994 m_v_bias=-0.9 m_adv_std=12.7704 m_kl_max=0.0240 m_ratio_max=0.701 w_ax@goal=+0.84 w_v@goal=19.51 return=998.4 length=84 success_rate=1.00 collisions/ep=0.17 (n=24)
update=94 global_step=192512 SPS=744 w_ev=0.960 m_ev=0.988 m_v_bias=5.8 m_adv_std=18.9940 m_kl_max=0.0112 m_ratio_max=0.911 w_ax@goal=+0.79 w_v@goal=19.65 return=997.8 length=84 success_rate=1.00 collisions/ep=0.16 (n=25)
update=95 global_step=194560 SPS=749 w_ev=0.943 m_ev=0.978 m_v_bias=-3.1 m_adv_std=25.6084 m_kl_max=0.0076 m_ratio_max=0.445 w_ax@goal=+0.87 w_v@goal=19.50 return=978.6 length=83 success_rate=1.00 collisions/ep=0.56 (n=25)
Evaluation at update 95: return=1008.45, length=84.00, success_rate=1.00, collisions/ep=0.00
Solved-check at update 95: solved=False worst_gap=6.02 at p_x0=0.00 p_y0=-0.50 (consecutive=0)
update=96 global_step=196608 SPS=747 w_ev=0.955 m_ev=0.973 m_v_bias=7.4 m_adv_std=29.4997 m_kl_max=0.0332 m_ratio_max=1.168 w_ax@goal=+0.72 w_v@goal=19.53 return=970.6 length=83 success_rate=1.00 collisions/ep=0.72 (n=25)
update=97 global_step=198656 SPS=752 w_ev=0.943 m_ev=0.980 m_v_bias=-3.4 m_adv_std=25.0497 m_kl_max=0.0363 m_ratio_max=1.031 w_ax@goal=+0.64 w_v@goal=19.50 return=985.3 length=83 success_rate=1.00 collisions/ep=0.42 (n=24)
update=98 global_step=200704 SPS=757 w_ev=0.956 m_ev=0.979 m_v_bias=-1.0 m_adv_std=25.9272 m_kl_max=0.0083 m_ratio_max=0.508 w_ax@goal=+0.72 w_v@goal=19.59 return=977.6 length=84 success_rate=1.00 collisions/ep=0.58 (n=24)
update=99 global_step=202752 SPS=763 w_ev=0.748 m_ev=0.467 m_v_bias=38.0 m_adv_std=154.6696 m_kl_max=0.0076 m_ratio_max=0.506 w_ax@goal=+0.39 w_v@goal=19.67 return=938.0 length=90 success_rate=0.96 collisions/ep=0.42 (n=24)
update=100 global_step=204800 SPS=768 w_ev=0.908 m_ev=0.933 m_v_bias=-20.2 m_adv_std=47.2911 m_kl_max=0.0136 m_ratio_max=0.732 w_ax@goal=+0.55 w_v@goal=19.34 return=981.4 length=85 success_rate=1.00 collisions/ep=0.50 (n=24)
Evaluation at update 100: return=1007.90, length=84.55, success_rate=1.00, collisions/ep=0.00
Solved-check at update 100: solved=False worst_gap=7.02 at p_x0=0.00 p_y0=-0.50 (consecutive=0)
Saved checkpoints to C:\Users\loren\Desktop\MASTER THESIS\5_CODE\scenarios\slalom\studies\hppo\runs\hppo_slalom_18_1791080362
