Using device: cpu
Solved-check: precomputed optimal returns for 25 fixed initial conditions (mean=1011.8, min=1007.0, max=1014.0); solved-tolerance=5.0
num_envs=8 num_steps_per_env=256 worker_batch_size=2048 worker_minibatch_size=256 num_updates=100 timesteps=204800
update=1 global_step=2048 SPS=727 w_ev=0.055 m_ev=-0.000 m_v_bias=109.6 m_adv_std=183.6181 m_kl_max=0.0011 m_ratio_max=0.248 w_ax@goal=+0.03 w_v@goal=0.32 return=-545.7 length=198 success_rate=0.12 collisions/ep=10.12 (n=8)
update=2 global_step=4096 SPS=706 w_ev=0.214 m_ev=0.181 m_v_bias=6.0 m_adv_std=142.0010 m_kl_max=0.0008 m_ratio_max=0.208 w_ax@goal=-0.02 w_v@goal=0.74 return=-297.3 length=193 success_rate=0.12 collisions/ep=5.12 (n=8)
update=3 global_step=6144 SPS=695 w_ev=0.327 m_ev=0.258 m_v_bias=20.1 m_adv_std=124.4330 m_kl_max=0.0019 m_ratio_max=0.269 w_ax@goal=+0.44 w_v@goal=1.40 return=-381.5 length=199 success_rate=0.11 collisions/ep=6.00 (n=9)
update=4 global_step=8192 SPS=680 w_ev=0.442 m_ev=0.333 m_v_bias=-40.9 m_adv_std=167.5928 m_kl_max=0.0009 m_ratio_max=0.146 w_ax@goal=+0.04 w_v@goal=1.36 return=-230.5 length=188 success_rate=0.13 collisions/ep=4.47 (n=15)
update=5 global_step=10240 SPS=672 w_ev=0.577 m_ev=0.379 m_v_bias=-59.8 m_adv_std=250.2643 m_kl_max=0.0007 m_ratio_max=0.135 w_ax@goal=+0.02 w_v@goal=3.97 return=96.9 length=161 success_rate=0.45 collisions/ep=4.91 (n=11)
Evaluation at update 5: return=395.67, length=96.25, success_rate=1.00, collisions/ep=11.95
Solved-check at update 5: solved=False worst_gap=980.97 at p_x0=2.00 p_y0=1.00 (consecutive=0)
update=6 global_step=12288 SPS=490 w_ev=0.812 m_ev=0.456 m_v_bias=-124.2 m_adv_std=233.0916 m_kl_max=0.0017 m_ratio_max=0.170 w_ax@goal=+0.18 w_v@goal=7.92 return=391.9 length=145 success_rate=0.73 collisions/ep=5.60 (n=15)
update=7 global_step=14336 SPS=548 w_ev=0.916 m_ev=0.798 m_v_bias=-147.6 m_adv_std=139.8430 m_kl_max=0.0021 m_ratio_max=0.204 w_ax@goal=+0.44 w_v@goal=15.50 return=725.5 length=123 success_rate=1.00 collisions/ep=4.88 (n=17)
update=8 global_step=16384 SPS=598 w_ev=0.953 m_ev=0.907 m_v_bias=-84.4 m_adv_std=80.4157 m_kl_max=0.0013 m_ratio_max=0.183 w_ax@goal=+0.57 w_v@goal=19.11 return=733.6 length=111 success_rate=1.00 collisions/ep=4.95 (n=20)
update=9 global_step=18432 SPS=648 w_ev=0.954 m_ev=0.894 m_v_bias=-47.4 m_adv_std=77.6048 m_kl_max=0.0041 m_ratio_max=0.225 w_ax@goal=+0.53 w_v@goal=20.15 return=831.2 length=99 success_rate=1.00 collisions/ep=3.21 (n=19)
update=10 global_step=20480 SPS=694 w_ev=0.949 m_ev=0.871 m_v_bias=8.0 m_adv_std=89.2724 m_kl_max=0.0179 m_ratio_max=0.570 w_ax@goal=+0.74 w_v@goal=20.09 return=753.0 length=92 success_rate=1.00 collisions/ep=4.91 (n=23)
Evaluation at update 10: return=812.26, length=82.15, success_rate=1.00, collisions/ep=3.90
Solved-check at update 10: solved=False worst_gap=503.98 at p_x0=1.00 p_y0=-0.50 (consecutive=0)
update=11 global_step=22528 SPS=562 w_ev=0.947 m_ev=0.906 m_v_bias=-7.8 m_adv_std=74.7285 m_kl_max=0.0030 m_ratio_max=0.322 w_ax@goal=+0.72 w_v@goal=19.80 return=777.4 length=89 success_rate=1.00 collisions/ep=4.50 (n=24)
update=12 global_step=24576 SPS=568 w_ev=0.944 m_ev=0.905 m_v_bias=-2.7 m_adv_std=71.9520 m_kl_max=0.0074 m_ratio_max=0.546 w_ax@goal=+0.59 w_v@goal=19.58 return=799.1 length=91 success_rate=1.00 collisions/ep=4.00 (n=24)
update=13 global_step=26624 SPS=581 w_ev=0.950 m_ev=0.931 m_v_bias=-1.8 m_adv_std=62.9169 m_kl_max=0.0029 m_ratio_max=0.297 w_ax@goal=+0.62 w_v@goal=19.73 return=836.6 length=89 success_rate=1.00 collisions/ep=3.30 (n=23)
update=14 global_step=28672 SPS=584 w_ev=0.943 m_ev=0.912 m_v_bias=-9.7 m_adv_std=64.3270 m_kl_max=0.0013 m_ratio_max=0.199 w_ax@goal=+0.74 w_v@goal=19.77 return=825.9 length=88 success_rate=1.00 collisions/ep=3.54 (n=24)
update=15 global_step=30720 SPS=598 w_ev=0.946 m_ev=0.955 m_v_bias=-8.6 m_adv_std=44.1925 m_kl_max=0.0024 m_ratio_max=0.234 w_ax@goal=+0.48 w_v@goal=19.32 return=884.2 length=88 success_rate=1.00 collisions/ep=2.36 (n=22)
Evaluation at update 15: return=953.15, length=81.25, success_rate=1.00, collisions/ep=1.10
Solved-check at update 15: solved=False worst_gap=102.98 at p_x0=2.00 p_y0=-0.50 (consecutive=0)
update=16 global_step=32768 SPS=529 w_ev=0.963 m_ev=0.978 m_v_bias=-21.6 m_adv_std=30.2727 m_kl_max=0.0024 m_ratio_max=0.224 w_ax@goal=+0.78 w_v@goal=19.39 return=907.9 length=88 success_rate=1.00 collisions/ep=1.92 (n=24)
update=17 global_step=34816 SPS=537 w_ev=0.957 m_ev=0.966 m_v_bias=0.6 m_adv_std=36.9460 m_kl_max=0.0100 m_ratio_max=0.667 w_ax@goal=+0.60 w_v@goal=19.30 return=899.2 length=86 success_rate=1.00 collisions/ep=2.12 (n=24)
update=18 global_step=36864 SPS=559 w_ev=0.955 m_ev=0.966 m_v_bias=0.6 m_adv_std=37.2138 m_kl_max=0.0047 m_ratio_max=0.317 w_ax@goal=+0.69 w_v@goal=19.42 return=898.0 length=87 success_rate=1.00 collisions/ep=2.14 (n=22)
update=19 global_step=38912 SPS=580 w_ev=0.949 m_ev=0.958 m_v_bias=7.6 m_adv_std=42.3918 m_kl_max=0.0022 m_ratio_max=0.205 w_ax@goal=+0.61 w_v@goal=19.42 return=893.6 length=87 success_rate=1.00 collisions/ep=2.22 (n=23)
update=20 global_step=40960 SPS=599 w_ev=0.961 m_ev=0.955 m_v_bias=-1.8 m_adv_std=44.8156 m_kl_max=0.0008 m_ratio_max=0.162 w_ax@goal=+0.88 w_v@goal=19.46 return=891.8 length=88 success_rate=1.00 collisions/ep=2.25 (n=24)
Evaluation at update 20: return=892.80, length=81.60, success_rate=1.00, collisions/ep=2.30
Solved-check at update 20: solved=False worst_gap=502.00 at p_x0=1.00 p_y0=-1.00 (consecutive=0)
update=21 global_step=43008 SPS=548 w_ev=0.940 m_ev=0.888 m_v_bias=6.4 m_adv_std=73.8377 m_kl_max=0.0017 m_ratio_max=0.207 w_ax@goal=+0.90 w_v@goal=19.17 return=855.9 length=85 success_rate=1.00 collisions/ep=2.96 (n=24)
update=22 global_step=45056 SPS=552 w_ev=0.964 m_ev=0.954 m_v_bias=-18.4 m_adv_std=43.6108 m_kl_max=0.0016 m_ratio_max=0.186 w_ax@goal=+0.86 w_v@goal=19.32 return=889.8 length=85 success_rate=1.00 collisions/ep=2.32 (n=25)
update=23 global_step=47104 SPS=555 w_ev=0.956 m_ev=0.964 m_v_bias=-4.3 m_adv_std=37.1255 m_kl_max=0.0038 m_ratio_max=0.330 w_ax@goal=+0.99 w_v@goal=19.24 return=903.4 length=84 success_rate=1.00 collisions/ep=2.04 (n=24)
update=24 global_step=49152 SPS=559 w_ev=0.952 m_ev=0.943 m_v_bias=12.3 m_adv_std=50.2857 m_kl_max=0.0103 m_ratio_max=0.531 w_ax@goal=+0.81 w_v@goal=19.13 return=874.0 length=85 success_rate=1.00 collisions/ep=2.60 (n=25)
update=25 global_step=51200 SPS=575 w_ev=0.958 m_ev=0.975 m_v_bias=-8.4 m_adv_std=31.0164 m_kl_max=0.0035 m_ratio_max=0.353 w_ax@goal=+0.94 w_v@goal=19.30 return=915.7 length=85 success_rate=1.00 collisions/ep=1.79 (n=24)
Evaluation at update 25: return=957.94, length=81.45, success_rate=1.00, collisions/ep=1.00
Solved-check at update 25: solved=False worst_gap=102.00 at p_x0=1.50 p_y0=-1.00 (consecutive=0)
update=26 global_step=53248 SPS=550 w_ev=0.951 m_ev=0.953 m_v_bias=-4.1 m_adv_std=41.2656 m_kl_max=0.0009 m_ratio_max=0.130 w_ax@goal=+0.97 w_v@goal=19.14 return=903.7 length=84 success_rate=1.00 collisions/ep=2.05 (n=22)
update=27 global_step=55296 SPS=564 w_ev=0.959 m_ev=0.958 m_v_bias=-0.5 m_adv_std=41.1147 m_kl_max=0.0009 m_ratio_max=0.166 w_ax@goal=+0.94 w_v@goal=19.33 return=908.4 length=86 success_rate=1.00 collisions/ep=1.96 (n=25)
update=28 global_step=57344 SPS=579 w_ev=0.940 m_ev=0.922 m_v_bias=5.6 m_adv_std=56.1167 m_kl_max=0.0005 m_ratio_max=0.188 w_ax@goal=+1.16 w_v@goal=19.26 return=899.7 length=84 success_rate=1.00 collisions/ep=2.12 (n=24)
update=29 global_step=59392 SPS=592 w_ev=0.940 m_ev=0.925 m_v_bias=-11.7 m_adv_std=55.3135 m_kl_max=0.0005 m_ratio_max=0.096 w_ax@goal=+1.19 w_v@goal=19.34 return=912.8 length=83 success_rate=1.00 collisions/ep=1.88 (n=24)
update=30 global_step=61440 SPS=606 w_ev=0.955 m_ev=0.976 m_v_bias=-5.3 m_adv_std=28.6405 m_kl_max=0.0006 m_ratio_max=0.190 w_ax@goal=+1.01 w_v@goal=19.26 return=924.4 length=84 success_rate=1.00 collisions/ep=1.64 (n=25)
Evaluation at update 30: return=932.89, length=81.50, success_rate=1.00, collisions/ep=1.50
Solved-check at update 30: solved=False worst_gap=352.00 at p_x0=1.50 p_y0=-1.00 (consecutive=0)
update=31 global_step=63488 SPS=592 w_ev=0.943 m_ev=0.924 m_v_bias=8.1 m_adv_std=55.6229 m_kl_max=0.0011 m_ratio_max=0.198 w_ax@goal=+1.04 w_v@goal=19.16 return=905.9 length=84 success_rate=1.00 collisions/ep=2.00 (n=23)
update=32 global_step=65536 SPS=604 w_ev=0.963 m_ev=0.969 m_v_bias=-1.6 m_adv_std=34.9503 m_kl_max=0.0034 m_ratio_max=0.232 w_ax@goal=+1.14 w_v@goal=19.19 return=928.2 length=85 success_rate=1.00 collisions/ep=1.56 (n=25)
update=33 global_step=67584 SPS=616 w_ev=0.951 m_ev=0.983 m_v_bias=-3.4 m_adv_std=24.5781 m_kl_max=0.0022 m_ratio_max=0.192 w_ax@goal=+1.18 w_v@goal=19.19 return=930.1 length=86 success_rate=1.00 collisions/ep=1.50 (n=24)
update=34 global_step=69632 SPS=628 w_ev=0.959 m_ev=0.982 m_v_bias=-2.3 m_adv_std=25.1677 m_kl_max=0.0003 m_ratio_max=0.114 w_ax@goal=+1.09 w_v@goal=19.16 return=937.4 length=83 success_rate=1.00 collisions/ep=1.38 (n=24)
update=35 global_step=71680 SPS=639 w_ev=0.966 m_ev=0.991 m_v_bias=-3.7 m_adv_std=18.0325 m_kl_max=0.0012 m_ratio_max=0.185 w_ax@goal=+1.13 w_v@goal=19.13 return=937.7 length=84 success_rate=1.00 collisions/ep=1.38 (n=24)
Evaluation at update 35: return=957.79, length=81.60, success_rate=1.00, collisions/ep=1.00
Solved-check at update 35: solved=False worst_gap=200.01 at p_x0=2.00 p_y0=-1.00 (consecutive=0)
update=36 global_step=73728 SPS=597 w_ev=0.957 m_ev=0.986 m_v_bias=3.2 m_adv_std=22.4183 m_kl_max=0.0024 m_ratio_max=0.248 w_ax@goal=+1.25 w_v@goal=19.20 return=932.0 length=85 success_rate=1.00 collisions/ep=1.48 (n=25)
update=37 global_step=75776 SPS=596 w_ev=0.961 m_ev=0.978 m_v_bias=-1.8 m_adv_std=28.7042 m_kl_max=0.0005 m_ratio_max=0.169 w_ax@goal=+1.20 w_v@goal=19.13 return=929.5 length=84 success_rate=1.00 collisions/ep=1.54 (n=24)
update=38 global_step=77824 SPS=596 w_ev=0.952 m_ev=0.976 m_v_bias=-4.3 m_adv_std=29.2875 m_kl_max=0.0002 m_ratio_max=0.056 w_ax@goal=+1.17 w_v@goal=19.33 return=934.8 length=85 success_rate=1.00 collisions/ep=1.43 (n=23)
update=39 global_step=79872 SPS=595 w_ev=0.952 m_ev=0.971 m_v_bias=-0.6 m_adv_std=32.3943 m_kl_max=0.0014 m_ratio_max=0.163 w_ax@goal=+1.21 w_v@goal=19.13 return=924.7 length=85 success_rate=1.00 collisions/ep=1.64 (n=25)
update=40 global_step=81920 SPS=594 w_ev=0.962 m_ev=0.979 m_v_bias=-0.5 m_adv_std=27.3532 m_kl_max=0.0029 m_ratio_max=0.292 w_ax@goal=+1.16 w_v@goal=18.99 return=934.4 length=85 success_rate=1.00 collisions/ep=1.44 (n=25)
Evaluation at update 40: return=918.14, length=81.25, success_rate=1.00, collisions/ep=1.80
Solved-check at update 40: solved=False worst_gap=452.00 at p_x0=1.50 p_y0=-1.00 (consecutive=0)
update=41 global_step=83968 SPS=557 w_ev=0.962 m_ev=0.978 m_v_bias=-0.6 m_adv_std=27.4142 m_kl_max=0.0046 m_ratio_max=0.454 w_ax@goal=+1.17 w_v@goal=19.20 return=939.5 length=84 success_rate=1.00 collisions/ep=1.36 (n=25)
update=42 global_step=86016 SPS=557 w_ev=0.947 m_ev=0.929 m_v_bias=8.4 m_adv_std=51.9646 m_kl_max=0.0203 m_ratio_max=0.591 w_ax@goal=+1.23 w_v@goal=19.18 return=924.4 length=85 success_rate=1.00 collisions/ep=1.65 (n=23)
update=43 global_step=88064 SPS=558 w_ev=0.944 m_ev=0.972 m_v_bias=-7.3 m_adv_std=32.0827 m_kl_max=0.0029 m_ratio_max=0.314 w_ax@goal=+1.21 w_v@goal=19.25 return=921.2 length=83 success_rate=1.00 collisions/ep=1.71 (n=24)
update=44 global_step=90112 SPS=559 w_ev=0.965 m_ev=0.987 m_v_bias=-4.5 m_adv_std=21.4177 m_kl_max=0.0016 m_ratio_max=0.164 w_ax@goal=+1.34 w_v@goal=19.43 return=945.6 length=84 success_rate=1.00 collisions/ep=1.23 (n=26)
update=45 global_step=92160 SPS=559 w_ev=0.954 m_ev=0.984 m_v_bias=-0.1 m_adv_std=24.0155 m_kl_max=0.0040 m_ratio_max=0.236 w_ax@goal=+1.22 w_v@goal=19.27 return=938.1 length=85 success_rate=1.00 collisions/ep=1.38 (n=24)
Evaluation at update 45: return=958.38, length=81.00, success_rate=1.00, collisions/ep=1.00
Solved-check at update 45: solved=False worst_gap=102.01 at p_x0=1.50 p_y0=-1.00 (consecutive=0)
update=46 global_step=94208 SPS=525 w_ev=0.963 m_ev=0.992 m_v_bias=-2.8 m_adv_std=15.9985 m_kl_max=0.0044 m_ratio_max=0.318 w_ax@goal=+1.44 w_v@goal=19.45 return=937.7 length=83 success_rate=1.00 collisions/ep=1.38 (n=24)
update=47 global_step=96256 SPS=525 w_ev=0.942 m_ev=0.983 m_v_bias=4.8 m_adv_std=24.1606 m_kl_max=0.0111 m_ratio_max=0.433 w_ax@goal=+1.35 w_v@goal=19.27 return=942.6 length=84 success_rate=1.00 collisions/ep=1.29 (n=24)
update=48 global_step=98304 SPS=526 w_ev=0.958 m_ev=0.987 m_v_bias=-1.6 m_adv_std=21.3592 m_kl_max=0.0079 m_ratio_max=0.318 w_ax@goal=+1.36 w_v@goal=19.27 return=936.4 length=83 success_rate=1.00 collisions/ep=1.42 (n=26)
update=49 global_step=100352 SPS=530 w_ev=0.962 m_ev=0.996 m_v_bias=-7.9 m_adv_std=10.8943 m_kl_max=0.0039 m_ratio_max=0.349 w_ax@goal=+1.22 w_v@goal=19.24 return=947.6 length=82 success_rate=1.00 collisions/ep=1.20 (n=25)
update=50 global_step=102400 SPS=537 w_ev=0.955 m_ev=0.981 m_v_bias=5.9 m_adv_std=26.0893 m_kl_max=0.0114 m_ratio_max=0.497 w_ax@goal=+1.47 w_v@goal=19.26 return=933.8 length=84 success_rate=1.00 collisions/ep=1.48 (n=23)
Evaluation at update 50: return=956.58, length=80.30, success_rate=1.00, collisions/ep=1.05
Solved-check at update 50: solved=False worst_gap=102.00 at p_x0=2.00 p_y0=-0.50 (consecutive=0)
update=51 global_step=104448 SPS=535 w_ev=0.942 m_ev=0.952 m_v_bias=10.6 m_adv_std=44.7207 m_kl_max=0.0252 m_ratio_max=0.645 w_ax@goal=+1.43 w_v@goal=19.33 return=909.7 length=83 success_rate=1.00 collisions/ep=1.96 (n=26)
update=52 global_step=106496 SPS=543 w_ev=0.952 m_ev=0.972 m_v_bias=-8.9 m_adv_std=31.2032 m_kl_max=0.0184 m_ratio_max=0.580 w_ax@goal=+1.43 w_v@goal=19.42 return=935.8 length=82 success_rate=1.00 collisions/ep=1.44 (n=25)
update=53 global_step=108544 SPS=550 w_ev=0.948 m_ev=0.987 m_v_bias=-3.2 m_adv_std=20.7061 m_kl_max=0.0100 m_ratio_max=0.495 w_ax@goal=+1.40 w_v@goal=19.27 return=952.0 length=83 success_rate=1.00 collisions/ep=1.12 (n=24)
update=54 global_step=110592 SPS=557 w_ev=0.947 m_ev=0.976 m_v_bias=5.2 m_adv_std=28.6045 m_kl_max=0.0131 m_ratio_max=0.388 w_ax@goal=+1.37 w_v@goal=19.21 return=936.8 length=80 success_rate=1.00 collisions/ep=1.42 (n=24)
update=55 global_step=112640 SPS=564 w_ev=0.951 m_ev=0.994 m_v_bias=-4.8 m_adv_std=14.1814 m_kl_max=0.0099 m_ratio_max=0.494 w_ax@goal=+1.26 w_v@goal=19.03 return=938.1 length=85 success_rate=1.00 collisions/ep=1.40 (n=25)
Evaluation at update 55: return=959.23, length=80.15, success_rate=1.00, collisions/ep=1.00
Solved-check at update 55: solved=False worst_gap=100.01 at p_x0=2.00 p_y0=-1.00 (consecutive=0)
update=56 global_step=114688 SPS=544 w_ev=0.960 m_ev=0.996 m_v_bias=1.3 m_adv_std=12.1409 m_kl_max=0.0155 m_ratio_max=0.653 w_ax@goal=+1.17 w_v@goal=19.34 return=949.6 length=86 success_rate=1.00 collisions/ep=1.17 (n=23)
update=57 global_step=116736 SPS=544 w_ev=0.953 m_ev=0.958 m_v_bias=9.6 m_adv_std=39.3363 m_kl_max=0.0161 m_ratio_max=0.587 w_ax@goal=+1.35 w_v@goal=19.33 return=942.8 length=82 success_rate=1.00 collisions/ep=1.31 (n=26)
update=58 global_step=118784 SPS=545 w_ev=0.944 m_ev=0.981 m_v_bias=-2.5 m_adv_std=25.8539 m_kl_max=0.0101 m_ratio_max=0.589 w_ax@goal=+1.23 w_v@goal=19.39 return=923.4 length=85 success_rate=1.00 collisions/ep=1.68 (n=25)
update=59 global_step=120832 SPS=545 w_ev=0.948 m_ev=0.982 m_v_bias=-2.7 m_adv_std=24.3815 m_kl_max=0.0154 m_ratio_max=0.640 w_ax@goal=+1.35 w_v@goal=19.27 return=941.4 length=83 success_rate=1.00 collisions/ep=1.32 (n=25)
update=60 global_step=122880 SPS=546 w_ev=0.955 m_ev=0.988 m_v_bias=0.0 m_adv_std=19.8357 m_kl_max=0.0129 m_ratio_max=0.437 w_ax@goal=+1.31 w_v@goal=19.35 return=941.4 length=82 success_rate=1.00 collisions/ep=1.33 (n=24)
Evaluation at update 60: return=958.93, length=80.45, success_rate=1.00, collisions/ep=1.00
Solved-check at update 60: solved=False worst_gap=100.01 at p_x0=2.00 p_y0=-1.00 (consecutive=0)
update=61 global_step=124928 SPS=521 w_ev=0.962 m_ev=0.987 m_v_bias=-0.4 m_adv_std=20.9547 m_kl_max=0.0065 m_ratio_max=0.301 w_ax@goal=+1.27 w_v@goal=19.29 return=939.5 length=83 success_rate=1.00 collisions/ep=1.35 (n=26)
update=62 global_step=126976 SPS=521 w_ev=0.958 m_ev=0.988 m_v_bias=-0.6 m_adv_std=19.7150 m_kl_max=0.0062 m_ratio_max=0.341 w_ax@goal=+1.29 w_v@goal=19.01 return=943.3 length=82 success_rate=1.00 collisions/ep=1.29 (n=24)
update=63 global_step=129024 SPS=522 w_ev=0.960 m_ev=0.984 m_v_bias=2.1 m_adv_std=23.3299 m_kl_max=0.0143 m_ratio_max=0.803 w_ax@goal=+1.21 w_v@goal=19.20 return=939.2 length=83 success_rate=1.00 collisions/ep=1.36 (n=25)
update=64 global_step=131072 SPS=522 w_ev=0.963 m_ev=0.996 m_v_bias=-3.2 m_adv_std=11.7784 m_kl_max=0.0076 m_ratio_max=0.524 w_ax@goal=+1.19 w_v@goal=19.47 return=949.6 length=82 success_rate=1.00 collisions/ep=1.15 (n=26)
update=65 global_step=133120 SPS=527 w_ev=0.966 m_ev=0.991 m_v_bias=3.5 m_adv_std=17.3259 m_kl_max=0.0167 m_ratio_max=0.796 w_ax@goal=+1.27 w_v@goal=19.00 return=944.5 length=85 success_rate=1.00 collisions/ep=1.25 (n=24)
Evaluation at update 65: return=959.08, length=80.30, success_rate=1.00, collisions/ep=1.00
Solved-check at update 65: solved=False worst_gap=100.01 at p_x0=2.00 p_y0=-1.00 (consecutive=0)
update=66 global_step=135168 SPS=522 w_ev=0.965 m_ev=0.988 m_v_bias=0.5 m_adv_std=19.9804 m_kl_max=0.0088 m_ratio_max=0.511 w_ax@goal=+1.21 w_v@goal=19.20 return=941.7 length=81 success_rate=1.00 collisions/ep=1.32 (n=25)
update=67 global_step=137216 SPS=527 w_ev=0.955 m_ev=0.991 m_v_bias=1.5 m_adv_std=17.0892 m_kl_max=0.0109 m_ratio_max=0.426 w_ax@goal=+1.14 w_v@goal=19.09 return=943.0 length=85 success_rate=1.00 collisions/ep=1.29 (n=24)
update=68 global_step=139264 SPS=533 w_ev=0.960 m_ev=0.998 m_v_bias=-5.4 m_adv_std=8.4636 m_kl_max=0.0066 m_ratio_max=0.715 w_ax@goal=+0.98 w_v@goal=19.01 return=953.2 length=84 success_rate=1.00 collisions/ep=1.08 (n=24)
update=69 global_step=141312 SPS=538 w_ev=0.968 m_ev=0.994 m_v_bias=1.5 m_adv_std=14.5502 m_kl_max=0.0094 m_ratio_max=0.548 w_ax@goal=+1.14 w_v@goal=19.09 return=948.2 length=85 success_rate=1.00 collisions/ep=1.17 (n=23)
update=70 global_step=143360 SPS=544 w_ev=0.962 m_ev=0.979 m_v_bias=3.4 m_adv_std=26.9689 m_kl_max=0.0164 m_ratio_max=0.592 w_ax@goal=+1.21 w_v@goal=19.09 return=940.6 length=85 success_rate=1.00 collisions/ep=1.33 (n=24)
Evaluation at update 70: return=958.93, length=80.45, success_rate=1.00, collisions/ep=1.00
Solved-check at update 70: solved=False worst_gap=100.02 at p_x0=2.00 p_y0=-1.00 (consecutive=0)
update=71 global_step=145408 SPS=529 w_ev=0.974 m_ev=0.993 m_v_bias=-0.9 m_adv_std=14.8865 m_kl_max=0.0042 m_ratio_max=0.304 w_ax@goal=+1.03 w_v@goal=19.08 return=949.4 length=83 success_rate=1.00 collisions/ep=1.16 (n=25)
update=72 global_step=147456 SPS=530 w_ev=0.969 m_ev=0.990 m_v_bias=2.4 m_adv_std=17.0801 m_kl_max=0.0085 m_ratio_max=0.536 w_ax@goal=+1.03 w_v@goal=19.07 return=947.2 length=84 success_rate=1.00 collisions/ep=1.21 (n=24)
update=73 global_step=149504 SPS=534 w_ev=0.968 m_ev=0.996 m_v_bias=0.4 m_adv_std=10.7964 m_kl_max=0.0095 m_ratio_max=0.333 w_ax@goal=+1.07 w_v@goal=19.22 return=952.8 length=85 success_rate=1.00 collisions/ep=1.08 (n=24)
update=74 global_step=151552 SPS=539 w_ev=0.957 m_ev=0.985 m_v_bias=0.5 m_adv_std=21.3594 m_kl_max=0.0156 m_ratio_max=0.650 w_ax@goal=+1.10 w_v@goal=18.95 return=943.1 length=82 success_rate=1.00 collisions/ep=1.29 (n=24)
update=75 global_step=153600 SPS=544 w_ev=0.967 m_ev=0.996 m_v_bias=-5.9 m_adv_std=10.9121 m_kl_max=0.0061 m_ratio_max=0.397 w_ax@goal=+1.06 w_v@goal=19.07 return=953.6 length=82 success_rate=1.00 collisions/ep=1.08 (n=25)
Evaluation at update 75: return=959.18, length=80.20, success_rate=1.00, collisions/ep=1.00
Solved-check at update 75: solved=False worst_gap=100.01 at p_x0=2.00 p_y0=-1.00 (consecutive=0)
update=76 global_step=155648 SPS=537 w_ev=0.963 m_ev=0.996 m_v_bias=-1.1 m_adv_std=10.7957 m_kl_max=0.0246 m_ratio_max=0.914 w_ax@goal=+1.18 w_v@goal=19.20 return=952.4 length=82 success_rate=1.00 collisions/ep=1.12 (n=26)
update=77 global_step=157696 SPS=542 w_ev=0.960 m_ev=0.998 m_v_bias=-2.2 m_adv_std=8.3616 m_kl_max=0.0105 m_ratio_max=0.477 w_ax@goal=+1.07 w_v@goal=19.15 return=954.6 length=84 success_rate=1.00 collisions/ep=1.08 (n=26)
update=78 global_step=159744 SPS=546 w_ev=0.961 m_ev=0.995 m_v_bias=1.1 m_adv_std=12.6195 m_kl_max=0.0074 m_ratio_max=0.546 w_ax@goal=+1.21 w_v@goal=19.25 return=952.4 length=83 success_rate=1.00 collisions/ep=1.12 (n=25)
update=79 global_step=161792 SPS=551 w_ev=0.966 m_ev=0.995 m_v_bias=0.0 m_adv_std=12.7055 m_kl_max=0.0233 m_ratio_max=0.826 w_ax@goal=+1.10 w_v@goal=19.12 return=950.5 length=82 success_rate=1.00 collisions/ep=1.15 (n=26)
update=80 global_step=163840 SPS=556 w_ev=0.971 m_ev=0.997 m_v_bias=-4.3 m_adv_std=10.2232 m_kl_max=0.0058 m_ratio_max=0.481 w_ax@goal=+1.26 w_v@goal=19.30 return=960.3 length=82 success_rate=1.00 collisions/ep=0.96 (n=24)
Evaluation at update 80: return=959.13, length=80.25, success_rate=1.00, collisions/ep=1.00
Solved-check at update 80: solved=False worst_gap=100.02 at p_x0=2.00 p_y0=-1.00 (consecutive=0)
update=81 global_step=165888 SPS=544 w_ev=0.963 m_ev=0.983 m_v_bias=5.3 m_adv_std=24.3061 m_kl_max=0.0188 m_ratio_max=0.545 w_ax@goal=+1.15 w_v@goal=19.14 return=947.7 length=84 success_rate=1.00 collisions/ep=1.21 (n=24)
update=82 global_step=167936 SPS=546 w_ev=0.947 m_ev=0.944 m_v_bias=7.2 m_adv_std=45.5598 m_kl_max=0.0274 m_ratio_max=0.790 w_ax@goal=+1.21 w_v@goal=19.12 return=928.7 length=82 success_rate=1.00 collisions/ep=1.58 (n=24)
update=83 global_step=169984 SPS=548 w_ev=0.959 m_ev=0.959 m_v_bias=3.1 m_adv_std=36.6532 m_kl_max=0.0110 m_ratio_max=0.726 w_ax@goal=+1.20 w_v@goal=19.33 return=937.2 length=83 success_rate=1.00 collisions/ep=1.42 (n=24)
update=84 global_step=172032 SPS=551 w_ev=0.958 m_ev=0.980 m_v_bias=-0.7 m_adv_std=26.7724 m_kl_max=0.0101 m_ratio_max=0.646 w_ax@goal=+1.17 w_v@goal=19.30 return=943.4 length=81 success_rate=1.00 collisions/ep=1.29 (n=24)
update=85 global_step=174080 SPS=554 w_ev=0.967 m_ev=0.994 m_v_bias=-6.0 m_adv_std=14.2249 m_kl_max=0.0030 m_ratio_max=0.292 w_ax@goal=+1.48 w_v@goal=19.29 return=952.4 length=84 success_rate=1.00 collisions/ep=1.12 (n=26)
Evaluation at update 85: return=959.13, length=80.25, success_rate=1.00, collisions/ep=1.00
Solved-check at update 85: solved=False worst_gap=100.02 at p_x0=2.00 p_y0=-1.00 (consecutive=0)
update=86 global_step=176128 SPS=546 w_ev=0.958 m_ev=0.988 m_v_bias=-1.1 m_adv_std=19.7944 m_kl_max=0.0059 m_ratio_max=0.495 w_ax@goal=+1.46 w_v@goal=19.31 return=951.9 length=84 success_rate=1.00 collisions/ep=1.12 (n=24)
update=87 global_step=178176 SPS=550 w_ev=0.963 m_ev=0.996 m_v_bias=-4.0 m_adv_std=11.1438 m_kl_max=0.0155 m_ratio_max=0.833 w_ax@goal=+1.39 w_v@goal=19.20 return=962.0 length=83 success_rate=1.00 collisions/ep=0.92 (n=25)
update=88 global_step=180224 SPS=554 w_ev=0.951 m_ev=0.991 m_v_bias=-1.3 m_adv_std=16.8409 m_kl_max=0.0174 m_ratio_max=0.487 w_ax@goal=+1.46 w_v@goal=19.32 return=960.2 length=82 success_rate=1.00 collisions/ep=0.96 (n=25)
update=89 global_step=182272 SPS=558 w_ev=0.959 m_ev=0.994 m_v_bias=5.8 m_adv_std=14.4039 m_kl_max=0.0198 m_ratio_max=1.422 w_ax@goal=+1.40 w_v@goal=19.28 return=966.6 length=84 success_rate=1.00 collisions/ep=0.83 (n=23)
update=90 global_step=184320 SPS=562 w_ev=0.959 m_ev=0.992 m_v_bias=0.4 m_adv_std=16.4952 m_kl_max=0.0191 m_ratio_max=0.499 w_ax@goal=+1.35 w_v@goal=19.12 return=961.3 length=84 success_rate=1.00 collisions/ep=0.92 (n=26)
Evaluation at update 90: return=993.78, length=80.60, success_rate=1.00, collisions/ep=0.30
Solved-check at update 90: solved=False worst_gap=56.02 at p_x0=0.00 p_y0=-1.00 (consecutive=0)
update=91 global_step=186368 SPS=560 w_ev=0.962 m_ev=0.993 m_v_bias=-5.1 m_adv_std=14.3630 m_kl_max=0.0271 m_ratio_max=0.677 w_ax@goal=+1.35 w_v@goal=19.31 return=972.7 length=84 success_rate=1.00 collisions/ep=0.71 (n=24)
update=92 global_step=188416 SPS=564 w_ev=0.895 m_ev=0.898 m_v_bias=13.5 m_adv_std=62.8000 m_kl_max=0.0188 m_ratio_max=0.756 w_ax@goal=+1.51 w_v@goal=19.14 return=959.6 length=83 success_rate=1.00 collisions/ep=0.96 (n=25)
update=93 global_step=190464 SPS=568 w_ev=0.949 m_ev=0.974 m_v_bias=-13.1 m_adv_std=28.2336 m_kl_max=0.0069 m_ratio_max=0.555 w_ax@goal=+1.56 w_v@goal=19.17 return=938.0 length=82 success_rate=1.00 collisions/ep=1.40 (n=25)
update=94 global_step=192512 SPS=572 w_ev=0.952 m_ev=0.979 m_v_bias=7.9 m_adv_std=25.8908 m_kl_max=0.0043 m_ratio_max=0.289 w_ax@goal=+1.49 w_v@goal=19.43 return=962.4 length=83 success_rate=1.00 collisions/ep=0.92 (n=24)
update=95 global_step=194560 SPS=574 w_ev=0.967 m_ev=0.990 m_v_bias=3.3 m_adv_std=18.0722 m_kl_max=0.0178 m_ratio_max=0.598 w_ax@goal=+1.48 w_v@goal=19.32 return=973.3 length=85 success_rate=1.00 collisions/ep=0.68 (n=25)
Evaluation at update 95: return=1008.68, length=80.70, success_rate=1.00, collisions/ep=0.00
Solved-check at update 95: solved=False worst_gap=54.01 at p_x0=0.00 p_y0=1.00 (consecutive=0)
update=96 global_step=196608 SPS=563 w_ev=0.960 m_ev=0.978 m_v_bias=5.6 m_adv_std=27.2111 m_kl_max=0.0084 m_ratio_max=0.435 w_ax@goal=+1.38 w_v@goal=19.21 return=961.7 length=86 success_rate=1.00 collisions/ep=0.92 (n=24)
update=97 global_step=198656 SPS=567 w_ev=0.934 m_ev=0.924 m_v_bias=2.9 m_adv_std=53.5847 m_kl_max=0.0348 m_ratio_max=2.015 w_ax@goal=+1.39 w_v@goal=19.13 return=969.8 length=84 success_rate=1.00 collisions/ep=0.75 (n=24)
update=98 global_step=200704 SPS=570 w_ev=0.949 m_ev=0.970 m_v_bias=-9.2 m_adv_std=32.1418 m_kl_max=0.0123 m_ratio_max=0.548 w_ax@goal=+1.50 w_v@goal=19.24 return=928.6 length=83 success_rate=1.00 collisions/ep=1.58 (n=24)
update=99 global_step=202752 SPS=571 w_ev=0.966 m_ev=0.986 m_v_bias=-6.1 m_adv_std=20.7835 m_kl_max=0.0106 m_ratio_max=0.587 w_ax@goal=+1.42 w_v@goal=19.39 return=974.3 length=83 success_rate=1.00 collisions/ep=0.67 (n=24)
update=100 global_step=204800 SPS=574 w_ev=0.969 m_ev=0.991 m_v_bias=-4.4 m_adv_std=16.4631 m_kl_max=0.0184 m_ratio_max=0.491 w_ax@goal=+1.47 w_v@goal=19.29 return=982.9 length=83 success_rate=1.00 collisions/ep=0.50 (n=24)
Evaluation at update 100: return=1008.43, length=80.95, success_rate=1.00, collisions/ep=0.00
Solved-check at update 100: solved=False worst_gap=54.03 at p_x0=1.50 p_y0=-1.00 (consecutive=0)
Saved checkpoints to C:\Users\loren\Desktop\MASTER THESIS\5_CODE\scenarios\slalom\studies\hppo\runs\hppo_slalom_5_1791079659
