Using device: cpu
Solved-check: precomputed optimal returns for 25 fixed initial conditions (mean=1013.0, min=1011.0, max=1015.0); solved-tolerance=5.0
Goal box: +-1.800 m (1.5x segment-reachable; segment-reachable displacement = 1.200 m)
tube MPC: W disks of radii (p, v) [0. 0.], RPI s=0 alpha=0; Z radii (p, v) = [0. 0.]
  X0 (-) Z: p_x [-1.000, 11.000], p_y [-1.999, 1.999], ||v|| <= 1.200; V = U (-) KZ: ||u|| <= 2.500; K = [-7.613 -4.585] per axis
  0 obstacles, 0 binaries before fixing, max big-M 0.00; horizon N=10, stopping time 5 steps
num_envs=8 num_steps_per_env=256 batch_size=2048 num_updates=100 timesteps=204800
update=1 global_step=2048 SPS=174 m_ev=-0.004 m_v_bias=41.2 m_kl_max=0.0041 mpc_ms=5.4/37 cand=0.009 return=-193.5 length=200 success_rate=0.00 collisions/ep=0.00 (n=8)
update=2 global_step=4096 SPS=184 m_ev=-0.703 m_v_bias=22.6 m_kl_max=0.0159 mpc_ms=4.9/21 cand=0.033 return=-193.3 length=200 success_rate=0.00 collisions/ep=0.00 (n=8)
update=3 global_step=6144 SPS=185 m_ev=-0.172 m_v_bias=12.8 m_kl_max=0.0390 mpc_ms=5.0/9 cand=0.010 return=-180.2 length=200 success_rate=0.00 collisions/ep=0.00 (n=8)
update=4 global_step=8192 SPS=190 m_ev=-0.262 m_v_bias=2.5 m_kl_max=0.0416 mpc_ms=4.6/19 cand=0.012 return=-160.1 length=200 success_rate=0.00 collisions/ep=0.00 (n=16)
update=5 global_step=10240 SPS=193 m_ev=0.018 m_v_bias=1.3 m_kl_max=0.0439 mpc_ms=4.7/19 cand=0.006 w_ax@goal=-1.40 return=-139.1 length=200 success_rate=0.00 collisions/ep=0.00 (n=8)
Evaluation at update 5: return=-128.18, length=200.00, success_rate=0.00, collisions/ep=0.00
Solved-check at update 5: solved=False worst_gap=1153.94 at p_x0=2.00 p_y0=-1.00 (consecutive=0)
update=6 global_step=12288 SPS=116 m_ev=0.495 m_v_bias=-2.4 m_kl_max=0.0405 mpc_ms=4.6/19 cand=0.010 w_ax@goal=-0.59 return=-130.9 length=200 success_rate=0.00 collisions/ep=0.00 (n=8)
update=7 global_step=14336 SPS=123 m_ev=-0.031 m_v_bias=-256.6 m_kl_max=0.0375 mpc_ms=4.8/29 cand=0.016 w_ax@goal=-0.62 return=617.9 length=178 success_rate=0.71 collisions/ep=0.00 (n=14)
update=8 global_step=16384 SPS=129 m_ev=0.231 m_v_bias=-146.5 m_kl_max=0.0275 mpc_ms=4.6/9 cand=0.013 w_ax@goal=-0.29 return=488.3 length=171 success_rate=0.58 collisions/ep=0.00 (n=12)
update=9 global_step=18432 SPS=135 m_ev=0.543 m_v_bias=-150.9 m_kl_max=0.0234 mpc_ms=4.7/19 cand=0.014 w_ax@goal=-0.03 return=864.1 length=155 success_rate=0.93 collisions/ep=0.00 (n=14)
update=10 global_step=20480 SPS=139 m_ev=0.745 m_v_bias=-97.8 m_kl_max=0.0321 mpc_ms=4.8/22 cand=0.019 w_ax@goal=-0.10 return=964.0 length=129 success_rate=1.00 collisions/ep=0.00 (n=15)
Evaluation at update 10: return=997.31, length=92.70, success_rate=1.00, collisions/ep=0.00
Solved-check at update 10: solved=False worst_gap=19.34 at p_x0=0.00 p_y0=-1.00 (consecutive=0)
update=11 global_step=22528 SPS=125 m_ev=0.799 m_v_bias=-81.0 m_kl_max=0.0261 mpc_ms=4.8/24 cand=0.020 w_ax@goal=+0.10 return=921.5 length=119 success_rate=0.95 collisions/ep=0.00 (n=20)
update=12 global_step=24576 SPS=128 m_ev=0.849 m_v_bias=-34.0 m_kl_max=0.0154 mpc_ms=4.9/26 cand=0.013 w_ax@goal=+0.02 return=984.7 length=105 success_rate=1.00 collisions/ep=0.00 (n=17)
update=13 global_step=26624 SPS=132 m_ev=0.905 m_v_bias=-0.4 m_kl_max=0.0279 mpc_ms=4.8/22 cand=0.017 w_ax@goal=+0.08 return=988.5 length=102 success_rate=1.00 collisions/ep=0.00 (n=22)
update=14 global_step=28672 SPS=135 m_ev=0.901 m_v_bias=4.5 m_kl_max=0.0224 mpc_ms=4.8/26 cand=0.024 w_ax@goal=-0.02 return=987.1 length=103 success_rate=1.00 collisions/ep=0.00 (n=18)
update=15 global_step=30720 SPS=138 m_ev=0.952 m_v_bias=-15.9 m_kl_max=0.0216 mpc_ms=4.7/21 cand=0.007 w_ax@goal=+0.08 return=990.2 length=101 success_rate=1.00 collisions/ep=0.00 (n=22)
Evaluation at update 15: return=1006.94, length=83.25, success_rate=1.00, collisions/ep=0.00
Solved-check at update 15: solved=False worst_gap=8.13 at p_x0=0.00 p_y0=-1.00 (consecutive=0)
update=16 global_step=32768 SPS=129 m_ev=0.948 m_v_bias=-10.6 m_kl_max=0.0092 mpc_ms=4.9/28 cand=0.013 w_ax@goal=+0.09 return=996.6 length=93 success_rate=1.00 collisions/ep=0.00 (n=23)
update=17 global_step=34816 SPS=131 m_ev=0.958 m_v_bias=-15.5 m_kl_max=0.0041 mpc_ms=4.9/20 cand=0.009 w_ax@goal=+0.00 return=999.9 length=89 success_rate=1.00 collisions/ep=0.00 (n=22)
update=18 global_step=36864 SPS=134 m_ev=0.976 m_v_bias=-6.3 m_kl_max=0.0086 mpc_ms=4.8/25 cand=0.011 w_ax@goal=-0.03 return=1001.5 length=91 success_rate=1.00 collisions/ep=0.00 (n=23)
update=19 global_step=38912 SPS=136 m_ev=0.976 m_v_bias=1.5 m_kl_max=0.0061 mpc_ms=4.7/29 cand=0.008 w_ax@goal=-0.01 return=1000.2 length=90 success_rate=1.00 collisions/ep=0.00 (n=23)
update=20 global_step=40960 SPS=138 m_ev=0.983 m_v_bias=-6.7 m_kl_max=0.0022 mpc_ms=4.6/18 cand=0.004 w_ax@goal=+0.07 return=1002.7 length=89 success_rate=1.00 collisions/ep=0.00 (n=23)
Evaluation at update 20: return=1008.54, length=81.70, success_rate=1.00, collisions/ep=0.00
Solved-check at update 20: solved=False worst_gap=6.07 at p_x0=0.00 p_y0=-0.50 (consecutive=0)
update=21 global_step=43008 SPS=131 m_ev=0.988 m_v_bias=-4.1 m_kl_max=0.0046 mpc_ms=5.0/19 cand=0.008 w_ax@goal=-0.05 return=1003.2 length=86 success_rate=1.00 collisions/ep=0.00 (n=24)
update=22 global_step=45056 SPS=133 m_ev=0.984 m_v_bias=-5.9 m_kl_max=0.0096 mpc_ms=4.6/20 cand=0.011 w_ax@goal=+0.01 return=1003.4 length=88 success_rate=1.00 collisions/ep=0.00 (n=23)
update=23 global_step=47104 SPS=135 m_ev=0.983 m_v_bias=-1.2 m_kl_max=0.0053 mpc_ms=4.8/26 cand=0.007 w_ax@goal=+0.04 return=1003.9 length=84 success_rate=1.00 collisions/ep=0.00 (n=24)
update=24 global_step=49152 SPS=137 m_ev=0.986 m_v_bias=-3.3 m_kl_max=0.0117 mpc_ms=4.7/24 cand=0.011 w_ax@goal=+0.00 return=1005.1 length=85 success_rate=1.00 collisions/ep=0.00 (n=24)
update=25 global_step=51200 SPS=138 m_ev=0.989 m_v_bias=-3.6 m_kl_max=0.0083 mpc_ms=4.9/23 cand=0.013 w_ax@goal=-0.03 return=1005.3 length=87 success_rate=1.00 collisions/ep=0.00 (n=24)
Evaluation at update 25: return=1009.46, length=80.80, success_rate=1.00, collisions/ep=0.00
Solved-check at update 25: solved=False worst_gap=5.04 at p_x0=0.00 p_y0=-1.00 (consecutive=0)
update=26 global_step=53248 SPS=133 m_ev=0.989 m_v_bias=0.7 m_kl_max=0.0032 mpc_ms=4.9/26 cand=0.008 w_ax@goal=+0.01 return=1004.8 length=89 success_rate=1.00 collisions/ep=0.00 (n=23)
update=27 global_step=55296 SPS=135 m_ev=0.992 m_v_bias=-5.5 m_kl_max=0.0044 mpc_ms=4.7/20 cand=0.006 w_ax@goal=-0.05 return=1006.3 length=84 success_rate=1.00 collisions/ep=0.00 (n=24)
update=28 global_step=57344 SPS=136 m_ev=0.991 m_v_bias=1.5 m_kl_max=0.0022 mpc_ms=4.8/21 cand=0.005 w_ax@goal=-0.03 return=1005.8 length=87 success_rate=1.00 collisions/ep=0.00 (n=24)
update=29 global_step=59392 SPS=138 m_ev=0.992 m_v_bias=0.1 m_kl_max=0.0067 mpc_ms=4.9/28 cand=0.005 w_ax@goal=+0.00 return=1005.3 length=84 success_rate=1.00 collisions/ep=0.00 (n=24)
update=30 global_step=61440 SPS=139 m_ev=0.994 m_v_bias=-4.4 m_kl_max=0.0145 mpc_ms=4.8/28 cand=0.013 w_ax@goal=+0.03 return=1006.6 length=84 success_rate=1.00 collisions/ep=0.00 (n=24)
Evaluation at update 30: return=1009.82, length=80.45, success_rate=1.00, collisions/ep=0.00
Solved-check at update 30: solved=True worst_gap=4.03 at p_x0=1.00 p_y0=-0.50 (consecutive=0)
update=31 global_step=63488 SPS=135 m_ev=0.993 m_v_bias=2.2 m_kl_max=0.0026 mpc_ms=4.8/18 cand=0.008 w_ax@goal=+0.07 return=1005.7 length=84 success_rate=1.00 collisions/ep=0.00 (n=25)
update=32 global_step=65536 SPS=136 m_ev=0.991 m_v_bias=-1.8 m_kl_max=0.0137 mpc_ms=4.7/19 cand=0.003 w_ax@goal=+0.01 return=1005.8 length=86 success_rate=1.00 collisions/ep=0.00 (n=24)
update=33 global_step=67584 SPS=137 m_ev=0.991 m_v_bias=-0.3 m_kl_max=0.0154 mpc_ms=4.8/27 cand=0.005 w_ax@goal=-0.04 return=1006.8 length=83 success_rate=1.00 collisions/ep=0.00 (n=23)
update=34 global_step=69632 SPS=138 m_ev=0.996 m_v_bias=-1.2 m_kl_max=0.0083 mpc_ms=4.8/16 cand=0.003 w_ax@goal=+0.05 return=1007.1 length=83 success_rate=1.00 collisions/ep=0.00 (n=26)
update=35 global_step=71680 SPS=139 m_ev=0.995 m_v_bias=3.6 m_kl_max=0.0062 mpc_ms=4.7/27 cand=0.008 w_ax@goal=+0.06 return=1007.0 length=82 success_rate=1.00 collisions/ep=0.00 (n=26)
Evaluation at update 35: return=1011.07, length=79.20, success_rate=1.00, collisions/ep=0.00
Solved-check at update 35: solved=True worst_gap=2.03 at p_x0=0.50 p_y0=0.50 (consecutive=1)
Solved criterion held for 2 consecutive evals (tolerance=5.0) at global_step=71680.
update=36 global_step=73728 SPS=135 m_ev=0.995 m_v_bias=-2.2 m_kl_max=0.0020 mpc_ms=5.0/14 cand=0.002 w_ax@goal=+0.03 return=1007.4 length=83 success_rate=1.00 collisions/ep=0.00 (n=25)
update=37 global_step=75776 SPS=136 m_ev=0.997 m_v_bias=-2.3 m_kl_max=0.0085 mpc_ms=4.9/30 cand=0.002 w_ax@goal=+0.03 return=1008.0 length=83 success_rate=1.00 collisions/ep=0.00 (n=25)
update=38 global_step=77824 SPS=138 m_ev=0.997 m_v_bias=-3.0 m_kl_max=0.0059 mpc_ms=4.7/9 cand=0.000 w_ax@goal=+0.00 return=1008.9 length=83 success_rate=1.00 collisions/ep=0.00 (n=24)
update=39 global_step=79872 SPS=139 m_ev=0.997 m_v_bias=0.3 m_kl_max=0.0041 mpc_ms=4.6/14 cand=0.005 w_ax@goal=-0.02 return=1008.3 length=84 success_rate=1.00 collisions/ep=0.00 (n=24)
update=40 global_step=81920 SPS=140 m_ev=0.996 m_v_bias=2.6 m_kl_max=0.0165 mpc_ms=4.7/9 cand=0.000 w_ax@goal=+0.03 return=1008.1 length=83 success_rate=1.00 collisions/ep=0.00 (n=24)
Evaluation at update 40: return=1011.82, length=78.45, success_rate=1.00, collisions/ep=0.00
Solved-check at update 40: solved=True worst_gap=1.04 at p_x0=2.00 p_y0=-1.00 (consecutive=2)
update=41 global_step=83968 SPS=136 m_ev=0.996 m_v_bias=0.6 m_kl_max=0.0047 mpc_ms=4.9/8 cand=0.001 w_ax@goal=+0.01 return=1007.9 length=82 success_rate=1.00 collisions/ep=0.00 (n=26)
update=42 global_step=86016 SPS=137 m_ev=0.997 m_v_bias=-3.6 m_kl_max=0.0075 mpc_ms=4.6/18 cand=0.002 w_ax@goal=-0.01 return=1008.9 length=82 success_rate=1.00 collisions/ep=0.00 (n=24)
update=43 global_step=88064 SPS=138 m_ev=0.996 m_v_bias=-0.4 m_kl_max=0.0127 mpc_ms=4.7/8 cand=0.000 w_ax@goal=+0.01 return=1009.4 length=83 success_rate=1.00 collisions/ep=0.00 (n=24)
update=44 global_step=90112 SPS=139 m_ev=0.997 m_v_bias=1.5 m_kl_max=0.0016 mpc_ms=4.7/8 cand=0.000 w_ax@goal=+0.01 return=1008.4 length=81 success_rate=1.00 collisions/ep=0.00 (n=27)
update=45 global_step=92160 SPS=140 m_ev=0.997 m_v_bias=-1.6 m_kl_max=0.0015 mpc_ms=4.9/17 cand=0.000 w_ax@goal=-0.00 return=1009.3 length=81 success_rate=1.00 collisions/ep=0.00 (n=25)
Evaluation at update 45: return=1012.32, length=77.95, success_rate=1.00, collisions/ep=0.00
Solved-check at update 45: solved=True worst_gap=1.03 at p_x0=0.50 p_y0=-1.00 (consecutive=3)
update=46 global_step=94208 SPS=137 m_ev=0.998 m_v_bias=-1.4 m_kl_max=0.0014 mpc_ms=4.7/16 cand=0.000 w_ax@goal=+0.01 return=1009.4 length=81 success_rate=1.00 collisions/ep=0.00 (n=25)
update=47 global_step=96256 SPS=138 m_ev=0.998 m_v_bias=-0.2 m_kl_max=0.0035 mpc_ms=4.7/9 cand=0.001 w_ax@goal=-0.04 return=1009.5 length=83 success_rate=1.00 collisions/ep=0.00 (n=25)
update=48 global_step=98304 SPS=139 m_ev=0.997 m_v_bias=1.1 m_kl_max=0.0013 mpc_ms=4.6/24 cand=0.002 w_ax@goal=-0.03 return=1009.2 length=81 success_rate=1.00 collisions/ep=0.00 (n=25)
update=49 global_step=100352 SPS=140 m_ev=0.998 m_v_bias=-0.3 m_kl_max=0.0214 mpc_ms=4.9/11 cand=0.000 w_ax@goal=+0.02 return=1009.3 length=82 success_rate=1.00 collisions/ep=0.00 (n=25)
update=50 global_step=102400 SPS=141 m_ev=0.999 m_v_bias=-5.7 m_kl_max=0.0080 mpc_ms=4.6/21 cand=0.002 w_ax@goal=-0.03 return=1010.4 length=81 success_rate=1.00 collisions/ep=0.00 (n=24)
Evaluation at update 50: return=1012.33, length=77.95, success_rate=1.00, collisions/ep=0.00
Solved-check at update 50: solved=True worst_gap=1.03 at p_x0=0.50 p_y0=-1.00 (consecutive=4)
update=51 global_step=104448 SPS=138 m_ev=0.998 m_v_bias=-0.1 m_kl_max=0.0058 mpc_ms=4.8/8 cand=0.000 w_ax@goal=+0.00 return=1010.2 length=81 success_rate=1.00 collisions/ep=0.00 (n=26)
update=52 global_step=106496 SPS=139 m_ev=0.998 m_v_bias=1.4 m_kl_max=0.0068 mpc_ms=4.5/7 cand=0.000 w_ax@goal=+0.03 return=1009.7 length=81 success_rate=1.00 collisions/ep=0.00 (n=24)
update=53 global_step=108544 SPS=140 m_ev=0.998 m_v_bias=-1.3 m_kl_max=0.0058 mpc_ms=4.8/20 cand=0.000 w_ax@goal=+0.01 return=1009.7 length=81 success_rate=1.00 collisions/ep=0.00 (n=26)
update=54 global_step=110592 SPS=141 m_ev=0.998 m_v_bias=-1.6 m_kl_max=0.0064 mpc_ms=4.6/8 cand=0.001 w_ax@goal=+0.01 return=1010.3 length=80 success_rate=1.00 collisions/ep=0.00 (n=28)
update=55 global_step=112640 SPS=141 m_ev=0.999 m_v_bias=1.0 m_kl_max=0.0050 mpc_ms=4.7/28 cand=0.000 w_ax@goal=-0.00 return=1010.1 length=80 success_rate=1.00 collisions/ep=0.00 (n=25)
Evaluation at update 55: return=1012.43, length=77.85, success_rate=1.00, collisions/ep=0.00
Solved-check at update 55: solved=True worst_gap=1.03 at p_x0=0.50 p_y0=-1.00 (consecutive=5)
update=56 global_step=114688 SPS=139 m_ev=0.998 m_v_bias=-0.0 m_kl_max=0.0055 mpc_ms=4.7/19 cand=0.000 w_ax@goal=-0.01 return=1010.2 length=82 success_rate=1.00 collisions/ep=0.00 (n=24)
update=57 global_step=116736 SPS=140 m_ev=0.998 m_v_bias=0.8 m_kl_max=0.0073 mpc_ms=5.0/7 cand=0.000 w_ax@goal=-0.04 return=1009.9 length=81 success_rate=1.00 collisions/ep=0.00 (n=25)
update=58 global_step=118784 SPS=140 m_ev=0.998 m_v_bias=-1.3 m_kl_max=0.0013 mpc_ms=4.8/7 cand=0.000 w_ax@goal=+0.00 return=1010.3 length=82 success_rate=1.00 collisions/ep=0.00 (n=26)
update=59 global_step=120832 SPS=141 m_ev=0.998 m_v_bias=-0.4 m_kl_max=0.0003 mpc_ms=4.6/8 cand=0.000 w_ax@goal=-0.01 return=1010.2 length=81 success_rate=1.00 collisions/ep=0.00 (n=25)
update=60 global_step=122880 SPS=142 m_ev=0.998 m_v_bias=-1.5 m_kl_max=0.0114 mpc_ms=4.8/15 cand=0.003 w_ax@goal=-0.00 return=1010.7 length=82 success_rate=1.00 collisions/ep=0.00 (n=25)
Evaluation at update 60: return=1012.43, length=77.85, success_rate=1.00, collisions/ep=0.00
Solved-check at update 60: solved=True worst_gap=1.02 at p_x0=0.50 p_y0=-1.00 (consecutive=6)
update=61 global_step=124928 SPS=139 m_ev=0.999 m_v_bias=-1.3 m_kl_max=0.0032 mpc_ms=4.6/7 cand=0.000 w_ax@goal=-0.00 return=1010.7 length=80 success_rate=1.00 collisions/ep=0.00 (n=26)
update=62 global_step=126976 SPS=140 m_ev=0.998 m_v_bias=1.4 m_kl_max=0.0040 mpc_ms=4.7/7 cand=0.000 w_ax@goal=+0.01 return=1010.4 length=80 success_rate=1.00 collisions/ep=0.00 (n=24)
update=63 global_step=129024 SPS=141 m_ev=0.999 m_v_bias=-0.0 m_kl_max=0.0004 mpc_ms=4.6/8 cand=0.000 w_ax@goal=-0.04 return=1010.5 length=80 success_rate=1.00 collisions/ep=0.00 (n=27)
update=64 global_step=131072 SPS=141 m_ev=0.998 m_v_bias=0.8 m_kl_max=0.0132 mpc_ms=4.8/8 cand=0.000 w_ax@goal=+0.04 return=1010.3 length=79 success_rate=1.00 collisions/ep=0.00 (n=24)
update=65 global_step=133120 SPS=142 m_ev=0.999 m_v_bias=-0.2 m_kl_max=0.0017 mpc_ms=4.7/8 cand=0.000 w_ax@goal=+0.02 return=1010.5 length=82 success_rate=1.00 collisions/ep=0.00 (n=27)
Evaluation at update 65: return=1012.48, length=77.80, success_rate=1.00, collisions/ep=0.00
Solved-check at update 65: solved=True worst_gap=1.02 at p_x0=0.50 p_y0=0.00 (consecutive=7)
update=66 global_step=135168 SPS=140 m_ev=0.999 m_v_bias=-2.1 m_kl_max=0.0026 mpc_ms=4.6/8 cand=0.000 w_ax@goal=-0.00 return=1011.1 length=80 success_rate=1.00 collisions/ep=0.00 (n=26)
update=67 global_step=137216 SPS=141 m_ev=0.999 m_v_bias=0.2 m_kl_max=0.0026 mpc_ms=4.6/9 cand=0.000 w_ax@goal=-0.00 return=1010.5 length=79 success_rate=1.00 collisions/ep=0.00 (n=24)
update=68 global_step=139264 SPS=141 m_ev=0.999 m_v_bias=-1.5 m_kl_max=0.0104 mpc_ms=4.6/8 cand=0.000 w_ax@goal=+0.02 return=1011.1 length=80 success_rate=1.00 collisions/ep=0.00 (n=24)
update=69 global_step=141312 SPS=142 m_ev=0.999 m_v_bias=0.6 m_kl_max=0.0048 mpc_ms=4.6/7 cand=0.000 w_ax@goal=+0.00 return=1011.3 length=81 success_rate=1.00 collisions/ep=0.00 (n=29)
update=70 global_step=143360 SPS=142 m_ev=0.999 m_v_bias=1.8 m_kl_max=0.0008 mpc_ms=4.7/17 cand=0.000 w_ax@goal=-0.00 return=1010.9 length=81 success_rate=1.00 collisions/ep=0.00 (n=26)
Evaluation at update 70: return=1012.54, length=77.75, success_rate=1.00, collisions/ep=0.00
Solved-check at update 70: solved=True worst_gap=1.02 at p_x0=0.00 p_y0=0.50 (consecutive=8)
update=71 global_step=145408 SPS=140 m_ev=0.999 m_v_bias=-0.3 m_kl_max=0.0042 mpc_ms=4.7/23 cand=0.000 w_ax@goal=+0.03 return=1010.7 length=79 success_rate=1.00 collisions/ep=0.00 (n=24)
update=72 global_step=147456 SPS=141 m_ev=0.999 m_v_bias=-0.2 m_kl_max=0.0054 mpc_ms=4.7/8 cand=0.000 w_ax@goal=+0.02 return=1010.8 length=81 success_rate=1.00 collisions/ep=0.00 (n=24)
update=73 global_step=149504 SPS=142 m_ev=0.999 m_v_bias=0.7 m_kl_max=0.0140 mpc_ms=4.5/14 cand=0.000 w_ax@goal=+0.02 return=1010.8 length=81 success_rate=1.00 collisions/ep=0.00 (n=26)
update=74 global_step=151552 SPS=142 m_ev=0.999 m_v_bias=0.1 m_kl_max=0.0047 mpc_ms=4.6/14 cand=0.000 w_ax@goal=+0.02 return=1011.0 length=80 success_rate=1.00 collisions/ep=0.00 (n=26)
update=75 global_step=153600 SPS=143 m_ev=0.999 m_v_bias=0.1 m_kl_max=0.0114 mpc_ms=4.7/10 cand=0.000 w_ax@goal=-0.03 return=1011.3 length=80 success_rate=1.00 collisions/ep=0.00 (n=25)
Evaluation at update 75: return=1012.64, length=77.65, success_rate=1.00, collisions/ep=0.00
Solved-check at update 75: solved=True worst_gap=1.02 at p_x0=0.00 p_y0=-0.50 (consecutive=9)
update=76 global_step=155648 SPS=141 m_ev=0.999 m_v_bias=-1.0 m_kl_max=0.0031 mpc_ms=4.8/20 cand=0.000 w_ax@goal=+0.02 return=1011.4 length=79 success_rate=1.00 collisions/ep=0.00 (n=28)
update=77 global_step=157696 SPS=141 m_ev=0.999 m_v_bias=1.1 m_kl_max=0.0003 mpc_ms=4.7/8 cand=0.000 w_ax@goal=-0.00 return=1011.2 length=79 success_rate=1.00 collisions/ep=0.00 (n=25)
update=78 global_step=159744 SPS=142 m_ev=0.999 m_v_bias=0.5 m_kl_max=0.0053 mpc_ms=4.6/8 cand=0.000 w_ax@goal=-0.02 return=1011.3 length=80 success_rate=1.00 collisions/ep=0.00 (n=24)
update=79 global_step=161792 SPS=143 m_ev=0.999 m_v_bias=-1.3 m_kl_max=0.0005 mpc_ms=4.6/7 cand=0.000 w_ax@goal=-0.02 return=1011.5 length=80 success_rate=1.00 collisions/ep=0.00 (n=26)
update=80 global_step=163840 SPS=143 m_ev=0.999 m_v_bias=0.2 m_kl_max=0.0071 mpc_ms=4.8/9 cand=0.000 w_ax@goal=+0.02 return=1011.3 length=79 success_rate=1.00 collisions/ep=0.00 (n=27)
Evaluation at update 80: return=1012.64, length=77.65, success_rate=1.00, collisions/ep=0.00
Solved-check at update 80: solved=True worst_gap=1.01 at p_x0=0.00 p_y0=0.00 (consecutive=10)
update=81 global_step=165888 SPS=141 m_ev=0.999 m_v_bias=0.4 m_kl_max=0.0023 mpc_ms=4.8/7 cand=0.000 w_ax@goal=-0.00 return=1011.2 length=79 success_rate=1.00 collisions/ep=0.00 (n=26)
update=82 global_step=167936 SPS=142 m_ev=1.000 m_v_bias=2.5 m_kl_max=0.0010 mpc_ms=4.6/8 cand=0.000 w_ax@goal=+0.01 return=1011.1 length=79 success_rate=1.00 collisions/ep=0.00 (n=25)
update=83 global_step=169984 SPS=142 m_ev=1.000 m_v_bias=-0.6 m_kl_max=0.0071 mpc_ms=4.6/19 cand=0.000 w_ax@goal=+0.00 return=1011.2 length=79 success_rate=1.00 collisions/ep=0.00 (n=25)
update=84 global_step=172032 SPS=143 m_ev=1.000 m_v_bias=0.3 m_kl_max=0.0061 mpc_ms=4.9/12 cand=0.000 w_ax@goal=+0.01 return=1011.0 length=79 success_rate=1.00 collisions/ep=0.00 (n=27)
update=85 global_step=174080 SPS=143 m_ev=1.000 m_v_bias=-1.8 m_kl_max=0.0021 mpc_ms=4.7/9 cand=0.000 w_ax@goal=-0.01 return=1011.6 length=80 success_rate=1.00 collisions/ep=0.00 (n=26)
Evaluation at update 85: return=1012.64, length=77.65, success_rate=1.00, collisions/ep=0.00
Solved-check at update 85: solved=True worst_gap=1.01 at p_x0=0.00 p_y0=0.50 (consecutive=11)
update=86 global_step=176128 SPS=142 m_ev=1.000 m_v_bias=-0.2 m_kl_max=0.0121 mpc_ms=4.7/7 cand=0.000 w_ax@goal=+0.00 return=1011.9 length=82 success_rate=1.00 collisions/ep=0.00 (n=24)
update=87 global_step=178176 SPS=142 m_ev=0.999 m_v_bias=0.7 m_kl_max=0.0029 mpc_ms=4.7/7 cand=0.000 w_ax@goal=+0.01 return=1011.1 length=80 success_rate=1.00 collisions/ep=0.00 (n=26)
update=88 global_step=180224 SPS=143 m_ev=0.999 m_v_bias=-0.4 m_kl_max=0.0056 mpc_ms=4.6/7 cand=0.000 w_ax@goal=+0.01 return=1011.1 length=79 success_rate=1.00 collisions/ep=0.00 (n=25)
update=89 global_step=182272 SPS=143 m_ev=1.000 m_v_bias=-1.3 m_kl_max=0.0114 mpc_ms=4.7/8 cand=0.000 w_ax@goal=-0.02 return=1011.3 length=80 success_rate=1.00 collisions/ep=0.00 (n=27)
update=90 global_step=184320 SPS=143 m_ev=0.999 m_v_bias=-0.4 m_kl_max=0.0034 mpc_ms=4.6/16 cand=0.000 w_ax@goal=+0.03 return=1011.7 length=81 success_rate=1.00 collisions/ep=0.00 (n=26)
Evaluation at update 90: return=1012.69, length=77.60, success_rate=1.00, collisions/ep=0.00
Solved-check at update 90: solved=True worst_gap=1.01 at p_x0=0.00 p_y0=0.00 (consecutive=12)
update=91 global_step=186368 SPS=142 m_ev=1.000 m_v_bias=0.1 m_kl_max=0.0016 mpc_ms=4.7/8 cand=0.000 w_ax@goal=-0.01 return=1011.1 length=78 success_rate=1.00 collisions/ep=0.00 (n=26)
update=92 global_step=188416 SPS=142 m_ev=0.999 m_v_bias=0.2 m_kl_max=0.0013 mpc_ms=4.6/7 cand=0.000 w_ax@goal=+0.00 return=1011.5 length=78 success_rate=1.00 collisions/ep=0.00 (n=25)
update=93 global_step=190464 SPS=143 m_ev=0.999 m_v_bias=-1.3 m_kl_max=0.0007 mpc_ms=4.7/7 cand=0.000 w_ax@goal=-0.02 return=1011.5 length=79 success_rate=1.00 collisions/ep=0.00 (n=28)
update=94 global_step=192512 SPS=143 m_ev=0.999 m_v_bias=1.0 m_kl_max=0.0007 mpc_ms=4.6/12 cand=0.000 w_ax@goal=+0.01 return=1011.5 length=80 success_rate=1.00 collisions/ep=0.00 (n=24)
update=95 global_step=194560 SPS=144 m_ev=1.000 m_v_bias=-1.5 m_kl_max=0.0002 mpc_ms=4.6/11 cand=0.000 w_ax@goal=+0.01 return=1011.6 length=78 success_rate=1.00 collisions/ep=0.00 (n=27)
Evaluation at update 95: return=1012.74, length=77.55, success_rate=1.00, collisions/ep=0.00
Solved-check at update 95: solved=True worst_gap=1.01 at p_x0=0.00 p_y0=0.00 (consecutive=13)
update=96 global_step=196608 SPS=142 m_ev=1.000 m_v_bias=0.5 m_kl_max=0.0016 mpc_ms=4.6/9 cand=0.001 w_ax@goal=-0.00 return=1011.8 length=80 success_rate=1.00 collisions/ep=0.00 (n=25)
update=97 global_step=198656 SPS=143 m_ev=0.999 m_v_bias=0.3 m_kl_max=0.0123 mpc_ms=4.6/8 cand=0.000 w_ax@goal=-0.00 return=1011.3 length=78 success_rate=1.00 collisions/ep=0.00 (n=26)
update=98 global_step=200704 SPS=143 m_ev=1.000 m_v_bias=-1.7 m_kl_max=0.0096 mpc_ms=4.6/7 cand=0.000 w_ax@goal=-0.01 return=1011.6 length=79 success_rate=1.00 collisions/ep=0.00 (n=26)
update=99 global_step=202752 SPS=143 m_ev=0.999 m_v_bias=2.1 m_kl_max=0.0035 mpc_ms=4.7/8 cand=0.000 w_ax@goal=+0.01 return=1010.9 length=77 success_rate=1.00 collisions/ep=0.00 (n=27)
update=100 global_step=204800 SPS=144 m_ev=1.000 m_v_bias=-0.6 m_kl_max=0.0030 mpc_ms=4.6/15 cand=0.000 w_ax@goal=+0.01 return=1011.5 length=79 success_rate=1.00 collisions/ep=0.00 (n=25)
Evaluation at update 100: return=1012.74, length=77.55, success_rate=1.00, collisions/ep=0.00
Solved-check at update 100: solved=True worst_gap=1.01 at p_x0=0.00 p_y0=0.00 (consecutive=14)
Saved checkpoints to C:\Users\loren\Desktop\MASTER THESIS\5_CODE\scenarios\tunnel\studies\ppo_mpc\runs\ppo_mpc_tunnel_10_1791082554
