Using device: cpu
Solved-check: precomputed optimal returns for 25 fixed initial conditions (mean=1013.0, min=1011.0, max=1015.0); solved-tolerance=5.0
Goal box: +-1.800 m (1.5x segment-reachable; segment-reachable displacement = 1.200 m)
tube MPC: W disks of radii (p, v) [0. 0.], RPI s=0 alpha=0; Z radii (p, v) = [0. 0.]
  X0 (-) Z: p_x [-1.000, 11.000], p_y [-1.999, 1.999], ||v|| <= 1.200; V = U (-) KZ: ||u|| <= 2.500; K = [-7.613 -4.585] per axis
  0 obstacles, 0 binaries before fixing, max big-M 0.00; horizon N=10, stopping time 5 steps
num_envs=8 num_steps_per_env=256 batch_size=2048 num_updates=100 timesteps=204800
update=1 global_step=2048 SPS=163 m_ev=-0.002 m_v_bias=41.4 m_kl_max=0.0037 mpc_ms=5.8/32 cand=0.039 return=-192.9 length=200 success_rate=0.00 collisions/ep=0.00 (n=8)
update=2 global_step=4096 SPS=171 m_ev=-0.468 m_v_bias=24.0 m_kl_max=0.0134 mpc_ms=5.4/27 cand=0.014 return=-185.7 length=200 success_rate=0.00 collisions/ep=0.00 (n=8)
update=3 global_step=6144 SPS=178 m_ev=-0.260 m_v_bias=10.6 m_kl_max=0.0408 mpc_ms=4.9/22 cand=0.018 return=-187.3 length=200 success_rate=0.00 collisions/ep=0.00 (n=8)
update=4 global_step=8192 SPS=181 m_ev=-0.006 m_v_bias=3.7 m_kl_max=0.0640 mpc_ms=5.0/31 cand=0.025 return=-160.1 length=200 success_rate=0.00 collisions/ep=0.00 (n=16)
update=5 global_step=10240 SPS=186 m_ev=0.352 m_v_bias=4.2 m_kl_max=0.0589 mpc_ms=4.4/9 cand=0.017 return=-162.7 length=200 success_rate=0.00 collisions/ep=0.00 (n=8)
Evaluation at update 5: return=-134.05, length=200.00, success_rate=0.00, collisions/ep=0.00
Solved-check at update 5: solved=False worst_gap=1154.97 at p_x0=2.00 p_y0=-1.00 (consecutive=0)
update=6 global_step=12288 SPS=112 m_ev=0.749 m_v_bias=-4.2 m_kl_max=0.0268 mpc_ms=4.7/28 cand=0.002 w_ax@goal=-1.09 return=-133.9 length=200 success_rate=0.00 collisions/ep=0.00 (n=8)
update=7 global_step=14336 SPS=119 m_ev=-0.028 m_v_bias=-57.9 m_kl_max=0.0219 mpc_ms=4.7/23 cand=0.012 w_ax@goal=-0.84 return=91.3 length=198 success_rate=0.22 collisions/ep=0.00 (n=9)
update=8 global_step=16384 SPS=126 m_ev=0.067 m_v_bias=-94.2 m_kl_max=0.0168 mpc_ms=4.5/12 cand=0.010 w_ax@goal=-0.40 return=84.0 length=194 success_rate=0.20 collisions/ep=0.00 (n=15)
update=9 global_step=18432 SPS=131 m_ev=0.204 m_v_bias=-89.6 m_kl_max=0.0249 mpc_ms=4.7/27 cand=0.049 w_ax@goal=-0.31 return=522.4 length=164 success_rate=0.60 collisions/ep=0.00 (n=10)
update=10 global_step=20480 SPS=136 m_ev=0.341 m_v_bias=-179.9 m_kl_max=0.0353 mpc_ms=4.7/26 cand=0.008 w_ax@goal=-0.16 return=652.0 length=165 success_rate=0.73 collisions/ep=0.00 (n=15)
Evaluation at update 10: return=980.63, length=108.45, success_rate=1.00, collisions/ep=0.00
Solved-check at update 10: solved=False worst_gap=1134.92 at p_x0=2.00 p_y0=1.00 (consecutive=0)
update=11 global_step=22528 SPS=120 m_ev=0.807 m_v_bias=-161.5 m_kl_max=0.0247 mpc_ms=4.8/29 cand=0.027 w_ax@goal=-0.14 return=955.7 length=136 success_rate=1.00 collisions/ep=0.00 (n=16)
update=12 global_step=24576 SPS=124 m_ev=0.773 m_v_bias=-67.8 m_kl_max=0.0193 mpc_ms=4.9/22 cand=0.016 w_ax@goal=+0.02 return=962.3 length=126 success_rate=1.00 collisions/ep=0.00 (n=15)
update=13 global_step=26624 SPS=127 m_ev=0.842 m_v_bias=-38.5 m_kl_max=0.0195 mpc_ms=4.9/27 cand=0.002 w_ax@goal=-0.05 return=980.4 length=109 success_rate=1.00 collisions/ep=0.00 (n=19)
update=14 global_step=28672 SPS=130 m_ev=0.914 m_v_bias=-32.1 m_kl_max=0.0160 mpc_ms=4.7/13 cand=0.011 w_ax@goal=+0.07 return=984.8 length=106 success_rate=1.00 collisions/ep=0.00 (n=20)
update=15 global_step=30720 SPS=133 m_ev=0.956 m_v_bias=-30.2 m_kl_max=0.0111 mpc_ms=4.8/19 cand=0.005 w_ax@goal=+0.03 return=991.3 length=100 success_rate=1.00 collisions/ep=0.00 (n=21)
Evaluation at update 15: return=1006.59, length=82.75, success_rate=1.00, collisions/ep=0.00
Solved-check at update 15: solved=False worst_gap=8.17 at p_x0=0.00 p_y0=-1.00 (consecutive=0)
update=16 global_step=32768 SPS=126 m_ev=0.934 m_v_bias=-9.5 m_kl_max=0.0143 mpc_ms=4.8/10 cand=0.002 w_ax@goal=-0.08 return=995.6 length=96 success_rate=1.00 collisions/ep=0.00 (n=21)
update=17 global_step=34816 SPS=128 m_ev=0.948 m_v_bias=1.1 m_kl_max=0.0216 mpc_ms=4.9/24 cand=0.008 w_ax@goal=-0.06 return=995.1 length=97 success_rate=1.00 collisions/ep=0.00 (n=22)
update=18 global_step=36864 SPS=131 m_ev=0.973 m_v_bias=-7.8 m_kl_max=0.0100 mpc_ms=4.7/10 cand=0.003 w_ax@goal=-0.01 return=998.0 length=91 success_rate=1.00 collisions/ep=0.00 (n=21)
update=19 global_step=38912 SPS=133 m_ev=0.968 m_v_bias=-6.9 m_kl_max=0.0157 mpc_ms=4.5/20 cand=0.005 w_ax@goal=-0.05 return=1000.8 length=91 success_rate=1.00 collisions/ep=0.00 (n=22)
update=20 global_step=40960 SPS=135 m_ev=0.970 m_v_bias=4.4 m_kl_max=0.0079 mpc_ms=5.0/18 cand=0.004 w_ax@goal=+0.00 return=1000.7 length=88 success_rate=1.00 collisions/ep=0.00 (n=24)
Evaluation at update 20: return=1008.20, length=81.20, success_rate=1.00, collisions/ep=0.00
Solved-check at update 20: solved=False worst_gap=6.09 at p_x0=0.00 p_y0=-0.50 (consecutive=0)
update=21 global_step=43008 SPS=129 m_ev=0.977 m_v_bias=-4.9 m_kl_max=0.0106 mpc_ms=4.8/21 cand=0.009 w_ax@goal=+0.06 return=1000.6 length=92 success_rate=1.00 collisions/ep=0.00 (n=22)
update=22 global_step=45056 SPS=131 m_ev=0.984 m_v_bias=-1.7 m_kl_max=0.0043 mpc_ms=4.9/25 cand=0.010 w_ax@goal=+0.02 return=1001.8 length=91 success_rate=1.00 collisions/ep=0.00 (n=24)
update=23 global_step=47104 SPS=133 m_ev=0.982 m_v_bias=-1.9 m_kl_max=0.0046 mpc_ms=4.7/21 cand=0.007 w_ax@goal=+0.04 return=1003.7 length=86 success_rate=1.00 collisions/ep=0.00 (n=24)
update=24 global_step=49152 SPS=135 m_ev=0.989 m_v_bias=0.7 m_kl_max=0.0058 mpc_ms=4.6/14 cand=0.004 w_ax@goal=+0.02 return=1004.2 length=87 success_rate=1.00 collisions/ep=0.00 (n=24)
update=25 global_step=51200 SPS=136 m_ev=0.991 m_v_bias=-2.3 m_kl_max=0.0100 mpc_ms=4.8/22 cand=0.015 w_ax@goal=+0.00 return=1005.2 length=85 success_rate=1.00 collisions/ep=0.00 (n=24)
Evaluation at update 25: return=1009.24, length=80.20, success_rate=1.00, collisions/ep=0.00
Solved-check at update 25: solved=False worst_gap=5.05 at p_x0=0.00 p_y0=-0.50 (consecutive=0)
update=26 global_step=53248 SPS=131 m_ev=0.982 m_v_bias=1.5 m_kl_max=0.0039 mpc_ms=4.8/12 cand=0.009 w_ax@goal=-0.01 return=1005.6 length=84 success_rate=1.00 collisions/ep=0.00 (n=23)
update=27 global_step=55296 SPS=133 m_ev=0.990 m_v_bias=-1.2 m_kl_max=0.0183 mpc_ms=4.8/11 cand=0.010 w_ax@goal=+0.02 return=1004.3 length=87 success_rate=1.00 collisions/ep=0.00 (n=24)
update=28 global_step=57344 SPS=135 m_ev=0.992 m_v_bias=-2.0 m_kl_max=0.0018 mpc_ms=4.6/19 cand=0.005 w_ax@goal=-0.01 return=1006.3 length=84 success_rate=1.00 collisions/ep=0.00 (n=24)
update=29 global_step=59392 SPS=136 m_ev=0.993 m_v_bias=-1.4 m_kl_max=0.0165 mpc_ms=5.0/22 cand=0.001 w_ax@goal=+0.03 return=1005.9 length=84 success_rate=1.00 collisions/ep=0.00 (n=24)
update=30 global_step=61440 SPS=137 m_ev=0.994 m_v_bias=-2.1 m_kl_max=0.0132 mpc_ms=4.9/20 cand=0.003 w_ax@goal=-0.05 return=1006.7 length=84 success_rate=1.00 collisions/ep=0.00 (n=24)
Evaluation at update 30: return=1010.54, length=78.90, success_rate=1.00, collisions/ep=0.00
Solved-check at update 30: solved=True worst_gap=3.04 at p_x0=0.50 p_y0=-1.00 (consecutive=0)
update=31 global_step=63488 SPS=133 m_ev=0.995 m_v_bias=0.7 m_kl_max=0.0019 mpc_ms=4.9/10 cand=0.002 w_ax@goal=-0.03 return=1007.0 length=85 success_rate=1.00 collisions/ep=0.00 (n=24)
update=32 global_step=65536 SPS=134 m_ev=0.989 m_v_bias=3.0 m_kl_max=0.0099 mpc_ms=4.9/23 cand=0.002 w_ax@goal=+0.02 return=1005.4 length=86 success_rate=1.00 collisions/ep=0.00 (n=24)
update=33 global_step=67584 SPS=136 m_ev=0.993 m_v_bias=-2.8 m_kl_max=0.0026 mpc_ms=4.7/16 cand=0.003 w_ax@goal=+0.02 return=1007.3 length=84 success_rate=1.00 collisions/ep=0.00 (n=24)
update=34 global_step=69632 SPS=137 m_ev=0.993 m_v_bias=-0.2 m_kl_max=0.0020 mpc_ms=4.8/15 cand=0.000 w_ax@goal=-0.01 return=1007.2 length=85 success_rate=1.00 collisions/ep=0.00 (n=24)
update=35 global_step=71680 SPS=138 m_ev=0.992 m_v_bias=1.4 m_kl_max=0.0022 mpc_ms=4.8/12 cand=0.002 w_ax@goal=-0.00 return=1007.1 length=82 success_rate=1.00 collisions/ep=0.00 (n=24)
Evaluation at update 35: return=1011.25, length=78.20, success_rate=1.00, collisions/ep=0.00
Solved-check at update 35: solved=True worst_gap=2.04 at p_x0=0.50 p_y0=1.00 (consecutive=1)
Solved criterion held for 2 consecutive evals (tolerance=5.0) at global_step=71680.
update=36 global_step=73728 SPS=134 m_ev=0.995 m_v_bias=-2.7 m_kl_max=0.0094 mpc_ms=5.1/8 cand=0.001 w_ax@goal=+0.04 return=1007.0 length=84 success_rate=1.00 collisions/ep=0.00 (n=26)
update=37 global_step=75776 SPS=135 m_ev=0.994 m_v_bias=-0.1 m_kl_max=0.0109 mpc_ms=4.8/8 cand=0.000 w_ax@goal=-0.02 return=1007.6 length=84 success_rate=1.00 collisions/ep=0.00 (n=24)
update=38 global_step=77824 SPS=136 m_ev=0.996 m_v_bias=-3.9 m_kl_max=0.0014 mpc_ms=4.8/8 cand=0.000 w_ax@goal=+0.02 return=1008.3 length=82 success_rate=1.00 collisions/ep=0.00 (n=27)
update=39 global_step=79872 SPS=137 m_ev=0.995 m_v_bias=-1.5 m_kl_max=0.0004 mpc_ms=4.6/11 cand=0.000 w_ax@goal=-0.01 return=1008.3 length=82 success_rate=1.00 collisions/ep=0.00 (n=25)
update=40 global_step=81920 SPS=139 m_ev=0.995 m_v_bias=2.5 m_kl_max=0.0046 mpc_ms=4.6/8 cand=0.000 w_ax@goal=+0.01 return=1008.1 length=83 success_rate=1.00 collisions/ep=0.00 (n=25)
Evaluation at update 40: return=1012.05, length=77.40, success_rate=1.00, collisions/ep=0.00
Solved-check at update 40: solved=True worst_gap=1.04 at p_x0=0.50 p_y0=-1.00 (consecutive=2)
update=41 global_step=83968 SPS=136 m_ev=0.996 m_v_bias=-2.9 m_kl_max=0.0078 mpc_ms=4.6/7 cand=0.000 w_ax@goal=+0.01 return=1009.0 length=81 success_rate=1.00 collisions/ep=0.00 (n=25)
update=42 global_step=86016 SPS=137 m_ev=0.997 m_v_bias=-1.5 m_kl_max=0.0075 mpc_ms=4.6/8 cand=0.000 w_ax@goal=-0.01 return=1008.9 length=81 success_rate=1.00 collisions/ep=0.00 (n=24)
update=43 global_step=88064 SPS=138 m_ev=0.996 m_v_bias=-0.9 m_kl_max=0.0019 mpc_ms=4.7/8 cand=0.000 w_ax@goal=+0.02 return=1009.5 length=82 success_rate=1.00 collisions/ep=0.00 (n=24)
update=44 global_step=90112 SPS=139 m_ev=0.997 m_v_bias=1.5 m_kl_max=0.0042 mpc_ms=4.6/7 cand=0.000 w_ax@goal=-0.02 return=1008.8 length=83 success_rate=1.00 collisions/ep=0.00 (n=26)
update=45 global_step=92160 SPS=140 m_ev=0.996 m_v_bias=-1.4 m_kl_max=0.0050 mpc_ms=4.6/8 cand=0.000 w_ax@goal=-0.02 return=1008.9 length=81 success_rate=1.00 collisions/ep=0.00 (n=26)
Evaluation at update 45: return=1012.20, length=77.25, success_rate=1.00, collisions/ep=0.00
Solved-check at update 45: solved=True worst_gap=1.03 at p_x0=0.50 p_y0=-1.00 (consecutive=3)
update=46 global_step=94208 SPS=137 m_ev=0.998 m_v_bias=-3.1 m_kl_max=0.0055 mpc_ms=4.7/17 cand=0.000 w_ax@goal=-0.02 return=1009.9 length=81 success_rate=1.00 collisions/ep=0.00 (n=26)
update=47 global_step=96256 SPS=138 m_ev=0.997 m_v_bias=2.5 m_kl_max=0.0076 mpc_ms=4.5/8 cand=0.000 w_ax@goal=+0.01 return=1009.3 length=83 success_rate=1.00 collisions/ep=0.00 (n=24)
update=48 global_step=98304 SPS=139 m_ev=0.997 m_v_bias=0.8 m_kl_max=0.0039 mpc_ms=4.7/7 cand=0.000 w_ax@goal=-0.00 return=1009.7 length=82 success_rate=1.00 collisions/ep=0.00 (n=25)
update=49 global_step=100352 SPS=139 m_ev=0.997 m_v_bias=-0.6 m_kl_max=0.0026 mpc_ms=4.7/8 cand=0.000 w_ax@goal=-0.02 return=1009.9 length=81 success_rate=1.00 collisions/ep=0.00 (n=25)
update=50 global_step=102400 SPS=140 m_ev=0.995 m_v_bias=1.7 m_kl_max=0.0109 mpc_ms=4.7/8 cand=0.000 w_ax@goal=-0.01 return=1009.4 length=80 success_rate=1.00 collisions/ep=0.00 (n=24)
Evaluation at update 50: return=1012.21, length=77.25, success_rate=1.00, collisions/ep=0.00
Solved-check at update 50: solved=True worst_gap=1.03 at p_x0=0.50 p_y0=-1.00 (consecutive=4)
update=51 global_step=104448 SPS=138 m_ev=0.997 m_v_bias=0.5 m_kl_max=0.0017 mpc_ms=4.6/22 cand=0.000 w_ax@goal=-0.01 return=1009.7 length=81 success_rate=1.00 collisions/ep=0.00 (n=28)
update=52 global_step=106496 SPS=138 m_ev=0.997 m_v_bias=-2.0 m_kl_max=0.0177 mpc_ms=4.6/7 cand=0.000 w_ax@goal=-0.03 return=1009.9 length=80 success_rate=1.00 collisions/ep=0.00 (n=24)
update=53 global_step=108544 SPS=139 m_ev=0.998 m_v_bias=-1.2 m_kl_max=0.0031 mpc_ms=4.6/7 cand=0.000 w_ax@goal=-0.00 return=1010.4 length=81 success_rate=1.00 collisions/ep=0.00 (n=25)
update=54 global_step=110592 SPS=140 m_ev=0.998 m_v_bias=-0.2 m_kl_max=0.0009 mpc_ms=4.8/8 cand=0.000 w_ax@goal=-0.01 return=1009.9 length=80 success_rate=1.00 collisions/ep=0.00 (n=25)
update=55 global_step=112640 SPS=141 m_ev=0.998 m_v_bias=0.4 m_kl_max=0.0014 mpc_ms=4.7/8 cand=0.000 w_ax@goal=+0.02 return=1010.4 length=80 success_rate=1.00 collisions/ep=0.00 (n=26)
Evaluation at update 55: return=1012.21, length=77.25, success_rate=1.00, collisions/ep=0.00
Solved-check at update 55: solved=True worst_gap=1.03 at p_x0=0.50 p_y0=-0.50 (consecutive=5)
update=56 global_step=114688 SPS=138 m_ev=0.998 m_v_bias=0.9 m_kl_max=0.0065 mpc_ms=4.9/13 cand=0.000 w_ax@goal=+0.01 return=1010.2 length=81 success_rate=1.00 collisions/ep=0.00 (n=27)
update=57 global_step=116736 SPS=139 m_ev=0.998 m_v_bias=0.5 m_kl_max=0.0009 mpc_ms=4.8/9 cand=0.000 w_ax@goal=+0.00 return=1010.3 length=80 success_rate=1.00 collisions/ep=0.00 (n=25)
update=58 global_step=118784 SPS=140 m_ev=0.998 m_v_bias=-1.6 m_kl_max=0.0034 mpc_ms=4.6/22 cand=0.000 w_ax@goal=-0.01 return=1010.6 length=82 success_rate=1.00 collisions/ep=0.00 (n=24)
update=59 global_step=120832 SPS=140 m_ev=0.998 m_v_bias=0.6 m_kl_max=0.0043 mpc_ms=4.7/8 cand=0.000 w_ax@goal=+0.01 return=1010.4 length=82 success_rate=1.00 collisions/ep=0.00 (n=24)
update=60 global_step=122880 SPS=141 m_ev=0.998 m_v_bias=0.2 m_kl_max=0.0056 mpc_ms=4.7/10 cand=0.000 w_ax@goal=+0.00 return=1010.5 length=81 success_rate=1.00 collisions/ep=0.00 (n=28)
Evaluation at update 60: return=1012.31, length=77.15, success_rate=1.00, collisions/ep=0.00
Solved-check at update 60: solved=True worst_gap=1.02 at p_x0=0.50 p_y0=0.00 (consecutive=6)
update=61 global_step=124928 SPS=139 m_ev=0.998 m_v_bias=-1.5 m_kl_max=0.0011 mpc_ms=4.7/8 cand=0.000 w_ax@goal=+0.00 return=1010.4 length=79 success_rate=1.00 collisions/ep=0.00 (n=26)
update=62 global_step=126976 SPS=140 m_ev=0.999 m_v_bias=-1.4 m_kl_max=0.0009 mpc_ms=4.8/8 cand=0.000 w_ax@goal=+0.00 return=1010.5 length=79 success_rate=1.00 collisions/ep=0.00 (n=25)
update=63 global_step=129024 SPS=140 m_ev=0.999 m_v_bias=0.9 m_kl_max=0.0044 mpc_ms=4.6/7 cand=0.000 w_ax@goal=+0.03 return=1010.5 length=80 success_rate=1.00 collisions/ep=0.00 (n=25)
update=64 global_step=131072 SPS=141 m_ev=0.999 m_v_bias=0.1 m_kl_max=0.0020 mpc_ms=4.6/8 cand=0.000 w_ax@goal=-0.01 return=1010.3 length=80 success_rate=1.00 collisions/ep=0.00 (n=27)
update=65 global_step=133120 SPS=142 m_ev=0.999 m_v_bias=-1.3 m_kl_max=0.0028 mpc_ms=4.5/8 cand=0.000 w_ax@goal=-0.00 return=1010.7 length=80 success_rate=1.00 collisions/ep=0.00 (n=24)
Evaluation at update 65: return=1012.31, length=77.15, success_rate=1.00, collisions/ep=0.00
Solved-check at update 65: solved=True worst_gap=1.02 at p_x0=0.50 p_y0=1.00 (consecutive=7)
update=66 global_step=135168 SPS=139 m_ev=0.999 m_v_bias=-0.1 m_kl_max=0.0018 mpc_ms=5.0/8 cand=0.000 w_ax@goal=-0.03 return=1010.9 length=80 success_rate=1.00 collisions/ep=0.00 (n=25)
update=67 global_step=137216 SPS=140 m_ev=0.998 m_v_bias=1.0 m_kl_max=0.0069 mpc_ms=4.7/8 cand=0.000 w_ax@goal=-0.02 return=1010.5 length=81 success_rate=1.00 collisions/ep=0.00 (n=27)
update=68 global_step=139264 SPS=141 m_ev=0.999 m_v_bias=-1.1 m_kl_max=0.0019 mpc_ms=4.8/8 cand=0.000 w_ax@goal=+0.02 return=1010.8 length=80 success_rate=1.00 collisions/ep=0.00 (n=25)
update=69 global_step=141312 SPS=141 m_ev=0.999 m_v_bias=-1.1 m_kl_max=0.0131 mpc_ms=4.7/7 cand=0.000 w_ax@goal=+0.00 return=1011.3 length=82 success_rate=1.00 collisions/ep=0.00 (n=26)
update=70 global_step=143360 SPS=142 m_ev=0.999 m_v_bias=1.2 m_kl_max=0.0025 mpc_ms=4.7/7 cand=0.000 w_ax@goal=-0.03 return=1010.8 length=81 success_rate=1.00 collisions/ep=0.00 (n=24)
Evaluation at update 70: return=1012.31, length=77.15, success_rate=1.00, collisions/ep=0.00
Solved-check at update 70: solved=True worst_gap=1.02 at p_x0=0.50 p_y0=-0.50 (consecutive=8)
update=71 global_step=145408 SPS=140 m_ev=0.999 m_v_bias=-1.4 m_kl_max=0.0066 mpc_ms=4.6/8 cand=0.000 w_ax@goal=+0.03 return=1011.4 length=80 success_rate=1.00 collisions/ep=0.00 (n=25)
update=72 global_step=147456 SPS=140 m_ev=0.999 m_v_bias=0.9 m_kl_max=0.0019 mpc_ms=4.8/8 cand=0.000 w_ax@goal=+0.01 return=1010.9 length=79 success_rate=1.00 collisions/ep=0.00 (n=29)
update=73 global_step=149504 SPS=141 m_ev=0.999 m_v_bias=0.3 m_kl_max=0.0102 mpc_ms=4.7/15 cand=0.001 w_ax@goal=-0.02 return=1010.8 length=79 success_rate=1.00 collisions/ep=0.00 (n=24)
update=74 global_step=151552 SPS=142 m_ev=0.999 m_v_bias=-1.6 m_kl_max=0.0042 mpc_ms=4.6/7 cand=0.000 w_ax@goal=+0.02 return=1010.9 length=79 success_rate=1.00 collisions/ep=0.00 (n=24)
update=75 global_step=153600 SPS=142 m_ev=0.999 m_v_bias=0.2 m_kl_max=0.0040 mpc_ms=4.9/9 cand=0.000 w_ax@goal=+0.02 return=1011.1 length=79 success_rate=1.00 collisions/ep=0.00 (n=27)
Evaluation at update 75: return=1012.47, length=77.00, success_rate=1.00, collisions/ep=0.00
Solved-check at update 75: solved=True worst_gap=1.02 at p_x0=0.00 p_y0=1.00 (consecutive=9)
update=76 global_step=155648 SPS=140 m_ev=0.999 m_v_bias=-0.3 m_kl_max=0.0027 mpc_ms=4.6/19 cand=0.000 w_ax@goal=+0.02 return=1010.9 length=79 success_rate=1.00 collisions/ep=0.00 (n=28)
update=77 global_step=157696 SPS=141 m_ev=0.999 m_v_bias=0.0 m_kl_max=0.0031 mpc_ms=4.7/14 cand=0.000 w_ax@goal=-0.00 return=1011.1 length=80 success_rate=1.00 collisions/ep=0.00 (n=25)
update=78 global_step=159744 SPS=141 m_ev=0.999 m_v_bias=-0.6 m_kl_max=0.0004 mpc_ms=4.6/8 cand=0.000 w_ax@goal=+0.01 return=1011.1 length=79 success_rate=1.00 collisions/ep=0.00 (n=24)
update=79 global_step=161792 SPS=142 m_ev=0.999 m_v_bias=0.3 m_kl_max=0.0050 mpc_ms=4.8/7 cand=0.000 w_ax@goal=-0.00 return=1011.1 length=79 success_rate=1.00 collisions/ep=0.00 (n=26)
update=80 global_step=163840 SPS=142 m_ev=0.999 m_v_bias=0.7 m_kl_max=0.0004 mpc_ms=4.7/8 cand=0.000 w_ax@goal=+0.00 return=1010.8 length=78 success_rate=1.00 collisions/ep=0.00 (n=27)
Evaluation at update 80: return=1012.52, length=76.95, success_rate=1.00, collisions/ep=0.00
Solved-check at update 80: solved=True worst_gap=1.02 at p_x0=0.00 p_y0=1.00 (consecutive=10)
update=81 global_step=165888 SPS=141 m_ev=0.999 m_v_bias=-1.0 m_kl_max=0.0029 mpc_ms=4.6/7 cand=0.000 w_ax@goal=+0.00 return=1011.4 length=81 success_rate=1.00 collisions/ep=0.00 (n=27)
update=82 global_step=167936 SPS=141 m_ev=0.999 m_v_bias=-1.4 m_kl_max=0.0021 mpc_ms=4.8/8 cand=0.000 w_ax@goal=+0.02 return=1011.2 length=79 success_rate=1.00 collisions/ep=0.00 (n=24)
update=83 global_step=169984 SPS=142 m_ev=0.999 m_v_bias=0.6 m_kl_max=0.0009 mpc_ms=4.8/8 cand=0.000 w_ax@goal=+0.01 return=1011.3 length=80 success_rate=1.00 collisions/ep=0.00 (n=25)
update=84 global_step=172032 SPS=142 m_ev=0.999 m_v_bias=-1.7 m_kl_max=0.0005 mpc_ms=4.9/16 cand=0.000 w_ax@goal=-0.01 return=1011.3 length=80 success_rate=1.00 collisions/ep=0.00 (n=26)
update=85 global_step=174080 SPS=142 m_ev=0.999 m_v_bias=-0.9 m_kl_max=0.0050 mpc_ms=5.0/16 cand=0.000 w_ax@goal=+0.00 return=1011.5 length=80 success_rate=1.00 collisions/ep=0.00 (n=26)
Evaluation at update 85: return=1012.37, length=77.10, success_rate=1.00, collisions/ep=0.00
Solved-check at update 85: solved=True worst_gap=1.01 at p_x0=0.00 p_y0=-1.00 (consecutive=11)
update=86 global_step=176128 SPS=141 m_ev=0.999 m_v_bias=1.5 m_kl_max=0.0030 mpc_ms=4.8/7 cand=0.000 w_ax@goal=+0.01 return=1010.8 length=79 success_rate=1.00 collisions/ep=0.00 (n=26)
update=87 global_step=178176 SPS=141 m_ev=0.999 m_v_bias=-0.2 m_kl_max=0.0037 mpc_ms=4.7/9 cand=0.000 w_ax@goal=-0.01 return=1011.4 length=81 success_rate=1.00 collisions/ep=0.00 (n=25)
update=88 global_step=180224 SPS=142 m_ev=0.999 m_v_bias=-0.5 m_kl_max=0.0019 mpc_ms=4.7/8 cand=0.000 w_ax@goal=+0.01 return=1011.2 length=79 success_rate=1.00 collisions/ep=0.00 (n=27)
update=89 global_step=182272 SPS=142 m_ev=0.999 m_v_bias=-0.8 m_kl_max=0.0073 mpc_ms=4.6/7 cand=0.000 w_ax@goal=+0.01 return=1011.6 length=80 success_rate=1.00 collisions/ep=0.00 (n=24)
update=90 global_step=184320 SPS=143 m_ev=0.999 m_v_bias=0.1 m_kl_max=0.0014 mpc_ms=4.6/10 cand=0.000 w_ax@goal=+0.00 return=1011.3 length=80 success_rate=1.00 collisions/ep=0.00 (n=26)
Evaluation at update 90: return=1012.52, length=76.95, success_rate=1.00, collisions/ep=0.00
Solved-check at update 90: solved=True worst_gap=1.01 at p_x0=0.00 p_y0=-1.00 (consecutive=12)
update=91 global_step=186368 SPS=141 m_ev=0.999 m_v_bias=0.1 m_kl_max=0.0008 mpc_ms=4.7/10 cand=0.000 w_ax@goal=-0.00 return=1011.6 length=81 success_rate=1.00 collisions/ep=0.00 (n=25)
update=92 global_step=188416 SPS=142 m_ev=0.999 m_v_bias=0.6 m_kl_max=0.0003 mpc_ms=4.6/7 cand=0.000 w_ax@goal=+0.02 return=1011.2 length=78 success_rate=1.00 collisions/ep=0.00 (n=27)
update=93 global_step=190464 SPS=142 m_ev=0.999 m_v_bias=-0.5 m_kl_max=0.0022 mpc_ms=4.7/7 cand=0.000 w_ax@goal=-0.00 return=1011.7 length=79 success_rate=1.00 collisions/ep=0.00 (n=27)
update=94 global_step=192512 SPS=142 m_ev=1.000 m_v_bias=-0.6 m_kl_max=0.0003 mpc_ms=4.8/8 cand=0.000 w_ax@goal=+0.01 return=1011.7 length=80 success_rate=1.00 collisions/ep=0.00 (n=25)
update=95 global_step=194560 SPS=143 m_ev=0.999 m_v_bias=1.2 m_kl_max=0.0084 mpc_ms=4.7/9 cand=0.000 w_ax@goal=+0.02 return=1011.4 length=79 success_rate=1.00 collisions/ep=0.00 (n=26)
Evaluation at update 95: return=1012.62, length=76.85, success_rate=1.00, collisions/ep=0.00
Solved-check at update 95: solved=True worst_gap=1.01 at p_x0=0.00 p_y0=0.50 (consecutive=13)
update=96 global_step=196608 SPS=141 m_ev=1.000 m_v_bias=-0.4 m_kl_max=0.0013 mpc_ms=4.8/9 cand=0.000 w_ax@goal=-0.02 return=1011.7 length=80 success_rate=1.00 collisions/ep=0.00 (n=24)
update=97 global_step=198656 SPS=142 m_ev=0.999 m_v_bias=-0.4 m_kl_max=0.0028 mpc_ms=4.7/7 cand=0.000 w_ax@goal=+0.00 return=1011.8 length=80 success_rate=1.00 collisions/ep=0.00 (n=25)
update=98 global_step=200704 SPS=142 m_ev=1.000 m_v_bias=-0.5 m_kl_max=0.0058 mpc_ms=4.6/8 cand=0.000 w_ax@goal=+0.01 return=1011.7 length=79 success_rate=1.00 collisions/ep=0.00 (n=28)
update=99 global_step=202752 SPS=143 m_ev=1.000 m_v_bias=-0.7 m_kl_max=0.0037 mpc_ms=4.7/8 cand=0.000 w_ax@goal=-0.00 return=1011.7 length=80 success_rate=1.00 collisions/ep=0.00 (n=25)
update=100 global_step=204800 SPS=143 m_ev=1.000 m_v_bias=-0.6 m_kl_max=0.0064 mpc_ms=4.7/8 cand=0.000 w_ax@goal=-0.01 return=1011.6 length=78 success_rate=1.00 collisions/ep=0.00 (n=25)
Evaluation at update 100: return=1012.62, length=76.85, success_rate=1.00, collisions/ep=0.00
Solved-check at update 100: solved=True worst_gap=1.01 at p_x0=0.00 p_y0=-0.50 (consecutive=14)
Saved checkpoints to C:\Users\loren\Desktop\MASTER THESIS\5_CODE\scenarios\tunnel\studies\ppo_mpc\runs\ppo_mpc_tunnel_9_1791082541
