Using device: cpu
Solved-check: precomputed optimal returns for 25 fixed initial conditions (mean=1011.8, min=1007.0, max=1014.0); solved-tolerance=5.0
Goal box: +-1.800 m (1.5x segment-reachable; segment-reachable displacement = 1.200 m)
tube MPC: W disks of radii (p, v) [0.01 0.1 ], RPI s=18 alpha=0.0167; Z radii (p, v) = [0.1649 0.4184]
  X0 (-) Z: p_x [-0.835, 10.835], p_y [-1.834, 1.834], ||v|| <= 0.782; V = U (-) KZ: ||u|| <= 0.897; K = [-7.613 -4.585] per axis
  4 obstacles, 132 binaries before fixing, max big-M 9.00; horizon N=10, stopping time 9 steps
num_envs=8 num_steps_per_env=256 batch_size=2048 num_updates=244 timesteps=499712 (requested 500000)
update=1 global_step=2048 SPS=12 m_ev=-0.000 m_v_bias=41.0 m_kl_max=0.0068 mpc_ms=76.5/654 cand=0.000 return=-191.4 length=200 success_rate=0.00 collisions/ep=0.00 (n=8)
update=2 global_step=4096 SPS=14 m_ev=-0.843 m_v_bias=23.1 m_kl_max=0.0175 mpc_ms=57.4/483 cand=0.000 return=-198.0 length=200 success_rate=0.00 collisions/ep=0.00 (n=8)
update=3 global_step=6144 SPS=12 m_ev=-0.347 m_v_bias=13.6 m_kl_max=0.0561 mpc_ms=94.7/1410 cand=0.000 return=-187.4 length=200 success_rate=0.00 collisions/ep=0.00 (n=8)
update=4 global_step=8192 SPS=11 m_ev=-0.408 m_v_bias=6.3 m_kl_max=0.0521 mpc_ms=118.7/1366 cand=0.000 return=-175.1 length=200 success_rate=0.00 collisions/ep=0.00 (n=16)
update=5 global_step=10240 SPS=9 m_ev=0.078 m_v_bias=2.6 m_kl_max=0.0456 mpc_ms=183.3/1271 cand=0.000 return=-161.3 length=200 success_rate=0.00 collisions/ep=0.00 (n=8)
Evaluation at update 5: return=-150.10, length=200.00, success_rate=0.00, collisions/ep=0.00
Solved-check at update 5: solved=False worst_gap=1187.73 at p_x0=1.50 p_y0=1.00 (consecutive=0)
update=6 global_step=12288 SPS=4 m_ev=0.506 m_v_bias=1.9 m_kl_max=0.0295 mpc_ms=214.5/2257 cand=0.000 return=-158.8 length=200 success_rate=0.00 collisions/ep=0.00 (n=8)
update=7 global_step=14336 SPS=4 m_ev=0.837 m_v_bias=2.2 m_kl_max=0.0331 mpc_ms=212.5/1519 cand=0.000 return=-151.5 length=200 success_rate=0.00 collisions/ep=0.00 (n=8)
update=8 global_step=16384 SPS=4 m_ev=0.953 m_v_bias=1.0 m_kl_max=0.0406 mpc_ms=177.2/1302 cand=0.000 return=-142.2 length=200 success_rate=0.00 collisions/ep=0.00 (n=16)
update=9 global_step=18432 SPS=4 m_ev=0.919 m_v_bias=0.9 m_kl_max=0.0209 mpc_ms=198.9/1194 cand=0.000 return=-144.0 length=200 success_rate=0.00 collisions/ep=0.00 (n=8)
update=10 global_step=20480 SPS=4 m_ev=0.908 m_v_bias=1.0 m_kl_max=0.0223 mpc_ms=181.2/963 cand=0.000 return=-145.0 length=200 success_rate=0.00 collisions/ep=0.00 (n=8)
Evaluation at update 10: return=-146.98, length=200.00, success_rate=0.00, collisions/ep=0.00
Solved-check at update 10: solved=False worst_gap=1187.67 at p_x0=1.50 p_y0=1.00 (consecutive=0)
update=11 global_step=22528 SPS=3 m_ev=0.962 m_v_bias=-0.2 m_kl_max=0.0311 mpc_ms=183.0/1009 cand=0.000 return=-143.7 length=200 success_rate=0.00 collisions/ep=0.00 (n=16)
update=12 global_step=24576 SPS=3 m_ev=0.972 m_v_bias=-0.3 m_kl_max=0.0267 mpc_ms=183.7/937 cand=0.000 return=-140.2 length=200 success_rate=0.00 collisions/ep=0.00 (n=8)
update=13 global_step=26624 SPS=3 m_ev=0.978 m_v_bias=-0.5 m_kl_max=0.0197 mpc_ms=174.9/2010 cand=0.000 return=-143.3 length=200 success_rate=0.00 collisions/ep=0.00 (n=8)
update=14 global_step=28672 SPS=3 m_ev=0.980 m_v_bias=0.4 m_kl_max=0.0140 mpc_ms=154.5/1637 cand=0.000 return=-142.5 length=200 success_rate=0.00 collisions/ep=0.00 (n=8)
update=15 global_step=30720 SPS=3 m_ev=0.993 m_v_bias=-0.2 m_kl_max=0.0118 mpc_ms=156.7/903 cand=0.000 return=-140.5 length=200 success_rate=0.00 collisions/ep=0.00 (n=16)
Evaluation at update 15: return=-145.46, length=200.00, success_rate=0.00, collisions/ep=0.00
Solved-check at update 15: solved=False worst_gap=1184.02 at p_x0=1.00 p_y0=1.00 (consecutive=0)
update=16 global_step=32768 SPS=3 m_ev=0.968 m_v_bias=0.5 m_kl_max=0.0072 mpc_ms=187.4/1097 cand=0.000 return=-142.2 length=200 success_rate=0.00 collisions/ep=0.00 (n=8)
update=17 global_step=34816 SPS=3 m_ev=0.981 m_v_bias=0.0 m_kl_max=0.0047 mpc_ms=171.7/972 cand=0.000 return=-140.0 length=200 success_rate=0.00 collisions/ep=0.00 (n=8)
update=18 global_step=36864 SPS=3 m_ev=-0.033 m_v_bias=-38.2 m_kl_max=0.0213 mpc_ms=170.3/1146 cand=0.000 w_ax@goal=+0.13 return=-75.3 length=199 success_rate=0.06 collisions/ep=0.00 (n=16)
update=19 global_step=38912 SPS=3 m_ev=0.131 m_v_bias=-19.5 m_kl_max=0.0287 mpc_ms=173.8/1037 cand=0.000 w_ax@goal=-0.62 return=-12.7 length=200 success_rate=0.12 collisions/ep=0.00 (n=8)
update=20 global_step=40960 SPS=3 m_ev=-0.173 m_v_bias=24.2 m_kl_max=0.0183 mpc_ms=182.4/2682 cand=0.000 return=-141.3 length=200 success_rate=0.00 collisions/ep=0.00 (n=8)
Evaluation at update 20: return=-143.98, length=200.00, success_rate=0.00, collisions/ep=0.00
Solved-check at update 20: solved=False worst_gap=1162.93 at p_x0=2.00 p_y0=0.50 (consecutive=0)
update=21 global_step=43008 SPS=3 m_ev=0.207 m_v_bias=7.8 m_kl_max=0.0169 mpc_ms=189.2/1036 cand=0.000 w_ax@goal=-0.54 return=-21.8 length=194 success_rate=0.11 collisions/ep=0.00 (n=9)
update=22 global_step=45056 SPS=3 m_ev=0.180 m_v_bias=-115.5 m_kl_max=0.0208 mpc_ms=185.0/2020 cand=0.000 w_ax@goal=+0.06 return=218.1 length=183 success_rate=0.33 collisions/ep=0.00 (n=15)
update=23 global_step=47104 SPS=3 m_ev=0.498 m_v_bias=-63.9 m_kl_max=0.0212 mpc_ms=198.7/1431 cand=0.000 w_ax@goal=-0.05 return=178.9 length=189 success_rate=0.30 collisions/ep=0.00 (n=10)
update=24 global_step=49152 SPS=3 m_ev=0.560 m_v_bias=13.4 m_kl_max=0.0193 mpc_ms=182.8/1938 cand=0.000 w_ax@goal=-0.36 return=166.0 length=186 success_rate=0.30 collisions/ep=0.00 (n=10)
update=25 global_step=51200 SPS=3 m_ev=0.770 m_v_bias=-15.9 m_kl_max=0.0157 mpc_ms=173.6/1368 cand=0.000 w_ax@goal=-0.01 return=91.6 length=192 success_rate=0.23 collisions/ep=0.00 (n=13)
Evaluation at update 25: return=0.29, length=185.15, success_rate=0.15, collisions/ep=0.00
Solved-check at update 25: solved=False worst_gap=1192.97 at p_x0=2.00 p_y0=0.50 (consecutive=0)
update=26 global_step=53248 SPS=3 m_ev=0.851 m_v_bias=-30.4 m_kl_max=0.0132 mpc_ms=171.7/1254 cand=0.000 w_ax@goal=-0.15 return=335.2 length=172 success_rate=0.45 collisions/ep=0.00 (n=11)
update=27 global_step=55296 SPS=3 m_ev=0.737 m_v_bias=-40.4 m_kl_max=0.0306 mpc_ms=188.7/1283 cand=0.000 w_ax@goal=-0.22 return=60.7 length=189 success_rate=0.20 collisions/ep=0.00 (n=10)
update=28 global_step=57344 SPS=3 m_ev=0.792 m_v_bias=19.2 m_kl_max=0.0250 mpc_ms=192.5/1020 cand=0.000 w_ax@goal=+0.01 return=359.5 length=176 success_rate=0.46 collisions/ep=0.00 (n=13)
update=29 global_step=59392 SPS=3 m_ev=0.553 m_v_bias=54.3 m_kl_max=0.0179 mpc_ms=201.1/1709 cand=0.000 w_ax@goal=+0.19 return=184.8 length=179 success_rate=0.30 collisions/ep=0.00 (n=10)
update=30 global_step=61440 SPS=3 m_ev=0.798 m_v_bias=-14.2 m_kl_max=0.0212 mpc_ms=201.4/1420 cand=0.000 w_ax@goal=-0.03 return=284.1 length=176 success_rate=0.38 collisions/ep=0.00 (n=13)
Evaluation at update 30: return=229.95, length=168.00, success_rate=0.35, collisions/ep=0.00
Solved-check at update 30: solved=False worst_gap=1192.57 at p_x0=2.00 p_y0=0.00 (consecutive=0)
update=31 global_step=63488 SPS=3 m_ev=0.798 m_v_bias=12.2 m_kl_max=0.0110 mpc_ms=191.0/1389 cand=0.000 w_ax@goal=+0.18 return=79.9 length=189 success_rate=0.22 collisions/ep=0.00 (n=9)
update=32 global_step=65536 SPS=3 m_ev=0.824 m_v_bias=34.2 m_kl_max=0.0198 mpc_ms=193.7/1178 cand=0.000 w_ax@goal=+0.04 return=442.6 length=170 success_rate=0.54 collisions/ep=0.00 (n=13)
update=33 global_step=67584 SPS=3 m_ev=0.852 m_v_bias=17.9 m_kl_max=0.0143 mpc_ms=175.5/996 cand=0.000 w_ax@goal=-0.02 return=143.7 length=181 success_rate=0.27 collisions/ep=0.00 (n=11)
update=34 global_step=69632 SPS=3 m_ev=0.846 m_v_bias=-18.0 m_kl_max=0.0185 mpc_ms=189.2/1218 cand=0.000 w_ax@goal=-0.01 return=184.8 length=180 success_rate=0.31 collisions/ep=0.00 (n=13)
update=35 global_step=71680 SPS=3 m_ev=0.771 m_v_bias=-54.4 m_kl_max=0.0103 mpc_ms=213.6/1469 cand=0.000 w_ax@goal=+0.05 return=294.4 length=174 success_rate=0.40 collisions/ep=0.00 (n=10)
Evaluation at update 35: return=-143.98, length=200.00, success_rate=0.00, collisions/ep=0.00
Solved-check at update 35: solved=False worst_gap=1162.91 at p_x0=2.00 p_y0=0.50 (consecutive=0)
update=36 global_step=73728 SPS=3 m_ev=0.837 m_v_bias=59.5 m_kl_max=0.0206 mpc_ms=198.7/1277 cand=0.000 w_ax@goal=-0.01 return=363.4 length=170 success_rate=0.46 collisions/ep=0.00 (n=13)
update=37 global_step=75776 SPS=3 m_ev=0.750 m_v_bias=-5.6 m_kl_max=0.0214 mpc_ms=198.8/1196 cand=0.000 w_ax@goal=-0.00 return=438.9 length=181 success_rate=0.55 collisions/ep=0.00 (n=11)
update=38 global_step=77824 SPS=3 m_ev=0.826 m_v_bias=2.6 m_kl_max=0.0126 mpc_ms=206.4/1553 cand=0.000 w_ax@goal=+0.01 return=122.6 length=188 success_rate=0.25 collisions/ep=0.00 (n=12)
update=39 global_step=79872 SPS=3 m_ev=0.807 m_v_bias=-9.7 m_kl_max=0.0239 mpc_ms=204.9/966 cand=0.000 w_ax@goal=+0.12 return=701.0 length=143 success_rate=0.77 collisions/ep=0.00 (n=13)
update=40 global_step=81920 SPS=3 m_ev=0.835 m_v_bias=-24.7 m_kl_max=0.0089 mpc_ms=197.8/1335 cand=0.000 w_ax@goal=+0.02 return=716.0 length=153 success_rate=0.79 collisions/ep=0.00 (n=14)
Evaluation at update 40: return=233.37, length=164.60, success_rate=0.35, collisions/ep=0.00
Solved-check at update 40: solved=False worst_gap=1192.56 at p_x0=2.00 p_y0=0.00 (consecutive=0)
update=41 global_step=83968 SPS=3 m_ev=0.902 m_v_bias=-48.4 m_kl_max=0.0113 mpc_ms=135.5/1131 cand=0.000 w_ax@goal=+0.01 return=948.7 length=142 success_rate=1.00 collisions/ep=0.00 (n=13)
update=42 global_step=86016 SPS=3 m_ev=0.906 m_v_bias=-6.3 m_kl_max=0.0056 mpc_ms=82.5/709 cand=0.000 w_ax@goal=-0.03 return=685.8 length=147 success_rate=0.75 collisions/ep=0.00 (n=16)
update=43 global_step=88064 SPS=3 m_ev=0.876 m_v_bias=-20.1 m_kl_max=0.0106 mpc_ms=91.2/518 cand=0.000 w_ax@goal=+0.10 return=787.4 length=142 success_rate=0.85 collisions/ep=0.00 (n=13)
update=44 global_step=90112 SPS=3 m_ev=0.913 m_v_bias=-12.2 m_kl_max=0.0057 mpc_ms=84.6/511 cand=0.000 w_ax@goal=+0.02 return=896.3 length=132 success_rate=0.94 collisions/ep=0.00 (n=16)
update=45 global_step=92160 SPS=3 m_ev=0.863 m_v_bias=33.9 m_kl_max=0.0130 mpc_ms=84.3/659 cand=0.000 w_ax@goal=-0.02 return=883.5 length=140 success_rate=0.93 collisions/ep=0.00 (n=15)
Evaluation at update 45: return=989.21, length=99.50, success_rate=1.00, collisions/ep=0.00
Solved-check at update 45: solved=False worst_gap=35.11 at p_x0=1.00 p_y0=-1.00 (consecutive=0)
update=46 global_step=94208 SPS=3 m_ev=0.947 m_v_bias=-22.5 m_kl_max=0.0077 mpc_ms=87.7/528 cand=0.000 w_ax@goal=-0.12 return=963.4 length=127 success_rate=1.00 collisions/ep=0.00 (n=17)
update=47 global_step=96256 SPS=3 m_ev=0.884 m_v_bias=7.5 m_kl_max=0.0166 mpc_ms=86.3/531 cand=0.000 w_ax@goal=-0.12 return=961.4 length=130 success_rate=1.00 collisions/ep=0.00 (n=13)
update=48 global_step=98304 SPS=3 m_ev=0.895 m_v_bias=28.2 m_kl_max=0.0114 mpc_ms=79.5/519 cand=0.000 w_ax@goal=+0.06 return=890.6 length=140 success_rate=0.94 collisions/ep=0.00 (n=17)
update=49 global_step=100352 SPS=3 m_ev=0.947 m_v_bias=-23.1 m_kl_max=0.0035 mpc_ms=82.8/426 cand=0.000 w_ax@goal=-0.04 return=962.7 length=128 success_rate=1.00 collisions/ep=0.00 (n=18)
update=50 global_step=102400 SPS=3 m_ev=0.970 m_v_bias=-1.7 m_kl_max=0.0041 mpc_ms=84.6/478 cand=0.000 w_ax@goal=-0.00 return=969.0 length=125 success_rate=1.00 collisions/ep=0.00 (n=16)
Evaluation at update 50: return=990.33, length=98.40, success_rate=1.00, collisions/ep=0.00
Solved-check at update 50: solved=False worst_gap=26.05 at p_x0=0.00 p_y0=1.00 (consecutive=0)
update=51 global_step=104448 SPS=3 m_ev=0.969 m_v_bias=-11.2 m_kl_max=0.0138 mpc_ms=79.1/543 cand=0.000 w_ax@goal=+0.03 return=972.0 length=117 success_rate=1.00 collisions/ep=0.00 (n=17)
update=52 global_step=106496 SPS=3 m_ev=0.959 m_v_bias=2.5 m_kl_max=0.0323 mpc_ms=84.2/457 cand=0.000 w_ax@goal=+0.03 return=971.6 length=123 success_rate=1.00 collisions/ep=0.00 (n=16)
update=53 global_step=108544 SPS=3 m_ev=0.970 m_v_bias=2.0 m_kl_max=0.0163 mpc_ms=82.0/630 cand=0.000 w_ax@goal=+0.03 return=975.8 length=114 success_rate=1.00 collisions/ep=0.00 (n=16)
update=54 global_step=110592 SPS=4 m_ev=0.980 m_v_bias=-5.6 m_kl_max=0.0128 mpc_ms=79.3/690 cand=0.000 w_ax@goal=+0.03 return=973.0 length=121 success_rate=1.00 collisions/ep=0.00 (n=19)
update=55 global_step=112640 SPS=4 m_ev=0.955 m_v_bias=15.5 m_kl_max=0.0097 mpc_ms=80.6/484 cand=0.000 w_ax@goal=+0.04 return=969.3 length=122 success_rate=1.00 collisions/ep=0.00 (n=16)
Evaluation at update 55: return=989.44, length=99.30, success_rate=1.00, collisions/ep=0.00
Solved-check at update 55: solved=False worst_gap=27.05 at p_x0=0.00 p_y0=1.00 (consecutive=0)
update=56 global_step=114688 SPS=4 m_ev=0.981 m_v_bias=-16.2 m_kl_max=0.0049 mpc_ms=74.6/373 cand=0.000 w_ax@goal=-0.00 return=976.6 length=112 success_rate=1.00 collisions/ep=0.00 (n=18)
update=57 global_step=116736 SPS=4 m_ev=0.987 m_v_bias=-2.7 m_kl_max=0.0166 mpc_ms=71.6/743 cand=0.000 w_ax@goal=+0.02 return=978.8 length=115 success_rate=1.00 collisions/ep=0.00 (n=19)
update=58 global_step=118784 SPS=4 m_ev=0.980 m_v_bias=1.3 m_kl_max=0.0131 mpc_ms=66.2/357 cand=0.000 w_ax@goal=+0.01 return=979.7 length=113 success_rate=1.00 collisions/ep=0.00 (n=18)
update=59 global_step=120832 SPS=4 m_ev=0.988 m_v_bias=-4.3 m_kl_max=0.0019 mpc_ms=73.9/475 cand=0.000 w_ax@goal=-0.05 return=977.8 length=112 success_rate=1.00 collisions/ep=0.00 (n=17)
update=60 global_step=122880 SPS=4 m_ev=0.979 m_v_bias=7.2 m_kl_max=0.0098 mpc_ms=69.6/459 cand=0.000 w_ax@goal=+0.00 return=976.0 length=115 success_rate=1.00 collisions/ep=0.00 (n=18)
Evaluation at update 60: return=990.24, length=98.50, success_rate=1.00, collisions/ep=0.00
Solved-check at update 60: solved=False worst_gap=26.05 at p_x0=0.00 p_y0=1.00 (consecutive=0)
update=61 global_step=124928 SPS=4 m_ev=0.972 m_v_bias=3.0 m_kl_max=0.0105 mpc_ms=71.4/448 cand=0.000 w_ax@goal=-0.08 return=975.8 length=115 success_rate=1.00 collisions/ep=0.00 (n=19)
update=62 global_step=126976 SPS=4 m_ev=0.971 m_v_bias=-2.8 m_kl_max=0.0124 mpc_ms=71.7/422 cand=0.000 w_ax@goal=+0.02 return=976.2 length=114 success_rate=1.00 collisions/ep=0.00 (n=18)
update=63 global_step=129024 SPS=4 m_ev=0.977 m_v_bias=-6.6 m_kl_max=0.0058 mpc_ms=67.4/378 cand=0.000 w_ax@goal=-0.00 return=976.6 length=116 success_rate=1.00 collisions/ep=0.00 (n=18)
update=64 global_step=131072 SPS=4 m_ev=0.978 m_v_bias=0.6 m_kl_max=0.0030 mpc_ms=77.4/422 cand=0.000 w_ax@goal=-0.01 return=980.4 length=111 success_rate=1.00 collisions/ep=0.00 (n=17)
update=65 global_step=133120 SPS=4 m_ev=0.976 m_v_bias=5.1 m_kl_max=0.0117 mpc_ms=73.1/508 cand=0.000 w_ax@goal=+0.03 return=975.0 length=114 success_rate=1.00 collisions/ep=0.00 (n=18)
Evaluation at update 65: return=989.64, length=99.10, success_rate=1.00, collisions/ep=0.00
Solved-check at update 65: solved=False worst_gap=27.05 at p_x0=0.00 p_y0=1.00 (consecutive=0)
update=66 global_step=135168 SPS=4 m_ev=0.988 m_v_bias=-2.6 m_kl_max=0.0065 mpc_ms=72.5/391 cand=0.000 w_ax@goal=-0.06 return=979.5 length=112 success_rate=1.00 collisions/ep=0.00 (n=19)
update=67 global_step=137216 SPS=4 m_ev=0.954 m_v_bias=14.7 m_kl_max=0.0171 mpc_ms=75.2/403 cand=0.000 w_ax@goal=+0.01 return=976.8 length=112 success_rate=1.00 collisions/ep=0.00 (n=18)
update=68 global_step=139264 SPS=4 m_ev=0.988 m_v_bias=-16.8 m_kl_max=0.0092 mpc_ms=71.2/512 cand=0.000 w_ax@goal=-0.02 return=974.0 length=116 success_rate=1.00 collisions/ep=0.00 (n=19)
update=69 global_step=141312 SPS=4 m_ev=0.983 m_v_bias=-0.5 m_kl_max=0.0029 mpc_ms=69.9/550 cand=0.000 w_ax@goal=+0.02 return=980.3 length=111 success_rate=1.00 collisions/ep=0.00 (n=18)
update=70 global_step=143360 SPS=4 m_ev=0.990 m_v_bias=4.7 m_kl_max=0.0026 mpc_ms=67.1/381 cand=0.000 w_ax@goal=+0.06 return=980.2 length=112 success_rate=1.00 collisions/ep=0.00 (n=18)
Evaluation at update 70: return=989.08, length=99.65, success_rate=1.00, collisions/ep=0.00
Solved-check at update 70: solved=False worst_gap=27.05 at p_x0=0.00 p_y0=1.00 (consecutive=0)
update=71 global_step=145408 SPS=4 m_ev=0.993 m_v_bias=-12.8 m_kl_max=0.0075 mpc_ms=70.9/442 cand=0.000 w_ax@goal=-0.07 return=982.9 length=106 success_rate=1.00 collisions/ep=0.00 (n=19)
update=72 global_step=147456 SPS=4 m_ev=0.981 m_v_bias=8.3 m_kl_max=0.0408 mpc_ms=82.0/708 cand=0.000 w_ax@goal=+0.03 return=977.6 length=115 success_rate=1.00 collisions/ep=0.00 (n=18)
update=73 global_step=149504 SPS=4 m_ev=0.991 m_v_bias=-2.3 m_kl_max=0.0076 mpc_ms=69.5/390 cand=0.000 w_ax@goal=+0.01 return=981.0 length=110 success_rate=1.00 collisions/ep=0.00 (n=19)
update=74 global_step=151552 SPS=4 m_ev=0.986 m_v_bias=0.9 m_kl_max=0.0130 mpc_ms=69.7/428 cand=0.000 w_ax@goal=-0.05 return=982.3 length=110 success_rate=1.00 collisions/ep=0.00 (n=19)
update=75 global_step=153600 SPS=4 m_ev=0.981 m_v_bias=-1.5 m_kl_max=0.0022 mpc_ms=71.9/477 cand=0.000 w_ax@goal=+0.02 return=983.1 length=107 success_rate=1.00 collisions/ep=0.00 (n=16)
Evaluation at update 75: return=989.44, length=99.30, success_rate=1.00, collisions/ep=0.00
Solved-check at update 75: solved=False worst_gap=27.05 at p_x0=0.00 p_y0=1.00 (consecutive=0)
update=76 global_step=155648 SPS=4 m_ev=0.989 m_v_bias=-7.2 m_kl_max=0.0167 mpc_ms=68.2/419 cand=0.000 w_ax@goal=+0.00 return=980.5 length=111 success_rate=1.00 collisions/ep=0.00 (n=20)
update=77 global_step=157696 SPS=4 m_ev=0.987 m_v_bias=-1.9 m_kl_max=0.0085 mpc_ms=69.5/818 cand=0.000 w_ax@goal=-0.01 return=980.9 length=111 success_rate=1.00 collisions/ep=0.00 (n=20)
update=78 global_step=159744 SPS=4 m_ev=0.989 m_v_bias=1.5 m_kl_max=0.0087 mpc_ms=69.6/605 cand=0.000 w_ax@goal=+0.01 return=978.7 length=112 success_rate=1.00 collisions/ep=0.00 (n=18)
update=79 global_step=161792 SPS=4 m_ev=0.993 m_v_bias=-2.4 m_kl_max=0.0038 mpc_ms=70.4/542 cand=0.000 w_ax@goal=-0.04 return=982.6 length=108 success_rate=1.00 collisions/ep=0.00 (n=18)
update=80 global_step=163840 SPS=4 m_ev=0.993 m_v_bias=-5.7 m_kl_max=0.0107 mpc_ms=66.7/382 cand=0.000 w_ax@goal=-0.04 return=983.0 length=110 success_rate=1.00 collisions/ep=0.00 (n=20)
Evaluation at update 80: return=990.04, length=98.70, success_rate=1.00, collisions/ep=0.00
Solved-check at update 80: solved=False worst_gap=26.05 at p_x0=0.00 p_y0=1.00 (consecutive=0)
update=81 global_step=165888 SPS=4 m_ev=0.988 m_v_bias=5.7 m_kl_max=0.0054 mpc_ms=71.9/437 cand=0.000 w_ax@goal=-0.01 return=982.3 length=109 success_rate=1.00 collisions/ep=0.00 (n=19)
update=82 global_step=167936 SPS=4 m_ev=0.990 m_v_bias=-1.9 m_kl_max=0.0111 mpc_ms=75.6/440 cand=0.000 w_ax@goal=-0.03 return=981.4 length=109 success_rate=1.00 collisions/ep=0.00 (n=17)
update=83 global_step=169984 SPS=5 m_ev=0.986 m_v_bias=1.3 m_kl_max=0.0150 mpc_ms=67.7/396 cand=0.000 w_ax@goal=-0.04 return=981.4 length=109 success_rate=1.00 collisions/ep=0.00 (n=19)
update=84 global_step=172032 SPS=5 m_ev=0.963 m_v_bias=5.9 m_kl_max=0.0223 mpc_ms=72.8/404 cand=0.000 w_ax@goal=+0.09 return=981.6 length=110 success_rate=1.00 collisions/ep=0.00 (n=17)
update=85 global_step=174080 SPS=5 m_ev=0.992 m_v_bias=-0.8 m_kl_max=0.0128 mpc_ms=70.6/603 cand=0.000 w_ax@goal=-0.04 return=980.5 length=108 success_rate=1.00 collisions/ep=0.00 (n=22)
Evaluation at update 85: return=989.88, length=98.85, success_rate=1.00, collisions/ep=0.00
Solved-check at update 85: solved=False worst_gap=26.05 at p_x0=0.00 p_y0=1.00 (consecutive=0)
update=86 global_step=176128 SPS=5 m_ev=0.984 m_v_bias=0.7 m_kl_max=0.0025 mpc_ms=70.4/641 cand=0.000 w_ax@goal=+0.00 return=982.8 length=108 success_rate=1.00 collisions/ep=0.00 (n=18)
update=87 global_step=178176 SPS=5 m_ev=0.990 m_v_bias=-5.9 m_kl_max=0.0062 mpc_ms=72.5/634 cand=0.000 w_ax@goal=+0.01 return=983.7 length=106 success_rate=1.00 collisions/ep=0.00 (n=18)
update=88 global_step=180224 SPS=5 m_ev=0.984 m_v_bias=-2.4 m_kl_max=0.0011 mpc_ms=70.1/359 cand=0.000 w_ax@goal=-0.02 return=981.2 length=108 success_rate=1.00 collisions/ep=0.00 (n=21)
update=89 global_step=182272 SPS=5 m_ev=0.992 m_v_bias=-1.5 m_kl_max=0.0118 mpc_ms=67.5/431 cand=0.000 w_ax@goal=+0.05 return=983.6 length=108 success_rate=1.00 collisions/ep=0.00 (n=18)
update=90 global_step=184320 SPS=5 m_ev=0.986 m_v_bias=1.3 m_kl_max=0.0129 mpc_ms=74.3/545 cand=0.000 w_ax@goal=+0.05 return=982.7 length=108 success_rate=1.00 collisions/ep=0.00 (n=18)
Evaluation at update 90: return=990.33, length=98.40, success_rate=1.00, collisions/ep=0.00
Solved-check at update 90: solved=False worst_gap=26.05 at p_x0=0.00 p_y0=1.00 (consecutive=0)
update=91 global_step=186368 SPS=5 m_ev=0.989 m_v_bias=0.9 m_kl_max=0.0059 mpc_ms=68.4/931 cand=0.000 w_ax@goal=-0.06 return=981.7 length=109 success_rate=1.00 collisions/ep=0.00 (n=20)
update=92 global_step=188416 SPS=5 m_ev=0.985 m_v_bias=-2.1 m_kl_max=0.0063 mpc_ms=65.0/402 cand=0.000 w_ax@goal=-0.03 return=981.6 length=110 success_rate=1.00 collisions/ep=0.00 (n=18)
update=93 global_step=190464 SPS=5 m_ev=0.987 m_v_bias=4.5 m_kl_max=0.0226 mpc_ms=70.0/424 cand=0.000 w_ax@goal=-0.01 return=983.0 length=109 success_rate=1.00 collisions/ep=0.00 (n=18)
update=94 global_step=192512 SPS=5 m_ev=0.986 m_v_bias=-0.4 m_kl_max=0.0108 mpc_ms=66.4/533 cand=0.000 w_ax@goal=+0.00 return=985.0 length=106 success_rate=1.00 collisions/ep=0.00 (n=20)
update=95 global_step=194560 SPS=5 m_ev=0.984 m_v_bias=-0.3 m_kl_max=0.0124 mpc_ms=67.6/484 cand=0.000 w_ax@goal=-0.06 return=977.9 length=113 success_rate=1.00 collisions/ep=0.00 (n=19)
Evaluation at update 95: return=989.94, length=98.80, success_rate=1.00, collisions/ep=0.00
Solved-check at update 95: solved=False worst_gap=26.05 at p_x0=0.00 p_y0=1.00 (consecutive=0)
update=96 global_step=196608 SPS=5 m_ev=0.984 m_v_bias=0.8 m_kl_max=0.0123 mpc_ms=71.4/477 cand=0.000 w_ax@goal=-0.03 return=982.5 length=107 success_rate=1.00 collisions/ep=0.00 (n=18)
update=97 global_step=198656 SPS=5 m_ev=0.995 m_v_bias=-5.0 m_kl_max=0.0089 mpc_ms=67.6/499 cand=0.000 w_ax@goal=-0.01 return=983.7 length=107 success_rate=1.00 collisions/ep=0.00 (n=22)
update=98 global_step=200704 SPS=5 m_ev=0.994 m_v_bias=-3.9 m_kl_max=0.0096 mpc_ms=68.9/386 cand=0.000 w_ax@goal=-0.03 return=985.7 length=105 success_rate=1.00 collisions/ep=0.00 (n=17)
update=99 global_step=202752 SPS=5 m_ev=0.988 m_v_bias=3.6 m_kl_max=0.0209 mpc_ms=71.3/471 cand=0.000 w_ax@goal=+0.01 return=983.8 length=107 success_rate=1.00 collisions/ep=0.00 (n=19)
update=100 global_step=204800 SPS=5 m_ev=0.994 m_v_bias=-0.8 m_kl_max=0.0055 mpc_ms=66.0/608 cand=0.000 w_ax@goal=-0.01 return=983.7 length=108 success_rate=1.00 collisions/ep=0.00 (n=20)
Evaluation at update 100: return=989.83, length=98.90, success_rate=1.00, collisions/ep=0.00
Solved-check at update 100: solved=False worst_gap=27.05 at p_x0=0.00 p_y0=1.00 (consecutive=0)
update=101 global_step=206848 SPS=5 m_ev=0.986 m_v_bias=0.9 m_kl_max=0.0057 mpc_ms=148.2/1454 cand=0.000 w_ax@goal=-0.04 return=982.7 length=108 success_rate=1.00 collisions/ep=0.00 (n=18)
update=102 global_step=208896 SPS=5 m_ev=0.997 m_v_bias=-2.9 m_kl_max=0.0200 mpc_ms=148.1/1123 cand=0.000 w_ax@goal=-0.00 return=986.1 length=106 success_rate=1.00 collisions/ep=0.00 (n=20)
update=103 global_step=210944 SPS=5 m_ev=0.992 m_v_bias=3.3 m_kl_max=0.0105 mpc_ms=141.3/897 cand=0.000 w_ax@goal=+0.01 return=983.4 length=107 success_rate=1.00 collisions/ep=0.00 (n=18)
update=104 global_step=212992 SPS=5 m_ev=0.994 m_v_bias=4.4 m_kl_max=0.0111 mpc_ms=147.7/930 cand=0.000 w_ax@goal=-0.03 return=984.4 length=107 success_rate=1.00 collisions/ep=0.00 (n=20)
update=105 global_step=215040 SPS=5 m_ev=0.990 m_v_bias=1.4 m_kl_max=0.0076 mpc_ms=150.6/986 cand=0.000 w_ax@goal=+0.02 return=985.2 length=103 success_rate=1.00 collisions/ep=0.00 (n=19)
Evaluation at update 105: return=990.29, length=98.45, success_rate=1.00, collisions/ep=0.00
Solved-check at update 105: solved=False worst_gap=26.05 at p_x0=0.00 p_y0=1.00 (consecutive=0)
update=106 global_step=217088 SPS=5 m_ev=0.996 m_v_bias=-4.2 m_kl_max=0.0102 mpc_ms=142.7/772 cand=0.000 w_ax@goal=+0.03 return=985.3 length=104 success_rate=1.00 collisions/ep=0.00 (n=21)
update=107 global_step=219136 SPS=5 m_ev=0.994 m_v_bias=3.2 m_kl_max=0.0159 mpc_ms=152.2/1139 cand=0.000 w_ax@goal=+0.06 return=982.6 length=112 success_rate=1.00 collisions/ep=0.00 (n=17)
update=108 global_step=221184 SPS=5 m_ev=0.992 m_v_bias=-3.8 m_kl_max=0.0084 mpc_ms=145.4/999 cand=0.000 w_ax@goal=-0.01 return=984.9 length=105 success_rate=1.00 collisions/ep=0.00 (n=22)
update=109 global_step=223232 SPS=5 m_ev=0.996 m_v_bias=-2.3 m_kl_max=0.0020 mpc_ms=158.1/995 cand=0.000 w_ax@goal=+0.03 return=984.9 length=107 success_rate=1.00 collisions/ep=0.00 (n=17)
update=110 global_step=225280 SPS=5 m_ev=0.990 m_v_bias=6.9 m_kl_max=0.0263 mpc_ms=152.0/1251 cand=0.000 w_ax@goal=+0.03 return=982.6 length=108 success_rate=1.00 collisions/ep=0.00 (n=19)
Evaluation at update 110: return=990.64, length=98.10, success_rate=1.00, collisions/ep=0.00
Solved-check at update 110: solved=False worst_gap=26.05 at p_x0=0.00 p_y0=1.00 (consecutive=0)
update=111 global_step=227328 SPS=5 m_ev=0.993 m_v_bias=0.9 m_kl_max=0.0114 mpc_ms=88.0/658 cand=0.000 w_ax@goal=-0.00 return=985.5 length=105 success_rate=1.00 collisions/ep=0.00 (n=20)
update=112 global_step=229376 SPS=5 m_ev=0.994 m_v_bias=-1.2 m_kl_max=0.0097 mpc_ms=86.7/635 cand=0.000 w_ax@goal=+0.03 return=985.0 length=106 success_rate=1.00 collisions/ep=0.00 (n=19)
update=113 global_step=231424 SPS=5 m_ev=0.995 m_v_bias=-3.3 m_kl_max=0.0054 mpc_ms=84.0/531 cand=0.000 w_ax@goal=-0.02 return=985.0 length=108 success_rate=1.00 collisions/ep=0.00 (n=19)
update=114 global_step=233472 SPS=5 m_ev=0.970 m_v_bias=9.0 m_kl_max=0.0285 mpc_ms=80.7/763 cand=0.000 w_ax@goal=+0.02 return=984.5 length=105 success_rate=1.00 collisions/ep=0.00 (n=20)
update=115 global_step=235520 SPS=5 m_ev=0.988 m_v_bias=1.6 m_kl_max=0.0199 mpc_ms=97.3/873 cand=0.000 w_ax@goal=-0.07 return=980.2 length=112 success_rate=1.00 collisions/ep=0.00 (n=16)
Evaluation at update 115: return=990.29, length=98.45, success_rate=1.00, collisions/ep=0.00
Solved-check at update 115: solved=False worst_gap=26.05 at p_x0=0.00 p_y0=1.00 (consecutive=0)
update=116 global_step=237568 SPS=5 m_ev=0.992 m_v_bias=2.6 m_kl_max=0.0089 mpc_ms=85.3/699 cand=0.000 w_ax@goal=-0.02 return=984.3 length=108 success_rate=1.00 collisions/ep=0.00 (n=22)
update=117 global_step=239616 SPS=5 m_ev=0.989 m_v_bias=-3.5 m_kl_max=0.0106 mpc_ms=86.5/554 cand=0.000 w_ax@goal=-0.01 return=984.7 length=108 success_rate=1.00 collisions/ep=0.00 (n=18)
update=118 global_step=241664 SPS=5 m_ev=0.997 m_v_bias=-5.8 m_kl_max=0.0161 mpc_ms=133.4/839 cand=0.000 w_ax@goal=-0.04 return=986.2 length=104 success_rate=1.00 collisions/ep=0.00 (n=19)
update=119 global_step=243712 SPS=5 m_ev=0.996 m_v_bias=0.9 m_kl_max=0.0211 mpc_ms=91.7/580 cand=0.000 w_ax@goal=-0.02 return=986.6 length=105 success_rate=1.00 collisions/ep=0.00 (n=20)
update=120 global_step=245760 SPS=5 m_ev=0.998 m_v_bias=-5.1 m_kl_max=0.0088 mpc_ms=69.7/411 cand=0.000 w_ax@goal=+0.03 return=987.0 length=104 success_rate=1.00 collisions/ep=0.00 (n=20)
Evaluation at update 120: return=991.19, length=97.55, success_rate=1.00, collisions/ep=0.00
Solved-check at update 120: solved=False worst_gap=25.05 at p_x0=0.00 p_y0=1.00 (consecutive=0)
update=121 global_step=247808 SPS=5 m_ev=0.976 m_v_bias=9.7 m_kl_max=0.0074 mpc_ms=71.4/409 cand=0.000 w_ax@goal=+0.04 return=983.7 length=107 success_rate=1.00 collisions/ep=0.00 (n=18)
update=122 global_step=249856 SPS=5 m_ev=0.994 m_v_bias=-2.5 m_kl_max=0.0136 mpc_ms=66.0/399 cand=0.000 w_ax@goal=+0.03 return=985.5 length=106 success_rate=1.00 collisions/ep=0.00 (n=21)
update=123 global_step=251904 SPS=5 m_ev=0.995 m_v_bias=-0.9 m_kl_max=0.0058 mpc_ms=74.5/463 cand=0.000 w_ax@goal=-0.03 return=986.6 length=106 success_rate=1.00 collisions/ep=0.00 (n=18)
update=124 global_step=253952 SPS=5 m_ev=0.989 m_v_bias=6.0 m_kl_max=0.0225 mpc_ms=67.2/408 cand=0.000 w_ax@goal=+0.05 return=985.1 length=107 success_rate=1.00 collisions/ep=0.00 (n=22)
update=125 global_step=256000 SPS=5 m_ev=0.994 m_v_bias=1.1 m_kl_max=0.0082 mpc_ms=73.6/635 cand=0.000 w_ax@goal=+0.04 return=984.8 length=105 success_rate=1.00 collisions/ep=0.00 (n=17)
Evaluation at update 125: return=991.04, length=97.70, success_rate=1.00, collisions/ep=0.00
Solved-check at update 125: solved=False worst_gap=25.05 at p_x0=0.00 p_y0=1.00 (consecutive=0)
update=126 global_step=258048 SPS=5 m_ev=0.981 m_v_bias=7.8 m_kl_max=0.0132 mpc_ms=73.6/610 cand=0.000 w_ax@goal=+0.02 return=986.6 length=104 success_rate=1.00 collisions/ep=0.00 (n=19)
update=127 global_step=260096 SPS=5 m_ev=0.984 m_v_bias=-0.6 m_kl_max=0.0310 mpc_ms=68.9/360 cand=0.000 w_ax@goal=-0.01 return=980.7 length=109 success_rate=1.00 collisions/ep=0.00 (n=21)
update=128 global_step=262144 SPS=5 m_ev=0.992 m_v_bias=-4.9 m_kl_max=0.0164 mpc_ms=71.4/463 cand=0.000 w_ax@goal=-0.02 return=986.4 length=107 success_rate=1.00 collisions/ep=0.00 (n=18)
update=129 global_step=264192 SPS=5 m_ev=0.995 m_v_bias=0.9 m_kl_max=0.0140 mpc_ms=69.0/452 cand=0.000 w_ax@goal=+0.04 return=986.9 length=105 success_rate=1.00 collisions/ep=0.00 (n=19)
update=130 global_step=266240 SPS=5 m_ev=0.994 m_v_bias=1.0 m_kl_max=0.0300 mpc_ms=70.4/672 cand=0.000 w_ax@goal=-0.02 return=985.2 length=106 success_rate=1.00 collisions/ep=0.00 (n=19)
Evaluation at update 130: return=991.23, length=97.50, success_rate=1.00, collisions/ep=0.00
Solved-check at update 130: solved=False worst_gap=25.05 at p_x0=0.00 p_y0=1.00 (consecutive=0)
update=131 global_step=268288 SPS=5 m_ev=0.997 m_v_bias=-3.8 m_kl_max=0.0098 mpc_ms=69.6/745 cand=0.000 w_ax@goal=+0.05 return=987.1 length=102 success_rate=1.00 collisions/ep=0.00 (n=20)
update=132 global_step=270336 SPS=5 m_ev=0.972 m_v_bias=9.0 m_kl_max=0.0101 mpc_ms=72.1/575 cand=0.000 w_ax@goal=+0.01 return=986.8 length=103 success_rate=1.00 collisions/ep=0.00 (n=20)
update=133 global_step=272384 SPS=5 m_ev=0.985 m_v_bias=-1.9 m_kl_max=0.0104 mpc_ms=71.9/410 cand=0.000 w_ax@goal=+0.04 return=982.2 length=107 success_rate=1.00 collisions/ep=0.00 (n=19)
update=134 global_step=274432 SPS=5 m_ev=0.994 m_v_bias=0.2 m_kl_max=0.0089 mpc_ms=71.1/405 cand=0.000 w_ax@goal=-0.03 return=985.6 length=106 success_rate=1.00 collisions/ep=0.00 (n=20)
update=135 global_step=276480 SPS=5 m_ev=0.984 m_v_bias=4.8 m_kl_max=0.0044 mpc_ms=70.2/635 cand=0.000 w_ax@goal=+0.03 return=984.3 length=108 success_rate=1.00 collisions/ep=0.00 (n=18)
Evaluation at update 135: return=991.13, length=97.60, success_rate=1.00, collisions/ep=0.00
Solved-check at update 135: solved=False worst_gap=25.05 at p_x0=0.00 p_y0=1.00 (consecutive=0)
update=136 global_step=278528 SPS=5 m_ev=0.993 m_v_bias=-4.6 m_kl_max=0.0131 mpc_ms=69.0/540 cand=0.000 w_ax@goal=-0.02 return=984.4 length=106 success_rate=1.00 collisions/ep=0.00 (n=22)
update=137 global_step=280576 SPS=5 m_ev=0.994 m_v_bias=-0.9 m_kl_max=0.0066 mpc_ms=75.9/450 cand=0.000 w_ax@goal=+0.01 return=986.7 length=104 success_rate=1.00 collisions/ep=0.00 (n=16)
update=138 global_step=282624 SPS=5 m_ev=0.996 m_v_bias=-2.0 m_kl_max=0.0071 mpc_ms=69.7/458 cand=0.000 w_ax@goal=-0.08 return=986.5 length=105 success_rate=1.00 collisions/ep=0.00 (n=24)
update=139 global_step=284672 SPS=5 m_ev=0.991 m_v_bias=5.6 m_kl_max=0.0050 mpc_ms=71.1/446 cand=0.000 w_ax@goal=+0.05 return=986.0 length=106 success_rate=1.00 collisions/ep=0.00 (n=16)
update=140 global_step=286720 SPS=5 m_ev=0.996 m_v_bias=-3.3 m_kl_max=0.0027 mpc_ms=70.0/407 cand=0.000 w_ax@goal=-0.02 return=984.9 length=104 success_rate=1.00 collisions/ep=0.00 (n=20)
Evaluation at update 140: return=990.89, length=97.85, success_rate=1.00, collisions/ep=0.00
Solved-check at update 140: solved=False worst_gap=25.04 at p_x0=0.00 p_y0=1.00 (consecutive=0)
update=141 global_step=288768 SPS=5 m_ev=0.991 m_v_bias=6.6 m_kl_max=0.0061 mpc_ms=67.6/386 cand=0.000 w_ax@goal=-0.00 return=985.4 length=106 success_rate=1.00 collisions/ep=0.00 (n=20)
update=142 global_step=290816 SPS=5 m_ev=0.993 m_v_bias=-0.0 m_kl_max=0.0041 mpc_ms=70.5/480 cand=0.000 w_ax@goal=-0.05 return=985.2 length=104 success_rate=1.00 collisions/ep=0.00 (n=20)
update=143 global_step=292864 SPS=6 m_ev=0.995 m_v_bias=-3.8 m_kl_max=0.0183 mpc_ms=70.6/429 cand=0.000 w_ax@goal=+0.02 return=986.9 length=104 success_rate=1.00 collisions/ep=0.00 (n=19)
update=144 global_step=294912 SPS=6 m_ev=0.994 m_v_bias=0.7 m_kl_max=0.0078 mpc_ms=70.0/413 cand=0.000 w_ax@goal=+0.00 return=985.5 length=104 success_rate=1.00 collisions/ep=0.00 (n=21)
update=145 global_step=296960 SPS=6 m_ev=0.998 m_v_bias=-1.1 m_kl_max=0.0134 mpc_ms=72.2/459 cand=0.000 w_ax@goal=-0.01 return=986.9 length=103 success_rate=1.00 collisions/ep=0.00 (n=18)
Evaluation at update 145: return=990.88, length=97.85, success_rate=1.00, collisions/ep=0.00
Solved-check at update 145: solved=False worst_gap=25.05 at p_x0=0.00 p_y0=1.00 (consecutive=0)
update=146 global_step=299008 SPS=6 m_ev=0.976 m_v_bias=7.3 m_kl_max=0.0131 mpc_ms=69.8/456 cand=0.000 w_ax@goal=-0.01 return=985.2 length=105 success_rate=1.00 collisions/ep=0.00 (n=20)
update=147 global_step=301056 SPS=6 m_ev=0.990 m_v_bias=-7.2 m_kl_max=0.0062 mpc_ms=70.4/442 cand=0.000 w_ax@goal=-0.01 return=985.1 length=106 success_rate=1.00 collisions/ep=0.00 (n=20)
update=148 global_step=303104 SPS=6 m_ev=0.995 m_v_bias=-2.3 m_kl_max=0.0144 mpc_ms=69.7/380 cand=0.000 w_ax@goal=-0.01 return=987.3 length=103 success_rate=1.00 collisions/ep=0.00 (n=19)
update=149 global_step=305152 SPS=6 m_ev=0.994 m_v_bias=3.4 m_kl_max=0.0092 mpc_ms=69.8/438 cand=0.000 w_ax@goal=-0.03 return=987.0 length=104 success_rate=1.00 collisions/ep=0.00 (n=20)
update=150 global_step=307200 SPS=6 m_ev=0.993 m_v_bias=1.5 m_kl_max=0.0054 mpc_ms=71.9/518 cand=0.000 w_ax@goal=+0.05 return=985.4 length=106 success_rate=1.00 collisions/ep=0.00 (n=19)
Evaluation at update 150: return=990.99, length=97.75, success_rate=1.00, collisions/ep=0.00
Solved-check at update 150: solved=False worst_gap=25.05 at p_x0=0.00 p_y0=1.00 (consecutive=0)
update=151 global_step=309248 SPS=6 m_ev=0.990 m_v_bias=0.9 m_kl_max=0.0090 mpc_ms=71.3/594 cand=0.000 w_ax@goal=-0.02 return=985.0 length=107 success_rate=1.00 collisions/ep=0.00 (n=19)
update=152 global_step=311296 SPS=6 m_ev=0.994 m_v_bias=-4.8 m_kl_max=0.0186 mpc_ms=71.9/441 cand=0.000 w_ax@goal=-0.03 return=987.2 length=102 success_rate=1.00 collisions/ep=0.00 (n=19)
update=153 global_step=313344 SPS=6 m_ev=0.996 m_v_bias=-1.2 m_kl_max=0.0174 mpc_ms=70.1/615 cand=0.000 w_ax@goal=-0.01 return=985.8 length=104 success_rate=1.00 collisions/ep=0.00 (n=21)
update=154 global_step=315392 SPS=6 m_ev=0.996 m_v_bias=-5.0 m_kl_max=0.0104 mpc_ms=67.9/331 cand=0.000 w_ax@goal=-0.04 return=986.9 length=104 success_rate=1.00 collisions/ep=0.00 (n=21)
update=155 global_step=317440 SPS=6 m_ev=0.997 m_v_bias=-2.3 m_kl_max=0.0070 mpc_ms=67.7/377 cand=0.000 w_ax@goal=+0.01 return=988.5 length=103 success_rate=1.00 collisions/ep=0.00 (n=18)
Evaluation at update 155: return=991.29, length=97.45, success_rate=1.00, collisions/ep=0.00
Solved-check at update 155: solved=False worst_gap=25.05 at p_x0=0.00 p_y0=1.00 (consecutive=0)
update=156 global_step=319488 SPS=6 m_ev=0.992 m_v_bias=2.3 m_kl_max=0.0051 mpc_ms=65.8/469 cand=0.000 w_ax@goal=-0.01 return=988.4 length=103 success_rate=1.00 collisions/ep=0.00 (n=21)
update=157 global_step=321536 SPS=6 m_ev=0.981 m_v_bias=7.8 m_kl_max=0.0295 mpc_ms=72.9/610 cand=0.000 w_ax@goal=-0.04 return=986.4 length=106 success_rate=1.00 collisions/ep=0.00 (n=19)
update=158 global_step=323584 SPS=6 m_ev=0.995 m_v_bias=-4.6 m_kl_max=0.0136 mpc_ms=70.1/570 cand=0.000 w_ax@goal=+0.03 return=983.2 length=107 success_rate=1.00 collisions/ep=0.00 (n=18)
update=159 global_step=325632 SPS=6 m_ev=0.992 m_v_bias=2.2 m_kl_max=0.0097 mpc_ms=70.2/548 cand=0.000 w_ax@goal=+0.03 return=986.4 length=107 success_rate=1.00 collisions/ep=0.00 (n=20)
update=160 global_step=327680 SPS=6 m_ev=0.995 m_v_bias=-3.2 m_kl_max=0.0074 mpc_ms=69.4/435 cand=0.000 w_ax@goal=+0.00 return=988.5 length=102 success_rate=1.00 collisions/ep=0.00 (n=21)
Evaluation at update 160: return=990.84, length=97.90, success_rate=1.00, collisions/ep=0.00
Solved-check at update 160: solved=False worst_gap=25.04 at p_x0=0.00 p_y0=1.00 (consecutive=0)
update=161 global_step=329728 SPS=6 m_ev=0.996 m_v_bias=-1.2 m_kl_max=0.0109 mpc_ms=68.1/501 cand=0.000 w_ax@goal=-0.09 return=986.9 length=102 success_rate=1.00 collisions/ep=0.00 (n=19)
update=162 global_step=331776 SPS=6 m_ev=0.997 m_v_bias=-3.1 m_kl_max=0.0076 mpc_ms=69.1/414 cand=0.000 w_ax@goal=+0.04 return=986.3 length=105 success_rate=1.00 collisions/ep=0.00 (n=20)
update=163 global_step=333824 SPS=6 m_ev=0.994 m_v_bias=0.3 m_kl_max=0.0101 mpc_ms=67.7/412 cand=0.000 w_ax@goal=-0.02 return=987.1 length=105 success_rate=1.00 collisions/ep=0.00 (n=20)
update=164 global_step=335872 SPS=6 m_ev=0.995 m_v_bias=-2.0 m_kl_max=0.0092 mpc_ms=71.0/622 cand=0.000 w_ax@goal=+0.04 return=987.1 length=104 success_rate=1.00 collisions/ep=0.00 (n=17)
update=165 global_step=337920 SPS=6 m_ev=0.998 m_v_bias=-0.3 m_kl_max=0.0158 mpc_ms=63.3/534 cand=0.000 w_ax@goal=-0.01 return=986.5 length=105 success_rate=1.00 collisions/ep=0.00 (n=23)
Evaluation at update 165: return=991.34, length=97.40, success_rate=1.00, collisions/ep=0.00
Solved-check at update 165: solved=False worst_gap=25.05 at p_x0=0.00 p_y0=1.00 (consecutive=0)
update=166 global_step=339968 SPS=6 m_ev=0.992 m_v_bias=2.4 m_kl_max=0.0125 mpc_ms=75.3/403 cand=0.000 w_ax@goal=+0.02 return=986.2 length=104 success_rate=1.00 collisions/ep=0.00 (n=16)
update=167 global_step=342016 SPS=6 m_ev=0.997 m_v_bias=1.0 m_kl_max=0.0109 mpc_ms=65.7/469 cand=0.000 w_ax@goal=-0.00 return=988.5 length=101 success_rate=1.00 collisions/ep=0.00 (n=24)
update=168 global_step=344064 SPS=6 m_ev=0.989 m_v_bias=2.7 m_kl_max=0.0031 mpc_ms=75.8/515 cand=0.000 w_ax@goal=-0.02 return=985.0 length=108 success_rate=1.00 collisions/ep=0.00 (n=16)
update=169 global_step=346112 SPS=6 m_ev=0.996 m_v_bias=-2.4 m_kl_max=0.0084 mpc_ms=67.0/684 cand=0.000 w_ax@goal=-0.03 return=988.7 length=103 success_rate=1.00 collisions/ep=0.00 (n=24)
update=170 global_step=348160 SPS=6 m_ev=0.993 m_v_bias=1.3 m_kl_max=0.0126 mpc_ms=71.2/413 cand=0.000 w_ax@goal=-0.02 return=987.4 length=103 success_rate=1.00 collisions/ep=0.00 (n=17)
Evaluation at update 170: return=991.44, length=97.30, success_rate=1.00, collisions/ep=0.00
Solved-check at update 170: solved=False worst_gap=25.05 at p_x0=0.00 p_y0=1.00 (consecutive=0)
update=171 global_step=350208 SPS=6 m_ev=0.992 m_v_bias=2.0 m_kl_max=0.0074 mpc_ms=72.1/477 cand=0.000 w_ax@goal=+0.00 return=986.2 length=104 success_rate=1.00 collisions/ep=0.00 (n=19)
update=172 global_step=352256 SPS=6 m_ev=0.991 m_v_bias=2.1 m_kl_max=0.0150 mpc_ms=63.0/405 cand=0.000 w_ax@goal=+0.00 return=986.1 length=107 success_rate=1.00 collisions/ep=0.00 (n=20)
update=173 global_step=354304 SPS=6 m_ev=0.989 m_v_bias=3.3 m_kl_max=0.0079 mpc_ms=67.9/532 cand=0.000 w_ax@goal=-0.05 return=987.0 length=106 success_rate=1.00 collisions/ep=0.00 (n=18)
update=174 global_step=356352 SPS=6 m_ev=0.994 m_v_bias=-9.2 m_kl_max=0.0091 mpc_ms=108.3/707 cand=0.000 w_ax@goal=-0.03 return=986.1 length=105 success_rate=1.00 collisions/ep=0.00 (n=23)
update=175 global_step=358400 SPS=6 m_ev=0.998 m_v_bias=0.2 m_kl_max=0.0055 mpc_ms=145.0/727 cand=0.000 w_ax@goal=+0.08 return=988.2 length=104 success_rate=1.00 collisions/ep=0.00 (n=17)
Evaluation at update 175: return=991.24, length=97.50, success_rate=1.00, collisions/ep=0.00
Solved-check at update 175: solved=False worst_gap=25.05 at p_x0=0.00 p_y0=1.00 (consecutive=0)
update=176 global_step=360448 SPS=6 m_ev=0.997 m_v_bias=-0.9 m_kl_max=0.0049 mpc_ms=150.4/1102 cand=0.000 w_ax@goal=-0.01 return=987.7 length=101 success_rate=1.00 collisions/ep=0.00 (n=21)
update=177 global_step=362496 SPS=6 m_ev=0.993 m_v_bias=2.7 m_kl_max=0.0096 mpc_ms=102.2/1268 cand=0.000 w_ax@goal=-0.00 return=986.9 length=106 success_rate=1.00 collisions/ep=0.00 (n=19)
update=178 global_step=364544 SPS=6 m_ev=0.998 m_v_bias=-3.2 m_kl_max=0.0069 mpc_ms=69.4/465 cand=0.000 w_ax@goal=+0.03 return=988.7 length=102 success_rate=1.00 collisions/ep=0.00 (n=20)
update=179 global_step=366592 SPS=6 m_ev=0.992 m_v_bias=4.8 m_kl_max=0.0100 mpc_ms=66.8/621 cand=0.000 w_ax@goal=-0.02 return=986.9 length=104 success_rate=1.00 collisions/ep=0.00 (n=21)
update=180 global_step=368640 SPS=6 m_ev=0.995 m_v_bias=3.6 m_kl_max=0.0108 mpc_ms=70.0/533 cand=0.000 w_ax@goal=+0.05 return=985.3 length=106 success_rate=1.00 collisions/ep=0.00 (n=18)
Evaluation at update 180: return=991.19, length=97.55, success_rate=1.00, collisions/ep=0.00
Solved-check at update 180: solved=False worst_gap=25.04 at p_x0=0.00 p_y0=1.00 (consecutive=0)
update=181 global_step=370688 SPS=6 m_ev=0.998 m_v_bias=-4.7 m_kl_max=0.0032 mpc_ms=70.1/634 cand=0.000 w_ax@goal=+0.02 return=988.4 length=101 success_rate=1.00 collisions/ep=0.00 (n=21)
update=182 global_step=372736 SPS=6 m_ev=0.995 m_v_bias=2.2 m_kl_max=0.0070 mpc_ms=69.8/614 cand=0.000 w_ax@goal=-0.03 return=987.9 length=104 success_rate=1.00 collisions/ep=0.00 (n=19)
update=183 global_step=374784 SPS=6 m_ev=0.998 m_v_bias=-3.2 m_kl_max=0.0173 mpc_ms=71.6/496 cand=0.000 w_ax@goal=+0.01 return=987.6 length=101 success_rate=1.00 collisions/ep=0.00 (n=22)
update=184 global_step=376832 SPS=6 m_ev=0.994 m_v_bias=-0.9 m_kl_max=0.0051 mpc_ms=73.0/502 cand=0.000 w_ax@goal=+0.00 return=989.0 length=100 success_rate=1.00 collisions/ep=0.00 (n=19)
update=185 global_step=378880 SPS=6 m_ev=0.989 m_v_bias=5.2 m_kl_max=0.0062 mpc_ms=73.2/640 cand=0.000 w_ax@goal=+0.03 return=986.4 length=106 success_rate=1.00 collisions/ep=0.00 (n=19)
Evaluation at update 185: return=991.43, length=97.30, success_rate=1.00, collisions/ep=0.00
Solved-check at update 185: solved=False worst_gap=25.05 at p_x0=0.00 p_y0=1.00 (consecutive=0)
update=186 global_step=380928 SPS=6 m_ev=0.995 m_v_bias=-6.7 m_kl_max=0.0120 mpc_ms=65.6/427 cand=0.000 w_ax@goal=-0.00 return=985.8 length=103 success_rate=1.00 collisions/ep=0.00 (n=20)
update=187 global_step=382976 SPS=6 m_ev=0.998 m_v_bias=-1.7 m_kl_max=0.0142 mpc_ms=67.0/417 cand=0.000 w_ax@goal=-0.02 return=989.5 length=101 success_rate=1.00 collisions/ep=0.00 (n=21)
update=188 global_step=385024 SPS=6 m_ev=0.998 m_v_bias=1.4 m_kl_max=0.0089 mpc_ms=67.3/507 cand=0.000 w_ax@goal=-0.02 return=988.4 length=104 success_rate=1.00 collisions/ep=0.00 (n=19)
update=189 global_step=387072 SPS=6 m_ev=0.998 m_v_bias=0.3 m_kl_max=0.0075 mpc_ms=69.5/464 cand=0.000 w_ax@goal=+0.05 return=988.4 length=102 success_rate=1.00 collisions/ep=0.00 (n=21)
update=190 global_step=389120 SPS=6 m_ev=0.994 m_v_bias=2.0 m_kl_max=0.0116 mpc_ms=66.3/526 cand=0.000 w_ax@goal=-0.02 return=986.8 length=103 success_rate=1.00 collisions/ep=0.00 (n=19)
Evaluation at update 190: return=991.54, length=97.20, success_rate=1.00, collisions/ep=0.00
Solved-check at update 190: solved=False worst_gap=25.05 at p_x0=0.00 p_y0=1.00 (consecutive=0)
update=191 global_step=391168 SPS=6 m_ev=0.981 m_v_bias=5.8 m_kl_max=0.0066 mpc_ms=73.7/347 cand=0.000 w_ax@goal=+0.04 return=985.9 length=104 success_rate=1.00 collisions/ep=0.00 (n=19)
update=192 global_step=393216 SPS=6 m_ev=0.996 m_v_bias=-7.3 m_kl_max=0.0050 mpc_ms=69.8/497 cand=0.000 w_ax@goal=-0.01 return=987.6 length=105 success_rate=1.00 collisions/ep=0.00 (n=21)
update=193 global_step=395264 SPS=6 m_ev=0.998 m_v_bias=-1.4 m_kl_max=0.0080 mpc_ms=69.7/743 cand=0.000 w_ax@goal=+0.08 return=987.8 length=101 success_rate=1.00 collisions/ep=0.00 (n=20)
update=194 global_step=397312 SPS=6 m_ev=0.985 m_v_bias=3.9 m_kl_max=0.0067 mpc_ms=74.8/556 cand=0.000 w_ax@goal=-0.00 return=985.6 length=107 success_rate=1.00 collisions/ep=0.00 (n=19)
update=195 global_step=399360 SPS=6 m_ev=0.997 m_v_bias=-7.2 m_kl_max=0.0130 mpc_ms=67.1/500 cand=0.000 w_ax@goal=-0.03 return=988.1 length=102 success_rate=1.00 collisions/ep=0.00 (n=20)
Evaluation at update 195: return=991.44, length=97.30, success_rate=1.00, collisions/ep=0.00
Solved-check at update 195: solved=False worst_gap=25.05 at p_x0=0.00 p_y0=1.00 (consecutive=0)
update=196 global_step=401408 SPS=6 m_ev=0.990 m_v_bias=1.5 m_kl_max=0.0088 mpc_ms=70.7/495 cand=0.000 w_ax@goal=+0.00 return=986.2 length=106 success_rate=1.00 collisions/ep=0.00 (n=18)
update=197 global_step=403456 SPS=6 m_ev=0.998 m_v_bias=-0.9 m_kl_max=0.0107 mpc_ms=67.8/436 cand=0.000 w_ax@goal=-0.00 return=988.3 length=103 success_rate=1.00 collisions/ep=0.00 (n=22)
update=198 global_step=405504 SPS=6 m_ev=0.993 m_v_bias=1.3 m_kl_max=0.0269 mpc_ms=65.1/403 cand=0.000 w_ax@goal=-0.02 return=987.7 length=103 success_rate=1.00 collisions/ep=0.00 (n=20)
update=199 global_step=407552 SPS=6 m_ev=0.996 m_v_bias=-3.2 m_kl_max=0.0162 mpc_ms=72.3/590 cand=0.000 w_ax@goal=+0.00 return=986.6 length=105 success_rate=1.00 collisions/ep=0.00 (n=17)
update=200 global_step=409600 SPS=6 m_ev=0.995 m_v_bias=0.5 m_kl_max=0.0079 mpc_ms=70.6/383 cand=0.000 w_ax@goal=-0.08 return=988.4 length=100 success_rate=1.00 collisions/ep=0.00 (n=21)
Evaluation at update 200: return=991.34, length=97.40, success_rate=1.00, collisions/ep=0.00
Solved-check at update 200: solved=False worst_gap=25.05 at p_x0=0.00 p_y0=1.00 (consecutive=0)
update=201 global_step=411648 SPS=6 m_ev=0.999 m_v_bias=-2.5 m_kl_max=0.0065 mpc_ms=70.0/419 cand=0.000 w_ax@goal=-0.07 return=988.9 length=102 success_rate=1.00 collisions/ep=0.00 (n=20)
update=202 global_step=413696 SPS=6 m_ev=0.994 m_v_bias=2.8 m_kl_max=0.0068 mpc_ms=68.6/480 cand=0.000 w_ax@goal=-0.03 return=988.5 length=103 success_rate=1.00 collisions/ep=0.00 (n=20)
update=203 global_step=415744 SPS=6 m_ev=0.994 m_v_bias=2.7 m_kl_max=0.0112 mpc_ms=69.7/649 cand=0.000 w_ax@goal=+0.01 return=988.4 length=104 success_rate=1.00 collisions/ep=0.00 (n=20)
update=204 global_step=417792 SPS=6 m_ev=0.999 m_v_bias=-2.1 m_kl_max=0.0040 mpc_ms=69.8/444 cand=0.000 w_ax@goal=-0.03 return=988.7 length=100 success_rate=1.00 collisions/ep=0.00 (n=22)
update=205 global_step=419840 SPS=6 m_ev=0.994 m_v_bias=2.4 m_kl_max=0.0083 mpc_ms=68.6/439 cand=0.000 w_ax@goal=-0.00 return=987.5 length=100 success_rate=1.00 collisions/ep=0.00 (n=20)
Evaluation at update 205: return=991.44, length=97.30, success_rate=1.00, collisions/ep=0.00
Solved-check at update 205: solved=False worst_gap=25.05 at p_x0=0.00 p_y0=1.00 (consecutive=0)
update=206 global_step=421888 SPS=6 m_ev=0.998 m_v_bias=-1.0 m_kl_max=0.0071 mpc_ms=69.9/1023 cand=0.000 w_ax@goal=-0.08 return=988.8 length=103 success_rate=1.00 collisions/ep=0.00 (n=20)
update=207 global_step=423936 SPS=6 m_ev=0.992 m_v_bias=2.7 m_kl_max=0.0151 mpc_ms=71.8/497 cand=0.000 w_ax@goal=+0.03 return=988.0 length=106 success_rate=1.00 collisions/ep=0.00 (n=18)
update=208 global_step=425984 SPS=6 m_ev=0.994 m_v_bias=0.3 m_kl_max=0.0101 mpc_ms=67.9/429 cand=0.000 w_ax@goal=-0.00 return=988.0 length=102 success_rate=1.00 collisions/ep=0.00 (n=21)
update=209 global_step=428032 SPS=6 m_ev=0.996 m_v_bias=-4.3 m_kl_max=0.0039 mpc_ms=67.9/644 cand=0.000 w_ax@goal=+0.03 return=987.3 length=104 success_rate=1.00 collisions/ep=0.00 (n=18)
update=210 global_step=430080 SPS=6 m_ev=0.992 m_v_bias=4.5 m_kl_max=0.0112 mpc_ms=65.3/760 cand=0.000 w_ax@goal=+0.04 return=987.8 length=104 success_rate=1.00 collisions/ep=0.00 (n=22)
Evaluation at update 210: return=991.34, length=97.40, success_rate=1.00, collisions/ep=0.00
Solved-check at update 210: solved=False worst_gap=25.05 at p_x0=0.00 p_y0=1.00 (consecutive=0)
update=211 global_step=432128 SPS=6 m_ev=0.992 m_v_bias=0.8 m_kl_max=0.0059 mpc_ms=69.9/729 cand=0.000 w_ax@goal=-0.02 return=987.6 length=106 success_rate=1.00 collisions/ep=0.00 (n=19)
update=212 global_step=434176 SPS=6 m_ev=0.993 m_v_bias=-0.9 m_kl_max=0.0066 mpc_ms=69.8/676 cand=0.000 w_ax@goal=+0.06 return=987.7 length=103 success_rate=1.00 collisions/ep=0.00 (n=19)
update=213 global_step=436224 SPS=6 m_ev=0.998 m_v_bias=-3.7 m_kl_max=0.0108 mpc_ms=67.4/401 cand=0.000 w_ax@goal=+0.06 return=987.0 length=103 success_rate=1.00 collisions/ep=0.00 (n=20)
update=214 global_step=438272 SPS=6 m_ev=0.996 m_v_bias=1.2 m_kl_max=0.0042 mpc_ms=67.5/360 cand=0.000 w_ax@goal=-0.04 return=987.9 length=104 success_rate=1.00 collisions/ep=0.00 (n=20)
update=215 global_step=440320 SPS=6 m_ev=0.991 m_v_bias=-0.2 m_kl_max=0.0039 mpc_ms=71.0/485 cand=0.000 w_ax@goal=-0.02 return=987.6 length=102 success_rate=1.00 collisions/ep=0.00 (n=18)
Evaluation at update 215: return=991.34, length=97.40, success_rate=1.00, collisions/ep=0.00
Solved-check at update 215: solved=False worst_gap=25.05 at p_x0=0.00 p_y0=1.00 (consecutive=0)
update=216 global_step=442368 SPS=6 m_ev=0.999 m_v_bias=-3.3 m_kl_max=0.0146 mpc_ms=66.8/407 cand=0.000 w_ax@goal=+0.02 return=987.9 length=102 success_rate=1.00 collisions/ep=0.00 (n=22)
update=217 global_step=444416 SPS=6 m_ev=0.995 m_v_bias=2.4 m_kl_max=0.0032 mpc_ms=70.7/380 cand=0.000 w_ax@goal=+0.02 return=988.6 length=101 success_rate=1.00 collisions/ep=0.00 (n=21)
update=218 global_step=446464 SPS=6 m_ev=0.990 m_v_bias=4.5 m_kl_max=0.0181 mpc_ms=70.6/575 cand=0.000 w_ax@goal=-0.02 return=988.2 length=104 success_rate=1.00 collisions/ep=0.00 (n=18)
update=219 global_step=448512 SPS=6 m_ev=0.998 m_v_bias=-6.0 m_kl_max=0.0044 mpc_ms=66.9/456 cand=0.000 w_ax@goal=-0.03 return=987.2 length=106 success_rate=1.00 collisions/ep=0.00 (n=21)
update=220 global_step=450560 SPS=6 m_ev=0.996 m_v_bias=3.3 m_kl_max=0.0070 mpc_ms=74.5/1431 cand=0.000 w_ax@goal=+0.00 return=988.2 length=100 success_rate=1.00 collisions/ep=0.00 (n=19)
Evaluation at update 220: return=991.19, length=97.55, success_rate=1.00, collisions/ep=0.00
Solved-check at update 220: solved=False worst_gap=25.04 at p_x0=0.00 p_y0=1.00 (consecutive=0)
update=221 global_step=452608 SPS=6 m_ev=0.999 m_v_bias=-0.7 m_kl_max=0.0096 mpc_ms=67.4/635 cand=0.000 w_ax@goal=-0.07 return=988.6 length=102 success_rate=1.00 collisions/ep=0.00 (n=21)
update=222 global_step=454656 SPS=6 m_ev=0.996 m_v_bias=1.2 m_kl_max=0.0110 mpc_ms=67.9/437 cand=0.000 w_ax@goal=-0.02 return=988.3 length=104 success_rate=1.00 collisions/ep=0.00 (n=20)
update=223 global_step=456704 SPS=6 m_ev=0.998 m_v_bias=1.0 m_kl_max=0.0080 mpc_ms=65.9/561 cand=0.000 w_ax@goal=+0.00 return=989.4 length=100 success_rate=1.00 collisions/ep=0.00 (n=21)
update=224 global_step=458752 SPS=6 m_ev=0.998 m_v_bias=-1.2 m_kl_max=0.0076 mpc_ms=73.0/521 cand=0.000 w_ax@goal=+0.01 return=988.9 length=103 success_rate=1.00 collisions/ep=0.00 (n=19)
update=225 global_step=460800 SPS=6 m_ev=0.993 m_v_bias=6.3 m_kl_max=0.0062 mpc_ms=70.4/406 cand=0.000 w_ax@goal=-0.03 return=986.9 length=105 success_rate=1.00 collisions/ep=0.00 (n=20)
Evaluation at update 225: return=991.69, length=97.05, success_rate=1.00, collisions/ep=0.00
Solved-check at update 225: solved=False worst_gap=25.05 at p_x0=0.00 p_y0=1.00 (consecutive=0)
update=226 global_step=462848 SPS=6 m_ev=0.998 m_v_bias=-7.9 m_kl_max=0.0105 mpc_ms=70.1/543 cand=0.000 w_ax@goal=-0.01 return=988.7 length=103 success_rate=1.00 collisions/ep=0.00 (n=19)
update=227 global_step=464896 SPS=6 m_ev=0.995 m_v_bias=1.5 m_kl_max=0.0048 mpc_ms=71.4/428 cand=0.000 w_ax@goal=-0.01 return=987.5 length=103 success_rate=1.00 collisions/ep=0.00 (n=21)
update=228 global_step=466944 SPS=6 m_ev=0.997 m_v_bias=-1.7 m_kl_max=0.0050 mpc_ms=73.9/710 cand=0.000 w_ax@goal=+0.00 return=988.2 length=105 success_rate=1.00 collisions/ep=0.00 (n=18)
update=229 global_step=468992 SPS=6 m_ev=0.994 m_v_bias=4.6 m_kl_max=0.0135 mpc_ms=72.5/394 cand=0.000 w_ax@goal=-0.02 return=987.3 length=103 success_rate=1.00 collisions/ep=0.00 (n=22)
update=230 global_step=471040 SPS=7 m_ev=0.995 m_v_bias=0.1 m_kl_max=0.0034 mpc_ms=70.7/478 cand=0.000 w_ax@goal=-0.06 return=988.3 length=102 success_rate=1.00 collisions/ep=0.00 (n=18)
Evaluation at update 230: return=991.64, length=97.10, success_rate=1.00, collisions/ep=0.00
Solved-check at update 230: solved=False worst_gap=25.04 at p_x0=0.00 p_y0=1.00 (consecutive=0)
update=231 global_step=473088 SPS=6 m_ev=0.997 m_v_bias=-0.7 m_kl_max=0.0132 mpc_ms=75.5/484 cand=0.000 w_ax@goal=-0.00 return=988.8 length=102 success_rate=1.00 collisions/ep=0.00 (n=21)
update=232 global_step=475136 SPS=6 m_ev=0.994 m_v_bias=2.8 m_kl_max=0.0170 mpc_ms=75.7/567 cand=0.000 w_ax@goal=+0.03 return=987.3 length=103 success_rate=1.00 collisions/ep=0.00 (n=19)
update=233 global_step=477184 SPS=7 m_ev=0.992 m_v_bias=5.9 m_kl_max=0.0054 mpc_ms=72.7/418 cand=0.000 w_ax@goal=-0.05 return=984.5 length=106 success_rate=1.00 collisions/ep=0.00 (n=19)
update=234 global_step=479232 SPS=7 m_ev=0.994 m_v_bias=-2.6 m_kl_max=0.0057 mpc_ms=71.6/436 cand=0.000 w_ax@goal=-0.01 return=987.4 length=105 success_rate=1.00 collisions/ep=0.00 (n=20)
update=235 global_step=481280 SPS=7 m_ev=0.997 m_v_bias=-2.0 m_kl_max=0.0056 mpc_ms=74.8/613 cand=0.000 w_ax@goal=+0.02 return=988.9 length=102 success_rate=1.00 collisions/ep=0.00 (n=19)
Evaluation at update 235: return=991.44, length=97.30, success_rate=1.00, collisions/ep=0.00
Solved-check at update 235: solved=False worst_gap=25.05 at p_x0=0.00 p_y0=1.00 (consecutive=0)
update=236 global_step=483328 SPS=7 m_ev=0.999 m_v_bias=-0.0 m_kl_max=0.0064 mpc_ms=66.5/433 cand=0.000 w_ax@goal=-0.04 return=989.6 length=102 success_rate=1.00 collisions/ep=0.00 (n=21)
update=237 global_step=485376 SPS=7 m_ev=0.993 m_v_bias=3.7 m_kl_max=0.0092 mpc_ms=77.9/486 cand=0.000 w_ax@goal=+0.01 return=988.6 length=102 success_rate=1.00 collisions/ep=0.00 (n=19)
update=238 global_step=487424 SPS=7 m_ev=0.994 m_v_bias=4.4 m_kl_max=0.0108 mpc_ms=69.4/472 cand=0.000 w_ax@goal=+0.00 return=987.6 length=102 success_rate=1.00 collisions/ep=0.00 (n=21)
update=239 global_step=489472 SPS=7 m_ev=0.998 m_v_bias=-4.6 m_kl_max=0.0028 mpc_ms=71.3/471 cand=0.000 w_ax@goal=+0.01 return=988.5 length=103 success_rate=1.00 collisions/ep=0.00 (n=20)
update=240 global_step=491520 SPS=7 m_ev=0.999 m_v_bias=0.1 m_kl_max=0.0110 mpc_ms=68.1/479 cand=0.000 w_ax@goal=+0.03 return=987.8 length=105 success_rate=1.00 collisions/ep=0.00 (n=20)
Evaluation at update 240: return=991.54, length=97.20, success_rate=1.00, collisions/ep=0.00
Solved-check at update 240: solved=False worst_gap=25.05 at p_x0=0.00 p_y0=1.00 (consecutive=0)
update=241 global_step=493568 SPS=7 m_ev=0.999 m_v_bias=-2.7 m_kl_max=0.0095 mpc_ms=70.6/584 cand=0.000 w_ax@goal=-0.02 return=990.3 length=101 success_rate=1.00 collisions/ep=0.00 (n=19)
update=242 global_step=495616 SPS=7 m_ev=0.999 m_v_bias=1.4 m_kl_max=0.0178 mpc_ms=66.5/295 cand=0.000 w_ax@goal=+0.02 return=988.1 length=103 success_rate=1.00 collisions/ep=0.00 (n=22)
update=243 global_step=497664 SPS=7 m_ev=0.997 m_v_bias=0.3 m_kl_max=0.0042 mpc_ms=69.2/529 cand=0.000 w_ax@goal=+0.00 return=989.7 length=103 success_rate=1.00 collisions/ep=0.00 (n=18)
update=244 global_step=499712 SPS=7 m_ev=0.994 m_v_bias=4.1 m_kl_max=0.0101 mpc_ms=73.8/600 cand=0.000 w_ax@goal=+0.03 return=988.2 length=105 success_rate=1.00 collisions/ep=0.00 (n=21)
Saved checkpoints to C:\Users\loren\Desktop\MASTER THESIS\5_CODE\scenarios\slalom\studies\disturbed_0.01_0.1\ppo_mpc\runs\ppo_mpc_slalom_4_1791168783
