Using device: cpu
Solved-check: precomputed optimal returns for 25 fixed initial conditions (mean=1011.8, min=1007.0, max=1014.0); solved-tolerance=5.0
Goal box: +-1.800 m (1.5x segment-reachable; segment-reachable displacement = 1.200 m)
tube MPC: W disks of radii (p, v) [0.01 0.1 ], RPI s=18 alpha=0.0167; Z radii (p, v) = [0.1649 0.4184]
  X0 (-) Z: p_x [-0.835, 10.835], p_y [-1.834, 1.834], ||v|| <= 0.782; V = U (-) KZ: ||u|| <= 0.897; K = [-7.613 -4.585] per axis
  4 obstacles, 132 binaries before fixing, max big-M 9.00; horizon N=10, stopping time 9 steps
num_envs=8 num_steps_per_env=256 batch_size=2048 num_updates=244 timesteps=499712 (requested 500000)
update=1 global_step=2048 SPS=16 m_ev=0.003 m_v_bias=43.7 m_kl_max=0.0081 mpc_ms=58.6/936 cand=0.000 return=-204.0 length=200 success_rate=0.00 collisions/ep=0.00 (n=8)
update=2 global_step=4096 SPS=14 m_ev=-1.204 m_v_bias=23.3 m_kl_max=0.0282 mpc_ms=80.0/810 cand=0.000 return=-200.2 length=200 success_rate=0.00 collisions/ep=0.00 (n=8)
update=3 global_step=6144 SPS=13 m_ev=-0.112 m_v_bias=14.3 m_kl_max=0.0342 mpc_ms=87.3/1219 cand=0.000 return=-174.1 length=200 success_rate=0.00 collisions/ep=0.00 (n=8)
update=4 global_step=8192 SPS=11 m_ev=-0.240 m_v_bias=4.7 m_kl_max=0.0556 mpc_ms=125.4/1311 cand=0.000 return=-181.5 length=200 success_rate=0.00 collisions/ep=0.00 (n=16)
update=5 global_step=10240 SPS=9 m_ev=-0.109 m_v_bias=3.0 m_kl_max=0.1005 mpc_ms=149.0/1091 cand=0.000 return=-169.3 length=200 success_rate=0.00 collisions/ep=0.00 (n=8)
Evaluation at update 5: return=-142.95, length=200.00, success_rate=0.00, collisions/ep=0.00
Solved-check at update 5: solved=False worst_gap=1163.30 at p_x0=2.00 p_y0=-1.00 (consecutive=0)
update=6 global_step=12288 SPS=4 m_ev=0.349 m_v_bias=-0.6 m_kl_max=0.0311 mpc_ms=196.9/2464 cand=0.000 return=-156.5 length=200 success_rate=0.00 collisions/ep=0.00 (n=8)
update=7 global_step=14336 SPS=4 m_ev=0.707 m_v_bias=0.6 m_kl_max=0.0425 mpc_ms=224.5/1832 cand=0.000 return=-145.3 length=200 success_rate=0.00 collisions/ep=0.00 (n=8)
update=8 global_step=16384 SPS=4 m_ev=0.886 m_v_bias=-0.0 m_kl_max=0.0202 mpc_ms=195.1/1403 cand=0.000 return=-146.0 length=200 success_rate=0.00 collisions/ep=0.00 (n=16)
update=9 global_step=18432 SPS=4 m_ev=0.874 m_v_bias=-0.1 m_kl_max=0.0340 mpc_ms=223.0/3476 cand=0.000 return=-142.7 length=200 success_rate=0.00 collisions/ep=0.00 (n=8)
update=10 global_step=20480 SPS=4 m_ev=-0.034 m_v_bias=-27.8 m_kl_max=0.0273 mpc_ms=218.7/1333 cand=0.000 w_ax@goal=-0.69 return=-4.8 length=198 success_rate=0.12 collisions/ep=0.00 (n=8)
Evaluation at update 10: return=-142.79, length=200.00, success_rate=0.00, collisions/ep=0.00
Solved-check at update 10: solved=False worst_gap=1162.73 at p_x0=2.00 p_y0=0.50 (consecutive=0)
update=11 global_step=22528 SPS=3 m_ev=-0.150 m_v_bias=2.7 m_kl_max=0.0126 mpc_ms=200.3/1761 cand=0.000 return=-141.7 length=200 success_rate=0.00 collisions/ep=0.00 (n=16)
update=12 global_step=24576 SPS=3 m_ev=0.007 m_v_bias=-21.5 m_kl_max=0.0175 mpc_ms=183.9/977 cand=0.000 w_ax@goal=-0.12 return=-13.4 length=193 success_rate=0.12 collisions/ep=0.00 (n=8)
update=13 global_step=26624 SPS=3 m_ev=0.130 m_v_bias=-74.7 m_kl_max=0.0179 mpc_ms=213.7/1513 cand=0.000 w_ax@goal=-0.11 return=215.4 length=185 success_rate=0.33 collisions/ep=0.00 (n=9)
update=14 global_step=28672 SPS=3 m_ev=0.374 m_v_bias=-36.6 m_kl_max=0.0210 mpc_ms=199.9/1275 cand=0.000 w_ax@goal=-0.13 return=110.7 length=195 success_rate=0.25 collisions/ep=0.00 (n=12)
update=15 global_step=30720 SPS=3 m_ev=0.305 m_v_bias=-25.9 m_kl_max=0.0079 mpc_ms=176.7/1019 cand=0.000 w_ax@goal=-0.12 return=44.0 length=193 success_rate=0.18 collisions/ep=0.00 (n=11)
Evaluation at update 15: return=-56.67, length=190.20, success_rate=0.10, collisions/ep=0.00
Solved-check at update 15: solved=False worst_gap=1192.69 at p_x0=2.00 p_y0=0.50 (consecutive=0)
update=16 global_step=32768 SPS=3 m_ev=0.634 m_v_bias=-39.2 m_kl_max=0.0031 mpc_ms=188.6/1031 cand=0.000 w_ax@goal=-0.38 return=200.7 length=195 success_rate=0.33 collisions/ep=0.00 (n=9)
update=17 global_step=34816 SPS=3 m_ev=0.758 m_v_bias=-106.1 m_kl_max=0.0043 mpc_ms=191.0/1130 cand=0.000 w_ax@goal=-0.15 return=355.9 length=173 success_rate=0.46 collisions/ep=0.00 (n=13)
update=18 global_step=36864 SPS=3 m_ev=0.854 m_v_bias=-19.3 m_kl_max=0.0374 mpc_ms=182.5/1013 cand=0.000 w_ax@goal=-0.08 return=286.6 length=186 success_rate=0.42 collisions/ep=0.00 (n=12)
update=19 global_step=38912 SPS=3 m_ev=0.818 m_v_bias=11.5 m_kl_max=0.0230 mpc_ms=188.4/1192 cand=0.000 w_ax@goal=+0.24 return=247.2 length=183 success_rate=0.36 collisions/ep=0.00 (n=11)
update=20 global_step=40960 SPS=3 m_ev=0.721 m_v_bias=-21.7 m_kl_max=0.0185 mpc_ms=228.1/1185 cand=0.000 w_ax@goal=-0.12 return=622.1 length=160 success_rate=0.70 collisions/ep=0.00 (n=10)
Evaluation at update 20: return=172.90, length=173.15, success_rate=0.30, collisions/ep=0.00
Solved-check at update 20: solved=False worst_gap=1192.52 at p_x0=2.00 p_y0=0.00 (consecutive=0)
update=21 global_step=43008 SPS=3 m_ev=0.879 m_v_bias=-0.8 m_kl_max=0.0247 mpc_ms=207.5/2176 cand=0.001 w_ax@goal=+0.04 return=653.7 length=161 success_rate=0.73 collisions/ep=0.00 (n=15)
update=22 global_step=45056 SPS=3 m_ev=0.803 m_v_bias=6.3 m_kl_max=0.0094 mpc_ms=216.8/1561 cand=0.000 w_ax@goal=-0.13 return=482.4 length=166 success_rate=0.57 collisions/ep=0.00 (n=14)
update=23 global_step=47104 SPS=3 m_ev=0.855 m_v_bias=1.1 m_kl_max=0.0059 mpc_ms=206.6/1091 cand=0.000 w_ax@goal=+0.09 return=740.5 length=159 success_rate=0.82 collisions/ep=0.00 (n=11)
update=24 global_step=49152 SPS=3 m_ev=0.839 m_v_bias=11.9 m_kl_max=0.0249 mpc_ms=214.5/1547 cand=0.000 w_ax@goal=-0.04 return=757.6 length=162 success_rate=0.83 collisions/ep=0.00 (n=12)
update=25 global_step=51200 SPS=3 m_ev=0.896 m_v_bias=-42.7 m_kl_max=0.0215 mpc_ms=214.5/1119 cand=0.000 w_ax@goal=-0.05 return=870.8 length=153 success_rate=0.93 collisions/ep=0.00 (n=15)
Evaluation at update 25: return=891.11, length=148.30, success_rate=0.95, collisions/ep=0.00
Solved-check at update 25: solved=False worst_gap=1120.87 at p_x0=0.00 p_y0=-1.00 (consecutive=0)
update=26 global_step=53248 SPS=3 m_ev=0.909 m_v_bias=-2.6 m_kl_max=0.0133 mpc_ms=208.0/1913 cand=0.000 w_ax@goal=+0.11 return=954.7 length=137 success_rate=1.00 collisions/ep=0.00 (n=14)
update=27 global_step=55296 SPS=3 m_ev=0.872 m_v_bias=0.7 m_kl_max=0.0121 mpc_ms=215.5/1062 cand=0.000 w_ax@goal=-0.15 return=745.9 length=161 success_rate=0.82 collisions/ep=0.00 (n=11)
update=28 global_step=57344 SPS=3 m_ev=0.917 m_v_bias=-33.9 m_kl_max=0.0077 mpc_ms=219.3/1842 cand=0.000 w_ax@goal=+0.10 return=883.9 length=150 success_rate=0.94 collisions/ep=0.00 (n=17)
update=29 global_step=59392 SPS=3 m_ev=0.925 m_v_bias=-0.1 m_kl_max=0.0238 mpc_ms=213.6/1217 cand=0.000 w_ax@goal=-0.03 return=963.4 length=125 success_rate=1.00 collisions/ep=0.00 (n=16)
update=30 global_step=61440 SPS=3 m_ev=0.950 m_v_bias=-7.6 m_kl_max=0.0174 mpc_ms=211.0/1121 cand=0.000 w_ax@goal=-0.07 return=962.4 length=127 success_rate=1.00 collisions/ep=0.00 (n=16)
Evaluation at update 30: return=987.77, length=102.20, success_rate=1.00, collisions/ep=0.00
Solved-check at update 30: solved=False worst_gap=29.04 at p_x0=0.00 p_y0=-1.00 (consecutive=0)
update=31 global_step=63488 SPS=3 m_ev=0.951 m_v_bias=-13.6 m_kl_max=0.0115 mpc_ms=222.9/1643 cand=0.000 w_ax@goal=+0.03 return=962.2 length=129 success_rate=1.00 collisions/ep=0.00 (n=16)
update=32 global_step=65536 SPS=3 m_ev=0.965 m_v_bias=-5.7 m_kl_max=0.0111 mpc_ms=211.3/1158 cand=0.000 w_ax@goal=-0.01 return=974.7 length=115 success_rate=1.00 collisions/ep=0.00 (n=18)
update=33 global_step=67584 SPS=3 m_ev=0.967 m_v_bias=6.7 m_kl_max=0.0093 mpc_ms=208.1/1862 cand=0.000 w_ax@goal=+0.09 return=968.5 length=124 success_rate=1.00 collisions/ep=0.00 (n=16)
update=34 global_step=69632 SPS=3 m_ev=0.957 m_v_bias=-1.1 m_kl_max=0.0150 mpc_ms=209.7/1120 cand=0.000 w_ax@goal=+0.03 return=970.6 length=123 success_rate=1.00 collisions/ep=0.00 (n=18)
update=35 global_step=71680 SPS=3 m_ev=0.941 m_v_bias=11.1 m_kl_max=0.0163 mpc_ms=223.3/1251 cand=0.000 w_ax@goal=+0.04 return=969.8 length=120 success_rate=1.00 collisions/ep=0.00 (n=15)
Evaluation at update 35: return=987.91, length=102.05, success_rate=1.00, collisions/ep=0.00
Solved-check at update 35: solved=False worst_gap=30.04 at p_x0=0.00 p_y0=-1.00 (consecutive=0)
update=36 global_step=73728 SPS=3 m_ev=0.929 m_v_bias=1.7 m_kl_max=0.0243 mpc_ms=207.8/1248 cand=0.000 w_ax@goal=+0.04 return=963.9 length=128 success_rate=1.00 collisions/ep=0.00 (n=17)
update=37 global_step=75776 SPS=3 m_ev=0.986 m_v_bias=-19.7 m_kl_max=0.0261 mpc_ms=215.2/1725 cand=0.000 w_ax@goal=-0.08 return=976.9 length=115 success_rate=1.00 collisions/ep=0.00 (n=19)
update=38 global_step=77824 SPS=3 m_ev=0.981 m_v_bias=1.8 m_kl_max=0.0075 mpc_ms=222.0/1475 cand=0.000 w_ax@goal=+0.06 return=974.5 length=115 success_rate=1.00 collisions/ep=0.00 (n=17)
update=39 global_step=79872 SPS=3 m_ev=0.950 m_v_bias=17.9 m_kl_max=0.0434 mpc_ms=212.1/1157 cand=0.000 w_ax@goal=+0.03 return=976.2 length=115 success_rate=1.00 collisions/ep=0.00 (n=16)
update=40 global_step=81920 SPS=3 m_ev=0.969 m_v_bias=-10.6 m_kl_max=0.0225 mpc_ms=210.6/1052 cand=0.000 w_ax@goal=+0.01 return=968.1 length=123 success_rate=1.00 collisions/ep=0.00 (n=19)
Evaluation at update 40: return=987.52, length=102.45, success_rate=1.00, collisions/ep=0.00
Solved-check at update 40: solved=False worst_gap=30.04 at p_x0=0.00 p_y0=-1.00 (consecutive=0)
update=41 global_step=83968 SPS=3 m_ev=0.976 m_v_bias=-4.6 m_kl_max=0.0103 mpc_ms=97.2/618 cand=0.000 w_ax@goal=+0.04 return=972.2 length=118 success_rate=1.00 collisions/ep=0.00 (n=16)
update=42 global_step=86016 SPS=3 m_ev=0.984 m_v_bias=2.1 m_kl_max=0.0098 mpc_ms=85.4/670 cand=0.000 w_ax@goal=+0.05 return=977.7 length=113 success_rate=1.00 collisions/ep=0.00 (n=18)
update=43 global_step=88064 SPS=3 m_ev=0.984 m_v_bias=-3.2 m_kl_max=0.0110 mpc_ms=84.6/779 cand=0.000 w_ax@goal=+0.06 return=974.2 length=120 success_rate=1.00 collisions/ep=0.00 (n=17)
update=44 global_step=90112 SPS=3 m_ev=0.989 m_v_bias=-5.2 m_kl_max=0.0043 mpc_ms=82.8/565 cand=0.000 w_ax@goal=-0.09 return=978.2 length=112 success_rate=1.00 collisions/ep=0.00 (n=19)
update=45 global_step=92160 SPS=3 m_ev=0.983 m_v_bias=8.1 m_kl_max=0.0091 mpc_ms=88.8/584 cand=0.000 w_ax@goal=+0.02 return=974.8 length=117 success_rate=1.00 collisions/ep=0.00 (n=17)
Evaluation at update 45: return=989.27, length=100.70, success_rate=1.00, collisions/ep=0.00
Solved-check at update 45: solved=False worst_gap=27.04 at p_x0=0.00 p_y0=-1.00 (consecutive=0)
update=46 global_step=94208 SPS=3 m_ev=0.982 m_v_bias=-3.7 m_kl_max=0.0071 mpc_ms=86.1/723 cand=0.000 w_ax@goal=+0.00 return=975.9 length=116 success_rate=1.00 collisions/ep=0.00 (n=18)
update=47 global_step=96256 SPS=3 m_ev=0.993 m_v_bias=-12.9 m_kl_max=0.0115 mpc_ms=73.9/461 cand=0.000 w_ax@goal=-0.00 return=982.3 length=109 success_rate=1.00 collisions/ep=0.00 (n=19)
update=48 global_step=98304 SPS=3 m_ev=0.969 m_v_bias=10.6 m_kl_max=0.0224 mpc_ms=79.1/546 cand=0.000 w_ax@goal=+0.00 return=979.2 length=112 success_rate=1.00 collisions/ep=0.00 (n=19)
update=49 global_step=100352 SPS=3 m_ev=0.980 m_v_bias=7.3 m_kl_max=0.0237 mpc_ms=89.7/619 cand=0.000 w_ax@goal=-0.12 return=974.2 length=117 success_rate=1.00 collisions/ep=0.00 (n=17)
update=50 global_step=102400 SPS=3 m_ev=0.987 m_v_bias=-8.8 m_kl_max=0.0152 mpc_ms=86.3/443 cand=0.000 w_ax@goal=-0.06 return=976.6 length=114 success_rate=1.00 collisions/ep=0.00 (n=17)
Evaluation at update 50: return=988.97, length=101.00, success_rate=1.00, collisions/ep=0.00
Solved-check at update 50: solved=False worst_gap=28.04 at p_x0=0.00 p_y0=-1.00 (consecutive=0)
update=51 global_step=104448 SPS=3 m_ev=0.986 m_v_bias=1.8 m_kl_max=0.0120 mpc_ms=80.1/529 cand=0.000 w_ax@goal=-0.08 return=980.4 length=111 success_rate=1.00 collisions/ep=0.00 (n=20)
update=52 global_step=106496 SPS=3 m_ev=0.987 m_v_bias=0.6 m_kl_max=0.0210 mpc_ms=79.4/434 cand=0.000 w_ax@goal=+0.05 return=978.9 length=111 success_rate=1.00 collisions/ep=0.00 (n=19)
update=53 global_step=108544 SPS=3 m_ev=0.989 m_v_bias=-4.9 m_kl_max=0.0237 mpc_ms=81.0/579 cand=0.000 w_ax@goal=-0.01 return=981.2 length=110 success_rate=1.00 collisions/ep=0.00 (n=16)
update=54 global_step=110592 SPS=3 m_ev=0.980 m_v_bias=3.7 m_kl_max=0.0034 mpc_ms=81.3/503 cand=0.000 w_ax@goal=+0.00 return=977.2 length=113 success_rate=1.00 collisions/ep=0.00 (n=21)
update=55 global_step=112640 SPS=4 m_ev=0.986 m_v_bias=-4.3 m_kl_max=0.0108 mpc_ms=80.1/539 cand=0.000 w_ax@goal=-0.03 return=981.5 length=110 success_rate=1.00 collisions/ep=0.00 (n=18)
Evaluation at update 55: return=989.01, length=100.95, success_rate=1.00, collisions/ep=0.00
Solved-check at update 55: solved=False worst_gap=28.04 at p_x0=0.00 p_y0=-1.00 (consecutive=0)
update=56 global_step=114688 SPS=4 m_ev=0.983 m_v_bias=4.0 m_kl_max=0.0064 mpc_ms=75.3/503 cand=0.000 w_ax@goal=+0.02 return=978.2 length=112 success_rate=1.00 collisions/ep=0.00 (n=17)
update=57 global_step=116736 SPS=4 m_ev=0.979 m_v_bias=1.2 m_kl_max=0.0120 mpc_ms=71.1/366 cand=0.000 w_ax@goal=+0.02 return=977.7 length=114 success_rate=1.00 collisions/ep=0.00 (n=18)
update=58 global_step=118784 SPS=4 m_ev=0.988 m_v_bias=-6.2 m_kl_max=0.0035 mpc_ms=66.8/457 cand=0.000 w_ax@goal=-0.01 return=982.3 length=108 success_rate=1.00 collisions/ep=0.00 (n=21)
update=59 global_step=120832 SPS=4 m_ev=0.986 m_v_bias=-1.7 m_kl_max=0.0296 mpc_ms=69.2/471 cand=0.000 w_ax@goal=+0.01 return=977.5 length=116 success_rate=1.00 collisions/ep=0.00 (n=17)
update=60 global_step=122880 SPS=4 m_ev=0.988 m_v_bias=-3.6 m_kl_max=0.0055 mpc_ms=71.9/496 cand=0.000 w_ax@goal=-0.01 return=982.7 length=108 success_rate=1.00 collisions/ep=0.00 (n=18)
Evaluation at update 60: return=988.36, length=101.60, success_rate=1.00, collisions/ep=0.00
Solved-check at update 60: solved=False worst_gap=29.04 at p_x0=0.00 p_y0=-1.00 (consecutive=0)
update=61 global_step=124928 SPS=4 m_ev=0.996 m_v_bias=0.9 m_kl_max=0.0115 mpc_ms=67.5/441 cand=0.000 w_ax@goal=+0.04 return=982.2 length=108 success_rate=1.00 collisions/ep=0.00 (n=19)
update=62 global_step=126976 SPS=4 m_ev=0.991 m_v_bias=3.8 m_kl_max=0.0084 mpc_ms=73.7/492 cand=0.000 w_ax@goal=+0.02 return=981.9 length=109 success_rate=1.00 collisions/ep=0.00 (n=19)
update=63 global_step=129024 SPS=4 m_ev=0.995 m_v_bias=-4.8 m_kl_max=0.0142 mpc_ms=72.1/404 cand=0.000 w_ax@goal=+0.02 return=981.9 length=108 success_rate=1.00 collisions/ep=0.00 (n=20)
update=64 global_step=131072 SPS=4 m_ev=0.993 m_v_bias=-0.6 m_kl_max=0.0112 mpc_ms=71.0/413 cand=0.000 w_ax@goal=+0.02 return=984.3 length=108 success_rate=1.00 collisions/ep=0.00 (n=19)
update=65 global_step=133120 SPS=4 m_ev=0.985 m_v_bias=0.1 m_kl_max=0.0120 mpc_ms=71.0/485 cand=0.000 w_ax@goal=-0.01 return=982.2 length=110 success_rate=1.00 collisions/ep=0.00 (n=16)
Evaluation at update 65: return=989.32, length=100.65, success_rate=1.00, collisions/ep=0.00
Solved-check at update 65: solved=False worst_gap=27.04 at p_x0=0.00 p_y0=-1.00 (consecutive=0)
update=66 global_step=135168 SPS=4 m_ev=0.997 m_v_bias=-1.2 m_kl_max=0.0138 mpc_ms=70.2/449 cand=0.000 w_ax@goal=+0.02 return=984.0 length=107 success_rate=1.00 collisions/ep=0.00 (n=23)
update=67 global_step=137216 SPS=4 m_ev=0.987 m_v_bias=0.1 m_kl_max=0.0070 mpc_ms=76.5/421 cand=0.000 w_ax@goal=+0.01 return=984.4 length=105 success_rate=1.00 collisions/ep=0.00 (n=17)
update=68 global_step=139264 SPS=4 m_ev=0.988 m_v_bias=6.1 m_kl_max=0.0139 mpc_ms=69.9/465 cand=0.000 w_ax@goal=+0.07 return=981.3 length=109 success_rate=1.00 collisions/ep=0.00 (n=19)
update=69 global_step=141312 SPS=4 m_ev=0.996 m_v_bias=-7.7 m_kl_max=0.0124 mpc_ms=70.6/470 cand=0.000 w_ax@goal=-0.06 return=983.4 length=108 success_rate=1.00 collisions/ep=0.00 (n=20)
update=70 global_step=143360 SPS=4 m_ev=0.984 m_v_bias=6.2 m_kl_max=0.0069 mpc_ms=72.6/424 cand=0.000 w_ax@goal=-0.03 return=983.2 length=109 success_rate=1.00 collisions/ep=0.00 (n=19)
Evaluation at update 70: return=990.01, length=99.95, success_rate=1.00, collisions/ep=0.00
Solved-check at update 70: solved=False worst_gap=27.04 at p_x0=0.00 p_y0=-1.00 (consecutive=0)
update=71 global_step=145408 SPS=4 m_ev=0.986 m_v_bias=3.5 m_kl_max=0.0080 mpc_ms=82.2/519 cand=0.000 w_ax@goal=-0.01 return=980.1 length=113 success_rate=1.00 collisions/ep=0.00 (n=16)
update=72 global_step=147456 SPS=4 m_ev=0.996 m_v_bias=-7.5 m_kl_max=0.0077 mpc_ms=73.2/488 cand=0.000 w_ax@goal=-0.02 return=984.8 length=104 success_rate=1.00 collisions/ep=0.00 (n=22)
update=73 global_step=149504 SPS=4 m_ev=0.989 m_v_bias=7.4 m_kl_max=0.0038 mpc_ms=74.9/700 cand=0.000 w_ax@goal=+0.02 return=982.2 length=107 success_rate=1.00 collisions/ep=0.00 (n=18)
update=74 global_step=151552 SPS=4 m_ev=0.990 m_v_bias=-2.1 m_kl_max=0.0086 mpc_ms=70.3/532 cand=0.000 w_ax@goal=-0.08 return=984.2 length=107 success_rate=1.00 collisions/ep=0.00 (n=19)
update=75 global_step=153600 SPS=4 m_ev=0.989 m_v_bias=1.1 m_kl_max=0.0014 mpc_ms=75.4/937 cand=0.000 w_ax@goal=-0.01 return=983.1 length=108 success_rate=1.00 collisions/ep=0.00 (n=19)
Evaluation at update 75: return=990.22, length=99.75, success_rate=1.00, collisions/ep=0.00
Solved-check at update 75: solved=False worst_gap=26.04 at p_x0=0.00 p_y0=-1.00 (consecutive=0)
update=76 global_step=155648 SPS=4 m_ev=0.978 m_v_bias=0.3 m_kl_max=0.0165 mpc_ms=72.0/483 cand=0.000 w_ax@goal=+0.05 return=980.5 length=111 success_rate=1.00 collisions/ep=0.00 (n=19)
update=77 global_step=157696 SPS=4 m_ev=0.991 m_v_bias=-4.3 m_kl_max=0.0021 mpc_ms=69.0/606 cand=0.000 w_ax@goal=-0.01 return=982.9 length=108 success_rate=1.00 collisions/ep=0.00 (n=19)
update=78 global_step=159744 SPS=4 m_ev=0.994 m_v_bias=-3.7 m_kl_max=0.0199 mpc_ms=68.8/454 cand=0.000 w_ax@goal=-0.07 return=982.3 length=110 success_rate=1.00 collisions/ep=0.00 (n=18)
update=79 global_step=161792 SPS=4 m_ev=0.994 m_v_bias=0.4 m_kl_max=0.0071 mpc_ms=69.6/1024 cand=0.000 w_ax@goal=+0.04 return=985.4 length=105 success_rate=1.00 collisions/ep=0.00 (n=20)
update=80 global_step=163840 SPS=4 m_ev=0.991 m_v_bias=0.3 m_kl_max=0.0132 mpc_ms=71.2/471 cand=0.000 w_ax@goal=-0.04 return=984.1 length=107 success_rate=1.00 collisions/ep=0.00 (n=19)
Evaluation at update 80: return=989.87, length=100.10, success_rate=1.00, collisions/ep=0.00
Solved-check at update 80: solved=False worst_gap=27.04 at p_x0=0.00 p_y0=-1.00 (consecutive=0)
update=81 global_step=165888 SPS=4 m_ev=0.993 m_v_bias=-3.5 m_kl_max=0.0044 mpc_ms=70.8/467 cand=0.000 w_ax@goal=-0.00 return=984.6 length=106 success_rate=1.00 collisions/ep=0.00 (n=20)
update=82 global_step=167936 SPS=4 m_ev=0.992 m_v_bias=1.8 m_kl_max=0.0089 mpc_ms=73.3/495 cand=0.000 w_ax@goal=+0.01 return=984.4 length=107 success_rate=1.00 collisions/ep=0.00 (n=18)
update=83 global_step=169984 SPS=5 m_ev=0.987 m_v_bias=3.1 m_kl_max=0.0136 mpc_ms=70.5/399 cand=0.000 w_ax@goal=-0.00 return=984.1 length=108 success_rate=1.00 collisions/ep=0.00 (n=20)
update=84 global_step=172032 SPS=5 m_ev=0.973 m_v_bias=5.0 m_kl_max=0.0149 mpc_ms=72.8/416 cand=0.000 w_ax@goal=-0.04 return=980.0 length=110 success_rate=1.00 collisions/ep=0.00 (n=17)
update=85 global_step=174080 SPS=5 m_ev=0.988 m_v_bias=-4.6 m_kl_max=0.0035 mpc_ms=69.0/517 cand=0.000 w_ax@goal=+0.00 return=981.5 length=111 success_rate=1.00 collisions/ep=0.00 (n=20)
Evaluation at update 85: return=990.21, length=99.75, success_rate=1.00, collisions/ep=0.00
Solved-check at update 85: solved=False worst_gap=27.04 at p_x0=0.00 p_y0=-1.00 (consecutive=0)
update=86 global_step=176128 SPS=5 m_ev=0.982 m_v_bias=0.4 m_kl_max=0.0125 mpc_ms=74.8/769 cand=0.000 w_ax@goal=-0.01 return=985.1 length=108 success_rate=1.00 collisions/ep=0.00 (n=18)
update=87 global_step=178176 SPS=5 m_ev=0.992 m_v_bias=-6.4 m_kl_max=0.0073 mpc_ms=69.3/476 cand=0.000 w_ax@goal=+0.01 return=980.8 length=109 success_rate=1.00 collisions/ep=0.00 (n=19)
update=88 global_step=180224 SPS=5 m_ev=0.980 m_v_bias=6.0 m_kl_max=0.0148 mpc_ms=74.8/654 cand=0.000 w_ax@goal=+0.05 return=982.6 length=108 success_rate=1.00 collisions/ep=0.00 (n=20)
update=89 global_step=182272 SPS=5 m_ev=0.994 m_v_bias=-4.2 m_kl_max=0.0041 mpc_ms=66.8/467 cand=0.000 w_ax@goal=-0.05 return=985.8 length=105 success_rate=1.00 collisions/ep=0.00 (n=20)
update=90 global_step=184320 SPS=5 m_ev=0.993 m_v_bias=-2.4 m_kl_max=0.0036 mpc_ms=74.3/513 cand=0.000 w_ax@goal=+0.01 return=985.9 length=105 success_rate=1.00 collisions/ep=0.00 (n=18)
Evaluation at update 90: return=990.21, length=99.75, success_rate=1.00, collisions/ep=0.00
Solved-check at update 90: solved=False worst_gap=27.05 at p_x0=0.00 p_y0=-1.00 (consecutive=0)
update=91 global_step=186368 SPS=5 m_ev=0.990 m_v_bias=2.9 m_kl_max=0.0079 mpc_ms=67.1/503 cand=0.000 w_ax@goal=-0.03 return=985.1 length=105 success_rate=1.00 collisions/ep=0.00 (n=20)
update=92 global_step=188416 SPS=5 m_ev=0.996 m_v_bias=-5.1 m_kl_max=0.0064 mpc_ms=70.3/1025 cand=0.000 w_ax@goal=+0.04 return=985.4 length=105 success_rate=1.00 collisions/ep=0.00 (n=18)
update=93 global_step=190464 SPS=5 m_ev=0.986 m_v_bias=3.4 m_kl_max=0.0114 mpc_ms=68.6/535 cand=0.000 w_ax@goal=+0.00 return=983.9 length=107 success_rate=1.00 collisions/ep=0.00 (n=20)
update=94 global_step=192512 SPS=5 m_ev=0.993 m_v_bias=-0.7 m_kl_max=0.0086 mpc_ms=71.4/592 cand=0.000 w_ax@goal=-0.01 return=983.4 length=105 success_rate=1.00 collisions/ep=0.00 (n=19)
update=95 global_step=194560 SPS=5 m_ev=0.995 m_v_bias=-2.8 m_kl_max=0.0029 mpc_ms=68.6/403 cand=0.000 w_ax@goal=-0.04 return=983.7 length=108 success_rate=1.00 collisions/ep=0.00 (n=21)
Evaluation at update 95: return=990.21, length=99.75, success_rate=1.00, collisions/ep=0.00
Solved-check at update 95: solved=False worst_gap=27.05 at p_x0=0.00 p_y0=-1.00 (consecutive=0)
update=96 global_step=196608 SPS=5 m_ev=0.993 m_v_bias=0.9 m_kl_max=0.0081 mpc_ms=69.4/631 cand=0.000 w_ax@goal=-0.04 return=985.6 length=104 success_rate=1.00 collisions/ep=0.00 (n=17)
update=97 global_step=198656 SPS=5 m_ev=0.984 m_v_bias=3.3 m_kl_max=0.0063 mpc_ms=72.4/738 cand=0.000 w_ax@goal=-0.00 return=985.6 length=106 success_rate=1.00 collisions/ep=0.00 (n=20)
update=98 global_step=200704 SPS=5 m_ev=0.991 m_v_bias=-2.2 m_kl_max=0.0016 mpc_ms=69.3/393 cand=0.000 w_ax@goal=+0.00 return=981.6 length=110 success_rate=1.00 collisions/ep=0.00 (n=19)
update=99 global_step=202752 SPS=5 m_ev=0.989 m_v_bias=4.1 m_kl_max=0.0134 mpc_ms=71.6/428 cand=0.000 w_ax@goal=-0.02 return=984.8 length=105 success_rate=1.00 collisions/ep=0.00 (n=19)
update=100 global_step=204800 SPS=5 m_ev=0.991 m_v_bias=0.7 m_kl_max=0.0093 mpc_ms=80.0/860 cand=0.000 w_ax@goal=-0.02 return=985.1 length=106 success_rate=1.00 collisions/ep=0.00 (n=20)
Evaluation at update 100: return=990.27, length=99.70, success_rate=1.00, collisions/ep=0.00
Solved-check at update 100: solved=False worst_gap=27.04 at p_x0=0.00 p_y0=-1.00 (consecutive=0)
update=101 global_step=206848 SPS=5 m_ev=0.994 m_v_bias=-2.7 m_kl_max=0.0065 mpc_ms=143.6/1077 cand=0.000 w_ax@goal=-0.01 return=986.6 length=105 success_rate=1.00 collisions/ep=0.00 (n=19)
update=102 global_step=208896 SPS=5 m_ev=0.995 m_v_bias=-2.1 m_kl_max=0.0073 mpc_ms=151.9/822 cand=0.000 w_ax@goal=-0.03 return=985.1 length=108 success_rate=1.00 collisions/ep=0.00 (n=18)
update=103 global_step=210944 SPS=5 m_ev=0.996 m_v_bias=0.0 m_kl_max=0.0315 mpc_ms=137.7/804 cand=0.000 w_ax@goal=+0.02 return=986.6 length=107 success_rate=1.00 collisions/ep=0.00 (n=22)
update=104 global_step=212992 SPS=5 m_ev=0.984 m_v_bias=9.7 m_kl_max=0.0071 mpc_ms=157.1/963 cand=0.000 w_ax@goal=-0.01 return=982.7 length=111 success_rate=1.00 collisions/ep=0.00 (n=16)
update=105 global_step=215040 SPS=5 m_ev=0.996 m_v_bias=-4.4 m_kl_max=0.0064 mpc_ms=150.5/1042 cand=0.000 w_ax@goal=-0.00 return=985.1 length=105 success_rate=1.00 collisions/ep=0.00 (n=21)
Evaluation at update 105: return=990.62, length=99.35, success_rate=1.00, collisions/ep=0.00
Solved-check at update 105: solved=False worst_gap=26.04 at p_x0=0.00 p_y0=-1.00 (consecutive=0)
update=106 global_step=217088 SPS=5 m_ev=0.997 m_v_bias=-3.3 m_kl_max=0.0077 mpc_ms=144.7/844 cand=0.000 w_ax@goal=-0.03 return=986.0 length=104 success_rate=1.00 collisions/ep=0.00 (n=19)
update=107 global_step=219136 SPS=5 m_ev=0.993 m_v_bias=5.2 m_kl_max=0.0080 mpc_ms=155.0/1670 cand=0.000 w_ax@goal=+0.01 return=985.6 length=108 success_rate=1.00 collisions/ep=0.00 (n=20)
update=108 global_step=221184 SPS=5 m_ev=0.995 m_v_bias=-4.9 m_kl_max=0.0088 mpc_ms=152.6/1187 cand=0.000 w_ax@goal=+0.02 return=986.2 length=105 success_rate=1.00 collisions/ep=0.00 (n=19)
update=109 global_step=223232 SPS=5 m_ev=0.978 m_v_bias=7.7 m_kl_max=0.0131 mpc_ms=120.6/940 cand=0.000 w_ax@goal=-0.04 return=985.3 length=106 success_rate=1.00 collisions/ep=0.00 (n=18)
update=110 global_step=225280 SPS=5 m_ev=0.995 m_v_bias=-6.1 m_kl_max=0.0079 mpc_ms=90.9/939 cand=0.000 w_ax@goal=-0.03 return=985.7 length=104 success_rate=1.00 collisions/ep=0.00 (n=22)
Evaluation at update 110: return=990.87, length=99.10, success_rate=1.00, collisions/ep=0.00
Solved-check at update 110: solved=False worst_gap=26.04 at p_x0=0.00 p_y0=-1.00 (consecutive=0)
update=111 global_step=227328 SPS=5 m_ev=0.992 m_v_bias=1.6 m_kl_max=0.0045 mpc_ms=85.3/466 cand=0.000 w_ax@goal=+0.07 return=985.9 length=103 success_rate=1.00 collisions/ep=0.00 (n=19)
update=112 global_step=229376 SPS=5 m_ev=0.994 m_v_bias=0.3 m_kl_max=0.0069 mpc_ms=81.8/1132 cand=0.000 w_ax@goal=-0.02 return=986.6 length=105 success_rate=1.00 collisions/ep=0.00 (n=19)
update=113 global_step=231424 SPS=5 m_ev=0.996 m_v_bias=-0.5 m_kl_max=0.0171 mpc_ms=82.9/669 cand=0.000 w_ax@goal=+0.02 return=986.9 length=106 success_rate=1.00 collisions/ep=0.00 (n=20)
update=114 global_step=233472 SPS=5 m_ev=0.987 m_v_bias=3.2 m_kl_max=0.0065 mpc_ms=100.8/910 cand=0.000 w_ax@goal=-0.01 return=985.1 length=104 success_rate=1.00 collisions/ep=0.00 (n=20)
update=115 global_step=235520 SPS=5 m_ev=0.991 m_v_bias=-0.8 m_kl_max=0.0127 mpc_ms=95.2/621 cand=0.000 w_ax@goal=-0.03 return=986.0 length=103 success_rate=1.00 collisions/ep=0.00 (n=19)
Evaluation at update 115: return=991.06, length=98.90, success_rate=1.00, collisions/ep=0.00
Solved-check at update 115: solved=False worst_gap=26.05 at p_x0=0.00 p_y0=-1.00 (consecutive=0)
update=116 global_step=237568 SPS=5 m_ev=0.996 m_v_bias=-2.4 m_kl_max=0.0067 mpc_ms=137.0/917 cand=0.000 w_ax@goal=-0.04 return=987.2 length=104 success_rate=1.00 collisions/ep=0.00 (n=20)
update=117 global_step=239616 SPS=5 m_ev=0.985 m_v_bias=5.9 m_kl_max=0.0041 mpc_ms=85.5/526 cand=0.000 w_ax@goal=-0.01 return=984.8 length=107 success_rate=1.00 collisions/ep=0.00 (n=20)
update=118 global_step=241664 SPS=5 m_ev=0.986 m_v_bias=2.8 m_kl_max=0.0083 mpc_ms=73.4/583 cand=0.000 w_ax@goal=-0.01 return=986.4 length=105 success_rate=1.00 collisions/ep=0.00 (n=18)
update=119 global_step=243712 SPS=5 m_ev=0.988 m_v_bias=-2.8 m_kl_max=0.0051 mpc_ms=68.1/534 cand=0.000 w_ax@goal=-0.06 return=984.6 length=108 success_rate=1.00 collisions/ep=0.00 (n=21)
update=120 global_step=245760 SPS=5 m_ev=0.996 m_v_bias=-8.8 m_kl_max=0.0069 mpc_ms=69.0/401 cand=0.000 w_ax@goal=-0.06 return=986.3 length=105 success_rate=1.00 collisions/ep=0.00 (n=18)
Evaluation at update 120: return=991.12, length=98.85, success_rate=1.00, collisions/ep=0.00
Solved-check at update 120: solved=False worst_gap=26.04 at p_x0=0.00 p_y0=-1.00 (consecutive=0)
update=121 global_step=247808 SPS=5 m_ev=0.989 m_v_bias=0.9 m_kl_max=0.0061 mpc_ms=72.2/815 cand=0.000 w_ax@goal=+0.01 return=985.8 length=107 success_rate=1.00 collisions/ep=0.00 (n=18)
update=122 global_step=249856 SPS=5 m_ev=0.997 m_v_bias=-1.4 m_kl_max=0.0113 mpc_ms=68.4/407 cand=0.000 w_ax@goal=-0.03 return=987.4 length=103 success_rate=1.00 collisions/ep=0.00 (n=22)
update=123 global_step=251904 SPS=5 m_ev=0.987 m_v_bias=8.1 m_kl_max=0.0152 mpc_ms=73.3/580 cand=0.000 w_ax@goal=+0.05 return=986.2 length=104 success_rate=1.00 collisions/ep=0.00 (n=19)
update=124 global_step=253952 SPS=5 m_ev=0.991 m_v_bias=-4.0 m_kl_max=0.0219 mpc_ms=65.5/529 cand=0.000 w_ax@goal=+0.02 return=985.9 length=105 success_rate=1.00 collisions/ep=0.00 (n=20)
update=125 global_step=256000 SPS=5 m_ev=0.997 m_v_bias=-3.8 m_kl_max=0.0088 mpc_ms=74.2/524 cand=0.000 w_ax@goal=+0.01 return=986.3 length=107 success_rate=1.00 collisions/ep=0.00 (n=16)
Evaluation at update 125: return=991.12, length=98.85, success_rate=1.00, collisions/ep=0.00
Solved-check at update 125: solved=False worst_gap=25.04 at p_x0=0.00 p_y0=-1.00 (consecutive=0)
update=126 global_step=258048 SPS=5 m_ev=0.998 m_v_bias=-3.0 m_kl_max=0.0082 mpc_ms=65.9/491 cand=0.000 w_ax@goal=-0.03 return=988.1 length=103 success_rate=1.00 collisions/ep=0.00 (n=24)
update=127 global_step=260096 SPS=5 m_ev=0.992 m_v_bias=2.8 m_kl_max=0.0064 mpc_ms=74.1/507 cand=0.000 w_ax@goal=-0.03 return=986.3 length=107 success_rate=1.00 collisions/ep=0.00 (n=17)
update=128 global_step=262144 SPS=5 m_ev=0.998 m_v_bias=-4.7 m_kl_max=0.0105 mpc_ms=65.8/421 cand=0.000 w_ax@goal=+0.01 return=988.8 length=100 success_rate=1.00 collisions/ep=0.00 (n=23)
update=129 global_step=264192 SPS=5 m_ev=0.988 m_v_bias=5.7 m_kl_max=0.0047 mpc_ms=74.2/426 cand=0.000 w_ax@goal=+0.03 return=985.2 length=106 success_rate=1.00 collisions/ep=0.00 (n=17)
update=130 global_step=266240 SPS=5 m_ev=0.984 m_v_bias=5.5 m_kl_max=0.0186 mpc_ms=69.1/451 cand=0.000 w_ax@goal=-0.07 return=985.7 length=105 success_rate=1.00 collisions/ep=0.00 (n=21)
Evaluation at update 130: return=991.11, length=98.85, success_rate=1.00, collisions/ep=0.00
Solved-check at update 130: solved=False worst_gap=26.05 at p_x0=0.00 p_y0=-1.00 (consecutive=0)
update=131 global_step=268288 SPS=5 m_ev=0.987 m_v_bias=-2.1 m_kl_max=0.0064 mpc_ms=71.9/463 cand=0.000 w_ax@goal=+0.01 return=986.7 length=104 success_rate=1.00 collisions/ep=0.00 (n=18)
update=132 global_step=270336 SPS=5 m_ev=0.990 m_v_bias=3.6 m_kl_max=0.0248 mpc_ms=71.8/457 cand=0.000 w_ax@goal=+0.03 return=983.8 length=107 success_rate=1.00 collisions/ep=0.00 (n=21)
update=133 global_step=272384 SPS=5 m_ev=0.992 m_v_bias=0.9 m_kl_max=0.0028 mpc_ms=71.0/558 cand=0.000 w_ax@goal=+0.08 return=985.8 length=106 success_rate=1.00 collisions/ep=0.00 (n=18)
update=134 global_step=274432 SPS=5 m_ev=0.988 m_v_bias=1.3 m_kl_max=0.0074 mpc_ms=68.7/397 cand=0.000 w_ax@goal=+0.00 return=985.0 length=106 success_rate=1.00 collisions/ep=0.00 (n=19)
update=135 global_step=276480 SPS=5 m_ev=0.998 m_v_bias=-7.7 m_kl_max=0.0065 mpc_ms=69.8/1098 cand=0.000 w_ax@goal=-0.04 return=989.1 length=103 success_rate=1.00 collisions/ep=0.00 (n=20)
Evaluation at update 135: return=991.11, length=98.85, success_rate=1.00, collisions/ep=0.00
Solved-check at update 135: solved=False worst_gap=26.05 at p_x0=0.00 p_y0=-1.00 (consecutive=0)
update=136 global_step=278528 SPS=5 m_ev=0.996 m_v_bias=1.8 m_kl_max=0.0072 mpc_ms=74.4/502 cand=0.000 w_ax@goal=-0.00 return=987.6 length=104 success_rate=1.00 collisions/ep=0.00 (n=21)
update=137 global_step=280576 SPS=5 m_ev=0.999 m_v_bias=-3.5 m_kl_max=0.0073 mpc_ms=73.0/407 cand=0.000 w_ax@goal=-0.05 return=987.3 length=101 success_rate=1.00 collisions/ep=0.00 (n=19)
update=138 global_step=282624 SPS=5 m_ev=0.975 m_v_bias=12.5 m_kl_max=0.0107 mpc_ms=69.1/423 cand=0.000 w_ax@goal=+0.03 return=983.5 length=109 success_rate=1.00 collisions/ep=0.00 (n=20)
update=139 global_step=284672 SPS=5 m_ev=0.996 m_v_bias=-5.9 m_kl_max=0.0038 mpc_ms=71.8/423 cand=0.000 w_ax@goal=-0.02 return=988.2 length=105 success_rate=1.00 collisions/ep=0.00 (n=19)
update=140 global_step=286720 SPS=5 m_ev=0.992 m_v_bias=0.4 m_kl_max=0.0078 mpc_ms=70.9/563 cand=0.000 w_ax@goal=-0.05 return=986.5 length=101 success_rate=1.00 collisions/ep=0.00 (n=20)
Evaluation at update 140: return=991.16, length=98.80, success_rate=1.00, collisions/ep=0.00
Solved-check at update 140: solved=False worst_gap=26.05 at p_x0=0.00 p_y0=-1.00 (consecutive=0)
update=141 global_step=288768 SPS=5 m_ev=0.987 m_v_bias=5.6 m_kl_max=0.0250 mpc_ms=74.4/514 cand=0.000 w_ax@goal=+0.06 return=984.6 length=105 success_rate=1.00 collisions/ep=0.00 (n=20)
update=142 global_step=290816 SPS=5 m_ev=0.992 m_v_bias=-4.1 m_kl_max=0.0080 mpc_ms=71.5/636 cand=0.000 w_ax@goal=-0.03 return=987.5 length=102 success_rate=1.00 collisions/ep=0.00 (n=20)
update=143 global_step=292864 SPS=5 m_ev=0.996 m_v_bias=0.3 m_kl_max=0.0090 mpc_ms=70.7/542 cand=0.000 w_ax@goal=+0.05 return=987.8 length=103 success_rate=1.00 collisions/ep=0.00 (n=18)
update=144 global_step=294912 SPS=5 m_ev=0.994 m_v_bias=2.4 m_kl_max=0.0140 mpc_ms=67.3/356 cand=0.000 w_ax@goal=+0.04 return=985.6 length=107 success_rate=1.00 collisions/ep=0.00 (n=22)
update=145 global_step=296960 SPS=6 m_ev=0.995 m_v_bias=-2.1 m_kl_max=0.0126 mpc_ms=70.5/400 cand=0.000 w_ax@goal=-0.09 return=987.9 length=104 success_rate=1.00 collisions/ep=0.00 (n=17)
Evaluation at update 145: return=991.17, length=98.80, success_rate=1.00, collisions/ep=0.00
Solved-check at update 145: solved=False worst_gap=26.04 at p_x0=0.00 p_y0=-1.00 (consecutive=0)
update=146 global_step=299008 SPS=5 m_ev=0.991 m_v_bias=1.6 m_kl_max=0.0067 mpc_ms=70.2/508 cand=0.000 w_ax@goal=-0.00 return=985.7 length=105 success_rate=1.00 collisions/ep=0.00 (n=21)
update=147 global_step=301056 SPS=6 m_ev=0.998 m_v_bias=-0.4 m_kl_max=0.0067 mpc_ms=69.2/409 cand=0.000 w_ax@goal=-0.06 return=988.5 length=103 success_rate=1.00 collisions/ep=0.00 (n=20)
update=148 global_step=303104 SPS=6 m_ev=0.988 m_v_bias=5.2 m_kl_max=0.0186 mpc_ms=72.2/600 cand=0.000 w_ax@goal=-0.00 return=986.1 length=104 success_rate=1.00 collisions/ep=0.00 (n=18)
update=149 global_step=305152 SPS=6 m_ev=0.994 m_v_bias=-2.4 m_kl_max=0.0041 mpc_ms=70.6/503 cand=0.000 w_ax@goal=-0.04 return=986.1 length=106 success_rate=1.00 collisions/ep=0.00 (n=20)
update=150 global_step=307200 SPS=6 m_ev=0.990 m_v_bias=1.2 m_kl_max=0.0179 mpc_ms=65.9/361 cand=0.000 w_ax@goal=-0.02 return=986.7 length=107 success_rate=1.00 collisions/ep=0.00 (n=19)
Evaluation at update 150: return=991.12, length=98.85, success_rate=1.00, collisions/ep=0.00
Solved-check at update 150: solved=False worst_gap=26.04 at p_x0=0.00 p_y0=-1.00 (consecutive=0)
update=151 global_step=309248 SPS=6 m_ev=0.994 m_v_bias=1.3 m_kl_max=0.0069 mpc_ms=73.2/491 cand=0.000 w_ax@goal=-0.05 return=987.9 length=102 success_rate=1.00 collisions/ep=0.00 (n=22)
update=152 global_step=311296 SPS=6 m_ev=0.996 m_v_bias=0.8 m_kl_max=0.0111 mpc_ms=71.4/700 cand=0.000 w_ax@goal=+0.01 return=986.2 length=104 success_rate=1.00 collisions/ep=0.00 (n=19)
update=153 global_step=313344 SPS=6 m_ev=0.989 m_v_bias=7.6 m_kl_max=0.0065 mpc_ms=71.8/452 cand=0.000 w_ax@goal=+0.08 return=984.5 length=108 success_rate=1.00 collisions/ep=0.00 (n=19)
update=154 global_step=315392 SPS=6 m_ev=0.996 m_v_bias=-3.8 m_kl_max=0.0048 mpc_ms=69.4/657 cand=0.000 w_ax@goal=+0.03 return=986.8 length=105 success_rate=1.00 collisions/ep=0.00 (n=20)
update=155 global_step=317440 SPS=6 m_ev=0.998 m_v_bias=-3.1 m_kl_max=0.0079 mpc_ms=70.2/409 cand=0.000 w_ax@goal=-0.05 return=988.3 length=102 success_rate=1.00 collisions/ep=0.00 (n=19)
Evaluation at update 155: return=990.51, length=99.45, success_rate=1.00, collisions/ep=0.00
Solved-check at update 155: solved=False worst_gap=27.05 at p_x0=0.00 p_y0=-1.00 (consecutive=0)
update=156 global_step=319488 SPS=6 m_ev=0.996 m_v_bias=2.9 m_kl_max=0.0111 mpc_ms=68.7/692 cand=0.000 w_ax@goal=+0.02 return=987.8 length=104 success_rate=1.00 collisions/ep=0.00 (n=20)
update=157 global_step=321536 SPS=6 m_ev=0.996 m_v_bias=1.3 m_kl_max=0.0174 mpc_ms=70.8/541 cand=0.000 w_ax@goal=-0.02 return=986.6 length=104 success_rate=1.00 collisions/ep=0.00 (n=19)
update=158 global_step=323584 SPS=6 m_ev=0.985 m_v_bias=0.7 m_kl_max=0.0077 mpc_ms=67.9/668 cand=0.000 w_ax@goal=+0.01 return=986.2 length=104 success_rate=1.00 collisions/ep=0.00 (n=21)
update=159 global_step=325632 SPS=6 m_ev=0.991 m_v_bias=1.4 m_kl_max=0.0082 mpc_ms=72.6/561 cand=0.000 w_ax@goal=+0.03 return=987.0 length=104 success_rate=1.00 collisions/ep=0.00 (n=19)
update=160 global_step=327680 SPS=6 m_ev=0.996 m_v_bias=-4.3 m_kl_max=0.0198 mpc_ms=70.0/464 cand=0.000 w_ax@goal=-0.02 return=987.5 length=104 success_rate=1.00 collisions/ep=0.00 (n=20)
Evaluation at update 160: return=991.02, length=98.95, success_rate=1.00, collisions/ep=0.00
Solved-check at update 160: solved=False worst_gap=26.04 at p_x0=0.00 p_y0=-1.00 (consecutive=0)
update=161 global_step=329728 SPS=6 m_ev=0.994 m_v_bias=-1.3 m_kl_max=0.0161 mpc_ms=69.5/441 cand=0.000 w_ax@goal=-0.04 return=987.8 length=101 success_rate=1.00 collisions/ep=0.00 (n=20)
update=162 global_step=331776 SPS=6 m_ev=0.998 m_v_bias=-2.9 m_kl_max=0.0103 mpc_ms=68.9/553 cand=0.000 w_ax@goal=-0.03 return=987.4 length=104 success_rate=1.00 collisions/ep=0.00 (n=20)
update=163 global_step=333824 SPS=6 m_ev=0.992 m_v_bias=0.2 m_kl_max=0.0228 mpc_ms=66.9/473 cand=0.000 w_ax@goal=-0.00 return=988.7 length=103 success_rate=1.00 collisions/ep=0.00 (n=19)
update=164 global_step=335872 SPS=6 m_ev=0.995 m_v_bias=2.2 m_kl_max=0.0074 mpc_ms=69.8/515 cand=0.000 w_ax@goal=-0.03 return=985.5 length=104 success_rate=1.00 collisions/ep=0.00 (n=20)
update=165 global_step=337920 SPS=6 m_ev=0.998 m_v_bias=-1.3 m_kl_max=0.0247 mpc_ms=67.7/458 cand=0.000 w_ax@goal=-0.02 return=987.5 length=104 success_rate=1.00 collisions/ep=0.00 (n=20)
Evaluation at update 165: return=991.12, length=98.85, success_rate=1.00, collisions/ep=0.00
Solved-check at update 165: solved=False worst_gap=26.04 at p_x0=0.00 p_y0=-1.00 (consecutive=0)
update=166 global_step=339968 SPS=6 m_ev=0.998 m_v_bias=-0.7 m_kl_max=0.0114 mpc_ms=72.8/375 cand=0.000 w_ax@goal=+0.01 return=988.0 length=103 success_rate=1.00 collisions/ep=0.00 (n=20)
update=167 global_step=342016 SPS=6 m_ev=0.998 m_v_bias=-1.5 m_kl_max=0.0063 mpc_ms=70.7/431 cand=0.000 w_ax@goal=-0.03 return=988.0 length=100 success_rate=1.00 collisions/ep=0.00 (n=20)
update=168 global_step=344064 SPS=6 m_ev=0.997 m_v_bias=3.4 m_kl_max=0.0049 mpc_ms=67.0/476 cand=0.000 w_ax@goal=-0.01 return=988.0 length=105 success_rate=1.00 collisions/ep=0.00 (n=21)
update=169 global_step=346112 SPS=6 m_ev=0.994 m_v_bias=2.0 m_kl_max=0.0091 mpc_ms=75.6/528 cand=0.000 w_ax@goal=-0.05 return=986.6 length=103 success_rate=1.00 collisions/ep=0.00 (n=19)
update=170 global_step=348160 SPS=6 m_ev=0.989 m_v_bias=1.4 m_kl_max=0.0077 mpc_ms=70.2/407 cand=0.000 w_ax@goal=+0.00 return=987.9 length=102 success_rate=1.00 collisions/ep=0.00 (n=20)
Evaluation at update 170: return=991.27, length=98.70, success_rate=1.00, collisions/ep=0.00
Solved-check at update 170: solved=False worst_gap=26.04 at p_x0=0.00 p_y0=-1.00 (consecutive=0)
update=171 global_step=350208 SPS=6 m_ev=0.978 m_v_bias=7.3 m_kl_max=0.0122 mpc_ms=69.3/662 cand=0.000 w_ax@goal=+0.04 return=985.2 length=106 success_rate=1.00 collisions/ep=0.00 (n=19)
update=172 global_step=352256 SPS=6 m_ev=0.990 m_v_bias=-4.1 m_kl_max=0.0107 mpc_ms=152.5/766 cand=0.000 w_ax@goal=-0.06 return=984.8 length=104 success_rate=1.00 collisions/ep=0.00 (n=20)
update=173 global_step=354304 SPS=6 m_ev=0.995 m_v_bias=-2.4 m_kl_max=0.0033 mpc_ms=152.9/1652 cand=0.000 w_ax@goal=-0.01 return=987.6 length=103 success_rate=1.00 collisions/ep=0.00 (n=20)
update=174 global_step=356352 SPS=6 m_ev=0.993 m_v_bias=-2.8 m_kl_max=0.0054 mpc_ms=155.7/917 cand=0.000 w_ax@goal=-0.01 return=986.7 length=103 success_rate=1.00 collisions/ep=0.00 (n=19)
update=175 global_step=358400 SPS=6 m_ev=0.990 m_v_bias=2.6 m_kl_max=0.0299 mpc_ms=145.3/690 cand=0.000 w_ax@goal=-0.04 return=987.0 length=103 success_rate=1.00 collisions/ep=0.00 (n=21)
Evaluation at update 175: return=991.27, length=98.70, success_rate=1.00, collisions/ep=0.00
Solved-check at update 175: solved=False worst_gap=26.04 at p_x0=0.00 p_y0=-1.00 (consecutive=0)
update=176 global_step=360448 SPS=6 m_ev=0.989 m_v_bias=-2.0 m_kl_max=0.0176 mpc_ms=69.1/747 cand=0.000 w_ax@goal=-0.04 return=988.0 length=104 success_rate=1.00 collisions/ep=0.00 (n=21)
update=177 global_step=362496 SPS=6 m_ev=0.994 m_v_bias=2.2 m_kl_max=0.0039 mpc_ms=70.0/876 cand=0.000 w_ax@goal=+0.03 return=986.7 length=106 success_rate=1.00 collisions/ep=0.00 (n=17)
update=178 global_step=364544 SPS=6 m_ev=0.987 m_v_bias=5.3 m_kl_max=0.0077 mpc_ms=69.8/470 cand=0.000 w_ax@goal=-0.01 return=986.5 length=102 success_rate=1.00 collisions/ep=0.00 (n=22)
update=179 global_step=366592 SPS=6 m_ev=0.989 m_v_bias=1.4 m_kl_max=0.0197 mpc_ms=72.5/451 cand=0.000 w_ax@goal=-0.02 return=986.3 length=104 success_rate=1.00 collisions/ep=0.00 (n=18)
update=180 global_step=368640 SPS=6 m_ev=0.999 m_v_bias=-5.0 m_kl_max=0.0126 mpc_ms=64.8/414 cand=0.000 w_ax@goal=-0.04 return=988.8 length=104 success_rate=1.00 collisions/ep=0.00 (n=21)
Evaluation at update 180: return=991.12, length=98.85, success_rate=1.00, collisions/ep=0.00
Solved-check at update 180: solved=False worst_gap=26.04 at p_x0=0.00 p_y0=-1.00 (consecutive=0)
update=181 global_step=370688 SPS=6 m_ev=0.996 m_v_bias=2.5 m_kl_max=0.0047 mpc_ms=75.8/514 cand=0.000 w_ax@goal=+0.03 return=988.1 length=103 success_rate=1.00 collisions/ep=0.00 (n=19)
update=182 global_step=372736 SPS=6 m_ev=0.990 m_v_bias=2.5 m_kl_max=0.0111 mpc_ms=71.1/388 cand=0.000 w_ax@goal=-0.02 return=986.9 length=103 success_rate=1.00 collisions/ep=0.00 (n=21)
update=183 global_step=374784 SPS=6 m_ev=0.992 m_v_bias=1.9 m_kl_max=0.0171 mpc_ms=74.4/484 cand=0.000 w_ax@goal=+0.02 return=985.2 length=105 success_rate=1.00 collisions/ep=0.00 (n=18)
update=184 global_step=376832 SPS=6 m_ev=0.997 m_v_bias=-3.8 m_kl_max=0.0244 mpc_ms=68.4/437 cand=0.000 w_ax@goal=+0.02 return=987.9 length=103 success_rate=1.00 collisions/ep=0.00 (n=21)
update=185 global_step=378880 SPS=6 m_ev=0.999 m_v_bias=-2.3 m_kl_max=0.0081 mpc_ms=67.2/644 cand=0.000 w_ax@goal=+0.03 return=988.9 length=103 success_rate=1.00 collisions/ep=0.00 (n=19)
Evaluation at update 185: return=991.12, length=98.85, success_rate=1.00, collisions/ep=0.00
Solved-check at update 185: solved=False worst_gap=26.04 at p_x0=0.00 p_y0=-1.00 (consecutive=0)
update=186 global_step=380928 SPS=6 m_ev=0.998 m_v_bias=-1.4 m_kl_max=0.0049 mpc_ms=66.6/537 cand=0.000 w_ax@goal=+0.01 return=988.4 length=103 success_rate=1.00 collisions/ep=0.00 (n=19)
update=187 global_step=382976 SPS=6 m_ev=0.995 m_v_bias=-1.6 m_kl_max=0.0141 mpc_ms=65.3/941 cand=0.000 w_ax@goal=-0.03 return=987.4 length=104 success_rate=1.00 collisions/ep=0.00 (n=22)
update=188 global_step=385024 SPS=6 m_ev=0.998 m_v_bias=-1.4 m_kl_max=0.0079 mpc_ms=70.1/439 cand=0.000 w_ax@goal=+0.05 return=988.8 length=102 success_rate=1.00 collisions/ep=0.00 (n=18)
update=189 global_step=387072 SPS=6 m_ev=0.998 m_v_bias=0.0 m_kl_max=0.0050 mpc_ms=68.1/568 cand=0.000 w_ax@goal=+0.02 return=987.9 length=104 success_rate=1.00 collisions/ep=0.00 (n=22)
update=190 global_step=389120 SPS=6 m_ev=0.988 m_v_bias=3.9 m_kl_max=0.0171 mpc_ms=70.7/586 cand=0.000 w_ax@goal=-0.06 return=985.4 length=106 success_rate=1.00 collisions/ep=0.00 (n=17)
Evaluation at update 190: return=991.07, length=98.90, success_rate=1.00, collisions/ep=0.00
Solved-check at update 190: solved=False worst_gap=26.04 at p_x0=0.00 p_y0=-1.00 (consecutive=0)
update=191 global_step=391168 SPS=6 m_ev=0.997 m_v_bias=-1.0 m_kl_max=0.0080 mpc_ms=72.8/919 cand=0.000 w_ax@goal=-0.01 return=987.1 length=104 success_rate=1.00 collisions/ep=0.00 (n=20)
update=192 global_step=393216 SPS=6 m_ev=0.999 m_v_bias=-4.5 m_kl_max=0.0083 mpc_ms=66.2/341 cand=0.000 w_ax@goal=+0.01 return=988.3 length=105 success_rate=1.00 collisions/ep=0.00 (n=20)
update=193 global_step=395264 SPS=6 m_ev=0.998 m_v_bias=-1.2 m_kl_max=0.0103 mpc_ms=71.4/535 cand=0.000 w_ax@goal=-0.05 return=989.0 length=101 success_rate=1.00 collisions/ep=0.00 (n=20)
update=194 global_step=397312 SPS=6 m_ev=0.998 m_v_bias=0.8 m_kl_max=0.0041 mpc_ms=68.4/472 cand=0.000 w_ax@goal=+0.02 return=988.6 length=102 success_rate=1.00 collisions/ep=0.00 (n=21)
update=195 global_step=399360 SPS=6 m_ev=0.992 m_v_bias=1.9 m_kl_max=0.0207 mpc_ms=71.8/347 cand=0.000 w_ax@goal=+0.02 return=988.4 length=102 success_rate=1.00 collisions/ep=0.00 (n=19)
Evaluation at update 195: return=991.12, length=98.85, success_rate=1.00, collisions/ep=0.00
Solved-check at update 195: solved=False worst_gap=26.04 at p_x0=0.00 p_y0=-1.00 (consecutive=0)
update=196 global_step=401408 SPS=6 m_ev=0.999 m_v_bias=-2.5 m_kl_max=0.0070 mpc_ms=68.3/458 cand=0.000 w_ax@goal=-0.02 return=988.0 length=103 success_rate=1.00 collisions/ep=0.00 (n=21)
update=197 global_step=403456 SPS=6 m_ev=0.999 m_v_bias=-1.4 m_kl_max=0.0087 mpc_ms=68.8/464 cand=0.000 w_ax@goal=+0.02 return=988.7 length=103 success_rate=1.00 collisions/ep=0.00 (n=19)
update=198 global_step=405504 SPS=6 m_ev=0.998 m_v_bias=-2.1 m_kl_max=0.0198 mpc_ms=70.5/412 cand=0.000 w_ax@goal=+0.04 return=988.4 length=103 success_rate=1.00 collisions/ep=0.00 (n=21)
update=199 global_step=407552 SPS=6 m_ev=0.996 m_v_bias=3.2 m_kl_max=0.0385 mpc_ms=72.3/472 cand=0.000 w_ax@goal=+0.01 return=987.6 length=103 success_rate=1.00 collisions/ep=0.00 (n=19)
update=200 global_step=409600 SPS=6 m_ev=0.998 m_v_bias=-5.1 m_kl_max=0.0083 mpc_ms=70.1/509 cand=0.000 w_ax@goal=-0.06 return=989.8 length=103 success_rate=1.00 collisions/ep=0.00 (n=19)
Evaluation at update 200: return=991.31, length=98.65, success_rate=1.00, collisions/ep=0.00
Solved-check at update 200: solved=False worst_gap=25.05 at p_x0=0.00 p_y0=-1.00 (consecutive=0)
update=201 global_step=411648 SPS=6 m_ev=0.999 m_v_bias=-0.5 m_kl_max=0.0063 mpc_ms=69.2/485 cand=0.000 w_ax@goal=-0.06 return=989.5 length=101 success_rate=1.00 collisions/ep=0.00 (n=20)
update=202 global_step=413696 SPS=6 m_ev=0.999 m_v_bias=-1.2 m_kl_max=0.0093 mpc_ms=70.7/432 cand=0.000 w_ax@goal=-0.02 return=989.4 length=101 success_rate=1.00 collisions/ep=0.00 (n=21)
update=203 global_step=415744 SPS=6 m_ev=0.997 m_v_bias=4.2 m_kl_max=0.0031 mpc_ms=76.1/533 cand=0.000 w_ax@goal=+0.03 return=987.2 length=104 success_rate=1.00 collisions/ep=0.00 (n=18)
update=204 global_step=417792 SPS=6 m_ev=0.995 m_v_bias=0.4 m_kl_max=0.0098 mpc_ms=69.9/675 cand=0.000 w_ax@goal=+0.02 return=989.2 length=101 success_rate=1.00 collisions/ep=0.00 (n=22)
update=205 global_step=419840 SPS=6 m_ev=0.996 m_v_bias=-2.6 m_kl_max=0.0100 mpc_ms=72.1/390 cand=0.000 w_ax@goal=+0.01 return=987.8 length=105 success_rate=1.00 collisions/ep=0.00 (n=19)
Evaluation at update 205: return=991.16, length=98.80, success_rate=1.00, collisions/ep=0.00
Solved-check at update 205: solved=False worst_gap=26.05 at p_x0=0.00 p_y0=-1.00 (consecutive=0)
update=206 global_step=421888 SPS=6 m_ev=0.999 m_v_bias=-3.5 m_kl_max=0.0066 mpc_ms=69.2/474 cand=0.000 w_ax@goal=-0.01 return=989.2 length=100 success_rate=1.00 collisions/ep=0.00 (n=22)
update=207 global_step=423936 SPS=6 m_ev=0.990 m_v_bias=9.7 m_kl_max=0.0176 mpc_ms=72.9/466 cand=0.000 w_ax@goal=+0.00 return=986.3 length=106 success_rate=1.00 collisions/ep=0.00 (n=18)
update=208 global_step=425984 SPS=6 m_ev=0.993 m_v_bias=-5.0 m_kl_max=0.0047 mpc_ms=73.3/565 cand=0.000 w_ax@goal=-0.03 return=986.9 length=105 success_rate=1.00 collisions/ep=0.00 (n=20)
update=209 global_step=428032 SPS=6 m_ev=0.993 m_v_bias=2.1 m_kl_max=0.0076 mpc_ms=68.0/642 cand=0.000 w_ax@goal=+0.08 return=987.9 length=102 success_rate=1.00 collisions/ep=0.00 (n=19)
update=210 global_step=430080 SPS=6 m_ev=0.992 m_v_bias=2.2 m_kl_max=0.0110 mpc_ms=73.3/393 cand=0.000 w_ax@goal=-0.04 return=988.0 length=102 success_rate=1.00 collisions/ep=0.00 (n=21)
Evaluation at update 210: return=991.22, length=98.75, success_rate=1.00, collisions/ep=0.00
Solved-check at update 210: solved=False worst_gap=26.04 at p_x0=0.00 p_y0=-1.00 (consecutive=0)
update=211 global_step=432128 SPS=6 m_ev=0.998 m_v_bias=-2.1 m_kl_max=0.0059 mpc_ms=67.8/555 cand=0.000 w_ax@goal=+0.02 return=987.9 length=103 success_rate=1.00 collisions/ep=0.00 (n=19)
update=212 global_step=434176 SPS=6 m_ev=0.991 m_v_bias=2.4 m_kl_max=0.0039 mpc_ms=69.4/403 cand=0.000 w_ax@goal=-0.00 return=987.3 length=104 success_rate=1.00 collisions/ep=0.00 (n=20)
update=213 global_step=436224 SPS=6 m_ev=0.996 m_v_bias=-1.0 m_kl_max=0.0142 mpc_ms=70.8/389 cand=0.000 w_ax@goal=+0.02 return=988.1 length=102 success_rate=1.00 collisions/ep=0.00 (n=19)
update=214 global_step=438272 SPS=6 m_ev=0.995 m_v_bias=-1.7 m_kl_max=0.0099 mpc_ms=66.4/409 cand=0.000 w_ax@goal=-0.01 return=986.7 length=107 success_rate=1.00 collisions/ep=0.00 (n=20)
update=215 global_step=440320 SPS=6 m_ev=0.998 m_v_bias=-3.6 m_kl_max=0.0100 mpc_ms=70.4/651 cand=0.000 w_ax@goal=+0.00 return=989.2 length=103 success_rate=1.00 collisions/ep=0.00 (n=20)
Evaluation at update 215: return=991.22, length=98.75, success_rate=1.00, collisions/ep=0.00
Solved-check at update 215: solved=False worst_gap=26.04 at p_x0=0.00 p_y0=-1.00 (consecutive=0)
update=216 global_step=442368 SPS=6 m_ev=0.993 m_v_bias=2.4 m_kl_max=0.0066 mpc_ms=67.3/386 cand=0.000 w_ax@goal=-0.03 return=988.0 length=103 success_rate=1.00 collisions/ep=0.00 (n=21)
update=217 global_step=444416 SPS=6 m_ev=0.992 m_v_bias=0.1 m_kl_max=0.0094 mpc_ms=71.3/727 cand=0.000 w_ax@goal=+0.06 return=989.4 length=100 success_rate=1.00 collisions/ep=0.00 (n=18)
update=218 global_step=446464 SPS=6 m_ev=0.995 m_v_bias=-0.1 m_kl_max=0.0122 mpc_ms=66.8/433 cand=0.000 w_ax@goal=+0.05 return=987.5 length=104 success_rate=1.00 collisions/ep=0.00 (n=23)
update=219 global_step=448512 SPS=6 m_ev=0.998 m_v_bias=-3.3 m_kl_max=0.0046 mpc_ms=67.6/495 cand=0.000 w_ax@goal=+0.01 return=989.1 length=102 success_rate=1.00 collisions/ep=0.00 (n=18)
update=220 global_step=450560 SPS=6 m_ev=0.996 m_v_bias=-0.3 m_kl_max=0.0138 mpc_ms=67.8/484 cand=0.000 w_ax@goal=+0.01 return=988.1 length=104 success_rate=1.00 collisions/ep=0.00 (n=19)
Evaluation at update 220: return=991.22, length=98.75, success_rate=1.00, collisions/ep=0.00
Solved-check at update 220: solved=False worst_gap=26.04 at p_x0=0.00 p_y0=-1.00 (consecutive=0)
update=221 global_step=452608 SPS=6 m_ev=0.988 m_v_bias=6.1 m_kl_max=0.0358 mpc_ms=73.2/498 cand=0.000 w_ax@goal=-0.04 return=986.2 length=106 success_rate=1.00 collisions/ep=0.00 (n=20)
update=222 global_step=454656 SPS=6 m_ev=0.995 m_v_bias=-6.2 m_kl_max=0.0134 mpc_ms=69.4/391 cand=0.000 w_ax@goal=+0.01 return=988.7 length=101 success_rate=1.00 collisions/ep=0.00 (n=21)
update=223 global_step=456704 SPS=6 m_ev=0.994 m_v_bias=0.3 m_kl_max=0.0184 mpc_ms=73.1/739 cand=0.000 w_ax@goal=+0.04 return=988.4 length=100 success_rate=1.00 collisions/ep=0.00 (n=20)
update=224 global_step=458752 SPS=6 m_ev=0.983 m_v_bias=5.2 m_kl_max=0.0207 mpc_ms=75.3/545 cand=0.000 w_ax@goal=-0.04 return=985.3 length=105 success_rate=1.00 collisions/ep=0.00 (n=21)
update=225 global_step=460800 SPS=6 m_ev=0.991 m_v_bias=-2.8 m_kl_max=0.0058 mpc_ms=69.7/438 cand=0.000 w_ax@goal=+0.03 return=988.4 length=102 success_rate=1.00 collisions/ep=0.00 (n=18)
Evaluation at update 225: return=991.12, length=98.85, success_rate=1.00, collisions/ep=0.00
Solved-check at update 225: solved=False worst_gap=26.04 at p_x0=0.00 p_y0=-1.00 (consecutive=0)
update=226 global_step=462848 SPS=6 m_ev=0.998 m_v_bias=-4.6 m_kl_max=0.0043 mpc_ms=67.7/411 cand=0.000 w_ax@goal=+0.00 return=988.8 length=103 success_rate=1.00 collisions/ep=0.00 (n=21)
update=227 global_step=464896 SPS=6 m_ev=0.996 m_v_bias=1.5 m_kl_max=0.0080 mpc_ms=72.1/769 cand=0.000 w_ax@goal=+0.03 return=988.6 length=103 success_rate=1.00 collisions/ep=0.00 (n=19)
update=228 global_step=466944 SPS=6 m_ev=0.999 m_v_bias=-0.7 m_kl_max=0.0066 mpc_ms=69.7/504 cand=0.000 w_ax@goal=+0.01 return=988.7 length=101 success_rate=1.00 collisions/ep=0.00 (n=22)
update=229 global_step=468992 SPS=6 m_ev=0.995 m_v_bias=2.2 m_kl_max=0.0080 mpc_ms=74.1/649 cand=0.000 w_ax@goal=+0.01 return=988.9 length=101 success_rate=1.00 collisions/ep=0.00 (n=18)
update=230 global_step=471040 SPS=6 m_ev=0.993 m_v_bias=0.6 m_kl_max=0.0061 mpc_ms=71.0/929 cand=0.000 w_ax@goal=-0.08 return=987.8 length=101 success_rate=1.00 collisions/ep=0.00 (n=22)
Evaluation at update 230: return=991.22, length=98.75, success_rate=1.00, collisions/ep=0.00
Solved-check at update 230: solved=False worst_gap=26.04 at p_x0=0.00 p_y0=-1.00 (consecutive=0)
update=231 global_step=473088 SPS=6 m_ev=0.998 m_v_bias=-1.7 m_kl_max=0.0080 mpc_ms=71.5/416 cand=0.000 w_ax@goal=-0.01 return=989.1 length=101 success_rate=1.00 collisions/ep=0.00 (n=18)
update=232 global_step=475136 SPS=6 m_ev=0.988 m_v_bias=3.6 m_kl_max=0.0216 mpc_ms=69.2/529 cand=0.000 w_ax@goal=-0.02 return=986.5 length=106 success_rate=1.00 collisions/ep=0.00 (n=22)
update=233 global_step=477184 SPS=6 m_ev=0.998 m_v_bias=-5.4 m_kl_max=0.0050 mpc_ms=71.3/419 cand=0.000 w_ax@goal=+0.01 return=989.0 length=100 success_rate=1.00 collisions/ep=0.00 (n=19)
update=234 global_step=479232 SPS=6 m_ev=0.999 m_v_bias=-0.3 m_kl_max=0.0093 mpc_ms=69.3/469 cand=0.000 w_ax@goal=+0.01 return=989.1 length=103 success_rate=1.00 collisions/ep=0.00 (n=21)
update=235 global_step=481280 SPS=7 m_ev=0.993 m_v_bias=3.2 m_kl_max=0.0135 mpc_ms=71.6/590 cand=0.000 w_ax@goal=-0.06 return=988.6 length=102 success_rate=1.00 collisions/ep=0.00 (n=19)
Evaluation at update 235: return=991.22, length=98.75, success_rate=1.00, collisions/ep=0.00
Solved-check at update 235: solved=False worst_gap=26.04 at p_x0=0.00 p_y0=-1.00 (consecutive=0)
update=236 global_step=483328 SPS=6 m_ev=0.989 m_v_bias=3.9 m_kl_max=0.0056 mpc_ms=70.4/726 cand=0.000 w_ax@goal=+0.01 return=986.7 length=105 success_rate=1.00 collisions/ep=0.00 (n=21)
update=237 global_step=485376 SPS=7 m_ev=0.998 m_v_bias=-5.4 m_kl_max=0.0101 mpc_ms=71.9/531 cand=0.000 w_ax@goal=-0.02 return=988.2 length=103 success_rate=1.00 collisions/ep=0.00 (n=20)
update=238 global_step=487424 SPS=7 m_ev=0.995 m_v_bias=0.5 m_kl_max=0.0165 mpc_ms=72.8/431 cand=0.000 w_ax@goal=-0.02 return=988.8 length=101 success_rate=1.00 collisions/ep=0.00 (n=19)
update=239 global_step=489472 SPS=7 m_ev=0.997 m_v_bias=1.3 m_kl_max=0.0035 mpc_ms=69.5/494 cand=0.000 w_ax@goal=-0.07 return=987.7 length=103 success_rate=1.00 collisions/ep=0.00 (n=20)
update=240 global_step=491520 SPS=7 m_ev=0.996 m_v_bias=0.3 m_kl_max=0.0097 mpc_ms=68.0/324 cand=0.000 w_ax@goal=+0.00 return=988.7 length=102 success_rate=1.00 collisions/ep=0.00 (n=19)
Evaluation at update 240: return=991.12, length=98.85, success_rate=1.00, collisions/ep=0.00
Solved-check at update 240: solved=False worst_gap=26.04 at p_x0=0.00 p_y0=-1.00 (consecutive=0)
update=241 global_step=493568 SPS=7 m_ev=0.995 m_v_bias=-1.0 m_kl_max=0.0143 mpc_ms=67.1/373 cand=0.000 w_ax@goal=-0.04 return=990.2 length=103 success_rate=1.00 collisions/ep=0.00 (n=21)
update=242 global_step=495616 SPS=7 m_ev=0.996 m_v_bias=1.9 m_kl_max=0.0316 mpc_ms=74.6/597 cand=0.000 w_ax@goal=+0.05 return=987.1 length=102 success_rate=1.00 collisions/ep=0.00 (n=20)
update=243 global_step=497664 SPS=7 m_ev=0.999 m_v_bias=-2.3 m_kl_max=0.0090 mpc_ms=60.6/456 cand=0.000 w_ax@goal=-0.01 return=988.6 length=103 success_rate=1.00 collisions/ep=0.00 (n=20)
update=244 global_step=499712 SPS=7 m_ev=0.997 m_v_bias=0.9 m_kl_max=0.0241 mpc_ms=43.0/285 cand=0.000 w_ax@goal=+0.01 return=988.9 length=102 success_rate=1.00 collisions/ep=0.00 (n=20)
Saved checkpoints to C:\Users\loren\Desktop\MASTER THESIS\5_CODE\scenarios\slalom\studies\disturbed_0.01_0.1\ppo_mpc\runs\ppo_mpc_slalom_8_1791168784
