Using device: cpu
Solved-check: precomputed optimal returns for 25 fixed initial conditions (mean=1011.8, min=1007.0, max=1014.0); solved-tolerance=5.0
Goal box: +-1.800 m (1.5x segment-reachable; segment-reachable displacement = 1.200 m)
tube MPC: W disks of radii (p, v) [0.01 0.1 ], RPI s=18 alpha=0.0167; Z radii (p, v) = [0.1649 0.4184]
  X0 (-) Z: p_x [-0.835, 10.835], p_y [-1.834, 1.834], ||v|| <= 0.782; V = U (-) KZ: ||u|| <= 0.897; K = [-7.613 -4.585] per axis
  4 obstacles, 132 binaries before fixing, max big-M 9.00; horizon N=10, stopping time 9 steps
num_envs=8 num_steps_per_env=256 batch_size=2048 num_updates=244 timesteps=499712 (requested 500000)
update=1 global_step=2048 SPS=15 m_ev=0.000 m_v_bias=42.7 m_kl_max=0.0028 mpc_ms=62.4/417 cand=0.000 return=-198.4 length=200 success_rate=0.00 collisions/ep=0.00 (n=8)
update=2 global_step=4096 SPS=14 m_ev=-0.815 m_v_bias=23.2 m_kl_max=0.0098 mpc_ms=69.8/1366 cand=0.000 return=-196.3 length=200 success_rate=0.00 collisions/ep=0.00 (n=8)
update=3 global_step=6144 SPS=13 m_ev=-0.240 m_v_bias=12.6 m_kl_max=0.0439 mpc_ms=83.9/1281 cand=0.000 return=-182.3 length=200 success_rate=0.00 collisions/ep=0.00 (n=8)
update=4 global_step=8192 SPS=10 m_ev=-0.181 m_v_bias=7.7 m_kl_max=0.0304 mpc_ms=144.6/1199 cand=0.000 return=-179.9 length=200 success_rate=0.00 collisions/ep=0.00 (n=16)
update=5 global_step=10240 SPS=9 m_ev=0.185 m_v_bias=3.0 m_kl_max=0.0620 mpc_ms=146.9/1118 cand=0.000 return=-166.4 length=200 success_rate=0.00 collisions/ep=0.00 (n=8)
Evaluation at update 5: return=-143.12, length=200.00, success_rate=0.00, collisions/ep=0.00
Solved-check at update 5: solved=False worst_gap=1162.89 at p_x0=2.00 p_y0=0.50 (consecutive=0)
update=6 global_step=12288 SPS=4 m_ev=0.492 m_v_bias=-2.7 m_kl_max=0.0262 mpc_ms=221.2/1526 cand=0.000 return=-156.9 length=200 success_rate=0.00 collisions/ep=0.00 (n=8)
update=7 global_step=14336 SPS=4 m_ev=0.581 m_v_bias=3.0 m_kl_max=0.0744 mpc_ms=211.1/1007 cand=0.000 return=-138.6 length=200 success_rate=0.00 collisions/ep=0.00 (n=8)
update=8 global_step=16384 SPS=4 m_ev=0.826 m_v_bias=0.1 m_kl_max=0.0267 mpc_ms=181.2/1012 cand=0.000 return=-148.0 length=200 success_rate=0.00 collisions/ep=0.00 (n=16)
update=9 global_step=18432 SPS=4 m_ev=0.880 m_v_bias=-0.4 m_kl_max=0.0324 mpc_ms=222.6/1086 cand=0.000 return=-145.1 length=200 success_rate=0.00 collisions/ep=0.00 (n=8)
update=10 global_step=20480 SPS=4 m_ev=0.924 m_v_bias=0.2 m_kl_max=0.0201 mpc_ms=192.1/1143 cand=0.000 return=-141.5 length=200 success_rate=0.00 collisions/ep=0.00 (n=8)
Evaluation at update 10: return=-154.96, length=200.00, success_rate=0.00, collisions/ep=0.00
Solved-check at update 10: solved=False worst_gap=1192.06 at p_x0=2.00 p_y0=1.00 (consecutive=0)
update=11 global_step=22528 SPS=3 m_ev=0.974 m_v_bias=0.3 m_kl_max=0.0146 mpc_ms=173.9/998 cand=0.000 return=-142.3 length=200 success_rate=0.00 collisions/ep=0.00 (n=16)
update=12 global_step=24576 SPS=3 m_ev=0.974 m_v_bias=0.7 m_kl_max=0.0108 mpc_ms=191.0/2094 cand=0.000 return=-144.1 length=200 success_rate=0.00 collisions/ep=0.00 (n=8)
update=13 global_step=26624 SPS=3 m_ev=0.968 m_v_bias=-0.1 m_kl_max=0.0146 mpc_ms=195.9/1014 cand=0.000 return=-140.9 length=200 success_rate=0.00 collisions/ep=0.00 (n=8)
update=14 global_step=28672 SPS=3 m_ev=0.947 m_v_bias=-0.3 m_kl_max=0.0057 mpc_ms=174.1/1135 cand=0.000 w_ax@goal=-0.33 return=-137.7 length=200 success_rate=0.00 collisions/ep=0.00 (n=8)
update=15 global_step=30720 SPS=3 m_ev=0.976 m_v_bias=-0.2 m_kl_max=0.0205 mpc_ms=183.7/1186 cand=0.000 w_ax@goal=+0.16 return=-138.5 length=200 success_rate=0.00 collisions/ep=0.00 (n=16)
Evaluation at update 15: return=-142.97, length=200.00, success_rate=0.00, collisions/ep=0.00
Solved-check at update 15: solved=False worst_gap=1162.77 at p_x0=2.00 p_y0=0.50 (consecutive=0)
update=16 global_step=32768 SPS=3 m_ev=-0.014 m_v_bias=-25.6 m_kl_max=0.0082 mpc_ms=202.7/1056 cand=0.000 w_ax@goal=-0.62 return=-1.6 length=190 success_rate=0.12 collisions/ep=0.00 (n=8)
update=17 global_step=34816 SPS=3 m_ev=0.110 m_v_bias=-20.6 m_kl_max=0.0130 mpc_ms=196.4/1247 cand=0.000 w_ax@goal=-0.74 return=-22.8 length=196 success_rate=0.11 collisions/ep=0.00 (n=9)
update=18 global_step=36864 SPS=3 m_ev=0.227 m_v_bias=2.7 m_kl_max=0.0327 mpc_ms=203.8/1574 cand=0.000 w_ax@goal=-0.18 return=-128.6 length=200 success_rate=0.00 collisions/ep=0.00 (n=15)
update=19 global_step=38912 SPS=3 m_ev=0.115 m_v_bias=-55.8 m_kl_max=0.0155 mpc_ms=194.8/1255 cand=0.000 w_ax@goal=-0.07 return=122.7 length=192 success_rate=0.25 collisions/ep=0.00 (n=8)
update=20 global_step=40960 SPS=3 m_ev=0.423 m_v_bias=-79.0 m_kl_max=0.0114 mpc_ms=186.3/1094 cand=0.000 w_ax@goal=-0.27 return=343.7 length=177 success_rate=0.45 collisions/ep=0.00 (n=11)
Evaluation at update 20: return=278.27, length=173.80, success_rate=0.40, collisions/ep=0.00
Solved-check at update 20: solved=False worst_gap=1192.67 at p_x0=2.00 p_y0=0.00 (consecutive=0)
update=21 global_step=43008 SPS=3 m_ev=0.499 m_v_bias=-17.6 m_kl_max=0.0153 mpc_ms=180.3/1386 cand=0.000 w_ax@goal=+0.01 return=106.6 length=191 success_rate=0.25 collisions/ep=0.00 (n=12)
update=22 global_step=45056 SPS=3 m_ev=0.726 m_v_bias=-19.2 m_kl_max=0.0080 mpc_ms=160.6/1193 cand=0.000 w_ax@goal=+0.07 return=250.6 length=170 success_rate=0.36 collisions/ep=0.00 (n=11)
update=23 global_step=47104 SPS=3 m_ev=0.816 m_v_bias=-9.3 m_kl_max=0.0091 mpc_ms=165.2/1615 cand=0.000 w_ax@goal=-0.11 return=216.5 length=174 success_rate=0.33 collisions/ep=0.00 (n=12)
update=24 global_step=49152 SPS=3 m_ev=0.871 m_v_bias=-37.1 m_kl_max=0.0176 mpc_ms=183.3/1753 cand=0.000 w_ax@goal=+0.03 return=389.3 length=170 success_rate=0.50 collisions/ep=0.00 (n=12)
update=25 global_step=51200 SPS=3 m_ev=0.774 m_v_bias=-3.0 m_kl_max=0.0138 mpc_ms=203.7/1230 cand=0.000 w_ax@goal=+0.06 return=496.9 length=164 success_rate=0.58 collisions/ep=0.00 (n=12)
Evaluation at update 25: return=287.33, length=164.75, success_rate=0.40, collisions/ep=0.00
Solved-check at update 25: solved=False worst_gap=1192.67 at p_x0=2.00 p_y0=0.00 (consecutive=0)
update=26 global_step=53248 SPS=3 m_ev=0.811 m_v_bias=4.9 m_kl_max=0.0208 mpc_ms=172.4/1120 cand=0.000 w_ax@goal=-0.14 return=33.6 length=198 success_rate=0.18 collisions/ep=0.00 (n=11)
update=27 global_step=55296 SPS=3 m_ev=0.821 m_v_bias=10.4 m_kl_max=0.0053 mpc_ms=195.7/1061 cand=0.000 w_ax@goal=+0.06 return=286.0 length=183 success_rate=0.40 collisions/ep=0.00 (n=10)
update=28 global_step=57344 SPS=3 m_ev=0.859 m_v_bias=-6.3 m_kl_max=0.0090 mpc_ms=190.1/1130 cand=0.000 w_ax@goal=-0.01 return=389.8 length=177 success_rate=0.50 collisions/ep=0.00 (n=12)
update=29 global_step=59392 SPS=3 m_ev=0.821 m_v_bias=-28.3 m_kl_max=0.0275 mpc_ms=202.3/1172 cand=0.000 w_ax@goal=-0.14 return=306.6 length=181 success_rate=0.42 collisions/ep=0.00 (n=12)
update=30 global_step=61440 SPS=3 m_ev=0.871 m_v_bias=-18.0 m_kl_max=0.0106 mpc_ms=224.5/1057 cand=0.000 w_ax@goal=-0.04 return=582.8 length=160 success_rate=0.67 collisions/ep=0.00 (n=12)
Evaluation at update 30: return=971.94, length=117.70, success_rate=1.00, collisions/ep=0.00
Solved-check at update 30: solved=False worst_gap=65.18 at p_x0=2.00 p_y0=-1.00 (consecutive=0)
update=31 global_step=63488 SPS=3 m_ev=0.877 m_v_bias=-34.5 m_kl_max=0.0170 mpc_ms=219.9/2424 cand=0.000 w_ax@goal=-0.13 return=722.9 length=149 success_rate=0.79 collisions/ep=0.00 (n=14)
update=32 global_step=65536 SPS=3 m_ev=0.900 m_v_bias=1.8 m_kl_max=0.0103 mpc_ms=214.4/1669 cand=0.000 w_ax@goal=+0.08 return=865.0 length=152 success_rate=0.93 collisions/ep=0.00 (n=14)
update=33 global_step=67584 SPS=3 m_ev=0.901 m_v_bias=12.9 m_kl_max=0.0154 mpc_ms=213.7/1509 cand=0.000 w_ax@goal=+0.06 return=810.0 length=144 success_rate=0.87 collisions/ep=0.00 (n=15)
update=34 global_step=69632 SPS=3 m_ev=0.917 m_v_bias=-32.6 m_kl_max=0.0244 mpc_ms=223.2/1415 cand=0.000 w_ax@goal=-0.07 return=956.0 length=135 success_rate=1.00 collisions/ep=0.00 (n=16)
update=35 global_step=71680 SPS=3 m_ev=0.944 m_v_bias=-7.4 m_kl_max=0.0093 mpc_ms=216.0/2115 cand=0.000 w_ax@goal=-0.01 return=966.1 length=124 success_rate=1.00 collisions/ep=0.00 (n=16)
Evaluation at update 35: return=990.05, length=99.65, success_rate=1.00, collisions/ep=0.00
Solved-check at update 35: solved=False worst_gap=28.12 at p_x0=2.00 p_y0=-1.00 (consecutive=0)
update=36 global_step=73728 SPS=3 m_ev=0.931 m_v_bias=6.8 m_kl_max=0.0094 mpc_ms=216.4/1019 cand=0.000 w_ax@goal=-0.02 return=960.7 length=130 success_rate=1.00 collisions/ep=0.00 (n=15)
update=37 global_step=75776 SPS=3 m_ev=0.937 m_v_bias=-11.2 m_kl_max=0.0182 mpc_ms=224.8/1338 cand=0.000 w_ax@goal=-0.05 return=955.5 length=138 success_rate=1.00 collisions/ep=0.00 (n=16)
update=38 global_step=77824 SPS=3 m_ev=0.927 m_v_bias=15.6 m_kl_max=0.0108 mpc_ms=212.6/1401 cand=0.000 w_ax@goal=-0.03 return=890.4 length=135 success_rate=0.93 collisions/ep=0.00 (n=15)
update=39 global_step=79872 SPS=3 m_ev=0.964 m_v_bias=-30.3 m_kl_max=0.0092 mpc_ms=219.3/1430 cand=0.000 w_ax@goal=+0.06 return=970.4 length=123 success_rate=1.00 collisions/ep=0.00 (n=17)
update=40 global_step=81920 SPS=3 m_ev=0.977 m_v_bias=-12.1 m_kl_max=0.0096 mpc_ms=218.5/983 cand=0.000 w_ax@goal=+0.00 return=974.1 length=116 success_rate=1.00 collisions/ep=0.00 (n=18)
Evaluation at update 40: return=989.77, length=99.95, success_rate=1.00, collisions/ep=0.00
Solved-check at update 40: solved=False worst_gap=27.04 at p_x0=0.00 p_y0=0.00 (consecutive=0)
update=41 global_step=83968 SPS=3 m_ev=0.973 m_v_bias=4.5 m_kl_max=0.0081 mpc_ms=91.4/631 cand=0.000 w_ax@goal=-0.03 return=973.8 length=117 success_rate=1.00 collisions/ep=0.00 (n=16)
update=42 global_step=86016 SPS=3 m_ev=0.971 m_v_bias=-9.3 m_kl_max=0.0100 mpc_ms=86.2/558 cand=0.000 w_ax@goal=-0.08 return=978.4 length=113 success_rate=1.00 collisions/ep=0.00 (n=18)
update=43 global_step=88064 SPS=3 m_ev=0.971 m_v_bias=-3.5 m_kl_max=0.0114 mpc_ms=83.3/476 cand=0.000 w_ax@goal=+0.01 return=968.8 length=121 success_rate=1.00 collisions/ep=0.00 (n=18)
update=44 global_step=90112 SPS=3 m_ev=0.972 m_v_bias=1.4 m_kl_max=0.0202 mpc_ms=81.6/453 cand=0.000 w_ax@goal=-0.02 return=974.4 length=117 success_rate=1.00 collisions/ep=0.00 (n=18)
update=45 global_step=92160 SPS=3 m_ev=0.972 m_v_bias=-2.8 m_kl_max=0.0152 mpc_ms=85.9/537 cand=0.000 w_ax@goal=-0.03 return=973.6 length=115 success_rate=1.00 collisions/ep=0.00 (n=17)
Evaluation at update 45: return=989.77, length=99.95, success_rate=1.00, collisions/ep=0.00
Solved-check at update 45: solved=False worst_gap=27.04 at p_x0=0.00 p_y0=0.00 (consecutive=0)
update=46 global_step=94208 SPS=3 m_ev=0.977 m_v_bias=-11.9 m_kl_max=0.0076 mpc_ms=84.7/463 cand=0.000 w_ax@goal=-0.03 return=976.1 length=114 success_rate=1.00 collisions/ep=0.00 (n=18)
update=47 global_step=96256 SPS=3 m_ev=0.986 m_v_bias=-4.3 m_kl_max=0.0069 mpc_ms=89.5/535 cand=0.000 w_ax@goal=-0.01 return=979.9 length=111 success_rate=1.00 collisions/ep=0.00 (n=18)
update=48 global_step=98304 SPS=3 m_ev=0.980 m_v_bias=4.1 m_kl_max=0.0096 mpc_ms=83.0/855 cand=0.000 w_ax@goal=-0.02 return=978.7 length=112 success_rate=1.00 collisions/ep=0.00 (n=20)
update=49 global_step=100352 SPS=3 m_ev=0.970 m_v_bias=2.6 m_kl_max=0.0017 mpc_ms=84.6/530 cand=0.000 w_ax@goal=-0.05 return=977.5 length=115 success_rate=1.00 collisions/ep=0.00 (n=18)
update=50 global_step=102400 SPS=3 m_ev=0.986 m_v_bias=-4.7 m_kl_max=0.0061 mpc_ms=86.5/900 cand=0.000 w_ax@goal=-0.04 return=978.7 length=110 success_rate=1.00 collisions/ep=0.00 (n=18)
Evaluation at update 50: return=989.07, length=100.65, success_rate=1.00, collisions/ep=0.00
Solved-check at update 50: solved=False worst_gap=28.04 at p_x0=0.00 p_y0=0.00 (consecutive=0)
update=51 global_step=104448 SPS=3 m_ev=0.989 m_v_bias=-9.4 m_kl_max=0.0098 mpc_ms=81.2/672 cand=0.000 w_ax@goal=-0.07 return=981.8 length=110 success_rate=1.00 collisions/ep=0.00 (n=17)
update=52 global_step=106496 SPS=3 m_ev=0.993 m_v_bias=-6.2 m_kl_max=0.0146 mpc_ms=80.8/649 cand=0.000 w_ax@goal=-0.04 return=980.3 length=111 success_rate=1.00 collisions/ep=0.00 (n=20)
update=53 global_step=108544 SPS=3 m_ev=0.976 m_v_bias=8.1 m_kl_max=0.0138 mpc_ms=80.5/500 cand=0.000 w_ax@goal=-0.00 return=977.8 length=112 success_rate=1.00 collisions/ep=0.00 (n=19)
update=54 global_step=110592 SPS=3 m_ev=0.983 m_v_bias=4.9 m_kl_max=0.0084 mpc_ms=88.9/1146 cand=0.000 w_ax@goal=+0.02 return=975.7 length=115 success_rate=1.00 collisions/ep=0.00 (n=16)
update=55 global_step=112640 SPS=4 m_ev=0.972 m_v_bias=-1.7 m_kl_max=0.0099 mpc_ms=82.2/680 cand=0.000 w_ax@goal=+0.01 return=977.6 length=114 success_rate=1.00 collisions/ep=0.00 (n=19)
Evaluation at update 55: return=989.57, length=100.15, success_rate=1.00, collisions/ep=0.00
Solved-check at update 55: solved=False worst_gap=27.04 at p_x0=0.00 p_y0=0.00 (consecutive=0)
update=56 global_step=114688 SPS=4 m_ev=0.971 m_v_bias=13.5 m_kl_max=0.0020 mpc_ms=73.4/397 cand=0.000 w_ax@goal=+0.06 return=974.7 length=114 success_rate=1.00 collisions/ep=0.00 (n=19)
update=57 global_step=116736 SPS=4 m_ev=0.979 m_v_bias=-12.2 m_kl_max=0.0254 mpc_ms=65.3/391 cand=0.000 w_ax@goal=-0.01 return=981.2 length=111 success_rate=1.00 collisions/ep=0.00 (n=18)
update=58 global_step=118784 SPS=4 m_ev=0.984 m_v_bias=-9.7 m_kl_max=0.0149 mpc_ms=73.4/568 cand=0.000 w_ax@goal=-0.05 return=978.0 length=112 success_rate=1.00 collisions/ep=0.00 (n=18)
update=59 global_step=120832 SPS=4 m_ev=0.984 m_v_bias=-0.9 m_kl_max=0.0132 mpc_ms=69.4/848 cand=0.000 w_ax@goal=+0.01 return=979.8 length=111 success_rate=1.00 collisions/ep=0.00 (n=19)
update=60 global_step=122880 SPS=4 m_ev=0.986 m_v_bias=4.7 m_kl_max=0.0108 mpc_ms=70.5/357 cand=0.000 w_ax@goal=+0.03 return=980.7 length=111 success_rate=1.00 collisions/ep=0.00 (n=18)
Evaluation at update 60: return=989.32, length=100.40, success_rate=1.00, collisions/ep=0.00
Solved-check at update 60: solved=False worst_gap=27.04 at p_x0=0.00 p_y0=0.00 (consecutive=0)
update=61 global_step=124928 SPS=4 m_ev=0.988 m_v_bias=-1.8 m_kl_max=0.0034 mpc_ms=71.3/499 cand=0.000 w_ax@goal=+0.05 return=982.0 length=107 success_rate=1.00 collisions/ep=0.00 (n=19)
update=62 global_step=126976 SPS=4 m_ev=0.992 m_v_bias=-5.3 m_kl_max=0.0073 mpc_ms=71.2/512 cand=0.000 w_ax@goal=-0.04 return=982.0 length=108 success_rate=1.00 collisions/ep=0.00 (n=19)
update=63 global_step=129024 SPS=4 m_ev=0.993 m_v_bias=3.7 m_kl_max=0.0111 mpc_ms=73.2/555 cand=0.000 w_ax@goal=-0.06 return=982.2 length=109 success_rate=1.00 collisions/ep=0.00 (n=19)
update=64 global_step=131072 SPS=4 m_ev=0.986 m_v_bias=2.5 m_kl_max=0.0076 mpc_ms=74.6/446 cand=0.000 w_ax@goal=-0.07 return=981.1 length=110 success_rate=1.00 collisions/ep=0.00 (n=17)
update=65 global_step=133120 SPS=4 m_ev=0.995 m_v_bias=-0.6 m_kl_max=0.0084 mpc_ms=66.7/425 cand=0.000 w_ax@goal=+0.00 return=982.2 length=106 success_rate=1.00 collisions/ep=0.00 (n=21)
Evaluation at update 65: return=989.37, length=100.35, success_rate=1.00, collisions/ep=0.00
Solved-check at update 65: solved=False worst_gap=28.04 at p_x0=0.00 p_y0=0.00 (consecutive=0)
update=66 global_step=135168 SPS=4 m_ev=0.991 m_v_bias=0.1 m_kl_max=0.0057 mpc_ms=73.0/528 cand=0.000 w_ax@goal=-0.02 return=983.1 length=107 success_rate=1.00 collisions/ep=0.00 (n=19)
update=67 global_step=137216 SPS=4 m_ev=0.992 m_v_bias=-2.5 m_kl_max=0.0120 mpc_ms=71.1/612 cand=0.000 w_ax@goal=+0.00 return=983.2 length=107 success_rate=1.00 collisions/ep=0.00 (n=18)
update=68 global_step=139264 SPS=4 m_ev=0.984 m_v_bias=2.8 m_kl_max=0.0107 mpc_ms=66.6/374 cand=0.000 w_ax@goal=+0.06 return=982.2 length=111 success_rate=1.00 collisions/ep=0.00 (n=19)
update=69 global_step=141312 SPS=4 m_ev=0.984 m_v_bias=-3.3 m_kl_max=0.0043 mpc_ms=70.9/348 cand=0.000 w_ax@goal=-0.11 return=983.0 length=107 success_rate=1.00 collisions/ep=0.00 (n=19)
update=70 global_step=143360 SPS=4 m_ev=0.971 m_v_bias=3.3 m_kl_max=0.0408 mpc_ms=73.5/536 cand=0.000 w_ax@goal=-0.07 return=977.1 length=113 success_rate=1.00 collisions/ep=0.00 (n=19)
Evaluation at update 70: return=989.27, length=100.45, success_rate=1.00, collisions/ep=0.00
Solved-check at update 70: solved=False worst_gap=27.04 at p_x0=0.00 p_y0=0.00 (consecutive=0)
update=71 global_step=145408 SPS=4 m_ev=0.991 m_v_bias=-4.4 m_kl_max=0.0058 mpc_ms=83.6/527 cand=0.000 w_ax@goal=-0.01 return=983.8 length=107 success_rate=1.00 collisions/ep=0.00 (n=19)
update=72 global_step=147456 SPS=4 m_ev=0.994 m_v_bias=-0.2 m_kl_max=0.0115 mpc_ms=65.0/391 cand=0.000 w_ax@goal=+0.01 return=983.3 length=106 success_rate=1.00 collisions/ep=0.00 (n=20)
update=73 global_step=149504 SPS=4 m_ev=0.992 m_v_bias=2.2 m_kl_max=0.0115 mpc_ms=71.9/533 cand=0.000 w_ax@goal=-0.04 return=983.9 length=106 success_rate=1.00 collisions/ep=0.00 (n=17)
update=74 global_step=151552 SPS=4 m_ev=0.988 m_v_bias=2.5 m_kl_max=0.0161 mpc_ms=72.6/447 cand=0.000 w_ax@goal=-0.03 return=981.0 length=110 success_rate=1.00 collisions/ep=0.00 (n=18)
update=75 global_step=153600 SPS=4 m_ev=0.995 m_v_bias=-4.1 m_kl_max=0.0102 mpc_ms=68.6/383 cand=0.000 w_ax@goal=-0.01 return=985.3 length=103 success_rate=1.00 collisions/ep=0.00 (n=22)
Evaluation at update 75: return=990.02, length=99.70, success_rate=1.00, collisions/ep=0.00
Solved-check at update 75: solved=False worst_gap=26.04 at p_x0=0.00 p_y0=0.00 (consecutive=0)
update=76 global_step=155648 SPS=4 m_ev=0.992 m_v_bias=-2.5 m_kl_max=0.0103 mpc_ms=74.3/483 cand=0.000 w_ax@goal=+0.06 return=983.8 length=108 success_rate=1.00 collisions/ep=0.00 (n=18)
update=77 global_step=157696 SPS=4 m_ev=0.993 m_v_bias=3.6 m_kl_max=0.0157 mpc_ms=69.8/405 cand=0.000 w_ax@goal=+0.02 return=983.2 length=107 success_rate=1.00 collisions/ep=0.00 (n=20)
update=78 global_step=159744 SPS=4 m_ev=0.985 m_v_bias=-2.7 m_kl_max=0.0290 mpc_ms=70.3/437 cand=0.000 w_ax@goal=-0.00 return=986.1 length=106 success_rate=1.00 collisions/ep=0.00 (n=18)
update=79 global_step=161792 SPS=4 m_ev=0.981 m_v_bias=8.1 m_kl_max=0.0089 mpc_ms=69.3/379 cand=0.000 w_ax@goal=+0.02 return=980.8 length=110 success_rate=1.00 collisions/ep=0.00 (n=20)
update=80 global_step=163840 SPS=4 m_ev=0.990 m_v_bias=-0.9 m_kl_max=0.0039 mpc_ms=69.3/1178 cand=0.000 w_ax@goal=+0.02 return=982.9 length=109 success_rate=1.00 collisions/ep=0.00 (n=19)
Evaluation at update 80: return=989.87, length=99.85, success_rate=1.00, collisions/ep=0.00
Solved-check at update 80: solved=False worst_gap=27.05 at p_x0=0.00 p_y0=0.00 (consecutive=0)
update=81 global_step=165888 SPS=4 m_ev=0.984 m_v_bias=5.9 m_kl_max=0.0234 mpc_ms=74.2/473 cand=0.000 w_ax@goal=+0.05 return=980.7 length=110 success_rate=1.00 collisions/ep=0.00 (n=16)
update=82 global_step=167936 SPS=4 m_ev=0.984 m_v_bias=0.5 m_kl_max=0.0075 mpc_ms=68.1/511 cand=0.000 w_ax@goal=-0.03 return=980.8 length=111 success_rate=1.00 collisions/ep=0.00 (n=20)
update=83 global_step=169984 SPS=5 m_ev=0.994 m_v_bias=-8.3 m_kl_max=0.0111 mpc_ms=69.6/371 cand=0.000 w_ax@goal=-0.06 return=983.0 length=108 success_rate=1.00 collisions/ep=0.00 (n=20)
update=84 global_step=172032 SPS=5 m_ev=0.983 m_v_bias=0.5 m_kl_max=0.0131 mpc_ms=72.7/487 cand=0.000 w_ax@goal=-0.03 return=982.8 length=107 success_rate=1.00 collisions/ep=0.00 (n=18)
update=85 global_step=174080 SPS=5 m_ev=0.983 m_v_bias=4.0 m_kl_max=0.0101 mpc_ms=67.9/480 cand=0.000 w_ax@goal=+0.09 return=984.4 length=106 success_rate=1.00 collisions/ep=0.00 (n=20)
Evaluation at update 85: return=989.86, length=99.85, success_rate=1.00, collisions/ep=0.00
Solved-check at update 85: solved=False worst_gap=27.04 at p_x0=0.00 p_y0=0.00 (consecutive=0)
update=86 global_step=176128 SPS=5 m_ev=0.993 m_v_bias=-5.6 m_kl_max=0.0139 mpc_ms=74.8/432 cand=0.000 w_ax@goal=-0.07 return=982.6 length=108 success_rate=1.00 collisions/ep=0.00 (n=18)
update=87 global_step=178176 SPS=5 m_ev=0.995 m_v_bias=-2.2 m_kl_max=0.0065 mpc_ms=65.3/344 cand=0.000 w_ax@goal=+0.00 return=986.7 length=104 success_rate=1.00 collisions/ep=0.00 (n=22)
update=88 global_step=180224 SPS=5 m_ev=0.974 m_v_bias=11.6 m_kl_max=0.0077 mpc_ms=75.8/393 cand=0.000 w_ax@goal=-0.07 return=982.0 length=109 success_rate=1.00 collisions/ep=0.00 (n=17)
update=89 global_step=182272 SPS=5 m_ev=0.991 m_v_bias=-8.4 m_kl_max=0.0072 mpc_ms=72.1/491 cand=0.000 w_ax@goal=+0.01 return=983.5 length=108 success_rate=1.00 collisions/ep=0.00 (n=20)
update=90 global_step=184320 SPS=5 m_ev=0.996 m_v_bias=-4.2 m_kl_max=0.0107 mpc_ms=69.5/530 cand=0.000 w_ax@goal=+0.03 return=984.6 length=106 success_rate=1.00 collisions/ep=0.00 (n=20)
Evaluation at update 90: return=990.42, length=99.30, success_rate=1.00, collisions/ep=0.00
Solved-check at update 90: solved=False worst_gap=26.04 at p_x0=0.00 p_y0=0.00 (consecutive=0)
update=91 global_step=186368 SPS=5 m_ev=0.995 m_v_bias=-3.5 m_kl_max=0.0032 mpc_ms=70.5/916 cand=0.000 w_ax@goal=-0.03 return=986.3 length=105 success_rate=1.00 collisions/ep=0.00 (n=18)
update=92 global_step=188416 SPS=5 m_ev=0.992 m_v_bias=2.3 m_kl_max=0.0049 mpc_ms=68.6/526 cand=0.000 w_ax@goal=+0.03 return=984.3 length=106 success_rate=1.00 collisions/ep=0.00 (n=19)
update=93 global_step=190464 SPS=5 m_ev=0.984 m_v_bias=0.9 m_kl_max=0.0050 mpc_ms=68.0/922 cand=0.000 w_ax@goal=+0.11 return=986.7 length=106 success_rate=1.00 collisions/ep=0.00 (n=19)
update=94 global_step=192512 SPS=5 m_ev=0.988 m_v_bias=0.7 m_kl_max=0.0103 mpc_ms=70.9/471 cand=0.000 w_ax@goal=-0.05 return=983.7 length=106 success_rate=1.00 collisions/ep=0.00 (n=22)
update=95 global_step=194560 SPS=5 m_ev=0.983 m_v_bias=1.6 m_kl_max=0.0035 mpc_ms=70.2/472 cand=0.000 w_ax@goal=-0.04 return=984.6 length=104 success_rate=1.00 collisions/ep=0.00 (n=18)
Evaluation at update 95: return=990.52, length=99.20, success_rate=1.00, collisions/ep=0.00
Solved-check at update 95: solved=False worst_gap=26.05 at p_x0=0.00 p_y0=0.00 (consecutive=0)
update=96 global_step=196608 SPS=5 m_ev=0.993 m_v_bias=0.3 m_kl_max=0.0031 mpc_ms=70.3/514 cand=0.000 w_ax@goal=-0.02 return=983.7 length=110 success_rate=1.00 collisions/ep=0.00 (n=19)
update=97 global_step=198656 SPS=5 m_ev=0.992 m_v_bias=-0.6 m_kl_max=0.0123 mpc_ms=73.7/413 cand=0.000 w_ax@goal=-0.04 return=984.2 length=107 success_rate=1.00 collisions/ep=0.00 (n=19)
update=98 global_step=200704 SPS=5 m_ev=0.992 m_v_bias=-0.5 m_kl_max=0.0115 mpc_ms=69.5/407 cand=0.000 w_ax@goal=-0.05 return=985.4 length=104 success_rate=1.00 collisions/ep=0.00 (n=20)
update=99 global_step=202752 SPS=5 m_ev=0.994 m_v_bias=-1.3 m_kl_max=0.0089 mpc_ms=68.1/531 cand=0.000 w_ax@goal=+0.00 return=986.2 length=107 success_rate=1.00 collisions/ep=0.00 (n=20)
update=100 global_step=204800 SPS=5 m_ev=0.993 m_v_bias=0.5 m_kl_max=0.0070 mpc_ms=97.4/933 cand=0.000 w_ax@goal=+0.03 return=986.2 length=104 success_rate=1.00 collisions/ep=0.00 (n=18)
Evaluation at update 100: return=990.81, length=98.90, success_rate=1.00, collisions/ep=0.00
Solved-check at update 100: solved=False worst_gap=26.05 at p_x0=0.00 p_y0=0.00 (consecutive=0)
update=101 global_step=206848 SPS=5 m_ev=0.994 m_v_bias=4.2 m_kl_max=0.0172 mpc_ms=149.5/1364 cand=0.000 w_ax@goal=+0.06 return=986.1 length=104 success_rate=1.00 collisions/ep=0.00 (n=20)
update=102 global_step=208896 SPS=5 m_ev=0.995 m_v_bias=-1.6 m_kl_max=0.0022 mpc_ms=147.3/1256 cand=0.000 w_ax@goal=-0.00 return=985.0 length=106 success_rate=1.00 collisions/ep=0.00 (n=20)
update=103 global_step=210944 SPS=5 m_ev=0.998 m_v_bias=-5.1 m_kl_max=0.0082 mpc_ms=155.3/1154 cand=0.000 w_ax@goal=+0.04 return=988.4 length=103 success_rate=1.00 collisions/ep=0.00 (n=19)
update=104 global_step=212992 SPS=5 m_ev=0.992 m_v_bias=1.4 m_kl_max=0.0129 mpc_ms=148.2/724 cand=0.000 w_ax@goal=-0.03 return=986.7 length=104 success_rate=1.00 collisions/ep=0.00 (n=22)
update=105 global_step=215040 SPS=5 m_ev=0.973 m_v_bias=10.2 m_kl_max=0.0077 mpc_ms=152.3/1068 cand=0.000 w_ax@goal=-0.03 return=982.6 length=109 success_rate=1.00 collisions/ep=0.00 (n=16)
Evaluation at update 105: return=990.91, length=98.80, success_rate=1.00, collisions/ep=0.00
Solved-check at update 105: solved=False worst_gap=26.05 at p_x0=0.00 p_y0=0.00 (consecutive=0)
update=106 global_step=217088 SPS=5 m_ev=0.989 m_v_bias=-5.1 m_kl_max=0.0070 mpc_ms=149.0/1110 cand=0.000 w_ax@goal=+0.05 return=984.2 length=105 success_rate=1.00 collisions/ep=0.00 (n=20)
update=107 global_step=219136 SPS=5 m_ev=0.977 m_v_bias=4.0 m_kl_max=0.0174 mpc_ms=159.4/818 cand=0.000 w_ax@goal=+0.05 return=982.3 length=106 success_rate=1.00 collisions/ep=0.00 (n=20)
update=108 global_step=221184 SPS=5 m_ev=0.976 m_v_bias=4.6 m_kl_max=0.0126 mpc_ms=154.0/1407 cand=0.000 w_ax@goal=-0.02 return=982.2 length=108 success_rate=1.00 collisions/ep=0.00 (n=20)
update=109 global_step=223232 SPS=5 m_ev=0.992 m_v_bias=-9.4 m_kl_max=0.0045 mpc_ms=89.7/622 cand=0.000 w_ax@goal=+0.02 return=985.7 length=108 success_rate=1.00 collisions/ep=0.00 (n=18)
update=110 global_step=225280 SPS=5 m_ev=0.993 m_v_bias=-1.4 m_kl_max=0.0127 mpc_ms=97.8/924 cand=0.000 w_ax@goal=-0.01 return=985.6 length=105 success_rate=1.00 collisions/ep=0.00 (n=20)
Evaluation at update 110: return=990.71, length=99.00, success_rate=1.00, collisions/ep=0.00
Solved-check at update 110: solved=False worst_gap=26.05 at p_x0=0.00 p_y0=0.00 (consecutive=0)
update=111 global_step=227328 SPS=5 m_ev=0.990 m_v_bias=2.2 m_kl_max=0.0028 mpc_ms=80.5/432 cand=0.000 w_ax@goal=-0.04 return=984.0 length=106 success_rate=1.00 collisions/ep=0.00 (n=20)
update=112 global_step=229376 SPS=5 m_ev=0.994 m_v_bias=-0.5 m_kl_max=0.0153 mpc_ms=83.4/441 cand=0.000 w_ax@goal=-0.05 return=987.1 length=104 success_rate=1.00 collisions/ep=0.00 (n=18)
update=113 global_step=231424 SPS=5 m_ev=0.986 m_v_bias=7.8 m_kl_max=0.0083 mpc_ms=91.8/655 cand=0.000 w_ax@goal=-0.05 return=984.4 length=108 success_rate=1.00 collisions/ep=0.00 (n=20)
update=114 global_step=233472 SPS=5 m_ev=0.982 m_v_bias=5.4 m_kl_max=0.0074 mpc_ms=87.4/513 cand=0.000 w_ax@goal=-0.01 return=983.8 length=108 success_rate=1.00 collisions/ep=0.00 (n=19)
update=115 global_step=235520 SPS=5 m_ev=0.986 m_v_bias=-4.3 m_kl_max=0.0087 mpc_ms=94.0/524 cand=0.000 w_ax@goal=+0.01 return=985.1 length=108 success_rate=1.00 collisions/ep=0.00 (n=18)
Evaluation at update 115: return=990.16, length=99.55, success_rate=1.00, collisions/ep=0.00
Solved-check at update 115: solved=False worst_gap=27.05 at p_x0=0.00 p_y0=0.00 (consecutive=0)
update=116 global_step=237568 SPS=5 m_ev=0.990 m_v_bias=3.7 m_kl_max=0.0114 mpc_ms=126.5/1778 cand=0.000 w_ax@goal=+0.03 return=983.3 length=107 success_rate=1.00 collisions/ep=0.00 (n=19)
update=117 global_step=239616 SPS=5 m_ev=0.990 m_v_bias=0.2 m_kl_max=0.0124 mpc_ms=81.7/541 cand=0.000 w_ax@goal=+0.01 return=983.8 length=107 success_rate=1.00 collisions/ep=0.00 (n=20)
update=118 global_step=241664 SPS=5 m_ev=0.989 m_v_bias=-1.7 m_kl_max=0.0190 mpc_ms=72.2/565 cand=0.000 w_ax@goal=+0.04 return=984.9 length=108 success_rate=1.00 collisions/ep=0.00 (n=18)
update=119 global_step=243712 SPS=5 m_ev=0.996 m_v_bias=-3.5 m_kl_max=0.0173 mpc_ms=71.0/545 cand=0.000 w_ax@goal=-0.01 return=986.9 length=103 success_rate=1.00 collisions/ep=0.00 (n=22)
update=120 global_step=245760 SPS=5 m_ev=0.996 m_v_bias=0.1 m_kl_max=0.0076 mpc_ms=72.3/417 cand=0.000 w_ax@goal=-0.00 return=986.9 length=103 success_rate=1.00 collisions/ep=0.00 (n=18)
Evaluation at update 120: return=990.62, length=99.10, success_rate=1.00, collisions/ep=0.00
Solved-check at update 120: solved=False worst_gap=26.05 at p_x0=0.00 p_y0=-0.50 (consecutive=0)
update=121 global_step=247808 SPS=5 m_ev=0.992 m_v_bias=4.0 m_kl_max=0.0176 mpc_ms=72.8/489 cand=0.000 w_ax@goal=+0.02 return=985.7 length=103 success_rate=1.00 collisions/ep=0.00 (n=21)
update=122 global_step=249856 SPS=5 m_ev=0.989 m_v_bias=0.2 m_kl_max=0.0035 mpc_ms=68.2/418 cand=0.000 w_ax@goal=+0.04 return=985.2 length=106 success_rate=1.00 collisions/ep=0.00 (n=19)
update=123 global_step=251904 SPS=5 m_ev=0.994 m_v_bias=-3.5 m_kl_max=0.0020 mpc_ms=69.2/486 cand=0.000 w_ax@goal=-0.01 return=986.7 length=104 success_rate=1.00 collisions/ep=0.00 (n=19)
update=124 global_step=253952 SPS=5 m_ev=0.993 m_v_bias=0.3 m_kl_max=0.0130 mpc_ms=68.1/543 cand=0.000 w_ax@goal=+0.04 return=986.1 length=105 success_rate=1.00 collisions/ep=0.00 (n=20)
update=125 global_step=256000 SPS=5 m_ev=0.991 m_v_bias=2.9 m_kl_max=0.0103 mpc_ms=72.8/426 cand=0.000 w_ax@goal=+0.03 return=984.5 length=108 success_rate=1.00 collisions/ep=0.00 (n=19)
Evaluation at update 125: return=990.67, length=99.05, success_rate=1.00, collisions/ep=0.00
Solved-check at update 125: solved=False worst_gap=26.04 at p_x0=0.00 p_y0=0.00 (consecutive=0)
update=126 global_step=258048 SPS=5 m_ev=0.994 m_v_bias=-4.0 m_kl_max=0.0065 mpc_ms=69.8/350 cand=0.000 w_ax@goal=+0.05 return=986.9 length=103 success_rate=1.00 collisions/ep=0.00 (n=20)
update=127 global_step=260096 SPS=5 m_ev=0.996 m_v_bias=-3.8 m_kl_max=0.0013 mpc_ms=71.8/440 cand=0.000 w_ax@goal=+0.01 return=987.3 length=102 success_rate=1.00 collisions/ep=0.00 (n=20)
update=128 global_step=262144 SPS=5 m_ev=0.979 m_v_bias=6.5 m_kl_max=0.0127 mpc_ms=72.0/542 cand=0.000 w_ax@goal=-0.01 return=983.3 length=108 success_rate=1.00 collisions/ep=0.00 (n=18)
update=129 global_step=264192 SPS=5 m_ev=0.984 m_v_bias=5.4 m_kl_max=0.0068 mpc_ms=70.5/441 cand=0.000 w_ax@goal=-0.09 return=985.0 length=105 success_rate=1.00 collisions/ep=0.00 (n=20)
update=130 global_step=266240 SPS=5 m_ev=0.995 m_v_bias=-2.5 m_kl_max=0.0109 mpc_ms=70.8/642 cand=0.000 w_ax@goal=-0.04 return=985.8 length=105 success_rate=1.00 collisions/ep=0.00 (n=19)
Evaluation at update 130: return=990.67, length=99.05, success_rate=1.00, collisions/ep=0.00
Solved-check at update 130: solved=False worst_gap=26.04 at p_x0=0.00 p_y0=0.00 (consecutive=0)
update=131 global_step=268288 SPS=5 m_ev=0.996 m_v_bias=-3.6 m_kl_max=0.0031 mpc_ms=69.2/470 cand=0.000 w_ax@goal=-0.03 return=986.3 length=105 success_rate=1.00 collisions/ep=0.00 (n=20)
update=132 global_step=270336 SPS=5 m_ev=0.991 m_v_bias=0.6 m_kl_max=0.0163 mpc_ms=71.8/498 cand=0.000 w_ax@goal=+0.00 return=985.8 length=107 success_rate=1.00 collisions/ep=0.00 (n=19)
update=133 global_step=272384 SPS=5 m_ev=0.990 m_v_bias=6.1 m_kl_max=0.0036 mpc_ms=68.1/528 cand=0.000 w_ax@goal=-0.04 return=985.4 length=106 success_rate=1.00 collisions/ep=0.00 (n=20)
update=134 global_step=274432 SPS=5 m_ev=0.993 m_v_bias=-4.2 m_kl_max=0.0112 mpc_ms=70.7/399 cand=0.000 w_ax@goal=-0.02 return=987.0 length=103 success_rate=1.00 collisions/ep=0.00 (n=20)
update=135 global_step=276480 SPS=5 m_ev=0.986 m_v_bias=-0.7 m_kl_max=0.0234 mpc_ms=67.2/494 cand=0.000 w_ax@goal=+0.02 return=984.3 length=106 success_rate=1.00 collisions/ep=0.00 (n=19)
Evaluation at update 135: return=990.16, length=99.55, success_rate=1.00, collisions/ep=0.00
Solved-check at update 135: solved=False worst_gap=27.05 at p_x0=0.00 p_y0=0.00 (consecutive=0)
update=136 global_step=278528 SPS=5 m_ev=0.993 m_v_bias=-4.4 m_kl_max=0.0070 mpc_ms=73.0/493 cand=0.000 w_ax@goal=+0.07 return=984.2 length=108 success_rate=1.00 collisions/ep=0.00 (n=18)
update=137 global_step=280576 SPS=5 m_ev=0.996 m_v_bias=-3.0 m_kl_max=0.0232 mpc_ms=66.7/448 cand=0.000 w_ax@goal=-0.06 return=986.9 length=103 success_rate=1.00 collisions/ep=0.00 (n=21)
update=138 global_step=282624 SPS=5 m_ev=0.990 m_v_bias=3.6 m_kl_max=0.0261 mpc_ms=68.4/537 cand=0.000 w_ax@goal=-0.01 return=986.3 length=106 success_rate=1.00 collisions/ep=0.00 (n=19)
update=139 global_step=284672 SPS=5 m_ev=0.996 m_v_bias=-2.0 m_kl_max=0.0073 mpc_ms=70.0/486 cand=0.000 w_ax@goal=+0.02 return=986.0 length=106 success_rate=1.00 collisions/ep=0.00 (n=20)
update=140 global_step=286720 SPS=5 m_ev=0.995 m_v_bias=-0.3 m_kl_max=0.0039 mpc_ms=69.5/408 cand=0.000 w_ax@goal=+0.04 return=987.7 length=103 success_rate=1.00 collisions/ep=0.00 (n=20)
Evaluation at update 140: return=990.66, length=99.05, success_rate=1.00, collisions/ep=0.00
Solved-check at update 140: solved=False worst_gap=26.05 at p_x0=0.00 p_y0=-0.50 (consecutive=0)
update=141 global_step=288768 SPS=5 m_ev=0.996 m_v_bias=-1.2 m_kl_max=0.0113 mpc_ms=71.7/435 cand=0.000 w_ax@goal=+0.00 return=987.0 length=103 success_rate=1.00 collisions/ep=0.00 (n=19)
update=142 global_step=290816 SPS=5 m_ev=0.988 m_v_bias=4.2 m_kl_max=0.0192 mpc_ms=71.2/428 cand=0.000 w_ax@goal=-0.02 return=986.6 length=103 success_rate=1.00 collisions/ep=0.00 (n=20)
update=143 global_step=292864 SPS=5 m_ev=0.995 m_v_bias=-0.9 m_kl_max=0.0042 mpc_ms=68.7/660 cand=0.000 w_ax@goal=-0.02 return=985.4 length=107 success_rate=1.00 collisions/ep=0.00 (n=19)
update=144 global_step=294912 SPS=5 m_ev=0.979 m_v_bias=6.2 m_kl_max=0.0057 mpc_ms=72.8/402 cand=0.000 w_ax@goal=-0.06 return=984.5 length=105 success_rate=1.00 collisions/ep=0.00 (n=19)
update=145 global_step=296960 SPS=6 m_ev=0.993 m_v_bias=-5.8 m_kl_max=0.0127 mpc_ms=72.1/456 cand=0.000 w_ax@goal=+0.00 return=985.0 length=107 success_rate=1.00 collisions/ep=0.00 (n=19)
Evaluation at update 145: return=990.82, length=98.90, success_rate=1.00, collisions/ep=0.00
Solved-check at update 145: solved=False worst_gap=26.05 at p_x0=0.00 p_y0=0.00 (consecutive=0)
update=146 global_step=299008 SPS=5 m_ev=0.993 m_v_bias=-0.3 m_kl_max=0.0206 mpc_ms=72.7/432 cand=0.000 w_ax@goal=+0.06 return=986.1 length=104 success_rate=1.00 collisions/ep=0.00 (n=22)
update=147 global_step=301056 SPS=6 m_ev=0.986 m_v_bias=1.6 m_kl_max=0.0147 mpc_ms=70.6/630 cand=0.000 w_ax@goal=+0.02 return=984.2 length=109 success_rate=1.00 collisions/ep=0.00 (n=17)
update=148 global_step=303104 SPS=6 m_ev=0.997 m_v_bias=-4.7 m_kl_max=0.0090 mpc_ms=67.3/425 cand=0.000 w_ax@goal=+0.02 return=986.9 length=103 success_rate=1.00 collisions/ep=0.00 (n=20)
update=149 global_step=305152 SPS=6 m_ev=0.998 m_v_bias=-2.6 m_kl_max=0.0162 mpc_ms=67.6/529 cand=0.000 w_ax@goal=-0.08 return=986.6 length=104 success_rate=1.00 collisions/ep=0.00 (n=20)
update=150 global_step=307200 SPS=6 m_ev=0.998 m_v_bias=-0.4 m_kl_max=0.0156 mpc_ms=69.5/528 cand=0.000 w_ax@goal=+0.00 return=987.9 length=104 success_rate=1.00 collisions/ep=0.00 (n=20)
Evaluation at update 150: return=990.62, length=99.10, success_rate=1.00, collisions/ep=0.00
Solved-check at update 150: solved=False worst_gap=26.05 at p_x0=0.00 p_y0=-0.50 (consecutive=0)
update=151 global_step=309248 SPS=6 m_ev=0.994 m_v_bias=3.6 m_kl_max=0.0021 mpc_ms=69.9/606 cand=0.000 w_ax@goal=-0.02 return=987.1 length=103 success_rate=1.00 collisions/ep=0.00 (n=20)
update=152 global_step=311296 SPS=6 m_ev=0.998 m_v_bias=-1.4 m_kl_max=0.0050 mpc_ms=70.7/518 cand=0.000 w_ax@goal=-0.07 return=987.7 length=105 success_rate=1.00 collisions/ep=0.00 (n=19)
update=153 global_step=313344 SPS=6 m_ev=0.997 m_v_bias=1.6 m_kl_max=0.0092 mpc_ms=70.9/549 cand=0.000 w_ax@goal=+0.00 return=988.0 length=101 success_rate=1.00 collisions/ep=0.00 (n=21)
update=154 global_step=315392 SPS=6 m_ev=0.996 m_v_bias=2.1 m_kl_max=0.0032 mpc_ms=73.5/429 cand=0.000 w_ax@goal=-0.00 return=987.4 length=101 success_rate=1.00 collisions/ep=0.00 (n=19)
update=155 global_step=317440 SPS=6 m_ev=0.984 m_v_bias=5.9 m_kl_max=0.0178 mpc_ms=72.3/607 cand=0.000 w_ax@goal=-0.01 return=985.6 length=105 success_rate=1.00 collisions/ep=0.00 (n=20)
Evaluation at update 155: return=990.57, length=99.15, success_rate=1.00, collisions/ep=0.00
Solved-check at update 155: solved=False worst_gap=26.05 at p_x0=0.00 p_y0=0.00 (consecutive=0)
update=156 global_step=319488 SPS=6 m_ev=0.989 m_v_bias=-4.0 m_kl_max=0.0079 mpc_ms=69.1/631 cand=0.000 w_ax@goal=+0.04 return=985.7 length=106 success_rate=1.00 collisions/ep=0.00 (n=20)
update=157 global_step=321536 SPS=6 m_ev=0.994 m_v_bias=-1.7 m_kl_max=0.0043 mpc_ms=73.3/784 cand=0.000 w_ax@goal=+0.01 return=986.5 length=105 success_rate=1.00 collisions/ep=0.00 (n=18)
update=158 global_step=323584 SPS=6 m_ev=0.993 m_v_bias=3.1 m_kl_max=0.0108 mpc_ms=67.6/419 cand=0.000 w_ax@goal=+0.04 return=986.2 length=103 success_rate=1.00 collisions/ep=0.00 (n=21)
update=159 global_step=325632 SPS=6 m_ev=0.997 m_v_bias=0.6 m_kl_max=0.0073 mpc_ms=67.2/512 cand=0.000 w_ax@goal=+0.01 return=986.9 length=107 success_rate=1.00 collisions/ep=0.00 (n=19)
update=160 global_step=327680 SPS=6 m_ev=0.993 m_v_bias=0.4 m_kl_max=0.0087 mpc_ms=67.9/742 cand=0.000 w_ax@goal=-0.01 return=986.6 length=104 success_rate=1.00 collisions/ep=0.00 (n=22)
Evaluation at update 160: return=990.67, length=99.05, success_rate=1.00, collisions/ep=0.00
Solved-check at update 160: solved=False worst_gap=26.04 at p_x0=0.00 p_y0=0.00 (consecutive=0)
update=161 global_step=329728 SPS=6 m_ev=0.993 m_v_bias=-2.0 m_kl_max=0.0081 mpc_ms=72.5/716 cand=0.000 w_ax@goal=-0.06 return=985.8 length=106 success_rate=1.00 collisions/ep=0.00 (n=17)
update=162 global_step=331776 SPS=6 m_ev=0.991 m_v_bias=-2.8 m_kl_max=0.0028 mpc_ms=66.6/685 cand=0.000 w_ax@goal=+0.02 return=986.9 length=104 success_rate=1.00 collisions/ep=0.00 (n=21)
update=163 global_step=333824 SPS=6 m_ev=0.989 m_v_bias=1.3 m_kl_max=0.0044 mpc_ms=70.8/430 cand=0.000 w_ax@goal=+0.02 return=987.1 length=105 success_rate=1.00 collisions/ep=0.00 (n=18)
update=164 global_step=335872 SPS=6 m_ev=0.997 m_v_bias=-0.5 m_kl_max=0.0191 mpc_ms=70.3/651 cand=0.000 w_ax@goal=-0.03 return=986.2 length=105 success_rate=1.00 collisions/ep=0.00 (n=19)
update=165 global_step=337920 SPS=6 m_ev=0.995 m_v_bias=0.4 m_kl_max=0.0089 mpc_ms=66.7/846 cand=0.000 w_ax@goal=+0.02 return=988.9 length=101 success_rate=1.00 collisions/ep=0.00 (n=21)
Evaluation at update 165: return=990.77, length=98.95, success_rate=1.00, collisions/ep=0.00
Solved-check at update 165: solved=False worst_gap=26.04 at p_x0=0.00 p_y0=0.00 (consecutive=0)
update=166 global_step=339968 SPS=6 m_ev=0.995 m_v_bias=-2.1 m_kl_max=0.0025 mpc_ms=72.0/595 cand=0.000 w_ax@goal=-0.02 return=986.9 length=103 success_rate=1.00 collisions/ep=0.00 (n=20)
update=167 global_step=342016 SPS=6 m_ev=0.996 m_v_bias=0.6 m_kl_max=0.0054 mpc_ms=69.0/413 cand=0.000 w_ax@goal=-0.04 return=988.3 length=104 success_rate=1.00 collisions/ep=0.00 (n=20)
update=168 global_step=344064 SPS=6 m_ev=0.998 m_v_bias=2.2 m_kl_max=0.0126 mpc_ms=70.8/632 cand=0.000 w_ax@goal=-0.02 return=986.9 length=102 success_rate=1.00 collisions/ep=0.00 (n=20)
update=169 global_step=346112 SPS=6 m_ev=0.994 m_v_bias=2.1 m_kl_max=0.0035 mpc_ms=72.3/459 cand=0.000 w_ax@goal=-0.05 return=985.7 length=106 success_rate=1.00 collisions/ep=0.00 (n=20)
update=170 global_step=348160 SPS=6 m_ev=0.998 m_v_bias=-4.8 m_kl_max=0.0047 mpc_ms=68.0/591 cand=0.000 w_ax@goal=+0.03 return=988.6 length=103 success_rate=1.00 collisions/ep=0.00 (n=19)
Evaluation at update 170: return=990.82, length=98.90, success_rate=1.00, collisions/ep=0.00
Solved-check at update 170: solved=False worst_gap=26.05 at p_x0=0.00 p_y0=0.00 (consecutive=0)
update=171 global_step=350208 SPS=6 m_ev=0.989 m_v_bias=1.5 m_kl_max=0.0093 mpc_ms=84.5/855 cand=0.000 w_ax@goal=-0.05 return=986.3 length=106 success_rate=1.00 collisions/ep=0.00 (n=19)
update=172 global_step=352256 SPS=6 m_ev=0.992 m_v_bias=-0.5 m_kl_max=0.0082 mpc_ms=149.0/1001 cand=0.000 w_ax@goal=+0.02 return=986.9 length=104 success_rate=1.00 collisions/ep=0.00 (n=20)
update=173 global_step=354304 SPS=6 m_ev=0.998 m_v_bias=-2.6 m_kl_max=0.0110 mpc_ms=145.9/1397 cand=0.000 w_ax@goal=-0.00 return=987.8 length=105 success_rate=1.00 collisions/ep=0.00 (n=20)
update=174 global_step=356352 SPS=6 m_ev=0.994 m_v_bias=-0.7 m_kl_max=0.0043 mpc_ms=145.7/1033 cand=0.000 w_ax@goal=-0.04 return=987.1 length=105 success_rate=1.00 collisions/ep=0.00 (n=19)
update=175 global_step=358400 SPS=6 m_ev=0.986 m_v_bias=2.6 m_kl_max=0.0196 mpc_ms=139.7/826 cand=0.000 w_ax@goal=+0.03 return=987.7 length=104 success_rate=1.00 collisions/ep=0.00 (n=20)
Evaluation at update 175: return=990.82, length=98.90, success_rate=1.00, collisions/ep=0.00
Solved-check at update 175: solved=False worst_gap=26.05 at p_x0=0.00 p_y0=0.00 (consecutive=0)
update=176 global_step=360448 SPS=6 m_ev=0.997 m_v_bias=-0.9 m_kl_max=0.0066 mpc_ms=70.9/421 cand=0.000 w_ax@goal=-0.03 return=987.7 length=104 success_rate=1.00 collisions/ep=0.00 (n=20)
update=177 global_step=362496 SPS=6 m_ev=0.998 m_v_bias=-1.5 m_kl_max=0.0062 mpc_ms=67.6/402 cand=0.000 w_ax@goal=-0.06 return=988.0 length=104 success_rate=1.00 collisions/ep=0.00 (n=19)
update=178 global_step=364544 SPS=6 m_ev=0.993 m_v_bias=3.3 m_kl_max=0.0089 mpc_ms=68.0/472 cand=0.000 w_ax@goal=-0.04 return=986.8 length=105 success_rate=1.00 collisions/ep=0.00 (n=19)
update=179 global_step=366592 SPS=6 m_ev=0.998 m_v_bias=-1.7 m_kl_max=0.0069 mpc_ms=65.6/377 cand=0.000 w_ax@goal=-0.00 return=988.9 length=104 success_rate=1.00 collisions/ep=0.00 (n=21)
update=180 global_step=368640 SPS=6 m_ev=0.999 m_v_bias=0.2 m_kl_max=0.0070 mpc_ms=68.2/502 cand=0.000 w_ax@goal=-0.07 return=988.3 length=102 success_rate=1.00 collisions/ep=0.00 (n=20)
Evaluation at update 180: return=990.76, length=98.95, success_rate=1.00, collisions/ep=0.00
Solved-check at update 180: solved=False worst_gap=26.05 at p_x0=0.00 p_y0=0.00 (consecutive=0)
update=181 global_step=370688 SPS=6 m_ev=0.995 m_v_bias=2.9 m_kl_max=0.0120 mpc_ms=69.9/495 cand=0.000 w_ax@goal=-0.05 return=986.9 length=105 success_rate=1.00 collisions/ep=0.00 (n=19)
update=182 global_step=372736 SPS=6 m_ev=0.996 m_v_bias=-0.1 m_kl_max=0.0039 mpc_ms=72.5/427 cand=0.000 w_ax@goal=-0.02 return=988.0 length=102 success_rate=1.00 collisions/ep=0.00 (n=20)
update=183 global_step=374784 SPS=6 m_ev=0.990 m_v_bias=3.5 m_kl_max=0.0190 mpc_ms=71.1/481 cand=0.000 w_ax@goal=+0.03 return=987.5 length=103 success_rate=1.00 collisions/ep=0.00 (n=21)
update=184 global_step=376832 SPS=6 m_ev=0.996 m_v_bias=-0.7 m_kl_max=0.0117 mpc_ms=68.1/1008 cand=0.000 w_ax@goal=+0.04 return=986.8 length=107 success_rate=1.00 collisions/ep=0.00 (n=19)
update=185 global_step=378880 SPS=6 m_ev=0.996 m_v_bias=-2.5 m_kl_max=0.0050 mpc_ms=69.2/461 cand=0.000 w_ax@goal=-0.02 return=987.6 length=102 success_rate=1.00 collisions/ep=0.00 (n=21)
Evaluation at update 185: return=990.97, length=98.75, success_rate=1.00, collisions/ep=0.00
Solved-check at update 185: solved=False worst_gap=25.05 at p_x0=0.00 p_y0=0.00 (consecutive=0)
update=186 global_step=380928 SPS=6 m_ev=0.990 m_v_bias=3.6 m_kl_max=0.0182 mpc_ms=71.7/445 cand=0.000 w_ax@goal=+0.05 return=987.2 length=105 success_rate=1.00 collisions/ep=0.00 (n=18)
update=187 global_step=382976 SPS=6 m_ev=0.997 m_v_bias=-1.7 m_kl_max=0.0073 mpc_ms=68.7/497 cand=0.000 w_ax@goal=-0.08 return=986.9 length=104 success_rate=1.00 collisions/ep=0.00 (n=21)
update=188 global_step=385024 SPS=6 m_ev=0.993 m_v_bias=-0.8 m_kl_max=0.0139 mpc_ms=71.4/381 cand=0.000 w_ax@goal=+0.06 return=987.4 length=103 success_rate=1.00 collisions/ep=0.00 (n=18)
update=189 global_step=387072 SPS=6 m_ev=0.998 m_v_bias=0.3 m_kl_max=0.0031 mpc_ms=68.8/788 cand=0.000 w_ax@goal=-0.01 return=988.4 length=102 success_rate=1.00 collisions/ep=0.00 (n=22)
update=190 global_step=389120 SPS=6 m_ev=0.997 m_v_bias=3.3 m_kl_max=0.0097 mpc_ms=70.8/439 cand=0.000 w_ax@goal=+0.03 return=987.3 length=104 success_rate=1.00 collisions/ep=0.00 (n=18)
Evaluation at update 190: return=990.97, length=98.75, success_rate=1.00, collisions/ep=0.00
Solved-check at update 190: solved=False worst_gap=25.05 at p_x0=0.00 p_y0=0.00 (consecutive=0)
update=191 global_step=391168 SPS=6 m_ev=0.985 m_v_bias=4.7 m_kl_max=0.0076 mpc_ms=73.5/428 cand=0.000 w_ax@goal=-0.01 return=988.7 length=101 success_rate=1.00 collisions/ep=0.00 (n=19)
update=192 global_step=393216 SPS=6 m_ev=0.995 m_v_bias=-2.7 m_kl_max=0.0096 mpc_ms=71.8/440 cand=0.000 w_ax@goal=+0.02 return=985.5 length=105 success_rate=1.00 collisions/ep=0.00 (n=21)
update=193 global_step=395264 SPS=6 m_ev=0.995 m_v_bias=-3.1 m_kl_max=0.0067 mpc_ms=68.0/408 cand=0.000 w_ax@goal=-0.02 return=987.5 length=105 success_rate=1.00 collisions/ep=0.00 (n=21)
update=194 global_step=397312 SPS=6 m_ev=0.998 m_v_bias=-2.1 m_kl_max=0.0115 mpc_ms=67.9/583 cand=0.000 w_ax@goal=-0.01 return=988.3 length=104 success_rate=1.00 collisions/ep=0.00 (n=18)
update=195 global_step=399360 SPS=6 m_ev=0.999 m_v_bias=-2.8 m_kl_max=0.0106 mpc_ms=68.9/398 cand=0.000 w_ax@goal=-0.05 return=990.4 length=101 success_rate=1.00 collisions/ep=0.00 (n=21)
Evaluation at update 195: return=991.12, length=98.60, success_rate=1.00, collisions/ep=0.00
Solved-check at update 195: solved=False worst_gap=25.05 at p_x0=0.00 p_y0=0.00 (consecutive=0)
update=196 global_step=401408 SPS=6 m_ev=0.993 m_v_bias=5.0 m_kl_max=0.0284 mpc_ms=70.9/558 cand=0.000 w_ax@goal=-0.06 return=987.5 length=102 success_rate=1.00 collisions/ep=0.00 (n=20)
update=197 global_step=403456 SPS=6 m_ev=0.996 m_v_bias=-2.0 m_kl_max=0.0016 mpc_ms=72.5/478 cand=0.000 w_ax@goal=+0.09 return=988.3 length=102 success_rate=1.00 collisions/ep=0.00 (n=19)
update=198 global_step=405504 SPS=6 m_ev=0.994 m_v_bias=0.7 m_kl_max=0.0118 mpc_ms=71.4/478 cand=0.000 w_ax@goal=-0.00 return=989.3 length=102 success_rate=1.00 collisions/ep=0.00 (n=22)
update=199 global_step=407552 SPS=6 m_ev=0.997 m_v_bias=-1.3 m_kl_max=0.0020 mpc_ms=73.3/567 cand=0.000 w_ax@goal=+0.02 return=986.4 length=104 success_rate=1.00 collisions/ep=0.00 (n=17)
update=200 global_step=409600 SPS=6 m_ev=0.994 m_v_bias=0.4 m_kl_max=0.0145 mpc_ms=69.1/563 cand=0.000 w_ax@goal=+0.01 return=986.8 length=105 success_rate=1.00 collisions/ep=0.00 (n=21)
Evaluation at update 200: return=991.17, length=98.55, success_rate=1.00, collisions/ep=0.00
Solved-check at update 200: solved=False worst_gap=25.05 at p_x0=0.00 p_y0=0.00 (consecutive=0)
update=201 global_step=411648 SPS=6 m_ev=0.993 m_v_bias=1.0 m_kl_max=0.0034 mpc_ms=70.6/416 cand=0.000 w_ax@goal=-0.02 return=986.4 length=107 success_rate=1.00 collisions/ep=0.00 (n=19)
update=202 global_step=413696 SPS=6 m_ev=0.998 m_v_bias=-5.1 m_kl_max=0.0101 mpc_ms=69.5/366 cand=0.000 w_ax@goal=+0.02 return=989.2 length=102 success_rate=1.00 collisions/ep=0.00 (n=22)
update=203 global_step=415744 SPS=6 m_ev=0.994 m_v_bias=3.2 m_kl_max=0.0117 mpc_ms=69.6/361 cand=0.000 w_ax@goal=-0.04 return=988.7 length=100 success_rate=1.00 collisions/ep=0.00 (n=19)
update=204 global_step=417792 SPS=6 m_ev=0.998 m_v_bias=-2.5 m_kl_max=0.0045 mpc_ms=68.6/362 cand=0.000 w_ax@goal=-0.05 return=989.5 length=103 success_rate=1.00 collisions/ep=0.00 (n=19)
update=205 global_step=419840 SPS=6 m_ev=0.998 m_v_bias=-2.7 m_kl_max=0.0131 mpc_ms=69.8/529 cand=0.000 w_ax@goal=-0.02 return=988.9 length=102 success_rate=1.00 collisions/ep=0.00 (n=20)
Evaluation at update 205: return=991.42, length=98.30, success_rate=1.00, collisions/ep=0.00
Solved-check at update 205: solved=False worst_gap=25.05 at p_x0=0.00 p_y0=0.00 (consecutive=0)
update=206 global_step=421888 SPS=6 m_ev=0.993 m_v_bias=4.6 m_kl_max=0.0168 mpc_ms=71.4/555 cand=0.000 w_ax@goal=-0.03 return=986.3 length=106 success_rate=1.00 collisions/ep=0.00 (n=21)
update=207 global_step=423936 SPS=6 m_ev=0.980 m_v_bias=6.7 m_kl_max=0.0099 mpc_ms=71.7/519 cand=0.000 w_ax@goal=+0.01 return=985.5 length=104 success_rate=1.00 collisions/ep=0.00 (n=19)
update=208 global_step=425984 SPS=6 m_ev=0.997 m_v_bias=-6.0 m_kl_max=0.0061 mpc_ms=69.4/412 cand=0.000 w_ax@goal=+0.02 return=989.4 length=103 success_rate=1.00 collisions/ep=0.00 (n=20)
update=209 global_step=428032 SPS=6 m_ev=0.985 m_v_bias=9.9 m_kl_max=0.0179 mpc_ms=71.8/638 cand=0.000 w_ax@goal=+0.02 return=986.8 length=103 success_rate=1.00 collisions/ep=0.00 (n=20)
update=210 global_step=430080 SPS=6 m_ev=0.985 m_v_bias=-0.9 m_kl_max=0.0120 mpc_ms=70.7/457 cand=0.000 w_ax@goal=-0.01 return=988.5 length=100 success_rate=1.00 collisions/ep=0.00 (n=20)
Evaluation at update 210: return=991.37, length=98.35, success_rate=1.00, collisions/ep=0.00
Solved-check at update 210: solved=False worst_gap=25.05 at p_x0=0.00 p_y0=0.00 (consecutive=0)
update=211 global_step=432128 SPS=6 m_ev=0.993 m_v_bias=-3.2 m_kl_max=0.0068 mpc_ms=72.8/406 cand=0.000 w_ax@goal=+0.03 return=988.2 length=104 success_rate=1.00 collisions/ep=0.00 (n=18)
update=212 global_step=434176 SPS=6 m_ev=0.995 m_v_bias=3.8 m_kl_max=0.0089 mpc_ms=70.8/421 cand=0.000 w_ax@goal=-0.02 return=988.1 length=103 success_rate=1.00 collisions/ep=0.00 (n=23)
update=213 global_step=436224 SPS=6 m_ev=0.993 m_v_bias=-0.7 m_kl_max=0.0239 mpc_ms=72.0/557 cand=0.000 w_ax@goal=-0.02 return=987.7 length=105 success_rate=1.00 collisions/ep=0.00 (n=17)
update=214 global_step=438272 SPS=6 m_ev=0.995 m_v_bias=-5.4 m_kl_max=0.0040 mpc_ms=67.8/677 cand=0.000 w_ax@goal=-0.02 return=987.9 length=102 success_rate=1.00 collisions/ep=0.00 (n=21)
update=215 global_step=440320 SPS=6 m_ev=0.993 m_v_bias=1.8 m_kl_max=0.0181 mpc_ms=75.5/653 cand=0.000 w_ax@goal=+0.01 return=987.2 length=104 success_rate=1.00 collisions/ep=0.00 (n=19)
Evaluation at update 215: return=991.17, length=98.55, success_rate=1.00, collisions/ep=0.00
Solved-check at update 215: solved=False worst_gap=25.05 at p_x0=0.00 p_y0=0.00 (consecutive=0)
update=216 global_step=442368 SPS=6 m_ev=0.997 m_v_bias=-4.1 m_kl_max=0.0190 mpc_ms=69.5/761 cand=0.000 w_ax@goal=-0.04 return=988.7 length=102 success_rate=1.00 collisions/ep=0.00 (n=21)
update=217 global_step=444416 SPS=6 m_ev=0.997 m_v_bias=2.6 m_kl_max=0.0014 mpc_ms=69.7/487 cand=0.000 w_ax@goal=+0.10 return=989.0 length=102 success_rate=1.00 collisions/ep=0.00 (n=20)
update=218 global_step=446464 SPS=6 m_ev=0.995 m_v_bias=-0.9 m_kl_max=0.0315 mpc_ms=69.0/541 cand=0.000 w_ax@goal=-0.02 return=988.1 length=103 success_rate=1.00 collisions/ep=0.00 (n=20)
update=219 global_step=448512 SPS=6 m_ev=0.995 m_v_bias=1.6 m_kl_max=0.0168 mpc_ms=73.5/514 cand=0.000 w_ax@goal=-0.05 return=987.9 length=102 success_rate=1.00 collisions/ep=0.00 (n=20)
update=220 global_step=450560 SPS=6 m_ev=0.997 m_v_bias=-4.0 m_kl_max=0.0066 mpc_ms=67.8/443 cand=0.000 w_ax@goal=+0.00 return=989.0 length=101 success_rate=1.00 collisions/ep=0.00 (n=19)
Evaluation at update 220: return=990.92, length=98.80, success_rate=1.00, collisions/ep=0.00
Solved-check at update 220: solved=False worst_gap=26.04 at p_x0=0.00 p_y0=0.00 (consecutive=0)
update=221 global_step=452608 SPS=6 m_ev=0.993 m_v_bias=5.2 m_kl_max=0.0175 mpc_ms=69.6/475 cand=0.000 w_ax@goal=+0.01 return=987.7 length=105 success_rate=1.00 collisions/ep=0.00 (n=20)
update=222 global_step=454656 SPS=6 m_ev=0.986 m_v_bias=-0.8 m_kl_max=0.0076 mpc_ms=68.8/470 cand=0.000 w_ax@goal=-0.06 return=985.7 length=104 success_rate=1.00 collisions/ep=0.00 (n=20)
update=223 global_step=456704 SPS=6 m_ev=0.997 m_v_bias=-6.6 m_kl_max=0.0150 mpc_ms=71.8/416 cand=0.000 w_ax@goal=-0.06 return=988.2 length=106 success_rate=1.00 collisions/ep=0.00 (n=18)
update=224 global_step=458752 SPS=6 m_ev=0.997 m_v_bias=1.4 m_kl_max=0.0119 mpc_ms=66.5/528 cand=0.000 w_ax@goal=+0.02 return=988.1 length=103 success_rate=1.00 collisions/ep=0.00 (n=22)
update=225 global_step=460800 SPS=6 m_ev=0.995 m_v_bias=1.6 m_kl_max=0.0076 mpc_ms=72.7/395 cand=0.000 w_ax@goal=+0.04 return=988.1 length=101 success_rate=1.00 collisions/ep=0.00 (n=18)
Evaluation at update 225: return=991.02, length=98.70, success_rate=1.00, collisions/ep=0.00
Solved-check at update 225: solved=False worst_gap=25.05 at p_x0=0.00 p_y0=0.00 (consecutive=0)
update=226 global_step=462848 SPS=6 m_ev=0.996 m_v_bias=-1.2 m_kl_max=0.0082 mpc_ms=67.6/406 cand=0.000 w_ax@goal=-0.03 return=987.6 length=102 success_rate=1.00 collisions/ep=0.00 (n=23)
update=227 global_step=464896 SPS=6 m_ev=0.998 m_v_bias=-1.9 m_kl_max=0.0086 mpc_ms=72.2/438 cand=0.000 w_ax@goal=-0.04 return=989.1 length=102 success_rate=1.00 collisions/ep=0.00 (n=17)
update=228 global_step=466944 SPS=6 m_ev=0.992 m_v_bias=7.3 m_kl_max=0.0086 mpc_ms=71.2/592 cand=0.000 w_ax@goal=+0.03 return=988.0 length=103 success_rate=1.00 collisions/ep=0.00 (n=21)
update=229 global_step=468992 SPS=6 m_ev=0.990 m_v_bias=-1.5 m_kl_max=0.0073 mpc_ms=69.3/412 cand=0.000 w_ax@goal=+0.04 return=985.0 length=106 success_rate=1.00 collisions/ep=0.00 (n=20)
update=230 global_step=471040 SPS=6 m_ev=0.996 m_v_bias=-7.8 m_kl_max=0.0033 mpc_ms=72.7/540 cand=0.000 w_ax@goal=-0.01 return=988.3 length=103 success_rate=1.00 collisions/ep=0.00 (n=20)
Evaluation at update 230: return=991.17, length=98.55, success_rate=1.00, collisions/ep=0.00
Solved-check at update 230: solved=False worst_gap=25.05 at p_x0=0.00 p_y0=0.00 (consecutive=0)
update=231 global_step=473088 SPS=6 m_ev=0.998 m_v_bias=-2.0 m_kl_max=0.0112 mpc_ms=73.1/720 cand=0.000 w_ax@goal=+0.02 return=988.7 length=100 success_rate=1.00 collisions/ep=0.00 (n=21)
update=232 global_step=475136 SPS=6 m_ev=0.993 m_v_bias=2.7 m_kl_max=0.0133 mpc_ms=69.8/395 cand=0.000 w_ax@goal=-0.03 return=987.3 length=106 success_rate=1.00 collisions/ep=0.00 (n=19)
update=233 global_step=477184 SPS=6 m_ev=0.996 m_v_bias=3.4 m_kl_max=0.0068 mpc_ms=73.0/449 cand=0.000 w_ax@goal=+0.00 return=987.0 length=106 success_rate=1.00 collisions/ep=0.00 (n=18)
update=234 global_step=479232 SPS=6 m_ev=0.998 m_v_bias=-3.9 m_kl_max=0.0031 mpc_ms=69.3/436 cand=0.000 w_ax@goal=-0.01 return=988.8 length=103 success_rate=1.00 collisions/ep=0.00 (n=22)
update=235 global_step=481280 SPS=6 m_ev=0.998 m_v_bias=-0.5 m_kl_max=0.0027 mpc_ms=71.0/421 cand=0.000 w_ax@goal=+0.01 return=988.0 length=102 success_rate=1.00 collisions/ep=0.00 (n=19)
Evaluation at update 235: return=991.17, length=98.55, success_rate=1.00, collisions/ep=0.00
Solved-check at update 235: solved=False worst_gap=25.05 at p_x0=0.00 p_y0=0.00 (consecutive=0)
update=236 global_step=483328 SPS=6 m_ev=0.993 m_v_bias=1.1 m_kl_max=0.0146 mpc_ms=74.1/447 cand=0.000 w_ax@goal=-0.02 return=988.3 length=102 success_rate=1.00 collisions/ep=0.00 (n=20)
update=237 global_step=485376 SPS=6 m_ev=0.995 m_v_bias=1.7 m_kl_max=0.0155 mpc_ms=68.4/401 cand=0.000 w_ax@goal=+0.03 return=988.5 length=103 success_rate=1.00 collisions/ep=0.00 (n=20)
update=238 global_step=487424 SPS=7 m_ev=0.994 m_v_bias=0.2 m_kl_max=0.0130 mpc_ms=74.2/387 cand=0.000 w_ax@goal=+0.06 return=986.3 length=104 success_rate=1.00 collisions/ep=0.00 (n=20)
update=239 global_step=489472 SPS=7 m_ev=0.999 m_v_bias=-3.3 m_kl_max=0.0082 mpc_ms=69.1/504 cand=0.000 w_ax@goal=+0.00 return=989.6 length=101 success_rate=1.00 collisions/ep=0.00 (n=20)
update=240 global_step=491520 SPS=7 m_ev=0.999 m_v_bias=0.9 m_kl_max=0.0109 mpc_ms=70.8/357 cand=0.000 w_ax@goal=-0.00 return=989.5 length=102 success_rate=1.00 collisions/ep=0.00 (n=19)
Evaluation at update 240: return=991.22, length=98.50, success_rate=1.00, collisions/ep=0.00
Solved-check at update 240: solved=False worst_gap=25.05 at p_x0=0.00 p_y0=0.00 (consecutive=0)
update=241 global_step=493568 SPS=7 m_ev=0.996 m_v_bias=1.9 m_kl_max=0.0142 mpc_ms=75.1/510 cand=0.000 w_ax@goal=+0.03 return=988.6 length=101 success_rate=1.00 collisions/ep=0.00 (n=22)
update=242 global_step=495616 SPS=7 m_ev=0.995 m_v_bias=1.0 m_kl_max=0.0160 mpc_ms=64.0/459 cand=0.000 w_ax@goal=-0.03 return=988.1 length=102 success_rate=1.00 collisions/ep=0.00 (n=19)
update=243 global_step=497664 SPS=7 m_ev=0.997 m_v_bias=0.0 m_kl_max=0.0128 mpc_ms=43.6/382 cand=0.000 w_ax@goal=+0.01 return=989.5 length=100 success_rate=1.00 collisions/ep=0.00 (n=20)
update=244 global_step=499712 SPS=7 m_ev=0.995 m_v_bias=2.7 m_kl_max=0.0189 mpc_ms=41.9/278 cand=0.000 w_ax@goal=+0.03 return=988.8 length=102 success_rate=1.00 collisions/ep=0.00 (n=21)
Saved checkpoints to C:\Users\loren\Desktop\MASTER THESIS\5_CODE\scenarios\slalom\studies\disturbed_0.01_0.1\ppo_mpc\runs\ppo_mpc_slalom_1_1791168784
